2026-02-12 13:08:13,751 - ADV_Generation_eps_0.0_steps_100_Added_Noise_gaussian_Sigma_0.06_Tau_Type_noisy_num_anchors_10 - INFO - ==========================================
data:/leonardo_work/EUHPC_R04_192/fmohamma/Adversarial_Robust_Clip/atpt_data/downstream_datasets
test_sets:Flower102
dataset_mode:test
arch:delta_clip_l14_224
resolution:224
transferability:False
source_model:fare4
workers:4
no_pin_memory:False
batch_size:1
adv_bs:1
print_freq:20
gpu:0
no_cudnn_benchmark:False
n_ctx:4
ctx_init:a_photo_of_a
seed:0
output_dir:/leonardo_work/EUHPC_R04_192/fmohamma/Adversarial_Robust_Clip/atpt_data/delta_clip_l14_224/Flower102
log_output_dir:/leonardo_work/EUHPC_R04_192/fmohamma/Adversarial_Robust_Clip/ATPT/Diffratio_v3/delta_clip_l14_224/Flower102/ADV_Generation_eps_0.0_steps_100_Added_Noise_gaussian_Sigma_0.06_Tau_Type_noisy_num_anchors_10
image_only_attack:False
image_only_attack_type:prm
image_predicted_label_attack:False
eps:0.0
alpha:0.0
alpha_eps_ratio:4.0
steps:100
counter_attack:True
counter_attack_type:pgd
counter_attack_steps:0
counter_attack_eps:1.0
counter_attack_alpha:1.0
counter_attack_tau_thres:0.2
counter_attack_beta:2.0
counter_attack_weighted_perturbations:True
counter_attack_init_noise:gaussian
counter_attack_gaussian_sigma:0.06
counter_attack_noisy_tau_num_anchors:10
counter_attack_tau:noisy
pgd_clip_pure_i_text_embeddings:null
pgd_counter_and_clipure_i_lamda:1.0
image_feature_purify:False
image_feature_purify_type:noisy_anchor
image_feature_purify_noisy_anchors:10
image_feature_purify_anchors_alpha:1.2
image_feature_purify_noisy_sigma:0.18
image_feature_purify_diff_threshold:0.0
image_feature_clipure_steps:10
image_feature_clipure_step_size:10.0
save_plots:False
lr:0.005
selection_p:0.1
tta_steps:1
top_k:20
softmax_temp:0.01
load_tecoa:

2026-02-12 13:08:13,751 - ADV_Generation_eps_0.0_steps_100_Added_Noise_gaussian_Sigma_0.06_Tau_Type_noisy_num_anchors_10 - INFO - Use GPU: 0 for training
2026-02-12 13:09:02,916 - ADV_Generation_eps_0.0_steps_100_Added_Noise_gaussian_Sigma_0.06_Tau_Type_noisy_num_anchors_10 - INFO - => Model created: visual backbone delta_clip_l14_224
2026-02-12 13:09:02,937 - ADV_Generation_eps_0.0_steps_100_Added_Noise_gaussian_Sigma_0.06_Tau_Type_noisy_num_anchors_10 - INFO - Number of test samples: 2463
2026-02-12 13:09:02,937 - ADV_Generation_eps_0.0_steps_100_Added_Noise_gaussian_Sigma_0.06_Tau_Type_noisy_num_anchors_10 - INFO - Evaluating dataset: Flower102
2026-02-12 13:09:02,938 - ADV_Generation_eps_0.0_steps_100_Added_Noise_gaussian_Sigma_0.06_Tau_Type_noisy_num_anchors_10 - INFO - Starting evaluation with batch size: 1, selection percentage: 0.1
2026-02-12 13:09:02,939 - ADV_Generation_eps_0.0_steps_100_Added_Noise_gaussian_Sigma_0.06_Tau_Type_noisy_num_anchors_10 - INFO - Using PGD attack with epsilon: 0.000000, alpha: 0.000000, steps: 100 image only attack False image only attack type  prm image predicted label attack False
2026-02-12 13:09:02,939 - ADV_Generation_eps_0.0_steps_100_Added_Noise_gaussian_Sigma_0.06_Tau_Type_noisy_num_anchors_10 - INFO - Using counter-attack with epsilon: 1.000000, alpha: 1.000000, steps: 0
2026-02-12 13:09:02,939 - ADV_Generation_eps_0.0_steps_100_Added_Noise_gaussian_Sigma_0.06_Tau_Type_noisy_num_anchors_10 - INFO - Adversarial examples will be loaded from /leonardo_work/EUHPC_R04_192/fmohamma/Adversarial_Robust_Clip/atpt_data/delta_clip_l14_224/Flower102/adv_images_eps_0.0_alpha_0.0_steps_100 and evaluated on delta_clip_l14_224
2026-02-12 13:09:02,939 - ADV_Generation_eps_0.0_steps_100_Added_Noise_gaussian_Sigma_0.06_Tau_Type_noisy_num_anchors_10 - INFO - Using directory for adversarial images: /leonardo_work/EUHPC_R04_192/fmohamma/Adversarial_Robust_Clip/atpt_data/delta_clip_l14_224/Flower102/adv_images_eps_0.0_alpha_0.0_steps_100
2026-02-12 13:09:03,823 - ADV_Generation_eps_0.0_steps_100_Added_Noise_gaussian_Sigma_0.06_Tau_Type_noisy_num_anchors_10 - INFO - Batch 1/2463: Clean accuracy 1.0000 | Adv accuracy: 1.0000 | Counter-attack accuracy: 1.0000
2026-02-12 13:09:04,134 - ADV_Generation_eps_0.0_steps_100_Added_Noise_gaussian_Sigma_0.06_Tau_Type_noisy_num_anchors_10 - INFO - Batch 2/2463: Clean accuracy 1.0000 | Adv accuracy: 1.0000 | Counter-attack accuracy: 1.0000
2026-02-12 13:09:04,444 - ADV_Generation_eps_0.0_steps_100_Added_Noise_gaussian_Sigma_0.06_Tau_Type_noisy_num_anchors_10 - INFO - Batch 3/2463: Clean accuracy 1.0000 | Adv accuracy: 1.0000 | Counter-attack accuracy: 1.0000
2026-02-12 13:09:04,755 - ADV_Generation_eps_0.0_steps_100_Added_Noise_gaussian_Sigma_0.06_Tau_Type_noisy_num_anchors_10 - INFO - Batch 4/2463: Clean accuracy 1.0000 | Adv accuracy: 1.0000 | Counter-attack accuracy: 1.0000
2026-02-12 13:09:05,065 - ADV_Generation_eps_0.0_steps_100_Added_Noise_gaussian_Sigma_0.06_Tau_Type_noisy_num_anchors_10 - INFO - Batch 5/2463: Clean accuracy 1.0000 | Adv accuracy: 1.0000 | Counter-attack accuracy: 1.0000
2026-02-12 13:09:05,375 - ADV_Generation_eps_0.0_steps_100_Added_Noise_gaussian_Sigma_0.06_Tau_Type_noisy_num_anchors_10 - INFO - Batch 6/2463: Clean accuracy 1.0000 | Adv accuracy: 1.0000 | Counter-attack accuracy: 1.0000
2026-02-12 13:09:05,685 - ADV_Generation_eps_0.0_steps_100_Added_Noise_gaussian_Sigma_0.06_Tau_Type_noisy_num_anchors_10 - INFO - Batch 7/2463: Clean accuracy 1.0000 | Adv accuracy: 1.0000 | Counter-attack accuracy: 1.0000
2026-02-12 13:09:05,995 - ADV_Generation_eps_0.0_steps_100_Added_Noise_gaussian_Sigma_0.06_Tau_Type_noisy_num_anchors_10 - INFO - Batch 8/2463: Clean accuracy 1.0000 | Adv accuracy: 1.0000 | Counter-attack accuracy: 1.0000
2026-02-12 13:09:06,305 - ADV_Generation_eps_0.0_steps_100_Added_Noise_gaussian_Sigma_0.06_Tau_Type_noisy_num_anchors_10 - INFO - Batch 9/2463: Clean accuracy 1.0000 | Adv accuracy: 1.0000 | Counter-attack accuracy: 1.0000
2026-02-12 13:09:06,615 - ADV_Generation_eps_0.0_steps_100_Added_Noise_gaussian_Sigma_0.06_Tau_Type_noisy_num_anchors_10 - INFO - Batch 10/2463: Clean accuracy 1.0000 | Adv accuracy: 1.0000 | Counter-attack accuracy: 1.0000
2026-02-12 13:09:06,925 - ADV_Generation_eps_0.0_steps_100_Added_Noise_gaussian_Sigma_0.06_Tau_Type_noisy_num_anchors_10 - INFO - Batch 11/2463: Clean accuracy 1.0000 | Adv accuracy: 1.0000 | Counter-attack accuracy: 1.0000
2026-02-12 13:09:07,235 - ADV_Generation_eps_0.0_steps_100_Added_Noise_gaussian_Sigma_0.06_Tau_Type_noisy_num_anchors_10 - INFO - Batch 12/2463: Clean accuracy 1.0000 | Adv accuracy: 1.0000 | Counter-attack accuracy: 1.0000
2026-02-12 13:09:07,545 - ADV_Generation_eps_0.0_steps_100_Added_Noise_gaussian_Sigma_0.06_Tau_Type_noisy_num_anchors_10 - INFO - Batch 13/2463: Clean accuracy 1.0000 | Adv accuracy: 1.0000 | Counter-attack accuracy: 1.0000
2026-02-12 13:09:07,855 - ADV_Generation_eps_0.0_steps_100_Added_Noise_gaussian_Sigma_0.06_Tau_Type_noisy_num_anchors_10 - INFO - Batch 14/2463: Clean accuracy 1.0000 | Adv accuracy: 1.0000 | Counter-attack accuracy: 1.0000
2026-02-12 13:09:08,165 - ADV_Generation_eps_0.0_steps_100_Added_Noise_gaussian_Sigma_0.06_Tau_Type_noisy_num_anchors_10 - INFO - Batch 15/2463: Clean accuracy 1.0000 | Adv accuracy: 1.0000 | Counter-attack accuracy: 1.0000
2026-02-12 13:09:08,475 - ADV_Generation_eps_0.0_steps_100_Added_Noise_gaussian_Sigma_0.06_Tau_Type_noisy_num_anchors_10 - INFO - Batch 16/2463: Clean accuracy 1.0000 | Adv accuracy: 1.0000 | Counter-attack accuracy: 1.0000
2026-02-12 13:09:08,785 - ADV_Generation_eps_0.0_steps_100_Added_Noise_gaussian_Sigma_0.06_Tau_Type_noisy_num_anchors_10 - INFO - Batch 17/2463: Clean accuracy 1.0000 | Adv accuracy: 1.0000 | Counter-attack accuracy: 1.0000
2026-02-12 13:09:09,095 - ADV_Generation_eps_0.0_steps_100_Added_Noise_gaussian_Sigma_0.06_Tau_Type_noisy_num_anchors_10 - INFO - Batch 18/2463: Clean accuracy 1.0000 | Adv accuracy: 1.0000 | Counter-attack accuracy: 1.0000
2026-02-12 13:09:09,405 - ADV_Generation_eps_0.0_steps_100_Added_Noise_gaussian_Sigma_0.06_Tau_Type_noisy_num_anchors_10 - INFO - Batch 19/2463: Clean accuracy 1.0000 | Adv accuracy: 1.0000 | Counter-attack accuracy: 1.0000
2026-02-12 13:09:09,715 - ADV_Generation_eps_0.0_steps_100_Added_Noise_gaussian_Sigma_0.06_Tau_Type_noisy_num_anchors_10 - INFO - Batch 20/2463: Clean accuracy 1.0000 | Adv accuracy: 1.0000 | Counter-attack accuracy: 1.0000
2026-02-12 13:09:10,025 - ADV_Generation_eps_0.0_steps_100_Added_Noise_gaussian_Sigma_0.06_Tau_Type_noisy_num_anchors_10 - INFO - Batch 21/2463: Clean accuracy 1.0000 | Adv accuracy: 1.0000 | Counter-attack accuracy: 1.0000
2026-02-12 13:09:10,335 - ADV_Generation_eps_0.0_steps_100_Added_Noise_gaussian_Sigma_0.06_Tau_Type_noisy_num_anchors_10 - INFO - Batch 22/2463: Clean accuracy 1.0000 | Adv accuracy: 1.0000 | Counter-attack accuracy: 1.0000
2026-02-12 13:09:10,645 - ADV_Generation_eps_0.0_steps_100_Added_Noise_gaussian_Sigma_0.06_Tau_Type_noisy_num_anchors_10 - INFO - Batch 23/2463: Clean accuracy 1.0000 | Adv accuracy: 1.0000 | Counter-attack accuracy: 1.0000
2026-02-12 13:09:10,955 - ADV_Generation_eps_0.0_steps_100_Added_Noise_gaussian_Sigma_0.06_Tau_Type_noisy_num_anchors_10 - INFO - Batch 24/2463: Clean accuracy 1.0000 | Adv accuracy: 1.0000 | Counter-attack accuracy: 1.0000
2026-02-12 13:09:11,265 - ADV_Generation_eps_0.0_steps_100_Added_Noise_gaussian_Sigma_0.06_Tau_Type_noisy_num_anchors_10 - INFO - Batch 25/2463: Clean accuracy 1.0000 | Adv accuracy: 1.0000 | Counter-attack accuracy: 1.0000
2026-02-12 13:09:11,575 - ADV_Generation_eps_0.0_steps_100_Added_Noise_gaussian_Sigma_0.06_Tau_Type_noisy_num_anchors_10 - INFO - Batch 26/2463: Clean accuracy 1.0000 | Adv accuracy: 1.0000 | Counter-attack accuracy: 1.0000
2026-02-12 13:09:11,891 - ADV_Generation_eps_0.0_steps_100_Added_Noise_gaussian_Sigma_0.06_Tau_Type_noisy_num_anchors_10 - INFO - Batch 27/2463: Clean accuracy 1.0000 | Adv accuracy: 1.0000 | Counter-attack accuracy: 1.0000
2026-02-12 13:09:12,201 - ADV_Generation_eps_0.0_steps_100_Added_Noise_gaussian_Sigma_0.06_Tau_Type_noisy_num_anchors_10 - INFO - Batch 28/2463: Clean accuracy 1.0000 | Adv accuracy: 1.0000 | Counter-attack accuracy: 1.0000
2026-02-12 13:09:12,511 - ADV_Generation_eps_0.0_steps_100_Added_Noise_gaussian_Sigma_0.06_Tau_Type_noisy_num_anchors_10 - INFO - Batch 29/2463: Clean accuracy 1.0000 | Adv accuracy: 1.0000 | Counter-attack accuracy: 1.0000
2026-02-12 13:09:12,821 - ADV_Generation_eps_0.0_steps_100_Added_Noise_gaussian_Sigma_0.06_Tau_Type_noisy_num_anchors_10 - INFO - Batch 30/2463: Clean accuracy 1.0000 | Adv accuracy: 1.0000 | Counter-attack accuracy: 1.0000
2026-02-12 13:09:13,131 - ADV_Generation_eps_0.0_steps_100_Added_Noise_gaussian_Sigma_0.06_Tau_Type_noisy_num_anchors_10 - INFO - Batch 31/2463: Clean accuracy 1.0000 | Adv accuracy: 1.0000 | Counter-attack accuracy: 1.0000
2026-02-12 13:09:13,441 - ADV_Generation_eps_0.0_steps_100_Added_Noise_gaussian_Sigma_0.06_Tau_Type_noisy_num_anchors_10 - INFO - Batch 32/2463: Clean accuracy 1.0000 | Adv accuracy: 1.0000 | Counter-attack accuracy: 1.0000
2026-02-12 13:09:13,751 - ADV_Generation_eps_0.0_steps_100_Added_Noise_gaussian_Sigma_0.06_Tau_Type_noisy_num_anchors_10 - INFO - Batch 33/2463: Clean accuracy 1.0000 | Adv accuracy: 1.0000 | Counter-attack accuracy: 1.0000
2026-02-12 13:09:14,061 - ADV_Generation_eps_0.0_steps_100_Added_Noise_gaussian_Sigma_0.06_Tau_Type_noisy_num_anchors_10 - INFO - Batch 34/2463: Clean accuracy 1.0000 | Adv accuracy: 1.0000 | Counter-attack accuracy: 1.0000
2026-02-12 13:09:14,372 - ADV_Generation_eps_0.0_steps_100_Added_Noise_gaussian_Sigma_0.06_Tau_Type_noisy_num_anchors_10 - INFO - Batch 35/2463: Clean accuracy 1.0000 | Adv accuracy: 1.0000 | Counter-attack accuracy: 1.0000
2026-02-12 13:09:14,682 - ADV_Generation_eps_0.0_steps_100_Added_Noise_gaussian_Sigma_0.06_Tau_Type_noisy_num_anchors_10 - INFO - Batch 36/2463: Clean accuracy 1.0000 | Adv accuracy: 1.0000 | Counter-attack accuracy: 1.0000
2026-02-12 13:09:14,992 - ADV_Generation_eps_0.0_steps_100_Added_Noise_gaussian_Sigma_0.06_Tau_Type_noisy_num_anchors_10 - INFO - Batch 37/2463: Clean accuracy 1.0000 | Adv accuracy: 1.0000 | Counter-attack accuracy: 1.0000
2026-02-12 13:09:15,302 - ADV_Generation_eps_0.0_steps_100_Added_Noise_gaussian_Sigma_0.06_Tau_Type_noisy_num_anchors_10 - INFO - Batch 38/2463: Clean accuracy 1.0000 | Adv accuracy: 1.0000 | Counter-attack accuracy: 1.0000
2026-02-12 13:09:15,612 - ADV_Generation_eps_0.0_steps_100_Added_Noise_gaussian_Sigma_0.06_Tau_Type_noisy_num_anchors_10 - INFO - Batch 39/2463: Clean accuracy 1.0000 | Adv accuracy: 1.0000 | Counter-attack accuracy: 1.0000
2026-02-12 13:09:15,922 - ADV_Generation_eps_0.0_steps_100_Added_Noise_gaussian_Sigma_0.06_Tau_Type_noisy_num_anchors_10 - INFO - Batch 40/2463: Clean accuracy 1.0000 | Adv accuracy: 1.0000 | Counter-attack accuracy: 1.0000
2026-02-12 13:09:16,232 - ADV_Generation_eps_0.0_steps_100_Added_Noise_gaussian_Sigma_0.06_Tau_Type_noisy_num_anchors_10 - INFO - Batch 41/2463: Clean accuracy 1.0000 | Adv accuracy: 1.0000 | Counter-attack accuracy: 1.0000
2026-02-12 13:09:16,542 - ADV_Generation_eps_0.0_steps_100_Added_Noise_gaussian_Sigma_0.06_Tau_Type_noisy_num_anchors_10 - INFO - Batch 42/2463: Clean accuracy 1.0000 | Adv accuracy: 1.0000 | Counter-attack accuracy: 1.0000
2026-02-12 13:09:16,852 - ADV_Generation_eps_0.0_steps_100_Added_Noise_gaussian_Sigma_0.06_Tau_Type_noisy_num_anchors_10 - INFO - Batch 43/2463: Clean accuracy 1.0000 | Adv accuracy: 1.0000 | Counter-attack accuracy: 1.0000
2026-02-12 13:09:17,162 - ADV_Generation_eps_0.0_steps_100_Added_Noise_gaussian_Sigma_0.06_Tau_Type_noisy_num_anchors_10 - INFO - Batch 44/2463: Clean accuracy 1.0000 | Adv accuracy: 1.0000 | Counter-attack accuracy: 1.0000
2026-02-12 13:09:17,472 - ADV_Generation_eps_0.0_steps_100_Added_Noise_gaussian_Sigma_0.06_Tau_Type_noisy_num_anchors_10 - INFO - Batch 45/2463: Clean accuracy 1.0000 | Adv accuracy: 1.0000 | Counter-attack accuracy: 1.0000
2026-02-12 13:09:17,782 - ADV_Generation_eps_0.0_steps_100_Added_Noise_gaussian_Sigma_0.06_Tau_Type_noisy_num_anchors_10 - INFO - Batch 46/2463: Clean accuracy 1.0000 | Adv accuracy: 1.0000 | Counter-attack accuracy: 1.0000
2026-02-12 13:09:18,092 - ADV_Generation_eps_0.0_steps_100_Added_Noise_gaussian_Sigma_0.06_Tau_Type_noisy_num_anchors_10 - INFO - Batch 47/2463: Clean accuracy 1.0000 | Adv accuracy: 1.0000 | Counter-attack accuracy: 1.0000
2026-02-12 13:09:18,402 - ADV_Generation_eps_0.0_steps_100_Added_Noise_gaussian_Sigma_0.06_Tau_Type_noisy_num_anchors_10 - INFO - Batch 48/2463: Clean accuracy 1.0000 | Adv accuracy: 1.0000 | Counter-attack accuracy: 1.0000
2026-02-12 13:09:18,712 - ADV_Generation_eps_0.0_steps_100_Added_Noise_gaussian_Sigma_0.06_Tau_Type_noisy_num_anchors_10 - INFO - Batch 49/2463: Clean accuracy 1.0000 | Adv accuracy: 1.0000 | Counter-attack accuracy: 1.0000
2026-02-12 13:09:19,022 - ADV_Generation_eps_0.0_steps_100_Added_Noise_gaussian_Sigma_0.06_Tau_Type_noisy_num_anchors_10 - INFO - Batch 50/2463: Clean accuracy 1.0000 | Adv accuracy: 1.0000 | Counter-attack accuracy: 1.0000
2026-02-12 13:09:19,332 - ADV_Generation_eps_0.0_steps_100_Added_Noise_gaussian_Sigma_0.06_Tau_Type_noisy_num_anchors_10 - INFO - Batch 51/2463: Clean accuracy 1.0000 | Adv accuracy: 1.0000 | Counter-attack accuracy: 1.0000
2026-02-12 13:09:19,642 - ADV_Generation_eps_0.0_steps_100_Added_Noise_gaussian_Sigma_0.06_Tau_Type_noisy_num_anchors_10 - INFO - Batch 52/2463: Clean accuracy 1.0000 | Adv accuracy: 1.0000 | Counter-attack accuracy: 1.0000
2026-02-12 13:09:19,952 - ADV_Generation_eps_0.0_steps_100_Added_Noise_gaussian_Sigma_0.06_Tau_Type_noisy_num_anchors_10 - INFO - Batch 53/2463: Clean accuracy 1.0000 | Adv accuracy: 1.0000 | Counter-attack accuracy: 1.0000
2026-02-12 13:09:20,262 - ADV_Generation_eps_0.0_steps_100_Added_Noise_gaussian_Sigma_0.06_Tau_Type_noisy_num_anchors_10 - INFO - Batch 54/2463: Clean accuracy 1.0000 | Adv accuracy: 1.0000 | Counter-attack accuracy: 1.0000
2026-02-12 13:09:20,572 - ADV_Generation_eps_0.0_steps_100_Added_Noise_gaussian_Sigma_0.06_Tau_Type_noisy_num_anchors_10 - INFO - Batch 55/2463: Clean accuracy 1.0000 | Adv accuracy: 1.0000 | Counter-attack accuracy: 1.0000
2026-02-12 13:09:20,882 - ADV_Generation_eps_0.0_steps_100_Added_Noise_gaussian_Sigma_0.06_Tau_Type_noisy_num_anchors_10 - INFO - Batch 56/2463: Clean accuracy 1.0000 | Adv accuracy: 1.0000 | Counter-attack accuracy: 1.0000
2026-02-12 13:09:21,192 - ADV_Generation_eps_0.0_steps_100_Added_Noise_gaussian_Sigma_0.06_Tau_Type_noisy_num_anchors_10 - INFO - Batch 57/2463: Clean accuracy 1.0000 | Adv accuracy: 1.0000 | Counter-attack accuracy: 1.0000
2026-02-12 13:09:21,502 - ADV_Generation_eps_0.0_steps_100_Added_Noise_gaussian_Sigma_0.06_Tau_Type_noisy_num_anchors_10 - INFO - Batch 58/2463: Clean accuracy 1.0000 | Adv accuracy: 1.0000 | Counter-attack accuracy: 1.0000
2026-02-12 13:09:21,812 - ADV_Generation_eps_0.0_steps_100_Added_Noise_gaussian_Sigma_0.06_Tau_Type_noisy_num_anchors_10 - INFO - Batch 59/2463: Clean accuracy 1.0000 | Adv accuracy: 1.0000 | Counter-attack accuracy: 1.0000
2026-02-12 13:09:22,122 - ADV_Generation_eps_0.0_steps_100_Added_Noise_gaussian_Sigma_0.06_Tau_Type_noisy_num_anchors_10 - INFO - Batch 60/2463: Clean accuracy 1.0000 | Adv accuracy: 1.0000 | Counter-attack accuracy: 1.0000
2026-02-12 13:09:22,432 - ADV_Generation_eps_0.0_steps_100_Added_Noise_gaussian_Sigma_0.06_Tau_Type_noisy_num_anchors_10 - INFO - Batch 61/2463: Clean accuracy 1.0000 | Adv accuracy: 1.0000 | Counter-attack accuracy: 1.0000
2026-02-12 13:09:22,742 - ADV_Generation_eps_0.0_steps_100_Added_Noise_gaussian_Sigma_0.06_Tau_Type_noisy_num_anchors_10 - INFO - Batch 62/2463: Clean accuracy 1.0000 | Adv accuracy: 1.0000 | Counter-attack accuracy: 1.0000
2026-02-12 13:09:23,052 - ADV_Generation_eps_0.0_steps_100_Added_Noise_gaussian_Sigma_0.06_Tau_Type_noisy_num_anchors_10 - INFO - Batch 63/2463: Clean accuracy 1.0000 | Adv accuracy: 1.0000 | Counter-attack accuracy: 1.0000
2026-02-12 13:09:23,362 - ADV_Generation_eps_0.0_steps_100_Added_Noise_gaussian_Sigma_0.06_Tau_Type_noisy_num_anchors_10 - INFO - Batch 64/2463: Clean accuracy 1.0000 | Adv accuracy: 1.0000 | Counter-attack accuracy: 1.0000
2026-02-12 13:09:23,672 - ADV_Generation_eps_0.0_steps_100_Added_Noise_gaussian_Sigma_0.06_Tau_Type_noisy_num_anchors_10 - INFO - Batch 65/2463: Clean accuracy 1.0000 | Adv accuracy: 1.0000 | Counter-attack accuracy: 1.0000
2026-02-12 13:09:23,982 - ADV_Generation_eps_0.0_steps_100_Added_Noise_gaussian_Sigma_0.06_Tau_Type_noisy_num_anchors_10 - INFO - Batch 66/2463: Clean accuracy 1.0000 | Adv accuracy: 1.0000 | Counter-attack accuracy: 1.0000
2026-02-12 13:09:24,292 - ADV_Generation_eps_0.0_steps_100_Added_Noise_gaussian_Sigma_0.06_Tau_Type_noisy_num_anchors_10 - INFO - Batch 67/2463: Clean accuracy 1.0000 | Adv accuracy: 1.0000 | Counter-attack accuracy: 1.0000
2026-02-12 13:09:24,602 - ADV_Generation_eps_0.0_steps_100_Added_Noise_gaussian_Sigma_0.06_Tau_Type_noisy_num_anchors_10 - INFO - Batch 68/2463: Clean accuracy 1.0000 | Adv accuracy: 1.0000 | Counter-attack accuracy: 1.0000
2026-02-12 13:09:24,912 - ADV_Generation_eps_0.0_steps_100_Added_Noise_gaussian_Sigma_0.06_Tau_Type_noisy_num_anchors_10 - INFO - Batch 69/2463: Clean accuracy 1.0000 | Adv accuracy: 1.0000 | Counter-attack accuracy: 1.0000
2026-02-12 13:09:25,222 - ADV_Generation_eps_0.0_steps_100_Added_Noise_gaussian_Sigma_0.06_Tau_Type_noisy_num_anchors_10 - INFO - Batch 70/2463: Clean accuracy 1.0000 | Adv accuracy: 1.0000 | Counter-attack accuracy: 1.0000
2026-02-12 13:09:25,532 - ADV_Generation_eps_0.0_steps_100_Added_Noise_gaussian_Sigma_0.06_Tau_Type_noisy_num_anchors_10 - INFO - Batch 71/2463: Clean accuracy 1.0000 | Adv accuracy: 1.0000 | Counter-attack accuracy: 1.0000
2026-02-12 13:09:25,842 - ADV_Generation_eps_0.0_steps_100_Added_Noise_gaussian_Sigma_0.06_Tau_Type_noisy_num_anchors_10 - INFO - Batch 72/2463: Clean accuracy 1.0000 | Adv accuracy: 1.0000 | Counter-attack accuracy: 1.0000
2026-02-12 13:09:26,152 - ADV_Generation_eps_0.0_steps_100_Added_Noise_gaussian_Sigma_0.06_Tau_Type_noisy_num_anchors_10 - INFO - Batch 73/2463: Clean accuracy 1.0000 | Adv accuracy: 1.0000 | Counter-attack accuracy: 1.0000
2026-02-12 13:09:26,461 - ADV_Generation_eps_0.0_steps_100_Added_Noise_gaussian_Sigma_0.06_Tau_Type_noisy_num_anchors_10 - INFO - Batch 74/2463: Clean accuracy 1.0000 | Adv accuracy: 1.0000 | Counter-attack accuracy: 1.0000
2026-02-12 13:09:26,771 - ADV_Generation_eps_0.0_steps_100_Added_Noise_gaussian_Sigma_0.06_Tau_Type_noisy_num_anchors_10 - INFO - Batch 75/2463: Clean accuracy 1.0000 | Adv accuracy: 1.0000 | Counter-attack accuracy: 1.0000
2026-02-12 13:09:27,081 - ADV_Generation_eps_0.0_steps_100_Added_Noise_gaussian_Sigma_0.06_Tau_Type_noisy_num_anchors_10 - INFO - Batch 76/2463: Clean accuracy 1.0000 | Adv accuracy: 1.0000 | Counter-attack accuracy: 1.0000
2026-02-12 13:09:27,391 - ADV_Generation_eps_0.0_steps_100_Added_Noise_gaussian_Sigma_0.06_Tau_Type_noisy_num_anchors_10 - INFO - Batch 77/2463: Clean accuracy 1.0000 | Adv accuracy: 1.0000 | Counter-attack accuracy: 1.0000
2026-02-12 13:09:27,701 - ADV_Generation_eps_0.0_steps_100_Added_Noise_gaussian_Sigma_0.06_Tau_Type_noisy_num_anchors_10 - INFO - Batch 78/2463: Clean accuracy 1.0000 | Adv accuracy: 1.0000 | Counter-attack accuracy: 1.0000
2026-02-12 13:09:28,011 - ADV_Generation_eps_0.0_steps_100_Added_Noise_gaussian_Sigma_0.06_Tau_Type_noisy_num_anchors_10 - INFO - Batch 79/2463: Clean accuracy 1.0000 | Adv accuracy: 1.0000 | Counter-attack accuracy: 1.0000
2026-02-12 13:09:28,321 - ADV_Generation_eps_0.0_steps_100_Added_Noise_gaussian_Sigma_0.06_Tau_Type_noisy_num_anchors_10 - INFO - Batch 80/2463: Clean accuracy 1.0000 | Adv accuracy: 1.0000 | Counter-attack accuracy: 1.0000
2026-02-12 13:09:28,631 - ADV_Generation_eps_0.0_steps_100_Added_Noise_gaussian_Sigma_0.06_Tau_Type_noisy_num_anchors_10 - INFO - Batch 81/2463: Clean accuracy 1.0000 | Adv accuracy: 1.0000 | Counter-attack accuracy: 1.0000
2026-02-12 13:09:28,941 - ADV_Generation_eps_0.0_steps_100_Added_Noise_gaussian_Sigma_0.06_Tau_Type_noisy_num_anchors_10 - INFO - Batch 82/2463: Clean accuracy 1.0000 | Adv accuracy: 1.0000 | Counter-attack accuracy: 1.0000
2026-02-12 13:09:29,251 - ADV_Generation_eps_0.0_steps_100_Added_Noise_gaussian_Sigma_0.06_Tau_Type_noisy_num_anchors_10 - INFO - Batch 83/2463: Clean accuracy 1.0000 | Adv accuracy: 1.0000 | Counter-attack accuracy: 1.0000
2026-02-12 13:09:29,561 - ADV_Generation_eps_0.0_steps_100_Added_Noise_gaussian_Sigma_0.06_Tau_Type_noisy_num_anchors_10 - INFO - Batch 84/2463: Clean accuracy 1.0000 | Adv accuracy: 1.0000 | Counter-attack accuracy: 1.0000
2026-02-12 13:09:29,871 - ADV_Generation_eps_0.0_steps_100_Added_Noise_gaussian_Sigma_0.06_Tau_Type_noisy_num_anchors_10 - INFO - Batch 85/2463: Clean accuracy 1.0000 | Adv accuracy: 1.0000 | Counter-attack accuracy: 1.0000
2026-02-12 13:09:30,181 - ADV_Generation_eps_0.0_steps_100_Added_Noise_gaussian_Sigma_0.06_Tau_Type_noisy_num_anchors_10 - INFO - Batch 86/2463: Clean accuracy 1.0000 | Adv accuracy: 1.0000 | Counter-attack accuracy: 1.0000
2026-02-12 13:09:30,491 - ADV_Generation_eps_0.0_steps_100_Added_Noise_gaussian_Sigma_0.06_Tau_Type_noisy_num_anchors_10 - INFO - Batch 87/2463: Clean accuracy 1.0000 | Adv accuracy: 1.0000 | Counter-attack accuracy: 1.0000
2026-02-12 13:09:30,801 - ADV_Generation_eps_0.0_steps_100_Added_Noise_gaussian_Sigma_0.06_Tau_Type_noisy_num_anchors_10 - INFO - Batch 88/2463: Clean accuracy 1.0000 | Adv accuracy: 1.0000 | Counter-attack accuracy: 0.9886
2026-02-12 13:09:31,111 - ADV_Generation_eps_0.0_steps_100_Added_Noise_gaussian_Sigma_0.06_Tau_Type_noisy_num_anchors_10 - INFO - Batch 89/2463: Clean accuracy 1.0000 | Adv accuracy: 1.0000 | Counter-attack accuracy: 0.9888
2026-02-12 13:09:31,421 - ADV_Generation_eps_0.0_steps_100_Added_Noise_gaussian_Sigma_0.06_Tau_Type_noisy_num_anchors_10 - INFO - Batch 90/2463: Clean accuracy 1.0000 | Adv accuracy: 1.0000 | Counter-attack accuracy: 0.9889
2026-02-12 13:09:31,731 - ADV_Generation_eps_0.0_steps_100_Added_Noise_gaussian_Sigma_0.06_Tau_Type_noisy_num_anchors_10 - INFO - Batch 91/2463: Clean accuracy 1.0000 | Adv accuracy: 1.0000 | Counter-attack accuracy: 0.9890
2026-02-12 13:09:32,041 - ADV_Generation_eps_0.0_steps_100_Added_Noise_gaussian_Sigma_0.06_Tau_Type_noisy_num_anchors_10 - INFO - Batch 92/2463: Clean accuracy 1.0000 | Adv accuracy: 1.0000 | Counter-attack accuracy: 0.9891
2026-02-12 13:09:32,351 - ADV_Generation_eps_0.0_steps_100_Added_Noise_gaussian_Sigma_0.06_Tau_Type_noisy_num_anchors_10 - INFO - Batch 93/2463: Clean accuracy 1.0000 | Adv accuracy: 1.0000 | Counter-attack accuracy: 0.9892
2026-02-12 13:09:32,661 - ADV_Generation_eps_0.0_steps_100_Added_Noise_gaussian_Sigma_0.06_Tau_Type_noisy_num_anchors_10 - INFO - Batch 94/2463: Clean accuracy 1.0000 | Adv accuracy: 1.0000 | Counter-attack accuracy: 0.9894
2026-02-12 13:09:32,971 - ADV_Generation_eps_0.0_steps_100_Added_Noise_gaussian_Sigma_0.06_Tau_Type_noisy_num_anchors_10 - INFO - Batch 95/2463: Clean accuracy 1.0000 | Adv accuracy: 1.0000 | Counter-attack accuracy: 0.9895
2026-02-12 13:09:33,281 - ADV_Generation_eps_0.0_steps_100_Added_Noise_gaussian_Sigma_0.06_Tau_Type_noisy_num_anchors_10 - INFO - Batch 96/2463: Clean accuracy 1.0000 | Adv accuracy: 1.0000 | Counter-attack accuracy: 0.9896
2026-02-12 13:09:33,591 - ADV_Generation_eps_0.0_steps_100_Added_Noise_gaussian_Sigma_0.06_Tau_Type_noisy_num_anchors_10 - INFO - Batch 97/2463: Clean accuracy 1.0000 | Adv accuracy: 1.0000 | Counter-attack accuracy: 0.9897
2026-02-12 13:09:33,901 - ADV_Generation_eps_0.0_steps_100_Added_Noise_gaussian_Sigma_0.06_Tau_Type_noisy_num_anchors_10 - INFO - Batch 98/2463: Clean accuracy 1.0000 | Adv accuracy: 1.0000 | Counter-attack accuracy: 0.9898
2026-02-12 13:09:34,211 - ADV_Generation_eps_0.0_steps_100_Added_Noise_gaussian_Sigma_0.06_Tau_Type_noisy_num_anchors_10 - INFO - Batch 99/2463: Clean accuracy 1.0000 | Adv accuracy: 1.0000 | Counter-attack accuracy: 0.9899
2026-02-12 13:09:34,521 - ADV_Generation_eps_0.0_steps_100_Added_Noise_gaussian_Sigma_0.06_Tau_Type_noisy_num_anchors_10 - INFO - Batch 100/2463: Clean accuracy 1.0000 | Adv accuracy: 1.0000 | Counter-attack accuracy: 0.9900
2026-02-12 13:09:34,831 - ADV_Generation_eps_0.0_steps_100_Added_Noise_gaussian_Sigma_0.06_Tau_Type_noisy_num_anchors_10 - INFO - Batch 101/2463: Clean accuracy 1.0000 | Adv accuracy: 1.0000 | Counter-attack accuracy: 0.9901
2026-02-12 13:09:35,140 - ADV_Generation_eps_0.0_steps_100_Added_Noise_gaussian_Sigma_0.06_Tau_Type_noisy_num_anchors_10 - INFO - Batch 102/2463: Clean accuracy 1.0000 | Adv accuracy: 1.0000 | Counter-attack accuracy: 0.9902
2026-02-12 13:09:35,450 - ADV_Generation_eps_0.0_steps_100_Added_Noise_gaussian_Sigma_0.06_Tau_Type_noisy_num_anchors_10 - INFO - Batch 103/2463: Clean accuracy 1.0000 | Adv accuracy: 1.0000 | Counter-attack accuracy: 0.9903
2026-02-12 13:09:35,761 - ADV_Generation_eps_0.0_steps_100_Added_Noise_gaussian_Sigma_0.06_Tau_Type_noisy_num_anchors_10 - INFO - Batch 104/2463: Clean accuracy 1.0000 | Adv accuracy: 1.0000 | Counter-attack accuracy: 0.9904
2026-02-12 13:09:36,070 - ADV_Generation_eps_0.0_steps_100_Added_Noise_gaussian_Sigma_0.06_Tau_Type_noisy_num_anchors_10 - INFO - Batch 105/2463: Clean accuracy 1.0000 | Adv accuracy: 1.0000 | Counter-attack accuracy: 0.9905
2026-02-12 13:09:36,380 - ADV_Generation_eps_0.0_steps_100_Added_Noise_gaussian_Sigma_0.06_Tau_Type_noisy_num_anchors_10 - INFO - Batch 106/2463: Clean accuracy 1.0000 | Adv accuracy: 1.0000 | Counter-attack accuracy: 0.9906
2026-02-12 13:09:36,690 - ADV_Generation_eps_0.0_steps_100_Added_Noise_gaussian_Sigma_0.06_Tau_Type_noisy_num_anchors_10 - INFO - Batch 107/2463: Clean accuracy 1.0000 | Adv accuracy: 1.0000 | Counter-attack accuracy: 0.9907
2026-02-12 13:09:37,000 - ADV_Generation_eps_0.0_steps_100_Added_Noise_gaussian_Sigma_0.06_Tau_Type_noisy_num_anchors_10 - INFO - Batch 108/2463: Clean accuracy 1.0000 | Adv accuracy: 1.0000 | Counter-attack accuracy: 0.9907
2026-02-12 13:09:37,310 - ADV_Generation_eps_0.0_steps_100_Added_Noise_gaussian_Sigma_0.06_Tau_Type_noisy_num_anchors_10 - INFO - Batch 109/2463: Clean accuracy 1.0000 | Adv accuracy: 1.0000 | Counter-attack accuracy: 0.9908
2026-02-12 13:09:37,620 - ADV_Generation_eps_0.0_steps_100_Added_Noise_gaussian_Sigma_0.06_Tau_Type_noisy_num_anchors_10 - INFO - Batch 110/2463: Clean accuracy 1.0000 | Adv accuracy: 1.0000 | Counter-attack accuracy: 0.9909
2026-02-12 13:09:37,930 - ADV_Generation_eps_0.0_steps_100_Added_Noise_gaussian_Sigma_0.06_Tau_Type_noisy_num_anchors_10 - INFO - Batch 111/2463: Clean accuracy 1.0000 | Adv accuracy: 1.0000 | Counter-attack accuracy: 0.9910
2026-02-12 13:09:38,240 - ADV_Generation_eps_0.0_steps_100_Added_Noise_gaussian_Sigma_0.06_Tau_Type_noisy_num_anchors_10 - INFO - Batch 112/2463: Clean accuracy 1.0000 | Adv accuracy: 1.0000 | Counter-attack accuracy: 0.9911
2026-02-12 13:09:38,550 - ADV_Generation_eps_0.0_steps_100_Added_Noise_gaussian_Sigma_0.06_Tau_Type_noisy_num_anchors_10 - INFO - Batch 113/2463: Clean accuracy 1.0000 | Adv accuracy: 1.0000 | Counter-attack accuracy: 0.9912
2026-02-12 13:09:38,860 - ADV_Generation_eps_0.0_steps_100_Added_Noise_gaussian_Sigma_0.06_Tau_Type_noisy_num_anchors_10 - INFO - Batch 114/2463: Clean accuracy 1.0000 | Adv accuracy: 1.0000 | Counter-attack accuracy: 0.9912
2026-02-12 13:09:39,170 - ADV_Generation_eps_0.0_steps_100_Added_Noise_gaussian_Sigma_0.06_Tau_Type_noisy_num_anchors_10 - INFO - Batch 115/2463: Clean accuracy 1.0000 | Adv accuracy: 1.0000 | Counter-attack accuracy: 0.9913
2026-02-12 13:09:39,480 - ADV_Generation_eps_0.0_steps_100_Added_Noise_gaussian_Sigma_0.06_Tau_Type_noisy_num_anchors_10 - INFO - Batch 116/2463: Clean accuracy 1.0000 | Adv accuracy: 1.0000 | Counter-attack accuracy: 0.9914
2026-02-12 13:09:39,790 - ADV_Generation_eps_0.0_steps_100_Added_Noise_gaussian_Sigma_0.06_Tau_Type_noisy_num_anchors_10 - INFO - Batch 117/2463: Clean accuracy 1.0000 | Adv accuracy: 1.0000 | Counter-attack accuracy: 0.9915
