2026-02-11 21:28:15,231 - ADV_Generation_eps_4.0_steps_100_Added_Noise_gaussian_Sigma_0.24_Tau_Type_noisy_num_anchors_10 - INFO - ==========================================
data:/leonardo_work/EUHPC_R04_192/fmohamma/Adversarial_Robust_Clip/atpt_data/downstream_datasets
test_sets:UCF101
dataset_mode:test
arch:vit_l_14_datacomp_1b
resolution:224
transferability:False
source_model:fare4
workers:4
no_pin_memory:False
batch_size:1
adv_bs:1
print_freq:20
gpu:0
no_cudnn_benchmark:False
n_ctx:4
ctx_init:a_photo_of_a
seed:0
output_dir:/leonardo_work/EUHPC_R04_192/fmohamma/Adversarial_Robust_Clip/atpt_data/vit_l_14_datacomp_1b/UCF101
log_output_dir:/leonardo_work/EUHPC_R04_192/fmohamma/Adversarial_Robust_Clip/ATPT/Diffratio_v3/vit_l_14_datacomp_1b/UCF101/ADV_Generation_eps_4.0_steps_100_Added_Noise_gaussian_Sigma_0.24_Tau_Type_noisy_num_anchors_10
image_only_attack:False
image_only_attack_type:prm
image_predicted_label_attack:False
eps:4.0
alpha:1.0
alpha_eps_ratio:4.0
steps:100
counter_attack:True
counter_attack_type:pgd
counter_attack_steps:0
counter_attack_eps:1.0
counter_attack_alpha:1.0
counter_attack_tau_thres:0.2
counter_attack_beta:2.0
counter_attack_weighted_perturbations:True
counter_attack_init_noise:gaussian
counter_attack_gaussian_sigma:0.24
counter_attack_noisy_tau_num_anchors:10
counter_attack_tau:noisy
pgd_clip_pure_i_text_embeddings:null
pgd_counter_and_clipure_i_lamda:1.0
image_feature_purify:False
image_feature_purify_type:noisy_anchor
image_feature_purify_noisy_anchors:10
image_feature_purify_anchors_alpha:1.2
image_feature_purify_noisy_sigma:0.18
image_feature_purify_diff_threshold:0.0
image_feature_clipure_steps:10
image_feature_clipure_step_size:10.0
save_plots:False
lr:0.005
selection_p:0.1
tta_steps:1
top_k:20
softmax_temp:0.01
load_tecoa:

2026-02-11 21:28:15,231 - ADV_Generation_eps_4.0_steps_100_Added_Noise_gaussian_Sigma_0.24_Tau_Type_noisy_num_anchors_10 - INFO - Use GPU: 0 for training
2026-02-11 21:29:01,889 - ADV_Generation_eps_4.0_steps_100_Added_Noise_gaussian_Sigma_0.24_Tau_Type_noisy_num_anchors_10 - INFO - => Model created: visual backbone vit_l_14_datacomp_1b
2026-02-11 21:29:01,936 - ADV_Generation_eps_4.0_steps_100_Added_Noise_gaussian_Sigma_0.24_Tau_Type_noisy_num_anchors_10 - INFO - Number of test samples: 3783
2026-02-11 21:29:01,936 - ADV_Generation_eps_4.0_steps_100_Added_Noise_gaussian_Sigma_0.24_Tau_Type_noisy_num_anchors_10 - INFO - Evaluating dataset: UCF101
2026-02-11 21:29:01,937 - ADV_Generation_eps_4.0_steps_100_Added_Noise_gaussian_Sigma_0.24_Tau_Type_noisy_num_anchors_10 - INFO - Starting evaluation with batch size: 1, selection percentage: 0.1
2026-02-11 21:29:01,937 - ADV_Generation_eps_4.0_steps_100_Added_Noise_gaussian_Sigma_0.24_Tau_Type_noisy_num_anchors_10 - INFO - Using counter-attack with epsilon: 1.000000, alpha: 1.000000, steps: 0
2026-02-11 21:29:01,937 - ADV_Generation_eps_4.0_steps_100_Added_Noise_gaussian_Sigma_0.24_Tau_Type_noisy_num_anchors_10 - INFO - Adversarial examples will be loaded from /leonardo_work/EUHPC_R04_192/fmohamma/Adversarial_Robust_Clip/atpt_data/vit_l_14_datacomp_1b/UCF101/adv_images_eps_4.0_alpha_1.0_steps_100 and evaluated on vit_l_14_datacomp_1b
2026-02-11 21:29:01,938 - ADV_Generation_eps_4.0_steps_100_Added_Noise_gaussian_Sigma_0.24_Tau_Type_noisy_num_anchors_10 - INFO - Using directory for adversarial images: /leonardo_work/EUHPC_R04_192/fmohamma/Adversarial_Robust_Clip/atpt_data/vit_l_14_datacomp_1b/UCF101/adv_images_eps_4.0_alpha_1.0_steps_100
2026-02-11 21:29:02,271 - ADV_Generation_eps_4.0_steps_100_Added_Noise_gaussian_Sigma_0.24_Tau_Type_noisy_num_anchors_10 - INFO - Batch:[0] Adversarial images for this batch already exist
2026-02-11 21:29:02,820 - ADV_Generation_eps_4.0_steps_100_Added_Noise_gaussian_Sigma_0.24_Tau_Type_noisy_num_anchors_10 - INFO - Batch 1/3783: Clean accuracy 1.0000 | Adv accuracy: 0.0000 | Counter-attack accuracy: 0.0000
2026-02-11 21:29:02,822 - ADV_Generation_eps_4.0_steps_100_Added_Noise_gaussian_Sigma_0.24_Tau_Type_noisy_num_anchors_10 - INFO - Batch:[1] Adversarial images for this batch already exist
2026-02-11 21:29:03,151 - ADV_Generation_eps_4.0_steps_100_Added_Noise_gaussian_Sigma_0.24_Tau_Type_noisy_num_anchors_10 - INFO - Batch 2/3783: Clean accuracy 1.0000 | Adv accuracy: 0.0000 | Counter-attack accuracy: 0.0000
2026-02-11 21:29:03,152 - ADV_Generation_eps_4.0_steps_100_Added_Noise_gaussian_Sigma_0.24_Tau_Type_noisy_num_anchors_10 - INFO - Batch:[2] Adversarial images for this batch already exist
2026-02-11 21:29:03,480 - ADV_Generation_eps_4.0_steps_100_Added_Noise_gaussian_Sigma_0.24_Tau_Type_noisy_num_anchors_10 - INFO - Batch 3/3783: Clean accuracy 1.0000 | Adv accuracy: 0.0000 | Counter-attack accuracy: 0.0000
2026-02-11 21:29:03,481 - ADV_Generation_eps_4.0_steps_100_Added_Noise_gaussian_Sigma_0.24_Tau_Type_noisy_num_anchors_10 - INFO - Batch:[3] Adversarial images for this batch already exist
2026-02-11 21:29:03,807 - ADV_Generation_eps_4.0_steps_100_Added_Noise_gaussian_Sigma_0.24_Tau_Type_noisy_num_anchors_10 - INFO - Batch 4/3783: Clean accuracy 0.7500 | Adv accuracy: 0.0000 | Counter-attack accuracy: 0.0000
2026-02-11 21:29:03,809 - ADV_Generation_eps_4.0_steps_100_Added_Noise_gaussian_Sigma_0.24_Tau_Type_noisy_num_anchors_10 - INFO - Batch:[4] Adversarial images for this batch already exist
2026-02-11 21:29:04,134 - ADV_Generation_eps_4.0_steps_100_Added_Noise_gaussian_Sigma_0.24_Tau_Type_noisy_num_anchors_10 - INFO - Batch 5/3783: Clean accuracy 0.8000 | Adv accuracy: 0.0000 | Counter-attack accuracy: 0.0000
2026-02-11 21:29:04,135 - ADV_Generation_eps_4.0_steps_100_Added_Noise_gaussian_Sigma_0.24_Tau_Type_noisy_num_anchors_10 - INFO - Batch:[5] Adversarial images for this batch already exist
2026-02-11 21:29:04,462 - ADV_Generation_eps_4.0_steps_100_Added_Noise_gaussian_Sigma_0.24_Tau_Type_noisy_num_anchors_10 - INFO - Batch 6/3783: Clean accuracy 0.8333 | Adv accuracy: 0.0000 | Counter-attack accuracy: 0.0000
2026-02-11 21:29:04,463 - ADV_Generation_eps_4.0_steps_100_Added_Noise_gaussian_Sigma_0.24_Tau_Type_noisy_num_anchors_10 - INFO - Batch:[6] Adversarial images for this batch already exist
2026-02-11 21:29:04,801 - ADV_Generation_eps_4.0_steps_100_Added_Noise_gaussian_Sigma_0.24_Tau_Type_noisy_num_anchors_10 - INFO - Batch 7/3783: Clean accuracy 0.8571 | Adv accuracy: 0.0000 | Counter-attack accuracy: 0.0000
2026-02-11 21:29:04,803 - ADV_Generation_eps_4.0_steps_100_Added_Noise_gaussian_Sigma_0.24_Tau_Type_noisy_num_anchors_10 - INFO - Batch:[7] Adversarial images for this batch already exist
2026-02-11 21:29:05,128 - ADV_Generation_eps_4.0_steps_100_Added_Noise_gaussian_Sigma_0.24_Tau_Type_noisy_num_anchors_10 - INFO - Batch 8/3783: Clean accuracy 0.8750 | Adv accuracy: 0.0000 | Counter-attack accuracy: 0.0000
2026-02-11 21:29:05,129 - ADV_Generation_eps_4.0_steps_100_Added_Noise_gaussian_Sigma_0.24_Tau_Type_noisy_num_anchors_10 - INFO - Batch:[8] Adversarial images for this batch already exist
2026-02-11 21:29:05,462 - ADV_Generation_eps_4.0_steps_100_Added_Noise_gaussian_Sigma_0.24_Tau_Type_noisy_num_anchors_10 - INFO - Batch 9/3783: Clean accuracy 0.8889 | Adv accuracy: 0.0000 | Counter-attack accuracy: 0.0000
2026-02-11 21:29:05,463 - ADV_Generation_eps_4.0_steps_100_Added_Noise_gaussian_Sigma_0.24_Tau_Type_noisy_num_anchors_10 - INFO - Batch:[9] Adversarial images for this batch already exist
2026-02-11 21:29:05,791 - ADV_Generation_eps_4.0_steps_100_Added_Noise_gaussian_Sigma_0.24_Tau_Type_noisy_num_anchors_10 - INFO - Batch 10/3783: Clean accuracy 0.8000 | Adv accuracy: 0.0000 | Counter-attack accuracy: 0.0000
2026-02-11 21:29:05,792 - ADV_Generation_eps_4.0_steps_100_Added_Noise_gaussian_Sigma_0.24_Tau_Type_noisy_num_anchors_10 - INFO - Batch:[10] Adversarial images for this batch already exist
2026-02-11 21:29:06,118 - ADV_Generation_eps_4.0_steps_100_Added_Noise_gaussian_Sigma_0.24_Tau_Type_noisy_num_anchors_10 - INFO - Batch 11/3783: Clean accuracy 0.8182 | Adv accuracy: 0.0000 | Counter-attack accuracy: 0.0000
2026-02-11 21:29:06,119 - ADV_Generation_eps_4.0_steps_100_Added_Noise_gaussian_Sigma_0.24_Tau_Type_noisy_num_anchors_10 - INFO - Batch:[11] Adversarial images for this batch already exist
2026-02-11 21:29:06,444 - ADV_Generation_eps_4.0_steps_100_Added_Noise_gaussian_Sigma_0.24_Tau_Type_noisy_num_anchors_10 - INFO - Batch 12/3783: Clean accuracy 0.8333 | Adv accuracy: 0.0000 | Counter-attack accuracy: 0.0000
2026-02-11 21:29:06,445 - ADV_Generation_eps_4.0_steps_100_Added_Noise_gaussian_Sigma_0.24_Tau_Type_noisy_num_anchors_10 - INFO - Batch:[12] Adversarial images for this batch already exist
2026-02-11 21:29:06,782 - ADV_Generation_eps_4.0_steps_100_Added_Noise_gaussian_Sigma_0.24_Tau_Type_noisy_num_anchors_10 - INFO - Batch 13/3783: Clean accuracy 0.8462 | Adv accuracy: 0.0000 | Counter-attack accuracy: 0.0000
2026-02-11 21:29:06,783 - ADV_Generation_eps_4.0_steps_100_Added_Noise_gaussian_Sigma_0.24_Tau_Type_noisy_num_anchors_10 - INFO - Batch:[13] Adversarial images for this batch already exist
2026-02-11 21:29:07,110 - ADV_Generation_eps_4.0_steps_100_Added_Noise_gaussian_Sigma_0.24_Tau_Type_noisy_num_anchors_10 - INFO - Batch 14/3783: Clean accuracy 0.8571 | Adv accuracy: 0.0000 | Counter-attack accuracy: 0.0000
2026-02-11 21:29:07,111 - ADV_Generation_eps_4.0_steps_100_Added_Noise_gaussian_Sigma_0.24_Tau_Type_noisy_num_anchors_10 - INFO - Batch:[14] Adversarial images for this batch already exist
2026-02-11 21:29:07,436 - ADV_Generation_eps_4.0_steps_100_Added_Noise_gaussian_Sigma_0.24_Tau_Type_noisy_num_anchors_10 - INFO - Batch 15/3783: Clean accuracy 0.8667 | Adv accuracy: 0.0000 | Counter-attack accuracy: 0.0000
2026-02-11 21:29:07,437 - ADV_Generation_eps_4.0_steps_100_Added_Noise_gaussian_Sigma_0.24_Tau_Type_noisy_num_anchors_10 - INFO - Batch:[15] Adversarial images for this batch already exist
2026-02-11 21:29:07,767 - ADV_Generation_eps_4.0_steps_100_Added_Noise_gaussian_Sigma_0.24_Tau_Type_noisy_num_anchors_10 - INFO - Batch 16/3783: Clean accuracy 0.8125 | Adv accuracy: 0.0000 | Counter-attack accuracy: 0.0000
2026-02-11 21:29:07,768 - ADV_Generation_eps_4.0_steps_100_Added_Noise_gaussian_Sigma_0.24_Tau_Type_noisy_num_anchors_10 - INFO - Batch:[16] Adversarial images for this batch already exist
2026-02-11 21:29:08,098 - ADV_Generation_eps_4.0_steps_100_Added_Noise_gaussian_Sigma_0.24_Tau_Type_noisy_num_anchors_10 - INFO - Batch 17/3783: Clean accuracy 0.8235 | Adv accuracy: 0.0000 | Counter-attack accuracy: 0.0588
2026-02-11 21:29:08,099 - ADV_Generation_eps_4.0_steps_100_Added_Noise_gaussian_Sigma_0.24_Tau_Type_noisy_num_anchors_10 - INFO - Batch:[17] Adversarial images for this batch already exist
2026-02-11 21:29:08,424 - ADV_Generation_eps_4.0_steps_100_Added_Noise_gaussian_Sigma_0.24_Tau_Type_noisy_num_anchors_10 - INFO - Batch 18/3783: Clean accuracy 0.8333 | Adv accuracy: 0.0000 | Counter-attack accuracy: 0.0556
2026-02-11 21:29:08,425 - ADV_Generation_eps_4.0_steps_100_Added_Noise_gaussian_Sigma_0.24_Tau_Type_noisy_num_anchors_10 - INFO - Batch:[18] Adversarial images for this batch already exist
2026-02-11 21:29:08,766 - ADV_Generation_eps_4.0_steps_100_Added_Noise_gaussian_Sigma_0.24_Tau_Type_noisy_num_anchors_10 - INFO - Batch 19/3783: Clean accuracy 0.7895 | Adv accuracy: 0.0000 | Counter-attack accuracy: 0.0526
2026-02-11 21:29:08,767 - ADV_Generation_eps_4.0_steps_100_Added_Noise_gaussian_Sigma_0.24_Tau_Type_noisy_num_anchors_10 - INFO - Batch:[19] Adversarial images for this batch already exist
2026-02-11 21:29:09,089 - ADV_Generation_eps_4.0_steps_100_Added_Noise_gaussian_Sigma_0.24_Tau_Type_noisy_num_anchors_10 - INFO - Batch 20/3783: Clean accuracy 0.8000 | Adv accuracy: 0.0000 | Counter-attack accuracy: 0.0500
2026-02-11 21:29:09,089 - ADV_Generation_eps_4.0_steps_100_Added_Noise_gaussian_Sigma_0.24_Tau_Type_noisy_num_anchors_10 - INFO - Batch:[20] Adversarial images for this batch already exist
2026-02-11 21:29:09,415 - ADV_Generation_eps_4.0_steps_100_Added_Noise_gaussian_Sigma_0.24_Tau_Type_noisy_num_anchors_10 - INFO - Batch 21/3783: Clean accuracy 0.8095 | Adv accuracy: 0.0000 | Counter-attack accuracy: 0.0952
2026-02-11 21:29:09,416 - ADV_Generation_eps_4.0_steps_100_Added_Noise_gaussian_Sigma_0.24_Tau_Type_noisy_num_anchors_10 - INFO - Batch:[21] Adversarial images for this batch already exist
2026-02-11 21:29:09,747 - ADV_Generation_eps_4.0_steps_100_Added_Noise_gaussian_Sigma_0.24_Tau_Type_noisy_num_anchors_10 - INFO - Batch 22/3783: Clean accuracy 0.8182 | Adv accuracy: 0.0000 | Counter-attack accuracy: 0.1364
2026-02-11 21:29:09,748 - ADV_Generation_eps_4.0_steps_100_Added_Noise_gaussian_Sigma_0.24_Tau_Type_noisy_num_anchors_10 - INFO - Batch:[22] Adversarial images for this batch already exist
2026-02-11 21:29:10,073 - ADV_Generation_eps_4.0_steps_100_Added_Noise_gaussian_Sigma_0.24_Tau_Type_noisy_num_anchors_10 - INFO - Batch 23/3783: Clean accuracy 0.8261 | Adv accuracy: 0.0000 | Counter-attack accuracy: 0.1739
2026-02-11 21:29:10,074 - ADV_Generation_eps_4.0_steps_100_Added_Noise_gaussian_Sigma_0.24_Tau_Type_noisy_num_anchors_10 - INFO - Batch:[23] Adversarial images for this batch already exist
2026-02-11 21:29:10,394 - ADV_Generation_eps_4.0_steps_100_Added_Noise_gaussian_Sigma_0.24_Tau_Type_noisy_num_anchors_10 - INFO - Batch 24/3783: Clean accuracy 0.8333 | Adv accuracy: 0.0000 | Counter-attack accuracy: 0.1667
2026-02-11 21:29:10,395 - ADV_Generation_eps_4.0_steps_100_Added_Noise_gaussian_Sigma_0.24_Tau_Type_noisy_num_anchors_10 - INFO - Batch:[24] Adversarial images for this batch already exist
2026-02-11 21:29:10,721 - ADV_Generation_eps_4.0_steps_100_Added_Noise_gaussian_Sigma_0.24_Tau_Type_noisy_num_anchors_10 - INFO - Batch 25/3783: Clean accuracy 0.8400 | Adv accuracy: 0.0000 | Counter-attack accuracy: 0.1600
2026-02-11 21:29:10,722 - ADV_Generation_eps_4.0_steps_100_Added_Noise_gaussian_Sigma_0.24_Tau_Type_noisy_num_anchors_10 - INFO - Batch:[25] Adversarial images for this batch already exist
2026-02-11 21:29:11,047 - ADV_Generation_eps_4.0_steps_100_Added_Noise_gaussian_Sigma_0.24_Tau_Type_noisy_num_anchors_10 - INFO - Batch 26/3783: Clean accuracy 0.8462 | Adv accuracy: 0.0000 | Counter-attack accuracy: 0.1538
2026-02-11 21:29:11,048 - ADV_Generation_eps_4.0_steps_100_Added_Noise_gaussian_Sigma_0.24_Tau_Type_noisy_num_anchors_10 - INFO - Batch:[26] Adversarial images for this batch already exist
2026-02-11 21:29:11,377 - ADV_Generation_eps_4.0_steps_100_Added_Noise_gaussian_Sigma_0.24_Tau_Type_noisy_num_anchors_10 - INFO - Batch 27/3783: Clean accuracy 0.8519 | Adv accuracy: 0.0000 | Counter-attack accuracy: 0.1481
2026-02-11 21:29:11,378 - ADV_Generation_eps_4.0_steps_100_Added_Noise_gaussian_Sigma_0.24_Tau_Type_noisy_num_anchors_10 - INFO - Batch:[27] Adversarial images for this batch already exist
2026-02-11 21:29:11,706 - ADV_Generation_eps_4.0_steps_100_Added_Noise_gaussian_Sigma_0.24_Tau_Type_noisy_num_anchors_10 - INFO - Batch 28/3783: Clean accuracy 0.8571 | Adv accuracy: 0.0000 | Counter-attack accuracy: 0.1429
2026-02-11 21:29:11,707 - ADV_Generation_eps_4.0_steps_100_Added_Noise_gaussian_Sigma_0.24_Tau_Type_noisy_num_anchors_10 - INFO - Batch:[28] Adversarial images for this batch already exist
2026-02-11 21:29:12,057 - ADV_Generation_eps_4.0_steps_100_Added_Noise_gaussian_Sigma_0.24_Tau_Type_noisy_num_anchors_10 - INFO - Batch 29/3783: Clean accuracy 0.8621 | Adv accuracy: 0.0000 | Counter-attack accuracy: 0.1379
2026-02-11 21:29:12,058 - ADV_Generation_eps_4.0_steps_100_Added_Noise_gaussian_Sigma_0.24_Tau_Type_noisy_num_anchors_10 - INFO - Batch:[29] Adversarial images for this batch already exist
2026-02-11 21:29:12,391 - ADV_Generation_eps_4.0_steps_100_Added_Noise_gaussian_Sigma_0.24_Tau_Type_noisy_num_anchors_10 - INFO - Batch 30/3783: Clean accuracy 0.8667 | Adv accuracy: 0.0000 | Counter-attack accuracy: 0.1333
2026-02-11 21:29:12,392 - ADV_Generation_eps_4.0_steps_100_Added_Noise_gaussian_Sigma_0.24_Tau_Type_noisy_num_anchors_10 - INFO - Batch:[30] Adversarial images for this batch already exist
2026-02-11 21:29:12,720 - ADV_Generation_eps_4.0_steps_100_Added_Noise_gaussian_Sigma_0.24_Tau_Type_noisy_num_anchors_10 - INFO - Batch 31/3783: Clean accuracy 0.8710 | Adv accuracy: 0.0000 | Counter-attack accuracy: 0.1613
2026-02-11 21:29:12,721 - ADV_Generation_eps_4.0_steps_100_Added_Noise_gaussian_Sigma_0.24_Tau_Type_noisy_num_anchors_10 - INFO - Batch:[31] Adversarial images for this batch already exist
2026-02-11 21:29:13,045 - ADV_Generation_eps_4.0_steps_100_Added_Noise_gaussian_Sigma_0.24_Tau_Type_noisy_num_anchors_10 - INFO - Batch 32/3783: Clean accuracy 0.8750 | Adv accuracy: 0.0000 | Counter-attack accuracy: 0.1562
2026-02-11 21:29:13,046 - ADV_Generation_eps_4.0_steps_100_Added_Noise_gaussian_Sigma_0.24_Tau_Type_noisy_num_anchors_10 - INFO - Batch:[32] Adversarial images for this batch already exist
2026-02-11 21:29:13,367 - ADV_Generation_eps_4.0_steps_100_Added_Noise_gaussian_Sigma_0.24_Tau_Type_noisy_num_anchors_10 - INFO - Batch 33/3783: Clean accuracy 0.8788 | Adv accuracy: 0.0000 | Counter-attack accuracy: 0.1515
2026-02-11 21:29:13,368 - ADV_Generation_eps_4.0_steps_100_Added_Noise_gaussian_Sigma_0.24_Tau_Type_noisy_num_anchors_10 - INFO - Batch:[33] Adversarial images for this batch already exist
2026-02-11 21:29:13,695 - ADV_Generation_eps_4.0_steps_100_Added_Noise_gaussian_Sigma_0.24_Tau_Type_noisy_num_anchors_10 - INFO - Batch 34/3783: Clean accuracy 0.8824 | Adv accuracy: 0.0000 | Counter-attack accuracy: 0.1471
2026-02-11 21:29:13,695 - ADV_Generation_eps_4.0_steps_100_Added_Noise_gaussian_Sigma_0.24_Tau_Type_noisy_num_anchors_10 - INFO - Batch:[34] Adversarial images for this batch already exist
2026-02-11 21:29:14,021 - ADV_Generation_eps_4.0_steps_100_Added_Noise_gaussian_Sigma_0.24_Tau_Type_noisy_num_anchors_10 - INFO - Batch 35/3783: Clean accuracy 0.8857 | Adv accuracy: 0.0000 | Counter-attack accuracy: 0.1714
2026-02-11 21:29:14,023 - ADV_Generation_eps_4.0_steps_100_Added_Noise_gaussian_Sigma_0.24_Tau_Type_noisy_num_anchors_10 - INFO - Batch:[35] Adversarial images for this batch already exist
2026-02-11 21:29:14,346 - ADV_Generation_eps_4.0_steps_100_Added_Noise_gaussian_Sigma_0.24_Tau_Type_noisy_num_anchors_10 - INFO - Batch 36/3783: Clean accuracy 0.8889 | Adv accuracy: 0.0000 | Counter-attack accuracy: 0.1667
2026-02-11 21:29:14,348 - ADV_Generation_eps_4.0_steps_100_Added_Noise_gaussian_Sigma_0.24_Tau_Type_noisy_num_anchors_10 - INFO - Batch:[36] Adversarial images for this batch already exist
2026-02-11 21:29:14,674 - ADV_Generation_eps_4.0_steps_100_Added_Noise_gaussian_Sigma_0.24_Tau_Type_noisy_num_anchors_10 - INFO - Batch 37/3783: Clean accuracy 0.8919 | Adv accuracy: 0.0000 | Counter-attack accuracy: 0.1622
2026-02-11 21:29:14,675 - ADV_Generation_eps_4.0_steps_100_Added_Noise_gaussian_Sigma_0.24_Tau_Type_noisy_num_anchors_10 - INFO - Batch:[37] Adversarial images for this batch already exist
2026-02-11 21:29:15,001 - ADV_Generation_eps_4.0_steps_100_Added_Noise_gaussian_Sigma_0.24_Tau_Type_noisy_num_anchors_10 - INFO - Batch 38/3783: Clean accuracy 0.8947 | Adv accuracy: 0.0000 | Counter-attack accuracy: 0.1579
2026-02-11 21:29:15,002 - ADV_Generation_eps_4.0_steps_100_Added_Noise_gaussian_Sigma_0.24_Tau_Type_noisy_num_anchors_10 - INFO - Batch:[38] Adversarial images for this batch already exist
2026-02-11 21:29:15,331 - ADV_Generation_eps_4.0_steps_100_Added_Noise_gaussian_Sigma_0.24_Tau_Type_noisy_num_anchors_10 - INFO - Batch 39/3783: Clean accuracy 0.8974 | Adv accuracy: 0.0000 | Counter-attack accuracy: 0.1538
2026-02-11 21:29:15,332 - ADV_Generation_eps_4.0_steps_100_Added_Noise_gaussian_Sigma_0.24_Tau_Type_noisy_num_anchors_10 - INFO - Batch:[39] Adversarial images for this batch already exist
2026-02-11 21:29:15,657 - ADV_Generation_eps_4.0_steps_100_Added_Noise_gaussian_Sigma_0.24_Tau_Type_noisy_num_anchors_10 - INFO - Batch 40/3783: Clean accuracy 0.9000 | Adv accuracy: 0.0000 | Counter-attack accuracy: 0.1750
2026-02-11 21:29:15,658 - ADV_Generation_eps_4.0_steps_100_Added_Noise_gaussian_Sigma_0.24_Tau_Type_noisy_num_anchors_10 - INFO - Batch:[40] Adversarial images for this batch already exist
2026-02-11 21:29:15,989 - ADV_Generation_eps_4.0_steps_100_Added_Noise_gaussian_Sigma_0.24_Tau_Type_noisy_num_anchors_10 - INFO - Batch 41/3783: Clean accuracy 0.9024 | Adv accuracy: 0.0000 | Counter-attack accuracy: 0.1951
2026-02-11 21:29:15,990 - ADV_Generation_eps_4.0_steps_100_Added_Noise_gaussian_Sigma_0.24_Tau_Type_noisy_num_anchors_10 - INFO - Batch:[41] Adversarial images for this batch already exist
2026-02-11 21:29:16,315 - ADV_Generation_eps_4.0_steps_100_Added_Noise_gaussian_Sigma_0.24_Tau_Type_noisy_num_anchors_10 - INFO - Batch 42/3783: Clean accuracy 0.9048 | Adv accuracy: 0.0000 | Counter-attack accuracy: 0.2143
2026-02-11 21:29:16,316 - ADV_Generation_eps_4.0_steps_100_Added_Noise_gaussian_Sigma_0.24_Tau_Type_noisy_num_anchors_10 - INFO - Batch:[42] Adversarial images for this batch already exist
2026-02-11 21:29:16,658 - ADV_Generation_eps_4.0_steps_100_Added_Noise_gaussian_Sigma_0.24_Tau_Type_noisy_num_anchors_10 - INFO - Batch 43/3783: Clean accuracy 0.9070 | Adv accuracy: 0.0000 | Counter-attack accuracy: 0.2326
2026-02-11 21:29:16,659 - ADV_Generation_eps_4.0_steps_100_Added_Noise_gaussian_Sigma_0.24_Tau_Type_noisy_num_anchors_10 - INFO - Batch:[43] Adversarial images for this batch already exist
2026-02-11 21:29:17,009 - ADV_Generation_eps_4.0_steps_100_Added_Noise_gaussian_Sigma_0.24_Tau_Type_noisy_num_anchors_10 - INFO - Batch 44/3783: Clean accuracy 0.9091 | Adv accuracy: 0.0000 | Counter-attack accuracy: 0.2500
2026-02-11 21:29:17,010 - ADV_Generation_eps_4.0_steps_100_Added_Noise_gaussian_Sigma_0.24_Tau_Type_noisy_num_anchors_10 - INFO - Batch:[44] Adversarial images for this batch already exist
2026-02-11 21:29:17,342 - ADV_Generation_eps_4.0_steps_100_Added_Noise_gaussian_Sigma_0.24_Tau_Type_noisy_num_anchors_10 - INFO - Batch 45/3783: Clean accuracy 0.8889 | Adv accuracy: 0.0000 | Counter-attack accuracy: 0.2444
2026-02-11 21:29:17,343 - ADV_Generation_eps_4.0_steps_100_Added_Noise_gaussian_Sigma_0.24_Tau_Type_noisy_num_anchors_10 - INFO - Batch:[45] Adversarial images for this batch already exist
2026-02-11 21:29:17,664 - ADV_Generation_eps_4.0_steps_100_Added_Noise_gaussian_Sigma_0.24_Tau_Type_noisy_num_anchors_10 - INFO - Batch 46/3783: Clean accuracy 0.8913 | Adv accuracy: 0.0000 | Counter-attack accuracy: 0.2391
2026-02-11 21:29:17,665 - ADV_Generation_eps_4.0_steps_100_Added_Noise_gaussian_Sigma_0.24_Tau_Type_noisy_num_anchors_10 - INFO - Batch:[46] Adversarial images for this batch already exist
2026-02-11 21:29:17,994 - ADV_Generation_eps_4.0_steps_100_Added_Noise_gaussian_Sigma_0.24_Tau_Type_noisy_num_anchors_10 - INFO - Batch 47/3783: Clean accuracy 0.8936 | Adv accuracy: 0.0000 | Counter-attack accuracy: 0.2340
2026-02-11 21:29:17,995 - ADV_Generation_eps_4.0_steps_100_Added_Noise_gaussian_Sigma_0.24_Tau_Type_noisy_num_anchors_10 - INFO - Batch:[47] Adversarial images for this batch already exist
2026-02-11 21:29:18,318 - ADV_Generation_eps_4.0_steps_100_Added_Noise_gaussian_Sigma_0.24_Tau_Type_noisy_num_anchors_10 - INFO - Batch 48/3783: Clean accuracy 0.8958 | Adv accuracy: 0.0000 | Counter-attack accuracy: 0.2292
2026-02-11 21:29:18,319 - ADV_Generation_eps_4.0_steps_100_Added_Noise_gaussian_Sigma_0.24_Tau_Type_noisy_num_anchors_10 - INFO - Batch:[48] Adversarial images for this batch already exist
2026-02-11 21:29:18,639 - ADV_Generation_eps_4.0_steps_100_Added_Noise_gaussian_Sigma_0.24_Tau_Type_noisy_num_anchors_10 - INFO - Batch 49/3783: Clean accuracy 0.8980 | Adv accuracy: 0.0000 | Counter-attack accuracy: 0.2449
2026-02-11 21:29:18,640 - ADV_Generation_eps_4.0_steps_100_Added_Noise_gaussian_Sigma_0.24_Tau_Type_noisy_num_anchors_10 - INFO - Batch:[49] Adversarial images for this batch already exist
2026-02-11 21:29:18,969 - ADV_Generation_eps_4.0_steps_100_Added_Noise_gaussian_Sigma_0.24_Tau_Type_noisy_num_anchors_10 - INFO - Batch 50/3783: Clean accuracy 0.9000 | Adv accuracy: 0.0000 | Counter-attack accuracy: 0.2400
2026-02-11 21:29:18,970 - ADV_Generation_eps_4.0_steps_100_Added_Noise_gaussian_Sigma_0.24_Tau_Type_noisy_num_anchors_10 - INFO - Batch:[50] Adversarial images for this batch already exist
2026-02-11 21:29:19,301 - ADV_Generation_eps_4.0_steps_100_Added_Noise_gaussian_Sigma_0.24_Tau_Type_noisy_num_anchors_10 - INFO - Batch 51/3783: Clean accuracy 0.9020 | Adv accuracy: 0.0000 | Counter-attack accuracy: 0.2353
2026-02-11 21:29:19,302 - ADV_Generation_eps_4.0_steps_100_Added_Noise_gaussian_Sigma_0.24_Tau_Type_noisy_num_anchors_10 - INFO - Batch:[51] Adversarial images for this batch already exist
2026-02-11 21:29:19,626 - ADV_Generation_eps_4.0_steps_100_Added_Noise_gaussian_Sigma_0.24_Tau_Type_noisy_num_anchors_10 - INFO - Batch 52/3783: Clean accuracy 0.9038 | Adv accuracy: 0.0000 | Counter-attack accuracy: 0.2308
2026-02-11 21:29:19,627 - ADV_Generation_eps_4.0_steps_100_Added_Noise_gaussian_Sigma_0.24_Tau_Type_noisy_num_anchors_10 - INFO - Batch:[52] Adversarial images for this batch already exist
2026-02-11 21:29:19,950 - ADV_Generation_eps_4.0_steps_100_Added_Noise_gaussian_Sigma_0.24_Tau_Type_noisy_num_anchors_10 - INFO - Batch 53/3783: Clean accuracy 0.9057 | Adv accuracy: 0.0000 | Counter-attack accuracy: 0.2264
2026-02-11 21:29:19,952 - ADV_Generation_eps_4.0_steps_100_Added_Noise_gaussian_Sigma_0.24_Tau_Type_noisy_num_anchors_10 - INFO - Batch:[53] Adversarial images for this batch already exist
2026-02-11 21:29:20,282 - ADV_Generation_eps_4.0_steps_100_Added_Noise_gaussian_Sigma_0.24_Tau_Type_noisy_num_anchors_10 - INFO - Batch 54/3783: Clean accuracy 0.9074 | Adv accuracy: 0.0000 | Counter-attack accuracy: 0.2222
2026-02-11 21:29:20,283 - ADV_Generation_eps_4.0_steps_100_Added_Noise_gaussian_Sigma_0.24_Tau_Type_noisy_num_anchors_10 - INFO - Batch:[54] Adversarial images for this batch already exist
2026-02-11 21:29:20,610 - ADV_Generation_eps_4.0_steps_100_Added_Noise_gaussian_Sigma_0.24_Tau_Type_noisy_num_anchors_10 - INFO - Batch 55/3783: Clean accuracy 0.8909 | Adv accuracy: 0.0000 | Counter-attack accuracy: 0.2182
2026-02-11 21:29:20,611 - ADV_Generation_eps_4.0_steps_100_Added_Noise_gaussian_Sigma_0.24_Tau_Type_noisy_num_anchors_10 - INFO - Batch:[55] Adversarial images for this batch already exist
2026-02-11 21:29:20,934 - ADV_Generation_eps_4.0_steps_100_Added_Noise_gaussian_Sigma_0.24_Tau_Type_noisy_num_anchors_10 - INFO - Batch 56/3783: Clean accuracy 0.8929 | Adv accuracy: 0.0000 | Counter-attack accuracy: 0.2143
2026-02-11 21:29:20,935 - ADV_Generation_eps_4.0_steps_100_Added_Noise_gaussian_Sigma_0.24_Tau_Type_noisy_num_anchors_10 - INFO - Batch:[56] Adversarial images for this batch already exist
2026-02-11 21:29:21,255 - ADV_Generation_eps_4.0_steps_100_Added_Noise_gaussian_Sigma_0.24_Tau_Type_noisy_num_anchors_10 - INFO - Batch 57/3783: Clean accuracy 0.8947 | Adv accuracy: 0.0000 | Counter-attack accuracy: 0.2105
2026-02-11 21:29:21,256 - ADV_Generation_eps_4.0_steps_100_Added_Noise_gaussian_Sigma_0.24_Tau_Type_noisy_num_anchors_10 - INFO - Batch:[57] Adversarial images for this batch already exist
2026-02-11 21:29:21,580 - ADV_Generation_eps_4.0_steps_100_Added_Noise_gaussian_Sigma_0.24_Tau_Type_noisy_num_anchors_10 - INFO - Batch 58/3783: Clean accuracy 0.8966 | Adv accuracy: 0.0000 | Counter-attack accuracy: 0.2069
2026-02-11 21:29:21,581 - ADV_Generation_eps_4.0_steps_100_Added_Noise_gaussian_Sigma_0.24_Tau_Type_noisy_num_anchors_10 - INFO - Batch:[58] Adversarial images for this batch already exist
2026-02-11 21:29:21,902 - ADV_Generation_eps_4.0_steps_100_Added_Noise_gaussian_Sigma_0.24_Tau_Type_noisy_num_anchors_10 - INFO - Batch 59/3783: Clean accuracy 0.8983 | Adv accuracy: 0.0000 | Counter-attack accuracy: 0.2034
2026-02-11 21:29:21,903 - ADV_Generation_eps_4.0_steps_100_Added_Noise_gaussian_Sigma_0.24_Tau_Type_noisy_num_anchors_10 - INFO - Batch:[59] Adversarial images for this batch already exist
2026-02-11 21:29:22,227 - ADV_Generation_eps_4.0_steps_100_Added_Noise_gaussian_Sigma_0.24_Tau_Type_noisy_num_anchors_10 - INFO - Batch 60/3783: Clean accuracy 0.9000 | Adv accuracy: 0.0000 | Counter-attack accuracy: 0.2000
2026-02-11 21:29:22,229 - ADV_Generation_eps_4.0_steps_100_Added_Noise_gaussian_Sigma_0.24_Tau_Type_noisy_num_anchors_10 - INFO - Batch:[60] Adversarial images for this batch already exist
2026-02-11 21:29:22,558 - ADV_Generation_eps_4.0_steps_100_Added_Noise_gaussian_Sigma_0.24_Tau_Type_noisy_num_anchors_10 - INFO - Batch 61/3783: Clean accuracy 0.9016 | Adv accuracy: 0.0000 | Counter-attack accuracy: 0.2131
2026-02-11 21:29:22,564 - ADV_Generation_eps_4.0_steps_100_Added_Noise_gaussian_Sigma_0.24_Tau_Type_noisy_num_anchors_10 - INFO - Batch:[61] Adversarial images for this batch already exist
2026-02-11 21:29:22,887 - ADV_Generation_eps_4.0_steps_100_Added_Noise_gaussian_Sigma_0.24_Tau_Type_noisy_num_anchors_10 - INFO - Batch 62/3783: Clean accuracy 0.9032 | Adv accuracy: 0.0000 | Counter-attack accuracy: 0.2097
2026-02-11 21:29:22,888 - ADV_Generation_eps_4.0_steps_100_Added_Noise_gaussian_Sigma_0.24_Tau_Type_noisy_num_anchors_10 - INFO - Batch:[62] Adversarial images for this batch already exist
2026-02-11 21:29:23,220 - ADV_Generation_eps_4.0_steps_100_Added_Noise_gaussian_Sigma_0.24_Tau_Type_noisy_num_anchors_10 - INFO - Batch 63/3783: Clean accuracy 0.9048 | Adv accuracy: 0.0000 | Counter-attack accuracy: 0.2063
2026-02-11 21:29:23,221 - ADV_Generation_eps_4.0_steps_100_Added_Noise_gaussian_Sigma_0.24_Tau_Type_noisy_num_anchors_10 - INFO - Batch:[63] Adversarial images for this batch already exist
2026-02-11 21:29:23,551 - ADV_Generation_eps_4.0_steps_100_Added_Noise_gaussian_Sigma_0.24_Tau_Type_noisy_num_anchors_10 - INFO - Batch 64/3783: Clean accuracy 0.9062 | Adv accuracy: 0.0000 | Counter-attack accuracy: 0.2188
2026-02-11 21:29:23,552 - ADV_Generation_eps_4.0_steps_100_Added_Noise_gaussian_Sigma_0.24_Tau_Type_noisy_num_anchors_10 - INFO - Batch:[64] Adversarial images for this batch already exist
2026-02-11 21:29:23,881 - ADV_Generation_eps_4.0_steps_100_Added_Noise_gaussian_Sigma_0.24_Tau_Type_noisy_num_anchors_10 - INFO - Batch 65/3783: Clean accuracy 0.9077 | Adv accuracy: 0.0000 | Counter-attack accuracy: 0.2154
2026-02-11 21:29:23,882 - ADV_Generation_eps_4.0_steps_100_Added_Noise_gaussian_Sigma_0.24_Tau_Type_noisy_num_anchors_10 - INFO - Batch:[65] Adversarial images for this batch already exist
2026-02-11 21:29:24,207 - ADV_Generation_eps_4.0_steps_100_Added_Noise_gaussian_Sigma_0.24_Tau_Type_noisy_num_anchors_10 - INFO - Batch 66/3783: Clean accuracy 0.9091 | Adv accuracy: 0.0000 | Counter-attack accuracy: 0.2121
2026-02-11 21:29:24,208 - ADV_Generation_eps_4.0_steps_100_Added_Noise_gaussian_Sigma_0.24_Tau_Type_noisy_num_anchors_10 - INFO - Batch:[66] Adversarial images for this batch already exist
2026-02-11 21:29:24,534 - ADV_Generation_eps_4.0_steps_100_Added_Noise_gaussian_Sigma_0.24_Tau_Type_noisy_num_anchors_10 - INFO - Batch 67/3783: Clean accuracy 0.9104 | Adv accuracy: 0.0000 | Counter-attack accuracy: 0.2090
2026-02-11 21:29:24,535 - ADV_Generation_eps_4.0_steps_100_Added_Noise_gaussian_Sigma_0.24_Tau_Type_noisy_num_anchors_10 - INFO - Batch:[67] Adversarial images for this batch already exist
2026-02-11 21:29:24,859 - ADV_Generation_eps_4.0_steps_100_Added_Noise_gaussian_Sigma_0.24_Tau_Type_noisy_num_anchors_10 - INFO - Batch 68/3783: Clean accuracy 0.9118 | Adv accuracy: 0.0000 | Counter-attack accuracy: 0.2206
2026-02-11 21:29:24,860 - ADV_Generation_eps_4.0_steps_100_Added_Noise_gaussian_Sigma_0.24_Tau_Type_noisy_num_anchors_10 - INFO - Batch:[68] Adversarial images for this batch already exist
2026-02-11 21:29:25,196 - ADV_Generation_eps_4.0_steps_100_Added_Noise_gaussian_Sigma_0.24_Tau_Type_noisy_num_anchors_10 - INFO - Batch 69/3783: Clean accuracy 0.9130 | Adv accuracy: 0.0000 | Counter-attack accuracy: 0.2319
2026-02-11 21:29:25,197 - ADV_Generation_eps_4.0_steps_100_Added_Noise_gaussian_Sigma_0.24_Tau_Type_noisy_num_anchors_10 - INFO - Batch:[69] Adversarial images for this batch already exist
2026-02-11 21:29:25,522 - ADV_Generation_eps_4.0_steps_100_Added_Noise_gaussian_Sigma_0.24_Tau_Type_noisy_num_anchors_10 - INFO - Batch 70/3783: Clean accuracy 0.9143 | Adv accuracy: 0.0000 | Counter-attack accuracy: 0.2286
2026-02-11 21:29:25,523 - ADV_Generation_eps_4.0_steps_100_Added_Noise_gaussian_Sigma_0.24_Tau_Type_noisy_num_anchors_10 - INFO - Batch:[70] Adversarial images for this batch already exist
2026-02-11 21:29:25,851 - ADV_Generation_eps_4.0_steps_100_Added_Noise_gaussian_Sigma_0.24_Tau_Type_noisy_num_anchors_10 - INFO - Batch 71/3783: Clean accuracy 0.9155 | Adv accuracy: 0.0000 | Counter-attack accuracy: 0.2394
2026-02-11 21:29:25,852 - ADV_Generation_eps_4.0_steps_100_Added_Noise_gaussian_Sigma_0.24_Tau_Type_noisy_num_anchors_10 - INFO - Batch:[71] Adversarial images for this batch already exist
2026-02-11 21:29:26,179 - ADV_Generation_eps_4.0_steps_100_Added_Noise_gaussian_Sigma_0.24_Tau_Type_noisy_num_anchors_10 - INFO - Batch 72/3783: Clean accuracy 0.9167 | Adv accuracy: 0.0000 | Counter-attack accuracy: 0.2500
2026-02-11 21:29:26,179 - ADV_Generation_eps_4.0_steps_100_Added_Noise_gaussian_Sigma_0.24_Tau_Type_noisy_num_anchors_10 - INFO - Batch:[72] Adversarial images for this batch already exist
