2025-08-22 15:21:35,810 - ADV_Generation_eps_4.0_steps_100_image_only_attack_prm_Purification_type_noisy_anchor_anchors_10_alpha_1.2_sigma_0.18_threshold_0.0 - INFO - ==========================================
data:/leonardo_work/EUHPC_R04_192/fmohamma/Adversarial_Robust_Clip/atpt_data/downstream_datasets
test_sets:V
dataset_mode:test
arch:delta_clip_l14_224
resolution:224
transferability:False
source_model:fare4
workers:4
no_pin_memory:False
batch_size:64
adv_bs:16
print_freq:20
gpu:0
no_cudnn_benchmark:False
n_ctx:4
ctx_init:a_photo_of_a
seed:0
output_dir:/leonardo_work/EUHPC_R04_192/fmohamma/Adversarial_Robust_Clip/atpt_data/delta_clip_l14_224/V
log_output_dir:/leonardo_work/EUHPC_R04_192/fmohamma/Adversarial_Robust_Clip/ATPT/Final_Results_anchor/delta_clip_l14_224/V
image_only_attack:True
image_only_attack_type:prm
image_predicted_label_attack:False
eps:4.0
alpha:1.0
alpha_eps_ratio:4.0
steps:100
counter_attack:False
counter_attack_type:pgd
counter_attack_steps:2
counter_attack_eps:4.0
counter_attack_alpha:1.0
counter_attack_tau_thres:0.2
counter_attack_beta:2.0
counter_attack_weighted_perturbations:True
pgd_clip_pure_i_text_embeddings:null
pgd_counter_and_clipure_i_lamda:1.0
image_feature_purify:True
image_feature_purify_type:noisy_anchor
image_feature_purify_noisy_anchors:10
image_feature_purify_anchors_alpha:1.2
image_feature_purify_noisy_sigma:0.18
image_feature_purify_diff_threshold:0.0
image_feature_clipure_steps:10
image_feature_clipure_step_size:10.0
save_plots:False
lr:0.005
selection_p:0.1
tta_steps:1
top_k:20
softmax_temp:0.01
load_tecoa:

2025-08-22 15:21:35,812 - ADV_Generation_eps_4.0_steps_100_image_only_attack_prm_Purification_type_noisy_anchor_anchors_10_alpha_1.2_sigma_0.18_threshold_0.0 - INFO - Use GPU: 0 for training
2025-08-22 15:23:14,986 - ADV_Generation_eps_4.0_steps_100_image_only_attack_prm_Purification_type_noisy_anchor_anchors_10_alpha_1.2_sigma_0.18_threshold_0.0 - INFO - => Model created: visual backbone delta_clip_l14_224
2025-08-22 15:23:16,176 - ADV_Generation_eps_4.0_steps_100_image_only_attack_prm_Purification_type_noisy_anchor_anchors_10_alpha_1.2_sigma_0.18_threshold_0.0 - INFO - Number of test samples: 5000
2025-08-22 15:23:16,176 - ADV_Generation_eps_4.0_steps_100_image_only_attack_prm_Purification_type_noisy_anchor_anchors_10_alpha_1.2_sigma_0.18_threshold_0.0 - INFO - Evaluating dataset: V
2025-08-22 15:23:16,177 - ADV_Generation_eps_4.0_steps_100_image_only_attack_prm_Purification_type_noisy_anchor_anchors_10_alpha_1.2_sigma_0.18_threshold_0.0 - INFO - Starting evaluation with batch size: 64, selection percentage: 0.1
2025-08-22 15:23:16,177 - ADV_Generation_eps_4.0_steps_100_image_only_attack_prm_Purification_type_noisy_anchor_anchors_10_alpha_1.2_sigma_0.18_threshold_0.0 - INFO - Using PGD attack with epsilon: 0.015686, alpha: 0.003922, steps: 100 image only attack True image only attack type  prm image predicted label attack False
2025-08-22 15:23:16,177 - ADV_Generation_eps_4.0_steps_100_image_only_attack_prm_Purification_type_noisy_anchor_anchors_10_alpha_1.2_sigma_0.18_threshold_0.0 - INFO - Adversarial examples will be loaded from /leonardo_work/EUHPC_R04_192/fmohamma/Adversarial_Robust_Clip/atpt_data/delta_clip_l14_224/V/adv_images_eps_4.0_alpha_1.0_steps_100_image_only_attack_prm and evaluated on delta_clip_l14_224
2025-08-22 15:23:16,178 - ADV_Generation_eps_4.0_steps_100_image_only_attack_prm_Purification_type_noisy_anchor_anchors_10_alpha_1.2_sigma_0.18_threshold_0.0 - INFO - Using directory for adversarial images: /leonardo_work/EUHPC_R04_192/fmohamma/Adversarial_Robust_Clip/atpt_data/delta_clip_l14_224/V/adv_images_eps_4.0_alpha_1.0_steps_100_image_only_attack_prm
2025-08-22 15:24:19,771 - ADV_Generation_eps_4.0_steps_100_image_only_attack_prm_Purification_type_noisy_anchor_anchors_10_alpha_1.2_sigma_0.18_threshold_0.0 - INFO - Generated adversarial images for the entire batch.
2025-08-22 15:24:19,774 - ADV_Generation_eps_4.0_steps_100_image_only_attack_prm_Purification_type_noisy_anchor_anchors_10_alpha_1.2_sigma_0.18_threshold_0.0 - INFO - Batch:[0] Image: [0] Saved adversarial tensor to /leonardo_work/EUHPC_R04_192/fmohamma/Adversarial_Robust_Clip/atpt_data/delta_clip_l14_224/V/adv_images_eps_4.0_alpha_1.0_steps_100_image_only_attack_prm/0_58fbc3e79ef15162b7726de04e98c90bb91a3055.pt
2025-08-22 15:24:19,777 - ADV_Generation_eps_4.0_steps_100_image_only_attack_prm_Purification_type_noisy_anchor_anchors_10_alpha_1.2_sigma_0.18_threshold_0.0 - INFO - Batch:[0] Image: [1] Saved adversarial tensor to /leonardo_work/EUHPC_R04_192/fmohamma/Adversarial_Robust_Clip/atpt_data/delta_clip_l14_224/V/adv_images_eps_4.0_alpha_1.0_steps_100_image_only_attack_prm/0_64f661b97cfd6db73bd6c30325597cf7c7b322d5.pt
2025-08-22 15:24:19,779 - ADV_Generation_eps_4.0_steps_100_image_only_attack_prm_Purification_type_noisy_anchor_anchors_10_alpha_1.2_sigma_0.18_threshold_0.0 - INFO - Batch:[0] Image: [2] Saved adversarial tensor to /leonardo_work/EUHPC_R04_192/fmohamma/Adversarial_Robust_Clip/atpt_data/delta_clip_l14_224/V/adv_images_eps_4.0_alpha_1.0_steps_100_image_only_attack_prm/0_66123ec1b806abff544bb89e11653ef5185af4be.pt
2025-08-22 15:24:19,780 - ADV_Generation_eps_4.0_steps_100_image_only_attack_prm_Purification_type_noisy_anchor_anchors_10_alpha_1.2_sigma_0.18_threshold_0.0 - INFO - Batch:[0] Image: [3] Saved adversarial tensor to /leonardo_work/EUHPC_R04_192/fmohamma/Adversarial_Robust_Clip/atpt_data/delta_clip_l14_224/V/adv_images_eps_4.0_alpha_1.0_steps_100_image_only_attack_prm/0_7e4a8987a9a330189cc38c4098b1c57ac301713f.pt
2025-08-22 15:24:19,783 - ADV_Generation_eps_4.0_steps_100_image_only_attack_prm_Purification_type_noisy_anchor_anchors_10_alpha_1.2_sigma_0.18_threshold_0.0 - INFO - Batch:[0] Image: [4] Saved adversarial tensor to /leonardo_work/EUHPC_R04_192/fmohamma/Adversarial_Robust_Clip/atpt_data/delta_clip_l14_224/V/adv_images_eps_4.0_alpha_1.0_steps_100_image_only_attack_prm/0_8e1374a4e20d7af22665b7749158b7eb9fa3826e.pt
2025-08-22 15:24:19,786 - ADV_Generation_eps_4.0_steps_100_image_only_attack_prm_Purification_type_noisy_anchor_anchors_10_alpha_1.2_sigma_0.18_threshold_0.0 - INFO - Batch:[0] Image: [5] Saved adversarial tensor to /leonardo_work/EUHPC_R04_192/fmohamma/Adversarial_Robust_Clip/atpt_data/delta_clip_l14_224/V/adv_images_eps_4.0_alpha_1.0_steps_100_image_only_attack_prm/1_2fb7561b81c4e57499123d88ca1b3dfb90c12b04.pt
2025-08-22 15:24:19,789 - ADV_Generation_eps_4.0_steps_100_image_only_attack_prm_Purification_type_noisy_anchor_anchors_10_alpha_1.2_sigma_0.18_threshold_0.0 - INFO - Batch:[0] Image: [6] Saved adversarial tensor to /leonardo_work/EUHPC_R04_192/fmohamma/Adversarial_Robust_Clip/atpt_data/delta_clip_l14_224/V/adv_images_eps_4.0_alpha_1.0_steps_100_image_only_attack_prm/1_410be3396e37d22abeeb2117140570a27ca059d7.pt
2025-08-22 15:24:19,791 - ADV_Generation_eps_4.0_steps_100_image_only_attack_prm_Purification_type_noisy_anchor_anchors_10_alpha_1.2_sigma_0.18_threshold_0.0 - INFO - Batch:[0] Image: [7] Saved adversarial tensor to /leonardo_work/EUHPC_R04_192/fmohamma/Adversarial_Robust_Clip/atpt_data/delta_clip_l14_224/V/adv_images_eps_4.0_alpha_1.0_steps_100_image_only_attack_prm/1_4bfc25951f1f2f8568aaed8be30920b187674d0a.pt
2025-08-22 15:24:19,794 - ADV_Generation_eps_4.0_steps_100_image_only_attack_prm_Purification_type_noisy_anchor_anchors_10_alpha_1.2_sigma_0.18_threshold_0.0 - INFO - Batch:[0] Image: [8] Saved adversarial tensor to /leonardo_work/EUHPC_R04_192/fmohamma/Adversarial_Robust_Clip/atpt_data/delta_clip_l14_224/V/adv_images_eps_4.0_alpha_1.0_steps_100_image_only_attack_prm/1_6c8a2fdab07e64c8ac68c1d6914469a517127710.pt
2025-08-22 15:24:19,796 - ADV_Generation_eps_4.0_steps_100_image_only_attack_prm_Purification_type_noisy_anchor_anchors_10_alpha_1.2_sigma_0.18_threshold_0.0 - INFO - Batch:[0] Image: [9] Saved adversarial tensor to /leonardo_work/EUHPC_R04_192/fmohamma/Adversarial_Robust_Clip/atpt_data/delta_clip_l14_224/V/adv_images_eps_4.0_alpha_1.0_steps_100_image_only_attack_prm/1_6c8b66e303801b018d86b8ed7ca897d5ed563b75.pt
2025-08-22 15:24:19,798 - ADV_Generation_eps_4.0_steps_100_image_only_attack_prm_Purification_type_noisy_anchor_anchors_10_alpha_1.2_sigma_0.18_threshold_0.0 - INFO - Batch:[0] Image: [10] Saved adversarial tensor to /leonardo_work/EUHPC_R04_192/fmohamma/Adversarial_Robust_Clip/atpt_data/delta_clip_l14_224/V/adv_images_eps_4.0_alpha_1.0_steps_100_image_only_attack_prm/10_0615b841d58ea66d72093e4d135a710fee1c0eb2.pt
2025-08-22 15:24:19,800 - ADV_Generation_eps_4.0_steps_100_image_only_attack_prm_Purification_type_noisy_anchor_anchors_10_alpha_1.2_sigma_0.18_threshold_0.0 - INFO - Batch:[0] Image: [11] Saved adversarial tensor to /leonardo_work/EUHPC_R04_192/fmohamma/Adversarial_Robust_Clip/atpt_data/delta_clip_l14_224/V/adv_images_eps_4.0_alpha_1.0_steps_100_image_only_attack_prm/10_2a91d912f82f9c8047fc9ab634c58e7499ad1d8d.pt
2025-08-22 15:24:19,801 - ADV_Generation_eps_4.0_steps_100_image_only_attack_prm_Purification_type_noisy_anchor_anchors_10_alpha_1.2_sigma_0.18_threshold_0.0 - INFO - Batch:[0] Image: [12] Saved adversarial tensor to /leonardo_work/EUHPC_R04_192/fmohamma/Adversarial_Robust_Clip/atpt_data/delta_clip_l14_224/V/adv_images_eps_4.0_alpha_1.0_steps_100_image_only_attack_prm/10_367d70ba1eef798b7b6cb32e6666675a3322cd1d.pt
2025-08-22 15:24:19,803 - ADV_Generation_eps_4.0_steps_100_image_only_attack_prm_Purification_type_noisy_anchor_anchors_10_alpha_1.2_sigma_0.18_threshold_0.0 - INFO - Batch:[0] Image: [13] Saved adversarial tensor to /leonardo_work/EUHPC_R04_192/fmohamma/Adversarial_Robust_Clip/atpt_data/delta_clip_l14_224/V/adv_images_eps_4.0_alpha_1.0_steps_100_image_only_attack_prm/10_3b12f8a9e0fca07246affdd805e7a8c13ef22136.pt
2025-08-22 15:24:19,804 - ADV_Generation_eps_4.0_steps_100_image_only_attack_prm_Purification_type_noisy_anchor_anchors_10_alpha_1.2_sigma_0.18_threshold_0.0 - INFO - Batch:[0] Image: [14] Saved adversarial tensor to /leonardo_work/EUHPC_R04_192/fmohamma/Adversarial_Robust_Clip/atpt_data/delta_clip_l14_224/V/adv_images_eps_4.0_alpha_1.0_steps_100_image_only_attack_prm/10_3fe41c41741768fbec3f765d165c8caf88f3b7dd.pt
2025-08-22 15:24:19,806 - ADV_Generation_eps_4.0_steps_100_image_only_attack_prm_Purification_type_noisy_anchor_anchors_10_alpha_1.2_sigma_0.18_threshold_0.0 - INFO - Batch:[0] Image: [15] Saved adversarial tensor to /leonardo_work/EUHPC_R04_192/fmohamma/Adversarial_Robust_Clip/atpt_data/delta_clip_l14_224/V/adv_images_eps_4.0_alpha_1.0_steps_100_image_only_attack_prm/100_0f3db9e0ae5b586c8ab726e73359494d4d2a5624.pt
2025-08-22 15:24:23,604 - ADV_Generation_eps_4.0_steps_100_image_only_attack_prm_Purification_type_noisy_anchor_anchors_10_alpha_1.2_sigma_0.18_threshold_0.0 - INFO - ======================== Adversarial Image Evaluation ==========================
2025-08-22 15:24:23,645 - ADV_Generation_eps_4.0_steps_100_image_only_attack_prm_Purification_type_noisy_anchor_anchors_10_alpha_1.2_sigma_0.18_threshold_0.0 - INFO - target: tensor([0, 0, 0, 0, 0, 1, 1, 1, 1, 1, 2, 2, 2, 2, 2, 3], device='cuda:0')
2025-08-22 15:24:23,646 - ADV_Generation_eps_4.0_steps_100_image_only_attack_prm_Purification_type_noisy_anchor_anchors_10_alpha_1.2_sigma_0.18_threshold_0.0 - INFO - adv_pred: tensor([  0,   0,   0,   0,   0,   1,   1, 404,   1,   1,   2,   2,   2,  24,
         24,   3], device='cuda:0')
2025-08-22 15:24:23,646 - ADV_Generation_eps_4.0_steps_100_image_only_attack_prm_Purification_type_noisy_anchor_anchors_10_alpha_1.2_sigma_0.18_threshold_0.0 - INFO - adv_correct_orig: 13 = 0 + 13
2025-08-22 15:24:23,646 - ADV_Generation_eps_4.0_steps_100_image_only_attack_prm_Purification_type_noisy_anchor_anchors_10_alpha_1.2_sigma_0.18_threshold_0.0 - INFO - adv_pred_purify: tensor([  0, 980, 412,   0, 759,   1,   1, 509, 953, 216,  24, 759,   2, 836,
         24,   3], device='cuda:0')
2025-08-22 15:24:23,647 - ADV_Generation_eps_4.0_steps_100_image_only_attack_prm_Purification_type_noisy_anchor_anchors_10_alpha_1.2_sigma_0.18_threshold_0.0 - INFO - adv_correct_purify: 6 = 0 + 6
