2026-02-12 13:07:48,902 - ADV_Generation_eps_0.0_steps_100_Added_Noise_gaussian_Sigma_0.03_Tau_Type_noisy_num_anchors_10 - INFO - ==========================================
data:/leonardo_work/EUHPC_R04_192/fmohamma/Adversarial_Robust_Clip/atpt_data/downstream_datasets
test_sets:Flower102
dataset_mode:test
arch:delta_clip_l14_224
resolution:224
transferability:False
source_model:fare4
workers:4
no_pin_memory:False
batch_size:1
adv_bs:1
print_freq:20
gpu:0
no_cudnn_benchmark:False
n_ctx:4
ctx_init:a_photo_of_a
seed:0
output_dir:/leonardo_work/EUHPC_R04_192/fmohamma/Adversarial_Robust_Clip/atpt_data/delta_clip_l14_224/Flower102
log_output_dir:/leonardo_work/EUHPC_R04_192/fmohamma/Adversarial_Robust_Clip/ATPT/Diffratio_v3/delta_clip_l14_224/Flower102/ADV_Generation_eps_0.0_steps_100_Added_Noise_gaussian_Sigma_0.03_Tau_Type_noisy_num_anchors_10
image_only_attack:False
image_only_attack_type:prm
image_predicted_label_attack:False
eps:0.0
alpha:0.0
alpha_eps_ratio:4.0
steps:100
counter_attack:True
counter_attack_type:pgd
counter_attack_steps:0
counter_attack_eps:1.0
counter_attack_alpha:1.0
counter_attack_tau_thres:0.2
counter_attack_beta:2.0
counter_attack_weighted_perturbations:True
counter_attack_init_noise:gaussian
counter_attack_gaussian_sigma:0.03
counter_attack_noisy_tau_num_anchors:10
counter_attack_tau:noisy
pgd_clip_pure_i_text_embeddings:null
pgd_counter_and_clipure_i_lamda:1.0
image_feature_purify:False
image_feature_purify_type:noisy_anchor
image_feature_purify_noisy_anchors:10
image_feature_purify_anchors_alpha:1.2
image_feature_purify_noisy_sigma:0.18
image_feature_purify_diff_threshold:0.0
image_feature_clipure_steps:10
image_feature_clipure_step_size:10.0
save_plots:False
lr:0.005
selection_p:0.1
tta_steps:1
top_k:20
softmax_temp:0.01
load_tecoa:

2026-02-12 13:07:48,903 - ADV_Generation_eps_0.0_steps_100_Added_Noise_gaussian_Sigma_0.03_Tau_Type_noisy_num_anchors_10 - INFO - Use GPU: 0 for training
2026-02-12 13:08:31,914 - ADV_Generation_eps_0.0_steps_100_Added_Noise_gaussian_Sigma_0.03_Tau_Type_noisy_num_anchors_10 - INFO - => Model created: visual backbone delta_clip_l14_224
2026-02-12 13:08:31,939 - ADV_Generation_eps_0.0_steps_100_Added_Noise_gaussian_Sigma_0.03_Tau_Type_noisy_num_anchors_10 - INFO - Number of test samples: 2463
2026-02-12 13:08:31,940 - ADV_Generation_eps_0.0_steps_100_Added_Noise_gaussian_Sigma_0.03_Tau_Type_noisy_num_anchors_10 - INFO - Evaluating dataset: Flower102
2026-02-12 13:08:31,941 - ADV_Generation_eps_0.0_steps_100_Added_Noise_gaussian_Sigma_0.03_Tau_Type_noisy_num_anchors_10 - INFO - Starting evaluation with batch size: 1, selection percentage: 0.1
2026-02-12 13:08:31,941 - ADV_Generation_eps_0.0_steps_100_Added_Noise_gaussian_Sigma_0.03_Tau_Type_noisy_num_anchors_10 - INFO - Using PGD attack with epsilon: 0.000000, alpha: 0.000000, steps: 100 image only attack False image only attack type  prm image predicted label attack False
2026-02-12 13:08:31,941 - ADV_Generation_eps_0.0_steps_100_Added_Noise_gaussian_Sigma_0.03_Tau_Type_noisy_num_anchors_10 - INFO - Using counter-attack with epsilon: 1.000000, alpha: 1.000000, steps: 0
2026-02-12 13:08:31,941 - ADV_Generation_eps_0.0_steps_100_Added_Noise_gaussian_Sigma_0.03_Tau_Type_noisy_num_anchors_10 - INFO - Adversarial examples will be loaded from /leonardo_work/EUHPC_R04_192/fmohamma/Adversarial_Robust_Clip/atpt_data/delta_clip_l14_224/Flower102/adv_images_eps_0.0_alpha_0.0_steps_100 and evaluated on delta_clip_l14_224
2026-02-12 13:08:31,942 - ADV_Generation_eps_0.0_steps_100_Added_Noise_gaussian_Sigma_0.03_Tau_Type_noisy_num_anchors_10 - INFO - Using directory for adversarial images: /leonardo_work/EUHPC_R04_192/fmohamma/Adversarial_Robust_Clip/atpt_data/delta_clip_l14_224/Flower102/adv_images_eps_0.0_alpha_0.0_steps_100
2026-02-12 13:08:32,781 - ADV_Generation_eps_0.0_steps_100_Added_Noise_gaussian_Sigma_0.03_Tau_Type_noisy_num_anchors_10 - INFO - Batch 1/2463: Clean accuracy 1.0000 | Adv accuracy: 1.0000 | Counter-attack accuracy: 1.0000
2026-02-12 13:08:33,092 - ADV_Generation_eps_0.0_steps_100_Added_Noise_gaussian_Sigma_0.03_Tau_Type_noisy_num_anchors_10 - INFO - Batch 2/2463: Clean accuracy 1.0000 | Adv accuracy: 1.0000 | Counter-attack accuracy: 1.0000
2026-02-12 13:08:33,402 - ADV_Generation_eps_0.0_steps_100_Added_Noise_gaussian_Sigma_0.03_Tau_Type_noisy_num_anchors_10 - INFO - Batch 3/2463: Clean accuracy 1.0000 | Adv accuracy: 1.0000 | Counter-attack accuracy: 1.0000
2026-02-12 13:08:33,712 - ADV_Generation_eps_0.0_steps_100_Added_Noise_gaussian_Sigma_0.03_Tau_Type_noisy_num_anchors_10 - INFO - Batch 4/2463: Clean accuracy 1.0000 | Adv accuracy: 1.0000 | Counter-attack accuracy: 1.0000
2026-02-12 13:08:34,021 - ADV_Generation_eps_0.0_steps_100_Added_Noise_gaussian_Sigma_0.03_Tau_Type_noisy_num_anchors_10 - INFO - Batch 5/2463: Clean accuracy 1.0000 | Adv accuracy: 1.0000 | Counter-attack accuracy: 1.0000
2026-02-12 13:08:34,331 - ADV_Generation_eps_0.0_steps_100_Added_Noise_gaussian_Sigma_0.03_Tau_Type_noisy_num_anchors_10 - INFO - Batch 6/2463: Clean accuracy 1.0000 | Adv accuracy: 1.0000 | Counter-attack accuracy: 1.0000
2026-02-12 13:08:34,640 - ADV_Generation_eps_0.0_steps_100_Added_Noise_gaussian_Sigma_0.03_Tau_Type_noisy_num_anchors_10 - INFO - Batch 7/2463: Clean accuracy 1.0000 | Adv accuracy: 1.0000 | Counter-attack accuracy: 1.0000
2026-02-12 13:08:34,950 - ADV_Generation_eps_0.0_steps_100_Added_Noise_gaussian_Sigma_0.03_Tau_Type_noisy_num_anchors_10 - INFO - Batch 8/2463: Clean accuracy 1.0000 | Adv accuracy: 1.0000 | Counter-attack accuracy: 1.0000
2026-02-12 13:08:35,260 - ADV_Generation_eps_0.0_steps_100_Added_Noise_gaussian_Sigma_0.03_Tau_Type_noisy_num_anchors_10 - INFO - Batch 9/2463: Clean accuracy 1.0000 | Adv accuracy: 1.0000 | Counter-attack accuracy: 1.0000
2026-02-12 13:08:35,569 - ADV_Generation_eps_0.0_steps_100_Added_Noise_gaussian_Sigma_0.03_Tau_Type_noisy_num_anchors_10 - INFO - Batch 10/2463: Clean accuracy 1.0000 | Adv accuracy: 1.0000 | Counter-attack accuracy: 1.0000
2026-02-12 13:08:35,879 - ADV_Generation_eps_0.0_steps_100_Added_Noise_gaussian_Sigma_0.03_Tau_Type_noisy_num_anchors_10 - INFO - Batch 11/2463: Clean accuracy 1.0000 | Adv accuracy: 1.0000 | Counter-attack accuracy: 1.0000
2026-02-12 13:08:36,189 - ADV_Generation_eps_0.0_steps_100_Added_Noise_gaussian_Sigma_0.03_Tau_Type_noisy_num_anchors_10 - INFO - Batch 12/2463: Clean accuracy 1.0000 | Adv accuracy: 1.0000 | Counter-attack accuracy: 1.0000
2026-02-12 13:08:36,498 - ADV_Generation_eps_0.0_steps_100_Added_Noise_gaussian_Sigma_0.03_Tau_Type_noisy_num_anchors_10 - INFO - Batch 13/2463: Clean accuracy 1.0000 | Adv accuracy: 1.0000 | Counter-attack accuracy: 1.0000
2026-02-12 13:08:36,808 - ADV_Generation_eps_0.0_steps_100_Added_Noise_gaussian_Sigma_0.03_Tau_Type_noisy_num_anchors_10 - INFO - Batch 14/2463: Clean accuracy 1.0000 | Adv accuracy: 1.0000 | Counter-attack accuracy: 1.0000
2026-02-12 13:08:37,117 - ADV_Generation_eps_0.0_steps_100_Added_Noise_gaussian_Sigma_0.03_Tau_Type_noisy_num_anchors_10 - INFO - Batch 15/2463: Clean accuracy 1.0000 | Adv accuracy: 1.0000 | Counter-attack accuracy: 1.0000
2026-02-12 13:08:37,427 - ADV_Generation_eps_0.0_steps_100_Added_Noise_gaussian_Sigma_0.03_Tau_Type_noisy_num_anchors_10 - INFO - Batch 16/2463: Clean accuracy 1.0000 | Adv accuracy: 1.0000 | Counter-attack accuracy: 1.0000
2026-02-12 13:08:37,737 - ADV_Generation_eps_0.0_steps_100_Added_Noise_gaussian_Sigma_0.03_Tau_Type_noisy_num_anchors_10 - INFO - Batch 17/2463: Clean accuracy 1.0000 | Adv accuracy: 1.0000 | Counter-attack accuracy: 1.0000
2026-02-12 13:08:38,046 - ADV_Generation_eps_0.0_steps_100_Added_Noise_gaussian_Sigma_0.03_Tau_Type_noisy_num_anchors_10 - INFO - Batch 18/2463: Clean accuracy 1.0000 | Adv accuracy: 1.0000 | Counter-attack accuracy: 1.0000
2026-02-12 13:08:38,356 - ADV_Generation_eps_0.0_steps_100_Added_Noise_gaussian_Sigma_0.03_Tau_Type_noisy_num_anchors_10 - INFO - Batch 19/2463: Clean accuracy 1.0000 | Adv accuracy: 1.0000 | Counter-attack accuracy: 1.0000
2026-02-12 13:08:38,665 - ADV_Generation_eps_0.0_steps_100_Added_Noise_gaussian_Sigma_0.03_Tau_Type_noisy_num_anchors_10 - INFO - Batch 20/2463: Clean accuracy 1.0000 | Adv accuracy: 1.0000 | Counter-attack accuracy: 1.0000
2026-02-12 13:08:38,975 - ADV_Generation_eps_0.0_steps_100_Added_Noise_gaussian_Sigma_0.03_Tau_Type_noisy_num_anchors_10 - INFO - Batch 21/2463: Clean accuracy 1.0000 | Adv accuracy: 1.0000 | Counter-attack accuracy: 1.0000
2026-02-12 13:08:39,285 - ADV_Generation_eps_0.0_steps_100_Added_Noise_gaussian_Sigma_0.03_Tau_Type_noisy_num_anchors_10 - INFO - Batch 22/2463: Clean accuracy 1.0000 | Adv accuracy: 1.0000 | Counter-attack accuracy: 1.0000
2026-02-12 13:08:39,594 - ADV_Generation_eps_0.0_steps_100_Added_Noise_gaussian_Sigma_0.03_Tau_Type_noisy_num_anchors_10 - INFO - Batch 23/2463: Clean accuracy 1.0000 | Adv accuracy: 1.0000 | Counter-attack accuracy: 1.0000
2026-02-12 13:08:39,904 - ADV_Generation_eps_0.0_steps_100_Added_Noise_gaussian_Sigma_0.03_Tau_Type_noisy_num_anchors_10 - INFO - Batch 24/2463: Clean accuracy 1.0000 | Adv accuracy: 1.0000 | Counter-attack accuracy: 1.0000
2026-02-12 13:08:40,214 - ADV_Generation_eps_0.0_steps_100_Added_Noise_gaussian_Sigma_0.03_Tau_Type_noisy_num_anchors_10 - INFO - Batch 25/2463: Clean accuracy 1.0000 | Adv accuracy: 1.0000 | Counter-attack accuracy: 1.0000
2026-02-12 13:08:40,523 - ADV_Generation_eps_0.0_steps_100_Added_Noise_gaussian_Sigma_0.03_Tau_Type_noisy_num_anchors_10 - INFO - Batch 26/2463: Clean accuracy 1.0000 | Adv accuracy: 1.0000 | Counter-attack accuracy: 1.0000
2026-02-12 13:08:40,833 - ADV_Generation_eps_0.0_steps_100_Added_Noise_gaussian_Sigma_0.03_Tau_Type_noisy_num_anchors_10 - INFO - Batch 27/2463: Clean accuracy 1.0000 | Adv accuracy: 1.0000 | Counter-attack accuracy: 1.0000
2026-02-12 13:08:41,143 - ADV_Generation_eps_0.0_steps_100_Added_Noise_gaussian_Sigma_0.03_Tau_Type_noisy_num_anchors_10 - INFO - Batch 28/2463: Clean accuracy 1.0000 | Adv accuracy: 1.0000 | Counter-attack accuracy: 1.0000
2026-02-12 13:08:41,452 - ADV_Generation_eps_0.0_steps_100_Added_Noise_gaussian_Sigma_0.03_Tau_Type_noisy_num_anchors_10 - INFO - Batch 29/2463: Clean accuracy 1.0000 | Adv accuracy: 1.0000 | Counter-attack accuracy: 1.0000
2026-02-12 13:08:41,762 - ADV_Generation_eps_0.0_steps_100_Added_Noise_gaussian_Sigma_0.03_Tau_Type_noisy_num_anchors_10 - INFO - Batch 30/2463: Clean accuracy 1.0000 | Adv accuracy: 1.0000 | Counter-attack accuracy: 1.0000
2026-02-12 13:08:42,071 - ADV_Generation_eps_0.0_steps_100_Added_Noise_gaussian_Sigma_0.03_Tau_Type_noisy_num_anchors_10 - INFO - Batch 31/2463: Clean accuracy 1.0000 | Adv accuracy: 1.0000 | Counter-attack accuracy: 1.0000
2026-02-12 13:08:42,381 - ADV_Generation_eps_0.0_steps_100_Added_Noise_gaussian_Sigma_0.03_Tau_Type_noisy_num_anchors_10 - INFO - Batch 32/2463: Clean accuracy 1.0000 | Adv accuracy: 1.0000 | Counter-attack accuracy: 1.0000
2026-02-12 13:08:42,691 - ADV_Generation_eps_0.0_steps_100_Added_Noise_gaussian_Sigma_0.03_Tau_Type_noisy_num_anchors_10 - INFO - Batch 33/2463: Clean accuracy 1.0000 | Adv accuracy: 1.0000 | Counter-attack accuracy: 1.0000
2026-02-12 13:08:43,000 - ADV_Generation_eps_0.0_steps_100_Added_Noise_gaussian_Sigma_0.03_Tau_Type_noisy_num_anchors_10 - INFO - Batch 34/2463: Clean accuracy 1.0000 | Adv accuracy: 1.0000 | Counter-attack accuracy: 1.0000
2026-02-12 13:08:43,310 - ADV_Generation_eps_0.0_steps_100_Added_Noise_gaussian_Sigma_0.03_Tau_Type_noisy_num_anchors_10 - INFO - Batch 35/2463: Clean accuracy 1.0000 | Adv accuracy: 1.0000 | Counter-attack accuracy: 1.0000
2026-02-12 13:08:43,619 - ADV_Generation_eps_0.0_steps_100_Added_Noise_gaussian_Sigma_0.03_Tau_Type_noisy_num_anchors_10 - INFO - Batch 36/2463: Clean accuracy 1.0000 | Adv accuracy: 1.0000 | Counter-attack accuracy: 1.0000
2026-02-12 13:08:43,929 - ADV_Generation_eps_0.0_steps_100_Added_Noise_gaussian_Sigma_0.03_Tau_Type_noisy_num_anchors_10 - INFO - Batch 37/2463: Clean accuracy 1.0000 | Adv accuracy: 1.0000 | Counter-attack accuracy: 1.0000
2026-02-12 13:08:44,239 - ADV_Generation_eps_0.0_steps_100_Added_Noise_gaussian_Sigma_0.03_Tau_Type_noisy_num_anchors_10 - INFO - Batch 38/2463: Clean accuracy 1.0000 | Adv accuracy: 1.0000 | Counter-attack accuracy: 1.0000
2026-02-12 13:08:44,548 - ADV_Generation_eps_0.0_steps_100_Added_Noise_gaussian_Sigma_0.03_Tau_Type_noisy_num_anchors_10 - INFO - Batch 39/2463: Clean accuracy 1.0000 | Adv accuracy: 1.0000 | Counter-attack accuracy: 1.0000
2026-02-12 13:08:44,858 - ADV_Generation_eps_0.0_steps_100_Added_Noise_gaussian_Sigma_0.03_Tau_Type_noisy_num_anchors_10 - INFO - Batch 40/2463: Clean accuracy 1.0000 | Adv accuracy: 1.0000 | Counter-attack accuracy: 1.0000
2026-02-12 13:08:45,167 - ADV_Generation_eps_0.0_steps_100_Added_Noise_gaussian_Sigma_0.03_Tau_Type_noisy_num_anchors_10 - INFO - Batch 41/2463: Clean accuracy 1.0000 | Adv accuracy: 1.0000 | Counter-attack accuracy: 1.0000
2026-02-12 13:08:45,477 - ADV_Generation_eps_0.0_steps_100_Added_Noise_gaussian_Sigma_0.03_Tau_Type_noisy_num_anchors_10 - INFO - Batch 42/2463: Clean accuracy 1.0000 | Adv accuracy: 1.0000 | Counter-attack accuracy: 1.0000
2026-02-12 13:08:45,787 - ADV_Generation_eps_0.0_steps_100_Added_Noise_gaussian_Sigma_0.03_Tau_Type_noisy_num_anchors_10 - INFO - Batch 43/2463: Clean accuracy 1.0000 | Adv accuracy: 1.0000 | Counter-attack accuracy: 1.0000
2026-02-12 13:08:46,096 - ADV_Generation_eps_0.0_steps_100_Added_Noise_gaussian_Sigma_0.03_Tau_Type_noisy_num_anchors_10 - INFO - Batch 44/2463: Clean accuracy 1.0000 | Adv accuracy: 1.0000 | Counter-attack accuracy: 1.0000
2026-02-12 13:08:46,406 - ADV_Generation_eps_0.0_steps_100_Added_Noise_gaussian_Sigma_0.03_Tau_Type_noisy_num_anchors_10 - INFO - Batch 45/2463: Clean accuracy 1.0000 | Adv accuracy: 1.0000 | Counter-attack accuracy: 1.0000
2026-02-12 13:08:46,716 - ADV_Generation_eps_0.0_steps_100_Added_Noise_gaussian_Sigma_0.03_Tau_Type_noisy_num_anchors_10 - INFO - Batch 46/2463: Clean accuracy 1.0000 | Adv accuracy: 1.0000 | Counter-attack accuracy: 1.0000
2026-02-12 13:08:47,025 - ADV_Generation_eps_0.0_steps_100_Added_Noise_gaussian_Sigma_0.03_Tau_Type_noisy_num_anchors_10 - INFO - Batch 47/2463: Clean accuracy 1.0000 | Adv accuracy: 1.0000 | Counter-attack accuracy: 1.0000
2026-02-12 13:08:47,335 - ADV_Generation_eps_0.0_steps_100_Added_Noise_gaussian_Sigma_0.03_Tau_Type_noisy_num_anchors_10 - INFO - Batch 48/2463: Clean accuracy 1.0000 | Adv accuracy: 1.0000 | Counter-attack accuracy: 1.0000
2026-02-12 13:08:47,644 - ADV_Generation_eps_0.0_steps_100_Added_Noise_gaussian_Sigma_0.03_Tau_Type_noisy_num_anchors_10 - INFO - Batch 49/2463: Clean accuracy 1.0000 | Adv accuracy: 1.0000 | Counter-attack accuracy: 1.0000
2026-02-12 13:08:47,954 - ADV_Generation_eps_0.0_steps_100_Added_Noise_gaussian_Sigma_0.03_Tau_Type_noisy_num_anchors_10 - INFO - Batch 50/2463: Clean accuracy 1.0000 | Adv accuracy: 1.0000 | Counter-attack accuracy: 1.0000
2026-02-12 13:08:48,263 - ADV_Generation_eps_0.0_steps_100_Added_Noise_gaussian_Sigma_0.03_Tau_Type_noisy_num_anchors_10 - INFO - Batch 51/2463: Clean accuracy 1.0000 | Adv accuracy: 1.0000 | Counter-attack accuracy: 1.0000
2026-02-12 13:08:48,573 - ADV_Generation_eps_0.0_steps_100_Added_Noise_gaussian_Sigma_0.03_Tau_Type_noisy_num_anchors_10 - INFO - Batch 52/2463: Clean accuracy 1.0000 | Adv accuracy: 1.0000 | Counter-attack accuracy: 1.0000
2026-02-12 13:08:48,883 - ADV_Generation_eps_0.0_steps_100_Added_Noise_gaussian_Sigma_0.03_Tau_Type_noisy_num_anchors_10 - INFO - Batch 53/2463: Clean accuracy 1.0000 | Adv accuracy: 1.0000 | Counter-attack accuracy: 1.0000
2026-02-12 13:08:49,192 - ADV_Generation_eps_0.0_steps_100_Added_Noise_gaussian_Sigma_0.03_Tau_Type_noisy_num_anchors_10 - INFO - Batch 54/2463: Clean accuracy 1.0000 | Adv accuracy: 1.0000 | Counter-attack accuracy: 1.0000
2026-02-12 13:08:49,502 - ADV_Generation_eps_0.0_steps_100_Added_Noise_gaussian_Sigma_0.03_Tau_Type_noisy_num_anchors_10 - INFO - Batch 55/2463: Clean accuracy 1.0000 | Adv accuracy: 1.0000 | Counter-attack accuracy: 1.0000
2026-02-12 13:08:49,812 - ADV_Generation_eps_0.0_steps_100_Added_Noise_gaussian_Sigma_0.03_Tau_Type_noisy_num_anchors_10 - INFO - Batch 56/2463: Clean accuracy 1.0000 | Adv accuracy: 1.0000 | Counter-attack accuracy: 1.0000
2026-02-12 13:08:50,121 - ADV_Generation_eps_0.0_steps_100_Added_Noise_gaussian_Sigma_0.03_Tau_Type_noisy_num_anchors_10 - INFO - Batch 57/2463: Clean accuracy 1.0000 | Adv accuracy: 1.0000 | Counter-attack accuracy: 1.0000
2026-02-12 13:08:50,430 - ADV_Generation_eps_0.0_steps_100_Added_Noise_gaussian_Sigma_0.03_Tau_Type_noisy_num_anchors_10 - INFO - Batch 58/2463: Clean accuracy 1.0000 | Adv accuracy: 1.0000 | Counter-attack accuracy: 1.0000
2026-02-12 13:08:50,740 - ADV_Generation_eps_0.0_steps_100_Added_Noise_gaussian_Sigma_0.03_Tau_Type_noisy_num_anchors_10 - INFO - Batch 59/2463: Clean accuracy 1.0000 | Adv accuracy: 1.0000 | Counter-attack accuracy: 1.0000
2026-02-12 13:08:51,050 - ADV_Generation_eps_0.0_steps_100_Added_Noise_gaussian_Sigma_0.03_Tau_Type_noisy_num_anchors_10 - INFO - Batch 60/2463: Clean accuracy 1.0000 | Adv accuracy: 1.0000 | Counter-attack accuracy: 1.0000
2026-02-12 13:08:51,359 - ADV_Generation_eps_0.0_steps_100_Added_Noise_gaussian_Sigma_0.03_Tau_Type_noisy_num_anchors_10 - INFO - Batch 61/2463: Clean accuracy 1.0000 | Adv accuracy: 1.0000 | Counter-attack accuracy: 1.0000
2026-02-12 13:08:51,669 - ADV_Generation_eps_0.0_steps_100_Added_Noise_gaussian_Sigma_0.03_Tau_Type_noisy_num_anchors_10 - INFO - Batch 62/2463: Clean accuracy 1.0000 | Adv accuracy: 1.0000 | Counter-attack accuracy: 1.0000
2026-02-12 13:08:51,978 - ADV_Generation_eps_0.0_steps_100_Added_Noise_gaussian_Sigma_0.03_Tau_Type_noisy_num_anchors_10 - INFO - Batch 63/2463: Clean accuracy 1.0000 | Adv accuracy: 1.0000 | Counter-attack accuracy: 1.0000
2026-02-12 13:08:52,288 - ADV_Generation_eps_0.0_steps_100_Added_Noise_gaussian_Sigma_0.03_Tau_Type_noisy_num_anchors_10 - INFO - Batch 64/2463: Clean accuracy 1.0000 | Adv accuracy: 1.0000 | Counter-attack accuracy: 1.0000
2026-02-12 13:08:52,597 - ADV_Generation_eps_0.0_steps_100_Added_Noise_gaussian_Sigma_0.03_Tau_Type_noisy_num_anchors_10 - INFO - Batch 65/2463: Clean accuracy 1.0000 | Adv accuracy: 1.0000 | Counter-attack accuracy: 1.0000
2026-02-12 13:08:52,907 - ADV_Generation_eps_0.0_steps_100_Added_Noise_gaussian_Sigma_0.03_Tau_Type_noisy_num_anchors_10 - INFO - Batch 66/2463: Clean accuracy 1.0000 | Adv accuracy: 1.0000 | Counter-attack accuracy: 1.0000
2026-02-12 13:08:53,216 - ADV_Generation_eps_0.0_steps_100_Added_Noise_gaussian_Sigma_0.03_Tau_Type_noisy_num_anchors_10 - INFO - Batch 67/2463: Clean accuracy 1.0000 | Adv accuracy: 1.0000 | Counter-attack accuracy: 1.0000
2026-02-12 13:08:53,526 - ADV_Generation_eps_0.0_steps_100_Added_Noise_gaussian_Sigma_0.03_Tau_Type_noisy_num_anchors_10 - INFO - Batch 68/2463: Clean accuracy 1.0000 | Adv accuracy: 1.0000 | Counter-attack accuracy: 1.0000
2026-02-12 13:08:53,836 - ADV_Generation_eps_0.0_steps_100_Added_Noise_gaussian_Sigma_0.03_Tau_Type_noisy_num_anchors_10 - INFO - Batch 69/2463: Clean accuracy 1.0000 | Adv accuracy: 1.0000 | Counter-attack accuracy: 1.0000
2026-02-12 13:08:54,145 - ADV_Generation_eps_0.0_steps_100_Added_Noise_gaussian_Sigma_0.03_Tau_Type_noisy_num_anchors_10 - INFO - Batch 70/2463: Clean accuracy 1.0000 | Adv accuracy: 1.0000 | Counter-attack accuracy: 1.0000
2026-02-12 13:08:54,454 - ADV_Generation_eps_0.0_steps_100_Added_Noise_gaussian_Sigma_0.03_Tau_Type_noisy_num_anchors_10 - INFO - Batch 71/2463: Clean accuracy 1.0000 | Adv accuracy: 1.0000 | Counter-attack accuracy: 1.0000
2026-02-12 13:08:54,764 - ADV_Generation_eps_0.0_steps_100_Added_Noise_gaussian_Sigma_0.03_Tau_Type_noisy_num_anchors_10 - INFO - Batch 72/2463: Clean accuracy 1.0000 | Adv accuracy: 1.0000 | Counter-attack accuracy: 1.0000
2026-02-12 13:08:55,074 - ADV_Generation_eps_0.0_steps_100_Added_Noise_gaussian_Sigma_0.03_Tau_Type_noisy_num_anchors_10 - INFO - Batch 73/2463: Clean accuracy 1.0000 | Adv accuracy: 1.0000 | Counter-attack accuracy: 1.0000
2026-02-12 13:08:55,383 - ADV_Generation_eps_0.0_steps_100_Added_Noise_gaussian_Sigma_0.03_Tau_Type_noisy_num_anchors_10 - INFO - Batch 74/2463: Clean accuracy 1.0000 | Adv accuracy: 1.0000 | Counter-attack accuracy: 1.0000
2026-02-12 13:08:55,693 - ADV_Generation_eps_0.0_steps_100_Added_Noise_gaussian_Sigma_0.03_Tau_Type_noisy_num_anchors_10 - INFO - Batch 75/2463: Clean accuracy 1.0000 | Adv accuracy: 1.0000 | Counter-attack accuracy: 1.0000
2026-02-12 13:08:56,003 - ADV_Generation_eps_0.0_steps_100_Added_Noise_gaussian_Sigma_0.03_Tau_Type_noisy_num_anchors_10 - INFO - Batch 76/2463: Clean accuracy 1.0000 | Adv accuracy: 1.0000 | Counter-attack accuracy: 1.0000
2026-02-12 13:08:56,312 - ADV_Generation_eps_0.0_steps_100_Added_Noise_gaussian_Sigma_0.03_Tau_Type_noisy_num_anchors_10 - INFO - Batch 77/2463: Clean accuracy 1.0000 | Adv accuracy: 1.0000 | Counter-attack accuracy: 1.0000
2026-02-12 13:08:56,621 - ADV_Generation_eps_0.0_steps_100_Added_Noise_gaussian_Sigma_0.03_Tau_Type_noisy_num_anchors_10 - INFO - Batch 78/2463: Clean accuracy 1.0000 | Adv accuracy: 1.0000 | Counter-attack accuracy: 1.0000
2026-02-12 13:08:56,931 - ADV_Generation_eps_0.0_steps_100_Added_Noise_gaussian_Sigma_0.03_Tau_Type_noisy_num_anchors_10 - INFO - Batch 79/2463: Clean accuracy 1.0000 | Adv accuracy: 1.0000 | Counter-attack accuracy: 1.0000
2026-02-12 13:08:57,241 - ADV_Generation_eps_0.0_steps_100_Added_Noise_gaussian_Sigma_0.03_Tau_Type_noisy_num_anchors_10 - INFO - Batch 80/2463: Clean accuracy 1.0000 | Adv accuracy: 1.0000 | Counter-attack accuracy: 1.0000
2026-02-12 13:08:57,550 - ADV_Generation_eps_0.0_steps_100_Added_Noise_gaussian_Sigma_0.03_Tau_Type_noisy_num_anchors_10 - INFO - Batch 81/2463: Clean accuracy 1.0000 | Adv accuracy: 1.0000 | Counter-attack accuracy: 1.0000
2026-02-12 13:08:57,860 - ADV_Generation_eps_0.0_steps_100_Added_Noise_gaussian_Sigma_0.03_Tau_Type_noisy_num_anchors_10 - INFO - Batch 82/2463: Clean accuracy 1.0000 | Adv accuracy: 1.0000 | Counter-attack accuracy: 1.0000
2026-02-12 13:08:58,169 - ADV_Generation_eps_0.0_steps_100_Added_Noise_gaussian_Sigma_0.03_Tau_Type_noisy_num_anchors_10 - INFO - Batch 83/2463: Clean accuracy 1.0000 | Adv accuracy: 1.0000 | Counter-attack accuracy: 1.0000
2026-02-12 13:08:58,479 - ADV_Generation_eps_0.0_steps_100_Added_Noise_gaussian_Sigma_0.03_Tau_Type_noisy_num_anchors_10 - INFO - Batch 84/2463: Clean accuracy 1.0000 | Adv accuracy: 1.0000 | Counter-attack accuracy: 1.0000
2026-02-12 13:08:58,788 - ADV_Generation_eps_0.0_steps_100_Added_Noise_gaussian_Sigma_0.03_Tau_Type_noisy_num_anchors_10 - INFO - Batch 85/2463: Clean accuracy 1.0000 | Adv accuracy: 1.0000 | Counter-attack accuracy: 1.0000
2026-02-12 13:08:59,098 - ADV_Generation_eps_0.0_steps_100_Added_Noise_gaussian_Sigma_0.03_Tau_Type_noisy_num_anchors_10 - INFO - Batch 86/2463: Clean accuracy 1.0000 | Adv accuracy: 1.0000 | Counter-attack accuracy: 1.0000
2026-02-12 13:08:59,407 - ADV_Generation_eps_0.0_steps_100_Added_Noise_gaussian_Sigma_0.03_Tau_Type_noisy_num_anchors_10 - INFO - Batch 87/2463: Clean accuracy 1.0000 | Adv accuracy: 1.0000 | Counter-attack accuracy: 1.0000
2026-02-12 13:08:59,717 - ADV_Generation_eps_0.0_steps_100_Added_Noise_gaussian_Sigma_0.03_Tau_Type_noisy_num_anchors_10 - INFO - Batch 88/2463: Clean accuracy 1.0000 | Adv accuracy: 1.0000 | Counter-attack accuracy: 1.0000
2026-02-12 13:09:00,027 - ADV_Generation_eps_0.0_steps_100_Added_Noise_gaussian_Sigma_0.03_Tau_Type_noisy_num_anchors_10 - INFO - Batch 89/2463: Clean accuracy 1.0000 | Adv accuracy: 1.0000 | Counter-attack accuracy: 1.0000
2026-02-12 13:09:00,336 - ADV_Generation_eps_0.0_steps_100_Added_Noise_gaussian_Sigma_0.03_Tau_Type_noisy_num_anchors_10 - INFO - Batch 90/2463: Clean accuracy 1.0000 | Adv accuracy: 1.0000 | Counter-attack accuracy: 1.0000
2026-02-12 13:09:00,645 - ADV_Generation_eps_0.0_steps_100_Added_Noise_gaussian_Sigma_0.03_Tau_Type_noisy_num_anchors_10 - INFO - Batch 91/2463: Clean accuracy 1.0000 | Adv accuracy: 1.0000 | Counter-attack accuracy: 1.0000
2026-02-12 13:09:00,955 - ADV_Generation_eps_0.0_steps_100_Added_Noise_gaussian_Sigma_0.03_Tau_Type_noisy_num_anchors_10 - INFO - Batch 92/2463: Clean accuracy 1.0000 | Adv accuracy: 1.0000 | Counter-attack accuracy: 1.0000
2026-02-12 13:09:01,265 - ADV_Generation_eps_0.0_steps_100_Added_Noise_gaussian_Sigma_0.03_Tau_Type_noisy_num_anchors_10 - INFO - Batch 93/2463: Clean accuracy 1.0000 | Adv accuracy: 1.0000 | Counter-attack accuracy: 1.0000
2026-02-12 13:09:01,574 - ADV_Generation_eps_0.0_steps_100_Added_Noise_gaussian_Sigma_0.03_Tau_Type_noisy_num_anchors_10 - INFO - Batch 94/2463: Clean accuracy 1.0000 | Adv accuracy: 1.0000 | Counter-attack accuracy: 1.0000
2026-02-12 13:09:01,884 - ADV_Generation_eps_0.0_steps_100_Added_Noise_gaussian_Sigma_0.03_Tau_Type_noisy_num_anchors_10 - INFO - Batch 95/2463: Clean accuracy 1.0000 | Adv accuracy: 1.0000 | Counter-attack accuracy: 1.0000
2026-02-12 13:09:02,193 - ADV_Generation_eps_0.0_steps_100_Added_Noise_gaussian_Sigma_0.03_Tau_Type_noisy_num_anchors_10 - INFO - Batch 96/2463: Clean accuracy 1.0000 | Adv accuracy: 1.0000 | Counter-attack accuracy: 1.0000
2026-02-12 13:09:02,503 - ADV_Generation_eps_0.0_steps_100_Added_Noise_gaussian_Sigma_0.03_Tau_Type_noisy_num_anchors_10 - INFO - Batch 97/2463: Clean accuracy 1.0000 | Adv accuracy: 1.0000 | Counter-attack accuracy: 1.0000
2026-02-12 13:09:02,812 - ADV_Generation_eps_0.0_steps_100_Added_Noise_gaussian_Sigma_0.03_Tau_Type_noisy_num_anchors_10 - INFO - Batch 98/2463: Clean accuracy 1.0000 | Adv accuracy: 1.0000 | Counter-attack accuracy: 1.0000
2026-02-12 13:09:03,122 - ADV_Generation_eps_0.0_steps_100_Added_Noise_gaussian_Sigma_0.03_Tau_Type_noisy_num_anchors_10 - INFO - Batch 99/2463: Clean accuracy 1.0000 | Adv accuracy: 1.0000 | Counter-attack accuracy: 1.0000
2026-02-12 13:09:03,431 - ADV_Generation_eps_0.0_steps_100_Added_Noise_gaussian_Sigma_0.03_Tau_Type_noisy_num_anchors_10 - INFO - Batch 100/2463: Clean accuracy 1.0000 | Adv accuracy: 1.0000 | Counter-attack accuracy: 1.0000
2026-02-12 13:09:03,741 - ADV_Generation_eps_0.0_steps_100_Added_Noise_gaussian_Sigma_0.03_Tau_Type_noisy_num_anchors_10 - INFO - Batch 101/2463: Clean accuracy 1.0000 | Adv accuracy: 1.0000 | Counter-attack accuracy: 1.0000
2026-02-12 13:09:04,050 - ADV_Generation_eps_0.0_steps_100_Added_Noise_gaussian_Sigma_0.03_Tau_Type_noisy_num_anchors_10 - INFO - Batch 102/2463: Clean accuracy 1.0000 | Adv accuracy: 1.0000 | Counter-attack accuracy: 1.0000
2026-02-12 13:09:04,360 - ADV_Generation_eps_0.0_steps_100_Added_Noise_gaussian_Sigma_0.03_Tau_Type_noisy_num_anchors_10 - INFO - Batch 103/2463: Clean accuracy 1.0000 | Adv accuracy: 1.0000 | Counter-attack accuracy: 1.0000
2026-02-12 13:09:04,669 - ADV_Generation_eps_0.0_steps_100_Added_Noise_gaussian_Sigma_0.03_Tau_Type_noisy_num_anchors_10 - INFO - Batch 104/2463: Clean accuracy 1.0000 | Adv accuracy: 1.0000 | Counter-attack accuracy: 1.0000
2026-02-12 13:09:04,979 - ADV_Generation_eps_0.0_steps_100_Added_Noise_gaussian_Sigma_0.03_Tau_Type_noisy_num_anchors_10 - INFO - Batch 105/2463: Clean accuracy 1.0000 | Adv accuracy: 1.0000 | Counter-attack accuracy: 1.0000
2026-02-12 13:09:05,288 - ADV_Generation_eps_0.0_steps_100_Added_Noise_gaussian_Sigma_0.03_Tau_Type_noisy_num_anchors_10 - INFO - Batch 106/2463: Clean accuracy 1.0000 | Adv accuracy: 1.0000 | Counter-attack accuracy: 1.0000
2026-02-12 13:09:05,598 - ADV_Generation_eps_0.0_steps_100_Added_Noise_gaussian_Sigma_0.03_Tau_Type_noisy_num_anchors_10 - INFO - Batch 107/2463: Clean accuracy 1.0000 | Adv accuracy: 1.0000 | Counter-attack accuracy: 1.0000
2026-02-12 13:09:05,907 - ADV_Generation_eps_0.0_steps_100_Added_Noise_gaussian_Sigma_0.03_Tau_Type_noisy_num_anchors_10 - INFO - Batch 108/2463: Clean accuracy 1.0000 | Adv accuracy: 1.0000 | Counter-attack accuracy: 1.0000
2026-02-12 13:09:06,217 - ADV_Generation_eps_0.0_steps_100_Added_Noise_gaussian_Sigma_0.03_Tau_Type_noisy_num_anchors_10 - INFO - Batch 109/2463: Clean accuracy 1.0000 | Adv accuracy: 1.0000 | Counter-attack accuracy: 1.0000
2026-02-12 13:09:06,526 - ADV_Generation_eps_0.0_steps_100_Added_Noise_gaussian_Sigma_0.03_Tau_Type_noisy_num_anchors_10 - INFO - Batch 110/2463: Clean accuracy 1.0000 | Adv accuracy: 1.0000 | Counter-attack accuracy: 1.0000
2026-02-12 13:09:06,836 - ADV_Generation_eps_0.0_steps_100_Added_Noise_gaussian_Sigma_0.03_Tau_Type_noisy_num_anchors_10 - INFO - Batch 111/2463: Clean accuracy 1.0000 | Adv accuracy: 1.0000 | Counter-attack accuracy: 1.0000
2026-02-12 13:09:07,145 - ADV_Generation_eps_0.0_steps_100_Added_Noise_gaussian_Sigma_0.03_Tau_Type_noisy_num_anchors_10 - INFO - Batch 112/2463: Clean accuracy 1.0000 | Adv accuracy: 1.0000 | Counter-attack accuracy: 1.0000
2026-02-12 13:09:07,455 - ADV_Generation_eps_0.0_steps_100_Added_Noise_gaussian_Sigma_0.03_Tau_Type_noisy_num_anchors_10 - INFO - Batch 113/2463: Clean accuracy 1.0000 | Adv accuracy: 1.0000 | Counter-attack accuracy: 1.0000
2026-02-12 13:09:07,764 - ADV_Generation_eps_0.0_steps_100_Added_Noise_gaussian_Sigma_0.03_Tau_Type_noisy_num_anchors_10 - INFO - Batch 114/2463: Clean accuracy 1.0000 | Adv accuracy: 1.0000 | Counter-attack accuracy: 1.0000
2026-02-12 13:09:08,074 - ADV_Generation_eps_0.0_steps_100_Added_Noise_gaussian_Sigma_0.03_Tau_Type_noisy_num_anchors_10 - INFO - Batch 115/2463: Clean accuracy 1.0000 | Adv accuracy: 1.0000 | Counter-attack accuracy: 1.0000
2026-02-12 13:09:08,383 - ADV_Generation_eps_0.0_steps_100_Added_Noise_gaussian_Sigma_0.03_Tau_Type_noisy_num_anchors_10 - INFO - Batch 116/2463: Clean accuracy 1.0000 | Adv accuracy: 1.0000 | Counter-attack accuracy: 1.0000
2026-02-12 13:09:08,693 - ADV_Generation_eps_0.0_steps_100_Added_Noise_gaussian_Sigma_0.03_Tau_Type_noisy_num_anchors_10 - INFO - Batch 117/2463: Clean accuracy 1.0000 | Adv accuracy: 1.0000 | Counter-attack accuracy: 1.0000
2026-02-12 13:09:09,003 - ADV_Generation_eps_0.0_steps_100_Added_Noise_gaussian_Sigma_0.03_Tau_Type_noisy_num_anchors_10 - INFO - Batch 118/2463: Clean accuracy 1.0000 | Adv accuracy: 1.0000 | Counter-attack accuracy: 1.0000
2026-02-12 13:09:09,312 - ADV_Generation_eps_0.0_steps_100_Added_Noise_gaussian_Sigma_0.03_Tau_Type_noisy_num_anchors_10 - INFO - Batch 119/2463: Clean accuracy 1.0000 | Adv accuracy: 1.0000 | Counter-attack accuracy: 1.0000
2026-02-12 13:09:09,622 - ADV_Generation_eps_0.0_steps_100_Added_Noise_gaussian_Sigma_0.03_Tau_Type_noisy_num_anchors_10 - INFO - Batch 120/2463: Clean accuracy 1.0000 | Adv accuracy: 1.0000 | Counter-attack accuracy: 1.0000
2026-02-12 13:09:09,931 - ADV_Generation_eps_0.0_steps_100_Added_Noise_gaussian_Sigma_0.03_Tau_Type_noisy_num_anchors_10 - INFO - Batch 121/2463: Clean accuracy 1.0000 | Adv accuracy: 1.0000 | Counter-attack accuracy: 1.0000
2026-02-12 13:09:10,241 - ADV_Generation_eps_0.0_steps_100_Added_Noise_gaussian_Sigma_0.03_Tau_Type_noisy_num_anchors_10 - INFO - Batch 122/2463: Clean accuracy 1.0000 | Adv accuracy: 1.0000 | Counter-attack accuracy: 0.9918
2026-02-12 13:09:10,550 - ADV_Generation_eps_0.0_steps_100_Added_Noise_gaussian_Sigma_0.03_Tau_Type_noisy_num_anchors_10 - INFO - Batch 123/2463: Clean accuracy 1.0000 | Adv accuracy: 1.0000 | Counter-attack accuracy: 0.9919
2026-02-12 13:09:10,860 - ADV_Generation_eps_0.0_steps_100_Added_Noise_gaussian_Sigma_0.03_Tau_Type_noisy_num_anchors_10 - INFO - Batch 124/2463: Clean accuracy 1.0000 | Adv accuracy: 1.0000 | Counter-attack accuracy: 0.9919
2026-02-12 13:09:11,169 - ADV_Generation_eps_0.0_steps_100_Added_Noise_gaussian_Sigma_0.03_Tau_Type_noisy_num_anchors_10 - INFO - Batch 125/2463: Clean accuracy 1.0000 | Adv accuracy: 1.0000 | Counter-attack accuracy: 0.9920
2026-02-12 13:09:11,479 - ADV_Generation_eps_0.0_steps_100_Added_Noise_gaussian_Sigma_0.03_Tau_Type_noisy_num_anchors_10 - INFO - Batch 126/2463: Clean accuracy 1.0000 | Adv accuracy: 1.0000 | Counter-attack accuracy: 0.9921
2026-02-12 13:09:11,788 - ADV_Generation_eps_0.0_steps_100_Added_Noise_gaussian_Sigma_0.03_Tau_Type_noisy_num_anchors_10 - INFO - Batch 127/2463: Clean accuracy 1.0000 | Adv accuracy: 1.0000 | Counter-attack accuracy: 0.9921
2026-02-12 13:09:12,098 - ADV_Generation_eps_0.0_steps_100_Added_Noise_gaussian_Sigma_0.03_Tau_Type_noisy_num_anchors_10 - INFO - Batch 128/2463: Clean accuracy 1.0000 | Adv accuracy: 1.0000 | Counter-attack accuracy: 0.9922
2026-02-12 13:09:12,408 - ADV_Generation_eps_0.0_steps_100_Added_Noise_gaussian_Sigma_0.03_Tau_Type_noisy_num_anchors_10 - INFO - Batch 129/2463: Clean accuracy 1.0000 | Adv accuracy: 1.0000 | Counter-attack accuracy: 0.9922
2026-02-12 13:09:12,717 - ADV_Generation_eps_0.0_steps_100_Added_Noise_gaussian_Sigma_0.03_Tau_Type_noisy_num_anchors_10 - INFO - Batch 130/2463: Clean accuracy 1.0000 | Adv accuracy: 1.0000 | Counter-attack accuracy: 0.9923
2026-02-12 13:09:13,027 - ADV_Generation_eps_0.0_steps_100_Added_Noise_gaussian_Sigma_0.03_Tau_Type_noisy_num_anchors_10 - INFO - Batch 131/2463: Clean accuracy 1.0000 | Adv accuracy: 1.0000 | Counter-attack accuracy: 0.9924
2026-02-12 13:09:13,337 - ADV_Generation_eps_0.0_steps_100_Added_Noise_gaussian_Sigma_0.03_Tau_Type_noisy_num_anchors_10 - INFO - Batch 132/2463: Clean accuracy 1.0000 | Adv accuracy: 1.0000 | Counter-attack accuracy: 0.9924
2026-02-12 13:09:13,646 - ADV_Generation_eps_0.0_steps_100_Added_Noise_gaussian_Sigma_0.03_Tau_Type_noisy_num_anchors_10 - INFO - Batch 133/2463: Clean accuracy 1.0000 | Adv accuracy: 1.0000 | Counter-attack accuracy: 0.9925
2026-02-12 13:09:13,955 - ADV_Generation_eps_0.0_steps_100_Added_Noise_gaussian_Sigma_0.03_Tau_Type_noisy_num_anchors_10 - INFO - Batch 134/2463: Clean accuracy 1.0000 | Adv accuracy: 1.0000 | Counter-attack accuracy: 0.9925
2026-02-12 13:09:14,265 - ADV_Generation_eps_0.0_steps_100_Added_Noise_gaussian_Sigma_0.03_Tau_Type_noisy_num_anchors_10 - INFO - Batch 135/2463: Clean accuracy 1.0000 | Adv accuracy: 1.0000 | Counter-attack accuracy: 0.9926
2026-02-12 13:09:14,575 - ADV_Generation_eps_0.0_steps_100_Added_Noise_gaussian_Sigma_0.03_Tau_Type_noisy_num_anchors_10 - INFO - Batch 136/2463: Clean accuracy 1.0000 | Adv accuracy: 1.0000 | Counter-attack accuracy: 0.9926
2026-02-12 13:09:14,884 - ADV_Generation_eps_0.0_steps_100_Added_Noise_gaussian_Sigma_0.03_Tau_Type_noisy_num_anchors_10 - INFO - Batch 137/2463: Clean accuracy 1.0000 | Adv accuracy: 1.0000 | Counter-attack accuracy: 0.9927
2026-02-12 13:09:15,194 - ADV_Generation_eps_0.0_steps_100_Added_Noise_gaussian_Sigma_0.03_Tau_Type_noisy_num_anchors_10 - INFO - Batch 138/2463: Clean accuracy 0.9928 | Adv accuracy: 0.9928 | Counter-attack accuracy: 0.9855
2026-02-12 13:09:15,503 - ADV_Generation_eps_0.0_steps_100_Added_Noise_gaussian_Sigma_0.03_Tau_Type_noisy_num_anchors_10 - INFO - Batch 139/2463: Clean accuracy 0.9928 | Adv accuracy: 0.9928 | Counter-attack accuracy: 0.9856
2026-02-12 13:09:15,813 - ADV_Generation_eps_0.0_steps_100_Added_Noise_gaussian_Sigma_0.03_Tau_Type_noisy_num_anchors_10 - INFO - Batch 140/2463: Clean accuracy 0.9929 | Adv accuracy: 0.9929 | Counter-attack accuracy: 0.9857
2026-02-12 13:09:16,122 - ADV_Generation_eps_0.0_steps_100_Added_Noise_gaussian_Sigma_0.03_Tau_Type_noisy_num_anchors_10 - INFO - Batch 141/2463: Clean accuracy 0.9929 | Adv accuracy: 0.9929 | Counter-attack accuracy: 0.9858
2026-02-12 13:09:16,432 - ADV_Generation_eps_0.0_steps_100_Added_Noise_gaussian_Sigma_0.03_Tau_Type_noisy_num_anchors_10 - INFO - Batch 142/2463: Clean accuracy 0.9930 | Adv accuracy: 0.9930 | Counter-attack accuracy: 0.9859
2026-02-12 13:09:16,741 - ADV_Generation_eps_0.0_steps_100_Added_Noise_gaussian_Sigma_0.03_Tau_Type_noisy_num_anchors_10 - INFO - Batch 143/2463: Clean accuracy 0.9930 | Adv accuracy: 0.9930 | Counter-attack accuracy: 0.9860
2026-02-12 13:09:17,051 - ADV_Generation_eps_0.0_steps_100_Added_Noise_gaussian_Sigma_0.03_Tau_Type_noisy_num_anchors_10 - INFO - Batch 144/2463: Clean accuracy 0.9931 | Adv accuracy: 0.9931 | Counter-attack accuracy: 0.9861
2026-02-12 13:09:17,360 - ADV_Generation_eps_0.0_steps_100_Added_Noise_gaussian_Sigma_0.03_Tau_Type_noisy_num_anchors_10 - INFO - Batch 145/2463: Clean accuracy 0.9931 | Adv accuracy: 0.9931 | Counter-attack accuracy: 0.9862
2026-02-12 13:09:17,669 - ADV_Generation_eps_0.0_steps_100_Added_Noise_gaussian_Sigma_0.03_Tau_Type_noisy_num_anchors_10 - INFO - Batch 146/2463: Clean accuracy 0.9932 | Adv accuracy: 0.9932 | Counter-attack accuracy: 0.9863
2026-02-12 13:09:17,979 - ADV_Generation_eps_0.0_steps_100_Added_Noise_gaussian_Sigma_0.03_Tau_Type_noisy_num_anchors_10 - INFO - Batch 147/2463: Clean accuracy 0.9932 | Adv accuracy: 0.9932 | Counter-attack accuracy: 0.9864
2026-02-12 13:09:18,289 - ADV_Generation_eps_0.0_steps_100_Added_Noise_gaussian_Sigma_0.03_Tau_Type_noisy_num_anchors_10 - INFO - Batch 148/2463: Clean accuracy 0.9932 | Adv accuracy: 0.9932 | Counter-attack accuracy: 0.9865
2026-02-12 13:09:18,598 - ADV_Generation_eps_0.0_steps_100_Added_Noise_gaussian_Sigma_0.03_Tau_Type_noisy_num_anchors_10 - INFO - Batch 149/2463: Clean accuracy 0.9933 | Adv accuracy: 0.9933 | Counter-attack accuracy: 0.9866
2026-02-12 13:09:18,908 - ADV_Generation_eps_0.0_steps_100_Added_Noise_gaussian_Sigma_0.03_Tau_Type_noisy_num_anchors_10 - INFO - Batch 150/2463: Clean accuracy 0.9933 | Adv accuracy: 0.9933 | Counter-attack accuracy: 0.9867
2026-02-12 13:09:19,217 - ADV_Generation_eps_0.0_steps_100_Added_Noise_gaussian_Sigma_0.03_Tau_Type_noisy_num_anchors_10 - INFO - Batch 151/2463: Clean accuracy 0.9934 | Adv accuracy: 0.9934 | Counter-attack accuracy: 0.9868
2026-02-12 13:09:19,527 - ADV_Generation_eps_0.0_steps_100_Added_Noise_gaussian_Sigma_0.03_Tau_Type_noisy_num_anchors_10 - INFO - Batch 152/2463: Clean accuracy 0.9934 | Adv accuracy: 0.9934 | Counter-attack accuracy: 0.9868
2026-02-12 13:09:19,836 - ADV_Generation_eps_0.0_steps_100_Added_Noise_gaussian_Sigma_0.03_Tau_Type_noisy_num_anchors_10 - INFO - Batch 153/2463: Clean accuracy 0.9935 | Adv accuracy: 0.9935 | Counter-attack accuracy: 0.9869
2026-02-12 13:09:20,146 - ADV_Generation_eps_0.0_steps_100_Added_Noise_gaussian_Sigma_0.03_Tau_Type_noisy_num_anchors_10 - INFO - Batch 154/2463: Clean accuracy 0.9870 | Adv accuracy: 0.9870 | Counter-attack accuracy: 0.9805
2026-02-12 13:09:20,455 - ADV_Generation_eps_0.0_steps_100_Added_Noise_gaussian_Sigma_0.03_Tau_Type_noisy_num_anchors_10 - INFO - Batch 155/2463: Clean accuracy 0.9871 | Adv accuracy: 0.9871 | Counter-attack accuracy: 0.9806
2026-02-12 13:09:20,765 - ADV_Generation_eps_0.0_steps_100_Added_Noise_gaussian_Sigma_0.03_Tau_Type_noisy_num_anchors_10 - INFO - Batch 156/2463: Clean accuracy 0.9872 | Adv accuracy: 0.9872 | Counter-attack accuracy: 0.9808
2026-02-12 13:09:21,074 - ADV_Generation_eps_0.0_steps_100_Added_Noise_gaussian_Sigma_0.03_Tau_Type_noisy_num_anchors_10 - INFO - Batch 157/2463: Clean accuracy 0.9873 | Adv accuracy: 0.9873 | Counter-attack accuracy: 0.9809
2026-02-12 13:09:21,384 - ADV_Generation_eps_0.0_steps_100_Added_Noise_gaussian_Sigma_0.03_Tau_Type_noisy_num_anchors_10 - INFO - Batch 158/2463: Clean accuracy 0.9873 | Adv accuracy: 0.9873 | Counter-attack accuracy: 0.9810
2026-02-12 13:09:21,693 - ADV_Generation_eps_0.0_steps_100_Added_Noise_gaussian_Sigma_0.03_Tau_Type_noisy_num_anchors_10 - INFO - Batch 159/2463: Clean accuracy 0.9874 | Adv accuracy: 0.9874 | Counter-attack accuracy: 0.9811
2026-02-12 13:09:22,003 - ADV_Generation_eps_0.0_steps_100_Added_Noise_gaussian_Sigma_0.03_Tau_Type_noisy_num_anchors_10 - INFO - Batch 160/2463: Clean accuracy 0.9875 | Adv accuracy: 0.9875 | Counter-attack accuracy: 0.9812
2026-02-12 13:09:22,312 - ADV_Generation_eps_0.0_steps_100_Added_Noise_gaussian_Sigma_0.03_Tau_Type_noisy_num_anchors_10 - INFO - Batch 161/2463: Clean accuracy 0.9876 | Adv accuracy: 0.9876 | Counter-attack accuracy: 0.9814
2026-02-12 13:09:22,622 - ADV_Generation_eps_0.0_steps_100_Added_Noise_gaussian_Sigma_0.03_Tau_Type_noisy_num_anchors_10 - INFO - Batch 162/2463: Clean accuracy 0.9815 | Adv accuracy: 0.9815 | Counter-attack accuracy: 0.9753
2026-02-12 13:09:22,931 - ADV_Generation_eps_0.0_steps_100_Added_Noise_gaussian_Sigma_0.03_Tau_Type_noisy_num_anchors_10 - INFO - Batch 163/2463: Clean accuracy 0.9816 | Adv accuracy: 0.9816 | Counter-attack accuracy: 0.9755
2026-02-12 13:09:23,240 - ADV_Generation_eps_0.0_steps_100_Added_Noise_gaussian_Sigma_0.03_Tau_Type_noisy_num_anchors_10 - INFO - Batch 164/2463: Clean accuracy 0.9817 | Adv accuracy: 0.9817 | Counter-attack accuracy: 0.9756
2026-02-12 13:09:23,550 - ADV_Generation_eps_0.0_steps_100_Added_Noise_gaussian_Sigma_0.03_Tau_Type_noisy_num_anchors_10 - INFO - Batch 165/2463: Clean accuracy 0.9818 | Adv accuracy: 0.9818 | Counter-attack accuracy: 0.9758
2026-02-12 13:09:23,859 - ADV_Generation_eps_0.0_steps_100_Added_Noise_gaussian_Sigma_0.03_Tau_Type_noisy_num_anchors_10 - INFO - Batch 166/2463: Clean accuracy 0.9819 | Adv accuracy: 0.9819 | Counter-attack accuracy: 0.9759
2026-02-12 13:09:24,169 - ADV_Generation_eps_0.0_steps_100_Added_Noise_gaussian_Sigma_0.03_Tau_Type_noisy_num_anchors_10 - INFO - Batch 167/2463: Clean accuracy 0.9820 | Adv accuracy: 0.9820 | Counter-attack accuracy: 0.9760
2026-02-12 13:09:24,478 - ADV_Generation_eps_0.0_steps_100_Added_Noise_gaussian_Sigma_0.03_Tau_Type_noisy_num_anchors_10 - INFO - Batch 168/2463: Clean accuracy 0.9821 | Adv accuracy: 0.9821 | Counter-attack accuracy: 0.9762
2026-02-12 13:09:24,788 - ADV_Generation_eps_0.0_steps_100_Added_Noise_gaussian_Sigma_0.03_Tau_Type_noisy_num_anchors_10 - INFO - Batch 169/2463: Clean accuracy 0.9822 | Adv accuracy: 0.9822 | Counter-attack accuracy: 0.9763
2026-02-12 13:09:25,097 - ADV_Generation_eps_0.0_steps_100_Added_Noise_gaussian_Sigma_0.03_Tau_Type_noisy_num_anchors_10 - INFO - Batch 170/2463: Clean accuracy 0.9824 | Adv accuracy: 0.9824 | Counter-attack accuracy: 0.9765
2026-02-12 13:09:25,407 - ADV_Generation_eps_0.0_steps_100_Added_Noise_gaussian_Sigma_0.03_Tau_Type_noisy_num_anchors_10 - INFO - Batch 171/2463: Clean accuracy 0.9825 | Adv accuracy: 0.9825 | Counter-attack accuracy: 0.9766
2026-02-12 13:09:25,716 - ADV_Generation_eps_0.0_steps_100_Added_Noise_gaussian_Sigma_0.03_Tau_Type_noisy_num_anchors_10 - INFO - Batch 172/2463: Clean accuracy 0.9767 | Adv accuracy: 0.9767 | Counter-attack accuracy: 0.9709
2026-02-12 13:09:26,026 - ADV_Generation_eps_0.0_steps_100_Added_Noise_gaussian_Sigma_0.03_Tau_Type_noisy_num_anchors_10 - INFO - Batch 173/2463: Clean accuracy 0.9769 | Adv accuracy: 0.9769 | Counter-attack accuracy: 0.9711
2026-02-12 13:09:26,335 - ADV_Generation_eps_0.0_steps_100_Added_Noise_gaussian_Sigma_0.03_Tau_Type_noisy_num_anchors_10 - INFO - Batch 174/2463: Clean accuracy 0.9770 | Adv accuracy: 0.9770 | Counter-attack accuracy: 0.9713
2026-02-12 13:09:26,645 - ADV_Generation_eps_0.0_steps_100_Added_Noise_gaussian_Sigma_0.03_Tau_Type_noisy_num_anchors_10 - INFO - Batch 175/2463: Clean accuracy 0.9771 | Adv accuracy: 0.9771 | Counter-attack accuracy: 0.9714
2026-02-12 13:09:26,954 - ADV_Generation_eps_0.0_steps_100_Added_Noise_gaussian_Sigma_0.03_Tau_Type_noisy_num_anchors_10 - INFO - Batch 176/2463: Clean accuracy 0.9716 | Adv accuracy: 0.9716 | Counter-attack accuracy: 0.9659
2026-02-12 13:09:27,264 - ADV_Generation_eps_0.0_steps_100_Added_Noise_gaussian_Sigma_0.03_Tau_Type_noisy_num_anchors_10 - INFO - Batch 177/2463: Clean accuracy 0.9718 | Adv accuracy: 0.9718 | Counter-attack accuracy: 0.9661
2026-02-12 13:09:27,573 - ADV_Generation_eps_0.0_steps_100_Added_Noise_gaussian_Sigma_0.03_Tau_Type_noisy_num_anchors_10 - INFO - Batch 178/2463: Clean accuracy 0.9719 | Adv accuracy: 0.9719 | Counter-attack accuracy: 0.9663
2026-02-12 13:09:27,882 - ADV_Generation_eps_0.0_steps_100_Added_Noise_gaussian_Sigma_0.03_Tau_Type_noisy_num_anchors_10 - INFO - Batch 179/2463: Clean accuracy 0.9721 | Adv accuracy: 0.9721 | Counter-attack accuracy: 0.9665
2026-02-12 13:09:28,192 - ADV_Generation_eps_0.0_steps_100_Added_Noise_gaussian_Sigma_0.03_Tau_Type_noisy_num_anchors_10 - INFO - Batch 180/2463: Clean accuracy 0.9667 | Adv accuracy: 0.9667 | Counter-attack accuracy: 0.9611
2026-02-12 13:09:28,502 - ADV_Generation_eps_0.0_steps_100_Added_Noise_gaussian_Sigma_0.03_Tau_Type_noisy_num_anchors_10 - INFO - Batch 181/2463: Clean accuracy 0.9613 | Adv accuracy: 0.9613 | Counter-attack accuracy: 0.9558
2026-02-12 13:09:28,811 - ADV_Generation_eps_0.0_steps_100_Added_Noise_gaussian_Sigma_0.03_Tau_Type_noisy_num_anchors_10 - INFO - Batch 182/2463: Clean accuracy 0.9560 | Adv accuracy: 0.9560 | Counter-attack accuracy: 0.9505
2026-02-12 13:09:29,120 - ADV_Generation_eps_0.0_steps_100_Added_Noise_gaussian_Sigma_0.03_Tau_Type_noisy_num_anchors_10 - INFO - Batch 183/2463: Clean accuracy 0.9508 | Adv accuracy: 0.9508 | Counter-attack accuracy: 0.9454
2026-02-12 13:09:29,430 - ADV_Generation_eps_0.0_steps_100_Added_Noise_gaussian_Sigma_0.03_Tau_Type_noisy_num_anchors_10 - INFO - Batch 184/2463: Clean accuracy 0.9457 | Adv accuracy: 0.9457 | Counter-attack accuracy: 0.9402
2026-02-12 13:09:29,739 - ADV_Generation_eps_0.0_steps_100_Added_Noise_gaussian_Sigma_0.03_Tau_Type_noisy_num_anchors_10 - INFO - Batch 185/2463: Clean accuracy 0.9405 | Adv accuracy: 0.9405 | Counter-attack accuracy: 0.9351
2026-02-12 13:09:30,049 - ADV_Generation_eps_0.0_steps_100_Added_Noise_gaussian_Sigma_0.03_Tau_Type_noisy_num_anchors_10 - INFO - Batch 186/2463: Clean accuracy 0.9355 | Adv accuracy: 0.9355 | Counter-attack accuracy: 0.9301
2026-02-12 13:09:30,358 - ADV_Generation_eps_0.0_steps_100_Added_Noise_gaussian_Sigma_0.03_Tau_Type_noisy_num_anchors_10 - INFO - Batch 187/2463: Clean accuracy 0.9305 | Adv accuracy: 0.9305 | Counter-attack accuracy: 0.9251
2026-02-12 13:09:30,668 - ADV_Generation_eps_0.0_steps_100_Added_Noise_gaussian_Sigma_0.03_Tau_Type_noisy_num_anchors_10 - INFO - Batch 188/2463: Clean accuracy 0.9255 | Adv accuracy: 0.9255 | Counter-attack accuracy: 0.9202
2026-02-12 13:09:30,977 - ADV_Generation_eps_0.0_steps_100_Added_Noise_gaussian_Sigma_0.03_Tau_Type_noisy_num_anchors_10 - INFO - Batch 189/2463: Clean accuracy 0.9206 | Adv accuracy: 0.9206 | Counter-attack accuracy: 0.9153
2026-02-12 13:09:31,287 - ADV_Generation_eps_0.0_steps_100_Added_Noise_gaussian_Sigma_0.03_Tau_Type_noisy_num_anchors_10 - INFO - Batch 190/2463: Clean accuracy 0.9158 | Adv accuracy: 0.9158 | Counter-attack accuracy: 0.9105
2026-02-12 13:09:31,596 - ADV_Generation_eps_0.0_steps_100_Added_Noise_gaussian_Sigma_0.03_Tau_Type_noisy_num_anchors_10 - INFO - Batch 191/2463: Clean accuracy 0.9110 | Adv accuracy: 0.9110 | Counter-attack accuracy: 0.9058
2026-02-12 13:09:31,905 - ADV_Generation_eps_0.0_steps_100_Added_Noise_gaussian_Sigma_0.03_Tau_Type_noisy_num_anchors_10 - INFO - Batch 192/2463: Clean accuracy 0.9062 | Adv accuracy: 0.9062 | Counter-attack accuracy: 0.9010
2026-02-12 13:09:32,215 - ADV_Generation_eps_0.0_steps_100_Added_Noise_gaussian_Sigma_0.03_Tau_Type_noisy_num_anchors_10 - INFO - Batch 193/2463: Clean accuracy 0.9016 | Adv accuracy: 0.9016 | Counter-attack accuracy: 0.8964
2026-02-12 13:09:32,524 - ADV_Generation_eps_0.0_steps_100_Added_Noise_gaussian_Sigma_0.03_Tau_Type_noisy_num_anchors_10 - INFO - Batch 194/2463: Clean accuracy 0.8969 | Adv accuracy: 0.8969 | Counter-attack accuracy: 0.8918
2026-02-12 13:09:32,834 - ADV_Generation_eps_0.0_steps_100_Added_Noise_gaussian_Sigma_0.03_Tau_Type_noisy_num_anchors_10 - INFO - Batch 195/2463: Clean accuracy 0.8923 | Adv accuracy: 0.8923 | Counter-attack accuracy: 0.8872
2026-02-12 13:09:33,143 - ADV_Generation_eps_0.0_steps_100_Added_Noise_gaussian_Sigma_0.03_Tau_Type_noisy_num_anchors_10 - INFO - Batch 196/2463: Clean accuracy 0.8878 | Adv accuracy: 0.8878 | Counter-attack accuracy: 0.8827
2026-02-12 13:09:33,453 - ADV_Generation_eps_0.0_steps_100_Added_Noise_gaussian_Sigma_0.03_Tau_Type_noisy_num_anchors_10 - INFO - Batch 197/2463: Clean accuracy 0.8832 | Adv accuracy: 0.8832 | Counter-attack accuracy: 0.8782
2026-02-12 13:09:33,762 - ADV_Generation_eps_0.0_steps_100_Added_Noise_gaussian_Sigma_0.03_Tau_Type_noisy_num_anchors_10 - INFO - Batch 198/2463: Clean accuracy 0.8788 | Adv accuracy: 0.8788 | Counter-attack accuracy: 0.8737
2026-02-12 13:09:34,072 - ADV_Generation_eps_0.0_steps_100_Added_Noise_gaussian_Sigma_0.03_Tau_Type_noisy_num_anchors_10 - INFO - Batch 199/2463: Clean accuracy 0.8744 | Adv accuracy: 0.8744 | Counter-attack accuracy: 0.8693
2026-02-12 13:09:34,381 - ADV_Generation_eps_0.0_steps_100_Added_Noise_gaussian_Sigma_0.03_Tau_Type_noisy_num_anchors_10 - INFO - Batch 200/2463: Clean accuracy 0.8700 | Adv accuracy: 0.8700 | Counter-attack accuracy: 0.8650
2026-02-12 13:09:34,690 - ADV_Generation_eps_0.0_steps_100_Added_Noise_gaussian_Sigma_0.03_Tau_Type_noisy_num_anchors_10 - INFO - Batch 201/2463: Clean accuracy 0.8657 | Adv accuracy: 0.8657 | Counter-attack accuracy: 0.8607
2026-02-12 13:09:35,000 - ADV_Generation_eps_0.0_steps_100_Added_Noise_gaussian_Sigma_0.03_Tau_Type_noisy_num_anchors_10 - INFO - Batch 202/2463: Clean accuracy 0.8614 | Adv accuracy: 0.8614 | Counter-attack accuracy: 0.8564
2026-02-12 13:09:35,309 - ADV_Generation_eps_0.0_steps_100_Added_Noise_gaussian_Sigma_0.03_Tau_Type_noisy_num_anchors_10 - INFO - Batch 203/2463: Clean accuracy 0.8571 | Adv accuracy: 0.8571 | Counter-attack accuracy: 0.8522
2026-02-12 13:09:35,619 - ADV_Generation_eps_0.0_steps_100_Added_Noise_gaussian_Sigma_0.03_Tau_Type_noisy_num_anchors_10 - INFO - Batch 204/2463: Clean accuracy 0.8529 | Adv accuracy: 0.8529 | Counter-attack accuracy: 0.8480
2026-02-12 13:09:35,929 - ADV_Generation_eps_0.0_steps_100_Added_Noise_gaussian_Sigma_0.03_Tau_Type_noisy_num_anchors_10 - INFO - Batch 205/2463: Clean accuracy 0.8488 | Adv accuracy: 0.8488 | Counter-attack accuracy: 0.8439
2026-02-12 13:09:36,238 - ADV_Generation_eps_0.0_steps_100_Added_Noise_gaussian_Sigma_0.03_Tau_Type_noisy_num_anchors_10 - INFO - Batch 206/2463: Clean accuracy 0.8447 | Adv accuracy: 0.8447 | Counter-attack accuracy: 0.8398
2026-02-12 13:09:36,547 - ADV_Generation_eps_0.0_steps_100_Added_Noise_gaussian_Sigma_0.03_Tau_Type_noisy_num_anchors_10 - INFO - Batch 207/2463: Clean accuracy 0.8406 | Adv accuracy: 0.8406 | Counter-attack accuracy: 0.8357
2026-02-12 13:09:36,857 - ADV_Generation_eps_0.0_steps_100_Added_Noise_gaussian_Sigma_0.03_Tau_Type_noisy_num_anchors_10 - INFO - Batch 208/2463: Clean accuracy 0.8365 | Adv accuracy: 0.8365 | Counter-attack accuracy: 0.8317
2026-02-12 13:09:37,166 - ADV_Generation_eps_0.0_steps_100_Added_Noise_gaussian_Sigma_0.03_Tau_Type_noisy_num_anchors_10 - INFO - Batch 209/2463: Clean accuracy 0.8325 | Adv accuracy: 0.8325 | Counter-attack accuracy: 0.8278
2026-02-12 13:09:37,476 - ADV_Generation_eps_0.0_steps_100_Added_Noise_gaussian_Sigma_0.03_Tau_Type_noisy_num_anchors_10 - INFO - Batch 210/2463: Clean accuracy 0.8286 | Adv accuracy: 0.8286 | Counter-attack accuracy: 0.8238
2026-02-12 13:09:37,785 - ADV_Generation_eps_0.0_steps_100_Added_Noise_gaussian_Sigma_0.03_Tau_Type_noisy_num_anchors_10 - INFO - Batch 211/2463: Clean accuracy 0.8246 | Adv accuracy: 0.8246 | Counter-attack accuracy: 0.8199
2026-02-12 13:09:38,094 - ADV_Generation_eps_0.0_steps_100_Added_Noise_gaussian_Sigma_0.03_Tau_Type_noisy_num_anchors_10 - INFO - Batch 212/2463: Clean accuracy 0.8208 | Adv accuracy: 0.8208 | Counter-attack accuracy: 0.8160
2026-02-12 13:09:38,404 - ADV_Generation_eps_0.0_steps_100_Added_Noise_gaussian_Sigma_0.03_Tau_Type_noisy_num_anchors_10 - INFO - Batch 213/2463: Clean accuracy 0.8169 | Adv accuracy: 0.8169 | Counter-attack accuracy: 0.8122
2026-02-12 13:09:38,713 - ADV_Generation_eps_0.0_steps_100_Added_Noise_gaussian_Sigma_0.03_Tau_Type_noisy_num_anchors_10 - INFO - Batch 214/2463: Clean accuracy 0.8131 | Adv accuracy: 0.8131 | Counter-attack accuracy: 0.8084
2026-02-12 13:09:39,024 - ADV_Generation_eps_0.0_steps_100_Added_Noise_gaussian_Sigma_0.03_Tau_Type_noisy_num_anchors_10 - INFO - Batch 215/2463: Clean accuracy 0.8093 | Adv accuracy: 0.8093 | Counter-attack accuracy: 0.8047
2026-02-12 13:09:39,333 - ADV_Generation_eps_0.0_steps_100_Added_Noise_gaussian_Sigma_0.03_Tau_Type_noisy_num_anchors_10 - INFO - Batch 216/2463: Clean accuracy 0.8056 | Adv accuracy: 0.8056 | Counter-attack accuracy: 0.8009
2026-02-12 13:09:39,643 - ADV_Generation_eps_0.0_steps_100_Added_Noise_gaussian_Sigma_0.03_Tau_Type_noisy_num_anchors_10 - INFO - Batch 217/2463: Clean accuracy 0.8018 | Adv accuracy: 0.8018 | Counter-attack accuracy: 0.7972
