2026-02-12 17:55:02,384 - ADV_Generation_eps_0.0_steps_100_Added_Noise_uniform_Eps_48.0_Tau_Type_normal_anchors_num_anchors_10 - INFO - ==========================================
data:/leonardo_work/EUHPC_R04_192/fmohamma/Adversarial_Robust_Clip/atpt_data/downstream_datasets
test_sets:Aircraft
dataset_mode:test
arch:ViT-L/14
resolution:224
transferability:False
source_model:fare4
workers:4
no_pin_memory:False
batch_size:1
adv_bs:1
print_freq:20
gpu:0
no_cudnn_benchmark:False
n_ctx:4
ctx_init:a_photo_of_a
seed:0
output_dir:/leonardo_work/EUHPC_R04_192/fmohamma/Adversarial_Robust_Clip/atpt_data/ViT-L/14/Aircraft
log_output_dir:/leonardo_work/EUHPC_R04_192/fmohamma/Adversarial_Robust_Clip/ATPT/Diffratio_v3/ViT-L/14/Aircraft/ADV_Generation_eps_0.0_steps_100_Added_Noise_uniform_Eps_48.0_Tau_Type_normal_anchors_num_anchors_10
image_only_attack:False
image_only_attack_type:prm
image_predicted_label_attack:False
eps:0.0
alpha:0.0
alpha_eps_ratio:4.0
steps:100
counter_attack:True
counter_attack_type:pgd
counter_attack_steps:0
counter_attack_eps:48.0
counter_attack_alpha:1.0
counter_attack_tau_thres:0.2
counter_attack_beta:2.0
counter_attack_weighted_perturbations:True
counter_attack_init_noise:uniform
counter_attack_gaussian_sigma:0.03
counter_attack_noisy_tau_num_anchors:10
counter_attack_tau:normal_anchors
pgd_clip_pure_i_text_embeddings:null
pgd_counter_and_clipure_i_lamda:1.0
image_feature_purify:False
image_feature_purify_type:noisy_anchor
image_feature_purify_noisy_anchors:10
image_feature_purify_anchors_alpha:1.2
image_feature_purify_noisy_sigma:0.18
image_feature_purify_diff_threshold:0.0
image_feature_clipure_steps:10
image_feature_clipure_step_size:10.0
save_plots:False
lr:0.005
selection_p:0.1
tta_steps:1
top_k:20
softmax_temp:0.01
load_tecoa:

2026-02-12 17:55:02,385 - ADV_Generation_eps_0.0_steps_100_Added_Noise_uniform_Eps_48.0_Tau_Type_normal_anchors_num_anchors_10 - INFO - Use GPU: 0 for training
2026-02-12 17:55:13,448 - ADV_Generation_eps_0.0_steps_100_Added_Noise_uniform_Eps_48.0_Tau_Type_normal_anchors_num_anchors_10 - INFO - => Model created: visual backbone ViT-L/14
2026-02-12 17:55:13,516 - ADV_Generation_eps_0.0_steps_100_Added_Noise_uniform_Eps_48.0_Tau_Type_normal_anchors_num_anchors_10 - INFO - Number of test samples: 3333
2026-02-12 17:55:13,516 - ADV_Generation_eps_0.0_steps_100_Added_Noise_uniform_Eps_48.0_Tau_Type_normal_anchors_num_anchors_10 - INFO - Evaluating dataset: Aircraft
2026-02-12 17:55:13,517 - ADV_Generation_eps_0.0_steps_100_Added_Noise_uniform_Eps_48.0_Tau_Type_normal_anchors_num_anchors_10 - INFO - Starting evaluation with batch size: 1, selection percentage: 0.1
2026-02-12 17:55:13,517 - ADV_Generation_eps_0.0_steps_100_Added_Noise_uniform_Eps_48.0_Tau_Type_normal_anchors_num_anchors_10 - INFO - Using PGD attack with epsilon: 0.000000, alpha: 0.000000, steps: 100 image only attack False image only attack type  prm image predicted label attack False
2026-02-12 17:55:13,517 - ADV_Generation_eps_0.0_steps_100_Added_Noise_uniform_Eps_48.0_Tau_Type_normal_anchors_num_anchors_10 - INFO - Using counter-attack with epsilon: 48.000000, alpha: 1.000000, steps: 0
2026-02-12 17:55:13,517 - ADV_Generation_eps_0.0_steps_100_Added_Noise_uniform_Eps_48.0_Tau_Type_normal_anchors_num_anchors_10 - INFO - Adversarial examples will be loaded from /leonardo_work/EUHPC_R04_192/fmohamma/Adversarial_Robust_Clip/atpt_data/ViT-L/14/Aircraft/adv_images_eps_0.0_alpha_0.0_steps_100 and evaluated on ViT-L/14
2026-02-12 17:55:13,518 - ADV_Generation_eps_0.0_steps_100_Added_Noise_uniform_Eps_48.0_Tau_Type_normal_anchors_num_anchors_10 - INFO - Using directory for adversarial images: /leonardo_work/EUHPC_R04_192/fmohamma/Adversarial_Robust_Clip/atpt_data/ViT-L/14/Aircraft/adv_images_eps_0.0_alpha_0.0_steps_100
2026-02-12 17:55:14,431 - ADV_Generation_eps_0.0_steps_100_Added_Noise_uniform_Eps_48.0_Tau_Type_normal_anchors_num_anchors_10 - INFO - Batch 1/3333: Clean accuracy 1.0000 | Adv accuracy: 1.0000 | Counter-attack accuracy: 0.0000
2026-02-12 17:55:14,750 - ADV_Generation_eps_0.0_steps_100_Added_Noise_uniform_Eps_48.0_Tau_Type_normal_anchors_num_anchors_10 - INFO - Batch 2/3333: Clean accuracy 0.5000 | Adv accuracy: 0.5000 | Counter-attack accuracy: 0.0000
2026-02-12 17:55:15,068 - ADV_Generation_eps_0.0_steps_100_Added_Noise_uniform_Eps_48.0_Tau_Type_normal_anchors_num_anchors_10 - INFO - Batch 3/3333: Clean accuracy 0.3333 | Adv accuracy: 0.3333 | Counter-attack accuracy: 0.0000
2026-02-12 17:55:15,386 - ADV_Generation_eps_0.0_steps_100_Added_Noise_uniform_Eps_48.0_Tau_Type_normal_anchors_num_anchors_10 - INFO - Batch 4/3333: Clean accuracy 0.2500 | Adv accuracy: 0.2500 | Counter-attack accuracy: 0.0000
2026-02-12 17:55:15,703 - ADV_Generation_eps_0.0_steps_100_Added_Noise_uniform_Eps_48.0_Tau_Type_normal_anchors_num_anchors_10 - INFO - Batch 5/3333: Clean accuracy 0.2000 | Adv accuracy: 0.2000 | Counter-attack accuracy: 0.0000
2026-02-12 17:55:16,021 - ADV_Generation_eps_0.0_steps_100_Added_Noise_uniform_Eps_48.0_Tau_Type_normal_anchors_num_anchors_10 - INFO - Batch 6/3333: Clean accuracy 0.1667 | Adv accuracy: 0.1667 | Counter-attack accuracy: 0.0000
2026-02-12 17:55:16,338 - ADV_Generation_eps_0.0_steps_100_Added_Noise_uniform_Eps_48.0_Tau_Type_normal_anchors_num_anchors_10 - INFO - Batch 7/3333: Clean accuracy 0.2857 | Adv accuracy: 0.2857 | Counter-attack accuracy: 0.0000
2026-02-12 17:55:16,656 - ADV_Generation_eps_0.0_steps_100_Added_Noise_uniform_Eps_48.0_Tau_Type_normal_anchors_num_anchors_10 - INFO - Batch 8/3333: Clean accuracy 0.3750 | Adv accuracy: 0.3750 | Counter-attack accuracy: 0.0000
2026-02-12 17:55:16,974 - ADV_Generation_eps_0.0_steps_100_Added_Noise_uniform_Eps_48.0_Tau_Type_normal_anchors_num_anchors_10 - INFO - Batch 9/3333: Clean accuracy 0.3333 | Adv accuracy: 0.3333 | Counter-attack accuracy: 0.0000
2026-02-12 17:55:17,291 - ADV_Generation_eps_0.0_steps_100_Added_Noise_uniform_Eps_48.0_Tau_Type_normal_anchors_num_anchors_10 - INFO - Batch 10/3333: Clean accuracy 0.3000 | Adv accuracy: 0.3000 | Counter-attack accuracy: 0.0000
2026-02-12 17:55:17,609 - ADV_Generation_eps_0.0_steps_100_Added_Noise_uniform_Eps_48.0_Tau_Type_normal_anchors_num_anchors_10 - INFO - Batch 11/3333: Clean accuracy 0.2727 | Adv accuracy: 0.2727 | Counter-attack accuracy: 0.0000
2026-02-12 17:55:17,926 - ADV_Generation_eps_0.0_steps_100_Added_Noise_uniform_Eps_48.0_Tau_Type_normal_anchors_num_anchors_10 - INFO - Batch 12/3333: Clean accuracy 0.3333 | Adv accuracy: 0.3333 | Counter-attack accuracy: 0.0000
2026-02-12 17:55:18,244 - ADV_Generation_eps_0.0_steps_100_Added_Noise_uniform_Eps_48.0_Tau_Type_normal_anchors_num_anchors_10 - INFO - Batch 13/3333: Clean accuracy 0.3077 | Adv accuracy: 0.3077 | Counter-attack accuracy: 0.0000
2026-02-12 17:55:18,561 - ADV_Generation_eps_0.0_steps_100_Added_Noise_uniform_Eps_48.0_Tau_Type_normal_anchors_num_anchors_10 - INFO - Batch 14/3333: Clean accuracy 0.2857 | Adv accuracy: 0.2857 | Counter-attack accuracy: 0.0000
2026-02-12 17:55:18,879 - ADV_Generation_eps_0.0_steps_100_Added_Noise_uniform_Eps_48.0_Tau_Type_normal_anchors_num_anchors_10 - INFO - Batch 15/3333: Clean accuracy 0.3333 | Adv accuracy: 0.3333 | Counter-attack accuracy: 0.0000
2026-02-12 17:55:19,197 - ADV_Generation_eps_0.0_steps_100_Added_Noise_uniform_Eps_48.0_Tau_Type_normal_anchors_num_anchors_10 - INFO - Batch 16/3333: Clean accuracy 0.3750 | Adv accuracy: 0.3750 | Counter-attack accuracy: 0.0000
2026-02-12 17:55:19,514 - ADV_Generation_eps_0.0_steps_100_Added_Noise_uniform_Eps_48.0_Tau_Type_normal_anchors_num_anchors_10 - INFO - Batch 17/3333: Clean accuracy 0.3529 | Adv accuracy: 0.3529 | Counter-attack accuracy: 0.0000
2026-02-12 17:55:19,832 - ADV_Generation_eps_0.0_steps_100_Added_Noise_uniform_Eps_48.0_Tau_Type_normal_anchors_num_anchors_10 - INFO - Batch 18/3333: Clean accuracy 0.3333 | Adv accuracy: 0.3333 | Counter-attack accuracy: 0.0000
2026-02-12 17:55:20,149 - ADV_Generation_eps_0.0_steps_100_Added_Noise_uniform_Eps_48.0_Tau_Type_normal_anchors_num_anchors_10 - INFO - Batch 19/3333: Clean accuracy 0.3684 | Adv accuracy: 0.3684 | Counter-attack accuracy: 0.0000
2026-02-12 17:55:20,466 - ADV_Generation_eps_0.0_steps_100_Added_Noise_uniform_Eps_48.0_Tau_Type_normal_anchors_num_anchors_10 - INFO - Batch 20/3333: Clean accuracy 0.3500 | Adv accuracy: 0.3500 | Counter-attack accuracy: 0.0000
2026-02-12 17:55:20,784 - ADV_Generation_eps_0.0_steps_100_Added_Noise_uniform_Eps_48.0_Tau_Type_normal_anchors_num_anchors_10 - INFO - Batch 21/3333: Clean accuracy 0.3333 | Adv accuracy: 0.3333 | Counter-attack accuracy: 0.0000
2026-02-12 17:55:21,102 - ADV_Generation_eps_0.0_steps_100_Added_Noise_uniform_Eps_48.0_Tau_Type_normal_anchors_num_anchors_10 - INFO - Batch 22/3333: Clean accuracy 0.3182 | Adv accuracy: 0.3182 | Counter-attack accuracy: 0.0000
2026-02-12 17:55:21,419 - ADV_Generation_eps_0.0_steps_100_Added_Noise_uniform_Eps_48.0_Tau_Type_normal_anchors_num_anchors_10 - INFO - Batch 23/3333: Clean accuracy 0.3478 | Adv accuracy: 0.3478 | Counter-attack accuracy: 0.0000
2026-02-12 17:55:21,737 - ADV_Generation_eps_0.0_steps_100_Added_Noise_uniform_Eps_48.0_Tau_Type_normal_anchors_num_anchors_10 - INFO - Batch 24/3333: Clean accuracy 0.3333 | Adv accuracy: 0.3333 | Counter-attack accuracy: 0.0000
2026-02-12 17:55:22,054 - ADV_Generation_eps_0.0_steps_100_Added_Noise_uniform_Eps_48.0_Tau_Type_normal_anchors_num_anchors_10 - INFO - Batch 25/3333: Clean accuracy 0.3200 | Adv accuracy: 0.3200 | Counter-attack accuracy: 0.0000
2026-02-12 17:55:22,372 - ADV_Generation_eps_0.0_steps_100_Added_Noise_uniform_Eps_48.0_Tau_Type_normal_anchors_num_anchors_10 - INFO - Batch 26/3333: Clean accuracy 0.3077 | Adv accuracy: 0.3077 | Counter-attack accuracy: 0.0000
2026-02-12 17:55:22,689 - ADV_Generation_eps_0.0_steps_100_Added_Noise_uniform_Eps_48.0_Tau_Type_normal_anchors_num_anchors_10 - INFO - Batch 27/3333: Clean accuracy 0.3333 | Adv accuracy: 0.3333 | Counter-attack accuracy: 0.0000
2026-02-12 17:55:23,007 - ADV_Generation_eps_0.0_steps_100_Added_Noise_uniform_Eps_48.0_Tau_Type_normal_anchors_num_anchors_10 - INFO - Batch 28/3333: Clean accuracy 0.3571 | Adv accuracy: 0.3571 | Counter-attack accuracy: 0.0000
2026-02-12 17:55:23,324 - ADV_Generation_eps_0.0_steps_100_Added_Noise_uniform_Eps_48.0_Tau_Type_normal_anchors_num_anchors_10 - INFO - Batch 29/3333: Clean accuracy 0.3448 | Adv accuracy: 0.3448 | Counter-attack accuracy: 0.0000
2026-02-12 17:55:23,642 - ADV_Generation_eps_0.0_steps_100_Added_Noise_uniform_Eps_48.0_Tau_Type_normal_anchors_num_anchors_10 - INFO - Batch 30/3333: Clean accuracy 0.3333 | Adv accuracy: 0.3333 | Counter-attack accuracy: 0.0000
2026-02-12 17:55:23,960 - ADV_Generation_eps_0.0_steps_100_Added_Noise_uniform_Eps_48.0_Tau_Type_normal_anchors_num_anchors_10 - INFO - Batch 31/3333: Clean accuracy 0.3226 | Adv accuracy: 0.3226 | Counter-attack accuracy: 0.0000
2026-02-12 17:55:24,278 - ADV_Generation_eps_0.0_steps_100_Added_Noise_uniform_Eps_48.0_Tau_Type_normal_anchors_num_anchors_10 - INFO - Batch 32/3333: Clean accuracy 0.3438 | Adv accuracy: 0.3438 | Counter-attack accuracy: 0.0000
2026-02-12 17:55:24,596 - ADV_Generation_eps_0.0_steps_100_Added_Noise_uniform_Eps_48.0_Tau_Type_normal_anchors_num_anchors_10 - INFO - Batch 33/3333: Clean accuracy 0.3636 | Adv accuracy: 0.3636 | Counter-attack accuracy: 0.0000
2026-02-12 17:55:24,913 - ADV_Generation_eps_0.0_steps_100_Added_Noise_uniform_Eps_48.0_Tau_Type_normal_anchors_num_anchors_10 - INFO - Batch 34/3333: Clean accuracy 0.3824 | Adv accuracy: 0.3824 | Counter-attack accuracy: 0.0000
2026-02-12 17:55:25,231 - ADV_Generation_eps_0.0_steps_100_Added_Noise_uniform_Eps_48.0_Tau_Type_normal_anchors_num_anchors_10 - INFO - Batch 35/3333: Clean accuracy 0.3714 | Adv accuracy: 0.3714 | Counter-attack accuracy: 0.0000
2026-02-12 17:55:25,548 - ADV_Generation_eps_0.0_steps_100_Added_Noise_uniform_Eps_48.0_Tau_Type_normal_anchors_num_anchors_10 - INFO - Batch 36/3333: Clean accuracy 0.3611 | Adv accuracy: 0.3611 | Counter-attack accuracy: 0.0000
2026-02-12 17:55:25,865 - ADV_Generation_eps_0.0_steps_100_Added_Noise_uniform_Eps_48.0_Tau_Type_normal_anchors_num_anchors_10 - INFO - Batch 37/3333: Clean accuracy 0.3514 | Adv accuracy: 0.3514 | Counter-attack accuracy: 0.0000
2026-02-12 17:55:26,183 - ADV_Generation_eps_0.0_steps_100_Added_Noise_uniform_Eps_48.0_Tau_Type_normal_anchors_num_anchors_10 - INFO - Batch 38/3333: Clean accuracy 0.3421 | Adv accuracy: 0.3421 | Counter-attack accuracy: 0.0000
2026-02-12 17:55:26,501 - ADV_Generation_eps_0.0_steps_100_Added_Noise_uniform_Eps_48.0_Tau_Type_normal_anchors_num_anchors_10 - INFO - Batch 39/3333: Clean accuracy 0.3590 | Adv accuracy: 0.3590 | Counter-attack accuracy: 0.0000
2026-02-12 17:55:26,818 - ADV_Generation_eps_0.0_steps_100_Added_Noise_uniform_Eps_48.0_Tau_Type_normal_anchors_num_anchors_10 - INFO - Batch 40/3333: Clean accuracy 0.3500 | Adv accuracy: 0.3500 | Counter-attack accuracy: 0.0000
2026-02-12 17:55:27,135 - ADV_Generation_eps_0.0_steps_100_Added_Noise_uniform_Eps_48.0_Tau_Type_normal_anchors_num_anchors_10 - INFO - Batch 41/3333: Clean accuracy 0.3415 | Adv accuracy: 0.3415 | Counter-attack accuracy: 0.0000
2026-02-12 17:55:27,453 - ADV_Generation_eps_0.0_steps_100_Added_Noise_uniform_Eps_48.0_Tau_Type_normal_anchors_num_anchors_10 - INFO - Batch 42/3333: Clean accuracy 0.3571 | Adv accuracy: 0.3571 | Counter-attack accuracy: 0.0000
2026-02-12 17:55:27,778 - ADV_Generation_eps_0.0_steps_100_Added_Noise_uniform_Eps_48.0_Tau_Type_normal_anchors_num_anchors_10 - INFO - Batch 43/3333: Clean accuracy 0.3721 | Adv accuracy: 0.3721 | Counter-attack accuracy: 0.0000
2026-02-12 17:55:28,096 - ADV_Generation_eps_0.0_steps_100_Added_Noise_uniform_Eps_48.0_Tau_Type_normal_anchors_num_anchors_10 - INFO - Batch 44/3333: Clean accuracy 0.3864 | Adv accuracy: 0.3864 | Counter-attack accuracy: 0.0227
2026-02-12 17:55:28,413 - ADV_Generation_eps_0.0_steps_100_Added_Noise_uniform_Eps_48.0_Tau_Type_normal_anchors_num_anchors_10 - INFO - Batch 45/3333: Clean accuracy 0.3778 | Adv accuracy: 0.3778 | Counter-attack accuracy: 0.0444
2026-02-12 17:55:28,731 - ADV_Generation_eps_0.0_steps_100_Added_Noise_uniform_Eps_48.0_Tau_Type_normal_anchors_num_anchors_10 - INFO - Batch 46/3333: Clean accuracy 0.3696 | Adv accuracy: 0.3696 | Counter-attack accuracy: 0.0435
2026-02-12 17:55:29,048 - ADV_Generation_eps_0.0_steps_100_Added_Noise_uniform_Eps_48.0_Tau_Type_normal_anchors_num_anchors_10 - INFO - Batch 47/3333: Clean accuracy 0.3830 | Adv accuracy: 0.3830 | Counter-attack accuracy: 0.0638
2026-02-12 17:55:29,366 - ADV_Generation_eps_0.0_steps_100_Added_Noise_uniform_Eps_48.0_Tau_Type_normal_anchors_num_anchors_10 - INFO - Batch 48/3333: Clean accuracy 0.3958 | Adv accuracy: 0.3958 | Counter-attack accuracy: 0.0833
2026-02-12 17:55:29,683 - ADV_Generation_eps_0.0_steps_100_Added_Noise_uniform_Eps_48.0_Tau_Type_normal_anchors_num_anchors_10 - INFO - Batch 49/3333: Clean accuracy 0.4082 | Adv accuracy: 0.4082 | Counter-attack accuracy: 0.0816
2026-02-12 17:55:30,001 - ADV_Generation_eps_0.0_steps_100_Added_Noise_uniform_Eps_48.0_Tau_Type_normal_anchors_num_anchors_10 - INFO - Batch 50/3333: Clean accuracy 0.4000 | Adv accuracy: 0.4000 | Counter-attack accuracy: 0.0800
2026-02-12 17:55:30,318 - ADV_Generation_eps_0.0_steps_100_Added_Noise_uniform_Eps_48.0_Tau_Type_normal_anchors_num_anchors_10 - INFO - Batch 51/3333: Clean accuracy 0.3922 | Adv accuracy: 0.3922 | Counter-attack accuracy: 0.0784
2026-02-12 17:55:30,636 - ADV_Generation_eps_0.0_steps_100_Added_Noise_uniform_Eps_48.0_Tau_Type_normal_anchors_num_anchors_10 - INFO - Batch 52/3333: Clean accuracy 0.4038 | Adv accuracy: 0.4038 | Counter-attack accuracy: 0.0769
2026-02-12 17:55:30,954 - ADV_Generation_eps_0.0_steps_100_Added_Noise_uniform_Eps_48.0_Tau_Type_normal_anchors_num_anchors_10 - INFO - Batch 53/3333: Clean accuracy 0.4151 | Adv accuracy: 0.4151 | Counter-attack accuracy: 0.0755
2026-02-12 17:55:31,271 - ADV_Generation_eps_0.0_steps_100_Added_Noise_uniform_Eps_48.0_Tau_Type_normal_anchors_num_anchors_10 - INFO - Batch 54/3333: Clean accuracy 0.4259 | Adv accuracy: 0.4259 | Counter-attack accuracy: 0.0741
2026-02-12 17:55:31,589 - ADV_Generation_eps_0.0_steps_100_Added_Noise_uniform_Eps_48.0_Tau_Type_normal_anchors_num_anchors_10 - INFO - Batch 55/3333: Clean accuracy 0.4182 | Adv accuracy: 0.4182 | Counter-attack accuracy: 0.0727
2026-02-12 17:55:31,907 - ADV_Generation_eps_0.0_steps_100_Added_Noise_uniform_Eps_48.0_Tau_Type_normal_anchors_num_anchors_10 - INFO - Batch 56/3333: Clean accuracy 0.4286 | Adv accuracy: 0.4286 | Counter-attack accuracy: 0.0714
2026-02-12 17:55:32,233 - ADV_Generation_eps_0.0_steps_100_Added_Noise_uniform_Eps_48.0_Tau_Type_normal_anchors_num_anchors_10 - INFO - Batch 57/3333: Clean accuracy 0.4211 | Adv accuracy: 0.4211 | Counter-attack accuracy: 0.0877
2026-02-12 17:55:32,551 - ADV_Generation_eps_0.0_steps_100_Added_Noise_uniform_Eps_48.0_Tau_Type_normal_anchors_num_anchors_10 - INFO - Batch 58/3333: Clean accuracy 0.4310 | Adv accuracy: 0.4310 | Counter-attack accuracy: 0.0862
2026-02-12 17:55:32,869 - ADV_Generation_eps_0.0_steps_100_Added_Noise_uniform_Eps_48.0_Tau_Type_normal_anchors_num_anchors_10 - INFO - Batch 59/3333: Clean accuracy 0.4237 | Adv accuracy: 0.4237 | Counter-attack accuracy: 0.0847
2026-02-12 17:55:33,186 - ADV_Generation_eps_0.0_steps_100_Added_Noise_uniform_Eps_48.0_Tau_Type_normal_anchors_num_anchors_10 - INFO - Batch 60/3333: Clean accuracy 0.4167 | Adv accuracy: 0.4167 | Counter-attack accuracy: 0.0833
2026-02-12 17:55:33,504 - ADV_Generation_eps_0.0_steps_100_Added_Noise_uniform_Eps_48.0_Tau_Type_normal_anchors_num_anchors_10 - INFO - Batch 61/3333: Clean accuracy 0.4098 | Adv accuracy: 0.4098 | Counter-attack accuracy: 0.0820
2026-02-12 17:55:33,821 - ADV_Generation_eps_0.0_steps_100_Added_Noise_uniform_Eps_48.0_Tau_Type_normal_anchors_num_anchors_10 - INFO - Batch 62/3333: Clean accuracy 0.4194 | Adv accuracy: 0.4194 | Counter-attack accuracy: 0.0968
2026-02-12 17:55:34,139 - ADV_Generation_eps_0.0_steps_100_Added_Noise_uniform_Eps_48.0_Tau_Type_normal_anchors_num_anchors_10 - INFO - Batch 63/3333: Clean accuracy 0.4286 | Adv accuracy: 0.4286 | Counter-attack accuracy: 0.0952
2026-02-12 17:55:34,456 - ADV_Generation_eps_0.0_steps_100_Added_Noise_uniform_Eps_48.0_Tau_Type_normal_anchors_num_anchors_10 - INFO - Batch 64/3333: Clean accuracy 0.4375 | Adv accuracy: 0.4375 | Counter-attack accuracy: 0.0938
2026-02-12 17:55:34,773 - ADV_Generation_eps_0.0_steps_100_Added_Noise_uniform_Eps_48.0_Tau_Type_normal_anchors_num_anchors_10 - INFO - Batch 65/3333: Clean accuracy 0.4308 | Adv accuracy: 0.4308 | Counter-attack accuracy: 0.0923
2026-02-12 17:55:35,091 - ADV_Generation_eps_0.0_steps_100_Added_Noise_uniform_Eps_48.0_Tau_Type_normal_anchors_num_anchors_10 - INFO - Batch 66/3333: Clean accuracy 0.4242 | Adv accuracy: 0.4242 | Counter-attack accuracy: 0.0909
2026-02-12 17:55:35,408 - ADV_Generation_eps_0.0_steps_100_Added_Noise_uniform_Eps_48.0_Tau_Type_normal_anchors_num_anchors_10 - INFO - Batch 67/3333: Clean accuracy 0.4179 | Adv accuracy: 0.4179 | Counter-attack accuracy: 0.0896
2026-02-12 17:55:35,726 - ADV_Generation_eps_0.0_steps_100_Added_Noise_uniform_Eps_48.0_Tau_Type_normal_anchors_num_anchors_10 - INFO - Batch 68/3333: Clean accuracy 0.4118 | Adv accuracy: 0.4118 | Counter-attack accuracy: 0.0882
2026-02-12 17:55:36,043 - ADV_Generation_eps_0.0_steps_100_Added_Noise_uniform_Eps_48.0_Tau_Type_normal_anchors_num_anchors_10 - INFO - Batch 69/3333: Clean accuracy 0.4058 | Adv accuracy: 0.4058 | Counter-attack accuracy: 0.1014
2026-02-12 17:55:36,361 - ADV_Generation_eps_0.0_steps_100_Added_Noise_uniform_Eps_48.0_Tau_Type_normal_anchors_num_anchors_10 - INFO - Batch 70/3333: Clean accuracy 0.4000 | Adv accuracy: 0.4000 | Counter-attack accuracy: 0.1000
2026-02-12 17:55:36,678 - ADV_Generation_eps_0.0_steps_100_Added_Noise_uniform_Eps_48.0_Tau_Type_normal_anchors_num_anchors_10 - INFO - Batch 71/3333: Clean accuracy 0.3944 | Adv accuracy: 0.3944 | Counter-attack accuracy: 0.0986
2026-02-12 17:55:36,996 - ADV_Generation_eps_0.0_steps_100_Added_Noise_uniform_Eps_48.0_Tau_Type_normal_anchors_num_anchors_10 - INFO - Batch 72/3333: Clean accuracy 0.3889 | Adv accuracy: 0.3889 | Counter-attack accuracy: 0.1111
2026-02-12 17:55:37,313 - ADV_Generation_eps_0.0_steps_100_Added_Noise_uniform_Eps_48.0_Tau_Type_normal_anchors_num_anchors_10 - INFO - Batch 73/3333: Clean accuracy 0.3836 | Adv accuracy: 0.3836 | Counter-attack accuracy: 0.1096
2026-02-12 17:55:37,631 - ADV_Generation_eps_0.0_steps_100_Added_Noise_uniform_Eps_48.0_Tau_Type_normal_anchors_num_anchors_10 - INFO - Batch 74/3333: Clean accuracy 0.3784 | Adv accuracy: 0.3784 | Counter-attack accuracy: 0.1081
2026-02-12 17:55:37,948 - ADV_Generation_eps_0.0_steps_100_Added_Noise_uniform_Eps_48.0_Tau_Type_normal_anchors_num_anchors_10 - INFO - Batch 75/3333: Clean accuracy 0.3733 | Adv accuracy: 0.3733 | Counter-attack accuracy: 0.1067
2026-02-12 17:55:38,266 - ADV_Generation_eps_0.0_steps_100_Added_Noise_uniform_Eps_48.0_Tau_Type_normal_anchors_num_anchors_10 - INFO - Batch 76/3333: Clean accuracy 0.3684 | Adv accuracy: 0.3684 | Counter-attack accuracy: 0.1053
2026-02-12 17:55:38,583 - ADV_Generation_eps_0.0_steps_100_Added_Noise_uniform_Eps_48.0_Tau_Type_normal_anchors_num_anchors_10 - INFO - Batch 77/3333: Clean accuracy 0.3636 | Adv accuracy: 0.3636 | Counter-attack accuracy: 0.1039
2026-02-12 17:55:38,901 - ADV_Generation_eps_0.0_steps_100_Added_Noise_uniform_Eps_48.0_Tau_Type_normal_anchors_num_anchors_10 - INFO - Batch 78/3333: Clean accuracy 0.3590 | Adv accuracy: 0.3590 | Counter-attack accuracy: 0.1154
2026-02-12 17:55:39,218 - ADV_Generation_eps_0.0_steps_100_Added_Noise_uniform_Eps_48.0_Tau_Type_normal_anchors_num_anchors_10 - INFO - Batch 79/3333: Clean accuracy 0.3544 | Adv accuracy: 0.3544 | Counter-attack accuracy: 0.1139
2026-02-12 17:55:39,536 - ADV_Generation_eps_0.0_steps_100_Added_Noise_uniform_Eps_48.0_Tau_Type_normal_anchors_num_anchors_10 - INFO - Batch 80/3333: Clean accuracy 0.3500 | Adv accuracy: 0.3500 | Counter-attack accuracy: 0.1125
2026-02-12 17:55:39,853 - ADV_Generation_eps_0.0_steps_100_Added_Noise_uniform_Eps_48.0_Tau_Type_normal_anchors_num_anchors_10 - INFO - Batch 81/3333: Clean accuracy 0.3457 | Adv accuracy: 0.3457 | Counter-attack accuracy: 0.1111
2026-02-12 17:55:40,171 - ADV_Generation_eps_0.0_steps_100_Added_Noise_uniform_Eps_48.0_Tau_Type_normal_anchors_num_anchors_10 - INFO - Batch 82/3333: Clean accuracy 0.3415 | Adv accuracy: 0.3415 | Counter-attack accuracy: 0.1098
2026-02-12 17:55:40,488 - ADV_Generation_eps_0.0_steps_100_Added_Noise_uniform_Eps_48.0_Tau_Type_normal_anchors_num_anchors_10 - INFO - Batch 83/3333: Clean accuracy 0.3373 | Adv accuracy: 0.3373 | Counter-attack accuracy: 0.1084
2026-02-12 17:55:40,806 - ADV_Generation_eps_0.0_steps_100_Added_Noise_uniform_Eps_48.0_Tau_Type_normal_anchors_num_anchors_10 - INFO - Batch 84/3333: Clean accuracy 0.3333 | Adv accuracy: 0.3333 | Counter-attack accuracy: 0.1071
2026-02-12 17:55:41,123 - ADV_Generation_eps_0.0_steps_100_Added_Noise_uniform_Eps_48.0_Tau_Type_normal_anchors_num_anchors_10 - INFO - Batch 85/3333: Clean accuracy 0.3294 | Adv accuracy: 0.3294 | Counter-attack accuracy: 0.1059
2026-02-12 17:55:41,441 - ADV_Generation_eps_0.0_steps_100_Added_Noise_uniform_Eps_48.0_Tau_Type_normal_anchors_num_anchors_10 - INFO - Batch 86/3333: Clean accuracy 0.3256 | Adv accuracy: 0.3256 | Counter-attack accuracy: 0.1047
2026-02-12 17:55:41,758 - ADV_Generation_eps_0.0_steps_100_Added_Noise_uniform_Eps_48.0_Tau_Type_normal_anchors_num_anchors_10 - INFO - Batch 87/3333: Clean accuracy 0.3218 | Adv accuracy: 0.3218 | Counter-attack accuracy: 0.1034
2026-02-12 17:55:42,076 - ADV_Generation_eps_0.0_steps_100_Added_Noise_uniform_Eps_48.0_Tau_Type_normal_anchors_num_anchors_10 - INFO - Batch 88/3333: Clean accuracy 0.3182 | Adv accuracy: 0.3182 | Counter-attack accuracy: 0.1023
2026-02-12 17:55:42,393 - ADV_Generation_eps_0.0_steps_100_Added_Noise_uniform_Eps_48.0_Tau_Type_normal_anchors_num_anchors_10 - INFO - Batch 89/3333: Clean accuracy 0.3146 | Adv accuracy: 0.3146 | Counter-attack accuracy: 0.1011
2026-02-12 17:55:42,711 - ADV_Generation_eps_0.0_steps_100_Added_Noise_uniform_Eps_48.0_Tau_Type_normal_anchors_num_anchors_10 - INFO - Batch 90/3333: Clean accuracy 0.3111 | Adv accuracy: 0.3111 | Counter-attack accuracy: 0.1000
2026-02-12 17:55:43,028 - ADV_Generation_eps_0.0_steps_100_Added_Noise_uniform_Eps_48.0_Tau_Type_normal_anchors_num_anchors_10 - INFO - Batch 91/3333: Clean accuracy 0.3077 | Adv accuracy: 0.3077 | Counter-attack accuracy: 0.0989
2026-02-12 17:55:43,346 - ADV_Generation_eps_0.0_steps_100_Added_Noise_uniform_Eps_48.0_Tau_Type_normal_anchors_num_anchors_10 - INFO - Batch 92/3333: Clean accuracy 0.3043 | Adv accuracy: 0.3043 | Counter-attack accuracy: 0.0978
2026-02-12 17:55:43,663 - ADV_Generation_eps_0.0_steps_100_Added_Noise_uniform_Eps_48.0_Tau_Type_normal_anchors_num_anchors_10 - INFO - Batch 93/3333: Clean accuracy 0.3011 | Adv accuracy: 0.3011 | Counter-attack accuracy: 0.0968
2026-02-12 17:55:43,981 - ADV_Generation_eps_0.0_steps_100_Added_Noise_uniform_Eps_48.0_Tau_Type_normal_anchors_num_anchors_10 - INFO - Batch 94/3333: Clean accuracy 0.2979 | Adv accuracy: 0.2979 | Counter-attack accuracy: 0.0957
2026-02-12 17:55:44,299 - ADV_Generation_eps_0.0_steps_100_Added_Noise_uniform_Eps_48.0_Tau_Type_normal_anchors_num_anchors_10 - INFO - Batch 95/3333: Clean accuracy 0.2947 | Adv accuracy: 0.2947 | Counter-attack accuracy: 0.0947
2026-02-12 17:55:44,616 - ADV_Generation_eps_0.0_steps_100_Added_Noise_uniform_Eps_48.0_Tau_Type_normal_anchors_num_anchors_10 - INFO - Batch 96/3333: Clean accuracy 0.2917 | Adv accuracy: 0.2917 | Counter-attack accuracy: 0.0938
2026-02-12 17:55:44,934 - ADV_Generation_eps_0.0_steps_100_Added_Noise_uniform_Eps_48.0_Tau_Type_normal_anchors_num_anchors_10 - INFO - Batch 97/3333: Clean accuracy 0.2887 | Adv accuracy: 0.2887 | Counter-attack accuracy: 0.1031
2026-02-12 17:55:45,251 - ADV_Generation_eps_0.0_steps_100_Added_Noise_uniform_Eps_48.0_Tau_Type_normal_anchors_num_anchors_10 - INFO - Batch 98/3333: Clean accuracy 0.2857 | Adv accuracy: 0.2857 | Counter-attack accuracy: 0.1020
2026-02-12 17:55:45,575 - ADV_Generation_eps_0.0_steps_100_Added_Noise_uniform_Eps_48.0_Tau_Type_normal_anchors_num_anchors_10 - INFO - Batch 99/3333: Clean accuracy 0.2828 | Adv accuracy: 0.2828 | Counter-attack accuracy: 0.1010
2026-02-12 17:55:45,892 - ADV_Generation_eps_0.0_steps_100_Added_Noise_uniform_Eps_48.0_Tau_Type_normal_anchors_num_anchors_10 - INFO - Batch 100/3333: Clean accuracy 0.2800 | Adv accuracy: 0.2800 | Counter-attack accuracy: 0.1000
2026-02-12 17:55:46,210 - ADV_Generation_eps_0.0_steps_100_Added_Noise_uniform_Eps_48.0_Tau_Type_normal_anchors_num_anchors_10 - INFO - Batch 101/3333: Clean accuracy 0.2772 | Adv accuracy: 0.2772 | Counter-attack accuracy: 0.0990
2026-02-12 17:55:46,527 - ADV_Generation_eps_0.0_steps_100_Added_Noise_uniform_Eps_48.0_Tau_Type_normal_anchors_num_anchors_10 - INFO - Batch 102/3333: Clean accuracy 0.2745 | Adv accuracy: 0.2745 | Counter-attack accuracy: 0.0980
2026-02-12 17:55:46,845 - ADV_Generation_eps_0.0_steps_100_Added_Noise_uniform_Eps_48.0_Tau_Type_normal_anchors_num_anchors_10 - INFO - Batch 103/3333: Clean accuracy 0.2718 | Adv accuracy: 0.2718 | Counter-attack accuracy: 0.0971
2026-02-12 17:55:47,162 - ADV_Generation_eps_0.0_steps_100_Added_Noise_uniform_Eps_48.0_Tau_Type_normal_anchors_num_anchors_10 - INFO - Batch 104/3333: Clean accuracy 0.2692 | Adv accuracy: 0.2692 | Counter-attack accuracy: 0.0962
2026-02-12 17:55:47,480 - ADV_Generation_eps_0.0_steps_100_Added_Noise_uniform_Eps_48.0_Tau_Type_normal_anchors_num_anchors_10 - INFO - Batch 105/3333: Clean accuracy 0.2667 | Adv accuracy: 0.2667 | Counter-attack accuracy: 0.0952
2026-02-12 17:55:47,797 - ADV_Generation_eps_0.0_steps_100_Added_Noise_uniform_Eps_48.0_Tau_Type_normal_anchors_num_anchors_10 - INFO - Batch 106/3333: Clean accuracy 0.2642 | Adv accuracy: 0.2642 | Counter-attack accuracy: 0.0943
2026-02-12 17:55:48,115 - ADV_Generation_eps_0.0_steps_100_Added_Noise_uniform_Eps_48.0_Tau_Type_normal_anchors_num_anchors_10 - INFO - Batch 107/3333: Clean accuracy 0.2617 | Adv accuracy: 0.2617 | Counter-attack accuracy: 0.0935
2026-02-12 17:55:48,432 - ADV_Generation_eps_0.0_steps_100_Added_Noise_uniform_Eps_48.0_Tau_Type_normal_anchors_num_anchors_10 - INFO - Batch 108/3333: Clean accuracy 0.2593 | Adv accuracy: 0.2593 | Counter-attack accuracy: 0.0926
2026-02-12 17:55:48,749 - ADV_Generation_eps_0.0_steps_100_Added_Noise_uniform_Eps_48.0_Tau_Type_normal_anchors_num_anchors_10 - INFO - Batch 109/3333: Clean accuracy 0.2569 | Adv accuracy: 0.2569 | Counter-attack accuracy: 0.0917
2026-02-12 17:55:49,067 - ADV_Generation_eps_0.0_steps_100_Added_Noise_uniform_Eps_48.0_Tau_Type_normal_anchors_num_anchors_10 - INFO - Batch 110/3333: Clean accuracy 0.2545 | Adv accuracy: 0.2545 | Counter-attack accuracy: 0.0909
2026-02-12 17:55:49,385 - ADV_Generation_eps_0.0_steps_100_Added_Noise_uniform_Eps_48.0_Tau_Type_normal_anchors_num_anchors_10 - INFO - Batch 111/3333: Clean accuracy 0.2523 | Adv accuracy: 0.2523 | Counter-attack accuracy: 0.0901
2026-02-12 17:55:49,702 - ADV_Generation_eps_0.0_steps_100_Added_Noise_uniform_Eps_48.0_Tau_Type_normal_anchors_num_anchors_10 - INFO - Batch 112/3333: Clean accuracy 0.2500 | Adv accuracy: 0.2500 | Counter-attack accuracy: 0.0893
2026-02-12 17:55:50,020 - ADV_Generation_eps_0.0_steps_100_Added_Noise_uniform_Eps_48.0_Tau_Type_normal_anchors_num_anchors_10 - INFO - Batch 113/3333: Clean accuracy 0.2478 | Adv accuracy: 0.2478 | Counter-attack accuracy: 0.0885
2026-02-12 17:55:50,337 - ADV_Generation_eps_0.0_steps_100_Added_Noise_uniform_Eps_48.0_Tau_Type_normal_anchors_num_anchors_10 - INFO - Batch 114/3333: Clean accuracy 0.2456 | Adv accuracy: 0.2456 | Counter-attack accuracy: 0.0877
2026-02-12 17:55:50,655 - ADV_Generation_eps_0.0_steps_100_Added_Noise_uniform_Eps_48.0_Tau_Type_normal_anchors_num_anchors_10 - INFO - Batch 115/3333: Clean accuracy 0.2435 | Adv accuracy: 0.2435 | Counter-attack accuracy: 0.0870
2026-02-12 17:55:50,972 - ADV_Generation_eps_0.0_steps_100_Added_Noise_uniform_Eps_48.0_Tau_Type_normal_anchors_num_anchors_10 - INFO - Batch 116/3333: Clean accuracy 0.2414 | Adv accuracy: 0.2414 | Counter-attack accuracy: 0.0862
2026-02-12 17:55:51,290 - ADV_Generation_eps_0.0_steps_100_Added_Noise_uniform_Eps_48.0_Tau_Type_normal_anchors_num_anchors_10 - INFO - Batch 117/3333: Clean accuracy 0.2393 | Adv accuracy: 0.2393 | Counter-attack accuracy: 0.0855
2026-02-12 17:55:51,607 - ADV_Generation_eps_0.0_steps_100_Added_Noise_uniform_Eps_48.0_Tau_Type_normal_anchors_num_anchors_10 - INFO - Batch 118/3333: Clean accuracy 0.2373 | Adv accuracy: 0.2373 | Counter-attack accuracy: 0.0847
2026-02-12 17:55:51,925 - ADV_Generation_eps_0.0_steps_100_Added_Noise_uniform_Eps_48.0_Tau_Type_normal_anchors_num_anchors_10 - INFO - Batch 119/3333: Clean accuracy 0.2353 | Adv accuracy: 0.2353 | Counter-attack accuracy: 0.0840
2026-02-12 17:55:52,242 - ADV_Generation_eps_0.0_steps_100_Added_Noise_uniform_Eps_48.0_Tau_Type_normal_anchors_num_anchors_10 - INFO - Batch 120/3333: Clean accuracy 0.2333 | Adv accuracy: 0.2333 | Counter-attack accuracy: 0.0833
2026-02-12 17:55:52,560 - ADV_Generation_eps_0.0_steps_100_Added_Noise_uniform_Eps_48.0_Tau_Type_normal_anchors_num_anchors_10 - INFO - Batch 121/3333: Clean accuracy 0.2314 | Adv accuracy: 0.2314 | Counter-attack accuracy: 0.0826
2026-02-12 17:55:52,878 - ADV_Generation_eps_0.0_steps_100_Added_Noise_uniform_Eps_48.0_Tau_Type_normal_anchors_num_anchors_10 - INFO - Batch 122/3333: Clean accuracy 0.2295 | Adv accuracy: 0.2295 | Counter-attack accuracy: 0.0820
2026-02-12 17:55:53,195 - ADV_Generation_eps_0.0_steps_100_Added_Noise_uniform_Eps_48.0_Tau_Type_normal_anchors_num_anchors_10 - INFO - Batch 123/3333: Clean accuracy 0.2276 | Adv accuracy: 0.2276 | Counter-attack accuracy: 0.0813
2026-02-12 17:55:53,513 - ADV_Generation_eps_0.0_steps_100_Added_Noise_uniform_Eps_48.0_Tau_Type_normal_anchors_num_anchors_10 - INFO - Batch 124/3333: Clean accuracy 0.2258 | Adv accuracy: 0.2258 | Counter-attack accuracy: 0.0806
2026-02-12 17:55:53,830 - ADV_Generation_eps_0.0_steps_100_Added_Noise_uniform_Eps_48.0_Tau_Type_normal_anchors_num_anchors_10 - INFO - Batch 125/3333: Clean accuracy 0.2240 | Adv accuracy: 0.2240 | Counter-attack accuracy: 0.0800
2026-02-12 17:55:54,147 - ADV_Generation_eps_0.0_steps_100_Added_Noise_uniform_Eps_48.0_Tau_Type_normal_anchors_num_anchors_10 - INFO - Batch 126/3333: Clean accuracy 0.2222 | Adv accuracy: 0.2222 | Counter-attack accuracy: 0.0794
2026-02-12 17:55:54,465 - ADV_Generation_eps_0.0_steps_100_Added_Noise_uniform_Eps_48.0_Tau_Type_normal_anchors_num_anchors_10 - INFO - Batch 127/3333: Clean accuracy 0.2205 | Adv accuracy: 0.2205 | Counter-attack accuracy: 0.0787
2026-02-12 17:55:54,782 - ADV_Generation_eps_0.0_steps_100_Added_Noise_uniform_Eps_48.0_Tau_Type_normal_anchors_num_anchors_10 - INFO - Batch 128/3333: Clean accuracy 0.2188 | Adv accuracy: 0.2188 | Counter-attack accuracy: 0.0781
2026-02-12 17:55:55,099 - ADV_Generation_eps_0.0_steps_100_Added_Noise_uniform_Eps_48.0_Tau_Type_normal_anchors_num_anchors_10 - INFO - Batch 129/3333: Clean accuracy 0.2171 | Adv accuracy: 0.2171 | Counter-attack accuracy: 0.0775
2026-02-12 17:55:55,417 - ADV_Generation_eps_0.0_steps_100_Added_Noise_uniform_Eps_48.0_Tau_Type_normal_anchors_num_anchors_10 - INFO - Batch 130/3333: Clean accuracy 0.2154 | Adv accuracy: 0.2154 | Counter-attack accuracy: 0.0769
2026-02-12 17:55:55,734 - ADV_Generation_eps_0.0_steps_100_Added_Noise_uniform_Eps_48.0_Tau_Type_normal_anchors_num_anchors_10 - INFO - Batch 131/3333: Clean accuracy 0.2137 | Adv accuracy: 0.2137 | Counter-attack accuracy: 0.0763
2026-02-12 17:55:56,051 - ADV_Generation_eps_0.0_steps_100_Added_Noise_uniform_Eps_48.0_Tau_Type_normal_anchors_num_anchors_10 - INFO - Batch 132/3333: Clean accuracy 0.2121 | Adv accuracy: 0.2121 | Counter-attack accuracy: 0.0758
2026-02-12 17:55:56,369 - ADV_Generation_eps_0.0_steps_100_Added_Noise_uniform_Eps_48.0_Tau_Type_normal_anchors_num_anchors_10 - INFO - Batch 133/3333: Clean accuracy 0.2105 | Adv accuracy: 0.2105 | Counter-attack accuracy: 0.0752
2026-02-12 17:55:56,686 - ADV_Generation_eps_0.0_steps_100_Added_Noise_uniform_Eps_48.0_Tau_Type_normal_anchors_num_anchors_10 - INFO - Batch 134/3333: Clean accuracy 0.2090 | Adv accuracy: 0.2090 | Counter-attack accuracy: 0.0746
2026-02-12 17:55:57,004 - ADV_Generation_eps_0.0_steps_100_Added_Noise_uniform_Eps_48.0_Tau_Type_normal_anchors_num_anchors_10 - INFO - Batch 135/3333: Clean accuracy 0.2074 | Adv accuracy: 0.2074 | Counter-attack accuracy: 0.0741
2026-02-12 17:55:57,321 - ADV_Generation_eps_0.0_steps_100_Added_Noise_uniform_Eps_48.0_Tau_Type_normal_anchors_num_anchors_10 - INFO - Batch 136/3333: Clean accuracy 0.2059 | Adv accuracy: 0.2059 | Counter-attack accuracy: 0.0735
2026-02-12 17:55:57,638 - ADV_Generation_eps_0.0_steps_100_Added_Noise_uniform_Eps_48.0_Tau_Type_normal_anchors_num_anchors_10 - INFO - Batch 137/3333: Clean accuracy 0.2044 | Adv accuracy: 0.2044 | Counter-attack accuracy: 0.0730
2026-02-12 17:55:57,956 - ADV_Generation_eps_0.0_steps_100_Added_Noise_uniform_Eps_48.0_Tau_Type_normal_anchors_num_anchors_10 - INFO - Batch 138/3333: Clean accuracy 0.2029 | Adv accuracy: 0.2029 | Counter-attack accuracy: 0.0725
2026-02-12 17:55:58,274 - ADV_Generation_eps_0.0_steps_100_Added_Noise_uniform_Eps_48.0_Tau_Type_normal_anchors_num_anchors_10 - INFO - Batch 139/3333: Clean accuracy 0.2014 | Adv accuracy: 0.2014 | Counter-attack accuracy: 0.0719
2026-02-12 17:55:58,591 - ADV_Generation_eps_0.0_steps_100_Added_Noise_uniform_Eps_48.0_Tau_Type_normal_anchors_num_anchors_10 - INFO - Batch 140/3333: Clean accuracy 0.2000 | Adv accuracy: 0.2000 | Counter-attack accuracy: 0.0714
2026-02-12 17:55:58,909 - ADV_Generation_eps_0.0_steps_100_Added_Noise_uniform_Eps_48.0_Tau_Type_normal_anchors_num_anchors_10 - INFO - Batch 141/3333: Clean accuracy 0.1986 | Adv accuracy: 0.1986 | Counter-attack accuracy: 0.0709
2026-02-12 17:55:59,226 - ADV_Generation_eps_0.0_steps_100_Added_Noise_uniform_Eps_48.0_Tau_Type_normal_anchors_num_anchors_10 - INFO - Batch 142/3333: Clean accuracy 0.1972 | Adv accuracy: 0.1972 | Counter-attack accuracy: 0.0704
2026-02-12 17:55:59,543 - ADV_Generation_eps_0.0_steps_100_Added_Noise_uniform_Eps_48.0_Tau_Type_normal_anchors_num_anchors_10 - INFO - Batch 143/3333: Clean accuracy 0.1958 | Adv accuracy: 0.1958 | Counter-attack accuracy: 0.0699
2026-02-12 17:55:59,861 - ADV_Generation_eps_0.0_steps_100_Added_Noise_uniform_Eps_48.0_Tau_Type_normal_anchors_num_anchors_10 - INFO - Batch 144/3333: Clean accuracy 0.1944 | Adv accuracy: 0.1944 | Counter-attack accuracy: 0.0694
2026-02-12 17:56:00,178 - ADV_Generation_eps_0.0_steps_100_Added_Noise_uniform_Eps_48.0_Tau_Type_normal_anchors_num_anchors_10 - INFO - Batch 145/3333: Clean accuracy 0.1931 | Adv accuracy: 0.1931 | Counter-attack accuracy: 0.0690
2026-02-12 17:56:00,495 - ADV_Generation_eps_0.0_steps_100_Added_Noise_uniform_Eps_48.0_Tau_Type_normal_anchors_num_anchors_10 - INFO - Batch 146/3333: Clean accuracy 0.1918 | Adv accuracy: 0.1918 | Counter-attack accuracy: 0.0685
2026-02-12 17:56:00,813 - ADV_Generation_eps_0.0_steps_100_Added_Noise_uniform_Eps_48.0_Tau_Type_normal_anchors_num_anchors_10 - INFO - Batch 147/3333: Clean accuracy 0.1905 | Adv accuracy: 0.1905 | Counter-attack accuracy: 0.0680
2026-02-12 17:56:01,130 - ADV_Generation_eps_0.0_steps_100_Added_Noise_uniform_Eps_48.0_Tau_Type_normal_anchors_num_anchors_10 - INFO - Batch 148/3333: Clean accuracy 0.1892 | Adv accuracy: 0.1892 | Counter-attack accuracy: 0.0676
2026-02-12 17:56:01,448 - ADV_Generation_eps_0.0_steps_100_Added_Noise_uniform_Eps_48.0_Tau_Type_normal_anchors_num_anchors_10 - INFO - Batch 149/3333: Clean accuracy 0.1879 | Adv accuracy: 0.1879 | Counter-attack accuracy: 0.0671
2026-02-12 17:56:01,765 - ADV_Generation_eps_0.0_steps_100_Added_Noise_uniform_Eps_48.0_Tau_Type_normal_anchors_num_anchors_10 - INFO - Batch 150/3333: Clean accuracy 0.1867 | Adv accuracy: 0.1867 | Counter-attack accuracy: 0.0667
2026-02-12 17:56:02,083 - ADV_Generation_eps_0.0_steps_100_Added_Noise_uniform_Eps_48.0_Tau_Type_normal_anchors_num_anchors_10 - INFO - Batch 151/3333: Clean accuracy 0.1854 | Adv accuracy: 0.1854 | Counter-attack accuracy: 0.0662
2026-02-12 17:56:02,400 - ADV_Generation_eps_0.0_steps_100_Added_Noise_uniform_Eps_48.0_Tau_Type_normal_anchors_num_anchors_10 - INFO - Batch 152/3333: Clean accuracy 0.1842 | Adv accuracy: 0.1842 | Counter-attack accuracy: 0.0658
2026-02-12 17:56:02,717 - ADV_Generation_eps_0.0_steps_100_Added_Noise_uniform_Eps_48.0_Tau_Type_normal_anchors_num_anchors_10 - INFO - Batch 153/3333: Clean accuracy 0.1830 | Adv accuracy: 0.1830 | Counter-attack accuracy: 0.0654
2026-02-12 17:56:03,035 - ADV_Generation_eps_0.0_steps_100_Added_Noise_uniform_Eps_48.0_Tau_Type_normal_anchors_num_anchors_10 - INFO - Batch 154/3333: Clean accuracy 0.1818 | Adv accuracy: 0.1818 | Counter-attack accuracy: 0.0649
2026-02-12 17:56:03,359 - ADV_Generation_eps_0.0_steps_100_Added_Noise_uniform_Eps_48.0_Tau_Type_normal_anchors_num_anchors_10 - INFO - Batch 155/3333: Clean accuracy 0.1806 | Adv accuracy: 0.1806 | Counter-attack accuracy: 0.0645
2026-02-12 17:56:03,676 - ADV_Generation_eps_0.0_steps_100_Added_Noise_uniform_Eps_48.0_Tau_Type_normal_anchors_num_anchors_10 - INFO - Batch 156/3333: Clean accuracy 0.1795 | Adv accuracy: 0.1795 | Counter-attack accuracy: 0.0641
2026-02-12 17:56:03,993 - ADV_Generation_eps_0.0_steps_100_Added_Noise_uniform_Eps_48.0_Tau_Type_normal_anchors_num_anchors_10 - INFO - Batch 157/3333: Clean accuracy 0.1783 | Adv accuracy: 0.1783 | Counter-attack accuracy: 0.0637
2026-02-12 17:56:04,311 - ADV_Generation_eps_0.0_steps_100_Added_Noise_uniform_Eps_48.0_Tau_Type_normal_anchors_num_anchors_10 - INFO - Batch 158/3333: Clean accuracy 0.1772 | Adv accuracy: 0.1772 | Counter-attack accuracy: 0.0633
2026-02-12 17:56:04,628 - ADV_Generation_eps_0.0_steps_100_Added_Noise_uniform_Eps_48.0_Tau_Type_normal_anchors_num_anchors_10 - INFO - Batch 159/3333: Clean accuracy 0.1761 | Adv accuracy: 0.1761 | Counter-attack accuracy: 0.0629
2026-02-12 17:56:04,946 - ADV_Generation_eps_0.0_steps_100_Added_Noise_uniform_Eps_48.0_Tau_Type_normal_anchors_num_anchors_10 - INFO - Batch 160/3333: Clean accuracy 0.1750 | Adv accuracy: 0.1750 | Counter-attack accuracy: 0.0625
2026-02-12 17:56:05,263 - ADV_Generation_eps_0.0_steps_100_Added_Noise_uniform_Eps_48.0_Tau_Type_normal_anchors_num_anchors_10 - INFO - Batch 161/3333: Clean accuracy 0.1739 | Adv accuracy: 0.1739 | Counter-attack accuracy: 0.0621
2026-02-12 17:56:05,581 - ADV_Generation_eps_0.0_steps_100_Added_Noise_uniform_Eps_48.0_Tau_Type_normal_anchors_num_anchors_10 - INFO - Batch 162/3333: Clean accuracy 0.1728 | Adv accuracy: 0.1728 | Counter-attack accuracy: 0.0617
2026-02-12 17:56:05,898 - ADV_Generation_eps_0.0_steps_100_Added_Noise_uniform_Eps_48.0_Tau_Type_normal_anchors_num_anchors_10 - INFO - Batch 163/3333: Clean accuracy 0.1718 | Adv accuracy: 0.1718 | Counter-attack accuracy: 0.0613
2026-02-12 17:56:06,216 - ADV_Generation_eps_0.0_steps_100_Added_Noise_uniform_Eps_48.0_Tau_Type_normal_anchors_num_anchors_10 - INFO - Batch 164/3333: Clean accuracy 0.1707 | Adv accuracy: 0.1707 | Counter-attack accuracy: 0.0610
2026-02-12 17:56:06,533 - ADV_Generation_eps_0.0_steps_100_Added_Noise_uniform_Eps_48.0_Tau_Type_normal_anchors_num_anchors_10 - INFO - Batch 165/3333: Clean accuracy 0.1697 | Adv accuracy: 0.1697 | Counter-attack accuracy: 0.0606
2026-02-12 17:56:06,851 - ADV_Generation_eps_0.0_steps_100_Added_Noise_uniform_Eps_48.0_Tau_Type_normal_anchors_num_anchors_10 - INFO - Batch 166/3333: Clean accuracy 0.1687 | Adv accuracy: 0.1687 | Counter-attack accuracy: 0.0602
2026-02-12 17:56:07,168 - ADV_Generation_eps_0.0_steps_100_Added_Noise_uniform_Eps_48.0_Tau_Type_normal_anchors_num_anchors_10 - INFO - Batch 167/3333: Clean accuracy 0.1677 | Adv accuracy: 0.1677 | Counter-attack accuracy: 0.0599
2026-02-12 17:56:07,486 - ADV_Generation_eps_0.0_steps_100_Added_Noise_uniform_Eps_48.0_Tau_Type_normal_anchors_num_anchors_10 - INFO - Batch 168/3333: Clean accuracy 0.1667 | Adv accuracy: 0.1667 | Counter-attack accuracy: 0.0595
2026-02-12 17:56:07,803 - ADV_Generation_eps_0.0_steps_100_Added_Noise_uniform_Eps_48.0_Tau_Type_normal_anchors_num_anchors_10 - INFO - Batch 169/3333: Clean accuracy 0.1657 | Adv accuracy: 0.1657 | Counter-attack accuracy: 0.0592
2026-02-12 17:56:08,120 - ADV_Generation_eps_0.0_steps_100_Added_Noise_uniform_Eps_48.0_Tau_Type_normal_anchors_num_anchors_10 - INFO - Batch 170/3333: Clean accuracy 0.1647 | Adv accuracy: 0.1647 | Counter-attack accuracy: 0.0588
2026-02-12 17:56:08,438 - ADV_Generation_eps_0.0_steps_100_Added_Noise_uniform_Eps_48.0_Tau_Type_normal_anchors_num_anchors_10 - INFO - Batch 171/3333: Clean accuracy 0.1637 | Adv accuracy: 0.1637 | Counter-attack accuracy: 0.0585
2026-02-12 17:56:08,755 - ADV_Generation_eps_0.0_steps_100_Added_Noise_uniform_Eps_48.0_Tau_Type_normal_anchors_num_anchors_10 - INFO - Batch 172/3333: Clean accuracy 0.1628 | Adv accuracy: 0.1628 | Counter-attack accuracy: 0.0581
2026-02-12 17:56:09,073 - ADV_Generation_eps_0.0_steps_100_Added_Noise_uniform_Eps_48.0_Tau_Type_normal_anchors_num_anchors_10 - INFO - Batch 173/3333: Clean accuracy 0.1618 | Adv accuracy: 0.1618 | Counter-attack accuracy: 0.0578
2026-02-12 17:56:09,390 - ADV_Generation_eps_0.0_steps_100_Added_Noise_uniform_Eps_48.0_Tau_Type_normal_anchors_num_anchors_10 - INFO - Batch 174/3333: Clean accuracy 0.1609 | Adv accuracy: 0.1609 | Counter-attack accuracy: 0.0575
2026-02-12 17:56:09,708 - ADV_Generation_eps_0.0_steps_100_Added_Noise_uniform_Eps_48.0_Tau_Type_normal_anchors_num_anchors_10 - INFO - Batch 175/3333: Clean accuracy 0.1600 | Adv accuracy: 0.1600 | Counter-attack accuracy: 0.0571
2026-02-12 17:56:10,025 - ADV_Generation_eps_0.0_steps_100_Added_Noise_uniform_Eps_48.0_Tau_Type_normal_anchors_num_anchors_10 - INFO - Batch 176/3333: Clean accuracy 0.1591 | Adv accuracy: 0.1591 | Counter-attack accuracy: 0.0568
2026-02-12 17:56:10,343 - ADV_Generation_eps_0.0_steps_100_Added_Noise_uniform_Eps_48.0_Tau_Type_normal_anchors_num_anchors_10 - INFO - Batch 177/3333: Clean accuracy 0.1582 | Adv accuracy: 0.1582 | Counter-attack accuracy: 0.0565
2026-02-12 17:56:10,660 - ADV_Generation_eps_0.0_steps_100_Added_Noise_uniform_Eps_48.0_Tau_Type_normal_anchors_num_anchors_10 - INFO - Batch 178/3333: Clean accuracy 0.1573 | Adv accuracy: 0.1573 | Counter-attack accuracy: 0.0562
2026-02-12 17:56:10,978 - ADV_Generation_eps_0.0_steps_100_Added_Noise_uniform_Eps_48.0_Tau_Type_normal_anchors_num_anchors_10 - INFO - Batch 179/3333: Clean accuracy 0.1564 | Adv accuracy: 0.1564 | Counter-attack accuracy: 0.0559
2026-02-12 17:56:11,295 - ADV_Generation_eps_0.0_steps_100_Added_Noise_uniform_Eps_48.0_Tau_Type_normal_anchors_num_anchors_10 - INFO - Batch 180/3333: Clean accuracy 0.1556 | Adv accuracy: 0.1556 | Counter-attack accuracy: 0.0556
2026-02-12 17:56:11,612 - ADV_Generation_eps_0.0_steps_100_Added_Noise_uniform_Eps_48.0_Tau_Type_normal_anchors_num_anchors_10 - INFO - Batch 181/3333: Clean accuracy 0.1547 | Adv accuracy: 0.1547 | Counter-attack accuracy: 0.0552
2026-02-12 17:56:11,930 - ADV_Generation_eps_0.0_steps_100_Added_Noise_uniform_Eps_48.0_Tau_Type_normal_anchors_num_anchors_10 - INFO - Batch 182/3333: Clean accuracy 0.1538 | Adv accuracy: 0.1538 | Counter-attack accuracy: 0.0549
2026-02-12 17:56:12,247 - ADV_Generation_eps_0.0_steps_100_Added_Noise_uniform_Eps_48.0_Tau_Type_normal_anchors_num_anchors_10 - INFO - Batch 183/3333: Clean accuracy 0.1530 | Adv accuracy: 0.1530 | Counter-attack accuracy: 0.0546
2026-02-12 17:56:12,565 - ADV_Generation_eps_0.0_steps_100_Added_Noise_uniform_Eps_48.0_Tau_Type_normal_anchors_num_anchors_10 - INFO - Batch 184/3333: Clean accuracy 0.1522 | Adv accuracy: 0.1522 | Counter-attack accuracy: 0.0543
2026-02-12 17:56:12,882 - ADV_Generation_eps_0.0_steps_100_Added_Noise_uniform_Eps_48.0_Tau_Type_normal_anchors_num_anchors_10 - INFO - Batch 185/3333: Clean accuracy 0.1514 | Adv accuracy: 0.1514 | Counter-attack accuracy: 0.0541
2026-02-12 17:56:13,200 - ADV_Generation_eps_0.0_steps_100_Added_Noise_uniform_Eps_48.0_Tau_Type_normal_anchors_num_anchors_10 - INFO - Batch 186/3333: Clean accuracy 0.1505 | Adv accuracy: 0.1505 | Counter-attack accuracy: 0.0538
2026-02-12 17:56:13,517 - ADV_Generation_eps_0.0_steps_100_Added_Noise_uniform_Eps_48.0_Tau_Type_normal_anchors_num_anchors_10 - INFO - Batch 187/3333: Clean accuracy 0.1497 | Adv accuracy: 0.1497 | Counter-attack accuracy: 0.0535
2026-02-12 17:56:13,834 - ADV_Generation_eps_0.0_steps_100_Added_Noise_uniform_Eps_48.0_Tau_Type_normal_anchors_num_anchors_10 - INFO - Batch 188/3333: Clean accuracy 0.1489 | Adv accuracy: 0.1489 | Counter-attack accuracy: 0.0532
2026-02-12 17:56:14,152 - ADV_Generation_eps_0.0_steps_100_Added_Noise_uniform_Eps_48.0_Tau_Type_normal_anchors_num_anchors_10 - INFO - Batch 189/3333: Clean accuracy 0.1481 | Adv accuracy: 0.1481 | Counter-attack accuracy: 0.0529
2026-02-12 17:56:14,469 - ADV_Generation_eps_0.0_steps_100_Added_Noise_uniform_Eps_48.0_Tau_Type_normal_anchors_num_anchors_10 - INFO - Batch 190/3333: Clean accuracy 0.1474 | Adv accuracy: 0.1474 | Counter-attack accuracy: 0.0526
2026-02-12 17:56:14,787 - ADV_Generation_eps_0.0_steps_100_Added_Noise_uniform_Eps_48.0_Tau_Type_normal_anchors_num_anchors_10 - INFO - Batch 191/3333: Clean accuracy 0.1466 | Adv accuracy: 0.1466 | Counter-attack accuracy: 0.0524
2026-02-12 17:56:15,104 - ADV_Generation_eps_0.0_steps_100_Added_Noise_uniform_Eps_48.0_Tau_Type_normal_anchors_num_anchors_10 - INFO - Batch 192/3333: Clean accuracy 0.1458 | Adv accuracy: 0.1458 | Counter-attack accuracy: 0.0521
2026-02-12 17:56:15,422 - ADV_Generation_eps_0.0_steps_100_Added_Noise_uniform_Eps_48.0_Tau_Type_normal_anchors_num_anchors_10 - INFO - Batch 193/3333: Clean accuracy 0.1451 | Adv accuracy: 0.1451 | Counter-attack accuracy: 0.0518
2026-02-12 17:56:15,739 - ADV_Generation_eps_0.0_steps_100_Added_Noise_uniform_Eps_48.0_Tau_Type_normal_anchors_num_anchors_10 - INFO - Batch 194/3333: Clean accuracy 0.1443 | Adv accuracy: 0.1443 | Counter-attack accuracy: 0.0515
2026-02-12 17:56:16,056 - ADV_Generation_eps_0.0_steps_100_Added_Noise_uniform_Eps_48.0_Tau_Type_normal_anchors_num_anchors_10 - INFO - Batch 195/3333: Clean accuracy 0.1436 | Adv accuracy: 0.1436 | Counter-attack accuracy: 0.0513
2026-02-12 17:56:16,374 - ADV_Generation_eps_0.0_steps_100_Added_Noise_uniform_Eps_48.0_Tau_Type_normal_anchors_num_anchors_10 - INFO - Batch 196/3333: Clean accuracy 0.1429 | Adv accuracy: 0.1429 | Counter-attack accuracy: 0.0510
2026-02-12 17:56:16,692 - ADV_Generation_eps_0.0_steps_100_Added_Noise_uniform_Eps_48.0_Tau_Type_normal_anchors_num_anchors_10 - INFO - Batch 197/3333: Clean accuracy 0.1421 | Adv accuracy: 0.1421 | Counter-attack accuracy: 0.0508
2026-02-12 17:56:17,009 - ADV_Generation_eps_0.0_steps_100_Added_Noise_uniform_Eps_48.0_Tau_Type_normal_anchors_num_anchors_10 - INFO - Batch 198/3333: Clean accuracy 0.1414 | Adv accuracy: 0.1414 | Counter-attack accuracy: 0.0505
2026-02-12 17:56:17,327 - ADV_Generation_eps_0.0_steps_100_Added_Noise_uniform_Eps_48.0_Tau_Type_normal_anchors_num_anchors_10 - INFO - Batch 199/3333: Clean accuracy 0.1407 | Adv accuracy: 0.1407 | Counter-attack accuracy: 0.0503
2026-02-12 17:56:17,644 - ADV_Generation_eps_0.0_steps_100_Added_Noise_uniform_Eps_48.0_Tau_Type_normal_anchors_num_anchors_10 - INFO - Batch 200/3333: Clean accuracy 0.1400 | Adv accuracy: 0.1400 | Counter-attack accuracy: 0.0500
2026-02-12 17:56:17,961 - ADV_Generation_eps_0.0_steps_100_Added_Noise_uniform_Eps_48.0_Tau_Type_normal_anchors_num_anchors_10 - INFO - Batch 201/3333: Clean accuracy 0.1393 | Adv accuracy: 0.1393 | Counter-attack accuracy: 0.0498
2026-02-12 17:56:18,279 - ADV_Generation_eps_0.0_steps_100_Added_Noise_uniform_Eps_48.0_Tau_Type_normal_anchors_num_anchors_10 - INFO - Batch 202/3333: Clean accuracy 0.1386 | Adv accuracy: 0.1386 | Counter-attack accuracy: 0.0495
2026-02-12 17:56:18,597 - ADV_Generation_eps_0.0_steps_100_Added_Noise_uniform_Eps_48.0_Tau_Type_normal_anchors_num_anchors_10 - INFO - Batch 203/3333: Clean accuracy 0.1379 | Adv accuracy: 0.1379 | Counter-attack accuracy: 0.0493
2026-02-12 17:56:18,918 - ADV_Generation_eps_0.0_steps_100_Added_Noise_uniform_Eps_48.0_Tau_Type_normal_anchors_num_anchors_10 - INFO - Batch 204/3333: Clean accuracy 0.1373 | Adv accuracy: 0.1373 | Counter-attack accuracy: 0.0490
2026-02-12 17:56:19,243 - ADV_Generation_eps_0.0_steps_100_Added_Noise_uniform_Eps_48.0_Tau_Type_normal_anchors_num_anchors_10 - INFO - Batch 205/3333: Clean accuracy 0.1366 | Adv accuracy: 0.1366 | Counter-attack accuracy: 0.0488
2026-02-12 17:56:19,560 - ADV_Generation_eps_0.0_steps_100_Added_Noise_uniform_Eps_48.0_Tau_Type_normal_anchors_num_anchors_10 - INFO - Batch 206/3333: Clean accuracy 0.1359 | Adv accuracy: 0.1359 | Counter-attack accuracy: 0.0485
2026-02-12 17:56:19,878 - ADV_Generation_eps_0.0_steps_100_Added_Noise_uniform_Eps_48.0_Tau_Type_normal_anchors_num_anchors_10 - INFO - Batch 207/3333: Clean accuracy 0.1353 | Adv accuracy: 0.1353 | Counter-attack accuracy: 0.0531
2026-02-12 17:56:20,195 - ADV_Generation_eps_0.0_steps_100_Added_Noise_uniform_Eps_48.0_Tau_Type_normal_anchors_num_anchors_10 - INFO - Batch 208/3333: Clean accuracy 0.1346 | Adv accuracy: 0.1346 | Counter-attack accuracy: 0.0529
2026-02-12 17:56:20,513 - ADV_Generation_eps_0.0_steps_100_Added_Noise_uniform_Eps_48.0_Tau_Type_normal_anchors_num_anchors_10 - INFO - Batch 209/3333: Clean accuracy 0.1340 | Adv accuracy: 0.1340 | Counter-attack accuracy: 0.0526
2026-02-12 17:56:20,830 - ADV_Generation_eps_0.0_steps_100_Added_Noise_uniform_Eps_48.0_Tau_Type_normal_anchors_num_anchors_10 - INFO - Batch 210/3333: Clean accuracy 0.1333 | Adv accuracy: 0.1333 | Counter-attack accuracy: 0.0524
2026-02-12 17:56:21,147 - ADV_Generation_eps_0.0_steps_100_Added_Noise_uniform_Eps_48.0_Tau_Type_normal_anchors_num_anchors_10 - INFO - Batch 211/3333: Clean accuracy 0.1327 | Adv accuracy: 0.1327 | Counter-attack accuracy: 0.0521
2026-02-12 17:56:21,465 - ADV_Generation_eps_0.0_steps_100_Added_Noise_uniform_Eps_48.0_Tau_Type_normal_anchors_num_anchors_10 - INFO - Batch 212/3333: Clean accuracy 0.1321 | Adv accuracy: 0.1321 | Counter-attack accuracy: 0.0519
2026-02-12 17:56:21,782 - ADV_Generation_eps_0.0_steps_100_Added_Noise_uniform_Eps_48.0_Tau_Type_normal_anchors_num_anchors_10 - INFO - Batch 213/3333: Clean accuracy 0.1315 | Adv accuracy: 0.1315 | Counter-attack accuracy: 0.0516
2026-02-12 17:56:22,100 - ADV_Generation_eps_0.0_steps_100_Added_Noise_uniform_Eps_48.0_Tau_Type_normal_anchors_num_anchors_10 - INFO - Batch 214/3333: Clean accuracy 0.1308 | Adv accuracy: 0.1308 | Counter-attack accuracy: 0.0514
