2026-02-12 09:03:09,604 - ADV_Generation_eps_8.0_steps_100_Added_Noise_gaussian_Sigma_0.06_Tau_Type_noisy_num_anchors_10 - INFO - ==========================================
data:/leonardo_work/EUHPC_R04_192/fmohamma/Adversarial_Robust_Clip/atpt_data/downstream_datasets
test_sets:Cars
dataset_mode:test
arch:vit_l_14_datacomp_1b
resolution:224
transferability:False
source_model:fare4
workers:4
no_pin_memory:False
batch_size:1
adv_bs:1
print_freq:20
gpu:0
no_cudnn_benchmark:False
n_ctx:4
ctx_init:a_photo_of_a
seed:0
output_dir:/leonardo_work/EUHPC_R04_192/fmohamma/Adversarial_Robust_Clip/atpt_data/vit_l_14_datacomp_1b/Cars
log_output_dir:/leonardo_work/EUHPC_R04_192/fmohamma/Adversarial_Robust_Clip/ATPT/Diffratio_v3/vit_l_14_datacomp_1b/Cars/ADV_Generation_eps_8.0_steps_100_Added_Noise_gaussian_Sigma_0.06_Tau_Type_noisy_num_anchors_10
image_only_attack:False
image_only_attack_type:prm
image_predicted_label_attack:False
eps:8.0
alpha:2.0
alpha_eps_ratio:4.0
steps:100
counter_attack:True
counter_attack_type:pgd
counter_attack_steps:0
counter_attack_eps:1.0
counter_attack_alpha:1.0
counter_attack_tau_thres:0.2
counter_attack_beta:2.0
counter_attack_weighted_perturbations:True
counter_attack_init_noise:gaussian
counter_attack_gaussian_sigma:0.06
counter_attack_noisy_tau_num_anchors:10
counter_attack_tau:noisy
pgd_clip_pure_i_text_embeddings:null
pgd_counter_and_clipure_i_lamda:1.0
image_feature_purify:False
image_feature_purify_type:noisy_anchor
image_feature_purify_noisy_anchors:10
image_feature_purify_anchors_alpha:1.2
image_feature_purify_noisy_sigma:0.18
image_feature_purify_diff_threshold:0.0
image_feature_clipure_steps:10
image_feature_clipure_step_size:10.0
save_plots:False
lr:0.005
selection_p:0.1
tta_steps:1
top_k:20
softmax_temp:0.01
load_tecoa:

2026-02-12 09:03:09,605 - ADV_Generation_eps_8.0_steps_100_Added_Noise_gaussian_Sigma_0.06_Tau_Type_noisy_num_anchors_10 - INFO - Use GPU: 0 for training
2026-02-12 09:04:58,959 - ADV_Generation_eps_8.0_steps_100_Added_Noise_gaussian_Sigma_0.06_Tau_Type_noisy_num_anchors_10 - INFO - => Model created: visual backbone vit_l_14_datacomp_1b
2026-02-12 09:04:58,968 - ADV_Generation_eps_8.0_steps_100_Added_Noise_gaussian_Sigma_0.06_Tau_Type_noisy_num_anchors_10 - INFO - Number of test samples: 8041
2026-02-12 09:04:58,969 - ADV_Generation_eps_8.0_steps_100_Added_Noise_gaussian_Sigma_0.06_Tau_Type_noisy_num_anchors_10 - INFO - Evaluating dataset: Cars
2026-02-12 09:04:58,970 - ADV_Generation_eps_8.0_steps_100_Added_Noise_gaussian_Sigma_0.06_Tau_Type_noisy_num_anchors_10 - INFO - Starting evaluation with batch size: 1, selection percentage: 0.1
2026-02-12 09:04:58,970 - ADV_Generation_eps_8.0_steps_100_Added_Noise_gaussian_Sigma_0.06_Tau_Type_noisy_num_anchors_10 - INFO - Using counter-attack with epsilon: 1.000000, alpha: 1.000000, steps: 0
2026-02-12 09:04:58,970 - ADV_Generation_eps_8.0_steps_100_Added_Noise_gaussian_Sigma_0.06_Tau_Type_noisy_num_anchors_10 - INFO - Adversarial examples will be loaded from /leonardo_work/EUHPC_R04_192/fmohamma/Adversarial_Robust_Clip/atpt_data/vit_l_14_datacomp_1b/Cars/adv_images_eps_8.0_alpha_2.0_steps_100 and evaluated on vit_l_14_datacomp_1b
2026-02-12 09:04:58,971 - ADV_Generation_eps_8.0_steps_100_Added_Noise_gaussian_Sigma_0.06_Tau_Type_noisy_num_anchors_10 - INFO - Using directory for adversarial images: /leonardo_work/EUHPC_R04_192/fmohamma/Adversarial_Robust_Clip/atpt_data/vit_l_14_datacomp_1b/Cars/adv_images_eps_8.0_alpha_2.0_steps_100
2026-02-12 09:04:59,259 - ADV_Generation_eps_8.0_steps_100_Added_Noise_gaussian_Sigma_0.06_Tau_Type_noisy_num_anchors_10 - INFO - Batch:[0] Adversarial images for this batch already exist
2026-02-12 09:04:59,908 - ADV_Generation_eps_8.0_steps_100_Added_Noise_gaussian_Sigma_0.06_Tau_Type_noisy_num_anchors_10 - INFO - Batch 1/8041: Clean accuracy 1.0000 | Adv accuracy: 0.0000 | Counter-attack accuracy: 0.0000
2026-02-12 09:04:59,909 - ADV_Generation_eps_8.0_steps_100_Added_Noise_gaussian_Sigma_0.06_Tau_Type_noisy_num_anchors_10 - INFO - Batch:[1] Adversarial images for this batch already exist
2026-02-12 09:05:00,326 - ADV_Generation_eps_8.0_steps_100_Added_Noise_gaussian_Sigma_0.06_Tau_Type_noisy_num_anchors_10 - INFO - Batch 2/8041: Clean accuracy 1.0000 | Adv accuracy: 0.0000 | Counter-attack accuracy: 0.0000
2026-02-12 09:05:00,327 - ADV_Generation_eps_8.0_steps_100_Added_Noise_gaussian_Sigma_0.06_Tau_Type_noisy_num_anchors_10 - INFO - Batch:[2] Adversarial images for this batch already exist
2026-02-12 09:05:00,743 - ADV_Generation_eps_8.0_steps_100_Added_Noise_gaussian_Sigma_0.06_Tau_Type_noisy_num_anchors_10 - INFO - Batch 3/8041: Clean accuracy 1.0000 | Adv accuracy: 0.0000 | Counter-attack accuracy: 0.3333
2026-02-12 09:05:00,744 - ADV_Generation_eps_8.0_steps_100_Added_Noise_gaussian_Sigma_0.06_Tau_Type_noisy_num_anchors_10 - INFO - Batch:[3] Adversarial images for this batch already exist
2026-02-12 09:05:01,160 - ADV_Generation_eps_8.0_steps_100_Added_Noise_gaussian_Sigma_0.06_Tau_Type_noisy_num_anchors_10 - INFO - Batch 4/8041: Clean accuracy 1.0000 | Adv accuracy: 0.0000 | Counter-attack accuracy: 0.2500
2026-02-12 09:05:01,161 - ADV_Generation_eps_8.0_steps_100_Added_Noise_gaussian_Sigma_0.06_Tau_Type_noisy_num_anchors_10 - INFO - Batch:[4] Adversarial images for this batch already exist
2026-02-12 09:05:01,577 - ADV_Generation_eps_8.0_steps_100_Added_Noise_gaussian_Sigma_0.06_Tau_Type_noisy_num_anchors_10 - INFO - Batch 5/8041: Clean accuracy 1.0000 | Adv accuracy: 0.0000 | Counter-attack accuracy: 0.4000
2026-02-12 09:05:01,578 - ADV_Generation_eps_8.0_steps_100_Added_Noise_gaussian_Sigma_0.06_Tau_Type_noisy_num_anchors_10 - INFO - Batch:[5] Adversarial images for this batch already exist
2026-02-12 09:05:01,994 - ADV_Generation_eps_8.0_steps_100_Added_Noise_gaussian_Sigma_0.06_Tau_Type_noisy_num_anchors_10 - INFO - Batch 6/8041: Clean accuracy 1.0000 | Adv accuracy: 0.0000 | Counter-attack accuracy: 0.5000
2026-02-12 09:05:01,995 - ADV_Generation_eps_8.0_steps_100_Added_Noise_gaussian_Sigma_0.06_Tau_Type_noisy_num_anchors_10 - INFO - Batch:[6] Adversarial images for this batch already exist
2026-02-12 09:05:02,411 - ADV_Generation_eps_8.0_steps_100_Added_Noise_gaussian_Sigma_0.06_Tau_Type_noisy_num_anchors_10 - INFO - Batch 7/8041: Clean accuracy 1.0000 | Adv accuracy: 0.0000 | Counter-attack accuracy: 0.5714
2026-02-12 09:05:02,412 - ADV_Generation_eps_8.0_steps_100_Added_Noise_gaussian_Sigma_0.06_Tau_Type_noisy_num_anchors_10 - INFO - Batch:[7] Adversarial images for this batch already exist
2026-02-12 09:05:02,828 - ADV_Generation_eps_8.0_steps_100_Added_Noise_gaussian_Sigma_0.06_Tau_Type_noisy_num_anchors_10 - INFO - Batch 8/8041: Clean accuracy 1.0000 | Adv accuracy: 0.0000 | Counter-attack accuracy: 0.5000
2026-02-12 09:05:02,829 - ADV_Generation_eps_8.0_steps_100_Added_Noise_gaussian_Sigma_0.06_Tau_Type_noisy_num_anchors_10 - INFO - Batch:[8] Adversarial images for this batch already exist
2026-02-12 09:05:03,246 - ADV_Generation_eps_8.0_steps_100_Added_Noise_gaussian_Sigma_0.06_Tau_Type_noisy_num_anchors_10 - INFO - Batch 9/8041: Clean accuracy 1.0000 | Adv accuracy: 0.0000 | Counter-attack accuracy: 0.5556
2026-02-12 09:05:03,246 - ADV_Generation_eps_8.0_steps_100_Added_Noise_gaussian_Sigma_0.06_Tau_Type_noisy_num_anchors_10 - INFO - Batch:[9] Adversarial images for this batch already exist
2026-02-12 09:05:03,663 - ADV_Generation_eps_8.0_steps_100_Added_Noise_gaussian_Sigma_0.06_Tau_Type_noisy_num_anchors_10 - INFO - Batch 10/8041: Clean accuracy 1.0000 | Adv accuracy: 0.0000 | Counter-attack accuracy: 0.5000
2026-02-12 09:05:03,663 - ADV_Generation_eps_8.0_steps_100_Added_Noise_gaussian_Sigma_0.06_Tau_Type_noisy_num_anchors_10 - INFO - Batch:[10] Adversarial images for this batch already exist
2026-02-12 09:05:04,079 - ADV_Generation_eps_8.0_steps_100_Added_Noise_gaussian_Sigma_0.06_Tau_Type_noisy_num_anchors_10 - INFO - Batch 11/8041: Clean accuracy 1.0000 | Adv accuracy: 0.0000 | Counter-attack accuracy: 0.4545
2026-02-12 09:05:04,080 - ADV_Generation_eps_8.0_steps_100_Added_Noise_gaussian_Sigma_0.06_Tau_Type_noisy_num_anchors_10 - INFO - Batch:[11] Adversarial images for this batch already exist
2026-02-12 09:05:04,496 - ADV_Generation_eps_8.0_steps_100_Added_Noise_gaussian_Sigma_0.06_Tau_Type_noisy_num_anchors_10 - INFO - Batch 12/8041: Clean accuracy 1.0000 | Adv accuracy: 0.0000 | Counter-attack accuracy: 0.4167
2026-02-12 09:05:04,497 - ADV_Generation_eps_8.0_steps_100_Added_Noise_gaussian_Sigma_0.06_Tau_Type_noisy_num_anchors_10 - INFO - Batch:[12] Adversarial images for this batch already exist
2026-02-12 09:05:04,913 - ADV_Generation_eps_8.0_steps_100_Added_Noise_gaussian_Sigma_0.06_Tau_Type_noisy_num_anchors_10 - INFO - Batch 13/8041: Clean accuracy 1.0000 | Adv accuracy: 0.0000 | Counter-attack accuracy: 0.3846
2026-02-12 09:05:04,914 - ADV_Generation_eps_8.0_steps_100_Added_Noise_gaussian_Sigma_0.06_Tau_Type_noisy_num_anchors_10 - INFO - Batch:[13] Adversarial images for this batch already exist
2026-02-12 09:05:05,330 - ADV_Generation_eps_8.0_steps_100_Added_Noise_gaussian_Sigma_0.06_Tau_Type_noisy_num_anchors_10 - INFO - Batch 14/8041: Clean accuracy 1.0000 | Adv accuracy: 0.0000 | Counter-attack accuracy: 0.3571
2026-02-12 09:05:05,331 - ADV_Generation_eps_8.0_steps_100_Added_Noise_gaussian_Sigma_0.06_Tau_Type_noisy_num_anchors_10 - INFO - Batch:[14] Adversarial images for this batch already exist
2026-02-12 09:05:05,747 - ADV_Generation_eps_8.0_steps_100_Added_Noise_gaussian_Sigma_0.06_Tau_Type_noisy_num_anchors_10 - INFO - Batch 15/8041: Clean accuracy 1.0000 | Adv accuracy: 0.0000 | Counter-attack accuracy: 0.3333
2026-02-12 09:05:05,748 - ADV_Generation_eps_8.0_steps_100_Added_Noise_gaussian_Sigma_0.06_Tau_Type_noisy_num_anchors_10 - INFO - Batch:[15] Adversarial images for this batch already exist
2026-02-12 09:05:06,164 - ADV_Generation_eps_8.0_steps_100_Added_Noise_gaussian_Sigma_0.06_Tau_Type_noisy_num_anchors_10 - INFO - Batch 16/8041: Clean accuracy 1.0000 | Adv accuracy: 0.0000 | Counter-attack accuracy: 0.3125
2026-02-12 09:05:06,165 - ADV_Generation_eps_8.0_steps_100_Added_Noise_gaussian_Sigma_0.06_Tau_Type_noisy_num_anchors_10 - INFO - Batch:[16] Adversarial images for this batch already exist
2026-02-12 09:05:06,581 - ADV_Generation_eps_8.0_steps_100_Added_Noise_gaussian_Sigma_0.06_Tau_Type_noisy_num_anchors_10 - INFO - Batch 17/8041: Clean accuracy 1.0000 | Adv accuracy: 0.0000 | Counter-attack accuracy: 0.3529
2026-02-12 09:05:06,582 - ADV_Generation_eps_8.0_steps_100_Added_Noise_gaussian_Sigma_0.06_Tau_Type_noisy_num_anchors_10 - INFO - Batch:[17] Adversarial images for this batch already exist
2026-02-12 09:05:06,998 - ADV_Generation_eps_8.0_steps_100_Added_Noise_gaussian_Sigma_0.06_Tau_Type_noisy_num_anchors_10 - INFO - Batch 18/8041: Clean accuracy 1.0000 | Adv accuracy: 0.0000 | Counter-attack accuracy: 0.3333
2026-02-12 09:05:06,998 - ADV_Generation_eps_8.0_steps_100_Added_Noise_gaussian_Sigma_0.06_Tau_Type_noisy_num_anchors_10 - INFO - Batch:[18] Adversarial images for this batch already exist
2026-02-12 09:05:07,420 - ADV_Generation_eps_8.0_steps_100_Added_Noise_gaussian_Sigma_0.06_Tau_Type_noisy_num_anchors_10 - INFO - Batch 19/8041: Clean accuracy 1.0000 | Adv accuracy: 0.0000 | Counter-attack accuracy: 0.3158
2026-02-12 09:05:07,421 - ADV_Generation_eps_8.0_steps_100_Added_Noise_gaussian_Sigma_0.06_Tau_Type_noisy_num_anchors_10 - INFO - Batch:[19] Adversarial images for this batch already exist
2026-02-12 09:05:07,839 - ADV_Generation_eps_8.0_steps_100_Added_Noise_gaussian_Sigma_0.06_Tau_Type_noisy_num_anchors_10 - INFO - Batch 20/8041: Clean accuracy 1.0000 | Adv accuracy: 0.0000 | Counter-attack accuracy: 0.3000
2026-02-12 09:05:07,840 - ADV_Generation_eps_8.0_steps_100_Added_Noise_gaussian_Sigma_0.06_Tau_Type_noisy_num_anchors_10 - INFO - Batch:[20] Adversarial images for this batch already exist
2026-02-12 09:05:08,256 - ADV_Generation_eps_8.0_steps_100_Added_Noise_gaussian_Sigma_0.06_Tau_Type_noisy_num_anchors_10 - INFO - Batch 21/8041: Clean accuracy 1.0000 | Adv accuracy: 0.0000 | Counter-attack accuracy: 0.2857
2026-02-12 09:05:08,257 - ADV_Generation_eps_8.0_steps_100_Added_Noise_gaussian_Sigma_0.06_Tau_Type_noisy_num_anchors_10 - INFO - Batch:[21] Adversarial images for this batch already exist
2026-02-12 09:05:08,673 - ADV_Generation_eps_8.0_steps_100_Added_Noise_gaussian_Sigma_0.06_Tau_Type_noisy_num_anchors_10 - INFO - Batch 22/8041: Clean accuracy 1.0000 | Adv accuracy: 0.0000 | Counter-attack accuracy: 0.2727
2026-02-12 09:05:08,674 - ADV_Generation_eps_8.0_steps_100_Added_Noise_gaussian_Sigma_0.06_Tau_Type_noisy_num_anchors_10 - INFO - Batch:[22] Adversarial images for this batch already exist
2026-02-12 09:05:09,090 - ADV_Generation_eps_8.0_steps_100_Added_Noise_gaussian_Sigma_0.06_Tau_Type_noisy_num_anchors_10 - INFO - Batch 23/8041: Clean accuracy 1.0000 | Adv accuracy: 0.0000 | Counter-attack accuracy: 0.2609
2026-02-12 09:05:09,091 - ADV_Generation_eps_8.0_steps_100_Added_Noise_gaussian_Sigma_0.06_Tau_Type_noisy_num_anchors_10 - INFO - Batch:[23] Adversarial images for this batch already exist
2026-02-12 09:05:09,507 - ADV_Generation_eps_8.0_steps_100_Added_Noise_gaussian_Sigma_0.06_Tau_Type_noisy_num_anchors_10 - INFO - Batch 24/8041: Clean accuracy 1.0000 | Adv accuracy: 0.0000 | Counter-attack accuracy: 0.2500
2026-02-12 09:05:09,508 - ADV_Generation_eps_8.0_steps_100_Added_Noise_gaussian_Sigma_0.06_Tau_Type_noisy_num_anchors_10 - INFO - Batch:[24] Adversarial images for this batch already exist
2026-02-12 09:05:09,924 - ADV_Generation_eps_8.0_steps_100_Added_Noise_gaussian_Sigma_0.06_Tau_Type_noisy_num_anchors_10 - INFO - Batch 25/8041: Clean accuracy 1.0000 | Adv accuracy: 0.0000 | Counter-attack accuracy: 0.2800
2026-02-12 09:05:09,925 - ADV_Generation_eps_8.0_steps_100_Added_Noise_gaussian_Sigma_0.06_Tau_Type_noisy_num_anchors_10 - INFO - Batch:[25] Adversarial images for this batch already exist
2026-02-12 09:05:10,341 - ADV_Generation_eps_8.0_steps_100_Added_Noise_gaussian_Sigma_0.06_Tau_Type_noisy_num_anchors_10 - INFO - Batch 26/8041: Clean accuracy 1.0000 | Adv accuracy: 0.0000 | Counter-attack accuracy: 0.2692
2026-02-12 09:05:10,342 - ADV_Generation_eps_8.0_steps_100_Added_Noise_gaussian_Sigma_0.06_Tau_Type_noisy_num_anchors_10 - INFO - Batch:[26] Adversarial images for this batch already exist
2026-02-12 09:05:10,758 - ADV_Generation_eps_8.0_steps_100_Added_Noise_gaussian_Sigma_0.06_Tau_Type_noisy_num_anchors_10 - INFO - Batch 27/8041: Clean accuracy 1.0000 | Adv accuracy: 0.0000 | Counter-attack accuracy: 0.2593
2026-02-12 09:05:10,759 - ADV_Generation_eps_8.0_steps_100_Added_Noise_gaussian_Sigma_0.06_Tau_Type_noisy_num_anchors_10 - INFO - Batch:[27] Adversarial images for this batch already exist
2026-02-12 09:05:11,176 - ADV_Generation_eps_8.0_steps_100_Added_Noise_gaussian_Sigma_0.06_Tau_Type_noisy_num_anchors_10 - INFO - Batch 28/8041: Clean accuracy 1.0000 | Adv accuracy: 0.0000 | Counter-attack accuracy: 0.2857
2026-02-12 09:05:11,176 - ADV_Generation_eps_8.0_steps_100_Added_Noise_gaussian_Sigma_0.06_Tau_Type_noisy_num_anchors_10 - INFO - Batch:[28] Adversarial images for this batch already exist
2026-02-12 09:05:11,593 - ADV_Generation_eps_8.0_steps_100_Added_Noise_gaussian_Sigma_0.06_Tau_Type_noisy_num_anchors_10 - INFO - Batch 29/8041: Clean accuracy 1.0000 | Adv accuracy: 0.0000 | Counter-attack accuracy: 0.2759
2026-02-12 09:05:11,593 - ADV_Generation_eps_8.0_steps_100_Added_Noise_gaussian_Sigma_0.06_Tau_Type_noisy_num_anchors_10 - INFO - Batch:[29] Adversarial images for this batch already exist
2026-02-12 09:05:12,010 - ADV_Generation_eps_8.0_steps_100_Added_Noise_gaussian_Sigma_0.06_Tau_Type_noisy_num_anchors_10 - INFO - Batch 30/8041: Clean accuracy 1.0000 | Adv accuracy: 0.0000 | Counter-attack accuracy: 0.2667
2026-02-12 09:05:12,010 - ADV_Generation_eps_8.0_steps_100_Added_Noise_gaussian_Sigma_0.06_Tau_Type_noisy_num_anchors_10 - INFO - Batch:[30] Adversarial images for this batch already exist
2026-02-12 09:05:12,427 - ADV_Generation_eps_8.0_steps_100_Added_Noise_gaussian_Sigma_0.06_Tau_Type_noisy_num_anchors_10 - INFO - Batch 31/8041: Clean accuracy 1.0000 | Adv accuracy: 0.0000 | Counter-attack accuracy: 0.2581
2026-02-12 09:05:12,427 - ADV_Generation_eps_8.0_steps_100_Added_Noise_gaussian_Sigma_0.06_Tau_Type_noisy_num_anchors_10 - INFO - Batch:[31] Adversarial images for this batch already exist
2026-02-12 09:05:12,844 - ADV_Generation_eps_8.0_steps_100_Added_Noise_gaussian_Sigma_0.06_Tau_Type_noisy_num_anchors_10 - INFO - Batch 32/8041: Clean accuracy 1.0000 | Adv accuracy: 0.0000 | Counter-attack accuracy: 0.2812
2026-02-12 09:05:12,844 - ADV_Generation_eps_8.0_steps_100_Added_Noise_gaussian_Sigma_0.06_Tau_Type_noisy_num_anchors_10 - INFO - Batch:[32] Adversarial images for this batch already exist
2026-02-12 09:05:13,261 - ADV_Generation_eps_8.0_steps_100_Added_Noise_gaussian_Sigma_0.06_Tau_Type_noisy_num_anchors_10 - INFO - Batch 33/8041: Clean accuracy 0.9697 | Adv accuracy: 0.0000 | Counter-attack accuracy: 0.2727
2026-02-12 09:05:13,261 - ADV_Generation_eps_8.0_steps_100_Added_Noise_gaussian_Sigma_0.06_Tau_Type_noisy_num_anchors_10 - INFO - Batch:[33] Adversarial images for this batch already exist
2026-02-12 09:05:13,677 - ADV_Generation_eps_8.0_steps_100_Added_Noise_gaussian_Sigma_0.06_Tau_Type_noisy_num_anchors_10 - INFO - Batch 34/8041: Clean accuracy 0.9706 | Adv accuracy: 0.0000 | Counter-attack accuracy: 0.2647
2026-02-12 09:05:13,678 - ADV_Generation_eps_8.0_steps_100_Added_Noise_gaussian_Sigma_0.06_Tau_Type_noisy_num_anchors_10 - INFO - Batch:[34] Adversarial images for this batch already exist
2026-02-12 09:05:14,094 - ADV_Generation_eps_8.0_steps_100_Added_Noise_gaussian_Sigma_0.06_Tau_Type_noisy_num_anchors_10 - INFO - Batch 35/8041: Clean accuracy 0.9714 | Adv accuracy: 0.0000 | Counter-attack accuracy: 0.2571
2026-02-12 09:05:14,095 - ADV_Generation_eps_8.0_steps_100_Added_Noise_gaussian_Sigma_0.06_Tau_Type_noisy_num_anchors_10 - INFO - Batch:[35] Adversarial images for this batch already exist
2026-02-12 09:05:14,511 - ADV_Generation_eps_8.0_steps_100_Added_Noise_gaussian_Sigma_0.06_Tau_Type_noisy_num_anchors_10 - INFO - Batch 36/8041: Clean accuracy 0.9722 | Adv accuracy: 0.0000 | Counter-attack accuracy: 0.2500
2026-02-12 09:05:14,511 - ADV_Generation_eps_8.0_steps_100_Added_Noise_gaussian_Sigma_0.06_Tau_Type_noisy_num_anchors_10 - INFO - Batch:[36] Adversarial images for this batch already exist
2026-02-12 09:05:14,928 - ADV_Generation_eps_8.0_steps_100_Added_Noise_gaussian_Sigma_0.06_Tau_Type_noisy_num_anchors_10 - INFO - Batch 37/8041: Clean accuracy 0.9730 | Adv accuracy: 0.0000 | Counter-attack accuracy: 0.2703
2026-02-12 09:05:14,929 - ADV_Generation_eps_8.0_steps_100_Added_Noise_gaussian_Sigma_0.06_Tau_Type_noisy_num_anchors_10 - INFO - Batch:[37] Adversarial images for this batch already exist
2026-02-12 09:05:15,345 - ADV_Generation_eps_8.0_steps_100_Added_Noise_gaussian_Sigma_0.06_Tau_Type_noisy_num_anchors_10 - INFO - Batch 38/8041: Clean accuracy 0.9737 | Adv accuracy: 0.0000 | Counter-attack accuracy: 0.2632
2026-02-12 09:05:15,345 - ADV_Generation_eps_8.0_steps_100_Added_Noise_gaussian_Sigma_0.06_Tau_Type_noisy_num_anchors_10 - INFO - Batch:[38] Adversarial images for this batch already exist
2026-02-12 09:05:15,762 - ADV_Generation_eps_8.0_steps_100_Added_Noise_gaussian_Sigma_0.06_Tau_Type_noisy_num_anchors_10 - INFO - Batch 39/8041: Clean accuracy 0.9744 | Adv accuracy: 0.0000 | Counter-attack accuracy: 0.2821
2026-02-12 09:05:15,762 - ADV_Generation_eps_8.0_steps_100_Added_Noise_gaussian_Sigma_0.06_Tau_Type_noisy_num_anchors_10 - INFO - Batch:[39] Adversarial images for this batch already exist
2026-02-12 09:05:16,179 - ADV_Generation_eps_8.0_steps_100_Added_Noise_gaussian_Sigma_0.06_Tau_Type_noisy_num_anchors_10 - INFO - Batch 40/8041: Clean accuracy 0.9750 | Adv accuracy: 0.0000 | Counter-attack accuracy: 0.2750
2026-02-12 09:05:16,179 - ADV_Generation_eps_8.0_steps_100_Added_Noise_gaussian_Sigma_0.06_Tau_Type_noisy_num_anchors_10 - INFO - Batch:[40] Adversarial images for this batch already exist
2026-02-12 09:05:16,596 - ADV_Generation_eps_8.0_steps_100_Added_Noise_gaussian_Sigma_0.06_Tau_Type_noisy_num_anchors_10 - INFO - Batch 41/8041: Clean accuracy 0.9756 | Adv accuracy: 0.0000 | Counter-attack accuracy: 0.2683
2026-02-12 09:05:16,596 - ADV_Generation_eps_8.0_steps_100_Added_Noise_gaussian_Sigma_0.06_Tau_Type_noisy_num_anchors_10 - INFO - Batch:[41] Adversarial images for this batch already exist
2026-02-12 09:05:17,013 - ADV_Generation_eps_8.0_steps_100_Added_Noise_gaussian_Sigma_0.06_Tau_Type_noisy_num_anchors_10 - INFO - Batch 42/8041: Clean accuracy 0.9762 | Adv accuracy: 0.0000 | Counter-attack accuracy: 0.2619
2026-02-12 09:05:17,013 - ADV_Generation_eps_8.0_steps_100_Added_Noise_gaussian_Sigma_0.06_Tau_Type_noisy_num_anchors_10 - INFO - Batch:[42] Adversarial images for this batch already exist
2026-02-12 09:05:17,430 - ADV_Generation_eps_8.0_steps_100_Added_Noise_gaussian_Sigma_0.06_Tau_Type_noisy_num_anchors_10 - INFO - Batch 43/8041: Clean accuracy 0.9767 | Adv accuracy: 0.0000 | Counter-attack accuracy: 0.2558
2026-02-12 09:05:17,430 - ADV_Generation_eps_8.0_steps_100_Added_Noise_gaussian_Sigma_0.06_Tau_Type_noisy_num_anchors_10 - INFO - Batch:[43] Adversarial images for this batch already exist
2026-02-12 09:05:17,846 - ADV_Generation_eps_8.0_steps_100_Added_Noise_gaussian_Sigma_0.06_Tau_Type_noisy_num_anchors_10 - INFO - Batch 44/8041: Clean accuracy 0.9773 | Adv accuracy: 0.0000 | Counter-attack accuracy: 0.2500
2026-02-12 09:05:17,847 - ADV_Generation_eps_8.0_steps_100_Added_Noise_gaussian_Sigma_0.06_Tau_Type_noisy_num_anchors_10 - INFO - Batch:[44] Adversarial images for this batch already exist
2026-02-12 09:05:18,263 - ADV_Generation_eps_8.0_steps_100_Added_Noise_gaussian_Sigma_0.06_Tau_Type_noisy_num_anchors_10 - INFO - Batch 45/8041: Clean accuracy 0.9778 | Adv accuracy: 0.0000 | Counter-attack accuracy: 0.2667
2026-02-12 09:05:18,264 - ADV_Generation_eps_8.0_steps_100_Added_Noise_gaussian_Sigma_0.06_Tau_Type_noisy_num_anchors_10 - INFO - Batch:[45] Adversarial images for this batch already exist
2026-02-12 09:05:18,680 - ADV_Generation_eps_8.0_steps_100_Added_Noise_gaussian_Sigma_0.06_Tau_Type_noisy_num_anchors_10 - INFO - Batch 46/8041: Clean accuracy 0.9783 | Adv accuracy: 0.0000 | Counter-attack accuracy: 0.2609
2026-02-12 09:05:18,681 - ADV_Generation_eps_8.0_steps_100_Added_Noise_gaussian_Sigma_0.06_Tau_Type_noisy_num_anchors_10 - INFO - Batch:[46] Adversarial images for this batch already exist
2026-02-12 09:05:19,094 - ADV_Generation_eps_8.0_steps_100_Added_Noise_gaussian_Sigma_0.06_Tau_Type_noisy_num_anchors_10 - INFO - Batch 47/8041: Clean accuracy 0.9574 | Adv accuracy: 0.0000 | Counter-attack accuracy: 0.2553
2026-02-12 09:05:19,094 - ADV_Generation_eps_8.0_steps_100_Added_Noise_gaussian_Sigma_0.06_Tau_Type_noisy_num_anchors_10 - INFO - Batch:[47] Adversarial images for this batch already exist
2026-02-12 09:05:19,511 - ADV_Generation_eps_8.0_steps_100_Added_Noise_gaussian_Sigma_0.06_Tau_Type_noisy_num_anchors_10 - INFO - Batch 48/8041: Clean accuracy 0.9583 | Adv accuracy: 0.0000 | Counter-attack accuracy: 0.2708
2026-02-12 09:05:19,511 - ADV_Generation_eps_8.0_steps_100_Added_Noise_gaussian_Sigma_0.06_Tau_Type_noisy_num_anchors_10 - INFO - Batch:[48] Adversarial images for this batch already exist
2026-02-12 09:05:19,928 - ADV_Generation_eps_8.0_steps_100_Added_Noise_gaussian_Sigma_0.06_Tau_Type_noisy_num_anchors_10 - INFO - Batch 49/8041: Clean accuracy 0.9592 | Adv accuracy: 0.0000 | Counter-attack accuracy: 0.2653
2026-02-12 09:05:19,929 - ADV_Generation_eps_8.0_steps_100_Added_Noise_gaussian_Sigma_0.06_Tau_Type_noisy_num_anchors_10 - INFO - Batch:[49] Adversarial images for this batch already exist
2026-02-12 09:05:20,345 - ADV_Generation_eps_8.0_steps_100_Added_Noise_gaussian_Sigma_0.06_Tau_Type_noisy_num_anchors_10 - INFO - Batch 50/8041: Clean accuracy 0.9600 | Adv accuracy: 0.0000 | Counter-attack accuracy: 0.2600
2026-02-12 09:05:20,346 - ADV_Generation_eps_8.0_steps_100_Added_Noise_gaussian_Sigma_0.06_Tau_Type_noisy_num_anchors_10 - INFO - Batch:[50] Adversarial images for this batch already exist
2026-02-12 09:05:20,762 - ADV_Generation_eps_8.0_steps_100_Added_Noise_gaussian_Sigma_0.06_Tau_Type_noisy_num_anchors_10 - INFO - Batch 51/8041: Clean accuracy 0.9608 | Adv accuracy: 0.0000 | Counter-attack accuracy: 0.2549
2026-02-12 09:05:20,763 - ADV_Generation_eps_8.0_steps_100_Added_Noise_gaussian_Sigma_0.06_Tau_Type_noisy_num_anchors_10 - INFO - Batch:[51] Adversarial images for this batch already exist
2026-02-12 09:05:21,176 - ADV_Generation_eps_8.0_steps_100_Added_Noise_gaussian_Sigma_0.06_Tau_Type_noisy_num_anchors_10 - INFO - Batch 52/8041: Clean accuracy 0.9615 | Adv accuracy: 0.0000 | Counter-attack accuracy: 0.2500
2026-02-12 09:05:21,176 - ADV_Generation_eps_8.0_steps_100_Added_Noise_gaussian_Sigma_0.06_Tau_Type_noisy_num_anchors_10 - INFO - Batch:[52] Adversarial images for this batch already exist
2026-02-12 09:05:21,589 - ADV_Generation_eps_8.0_steps_100_Added_Noise_gaussian_Sigma_0.06_Tau_Type_noisy_num_anchors_10 - INFO - Batch 53/8041: Clean accuracy 0.9623 | Adv accuracy: 0.0000 | Counter-attack accuracy: 0.2453
2026-02-12 09:05:21,589 - ADV_Generation_eps_8.0_steps_100_Added_Noise_gaussian_Sigma_0.06_Tau_Type_noisy_num_anchors_10 - INFO - Batch:[53] Adversarial images for this batch already exist
2026-02-12 09:05:22,006 - ADV_Generation_eps_8.0_steps_100_Added_Noise_gaussian_Sigma_0.06_Tau_Type_noisy_num_anchors_10 - INFO - Batch 54/8041: Clean accuracy 0.9630 | Adv accuracy: 0.0000 | Counter-attack accuracy: 0.2407
2026-02-12 09:05:22,006 - ADV_Generation_eps_8.0_steps_100_Added_Noise_gaussian_Sigma_0.06_Tau_Type_noisy_num_anchors_10 - INFO - Batch:[54] Adversarial images for this batch already exist
2026-02-12 09:05:22,419 - ADV_Generation_eps_8.0_steps_100_Added_Noise_gaussian_Sigma_0.06_Tau_Type_noisy_num_anchors_10 - INFO - Batch 55/8041: Clean accuracy 0.9636 | Adv accuracy: 0.0000 | Counter-attack accuracy: 0.2364
2026-02-12 09:05:22,420 - ADV_Generation_eps_8.0_steps_100_Added_Noise_gaussian_Sigma_0.06_Tau_Type_noisy_num_anchors_10 - INFO - Batch:[55] Adversarial images for this batch already exist
2026-02-12 09:05:22,836 - ADV_Generation_eps_8.0_steps_100_Added_Noise_gaussian_Sigma_0.06_Tau_Type_noisy_num_anchors_10 - INFO - Batch 56/8041: Clean accuracy 0.9643 | Adv accuracy: 0.0000 | Counter-attack accuracy: 0.2321
2026-02-12 09:05:22,837 - ADV_Generation_eps_8.0_steps_100_Added_Noise_gaussian_Sigma_0.06_Tau_Type_noisy_num_anchors_10 - INFO - Batch:[56] Adversarial images for this batch already exist
2026-02-12 09:05:23,253 - ADV_Generation_eps_8.0_steps_100_Added_Noise_gaussian_Sigma_0.06_Tau_Type_noisy_num_anchors_10 - INFO - Batch 57/8041: Clean accuracy 0.9649 | Adv accuracy: 0.0000 | Counter-attack accuracy: 0.2281
2026-02-12 09:05:23,254 - ADV_Generation_eps_8.0_steps_100_Added_Noise_gaussian_Sigma_0.06_Tau_Type_noisy_num_anchors_10 - INFO - Batch:[57] Adversarial images for this batch already exist
2026-02-12 09:05:23,670 - ADV_Generation_eps_8.0_steps_100_Added_Noise_gaussian_Sigma_0.06_Tau_Type_noisy_num_anchors_10 - INFO - Batch 58/8041: Clean accuracy 0.9655 | Adv accuracy: 0.0000 | Counter-attack accuracy: 0.2241
2026-02-12 09:05:23,671 - ADV_Generation_eps_8.0_steps_100_Added_Noise_gaussian_Sigma_0.06_Tau_Type_noisy_num_anchors_10 - INFO - Batch:[58] Adversarial images for this batch already exist
2026-02-12 09:05:24,087 - ADV_Generation_eps_8.0_steps_100_Added_Noise_gaussian_Sigma_0.06_Tau_Type_noisy_num_anchors_10 - INFO - Batch 59/8041: Clean accuracy 0.9661 | Adv accuracy: 0.0000 | Counter-attack accuracy: 0.2203
2026-02-12 09:05:24,088 - ADV_Generation_eps_8.0_steps_100_Added_Noise_gaussian_Sigma_0.06_Tau_Type_noisy_num_anchors_10 - INFO - Batch:[59] Adversarial images for this batch already exist
2026-02-12 09:05:24,505 - ADV_Generation_eps_8.0_steps_100_Added_Noise_gaussian_Sigma_0.06_Tau_Type_noisy_num_anchors_10 - INFO - Batch 60/8041: Clean accuracy 0.9667 | Adv accuracy: 0.0000 | Counter-attack accuracy: 0.2167
2026-02-12 09:05:24,505 - ADV_Generation_eps_8.0_steps_100_Added_Noise_gaussian_Sigma_0.06_Tau_Type_noisy_num_anchors_10 - INFO - Batch:[60] Adversarial images for this batch already exist
2026-02-12 09:05:24,922 - ADV_Generation_eps_8.0_steps_100_Added_Noise_gaussian_Sigma_0.06_Tau_Type_noisy_num_anchors_10 - INFO - Batch 61/8041: Clean accuracy 0.9672 | Adv accuracy: 0.0000 | Counter-attack accuracy: 0.2131
2026-02-12 09:05:24,922 - ADV_Generation_eps_8.0_steps_100_Added_Noise_gaussian_Sigma_0.06_Tau_Type_noisy_num_anchors_10 - INFO - Batch:[61] Adversarial images for this batch already exist
2026-02-12 09:05:25,339 - ADV_Generation_eps_8.0_steps_100_Added_Noise_gaussian_Sigma_0.06_Tau_Type_noisy_num_anchors_10 - INFO - Batch 62/8041: Clean accuracy 0.9677 | Adv accuracy: 0.0000 | Counter-attack accuracy: 0.2097
2026-02-12 09:05:25,339 - ADV_Generation_eps_8.0_steps_100_Added_Noise_gaussian_Sigma_0.06_Tau_Type_noisy_num_anchors_10 - INFO - Batch:[62] Adversarial images for this batch already exist
2026-02-12 09:05:25,751 - ADV_Generation_eps_8.0_steps_100_Added_Noise_gaussian_Sigma_0.06_Tau_Type_noisy_num_anchors_10 - INFO - Batch 63/8041: Clean accuracy 0.9683 | Adv accuracy: 0.0000 | Counter-attack accuracy: 0.2063
2026-02-12 09:05:25,752 - ADV_Generation_eps_8.0_steps_100_Added_Noise_gaussian_Sigma_0.06_Tau_Type_noisy_num_anchors_10 - INFO - Batch:[63] Adversarial images for this batch already exist
2026-02-12 09:05:26,168 - ADV_Generation_eps_8.0_steps_100_Added_Noise_gaussian_Sigma_0.06_Tau_Type_noisy_num_anchors_10 - INFO - Batch 64/8041: Clean accuracy 0.9688 | Adv accuracy: 0.0000 | Counter-attack accuracy: 0.2031
2026-02-12 09:05:26,168 - ADV_Generation_eps_8.0_steps_100_Added_Noise_gaussian_Sigma_0.06_Tau_Type_noisy_num_anchors_10 - INFO - Batch:[64] Adversarial images for this batch already exist
2026-02-12 09:05:26,585 - ADV_Generation_eps_8.0_steps_100_Added_Noise_gaussian_Sigma_0.06_Tau_Type_noisy_num_anchors_10 - INFO - Batch 65/8041: Clean accuracy 0.9692 | Adv accuracy: 0.0000 | Counter-attack accuracy: 0.2000
2026-02-12 09:05:26,585 - ADV_Generation_eps_8.0_steps_100_Added_Noise_gaussian_Sigma_0.06_Tau_Type_noisy_num_anchors_10 - INFO - Batch:[65] Adversarial images for this batch already exist
2026-02-12 09:05:27,002 - ADV_Generation_eps_8.0_steps_100_Added_Noise_gaussian_Sigma_0.06_Tau_Type_noisy_num_anchors_10 - INFO - Batch 66/8041: Clean accuracy 0.9697 | Adv accuracy: 0.0000 | Counter-attack accuracy: 0.1970
2026-02-12 09:05:27,002 - ADV_Generation_eps_8.0_steps_100_Added_Noise_gaussian_Sigma_0.06_Tau_Type_noisy_num_anchors_10 - INFO - Batch:[66] Adversarial images for this batch already exist
2026-02-12 09:05:27,419 - ADV_Generation_eps_8.0_steps_100_Added_Noise_gaussian_Sigma_0.06_Tau_Type_noisy_num_anchors_10 - INFO - Batch 67/8041: Clean accuracy 0.9701 | Adv accuracy: 0.0000 | Counter-attack accuracy: 0.1940
2026-02-12 09:05:27,419 - ADV_Generation_eps_8.0_steps_100_Added_Noise_gaussian_Sigma_0.06_Tau_Type_noisy_num_anchors_10 - INFO - Batch:[67] Adversarial images for this batch already exist
2026-02-12 09:05:27,836 - ADV_Generation_eps_8.0_steps_100_Added_Noise_gaussian_Sigma_0.06_Tau_Type_noisy_num_anchors_10 - INFO - Batch 68/8041: Clean accuracy 0.9706 | Adv accuracy: 0.0000 | Counter-attack accuracy: 0.1912
2026-02-12 09:05:27,836 - ADV_Generation_eps_8.0_steps_100_Added_Noise_gaussian_Sigma_0.06_Tau_Type_noisy_num_anchors_10 - INFO - Batch:[68] Adversarial images for this batch already exist
2026-02-12 09:05:28,253 - ADV_Generation_eps_8.0_steps_100_Added_Noise_gaussian_Sigma_0.06_Tau_Type_noisy_num_anchors_10 - INFO - Batch 69/8041: Clean accuracy 0.9710 | Adv accuracy: 0.0000 | Counter-attack accuracy: 0.2029
2026-02-12 09:05:28,253 - ADV_Generation_eps_8.0_steps_100_Added_Noise_gaussian_Sigma_0.06_Tau_Type_noisy_num_anchors_10 - INFO - Batch:[69] Adversarial images for this batch already exist
2026-02-12 09:05:28,669 - ADV_Generation_eps_8.0_steps_100_Added_Noise_gaussian_Sigma_0.06_Tau_Type_noisy_num_anchors_10 - INFO - Batch 70/8041: Clean accuracy 0.9571 | Adv accuracy: 0.0000 | Counter-attack accuracy: 0.2000
2026-02-12 09:05:28,670 - ADV_Generation_eps_8.0_steps_100_Added_Noise_gaussian_Sigma_0.06_Tau_Type_noisy_num_anchors_10 - INFO - Batch:[70] Adversarial images for this batch already exist
2026-02-12 09:05:29,086 - ADV_Generation_eps_8.0_steps_100_Added_Noise_gaussian_Sigma_0.06_Tau_Type_noisy_num_anchors_10 - INFO - Batch 71/8041: Clean accuracy 0.9577 | Adv accuracy: 0.0000 | Counter-attack accuracy: 0.1972
2026-02-12 09:05:29,087 - ADV_Generation_eps_8.0_steps_100_Added_Noise_gaussian_Sigma_0.06_Tau_Type_noisy_num_anchors_10 - INFO - Batch:[71] Adversarial images for this batch already exist
2026-02-12 09:05:29,503 - ADV_Generation_eps_8.0_steps_100_Added_Noise_gaussian_Sigma_0.06_Tau_Type_noisy_num_anchors_10 - INFO - Batch 72/8041: Clean accuracy 0.9583 | Adv accuracy: 0.0000 | Counter-attack accuracy: 0.1944
2026-02-12 09:05:29,504 - ADV_Generation_eps_8.0_steps_100_Added_Noise_gaussian_Sigma_0.06_Tau_Type_noisy_num_anchors_10 - INFO - Batch:[72] Adversarial images for this batch already exist
2026-02-12 09:05:29,916 - ADV_Generation_eps_8.0_steps_100_Added_Noise_gaussian_Sigma_0.06_Tau_Type_noisy_num_anchors_10 - INFO - Batch 73/8041: Clean accuracy 0.9589 | Adv accuracy: 0.0000 | Counter-attack accuracy: 0.2055
2026-02-12 09:05:29,916 - ADV_Generation_eps_8.0_steps_100_Added_Noise_gaussian_Sigma_0.06_Tau_Type_noisy_num_anchors_10 - INFO - Batch:[73] Adversarial images for this batch already exist
2026-02-12 09:05:30,333 - ADV_Generation_eps_8.0_steps_100_Added_Noise_gaussian_Sigma_0.06_Tau_Type_noisy_num_anchors_10 - INFO - Batch 74/8041: Clean accuracy 0.9595 | Adv accuracy: 0.0000 | Counter-attack accuracy: 0.2027
2026-02-12 09:05:30,333 - ADV_Generation_eps_8.0_steps_100_Added_Noise_gaussian_Sigma_0.06_Tau_Type_noisy_num_anchors_10 - INFO - Batch:[74] Adversarial images for this batch already exist
2026-02-12 09:05:30,750 - ADV_Generation_eps_8.0_steps_100_Added_Noise_gaussian_Sigma_0.06_Tau_Type_noisy_num_anchors_10 - INFO - Batch 75/8041: Clean accuracy 0.9600 | Adv accuracy: 0.0000 | Counter-attack accuracy: 0.2133
2026-02-12 09:05:30,750 - ADV_Generation_eps_8.0_steps_100_Added_Noise_gaussian_Sigma_0.06_Tau_Type_noisy_num_anchors_10 - INFO - Batch:[75] Adversarial images for this batch already exist
2026-02-12 09:05:31,166 - ADV_Generation_eps_8.0_steps_100_Added_Noise_gaussian_Sigma_0.06_Tau_Type_noisy_num_anchors_10 - INFO - Batch 76/8041: Clean accuracy 0.9605 | Adv accuracy: 0.0000 | Counter-attack accuracy: 0.2105
2026-02-12 09:05:31,167 - ADV_Generation_eps_8.0_steps_100_Added_Noise_gaussian_Sigma_0.06_Tau_Type_noisy_num_anchors_10 - INFO - Batch:[76] Adversarial images for this batch already exist
2026-02-12 09:05:31,583 - ADV_Generation_eps_8.0_steps_100_Added_Noise_gaussian_Sigma_0.06_Tau_Type_noisy_num_anchors_10 - INFO - Batch 77/8041: Clean accuracy 0.9610 | Adv accuracy: 0.0000 | Counter-attack accuracy: 0.2208
2026-02-12 09:05:31,584 - ADV_Generation_eps_8.0_steps_100_Added_Noise_gaussian_Sigma_0.06_Tau_Type_noisy_num_anchors_10 - INFO - Batch:[77] Adversarial images for this batch already exist
2026-02-12 09:05:32,001 - ADV_Generation_eps_8.0_steps_100_Added_Noise_gaussian_Sigma_0.06_Tau_Type_noisy_num_anchors_10 - INFO - Batch 78/8041: Clean accuracy 0.9615 | Adv accuracy: 0.0000 | Counter-attack accuracy: 0.2179
2026-02-12 09:05:32,001 - ADV_Generation_eps_8.0_steps_100_Added_Noise_gaussian_Sigma_0.06_Tau_Type_noisy_num_anchors_10 - INFO - Batch:[78] Adversarial images for this batch already exist
2026-02-12 09:05:32,418 - ADV_Generation_eps_8.0_steps_100_Added_Noise_gaussian_Sigma_0.06_Tau_Type_noisy_num_anchors_10 - INFO - Batch 79/8041: Clean accuracy 0.9620 | Adv accuracy: 0.0000 | Counter-attack accuracy: 0.2152
2026-02-12 09:05:32,418 - ADV_Generation_eps_8.0_steps_100_Added_Noise_gaussian_Sigma_0.06_Tau_Type_noisy_num_anchors_10 - INFO - Batch:[79] Adversarial images for this batch already exist
2026-02-12 09:05:32,835 - ADV_Generation_eps_8.0_steps_100_Added_Noise_gaussian_Sigma_0.06_Tau_Type_noisy_num_anchors_10 - INFO - Batch 80/8041: Clean accuracy 0.9625 | Adv accuracy: 0.0000 | Counter-attack accuracy: 0.2125
2026-02-12 09:05:32,836 - ADV_Generation_eps_8.0_steps_100_Added_Noise_gaussian_Sigma_0.06_Tau_Type_noisy_num_anchors_10 - INFO - Batch:[80] Adversarial images for this batch already exist
2026-02-12 09:05:33,252 - ADV_Generation_eps_8.0_steps_100_Added_Noise_gaussian_Sigma_0.06_Tau_Type_noisy_num_anchors_10 - INFO - Batch 81/8041: Clean accuracy 0.9630 | Adv accuracy: 0.0000 | Counter-attack accuracy: 0.2222
2026-02-12 09:05:33,253 - ADV_Generation_eps_8.0_steps_100_Added_Noise_gaussian_Sigma_0.06_Tau_Type_noisy_num_anchors_10 - INFO - Batch:[81] Adversarial images for this batch already exist
2026-02-12 09:05:33,669 - ADV_Generation_eps_8.0_steps_100_Added_Noise_gaussian_Sigma_0.06_Tau_Type_noisy_num_anchors_10 - INFO - Batch 82/8041: Clean accuracy 0.9512 | Adv accuracy: 0.0000 | Counter-attack accuracy: 0.2195
2026-02-12 09:05:33,670 - ADV_Generation_eps_8.0_steps_100_Added_Noise_gaussian_Sigma_0.06_Tau_Type_noisy_num_anchors_10 - INFO - Batch:[82] Adversarial images for this batch already exist
2026-02-12 09:05:34,086 - ADV_Generation_eps_8.0_steps_100_Added_Noise_gaussian_Sigma_0.06_Tau_Type_noisy_num_anchors_10 - INFO - Batch 83/8041: Clean accuracy 0.9518 | Adv accuracy: 0.0000 | Counter-attack accuracy: 0.2169
2026-02-12 09:05:34,087 - ADV_Generation_eps_8.0_steps_100_Added_Noise_gaussian_Sigma_0.06_Tau_Type_noisy_num_anchors_10 - INFO - Batch:[83] Adversarial images for this batch already exist
2026-02-12 09:05:34,505 - ADV_Generation_eps_8.0_steps_100_Added_Noise_gaussian_Sigma_0.06_Tau_Type_noisy_num_anchors_10 - INFO - Batch 84/8041: Clean accuracy 0.9524 | Adv accuracy: 0.0000 | Counter-attack accuracy: 0.2143
2026-02-12 09:05:34,506 - ADV_Generation_eps_8.0_steps_100_Added_Noise_gaussian_Sigma_0.06_Tau_Type_noisy_num_anchors_10 - INFO - Batch:[84] Adversarial images for this batch already exist
