2026-02-05 15:07:42,952 - ADV_Generation_eps_8.0_steps_100_Added_Noise_uniform_Eps_16.0_Tau_Type_normal_anchors - INFO - ==========================================
data:/leonardo_work/EUHPC_R04_192/fmohamma/Adversarial_Robust_Clip/atpt_data/downstream_datasets
test_sets:UCF101
dataset_mode:test
arch:ViT-L/14
resolution:224
transferability:False
source_model:fare4
workers:4
no_pin_memory:False
batch_size:1
adv_bs:1
print_freq:20
gpu:0
no_cudnn_benchmark:False
n_ctx:4
ctx_init:a_photo_of_a
seed:0
output_dir:/leonardo_work/EUHPC_R04_192/fmohamma/Adversarial_Robust_Clip/atpt_data/ViT-L/14/UCF101
log_output_dir:/leonardo_work/EUHPC_R04_192/fmohamma/Adversarial_Robust_Clip/ATPT/Diffratio_Adv_gen_Results/ViT-L/14/UCF101/ADV_Generation_eps_8.0_steps_100_Added_Noise_uniform_Eps_16.0_Tau_Type_normal_anchors
image_only_attack:False
image_only_attack_type:prm
image_predicted_label_attack:False
eps:8.0
alpha:2.0
alpha_eps_ratio:4.0
steps:100
counter_attack:True
counter_attack_type:pgd
counter_attack_steps:0
counter_attack_eps:16.0
counter_attack_alpha:1.0
counter_attack_tau_thres:0.2
counter_attack_beta:2.0
counter_attack_weighted_perturbations:True
counter_attack_init_noise:uniform
counter_attack_gaussian_sigma:0.03
counter_attack_noisy_tau_num_anchors:10
counter_attack_tau:normal_anchors
pgd_clip_pure_i_text_embeddings:null
pgd_counter_and_clipure_i_lamda:1.0
image_feature_purify:False
image_feature_purify_type:noisy_anchor
image_feature_purify_noisy_anchors:10
image_feature_purify_anchors_alpha:1.2
image_feature_purify_noisy_sigma:0.18
image_feature_purify_diff_threshold:0.0
image_feature_clipure_steps:10
image_feature_clipure_step_size:10.0
save_plots:False
lr:0.005
selection_p:0.1
tta_steps:1
top_k:20
softmax_temp:0.01
load_tecoa:

2026-02-05 15:07:42,953 - ADV_Generation_eps_8.0_steps_100_Added_Noise_uniform_Eps_16.0_Tau_Type_normal_anchors - INFO - Use GPU: 0 for training
2026-02-05 15:07:53,940 - ADV_Generation_eps_8.0_steps_100_Added_Noise_uniform_Eps_16.0_Tau_Type_normal_anchors - INFO - => Model created: visual backbone ViT-L/14
2026-02-05 15:07:53,976 - ADV_Generation_eps_8.0_steps_100_Added_Noise_uniform_Eps_16.0_Tau_Type_normal_anchors - INFO - Number of test samples: 3783
2026-02-05 15:07:53,977 - ADV_Generation_eps_8.0_steps_100_Added_Noise_uniform_Eps_16.0_Tau_Type_normal_anchors - INFO - Evaluating dataset: UCF101
2026-02-05 15:07:53,978 - ADV_Generation_eps_8.0_steps_100_Added_Noise_uniform_Eps_16.0_Tau_Type_normal_anchors - INFO - Starting evaluation with batch size: 1, selection percentage: 0.1
2026-02-05 15:07:53,978 - ADV_Generation_eps_8.0_steps_100_Added_Noise_uniform_Eps_16.0_Tau_Type_normal_anchors - INFO - Using counter-attack with epsilon: 16.000000, alpha: 1.000000, steps: 0
2026-02-05 15:07:53,978 - ADV_Generation_eps_8.0_steps_100_Added_Noise_uniform_Eps_16.0_Tau_Type_normal_anchors - INFO - Adversarial examples will be loaded from /leonardo_work/EUHPC_R04_192/fmohamma/Adversarial_Robust_Clip/atpt_data/ViT-L/14/UCF101/adv_images_eps_8.0_alpha_2.0_steps_100 and evaluated on ViT-L/14
2026-02-05 15:07:53,979 - ADV_Generation_eps_8.0_steps_100_Added_Noise_uniform_Eps_16.0_Tau_Type_normal_anchors - INFO - Using directory for adversarial images: /leonardo_work/EUHPC_R04_192/fmohamma/Adversarial_Robust_Clip/atpt_data/ViT-L/14/UCF101/adv_images_eps_8.0_alpha_2.0_steps_100
2026-02-05 15:07:54,311 - ADV_Generation_eps_8.0_steps_100_Added_Noise_uniform_Eps_16.0_Tau_Type_normal_anchors - INFO - Batch:[0] Adversarial images for this batch already exist
2026-02-05 15:07:54,872 - ADV_Generation_eps_8.0_steps_100_Added_Noise_uniform_Eps_16.0_Tau_Type_normal_anchors - INFO - Batch 1/3783: Clean accuracy 1.0000 | Adv accuracy: 0.0000 | Counter-attack accuracy: 0.0000
2026-02-05 15:07:54,873 - ADV_Generation_eps_8.0_steps_100_Added_Noise_uniform_Eps_16.0_Tau_Type_normal_anchors - INFO - Batch:[1] Adversarial images for this batch already exist
2026-02-05 15:07:55,211 - ADV_Generation_eps_8.0_steps_100_Added_Noise_uniform_Eps_16.0_Tau_Type_normal_anchors - INFO - Batch 2/3783: Clean accuracy 1.0000 | Adv accuracy: 0.0000 | Counter-attack accuracy: 0.0000
2026-02-05 15:07:55,212 - ADV_Generation_eps_8.0_steps_100_Added_Noise_uniform_Eps_16.0_Tau_Type_normal_anchors - INFO - Batch:[2] Adversarial images for this batch already exist
2026-02-05 15:07:55,549 - ADV_Generation_eps_8.0_steps_100_Added_Noise_uniform_Eps_16.0_Tau_Type_normal_anchors - INFO - Batch 3/3783: Clean accuracy 1.0000 | Adv accuracy: 0.0000 | Counter-attack accuracy: 0.0000
2026-02-05 15:07:55,550 - ADV_Generation_eps_8.0_steps_100_Added_Noise_uniform_Eps_16.0_Tau_Type_normal_anchors - INFO - Batch:[3] Adversarial images for this batch already exist
2026-02-05 15:07:55,899 - ADV_Generation_eps_8.0_steps_100_Added_Noise_uniform_Eps_16.0_Tau_Type_normal_anchors - INFO - Batch 4/3783: Clean accuracy 1.0000 | Adv accuracy: 0.0000 | Counter-attack accuracy: 0.0000
2026-02-05 15:07:55,900 - ADV_Generation_eps_8.0_steps_100_Added_Noise_uniform_Eps_16.0_Tau_Type_normal_anchors - INFO - Batch:[4] Adversarial images for this batch already exist
2026-02-05 15:07:56,238 - ADV_Generation_eps_8.0_steps_100_Added_Noise_uniform_Eps_16.0_Tau_Type_normal_anchors - INFO - Batch 5/3783: Clean accuracy 1.0000 | Adv accuracy: 0.0000 | Counter-attack accuracy: 0.0000
2026-02-05 15:07:56,241 - ADV_Generation_eps_8.0_steps_100_Added_Noise_uniform_Eps_16.0_Tau_Type_normal_anchors - INFO - Batch:[5] Adversarial images for this batch already exist
2026-02-05 15:07:56,577 - ADV_Generation_eps_8.0_steps_100_Added_Noise_uniform_Eps_16.0_Tau_Type_normal_anchors - INFO - Batch 6/3783: Clean accuracy 1.0000 | Adv accuracy: 0.0000 | Counter-attack accuracy: 0.0000
2026-02-05 15:07:56,579 - ADV_Generation_eps_8.0_steps_100_Added_Noise_uniform_Eps_16.0_Tau_Type_normal_anchors - INFO - Batch:[6] Adversarial images for this batch already exist
2026-02-05 15:07:56,915 - ADV_Generation_eps_8.0_steps_100_Added_Noise_uniform_Eps_16.0_Tau_Type_normal_anchors - INFO - Batch 7/3783: Clean accuracy 1.0000 | Adv accuracy: 0.0000 | Counter-attack accuracy: 0.0000
2026-02-05 15:07:56,918 - ADV_Generation_eps_8.0_steps_100_Added_Noise_uniform_Eps_16.0_Tau_Type_normal_anchors - INFO - Batch:[7] Adversarial images for this batch already exist
2026-02-05 15:07:57,250 - ADV_Generation_eps_8.0_steps_100_Added_Noise_uniform_Eps_16.0_Tau_Type_normal_anchors - INFO - Batch 8/3783: Clean accuracy 1.0000 | Adv accuracy: 0.0000 | Counter-attack accuracy: 0.0000
2026-02-05 15:07:57,252 - ADV_Generation_eps_8.0_steps_100_Added_Noise_uniform_Eps_16.0_Tau_Type_normal_anchors - INFO - Batch:[8] Adversarial images for this batch already exist
2026-02-05 15:07:57,591 - ADV_Generation_eps_8.0_steps_100_Added_Noise_uniform_Eps_16.0_Tau_Type_normal_anchors - INFO - Batch 9/3783: Clean accuracy 1.0000 | Adv accuracy: 0.0000 | Counter-attack accuracy: 0.0000
2026-02-05 15:07:57,592 - ADV_Generation_eps_8.0_steps_100_Added_Noise_uniform_Eps_16.0_Tau_Type_normal_anchors - INFO - Batch:[9] Adversarial images for this batch already exist
2026-02-05 15:07:57,932 - ADV_Generation_eps_8.0_steps_100_Added_Noise_uniform_Eps_16.0_Tau_Type_normal_anchors - INFO - Batch 10/3783: Clean accuracy 1.0000 | Adv accuracy: 0.0000 | Counter-attack accuracy: 0.0000
2026-02-05 15:07:57,937 - ADV_Generation_eps_8.0_steps_100_Added_Noise_uniform_Eps_16.0_Tau_Type_normal_anchors - INFO - Batch:[10] Adversarial images for this batch already exist
2026-02-05 15:07:58,279 - ADV_Generation_eps_8.0_steps_100_Added_Noise_uniform_Eps_16.0_Tau_Type_normal_anchors - INFO - Batch 11/3783: Clean accuracy 1.0000 | Adv accuracy: 0.0000 | Counter-attack accuracy: 0.0000
2026-02-05 15:07:58,281 - ADV_Generation_eps_8.0_steps_100_Added_Noise_uniform_Eps_16.0_Tau_Type_normal_anchors - INFO - Batch:[11] Adversarial images for this batch already exist
2026-02-05 15:07:58,640 - ADV_Generation_eps_8.0_steps_100_Added_Noise_uniform_Eps_16.0_Tau_Type_normal_anchors - INFO - Batch 12/3783: Clean accuracy 1.0000 | Adv accuracy: 0.0000 | Counter-attack accuracy: 0.0000
2026-02-05 15:07:58,641 - ADV_Generation_eps_8.0_steps_100_Added_Noise_uniform_Eps_16.0_Tau_Type_normal_anchors - INFO - Batch:[12] Adversarial images for this batch already exist
2026-02-05 15:07:58,993 - ADV_Generation_eps_8.0_steps_100_Added_Noise_uniform_Eps_16.0_Tau_Type_normal_anchors - INFO - Batch 13/3783: Clean accuracy 1.0000 | Adv accuracy: 0.0000 | Counter-attack accuracy: 0.0000
2026-02-05 15:07:58,995 - ADV_Generation_eps_8.0_steps_100_Added_Noise_uniform_Eps_16.0_Tau_Type_normal_anchors - INFO - Batch:[13] Adversarial images for this batch already exist
2026-02-05 15:07:59,332 - ADV_Generation_eps_8.0_steps_100_Added_Noise_uniform_Eps_16.0_Tau_Type_normal_anchors - INFO - Batch 14/3783: Clean accuracy 1.0000 | Adv accuracy: 0.0000 | Counter-attack accuracy: 0.0000
2026-02-05 15:07:59,334 - ADV_Generation_eps_8.0_steps_100_Added_Noise_uniform_Eps_16.0_Tau_Type_normal_anchors - INFO - Batch:[14] Adversarial images for this batch already exist
2026-02-05 15:07:59,668 - ADV_Generation_eps_8.0_steps_100_Added_Noise_uniform_Eps_16.0_Tau_Type_normal_anchors - INFO - Batch 15/3783: Clean accuracy 1.0000 | Adv accuracy: 0.0000 | Counter-attack accuracy: 0.0000
2026-02-05 15:07:59,670 - ADV_Generation_eps_8.0_steps_100_Added_Noise_uniform_Eps_16.0_Tau_Type_normal_anchors - INFO - Batch:[15] Adversarial images for this batch already exist
2026-02-05 15:08:00,016 - ADV_Generation_eps_8.0_steps_100_Added_Noise_uniform_Eps_16.0_Tau_Type_normal_anchors - INFO - Batch 16/3783: Clean accuracy 1.0000 | Adv accuracy: 0.0000 | Counter-attack accuracy: 0.0000
2026-02-05 15:08:00,019 - ADV_Generation_eps_8.0_steps_100_Added_Noise_uniform_Eps_16.0_Tau_Type_normal_anchors - INFO - Batch:[16] Adversarial images for this batch already exist
2026-02-05 15:08:00,358 - ADV_Generation_eps_8.0_steps_100_Added_Noise_uniform_Eps_16.0_Tau_Type_normal_anchors - INFO - Batch 17/3783: Clean accuracy 1.0000 | Adv accuracy: 0.0000 | Counter-attack accuracy: 0.0000
2026-02-05 15:08:00,361 - ADV_Generation_eps_8.0_steps_100_Added_Noise_uniform_Eps_16.0_Tau_Type_normal_anchors - INFO - Batch:[17] Adversarial images for this batch already exist
2026-02-05 15:08:00,707 - ADV_Generation_eps_8.0_steps_100_Added_Noise_uniform_Eps_16.0_Tau_Type_normal_anchors - INFO - Batch 18/3783: Clean accuracy 1.0000 | Adv accuracy: 0.0000 | Counter-attack accuracy: 0.0000
2026-02-05 15:08:00,716 - ADV_Generation_eps_8.0_steps_100_Added_Noise_uniform_Eps_16.0_Tau_Type_normal_anchors - INFO - Batch:[18] Adversarial images for this batch already exist
2026-02-05 15:08:01,054 - ADV_Generation_eps_8.0_steps_100_Added_Noise_uniform_Eps_16.0_Tau_Type_normal_anchors - INFO - Batch 19/3783: Clean accuracy 1.0000 | Adv accuracy: 0.0000 | Counter-attack accuracy: 0.0000
2026-02-05 15:08:01,058 - ADV_Generation_eps_8.0_steps_100_Added_Noise_uniform_Eps_16.0_Tau_Type_normal_anchors - INFO - Batch:[19] Adversarial images for this batch already exist
2026-02-05 15:08:01,396 - ADV_Generation_eps_8.0_steps_100_Added_Noise_uniform_Eps_16.0_Tau_Type_normal_anchors - INFO - Batch 20/3783: Clean accuracy 1.0000 | Adv accuracy: 0.0000 | Counter-attack accuracy: 0.0000
2026-02-05 15:08:01,399 - ADV_Generation_eps_8.0_steps_100_Added_Noise_uniform_Eps_16.0_Tau_Type_normal_anchors - INFO - Batch:[20] Adversarial images for this batch already exist
2026-02-05 15:08:01,742 - ADV_Generation_eps_8.0_steps_100_Added_Noise_uniform_Eps_16.0_Tau_Type_normal_anchors - INFO - Batch 21/3783: Clean accuracy 1.0000 | Adv accuracy: 0.0000 | Counter-attack accuracy: 0.0000
2026-02-05 15:08:01,748 - ADV_Generation_eps_8.0_steps_100_Added_Noise_uniform_Eps_16.0_Tau_Type_normal_anchors - INFO - Batch:[21] Adversarial images for this batch already exist
2026-02-05 15:08:02,090 - ADV_Generation_eps_8.0_steps_100_Added_Noise_uniform_Eps_16.0_Tau_Type_normal_anchors - INFO - Batch 22/3783: Clean accuracy 1.0000 | Adv accuracy: 0.0000 | Counter-attack accuracy: 0.0000
2026-02-05 15:08:02,091 - ADV_Generation_eps_8.0_steps_100_Added_Noise_uniform_Eps_16.0_Tau_Type_normal_anchors - INFO - Batch:[22] Adversarial images for this batch already exist
2026-02-05 15:08:02,437 - ADV_Generation_eps_8.0_steps_100_Added_Noise_uniform_Eps_16.0_Tau_Type_normal_anchors - INFO - Batch 23/3783: Clean accuracy 1.0000 | Adv accuracy: 0.0000 | Counter-attack accuracy: 0.0000
2026-02-05 15:08:02,442 - ADV_Generation_eps_8.0_steps_100_Added_Noise_uniform_Eps_16.0_Tau_Type_normal_anchors - INFO - Batch:[23] Adversarial images for this batch already exist
2026-02-05 15:08:02,777 - ADV_Generation_eps_8.0_steps_100_Added_Noise_uniform_Eps_16.0_Tau_Type_normal_anchors - INFO - Batch 24/3783: Clean accuracy 1.0000 | Adv accuracy: 0.0000 | Counter-attack accuracy: 0.0000
2026-02-05 15:08:02,779 - ADV_Generation_eps_8.0_steps_100_Added_Noise_uniform_Eps_16.0_Tau_Type_normal_anchors - INFO - Batch:[24] Adversarial images for this batch already exist
2026-02-05 15:08:03,114 - ADV_Generation_eps_8.0_steps_100_Added_Noise_uniform_Eps_16.0_Tau_Type_normal_anchors - INFO - Batch 25/3783: Clean accuracy 1.0000 | Adv accuracy: 0.0000 | Counter-attack accuracy: 0.0000
2026-02-05 15:08:03,116 - ADV_Generation_eps_8.0_steps_100_Added_Noise_uniform_Eps_16.0_Tau_Type_normal_anchors - INFO - Batch:[25] Adversarial images for this batch already exist
2026-02-05 15:08:03,470 - ADV_Generation_eps_8.0_steps_100_Added_Noise_uniform_Eps_16.0_Tau_Type_normal_anchors - INFO - Batch 26/3783: Clean accuracy 1.0000 | Adv accuracy: 0.0000 | Counter-attack accuracy: 0.0000
2026-02-05 15:08:03,472 - ADV_Generation_eps_8.0_steps_100_Added_Noise_uniform_Eps_16.0_Tau_Type_normal_anchors - INFO - Batch:[26] Adversarial images for this batch already exist
2026-02-05 15:08:03,813 - ADV_Generation_eps_8.0_steps_100_Added_Noise_uniform_Eps_16.0_Tau_Type_normal_anchors - INFO - Batch 27/3783: Clean accuracy 1.0000 | Adv accuracy: 0.0000 | Counter-attack accuracy: 0.0000
2026-02-05 15:08:03,815 - ADV_Generation_eps_8.0_steps_100_Added_Noise_uniform_Eps_16.0_Tau_Type_normal_anchors - INFO - Batch:[27] Adversarial images for this batch already exist
2026-02-05 15:08:04,151 - ADV_Generation_eps_8.0_steps_100_Added_Noise_uniform_Eps_16.0_Tau_Type_normal_anchors - INFO - Batch 28/3783: Clean accuracy 1.0000 | Adv accuracy: 0.0000 | Counter-attack accuracy: 0.0000
2026-02-05 15:08:04,153 - ADV_Generation_eps_8.0_steps_100_Added_Noise_uniform_Eps_16.0_Tau_Type_normal_anchors - INFO - Batch:[28] Adversarial images for this batch already exist
2026-02-05 15:08:04,502 - ADV_Generation_eps_8.0_steps_100_Added_Noise_uniform_Eps_16.0_Tau_Type_normal_anchors - INFO - Batch 29/3783: Clean accuracy 1.0000 | Adv accuracy: 0.0000 | Counter-attack accuracy: 0.0000
2026-02-05 15:08:04,504 - ADV_Generation_eps_8.0_steps_100_Added_Noise_uniform_Eps_16.0_Tau_Type_normal_anchors - INFO - Batch:[29] Adversarial images for this batch already exist
2026-02-05 15:08:04,841 - ADV_Generation_eps_8.0_steps_100_Added_Noise_uniform_Eps_16.0_Tau_Type_normal_anchors - INFO - Batch 30/3783: Clean accuracy 1.0000 | Adv accuracy: 0.0000 | Counter-attack accuracy: 0.0000
2026-02-05 15:08:04,843 - ADV_Generation_eps_8.0_steps_100_Added_Noise_uniform_Eps_16.0_Tau_Type_normal_anchors - INFO - Batch:[30] Adversarial images for this batch already exist
2026-02-05 15:08:05,200 - ADV_Generation_eps_8.0_steps_100_Added_Noise_uniform_Eps_16.0_Tau_Type_normal_anchors - INFO - Batch 31/3783: Clean accuracy 1.0000 | Adv accuracy: 0.0000 | Counter-attack accuracy: 0.0000
2026-02-05 15:08:05,201 - ADV_Generation_eps_8.0_steps_100_Added_Noise_uniform_Eps_16.0_Tau_Type_normal_anchors - INFO - Batch:[31] Adversarial images for this batch already exist
2026-02-05 15:08:05,545 - ADV_Generation_eps_8.0_steps_100_Added_Noise_uniform_Eps_16.0_Tau_Type_normal_anchors - INFO - Batch 32/3783: Clean accuracy 1.0000 | Adv accuracy: 0.0000 | Counter-attack accuracy: 0.0000
2026-02-05 15:08:05,547 - ADV_Generation_eps_8.0_steps_100_Added_Noise_uniform_Eps_16.0_Tau_Type_normal_anchors - INFO - Batch:[32] Adversarial images for this batch already exist
2026-02-05 15:08:05,912 - ADV_Generation_eps_8.0_steps_100_Added_Noise_uniform_Eps_16.0_Tau_Type_normal_anchors - INFO - Batch 33/3783: Clean accuracy 1.0000 | Adv accuracy: 0.0000 | Counter-attack accuracy: 0.0000
2026-02-05 15:08:05,915 - ADV_Generation_eps_8.0_steps_100_Added_Noise_uniform_Eps_16.0_Tau_Type_normal_anchors - INFO - Batch:[33] Adversarial images for this batch already exist
2026-02-05 15:08:06,259 - ADV_Generation_eps_8.0_steps_100_Added_Noise_uniform_Eps_16.0_Tau_Type_normal_anchors - INFO - Batch 34/3783: Clean accuracy 1.0000 | Adv accuracy: 0.0000 | Counter-attack accuracy: 0.0000
2026-02-05 15:08:06,261 - ADV_Generation_eps_8.0_steps_100_Added_Noise_uniform_Eps_16.0_Tau_Type_normal_anchors - INFO - Batch:[34] Adversarial images for this batch already exist
2026-02-05 15:08:06,625 - ADV_Generation_eps_8.0_steps_100_Added_Noise_uniform_Eps_16.0_Tau_Type_normal_anchors - INFO - Batch 35/3783: Clean accuracy 1.0000 | Adv accuracy: 0.0000 | Counter-attack accuracy: 0.0000
2026-02-05 15:08:06,627 - ADV_Generation_eps_8.0_steps_100_Added_Noise_uniform_Eps_16.0_Tau_Type_normal_anchors - INFO - Batch:[35] Adversarial images for this batch already exist
2026-02-05 15:08:06,975 - ADV_Generation_eps_8.0_steps_100_Added_Noise_uniform_Eps_16.0_Tau_Type_normal_anchors - INFO - Batch 36/3783: Clean accuracy 1.0000 | Adv accuracy: 0.0000 | Counter-attack accuracy: 0.0000
2026-02-05 15:08:06,977 - ADV_Generation_eps_8.0_steps_100_Added_Noise_uniform_Eps_16.0_Tau_Type_normal_anchors - INFO - Batch:[36] Adversarial images for this batch already exist
2026-02-05 15:08:07,313 - ADV_Generation_eps_8.0_steps_100_Added_Noise_uniform_Eps_16.0_Tau_Type_normal_anchors - INFO - Batch 37/3783: Clean accuracy 1.0000 | Adv accuracy: 0.0000 | Counter-attack accuracy: 0.0000
2026-02-05 15:08:07,315 - ADV_Generation_eps_8.0_steps_100_Added_Noise_uniform_Eps_16.0_Tau_Type_normal_anchors - INFO - Batch:[37] Adversarial images for this batch already exist
2026-02-05 15:08:07,662 - ADV_Generation_eps_8.0_steps_100_Added_Noise_uniform_Eps_16.0_Tau_Type_normal_anchors - INFO - Batch 38/3783: Clean accuracy 1.0000 | Adv accuracy: 0.0000 | Counter-attack accuracy: 0.0000
2026-02-05 15:08:07,663 - ADV_Generation_eps_8.0_steps_100_Added_Noise_uniform_Eps_16.0_Tau_Type_normal_anchors - INFO - Batch:[38] Adversarial images for this batch already exist
2026-02-05 15:08:08,050 - ADV_Generation_eps_8.0_steps_100_Added_Noise_uniform_Eps_16.0_Tau_Type_normal_anchors - INFO - Batch 39/3783: Clean accuracy 1.0000 | Adv accuracy: 0.0000 | Counter-attack accuracy: 0.0000
2026-02-05 15:08:08,052 - ADV_Generation_eps_8.0_steps_100_Added_Noise_uniform_Eps_16.0_Tau_Type_normal_anchors - INFO - Batch:[39] Adversarial images for this batch already exist
2026-02-05 15:08:08,400 - ADV_Generation_eps_8.0_steps_100_Added_Noise_uniform_Eps_16.0_Tau_Type_normal_anchors - INFO - Batch 40/3783: Clean accuracy 1.0000 | Adv accuracy: 0.0000 | Counter-attack accuracy: 0.0000
2026-02-05 15:08:08,403 - ADV_Generation_eps_8.0_steps_100_Added_Noise_uniform_Eps_16.0_Tau_Type_normal_anchors - INFO - Batch:[40] Adversarial images for this batch already exist
2026-02-05 15:08:08,733 - ADV_Generation_eps_8.0_steps_100_Added_Noise_uniform_Eps_16.0_Tau_Type_normal_anchors - INFO - Batch 41/3783: Clean accuracy 1.0000 | Adv accuracy: 0.0000 | Counter-attack accuracy: 0.0000
2026-02-05 15:08:08,738 - ADV_Generation_eps_8.0_steps_100_Added_Noise_uniform_Eps_16.0_Tau_Type_normal_anchors - INFO - Batch:[41] Adversarial images for this batch already exist
2026-02-05 15:08:09,074 - ADV_Generation_eps_8.0_steps_100_Added_Noise_uniform_Eps_16.0_Tau_Type_normal_anchors - INFO - Batch 42/3783: Clean accuracy 1.0000 | Adv accuracy: 0.0000 | Counter-attack accuracy: 0.0000
2026-02-05 15:08:09,075 - ADV_Generation_eps_8.0_steps_100_Added_Noise_uniform_Eps_16.0_Tau_Type_normal_anchors - INFO - Batch:[42] Adversarial images for this batch already exist
2026-02-05 15:08:09,421 - ADV_Generation_eps_8.0_steps_100_Added_Noise_uniform_Eps_16.0_Tau_Type_normal_anchors - INFO - Batch 43/3783: Clean accuracy 1.0000 | Adv accuracy: 0.0000 | Counter-attack accuracy: 0.0000
2026-02-05 15:08:09,424 - ADV_Generation_eps_8.0_steps_100_Added_Noise_uniform_Eps_16.0_Tau_Type_normal_anchors - INFO - Batch:[43] Adversarial images for this batch already exist
2026-02-05 15:08:09,757 - ADV_Generation_eps_8.0_steps_100_Added_Noise_uniform_Eps_16.0_Tau_Type_normal_anchors - INFO - Batch 44/3783: Clean accuracy 1.0000 | Adv accuracy: 0.0000 | Counter-attack accuracy: 0.0000
2026-02-05 15:08:09,759 - ADV_Generation_eps_8.0_steps_100_Added_Noise_uniform_Eps_16.0_Tau_Type_normal_anchors - INFO - Batch:[44] Adversarial images for this batch already exist
2026-02-05 15:08:10,102 - ADV_Generation_eps_8.0_steps_100_Added_Noise_uniform_Eps_16.0_Tau_Type_normal_anchors - INFO - Batch 45/3783: Clean accuracy 0.9778 | Adv accuracy: 0.0000 | Counter-attack accuracy: 0.0000
2026-02-05 15:08:10,103 - ADV_Generation_eps_8.0_steps_100_Added_Noise_uniform_Eps_16.0_Tau_Type_normal_anchors - INFO - Batch:[45] Adversarial images for this batch already exist
2026-02-05 15:08:10,471 - ADV_Generation_eps_8.0_steps_100_Added_Noise_uniform_Eps_16.0_Tau_Type_normal_anchors - INFO - Batch 46/3783: Clean accuracy 0.9783 | Adv accuracy: 0.0000 | Counter-attack accuracy: 0.0000
2026-02-05 15:08:10,475 - ADV_Generation_eps_8.0_steps_100_Added_Noise_uniform_Eps_16.0_Tau_Type_normal_anchors - INFO - Batch:[46] Adversarial images for this batch already exist
2026-02-05 15:08:10,806 - ADV_Generation_eps_8.0_steps_100_Added_Noise_uniform_Eps_16.0_Tau_Type_normal_anchors - INFO - Batch 47/3783: Clean accuracy 0.9574 | Adv accuracy: 0.0000 | Counter-attack accuracy: 0.0000
2026-02-05 15:08:10,808 - ADV_Generation_eps_8.0_steps_100_Added_Noise_uniform_Eps_16.0_Tau_Type_normal_anchors - INFO - Batch:[47] Adversarial images for this batch already exist
2026-02-05 15:08:11,167 - ADV_Generation_eps_8.0_steps_100_Added_Noise_uniform_Eps_16.0_Tau_Type_normal_anchors - INFO - Batch 48/3783: Clean accuracy 0.9375 | Adv accuracy: 0.0000 | Counter-attack accuracy: 0.0000
2026-02-05 15:08:11,169 - ADV_Generation_eps_8.0_steps_100_Added_Noise_uniform_Eps_16.0_Tau_Type_normal_anchors - INFO - Batch:[48] Adversarial images for this batch already exist
2026-02-05 15:08:11,499 - ADV_Generation_eps_8.0_steps_100_Added_Noise_uniform_Eps_16.0_Tau_Type_normal_anchors - INFO - Batch 49/3783: Clean accuracy 0.9388 | Adv accuracy: 0.0000 | Counter-attack accuracy: 0.0000
2026-02-05 15:08:11,500 - ADV_Generation_eps_8.0_steps_100_Added_Noise_uniform_Eps_16.0_Tau_Type_normal_anchors - INFO - Batch:[49] Adversarial images for this batch already exist
2026-02-05 15:08:11,838 - ADV_Generation_eps_8.0_steps_100_Added_Noise_uniform_Eps_16.0_Tau_Type_normal_anchors - INFO - Batch 50/3783: Clean accuracy 0.9400 | Adv accuracy: 0.0000 | Counter-attack accuracy: 0.0000
2026-02-05 15:08:11,840 - ADV_Generation_eps_8.0_steps_100_Added_Noise_uniform_Eps_16.0_Tau_Type_normal_anchors - INFO - Batch:[50] Adversarial images for this batch already exist
2026-02-05 15:08:12,176 - ADV_Generation_eps_8.0_steps_100_Added_Noise_uniform_Eps_16.0_Tau_Type_normal_anchors - INFO - Batch 51/3783: Clean accuracy 0.9412 | Adv accuracy: 0.0000 | Counter-attack accuracy: 0.0000
2026-02-05 15:08:12,177 - ADV_Generation_eps_8.0_steps_100_Added_Noise_uniform_Eps_16.0_Tau_Type_normal_anchors - INFO - Batch:[51] Adversarial images for this batch already exist
2026-02-05 15:08:12,524 - ADV_Generation_eps_8.0_steps_100_Added_Noise_uniform_Eps_16.0_Tau_Type_normal_anchors - INFO - Batch 52/3783: Clean accuracy 0.9423 | Adv accuracy: 0.0000 | Counter-attack accuracy: 0.0000
2026-02-05 15:08:12,527 - ADV_Generation_eps_8.0_steps_100_Added_Noise_uniform_Eps_16.0_Tau_Type_normal_anchors - INFO - Batch:[52] Adversarial images for this batch already exist
2026-02-05 15:08:12,861 - ADV_Generation_eps_8.0_steps_100_Added_Noise_uniform_Eps_16.0_Tau_Type_normal_anchors - INFO - Batch 53/3783: Clean accuracy 0.9434 | Adv accuracy: 0.0000 | Counter-attack accuracy: 0.0000
2026-02-05 15:08:12,863 - ADV_Generation_eps_8.0_steps_100_Added_Noise_uniform_Eps_16.0_Tau_Type_normal_anchors - INFO - Batch:[53] Adversarial images for this batch already exist
2026-02-05 15:08:13,311 - ADV_Generation_eps_8.0_steps_100_Added_Noise_uniform_Eps_16.0_Tau_Type_normal_anchors - INFO - Batch 54/3783: Clean accuracy 0.9259 | Adv accuracy: 0.0000 | Counter-attack accuracy: 0.0000
2026-02-05 15:08:13,313 - ADV_Generation_eps_8.0_steps_100_Added_Noise_uniform_Eps_16.0_Tau_Type_normal_anchors - INFO - Batch:[54] Adversarial images for this batch already exist
2026-02-05 15:08:13,651 - ADV_Generation_eps_8.0_steps_100_Added_Noise_uniform_Eps_16.0_Tau_Type_normal_anchors - INFO - Batch 55/3783: Clean accuracy 0.9091 | Adv accuracy: 0.0000 | Counter-attack accuracy: 0.0000
2026-02-05 15:08:13,653 - ADV_Generation_eps_8.0_steps_100_Added_Noise_uniform_Eps_16.0_Tau_Type_normal_anchors - INFO - Batch:[55] Adversarial images for this batch already exist
2026-02-05 15:08:14,003 - ADV_Generation_eps_8.0_steps_100_Added_Noise_uniform_Eps_16.0_Tau_Type_normal_anchors - INFO - Batch 56/3783: Clean accuracy 0.9107 | Adv accuracy: 0.0000 | Counter-attack accuracy: 0.0000
2026-02-05 15:08:14,004 - ADV_Generation_eps_8.0_steps_100_Added_Noise_uniform_Eps_16.0_Tau_Type_normal_anchors - INFO - Batch:[56] Adversarial images for this batch already exist
2026-02-05 15:08:14,852 - ADV_Generation_eps_8.0_steps_100_Added_Noise_uniform_Eps_16.0_Tau_Type_normal_anchors - INFO - Batch 57/3783: Clean accuracy 0.8947 | Adv accuracy: 0.0000 | Counter-attack accuracy: 0.0000
2026-02-05 15:08:14,881 - ADV_Generation_eps_8.0_steps_100_Added_Noise_uniform_Eps_16.0_Tau_Type_normal_anchors - INFO - Batch:[57] Adversarial images for this batch already exist
2026-02-05 15:08:15,218 - ADV_Generation_eps_8.0_steps_100_Added_Noise_uniform_Eps_16.0_Tau_Type_normal_anchors - INFO - Batch 58/3783: Clean accuracy 0.8793 | Adv accuracy: 0.0000 | Counter-attack accuracy: 0.0000
2026-02-05 15:08:15,219 - ADV_Generation_eps_8.0_steps_100_Added_Noise_uniform_Eps_16.0_Tau_Type_normal_anchors - INFO - Batch:[58] Adversarial images for this batch already exist
2026-02-05 15:08:15,558 - ADV_Generation_eps_8.0_steps_100_Added_Noise_uniform_Eps_16.0_Tau_Type_normal_anchors - INFO - Batch 59/3783: Clean accuracy 0.8814 | Adv accuracy: 0.0000 | Counter-attack accuracy: 0.0000
2026-02-05 15:08:15,560 - ADV_Generation_eps_8.0_steps_100_Added_Noise_uniform_Eps_16.0_Tau_Type_normal_anchors - INFO - Batch:[59] Adversarial images for this batch already exist
2026-02-05 15:08:15,894 - ADV_Generation_eps_8.0_steps_100_Added_Noise_uniform_Eps_16.0_Tau_Type_normal_anchors - INFO - Batch 60/3783: Clean accuracy 0.8667 | Adv accuracy: 0.0000 | Counter-attack accuracy: 0.0000
2026-02-05 15:08:15,898 - ADV_Generation_eps_8.0_steps_100_Added_Noise_uniform_Eps_16.0_Tau_Type_normal_anchors - INFO - Batch:[60] Adversarial images for this batch already exist
2026-02-05 15:08:16,234 - ADV_Generation_eps_8.0_steps_100_Added_Noise_uniform_Eps_16.0_Tau_Type_normal_anchors - INFO - Batch 61/3783: Clean accuracy 0.8525 | Adv accuracy: 0.0000 | Counter-attack accuracy: 0.0000
2026-02-05 15:08:16,235 - ADV_Generation_eps_8.0_steps_100_Added_Noise_uniform_Eps_16.0_Tau_Type_normal_anchors - INFO - Batch:[61] Adversarial images for this batch already exist
2026-02-05 15:08:16,576 - ADV_Generation_eps_8.0_steps_100_Added_Noise_uniform_Eps_16.0_Tau_Type_normal_anchors - INFO - Batch 62/3783: Clean accuracy 0.8387 | Adv accuracy: 0.0000 | Counter-attack accuracy: 0.0000
2026-02-05 15:08:16,578 - ADV_Generation_eps_8.0_steps_100_Added_Noise_uniform_Eps_16.0_Tau_Type_normal_anchors - INFO - Batch:[62] Adversarial images for this batch already exist
2026-02-05 15:08:16,912 - ADV_Generation_eps_8.0_steps_100_Added_Noise_uniform_Eps_16.0_Tau_Type_normal_anchors - INFO - Batch 63/3783: Clean accuracy 0.8413 | Adv accuracy: 0.0000 | Counter-attack accuracy: 0.0000
2026-02-05 15:08:16,914 - ADV_Generation_eps_8.0_steps_100_Added_Noise_uniform_Eps_16.0_Tau_Type_normal_anchors - INFO - Batch:[63] Adversarial images for this batch already exist
2026-02-05 15:08:17,255 - ADV_Generation_eps_8.0_steps_100_Added_Noise_uniform_Eps_16.0_Tau_Type_normal_anchors - INFO - Batch 64/3783: Clean accuracy 0.8281 | Adv accuracy: 0.0000 | Counter-attack accuracy: 0.0000
2026-02-05 15:08:17,258 - ADV_Generation_eps_8.0_steps_100_Added_Noise_uniform_Eps_16.0_Tau_Type_normal_anchors - INFO - Batch:[64] Adversarial images for this batch already exist
2026-02-05 15:08:17,599 - ADV_Generation_eps_8.0_steps_100_Added_Noise_uniform_Eps_16.0_Tau_Type_normal_anchors - INFO - Batch 65/3783: Clean accuracy 0.8308 | Adv accuracy: 0.0000 | Counter-attack accuracy: 0.0000
2026-02-05 15:08:17,600 - ADV_Generation_eps_8.0_steps_100_Added_Noise_uniform_Eps_16.0_Tau_Type_normal_anchors - INFO - Batch:[65] Adversarial images for this batch already exist
2026-02-05 15:08:17,936 - ADV_Generation_eps_8.0_steps_100_Added_Noise_uniform_Eps_16.0_Tau_Type_normal_anchors - INFO - Batch 66/3783: Clean accuracy 0.8182 | Adv accuracy: 0.0000 | Counter-attack accuracy: 0.0000
2026-02-05 15:08:17,937 - ADV_Generation_eps_8.0_steps_100_Added_Noise_uniform_Eps_16.0_Tau_Type_normal_anchors - INFO - Batch:[66] Adversarial images for this batch already exist
2026-02-05 15:08:18,292 - ADV_Generation_eps_8.0_steps_100_Added_Noise_uniform_Eps_16.0_Tau_Type_normal_anchors - INFO - Batch 67/3783: Clean accuracy 0.8060 | Adv accuracy: 0.0000 | Counter-attack accuracy: 0.0000
2026-02-05 15:08:18,293 - ADV_Generation_eps_8.0_steps_100_Added_Noise_uniform_Eps_16.0_Tau_Type_normal_anchors - INFO - Batch:[67] Adversarial images for this batch already exist
2026-02-05 15:08:18,630 - ADV_Generation_eps_8.0_steps_100_Added_Noise_uniform_Eps_16.0_Tau_Type_normal_anchors - INFO - Batch 68/3783: Clean accuracy 0.7941 | Adv accuracy: 0.0000 | Counter-attack accuracy: 0.0000
2026-02-05 15:08:18,633 - ADV_Generation_eps_8.0_steps_100_Added_Noise_uniform_Eps_16.0_Tau_Type_normal_anchors - INFO - Batch:[68] Adversarial images for this batch already exist
2026-02-05 15:08:18,968 - ADV_Generation_eps_8.0_steps_100_Added_Noise_uniform_Eps_16.0_Tau_Type_normal_anchors - INFO - Batch 69/3783: Clean accuracy 0.7971 | Adv accuracy: 0.0000 | Counter-attack accuracy: 0.0000
2026-02-05 15:08:18,969 - ADV_Generation_eps_8.0_steps_100_Added_Noise_uniform_Eps_16.0_Tau_Type_normal_anchors - INFO - Batch:[69] Adversarial images for this batch already exist
2026-02-05 15:08:19,305 - ADV_Generation_eps_8.0_steps_100_Added_Noise_uniform_Eps_16.0_Tau_Type_normal_anchors - INFO - Batch 70/3783: Clean accuracy 0.8000 | Adv accuracy: 0.0000 | Counter-attack accuracy: 0.0000
2026-02-05 15:08:19,306 - ADV_Generation_eps_8.0_steps_100_Added_Noise_uniform_Eps_16.0_Tau_Type_normal_anchors - INFO - Batch:[70] Adversarial images for this batch already exist
2026-02-05 15:08:19,666 - ADV_Generation_eps_8.0_steps_100_Added_Noise_uniform_Eps_16.0_Tau_Type_normal_anchors - INFO - Batch 71/3783: Clean accuracy 0.8028 | Adv accuracy: 0.0000 | Counter-attack accuracy: 0.0000
2026-02-05 15:08:19,668 - ADV_Generation_eps_8.0_steps_100_Added_Noise_uniform_Eps_16.0_Tau_Type_normal_anchors - INFO - Batch:[71] Adversarial images for this batch already exist
2026-02-05 15:08:20,010 - ADV_Generation_eps_8.0_steps_100_Added_Noise_uniform_Eps_16.0_Tau_Type_normal_anchors - INFO - Batch 72/3783: Clean accuracy 0.8056 | Adv accuracy: 0.0000 | Counter-attack accuracy: 0.0000
2026-02-05 15:08:20,011 - ADV_Generation_eps_8.0_steps_100_Added_Noise_uniform_Eps_16.0_Tau_Type_normal_anchors - INFO - Batch:[72] Adversarial images for this batch already exist
2026-02-05 15:08:20,347 - ADV_Generation_eps_8.0_steps_100_Added_Noise_uniform_Eps_16.0_Tau_Type_normal_anchors - INFO - Batch 73/3783: Clean accuracy 0.7945 | Adv accuracy: 0.0000 | Counter-attack accuracy: 0.0000
2026-02-05 15:08:20,350 - ADV_Generation_eps_8.0_steps_100_Added_Noise_uniform_Eps_16.0_Tau_Type_normal_anchors - INFO - Batch:[73] Adversarial images for this batch already exist
2026-02-05 15:08:20,681 - ADV_Generation_eps_8.0_steps_100_Added_Noise_uniform_Eps_16.0_Tau_Type_normal_anchors - INFO - Batch 74/3783: Clean accuracy 0.7838 | Adv accuracy: 0.0000 | Counter-attack accuracy: 0.0000
2026-02-05 15:08:20,685 - ADV_Generation_eps_8.0_steps_100_Added_Noise_uniform_Eps_16.0_Tau_Type_normal_anchors - INFO - Batch:[74] Adversarial images for this batch already exist
2026-02-05 15:08:21,040 - ADV_Generation_eps_8.0_steps_100_Added_Noise_uniform_Eps_16.0_Tau_Type_normal_anchors - INFO - Batch 75/3783: Clean accuracy 0.7733 | Adv accuracy: 0.0000 | Counter-attack accuracy: 0.0000
2026-02-05 15:08:21,042 - ADV_Generation_eps_8.0_steps_100_Added_Noise_uniform_Eps_16.0_Tau_Type_normal_anchors - INFO - Batch:[75] Adversarial images for this batch already exist
2026-02-05 15:08:21,400 - ADV_Generation_eps_8.0_steps_100_Added_Noise_uniform_Eps_16.0_Tau_Type_normal_anchors - INFO - Batch 76/3783: Clean accuracy 0.7632 | Adv accuracy: 0.0000 | Counter-attack accuracy: 0.0000
2026-02-05 15:08:21,402 - ADV_Generation_eps_8.0_steps_100_Added_Noise_uniform_Eps_16.0_Tau_Type_normal_anchors - INFO - Batch:[76] Adversarial images for this batch already exist
2026-02-05 15:08:21,725 - ADV_Generation_eps_8.0_steps_100_Added_Noise_uniform_Eps_16.0_Tau_Type_normal_anchors - INFO - Batch 77/3783: Clean accuracy 0.7662 | Adv accuracy: 0.0000 | Counter-attack accuracy: 0.0000
2026-02-05 15:08:21,730 - ADV_Generation_eps_8.0_steps_100_Added_Noise_uniform_Eps_16.0_Tau_Type_normal_anchors - INFO - Batch:[77] Adversarial images for this batch already exist
2026-02-05 15:08:22,092 - ADV_Generation_eps_8.0_steps_100_Added_Noise_uniform_Eps_16.0_Tau_Type_normal_anchors - INFO - Batch 78/3783: Clean accuracy 0.7692 | Adv accuracy: 0.0000 | Counter-attack accuracy: 0.0000
2026-02-05 15:08:22,095 - ADV_Generation_eps_8.0_steps_100_Added_Noise_uniform_Eps_16.0_Tau_Type_normal_anchors - INFO - Batch:[78] Adversarial images for this batch already exist
2026-02-05 15:08:22,435 - ADV_Generation_eps_8.0_steps_100_Added_Noise_uniform_Eps_16.0_Tau_Type_normal_anchors - INFO - Batch 79/3783: Clean accuracy 0.7722 | Adv accuracy: 0.0000 | Counter-attack accuracy: 0.0000
2026-02-05 15:08:22,437 - ADV_Generation_eps_8.0_steps_100_Added_Noise_uniform_Eps_16.0_Tau_Type_normal_anchors - INFO - Batch:[79] Adversarial images for this batch already exist
2026-02-05 15:08:22,781 - ADV_Generation_eps_8.0_steps_100_Added_Noise_uniform_Eps_16.0_Tau_Type_normal_anchors - INFO - Batch 80/3783: Clean accuracy 0.7750 | Adv accuracy: 0.0000 | Counter-attack accuracy: 0.0000
2026-02-05 15:08:22,782 - ADV_Generation_eps_8.0_steps_100_Added_Noise_uniform_Eps_16.0_Tau_Type_normal_anchors - INFO - Batch:[80] Adversarial images for this batch already exist
2026-02-05 15:08:23,120 - ADV_Generation_eps_8.0_steps_100_Added_Noise_uniform_Eps_16.0_Tau_Type_normal_anchors - INFO - Batch 81/3783: Clean accuracy 0.7778 | Adv accuracy: 0.0000 | Counter-attack accuracy: 0.0000
2026-02-05 15:08:23,123 - ADV_Generation_eps_8.0_steps_100_Added_Noise_uniform_Eps_16.0_Tau_Type_normal_anchors - INFO - Batch:[81] Adversarial images for this batch already exist
2026-02-05 15:08:23,485 - ADV_Generation_eps_8.0_steps_100_Added_Noise_uniform_Eps_16.0_Tau_Type_normal_anchors - INFO - Batch 82/3783: Clean accuracy 0.7805 | Adv accuracy: 0.0000 | Counter-attack accuracy: 0.0000
2026-02-05 15:08:23,488 - ADV_Generation_eps_8.0_steps_100_Added_Noise_uniform_Eps_16.0_Tau_Type_normal_anchors - INFO - Batch:[82] Adversarial images for this batch already exist
2026-02-05 15:08:23,858 - ADV_Generation_eps_8.0_steps_100_Added_Noise_uniform_Eps_16.0_Tau_Type_normal_anchors - INFO - Batch 83/3783: Clean accuracy 0.7831 | Adv accuracy: 0.0000 | Counter-attack accuracy: 0.0000
2026-02-05 15:08:23,860 - ADV_Generation_eps_8.0_steps_100_Added_Noise_uniform_Eps_16.0_Tau_Type_normal_anchors - INFO - Batch:[83] Adversarial images for this batch already exist
2026-02-05 15:08:24,197 - ADV_Generation_eps_8.0_steps_100_Added_Noise_uniform_Eps_16.0_Tau_Type_normal_anchors - INFO - Batch 84/3783: Clean accuracy 0.7857 | Adv accuracy: 0.0000 | Counter-attack accuracy: 0.0000
2026-02-05 15:08:24,199 - ADV_Generation_eps_8.0_steps_100_Added_Noise_uniform_Eps_16.0_Tau_Type_normal_anchors - INFO - Batch:[84] Adversarial images for this batch already exist
2026-02-05 15:08:24,530 - ADV_Generation_eps_8.0_steps_100_Added_Noise_uniform_Eps_16.0_Tau_Type_normal_anchors - INFO - Batch 85/3783: Clean accuracy 0.7882 | Adv accuracy: 0.0000 | Counter-attack accuracy: 0.0000
2026-02-05 15:08:24,532 - ADV_Generation_eps_8.0_steps_100_Added_Noise_uniform_Eps_16.0_Tau_Type_normal_anchors - INFO - Batch:[85] Adversarial images for this batch already exist
2026-02-05 15:08:24,883 - ADV_Generation_eps_8.0_steps_100_Added_Noise_uniform_Eps_16.0_Tau_Type_normal_anchors - INFO - Batch 86/3783: Clean accuracy 0.7907 | Adv accuracy: 0.0000 | Counter-attack accuracy: 0.0000
2026-02-05 15:08:24,886 - ADV_Generation_eps_8.0_steps_100_Added_Noise_uniform_Eps_16.0_Tau_Type_normal_anchors - INFO - Batch:[86] Adversarial images for this batch already exist
2026-02-05 15:08:25,239 - ADV_Generation_eps_8.0_steps_100_Added_Noise_uniform_Eps_16.0_Tau_Type_normal_anchors - INFO - Batch 87/3783: Clean accuracy 0.7931 | Adv accuracy: 0.0000 | Counter-attack accuracy: 0.0000
2026-02-05 15:08:25,241 - ADV_Generation_eps_8.0_steps_100_Added_Noise_uniform_Eps_16.0_Tau_Type_normal_anchors - INFO - Batch:[87] Adversarial images for this batch already exist
2026-02-05 15:08:25,605 - ADV_Generation_eps_8.0_steps_100_Added_Noise_uniform_Eps_16.0_Tau_Type_normal_anchors - INFO - Batch 88/3783: Clean accuracy 0.7955 | Adv accuracy: 0.0000 | Counter-attack accuracy: 0.0000
2026-02-05 15:08:25,607 - ADV_Generation_eps_8.0_steps_100_Added_Noise_uniform_Eps_16.0_Tau_Type_normal_anchors - INFO - Batch:[88] Adversarial images for this batch already exist
2026-02-05 15:08:25,948 - ADV_Generation_eps_8.0_steps_100_Added_Noise_uniform_Eps_16.0_Tau_Type_normal_anchors - INFO - Batch 89/3783: Clean accuracy 0.7978 | Adv accuracy: 0.0000 | Counter-attack accuracy: 0.0000
2026-02-05 15:08:25,950 - ADV_Generation_eps_8.0_steps_100_Added_Noise_uniform_Eps_16.0_Tau_Type_normal_anchors - INFO - Batch:[89] Adversarial images for this batch already exist
2026-02-05 15:08:26,287 - ADV_Generation_eps_8.0_steps_100_Added_Noise_uniform_Eps_16.0_Tau_Type_normal_anchors - INFO - Batch 90/3783: Clean accuracy 0.8000 | Adv accuracy: 0.0000 | Counter-attack accuracy: 0.0000
2026-02-05 15:08:26,290 - ADV_Generation_eps_8.0_steps_100_Added_Noise_uniform_Eps_16.0_Tau_Type_normal_anchors - INFO - Batch:[90] Adversarial images for this batch already exist
2026-02-05 15:08:26,630 - ADV_Generation_eps_8.0_steps_100_Added_Noise_uniform_Eps_16.0_Tau_Type_normal_anchors - INFO - Batch 91/3783: Clean accuracy 0.8022 | Adv accuracy: 0.0000 | Counter-attack accuracy: 0.0000
2026-02-05 15:08:26,631 - ADV_Generation_eps_8.0_steps_100_Added_Noise_uniform_Eps_16.0_Tau_Type_normal_anchors - INFO - Batch:[91] Adversarial images for this batch already exist
2026-02-05 15:08:26,968 - ADV_Generation_eps_8.0_steps_100_Added_Noise_uniform_Eps_16.0_Tau_Type_normal_anchors - INFO - Batch 92/3783: Clean accuracy 0.8043 | Adv accuracy: 0.0000 | Counter-attack accuracy: 0.0000
2026-02-05 15:08:26,970 - ADV_Generation_eps_8.0_steps_100_Added_Noise_uniform_Eps_16.0_Tau_Type_normal_anchors - INFO - Batch:[92] Adversarial images for this batch already exist
2026-02-05 15:08:27,309 - ADV_Generation_eps_8.0_steps_100_Added_Noise_uniform_Eps_16.0_Tau_Type_normal_anchors - INFO - Batch 93/3783: Clean accuracy 0.8065 | Adv accuracy: 0.0000 | Counter-attack accuracy: 0.0000
2026-02-05 15:08:27,311 - ADV_Generation_eps_8.0_steps_100_Added_Noise_uniform_Eps_16.0_Tau_Type_normal_anchors - INFO - Batch:[93] Adversarial images for this batch already exist
2026-02-05 15:08:27,649 - ADV_Generation_eps_8.0_steps_100_Added_Noise_uniform_Eps_16.0_Tau_Type_normal_anchors - INFO - Batch 94/3783: Clean accuracy 0.8085 | Adv accuracy: 0.0000 | Counter-attack accuracy: 0.0000
2026-02-05 15:08:27,651 - ADV_Generation_eps_8.0_steps_100_Added_Noise_uniform_Eps_16.0_Tau_Type_normal_anchors - INFO - Batch:[94] Adversarial images for this batch already exist
2026-02-05 15:08:28,005 - ADV_Generation_eps_8.0_steps_100_Added_Noise_uniform_Eps_16.0_Tau_Type_normal_anchors - INFO - Batch 95/3783: Clean accuracy 0.8105 | Adv accuracy: 0.0000 | Counter-attack accuracy: 0.0000
2026-02-05 15:08:28,006 - ADV_Generation_eps_8.0_steps_100_Added_Noise_uniform_Eps_16.0_Tau_Type_normal_anchors - INFO - Batch:[95] Adversarial images for this batch already exist
2026-02-05 15:08:28,339 - ADV_Generation_eps_8.0_steps_100_Added_Noise_uniform_Eps_16.0_Tau_Type_normal_anchors - INFO - Batch 96/3783: Clean accuracy 0.8125 | Adv accuracy: 0.0000 | Counter-attack accuracy: 0.0000
2026-02-05 15:08:28,340 - ADV_Generation_eps_8.0_steps_100_Added_Noise_uniform_Eps_16.0_Tau_Type_normal_anchors - INFO - Batch:[96] Adversarial images for this batch already exist
2026-02-05 15:08:28,694 - ADV_Generation_eps_8.0_steps_100_Added_Noise_uniform_Eps_16.0_Tau_Type_normal_anchors - INFO - Batch 97/3783: Clean accuracy 0.8144 | Adv accuracy: 0.0000 | Counter-attack accuracy: 0.0000
2026-02-05 15:08:28,696 - ADV_Generation_eps_8.0_steps_100_Added_Noise_uniform_Eps_16.0_Tau_Type_normal_anchors - INFO - Batch:[97] Adversarial images for this batch already exist
2026-02-05 15:08:29,035 - ADV_Generation_eps_8.0_steps_100_Added_Noise_uniform_Eps_16.0_Tau_Type_normal_anchors - INFO - Batch 98/3783: Clean accuracy 0.8163 | Adv accuracy: 0.0000 | Counter-attack accuracy: 0.0000
2026-02-05 15:08:29,036 - ADV_Generation_eps_8.0_steps_100_Added_Noise_uniform_Eps_16.0_Tau_Type_normal_anchors - INFO - Batch:[98] Adversarial images for this batch already exist
2026-02-05 15:08:29,384 - ADV_Generation_eps_8.0_steps_100_Added_Noise_uniform_Eps_16.0_Tau_Type_normal_anchors - INFO - Batch 99/3783: Clean accuracy 0.8182 | Adv accuracy: 0.0000 | Counter-attack accuracy: 0.0000
2026-02-05 15:08:29,386 - ADV_Generation_eps_8.0_steps_100_Added_Noise_uniform_Eps_16.0_Tau_Type_normal_anchors - INFO - Batch:[99] Adversarial images for this batch already exist
2026-02-05 15:08:29,773 - ADV_Generation_eps_8.0_steps_100_Added_Noise_uniform_Eps_16.0_Tau_Type_normal_anchors - INFO - Batch 100/3783: Clean accuracy 0.8200 | Adv accuracy: 0.0000 | Counter-attack accuracy: 0.0000
2026-02-05 15:08:29,776 - ADV_Generation_eps_8.0_steps_100_Added_Noise_uniform_Eps_16.0_Tau_Type_normal_anchors - INFO - Batch:[100] Adversarial images for this batch already exist
2026-02-05 15:08:30,111 - ADV_Generation_eps_8.0_steps_100_Added_Noise_uniform_Eps_16.0_Tau_Type_normal_anchors - INFO - Batch 101/3783: Clean accuracy 0.8218 | Adv accuracy: 0.0000 | Counter-attack accuracy: 0.0000
2026-02-05 15:08:30,112 - ADV_Generation_eps_8.0_steps_100_Added_Noise_uniform_Eps_16.0_Tau_Type_normal_anchors - INFO - Batch:[101] Adversarial images for this batch already exist
2026-02-05 15:08:30,450 - ADV_Generation_eps_8.0_steps_100_Added_Noise_uniform_Eps_16.0_Tau_Type_normal_anchors - INFO - Batch 102/3783: Clean accuracy 0.8235 | Adv accuracy: 0.0000 | Counter-attack accuracy: 0.0000
2026-02-05 15:08:30,451 - ADV_Generation_eps_8.0_steps_100_Added_Noise_uniform_Eps_16.0_Tau_Type_normal_anchors - INFO - Batch:[102] Adversarial images for this batch already exist
2026-02-05 15:08:30,791 - ADV_Generation_eps_8.0_steps_100_Added_Noise_uniform_Eps_16.0_Tau_Type_normal_anchors - INFO - Batch 103/3783: Clean accuracy 0.8252 | Adv accuracy: 0.0000 | Counter-attack accuracy: 0.0000
2026-02-05 15:08:30,792 - ADV_Generation_eps_8.0_steps_100_Added_Noise_uniform_Eps_16.0_Tau_Type_normal_anchors - INFO - Batch:[103] Adversarial images for this batch already exist
2026-02-05 15:08:31,133 - ADV_Generation_eps_8.0_steps_100_Added_Noise_uniform_Eps_16.0_Tau_Type_normal_anchors - INFO - Batch 104/3783: Clean accuracy 0.8269 | Adv accuracy: 0.0000 | Counter-attack accuracy: 0.0000
2026-02-05 15:08:31,139 - ADV_Generation_eps_8.0_steps_100_Added_Noise_uniform_Eps_16.0_Tau_Type_normal_anchors - INFO - Batch:[104] Adversarial images for this batch already exist
2026-02-05 15:08:31,471 - ADV_Generation_eps_8.0_steps_100_Added_Noise_uniform_Eps_16.0_Tau_Type_normal_anchors - INFO - Batch 105/3783: Clean accuracy 0.8286 | Adv accuracy: 0.0000 | Counter-attack accuracy: 0.0000
2026-02-05 15:08:31,474 - ADV_Generation_eps_8.0_steps_100_Added_Noise_uniform_Eps_16.0_Tau_Type_normal_anchors - INFO - Batch:[105] Adversarial images for this batch already exist
2026-02-05 15:08:31,819 - ADV_Generation_eps_8.0_steps_100_Added_Noise_uniform_Eps_16.0_Tau_Type_normal_anchors - INFO - Batch 106/3783: Clean accuracy 0.8208 | Adv accuracy: 0.0000 | Counter-attack accuracy: 0.0000
2026-02-05 15:08:31,823 - ADV_Generation_eps_8.0_steps_100_Added_Noise_uniform_Eps_16.0_Tau_Type_normal_anchors - INFO - Batch:[106] Adversarial images for this batch already exist
2026-02-05 15:08:32,168 - ADV_Generation_eps_8.0_steps_100_Added_Noise_uniform_Eps_16.0_Tau_Type_normal_anchors - INFO - Batch 107/3783: Clean accuracy 0.8224 | Adv accuracy: 0.0000 | Counter-attack accuracy: 0.0000
2026-02-05 15:08:32,169 - ADV_Generation_eps_8.0_steps_100_Added_Noise_uniform_Eps_16.0_Tau_Type_normal_anchors - INFO - Batch:[107] Adversarial images for this batch already exist
2026-02-05 15:08:32,509 - ADV_Generation_eps_8.0_steps_100_Added_Noise_uniform_Eps_16.0_Tau_Type_normal_anchors - INFO - Batch 108/3783: Clean accuracy 0.8241 | Adv accuracy: 0.0000 | Counter-attack accuracy: 0.0000
2026-02-05 15:08:32,511 - ADV_Generation_eps_8.0_steps_100_Added_Noise_uniform_Eps_16.0_Tau_Type_normal_anchors - INFO - Batch:[108] Adversarial images for this batch already exist
2026-02-05 15:08:32,863 - ADV_Generation_eps_8.0_steps_100_Added_Noise_uniform_Eps_16.0_Tau_Type_normal_anchors - INFO - Batch 109/3783: Clean accuracy 0.8257 | Adv accuracy: 0.0000 | Counter-attack accuracy: 0.0000
2026-02-05 15:08:32,865 - ADV_Generation_eps_8.0_steps_100_Added_Noise_uniform_Eps_16.0_Tau_Type_normal_anchors - INFO - Batch:[109] Adversarial images for this batch already exist
2026-02-05 15:08:33,322 - ADV_Generation_eps_8.0_steps_100_Added_Noise_uniform_Eps_16.0_Tau_Type_normal_anchors - INFO - Batch 110/3783: Clean accuracy 0.8273 | Adv accuracy: 0.0000 | Counter-attack accuracy: 0.0000
2026-02-05 15:08:33,325 - ADV_Generation_eps_8.0_steps_100_Added_Noise_uniform_Eps_16.0_Tau_Type_normal_anchors - INFO - Batch:[110] Adversarial images for this batch already exist
2026-02-05 15:08:33,662 - ADV_Generation_eps_8.0_steps_100_Added_Noise_uniform_Eps_16.0_Tau_Type_normal_anchors - INFO - Batch 111/3783: Clean accuracy 0.8288 | Adv accuracy: 0.0000 | Counter-attack accuracy: 0.0000
2026-02-05 15:08:33,665 - ADV_Generation_eps_8.0_steps_100_Added_Noise_uniform_Eps_16.0_Tau_Type_normal_anchors - INFO - Batch:[111] Adversarial images for this batch already exist
2026-02-05 15:08:34,003 - ADV_Generation_eps_8.0_steps_100_Added_Noise_uniform_Eps_16.0_Tau_Type_normal_anchors - INFO - Batch 112/3783: Clean accuracy 0.8304 | Adv accuracy: 0.0000 | Counter-attack accuracy: 0.0000
2026-02-05 15:08:34,004 - ADV_Generation_eps_8.0_steps_100_Added_Noise_uniform_Eps_16.0_Tau_Type_normal_anchors - INFO - Batch:[112] Adversarial images for this batch already exist
2026-02-05 15:08:34,333 - ADV_Generation_eps_8.0_steps_100_Added_Noise_uniform_Eps_16.0_Tau_Type_normal_anchors - INFO - Batch 113/3783: Clean accuracy 0.8319 | Adv accuracy: 0.0000 | Counter-attack accuracy: 0.0000
2026-02-05 15:08:34,336 - ADV_Generation_eps_8.0_steps_100_Added_Noise_uniform_Eps_16.0_Tau_Type_normal_anchors - INFO - Batch:[113] Adversarial images for this batch already exist
2026-02-05 15:08:34,670 - ADV_Generation_eps_8.0_steps_100_Added_Noise_uniform_Eps_16.0_Tau_Type_normal_anchors - INFO - Batch 114/3783: Clean accuracy 0.8333 | Adv accuracy: 0.0000 | Counter-attack accuracy: 0.0000
2026-02-05 15:08:34,671 - ADV_Generation_eps_8.0_steps_100_Added_Noise_uniform_Eps_16.0_Tau_Type_normal_anchors - INFO - Batch:[114] Adversarial images for this batch already exist
2026-02-05 15:08:35,035 - ADV_Generation_eps_8.0_steps_100_Added_Noise_uniform_Eps_16.0_Tau_Type_normal_anchors - INFO - Batch 115/3783: Clean accuracy 0.8348 | Adv accuracy: 0.0000 | Counter-attack accuracy: 0.0000
2026-02-05 15:08:35,037 - ADV_Generation_eps_8.0_steps_100_Added_Noise_uniform_Eps_16.0_Tau_Type_normal_anchors - INFO - Batch:[115] Adversarial images for this batch already exist
2026-02-05 15:08:35,377 - ADV_Generation_eps_8.0_steps_100_Added_Noise_uniform_Eps_16.0_Tau_Type_normal_anchors - INFO - Batch 116/3783: Clean accuracy 0.8362 | Adv accuracy: 0.0000 | Counter-attack accuracy: 0.0000
2026-02-05 15:08:35,378 - ADV_Generation_eps_8.0_steps_100_Added_Noise_uniform_Eps_16.0_Tau_Type_normal_anchors - INFO - Batch:[116] Adversarial images for this batch already exist
2026-02-05 15:08:35,722 - ADV_Generation_eps_8.0_steps_100_Added_Noise_uniform_Eps_16.0_Tau_Type_normal_anchors - INFO - Batch 117/3783: Clean accuracy 0.8291 | Adv accuracy: 0.0000 | Counter-attack accuracy: 0.0000
2026-02-05 15:08:35,723 - ADV_Generation_eps_8.0_steps_100_Added_Noise_uniform_Eps_16.0_Tau_Type_normal_anchors - INFO - Batch:[117] Adversarial images for this batch already exist
2026-02-05 15:08:36,060 - ADV_Generation_eps_8.0_steps_100_Added_Noise_uniform_Eps_16.0_Tau_Type_normal_anchors - INFO - Batch 118/3783: Clean accuracy 0.8305 | Adv accuracy: 0.0000 | Counter-attack accuracy: 0.0000
2026-02-05 15:08:36,061 - ADV_Generation_eps_8.0_steps_100_Added_Noise_uniform_Eps_16.0_Tau_Type_normal_anchors - INFO - Batch:[118] Adversarial images for this batch already exist
2026-02-05 15:08:36,406 - ADV_Generation_eps_8.0_steps_100_Added_Noise_uniform_Eps_16.0_Tau_Type_normal_anchors - INFO - Batch 119/3783: Clean accuracy 0.8319 | Adv accuracy: 0.0000 | Counter-attack accuracy: 0.0000
2026-02-05 15:08:36,407 - ADV_Generation_eps_8.0_steps_100_Added_Noise_uniform_Eps_16.0_Tau_Type_normal_anchors - INFO - Batch:[119] Adversarial images for this batch already exist
2026-02-05 15:08:36,747 - ADV_Generation_eps_8.0_steps_100_Added_Noise_uniform_Eps_16.0_Tau_Type_normal_anchors - INFO - Batch 120/3783: Clean accuracy 0.8333 | Adv accuracy: 0.0000 | Counter-attack accuracy: 0.0000
2026-02-05 15:08:36,748 - ADV_Generation_eps_8.0_steps_100_Added_Noise_uniform_Eps_16.0_Tau_Type_normal_anchors - INFO - Batch:[120] Adversarial images for this batch already exist
2026-02-05 15:08:37,086 - ADV_Generation_eps_8.0_steps_100_Added_Noise_uniform_Eps_16.0_Tau_Type_normal_anchors - INFO - Batch 121/3783: Clean accuracy 0.8347 | Adv accuracy: 0.0000 | Counter-attack accuracy: 0.0000
2026-02-05 15:08:37,089 - ADV_Generation_eps_8.0_steps_100_Added_Noise_uniform_Eps_16.0_Tau_Type_normal_anchors - INFO - Batch:[121] Adversarial images for this batch already exist
2026-02-05 15:08:37,417 - ADV_Generation_eps_8.0_steps_100_Added_Noise_uniform_Eps_16.0_Tau_Type_normal_anchors - INFO - Batch 122/3783: Clean accuracy 0.8361 | Adv accuracy: 0.0000 | Counter-attack accuracy: 0.0000
2026-02-05 15:08:37,419 - ADV_Generation_eps_8.0_steps_100_Added_Noise_uniform_Eps_16.0_Tau_Type_normal_anchors - INFO - Batch:[122] Adversarial images for this batch already exist
2026-02-05 15:08:37,756 - ADV_Generation_eps_8.0_steps_100_Added_Noise_uniform_Eps_16.0_Tau_Type_normal_anchors - INFO - Batch 123/3783: Clean accuracy 0.8374 | Adv accuracy: 0.0000 | Counter-attack accuracy: 0.0000
2026-02-05 15:08:37,761 - ADV_Generation_eps_8.0_steps_100_Added_Noise_uniform_Eps_16.0_Tau_Type_normal_anchors - INFO - Batch:[123] Adversarial images for this batch already exist
2026-02-05 15:08:38,093 - ADV_Generation_eps_8.0_steps_100_Added_Noise_uniform_Eps_16.0_Tau_Type_normal_anchors - INFO - Batch 124/3783: Clean accuracy 0.8387 | Adv accuracy: 0.0000 | Counter-attack accuracy: 0.0000
2026-02-05 15:08:38,095 - ADV_Generation_eps_8.0_steps_100_Added_Noise_uniform_Eps_16.0_Tau_Type_normal_anchors - INFO - Batch:[124] Adversarial images for this batch already exist
2026-02-05 15:08:38,437 - ADV_Generation_eps_8.0_steps_100_Added_Noise_uniform_Eps_16.0_Tau_Type_normal_anchors - INFO - Batch 125/3783: Clean accuracy 0.8400 | Adv accuracy: 0.0000 | Counter-attack accuracy: 0.0000
2026-02-05 15:08:38,438 - ADV_Generation_eps_8.0_steps_100_Added_Noise_uniform_Eps_16.0_Tau_Type_normal_anchors - INFO - Batch:[125] Adversarial images for this batch already exist
2026-02-05 15:08:38,777 - ADV_Generation_eps_8.0_steps_100_Added_Noise_uniform_Eps_16.0_Tau_Type_normal_anchors - INFO - Batch 126/3783: Clean accuracy 0.8413 | Adv accuracy: 0.0000 | Counter-attack accuracy: 0.0000
2026-02-05 15:08:38,777 - ADV_Generation_eps_8.0_steps_100_Added_Noise_uniform_Eps_16.0_Tau_Type_normal_anchors - INFO - Batch:[126] Adversarial images for this batch already exist
2026-02-05 15:08:39,118 - ADV_Generation_eps_8.0_steps_100_Added_Noise_uniform_Eps_16.0_Tau_Type_normal_anchors - INFO - Batch 127/3783: Clean accuracy 0.8425 | Adv accuracy: 0.0000 | Counter-attack accuracy: 0.0000
2026-02-05 15:08:39,119 - ADV_Generation_eps_8.0_steps_100_Added_Noise_uniform_Eps_16.0_Tau_Type_normal_anchors - INFO - Batch:[127] Adversarial images for this batch already exist
2026-02-05 15:08:39,480 - ADV_Generation_eps_8.0_steps_100_Added_Noise_uniform_Eps_16.0_Tau_Type_normal_anchors - INFO - Batch 128/3783: Clean accuracy 0.8438 | Adv accuracy: 0.0000 | Counter-attack accuracy: 0.0000
2026-02-05 15:08:39,483 - ADV_Generation_eps_8.0_steps_100_Added_Noise_uniform_Eps_16.0_Tau_Type_normal_anchors - INFO - Batch:[128] Adversarial images for this batch already exist
2026-02-05 15:08:39,820 - ADV_Generation_eps_8.0_steps_100_Added_Noise_uniform_Eps_16.0_Tau_Type_normal_anchors - INFO - Batch 129/3783: Clean accuracy 0.8450 | Adv accuracy: 0.0000 | Counter-attack accuracy: 0.0000
2026-02-05 15:08:39,821 - ADV_Generation_eps_8.0_steps_100_Added_Noise_uniform_Eps_16.0_Tau_Type_normal_anchors - INFO - Batch:[129] Adversarial images for this batch already exist
2026-02-05 15:08:40,155 - ADV_Generation_eps_8.0_steps_100_Added_Noise_uniform_Eps_16.0_Tau_Type_normal_anchors - INFO - Batch 130/3783: Clean accuracy 0.8462 | Adv accuracy: 0.0000 | Counter-attack accuracy: 0.0000
2026-02-05 15:08:40,157 - ADV_Generation_eps_8.0_steps_100_Added_Noise_uniform_Eps_16.0_Tau_Type_normal_anchors - INFO - Batch:[130] Adversarial images for this batch already exist
2026-02-05 15:08:40,492 - ADV_Generation_eps_8.0_steps_100_Added_Noise_uniform_Eps_16.0_Tau_Type_normal_anchors - INFO - Batch 131/3783: Clean accuracy 0.8473 | Adv accuracy: 0.0000 | Counter-attack accuracy: 0.0000
2026-02-05 15:08:40,493 - ADV_Generation_eps_8.0_steps_100_Added_Noise_uniform_Eps_16.0_Tau_Type_normal_anchors - INFO - Batch:[131] Adversarial images for this batch already exist
2026-02-05 15:08:40,847 - ADV_Generation_eps_8.0_steps_100_Added_Noise_uniform_Eps_16.0_Tau_Type_normal_anchors - INFO - Batch 132/3783: Clean accuracy 0.8485 | Adv accuracy: 0.0000 | Counter-attack accuracy: 0.0000
2026-02-05 15:08:40,849 - ADV_Generation_eps_8.0_steps_100_Added_Noise_uniform_Eps_16.0_Tau_Type_normal_anchors - INFO - Batch:[132] Adversarial images for this batch already exist
2026-02-05 15:08:41,180 - ADV_Generation_eps_8.0_steps_100_Added_Noise_uniform_Eps_16.0_Tau_Type_normal_anchors - INFO - Batch 133/3783: Clean accuracy 0.8496 | Adv accuracy: 0.0000 | Counter-attack accuracy: 0.0000
2026-02-05 15:08:41,181 - ADV_Generation_eps_8.0_steps_100_Added_Noise_uniform_Eps_16.0_Tau_Type_normal_anchors - INFO - Batch:[133] Adversarial images for this batch already exist
2026-02-05 15:08:41,538 - ADV_Generation_eps_8.0_steps_100_Added_Noise_uniform_Eps_16.0_Tau_Type_normal_anchors - INFO - Batch 134/3783: Clean accuracy 0.8507 | Adv accuracy: 0.0000 | Counter-attack accuracy: 0.0075
2026-02-05 15:08:41,539 - ADV_Generation_eps_8.0_steps_100_Added_Noise_uniform_Eps_16.0_Tau_Type_normal_anchors - INFO - Batch:[134] Adversarial images for this batch already exist
2026-02-05 15:08:41,889 - ADV_Generation_eps_8.0_steps_100_Added_Noise_uniform_Eps_16.0_Tau_Type_normal_anchors - INFO - Batch 135/3783: Clean accuracy 0.8519 | Adv accuracy: 0.0000 | Counter-attack accuracy: 0.0074
2026-02-05 15:08:41,891 - ADV_Generation_eps_8.0_steps_100_Added_Noise_uniform_Eps_16.0_Tau_Type_normal_anchors - INFO - Batch:[135] Adversarial images for this batch already exist
2026-02-05 15:08:42,230 - ADV_Generation_eps_8.0_steps_100_Added_Noise_uniform_Eps_16.0_Tau_Type_normal_anchors - INFO - Batch 136/3783: Clean accuracy 0.8529 | Adv accuracy: 0.0000 | Counter-attack accuracy: 0.0074
2026-02-05 15:08:42,232 - ADV_Generation_eps_8.0_steps_100_Added_Noise_uniform_Eps_16.0_Tau_Type_normal_anchors - INFO - Batch:[136] Adversarial images for this batch already exist
2026-02-05 15:08:42,569 - ADV_Generation_eps_8.0_steps_100_Added_Noise_uniform_Eps_16.0_Tau_Type_normal_anchors - INFO - Batch 137/3783: Clean accuracy 0.8540 | Adv accuracy: 0.0000 | Counter-attack accuracy: 0.0073
2026-02-05 15:08:42,571 - ADV_Generation_eps_8.0_steps_100_Added_Noise_uniform_Eps_16.0_Tau_Type_normal_anchors - INFO - Batch:[137] Adversarial images for this batch already exist
2026-02-05 15:08:42,906 - ADV_Generation_eps_8.0_steps_100_Added_Noise_uniform_Eps_16.0_Tau_Type_normal_anchors - INFO - Batch 138/3783: Clean accuracy 0.8551 | Adv accuracy: 0.0000 | Counter-attack accuracy: 0.0145
2026-02-05 15:08:42,909 - ADV_Generation_eps_8.0_steps_100_Added_Noise_uniform_Eps_16.0_Tau_Type_normal_anchors - INFO - Batch:[138] Adversarial images for this batch already exist
2026-02-05 15:08:43,247 - ADV_Generation_eps_8.0_steps_100_Added_Noise_uniform_Eps_16.0_Tau_Type_normal_anchors - INFO - Batch 139/3783: Clean accuracy 0.8561 | Adv accuracy: 0.0000 | Counter-attack accuracy: 0.0216
2026-02-05 15:08:43,249 - ADV_Generation_eps_8.0_steps_100_Added_Noise_uniform_Eps_16.0_Tau_Type_normal_anchors - INFO - Batch:[139] Adversarial images for this batch already exist
2026-02-05 15:08:43,579 - ADV_Generation_eps_8.0_steps_100_Added_Noise_uniform_Eps_16.0_Tau_Type_normal_anchors - INFO - Batch 140/3783: Clean accuracy 0.8571 | Adv accuracy: 0.0000 | Counter-attack accuracy: 0.0214
2026-02-05 15:08:43,581 - ADV_Generation_eps_8.0_steps_100_Added_Noise_uniform_Eps_16.0_Tau_Type_normal_anchors - INFO - Batch:[140] Adversarial images for this batch already exist
2026-02-05 15:08:43,924 - ADV_Generation_eps_8.0_steps_100_Added_Noise_uniform_Eps_16.0_Tau_Type_normal_anchors - INFO - Batch 141/3783: Clean accuracy 0.8582 | Adv accuracy: 0.0000 | Counter-attack accuracy: 0.0213
2026-02-05 15:08:43,925 - ADV_Generation_eps_8.0_steps_100_Added_Noise_uniform_Eps_16.0_Tau_Type_normal_anchors - INFO - Batch:[141] Adversarial images for this batch already exist
2026-02-05 15:08:44,258 - ADV_Generation_eps_8.0_steps_100_Added_Noise_uniform_Eps_16.0_Tau_Type_normal_anchors - INFO - Batch 142/3783: Clean accuracy 0.8592 | Adv accuracy: 0.0000 | Counter-attack accuracy: 0.0211
2026-02-05 15:08:44,259 - ADV_Generation_eps_8.0_steps_100_Added_Noise_uniform_Eps_16.0_Tau_Type_normal_anchors - INFO - Batch:[142] Adversarial images for this batch already exist
2026-02-05 15:08:44,606 - ADV_Generation_eps_8.0_steps_100_Added_Noise_uniform_Eps_16.0_Tau_Type_normal_anchors - INFO - Batch 143/3783: Clean accuracy 0.8601 | Adv accuracy: 0.0000 | Counter-attack accuracy: 0.0210
2026-02-05 15:08:44,608 - ADV_Generation_eps_8.0_steps_100_Added_Noise_uniform_Eps_16.0_Tau_Type_normal_anchors - INFO - Batch:[143] Adversarial images for this batch already exist
2026-02-05 15:08:44,948 - ADV_Generation_eps_8.0_steps_100_Added_Noise_uniform_Eps_16.0_Tau_Type_normal_anchors - INFO - Batch 144/3783: Clean accuracy 0.8611 | Adv accuracy: 0.0000 | Counter-attack accuracy: 0.0208
2026-02-05 15:08:44,950 - ADV_Generation_eps_8.0_steps_100_Added_Noise_uniform_Eps_16.0_Tau_Type_normal_anchors - INFO - Batch:[144] Adversarial images for this batch already exist
2026-02-05 15:08:45,282 - ADV_Generation_eps_8.0_steps_100_Added_Noise_uniform_Eps_16.0_Tau_Type_normal_anchors - INFO - Batch 145/3783: Clean accuracy 0.8621 | Adv accuracy: 0.0000 | Counter-attack accuracy: 0.0207
2026-02-05 15:08:45,284 - ADV_Generation_eps_8.0_steps_100_Added_Noise_uniform_Eps_16.0_Tau_Type_normal_anchors - INFO - Batch:[145] Adversarial images for this batch already exist
2026-02-05 15:08:45,616 - ADV_Generation_eps_8.0_steps_100_Added_Noise_uniform_Eps_16.0_Tau_Type_normal_anchors - INFO - Batch 146/3783: Clean accuracy 0.8630 | Adv accuracy: 0.0000 | Counter-attack accuracy: 0.0205
2026-02-05 15:08:45,617 - ADV_Generation_eps_8.0_steps_100_Added_Noise_uniform_Eps_16.0_Tau_Type_normal_anchors - INFO - Batch:[146] Adversarial images for this batch already exist
2026-02-05 15:08:45,989 - ADV_Generation_eps_8.0_steps_100_Added_Noise_uniform_Eps_16.0_Tau_Type_normal_anchors - INFO - Batch 147/3783: Clean accuracy 0.8639 | Adv accuracy: 0.0000 | Counter-attack accuracy: 0.0204
2026-02-05 15:08:45,991 - ADV_Generation_eps_8.0_steps_100_Added_Noise_uniform_Eps_16.0_Tau_Type_normal_anchors - INFO - Batch:[147] Adversarial images for this batch already exist
2026-02-05 15:08:46,327 - ADV_Generation_eps_8.0_steps_100_Added_Noise_uniform_Eps_16.0_Tau_Type_normal_anchors - INFO - Batch 148/3783: Clean accuracy 0.8649 | Adv accuracy: 0.0000 | Counter-attack accuracy: 0.0203
2026-02-05 15:08:46,329 - ADV_Generation_eps_8.0_steps_100_Added_Noise_uniform_Eps_16.0_Tau_Type_normal_anchors - INFO - Batch:[148] Adversarial images for this batch already exist
2026-02-05 15:08:46,672 - ADV_Generation_eps_8.0_steps_100_Added_Noise_uniform_Eps_16.0_Tau_Type_normal_anchors - INFO - Batch 149/3783: Clean accuracy 0.8658 | Adv accuracy: 0.0000 | Counter-attack accuracy: 0.0201
2026-02-05 15:08:46,674 - ADV_Generation_eps_8.0_steps_100_Added_Noise_uniform_Eps_16.0_Tau_Type_normal_anchors - INFO - Batch:[149] Adversarial images for this batch already exist
2026-02-05 15:08:47,008 - ADV_Generation_eps_8.0_steps_100_Added_Noise_uniform_Eps_16.0_Tau_Type_normal_anchors - INFO - Batch 150/3783: Clean accuracy 0.8667 | Adv accuracy: 0.0000 | Counter-attack accuracy: 0.0200
2026-02-05 15:08:47,010 - ADV_Generation_eps_8.0_steps_100_Added_Noise_uniform_Eps_16.0_Tau_Type_normal_anchors - INFO - Batch:[150] Adversarial images for this batch already exist
2026-02-05 15:08:47,355 - ADV_Generation_eps_8.0_steps_100_Added_Noise_uniform_Eps_16.0_Tau_Type_normal_anchors - INFO - Batch 151/3783: Clean accuracy 0.8675 | Adv accuracy: 0.0000 | Counter-attack accuracy: 0.0199
2026-02-05 15:08:47,356 - ADV_Generation_eps_8.0_steps_100_Added_Noise_uniform_Eps_16.0_Tau_Type_normal_anchors - INFO - Batch:[151] Adversarial images for this batch already exist
2026-02-05 15:08:47,701 - ADV_Generation_eps_8.0_steps_100_Added_Noise_uniform_Eps_16.0_Tau_Type_normal_anchors - INFO - Batch 152/3783: Clean accuracy 0.8684 | Adv accuracy: 0.0000 | Counter-attack accuracy: 0.0197
2026-02-05 15:08:47,702 - ADV_Generation_eps_8.0_steps_100_Added_Noise_uniform_Eps_16.0_Tau_Type_normal_anchors - INFO - Batch:[152] Adversarial images for this batch already exist
2026-02-05 15:08:48,041 - ADV_Generation_eps_8.0_steps_100_Added_Noise_uniform_Eps_16.0_Tau_Type_normal_anchors - INFO - Batch 153/3783: Clean accuracy 0.8627 | Adv accuracy: 0.0000 | Counter-attack accuracy: 0.0196
2026-02-05 15:08:48,043 - ADV_Generation_eps_8.0_steps_100_Added_Noise_uniform_Eps_16.0_Tau_Type_normal_anchors - INFO - Batch:[153] Adversarial images for this batch already exist
2026-02-05 15:08:48,379 - ADV_Generation_eps_8.0_steps_100_Added_Noise_uniform_Eps_16.0_Tau_Type_normal_anchors - INFO - Batch 154/3783: Clean accuracy 0.8571 | Adv accuracy: 0.0000 | Counter-attack accuracy: 0.0195
2026-02-05 15:08:48,382 - ADV_Generation_eps_8.0_steps_100_Added_Noise_uniform_Eps_16.0_Tau_Type_normal_anchors - INFO - Batch:[154] Adversarial images for this batch already exist
2026-02-05 15:08:48,719 - ADV_Generation_eps_8.0_steps_100_Added_Noise_uniform_Eps_16.0_Tau_Type_normal_anchors - INFO - Batch 155/3783: Clean accuracy 0.8516 | Adv accuracy: 0.0000 | Counter-attack accuracy: 0.0194
2026-02-05 15:08:48,721 - ADV_Generation_eps_8.0_steps_100_Added_Noise_uniform_Eps_16.0_Tau_Type_normal_anchors - INFO - Batch:[155] Adversarial images for this batch already exist
2026-02-05 15:08:49,059 - ADV_Generation_eps_8.0_steps_100_Added_Noise_uniform_Eps_16.0_Tau_Type_normal_anchors - INFO - Batch 156/3783: Clean accuracy 0.8462 | Adv accuracy: 0.0000 | Counter-attack accuracy: 0.0192
2026-02-05 15:08:49,061 - ADV_Generation_eps_8.0_steps_100_Added_Noise_uniform_Eps_16.0_Tau_Type_normal_anchors - INFO - Batch:[156] Adversarial images for this batch already exist
2026-02-05 15:08:49,403 - ADV_Generation_eps_8.0_steps_100_Added_Noise_uniform_Eps_16.0_Tau_Type_normal_anchors - INFO - Batch 157/3783: Clean accuracy 0.8408 | Adv accuracy: 0.0000 | Counter-attack accuracy: 0.0191
2026-02-05 15:08:49,405 - ADV_Generation_eps_8.0_steps_100_Added_Noise_uniform_Eps_16.0_Tau_Type_normal_anchors - INFO - Batch:[157] Adversarial images for this batch already exist
2026-02-05 15:08:49,742 - ADV_Generation_eps_8.0_steps_100_Added_Noise_uniform_Eps_16.0_Tau_Type_normal_anchors - INFO - Batch 158/3783: Clean accuracy 0.8354 | Adv accuracy: 0.0000 | Counter-attack accuracy: 0.0190
2026-02-05 15:08:49,745 - ADV_Generation_eps_8.0_steps_100_Added_Noise_uniform_Eps_16.0_Tau_Type_normal_anchors - INFO - Batch:[158] Adversarial images for this batch already exist
2026-02-05 15:08:50,087 - ADV_Generation_eps_8.0_steps_100_Added_Noise_uniform_Eps_16.0_Tau_Type_normal_anchors - INFO - Batch 159/3783: Clean accuracy 0.8365 | Adv accuracy: 0.0000 | Counter-attack accuracy: 0.0189
2026-02-05 15:08:50,090 - ADV_Generation_eps_8.0_steps_100_Added_Noise_uniform_Eps_16.0_Tau_Type_normal_anchors - INFO - Batch:[159] Adversarial images for this batch already exist
2026-02-05 15:08:50,428 - ADV_Generation_eps_8.0_steps_100_Added_Noise_uniform_Eps_16.0_Tau_Type_normal_anchors - INFO - Batch 160/3783: Clean accuracy 0.8313 | Adv accuracy: 0.0000 | Counter-attack accuracy: 0.0187
2026-02-05 15:08:50,430 - ADV_Generation_eps_8.0_steps_100_Added_Noise_uniform_Eps_16.0_Tau_Type_normal_anchors - INFO - Batch:[160] Adversarial images for this batch already exist
2026-02-05 15:08:50,771 - ADV_Generation_eps_8.0_steps_100_Added_Noise_uniform_Eps_16.0_Tau_Type_normal_anchors - INFO - Batch 161/3783: Clean accuracy 0.8323 | Adv accuracy: 0.0000 | Counter-attack accuracy: 0.0186
2026-02-05 15:08:50,774 - ADV_Generation_eps_8.0_steps_100_Added_Noise_uniform_Eps_16.0_Tau_Type_normal_anchors - INFO - Batch:[161] Adversarial images for this batch already exist
2026-02-05 15:08:51,131 - ADV_Generation_eps_8.0_steps_100_Added_Noise_uniform_Eps_16.0_Tau_Type_normal_anchors - INFO - Batch 162/3783: Clean accuracy 0.8272 | Adv accuracy: 0.0000 | Counter-attack accuracy: 0.0185
2026-02-05 15:08:51,132 - ADV_Generation_eps_8.0_steps_100_Added_Noise_uniform_Eps_16.0_Tau_Type_normal_anchors - INFO - Batch:[162] Adversarial images for this batch already exist
2026-02-05 15:08:51,466 - ADV_Generation_eps_8.0_steps_100_Added_Noise_uniform_Eps_16.0_Tau_Type_normal_anchors - INFO - Batch 163/3783: Clean accuracy 0.8282 | Adv accuracy: 0.0000 | Counter-attack accuracy: 0.0184
2026-02-05 15:08:51,467 - ADV_Generation_eps_8.0_steps_100_Added_Noise_uniform_Eps_16.0_Tau_Type_normal_anchors - INFO - Batch:[163] Adversarial images for this batch already exist
2026-02-05 15:08:51,814 - ADV_Generation_eps_8.0_steps_100_Added_Noise_uniform_Eps_16.0_Tau_Type_normal_anchors - INFO - Batch 164/3783: Clean accuracy 0.8232 | Adv accuracy: 0.0000 | Counter-attack accuracy: 0.0183
2026-02-05 15:08:51,815 - ADV_Generation_eps_8.0_steps_100_Added_Noise_uniform_Eps_16.0_Tau_Type_normal_anchors - INFO - Batch:[164] Adversarial images for this batch already exist
2026-02-05 15:08:52,150 - ADV_Generation_eps_8.0_steps_100_Added_Noise_uniform_Eps_16.0_Tau_Type_normal_anchors - INFO - Batch 165/3783: Clean accuracy 0.8182 | Adv accuracy: 0.0000 | Counter-attack accuracy: 0.0182
2026-02-05 15:08:52,151 - ADV_Generation_eps_8.0_steps_100_Added_Noise_uniform_Eps_16.0_Tau_Type_normal_anchors - INFO - Batch:[165] Adversarial images for this batch already exist
2026-02-05 15:08:52,486 - ADV_Generation_eps_8.0_steps_100_Added_Noise_uniform_Eps_16.0_Tau_Type_normal_anchors - INFO - Batch 166/3783: Clean accuracy 0.8133 | Adv accuracy: 0.0000 | Counter-attack accuracy: 0.0181
2026-02-05 15:08:52,487 - ADV_Generation_eps_8.0_steps_100_Added_Noise_uniform_Eps_16.0_Tau_Type_normal_anchors - INFO - Batch:[166] Adversarial images for this batch already exist
2026-02-05 15:08:52,821 - ADV_Generation_eps_8.0_steps_100_Added_Noise_uniform_Eps_16.0_Tau_Type_normal_anchors - INFO - Batch 167/3783: Clean accuracy 0.8084 | Adv accuracy: 0.0000 | Counter-attack accuracy: 0.0180
2026-02-05 15:08:52,822 - ADV_Generation_eps_8.0_steps_100_Added_Noise_uniform_Eps_16.0_Tau_Type_normal_anchors - INFO - Batch:[167] Adversarial images for this batch already exist
2026-02-05 15:08:53,186 - ADV_Generation_eps_8.0_steps_100_Added_Noise_uniform_Eps_16.0_Tau_Type_normal_anchors - INFO - Batch 168/3783: Clean accuracy 0.8095 | Adv accuracy: 0.0000 | Counter-attack accuracy: 0.0179
2026-02-05 15:08:53,187 - ADV_Generation_eps_8.0_steps_100_Added_Noise_uniform_Eps_16.0_Tau_Type_normal_anchors - INFO - Batch:[168] Adversarial images for this batch already exist
2026-02-05 15:08:53,522 - ADV_Generation_eps_8.0_steps_100_Added_Noise_uniform_Eps_16.0_Tau_Type_normal_anchors - INFO - Batch 169/3783: Clean accuracy 0.8047 | Adv accuracy: 0.0000 | Counter-attack accuracy: 0.0178
2026-02-05 15:08:53,524 - ADV_Generation_eps_8.0_steps_100_Added_Noise_uniform_Eps_16.0_Tau_Type_normal_anchors - INFO - Batch:[169] Adversarial images for this batch already exist
2026-02-05 15:08:53,862 - ADV_Generation_eps_8.0_steps_100_Added_Noise_uniform_Eps_16.0_Tau_Type_normal_anchors - INFO - Batch 170/3783: Clean accuracy 0.8000 | Adv accuracy: 0.0000 | Counter-attack accuracy: 0.0176
2026-02-05 15:08:53,864 - ADV_Generation_eps_8.0_steps_100_Added_Noise_uniform_Eps_16.0_Tau_Type_normal_anchors - INFO - Batch:[170] Adversarial images for this batch already exist
2026-02-05 15:08:54,212 - ADV_Generation_eps_8.0_steps_100_Added_Noise_uniform_Eps_16.0_Tau_Type_normal_anchors - INFO - Batch 171/3783: Clean accuracy 0.7953 | Adv accuracy: 0.0000 | Counter-attack accuracy: 0.0175
2026-02-05 15:08:54,213 - ADV_Generation_eps_8.0_steps_100_Added_Noise_uniform_Eps_16.0_Tau_Type_normal_anchors - INFO - Batch:[171] Adversarial images for this batch already exist
2026-02-05 15:08:54,569 - ADV_Generation_eps_8.0_steps_100_Added_Noise_uniform_Eps_16.0_Tau_Type_normal_anchors - INFO - Batch 172/3783: Clean accuracy 0.7907 | Adv accuracy: 0.0000 | Counter-attack accuracy: 0.0174
2026-02-05 15:08:54,571 - ADV_Generation_eps_8.0_steps_100_Added_Noise_uniform_Eps_16.0_Tau_Type_normal_anchors - INFO - Batch:[172] Adversarial images for this batch already exist
2026-02-05 15:08:54,914 - ADV_Generation_eps_8.0_steps_100_Added_Noise_uniform_Eps_16.0_Tau_Type_normal_anchors - INFO - Batch 173/3783: Clean accuracy 0.7861 | Adv accuracy: 0.0000 | Counter-attack accuracy: 0.0173
2026-02-05 15:08:54,917 - ADV_Generation_eps_8.0_steps_100_Added_Noise_uniform_Eps_16.0_Tau_Type_normal_anchors - INFO - Batch:[173] Adversarial images for this batch already exist
2026-02-05 15:08:55,268 - ADV_Generation_eps_8.0_steps_100_Added_Noise_uniform_Eps_16.0_Tau_Type_normal_anchors - INFO - Batch 174/3783: Clean accuracy 0.7816 | Adv accuracy: 0.0000 | Counter-attack accuracy: 0.0172
2026-02-05 15:08:55,270 - ADV_Generation_eps_8.0_steps_100_Added_Noise_uniform_Eps_16.0_Tau_Type_normal_anchors - INFO - Batch:[174] Adversarial images for this batch already exist
2026-02-05 15:08:55,602 - ADV_Generation_eps_8.0_steps_100_Added_Noise_uniform_Eps_16.0_Tau_Type_normal_anchors - INFO - Batch 175/3783: Clean accuracy 0.7771 | Adv accuracy: 0.0000 | Counter-attack accuracy: 0.0171
2026-02-05 15:08:55,604 - ADV_Generation_eps_8.0_steps_100_Added_Noise_uniform_Eps_16.0_Tau_Type_normal_anchors - INFO - Batch:[175] Adversarial images for this batch already exist
2026-02-05 15:08:55,947 - ADV_Generation_eps_8.0_steps_100_Added_Noise_uniform_Eps_16.0_Tau_Type_normal_anchors - INFO - Batch 176/3783: Clean accuracy 0.7727 | Adv accuracy: 0.0000 | Counter-attack accuracy: 0.0170
2026-02-05 15:08:55,948 - ADV_Generation_eps_8.0_steps_100_Added_Noise_uniform_Eps_16.0_Tau_Type_normal_anchors - INFO - Batch:[176] Adversarial images for this batch already exist
2026-02-05 15:08:56,282 - ADV_Generation_eps_8.0_steps_100_Added_Noise_uniform_Eps_16.0_Tau_Type_normal_anchors - INFO - Batch 177/3783: Clean accuracy 0.7684 | Adv accuracy: 0.0000 | Counter-attack accuracy: 0.0169
2026-02-05 15:08:56,283 - ADV_Generation_eps_8.0_steps_100_Added_Noise_uniform_Eps_16.0_Tau_Type_normal_anchors - INFO - Batch:[177] Adversarial images for this batch already exist
2026-02-05 15:08:56,621 - ADV_Generation_eps_8.0_steps_100_Added_Noise_uniform_Eps_16.0_Tau_Type_normal_anchors - INFO - Batch 178/3783: Clean accuracy 0.7640 | Adv accuracy: 0.0000 | Counter-attack accuracy: 0.0169
2026-02-05 15:08:56,622 - ADV_Generation_eps_8.0_steps_100_Added_Noise_uniform_Eps_16.0_Tau_Type_normal_anchors - INFO - Batch:[178] Adversarial images for this batch already exist
2026-02-05 15:08:56,958 - ADV_Generation_eps_8.0_steps_100_Added_Noise_uniform_Eps_16.0_Tau_Type_normal_anchors - INFO - Batch 179/3783: Clean accuracy 0.7598 | Adv accuracy: 0.0000 | Counter-attack accuracy: 0.0168
2026-02-05 15:08:56,959 - ADV_Generation_eps_8.0_steps_100_Added_Noise_uniform_Eps_16.0_Tau_Type_normal_anchors - INFO - Batch:[179] Adversarial images for this batch already exist
2026-02-05 15:08:57,307 - ADV_Generation_eps_8.0_steps_100_Added_Noise_uniform_Eps_16.0_Tau_Type_normal_anchors - INFO - Batch 180/3783: Clean accuracy 0.7556 | Adv accuracy: 0.0000 | Counter-attack accuracy: 0.0167
2026-02-05 15:08:57,308 - ADV_Generation_eps_8.0_steps_100_Added_Noise_uniform_Eps_16.0_Tau_Type_normal_anchors - INFO - Batch:[180] Adversarial images for this batch already exist
2026-02-05 15:08:57,657 - ADV_Generation_eps_8.0_steps_100_Added_Noise_uniform_Eps_16.0_Tau_Type_normal_anchors - INFO - Batch 181/3783: Clean accuracy 0.7514 | Adv accuracy: 0.0000 | Counter-attack accuracy: 0.0166
2026-02-05 15:08:57,658 - ADV_Generation_eps_8.0_steps_100_Added_Noise_uniform_Eps_16.0_Tau_Type_normal_anchors - INFO - Batch:[181] Adversarial images for this batch already exist
2026-02-05 15:08:57,993 - ADV_Generation_eps_8.0_steps_100_Added_Noise_uniform_Eps_16.0_Tau_Type_normal_anchors - INFO - Batch 182/3783: Clean accuracy 0.7473 | Adv accuracy: 0.0000 | Counter-attack accuracy: 0.0165
2026-02-05 15:08:57,995 - ADV_Generation_eps_8.0_steps_100_Added_Noise_uniform_Eps_16.0_Tau_Type_normal_anchors - INFO - Batch:[182] Adversarial images for this batch already exist
2026-02-05 15:08:58,332 - ADV_Generation_eps_8.0_steps_100_Added_Noise_uniform_Eps_16.0_Tau_Type_normal_anchors - INFO - Batch 183/3783: Clean accuracy 0.7432 | Adv accuracy: 0.0000 | Counter-attack accuracy: 0.0164
2026-02-05 15:08:58,334 - ADV_Generation_eps_8.0_steps_100_Added_Noise_uniform_Eps_16.0_Tau_Type_normal_anchors - INFO - Batch:[183] Adversarial images for this batch already exist
2026-02-05 15:08:58,689 - ADV_Generation_eps_8.0_steps_100_Added_Noise_uniform_Eps_16.0_Tau_Type_normal_anchors - INFO - Batch 184/3783: Clean accuracy 0.7446 | Adv accuracy: 0.0000 | Counter-attack accuracy: 0.0163
2026-02-05 15:08:58,690 - ADV_Generation_eps_8.0_steps_100_Added_Noise_uniform_Eps_16.0_Tau_Type_normal_anchors - INFO - Batch:[184] Adversarial images for this batch already exist
2026-02-05 15:08:59,037 - ADV_Generation_eps_8.0_steps_100_Added_Noise_uniform_Eps_16.0_Tau_Type_normal_anchors - INFO - Batch 185/3783: Clean accuracy 0.7459 | Adv accuracy: 0.0000 | Counter-attack accuracy: 0.0162
2026-02-05 15:08:59,039 - ADV_Generation_eps_8.0_steps_100_Added_Noise_uniform_Eps_16.0_Tau_Type_normal_anchors - INFO - Batch:[185] Adversarial images for this batch already exist
2026-02-05 15:08:59,373 - ADV_Generation_eps_8.0_steps_100_Added_Noise_uniform_Eps_16.0_Tau_Type_normal_anchors - INFO - Batch 186/3783: Clean accuracy 0.7473 | Adv accuracy: 0.0000 | Counter-attack accuracy: 0.0161
2026-02-05 15:08:59,375 - ADV_Generation_eps_8.0_steps_100_Added_Noise_uniform_Eps_16.0_Tau_Type_normal_anchors - INFO - Batch:[186] Adversarial images for this batch already exist
2026-02-05 15:08:59,722 - ADV_Generation_eps_8.0_steps_100_Added_Noise_uniform_Eps_16.0_Tau_Type_normal_anchors - INFO - Batch 187/3783: Clean accuracy 0.7487 | Adv accuracy: 0.0000 | Counter-attack accuracy: 0.0160
2026-02-05 15:08:59,723 - ADV_Generation_eps_8.0_steps_100_Added_Noise_uniform_Eps_16.0_Tau_Type_normal_anchors - INFO - Batch:[187] Adversarial images for this batch already exist
2026-02-05 15:09:00,059 - ADV_Generation_eps_8.0_steps_100_Added_Noise_uniform_Eps_16.0_Tau_Type_normal_anchors - INFO - Batch 188/3783: Clean accuracy 0.7500 | Adv accuracy: 0.0000 | Counter-attack accuracy: 0.0160
2026-02-05 15:09:00,061 - ADV_Generation_eps_8.0_steps_100_Added_Noise_uniform_Eps_16.0_Tau_Type_normal_anchors - INFO - Batch:[188] Adversarial images for this batch already exist
2026-02-05 15:09:00,400 - ADV_Generation_eps_8.0_steps_100_Added_Noise_uniform_Eps_16.0_Tau_Type_normal_anchors - INFO - Batch 189/3783: Clean accuracy 0.7513 | Adv accuracy: 0.0000 | Counter-attack accuracy: 0.0159
2026-02-05 15:09:00,402 - ADV_Generation_eps_8.0_steps_100_Added_Noise_uniform_Eps_16.0_Tau_Type_normal_anchors - INFO - Batch:[189] Adversarial images for this batch already exist
2026-02-05 15:09:00,742 - ADV_Generation_eps_8.0_steps_100_Added_Noise_uniform_Eps_16.0_Tau_Type_normal_anchors - INFO - Batch 190/3783: Clean accuracy 0.7526 | Adv accuracy: 0.0000 | Counter-attack accuracy: 0.0158
2026-02-05 15:09:00,743 - ADV_Generation_eps_8.0_steps_100_Added_Noise_uniform_Eps_16.0_Tau_Type_normal_anchors - INFO - Batch:[190] Adversarial images for this batch already exist
2026-02-05 15:09:01,083 - ADV_Generation_eps_8.0_steps_100_Added_Noise_uniform_Eps_16.0_Tau_Type_normal_anchors - INFO - Batch 191/3783: Clean accuracy 0.7539 | Adv accuracy: 0.0000 | Counter-attack accuracy: 0.0157
2026-02-05 15:09:01,084 - ADV_Generation_eps_8.0_steps_100_Added_Noise_uniform_Eps_16.0_Tau_Type_normal_anchors - INFO - Batch:[191] Adversarial images for this batch already exist
2026-02-05 15:09:01,417 - ADV_Generation_eps_8.0_steps_100_Added_Noise_uniform_Eps_16.0_Tau_Type_normal_anchors - INFO - Batch 192/3783: Clean accuracy 0.7552 | Adv accuracy: 0.0000 | Counter-attack accuracy: 0.0156
2026-02-05 15:09:01,420 - ADV_Generation_eps_8.0_steps_100_Added_Noise_uniform_Eps_16.0_Tau_Type_normal_anchors - INFO - Batch:[192] Adversarial images for this batch already exist
2026-02-05 15:09:01,758 - ADV_Generation_eps_8.0_steps_100_Added_Noise_uniform_Eps_16.0_Tau_Type_normal_anchors - INFO - Batch 193/3783: Clean accuracy 0.7565 | Adv accuracy: 0.0000 | Counter-attack accuracy: 0.0155
2026-02-05 15:09:01,759 - ADV_Generation_eps_8.0_steps_100_Added_Noise_uniform_Eps_16.0_Tau_Type_normal_anchors - INFO - Batch:[193] Adversarial images for this batch already exist
2026-02-05 15:09:02,100 - ADV_Generation_eps_8.0_steps_100_Added_Noise_uniform_Eps_16.0_Tau_Type_normal_anchors - INFO - Batch 194/3783: Clean accuracy 0.7577 | Adv accuracy: 0.0000 | Counter-attack accuracy: 0.0155
2026-02-05 15:09:02,102 - ADV_Generation_eps_8.0_steps_100_Added_Noise_uniform_Eps_16.0_Tau_Type_normal_anchors - INFO - Batch:[194] Adversarial images for this batch already exist
2026-02-05 15:09:02,443 - ADV_Generation_eps_8.0_steps_100_Added_Noise_uniform_Eps_16.0_Tau_Type_normal_anchors - INFO - Batch 195/3783: Clean accuracy 0.7590 | Adv accuracy: 0.0000 | Counter-attack accuracy: 0.0154
2026-02-05 15:09:02,445 - ADV_Generation_eps_8.0_steps_100_Added_Noise_uniform_Eps_16.0_Tau_Type_normal_anchors - INFO - Batch:[195] Adversarial images for this batch already exist
2026-02-05 15:09:02,779 - ADV_Generation_eps_8.0_steps_100_Added_Noise_uniform_Eps_16.0_Tau_Type_normal_anchors - INFO - Batch 196/3783: Clean accuracy 0.7602 | Adv accuracy: 0.0000 | Counter-attack accuracy: 0.0153
2026-02-05 15:09:02,780 - ADV_Generation_eps_8.0_steps_100_Added_Noise_uniform_Eps_16.0_Tau_Type_normal_anchors - INFO - Batch:[196] Adversarial images for this batch already exist
2026-02-05 15:09:03,123 - ADV_Generation_eps_8.0_steps_100_Added_Noise_uniform_Eps_16.0_Tau_Type_normal_anchors - INFO - Batch 197/3783: Clean accuracy 0.7614 | Adv accuracy: 0.0000 | Counter-attack accuracy: 0.0152
2026-02-05 15:09:03,125 - ADV_Generation_eps_8.0_steps_100_Added_Noise_uniform_Eps_16.0_Tau_Type_normal_anchors - INFO - Batch:[197] Adversarial images for this batch already exist
2026-02-05 15:09:03,464 - ADV_Generation_eps_8.0_steps_100_Added_Noise_uniform_Eps_16.0_Tau_Type_normal_anchors - INFO - Batch 198/3783: Clean accuracy 0.7626 | Adv accuracy: 0.0000 | Counter-attack accuracy: 0.0152
2026-02-05 15:09:03,466 - ADV_Generation_eps_8.0_steps_100_Added_Noise_uniform_Eps_16.0_Tau_Type_normal_anchors - INFO - Batch:[198] Adversarial images for this batch already exist
2026-02-05 15:09:03,810 - ADV_Generation_eps_8.0_steps_100_Added_Noise_uniform_Eps_16.0_Tau_Type_normal_anchors - INFO - Batch 199/3783: Clean accuracy 0.7638 | Adv accuracy: 0.0000 | Counter-attack accuracy: 0.0151
2026-02-05 15:09:03,812 - ADV_Generation_eps_8.0_steps_100_Added_Noise_uniform_Eps_16.0_Tau_Type_normal_anchors - INFO - Batch:[199] Adversarial images for this batch already exist
2026-02-05 15:09:04,151 - ADV_Generation_eps_8.0_steps_100_Added_Noise_uniform_Eps_16.0_Tau_Type_normal_anchors - INFO - Batch 200/3783: Clean accuracy 0.7600 | Adv accuracy: 0.0000 | Counter-attack accuracy: 0.0150
2026-02-05 15:09:04,152 - ADV_Generation_eps_8.0_steps_100_Added_Noise_uniform_Eps_16.0_Tau_Type_normal_anchors - INFO - Batch:[200] Adversarial images for this batch already exist
2026-02-05 15:09:04,484 - ADV_Generation_eps_8.0_steps_100_Added_Noise_uniform_Eps_16.0_Tau_Type_normal_anchors - INFO - Batch 201/3783: Clean accuracy 0.7612 | Adv accuracy: 0.0000 | Counter-attack accuracy: 0.0149
2026-02-05 15:09:04,485 - ADV_Generation_eps_8.0_steps_100_Added_Noise_uniform_Eps_16.0_Tau_Type_normal_anchors - INFO - Batch:[201] Adversarial images for this batch already exist
2026-02-05 15:09:04,927 - ADV_Generation_eps_8.0_steps_100_Added_Noise_uniform_Eps_16.0_Tau_Type_normal_anchors - INFO - Batch 202/3783: Clean accuracy 0.7624 | Adv accuracy: 0.0000 | Counter-attack accuracy: 0.0149
2026-02-05 15:09:04,929 - ADV_Generation_eps_8.0_steps_100_Added_Noise_uniform_Eps_16.0_Tau_Type_normal_anchors - INFO - Batch:[202] Adversarial images for this batch already exist
2026-02-05 15:09:05,263 - ADV_Generation_eps_8.0_steps_100_Added_Noise_uniform_Eps_16.0_Tau_Type_normal_anchors - INFO - Batch 203/3783: Clean accuracy 0.7635 | Adv accuracy: 0.0000 | Counter-attack accuracy: 0.0148
2026-02-05 15:09:05,264 - ADV_Generation_eps_8.0_steps_100_Added_Noise_uniform_Eps_16.0_Tau_Type_normal_anchors - INFO - Batch:[203] Adversarial images for this batch already exist
2026-02-05 15:09:05,610 - ADV_Generation_eps_8.0_steps_100_Added_Noise_uniform_Eps_16.0_Tau_Type_normal_anchors - INFO - Batch 204/3783: Clean accuracy 0.7647 | Adv accuracy: 0.0000 | Counter-attack accuracy: 0.0147
2026-02-05 15:09:05,611 - ADV_Generation_eps_8.0_steps_100_Added_Noise_uniform_Eps_16.0_Tau_Type_normal_anchors - INFO - Batch:[204] Adversarial images for this batch already exist
2026-02-05 15:09:05,963 - ADV_Generation_eps_8.0_steps_100_Added_Noise_uniform_Eps_16.0_Tau_Type_normal_anchors - INFO - Batch 205/3783: Clean accuracy 0.7610 | Adv accuracy: 0.0000 | Counter-attack accuracy: 0.0146
2026-02-05 15:09:05,964 - ADV_Generation_eps_8.0_steps_100_Added_Noise_uniform_Eps_16.0_Tau_Type_normal_anchors - INFO - Batch:[205] Adversarial images for this batch already exist
2026-02-05 15:09:06,299 - ADV_Generation_eps_8.0_steps_100_Added_Noise_uniform_Eps_16.0_Tau_Type_normal_anchors - INFO - Batch 206/3783: Clean accuracy 0.7621 | Adv accuracy: 0.0000 | Counter-attack accuracy: 0.0146
2026-02-05 15:09:06,301 - ADV_Generation_eps_8.0_steps_100_Added_Noise_uniform_Eps_16.0_Tau_Type_normal_anchors - INFO - Batch:[206] Adversarial images for this batch already exist
2026-02-05 15:09:06,672 - ADV_Generation_eps_8.0_steps_100_Added_Noise_uniform_Eps_16.0_Tau_Type_normal_anchors - INFO - Batch 207/3783: Clean accuracy 0.7633 | Adv accuracy: 0.0000 | Counter-attack accuracy: 0.0145
2026-02-05 15:09:06,673 - ADV_Generation_eps_8.0_steps_100_Added_Noise_uniform_Eps_16.0_Tau_Type_normal_anchors - INFO - Batch:[207] Adversarial images for this batch already exist
2026-02-05 15:09:07,011 - ADV_Generation_eps_8.0_steps_100_Added_Noise_uniform_Eps_16.0_Tau_Type_normal_anchors - INFO - Batch 208/3783: Clean accuracy 0.7644 | Adv accuracy: 0.0000 | Counter-attack accuracy: 0.0144
2026-02-05 15:09:07,013 - ADV_Generation_eps_8.0_steps_100_Added_Noise_uniform_Eps_16.0_Tau_Type_normal_anchors - INFO - Batch:[208] Adversarial images for this batch already exist
2026-02-05 15:09:07,360 - ADV_Generation_eps_8.0_steps_100_Added_Noise_uniform_Eps_16.0_Tau_Type_normal_anchors - INFO - Batch 209/3783: Clean accuracy 0.7656 | Adv accuracy: 0.0000 | Counter-attack accuracy: 0.0144
2026-02-05 15:09:07,361 - ADV_Generation_eps_8.0_steps_100_Added_Noise_uniform_Eps_16.0_Tau_Type_normal_anchors - INFO - Batch:[209] Adversarial images for this batch already exist
2026-02-05 15:09:07,693 - ADV_Generation_eps_8.0_steps_100_Added_Noise_uniform_Eps_16.0_Tau_Type_normal_anchors - INFO - Batch 210/3783: Clean accuracy 0.7667 | Adv accuracy: 0.0000 | Counter-attack accuracy: 0.0143
2026-02-05 15:09:07,694 - ADV_Generation_eps_8.0_steps_100_Added_Noise_uniform_Eps_16.0_Tau_Type_normal_anchors - INFO - Batch:[210] Adversarial images for this batch already exist
2026-02-05 15:09:08,042 - ADV_Generation_eps_8.0_steps_100_Added_Noise_uniform_Eps_16.0_Tau_Type_normal_anchors - INFO - Batch 211/3783: Clean accuracy 0.7678 | Adv accuracy: 0.0000 | Counter-attack accuracy: 0.0142
2026-02-05 15:09:08,043 - ADV_Generation_eps_8.0_steps_100_Added_Noise_uniform_Eps_16.0_Tau_Type_normal_anchors - INFO - Batch:[211] Adversarial images for this batch already exist
2026-02-05 15:09:08,385 - ADV_Generation_eps_8.0_steps_100_Added_Noise_uniform_Eps_16.0_Tau_Type_normal_anchors - INFO - Batch 212/3783: Clean accuracy 0.7689 | Adv accuracy: 0.0000 | Counter-attack accuracy: 0.0142
2026-02-05 15:09:08,387 - ADV_Generation_eps_8.0_steps_100_Added_Noise_uniform_Eps_16.0_Tau_Type_normal_anchors - INFO - Batch:[212] Adversarial images for this batch already exist
