2026-02-12 09:03:45,941 - ADV_Generation_eps_0.0_steps_100_Added_Noise_uniform_Eps_1.0_Tau_Type_normal_anchors_num_anchors_10 - INFO - ==========================================
data:/leonardo_work/EUHPC_R04_192/fmohamma/Adversarial_Robust_Clip/atpt_data/downstream_datasets
test_sets:Flower102
dataset_mode:test
arch:fare4
resolution:224
transferability:False
source_model:fare4
workers:4
no_pin_memory:False
batch_size:1
adv_bs:1
print_freq:20
gpu:0
no_cudnn_benchmark:False
n_ctx:4
ctx_init:a_photo_of_a
seed:0
output_dir:/leonardo_work/EUHPC_R04_192/fmohamma/Adversarial_Robust_Clip/atpt_data/fare4/Flower102
log_output_dir:/leonardo_work/EUHPC_R04_192/fmohamma/Adversarial_Robust_Clip/ATPT/Diffratio_v3/fare4/Flower102/ADV_Generation_eps_0.0_steps_100_Added_Noise_uniform_Eps_1.0_Tau_Type_normal_anchors_num_anchors_10
image_only_attack:False
image_only_attack_type:prm
image_predicted_label_attack:False
eps:0.0
alpha:0.0
alpha_eps_ratio:4.0
steps:100
counter_attack:True
counter_attack_type:pgd
counter_attack_steps:0
counter_attack_eps:1.0
counter_attack_alpha:1.0
counter_attack_tau_thres:0.2
counter_attack_beta:2.0
counter_attack_weighted_perturbations:True
counter_attack_init_noise:uniform
counter_attack_gaussian_sigma:0.03
counter_attack_noisy_tau_num_anchors:10
counter_attack_tau:normal_anchors
pgd_clip_pure_i_text_embeddings:null
pgd_counter_and_clipure_i_lamda:1.0
image_feature_purify:False
image_feature_purify_type:noisy_anchor
image_feature_purify_noisy_anchors:10
image_feature_purify_anchors_alpha:1.2
image_feature_purify_noisy_sigma:0.18
image_feature_purify_diff_threshold:0.0
image_feature_clipure_steps:10
image_feature_clipure_step_size:10.0
save_plots:False
lr:0.005
selection_p:0.1
tta_steps:1
top_k:20
softmax_temp:0.01
load_tecoa:

2026-02-12 09:03:45,942 - ADV_Generation_eps_0.0_steps_100_Added_Noise_uniform_Eps_1.0_Tau_Type_normal_anchors_num_anchors_10 - INFO - Use GPU: 0 for training
2026-02-12 09:04:57,191 - ADV_Generation_eps_0.0_steps_100_Added_Noise_uniform_Eps_1.0_Tau_Type_normal_anchors_num_anchors_10 - INFO - => Model created: visual backbone fare4
2026-02-12 09:04:57,200 - ADV_Generation_eps_0.0_steps_100_Added_Noise_uniform_Eps_1.0_Tau_Type_normal_anchors_num_anchors_10 - INFO - Number of test samples: 2463
2026-02-12 09:04:57,200 - ADV_Generation_eps_0.0_steps_100_Added_Noise_uniform_Eps_1.0_Tau_Type_normal_anchors_num_anchors_10 - INFO - Evaluating dataset: Flower102
2026-02-12 09:04:57,201 - ADV_Generation_eps_0.0_steps_100_Added_Noise_uniform_Eps_1.0_Tau_Type_normal_anchors_num_anchors_10 - INFO - Starting evaluation with batch size: 1, selection percentage: 0.1
2026-02-12 09:04:57,201 - ADV_Generation_eps_0.0_steps_100_Added_Noise_uniform_Eps_1.0_Tau_Type_normal_anchors_num_anchors_10 - INFO - Using PGD attack with epsilon: 0.000000, alpha: 0.000000, steps: 100 image only attack False image only attack type  prm image predicted label attack False
2026-02-12 09:04:57,202 - ADV_Generation_eps_0.0_steps_100_Added_Noise_uniform_Eps_1.0_Tau_Type_normal_anchors_num_anchors_10 - INFO - Using counter-attack with epsilon: 1.000000, alpha: 1.000000, steps: 0
2026-02-12 09:04:57,202 - ADV_Generation_eps_0.0_steps_100_Added_Noise_uniform_Eps_1.0_Tau_Type_normal_anchors_num_anchors_10 - INFO - Adversarial examples will be loaded from /leonardo_work/EUHPC_R04_192/fmohamma/Adversarial_Robust_Clip/atpt_data/fare4/Flower102/adv_images_eps_0.0_alpha_0.0_steps_100 and evaluated on fare4
2026-02-12 09:04:57,203 - ADV_Generation_eps_0.0_steps_100_Added_Noise_uniform_Eps_1.0_Tau_Type_normal_anchors_num_anchors_10 - INFO - Using directory for adversarial images: /leonardo_work/EUHPC_R04_192/fmohamma/Adversarial_Robust_Clip/atpt_data/fare4/Flower102/adv_images_eps_0.0_alpha_0.0_steps_100
2026-02-12 09:04:58,062 - ADV_Generation_eps_0.0_steps_100_Added_Noise_uniform_Eps_1.0_Tau_Type_normal_anchors_num_anchors_10 - INFO - Batch 1/2463: Clean accuracy 1.0000 | Adv accuracy: 1.0000 | Counter-attack accuracy: 1.0000
2026-02-12 09:04:58,386 - ADV_Generation_eps_0.0_steps_100_Added_Noise_uniform_Eps_1.0_Tau_Type_normal_anchors_num_anchors_10 - INFO - Batch 2/2463: Clean accuracy 0.5000 | Adv accuracy: 0.5000 | Counter-attack accuracy: 0.5000
2026-02-12 09:04:58,709 - ADV_Generation_eps_0.0_steps_100_Added_Noise_uniform_Eps_1.0_Tau_Type_normal_anchors_num_anchors_10 - INFO - Batch 3/2463: Clean accuracy 0.6667 | Adv accuracy: 0.6667 | Counter-attack accuracy: 0.6667
2026-02-12 09:04:59,032 - ADV_Generation_eps_0.0_steps_100_Added_Noise_uniform_Eps_1.0_Tau_Type_normal_anchors_num_anchors_10 - INFO - Batch 4/2463: Clean accuracy 0.7500 | Adv accuracy: 0.7500 | Counter-attack accuracy: 0.7500
2026-02-12 09:04:59,354 - ADV_Generation_eps_0.0_steps_100_Added_Noise_uniform_Eps_1.0_Tau_Type_normal_anchors_num_anchors_10 - INFO - Batch 5/2463: Clean accuracy 0.8000 | Adv accuracy: 0.8000 | Counter-attack accuracy: 0.8000
2026-02-12 09:04:59,676 - ADV_Generation_eps_0.0_steps_100_Added_Noise_uniform_Eps_1.0_Tau_Type_normal_anchors_num_anchors_10 - INFO - Batch 6/2463: Clean accuracy 0.6667 | Adv accuracy: 0.6667 | Counter-attack accuracy: 0.6667
2026-02-12 09:04:59,999 - ADV_Generation_eps_0.0_steps_100_Added_Noise_uniform_Eps_1.0_Tau_Type_normal_anchors_num_anchors_10 - INFO - Batch 7/2463: Clean accuracy 0.5714 | Adv accuracy: 0.5714 | Counter-attack accuracy: 0.5714
2026-02-12 09:05:00,322 - ADV_Generation_eps_0.0_steps_100_Added_Noise_uniform_Eps_1.0_Tau_Type_normal_anchors_num_anchors_10 - INFO - Batch 8/2463: Clean accuracy 0.6250 | Adv accuracy: 0.6250 | Counter-attack accuracy: 0.6250
2026-02-12 09:05:00,645 - ADV_Generation_eps_0.0_steps_100_Added_Noise_uniform_Eps_1.0_Tau_Type_normal_anchors_num_anchors_10 - INFO - Batch 9/2463: Clean accuracy 0.6667 | Adv accuracy: 0.6667 | Counter-attack accuracy: 0.6667
2026-02-12 09:05:00,969 - ADV_Generation_eps_0.0_steps_100_Added_Noise_uniform_Eps_1.0_Tau_Type_normal_anchors_num_anchors_10 - INFO - Batch 10/2463: Clean accuracy 0.7000 | Adv accuracy: 0.7000 | Counter-attack accuracy: 0.7000
2026-02-12 09:05:01,292 - ADV_Generation_eps_0.0_steps_100_Added_Noise_uniform_Eps_1.0_Tau_Type_normal_anchors_num_anchors_10 - INFO - Batch 11/2463: Clean accuracy 0.7273 | Adv accuracy: 0.7273 | Counter-attack accuracy: 0.7273
2026-02-12 09:05:01,614 - ADV_Generation_eps_0.0_steps_100_Added_Noise_uniform_Eps_1.0_Tau_Type_normal_anchors_num_anchors_10 - INFO - Batch 12/2463: Clean accuracy 0.7500 | Adv accuracy: 0.7500 | Counter-attack accuracy: 0.7500
2026-02-12 09:05:01,937 - ADV_Generation_eps_0.0_steps_100_Added_Noise_uniform_Eps_1.0_Tau_Type_normal_anchors_num_anchors_10 - INFO - Batch 13/2463: Clean accuracy 0.7692 | Adv accuracy: 0.7692 | Counter-attack accuracy: 0.7692
2026-02-12 09:05:02,261 - ADV_Generation_eps_0.0_steps_100_Added_Noise_uniform_Eps_1.0_Tau_Type_normal_anchors_num_anchors_10 - INFO - Batch 14/2463: Clean accuracy 0.7857 | Adv accuracy: 0.7857 | Counter-attack accuracy: 0.7857
2026-02-12 09:05:02,584 - ADV_Generation_eps_0.0_steps_100_Added_Noise_uniform_Eps_1.0_Tau_Type_normal_anchors_num_anchors_10 - INFO - Batch 15/2463: Clean accuracy 0.8000 | Adv accuracy: 0.8000 | Counter-attack accuracy: 0.8000
2026-02-12 09:05:02,908 - ADV_Generation_eps_0.0_steps_100_Added_Noise_uniform_Eps_1.0_Tau_Type_normal_anchors_num_anchors_10 - INFO - Batch 16/2463: Clean accuracy 0.8125 | Adv accuracy: 0.8125 | Counter-attack accuracy: 0.8125
2026-02-12 09:05:03,231 - ADV_Generation_eps_0.0_steps_100_Added_Noise_uniform_Eps_1.0_Tau_Type_normal_anchors_num_anchors_10 - INFO - Batch 17/2463: Clean accuracy 0.8235 | Adv accuracy: 0.8235 | Counter-attack accuracy: 0.8235
2026-02-12 09:05:03,553 - ADV_Generation_eps_0.0_steps_100_Added_Noise_uniform_Eps_1.0_Tau_Type_normal_anchors_num_anchors_10 - INFO - Batch 18/2463: Clean accuracy 0.8333 | Adv accuracy: 0.8333 | Counter-attack accuracy: 0.8333
2026-02-12 09:05:03,876 - ADV_Generation_eps_0.0_steps_100_Added_Noise_uniform_Eps_1.0_Tau_Type_normal_anchors_num_anchors_10 - INFO - Batch 19/2463: Clean accuracy 0.7895 | Adv accuracy: 0.7895 | Counter-attack accuracy: 0.7895
2026-02-12 09:05:04,199 - ADV_Generation_eps_0.0_steps_100_Added_Noise_uniform_Eps_1.0_Tau_Type_normal_anchors_num_anchors_10 - INFO - Batch 20/2463: Clean accuracy 0.7500 | Adv accuracy: 0.7500 | Counter-attack accuracy: 0.7500
2026-02-12 09:05:04,523 - ADV_Generation_eps_0.0_steps_100_Added_Noise_uniform_Eps_1.0_Tau_Type_normal_anchors_num_anchors_10 - INFO - Batch 21/2463: Clean accuracy 0.7619 | Adv accuracy: 0.7619 | Counter-attack accuracy: 0.7619
2026-02-12 09:05:04,846 - ADV_Generation_eps_0.0_steps_100_Added_Noise_uniform_Eps_1.0_Tau_Type_normal_anchors_num_anchors_10 - INFO - Batch 22/2463: Clean accuracy 0.7727 | Adv accuracy: 0.7727 | Counter-attack accuracy: 0.7727
2026-02-12 09:05:05,224 - ADV_Generation_eps_0.0_steps_100_Added_Noise_uniform_Eps_1.0_Tau_Type_normal_anchors_num_anchors_10 - INFO - Batch 23/2463: Clean accuracy 0.7391 | Adv accuracy: 0.7391 | Counter-attack accuracy: 0.7391
2026-02-12 09:05:05,546 - ADV_Generation_eps_0.0_steps_100_Added_Noise_uniform_Eps_1.0_Tau_Type_normal_anchors_num_anchors_10 - INFO - Batch 24/2463: Clean accuracy 0.7500 | Adv accuracy: 0.7500 | Counter-attack accuracy: 0.7500
2026-02-12 09:05:05,868 - ADV_Generation_eps_0.0_steps_100_Added_Noise_uniform_Eps_1.0_Tau_Type_normal_anchors_num_anchors_10 - INFO - Batch 25/2463: Clean accuracy 0.7200 | Adv accuracy: 0.7200 | Counter-attack accuracy: 0.7200
2026-02-12 09:05:06,192 - ADV_Generation_eps_0.0_steps_100_Added_Noise_uniform_Eps_1.0_Tau_Type_normal_anchors_num_anchors_10 - INFO - Batch 26/2463: Clean accuracy 0.7308 | Adv accuracy: 0.7308 | Counter-attack accuracy: 0.7308
2026-02-12 09:05:06,515 - ADV_Generation_eps_0.0_steps_100_Added_Noise_uniform_Eps_1.0_Tau_Type_normal_anchors_num_anchors_10 - INFO - Batch 27/2463: Clean accuracy 0.7407 | Adv accuracy: 0.7407 | Counter-attack accuracy: 0.7407
2026-02-12 09:05:06,839 - ADV_Generation_eps_0.0_steps_100_Added_Noise_uniform_Eps_1.0_Tau_Type_normal_anchors_num_anchors_10 - INFO - Batch 28/2463: Clean accuracy 0.7500 | Adv accuracy: 0.7500 | Counter-attack accuracy: 0.7500
2026-02-12 09:05:07,162 - ADV_Generation_eps_0.0_steps_100_Added_Noise_uniform_Eps_1.0_Tau_Type_normal_anchors_num_anchors_10 - INFO - Batch 29/2463: Clean accuracy 0.7241 | Adv accuracy: 0.7241 | Counter-attack accuracy: 0.7241
2026-02-12 09:05:07,484 - ADV_Generation_eps_0.0_steps_100_Added_Noise_uniform_Eps_1.0_Tau_Type_normal_anchors_num_anchors_10 - INFO - Batch 30/2463: Clean accuracy 0.7333 | Adv accuracy: 0.7333 | Counter-attack accuracy: 0.7333
2026-02-12 09:05:07,807 - ADV_Generation_eps_0.0_steps_100_Added_Noise_uniform_Eps_1.0_Tau_Type_normal_anchors_num_anchors_10 - INFO - Batch 31/2463: Clean accuracy 0.7419 | Adv accuracy: 0.7419 | Counter-attack accuracy: 0.7419
2026-02-12 09:05:08,130 - ADV_Generation_eps_0.0_steps_100_Added_Noise_uniform_Eps_1.0_Tau_Type_normal_anchors_num_anchors_10 - INFO - Batch 32/2463: Clean accuracy 0.7500 | Adv accuracy: 0.7500 | Counter-attack accuracy: 0.7500
2026-02-12 09:05:08,453 - ADV_Generation_eps_0.0_steps_100_Added_Noise_uniform_Eps_1.0_Tau_Type_normal_anchors_num_anchors_10 - INFO - Batch 33/2463: Clean accuracy 0.7576 | Adv accuracy: 0.7576 | Counter-attack accuracy: 0.7576
2026-02-12 09:05:08,777 - ADV_Generation_eps_0.0_steps_100_Added_Noise_uniform_Eps_1.0_Tau_Type_normal_anchors_num_anchors_10 - INFO - Batch 34/2463: Clean accuracy 0.7647 | Adv accuracy: 0.7647 | Counter-attack accuracy: 0.7647
2026-02-12 09:05:09,101 - ADV_Generation_eps_0.0_steps_100_Added_Noise_uniform_Eps_1.0_Tau_Type_normal_anchors_num_anchors_10 - INFO - Batch 35/2463: Clean accuracy 0.7714 | Adv accuracy: 0.7714 | Counter-attack accuracy: 0.7714
2026-02-12 09:05:09,424 - ADV_Generation_eps_0.0_steps_100_Added_Noise_uniform_Eps_1.0_Tau_Type_normal_anchors_num_anchors_10 - INFO - Batch 36/2463: Clean accuracy 0.7778 | Adv accuracy: 0.7778 | Counter-attack accuracy: 0.7778
2026-02-12 09:05:09,746 - ADV_Generation_eps_0.0_steps_100_Added_Noise_uniform_Eps_1.0_Tau_Type_normal_anchors_num_anchors_10 - INFO - Batch 37/2463: Clean accuracy 0.7838 | Adv accuracy: 0.7838 | Counter-attack accuracy: 0.7838
2026-02-12 09:05:10,069 - ADV_Generation_eps_0.0_steps_100_Added_Noise_uniform_Eps_1.0_Tau_Type_normal_anchors_num_anchors_10 - INFO - Batch 38/2463: Clean accuracy 0.7895 | Adv accuracy: 0.7895 | Counter-attack accuracy: 0.7895
2026-02-12 09:05:10,576 - ADV_Generation_eps_0.0_steps_100_Added_Noise_uniform_Eps_1.0_Tau_Type_normal_anchors_num_anchors_10 - INFO - Batch 39/2463: Clean accuracy 0.7949 | Adv accuracy: 0.7949 | Counter-attack accuracy: 0.7949
2026-02-12 09:05:10,900 - ADV_Generation_eps_0.0_steps_100_Added_Noise_uniform_Eps_1.0_Tau_Type_normal_anchors_num_anchors_10 - INFO - Batch 40/2463: Clean accuracy 0.8000 | Adv accuracy: 0.8000 | Counter-attack accuracy: 0.8000
2026-02-12 09:05:11,242 - ADV_Generation_eps_0.0_steps_100_Added_Noise_uniform_Eps_1.0_Tau_Type_normal_anchors_num_anchors_10 - INFO - Batch 41/2463: Clean accuracy 0.8049 | Adv accuracy: 0.8049 | Counter-attack accuracy: 0.8049
2026-02-12 09:05:11,564 - ADV_Generation_eps_0.0_steps_100_Added_Noise_uniform_Eps_1.0_Tau_Type_normal_anchors_num_anchors_10 - INFO - Batch 42/2463: Clean accuracy 0.8095 | Adv accuracy: 0.8095 | Counter-attack accuracy: 0.8095
2026-02-12 09:05:11,887 - ADV_Generation_eps_0.0_steps_100_Added_Noise_uniform_Eps_1.0_Tau_Type_normal_anchors_num_anchors_10 - INFO - Batch 43/2463: Clean accuracy 0.8140 | Adv accuracy: 0.8140 | Counter-attack accuracy: 0.8140
2026-02-12 09:05:12,211 - ADV_Generation_eps_0.0_steps_100_Added_Noise_uniform_Eps_1.0_Tau_Type_normal_anchors_num_anchors_10 - INFO - Batch 44/2463: Clean accuracy 0.7955 | Adv accuracy: 0.7955 | Counter-attack accuracy: 0.7955
2026-02-12 09:05:12,535 - ADV_Generation_eps_0.0_steps_100_Added_Noise_uniform_Eps_1.0_Tau_Type_normal_anchors_num_anchors_10 - INFO - Batch 45/2463: Clean accuracy 0.8000 | Adv accuracy: 0.8000 | Counter-attack accuracy: 0.8000
2026-02-12 09:05:12,858 - ADV_Generation_eps_0.0_steps_100_Added_Noise_uniform_Eps_1.0_Tau_Type_normal_anchors_num_anchors_10 - INFO - Batch 46/2463: Clean accuracy 0.8043 | Adv accuracy: 0.8043 | Counter-attack accuracy: 0.8043
2026-02-12 09:05:13,262 - ADV_Generation_eps_0.0_steps_100_Added_Noise_uniform_Eps_1.0_Tau_Type_normal_anchors_num_anchors_10 - INFO - Batch 47/2463: Clean accuracy 0.8085 | Adv accuracy: 0.8085 | Counter-attack accuracy: 0.8085
2026-02-12 09:05:13,584 - ADV_Generation_eps_0.0_steps_100_Added_Noise_uniform_Eps_1.0_Tau_Type_normal_anchors_num_anchors_10 - INFO - Batch 48/2463: Clean accuracy 0.8125 | Adv accuracy: 0.8125 | Counter-attack accuracy: 0.8125
2026-02-12 09:05:13,907 - ADV_Generation_eps_0.0_steps_100_Added_Noise_uniform_Eps_1.0_Tau_Type_normal_anchors_num_anchors_10 - INFO - Batch 49/2463: Clean accuracy 0.8163 | Adv accuracy: 0.8163 | Counter-attack accuracy: 0.8163
2026-02-12 09:05:14,230 - ADV_Generation_eps_0.0_steps_100_Added_Noise_uniform_Eps_1.0_Tau_Type_normal_anchors_num_anchors_10 - INFO - Batch 50/2463: Clean accuracy 0.8200 | Adv accuracy: 0.8200 | Counter-attack accuracy: 0.8200
2026-02-12 09:05:14,553 - ADV_Generation_eps_0.0_steps_100_Added_Noise_uniform_Eps_1.0_Tau_Type_normal_anchors_num_anchors_10 - INFO - Batch 51/2463: Clean accuracy 0.8235 | Adv accuracy: 0.8235 | Counter-attack accuracy: 0.8235
2026-02-12 09:05:14,876 - ADV_Generation_eps_0.0_steps_100_Added_Noise_uniform_Eps_1.0_Tau_Type_normal_anchors_num_anchors_10 - INFO - Batch 52/2463: Clean accuracy 0.8269 | Adv accuracy: 0.8269 | Counter-attack accuracy: 0.8269
2026-02-12 09:05:15,199 - ADV_Generation_eps_0.0_steps_100_Added_Noise_uniform_Eps_1.0_Tau_Type_normal_anchors_num_anchors_10 - INFO - Batch 53/2463: Clean accuracy 0.8302 | Adv accuracy: 0.8302 | Counter-attack accuracy: 0.8302
2026-02-12 09:05:15,522 - ADV_Generation_eps_0.0_steps_100_Added_Noise_uniform_Eps_1.0_Tau_Type_normal_anchors_num_anchors_10 - INFO - Batch 54/2463: Clean accuracy 0.8333 | Adv accuracy: 0.8333 | Counter-attack accuracy: 0.8333
2026-02-12 09:05:15,844 - ADV_Generation_eps_0.0_steps_100_Added_Noise_uniform_Eps_1.0_Tau_Type_normal_anchors_num_anchors_10 - INFO - Batch 55/2463: Clean accuracy 0.8364 | Adv accuracy: 0.8364 | Counter-attack accuracy: 0.8364
2026-02-12 09:05:16,167 - ADV_Generation_eps_0.0_steps_100_Added_Noise_uniform_Eps_1.0_Tau_Type_normal_anchors_num_anchors_10 - INFO - Batch 56/2463: Clean accuracy 0.8393 | Adv accuracy: 0.8393 | Counter-attack accuracy: 0.8393
2026-02-12 09:05:16,490 - ADV_Generation_eps_0.0_steps_100_Added_Noise_uniform_Eps_1.0_Tau_Type_normal_anchors_num_anchors_10 - INFO - Batch 57/2463: Clean accuracy 0.8421 | Adv accuracy: 0.8421 | Counter-attack accuracy: 0.8421
2026-02-12 09:05:16,814 - ADV_Generation_eps_0.0_steps_100_Added_Noise_uniform_Eps_1.0_Tau_Type_normal_anchors_num_anchors_10 - INFO - Batch 58/2463: Clean accuracy 0.8448 | Adv accuracy: 0.8448 | Counter-attack accuracy: 0.8448
2026-02-12 09:05:17,137 - ADV_Generation_eps_0.0_steps_100_Added_Noise_uniform_Eps_1.0_Tau_Type_normal_anchors_num_anchors_10 - INFO - Batch 59/2463: Clean accuracy 0.8475 | Adv accuracy: 0.8475 | Counter-attack accuracy: 0.8475
2026-02-12 09:05:17,459 - ADV_Generation_eps_0.0_steps_100_Added_Noise_uniform_Eps_1.0_Tau_Type_normal_anchors_num_anchors_10 - INFO - Batch 60/2463: Clean accuracy 0.8500 | Adv accuracy: 0.8500 | Counter-attack accuracy: 0.8500
2026-02-12 09:05:17,781 - ADV_Generation_eps_0.0_steps_100_Added_Noise_uniform_Eps_1.0_Tau_Type_normal_anchors_num_anchors_10 - INFO - Batch 61/2463: Clean accuracy 0.8525 | Adv accuracy: 0.8525 | Counter-attack accuracy: 0.8525
2026-02-12 09:05:18,104 - ADV_Generation_eps_0.0_steps_100_Added_Noise_uniform_Eps_1.0_Tau_Type_normal_anchors_num_anchors_10 - INFO - Batch 62/2463: Clean accuracy 0.8548 | Adv accuracy: 0.8548 | Counter-attack accuracy: 0.8548
2026-02-12 09:05:18,428 - ADV_Generation_eps_0.0_steps_100_Added_Noise_uniform_Eps_1.0_Tau_Type_normal_anchors_num_anchors_10 - INFO - Batch 63/2463: Clean accuracy 0.8571 | Adv accuracy: 0.8571 | Counter-attack accuracy: 0.8571
2026-02-12 09:05:18,751 - ADV_Generation_eps_0.0_steps_100_Added_Noise_uniform_Eps_1.0_Tau_Type_normal_anchors_num_anchors_10 - INFO - Batch 64/2463: Clean accuracy 0.8594 | Adv accuracy: 0.8594 | Counter-attack accuracy: 0.8594
2026-02-12 09:05:19,074 - ADV_Generation_eps_0.0_steps_100_Added_Noise_uniform_Eps_1.0_Tau_Type_normal_anchors_num_anchors_10 - INFO - Batch 65/2463: Clean accuracy 0.8615 | Adv accuracy: 0.8615 | Counter-attack accuracy: 0.8615
2026-02-12 09:05:19,398 - ADV_Generation_eps_0.0_steps_100_Added_Noise_uniform_Eps_1.0_Tau_Type_normal_anchors_num_anchors_10 - INFO - Batch 66/2463: Clean accuracy 0.8636 | Adv accuracy: 0.8636 | Counter-attack accuracy: 0.8636
2026-02-12 09:05:19,721 - ADV_Generation_eps_0.0_steps_100_Added_Noise_uniform_Eps_1.0_Tau_Type_normal_anchors_num_anchors_10 - INFO - Batch 67/2463: Clean accuracy 0.8657 | Adv accuracy: 0.8657 | Counter-attack accuracy: 0.8657
2026-02-12 09:05:20,043 - ADV_Generation_eps_0.0_steps_100_Added_Noise_uniform_Eps_1.0_Tau_Type_normal_anchors_num_anchors_10 - INFO - Batch 68/2463: Clean accuracy 0.8676 | Adv accuracy: 0.8676 | Counter-attack accuracy: 0.8676
2026-02-12 09:05:20,366 - ADV_Generation_eps_0.0_steps_100_Added_Noise_uniform_Eps_1.0_Tau_Type_normal_anchors_num_anchors_10 - INFO - Batch 69/2463: Clean accuracy 0.8696 | Adv accuracy: 0.8696 | Counter-attack accuracy: 0.8696
2026-02-12 09:05:20,689 - ADV_Generation_eps_0.0_steps_100_Added_Noise_uniform_Eps_1.0_Tau_Type_normal_anchors_num_anchors_10 - INFO - Batch 70/2463: Clean accuracy 0.8714 | Adv accuracy: 0.8714 | Counter-attack accuracy: 0.8714
2026-02-12 09:05:21,013 - ADV_Generation_eps_0.0_steps_100_Added_Noise_uniform_Eps_1.0_Tau_Type_normal_anchors_num_anchors_10 - INFO - Batch 71/2463: Clean accuracy 0.8732 | Adv accuracy: 0.8732 | Counter-attack accuracy: 0.8732
2026-02-12 09:05:21,336 - ADV_Generation_eps_0.0_steps_100_Added_Noise_uniform_Eps_1.0_Tau_Type_normal_anchors_num_anchors_10 - INFO - Batch 72/2463: Clean accuracy 0.8750 | Adv accuracy: 0.8750 | Counter-attack accuracy: 0.8750
2026-02-12 09:05:21,660 - ADV_Generation_eps_0.0_steps_100_Added_Noise_uniform_Eps_1.0_Tau_Type_normal_anchors_num_anchors_10 - INFO - Batch 73/2463: Clean accuracy 0.8767 | Adv accuracy: 0.8767 | Counter-attack accuracy: 0.8767
2026-02-12 09:05:21,982 - ADV_Generation_eps_0.0_steps_100_Added_Noise_uniform_Eps_1.0_Tau_Type_normal_anchors_num_anchors_10 - INFO - Batch 74/2463: Clean accuracy 0.8784 | Adv accuracy: 0.8784 | Counter-attack accuracy: 0.8784
2026-02-12 09:05:22,305 - ADV_Generation_eps_0.0_steps_100_Added_Noise_uniform_Eps_1.0_Tau_Type_normal_anchors_num_anchors_10 - INFO - Batch 75/2463: Clean accuracy 0.8800 | Adv accuracy: 0.8800 | Counter-attack accuracy: 0.8800
2026-02-12 09:05:22,628 - ADV_Generation_eps_0.0_steps_100_Added_Noise_uniform_Eps_1.0_Tau_Type_normal_anchors_num_anchors_10 - INFO - Batch 76/2463: Clean accuracy 0.8816 | Adv accuracy: 0.8816 | Counter-attack accuracy: 0.8816
2026-02-12 09:05:22,951 - ADV_Generation_eps_0.0_steps_100_Added_Noise_uniform_Eps_1.0_Tau_Type_normal_anchors_num_anchors_10 - INFO - Batch 77/2463: Clean accuracy 0.8831 | Adv accuracy: 0.8831 | Counter-attack accuracy: 0.8831
2026-02-12 09:05:23,275 - ADV_Generation_eps_0.0_steps_100_Added_Noise_uniform_Eps_1.0_Tau_Type_normal_anchors_num_anchors_10 - INFO - Batch 78/2463: Clean accuracy 0.8718 | Adv accuracy: 0.8718 | Counter-attack accuracy: 0.8718
2026-02-12 09:05:23,598 - ADV_Generation_eps_0.0_steps_100_Added_Noise_uniform_Eps_1.0_Tau_Type_normal_anchors_num_anchors_10 - INFO - Batch 79/2463: Clean accuracy 0.8734 | Adv accuracy: 0.8734 | Counter-attack accuracy: 0.8734
2026-02-12 09:05:23,920 - ADV_Generation_eps_0.0_steps_100_Added_Noise_uniform_Eps_1.0_Tau_Type_normal_anchors_num_anchors_10 - INFO - Batch 80/2463: Clean accuracy 0.8625 | Adv accuracy: 0.8625 | Counter-attack accuracy: 0.8625
2026-02-12 09:05:24,243 - ADV_Generation_eps_0.0_steps_100_Added_Noise_uniform_Eps_1.0_Tau_Type_normal_anchors_num_anchors_10 - INFO - Batch 81/2463: Clean accuracy 0.8642 | Adv accuracy: 0.8642 | Counter-attack accuracy: 0.8642
2026-02-12 09:05:24,566 - ADV_Generation_eps_0.0_steps_100_Added_Noise_uniform_Eps_1.0_Tau_Type_normal_anchors_num_anchors_10 - INFO - Batch 82/2463: Clean accuracy 0.8659 | Adv accuracy: 0.8659 | Counter-attack accuracy: 0.8659
2026-02-12 09:05:24,890 - ADV_Generation_eps_0.0_steps_100_Added_Noise_uniform_Eps_1.0_Tau_Type_normal_anchors_num_anchors_10 - INFO - Batch 83/2463: Clean accuracy 0.8675 | Adv accuracy: 0.8675 | Counter-attack accuracy: 0.8675
2026-02-12 09:05:25,213 - ADV_Generation_eps_0.0_steps_100_Added_Noise_uniform_Eps_1.0_Tau_Type_normal_anchors_num_anchors_10 - INFO - Batch 84/2463: Clean accuracy 0.8690 | Adv accuracy: 0.8690 | Counter-attack accuracy: 0.8690
2026-02-12 09:05:25,537 - ADV_Generation_eps_0.0_steps_100_Added_Noise_uniform_Eps_1.0_Tau_Type_normal_anchors_num_anchors_10 - INFO - Batch 85/2463: Clean accuracy 0.8588 | Adv accuracy: 0.8588 | Counter-attack accuracy: 0.8588
2026-02-12 09:05:25,860 - ADV_Generation_eps_0.0_steps_100_Added_Noise_uniform_Eps_1.0_Tau_Type_normal_anchors_num_anchors_10 - INFO - Batch 86/2463: Clean accuracy 0.8605 | Adv accuracy: 0.8605 | Counter-attack accuracy: 0.8605
2026-02-12 09:05:26,182 - ADV_Generation_eps_0.0_steps_100_Added_Noise_uniform_Eps_1.0_Tau_Type_normal_anchors_num_anchors_10 - INFO - Batch 87/2463: Clean accuracy 0.8621 | Adv accuracy: 0.8621 | Counter-attack accuracy: 0.8621
2026-02-12 09:05:26,506 - ADV_Generation_eps_0.0_steps_100_Added_Noise_uniform_Eps_1.0_Tau_Type_normal_anchors_num_anchors_10 - INFO - Batch 88/2463: Clean accuracy 0.8636 | Adv accuracy: 0.8636 | Counter-attack accuracy: 0.8636
2026-02-12 09:05:26,829 - ADV_Generation_eps_0.0_steps_100_Added_Noise_uniform_Eps_1.0_Tau_Type_normal_anchors_num_anchors_10 - INFO - Batch 89/2463: Clean accuracy 0.8652 | Adv accuracy: 0.8652 | Counter-attack accuracy: 0.8652
2026-02-12 09:05:27,152 - ADV_Generation_eps_0.0_steps_100_Added_Noise_uniform_Eps_1.0_Tau_Type_normal_anchors_num_anchors_10 - INFO - Batch 90/2463: Clean accuracy 0.8667 | Adv accuracy: 0.8667 | Counter-attack accuracy: 0.8667
2026-02-12 09:05:27,476 - ADV_Generation_eps_0.0_steps_100_Added_Noise_uniform_Eps_1.0_Tau_Type_normal_anchors_num_anchors_10 - INFO - Batch 91/2463: Clean accuracy 0.8681 | Adv accuracy: 0.8681 | Counter-attack accuracy: 0.8681
2026-02-12 09:05:27,798 - ADV_Generation_eps_0.0_steps_100_Added_Noise_uniform_Eps_1.0_Tau_Type_normal_anchors_num_anchors_10 - INFO - Batch 92/2463: Clean accuracy 0.8587 | Adv accuracy: 0.8587 | Counter-attack accuracy: 0.8587
2026-02-12 09:05:28,121 - ADV_Generation_eps_0.0_steps_100_Added_Noise_uniform_Eps_1.0_Tau_Type_normal_anchors_num_anchors_10 - INFO - Batch 93/2463: Clean accuracy 0.8602 | Adv accuracy: 0.8602 | Counter-attack accuracy: 0.8602
2026-02-12 09:05:28,444 - ADV_Generation_eps_0.0_steps_100_Added_Noise_uniform_Eps_1.0_Tau_Type_normal_anchors_num_anchors_10 - INFO - Batch 94/2463: Clean accuracy 0.8617 | Adv accuracy: 0.8617 | Counter-attack accuracy: 0.8617
2026-02-12 09:05:28,767 - ADV_Generation_eps_0.0_steps_100_Added_Noise_uniform_Eps_1.0_Tau_Type_normal_anchors_num_anchors_10 - INFO - Batch 95/2463: Clean accuracy 0.8632 | Adv accuracy: 0.8632 | Counter-attack accuracy: 0.8632
2026-02-12 09:05:29,091 - ADV_Generation_eps_0.0_steps_100_Added_Noise_uniform_Eps_1.0_Tau_Type_normal_anchors_num_anchors_10 - INFO - Batch 96/2463: Clean accuracy 0.8646 | Adv accuracy: 0.8646 | Counter-attack accuracy: 0.8646
2026-02-12 09:05:29,414 - ADV_Generation_eps_0.0_steps_100_Added_Noise_uniform_Eps_1.0_Tau_Type_normal_anchors_num_anchors_10 - INFO - Batch 97/2463: Clean accuracy 0.8660 | Adv accuracy: 0.8660 | Counter-attack accuracy: 0.8660
2026-02-12 09:05:29,737 - ADV_Generation_eps_0.0_steps_100_Added_Noise_uniform_Eps_1.0_Tau_Type_normal_anchors_num_anchors_10 - INFO - Batch 98/2463: Clean accuracy 0.8673 | Adv accuracy: 0.8673 | Counter-attack accuracy: 0.8673
2026-02-12 09:05:30,059 - ADV_Generation_eps_0.0_steps_100_Added_Noise_uniform_Eps_1.0_Tau_Type_normal_anchors_num_anchors_10 - INFO - Batch 99/2463: Clean accuracy 0.8687 | Adv accuracy: 0.8687 | Counter-attack accuracy: 0.8687
2026-02-12 09:05:30,381 - ADV_Generation_eps_0.0_steps_100_Added_Noise_uniform_Eps_1.0_Tau_Type_normal_anchors_num_anchors_10 - INFO - Batch 100/2463: Clean accuracy 0.8700 | Adv accuracy: 0.8700 | Counter-attack accuracy: 0.8700
2026-02-12 09:05:30,705 - ADV_Generation_eps_0.0_steps_100_Added_Noise_uniform_Eps_1.0_Tau_Type_normal_anchors_num_anchors_10 - INFO - Batch 101/2463: Clean accuracy 0.8713 | Adv accuracy: 0.8713 | Counter-attack accuracy: 0.8713
2026-02-12 09:05:31,028 - ADV_Generation_eps_0.0_steps_100_Added_Noise_uniform_Eps_1.0_Tau_Type_normal_anchors_num_anchors_10 - INFO - Batch 102/2463: Clean accuracy 0.8725 | Adv accuracy: 0.8725 | Counter-attack accuracy: 0.8725
2026-02-12 09:05:31,352 - ADV_Generation_eps_0.0_steps_100_Added_Noise_uniform_Eps_1.0_Tau_Type_normal_anchors_num_anchors_10 - INFO - Batch 103/2463: Clean accuracy 0.8738 | Adv accuracy: 0.8738 | Counter-attack accuracy: 0.8738
2026-02-12 09:05:31,676 - ADV_Generation_eps_0.0_steps_100_Added_Noise_uniform_Eps_1.0_Tau_Type_normal_anchors_num_anchors_10 - INFO - Batch 104/2463: Clean accuracy 0.8750 | Adv accuracy: 0.8750 | Counter-attack accuracy: 0.8750
2026-02-12 09:05:31,998 - ADV_Generation_eps_0.0_steps_100_Added_Noise_uniform_Eps_1.0_Tau_Type_normal_anchors_num_anchors_10 - INFO - Batch 105/2463: Clean accuracy 0.8667 | Adv accuracy: 0.8667 | Counter-attack accuracy: 0.8667
2026-02-12 09:05:32,321 - ADV_Generation_eps_0.0_steps_100_Added_Noise_uniform_Eps_1.0_Tau_Type_normal_anchors_num_anchors_10 - INFO - Batch 106/2463: Clean accuracy 0.8679 | Adv accuracy: 0.8679 | Counter-attack accuracy: 0.8679
2026-02-12 09:05:32,644 - ADV_Generation_eps_0.0_steps_100_Added_Noise_uniform_Eps_1.0_Tau_Type_normal_anchors_num_anchors_10 - INFO - Batch 107/2463: Clean accuracy 0.8692 | Adv accuracy: 0.8692 | Counter-attack accuracy: 0.8692
2026-02-12 09:05:32,968 - ADV_Generation_eps_0.0_steps_100_Added_Noise_uniform_Eps_1.0_Tau_Type_normal_anchors_num_anchors_10 - INFO - Batch 108/2463: Clean accuracy 0.8704 | Adv accuracy: 0.8704 | Counter-attack accuracy: 0.8704
2026-02-12 09:05:33,292 - ADV_Generation_eps_0.0_steps_100_Added_Noise_uniform_Eps_1.0_Tau_Type_normal_anchors_num_anchors_10 - INFO - Batch 109/2463: Clean accuracy 0.8716 | Adv accuracy: 0.8716 | Counter-attack accuracy: 0.8716
2026-02-12 09:05:33,615 - ADV_Generation_eps_0.0_steps_100_Added_Noise_uniform_Eps_1.0_Tau_Type_normal_anchors_num_anchors_10 - INFO - Batch 110/2463: Clean accuracy 0.8636 | Adv accuracy: 0.8636 | Counter-attack accuracy: 0.8636
2026-02-12 09:05:33,950 - ADV_Generation_eps_0.0_steps_100_Added_Noise_uniform_Eps_1.0_Tau_Type_normal_anchors_num_anchors_10 - INFO - Batch 111/2463: Clean accuracy 0.8649 | Adv accuracy: 0.8649 | Counter-attack accuracy: 0.8649
2026-02-12 09:05:34,273 - ADV_Generation_eps_0.0_steps_100_Added_Noise_uniform_Eps_1.0_Tau_Type_normal_anchors_num_anchors_10 - INFO - Batch 112/2463: Clean accuracy 0.8661 | Adv accuracy: 0.8661 | Counter-attack accuracy: 0.8661
