2026-02-12 16:56:54,676 - ADV_Generation_eps_0.0_steps_100_Added_Noise_gaussian_Sigma_0.18_Tau_Type_noisy_num_anchors_10 - INFO - ==========================================
data:/leonardo_work/EUHPC_R04_192/fmohamma/Adversarial_Robust_Clip/atpt_data/downstream_datasets
test_sets:Cars
dataset_mode:test
arch:ViT-L/14
resolution:224
transferability:False
source_model:fare4
workers:4
no_pin_memory:False
batch_size:1
adv_bs:1
print_freq:20
gpu:0
no_cudnn_benchmark:False
n_ctx:4
ctx_init:a_photo_of_a
seed:0
output_dir:/leonardo_work/EUHPC_R04_192/fmohamma/Adversarial_Robust_Clip/atpt_data/ViT-L/14/Cars
log_output_dir:/leonardo_work/EUHPC_R04_192/fmohamma/Adversarial_Robust_Clip/ATPT/Diffratio_v3/ViT-L/14/Cars/ADV_Generation_eps_0.0_steps_100_Added_Noise_gaussian_Sigma_0.18_Tau_Type_noisy_num_anchors_10
image_only_attack:False
image_only_attack_type:prm
image_predicted_label_attack:False
eps:0.0
alpha:0.0
alpha_eps_ratio:4.0
steps:100
counter_attack:True
counter_attack_type:pgd
counter_attack_steps:0
counter_attack_eps:1.0
counter_attack_alpha:1.0
counter_attack_tau_thres:0.2
counter_attack_beta:2.0
counter_attack_weighted_perturbations:True
counter_attack_init_noise:gaussian
counter_attack_gaussian_sigma:0.18
counter_attack_noisy_tau_num_anchors:10
counter_attack_tau:noisy
pgd_clip_pure_i_text_embeddings:null
pgd_counter_and_clipure_i_lamda:1.0
image_feature_purify:False
image_feature_purify_type:noisy_anchor
image_feature_purify_noisy_anchors:10
image_feature_purify_anchors_alpha:1.2
image_feature_purify_noisy_sigma:0.18
image_feature_purify_diff_threshold:0.0
image_feature_clipure_steps:10
image_feature_clipure_step_size:10.0
save_plots:False
lr:0.005
selection_p:0.1
tta_steps:1
top_k:20
softmax_temp:0.01
load_tecoa:

2026-02-12 16:56:54,676 - ADV_Generation_eps_0.0_steps_100_Added_Noise_gaussian_Sigma_0.18_Tau_Type_noisy_num_anchors_10 - INFO - Use GPU: 0 for training
2026-02-12 16:57:06,570 - ADV_Generation_eps_0.0_steps_100_Added_Noise_gaussian_Sigma_0.18_Tau_Type_noisy_num_anchors_10 - INFO - => Model created: visual backbone ViT-L/14
2026-02-12 16:57:06,581 - ADV_Generation_eps_0.0_steps_100_Added_Noise_gaussian_Sigma_0.18_Tau_Type_noisy_num_anchors_10 - INFO - Number of test samples: 8041
2026-02-12 16:57:06,581 - ADV_Generation_eps_0.0_steps_100_Added_Noise_gaussian_Sigma_0.18_Tau_Type_noisy_num_anchors_10 - INFO - Evaluating dataset: Cars
2026-02-12 16:57:06,582 - ADV_Generation_eps_0.0_steps_100_Added_Noise_gaussian_Sigma_0.18_Tau_Type_noisy_num_anchors_10 - INFO - Starting evaluation with batch size: 1, selection percentage: 0.1
2026-02-12 16:57:06,582 - ADV_Generation_eps_0.0_steps_100_Added_Noise_gaussian_Sigma_0.18_Tau_Type_noisy_num_anchors_10 - INFO - Using PGD attack with epsilon: 0.000000, alpha: 0.000000, steps: 100 image only attack False image only attack type  prm image predicted label attack False
2026-02-12 16:57:06,582 - ADV_Generation_eps_0.0_steps_100_Added_Noise_gaussian_Sigma_0.18_Tau_Type_noisy_num_anchors_10 - INFO - Using counter-attack with epsilon: 1.000000, alpha: 1.000000, steps: 0
2026-02-12 16:57:06,582 - ADV_Generation_eps_0.0_steps_100_Added_Noise_gaussian_Sigma_0.18_Tau_Type_noisy_num_anchors_10 - INFO - Adversarial examples will be loaded from /leonardo_work/EUHPC_R04_192/fmohamma/Adversarial_Robust_Clip/atpt_data/ViT-L/14/Cars/adv_images_eps_0.0_alpha_0.0_steps_100 and evaluated on ViT-L/14
2026-02-12 16:57:06,584 - ADV_Generation_eps_0.0_steps_100_Added_Noise_gaussian_Sigma_0.18_Tau_Type_noisy_num_anchors_10 - INFO - Using directory for adversarial images: /leonardo_work/EUHPC_R04_192/fmohamma/Adversarial_Robust_Clip/atpt_data/ViT-L/14/Cars/adv_images_eps_0.0_alpha_0.0_steps_100
2026-02-12 16:57:07,570 - ADV_Generation_eps_0.0_steps_100_Added_Noise_gaussian_Sigma_0.18_Tau_Type_noisy_num_anchors_10 - INFO - Batch 1/8041: Clean accuracy 0.0000 | Adv accuracy: 0.0000 | Counter-attack accuracy: 0.0000
2026-02-12 16:57:08,055 - ADV_Generation_eps_0.0_steps_100_Added_Noise_gaussian_Sigma_0.18_Tau_Type_noisy_num_anchors_10 - INFO - Batch 2/8041: Clean accuracy 0.5000 | Adv accuracy: 0.5000 | Counter-attack accuracy: 0.5000
2026-02-12 16:57:08,471 - ADV_Generation_eps_0.0_steps_100_Added_Noise_gaussian_Sigma_0.18_Tau_Type_noisy_num_anchors_10 - INFO - Batch 3/8041: Clean accuracy 0.6667 | Adv accuracy: 0.6667 | Counter-attack accuracy: 0.6667
2026-02-12 16:57:08,886 - ADV_Generation_eps_0.0_steps_100_Added_Noise_gaussian_Sigma_0.18_Tau_Type_noisy_num_anchors_10 - INFO - Batch 4/8041: Clean accuracy 0.5000 | Adv accuracy: 0.5000 | Counter-attack accuracy: 0.5000
2026-02-12 16:57:09,302 - ADV_Generation_eps_0.0_steps_100_Added_Noise_gaussian_Sigma_0.18_Tau_Type_noisy_num_anchors_10 - INFO - Batch 5/8041: Clean accuracy 0.6000 | Adv accuracy: 0.6000 | Counter-attack accuracy: 0.6000
2026-02-12 16:57:09,717 - ADV_Generation_eps_0.0_steps_100_Added_Noise_gaussian_Sigma_0.18_Tau_Type_noisy_num_anchors_10 - INFO - Batch 6/8041: Clean accuracy 0.6667 | Adv accuracy: 0.6667 | Counter-attack accuracy: 0.6667
2026-02-12 16:57:10,133 - ADV_Generation_eps_0.0_steps_100_Added_Noise_gaussian_Sigma_0.18_Tau_Type_noisy_num_anchors_10 - INFO - Batch 7/8041: Clean accuracy 0.7143 | Adv accuracy: 0.7143 | Counter-attack accuracy: 0.7143
2026-02-12 16:57:10,549 - ADV_Generation_eps_0.0_steps_100_Added_Noise_gaussian_Sigma_0.18_Tau_Type_noisy_num_anchors_10 - INFO - Batch 8/8041: Clean accuracy 0.6250 | Adv accuracy: 0.6250 | Counter-attack accuracy: 0.6250
2026-02-12 16:57:10,964 - ADV_Generation_eps_0.0_steps_100_Added_Noise_gaussian_Sigma_0.18_Tau_Type_noisy_num_anchors_10 - INFO - Batch 9/8041: Clean accuracy 0.6667 | Adv accuracy: 0.6667 | Counter-attack accuracy: 0.6667
2026-02-12 16:57:11,380 - ADV_Generation_eps_0.0_steps_100_Added_Noise_gaussian_Sigma_0.18_Tau_Type_noisy_num_anchors_10 - INFO - Batch 10/8041: Clean accuracy 0.6000 | Adv accuracy: 0.6000 | Counter-attack accuracy: 0.6000
2026-02-12 16:57:11,795 - ADV_Generation_eps_0.0_steps_100_Added_Noise_gaussian_Sigma_0.18_Tau_Type_noisy_num_anchors_10 - INFO - Batch 11/8041: Clean accuracy 0.6364 | Adv accuracy: 0.6364 | Counter-attack accuracy: 0.6364
2026-02-12 16:57:12,211 - ADV_Generation_eps_0.0_steps_100_Added_Noise_gaussian_Sigma_0.18_Tau_Type_noisy_num_anchors_10 - INFO - Batch 12/8041: Clean accuracy 0.6667 | Adv accuracy: 0.6667 | Counter-attack accuracy: 0.5833
2026-02-12 16:57:12,626 - ADV_Generation_eps_0.0_steps_100_Added_Noise_gaussian_Sigma_0.18_Tau_Type_noisy_num_anchors_10 - INFO - Batch 13/8041: Clean accuracy 0.6154 | Adv accuracy: 0.6154 | Counter-attack accuracy: 0.5385
2026-02-12 16:57:13,042 - ADV_Generation_eps_0.0_steps_100_Added_Noise_gaussian_Sigma_0.18_Tau_Type_noisy_num_anchors_10 - INFO - Batch 14/8041: Clean accuracy 0.5714 | Adv accuracy: 0.5714 | Counter-attack accuracy: 0.5000
2026-02-12 16:57:13,458 - ADV_Generation_eps_0.0_steps_100_Added_Noise_gaussian_Sigma_0.18_Tau_Type_noisy_num_anchors_10 - INFO - Batch 15/8041: Clean accuracy 0.5333 | Adv accuracy: 0.5333 | Counter-attack accuracy: 0.4667
2026-02-12 16:57:13,873 - ADV_Generation_eps_0.0_steps_100_Added_Noise_gaussian_Sigma_0.18_Tau_Type_noisy_num_anchors_10 - INFO - Batch 16/8041: Clean accuracy 0.5625 | Adv accuracy: 0.5625 | Counter-attack accuracy: 0.5000
2026-02-12 16:57:14,289 - ADV_Generation_eps_0.0_steps_100_Added_Noise_gaussian_Sigma_0.18_Tau_Type_noisy_num_anchors_10 - INFO - Batch 17/8041: Clean accuracy 0.5882 | Adv accuracy: 0.5882 | Counter-attack accuracy: 0.5294
2026-02-12 16:57:14,704 - ADV_Generation_eps_0.0_steps_100_Added_Noise_gaussian_Sigma_0.18_Tau_Type_noisy_num_anchors_10 - INFO - Batch 18/8041: Clean accuracy 0.6111 | Adv accuracy: 0.6111 | Counter-attack accuracy: 0.5556
2026-02-12 16:57:15,120 - ADV_Generation_eps_0.0_steps_100_Added_Noise_gaussian_Sigma_0.18_Tau_Type_noisy_num_anchors_10 - INFO - Batch 19/8041: Clean accuracy 0.5789 | Adv accuracy: 0.5789 | Counter-attack accuracy: 0.5263
2026-02-12 16:57:15,535 - ADV_Generation_eps_0.0_steps_100_Added_Noise_gaussian_Sigma_0.18_Tau_Type_noisy_num_anchors_10 - INFO - Batch 20/8041: Clean accuracy 0.6000 | Adv accuracy: 0.6000 | Counter-attack accuracy: 0.5000
2026-02-12 16:57:15,951 - ADV_Generation_eps_0.0_steps_100_Added_Noise_gaussian_Sigma_0.18_Tau_Type_noisy_num_anchors_10 - INFO - Batch 21/8041: Clean accuracy 0.6190 | Adv accuracy: 0.6190 | Counter-attack accuracy: 0.5238
2026-02-12 16:57:16,366 - ADV_Generation_eps_0.0_steps_100_Added_Noise_gaussian_Sigma_0.18_Tau_Type_noisy_num_anchors_10 - INFO - Batch 22/8041: Clean accuracy 0.6364 | Adv accuracy: 0.6364 | Counter-attack accuracy: 0.5455
2026-02-12 16:57:16,782 - ADV_Generation_eps_0.0_steps_100_Added_Noise_gaussian_Sigma_0.18_Tau_Type_noisy_num_anchors_10 - INFO - Batch 23/8041: Clean accuracy 0.6522 | Adv accuracy: 0.6522 | Counter-attack accuracy: 0.5652
2026-02-12 16:57:17,198 - ADV_Generation_eps_0.0_steps_100_Added_Noise_gaussian_Sigma_0.18_Tau_Type_noisy_num_anchors_10 - INFO - Batch 24/8041: Clean accuracy 0.6667 | Adv accuracy: 0.6667 | Counter-attack accuracy: 0.5833
2026-02-12 16:57:17,614 - ADV_Generation_eps_0.0_steps_100_Added_Noise_gaussian_Sigma_0.18_Tau_Type_noisy_num_anchors_10 - INFO - Batch 25/8041: Clean accuracy 0.6800 | Adv accuracy: 0.6800 | Counter-attack accuracy: 0.6000
2026-02-12 16:57:18,029 - ADV_Generation_eps_0.0_steps_100_Added_Noise_gaussian_Sigma_0.18_Tau_Type_noisy_num_anchors_10 - INFO - Batch 26/8041: Clean accuracy 0.6923 | Adv accuracy: 0.6923 | Counter-attack accuracy: 0.6154
2026-02-12 16:57:18,445 - ADV_Generation_eps_0.0_steps_100_Added_Noise_gaussian_Sigma_0.18_Tau_Type_noisy_num_anchors_10 - INFO - Batch 27/8041: Clean accuracy 0.7037 | Adv accuracy: 0.7037 | Counter-attack accuracy: 0.6296
2026-02-12 16:57:18,860 - ADV_Generation_eps_0.0_steps_100_Added_Noise_gaussian_Sigma_0.18_Tau_Type_noisy_num_anchors_10 - INFO - Batch 28/8041: Clean accuracy 0.7143 | Adv accuracy: 0.7143 | Counter-attack accuracy: 0.6429
2026-02-12 16:57:19,276 - ADV_Generation_eps_0.0_steps_100_Added_Noise_gaussian_Sigma_0.18_Tau_Type_noisy_num_anchors_10 - INFO - Batch 29/8041: Clean accuracy 0.7241 | Adv accuracy: 0.7241 | Counter-attack accuracy: 0.6207
2026-02-12 16:57:19,692 - ADV_Generation_eps_0.0_steps_100_Added_Noise_gaussian_Sigma_0.18_Tau_Type_noisy_num_anchors_10 - INFO - Batch 30/8041: Clean accuracy 0.7333 | Adv accuracy: 0.7333 | Counter-attack accuracy: 0.6000
2026-02-12 16:57:20,108 - ADV_Generation_eps_0.0_steps_100_Added_Noise_gaussian_Sigma_0.18_Tau_Type_noisy_num_anchors_10 - INFO - Batch 31/8041: Clean accuracy 0.7097 | Adv accuracy: 0.7097 | Counter-attack accuracy: 0.5806
2026-02-12 16:57:20,523 - ADV_Generation_eps_0.0_steps_100_Added_Noise_gaussian_Sigma_0.18_Tau_Type_noisy_num_anchors_10 - INFO - Batch 32/8041: Clean accuracy 0.7188 | Adv accuracy: 0.7188 | Counter-attack accuracy: 0.5625
2026-02-12 16:57:20,939 - ADV_Generation_eps_0.0_steps_100_Added_Noise_gaussian_Sigma_0.18_Tau_Type_noisy_num_anchors_10 - INFO - Batch 33/8041: Clean accuracy 0.6970 | Adv accuracy: 0.6970 | Counter-attack accuracy: 0.5758
2026-02-12 16:57:21,354 - ADV_Generation_eps_0.0_steps_100_Added_Noise_gaussian_Sigma_0.18_Tau_Type_noisy_num_anchors_10 - INFO - Batch 34/8041: Clean accuracy 0.7059 | Adv accuracy: 0.7059 | Counter-attack accuracy: 0.5588
2026-02-12 16:57:21,770 - ADV_Generation_eps_0.0_steps_100_Added_Noise_gaussian_Sigma_0.18_Tau_Type_noisy_num_anchors_10 - INFO - Batch 35/8041: Clean accuracy 0.6857 | Adv accuracy: 0.6857 | Counter-attack accuracy: 0.5429
2026-02-12 16:57:22,186 - ADV_Generation_eps_0.0_steps_100_Added_Noise_gaussian_Sigma_0.18_Tau_Type_noisy_num_anchors_10 - INFO - Batch 36/8041: Clean accuracy 0.6944 | Adv accuracy: 0.6944 | Counter-attack accuracy: 0.5556
2026-02-12 16:57:22,601 - ADV_Generation_eps_0.0_steps_100_Added_Noise_gaussian_Sigma_0.18_Tau_Type_noisy_num_anchors_10 - INFO - Batch 37/8041: Clean accuracy 0.7027 | Adv accuracy: 0.7027 | Counter-attack accuracy: 0.5676
2026-02-12 16:57:23,017 - ADV_Generation_eps_0.0_steps_100_Added_Noise_gaussian_Sigma_0.18_Tau_Type_noisy_num_anchors_10 - INFO - Batch 38/8041: Clean accuracy 0.7105 | Adv accuracy: 0.7105 | Counter-attack accuracy: 0.5789
2026-02-12 16:57:23,432 - ADV_Generation_eps_0.0_steps_100_Added_Noise_gaussian_Sigma_0.18_Tau_Type_noisy_num_anchors_10 - INFO - Batch 39/8041: Clean accuracy 0.7179 | Adv accuracy: 0.7179 | Counter-attack accuracy: 0.5641
2026-02-12 16:57:23,848 - ADV_Generation_eps_0.0_steps_100_Added_Noise_gaussian_Sigma_0.18_Tau_Type_noisy_num_anchors_10 - INFO - Batch 40/8041: Clean accuracy 0.7250 | Adv accuracy: 0.7250 | Counter-attack accuracy: 0.5750
2026-02-12 16:57:24,264 - ADV_Generation_eps_0.0_steps_100_Added_Noise_gaussian_Sigma_0.18_Tau_Type_noisy_num_anchors_10 - INFO - Batch 41/8041: Clean accuracy 0.7317 | Adv accuracy: 0.7317 | Counter-attack accuracy: 0.5854
2026-02-12 16:57:24,679 - ADV_Generation_eps_0.0_steps_100_Added_Noise_gaussian_Sigma_0.18_Tau_Type_noisy_num_anchors_10 - INFO - Batch 42/8041: Clean accuracy 0.7143 | Adv accuracy: 0.7143 | Counter-attack accuracy: 0.5714
2026-02-12 16:57:25,095 - ADV_Generation_eps_0.0_steps_100_Added_Noise_gaussian_Sigma_0.18_Tau_Type_noisy_num_anchors_10 - INFO - Batch 43/8041: Clean accuracy 0.7209 | Adv accuracy: 0.7209 | Counter-attack accuracy: 0.5581
2026-02-12 16:57:25,510 - ADV_Generation_eps_0.0_steps_100_Added_Noise_gaussian_Sigma_0.18_Tau_Type_noisy_num_anchors_10 - INFO - Batch 44/8041: Clean accuracy 0.7273 | Adv accuracy: 0.7273 | Counter-attack accuracy: 0.5455
2026-02-12 16:57:25,926 - ADV_Generation_eps_0.0_steps_100_Added_Noise_gaussian_Sigma_0.18_Tau_Type_noisy_num_anchors_10 - INFO - Batch 45/8041: Clean accuracy 0.7333 | Adv accuracy: 0.7333 | Counter-attack accuracy: 0.5556
2026-02-12 16:57:26,341 - ADV_Generation_eps_0.0_steps_100_Added_Noise_gaussian_Sigma_0.18_Tau_Type_noisy_num_anchors_10 - INFO - Batch 46/8041: Clean accuracy 0.7391 | Adv accuracy: 0.7391 | Counter-attack accuracy: 0.5652
2026-02-12 16:57:26,757 - ADV_Generation_eps_0.0_steps_100_Added_Noise_gaussian_Sigma_0.18_Tau_Type_noisy_num_anchors_10 - INFO - Batch 47/8041: Clean accuracy 0.7234 | Adv accuracy: 0.7234 | Counter-attack accuracy: 0.5532
2026-02-12 16:57:27,172 - ADV_Generation_eps_0.0_steps_100_Added_Noise_gaussian_Sigma_0.18_Tau_Type_noisy_num_anchors_10 - INFO - Batch 48/8041: Clean accuracy 0.7292 | Adv accuracy: 0.7292 | Counter-attack accuracy: 0.5625
2026-02-12 16:57:27,588 - ADV_Generation_eps_0.0_steps_100_Added_Noise_gaussian_Sigma_0.18_Tau_Type_noisy_num_anchors_10 - INFO - Batch 49/8041: Clean accuracy 0.7347 | Adv accuracy: 0.7347 | Counter-attack accuracy: 0.5714
2026-02-12 16:57:28,003 - ADV_Generation_eps_0.0_steps_100_Added_Noise_gaussian_Sigma_0.18_Tau_Type_noisy_num_anchors_10 - INFO - Batch 50/8041: Clean accuracy 0.7400 | Adv accuracy: 0.7400 | Counter-attack accuracy: 0.5800
2026-02-12 16:57:28,419 - ADV_Generation_eps_0.0_steps_100_Added_Noise_gaussian_Sigma_0.18_Tau_Type_noisy_num_anchors_10 - INFO - Batch 51/8041: Clean accuracy 0.7451 | Adv accuracy: 0.7451 | Counter-attack accuracy: 0.5686
2026-02-12 16:57:28,834 - ADV_Generation_eps_0.0_steps_100_Added_Noise_gaussian_Sigma_0.18_Tau_Type_noisy_num_anchors_10 - INFO - Batch 52/8041: Clean accuracy 0.7308 | Adv accuracy: 0.7308 | Counter-attack accuracy: 0.5577
2026-02-12 16:57:29,250 - ADV_Generation_eps_0.0_steps_100_Added_Noise_gaussian_Sigma_0.18_Tau_Type_noisy_num_anchors_10 - INFO - Batch 53/8041: Clean accuracy 0.7358 | Adv accuracy: 0.7358 | Counter-attack accuracy: 0.5660
2026-02-12 16:57:29,666 - ADV_Generation_eps_0.0_steps_100_Added_Noise_gaussian_Sigma_0.18_Tau_Type_noisy_num_anchors_10 - INFO - Batch 54/8041: Clean accuracy 0.7407 | Adv accuracy: 0.7407 | Counter-attack accuracy: 0.5556
2026-02-12 16:57:30,081 - ADV_Generation_eps_0.0_steps_100_Added_Noise_gaussian_Sigma_0.18_Tau_Type_noisy_num_anchors_10 - INFO - Batch 55/8041: Clean accuracy 0.7273 | Adv accuracy: 0.7273 | Counter-attack accuracy: 0.5455
2026-02-12 16:57:30,497 - ADV_Generation_eps_0.0_steps_100_Added_Noise_gaussian_Sigma_0.18_Tau_Type_noisy_num_anchors_10 - INFO - Batch 56/8041: Clean accuracy 0.7143 | Adv accuracy: 0.7143 | Counter-attack accuracy: 0.5357
2026-02-12 16:57:30,912 - ADV_Generation_eps_0.0_steps_100_Added_Noise_gaussian_Sigma_0.18_Tau_Type_noisy_num_anchors_10 - INFO - Batch 57/8041: Clean accuracy 0.7018 | Adv accuracy: 0.7018 | Counter-attack accuracy: 0.5263
2026-02-12 16:57:31,328 - ADV_Generation_eps_0.0_steps_100_Added_Noise_gaussian_Sigma_0.18_Tau_Type_noisy_num_anchors_10 - INFO - Batch 58/8041: Clean accuracy 0.7069 | Adv accuracy: 0.7069 | Counter-attack accuracy: 0.5345
2026-02-12 16:57:31,743 - ADV_Generation_eps_0.0_steps_100_Added_Noise_gaussian_Sigma_0.18_Tau_Type_noisy_num_anchors_10 - INFO - Batch 59/8041: Clean accuracy 0.7119 | Adv accuracy: 0.7119 | Counter-attack accuracy: 0.5254
2026-02-12 16:57:32,159 - ADV_Generation_eps_0.0_steps_100_Added_Noise_gaussian_Sigma_0.18_Tau_Type_noisy_num_anchors_10 - INFO - Batch 60/8041: Clean accuracy 0.7167 | Adv accuracy: 0.7167 | Counter-attack accuracy: 0.5167
2026-02-12 16:57:32,574 - ADV_Generation_eps_0.0_steps_100_Added_Noise_gaussian_Sigma_0.18_Tau_Type_noisy_num_anchors_10 - INFO - Batch 61/8041: Clean accuracy 0.7213 | Adv accuracy: 0.7213 | Counter-attack accuracy: 0.5082
2026-02-12 16:57:32,990 - ADV_Generation_eps_0.0_steps_100_Added_Noise_gaussian_Sigma_0.18_Tau_Type_noisy_num_anchors_10 - INFO - Batch 62/8041: Clean accuracy 0.7258 | Adv accuracy: 0.7258 | Counter-attack accuracy: 0.5161
2026-02-12 16:57:33,405 - ADV_Generation_eps_0.0_steps_100_Added_Noise_gaussian_Sigma_0.18_Tau_Type_noisy_num_anchors_10 - INFO - Batch 63/8041: Clean accuracy 0.7302 | Adv accuracy: 0.7302 | Counter-attack accuracy: 0.5079
2026-02-12 16:57:33,821 - ADV_Generation_eps_0.0_steps_100_Added_Noise_gaussian_Sigma_0.18_Tau_Type_noisy_num_anchors_10 - INFO - Batch 64/8041: Clean accuracy 0.7344 | Adv accuracy: 0.7344 | Counter-attack accuracy: 0.5156
2026-02-12 16:57:34,236 - ADV_Generation_eps_0.0_steps_100_Added_Noise_gaussian_Sigma_0.18_Tau_Type_noisy_num_anchors_10 - INFO - Batch 65/8041: Clean accuracy 0.7385 | Adv accuracy: 0.7385 | Counter-attack accuracy: 0.5077
2026-02-12 16:57:34,652 - ADV_Generation_eps_0.0_steps_100_Added_Noise_gaussian_Sigma_0.18_Tau_Type_noisy_num_anchors_10 - INFO - Batch 66/8041: Clean accuracy 0.7424 | Adv accuracy: 0.7424 | Counter-attack accuracy: 0.5000
2026-02-12 16:57:35,068 - ADV_Generation_eps_0.0_steps_100_Added_Noise_gaussian_Sigma_0.18_Tau_Type_noisy_num_anchors_10 - INFO - Batch 67/8041: Clean accuracy 0.7313 | Adv accuracy: 0.7313 | Counter-attack accuracy: 0.4925
2026-02-12 16:57:35,483 - ADV_Generation_eps_0.0_steps_100_Added_Noise_gaussian_Sigma_0.18_Tau_Type_noisy_num_anchors_10 - INFO - Batch 68/8041: Clean accuracy 0.7353 | Adv accuracy: 0.7353 | Counter-attack accuracy: 0.4853
2026-02-12 16:57:35,899 - ADV_Generation_eps_0.0_steps_100_Added_Noise_gaussian_Sigma_0.18_Tau_Type_noisy_num_anchors_10 - INFO - Batch 69/8041: Clean accuracy 0.7391 | Adv accuracy: 0.7391 | Counter-attack accuracy: 0.4928
2026-02-12 16:57:36,314 - ADV_Generation_eps_0.0_steps_100_Added_Noise_gaussian_Sigma_0.18_Tau_Type_noisy_num_anchors_10 - INFO - Batch 70/8041: Clean accuracy 0.7286 | Adv accuracy: 0.7286 | Counter-attack accuracy: 0.4857
2026-02-12 16:57:36,730 - ADV_Generation_eps_0.0_steps_100_Added_Noise_gaussian_Sigma_0.18_Tau_Type_noisy_num_anchors_10 - INFO - Batch 71/8041: Clean accuracy 0.7324 | Adv accuracy: 0.7324 | Counter-attack accuracy: 0.4930
2026-02-12 16:57:37,145 - ADV_Generation_eps_0.0_steps_100_Added_Noise_gaussian_Sigma_0.18_Tau_Type_noisy_num_anchors_10 - INFO - Batch 72/8041: Clean accuracy 0.7361 | Adv accuracy: 0.7361 | Counter-attack accuracy: 0.5000
2026-02-12 16:57:37,561 - ADV_Generation_eps_0.0_steps_100_Added_Noise_gaussian_Sigma_0.18_Tau_Type_noisy_num_anchors_10 - INFO - Batch 73/8041: Clean accuracy 0.7397 | Adv accuracy: 0.7397 | Counter-attack accuracy: 0.5068
2026-02-12 16:57:37,977 - ADV_Generation_eps_0.0_steps_100_Added_Noise_gaussian_Sigma_0.18_Tau_Type_noisy_num_anchors_10 - INFO - Batch 74/8041: Clean accuracy 0.7432 | Adv accuracy: 0.7432 | Counter-attack accuracy: 0.5135
2026-02-12 16:57:38,393 - ADV_Generation_eps_0.0_steps_100_Added_Noise_gaussian_Sigma_0.18_Tau_Type_noisy_num_anchors_10 - INFO - Batch 75/8041: Clean accuracy 0.7467 | Adv accuracy: 0.7467 | Counter-attack accuracy: 0.5200
2026-02-12 16:57:38,808 - ADV_Generation_eps_0.0_steps_100_Added_Noise_gaussian_Sigma_0.18_Tau_Type_noisy_num_anchors_10 - INFO - Batch 76/8041: Clean accuracy 0.7368 | Adv accuracy: 0.7368 | Counter-attack accuracy: 0.5263
2026-02-12 16:57:39,224 - ADV_Generation_eps_0.0_steps_100_Added_Noise_gaussian_Sigma_0.18_Tau_Type_noisy_num_anchors_10 - INFO - Batch 77/8041: Clean accuracy 0.7273 | Adv accuracy: 0.7273 | Counter-attack accuracy: 0.5195
2026-02-12 16:57:39,640 - ADV_Generation_eps_0.0_steps_100_Added_Noise_gaussian_Sigma_0.18_Tau_Type_noisy_num_anchors_10 - INFO - Batch 78/8041: Clean accuracy 0.7179 | Adv accuracy: 0.7179 | Counter-attack accuracy: 0.5128
2026-02-12 16:57:40,056 - ADV_Generation_eps_0.0_steps_100_Added_Noise_gaussian_Sigma_0.18_Tau_Type_noisy_num_anchors_10 - INFO - Batch 79/8041: Clean accuracy 0.7215 | Adv accuracy: 0.7215 | Counter-attack accuracy: 0.5190
2026-02-12 16:57:40,472 - ADV_Generation_eps_0.0_steps_100_Added_Noise_gaussian_Sigma_0.18_Tau_Type_noisy_num_anchors_10 - INFO - Batch 80/8041: Clean accuracy 0.7250 | Adv accuracy: 0.7250 | Counter-attack accuracy: 0.5125
2026-02-12 16:57:40,887 - ADV_Generation_eps_0.0_steps_100_Added_Noise_gaussian_Sigma_0.18_Tau_Type_noisy_num_anchors_10 - INFO - Batch 81/8041: Clean accuracy 0.7160 | Adv accuracy: 0.7160 | Counter-attack accuracy: 0.5062
2026-02-12 16:57:41,303 - ADV_Generation_eps_0.0_steps_100_Added_Noise_gaussian_Sigma_0.18_Tau_Type_noisy_num_anchors_10 - INFO - Batch 82/8041: Clean accuracy 0.7195 | Adv accuracy: 0.7195 | Counter-attack accuracy: 0.5122
2026-02-12 16:57:41,718 - ADV_Generation_eps_0.0_steps_100_Added_Noise_gaussian_Sigma_0.18_Tau_Type_noisy_num_anchors_10 - INFO - Batch 83/8041: Clean accuracy 0.7229 | Adv accuracy: 0.7229 | Counter-attack accuracy: 0.5060
2026-02-12 16:57:42,134 - ADV_Generation_eps_0.0_steps_100_Added_Noise_gaussian_Sigma_0.18_Tau_Type_noisy_num_anchors_10 - INFO - Batch 84/8041: Clean accuracy 0.7262 | Adv accuracy: 0.7262 | Counter-attack accuracy: 0.5000
2026-02-12 16:57:42,549 - ADV_Generation_eps_0.0_steps_100_Added_Noise_gaussian_Sigma_0.18_Tau_Type_noisy_num_anchors_10 - INFO - Batch 85/8041: Clean accuracy 0.7294 | Adv accuracy: 0.7294 | Counter-attack accuracy: 0.5059
2026-02-12 16:57:42,965 - ADV_Generation_eps_0.0_steps_100_Added_Noise_gaussian_Sigma_0.18_Tau_Type_noisy_num_anchors_10 - INFO - Batch 86/8041: Clean accuracy 0.7326 | Adv accuracy: 0.7326 | Counter-attack accuracy: 0.5000
2026-02-12 16:57:43,381 - ADV_Generation_eps_0.0_steps_100_Added_Noise_gaussian_Sigma_0.18_Tau_Type_noisy_num_anchors_10 - INFO - Batch 87/8041: Clean accuracy 0.7356 | Adv accuracy: 0.7356 | Counter-attack accuracy: 0.5057
2026-02-12 16:57:43,796 - ADV_Generation_eps_0.0_steps_100_Added_Noise_gaussian_Sigma_0.18_Tau_Type_noisy_num_anchors_10 - INFO - Batch 88/8041: Clean accuracy 0.7386 | Adv accuracy: 0.7386 | Counter-attack accuracy: 0.5000
2026-02-12 16:57:44,211 - ADV_Generation_eps_0.0_steps_100_Added_Noise_gaussian_Sigma_0.18_Tau_Type_noisy_num_anchors_10 - INFO - Batch 89/8041: Clean accuracy 0.7416 | Adv accuracy: 0.7416 | Counter-attack accuracy: 0.5056
2026-02-12 16:57:44,627 - ADV_Generation_eps_0.0_steps_100_Added_Noise_gaussian_Sigma_0.18_Tau_Type_noisy_num_anchors_10 - INFO - Batch 90/8041: Clean accuracy 0.7444 | Adv accuracy: 0.7444 | Counter-attack accuracy: 0.5111
2026-02-12 16:57:45,043 - ADV_Generation_eps_0.0_steps_100_Added_Noise_gaussian_Sigma_0.18_Tau_Type_noisy_num_anchors_10 - INFO - Batch 91/8041: Clean accuracy 0.7473 | Adv accuracy: 0.7473 | Counter-attack accuracy: 0.5165
2026-02-12 16:57:45,458 - ADV_Generation_eps_0.0_steps_100_Added_Noise_gaussian_Sigma_0.18_Tau_Type_noisy_num_anchors_10 - INFO - Batch 92/8041: Clean accuracy 0.7500 | Adv accuracy: 0.7500 | Counter-attack accuracy: 0.5217
2026-02-12 16:57:45,874 - ADV_Generation_eps_0.0_steps_100_Added_Noise_gaussian_Sigma_0.18_Tau_Type_noisy_num_anchors_10 - INFO - Batch 93/8041: Clean accuracy 0.7527 | Adv accuracy: 0.7527 | Counter-attack accuracy: 0.5269
2026-02-12 16:57:46,289 - ADV_Generation_eps_0.0_steps_100_Added_Noise_gaussian_Sigma_0.18_Tau_Type_noisy_num_anchors_10 - INFO - Batch 94/8041: Clean accuracy 0.7553 | Adv accuracy: 0.7553 | Counter-attack accuracy: 0.5213
2026-02-12 16:57:46,705 - ADV_Generation_eps_0.0_steps_100_Added_Noise_gaussian_Sigma_0.18_Tau_Type_noisy_num_anchors_10 - INFO - Batch 95/8041: Clean accuracy 0.7579 | Adv accuracy: 0.7579 | Counter-attack accuracy: 0.5158
2026-02-12 16:57:47,120 - ADV_Generation_eps_0.0_steps_100_Added_Noise_gaussian_Sigma_0.18_Tau_Type_noisy_num_anchors_10 - INFO - Batch 96/8041: Clean accuracy 0.7500 | Adv accuracy: 0.7500 | Counter-attack accuracy: 0.5208
2026-02-12 16:57:47,536 - ADV_Generation_eps_0.0_steps_100_Added_Noise_gaussian_Sigma_0.18_Tau_Type_noisy_num_anchors_10 - INFO - Batch 97/8041: Clean accuracy 0.7526 | Adv accuracy: 0.7526 | Counter-attack accuracy: 0.5258
2026-02-12 16:57:47,951 - ADV_Generation_eps_0.0_steps_100_Added_Noise_gaussian_Sigma_0.18_Tau_Type_noisy_num_anchors_10 - INFO - Batch 98/8041: Clean accuracy 0.7551 | Adv accuracy: 0.7551 | Counter-attack accuracy: 0.5204
2026-02-12 16:57:48,367 - ADV_Generation_eps_0.0_steps_100_Added_Noise_gaussian_Sigma_0.18_Tau_Type_noisy_num_anchors_10 - INFO - Batch 99/8041: Clean accuracy 0.7576 | Adv accuracy: 0.7576 | Counter-attack accuracy: 0.5253
2026-02-12 16:57:48,783 - ADV_Generation_eps_0.0_steps_100_Added_Noise_gaussian_Sigma_0.18_Tau_Type_noisy_num_anchors_10 - INFO - Batch 100/8041: Clean accuracy 0.7600 | Adv accuracy: 0.7600 | Counter-attack accuracy: 0.5300
2026-02-12 16:57:49,198 - ADV_Generation_eps_0.0_steps_100_Added_Noise_gaussian_Sigma_0.18_Tau_Type_noisy_num_anchors_10 - INFO - Batch 101/8041: Clean accuracy 0.7624 | Adv accuracy: 0.7624 | Counter-attack accuracy: 0.5248
2026-02-12 16:57:49,614 - ADV_Generation_eps_0.0_steps_100_Added_Noise_gaussian_Sigma_0.18_Tau_Type_noisy_num_anchors_10 - INFO - Batch 102/8041: Clean accuracy 0.7647 | Adv accuracy: 0.7647 | Counter-attack accuracy: 0.5294
2026-02-12 16:57:50,029 - ADV_Generation_eps_0.0_steps_100_Added_Noise_gaussian_Sigma_0.18_Tau_Type_noisy_num_anchors_10 - INFO - Batch 103/8041: Clean accuracy 0.7670 | Adv accuracy: 0.7670 | Counter-attack accuracy: 0.5340
2026-02-12 16:57:50,445 - ADV_Generation_eps_0.0_steps_100_Added_Noise_gaussian_Sigma_0.18_Tau_Type_noisy_num_anchors_10 - INFO - Batch 104/8041: Clean accuracy 0.7692 | Adv accuracy: 0.7692 | Counter-attack accuracy: 0.5385
2026-02-12 16:57:50,860 - ADV_Generation_eps_0.0_steps_100_Added_Noise_gaussian_Sigma_0.18_Tau_Type_noisy_num_anchors_10 - INFO - Batch 105/8041: Clean accuracy 0.7619 | Adv accuracy: 0.7619 | Counter-attack accuracy: 0.5333
2026-02-12 16:57:51,276 - ADV_Generation_eps_0.0_steps_100_Added_Noise_gaussian_Sigma_0.18_Tau_Type_noisy_num_anchors_10 - INFO - Batch 106/8041: Clean accuracy 0.7547 | Adv accuracy: 0.7547 | Counter-attack accuracy: 0.5283
2026-02-12 16:57:51,692 - ADV_Generation_eps_0.0_steps_100_Added_Noise_gaussian_Sigma_0.18_Tau_Type_noisy_num_anchors_10 - INFO - Batch 107/8041: Clean accuracy 0.7477 | Adv accuracy: 0.7477 | Counter-attack accuracy: 0.5234
2026-02-12 16:57:52,107 - ADV_Generation_eps_0.0_steps_100_Added_Noise_gaussian_Sigma_0.18_Tau_Type_noisy_num_anchors_10 - INFO - Batch 108/8041: Clean accuracy 0.7500 | Adv accuracy: 0.7500 | Counter-attack accuracy: 0.5278
2026-02-12 16:57:52,523 - ADV_Generation_eps_0.0_steps_100_Added_Noise_gaussian_Sigma_0.18_Tau_Type_noisy_num_anchors_10 - INFO - Batch 109/8041: Clean accuracy 0.7523 | Adv accuracy: 0.7523 | Counter-attack accuracy: 0.5321
2026-02-12 16:57:52,939 - ADV_Generation_eps_0.0_steps_100_Added_Noise_gaussian_Sigma_0.18_Tau_Type_noisy_num_anchors_10 - INFO - Batch 110/8041: Clean accuracy 0.7455 | Adv accuracy: 0.7455 | Counter-attack accuracy: 0.5273
2026-02-12 16:57:53,354 - ADV_Generation_eps_0.0_steps_100_Added_Noise_gaussian_Sigma_0.18_Tau_Type_noisy_num_anchors_10 - INFO - Batch 111/8041: Clean accuracy 0.7477 | Adv accuracy: 0.7477 | Counter-attack accuracy: 0.5315
2026-02-12 16:57:53,770 - ADV_Generation_eps_0.0_steps_100_Added_Noise_gaussian_Sigma_0.18_Tau_Type_noisy_num_anchors_10 - INFO - Batch 112/8041: Clean accuracy 0.7500 | Adv accuracy: 0.7500 | Counter-attack accuracy: 0.5357
2026-02-12 16:57:54,186 - ADV_Generation_eps_0.0_steps_100_Added_Noise_gaussian_Sigma_0.18_Tau_Type_noisy_num_anchors_10 - INFO - Batch 113/8041: Clean accuracy 0.7522 | Adv accuracy: 0.7522 | Counter-attack accuracy: 0.5398
2026-02-12 16:57:54,601 - ADV_Generation_eps_0.0_steps_100_Added_Noise_gaussian_Sigma_0.18_Tau_Type_noisy_num_anchors_10 - INFO - Batch 114/8041: Clean accuracy 0.7544 | Adv accuracy: 0.7544 | Counter-attack accuracy: 0.5439
2026-02-12 16:57:55,017 - ADV_Generation_eps_0.0_steps_100_Added_Noise_gaussian_Sigma_0.18_Tau_Type_noisy_num_anchors_10 - INFO - Batch 115/8041: Clean accuracy 0.7478 | Adv accuracy: 0.7478 | Counter-attack accuracy: 0.5391
2026-02-12 16:57:55,432 - ADV_Generation_eps_0.0_steps_100_Added_Noise_gaussian_Sigma_0.18_Tau_Type_noisy_num_anchors_10 - INFO - Batch 116/8041: Clean accuracy 0.7500 | Adv accuracy: 0.7500 | Counter-attack accuracy: 0.5431
2026-02-12 16:57:55,847 - ADV_Generation_eps_0.0_steps_100_Added_Noise_gaussian_Sigma_0.18_Tau_Type_noisy_num_anchors_10 - INFO - Batch 117/8041: Clean accuracy 0.7436 | Adv accuracy: 0.7436 | Counter-attack accuracy: 0.5385
2026-02-12 16:57:56,263 - ADV_Generation_eps_0.0_steps_100_Added_Noise_gaussian_Sigma_0.18_Tau_Type_noisy_num_anchors_10 - INFO - Batch 118/8041: Clean accuracy 0.7373 | Adv accuracy: 0.7373 | Counter-attack accuracy: 0.5424
2026-02-12 16:57:56,678 - ADV_Generation_eps_0.0_steps_100_Added_Noise_gaussian_Sigma_0.18_Tau_Type_noisy_num_anchors_10 - INFO - Batch 119/8041: Clean accuracy 0.7311 | Adv accuracy: 0.7311 | Counter-attack accuracy: 0.5462
2026-02-12 16:57:57,094 - ADV_Generation_eps_0.0_steps_100_Added_Noise_gaussian_Sigma_0.18_Tau_Type_noisy_num_anchors_10 - INFO - Batch 120/8041: Clean accuracy 0.7333 | Adv accuracy: 0.7333 | Counter-attack accuracy: 0.5500
2026-02-12 16:57:57,509 - ADV_Generation_eps_0.0_steps_100_Added_Noise_gaussian_Sigma_0.18_Tau_Type_noisy_num_anchors_10 - INFO - Batch 121/8041: Clean accuracy 0.7273 | Adv accuracy: 0.7273 | Counter-attack accuracy: 0.5455
2026-02-12 16:57:57,925 - ADV_Generation_eps_0.0_steps_100_Added_Noise_gaussian_Sigma_0.18_Tau_Type_noisy_num_anchors_10 - INFO - Batch 122/8041: Clean accuracy 0.7295 | Adv accuracy: 0.7295 | Counter-attack accuracy: 0.5410
2026-02-12 16:57:58,340 - ADV_Generation_eps_0.0_steps_100_Added_Noise_gaussian_Sigma_0.18_Tau_Type_noisy_num_anchors_10 - INFO - Batch 123/8041: Clean accuracy 0.7317 | Adv accuracy: 0.7317 | Counter-attack accuracy: 0.5366
2026-02-12 16:57:58,756 - ADV_Generation_eps_0.0_steps_100_Added_Noise_gaussian_Sigma_0.18_Tau_Type_noisy_num_anchors_10 - INFO - Batch 124/8041: Clean accuracy 0.7258 | Adv accuracy: 0.7258 | Counter-attack accuracy: 0.5323
2026-02-12 16:57:59,171 - ADV_Generation_eps_0.0_steps_100_Added_Noise_gaussian_Sigma_0.18_Tau_Type_noisy_num_anchors_10 - INFO - Batch 125/8041: Clean accuracy 0.7200 | Adv accuracy: 0.7200 | Counter-attack accuracy: 0.5280
2026-02-12 16:57:59,587 - ADV_Generation_eps_0.0_steps_100_Added_Noise_gaussian_Sigma_0.18_Tau_Type_noisy_num_anchors_10 - INFO - Batch 126/8041: Clean accuracy 0.7222 | Adv accuracy: 0.7222 | Counter-attack accuracy: 0.5317
2026-02-12 16:58:00,002 - ADV_Generation_eps_0.0_steps_100_Added_Noise_gaussian_Sigma_0.18_Tau_Type_noisy_num_anchors_10 - INFO - Batch 127/8041: Clean accuracy 0.7244 | Adv accuracy: 0.7244 | Counter-attack accuracy: 0.5276
2026-02-12 16:58:00,418 - ADV_Generation_eps_0.0_steps_100_Added_Noise_gaussian_Sigma_0.18_Tau_Type_noisy_num_anchors_10 - INFO - Batch 128/8041: Clean accuracy 0.7266 | Adv accuracy: 0.7266 | Counter-attack accuracy: 0.5312
2026-02-12 16:58:00,833 - ADV_Generation_eps_0.0_steps_100_Added_Noise_gaussian_Sigma_0.18_Tau_Type_noisy_num_anchors_10 - INFO - Batch 129/8041: Clean accuracy 0.7287 | Adv accuracy: 0.7287 | Counter-attack accuracy: 0.5271
2026-02-12 16:58:01,249 - ADV_Generation_eps_0.0_steps_100_Added_Noise_gaussian_Sigma_0.18_Tau_Type_noisy_num_anchors_10 - INFO - Batch 130/8041: Clean accuracy 0.7308 | Adv accuracy: 0.7308 | Counter-attack accuracy: 0.5308
2026-02-12 16:58:01,665 - ADV_Generation_eps_0.0_steps_100_Added_Noise_gaussian_Sigma_0.18_Tau_Type_noisy_num_anchors_10 - INFO - Batch 131/8041: Clean accuracy 0.7328 | Adv accuracy: 0.7328 | Counter-attack accuracy: 0.5267
2026-02-12 16:58:02,080 - ADV_Generation_eps_0.0_steps_100_Added_Noise_gaussian_Sigma_0.18_Tau_Type_noisy_num_anchors_10 - INFO - Batch 132/8041: Clean accuracy 0.7273 | Adv accuracy: 0.7273 | Counter-attack accuracy: 0.5227
2026-02-12 16:58:02,496 - ADV_Generation_eps_0.0_steps_100_Added_Noise_gaussian_Sigma_0.18_Tau_Type_noisy_num_anchors_10 - INFO - Batch 133/8041: Clean accuracy 0.7218 | Adv accuracy: 0.7218 | Counter-attack accuracy: 0.5188
2026-02-12 16:58:02,911 - ADV_Generation_eps_0.0_steps_100_Added_Noise_gaussian_Sigma_0.18_Tau_Type_noisy_num_anchors_10 - INFO - Batch 134/8041: Clean accuracy 0.7164 | Adv accuracy: 0.7164 | Counter-attack accuracy: 0.5149
2026-02-12 16:58:03,327 - ADV_Generation_eps_0.0_steps_100_Added_Noise_gaussian_Sigma_0.18_Tau_Type_noisy_num_anchors_10 - INFO - Batch 135/8041: Clean accuracy 0.7111 | Adv accuracy: 0.7111 | Counter-attack accuracy: 0.5111
2026-02-12 16:58:03,742 - ADV_Generation_eps_0.0_steps_100_Added_Noise_gaussian_Sigma_0.18_Tau_Type_noisy_num_anchors_10 - INFO - Batch 136/8041: Clean accuracy 0.7132 | Adv accuracy: 0.7132 | Counter-attack accuracy: 0.5074
2026-02-12 16:58:04,158 - ADV_Generation_eps_0.0_steps_100_Added_Noise_gaussian_Sigma_0.18_Tau_Type_noisy_num_anchors_10 - INFO - Batch 137/8041: Clean accuracy 0.7153 | Adv accuracy: 0.7153 | Counter-attack accuracy: 0.5109
2026-02-12 16:58:04,574 - ADV_Generation_eps_0.0_steps_100_Added_Noise_gaussian_Sigma_0.18_Tau_Type_noisy_num_anchors_10 - INFO - Batch 138/8041: Clean accuracy 0.7174 | Adv accuracy: 0.7174 | Counter-attack accuracy: 0.5072
2026-02-12 16:58:04,989 - ADV_Generation_eps_0.0_steps_100_Added_Noise_gaussian_Sigma_0.18_Tau_Type_noisy_num_anchors_10 - INFO - Batch 139/8041: Clean accuracy 0.7194 | Adv accuracy: 0.7194 | Counter-attack accuracy: 0.5036
2026-02-12 16:58:05,404 - ADV_Generation_eps_0.0_steps_100_Added_Noise_gaussian_Sigma_0.18_Tau_Type_noisy_num_anchors_10 - INFO - Batch 140/8041: Clean accuracy 0.7214 | Adv accuracy: 0.7214 | Counter-attack accuracy: 0.5071
2026-02-12 16:58:05,820 - ADV_Generation_eps_0.0_steps_100_Added_Noise_gaussian_Sigma_0.18_Tau_Type_noisy_num_anchors_10 - INFO - Batch 141/8041: Clean accuracy 0.7234 | Adv accuracy: 0.7234 | Counter-attack accuracy: 0.5035
2026-02-12 16:58:06,236 - ADV_Generation_eps_0.0_steps_100_Added_Noise_gaussian_Sigma_0.18_Tau_Type_noisy_num_anchors_10 - INFO - Batch 142/8041: Clean accuracy 0.7254 | Adv accuracy: 0.7254 | Counter-attack accuracy: 0.5000
2026-02-12 16:58:06,651 - ADV_Generation_eps_0.0_steps_100_Added_Noise_gaussian_Sigma_0.18_Tau_Type_noisy_num_anchors_10 - INFO - Batch 143/8041: Clean accuracy 0.7273 | Adv accuracy: 0.7273 | Counter-attack accuracy: 0.5035
2026-02-12 16:58:07,067 - ADV_Generation_eps_0.0_steps_100_Added_Noise_gaussian_Sigma_0.18_Tau_Type_noisy_num_anchors_10 - INFO - Batch 144/8041: Clean accuracy 0.7222 | Adv accuracy: 0.7222 | Counter-attack accuracy: 0.5000
2026-02-12 16:58:07,482 - ADV_Generation_eps_0.0_steps_100_Added_Noise_gaussian_Sigma_0.18_Tau_Type_noisy_num_anchors_10 - INFO - Batch 145/8041: Clean accuracy 0.7241 | Adv accuracy: 0.7241 | Counter-attack accuracy: 0.4966
2026-02-12 16:58:07,898 - ADV_Generation_eps_0.0_steps_100_Added_Noise_gaussian_Sigma_0.18_Tau_Type_noisy_num_anchors_10 - INFO - Batch 146/8041: Clean accuracy 0.7260 | Adv accuracy: 0.7260 | Counter-attack accuracy: 0.5000
2026-02-12 16:58:08,313 - ADV_Generation_eps_0.0_steps_100_Added_Noise_gaussian_Sigma_0.18_Tau_Type_noisy_num_anchors_10 - INFO - Batch 147/8041: Clean accuracy 0.7279 | Adv accuracy: 0.7279 | Counter-attack accuracy: 0.5034
2026-02-12 16:58:08,729 - ADV_Generation_eps_0.0_steps_100_Added_Noise_gaussian_Sigma_0.18_Tau_Type_noisy_num_anchors_10 - INFO - Batch 148/8041: Clean accuracy 0.7230 | Adv accuracy: 0.7230 | Counter-attack accuracy: 0.5000
2026-02-12 16:58:09,144 - ADV_Generation_eps_0.0_steps_100_Added_Noise_gaussian_Sigma_0.18_Tau_Type_noisy_num_anchors_10 - INFO - Batch 149/8041: Clean accuracy 0.7248 | Adv accuracy: 0.7248 | Counter-attack accuracy: 0.4966
2026-02-12 16:58:09,560 - ADV_Generation_eps_0.0_steps_100_Added_Noise_gaussian_Sigma_0.18_Tau_Type_noisy_num_anchors_10 - INFO - Batch 150/8041: Clean accuracy 0.7200 | Adv accuracy: 0.7200 | Counter-attack accuracy: 0.5000
2026-02-12 16:58:09,975 - ADV_Generation_eps_0.0_steps_100_Added_Noise_gaussian_Sigma_0.18_Tau_Type_noisy_num_anchors_10 - INFO - Batch 151/8041: Clean accuracy 0.7219 | Adv accuracy: 0.7219 | Counter-attack accuracy: 0.5033
2026-02-12 16:58:10,391 - ADV_Generation_eps_0.0_steps_100_Added_Noise_gaussian_Sigma_0.18_Tau_Type_noisy_num_anchors_10 - INFO - Batch 152/8041: Clean accuracy 0.7171 | Adv accuracy: 0.7171 | Counter-attack accuracy: 0.5000
2026-02-12 16:58:10,806 - ADV_Generation_eps_0.0_steps_100_Added_Noise_gaussian_Sigma_0.18_Tau_Type_noisy_num_anchors_10 - INFO - Batch 153/8041: Clean accuracy 0.7190 | Adv accuracy: 0.7190 | Counter-attack accuracy: 0.5033
2026-02-12 16:58:11,222 - ADV_Generation_eps_0.0_steps_100_Added_Noise_gaussian_Sigma_0.18_Tau_Type_noisy_num_anchors_10 - INFO - Batch 154/8041: Clean accuracy 0.7208 | Adv accuracy: 0.7208 | Counter-attack accuracy: 0.5065
2026-02-12 16:58:11,637 - ADV_Generation_eps_0.0_steps_100_Added_Noise_gaussian_Sigma_0.18_Tau_Type_noisy_num_anchors_10 - INFO - Batch 155/8041: Clean accuracy 0.7226 | Adv accuracy: 0.7226 | Counter-attack accuracy: 0.5032
2026-02-12 16:58:12,053 - ADV_Generation_eps_0.0_steps_100_Added_Noise_gaussian_Sigma_0.18_Tau_Type_noisy_num_anchors_10 - INFO - Batch 156/8041: Clean accuracy 0.7244 | Adv accuracy: 0.7244 | Counter-attack accuracy: 0.5064
2026-02-12 16:58:12,468 - ADV_Generation_eps_0.0_steps_100_Added_Noise_gaussian_Sigma_0.18_Tau_Type_noisy_num_anchors_10 - INFO - Batch 157/8041: Clean accuracy 0.7261 | Adv accuracy: 0.7261 | Counter-attack accuracy: 0.5032
2026-02-12 16:58:12,884 - ADV_Generation_eps_0.0_steps_100_Added_Noise_gaussian_Sigma_0.18_Tau_Type_noisy_num_anchors_10 - INFO - Batch 158/8041: Clean accuracy 0.7278 | Adv accuracy: 0.7278 | Counter-attack accuracy: 0.5063
2026-02-12 16:58:13,299 - ADV_Generation_eps_0.0_steps_100_Added_Noise_gaussian_Sigma_0.18_Tau_Type_noisy_num_anchors_10 - INFO - Batch 159/8041: Clean accuracy 0.7296 | Adv accuracy: 0.7296 | Counter-attack accuracy: 0.5094
2026-02-12 16:58:13,715 - ADV_Generation_eps_0.0_steps_100_Added_Noise_gaussian_Sigma_0.18_Tau_Type_noisy_num_anchors_10 - INFO - Batch 160/8041: Clean accuracy 0.7312 | Adv accuracy: 0.7312 | Counter-attack accuracy: 0.5125
2026-02-12 16:58:14,130 - ADV_Generation_eps_0.0_steps_100_Added_Noise_gaussian_Sigma_0.18_Tau_Type_noisy_num_anchors_10 - INFO - Batch 161/8041: Clean accuracy 0.7329 | Adv accuracy: 0.7329 | Counter-attack accuracy: 0.5093
2026-02-12 16:58:14,546 - ADV_Generation_eps_0.0_steps_100_Added_Noise_gaussian_Sigma_0.18_Tau_Type_noisy_num_anchors_10 - INFO - Batch 162/8041: Clean accuracy 0.7284 | Adv accuracy: 0.7284 | Counter-attack accuracy: 0.5062
2026-02-12 16:58:14,962 - ADV_Generation_eps_0.0_steps_100_Added_Noise_gaussian_Sigma_0.18_Tau_Type_noisy_num_anchors_10 - INFO - Batch 163/8041: Clean accuracy 0.7301 | Adv accuracy: 0.7301 | Counter-attack accuracy: 0.5031
2026-02-12 16:58:15,378 - ADV_Generation_eps_0.0_steps_100_Added_Noise_gaussian_Sigma_0.18_Tau_Type_noisy_num_anchors_10 - INFO - Batch 164/8041: Clean accuracy 0.7317 | Adv accuracy: 0.7317 | Counter-attack accuracy: 0.5061
2026-02-12 16:58:15,793 - ADV_Generation_eps_0.0_steps_100_Added_Noise_gaussian_Sigma_0.18_Tau_Type_noisy_num_anchors_10 - INFO - Batch 165/8041: Clean accuracy 0.7333 | Adv accuracy: 0.7333 | Counter-attack accuracy: 0.5030
2026-02-12 16:58:16,209 - ADV_Generation_eps_0.0_steps_100_Added_Noise_gaussian_Sigma_0.18_Tau_Type_noisy_num_anchors_10 - INFO - Batch 166/8041: Clean accuracy 0.7289 | Adv accuracy: 0.7289 | Counter-attack accuracy: 0.5000
2026-02-12 16:58:16,624 - ADV_Generation_eps_0.0_steps_100_Added_Noise_gaussian_Sigma_0.18_Tau_Type_noisy_num_anchors_10 - INFO - Batch 167/8041: Clean accuracy 0.7305 | Adv accuracy: 0.7305 | Counter-attack accuracy: 0.4970
2026-02-12 16:58:17,040 - ADV_Generation_eps_0.0_steps_100_Added_Noise_gaussian_Sigma_0.18_Tau_Type_noisy_num_anchors_10 - INFO - Batch 168/8041: Clean accuracy 0.7321 | Adv accuracy: 0.7321 | Counter-attack accuracy: 0.5000
2026-02-12 16:58:17,455 - ADV_Generation_eps_0.0_steps_100_Added_Noise_gaussian_Sigma_0.18_Tau_Type_noisy_num_anchors_10 - INFO - Batch 169/8041: Clean accuracy 0.7337 | Adv accuracy: 0.7337 | Counter-attack accuracy: 0.5030
2026-02-12 16:58:17,871 - ADV_Generation_eps_0.0_steps_100_Added_Noise_gaussian_Sigma_0.18_Tau_Type_noisy_num_anchors_10 - INFO - Batch 170/8041: Clean accuracy 0.7353 | Adv accuracy: 0.7353 | Counter-attack accuracy: 0.5059
2026-02-12 16:58:18,286 - ADV_Generation_eps_0.0_steps_100_Added_Noise_gaussian_Sigma_0.18_Tau_Type_noisy_num_anchors_10 - INFO - Batch 171/8041: Clean accuracy 0.7368 | Adv accuracy: 0.7368 | Counter-attack accuracy: 0.5088
2026-02-12 16:58:18,702 - ADV_Generation_eps_0.0_steps_100_Added_Noise_gaussian_Sigma_0.18_Tau_Type_noisy_num_anchors_10 - INFO - Batch 172/8041: Clean accuracy 0.7384 | Adv accuracy: 0.7384 | Counter-attack accuracy: 0.5116
2026-02-12 16:58:19,117 - ADV_Generation_eps_0.0_steps_100_Added_Noise_gaussian_Sigma_0.18_Tau_Type_noisy_num_anchors_10 - INFO - Batch 173/8041: Clean accuracy 0.7399 | Adv accuracy: 0.7399 | Counter-attack accuracy: 0.5145
2026-02-12 16:58:19,533 - ADV_Generation_eps_0.0_steps_100_Added_Noise_gaussian_Sigma_0.18_Tau_Type_noisy_num_anchors_10 - INFO - Batch 174/8041: Clean accuracy 0.7414 | Adv accuracy: 0.7414 | Counter-attack accuracy: 0.5115
2026-02-12 16:58:19,948 - ADV_Generation_eps_0.0_steps_100_Added_Noise_gaussian_Sigma_0.18_Tau_Type_noisy_num_anchors_10 - INFO - Batch 175/8041: Clean accuracy 0.7429 | Adv accuracy: 0.7429 | Counter-attack accuracy: 0.5143
2026-02-12 16:58:20,364 - ADV_Generation_eps_0.0_steps_100_Added_Noise_gaussian_Sigma_0.18_Tau_Type_noisy_num_anchors_10 - INFO - Batch 176/8041: Clean accuracy 0.7443 | Adv accuracy: 0.7443 | Counter-attack accuracy: 0.5170
2026-02-12 16:58:20,779 - ADV_Generation_eps_0.0_steps_100_Added_Noise_gaussian_Sigma_0.18_Tau_Type_noisy_num_anchors_10 - INFO - Batch 177/8041: Clean accuracy 0.7458 | Adv accuracy: 0.7458 | Counter-attack accuracy: 0.5198
2026-02-12 16:58:21,195 - ADV_Generation_eps_0.0_steps_100_Added_Noise_gaussian_Sigma_0.18_Tau_Type_noisy_num_anchors_10 - INFO - Batch 178/8041: Clean accuracy 0.7416 | Adv accuracy: 0.7416 | Counter-attack accuracy: 0.5225
2026-02-12 16:58:21,611 - ADV_Generation_eps_0.0_steps_100_Added_Noise_gaussian_Sigma_0.18_Tau_Type_noisy_num_anchors_10 - INFO - Batch 179/8041: Clean accuracy 0.7374 | Adv accuracy: 0.7374 | Counter-attack accuracy: 0.5196
2026-02-12 16:58:22,026 - ADV_Generation_eps_0.0_steps_100_Added_Noise_gaussian_Sigma_0.18_Tau_Type_noisy_num_anchors_10 - INFO - Batch 180/8041: Clean accuracy 0.7389 | Adv accuracy: 0.7389 | Counter-attack accuracy: 0.5222
2026-02-12 16:58:22,441 - ADV_Generation_eps_0.0_steps_100_Added_Noise_gaussian_Sigma_0.18_Tau_Type_noisy_num_anchors_10 - INFO - Batch 181/8041: Clean accuracy 0.7348 | Adv accuracy: 0.7348 | Counter-attack accuracy: 0.5249
2026-02-12 16:58:22,858 - ADV_Generation_eps_0.0_steps_100_Added_Noise_gaussian_Sigma_0.18_Tau_Type_noisy_num_anchors_10 - INFO - Batch 182/8041: Clean accuracy 0.7363 | Adv accuracy: 0.7363 | Counter-attack accuracy: 0.5275
2026-02-12 16:58:23,273 - ADV_Generation_eps_0.0_steps_100_Added_Noise_gaussian_Sigma_0.18_Tau_Type_noisy_num_anchors_10 - INFO - Batch 183/8041: Clean accuracy 0.7377 | Adv accuracy: 0.7377 | Counter-attack accuracy: 0.5246
2026-02-12 16:58:23,689 - ADV_Generation_eps_0.0_steps_100_Added_Noise_gaussian_Sigma_0.18_Tau_Type_noisy_num_anchors_10 - INFO - Batch 184/8041: Clean accuracy 0.7337 | Adv accuracy: 0.7337 | Counter-attack accuracy: 0.5217
2026-02-12 16:58:24,104 - ADV_Generation_eps_0.0_steps_100_Added_Noise_gaussian_Sigma_0.18_Tau_Type_noisy_num_anchors_10 - INFO - Batch 185/8041: Clean accuracy 0.7297 | Adv accuracy: 0.7297 | Counter-attack accuracy: 0.5189
2026-02-12 16:58:24,520 - ADV_Generation_eps_0.0_steps_100_Added_Noise_gaussian_Sigma_0.18_Tau_Type_noisy_num_anchors_10 - INFO - Batch 186/8041: Clean accuracy 0.7258 | Adv accuracy: 0.7258 | Counter-attack accuracy: 0.5215
2026-02-12 16:58:24,935 - ADV_Generation_eps_0.0_steps_100_Added_Noise_gaussian_Sigma_0.18_Tau_Type_noisy_num_anchors_10 - INFO - Batch 187/8041: Clean accuracy 0.7273 | Adv accuracy: 0.7273 | Counter-attack accuracy: 0.5241
2026-02-12 16:58:25,351 - ADV_Generation_eps_0.0_steps_100_Added_Noise_gaussian_Sigma_0.18_Tau_Type_noisy_num_anchors_10 - INFO - Batch 188/8041: Clean accuracy 0.7287 | Adv accuracy: 0.7287 | Counter-attack accuracy: 0.5266
2026-02-12 16:58:25,766 - ADV_Generation_eps_0.0_steps_100_Added_Noise_gaussian_Sigma_0.18_Tau_Type_noisy_num_anchors_10 - INFO - Batch 189/8041: Clean accuracy 0.7302 | Adv accuracy: 0.7302 | Counter-attack accuracy: 0.5291
2026-02-12 16:58:26,182 - ADV_Generation_eps_0.0_steps_100_Added_Noise_gaussian_Sigma_0.18_Tau_Type_noisy_num_anchors_10 - INFO - Batch 190/8041: Clean accuracy 0.7316 | Adv accuracy: 0.7316 | Counter-attack accuracy: 0.5316
2026-02-12 16:58:26,597 - ADV_Generation_eps_0.0_steps_100_Added_Noise_gaussian_Sigma_0.18_Tau_Type_noisy_num_anchors_10 - INFO - Batch 191/8041: Clean accuracy 0.7277 | Adv accuracy: 0.7277 | Counter-attack accuracy: 0.5340
2026-02-12 16:58:27,013 - ADV_Generation_eps_0.0_steps_100_Added_Noise_gaussian_Sigma_0.18_Tau_Type_noisy_num_anchors_10 - INFO - Batch 192/8041: Clean accuracy 0.7292 | Adv accuracy: 0.7292 | Counter-attack accuracy: 0.5365
2026-02-12 16:58:27,429 - ADV_Generation_eps_0.0_steps_100_Added_Noise_gaussian_Sigma_0.18_Tau_Type_noisy_num_anchors_10 - INFO - Batch 193/8041: Clean accuracy 0.7254 | Adv accuracy: 0.7254 | Counter-attack accuracy: 0.5337
2026-02-12 16:58:27,844 - ADV_Generation_eps_0.0_steps_100_Added_Noise_gaussian_Sigma_0.18_Tau_Type_noisy_num_anchors_10 - INFO - Batch 194/8041: Clean accuracy 0.7268 | Adv accuracy: 0.7268 | Counter-attack accuracy: 0.5361
2026-02-12 16:58:28,260 - ADV_Generation_eps_0.0_steps_100_Added_Noise_gaussian_Sigma_0.18_Tau_Type_noisy_num_anchors_10 - INFO - Batch 195/8041: Clean accuracy 0.7231 | Adv accuracy: 0.7231 | Counter-attack accuracy: 0.5333
2026-02-12 16:58:28,675 - ADV_Generation_eps_0.0_steps_100_Added_Noise_gaussian_Sigma_0.18_Tau_Type_noisy_num_anchors_10 - INFO - Batch 196/8041: Clean accuracy 0.7245 | Adv accuracy: 0.7245 | Counter-attack accuracy: 0.5357
2026-02-12 16:58:29,091 - ADV_Generation_eps_0.0_steps_100_Added_Noise_gaussian_Sigma_0.18_Tau_Type_noisy_num_anchors_10 - INFO - Batch 197/8041: Clean accuracy 0.7259 | Adv accuracy: 0.7259 | Counter-attack accuracy: 0.5381
2026-02-12 16:58:29,507 - ADV_Generation_eps_0.0_steps_100_Added_Noise_gaussian_Sigma_0.18_Tau_Type_noisy_num_anchors_10 - INFO - Batch 198/8041: Clean accuracy 0.7273 | Adv accuracy: 0.7273 | Counter-attack accuracy: 0.5404
2026-02-12 16:58:29,922 - ADV_Generation_eps_0.0_steps_100_Added_Noise_gaussian_Sigma_0.18_Tau_Type_noisy_num_anchors_10 - INFO - Batch 199/8041: Clean accuracy 0.7236 | Adv accuracy: 0.7236 | Counter-attack accuracy: 0.5377
2026-02-12 16:58:30,337 - ADV_Generation_eps_0.0_steps_100_Added_Noise_gaussian_Sigma_0.18_Tau_Type_noisy_num_anchors_10 - INFO - Batch 200/8041: Clean accuracy 0.7250 | Adv accuracy: 0.7250 | Counter-attack accuracy: 0.5400
2026-02-12 16:58:30,753 - ADV_Generation_eps_0.0_steps_100_Added_Noise_gaussian_Sigma_0.18_Tau_Type_noisy_num_anchors_10 - INFO - Batch 201/8041: Clean accuracy 0.7264 | Adv accuracy: 0.7264 | Counter-attack accuracy: 0.5373
2026-02-12 16:58:31,168 - ADV_Generation_eps_0.0_steps_100_Added_Noise_gaussian_Sigma_0.18_Tau_Type_noisy_num_anchors_10 - INFO - Batch 202/8041: Clean accuracy 0.7277 | Adv accuracy: 0.7277 | Counter-attack accuracy: 0.5396
2026-02-12 16:58:31,584 - ADV_Generation_eps_0.0_steps_100_Added_Noise_gaussian_Sigma_0.18_Tau_Type_noisy_num_anchors_10 - INFO - Batch 203/8041: Clean accuracy 0.7291 | Adv accuracy: 0.7291 | Counter-attack accuracy: 0.5419
2026-02-12 16:58:31,999 - ADV_Generation_eps_0.0_steps_100_Added_Noise_gaussian_Sigma_0.18_Tau_Type_noisy_num_anchors_10 - INFO - Batch 204/8041: Clean accuracy 0.7255 | Adv accuracy: 0.7255 | Counter-attack accuracy: 0.5441
2026-02-12 16:58:32,415 - ADV_Generation_eps_0.0_steps_100_Added_Noise_gaussian_Sigma_0.18_Tau_Type_noisy_num_anchors_10 - INFO - Batch 205/8041: Clean accuracy 0.7220 | Adv accuracy: 0.7220 | Counter-attack accuracy: 0.5415
2026-02-12 16:58:32,830 - ADV_Generation_eps_0.0_steps_100_Added_Noise_gaussian_Sigma_0.18_Tau_Type_noisy_num_anchors_10 - INFO - Batch 206/8041: Clean accuracy 0.7233 | Adv accuracy: 0.7233 | Counter-attack accuracy: 0.5437
2026-02-12 16:58:33,246 - ADV_Generation_eps_0.0_steps_100_Added_Noise_gaussian_Sigma_0.18_Tau_Type_noisy_num_anchors_10 - INFO - Batch 207/8041: Clean accuracy 0.7246 | Adv accuracy: 0.7246 | Counter-attack accuracy: 0.5411
2026-02-12 16:58:33,661 - ADV_Generation_eps_0.0_steps_100_Added_Noise_gaussian_Sigma_0.18_Tau_Type_noisy_num_anchors_10 - INFO - Batch 208/8041: Clean accuracy 0.7212 | Adv accuracy: 0.7212 | Counter-attack accuracy: 0.5385
2026-02-12 16:58:34,077 - ADV_Generation_eps_0.0_steps_100_Added_Noise_gaussian_Sigma_0.18_Tau_Type_noisy_num_anchors_10 - INFO - Batch 209/8041: Clean accuracy 0.7177 | Adv accuracy: 0.7177 | Counter-attack accuracy: 0.5359
2026-02-12 16:58:34,492 - ADV_Generation_eps_0.0_steps_100_Added_Noise_gaussian_Sigma_0.18_Tau_Type_noisy_num_anchors_10 - INFO - Batch 210/8041: Clean accuracy 0.7190 | Adv accuracy: 0.7190 | Counter-attack accuracy: 0.5381
2026-02-12 16:58:34,908 - ADV_Generation_eps_0.0_steps_100_Added_Noise_gaussian_Sigma_0.18_Tau_Type_noisy_num_anchors_10 - INFO - Batch 211/8041: Clean accuracy 0.7156 | Adv accuracy: 0.7156 | Counter-attack accuracy: 0.5403
2026-02-12 16:58:35,323 - ADV_Generation_eps_0.0_steps_100_Added_Noise_gaussian_Sigma_0.18_Tau_Type_noisy_num_anchors_10 - INFO - Batch 212/8041: Clean accuracy 0.7170 | Adv accuracy: 0.7170 | Counter-attack accuracy: 0.5425
2026-02-12 16:58:35,738 - ADV_Generation_eps_0.0_steps_100_Added_Noise_gaussian_Sigma_0.18_Tau_Type_noisy_num_anchors_10 - INFO - Batch 213/8041: Clean accuracy 0.7183 | Adv accuracy: 0.7183 | Counter-attack accuracy: 0.5446
2026-02-12 16:58:36,154 - ADV_Generation_eps_0.0_steps_100_Added_Noise_gaussian_Sigma_0.18_Tau_Type_noisy_num_anchors_10 - INFO - Batch 214/8041: Clean accuracy 0.7196 | Adv accuracy: 0.7196 | Counter-attack accuracy: 0.5421
2026-02-12 16:58:36,569 - ADV_Generation_eps_0.0_steps_100_Added_Noise_gaussian_Sigma_0.18_Tau_Type_noisy_num_anchors_10 - INFO - Batch 215/8041: Clean accuracy 0.7209 | Adv accuracy: 0.7209 | Counter-attack accuracy: 0.5442
2026-02-12 16:58:36,985 - ADV_Generation_eps_0.0_steps_100_Added_Noise_gaussian_Sigma_0.18_Tau_Type_noisy_num_anchors_10 - INFO - Batch 216/8041: Clean accuracy 0.7222 | Adv accuracy: 0.7222 | Counter-attack accuracy: 0.5463
2026-02-12 16:58:37,400 - ADV_Generation_eps_0.0_steps_100_Added_Noise_gaussian_Sigma_0.18_Tau_Type_noisy_num_anchors_10 - INFO - Batch 217/8041: Clean accuracy 0.7235 | Adv accuracy: 0.7235 | Counter-attack accuracy: 0.5484
2026-02-12 16:58:37,816 - ADV_Generation_eps_0.0_steps_100_Added_Noise_gaussian_Sigma_0.18_Tau_Type_noisy_num_anchors_10 - INFO - Batch 218/8041: Clean accuracy 0.7248 | Adv accuracy: 0.7248 | Counter-attack accuracy: 0.5505
2026-02-12 16:58:38,232 - ADV_Generation_eps_0.0_steps_100_Added_Noise_gaussian_Sigma_0.18_Tau_Type_noisy_num_anchors_10 - INFO - Batch 219/8041: Clean accuracy 0.7215 | Adv accuracy: 0.7215 | Counter-attack accuracy: 0.5479
2026-02-12 16:58:38,647 - ADV_Generation_eps_0.0_steps_100_Added_Noise_gaussian_Sigma_0.18_Tau_Type_noisy_num_anchors_10 - INFO - Batch 220/8041: Clean accuracy 0.7182 | Adv accuracy: 0.7182 | Counter-attack accuracy: 0.5455
2026-02-12 16:58:39,063 - ADV_Generation_eps_0.0_steps_100_Added_Noise_gaussian_Sigma_0.18_Tau_Type_noisy_num_anchors_10 - INFO - Batch 221/8041: Clean accuracy 0.7149 | Adv accuracy: 0.7149 | Counter-attack accuracy: 0.5475
2026-02-12 16:58:39,478 - ADV_Generation_eps_0.0_steps_100_Added_Noise_gaussian_Sigma_0.18_Tau_Type_noisy_num_anchors_10 - INFO - Batch 222/8041: Clean accuracy 0.7162 | Adv accuracy: 0.7162 | Counter-attack accuracy: 0.5495
2026-02-12 16:58:39,894 - ADV_Generation_eps_0.0_steps_100_Added_Noise_gaussian_Sigma_0.18_Tau_Type_noisy_num_anchors_10 - INFO - Batch 223/8041: Clean accuracy 0.7175 | Adv accuracy: 0.7175 | Counter-attack accuracy: 0.5516
2026-02-12 16:58:40,309 - ADV_Generation_eps_0.0_steps_100_Added_Noise_gaussian_Sigma_0.18_Tau_Type_noisy_num_anchors_10 - INFO - Batch 224/8041: Clean accuracy 0.7188 | Adv accuracy: 0.7188 | Counter-attack accuracy: 0.5491
2026-02-12 16:58:40,725 - ADV_Generation_eps_0.0_steps_100_Added_Noise_gaussian_Sigma_0.18_Tau_Type_noisy_num_anchors_10 - INFO - Batch 225/8041: Clean accuracy 0.7200 | Adv accuracy: 0.7200 | Counter-attack accuracy: 0.5511
2026-02-12 16:58:41,146 - ADV_Generation_eps_0.0_steps_100_Added_Noise_gaussian_Sigma_0.18_Tau_Type_noisy_num_anchors_10 - INFO - Batch 226/8041: Clean accuracy 0.7212 | Adv accuracy: 0.7212 | Counter-attack accuracy: 0.5487
2026-02-12 16:58:41,562 - ADV_Generation_eps_0.0_steps_100_Added_Noise_gaussian_Sigma_0.18_Tau_Type_noisy_num_anchors_10 - INFO - Batch 227/8041: Clean accuracy 0.7225 | Adv accuracy: 0.7225 | Counter-attack accuracy: 0.5507
2026-02-12 16:58:41,977 - ADV_Generation_eps_0.0_steps_100_Added_Noise_gaussian_Sigma_0.18_Tau_Type_noisy_num_anchors_10 - INFO - Batch 228/8041: Clean accuracy 0.7237 | Adv accuracy: 0.7237 | Counter-attack accuracy: 0.5526
2026-02-12 16:58:42,393 - ADV_Generation_eps_0.0_steps_100_Added_Noise_gaussian_Sigma_0.18_Tau_Type_noisy_num_anchors_10 - INFO - Batch 229/8041: Clean accuracy 0.7249 | Adv accuracy: 0.7249 | Counter-attack accuracy: 0.5502
2026-02-12 16:58:42,808 - ADV_Generation_eps_0.0_steps_100_Added_Noise_gaussian_Sigma_0.18_Tau_Type_noisy_num_anchors_10 - INFO - Batch 230/8041: Clean accuracy 0.7261 | Adv accuracy: 0.7261 | Counter-attack accuracy: 0.5522
2026-02-12 16:58:43,224 - ADV_Generation_eps_0.0_steps_100_Added_Noise_gaussian_Sigma_0.18_Tau_Type_noisy_num_anchors_10 - INFO - Batch 231/8041: Clean accuracy 0.7273 | Adv accuracy: 0.7273 | Counter-attack accuracy: 0.5541
2026-02-12 16:58:43,639 - ADV_Generation_eps_0.0_steps_100_Added_Noise_gaussian_Sigma_0.18_Tau_Type_noisy_num_anchors_10 - INFO - Batch 232/8041: Clean accuracy 0.7241 | Adv accuracy: 0.7241 | Counter-attack accuracy: 0.5517
2026-02-12 16:58:44,055 - ADV_Generation_eps_0.0_steps_100_Added_Noise_gaussian_Sigma_0.18_Tau_Type_noisy_num_anchors_10 - INFO - Batch 233/8041: Clean accuracy 0.7253 | Adv accuracy: 0.7253 | Counter-attack accuracy: 0.5536
2026-02-12 16:58:44,470 - ADV_Generation_eps_0.0_steps_100_Added_Noise_gaussian_Sigma_0.18_Tau_Type_noisy_num_anchors_10 - INFO - Batch 234/8041: Clean accuracy 0.7265 | Adv accuracy: 0.7265 | Counter-attack accuracy: 0.5556
2026-02-12 16:58:44,886 - ADV_Generation_eps_0.0_steps_100_Added_Noise_gaussian_Sigma_0.18_Tau_Type_noisy_num_anchors_10 - INFO - Batch 235/8041: Clean accuracy 0.7277 | Adv accuracy: 0.7277 | Counter-attack accuracy: 0.5574
2026-02-12 16:58:45,301 - ADV_Generation_eps_0.0_steps_100_Added_Noise_gaussian_Sigma_0.18_Tau_Type_noisy_num_anchors_10 - INFO - Batch 236/8041: Clean accuracy 0.7288 | Adv accuracy: 0.7288 | Counter-attack accuracy: 0.5593
2026-02-12 16:58:45,717 - ADV_Generation_eps_0.0_steps_100_Added_Noise_gaussian_Sigma_0.18_Tau_Type_noisy_num_anchors_10 - INFO - Batch 237/8041: Clean accuracy 0.7300 | Adv accuracy: 0.7300 | Counter-attack accuracy: 0.5612
2026-02-12 16:58:46,132 - ADV_Generation_eps_0.0_steps_100_Added_Noise_gaussian_Sigma_0.18_Tau_Type_noisy_num_anchors_10 - INFO - Batch 238/8041: Clean accuracy 0.7311 | Adv accuracy: 0.7311 | Counter-attack accuracy: 0.5630
2026-02-12 16:58:46,548 - ADV_Generation_eps_0.0_steps_100_Added_Noise_gaussian_Sigma_0.18_Tau_Type_noisy_num_anchors_10 - INFO - Batch 239/8041: Clean accuracy 0.7322 | Adv accuracy: 0.7322 | Counter-attack accuracy: 0.5649
2026-02-12 16:58:46,963 - ADV_Generation_eps_0.0_steps_100_Added_Noise_gaussian_Sigma_0.18_Tau_Type_noisy_num_anchors_10 - INFO - Batch 240/8041: Clean accuracy 0.7333 | Adv accuracy: 0.7333 | Counter-attack accuracy: 0.5667
2026-02-12 16:58:47,378 - ADV_Generation_eps_0.0_steps_100_Added_Noise_gaussian_Sigma_0.18_Tau_Type_noisy_num_anchors_10 - INFO - Batch 241/8041: Clean accuracy 0.7344 | Adv accuracy: 0.7344 | Counter-attack accuracy: 0.5685
2026-02-12 16:58:47,794 - ADV_Generation_eps_0.0_steps_100_Added_Noise_gaussian_Sigma_0.18_Tau_Type_noisy_num_anchors_10 - INFO - Batch 242/8041: Clean accuracy 0.7355 | Adv accuracy: 0.7355 | Counter-attack accuracy: 0.5702
2026-02-12 16:58:48,210 - ADV_Generation_eps_0.0_steps_100_Added_Noise_gaussian_Sigma_0.18_Tau_Type_noisy_num_anchors_10 - INFO - Batch 243/8041: Clean accuracy 0.7366 | Adv accuracy: 0.7366 | Counter-attack accuracy: 0.5720
2026-02-12 16:58:48,625 - ADV_Generation_eps_0.0_steps_100_Added_Noise_gaussian_Sigma_0.18_Tau_Type_noisy_num_anchors_10 - INFO - Batch 244/8041: Clean accuracy 0.7377 | Adv accuracy: 0.7377 | Counter-attack accuracy: 0.5738
2026-02-12 16:58:49,040 - ADV_Generation_eps_0.0_steps_100_Added_Noise_gaussian_Sigma_0.18_Tau_Type_noisy_num_anchors_10 - INFO - Batch 245/8041: Clean accuracy 0.7388 | Adv accuracy: 0.7388 | Counter-attack accuracy: 0.5714
2026-02-12 16:58:49,456 - ADV_Generation_eps_0.0_steps_100_Added_Noise_gaussian_Sigma_0.18_Tau_Type_noisy_num_anchors_10 - INFO - Batch 246/8041: Clean accuracy 0.7358 | Adv accuracy: 0.7358 | Counter-attack accuracy: 0.5691
2026-02-12 16:58:49,871 - ADV_Generation_eps_0.0_steps_100_Added_Noise_gaussian_Sigma_0.18_Tau_Type_noisy_num_anchors_10 - INFO - Batch 247/8041: Clean accuracy 0.7368 | Adv accuracy: 0.7368 | Counter-attack accuracy: 0.5709
2026-02-12 16:58:50,287 - ADV_Generation_eps_0.0_steps_100_Added_Noise_gaussian_Sigma_0.18_Tau_Type_noisy_num_anchors_10 - INFO - Batch 248/8041: Clean accuracy 0.7379 | Adv accuracy: 0.7379 | Counter-attack accuracy: 0.5726
2026-02-12 16:58:50,702 - ADV_Generation_eps_0.0_steps_100_Added_Noise_gaussian_Sigma_0.18_Tau_Type_noisy_num_anchors_10 - INFO - Batch 249/8041: Clean accuracy 0.7390 | Adv accuracy: 0.7390 | Counter-attack accuracy: 0.5703
2026-02-12 16:58:51,118 - ADV_Generation_eps_0.0_steps_100_Added_Noise_gaussian_Sigma_0.18_Tau_Type_noisy_num_anchors_10 - INFO - Batch 250/8041: Clean accuracy 0.7400 | Adv accuracy: 0.7400 | Counter-attack accuracy: 0.5720
2026-02-12 16:58:51,534 - ADV_Generation_eps_0.0_steps_100_Added_Noise_gaussian_Sigma_0.18_Tau_Type_noisy_num_anchors_10 - INFO - Batch 251/8041: Clean accuracy 0.7410 | Adv accuracy: 0.7410 | Counter-attack accuracy: 0.5697
2026-02-12 16:58:51,949 - ADV_Generation_eps_0.0_steps_100_Added_Noise_gaussian_Sigma_0.18_Tau_Type_noisy_num_anchors_10 - INFO - Batch 252/8041: Clean accuracy 0.7381 | Adv accuracy: 0.7381 | Counter-attack accuracy: 0.5714
2026-02-12 16:58:52,365 - ADV_Generation_eps_0.0_steps_100_Added_Noise_gaussian_Sigma_0.18_Tau_Type_noisy_num_anchors_10 - INFO - Batch 253/8041: Clean accuracy 0.7391 | Adv accuracy: 0.7391 | Counter-attack accuracy: 0.5692
2026-02-12 16:58:52,780 - ADV_Generation_eps_0.0_steps_100_Added_Noise_gaussian_Sigma_0.18_Tau_Type_noisy_num_anchors_10 - INFO - Batch 254/8041: Clean accuracy 0.7402 | Adv accuracy: 0.7402 | Counter-attack accuracy: 0.5709
2026-02-12 16:58:53,196 - ADV_Generation_eps_0.0_steps_100_Added_Noise_gaussian_Sigma_0.18_Tau_Type_noisy_num_anchors_10 - INFO - Batch 255/8041: Clean accuracy 0.7412 | Adv accuracy: 0.7412 | Counter-attack accuracy: 0.5725
2026-02-12 16:58:53,611 - ADV_Generation_eps_0.0_steps_100_Added_Noise_gaussian_Sigma_0.18_Tau_Type_noisy_num_anchors_10 - INFO - Batch 256/8041: Clean accuracy 0.7422 | Adv accuracy: 0.7422 | Counter-attack accuracy: 0.5742
2026-02-12 16:58:54,027 - ADV_Generation_eps_0.0_steps_100_Added_Noise_gaussian_Sigma_0.18_Tau_Type_noisy_num_anchors_10 - INFO - Batch 257/8041: Clean accuracy 0.7432 | Adv accuracy: 0.7432 | Counter-attack accuracy: 0.5759
2026-02-12 16:58:54,442 - ADV_Generation_eps_0.0_steps_100_Added_Noise_gaussian_Sigma_0.18_Tau_Type_noisy_num_anchors_10 - INFO - Batch 258/8041: Clean accuracy 0.7442 | Adv accuracy: 0.7442 | Counter-attack accuracy: 0.5775
2026-02-12 16:58:54,858 - ADV_Generation_eps_0.0_steps_100_Added_Noise_gaussian_Sigma_0.18_Tau_Type_noisy_num_anchors_10 - INFO - Batch 259/8041: Clean accuracy 0.7452 | Adv accuracy: 0.7452 | Counter-attack accuracy: 0.5792
2026-02-12 16:58:55,273 - ADV_Generation_eps_0.0_steps_100_Added_Noise_gaussian_Sigma_0.18_Tau_Type_noisy_num_anchors_10 - INFO - Batch 260/8041: Clean accuracy 0.7462 | Adv accuracy: 0.7462 | Counter-attack accuracy: 0.5808
2026-02-12 16:58:55,688 - ADV_Generation_eps_0.0_steps_100_Added_Noise_gaussian_Sigma_0.18_Tau_Type_noisy_num_anchors_10 - INFO - Batch 261/8041: Clean accuracy 0.7471 | Adv accuracy: 0.7471 | Counter-attack accuracy: 0.5824
2026-02-12 16:58:56,104 - ADV_Generation_eps_0.0_steps_100_Added_Noise_gaussian_Sigma_0.18_Tau_Type_noisy_num_anchors_10 - INFO - Batch 262/8041: Clean accuracy 0.7481 | Adv accuracy: 0.7481 | Counter-attack accuracy: 0.5840
2026-02-12 16:58:56,519 - ADV_Generation_eps_0.0_steps_100_Added_Noise_gaussian_Sigma_0.18_Tau_Type_noisy_num_anchors_10 - INFO - Batch 263/8041: Clean accuracy 0.7490 | Adv accuracy: 0.7490 | Counter-attack accuracy: 0.5856
2026-02-12 16:58:56,935 - ADV_Generation_eps_0.0_steps_100_Added_Noise_gaussian_Sigma_0.18_Tau_Type_noisy_num_anchors_10 - INFO - Batch 264/8041: Clean accuracy 0.7500 | Adv accuracy: 0.7500 | Counter-attack accuracy: 0.5871
2026-02-12 16:58:57,350 - ADV_Generation_eps_0.0_steps_100_Added_Noise_gaussian_Sigma_0.18_Tau_Type_noisy_num_anchors_10 - INFO - Batch 265/8041: Clean accuracy 0.7509 | Adv accuracy: 0.7509 | Counter-attack accuracy: 0.5849
2026-02-12 16:58:57,766 - ADV_Generation_eps_0.0_steps_100_Added_Noise_gaussian_Sigma_0.18_Tau_Type_noisy_num_anchors_10 - INFO - Batch 266/8041: Clean accuracy 0.7481 | Adv accuracy: 0.7481 | Counter-attack accuracy: 0.5827
2026-02-12 16:58:58,181 - ADV_Generation_eps_0.0_steps_100_Added_Noise_gaussian_Sigma_0.18_Tau_Type_noisy_num_anchors_10 - INFO - Batch 267/8041: Clean accuracy 0.7453 | Adv accuracy: 0.7453 | Counter-attack accuracy: 0.5805
2026-02-12 16:58:58,597 - ADV_Generation_eps_0.0_steps_100_Added_Noise_gaussian_Sigma_0.18_Tau_Type_noisy_num_anchors_10 - INFO - Batch 268/8041: Clean accuracy 0.7463 | Adv accuracy: 0.7463 | Counter-attack accuracy: 0.5821
2026-02-12 16:58:59,012 - ADV_Generation_eps_0.0_steps_100_Added_Noise_gaussian_Sigma_0.18_Tau_Type_noisy_num_anchors_10 - INFO - Batch 269/8041: Clean accuracy 0.7472 | Adv accuracy: 0.7472 | Counter-attack accuracy: 0.5836
2026-02-12 16:58:59,428 - ADV_Generation_eps_0.0_steps_100_Added_Noise_gaussian_Sigma_0.18_Tau_Type_noisy_num_anchors_10 - INFO - Batch 270/8041: Clean accuracy 0.7481 | Adv accuracy: 0.7481 | Counter-attack accuracy: 0.5852
2026-02-12 16:58:59,843 - ADV_Generation_eps_0.0_steps_100_Added_Noise_gaussian_Sigma_0.18_Tau_Type_noisy_num_anchors_10 - INFO - Batch 271/8041: Clean accuracy 0.7491 | Adv accuracy: 0.7491 | Counter-attack accuracy: 0.5830
2026-02-12 16:59:00,259 - ADV_Generation_eps_0.0_steps_100_Added_Noise_gaussian_Sigma_0.18_Tau_Type_noisy_num_anchors_10 - INFO - Batch 272/8041: Clean accuracy 0.7500 | Adv accuracy: 0.7500 | Counter-attack accuracy: 0.5846
2026-02-12 16:59:00,674 - ADV_Generation_eps_0.0_steps_100_Added_Noise_gaussian_Sigma_0.18_Tau_Type_noisy_num_anchors_10 - INFO - Batch 273/8041: Clean accuracy 0.7509 | Adv accuracy: 0.7509 | Counter-attack accuracy: 0.5824
2026-02-12 16:59:01,089 - ADV_Generation_eps_0.0_steps_100_Added_Noise_gaussian_Sigma_0.18_Tau_Type_noisy_num_anchors_10 - INFO - Batch 274/8041: Clean accuracy 0.7482 | Adv accuracy: 0.7482 | Counter-attack accuracy: 0.5803
2026-02-12 16:59:01,505 - ADV_Generation_eps_0.0_steps_100_Added_Noise_gaussian_Sigma_0.18_Tau_Type_noisy_num_anchors_10 - INFO - Batch 275/8041: Clean accuracy 0.7491 | Adv accuracy: 0.7491 | Counter-attack accuracy: 0.5818
2026-02-12 16:59:01,920 - ADV_Generation_eps_0.0_steps_100_Added_Noise_gaussian_Sigma_0.18_Tau_Type_noisy_num_anchors_10 - INFO - Batch 276/8041: Clean accuracy 0.7500 | Adv accuracy: 0.7500 | Counter-attack accuracy: 0.5833
2026-02-12 16:59:02,336 - ADV_Generation_eps_0.0_steps_100_Added_Noise_gaussian_Sigma_0.18_Tau_Type_noisy_num_anchors_10 - INFO - Batch 277/8041: Clean accuracy 0.7509 | Adv accuracy: 0.7509 | Counter-attack accuracy: 0.5848
2026-02-12 16:59:02,751 - ADV_Generation_eps_0.0_steps_100_Added_Noise_gaussian_Sigma_0.18_Tau_Type_noisy_num_anchors_10 - INFO - Batch 278/8041: Clean accuracy 0.7482 | Adv accuracy: 0.7482 | Counter-attack accuracy: 0.5827
2026-02-12 16:59:03,167 - ADV_Generation_eps_0.0_steps_100_Added_Noise_gaussian_Sigma_0.18_Tau_Type_noisy_num_anchors_10 - INFO - Batch 279/8041: Clean accuracy 0.7491 | Adv accuracy: 0.7491 | Counter-attack accuracy: 0.5806
2026-02-12 16:59:03,582 - ADV_Generation_eps_0.0_steps_100_Added_Noise_gaussian_Sigma_0.18_Tau_Type_noisy_num_anchors_10 - INFO - Batch 280/8041: Clean accuracy 0.7500 | Adv accuracy: 0.7500 | Counter-attack accuracy: 0.5786
2026-02-12 16:59:03,998 - ADV_Generation_eps_0.0_steps_100_Added_Noise_gaussian_Sigma_0.18_Tau_Type_noisy_num_anchors_10 - INFO - Batch 281/8041: Clean accuracy 0.7509 | Adv accuracy: 0.7509 | Counter-attack accuracy: 0.5765
2026-02-12 16:59:04,414 - ADV_Generation_eps_0.0_steps_100_Added_Noise_gaussian_Sigma_0.18_Tau_Type_noisy_num_anchors_10 - INFO - Batch 282/8041: Clean accuracy 0.7482 | Adv accuracy: 0.7482 | Counter-attack accuracy: 0.5745
2026-02-12 16:59:04,829 - ADV_Generation_eps_0.0_steps_100_Added_Noise_gaussian_Sigma_0.18_Tau_Type_noisy_num_anchors_10 - INFO - Batch 283/8041: Clean accuracy 0.7491 | Adv accuracy: 0.7491 | Counter-attack accuracy: 0.5760
2026-02-12 16:59:05,245 - ADV_Generation_eps_0.0_steps_100_Added_Noise_gaussian_Sigma_0.18_Tau_Type_noisy_num_anchors_10 - INFO - Batch 284/8041: Clean accuracy 0.7500 | Adv accuracy: 0.7500 | Counter-attack accuracy: 0.5775
2026-02-12 16:59:05,661 - ADV_Generation_eps_0.0_steps_100_Added_Noise_gaussian_Sigma_0.18_Tau_Type_noisy_num_anchors_10 - INFO - Batch 285/8041: Clean accuracy 0.7509 | Adv accuracy: 0.7509 | Counter-attack accuracy: 0.5754
2026-02-12 16:59:06,076 - ADV_Generation_eps_0.0_steps_100_Added_Noise_gaussian_Sigma_0.18_Tau_Type_noisy_num_anchors_10 - INFO - Batch 286/8041: Clean accuracy 0.7517 | Adv accuracy: 0.7517 | Counter-attack accuracy: 0.5734
2026-02-12 16:59:06,492 - ADV_Generation_eps_0.0_steps_100_Added_Noise_gaussian_Sigma_0.18_Tau_Type_noisy_num_anchors_10 - INFO - Batch 287/8041: Clean accuracy 0.7526 | Adv accuracy: 0.7526 | Counter-attack accuracy: 0.5714
2026-02-12 16:59:06,907 - ADV_Generation_eps_0.0_steps_100_Added_Noise_gaussian_Sigma_0.18_Tau_Type_noisy_num_anchors_10 - INFO - Batch 288/8041: Clean accuracy 0.7535 | Adv accuracy: 0.7535 | Counter-attack accuracy: 0.5694
2026-02-12 16:59:07,323 - ADV_Generation_eps_0.0_steps_100_Added_Noise_gaussian_Sigma_0.18_Tau_Type_noisy_num_anchors_10 - INFO - Batch 289/8041: Clean accuracy 0.7543 | Adv accuracy: 0.7543 | Counter-attack accuracy: 0.5709
2026-02-12 16:59:07,739 - ADV_Generation_eps_0.0_steps_100_Added_Noise_gaussian_Sigma_0.18_Tau_Type_noisy_num_anchors_10 - INFO - Batch 290/8041: Clean accuracy 0.7552 | Adv accuracy: 0.7552 | Counter-attack accuracy: 0.5690
2026-02-12 16:59:08,155 - ADV_Generation_eps_0.0_steps_100_Added_Noise_gaussian_Sigma_0.18_Tau_Type_noisy_num_anchors_10 - INFO - Batch 291/8041: Clean accuracy 0.7560 | Adv accuracy: 0.7560 | Counter-attack accuracy: 0.5704
2026-02-12 16:59:08,570 - ADV_Generation_eps_0.0_steps_100_Added_Noise_gaussian_Sigma_0.18_Tau_Type_noisy_num_anchors_10 - INFO - Batch 292/8041: Clean accuracy 0.7534 | Adv accuracy: 0.7534 | Counter-attack accuracy: 0.5719
2026-02-12 16:59:08,986 - ADV_Generation_eps_0.0_steps_100_Added_Noise_gaussian_Sigma_0.18_Tau_Type_noisy_num_anchors_10 - INFO - Batch 293/8041: Clean accuracy 0.7543 | Adv accuracy: 0.7543 | Counter-attack accuracy: 0.5734
2026-02-12 16:59:09,401 - ADV_Generation_eps_0.0_steps_100_Added_Noise_gaussian_Sigma_0.18_Tau_Type_noisy_num_anchors_10 - INFO - Batch 294/8041: Clean accuracy 0.7551 | Adv accuracy: 0.7551 | Counter-attack accuracy: 0.5748
2026-02-12 16:59:09,817 - ADV_Generation_eps_0.0_steps_100_Added_Noise_gaussian_Sigma_0.18_Tau_Type_noisy_num_anchors_10 - INFO - Batch 295/8041: Clean accuracy 0.7559 | Adv accuracy: 0.7559 | Counter-attack accuracy: 0.5729
2026-02-12 16:59:10,232 - ADV_Generation_eps_0.0_steps_100_Added_Noise_gaussian_Sigma_0.18_Tau_Type_noisy_num_anchors_10 - INFO - Batch 296/8041: Clean accuracy 0.7568 | Adv accuracy: 0.7568 | Counter-attack accuracy: 0.5743
2026-02-12 16:59:10,648 - ADV_Generation_eps_0.0_steps_100_Added_Noise_gaussian_Sigma_0.18_Tau_Type_noisy_num_anchors_10 - INFO - Batch 297/8041: Clean accuracy 0.7576 | Adv accuracy: 0.7576 | Counter-attack accuracy: 0.5758
2026-02-12 16:59:11,063 - ADV_Generation_eps_0.0_steps_100_Added_Noise_gaussian_Sigma_0.18_Tau_Type_noisy_num_anchors_10 - INFO - Batch 298/8041: Clean accuracy 0.7584 | Adv accuracy: 0.7584 | Counter-attack accuracy: 0.5772
2026-02-12 16:59:11,479 - ADV_Generation_eps_0.0_steps_100_Added_Noise_gaussian_Sigma_0.18_Tau_Type_noisy_num_anchors_10 - INFO - Batch 299/8041: Clean accuracy 0.7592 | Adv accuracy: 0.7592 | Counter-attack accuracy: 0.5786
2026-02-12 16:59:11,894 - ADV_Generation_eps_0.0_steps_100_Added_Noise_gaussian_Sigma_0.18_Tau_Type_noisy_num_anchors_10 - INFO - Batch 300/8041: Clean accuracy 0.7600 | Adv accuracy: 0.7600 | Counter-attack accuracy: 0.5767
2026-02-12 16:59:12,310 - ADV_Generation_eps_0.0_steps_100_Added_Noise_gaussian_Sigma_0.18_Tau_Type_noisy_num_anchors_10 - INFO - Batch 301/8041: Clean accuracy 0.7608 | Adv accuracy: 0.7608 | Counter-attack accuracy: 0.5781
2026-02-12 16:59:12,725 - ADV_Generation_eps_0.0_steps_100_Added_Noise_gaussian_Sigma_0.18_Tau_Type_noisy_num_anchors_10 - INFO - Batch 302/8041: Clean accuracy 0.7616 | Adv accuracy: 0.7616 | Counter-attack accuracy: 0.5762
2026-02-12 16:59:13,141 - ADV_Generation_eps_0.0_steps_100_Added_Noise_gaussian_Sigma_0.18_Tau_Type_noisy_num_anchors_10 - INFO - Batch 303/8041: Clean accuracy 0.7624 | Adv accuracy: 0.7624 | Counter-attack accuracy: 0.5743
2026-02-12 16:59:13,556 - ADV_Generation_eps_0.0_steps_100_Added_Noise_gaussian_Sigma_0.18_Tau_Type_noisy_num_anchors_10 - INFO - Batch 304/8041: Clean accuracy 0.7632 | Adv accuracy: 0.7632 | Counter-attack accuracy: 0.5757
2026-02-12 16:59:13,972 - ADV_Generation_eps_0.0_steps_100_Added_Noise_gaussian_Sigma_0.18_Tau_Type_noisy_num_anchors_10 - INFO - Batch 305/8041: Clean accuracy 0.7607 | Adv accuracy: 0.7607 | Counter-attack accuracy: 0.5738
2026-02-12 16:59:14,387 - ADV_Generation_eps_0.0_steps_100_Added_Noise_gaussian_Sigma_0.18_Tau_Type_noisy_num_anchors_10 - INFO - Batch 306/8041: Clean accuracy 0.7614 | Adv accuracy: 0.7614 | Counter-attack accuracy: 0.5719
2026-02-12 16:59:14,803 - ADV_Generation_eps_0.0_steps_100_Added_Noise_gaussian_Sigma_0.18_Tau_Type_noisy_num_anchors_10 - INFO - Batch 307/8041: Clean accuracy 0.7622 | Adv accuracy: 0.7622 | Counter-attack accuracy: 0.5733
2026-02-12 16:59:15,218 - ADV_Generation_eps_0.0_steps_100_Added_Noise_gaussian_Sigma_0.18_Tau_Type_noisy_num_anchors_10 - INFO - Batch 308/8041: Clean accuracy 0.7630 | Adv accuracy: 0.7630 | Counter-attack accuracy: 0.5747
2026-02-12 16:59:15,634 - ADV_Generation_eps_0.0_steps_100_Added_Noise_gaussian_Sigma_0.18_Tau_Type_noisy_num_anchors_10 - INFO - Batch 309/8041: Clean accuracy 0.7638 | Adv accuracy: 0.7638 | Counter-attack accuracy: 0.5761
2026-02-12 16:59:16,049 - ADV_Generation_eps_0.0_steps_100_Added_Noise_gaussian_Sigma_0.18_Tau_Type_noisy_num_anchors_10 - INFO - Batch 310/8041: Clean accuracy 0.7645 | Adv accuracy: 0.7645 | Counter-attack accuracy: 0.5774
2026-02-12 16:59:16,465 - ADV_Generation_eps_0.0_steps_100_Added_Noise_gaussian_Sigma_0.18_Tau_Type_noisy_num_anchors_10 - INFO - Batch 311/8041: Clean accuracy 0.7653 | Adv accuracy: 0.7653 | Counter-attack accuracy: 0.5788
2026-02-12 16:59:16,880 - ADV_Generation_eps_0.0_steps_100_Added_Noise_gaussian_Sigma_0.18_Tau_Type_noisy_num_anchors_10 - INFO - Batch 312/8041: Clean accuracy 0.7628 | Adv accuracy: 0.7628 | Counter-attack accuracy: 0.5769
2026-02-12 16:59:17,296 - ADV_Generation_eps_0.0_steps_100_Added_Noise_gaussian_Sigma_0.18_Tau_Type_noisy_num_anchors_10 - INFO - Batch 313/8041: Clean accuracy 0.7636 | Adv accuracy: 0.7636 | Counter-attack accuracy: 0.5751
2026-02-12 16:59:17,711 - ADV_Generation_eps_0.0_steps_100_Added_Noise_gaussian_Sigma_0.18_Tau_Type_noisy_num_anchors_10 - INFO - Batch 314/8041: Clean accuracy 0.7643 | Adv accuracy: 0.7643 | Counter-attack accuracy: 0.5732
2026-02-12 16:59:18,127 - ADV_Generation_eps_0.0_steps_100_Added_Noise_gaussian_Sigma_0.18_Tau_Type_noisy_num_anchors_10 - INFO - Batch 315/8041: Clean accuracy 0.7651 | Adv accuracy: 0.7651 | Counter-attack accuracy: 0.5714
2026-02-12 16:59:18,542 - ADV_Generation_eps_0.0_steps_100_Added_Noise_gaussian_Sigma_0.18_Tau_Type_noisy_num_anchors_10 - INFO - Batch 316/8041: Clean accuracy 0.7658 | Adv accuracy: 0.7658 | Counter-attack accuracy: 0.5728
2026-02-12 16:59:18,958 - ADV_Generation_eps_0.0_steps_100_Added_Noise_gaussian_Sigma_0.18_Tau_Type_noisy_num_anchors_10 - INFO - Batch 317/8041: Clean accuracy 0.7666 | Adv accuracy: 0.7666 | Counter-attack accuracy: 0.5710
2026-02-12 16:59:19,373 - ADV_Generation_eps_0.0_steps_100_Added_Noise_gaussian_Sigma_0.18_Tau_Type_noisy_num_anchors_10 - INFO - Batch 318/8041: Clean accuracy 0.7673 | Adv accuracy: 0.7673 | Counter-attack accuracy: 0.5692
2026-02-12 16:59:19,789 - ADV_Generation_eps_0.0_steps_100_Added_Noise_gaussian_Sigma_0.18_Tau_Type_noisy_num_anchors_10 - INFO - Batch 319/8041: Clean accuracy 0.7680 | Adv accuracy: 0.7680 | Counter-attack accuracy: 0.5705
2026-02-12 16:59:20,204 - ADV_Generation_eps_0.0_steps_100_Added_Noise_gaussian_Sigma_0.18_Tau_Type_noisy_num_anchors_10 - INFO - Batch 320/8041: Clean accuracy 0.7688 | Adv accuracy: 0.7688 | Counter-attack accuracy: 0.5719
2026-02-12 16:59:20,620 - ADV_Generation_eps_0.0_steps_100_Added_Noise_gaussian_Sigma_0.18_Tau_Type_noisy_num_anchors_10 - INFO - Batch 321/8041: Clean accuracy 0.7695 | Adv accuracy: 0.7695 | Counter-attack accuracy: 0.5732
2026-02-12 16:59:21,035 - ADV_Generation_eps_0.0_steps_100_Added_Noise_gaussian_Sigma_0.18_Tau_Type_noisy_num_anchors_10 - INFO - Batch 322/8041: Clean accuracy 0.7702 | Adv accuracy: 0.7702 | Counter-attack accuracy: 0.5745
