2026-02-12 11:14:15,380 - ADV_Generation_eps_8.0_steps_100_Added_Noise_uniform_Eps_1.0_Tau_Type_normal_anchors_num_anchors_10 - INFO - ==========================================
data:/leonardo_work/EUHPC_R04_192/fmohamma/Adversarial_Robust_Clip/atpt_data/downstream_datasets
test_sets:eurosat
dataset_mode:test
arch:vit_l_14_datacomp_1b
resolution:224
transferability:False
source_model:fare4
workers:4
no_pin_memory:False
batch_size:1
adv_bs:1
print_freq:20
gpu:0
no_cudnn_benchmark:False
n_ctx:4
ctx_init:a_photo_of_a
seed:0
output_dir:/leonardo_work/EUHPC_R04_192/fmohamma/Adversarial_Robust_Clip/atpt_data/vit_l_14_datacomp_1b/eurosat
log_output_dir:/leonardo_work/EUHPC_R04_192/fmohamma/Adversarial_Robust_Clip/ATPT/Diffratio_v3/vit_l_14_datacomp_1b/eurosat/ADV_Generation_eps_8.0_steps_100_Added_Noise_uniform_Eps_1.0_Tau_Type_normal_anchors_num_anchors_10
image_only_attack:False
image_only_attack_type:prm
image_predicted_label_attack:False
eps:8.0
alpha:2.0
alpha_eps_ratio:4.0
steps:100
counter_attack:True
counter_attack_type:pgd
counter_attack_steps:0
counter_attack_eps:1.0
counter_attack_alpha:1.0
counter_attack_tau_thres:0.2
counter_attack_beta:2.0
counter_attack_weighted_perturbations:True
counter_attack_init_noise:uniform
counter_attack_gaussian_sigma:0.03
counter_attack_noisy_tau_num_anchors:10
counter_attack_tau:normal_anchors
pgd_clip_pure_i_text_embeddings:null
pgd_counter_and_clipure_i_lamda:1.0
image_feature_purify:False
image_feature_purify_type:noisy_anchor
image_feature_purify_noisy_anchors:10
image_feature_purify_anchors_alpha:1.2
image_feature_purify_noisy_sigma:0.18
image_feature_purify_diff_threshold:0.0
image_feature_clipure_steps:10
image_feature_clipure_step_size:10.0
save_plots:False
lr:0.005
selection_p:0.1
tta_steps:1
top_k:20
softmax_temp:0.01
load_tecoa:

2026-02-12 11:14:15,381 - ADV_Generation_eps_8.0_steps_100_Added_Noise_uniform_Eps_1.0_Tau_Type_normal_anchors_num_anchors_10 - INFO - Use GPU: 0 for training
2026-02-12 11:14:58,112 - ADV_Generation_eps_8.0_steps_100_Added_Noise_uniform_Eps_1.0_Tau_Type_normal_anchors_num_anchors_10 - INFO - => Model created: visual backbone vit_l_14_datacomp_1b
2026-02-12 11:14:58,153 - ADV_Generation_eps_8.0_steps_100_Added_Noise_uniform_Eps_1.0_Tau_Type_normal_anchors_num_anchors_10 - INFO - Number of test samples: 8100
2026-02-12 11:14:58,153 - ADV_Generation_eps_8.0_steps_100_Added_Noise_uniform_Eps_1.0_Tau_Type_normal_anchors_num_anchors_10 - INFO - Evaluating dataset: eurosat
2026-02-12 11:14:58,154 - ADV_Generation_eps_8.0_steps_100_Added_Noise_uniform_Eps_1.0_Tau_Type_normal_anchors_num_anchors_10 - INFO - Starting evaluation with batch size: 1, selection percentage: 0.1
2026-02-12 11:14:58,154 - ADV_Generation_eps_8.0_steps_100_Added_Noise_uniform_Eps_1.0_Tau_Type_normal_anchors_num_anchors_10 - INFO - Using counter-attack with epsilon: 1.000000, alpha: 1.000000, steps: 0
2026-02-12 11:14:58,155 - ADV_Generation_eps_8.0_steps_100_Added_Noise_uniform_Eps_1.0_Tau_Type_normal_anchors_num_anchors_10 - INFO - Adversarial examples will be loaded from /leonardo_work/EUHPC_R04_192/fmohamma/Adversarial_Robust_Clip/atpt_data/vit_l_14_datacomp_1b/eurosat/adv_images_eps_8.0_alpha_2.0_steps_100 and evaluated on vit_l_14_datacomp_1b
2026-02-12 11:14:58,156 - ADV_Generation_eps_8.0_steps_100_Added_Noise_uniform_Eps_1.0_Tau_Type_normal_anchors_num_anchors_10 - INFO - Using directory for adversarial images: /leonardo_work/EUHPC_R04_192/fmohamma/Adversarial_Robust_Clip/atpt_data/vit_l_14_datacomp_1b/eurosat/adv_images_eps_8.0_alpha_2.0_steps_100
2026-02-12 11:14:58,476 - ADV_Generation_eps_8.0_steps_100_Added_Noise_uniform_Eps_1.0_Tau_Type_normal_anchors_num_anchors_10 - INFO - Batch:[0] Adversarial images for this batch already exist
2026-02-12 11:14:59,110 - ADV_Generation_eps_8.0_steps_100_Added_Noise_uniform_Eps_1.0_Tau_Type_normal_anchors_num_anchors_10 - INFO - Batch 1/8100: Clean accuracy 1.0000 | Adv accuracy: 0.0000 | Counter-attack accuracy: 0.0000
2026-02-12 11:14:59,111 - ADV_Generation_eps_8.0_steps_100_Added_Noise_uniform_Eps_1.0_Tau_Type_normal_anchors_num_anchors_10 - INFO - Batch:[1] Adversarial images for this batch already exist
2026-02-12 11:14:59,327 - ADV_Generation_eps_8.0_steps_100_Added_Noise_uniform_Eps_1.0_Tau_Type_normal_anchors_num_anchors_10 - INFO - Batch 2/8100: Clean accuracy 0.5000 | Adv accuracy: 0.0000 | Counter-attack accuracy: 0.0000
2026-02-12 11:14:59,328 - ADV_Generation_eps_8.0_steps_100_Added_Noise_uniform_Eps_1.0_Tau_Type_normal_anchors_num_anchors_10 - INFO - Batch:[2] Adversarial images for this batch already exist
2026-02-12 11:14:59,565 - ADV_Generation_eps_8.0_steps_100_Added_Noise_uniform_Eps_1.0_Tau_Type_normal_anchors_num_anchors_10 - INFO - Batch 3/8100: Clean accuracy 0.3333 | Adv accuracy: 0.0000 | Counter-attack accuracy: 0.0000
2026-02-12 11:14:59,566 - ADV_Generation_eps_8.0_steps_100_Added_Noise_uniform_Eps_1.0_Tau_Type_normal_anchors_num_anchors_10 - INFO - Batch:[3] Adversarial images for this batch already exist
2026-02-12 11:14:59,783 - ADV_Generation_eps_8.0_steps_100_Added_Noise_uniform_Eps_1.0_Tau_Type_normal_anchors_num_anchors_10 - INFO - Batch 4/8100: Clean accuracy 0.2500 | Adv accuracy: 0.0000 | Counter-attack accuracy: 0.0000
2026-02-12 11:14:59,784 - ADV_Generation_eps_8.0_steps_100_Added_Noise_uniform_Eps_1.0_Tau_Type_normal_anchors_num_anchors_10 - INFO - Batch:[4] Adversarial images for this batch already exist
2026-02-12 11:15:00,016 - ADV_Generation_eps_8.0_steps_100_Added_Noise_uniform_Eps_1.0_Tau_Type_normal_anchors_num_anchors_10 - INFO - Batch 5/8100: Clean accuracy 0.2000 | Adv accuracy: 0.0000 | Counter-attack accuracy: 0.0000
2026-02-12 11:15:00,017 - ADV_Generation_eps_8.0_steps_100_Added_Noise_uniform_Eps_1.0_Tau_Type_normal_anchors_num_anchors_10 - INFO - Batch:[5] Adversarial images for this batch already exist
2026-02-12 11:15:00,229 - ADV_Generation_eps_8.0_steps_100_Added_Noise_uniform_Eps_1.0_Tau_Type_normal_anchors_num_anchors_10 - INFO - Batch 6/8100: Clean accuracy 0.1667 | Adv accuracy: 0.0000 | Counter-attack accuracy: 0.0000
2026-02-12 11:15:00,231 - ADV_Generation_eps_8.0_steps_100_Added_Noise_uniform_Eps_1.0_Tau_Type_normal_anchors_num_anchors_10 - INFO - Batch:[6] Adversarial images for this batch already exist
2026-02-12 11:15:00,444 - ADV_Generation_eps_8.0_steps_100_Added_Noise_uniform_Eps_1.0_Tau_Type_normal_anchors_num_anchors_10 - INFO - Batch 7/8100: Clean accuracy 0.2857 | Adv accuracy: 0.0000 | Counter-attack accuracy: 0.0000
2026-02-12 11:15:00,446 - ADV_Generation_eps_8.0_steps_100_Added_Noise_uniform_Eps_1.0_Tau_Type_normal_anchors_num_anchors_10 - INFO - Batch:[7] Adversarial images for this batch already exist
2026-02-12 11:15:00,666 - ADV_Generation_eps_8.0_steps_100_Added_Noise_uniform_Eps_1.0_Tau_Type_normal_anchors_num_anchors_10 - INFO - Batch 8/8100: Clean accuracy 0.2500 | Adv accuracy: 0.0000 | Counter-attack accuracy: 0.0000
2026-02-12 11:15:00,667 - ADV_Generation_eps_8.0_steps_100_Added_Noise_uniform_Eps_1.0_Tau_Type_normal_anchors_num_anchors_10 - INFO - Batch:[8] Adversarial images for this batch already exist
2026-02-12 11:15:00,880 - ADV_Generation_eps_8.0_steps_100_Added_Noise_uniform_Eps_1.0_Tau_Type_normal_anchors_num_anchors_10 - INFO - Batch 9/8100: Clean accuracy 0.3333 | Adv accuracy: 0.0000 | Counter-attack accuracy: 0.0000
2026-02-12 11:15:00,881 - ADV_Generation_eps_8.0_steps_100_Added_Noise_uniform_Eps_1.0_Tau_Type_normal_anchors_num_anchors_10 - INFO - Batch:[9] Adversarial images for this batch already exist
2026-02-12 11:15:01,097 - ADV_Generation_eps_8.0_steps_100_Added_Noise_uniform_Eps_1.0_Tau_Type_normal_anchors_num_anchors_10 - INFO - Batch 10/8100: Clean accuracy 0.3000 | Adv accuracy: 0.0000 | Counter-attack accuracy: 0.0000
2026-02-12 11:15:01,098 - ADV_Generation_eps_8.0_steps_100_Added_Noise_uniform_Eps_1.0_Tau_Type_normal_anchors_num_anchors_10 - INFO - Batch:[10] Adversarial images for this batch already exist
2026-02-12 11:15:01,313 - ADV_Generation_eps_8.0_steps_100_Added_Noise_uniform_Eps_1.0_Tau_Type_normal_anchors_num_anchors_10 - INFO - Batch 11/8100: Clean accuracy 0.2727 | Adv accuracy: 0.0000 | Counter-attack accuracy: 0.0000
2026-02-12 11:15:01,314 - ADV_Generation_eps_8.0_steps_100_Added_Noise_uniform_Eps_1.0_Tau_Type_normal_anchors_num_anchors_10 - INFO - Batch:[11] Adversarial images for this batch already exist
2026-02-12 11:15:01,525 - ADV_Generation_eps_8.0_steps_100_Added_Noise_uniform_Eps_1.0_Tau_Type_normal_anchors_num_anchors_10 - INFO - Batch 12/8100: Clean accuracy 0.2500 | Adv accuracy: 0.0000 | Counter-attack accuracy: 0.0000
2026-02-12 11:15:01,527 - ADV_Generation_eps_8.0_steps_100_Added_Noise_uniform_Eps_1.0_Tau_Type_normal_anchors_num_anchors_10 - INFO - Batch:[12] Adversarial images for this batch already exist
2026-02-12 11:15:01,743 - ADV_Generation_eps_8.0_steps_100_Added_Noise_uniform_Eps_1.0_Tau_Type_normal_anchors_num_anchors_10 - INFO - Batch 13/8100: Clean accuracy 0.3077 | Adv accuracy: 0.0000 | Counter-attack accuracy: 0.0000
2026-02-12 11:15:01,744 - ADV_Generation_eps_8.0_steps_100_Added_Noise_uniform_Eps_1.0_Tau_Type_normal_anchors_num_anchors_10 - INFO - Batch:[13] Adversarial images for this batch already exist
2026-02-12 11:15:01,954 - ADV_Generation_eps_8.0_steps_100_Added_Noise_uniform_Eps_1.0_Tau_Type_normal_anchors_num_anchors_10 - INFO - Batch 14/8100: Clean accuracy 0.2857 | Adv accuracy: 0.0000 | Counter-attack accuracy: 0.0000
2026-02-12 11:15:01,956 - ADV_Generation_eps_8.0_steps_100_Added_Noise_uniform_Eps_1.0_Tau_Type_normal_anchors_num_anchors_10 - INFO - Batch:[14] Adversarial images for this batch already exist
2026-02-12 11:15:02,199 - ADV_Generation_eps_8.0_steps_100_Added_Noise_uniform_Eps_1.0_Tau_Type_normal_anchors_num_anchors_10 - INFO - Batch 15/8100: Clean accuracy 0.2667 | Adv accuracy: 0.0000 | Counter-attack accuracy: 0.0000
2026-02-12 11:15:02,200 - ADV_Generation_eps_8.0_steps_100_Added_Noise_uniform_Eps_1.0_Tau_Type_normal_anchors_num_anchors_10 - INFO - Batch:[15] Adversarial images for this batch already exist
2026-02-12 11:15:02,412 - ADV_Generation_eps_8.0_steps_100_Added_Noise_uniform_Eps_1.0_Tau_Type_normal_anchors_num_anchors_10 - INFO - Batch 16/8100: Clean accuracy 0.2500 | Adv accuracy: 0.0000 | Counter-attack accuracy: 0.0000
2026-02-12 11:15:02,413 - ADV_Generation_eps_8.0_steps_100_Added_Noise_uniform_Eps_1.0_Tau_Type_normal_anchors_num_anchors_10 - INFO - Batch:[16] Adversarial images for this batch already exist
2026-02-12 11:15:02,632 - ADV_Generation_eps_8.0_steps_100_Added_Noise_uniform_Eps_1.0_Tau_Type_normal_anchors_num_anchors_10 - INFO - Batch 17/8100: Clean accuracy 0.2353 | Adv accuracy: 0.0000 | Counter-attack accuracy: 0.0000
2026-02-12 11:15:02,634 - ADV_Generation_eps_8.0_steps_100_Added_Noise_uniform_Eps_1.0_Tau_Type_normal_anchors_num_anchors_10 - INFO - Batch:[17] Adversarial images for this batch already exist
2026-02-12 11:15:02,850 - ADV_Generation_eps_8.0_steps_100_Added_Noise_uniform_Eps_1.0_Tau_Type_normal_anchors_num_anchors_10 - INFO - Batch 18/8100: Clean accuracy 0.2222 | Adv accuracy: 0.0000 | Counter-attack accuracy: 0.0000
2026-02-12 11:15:02,852 - ADV_Generation_eps_8.0_steps_100_Added_Noise_uniform_Eps_1.0_Tau_Type_normal_anchors_num_anchors_10 - INFO - Batch:[18] Adversarial images for this batch already exist
2026-02-12 11:15:03,066 - ADV_Generation_eps_8.0_steps_100_Added_Noise_uniform_Eps_1.0_Tau_Type_normal_anchors_num_anchors_10 - INFO - Batch 19/8100: Clean accuracy 0.2105 | Adv accuracy: 0.0000 | Counter-attack accuracy: 0.0000
2026-02-12 11:15:03,087 - ADV_Generation_eps_8.0_steps_100_Added_Noise_uniform_Eps_1.0_Tau_Type_normal_anchors_num_anchors_10 - INFO - Batch:[19] Adversarial images for this batch already exist
2026-02-12 11:15:03,299 - ADV_Generation_eps_8.0_steps_100_Added_Noise_uniform_Eps_1.0_Tau_Type_normal_anchors_num_anchors_10 - INFO - Batch 20/8100: Clean accuracy 0.2500 | Adv accuracy: 0.0000 | Counter-attack accuracy: 0.0000
2026-02-12 11:15:03,301 - ADV_Generation_eps_8.0_steps_100_Added_Noise_uniform_Eps_1.0_Tau_Type_normal_anchors_num_anchors_10 - INFO - Batch:[20] Adversarial images for this batch already exist
2026-02-12 11:15:03,531 - ADV_Generation_eps_8.0_steps_100_Added_Noise_uniform_Eps_1.0_Tau_Type_normal_anchors_num_anchors_10 - INFO - Batch 21/8100: Clean accuracy 0.2381 | Adv accuracy: 0.0000 | Counter-attack accuracy: 0.0000
2026-02-12 11:15:03,532 - ADV_Generation_eps_8.0_steps_100_Added_Noise_uniform_Eps_1.0_Tau_Type_normal_anchors_num_anchors_10 - INFO - Batch:[21] Adversarial images for this batch already exist
2026-02-12 11:15:03,750 - ADV_Generation_eps_8.0_steps_100_Added_Noise_uniform_Eps_1.0_Tau_Type_normal_anchors_num_anchors_10 - INFO - Batch 22/8100: Clean accuracy 0.2273 | Adv accuracy: 0.0000 | Counter-attack accuracy: 0.0000
2026-02-12 11:15:03,752 - ADV_Generation_eps_8.0_steps_100_Added_Noise_uniform_Eps_1.0_Tau_Type_normal_anchors_num_anchors_10 - INFO - Batch:[22] Adversarial images for this batch already exist
2026-02-12 11:15:03,971 - ADV_Generation_eps_8.0_steps_100_Added_Noise_uniform_Eps_1.0_Tau_Type_normal_anchors_num_anchors_10 - INFO - Batch 23/8100: Clean accuracy 0.2174 | Adv accuracy: 0.0000 | Counter-attack accuracy: 0.0000
2026-02-12 11:15:03,973 - ADV_Generation_eps_8.0_steps_100_Added_Noise_uniform_Eps_1.0_Tau_Type_normal_anchors_num_anchors_10 - INFO - Batch:[23] Adversarial images for this batch already exist
2026-02-12 11:15:04,191 - ADV_Generation_eps_8.0_steps_100_Added_Noise_uniform_Eps_1.0_Tau_Type_normal_anchors_num_anchors_10 - INFO - Batch 24/8100: Clean accuracy 0.2083 | Adv accuracy: 0.0000 | Counter-attack accuracy: 0.0000
2026-02-12 11:15:04,193 - ADV_Generation_eps_8.0_steps_100_Added_Noise_uniform_Eps_1.0_Tau_Type_normal_anchors_num_anchors_10 - INFO - Batch:[24] Adversarial images for this batch already exist
2026-02-12 11:15:04,408 - ADV_Generation_eps_8.0_steps_100_Added_Noise_uniform_Eps_1.0_Tau_Type_normal_anchors_num_anchors_10 - INFO - Batch 25/8100: Clean accuracy 0.2000 | Adv accuracy: 0.0000 | Counter-attack accuracy: 0.0000
2026-02-12 11:15:04,409 - ADV_Generation_eps_8.0_steps_100_Added_Noise_uniform_Eps_1.0_Tau_Type_normal_anchors_num_anchors_10 - INFO - Batch:[25] Adversarial images for this batch already exist
2026-02-12 11:15:04,620 - ADV_Generation_eps_8.0_steps_100_Added_Noise_uniform_Eps_1.0_Tau_Type_normal_anchors_num_anchors_10 - INFO - Batch 26/8100: Clean accuracy 0.1923 | Adv accuracy: 0.0000 | Counter-attack accuracy: 0.0000
2026-02-12 11:15:04,621 - ADV_Generation_eps_8.0_steps_100_Added_Noise_uniform_Eps_1.0_Tau_Type_normal_anchors_num_anchors_10 - INFO - Batch:[26] Adversarial images for this batch already exist
2026-02-12 11:15:04,852 - ADV_Generation_eps_8.0_steps_100_Added_Noise_uniform_Eps_1.0_Tau_Type_normal_anchors_num_anchors_10 - INFO - Batch 27/8100: Clean accuracy 0.1852 | Adv accuracy: 0.0000 | Counter-attack accuracy: 0.0000
2026-02-12 11:15:04,853 - ADV_Generation_eps_8.0_steps_100_Added_Noise_uniform_Eps_1.0_Tau_Type_normal_anchors_num_anchors_10 - INFO - Batch:[27] Adversarial images for this batch already exist
2026-02-12 11:15:05,066 - ADV_Generation_eps_8.0_steps_100_Added_Noise_uniform_Eps_1.0_Tau_Type_normal_anchors_num_anchors_10 - INFO - Batch 28/8100: Clean accuracy 0.2143 | Adv accuracy: 0.0000 | Counter-attack accuracy: 0.0000
2026-02-12 11:15:05,067 - ADV_Generation_eps_8.0_steps_100_Added_Noise_uniform_Eps_1.0_Tau_Type_normal_anchors_num_anchors_10 - INFO - Batch:[28] Adversarial images for this batch already exist
2026-02-12 11:15:05,282 - ADV_Generation_eps_8.0_steps_100_Added_Noise_uniform_Eps_1.0_Tau_Type_normal_anchors_num_anchors_10 - INFO - Batch 29/8100: Clean accuracy 0.2069 | Adv accuracy: 0.0000 | Counter-attack accuracy: 0.0000
2026-02-12 11:15:05,283 - ADV_Generation_eps_8.0_steps_100_Added_Noise_uniform_Eps_1.0_Tau_Type_normal_anchors_num_anchors_10 - INFO - Batch:[29] Adversarial images for this batch already exist
2026-02-12 11:15:05,502 - ADV_Generation_eps_8.0_steps_100_Added_Noise_uniform_Eps_1.0_Tau_Type_normal_anchors_num_anchors_10 - INFO - Batch 30/8100: Clean accuracy 0.2333 | Adv accuracy: 0.0000 | Counter-attack accuracy: 0.0000
2026-02-12 11:15:05,503 - ADV_Generation_eps_8.0_steps_100_Added_Noise_uniform_Eps_1.0_Tau_Type_normal_anchors_num_anchors_10 - INFO - Batch:[30] Adversarial images for this batch already exist
2026-02-12 11:15:05,719 - ADV_Generation_eps_8.0_steps_100_Added_Noise_uniform_Eps_1.0_Tau_Type_normal_anchors_num_anchors_10 - INFO - Batch 31/8100: Clean accuracy 0.2581 | Adv accuracy: 0.0000 | Counter-attack accuracy: 0.0000
2026-02-12 11:15:05,720 - ADV_Generation_eps_8.0_steps_100_Added_Noise_uniform_Eps_1.0_Tau_Type_normal_anchors_num_anchors_10 - INFO - Batch:[31] Adversarial images for this batch already exist
2026-02-12 11:15:05,948 - ADV_Generation_eps_8.0_steps_100_Added_Noise_uniform_Eps_1.0_Tau_Type_normal_anchors_num_anchors_10 - INFO - Batch 32/8100: Clean accuracy 0.2812 | Adv accuracy: 0.0000 | Counter-attack accuracy: 0.0000
2026-02-12 11:15:05,949 - ADV_Generation_eps_8.0_steps_100_Added_Noise_uniform_Eps_1.0_Tau_Type_normal_anchors_num_anchors_10 - INFO - Batch:[32] Adversarial images for this batch already exist
2026-02-12 11:15:06,164 - ADV_Generation_eps_8.0_steps_100_Added_Noise_uniform_Eps_1.0_Tau_Type_normal_anchors_num_anchors_10 - INFO - Batch 33/8100: Clean accuracy 0.3030 | Adv accuracy: 0.0000 | Counter-attack accuracy: 0.0000
2026-02-12 11:15:06,165 - ADV_Generation_eps_8.0_steps_100_Added_Noise_uniform_Eps_1.0_Tau_Type_normal_anchors_num_anchors_10 - INFO - Batch:[33] Adversarial images for this batch already exist
2026-02-12 11:15:06,379 - ADV_Generation_eps_8.0_steps_100_Added_Noise_uniform_Eps_1.0_Tau_Type_normal_anchors_num_anchors_10 - INFO - Batch 34/8100: Clean accuracy 0.3235 | Adv accuracy: 0.0000 | Counter-attack accuracy: 0.0000
2026-02-12 11:15:06,380 - ADV_Generation_eps_8.0_steps_100_Added_Noise_uniform_Eps_1.0_Tau_Type_normal_anchors_num_anchors_10 - INFO - Batch:[34] Adversarial images for this batch already exist
2026-02-12 11:15:06,588 - ADV_Generation_eps_8.0_steps_100_Added_Noise_uniform_Eps_1.0_Tau_Type_normal_anchors_num_anchors_10 - INFO - Batch 35/8100: Clean accuracy 0.3429 | Adv accuracy: 0.0000 | Counter-attack accuracy: 0.0000
2026-02-12 11:15:06,589 - ADV_Generation_eps_8.0_steps_100_Added_Noise_uniform_Eps_1.0_Tau_Type_normal_anchors_num_anchors_10 - INFO - Batch:[35] Adversarial images for this batch already exist
2026-02-12 11:15:06,801 - ADV_Generation_eps_8.0_steps_100_Added_Noise_uniform_Eps_1.0_Tau_Type_normal_anchors_num_anchors_10 - INFO - Batch 36/8100: Clean accuracy 0.3333 | Adv accuracy: 0.0000 | Counter-attack accuracy: 0.0000
2026-02-12 11:15:06,802 - ADV_Generation_eps_8.0_steps_100_Added_Noise_uniform_Eps_1.0_Tau_Type_normal_anchors_num_anchors_10 - INFO - Batch:[36] Adversarial images for this batch already exist
2026-02-12 11:15:07,019 - ADV_Generation_eps_8.0_steps_100_Added_Noise_uniform_Eps_1.0_Tau_Type_normal_anchors_num_anchors_10 - INFO - Batch 37/8100: Clean accuracy 0.3243 | Adv accuracy: 0.0000 | Counter-attack accuracy: 0.0000
2026-02-12 11:15:07,020 - ADV_Generation_eps_8.0_steps_100_Added_Noise_uniform_Eps_1.0_Tau_Type_normal_anchors_num_anchors_10 - INFO - Batch:[37] Adversarial images for this batch already exist
2026-02-12 11:15:07,232 - ADV_Generation_eps_8.0_steps_100_Added_Noise_uniform_Eps_1.0_Tau_Type_normal_anchors_num_anchors_10 - INFO - Batch 38/8100: Clean accuracy 0.3158 | Adv accuracy: 0.0000 | Counter-attack accuracy: 0.0000
2026-02-12 11:15:07,233 - ADV_Generation_eps_8.0_steps_100_Added_Noise_uniform_Eps_1.0_Tau_Type_normal_anchors_num_anchors_10 - INFO - Batch:[38] Adversarial images for this batch already exist
2026-02-12 11:15:07,492 - ADV_Generation_eps_8.0_steps_100_Added_Noise_uniform_Eps_1.0_Tau_Type_normal_anchors_num_anchors_10 - INFO - Batch 39/8100: Clean accuracy 0.3077 | Adv accuracy: 0.0000 | Counter-attack accuracy: 0.0000
2026-02-12 11:15:07,493 - ADV_Generation_eps_8.0_steps_100_Added_Noise_uniform_Eps_1.0_Tau_Type_normal_anchors_num_anchors_10 - INFO - Batch:[39] Adversarial images for this batch already exist
2026-02-12 11:15:07,705 - ADV_Generation_eps_8.0_steps_100_Added_Noise_uniform_Eps_1.0_Tau_Type_normal_anchors_num_anchors_10 - INFO - Batch 40/8100: Clean accuracy 0.3000 | Adv accuracy: 0.0000 | Counter-attack accuracy: 0.0000
2026-02-12 11:15:07,706 - ADV_Generation_eps_8.0_steps_100_Added_Noise_uniform_Eps_1.0_Tau_Type_normal_anchors_num_anchors_10 - INFO - Batch:[40] Adversarial images for this batch already exist
2026-02-12 11:15:07,917 - ADV_Generation_eps_8.0_steps_100_Added_Noise_uniform_Eps_1.0_Tau_Type_normal_anchors_num_anchors_10 - INFO - Batch 41/8100: Clean accuracy 0.3171 | Adv accuracy: 0.0000 | Counter-attack accuracy: 0.0000
2026-02-12 11:15:07,945 - ADV_Generation_eps_8.0_steps_100_Added_Noise_uniform_Eps_1.0_Tau_Type_normal_anchors_num_anchors_10 - INFO - Batch:[41] Adversarial images for this batch already exist
2026-02-12 11:15:08,169 - ADV_Generation_eps_8.0_steps_100_Added_Noise_uniform_Eps_1.0_Tau_Type_normal_anchors_num_anchors_10 - INFO - Batch 42/8100: Clean accuracy 0.3095 | Adv accuracy: 0.0000 | Counter-attack accuracy: 0.0000
2026-02-12 11:15:08,171 - ADV_Generation_eps_8.0_steps_100_Added_Noise_uniform_Eps_1.0_Tau_Type_normal_anchors_num_anchors_10 - INFO - Batch:[42] Adversarial images for this batch already exist
2026-02-12 11:15:08,389 - ADV_Generation_eps_8.0_steps_100_Added_Noise_uniform_Eps_1.0_Tau_Type_normal_anchors_num_anchors_10 - INFO - Batch 43/8100: Clean accuracy 0.3023 | Adv accuracy: 0.0000 | Counter-attack accuracy: 0.0000
2026-02-12 11:15:08,391 - ADV_Generation_eps_8.0_steps_100_Added_Noise_uniform_Eps_1.0_Tau_Type_normal_anchors_num_anchors_10 - INFO - Batch:[43] Adversarial images for this batch already exist
2026-02-12 11:15:08,621 - ADV_Generation_eps_8.0_steps_100_Added_Noise_uniform_Eps_1.0_Tau_Type_normal_anchors_num_anchors_10 - INFO - Batch 44/8100: Clean accuracy 0.3182 | Adv accuracy: 0.0000 | Counter-attack accuracy: 0.0000
2026-02-12 11:15:08,623 - ADV_Generation_eps_8.0_steps_100_Added_Noise_uniform_Eps_1.0_Tau_Type_normal_anchors_num_anchors_10 - INFO - Batch:[44] Adversarial images for this batch already exist
2026-02-12 11:15:08,834 - ADV_Generation_eps_8.0_steps_100_Added_Noise_uniform_Eps_1.0_Tau_Type_normal_anchors_num_anchors_10 - INFO - Batch 45/8100: Clean accuracy 0.3111 | Adv accuracy: 0.0000 | Counter-attack accuracy: 0.0000
2026-02-12 11:15:08,836 - ADV_Generation_eps_8.0_steps_100_Added_Noise_uniform_Eps_1.0_Tau_Type_normal_anchors_num_anchors_10 - INFO - Batch:[45] Adversarial images for this batch already exist
2026-02-12 11:15:09,083 - ADV_Generation_eps_8.0_steps_100_Added_Noise_uniform_Eps_1.0_Tau_Type_normal_anchors_num_anchors_10 - INFO - Batch 46/8100: Clean accuracy 0.3043 | Adv accuracy: 0.0000 | Counter-attack accuracy: 0.0000
2026-02-12 11:15:09,085 - ADV_Generation_eps_8.0_steps_100_Added_Noise_uniform_Eps_1.0_Tau_Type_normal_anchors_num_anchors_10 - INFO - Batch:[46] Adversarial images for this batch already exist
2026-02-12 11:15:09,299 - ADV_Generation_eps_8.0_steps_100_Added_Noise_uniform_Eps_1.0_Tau_Type_normal_anchors_num_anchors_10 - INFO - Batch 47/8100: Clean accuracy 0.2979 | Adv accuracy: 0.0000 | Counter-attack accuracy: 0.0000
2026-02-12 11:15:09,301 - ADV_Generation_eps_8.0_steps_100_Added_Noise_uniform_Eps_1.0_Tau_Type_normal_anchors_num_anchors_10 - INFO - Batch:[47] Adversarial images for this batch already exist
2026-02-12 11:15:09,535 - ADV_Generation_eps_8.0_steps_100_Added_Noise_uniform_Eps_1.0_Tau_Type_normal_anchors_num_anchors_10 - INFO - Batch 48/8100: Clean accuracy 0.3125 | Adv accuracy: 0.0000 | Counter-attack accuracy: 0.0000
2026-02-12 11:15:09,536 - ADV_Generation_eps_8.0_steps_100_Added_Noise_uniform_Eps_1.0_Tau_Type_normal_anchors_num_anchors_10 - INFO - Batch:[48] Adversarial images for this batch already exist
2026-02-12 11:15:09,748 - ADV_Generation_eps_8.0_steps_100_Added_Noise_uniform_Eps_1.0_Tau_Type_normal_anchors_num_anchors_10 - INFO - Batch 49/8100: Clean accuracy 0.3061 | Adv accuracy: 0.0000 | Counter-attack accuracy: 0.0000
2026-02-12 11:15:09,750 - ADV_Generation_eps_8.0_steps_100_Added_Noise_uniform_Eps_1.0_Tau_Type_normal_anchors_num_anchors_10 - INFO - Batch:[49] Adversarial images for this batch already exist
2026-02-12 11:15:09,985 - ADV_Generation_eps_8.0_steps_100_Added_Noise_uniform_Eps_1.0_Tau_Type_normal_anchors_num_anchors_10 - INFO - Batch 50/8100: Clean accuracy 0.3200 | Adv accuracy: 0.0000 | Counter-attack accuracy: 0.0000
2026-02-12 11:15:09,986 - ADV_Generation_eps_8.0_steps_100_Added_Noise_uniform_Eps_1.0_Tau_Type_normal_anchors_num_anchors_10 - INFO - Batch:[50] Adversarial images for this batch already exist
2026-02-12 11:15:10,197 - ADV_Generation_eps_8.0_steps_100_Added_Noise_uniform_Eps_1.0_Tau_Type_normal_anchors_num_anchors_10 - INFO - Batch 51/8100: Clean accuracy 0.3137 | Adv accuracy: 0.0000 | Counter-attack accuracy: 0.0000
2026-02-12 11:15:10,198 - ADV_Generation_eps_8.0_steps_100_Added_Noise_uniform_Eps_1.0_Tau_Type_normal_anchors_num_anchors_10 - INFO - Batch:[51] Adversarial images for this batch already exist
2026-02-12 11:15:10,415 - ADV_Generation_eps_8.0_steps_100_Added_Noise_uniform_Eps_1.0_Tau_Type_normal_anchors_num_anchors_10 - INFO - Batch 52/8100: Clean accuracy 0.3269 | Adv accuracy: 0.0000 | Counter-attack accuracy: 0.0000
2026-02-12 11:15:10,416 - ADV_Generation_eps_8.0_steps_100_Added_Noise_uniform_Eps_1.0_Tau_Type_normal_anchors_num_anchors_10 - INFO - Batch:[52] Adversarial images for this batch already exist
2026-02-12 11:15:10,630 - ADV_Generation_eps_8.0_steps_100_Added_Noise_uniform_Eps_1.0_Tau_Type_normal_anchors_num_anchors_10 - INFO - Batch 53/8100: Clean accuracy 0.3208 | Adv accuracy: 0.0000 | Counter-attack accuracy: 0.0000
2026-02-12 11:15:10,631 - ADV_Generation_eps_8.0_steps_100_Added_Noise_uniform_Eps_1.0_Tau_Type_normal_anchors_num_anchors_10 - INFO - Batch:[53] Adversarial images for this batch already exist
2026-02-12 11:15:10,850 - ADV_Generation_eps_8.0_steps_100_Added_Noise_uniform_Eps_1.0_Tau_Type_normal_anchors_num_anchors_10 - INFO - Batch 54/8100: Clean accuracy 0.3148 | Adv accuracy: 0.0000 | Counter-attack accuracy: 0.0000
2026-02-12 11:15:10,851 - ADV_Generation_eps_8.0_steps_100_Added_Noise_uniform_Eps_1.0_Tau_Type_normal_anchors_num_anchors_10 - INFO - Batch:[54] Adversarial images for this batch already exist
2026-02-12 11:15:11,065 - ADV_Generation_eps_8.0_steps_100_Added_Noise_uniform_Eps_1.0_Tau_Type_normal_anchors_num_anchors_10 - INFO - Batch 55/8100: Clean accuracy 0.3091 | Adv accuracy: 0.0000 | Counter-attack accuracy: 0.0000
2026-02-12 11:15:11,066 - ADV_Generation_eps_8.0_steps_100_Added_Noise_uniform_Eps_1.0_Tau_Type_normal_anchors_num_anchors_10 - INFO - Batch:[55] Adversarial images for this batch already exist
2026-02-12 11:15:11,290 - ADV_Generation_eps_8.0_steps_100_Added_Noise_uniform_Eps_1.0_Tau_Type_normal_anchors_num_anchors_10 - INFO - Batch 56/8100: Clean accuracy 0.3214 | Adv accuracy: 0.0000 | Counter-attack accuracy: 0.0000
2026-02-12 11:15:11,291 - ADV_Generation_eps_8.0_steps_100_Added_Noise_uniform_Eps_1.0_Tau_Type_normal_anchors_num_anchors_10 - INFO - Batch:[56] Adversarial images for this batch already exist
2026-02-12 11:15:11,508 - ADV_Generation_eps_8.0_steps_100_Added_Noise_uniform_Eps_1.0_Tau_Type_normal_anchors_num_anchors_10 - INFO - Batch 57/8100: Clean accuracy 0.3158 | Adv accuracy: 0.0000 | Counter-attack accuracy: 0.0000
2026-02-12 11:15:11,509 - ADV_Generation_eps_8.0_steps_100_Added_Noise_uniform_Eps_1.0_Tau_Type_normal_anchors_num_anchors_10 - INFO - Batch:[57] Adversarial images for this batch already exist
2026-02-12 11:15:11,724 - ADV_Generation_eps_8.0_steps_100_Added_Noise_uniform_Eps_1.0_Tau_Type_normal_anchors_num_anchors_10 - INFO - Batch 58/8100: Clean accuracy 0.3103 | Adv accuracy: 0.0000 | Counter-attack accuracy: 0.0000
2026-02-12 11:15:11,750 - ADV_Generation_eps_8.0_steps_100_Added_Noise_uniform_Eps_1.0_Tau_Type_normal_anchors_num_anchors_10 - INFO - Batch:[58] Adversarial images for this batch already exist
2026-02-12 11:15:11,961 - ADV_Generation_eps_8.0_steps_100_Added_Noise_uniform_Eps_1.0_Tau_Type_normal_anchors_num_anchors_10 - INFO - Batch 59/8100: Clean accuracy 0.3051 | Adv accuracy: 0.0000 | Counter-attack accuracy: 0.0000
2026-02-12 11:15:11,963 - ADV_Generation_eps_8.0_steps_100_Added_Noise_uniform_Eps_1.0_Tau_Type_normal_anchors_num_anchors_10 - INFO - Batch:[59] Adversarial images for this batch already exist
2026-02-12 11:15:12,173 - ADV_Generation_eps_8.0_steps_100_Added_Noise_uniform_Eps_1.0_Tau_Type_normal_anchors_num_anchors_10 - INFO - Batch 60/8100: Clean accuracy 0.3167 | Adv accuracy: 0.0000 | Counter-attack accuracy: 0.0000
2026-02-12 11:15:12,175 - ADV_Generation_eps_8.0_steps_100_Added_Noise_uniform_Eps_1.0_Tau_Type_normal_anchors_num_anchors_10 - INFO - Batch:[60] Adversarial images for this batch already exist
2026-02-12 11:15:12,396 - ADV_Generation_eps_8.0_steps_100_Added_Noise_uniform_Eps_1.0_Tau_Type_normal_anchors_num_anchors_10 - INFO - Batch 61/8100: Clean accuracy 0.3115 | Adv accuracy: 0.0000 | Counter-attack accuracy: 0.0000
2026-02-12 11:15:12,413 - ADV_Generation_eps_8.0_steps_100_Added_Noise_uniform_Eps_1.0_Tau_Type_normal_anchors_num_anchors_10 - INFO - Batch:[61] Adversarial images for this batch already exist
2026-02-12 11:15:12,624 - ADV_Generation_eps_8.0_steps_100_Added_Noise_uniform_Eps_1.0_Tau_Type_normal_anchors_num_anchors_10 - INFO - Batch 62/8100: Clean accuracy 0.3065 | Adv accuracy: 0.0000 | Counter-attack accuracy: 0.0000
2026-02-12 11:15:12,626 - ADV_Generation_eps_8.0_steps_100_Added_Noise_uniform_Eps_1.0_Tau_Type_normal_anchors_num_anchors_10 - INFO - Batch:[62] Adversarial images for this batch already exist
2026-02-12 11:15:12,843 - ADV_Generation_eps_8.0_steps_100_Added_Noise_uniform_Eps_1.0_Tau_Type_normal_anchors_num_anchors_10 - INFO - Batch 63/8100: Clean accuracy 0.3016 | Adv accuracy: 0.0000 | Counter-attack accuracy: 0.0000
2026-02-12 11:15:12,844 - ADV_Generation_eps_8.0_steps_100_Added_Noise_uniform_Eps_1.0_Tau_Type_normal_anchors_num_anchors_10 - INFO - Batch:[63] Adversarial images for this batch already exist
2026-02-12 11:15:13,060 - ADV_Generation_eps_8.0_steps_100_Added_Noise_uniform_Eps_1.0_Tau_Type_normal_anchors_num_anchors_10 - INFO - Batch 64/8100: Clean accuracy 0.3125 | Adv accuracy: 0.0000 | Counter-attack accuracy: 0.0000
2026-02-12 11:15:13,061 - ADV_Generation_eps_8.0_steps_100_Added_Noise_uniform_Eps_1.0_Tau_Type_normal_anchors_num_anchors_10 - INFO - Batch:[64] Adversarial images for this batch already exist
2026-02-12 11:15:13,279 - ADV_Generation_eps_8.0_steps_100_Added_Noise_uniform_Eps_1.0_Tau_Type_normal_anchors_num_anchors_10 - INFO - Batch 65/8100: Clean accuracy 0.3231 | Adv accuracy: 0.0000 | Counter-attack accuracy: 0.0000
2026-02-12 11:15:13,280 - ADV_Generation_eps_8.0_steps_100_Added_Noise_uniform_Eps_1.0_Tau_Type_normal_anchors_num_anchors_10 - INFO - Batch:[65] Adversarial images for this batch already exist
2026-02-12 11:15:13,503 - ADV_Generation_eps_8.0_steps_100_Added_Noise_uniform_Eps_1.0_Tau_Type_normal_anchors_num_anchors_10 - INFO - Batch 66/8100: Clean accuracy 0.3182 | Adv accuracy: 0.0000 | Counter-attack accuracy: 0.0000
2026-02-12 11:15:13,504 - ADV_Generation_eps_8.0_steps_100_Added_Noise_uniform_Eps_1.0_Tau_Type_normal_anchors_num_anchors_10 - INFO - Batch:[66] Adversarial images for this batch already exist
2026-02-12 11:15:13,723 - ADV_Generation_eps_8.0_steps_100_Added_Noise_uniform_Eps_1.0_Tau_Type_normal_anchors_num_anchors_10 - INFO - Batch 67/8100: Clean accuracy 0.3284 | Adv accuracy: 0.0000 | Counter-attack accuracy: 0.0000
2026-02-12 11:15:13,724 - ADV_Generation_eps_8.0_steps_100_Added_Noise_uniform_Eps_1.0_Tau_Type_normal_anchors_num_anchors_10 - INFO - Batch:[67] Adversarial images for this batch already exist
2026-02-12 11:15:13,937 - ADV_Generation_eps_8.0_steps_100_Added_Noise_uniform_Eps_1.0_Tau_Type_normal_anchors_num_anchors_10 - INFO - Batch 68/8100: Clean accuracy 0.3235 | Adv accuracy: 0.0000 | Counter-attack accuracy: 0.0000
2026-02-12 11:15:13,938 - ADV_Generation_eps_8.0_steps_100_Added_Noise_uniform_Eps_1.0_Tau_Type_normal_anchors_num_anchors_10 - INFO - Batch:[68] Adversarial images for this batch already exist
2026-02-12 11:15:14,165 - ADV_Generation_eps_8.0_steps_100_Added_Noise_uniform_Eps_1.0_Tau_Type_normal_anchors_num_anchors_10 - INFO - Batch 69/8100: Clean accuracy 0.3188 | Adv accuracy: 0.0000 | Counter-attack accuracy: 0.0000
2026-02-12 11:15:14,167 - ADV_Generation_eps_8.0_steps_100_Added_Noise_uniform_Eps_1.0_Tau_Type_normal_anchors_num_anchors_10 - INFO - Batch:[69] Adversarial images for this batch already exist
2026-02-12 11:15:14,380 - ADV_Generation_eps_8.0_steps_100_Added_Noise_uniform_Eps_1.0_Tau_Type_normal_anchors_num_anchors_10 - INFO - Batch 70/8100: Clean accuracy 0.3143 | Adv accuracy: 0.0000 | Counter-attack accuracy: 0.0000
2026-02-12 11:15:14,381 - ADV_Generation_eps_8.0_steps_100_Added_Noise_uniform_Eps_1.0_Tau_Type_normal_anchors_num_anchors_10 - INFO - Batch:[70] Adversarial images for this batch already exist
2026-02-12 11:15:14,597 - ADV_Generation_eps_8.0_steps_100_Added_Noise_uniform_Eps_1.0_Tau_Type_normal_anchors_num_anchors_10 - INFO - Batch 71/8100: Clean accuracy 0.3099 | Adv accuracy: 0.0000 | Counter-attack accuracy: 0.0000
2026-02-12 11:15:14,598 - ADV_Generation_eps_8.0_steps_100_Added_Noise_uniform_Eps_1.0_Tau_Type_normal_anchors_num_anchors_10 - INFO - Batch:[71] Adversarial images for this batch already exist
2026-02-12 11:15:14,810 - ADV_Generation_eps_8.0_steps_100_Added_Noise_uniform_Eps_1.0_Tau_Type_normal_anchors_num_anchors_10 - INFO - Batch 72/8100: Clean accuracy 0.3056 | Adv accuracy: 0.0000 | Counter-attack accuracy: 0.0000
2026-02-12 11:15:14,811 - ADV_Generation_eps_8.0_steps_100_Added_Noise_uniform_Eps_1.0_Tau_Type_normal_anchors_num_anchors_10 - INFO - Batch:[72] Adversarial images for this batch already exist
2026-02-12 11:15:15,030 - ADV_Generation_eps_8.0_steps_100_Added_Noise_uniform_Eps_1.0_Tau_Type_normal_anchors_num_anchors_10 - INFO - Batch 73/8100: Clean accuracy 0.3151 | Adv accuracy: 0.0000 | Counter-attack accuracy: 0.0000
2026-02-12 11:15:15,032 - ADV_Generation_eps_8.0_steps_100_Added_Noise_uniform_Eps_1.0_Tau_Type_normal_anchors_num_anchors_10 - INFO - Batch:[73] Adversarial images for this batch already exist
2026-02-12 11:15:15,247 - ADV_Generation_eps_8.0_steps_100_Added_Noise_uniform_Eps_1.0_Tau_Type_normal_anchors_num_anchors_10 - INFO - Batch 74/8100: Clean accuracy 0.3108 | Adv accuracy: 0.0000 | Counter-attack accuracy: 0.0000
2026-02-12 11:15:15,248 - ADV_Generation_eps_8.0_steps_100_Added_Noise_uniform_Eps_1.0_Tau_Type_normal_anchors_num_anchors_10 - INFO - Batch:[74] Adversarial images for this batch already exist
2026-02-12 11:15:15,479 - ADV_Generation_eps_8.0_steps_100_Added_Noise_uniform_Eps_1.0_Tau_Type_normal_anchors_num_anchors_10 - INFO - Batch 75/8100: Clean accuracy 0.3067 | Adv accuracy: 0.0000 | Counter-attack accuracy: 0.0000
2026-02-12 11:15:15,480 - ADV_Generation_eps_8.0_steps_100_Added_Noise_uniform_Eps_1.0_Tau_Type_normal_anchors_num_anchors_10 - INFO - Batch:[75] Adversarial images for this batch already exist
2026-02-12 11:15:15,689 - ADV_Generation_eps_8.0_steps_100_Added_Noise_uniform_Eps_1.0_Tau_Type_normal_anchors_num_anchors_10 - INFO - Batch 76/8100: Clean accuracy 0.3158 | Adv accuracy: 0.0000 | Counter-attack accuracy: 0.0000
2026-02-12 11:15:15,693 - ADV_Generation_eps_8.0_steps_100_Added_Noise_uniform_Eps_1.0_Tau_Type_normal_anchors_num_anchors_10 - INFO - Batch:[76] Adversarial images for this batch already exist
2026-02-12 11:15:15,909 - ADV_Generation_eps_8.0_steps_100_Added_Noise_uniform_Eps_1.0_Tau_Type_normal_anchors_num_anchors_10 - INFO - Batch 77/8100: Clean accuracy 0.3247 | Adv accuracy: 0.0000 | Counter-attack accuracy: 0.0000
2026-02-12 11:15:15,910 - ADV_Generation_eps_8.0_steps_100_Added_Noise_uniform_Eps_1.0_Tau_Type_normal_anchors_num_anchors_10 - INFO - Batch:[77] Adversarial images for this batch already exist
2026-02-12 11:15:16,122 - ADV_Generation_eps_8.0_steps_100_Added_Noise_uniform_Eps_1.0_Tau_Type_normal_anchors_num_anchors_10 - INFO - Batch 78/8100: Clean accuracy 0.3333 | Adv accuracy: 0.0000 | Counter-attack accuracy: 0.0000
2026-02-12 11:15:16,123 - ADV_Generation_eps_8.0_steps_100_Added_Noise_uniform_Eps_1.0_Tau_Type_normal_anchors_num_anchors_10 - INFO - Batch:[78] Adversarial images for this batch already exist
2026-02-12 11:15:16,336 - ADV_Generation_eps_8.0_steps_100_Added_Noise_uniform_Eps_1.0_Tau_Type_normal_anchors_num_anchors_10 - INFO - Batch 79/8100: Clean accuracy 0.3418 | Adv accuracy: 0.0000 | Counter-attack accuracy: 0.0000
2026-02-12 11:15:16,338 - ADV_Generation_eps_8.0_steps_100_Added_Noise_uniform_Eps_1.0_Tau_Type_normal_anchors_num_anchors_10 - INFO - Batch:[79] Adversarial images for this batch already exist
2026-02-12 11:15:16,574 - ADV_Generation_eps_8.0_steps_100_Added_Noise_uniform_Eps_1.0_Tau_Type_normal_anchors_num_anchors_10 - INFO - Batch 80/8100: Clean accuracy 0.3375 | Adv accuracy: 0.0000 | Counter-attack accuracy: 0.0000
2026-02-12 11:15:16,575 - ADV_Generation_eps_8.0_steps_100_Added_Noise_uniform_Eps_1.0_Tau_Type_normal_anchors_num_anchors_10 - INFO - Batch:[80] Adversarial images for this batch already exist
2026-02-12 11:15:16,786 - ADV_Generation_eps_8.0_steps_100_Added_Noise_uniform_Eps_1.0_Tau_Type_normal_anchors_num_anchors_10 - INFO - Batch 81/8100: Clean accuracy 0.3333 | Adv accuracy: 0.0000 | Counter-attack accuracy: 0.0000
2026-02-12 11:15:16,787 - ADV_Generation_eps_8.0_steps_100_Added_Noise_uniform_Eps_1.0_Tau_Type_normal_anchors_num_anchors_10 - INFO - Batch:[81] Adversarial images for this batch already exist
2026-02-12 11:15:17,002 - ADV_Generation_eps_8.0_steps_100_Added_Noise_uniform_Eps_1.0_Tau_Type_normal_anchors_num_anchors_10 - INFO - Batch 82/8100: Clean accuracy 0.3293 | Adv accuracy: 0.0000 | Counter-attack accuracy: 0.0000
2026-02-12 11:15:17,003 - ADV_Generation_eps_8.0_steps_100_Added_Noise_uniform_Eps_1.0_Tau_Type_normal_anchors_num_anchors_10 - INFO - Batch:[82] Adversarial images for this batch already exist
2026-02-12 11:15:17,217 - ADV_Generation_eps_8.0_steps_100_Added_Noise_uniform_Eps_1.0_Tau_Type_normal_anchors_num_anchors_10 - INFO - Batch 83/8100: Clean accuracy 0.3253 | Adv accuracy: 0.0000 | Counter-attack accuracy: 0.0000
2026-02-12 11:15:17,218 - ADV_Generation_eps_8.0_steps_100_Added_Noise_uniform_Eps_1.0_Tau_Type_normal_anchors_num_anchors_10 - INFO - Batch:[83] Adversarial images for this batch already exist
2026-02-12 11:15:17,438 - ADV_Generation_eps_8.0_steps_100_Added_Noise_uniform_Eps_1.0_Tau_Type_normal_anchors_num_anchors_10 - INFO - Batch 84/8100: Clean accuracy 0.3214 | Adv accuracy: 0.0000 | Counter-attack accuracy: 0.0000
2026-02-12 11:15:17,440 - ADV_Generation_eps_8.0_steps_100_Added_Noise_uniform_Eps_1.0_Tau_Type_normal_anchors_num_anchors_10 - INFO - Batch:[84] Adversarial images for this batch already exist
2026-02-12 11:15:17,655 - ADV_Generation_eps_8.0_steps_100_Added_Noise_uniform_Eps_1.0_Tau_Type_normal_anchors_num_anchors_10 - INFO - Batch 85/8100: Clean accuracy 0.3176 | Adv accuracy: 0.0000 | Counter-attack accuracy: 0.0000
2026-02-12 11:15:17,657 - ADV_Generation_eps_8.0_steps_100_Added_Noise_uniform_Eps_1.0_Tau_Type_normal_anchors_num_anchors_10 - INFO - Batch:[85] Adversarial images for this batch already exist
2026-02-12 11:15:17,873 - ADV_Generation_eps_8.0_steps_100_Added_Noise_uniform_Eps_1.0_Tau_Type_normal_anchors_num_anchors_10 - INFO - Batch 86/8100: Clean accuracy 0.3140 | Adv accuracy: 0.0000 | Counter-attack accuracy: 0.0000
2026-02-12 11:15:17,874 - ADV_Generation_eps_8.0_steps_100_Added_Noise_uniform_Eps_1.0_Tau_Type_normal_anchors_num_anchors_10 - INFO - Batch:[86] Adversarial images for this batch already exist
2026-02-12 11:15:18,091 - ADV_Generation_eps_8.0_steps_100_Added_Noise_uniform_Eps_1.0_Tau_Type_normal_anchors_num_anchors_10 - INFO - Batch 87/8100: Clean accuracy 0.3218 | Adv accuracy: 0.0000 | Counter-attack accuracy: 0.0000
2026-02-12 11:15:18,093 - ADV_Generation_eps_8.0_steps_100_Added_Noise_uniform_Eps_1.0_Tau_Type_normal_anchors_num_anchors_10 - INFO - Batch:[87] Adversarial images for this batch already exist
2026-02-12 11:15:18,316 - ADV_Generation_eps_8.0_steps_100_Added_Noise_uniform_Eps_1.0_Tau_Type_normal_anchors_num_anchors_10 - INFO - Batch 88/8100: Clean accuracy 0.3182 | Adv accuracy: 0.0000 | Counter-attack accuracy: 0.0000
2026-02-12 11:15:18,317 - ADV_Generation_eps_8.0_steps_100_Added_Noise_uniform_Eps_1.0_Tau_Type_normal_anchors_num_anchors_10 - INFO - Batch:[88] Adversarial images for this batch already exist
2026-02-12 11:15:18,533 - ADV_Generation_eps_8.0_steps_100_Added_Noise_uniform_Eps_1.0_Tau_Type_normal_anchors_num_anchors_10 - INFO - Batch 89/8100: Clean accuracy 0.3146 | Adv accuracy: 0.0000 | Counter-attack accuracy: 0.0000
2026-02-12 11:15:18,534 - ADV_Generation_eps_8.0_steps_100_Added_Noise_uniform_Eps_1.0_Tau_Type_normal_anchors_num_anchors_10 - INFO - Batch:[89] Adversarial images for this batch already exist
2026-02-12 11:15:18,745 - ADV_Generation_eps_8.0_steps_100_Added_Noise_uniform_Eps_1.0_Tau_Type_normal_anchors_num_anchors_10 - INFO - Batch 90/8100: Clean accuracy 0.3111 | Adv accuracy: 0.0000 | Counter-attack accuracy: 0.0000
2026-02-12 11:15:18,746 - ADV_Generation_eps_8.0_steps_100_Added_Noise_uniform_Eps_1.0_Tau_Type_normal_anchors_num_anchors_10 - INFO - Batch:[90] Adversarial images for this batch already exist
2026-02-12 11:15:18,964 - ADV_Generation_eps_8.0_steps_100_Added_Noise_uniform_Eps_1.0_Tau_Type_normal_anchors_num_anchors_10 - INFO - Batch 91/8100: Clean accuracy 0.3077 | Adv accuracy: 0.0000 | Counter-attack accuracy: 0.0000
2026-02-12 11:15:18,966 - ADV_Generation_eps_8.0_steps_100_Added_Noise_uniform_Eps_1.0_Tau_Type_normal_anchors_num_anchors_10 - INFO - Batch:[91] Adversarial images for this batch already exist
2026-02-12 11:15:19,189 - ADV_Generation_eps_8.0_steps_100_Added_Noise_uniform_Eps_1.0_Tau_Type_normal_anchors_num_anchors_10 - INFO - Batch 92/8100: Clean accuracy 0.3043 | Adv accuracy: 0.0000 | Counter-attack accuracy: 0.0000
2026-02-12 11:15:19,190 - ADV_Generation_eps_8.0_steps_100_Added_Noise_uniform_Eps_1.0_Tau_Type_normal_anchors_num_anchors_10 - INFO - Batch:[92] Adversarial images for this batch already exist
2026-02-12 11:15:19,413 - ADV_Generation_eps_8.0_steps_100_Added_Noise_uniform_Eps_1.0_Tau_Type_normal_anchors_num_anchors_10 - INFO - Batch 93/8100: Clean accuracy 0.3011 | Adv accuracy: 0.0000 | Counter-attack accuracy: 0.0000
2026-02-12 11:15:19,414 - ADV_Generation_eps_8.0_steps_100_Added_Noise_uniform_Eps_1.0_Tau_Type_normal_anchors_num_anchors_10 - INFO - Batch:[93] Adversarial images for this batch already exist
2026-02-12 11:15:19,640 - ADV_Generation_eps_8.0_steps_100_Added_Noise_uniform_Eps_1.0_Tau_Type_normal_anchors_num_anchors_10 - INFO - Batch 94/8100: Clean accuracy 0.2979 | Adv accuracy: 0.0000 | Counter-attack accuracy: 0.0000
2026-02-12 11:15:19,641 - ADV_Generation_eps_8.0_steps_100_Added_Noise_uniform_Eps_1.0_Tau_Type_normal_anchors_num_anchors_10 - INFO - Batch:[94] Adversarial images for this batch already exist
2026-02-12 11:15:19,854 - ADV_Generation_eps_8.0_steps_100_Added_Noise_uniform_Eps_1.0_Tau_Type_normal_anchors_num_anchors_10 - INFO - Batch 95/8100: Clean accuracy 0.2947 | Adv accuracy: 0.0000 | Counter-attack accuracy: 0.0000
2026-02-12 11:15:19,855 - ADV_Generation_eps_8.0_steps_100_Added_Noise_uniform_Eps_1.0_Tau_Type_normal_anchors_num_anchors_10 - INFO - Batch:[95] Adversarial images for this batch already exist
2026-02-12 11:15:20,068 - ADV_Generation_eps_8.0_steps_100_Added_Noise_uniform_Eps_1.0_Tau_Type_normal_anchors_num_anchors_10 - INFO - Batch 96/8100: Clean accuracy 0.2917 | Adv accuracy: 0.0000 | Counter-attack accuracy: 0.0000
2026-02-12 11:15:20,069 - ADV_Generation_eps_8.0_steps_100_Added_Noise_uniform_Eps_1.0_Tau_Type_normal_anchors_num_anchors_10 - INFO - Batch:[96] Adversarial images for this batch already exist
2026-02-12 11:15:20,287 - ADV_Generation_eps_8.0_steps_100_Added_Noise_uniform_Eps_1.0_Tau_Type_normal_anchors_num_anchors_10 - INFO - Batch 97/8100: Clean accuracy 0.2887 | Adv accuracy: 0.0000 | Counter-attack accuracy: 0.0000
2026-02-12 11:15:20,289 - ADV_Generation_eps_8.0_steps_100_Added_Noise_uniform_Eps_1.0_Tau_Type_normal_anchors_num_anchors_10 - INFO - Batch:[97] Adversarial images for this batch already exist
2026-02-12 11:15:20,515 - ADV_Generation_eps_8.0_steps_100_Added_Noise_uniform_Eps_1.0_Tau_Type_normal_anchors_num_anchors_10 - INFO - Batch 98/8100: Clean accuracy 0.2857 | Adv accuracy: 0.0000 | Counter-attack accuracy: 0.0000
2026-02-12 11:15:20,516 - ADV_Generation_eps_8.0_steps_100_Added_Noise_uniform_Eps_1.0_Tau_Type_normal_anchors_num_anchors_10 - INFO - Batch:[98] Adversarial images for this batch already exist
2026-02-12 11:15:20,734 - ADV_Generation_eps_8.0_steps_100_Added_Noise_uniform_Eps_1.0_Tau_Type_normal_anchors_num_anchors_10 - INFO - Batch 99/8100: Clean accuracy 0.2828 | Adv accuracy: 0.0000 | Counter-attack accuracy: 0.0000
2026-02-12 11:15:20,735 - ADV_Generation_eps_8.0_steps_100_Added_Noise_uniform_Eps_1.0_Tau_Type_normal_anchors_num_anchors_10 - INFO - Batch:[99] Adversarial images for this batch already exist
2026-02-12 11:15:20,948 - ADV_Generation_eps_8.0_steps_100_Added_Noise_uniform_Eps_1.0_Tau_Type_normal_anchors_num_anchors_10 - INFO - Batch 100/8100: Clean accuracy 0.2800 | Adv accuracy: 0.0000 | Counter-attack accuracy: 0.0000
2026-02-12 11:15:20,956 - ADV_Generation_eps_8.0_steps_100_Added_Noise_uniform_Eps_1.0_Tau_Type_normal_anchors_num_anchors_10 - INFO - Batch:[100] Adversarial images for this batch already exist
2026-02-12 11:15:21,170 - ADV_Generation_eps_8.0_steps_100_Added_Noise_uniform_Eps_1.0_Tau_Type_normal_anchors_num_anchors_10 - INFO - Batch 101/8100: Clean accuracy 0.2772 | Adv accuracy: 0.0000 | Counter-attack accuracy: 0.0000
2026-02-12 11:15:21,171 - ADV_Generation_eps_8.0_steps_100_Added_Noise_uniform_Eps_1.0_Tau_Type_normal_anchors_num_anchors_10 - INFO - Batch:[101] Adversarial images for this batch already exist
2026-02-12 11:15:21,392 - ADV_Generation_eps_8.0_steps_100_Added_Noise_uniform_Eps_1.0_Tau_Type_normal_anchors_num_anchors_10 - INFO - Batch 102/8100: Clean accuracy 0.2745 | Adv accuracy: 0.0000 | Counter-attack accuracy: 0.0000
2026-02-12 11:15:21,393 - ADV_Generation_eps_8.0_steps_100_Added_Noise_uniform_Eps_1.0_Tau_Type_normal_anchors_num_anchors_10 - INFO - Batch:[102] Adversarial images for this batch already exist
2026-02-12 11:15:21,616 - ADV_Generation_eps_8.0_steps_100_Added_Noise_uniform_Eps_1.0_Tau_Type_normal_anchors_num_anchors_10 - INFO - Batch 103/8100: Clean accuracy 0.2718 | Adv accuracy: 0.0000 | Counter-attack accuracy: 0.0000
2026-02-12 11:15:21,617 - ADV_Generation_eps_8.0_steps_100_Added_Noise_uniform_Eps_1.0_Tau_Type_normal_anchors_num_anchors_10 - INFO - Batch:[103] Adversarial images for this batch already exist
2026-02-12 11:15:21,833 - ADV_Generation_eps_8.0_steps_100_Added_Noise_uniform_Eps_1.0_Tau_Type_normal_anchors_num_anchors_10 - INFO - Batch 104/8100: Clean accuracy 0.2692 | Adv accuracy: 0.0000 | Counter-attack accuracy: 0.0000
2026-02-12 11:15:21,834 - ADV_Generation_eps_8.0_steps_100_Added_Noise_uniform_Eps_1.0_Tau_Type_normal_anchors_num_anchors_10 - INFO - Batch:[104] Adversarial images for this batch already exist
2026-02-12 11:15:22,051 - ADV_Generation_eps_8.0_steps_100_Added_Noise_uniform_Eps_1.0_Tau_Type_normal_anchors_num_anchors_10 - INFO - Batch 105/8100: Clean accuracy 0.2667 | Adv accuracy: 0.0000 | Counter-attack accuracy: 0.0000
2026-02-12 11:15:22,052 - ADV_Generation_eps_8.0_steps_100_Added_Noise_uniform_Eps_1.0_Tau_Type_normal_anchors_num_anchors_10 - INFO - Batch:[105] Adversarial images for this batch already exist
2026-02-12 11:15:22,277 - ADV_Generation_eps_8.0_steps_100_Added_Noise_uniform_Eps_1.0_Tau_Type_normal_anchors_num_anchors_10 - INFO - Batch 106/8100: Clean accuracy 0.2642 | Adv accuracy: 0.0000 | Counter-attack accuracy: 0.0000
2026-02-12 11:15:22,277 - ADV_Generation_eps_8.0_steps_100_Added_Noise_uniform_Eps_1.0_Tau_Type_normal_anchors_num_anchors_10 - INFO - Batch:[106] Adversarial images for this batch already exist
2026-02-12 11:15:22,488 - ADV_Generation_eps_8.0_steps_100_Added_Noise_uniform_Eps_1.0_Tau_Type_normal_anchors_num_anchors_10 - INFO - Batch 107/8100: Clean accuracy 0.2710 | Adv accuracy: 0.0000 | Counter-attack accuracy: 0.0000
2026-02-12 11:15:22,489 - ADV_Generation_eps_8.0_steps_100_Added_Noise_uniform_Eps_1.0_Tau_Type_normal_anchors_num_anchors_10 - INFO - Batch:[107] Adversarial images for this batch already exist
2026-02-12 11:15:22,705 - ADV_Generation_eps_8.0_steps_100_Added_Noise_uniform_Eps_1.0_Tau_Type_normal_anchors_num_anchors_10 - INFO - Batch 108/8100: Clean accuracy 0.2778 | Adv accuracy: 0.0000 | Counter-attack accuracy: 0.0000
2026-02-12 11:15:22,706 - ADV_Generation_eps_8.0_steps_100_Added_Noise_uniform_Eps_1.0_Tau_Type_normal_anchors_num_anchors_10 - INFO - Batch:[108] Adversarial images for this batch already exist
2026-02-12 11:15:22,923 - ADV_Generation_eps_8.0_steps_100_Added_Noise_uniform_Eps_1.0_Tau_Type_normal_anchors_num_anchors_10 - INFO - Batch 109/8100: Clean accuracy 0.2752 | Adv accuracy: 0.0000 | Counter-attack accuracy: 0.0000
2026-02-12 11:15:22,924 - ADV_Generation_eps_8.0_steps_100_Added_Noise_uniform_Eps_1.0_Tau_Type_normal_anchors_num_anchors_10 - INFO - Batch:[109] Adversarial images for this batch already exist
2026-02-12 11:15:23,140 - ADV_Generation_eps_8.0_steps_100_Added_Noise_uniform_Eps_1.0_Tau_Type_normal_anchors_num_anchors_10 - INFO - Batch 110/8100: Clean accuracy 0.2727 | Adv accuracy: 0.0000 | Counter-attack accuracy: 0.0000
2026-02-12 11:15:23,141 - ADV_Generation_eps_8.0_steps_100_Added_Noise_uniform_Eps_1.0_Tau_Type_normal_anchors_num_anchors_10 - INFO - Batch:[110] Adversarial images for this batch already exist
2026-02-12 11:15:23,367 - ADV_Generation_eps_8.0_steps_100_Added_Noise_uniform_Eps_1.0_Tau_Type_normal_anchors_num_anchors_10 - INFO - Batch 111/8100: Clean accuracy 0.2703 | Adv accuracy: 0.0000 | Counter-attack accuracy: 0.0000
2026-02-12 11:15:23,368 - ADV_Generation_eps_8.0_steps_100_Added_Noise_uniform_Eps_1.0_Tau_Type_normal_anchors_num_anchors_10 - INFO - Batch:[111] Adversarial images for this batch already exist
2026-02-12 11:15:23,581 - ADV_Generation_eps_8.0_steps_100_Added_Noise_uniform_Eps_1.0_Tau_Type_normal_anchors_num_anchors_10 - INFO - Batch 112/8100: Clean accuracy 0.2679 | Adv accuracy: 0.0000 | Counter-attack accuracy: 0.0000
2026-02-12 11:15:23,583 - ADV_Generation_eps_8.0_steps_100_Added_Noise_uniform_Eps_1.0_Tau_Type_normal_anchors_num_anchors_10 - INFO - Batch:[112] Adversarial images for this batch already exist
2026-02-12 11:15:23,798 - ADV_Generation_eps_8.0_steps_100_Added_Noise_uniform_Eps_1.0_Tau_Type_normal_anchors_num_anchors_10 - INFO - Batch 113/8100: Clean accuracy 0.2655 | Adv accuracy: 0.0000 | Counter-attack accuracy: 0.0000
2026-02-12 11:15:23,799 - ADV_Generation_eps_8.0_steps_100_Added_Noise_uniform_Eps_1.0_Tau_Type_normal_anchors_num_anchors_10 - INFO - Batch:[113] Adversarial images for this batch already exist
2026-02-12 11:15:24,044 - ADV_Generation_eps_8.0_steps_100_Added_Noise_uniform_Eps_1.0_Tau_Type_normal_anchors_num_anchors_10 - INFO - Batch 114/8100: Clean accuracy 0.2632 | Adv accuracy: 0.0000 | Counter-attack accuracy: 0.0000
2026-02-12 11:15:24,046 - ADV_Generation_eps_8.0_steps_100_Added_Noise_uniform_Eps_1.0_Tau_Type_normal_anchors_num_anchors_10 - INFO - Batch:[114] Adversarial images for this batch already exist
2026-02-12 11:15:24,263 - ADV_Generation_eps_8.0_steps_100_Added_Noise_uniform_Eps_1.0_Tau_Type_normal_anchors_num_anchors_10 - INFO - Batch 115/8100: Clean accuracy 0.2609 | Adv accuracy: 0.0000 | Counter-attack accuracy: 0.0000
2026-02-12 11:15:24,265 - ADV_Generation_eps_8.0_steps_100_Added_Noise_uniform_Eps_1.0_Tau_Type_normal_anchors_num_anchors_10 - INFO - Batch:[115] Adversarial images for this batch already exist
2026-02-12 11:15:24,479 - ADV_Generation_eps_8.0_steps_100_Added_Noise_uniform_Eps_1.0_Tau_Type_normal_anchors_num_anchors_10 - INFO - Batch 116/8100: Clean accuracy 0.2586 | Adv accuracy: 0.0000 | Counter-attack accuracy: 0.0000
2026-02-12 11:15:24,480 - ADV_Generation_eps_8.0_steps_100_Added_Noise_uniform_Eps_1.0_Tau_Type_normal_anchors_num_anchors_10 - INFO - Batch:[116] Adversarial images for this batch already exist
2026-02-12 11:15:24,693 - ADV_Generation_eps_8.0_steps_100_Added_Noise_uniform_Eps_1.0_Tau_Type_normal_anchors_num_anchors_10 - INFO - Batch 117/8100: Clean accuracy 0.2650 | Adv accuracy: 0.0000 | Counter-attack accuracy: 0.0000
2026-02-12 11:15:24,695 - ADV_Generation_eps_8.0_steps_100_Added_Noise_uniform_Eps_1.0_Tau_Type_normal_anchors_num_anchors_10 - INFO - Batch:[117] Adversarial images for this batch already exist
2026-02-12 11:15:24,949 - ADV_Generation_eps_8.0_steps_100_Added_Noise_uniform_Eps_1.0_Tau_Type_normal_anchors_num_anchors_10 - INFO - Batch 118/8100: Clean accuracy 0.2627 | Adv accuracy: 0.0000 | Counter-attack accuracy: 0.0000
2026-02-12 11:15:24,950 - ADV_Generation_eps_8.0_steps_100_Added_Noise_uniform_Eps_1.0_Tau_Type_normal_anchors_num_anchors_10 - INFO - Batch:[118] Adversarial images for this batch already exist
2026-02-12 11:15:25,181 - ADV_Generation_eps_8.0_steps_100_Added_Noise_uniform_Eps_1.0_Tau_Type_normal_anchors_num_anchors_10 - INFO - Batch 119/8100: Clean accuracy 0.2605 | Adv accuracy: 0.0000 | Counter-attack accuracy: 0.0000
2026-02-12 11:15:25,182 - ADV_Generation_eps_8.0_steps_100_Added_Noise_uniform_Eps_1.0_Tau_Type_normal_anchors_num_anchors_10 - INFO - Batch:[119] Adversarial images for this batch already exist
2026-02-12 11:15:25,397 - ADV_Generation_eps_8.0_steps_100_Added_Noise_uniform_Eps_1.0_Tau_Type_normal_anchors_num_anchors_10 - INFO - Batch 120/8100: Clean accuracy 0.2583 | Adv accuracy: 0.0000 | Counter-attack accuracy: 0.0000
2026-02-12 11:15:25,398 - ADV_Generation_eps_8.0_steps_100_Added_Noise_uniform_Eps_1.0_Tau_Type_normal_anchors_num_anchors_10 - INFO - Batch:[120] Adversarial images for this batch already exist
2026-02-12 11:15:25,609 - ADV_Generation_eps_8.0_steps_100_Added_Noise_uniform_Eps_1.0_Tau_Type_normal_anchors_num_anchors_10 - INFO - Batch 121/8100: Clean accuracy 0.2562 | Adv accuracy: 0.0000 | Counter-attack accuracy: 0.0000
2026-02-12 11:15:25,610 - ADV_Generation_eps_8.0_steps_100_Added_Noise_uniform_Eps_1.0_Tau_Type_normal_anchors_num_anchors_10 - INFO - Batch:[121] Adversarial images for this batch already exist
2026-02-12 11:15:25,823 - ADV_Generation_eps_8.0_steps_100_Added_Noise_uniform_Eps_1.0_Tau_Type_normal_anchors_num_anchors_10 - INFO - Batch 122/8100: Clean accuracy 0.2623 | Adv accuracy: 0.0000 | Counter-attack accuracy: 0.0000
2026-02-12 11:15:25,824 - ADV_Generation_eps_8.0_steps_100_Added_Noise_uniform_Eps_1.0_Tau_Type_normal_anchors_num_anchors_10 - INFO - Batch:[122] Adversarial images for this batch already exist
2026-02-12 11:15:26,040 - ADV_Generation_eps_8.0_steps_100_Added_Noise_uniform_Eps_1.0_Tau_Type_normal_anchors_num_anchors_10 - INFO - Batch 123/8100: Clean accuracy 0.2602 | Adv accuracy: 0.0000 | Counter-attack accuracy: 0.0000
2026-02-12 11:15:26,041 - ADV_Generation_eps_8.0_steps_100_Added_Noise_uniform_Eps_1.0_Tau_Type_normal_anchors_num_anchors_10 - INFO - Batch:[123] Adversarial images for this batch already exist
2026-02-12 11:15:26,257 - ADV_Generation_eps_8.0_steps_100_Added_Noise_uniform_Eps_1.0_Tau_Type_normal_anchors_num_anchors_10 - INFO - Batch 124/8100: Clean accuracy 0.2661 | Adv accuracy: 0.0000 | Counter-attack accuracy: 0.0000
2026-02-12 11:15:26,258 - ADV_Generation_eps_8.0_steps_100_Added_Noise_uniform_Eps_1.0_Tau_Type_normal_anchors_num_anchors_10 - INFO - Batch:[124] Adversarial images for this batch already exist
2026-02-12 11:15:26,467 - ADV_Generation_eps_8.0_steps_100_Added_Noise_uniform_Eps_1.0_Tau_Type_normal_anchors_num_anchors_10 - INFO - Batch 125/8100: Clean accuracy 0.2720 | Adv accuracy: 0.0000 | Counter-attack accuracy: 0.0000
2026-02-12 11:15:26,468 - ADV_Generation_eps_8.0_steps_100_Added_Noise_uniform_Eps_1.0_Tau_Type_normal_anchors_num_anchors_10 - INFO - Batch:[125] Adversarial images for this batch already exist
2026-02-12 11:15:26,682 - ADV_Generation_eps_8.0_steps_100_Added_Noise_uniform_Eps_1.0_Tau_Type_normal_anchors_num_anchors_10 - INFO - Batch 126/8100: Clean accuracy 0.2698 | Adv accuracy: 0.0000 | Counter-attack accuracy: 0.0000
2026-02-12 11:15:26,684 - ADV_Generation_eps_8.0_steps_100_Added_Noise_uniform_Eps_1.0_Tau_Type_normal_anchors_num_anchors_10 - INFO - Batch:[126] Adversarial images for this batch already exist
2026-02-12 11:15:26,898 - ADV_Generation_eps_8.0_steps_100_Added_Noise_uniform_Eps_1.0_Tau_Type_normal_anchors_num_anchors_10 - INFO - Batch 127/8100: Clean accuracy 0.2677 | Adv accuracy: 0.0000 | Counter-attack accuracy: 0.0000
2026-02-12 11:15:26,899 - ADV_Generation_eps_8.0_steps_100_Added_Noise_uniform_Eps_1.0_Tau_Type_normal_anchors_num_anchors_10 - INFO - Batch:[127] Adversarial images for this batch already exist
2026-02-12 11:15:27,116 - ADV_Generation_eps_8.0_steps_100_Added_Noise_uniform_Eps_1.0_Tau_Type_normal_anchors_num_anchors_10 - INFO - Batch 128/8100: Clean accuracy 0.2656 | Adv accuracy: 0.0000 | Counter-attack accuracy: 0.0000
2026-02-12 11:15:27,118 - ADV_Generation_eps_8.0_steps_100_Added_Noise_uniform_Eps_1.0_Tau_Type_normal_anchors_num_anchors_10 - INFO - Batch:[128] Adversarial images for this batch already exist
2026-02-12 11:15:27,333 - ADV_Generation_eps_8.0_steps_100_Added_Noise_uniform_Eps_1.0_Tau_Type_normal_anchors_num_anchors_10 - INFO - Batch 129/8100: Clean accuracy 0.2636 | Adv accuracy: 0.0000 | Counter-attack accuracy: 0.0000
2026-02-12 11:15:27,335 - ADV_Generation_eps_8.0_steps_100_Added_Noise_uniform_Eps_1.0_Tau_Type_normal_anchors_num_anchors_10 - INFO - Batch:[129] Adversarial images for this batch already exist
2026-02-12 11:15:27,548 - ADV_Generation_eps_8.0_steps_100_Added_Noise_uniform_Eps_1.0_Tau_Type_normal_anchors_num_anchors_10 - INFO - Batch 130/8100: Clean accuracy 0.2615 | Adv accuracy: 0.0000 | Counter-attack accuracy: 0.0000
2026-02-12 11:15:27,550 - ADV_Generation_eps_8.0_steps_100_Added_Noise_uniform_Eps_1.0_Tau_Type_normal_anchors_num_anchors_10 - INFO - Batch:[130] Adversarial images for this batch already exist
2026-02-12 11:15:27,765 - ADV_Generation_eps_8.0_steps_100_Added_Noise_uniform_Eps_1.0_Tau_Type_normal_anchors_num_anchors_10 - INFO - Batch 131/8100: Clean accuracy 0.2595 | Adv accuracy: 0.0000 | Counter-attack accuracy: 0.0000
2026-02-12 11:15:27,766 - ADV_Generation_eps_8.0_steps_100_Added_Noise_uniform_Eps_1.0_Tau_Type_normal_anchors_num_anchors_10 - INFO - Batch:[131] Adversarial images for this batch already exist
2026-02-12 11:15:27,987 - ADV_Generation_eps_8.0_steps_100_Added_Noise_uniform_Eps_1.0_Tau_Type_normal_anchors_num_anchors_10 - INFO - Batch 132/8100: Clean accuracy 0.2576 | Adv accuracy: 0.0000 | Counter-attack accuracy: 0.0000
2026-02-12 11:15:27,988 - ADV_Generation_eps_8.0_steps_100_Added_Noise_uniform_Eps_1.0_Tau_Type_normal_anchors_num_anchors_10 - INFO - Batch:[132] Adversarial images for this batch already exist
2026-02-12 11:15:28,211 - ADV_Generation_eps_8.0_steps_100_Added_Noise_uniform_Eps_1.0_Tau_Type_normal_anchors_num_anchors_10 - INFO - Batch 133/8100: Clean accuracy 0.2556 | Adv accuracy: 0.0000 | Counter-attack accuracy: 0.0000
2026-02-12 11:15:28,212 - ADV_Generation_eps_8.0_steps_100_Added_Noise_uniform_Eps_1.0_Tau_Type_normal_anchors_num_anchors_10 - INFO - Batch:[133] Adversarial images for this batch already exist
2026-02-12 11:15:28,427 - ADV_Generation_eps_8.0_steps_100_Added_Noise_uniform_Eps_1.0_Tau_Type_normal_anchors_num_anchors_10 - INFO - Batch 134/8100: Clean accuracy 0.2537 | Adv accuracy: 0.0000 | Counter-attack accuracy: 0.0000
2026-02-12 11:15:28,429 - ADV_Generation_eps_8.0_steps_100_Added_Noise_uniform_Eps_1.0_Tau_Type_normal_anchors_num_anchors_10 - INFO - Batch:[134] Adversarial images for this batch already exist
2026-02-12 11:15:28,645 - ADV_Generation_eps_8.0_steps_100_Added_Noise_uniform_Eps_1.0_Tau_Type_normal_anchors_num_anchors_10 - INFO - Batch 135/8100: Clean accuracy 0.2593 | Adv accuracy: 0.0000 | Counter-attack accuracy: 0.0000
2026-02-12 11:15:28,647 - ADV_Generation_eps_8.0_steps_100_Added_Noise_uniform_Eps_1.0_Tau_Type_normal_anchors_num_anchors_10 - INFO - Batch:[135] Adversarial images for this batch already exist
2026-02-12 11:15:28,862 - ADV_Generation_eps_8.0_steps_100_Added_Noise_uniform_Eps_1.0_Tau_Type_normal_anchors_num_anchors_10 - INFO - Batch 136/8100: Clean accuracy 0.2574 | Adv accuracy: 0.0000 | Counter-attack accuracy: 0.0000
2026-02-12 11:15:28,863 - ADV_Generation_eps_8.0_steps_100_Added_Noise_uniform_Eps_1.0_Tau_Type_normal_anchors_num_anchors_10 - INFO - Batch:[136] Adversarial images for this batch already exist
2026-02-12 11:15:29,115 - ADV_Generation_eps_8.0_steps_100_Added_Noise_uniform_Eps_1.0_Tau_Type_normal_anchors_num_anchors_10 - INFO - Batch 137/8100: Clean accuracy 0.2555 | Adv accuracy: 0.0000 | Counter-attack accuracy: 0.0000
2026-02-12 11:15:29,116 - ADV_Generation_eps_8.0_steps_100_Added_Noise_uniform_Eps_1.0_Tau_Type_normal_anchors_num_anchors_10 - INFO - Batch:[137] Adversarial images for this batch already exist
2026-02-12 11:15:29,330 - ADV_Generation_eps_8.0_steps_100_Added_Noise_uniform_Eps_1.0_Tau_Type_normal_anchors_num_anchors_10 - INFO - Batch 138/8100: Clean accuracy 0.2609 | Adv accuracy: 0.0000 | Counter-attack accuracy: 0.0000
2026-02-12 11:15:29,331 - ADV_Generation_eps_8.0_steps_100_Added_Noise_uniform_Eps_1.0_Tau_Type_normal_anchors_num_anchors_10 - INFO - Batch:[138] Adversarial images for this batch already exist
2026-02-12 11:15:29,549 - ADV_Generation_eps_8.0_steps_100_Added_Noise_uniform_Eps_1.0_Tau_Type_normal_anchors_num_anchors_10 - INFO - Batch 139/8100: Clean accuracy 0.2590 | Adv accuracy: 0.0000 | Counter-attack accuracy: 0.0000
2026-02-12 11:15:29,550 - ADV_Generation_eps_8.0_steps_100_Added_Noise_uniform_Eps_1.0_Tau_Type_normal_anchors_num_anchors_10 - INFO - Batch:[139] Adversarial images for this batch already exist
2026-02-12 11:15:29,766 - ADV_Generation_eps_8.0_steps_100_Added_Noise_uniform_Eps_1.0_Tau_Type_normal_anchors_num_anchors_10 - INFO - Batch 140/8100: Clean accuracy 0.2571 | Adv accuracy: 0.0000 | Counter-attack accuracy: 0.0000
2026-02-12 11:15:29,767 - ADV_Generation_eps_8.0_steps_100_Added_Noise_uniform_Eps_1.0_Tau_Type_normal_anchors_num_anchors_10 - INFO - Batch:[140] Adversarial images for this batch already exist
2026-02-12 11:15:30,003 - ADV_Generation_eps_8.0_steps_100_Added_Noise_uniform_Eps_1.0_Tau_Type_normal_anchors_num_anchors_10 - INFO - Batch 141/8100: Clean accuracy 0.2553 | Adv accuracy: 0.0000 | Counter-attack accuracy: 0.0000
2026-02-12 11:15:30,004 - ADV_Generation_eps_8.0_steps_100_Added_Noise_uniform_Eps_1.0_Tau_Type_normal_anchors_num_anchors_10 - INFO - Batch:[141] Adversarial images for this batch already exist
2026-02-12 11:15:30,222 - ADV_Generation_eps_8.0_steps_100_Added_Noise_uniform_Eps_1.0_Tau_Type_normal_anchors_num_anchors_10 - INFO - Batch 142/8100: Clean accuracy 0.2535 | Adv accuracy: 0.0000 | Counter-attack accuracy: 0.0000
2026-02-12 11:15:30,224 - ADV_Generation_eps_8.0_steps_100_Added_Noise_uniform_Eps_1.0_Tau_Type_normal_anchors_num_anchors_10 - INFO - Batch:[142] Adversarial images for this batch already exist
2026-02-12 11:15:30,437 - ADV_Generation_eps_8.0_steps_100_Added_Noise_uniform_Eps_1.0_Tau_Type_normal_anchors_num_anchors_10 - INFO - Batch 143/8100: Clean accuracy 0.2517 | Adv accuracy: 0.0000 | Counter-attack accuracy: 0.0000
2026-02-12 11:15:30,438 - ADV_Generation_eps_8.0_steps_100_Added_Noise_uniform_Eps_1.0_Tau_Type_normal_anchors_num_anchors_10 - INFO - Batch:[143] Adversarial images for this batch already exist
2026-02-12 11:15:30,651 - ADV_Generation_eps_8.0_steps_100_Added_Noise_uniform_Eps_1.0_Tau_Type_normal_anchors_num_anchors_10 - INFO - Batch 144/8100: Clean accuracy 0.2569 | Adv accuracy: 0.0000 | Counter-attack accuracy: 0.0000
2026-02-12 11:15:30,652 - ADV_Generation_eps_8.0_steps_100_Added_Noise_uniform_Eps_1.0_Tau_Type_normal_anchors_num_anchors_10 - INFO - Batch:[144] Adversarial images for this batch already exist
2026-02-12 11:15:30,866 - ADV_Generation_eps_8.0_steps_100_Added_Noise_uniform_Eps_1.0_Tau_Type_normal_anchors_num_anchors_10 - INFO - Batch 145/8100: Clean accuracy 0.2552 | Adv accuracy: 0.0000 | Counter-attack accuracy: 0.0000
2026-02-12 11:15:30,867 - ADV_Generation_eps_8.0_steps_100_Added_Noise_uniform_Eps_1.0_Tau_Type_normal_anchors_num_anchors_10 - INFO - Batch:[145] Adversarial images for this batch already exist
2026-02-12 11:15:31,081 - ADV_Generation_eps_8.0_steps_100_Added_Noise_uniform_Eps_1.0_Tau_Type_normal_anchors_num_anchors_10 - INFO - Batch 146/8100: Clean accuracy 0.2603 | Adv accuracy: 0.0000 | Counter-attack accuracy: 0.0000
2026-02-12 11:15:31,082 - ADV_Generation_eps_8.0_steps_100_Added_Noise_uniform_Eps_1.0_Tau_Type_normal_anchors_num_anchors_10 - INFO - Batch:[146] Adversarial images for this batch already exist
2026-02-12 11:15:31,296 - ADV_Generation_eps_8.0_steps_100_Added_Noise_uniform_Eps_1.0_Tau_Type_normal_anchors_num_anchors_10 - INFO - Batch 147/8100: Clean accuracy 0.2585 | Adv accuracy: 0.0000 | Counter-attack accuracy: 0.0000
2026-02-12 11:15:31,296 - ADV_Generation_eps_8.0_steps_100_Added_Noise_uniform_Eps_1.0_Tau_Type_normal_anchors_num_anchors_10 - INFO - Batch:[147] Adversarial images for this batch already exist
2026-02-12 11:15:31,515 - ADV_Generation_eps_8.0_steps_100_Added_Noise_uniform_Eps_1.0_Tau_Type_normal_anchors_num_anchors_10 - INFO - Batch 148/8100: Clean accuracy 0.2568 | Adv accuracy: 0.0000 | Counter-attack accuracy: 0.0000
2026-02-12 11:15:31,516 - ADV_Generation_eps_8.0_steps_100_Added_Noise_uniform_Eps_1.0_Tau_Type_normal_anchors_num_anchors_10 - INFO - Batch:[148] Adversarial images for this batch already exist
2026-02-12 11:15:31,727 - ADV_Generation_eps_8.0_steps_100_Added_Noise_uniform_Eps_1.0_Tau_Type_normal_anchors_num_anchors_10 - INFO - Batch 149/8100: Clean accuracy 0.2550 | Adv accuracy: 0.0000 | Counter-attack accuracy: 0.0000
2026-02-12 11:15:31,729 - ADV_Generation_eps_8.0_steps_100_Added_Noise_uniform_Eps_1.0_Tau_Type_normal_anchors_num_anchors_10 - INFO - Batch:[149] Adversarial images for this batch already exist
2026-02-12 11:15:31,954 - ADV_Generation_eps_8.0_steps_100_Added_Noise_uniform_Eps_1.0_Tau_Type_normal_anchors_num_anchors_10 - INFO - Batch 150/8100: Clean accuracy 0.2533 | Adv accuracy: 0.0000 | Counter-attack accuracy: 0.0000
2026-02-12 11:15:31,955 - ADV_Generation_eps_8.0_steps_100_Added_Noise_uniform_Eps_1.0_Tau_Type_normal_anchors_num_anchors_10 - INFO - Batch:[150] Adversarial images for this batch already exist
2026-02-12 11:15:32,174 - ADV_Generation_eps_8.0_steps_100_Added_Noise_uniform_Eps_1.0_Tau_Type_normal_anchors_num_anchors_10 - INFO - Batch 151/8100: Clean accuracy 0.2517 | Adv accuracy: 0.0000 | Counter-attack accuracy: 0.0000
2026-02-12 11:15:32,176 - ADV_Generation_eps_8.0_steps_100_Added_Noise_uniform_Eps_1.0_Tau_Type_normal_anchors_num_anchors_10 - INFO - Batch:[151] Adversarial images for this batch already exist
2026-02-12 11:15:32,397 - ADV_Generation_eps_8.0_steps_100_Added_Noise_uniform_Eps_1.0_Tau_Type_normal_anchors_num_anchors_10 - INFO - Batch 152/8100: Clean accuracy 0.2500 | Adv accuracy: 0.0000 | Counter-attack accuracy: 0.0000
2026-02-12 11:15:32,397 - ADV_Generation_eps_8.0_steps_100_Added_Noise_uniform_Eps_1.0_Tau_Type_normal_anchors_num_anchors_10 - INFO - Batch:[152] Adversarial images for this batch already exist
2026-02-12 11:15:32,617 - ADV_Generation_eps_8.0_steps_100_Added_Noise_uniform_Eps_1.0_Tau_Type_normal_anchors_num_anchors_10 - INFO - Batch 153/8100: Clean accuracy 0.2484 | Adv accuracy: 0.0000 | Counter-attack accuracy: 0.0000
2026-02-12 11:15:32,618 - ADV_Generation_eps_8.0_steps_100_Added_Noise_uniform_Eps_1.0_Tau_Type_normal_anchors_num_anchors_10 - INFO - Batch:[153] Adversarial images for this batch already exist
2026-02-12 11:15:32,830 - ADV_Generation_eps_8.0_steps_100_Added_Noise_uniform_Eps_1.0_Tau_Type_normal_anchors_num_anchors_10 - INFO - Batch 154/8100: Clean accuracy 0.2468 | Adv accuracy: 0.0000 | Counter-attack accuracy: 0.0000
2026-02-12 11:15:32,831 - ADV_Generation_eps_8.0_steps_100_Added_Noise_uniform_Eps_1.0_Tau_Type_normal_anchors_num_anchors_10 - INFO - Batch:[154] Adversarial images for this batch already exist
2026-02-12 11:15:33,046 - ADV_Generation_eps_8.0_steps_100_Added_Noise_uniform_Eps_1.0_Tau_Type_normal_anchors_num_anchors_10 - INFO - Batch 155/8100: Clean accuracy 0.2452 | Adv accuracy: 0.0000 | Counter-attack accuracy: 0.0000
2026-02-12 11:15:33,047 - ADV_Generation_eps_8.0_steps_100_Added_Noise_uniform_Eps_1.0_Tau_Type_normal_anchors_num_anchors_10 - INFO - Batch:[155] Adversarial images for this batch already exist
2026-02-12 11:15:33,259 - ADV_Generation_eps_8.0_steps_100_Added_Noise_uniform_Eps_1.0_Tau_Type_normal_anchors_num_anchors_10 - INFO - Batch 156/8100: Clean accuracy 0.2436 | Adv accuracy: 0.0000 | Counter-attack accuracy: 0.0000
2026-02-12 11:15:33,260 - ADV_Generation_eps_8.0_steps_100_Added_Noise_uniform_Eps_1.0_Tau_Type_normal_anchors_num_anchors_10 - INFO - Batch:[156] Adversarial images for this batch already exist
2026-02-12 11:15:33,480 - ADV_Generation_eps_8.0_steps_100_Added_Noise_uniform_Eps_1.0_Tau_Type_normal_anchors_num_anchors_10 - INFO - Batch 157/8100: Clean accuracy 0.2484 | Adv accuracy: 0.0000 | Counter-attack accuracy: 0.0000
2026-02-12 11:15:33,494 - ADV_Generation_eps_8.0_steps_100_Added_Noise_uniform_Eps_1.0_Tau_Type_normal_anchors_num_anchors_10 - INFO - Batch:[157] Adversarial images for this batch already exist
2026-02-12 11:15:33,707 - ADV_Generation_eps_8.0_steps_100_Added_Noise_uniform_Eps_1.0_Tau_Type_normal_anchors_num_anchors_10 - INFO - Batch 158/8100: Clean accuracy 0.2468 | Adv accuracy: 0.0000 | Counter-attack accuracy: 0.0000
2026-02-12 11:15:33,708 - ADV_Generation_eps_8.0_steps_100_Added_Noise_uniform_Eps_1.0_Tau_Type_normal_anchors_num_anchors_10 - INFO - Batch:[158] Adversarial images for this batch already exist
2026-02-12 11:15:33,924 - ADV_Generation_eps_8.0_steps_100_Added_Noise_uniform_Eps_1.0_Tau_Type_normal_anchors_num_anchors_10 - INFO - Batch 159/8100: Clean accuracy 0.2516 | Adv accuracy: 0.0000 | Counter-attack accuracy: 0.0000
2026-02-12 11:15:33,925 - ADV_Generation_eps_8.0_steps_100_Added_Noise_uniform_Eps_1.0_Tau_Type_normal_anchors_num_anchors_10 - INFO - Batch:[159] Adversarial images for this batch already exist
2026-02-12 11:15:34,143 - ADV_Generation_eps_8.0_steps_100_Added_Noise_uniform_Eps_1.0_Tau_Type_normal_anchors_num_anchors_10 - INFO - Batch 160/8100: Clean accuracy 0.2562 | Adv accuracy: 0.0000 | Counter-attack accuracy: 0.0000
2026-02-12 11:15:34,144 - ADV_Generation_eps_8.0_steps_100_Added_Noise_uniform_Eps_1.0_Tau_Type_normal_anchors_num_anchors_10 - INFO - Batch:[160] Adversarial images for this batch already exist
2026-02-12 11:15:34,354 - ADV_Generation_eps_8.0_steps_100_Added_Noise_uniform_Eps_1.0_Tau_Type_normal_anchors_num_anchors_10 - INFO - Batch 161/8100: Clean accuracy 0.2547 | Adv accuracy: 0.0000 | Counter-attack accuracy: 0.0000
2026-02-12 11:15:34,382 - ADV_Generation_eps_8.0_steps_100_Added_Noise_uniform_Eps_1.0_Tau_Type_normal_anchors_num_anchors_10 - INFO - Batch:[161] Adversarial images for this batch already exist
2026-02-12 11:15:34,594 - ADV_Generation_eps_8.0_steps_100_Added_Noise_uniform_Eps_1.0_Tau_Type_normal_anchors_num_anchors_10 - INFO - Batch 162/8100: Clean accuracy 0.2531 | Adv accuracy: 0.0000 | Counter-attack accuracy: 0.0000
2026-02-12 11:15:34,596 - ADV_Generation_eps_8.0_steps_100_Added_Noise_uniform_Eps_1.0_Tau_Type_normal_anchors_num_anchors_10 - INFO - Batch:[162] Adversarial images for this batch already exist
2026-02-12 11:15:34,816 - ADV_Generation_eps_8.0_steps_100_Added_Noise_uniform_Eps_1.0_Tau_Type_normal_anchors_num_anchors_10 - INFO - Batch 163/8100: Clean accuracy 0.2515 | Adv accuracy: 0.0000 | Counter-attack accuracy: 0.0000
2026-02-12 11:15:34,818 - ADV_Generation_eps_8.0_steps_100_Added_Noise_uniform_Eps_1.0_Tau_Type_normal_anchors_num_anchors_10 - INFO - Batch:[163] Adversarial images for this batch already exist
2026-02-12 11:15:35,031 - ADV_Generation_eps_8.0_steps_100_Added_Noise_uniform_Eps_1.0_Tau_Type_normal_anchors_num_anchors_10 - INFO - Batch 164/8100: Clean accuracy 0.2500 | Adv accuracy: 0.0000 | Counter-attack accuracy: 0.0000
2026-02-12 11:15:35,033 - ADV_Generation_eps_8.0_steps_100_Added_Noise_uniform_Eps_1.0_Tau_Type_normal_anchors_num_anchors_10 - INFO - Batch:[164] Adversarial images for this batch already exist
2026-02-12 11:15:35,245 - ADV_Generation_eps_8.0_steps_100_Added_Noise_uniform_Eps_1.0_Tau_Type_normal_anchors_num_anchors_10 - INFO - Batch 165/8100: Clean accuracy 0.2545 | Adv accuracy: 0.0000 | Counter-attack accuracy: 0.0000
2026-02-12 11:15:35,247 - ADV_Generation_eps_8.0_steps_100_Added_Noise_uniform_Eps_1.0_Tau_Type_normal_anchors_num_anchors_10 - INFO - Batch:[165] Adversarial images for this batch already exist
2026-02-12 11:15:35,466 - ADV_Generation_eps_8.0_steps_100_Added_Noise_uniform_Eps_1.0_Tau_Type_normal_anchors_num_anchors_10 - INFO - Batch 166/8100: Clean accuracy 0.2590 | Adv accuracy: 0.0000 | Counter-attack accuracy: 0.0000
2026-02-12 11:15:35,467 - ADV_Generation_eps_8.0_steps_100_Added_Noise_uniform_Eps_1.0_Tau_Type_normal_anchors_num_anchors_10 - INFO - Batch:[166] Adversarial images for this batch already exist
2026-02-12 11:15:35,683 - ADV_Generation_eps_8.0_steps_100_Added_Noise_uniform_Eps_1.0_Tau_Type_normal_anchors_num_anchors_10 - INFO - Batch 167/8100: Clean accuracy 0.2575 | Adv accuracy: 0.0000 | Counter-attack accuracy: 0.0000
2026-02-12 11:15:35,684 - ADV_Generation_eps_8.0_steps_100_Added_Noise_uniform_Eps_1.0_Tau_Type_normal_anchors_num_anchors_10 - INFO - Batch:[167] Adversarial images for this batch already exist
2026-02-12 11:15:35,903 - ADV_Generation_eps_8.0_steps_100_Added_Noise_uniform_Eps_1.0_Tau_Type_normal_anchors_num_anchors_10 - INFO - Batch 168/8100: Clean accuracy 0.2560 | Adv accuracy: 0.0000 | Counter-attack accuracy: 0.0000
2026-02-12 11:15:35,904 - ADV_Generation_eps_8.0_steps_100_Added_Noise_uniform_Eps_1.0_Tau_Type_normal_anchors_num_anchors_10 - INFO - Batch:[168] Adversarial images for this batch already exist
2026-02-12 11:15:36,132 - ADV_Generation_eps_8.0_steps_100_Added_Noise_uniform_Eps_1.0_Tau_Type_normal_anchors_num_anchors_10 - INFO - Batch 169/8100: Clean accuracy 0.2544 | Adv accuracy: 0.0000 | Counter-attack accuracy: 0.0000
2026-02-12 11:15:36,133 - ADV_Generation_eps_8.0_steps_100_Added_Noise_uniform_Eps_1.0_Tau_Type_normal_anchors_num_anchors_10 - INFO - Batch:[169] Adversarial images for this batch already exist
2026-02-12 11:15:36,346 - ADV_Generation_eps_8.0_steps_100_Added_Noise_uniform_Eps_1.0_Tau_Type_normal_anchors_num_anchors_10 - INFO - Batch 170/8100: Clean accuracy 0.2529 | Adv accuracy: 0.0000 | Counter-attack accuracy: 0.0000
2026-02-12 11:15:36,347 - ADV_Generation_eps_8.0_steps_100_Added_Noise_uniform_Eps_1.0_Tau_Type_normal_anchors_num_anchors_10 - INFO - Batch:[170] Adversarial images for this batch already exist
2026-02-12 11:15:36,565 - ADV_Generation_eps_8.0_steps_100_Added_Noise_uniform_Eps_1.0_Tau_Type_normal_anchors_num_anchors_10 - INFO - Batch 171/8100: Clean accuracy 0.2515 | Adv accuracy: 0.0000 | Counter-attack accuracy: 0.0000
2026-02-12 11:15:36,566 - ADV_Generation_eps_8.0_steps_100_Added_Noise_uniform_Eps_1.0_Tau_Type_normal_anchors_num_anchors_10 - INFO - Batch:[171] Adversarial images for this batch already exist
2026-02-12 11:15:36,794 - ADV_Generation_eps_8.0_steps_100_Added_Noise_uniform_Eps_1.0_Tau_Type_normal_anchors_num_anchors_10 - INFO - Batch 172/8100: Clean accuracy 0.2500 | Adv accuracy: 0.0000 | Counter-attack accuracy: 0.0000
2026-02-12 11:15:36,795 - ADV_Generation_eps_8.0_steps_100_Added_Noise_uniform_Eps_1.0_Tau_Type_normal_anchors_num_anchors_10 - INFO - Batch:[172] Adversarial images for this batch already exist
2026-02-12 11:15:37,008 - ADV_Generation_eps_8.0_steps_100_Added_Noise_uniform_Eps_1.0_Tau_Type_normal_anchors_num_anchors_10 - INFO - Batch 173/8100: Clean accuracy 0.2486 | Adv accuracy: 0.0000 | Counter-attack accuracy: 0.0000
2026-02-12 11:15:37,009 - ADV_Generation_eps_8.0_steps_100_Added_Noise_uniform_Eps_1.0_Tau_Type_normal_anchors_num_anchors_10 - INFO - Batch:[173] Adversarial images for this batch already exist
2026-02-12 11:15:37,220 - ADV_Generation_eps_8.0_steps_100_Added_Noise_uniform_Eps_1.0_Tau_Type_normal_anchors_num_anchors_10 - INFO - Batch 174/8100: Clean accuracy 0.2529 | Adv accuracy: 0.0000 | Counter-attack accuracy: 0.0000
2026-02-12 11:15:37,222 - ADV_Generation_eps_8.0_steps_100_Added_Noise_uniform_Eps_1.0_Tau_Type_normal_anchors_num_anchors_10 - INFO - Batch:[174] Adversarial images for this batch already exist
2026-02-12 11:15:37,439 - ADV_Generation_eps_8.0_steps_100_Added_Noise_uniform_Eps_1.0_Tau_Type_normal_anchors_num_anchors_10 - INFO - Batch 175/8100: Clean accuracy 0.2514 | Adv accuracy: 0.0000 | Counter-attack accuracy: 0.0000
2026-02-12 11:15:37,440 - ADV_Generation_eps_8.0_steps_100_Added_Noise_uniform_Eps_1.0_Tau_Type_normal_anchors_num_anchors_10 - INFO - Batch:[175] Adversarial images for this batch already exist
2026-02-12 11:15:37,654 - ADV_Generation_eps_8.0_steps_100_Added_Noise_uniform_Eps_1.0_Tau_Type_normal_anchors_num_anchors_10 - INFO - Batch 176/8100: Clean accuracy 0.2500 | Adv accuracy: 0.0000 | Counter-attack accuracy: 0.0000
2026-02-12 11:15:37,655 - ADV_Generation_eps_8.0_steps_100_Added_Noise_uniform_Eps_1.0_Tau_Type_normal_anchors_num_anchors_10 - INFO - Batch:[176] Adversarial images for this batch already exist
2026-02-12 11:15:37,902 - ADV_Generation_eps_8.0_steps_100_Added_Noise_uniform_Eps_1.0_Tau_Type_normal_anchors_num_anchors_10 - INFO - Batch 177/8100: Clean accuracy 0.2486 | Adv accuracy: 0.0000 | Counter-attack accuracy: 0.0000
2026-02-12 11:15:37,903 - ADV_Generation_eps_8.0_steps_100_Added_Noise_uniform_Eps_1.0_Tau_Type_normal_anchors_num_anchors_10 - INFO - Batch:[177] Adversarial images for this batch already exist
2026-02-12 11:15:38,124 - ADV_Generation_eps_8.0_steps_100_Added_Noise_uniform_Eps_1.0_Tau_Type_normal_anchors_num_anchors_10 - INFO - Batch 178/8100: Clean accuracy 0.2472 | Adv accuracy: 0.0000 | Counter-attack accuracy: 0.0000
2026-02-12 11:15:38,125 - ADV_Generation_eps_8.0_steps_100_Added_Noise_uniform_Eps_1.0_Tau_Type_normal_anchors_num_anchors_10 - INFO - Batch:[178] Adversarial images for this batch already exist
2026-02-12 11:15:38,345 - ADV_Generation_eps_8.0_steps_100_Added_Noise_uniform_Eps_1.0_Tau_Type_normal_anchors_num_anchors_10 - INFO - Batch 179/8100: Clean accuracy 0.2514 | Adv accuracy: 0.0000 | Counter-attack accuracy: 0.0000
2026-02-12 11:15:38,346 - ADV_Generation_eps_8.0_steps_100_Added_Noise_uniform_Eps_1.0_Tau_Type_normal_anchors_num_anchors_10 - INFO - Batch:[179] Adversarial images for this batch already exist
2026-02-12 11:15:38,559 - ADV_Generation_eps_8.0_steps_100_Added_Noise_uniform_Eps_1.0_Tau_Type_normal_anchors_num_anchors_10 - INFO - Batch 180/8100: Clean accuracy 0.2500 | Adv accuracy: 0.0000 | Counter-attack accuracy: 0.0000
2026-02-12 11:15:38,560 - ADV_Generation_eps_8.0_steps_100_Added_Noise_uniform_Eps_1.0_Tau_Type_normal_anchors_num_anchors_10 - INFO - Batch:[180] Adversarial images for this batch already exist
2026-02-12 11:15:38,778 - ADV_Generation_eps_8.0_steps_100_Added_Noise_uniform_Eps_1.0_Tau_Type_normal_anchors_num_anchors_10 - INFO - Batch 181/8100: Clean accuracy 0.2541 | Adv accuracy: 0.0000 | Counter-attack accuracy: 0.0000
2026-02-12 11:15:38,779 - ADV_Generation_eps_8.0_steps_100_Added_Noise_uniform_Eps_1.0_Tau_Type_normal_anchors_num_anchors_10 - INFO - Batch:[181] Adversarial images for this batch already exist
2026-02-12 11:15:38,993 - ADV_Generation_eps_8.0_steps_100_Added_Noise_uniform_Eps_1.0_Tau_Type_normal_anchors_num_anchors_10 - INFO - Batch 182/8100: Clean accuracy 0.2527 | Adv accuracy: 0.0000 | Counter-attack accuracy: 0.0000
2026-02-12 11:15:38,994 - ADV_Generation_eps_8.0_steps_100_Added_Noise_uniform_Eps_1.0_Tau_Type_normal_anchors_num_anchors_10 - INFO - Batch:[182] Adversarial images for this batch already exist
2026-02-12 11:15:39,213 - ADV_Generation_eps_8.0_steps_100_Added_Noise_uniform_Eps_1.0_Tau_Type_normal_anchors_num_anchors_10 - INFO - Batch 183/8100: Clean accuracy 0.2514 | Adv accuracy: 0.0000 | Counter-attack accuracy: 0.0000
2026-02-12 11:15:39,214 - ADV_Generation_eps_8.0_steps_100_Added_Noise_uniform_Eps_1.0_Tau_Type_normal_anchors_num_anchors_10 - INFO - Batch:[183] Adversarial images for this batch already exist
