2026-02-12 19:53:30,478 - ADV_Generation_eps_1.0_steps_100_Added_Noise_uniform_Eps_32.0_Tau_Type_normal_anchors_num_anchors_10 - INFO - ==========================================
data:/leonardo_work/EUHPC_R04_192/fmohamma/Adversarial_Robust_Clip/atpt_data/downstream_datasets
test_sets:Aircraft
dataset_mode:test
arch:vit_l_14_datacomp_1b
resolution:224
transferability:False
source_model:fare4
workers:4
no_pin_memory:False
batch_size:1
adv_bs:1
print_freq:20
gpu:0
no_cudnn_benchmark:False
n_ctx:4
ctx_init:a_photo_of_a
seed:0
output_dir:/leonardo_work/EUHPC_R04_192/fmohamma/Adversarial_Robust_Clip/atpt_data/vit_l_14_datacomp_1b/Aircraft
log_output_dir:/leonardo_work/EUHPC_R04_192/fmohamma/Adversarial_Robust_Clip/ATPT/Diffratio_v3/vit_l_14_datacomp_1b/Aircraft/ADV_Generation_eps_1.0_steps_100_Added_Noise_uniform_Eps_32.0_Tau_Type_normal_anchors_num_anchors_10
image_only_attack:False
image_only_attack_type:prm
image_predicted_label_attack:False
eps:1.0
alpha:0.25
alpha_eps_ratio:4.0
steps:100
counter_attack:True
counter_attack_type:pgd
counter_attack_steps:0
counter_attack_eps:32.0
counter_attack_alpha:1.0
counter_attack_tau_thres:0.2
counter_attack_beta:2.0
counter_attack_weighted_perturbations:True
counter_attack_init_noise:uniform
counter_attack_gaussian_sigma:0.03
counter_attack_noisy_tau_num_anchors:10
counter_attack_tau:normal_anchors
pgd_clip_pure_i_text_embeddings:null
pgd_counter_and_clipure_i_lamda:1.0
image_feature_purify:False
image_feature_purify_type:noisy_anchor
image_feature_purify_noisy_anchors:10
image_feature_purify_anchors_alpha:1.2
image_feature_purify_noisy_sigma:0.18
image_feature_purify_diff_threshold:0.0
image_feature_clipure_steps:10
image_feature_clipure_step_size:10.0
save_plots:False
lr:0.005
selection_p:0.1
tta_steps:1
top_k:20
softmax_temp:0.01
load_tecoa:

2026-02-12 19:53:30,478 - ADV_Generation_eps_1.0_steps_100_Added_Noise_uniform_Eps_32.0_Tau_Type_normal_anchors_num_anchors_10 - INFO - Use GPU: 0 for training
2026-02-12 19:54:29,068 - ADV_Generation_eps_1.0_steps_100_Added_Noise_uniform_Eps_32.0_Tau_Type_normal_anchors_num_anchors_10 - INFO - => Model created: visual backbone vit_l_14_datacomp_1b
2026-02-12 19:54:29,089 - ADV_Generation_eps_1.0_steps_100_Added_Noise_uniform_Eps_32.0_Tau_Type_normal_anchors_num_anchors_10 - INFO - Number of test samples: 3333
2026-02-12 19:54:29,089 - ADV_Generation_eps_1.0_steps_100_Added_Noise_uniform_Eps_32.0_Tau_Type_normal_anchors_num_anchors_10 - INFO - Evaluating dataset: Aircraft
2026-02-12 19:54:29,090 - ADV_Generation_eps_1.0_steps_100_Added_Noise_uniform_Eps_32.0_Tau_Type_normal_anchors_num_anchors_10 - INFO - Starting evaluation with batch size: 1, selection percentage: 0.1
2026-02-12 19:54:29,090 - ADV_Generation_eps_1.0_steps_100_Added_Noise_uniform_Eps_32.0_Tau_Type_normal_anchors_num_anchors_10 - INFO - Using counter-attack with epsilon: 32.000000, alpha: 1.000000, steps: 0
2026-02-12 19:54:29,090 - ADV_Generation_eps_1.0_steps_100_Added_Noise_uniform_Eps_32.0_Tau_Type_normal_anchors_num_anchors_10 - INFO - Adversarial examples will be loaded from /leonardo_work/EUHPC_R04_192/fmohamma/Adversarial_Robust_Clip/atpt_data/vit_l_14_datacomp_1b/Aircraft/adv_images_eps_1.0_alpha_0.25_steps_100 and evaluated on vit_l_14_datacomp_1b
2026-02-12 19:54:29,091 - ADV_Generation_eps_1.0_steps_100_Added_Noise_uniform_Eps_32.0_Tau_Type_normal_anchors_num_anchors_10 - INFO - Using directory for adversarial images: /leonardo_work/EUHPC_R04_192/fmohamma/Adversarial_Robust_Clip/atpt_data/vit_l_14_datacomp_1b/Aircraft/adv_images_eps_1.0_alpha_0.25_steps_100
2026-02-12 19:54:29,443 - ADV_Generation_eps_1.0_steps_100_Added_Noise_uniform_Eps_32.0_Tau_Type_normal_anchors_num_anchors_10 - INFO - Batch:[0] Adversarial images for this batch already exist
2026-02-12 19:54:29,995 - ADV_Generation_eps_1.0_steps_100_Added_Noise_uniform_Eps_32.0_Tau_Type_normal_anchors_num_anchors_10 - INFO - Batch 1/3333: Clean accuracy 1.0000 | Adv accuracy: 0.0000 | Counter-attack accuracy: 0.0000
2026-02-12 19:54:29,997 - ADV_Generation_eps_1.0_steps_100_Added_Noise_uniform_Eps_32.0_Tau_Type_normal_anchors_num_anchors_10 - INFO - Batch:[1] Adversarial images for this batch already exist
2026-02-12 19:54:30,326 - ADV_Generation_eps_1.0_steps_100_Added_Noise_uniform_Eps_32.0_Tau_Type_normal_anchors_num_anchors_10 - INFO - Batch 2/3333: Clean accuracy 1.0000 | Adv accuracy: 0.0000 | Counter-attack accuracy: 0.0000
2026-02-12 19:54:30,328 - ADV_Generation_eps_1.0_steps_100_Added_Noise_uniform_Eps_32.0_Tau_Type_normal_anchors_num_anchors_10 - INFO - Batch:[2] Adversarial images for this batch already exist
2026-02-12 19:54:30,657 - ADV_Generation_eps_1.0_steps_100_Added_Noise_uniform_Eps_32.0_Tau_Type_normal_anchors_num_anchors_10 - INFO - Batch 3/3333: Clean accuracy 1.0000 | Adv accuracy: 0.0000 | Counter-attack accuracy: 0.0000
2026-02-12 19:54:30,659 - ADV_Generation_eps_1.0_steps_100_Added_Noise_uniform_Eps_32.0_Tau_Type_normal_anchors_num_anchors_10 - INFO - Batch:[3] Adversarial images for this batch already exist
2026-02-12 19:54:30,990 - ADV_Generation_eps_1.0_steps_100_Added_Noise_uniform_Eps_32.0_Tau_Type_normal_anchors_num_anchors_10 - INFO - Batch 4/3333: Clean accuracy 1.0000 | Adv accuracy: 0.0000 | Counter-attack accuracy: 0.2500
2026-02-12 19:54:30,991 - ADV_Generation_eps_1.0_steps_100_Added_Noise_uniform_Eps_32.0_Tau_Type_normal_anchors_num_anchors_10 - INFO - Batch:[4] Adversarial images for this batch already exist
2026-02-12 19:54:31,321 - ADV_Generation_eps_1.0_steps_100_Added_Noise_uniform_Eps_32.0_Tau_Type_normal_anchors_num_anchors_10 - INFO - Batch 5/3333: Clean accuracy 0.8000 | Adv accuracy: 0.0000 | Counter-attack accuracy: 0.2000
2026-02-12 19:54:31,322 - ADV_Generation_eps_1.0_steps_100_Added_Noise_uniform_Eps_32.0_Tau_Type_normal_anchors_num_anchors_10 - INFO - Batch:[5] Adversarial images for this batch already exist
2026-02-12 19:54:31,656 - ADV_Generation_eps_1.0_steps_100_Added_Noise_uniform_Eps_32.0_Tau_Type_normal_anchors_num_anchors_10 - INFO - Batch 6/3333: Clean accuracy 0.8333 | Adv accuracy: 0.0000 | Counter-attack accuracy: 0.3333
2026-02-12 19:54:31,658 - ADV_Generation_eps_1.0_steps_100_Added_Noise_uniform_Eps_32.0_Tau_Type_normal_anchors_num_anchors_10 - INFO - Batch:[6] Adversarial images for this batch already exist
2026-02-12 19:54:32,000 - ADV_Generation_eps_1.0_steps_100_Added_Noise_uniform_Eps_32.0_Tau_Type_normal_anchors_num_anchors_10 - INFO - Batch 7/3333: Clean accuracy 0.7143 | Adv accuracy: 0.0000 | Counter-attack accuracy: 0.2857
2026-02-12 19:54:32,001 - ADV_Generation_eps_1.0_steps_100_Added_Noise_uniform_Eps_32.0_Tau_Type_normal_anchors_num_anchors_10 - INFO - Batch:[7] Adversarial images for this batch already exist
2026-02-12 19:54:32,325 - ADV_Generation_eps_1.0_steps_100_Added_Noise_uniform_Eps_32.0_Tau_Type_normal_anchors_num_anchors_10 - INFO - Batch 8/3333: Clean accuracy 0.7500 | Adv accuracy: 0.0000 | Counter-attack accuracy: 0.3750
2026-02-12 19:54:32,327 - ADV_Generation_eps_1.0_steps_100_Added_Noise_uniform_Eps_32.0_Tau_Type_normal_anchors_num_anchors_10 - INFO - Batch:[8] Adversarial images for this batch already exist
2026-02-12 19:54:32,656 - ADV_Generation_eps_1.0_steps_100_Added_Noise_uniform_Eps_32.0_Tau_Type_normal_anchors_num_anchors_10 - INFO - Batch 9/3333: Clean accuracy 0.7778 | Adv accuracy: 0.0000 | Counter-attack accuracy: 0.3333
2026-02-12 19:54:32,658 - ADV_Generation_eps_1.0_steps_100_Added_Noise_uniform_Eps_32.0_Tau_Type_normal_anchors_num_anchors_10 - INFO - Batch:[9] Adversarial images for this batch already exist
2026-02-12 19:54:32,986 - ADV_Generation_eps_1.0_steps_100_Added_Noise_uniform_Eps_32.0_Tau_Type_normal_anchors_num_anchors_10 - INFO - Batch 10/3333: Clean accuracy 0.7000 | Adv accuracy: 0.0000 | Counter-attack accuracy: 0.3000
2026-02-12 19:54:32,987 - ADV_Generation_eps_1.0_steps_100_Added_Noise_uniform_Eps_32.0_Tau_Type_normal_anchors_num_anchors_10 - INFO - Batch:[10] Adversarial images for this batch already exist
2026-02-12 19:54:33,314 - ADV_Generation_eps_1.0_steps_100_Added_Noise_uniform_Eps_32.0_Tau_Type_normal_anchors_num_anchors_10 - INFO - Batch 11/3333: Clean accuracy 0.7273 | Adv accuracy: 0.0000 | Counter-attack accuracy: 0.3636
2026-02-12 19:54:33,315 - ADV_Generation_eps_1.0_steps_100_Added_Noise_uniform_Eps_32.0_Tau_Type_normal_anchors_num_anchors_10 - INFO - Batch:[11] Adversarial images for this batch already exist
2026-02-12 19:54:33,631 - ADV_Generation_eps_1.0_steps_100_Added_Noise_uniform_Eps_32.0_Tau_Type_normal_anchors_num_anchors_10 - INFO - Batch 12/3333: Clean accuracy 0.7500 | Adv accuracy: 0.0000 | Counter-attack accuracy: 0.3333
2026-02-12 19:54:33,634 - ADV_Generation_eps_1.0_steps_100_Added_Noise_uniform_Eps_32.0_Tau_Type_normal_anchors_num_anchors_10 - INFO - Batch:[12] Adversarial images for this batch already exist
2026-02-12 19:54:33,969 - ADV_Generation_eps_1.0_steps_100_Added_Noise_uniform_Eps_32.0_Tau_Type_normal_anchors_num_anchors_10 - INFO - Batch 13/3333: Clean accuracy 0.6923 | Adv accuracy: 0.0000 | Counter-attack accuracy: 0.3077
2026-02-12 19:54:33,971 - ADV_Generation_eps_1.0_steps_100_Added_Noise_uniform_Eps_32.0_Tau_Type_normal_anchors_num_anchors_10 - INFO - Batch:[13] Adversarial images for this batch already exist
2026-02-12 19:54:34,315 - ADV_Generation_eps_1.0_steps_100_Added_Noise_uniform_Eps_32.0_Tau_Type_normal_anchors_num_anchors_10 - INFO - Batch 14/3333: Clean accuracy 0.6429 | Adv accuracy: 0.0000 | Counter-attack accuracy: 0.2857
2026-02-12 19:54:34,316 - ADV_Generation_eps_1.0_steps_100_Added_Noise_uniform_Eps_32.0_Tau_Type_normal_anchors_num_anchors_10 - INFO - Batch:[14] Adversarial images for this batch already exist
2026-02-12 19:54:34,639 - ADV_Generation_eps_1.0_steps_100_Added_Noise_uniform_Eps_32.0_Tau_Type_normal_anchors_num_anchors_10 - INFO - Batch 15/3333: Clean accuracy 0.6667 | Adv accuracy: 0.0000 | Counter-attack accuracy: 0.3333
2026-02-12 19:54:34,641 - ADV_Generation_eps_1.0_steps_100_Added_Noise_uniform_Eps_32.0_Tau_Type_normal_anchors_num_anchors_10 - INFO - Batch:[15] Adversarial images for this batch already exist
2026-02-12 19:54:34,968 - ADV_Generation_eps_1.0_steps_100_Added_Noise_uniform_Eps_32.0_Tau_Type_normal_anchors_num_anchors_10 - INFO - Batch 16/3333: Clean accuracy 0.6250 | Adv accuracy: 0.0000 | Counter-attack accuracy: 0.3125
2026-02-12 19:54:34,970 - ADV_Generation_eps_1.0_steps_100_Added_Noise_uniform_Eps_32.0_Tau_Type_normal_anchors_num_anchors_10 - INFO - Batch:[16] Adversarial images for this batch already exist
2026-02-12 19:54:35,295 - ADV_Generation_eps_1.0_steps_100_Added_Noise_uniform_Eps_32.0_Tau_Type_normal_anchors_num_anchors_10 - INFO - Batch 17/3333: Clean accuracy 0.6471 | Adv accuracy: 0.0000 | Counter-attack accuracy: 0.2941
2026-02-12 19:54:35,297 - ADV_Generation_eps_1.0_steps_100_Added_Noise_uniform_Eps_32.0_Tau_Type_normal_anchors_num_anchors_10 - INFO - Batch:[17] Adversarial images for this batch already exist
2026-02-12 19:54:35,630 - ADV_Generation_eps_1.0_steps_100_Added_Noise_uniform_Eps_32.0_Tau_Type_normal_anchors_num_anchors_10 - INFO - Batch 18/3333: Clean accuracy 0.6667 | Adv accuracy: 0.0000 | Counter-attack accuracy: 0.3333
2026-02-12 19:54:35,631 - ADV_Generation_eps_1.0_steps_100_Added_Noise_uniform_Eps_32.0_Tau_Type_normal_anchors_num_anchors_10 - INFO - Batch:[18] Adversarial images for this batch already exist
2026-02-12 19:54:35,971 - ADV_Generation_eps_1.0_steps_100_Added_Noise_uniform_Eps_32.0_Tau_Type_normal_anchors_num_anchors_10 - INFO - Batch 19/3333: Clean accuracy 0.6842 | Adv accuracy: 0.0000 | Counter-attack accuracy: 0.3158
2026-02-12 19:54:35,972 - ADV_Generation_eps_1.0_steps_100_Added_Noise_uniform_Eps_32.0_Tau_Type_normal_anchors_num_anchors_10 - INFO - Batch:[19] Adversarial images for this batch already exist
2026-02-12 19:54:36,305 - ADV_Generation_eps_1.0_steps_100_Added_Noise_uniform_Eps_32.0_Tau_Type_normal_anchors_num_anchors_10 - INFO - Batch 20/3333: Clean accuracy 0.7000 | Adv accuracy: 0.0000 | Counter-attack accuracy: 0.3500
2026-02-12 19:54:36,306 - ADV_Generation_eps_1.0_steps_100_Added_Noise_uniform_Eps_32.0_Tau_Type_normal_anchors_num_anchors_10 - INFO - Batch:[20] Adversarial images for this batch already exist
2026-02-12 19:54:36,626 - ADV_Generation_eps_1.0_steps_100_Added_Noise_uniform_Eps_32.0_Tau_Type_normal_anchors_num_anchors_10 - INFO - Batch 21/3333: Clean accuracy 0.7143 | Adv accuracy: 0.0000 | Counter-attack accuracy: 0.3810
2026-02-12 19:54:36,627 - ADV_Generation_eps_1.0_steps_100_Added_Noise_uniform_Eps_32.0_Tau_Type_normal_anchors_num_anchors_10 - INFO - Batch:[21] Adversarial images for this batch already exist
2026-02-12 19:54:36,967 - ADV_Generation_eps_1.0_steps_100_Added_Noise_uniform_Eps_32.0_Tau_Type_normal_anchors_num_anchors_10 - INFO - Batch 22/3333: Clean accuracy 0.7273 | Adv accuracy: 0.0000 | Counter-attack accuracy: 0.4091
2026-02-12 19:54:36,968 - ADV_Generation_eps_1.0_steps_100_Added_Noise_uniform_Eps_32.0_Tau_Type_normal_anchors_num_anchors_10 - INFO - Batch:[22] Adversarial images for this batch already exist
2026-02-12 19:54:37,299 - ADV_Generation_eps_1.0_steps_100_Added_Noise_uniform_Eps_32.0_Tau_Type_normal_anchors_num_anchors_10 - INFO - Batch 23/3333: Clean accuracy 0.7391 | Adv accuracy: 0.0000 | Counter-attack accuracy: 0.4348
2026-02-12 19:54:37,301 - ADV_Generation_eps_1.0_steps_100_Added_Noise_uniform_Eps_32.0_Tau_Type_normal_anchors_num_anchors_10 - INFO - Batch:[23] Adversarial images for this batch already exist
2026-02-12 19:54:37,646 - ADV_Generation_eps_1.0_steps_100_Added_Noise_uniform_Eps_32.0_Tau_Type_normal_anchors_num_anchors_10 - INFO - Batch 24/3333: Clean accuracy 0.7083 | Adv accuracy: 0.0000 | Counter-attack accuracy: 0.4167
2026-02-12 19:54:37,648 - ADV_Generation_eps_1.0_steps_100_Added_Noise_uniform_Eps_32.0_Tau_Type_normal_anchors_num_anchors_10 - INFO - Batch:[24] Adversarial images for this batch already exist
2026-02-12 19:54:37,975 - ADV_Generation_eps_1.0_steps_100_Added_Noise_uniform_Eps_32.0_Tau_Type_normal_anchors_num_anchors_10 - INFO - Batch 25/3333: Clean accuracy 0.7200 | Adv accuracy: 0.0000 | Counter-attack accuracy: 0.4400
2026-02-12 19:54:37,976 - ADV_Generation_eps_1.0_steps_100_Added_Noise_uniform_Eps_32.0_Tau_Type_normal_anchors_num_anchors_10 - INFO - Batch:[25] Adversarial images for this batch already exist
2026-02-12 19:54:38,343 - ADV_Generation_eps_1.0_steps_100_Added_Noise_uniform_Eps_32.0_Tau_Type_normal_anchors_num_anchors_10 - INFO - Batch 26/3333: Clean accuracy 0.7308 | Adv accuracy: 0.0000 | Counter-attack accuracy: 0.4615
2026-02-12 19:54:38,345 - ADV_Generation_eps_1.0_steps_100_Added_Noise_uniform_Eps_32.0_Tau_Type_normal_anchors_num_anchors_10 - INFO - Batch:[26] Adversarial images for this batch already exist
2026-02-12 19:54:38,673 - ADV_Generation_eps_1.0_steps_100_Added_Noise_uniform_Eps_32.0_Tau_Type_normal_anchors_num_anchors_10 - INFO - Batch 27/3333: Clean accuracy 0.7407 | Adv accuracy: 0.0000 | Counter-attack accuracy: 0.4815
2026-02-12 19:54:38,674 - ADV_Generation_eps_1.0_steps_100_Added_Noise_uniform_Eps_32.0_Tau_Type_normal_anchors_num_anchors_10 - INFO - Batch:[27] Adversarial images for this batch already exist
2026-02-12 19:54:38,996 - ADV_Generation_eps_1.0_steps_100_Added_Noise_uniform_Eps_32.0_Tau_Type_normal_anchors_num_anchors_10 - INFO - Batch 28/3333: Clean accuracy 0.7500 | Adv accuracy: 0.0000 | Counter-attack accuracy: 0.5000
2026-02-12 19:54:38,997 - ADV_Generation_eps_1.0_steps_100_Added_Noise_uniform_Eps_32.0_Tau_Type_normal_anchors_num_anchors_10 - INFO - Batch:[28] Adversarial images for this batch already exist
2026-02-12 19:54:39,320 - ADV_Generation_eps_1.0_steps_100_Added_Noise_uniform_Eps_32.0_Tau_Type_normal_anchors_num_anchors_10 - INFO - Batch 29/3333: Clean accuracy 0.7586 | Adv accuracy: 0.0000 | Counter-attack accuracy: 0.5172
2026-02-12 19:54:39,321 - ADV_Generation_eps_1.0_steps_100_Added_Noise_uniform_Eps_32.0_Tau_Type_normal_anchors_num_anchors_10 - INFO - Batch:[29] Adversarial images for this batch already exist
2026-02-12 19:54:39,644 - ADV_Generation_eps_1.0_steps_100_Added_Noise_uniform_Eps_32.0_Tau_Type_normal_anchors_num_anchors_10 - INFO - Batch 30/3333: Clean accuracy 0.7333 | Adv accuracy: 0.0000 | Counter-attack accuracy: 0.5000
2026-02-12 19:54:39,646 - ADV_Generation_eps_1.0_steps_100_Added_Noise_uniform_Eps_32.0_Tau_Type_normal_anchors_num_anchors_10 - INFO - Batch:[30] Adversarial images for this batch already exist
2026-02-12 19:54:39,976 - ADV_Generation_eps_1.0_steps_100_Added_Noise_uniform_Eps_32.0_Tau_Type_normal_anchors_num_anchors_10 - INFO - Batch 31/3333: Clean accuracy 0.7419 | Adv accuracy: 0.0000 | Counter-attack accuracy: 0.4839
2026-02-12 19:54:39,980 - ADV_Generation_eps_1.0_steps_100_Added_Noise_uniform_Eps_32.0_Tau_Type_normal_anchors_num_anchors_10 - INFO - Batch:[31] Adversarial images for this batch already exist
2026-02-12 19:54:40,313 - ADV_Generation_eps_1.0_steps_100_Added_Noise_uniform_Eps_32.0_Tau_Type_normal_anchors_num_anchors_10 - INFO - Batch 32/3333: Clean accuracy 0.7500 | Adv accuracy: 0.0000 | Counter-attack accuracy: 0.4688
2026-02-12 19:54:40,314 - ADV_Generation_eps_1.0_steps_100_Added_Noise_uniform_Eps_32.0_Tau_Type_normal_anchors_num_anchors_10 - INFO - Batch:[32] Adversarial images for this batch already exist
2026-02-12 19:54:40,643 - ADV_Generation_eps_1.0_steps_100_Added_Noise_uniform_Eps_32.0_Tau_Type_normal_anchors_num_anchors_10 - INFO - Batch 33/3333: Clean accuracy 0.7576 | Adv accuracy: 0.0000 | Counter-attack accuracy: 0.4545
2026-02-12 19:54:40,644 - ADV_Generation_eps_1.0_steps_100_Added_Noise_uniform_Eps_32.0_Tau_Type_normal_anchors_num_anchors_10 - INFO - Batch:[33] Adversarial images for this batch already exist
2026-02-12 19:54:40,977 - ADV_Generation_eps_1.0_steps_100_Added_Noise_uniform_Eps_32.0_Tau_Type_normal_anchors_num_anchors_10 - INFO - Batch 34/3333: Clean accuracy 0.7647 | Adv accuracy: 0.0000 | Counter-attack accuracy: 0.4706
2026-02-12 19:54:40,979 - ADV_Generation_eps_1.0_steps_100_Added_Noise_uniform_Eps_32.0_Tau_Type_normal_anchors_num_anchors_10 - INFO - Batch:[34] Adversarial images for this batch already exist
2026-02-12 19:54:41,291 - ADV_Generation_eps_1.0_steps_100_Added_Noise_uniform_Eps_32.0_Tau_Type_normal_anchors_num_anchors_10 - INFO - Batch 35/3333: Clean accuracy 0.7429 | Adv accuracy: 0.0000 | Counter-attack accuracy: 0.4571
2026-02-12 19:54:41,293 - ADV_Generation_eps_1.0_steps_100_Added_Noise_uniform_Eps_32.0_Tau_Type_normal_anchors_num_anchors_10 - INFO - Batch:[35] Adversarial images for this batch already exist
2026-02-12 19:54:41,621 - ADV_Generation_eps_1.0_steps_100_Added_Noise_uniform_Eps_32.0_Tau_Type_normal_anchors_num_anchors_10 - INFO - Batch 36/3333: Clean accuracy 0.7500 | Adv accuracy: 0.0000 | Counter-attack accuracy: 0.4722
2026-02-12 19:54:41,622 - ADV_Generation_eps_1.0_steps_100_Added_Noise_uniform_Eps_32.0_Tau_Type_normal_anchors_num_anchors_10 - INFO - Batch:[36] Adversarial images for this batch already exist
2026-02-12 19:54:41,944 - ADV_Generation_eps_1.0_steps_100_Added_Noise_uniform_Eps_32.0_Tau_Type_normal_anchors_num_anchors_10 - INFO - Batch 37/3333: Clean accuracy 0.7297 | Adv accuracy: 0.0000 | Counter-attack accuracy: 0.4595
2026-02-12 19:54:41,945 - ADV_Generation_eps_1.0_steps_100_Added_Noise_uniform_Eps_32.0_Tau_Type_normal_anchors_num_anchors_10 - INFO - Batch:[37] Adversarial images for this batch already exist
2026-02-12 19:54:42,274 - ADV_Generation_eps_1.0_steps_100_Added_Noise_uniform_Eps_32.0_Tau_Type_normal_anchors_num_anchors_10 - INFO - Batch 38/3333: Clean accuracy 0.7368 | Adv accuracy: 0.0000 | Counter-attack accuracy: 0.4474
2026-02-12 19:54:42,275 - ADV_Generation_eps_1.0_steps_100_Added_Noise_uniform_Eps_32.0_Tau_Type_normal_anchors_num_anchors_10 - INFO - Batch:[38] Adversarial images for this batch already exist
2026-02-12 19:54:42,592 - ADV_Generation_eps_1.0_steps_100_Added_Noise_uniform_Eps_32.0_Tau_Type_normal_anchors_num_anchors_10 - INFO - Batch 39/3333: Clean accuracy 0.7436 | Adv accuracy: 0.0000 | Counter-attack accuracy: 0.4615
2026-02-12 19:54:42,593 - ADV_Generation_eps_1.0_steps_100_Added_Noise_uniform_Eps_32.0_Tau_Type_normal_anchors_num_anchors_10 - INFO - Batch:[39] Adversarial images for this batch already exist
2026-02-12 19:54:42,925 - ADV_Generation_eps_1.0_steps_100_Added_Noise_uniform_Eps_32.0_Tau_Type_normal_anchors_num_anchors_10 - INFO - Batch 40/3333: Clean accuracy 0.7250 | Adv accuracy: 0.0000 | Counter-attack accuracy: 0.4500
2026-02-12 19:54:42,926 - ADV_Generation_eps_1.0_steps_100_Added_Noise_uniform_Eps_32.0_Tau_Type_normal_anchors_num_anchors_10 - INFO - Batch:[40] Adversarial images for this batch already exist
2026-02-12 19:54:43,254 - ADV_Generation_eps_1.0_steps_100_Added_Noise_uniform_Eps_32.0_Tau_Type_normal_anchors_num_anchors_10 - INFO - Batch 41/3333: Clean accuracy 0.7073 | Adv accuracy: 0.0000 | Counter-attack accuracy: 0.4634
2026-02-12 19:54:43,255 - ADV_Generation_eps_1.0_steps_100_Added_Noise_uniform_Eps_32.0_Tau_Type_normal_anchors_num_anchors_10 - INFO - Batch:[41] Adversarial images for this batch already exist
2026-02-12 19:54:43,582 - ADV_Generation_eps_1.0_steps_100_Added_Noise_uniform_Eps_32.0_Tau_Type_normal_anchors_num_anchors_10 - INFO - Batch 42/3333: Clean accuracy 0.7143 | Adv accuracy: 0.0000 | Counter-attack accuracy: 0.4762
2026-02-12 19:54:43,583 - ADV_Generation_eps_1.0_steps_100_Added_Noise_uniform_Eps_32.0_Tau_Type_normal_anchors_num_anchors_10 - INFO - Batch:[42] Adversarial images for this batch already exist
2026-02-12 19:54:43,914 - ADV_Generation_eps_1.0_steps_100_Added_Noise_uniform_Eps_32.0_Tau_Type_normal_anchors_num_anchors_10 - INFO - Batch 43/3333: Clean accuracy 0.7209 | Adv accuracy: 0.0000 | Counter-attack accuracy: 0.4651
2026-02-12 19:54:43,915 - ADV_Generation_eps_1.0_steps_100_Added_Noise_uniform_Eps_32.0_Tau_Type_normal_anchors_num_anchors_10 - INFO - Batch:[43] Adversarial images for this batch already exist
