2026-02-02 12:41:12,148 - ADV_Generation_eps_4.0_steps_10_image_only_attack_prm_Added_Noise_uniform_Eps_32.0_Tau_Type_normal_anchors - INFO - ==========================================
data:/leonardo_work/EUHPC_R04_192/fmohamma/Adversarial_Robust_Clip/atpt_data/downstream_datasets
test_sets:DTD
dataset_mode:test
arch:delta_clip_l14_224
resolution:224
transferability:False
source_model:fare4
workers:4
no_pin_memory:False
batch_size:1
adv_bs:1
print_freq:20
gpu:0
no_cudnn_benchmark:False
n_ctx:4
ctx_init:a_photo_of_a
seed:0
output_dir:/leonardo_work/EUHPC_R04_192/fmohamma/Adversarial_Robust_Clip/atpt_data/delta_clip_l14_224/DTD
log_output_dir:/leonardo_work/EUHPC_R04_192/fmohamma/Adversarial_Robust_Clip/ATPT/Diffratio_Adv_gen_Results/delta_clip_l14_224/DTD/ADV_Generation_eps_4.0_steps_10_image_only_attack_prm_Added_Noise_uniform_Eps_32.0_Tau_Type_normal_anchors
image_only_attack:True
image_only_attack_type:prm
image_predicted_label_attack:False
eps:4.0
alpha:1.0
alpha_eps_ratio:4.0
steps:10
counter_attack:True
counter_attack_type:pgd
counter_attack_steps:0
counter_attack_eps:32.0
counter_attack_alpha:1.0
counter_attack_tau_thres:0.2
counter_attack_beta:2.0
counter_attack_weighted_perturbations:True
counter_attack_init_noise:uniform
counter_attack_gaussian_sigma:0.03
counter_attack_noisy_tau_num_anchors:10
counter_attack_tau:normal_anchors
pgd_clip_pure_i_text_embeddings:null
pgd_counter_and_clipure_i_lamda:1.0
image_feature_purify:False
image_feature_purify_type:noisy_anchor
image_feature_purify_noisy_anchors:10
image_feature_purify_anchors_alpha:1.2
image_feature_purify_noisy_sigma:0.18
image_feature_purify_diff_threshold:0.0
image_feature_clipure_steps:10
image_feature_clipure_step_size:10.0
save_plots:False
lr:0.005
selection_p:0.1
tta_steps:1
top_k:20
softmax_temp:0.01
load_tecoa:

2026-02-02 12:41:12,149 - ADV_Generation_eps_4.0_steps_10_image_only_attack_prm_Added_Noise_uniform_Eps_32.0_Tau_Type_normal_anchors - INFO - Use GPU: 0 for training
2026-02-02 12:42:58,207 - ADV_Generation_eps_4.0_steps_10_image_only_attack_prm_Added_Noise_uniform_Eps_32.0_Tau_Type_normal_anchors - INFO - => Model created: visual backbone delta_clip_l14_224
2026-02-02 12:42:58,213 - ADV_Generation_eps_4.0_steps_10_image_only_attack_prm_Added_Noise_uniform_Eps_32.0_Tau_Type_normal_anchors - INFO - Number of test samples: 1692
2026-02-02 12:42:58,214 - ADV_Generation_eps_4.0_steps_10_image_only_attack_prm_Added_Noise_uniform_Eps_32.0_Tau_Type_normal_anchors - INFO - Evaluating dataset: DTD
2026-02-02 12:42:58,215 - ADV_Generation_eps_4.0_steps_10_image_only_attack_prm_Added_Noise_uniform_Eps_32.0_Tau_Type_normal_anchors - INFO - Starting evaluation with batch size: 1, selection percentage: 0.1
2026-02-02 12:42:58,215 - ADV_Generation_eps_4.0_steps_10_image_only_attack_prm_Added_Noise_uniform_Eps_32.0_Tau_Type_normal_anchors - INFO - Using counter-attack with epsilon: 32.000000, alpha: 1.000000, steps: 0
2026-02-02 12:42:58,215 - ADV_Generation_eps_4.0_steps_10_image_only_attack_prm_Added_Noise_uniform_Eps_32.0_Tau_Type_normal_anchors - INFO - Adversarial examples will be loaded from /leonardo_work/EUHPC_R04_192/fmohamma/Adversarial_Robust_Clip/atpt_data/delta_clip_l14_224/DTD/adv_images_eps_4.0_alpha_1.0_steps_10_image_only_attack_prm and evaluated on delta_clip_l14_224
2026-02-02 12:42:58,215 - ADV_Generation_eps_4.0_steps_10_image_only_attack_prm_Added_Noise_uniform_Eps_32.0_Tau_Type_normal_anchors - INFO - Using directory for adversarial images: /leonardo_work/EUHPC_R04_192/fmohamma/Adversarial_Robust_Clip/atpt_data/delta_clip_l14_224/DTD/adv_images_eps_4.0_alpha_1.0_steps_10_image_only_attack_prm
2026-02-02 12:42:58,464 - ADV_Generation_eps_4.0_steps_10_image_only_attack_prm_Added_Noise_uniform_Eps_32.0_Tau_Type_normal_anchors - INFO - Batch:[0] Adversarial images for this batch already exist
2026-02-02 12:42:58,953 - ADV_Generation_eps_4.0_steps_10_image_only_attack_prm_Added_Noise_uniform_Eps_32.0_Tau_Type_normal_anchors - INFO - Batch 1/1692: Clean accuracy 0.0000 | Adv accuracy: 0.0000 | Counter-attack accuracy: 0.0000
2026-02-02 12:42:58,953 - ADV_Generation_eps_4.0_steps_10_image_only_attack_prm_Added_Noise_uniform_Eps_32.0_Tau_Type_normal_anchors - INFO - Batch:[1] Adversarial images for this batch already exist
2026-02-02 12:42:59,213 - ADV_Generation_eps_4.0_steps_10_image_only_attack_prm_Added_Noise_uniform_Eps_32.0_Tau_Type_normal_anchors - INFO - Batch 2/1692: Clean accuracy 0.0000 | Adv accuracy: 0.0000 | Counter-attack accuracy: 0.0000
2026-02-02 12:42:59,213 - ADV_Generation_eps_4.0_steps_10_image_only_attack_prm_Added_Noise_uniform_Eps_32.0_Tau_Type_normal_anchors - INFO - Batch:[2] Adversarial images for this batch already exist
2026-02-02 12:42:59,472 - ADV_Generation_eps_4.0_steps_10_image_only_attack_prm_Added_Noise_uniform_Eps_32.0_Tau_Type_normal_anchors - INFO - Batch 3/1692: Clean accuracy 0.0000 | Adv accuracy: 0.0000 | Counter-attack accuracy: 0.0000
2026-02-02 12:42:59,472 - ADV_Generation_eps_4.0_steps_10_image_only_attack_prm_Added_Noise_uniform_Eps_32.0_Tau_Type_normal_anchors - INFO - Batch:[3] Adversarial images for this batch already exist
2026-02-02 12:42:59,730 - ADV_Generation_eps_4.0_steps_10_image_only_attack_prm_Added_Noise_uniform_Eps_32.0_Tau_Type_normal_anchors - INFO - Batch 4/1692: Clean accuracy 0.0000 | Adv accuracy: 0.0000 | Counter-attack accuracy: 0.0000
2026-02-02 12:42:59,730 - ADV_Generation_eps_4.0_steps_10_image_only_attack_prm_Added_Noise_uniform_Eps_32.0_Tau_Type_normal_anchors - INFO - Batch:[4] Adversarial images for this batch already exist
2026-02-02 12:42:59,988 - ADV_Generation_eps_4.0_steps_10_image_only_attack_prm_Added_Noise_uniform_Eps_32.0_Tau_Type_normal_anchors - INFO - Batch 5/1692: Clean accuracy 0.0000 | Adv accuracy: 0.0000 | Counter-attack accuracy: 0.0000
2026-02-02 12:42:59,989 - ADV_Generation_eps_4.0_steps_10_image_only_attack_prm_Added_Noise_uniform_Eps_32.0_Tau_Type_normal_anchors - INFO - Batch:[5] Adversarial images for this batch already exist
2026-02-02 12:43:00,247 - ADV_Generation_eps_4.0_steps_10_image_only_attack_prm_Added_Noise_uniform_Eps_32.0_Tau_Type_normal_anchors - INFO - Batch 6/1692: Clean accuracy 0.0000 | Adv accuracy: 0.0000 | Counter-attack accuracy: 0.0000
2026-02-02 12:43:00,248 - ADV_Generation_eps_4.0_steps_10_image_only_attack_prm_Added_Noise_uniform_Eps_32.0_Tau_Type_normal_anchors - INFO - Batch:[6] Adversarial images for this batch already exist
2026-02-02 12:43:00,506 - ADV_Generation_eps_4.0_steps_10_image_only_attack_prm_Added_Noise_uniform_Eps_32.0_Tau_Type_normal_anchors - INFO - Batch 7/1692: Clean accuracy 0.0000 | Adv accuracy: 0.0000 | Counter-attack accuracy: 0.0000
2026-02-02 12:43:00,506 - ADV_Generation_eps_4.0_steps_10_image_only_attack_prm_Added_Noise_uniform_Eps_32.0_Tau_Type_normal_anchors - INFO - Batch:[7] Adversarial images for this batch already exist
2026-02-02 12:43:00,765 - ADV_Generation_eps_4.0_steps_10_image_only_attack_prm_Added_Noise_uniform_Eps_32.0_Tau_Type_normal_anchors - INFO - Batch 8/1692: Clean accuracy 0.0000 | Adv accuracy: 0.0000 | Counter-attack accuracy: 0.0000
2026-02-02 12:43:00,765 - ADV_Generation_eps_4.0_steps_10_image_only_attack_prm_Added_Noise_uniform_Eps_32.0_Tau_Type_normal_anchors - INFO - Batch:[8] Adversarial images for this batch already exist
2026-02-02 12:43:01,023 - ADV_Generation_eps_4.0_steps_10_image_only_attack_prm_Added_Noise_uniform_Eps_32.0_Tau_Type_normal_anchors - INFO - Batch 9/1692: Clean accuracy 0.0000 | Adv accuracy: 0.0000 | Counter-attack accuracy: 0.0000
2026-02-02 12:43:01,024 - ADV_Generation_eps_4.0_steps_10_image_only_attack_prm_Added_Noise_uniform_Eps_32.0_Tau_Type_normal_anchors - INFO - Batch:[9] Adversarial images for this batch already exist
2026-02-02 12:43:01,282 - ADV_Generation_eps_4.0_steps_10_image_only_attack_prm_Added_Noise_uniform_Eps_32.0_Tau_Type_normal_anchors - INFO - Batch 10/1692: Clean accuracy 0.0000 | Adv accuracy: 0.0000 | Counter-attack accuracy: 0.0000
2026-02-02 12:43:01,282 - ADV_Generation_eps_4.0_steps_10_image_only_attack_prm_Added_Noise_uniform_Eps_32.0_Tau_Type_normal_anchors - INFO - Batch:[10] Adversarial images for this batch already exist
2026-02-02 12:43:01,540 - ADV_Generation_eps_4.0_steps_10_image_only_attack_prm_Added_Noise_uniform_Eps_32.0_Tau_Type_normal_anchors - INFO - Batch 11/1692: Clean accuracy 0.0000 | Adv accuracy: 0.0000 | Counter-attack accuracy: 0.0000
2026-02-02 12:43:01,541 - ADV_Generation_eps_4.0_steps_10_image_only_attack_prm_Added_Noise_uniform_Eps_32.0_Tau_Type_normal_anchors - INFO - Batch:[11] Adversarial images for this batch already exist
2026-02-02 12:43:01,799 - ADV_Generation_eps_4.0_steps_10_image_only_attack_prm_Added_Noise_uniform_Eps_32.0_Tau_Type_normal_anchors - INFO - Batch 12/1692: Clean accuracy 0.0000 | Adv accuracy: 0.0000 | Counter-attack accuracy: 0.0000
2026-02-02 12:43:01,799 - ADV_Generation_eps_4.0_steps_10_image_only_attack_prm_Added_Noise_uniform_Eps_32.0_Tau_Type_normal_anchors - INFO - Batch:[12] Adversarial images for this batch already exist
2026-02-02 12:43:02,058 - ADV_Generation_eps_4.0_steps_10_image_only_attack_prm_Added_Noise_uniform_Eps_32.0_Tau_Type_normal_anchors - INFO - Batch 13/1692: Clean accuracy 0.0000 | Adv accuracy: 0.0000 | Counter-attack accuracy: 0.0000
2026-02-02 12:43:02,058 - ADV_Generation_eps_4.0_steps_10_image_only_attack_prm_Added_Noise_uniform_Eps_32.0_Tau_Type_normal_anchors - INFO - Batch:[13] Adversarial images for this batch already exist
2026-02-02 12:43:02,316 - ADV_Generation_eps_4.0_steps_10_image_only_attack_prm_Added_Noise_uniform_Eps_32.0_Tau_Type_normal_anchors - INFO - Batch 14/1692: Clean accuracy 0.0000 | Adv accuracy: 0.0000 | Counter-attack accuracy: 0.0000
2026-02-02 12:43:02,316 - ADV_Generation_eps_4.0_steps_10_image_only_attack_prm_Added_Noise_uniform_Eps_32.0_Tau_Type_normal_anchors - INFO - Batch:[14] Adversarial images for this batch already exist
2026-02-02 12:43:02,574 - ADV_Generation_eps_4.0_steps_10_image_only_attack_prm_Added_Noise_uniform_Eps_32.0_Tau_Type_normal_anchors - INFO - Batch 15/1692: Clean accuracy 0.0000 | Adv accuracy: 0.0000 | Counter-attack accuracy: 0.0000
2026-02-02 12:43:02,575 - ADV_Generation_eps_4.0_steps_10_image_only_attack_prm_Added_Noise_uniform_Eps_32.0_Tau_Type_normal_anchors - INFO - Batch:[15] Adversarial images for this batch already exist
2026-02-02 12:43:02,833 - ADV_Generation_eps_4.0_steps_10_image_only_attack_prm_Added_Noise_uniform_Eps_32.0_Tau_Type_normal_anchors - INFO - Batch 16/1692: Clean accuracy 0.0000 | Adv accuracy: 0.0000 | Counter-attack accuracy: 0.0000
2026-02-02 12:43:02,833 - ADV_Generation_eps_4.0_steps_10_image_only_attack_prm_Added_Noise_uniform_Eps_32.0_Tau_Type_normal_anchors - INFO - Batch:[16] Adversarial images for this batch already exist
2026-02-02 12:43:03,091 - ADV_Generation_eps_4.0_steps_10_image_only_attack_prm_Added_Noise_uniform_Eps_32.0_Tau_Type_normal_anchors - INFO - Batch 17/1692: Clean accuracy 0.0000 | Adv accuracy: 0.0000 | Counter-attack accuracy: 0.0000
2026-02-02 12:43:03,092 - ADV_Generation_eps_4.0_steps_10_image_only_attack_prm_Added_Noise_uniform_Eps_32.0_Tau_Type_normal_anchors - INFO - Batch:[17] Adversarial images for this batch already exist
2026-02-02 12:43:03,350 - ADV_Generation_eps_4.0_steps_10_image_only_attack_prm_Added_Noise_uniform_Eps_32.0_Tau_Type_normal_anchors - INFO - Batch 18/1692: Clean accuracy 0.0000 | Adv accuracy: 0.0000 | Counter-attack accuracy: 0.0000
2026-02-02 12:43:03,350 - ADV_Generation_eps_4.0_steps_10_image_only_attack_prm_Added_Noise_uniform_Eps_32.0_Tau_Type_normal_anchors - INFO - Batch:[18] Adversarial images for this batch already exist
2026-02-02 12:43:03,608 - ADV_Generation_eps_4.0_steps_10_image_only_attack_prm_Added_Noise_uniform_Eps_32.0_Tau_Type_normal_anchors - INFO - Batch 19/1692: Clean accuracy 0.0000 | Adv accuracy: 0.0000 | Counter-attack accuracy: 0.0000
2026-02-02 12:43:03,609 - ADV_Generation_eps_4.0_steps_10_image_only_attack_prm_Added_Noise_uniform_Eps_32.0_Tau_Type_normal_anchors - INFO - Batch:[19] Adversarial images for this batch already exist
2026-02-02 12:43:03,867 - ADV_Generation_eps_4.0_steps_10_image_only_attack_prm_Added_Noise_uniform_Eps_32.0_Tau_Type_normal_anchors - INFO - Batch 20/1692: Clean accuracy 0.0000 | Adv accuracy: 0.0000 | Counter-attack accuracy: 0.0000
2026-02-02 12:43:03,868 - ADV_Generation_eps_4.0_steps_10_image_only_attack_prm_Added_Noise_uniform_Eps_32.0_Tau_Type_normal_anchors - INFO - Batch:[20] Adversarial images for this batch already exist
2026-02-02 12:43:04,126 - ADV_Generation_eps_4.0_steps_10_image_only_attack_prm_Added_Noise_uniform_Eps_32.0_Tau_Type_normal_anchors - INFO - Batch 21/1692: Clean accuracy 0.0000 | Adv accuracy: 0.0000 | Counter-attack accuracy: 0.0000
2026-02-02 12:43:04,126 - ADV_Generation_eps_4.0_steps_10_image_only_attack_prm_Added_Noise_uniform_Eps_32.0_Tau_Type_normal_anchors - INFO - Batch:[21] Adversarial images for this batch already exist
2026-02-02 12:43:04,385 - ADV_Generation_eps_4.0_steps_10_image_only_attack_prm_Added_Noise_uniform_Eps_32.0_Tau_Type_normal_anchors - INFO - Batch 22/1692: Clean accuracy 0.0000 | Adv accuracy: 0.0000 | Counter-attack accuracy: 0.0000
2026-02-02 12:43:04,385 - ADV_Generation_eps_4.0_steps_10_image_only_attack_prm_Added_Noise_uniform_Eps_32.0_Tau_Type_normal_anchors - INFO - Batch:[22] Adversarial images for this batch already exist
2026-02-02 12:43:04,643 - ADV_Generation_eps_4.0_steps_10_image_only_attack_prm_Added_Noise_uniform_Eps_32.0_Tau_Type_normal_anchors - INFO - Batch 23/1692: Clean accuracy 0.0000 | Adv accuracy: 0.0000 | Counter-attack accuracy: 0.0000
2026-02-02 12:43:04,643 - ADV_Generation_eps_4.0_steps_10_image_only_attack_prm_Added_Noise_uniform_Eps_32.0_Tau_Type_normal_anchors - INFO - Batch:[23] Adversarial images for this batch already exist
2026-02-02 12:43:04,901 - ADV_Generation_eps_4.0_steps_10_image_only_attack_prm_Added_Noise_uniform_Eps_32.0_Tau_Type_normal_anchors - INFO - Batch 24/1692: Clean accuracy 0.0000 | Adv accuracy: 0.0000 | Counter-attack accuracy: 0.0000
2026-02-02 12:43:04,901 - ADV_Generation_eps_4.0_steps_10_image_only_attack_prm_Added_Noise_uniform_Eps_32.0_Tau_Type_normal_anchors - INFO - Batch:[24] Adversarial images for this batch already exist
2026-02-02 12:43:05,159 - ADV_Generation_eps_4.0_steps_10_image_only_attack_prm_Added_Noise_uniform_Eps_32.0_Tau_Type_normal_anchors - INFO - Batch 25/1692: Clean accuracy 0.0000 | Adv accuracy: 0.0000 | Counter-attack accuracy: 0.0000
2026-02-02 12:43:05,159 - ADV_Generation_eps_4.0_steps_10_image_only_attack_prm_Added_Noise_uniform_Eps_32.0_Tau_Type_normal_anchors - INFO - Batch:[25] Adversarial images for this batch already exist
2026-02-02 12:43:05,417 - ADV_Generation_eps_4.0_steps_10_image_only_attack_prm_Added_Noise_uniform_Eps_32.0_Tau_Type_normal_anchors - INFO - Batch 26/1692: Clean accuracy 0.0000 | Adv accuracy: 0.0000 | Counter-attack accuracy: 0.0000
2026-02-02 12:43:05,418 - ADV_Generation_eps_4.0_steps_10_image_only_attack_prm_Added_Noise_uniform_Eps_32.0_Tau_Type_normal_anchors - INFO - Batch:[26] Adversarial images for this batch already exist
2026-02-02 12:43:05,676 - ADV_Generation_eps_4.0_steps_10_image_only_attack_prm_Added_Noise_uniform_Eps_32.0_Tau_Type_normal_anchors - INFO - Batch 27/1692: Clean accuracy 0.0000 | Adv accuracy: 0.0000 | Counter-attack accuracy: 0.0000
2026-02-02 12:43:05,676 - ADV_Generation_eps_4.0_steps_10_image_only_attack_prm_Added_Noise_uniform_Eps_32.0_Tau_Type_normal_anchors - INFO - Batch:[27] Adversarial images for this batch already exist
2026-02-02 12:43:05,934 - ADV_Generation_eps_4.0_steps_10_image_only_attack_prm_Added_Noise_uniform_Eps_32.0_Tau_Type_normal_anchors - INFO - Batch 28/1692: Clean accuracy 0.0000 | Adv accuracy: 0.0000 | Counter-attack accuracy: 0.0000
2026-02-02 12:43:05,935 - ADV_Generation_eps_4.0_steps_10_image_only_attack_prm_Added_Noise_uniform_Eps_32.0_Tau_Type_normal_anchors - INFO - Batch:[28] Adversarial images for this batch already exist
2026-02-02 12:43:06,193 - ADV_Generation_eps_4.0_steps_10_image_only_attack_prm_Added_Noise_uniform_Eps_32.0_Tau_Type_normal_anchors - INFO - Batch 29/1692: Clean accuracy 0.0000 | Adv accuracy: 0.0000 | Counter-attack accuracy: 0.0000
2026-02-02 12:43:06,193 - ADV_Generation_eps_4.0_steps_10_image_only_attack_prm_Added_Noise_uniform_Eps_32.0_Tau_Type_normal_anchors - INFO - Batch:[29] Adversarial images for this batch already exist
2026-02-02 12:43:06,451 - ADV_Generation_eps_4.0_steps_10_image_only_attack_prm_Added_Noise_uniform_Eps_32.0_Tau_Type_normal_anchors - INFO - Batch 30/1692: Clean accuracy 0.0000 | Adv accuracy: 0.0000 | Counter-attack accuracy: 0.0000
2026-02-02 12:43:06,452 - ADV_Generation_eps_4.0_steps_10_image_only_attack_prm_Added_Noise_uniform_Eps_32.0_Tau_Type_normal_anchors - INFO - Batch:[30] Adversarial images for this batch already exist
2026-02-02 12:43:06,710 - ADV_Generation_eps_4.0_steps_10_image_only_attack_prm_Added_Noise_uniform_Eps_32.0_Tau_Type_normal_anchors - INFO - Batch 31/1692: Clean accuracy 0.0000 | Adv accuracy: 0.0000 | Counter-attack accuracy: 0.0000
2026-02-02 12:43:06,710 - ADV_Generation_eps_4.0_steps_10_image_only_attack_prm_Added_Noise_uniform_Eps_32.0_Tau_Type_normal_anchors - INFO - Batch:[31] Adversarial images for this batch already exist
2026-02-02 12:43:06,968 - ADV_Generation_eps_4.0_steps_10_image_only_attack_prm_Added_Noise_uniform_Eps_32.0_Tau_Type_normal_anchors - INFO - Batch 32/1692: Clean accuracy 0.0000 | Adv accuracy: 0.0000 | Counter-attack accuracy: 0.0000
2026-02-02 12:43:06,969 - ADV_Generation_eps_4.0_steps_10_image_only_attack_prm_Added_Noise_uniform_Eps_32.0_Tau_Type_normal_anchors - INFO - Batch:[32] Adversarial images for this batch already exist
2026-02-02 12:43:07,227 - ADV_Generation_eps_4.0_steps_10_image_only_attack_prm_Added_Noise_uniform_Eps_32.0_Tau_Type_normal_anchors - INFO - Batch 33/1692: Clean accuracy 0.0000 | Adv accuracy: 0.0000 | Counter-attack accuracy: 0.0000
2026-02-02 12:43:07,227 - ADV_Generation_eps_4.0_steps_10_image_only_attack_prm_Added_Noise_uniform_Eps_32.0_Tau_Type_normal_anchors - INFO - Batch:[33] Adversarial images for this batch already exist
2026-02-02 12:43:07,485 - ADV_Generation_eps_4.0_steps_10_image_only_attack_prm_Added_Noise_uniform_Eps_32.0_Tau_Type_normal_anchors - INFO - Batch 34/1692: Clean accuracy 0.0000 | Adv accuracy: 0.0000 | Counter-attack accuracy: 0.0000
2026-02-02 12:43:07,486 - ADV_Generation_eps_4.0_steps_10_image_only_attack_prm_Added_Noise_uniform_Eps_32.0_Tau_Type_normal_anchors - INFO - Batch:[34] Adversarial images for this batch already exist
2026-02-02 12:43:07,744 - ADV_Generation_eps_4.0_steps_10_image_only_attack_prm_Added_Noise_uniform_Eps_32.0_Tau_Type_normal_anchors - INFO - Batch 35/1692: Clean accuracy 0.0000 | Adv accuracy: 0.0000 | Counter-attack accuracy: 0.0000
2026-02-02 12:43:07,744 - ADV_Generation_eps_4.0_steps_10_image_only_attack_prm_Added_Noise_uniform_Eps_32.0_Tau_Type_normal_anchors - INFO - Batch:[35] Adversarial images for this batch already exist
2026-02-02 12:43:08,002 - ADV_Generation_eps_4.0_steps_10_image_only_attack_prm_Added_Noise_uniform_Eps_32.0_Tau_Type_normal_anchors - INFO - Batch 36/1692: Clean accuracy 0.0000 | Adv accuracy: 0.0000 | Counter-attack accuracy: 0.0000
2026-02-02 12:43:08,003 - ADV_Generation_eps_4.0_steps_10_image_only_attack_prm_Added_Noise_uniform_Eps_32.0_Tau_Type_normal_anchors - INFO - Batch:[36] Adversarial images for this batch already exist
2026-02-02 12:43:08,261 - ADV_Generation_eps_4.0_steps_10_image_only_attack_prm_Added_Noise_uniform_Eps_32.0_Tau_Type_normal_anchors - INFO - Batch 37/1692: Clean accuracy 0.0000 | Adv accuracy: 0.0000 | Counter-attack accuracy: 0.0000
2026-02-02 12:43:08,261 - ADV_Generation_eps_4.0_steps_10_image_only_attack_prm_Added_Noise_uniform_Eps_32.0_Tau_Type_normal_anchors - INFO - Batch:[37] Adversarial images for this batch already exist
2026-02-02 12:43:08,519 - ADV_Generation_eps_4.0_steps_10_image_only_attack_prm_Added_Noise_uniform_Eps_32.0_Tau_Type_normal_anchors - INFO - Batch 38/1692: Clean accuracy 0.0000 | Adv accuracy: 0.0000 | Counter-attack accuracy: 0.0000
2026-02-02 12:43:08,519 - ADV_Generation_eps_4.0_steps_10_image_only_attack_prm_Added_Noise_uniform_Eps_32.0_Tau_Type_normal_anchors - INFO - Batch:[38] Adversarial images for this batch already exist
2026-02-02 12:43:08,777 - ADV_Generation_eps_4.0_steps_10_image_only_attack_prm_Added_Noise_uniform_Eps_32.0_Tau_Type_normal_anchors - INFO - Batch 39/1692: Clean accuracy 0.0000 | Adv accuracy: 0.0000 | Counter-attack accuracy: 0.0000
2026-02-02 12:43:08,778 - ADV_Generation_eps_4.0_steps_10_image_only_attack_prm_Added_Noise_uniform_Eps_32.0_Tau_Type_normal_anchors - INFO - Batch:[39] Adversarial images for this batch already exist
2026-02-02 12:43:09,033 - ADV_Generation_eps_4.0_steps_10_image_only_attack_prm_Added_Noise_uniform_Eps_32.0_Tau_Type_normal_anchors - INFO - Batch 40/1692: Clean accuracy 0.0250 | Adv accuracy: 0.0250 | Counter-attack accuracy: 0.0250
2026-02-02 12:43:09,033 - ADV_Generation_eps_4.0_steps_10_image_only_attack_prm_Added_Noise_uniform_Eps_32.0_Tau_Type_normal_anchors - INFO - Batch:[40] Adversarial images for this batch already exist
2026-02-02 12:43:09,291 - ADV_Generation_eps_4.0_steps_10_image_only_attack_prm_Added_Noise_uniform_Eps_32.0_Tau_Type_normal_anchors - INFO - Batch 41/1692: Clean accuracy 0.0488 | Adv accuracy: 0.0488 | Counter-attack accuracy: 0.0488
2026-02-02 12:43:09,291 - ADV_Generation_eps_4.0_steps_10_image_only_attack_prm_Added_Noise_uniform_Eps_32.0_Tau_Type_normal_anchors - INFO - Batch:[41] Adversarial images for this batch already exist
2026-02-02 12:43:09,549 - ADV_Generation_eps_4.0_steps_10_image_only_attack_prm_Added_Noise_uniform_Eps_32.0_Tau_Type_normal_anchors - INFO - Batch 42/1692: Clean accuracy 0.0476 | Adv accuracy: 0.0476 | Counter-attack accuracy: 0.0476
2026-02-02 12:43:09,550 - ADV_Generation_eps_4.0_steps_10_image_only_attack_prm_Added_Noise_uniform_Eps_32.0_Tau_Type_normal_anchors - INFO - Batch:[42] Adversarial images for this batch already exist
2026-02-02 12:43:09,808 - ADV_Generation_eps_4.0_steps_10_image_only_attack_prm_Added_Noise_uniform_Eps_32.0_Tau_Type_normal_anchors - INFO - Batch 43/1692: Clean accuracy 0.0465 | Adv accuracy: 0.0465 | Counter-attack accuracy: 0.0465
2026-02-02 12:43:09,808 - ADV_Generation_eps_4.0_steps_10_image_only_attack_prm_Added_Noise_uniform_Eps_32.0_Tau_Type_normal_anchors - INFO - Batch:[43] Adversarial images for this batch already exist
2026-02-02 12:43:10,066 - ADV_Generation_eps_4.0_steps_10_image_only_attack_prm_Added_Noise_uniform_Eps_32.0_Tau_Type_normal_anchors - INFO - Batch 44/1692: Clean accuracy 0.0455 | Adv accuracy: 0.0455 | Counter-attack accuracy: 0.0455
2026-02-02 12:43:10,067 - ADV_Generation_eps_4.0_steps_10_image_only_attack_prm_Added_Noise_uniform_Eps_32.0_Tau_Type_normal_anchors - INFO - Batch:[44] Adversarial images for this batch already exist
2026-02-02 12:43:10,329 - ADV_Generation_eps_4.0_steps_10_image_only_attack_prm_Added_Noise_uniform_Eps_32.0_Tau_Type_normal_anchors - INFO - Batch 45/1692: Clean accuracy 0.0444 | Adv accuracy: 0.0444 | Counter-attack accuracy: 0.0444
2026-02-02 12:43:10,329 - ADV_Generation_eps_4.0_steps_10_image_only_attack_prm_Added_Noise_uniform_Eps_32.0_Tau_Type_normal_anchors - INFO - Batch:[45] Adversarial images for this batch already exist
2026-02-02 12:43:10,587 - ADV_Generation_eps_4.0_steps_10_image_only_attack_prm_Added_Noise_uniform_Eps_32.0_Tau_Type_normal_anchors - INFO - Batch 46/1692: Clean accuracy 0.0652 | Adv accuracy: 0.0652 | Counter-attack accuracy: 0.0435
2026-02-02 12:43:10,587 - ADV_Generation_eps_4.0_steps_10_image_only_attack_prm_Added_Noise_uniform_Eps_32.0_Tau_Type_normal_anchors - INFO - Batch:[46] Adversarial images for this batch already exist
2026-02-02 12:43:10,845 - ADV_Generation_eps_4.0_steps_10_image_only_attack_prm_Added_Noise_uniform_Eps_32.0_Tau_Type_normal_anchors - INFO - Batch 47/1692: Clean accuracy 0.0638 | Adv accuracy: 0.0638 | Counter-attack accuracy: 0.0426
2026-02-02 12:43:10,846 - ADV_Generation_eps_4.0_steps_10_image_only_attack_prm_Added_Noise_uniform_Eps_32.0_Tau_Type_normal_anchors - INFO - Batch:[47] Adversarial images for this batch already exist
2026-02-02 12:43:11,104 - ADV_Generation_eps_4.0_steps_10_image_only_attack_prm_Added_Noise_uniform_Eps_32.0_Tau_Type_normal_anchors - INFO - Batch 48/1692: Clean accuracy 0.0625 | Adv accuracy: 0.0625 | Counter-attack accuracy: 0.0417
2026-02-02 12:43:11,104 - ADV_Generation_eps_4.0_steps_10_image_only_attack_prm_Added_Noise_uniform_Eps_32.0_Tau_Type_normal_anchors - INFO - Batch:[48] Adversarial images for this batch already exist
2026-02-02 12:43:11,362 - ADV_Generation_eps_4.0_steps_10_image_only_attack_prm_Added_Noise_uniform_Eps_32.0_Tau_Type_normal_anchors - INFO - Batch 49/1692: Clean accuracy 0.0612 | Adv accuracy: 0.0612 | Counter-attack accuracy: 0.0408
2026-02-02 12:43:11,362 - ADV_Generation_eps_4.0_steps_10_image_only_attack_prm_Added_Noise_uniform_Eps_32.0_Tau_Type_normal_anchors - INFO - Batch:[49] Adversarial images for this batch already exist
2026-02-02 12:43:11,620 - ADV_Generation_eps_4.0_steps_10_image_only_attack_prm_Added_Noise_uniform_Eps_32.0_Tau_Type_normal_anchors - INFO - Batch 50/1692: Clean accuracy 0.0600 | Adv accuracy: 0.0600 | Counter-attack accuracy: 0.0400
2026-02-02 12:43:11,621 - ADV_Generation_eps_4.0_steps_10_image_only_attack_prm_Added_Noise_uniform_Eps_32.0_Tau_Type_normal_anchors - INFO - Batch:[50] Adversarial images for this batch already exist
2026-02-02 12:43:11,879 - ADV_Generation_eps_4.0_steps_10_image_only_attack_prm_Added_Noise_uniform_Eps_32.0_Tau_Type_normal_anchors - INFO - Batch 51/1692: Clean accuracy 0.0588 | Adv accuracy: 0.0588 | Counter-attack accuracy: 0.0392
2026-02-02 12:43:11,879 - ADV_Generation_eps_4.0_steps_10_image_only_attack_prm_Added_Noise_uniform_Eps_32.0_Tau_Type_normal_anchors - INFO - Batch:[51] Adversarial images for this batch already exist
2026-02-02 12:43:12,137 - ADV_Generation_eps_4.0_steps_10_image_only_attack_prm_Added_Noise_uniform_Eps_32.0_Tau_Type_normal_anchors - INFO - Batch 52/1692: Clean accuracy 0.0577 | Adv accuracy: 0.0577 | Counter-attack accuracy: 0.0385
2026-02-02 12:43:12,138 - ADV_Generation_eps_4.0_steps_10_image_only_attack_prm_Added_Noise_uniform_Eps_32.0_Tau_Type_normal_anchors - INFO - Batch:[52] Adversarial images for this batch already exist
2026-02-02 12:43:12,395 - ADV_Generation_eps_4.0_steps_10_image_only_attack_prm_Added_Noise_uniform_Eps_32.0_Tau_Type_normal_anchors - INFO - Batch 53/1692: Clean accuracy 0.0566 | Adv accuracy: 0.0566 | Counter-attack accuracy: 0.0377
2026-02-02 12:43:12,396 - ADV_Generation_eps_4.0_steps_10_image_only_attack_prm_Added_Noise_uniform_Eps_32.0_Tau_Type_normal_anchors - INFO - Batch:[53] Adversarial images for this batch already exist
2026-02-02 12:43:12,654 - ADV_Generation_eps_4.0_steps_10_image_only_attack_prm_Added_Noise_uniform_Eps_32.0_Tau_Type_normal_anchors - INFO - Batch 54/1692: Clean accuracy 0.0556 | Adv accuracy: 0.0741 | Counter-attack accuracy: 0.0556
2026-02-02 12:43:12,654 - ADV_Generation_eps_4.0_steps_10_image_only_attack_prm_Added_Noise_uniform_Eps_32.0_Tau_Type_normal_anchors - INFO - Batch:[54] Adversarial images for this batch already exist
2026-02-02 12:43:12,913 - ADV_Generation_eps_4.0_steps_10_image_only_attack_prm_Added_Noise_uniform_Eps_32.0_Tau_Type_normal_anchors - INFO - Batch 55/1692: Clean accuracy 0.0545 | Adv accuracy: 0.0727 | Counter-attack accuracy: 0.0545
2026-02-02 12:43:12,913 - ADV_Generation_eps_4.0_steps_10_image_only_attack_prm_Added_Noise_uniform_Eps_32.0_Tau_Type_normal_anchors - INFO - Batch:[55] Adversarial images for this batch already exist
2026-02-02 12:43:13,171 - ADV_Generation_eps_4.0_steps_10_image_only_attack_prm_Added_Noise_uniform_Eps_32.0_Tau_Type_normal_anchors - INFO - Batch 56/1692: Clean accuracy 0.0536 | Adv accuracy: 0.0714 | Counter-attack accuracy: 0.0536
2026-02-02 12:43:13,171 - ADV_Generation_eps_4.0_steps_10_image_only_attack_prm_Added_Noise_uniform_Eps_32.0_Tau_Type_normal_anchors - INFO - Batch:[56] Adversarial images for this batch already exist
2026-02-02 12:43:13,429 - ADV_Generation_eps_4.0_steps_10_image_only_attack_prm_Added_Noise_uniform_Eps_32.0_Tau_Type_normal_anchors - INFO - Batch 57/1692: Clean accuracy 0.0526 | Adv accuracy: 0.0702 | Counter-attack accuracy: 0.0526
2026-02-02 12:43:13,430 - ADV_Generation_eps_4.0_steps_10_image_only_attack_prm_Added_Noise_uniform_Eps_32.0_Tau_Type_normal_anchors - INFO - Batch:[57] Adversarial images for this batch already exist
2026-02-02 12:43:13,688 - ADV_Generation_eps_4.0_steps_10_image_only_attack_prm_Added_Noise_uniform_Eps_32.0_Tau_Type_normal_anchors - INFO - Batch 58/1692: Clean accuracy 0.0517 | Adv accuracy: 0.0690 | Counter-attack accuracy: 0.0517
2026-02-02 12:43:13,688 - ADV_Generation_eps_4.0_steps_10_image_only_attack_prm_Added_Noise_uniform_Eps_32.0_Tau_Type_normal_anchors - INFO - Batch:[58] Adversarial images for this batch already exist
2026-02-02 12:43:13,946 - ADV_Generation_eps_4.0_steps_10_image_only_attack_prm_Added_Noise_uniform_Eps_32.0_Tau_Type_normal_anchors - INFO - Batch 59/1692: Clean accuracy 0.0678 | Adv accuracy: 0.0847 | Counter-attack accuracy: 0.0678
2026-02-02 12:43:13,946 - ADV_Generation_eps_4.0_steps_10_image_only_attack_prm_Added_Noise_uniform_Eps_32.0_Tau_Type_normal_anchors - INFO - Batch:[59] Adversarial images for this batch already exist
2026-02-02 12:43:14,205 - ADV_Generation_eps_4.0_steps_10_image_only_attack_prm_Added_Noise_uniform_Eps_32.0_Tau_Type_normal_anchors - INFO - Batch 60/1692: Clean accuracy 0.0667 | Adv accuracy: 0.1000 | Counter-attack accuracy: 0.0667
2026-02-02 12:43:14,205 - ADV_Generation_eps_4.0_steps_10_image_only_attack_prm_Added_Noise_uniform_Eps_32.0_Tau_Type_normal_anchors - INFO - Batch:[60] Adversarial images for this batch already exist
2026-02-02 12:43:14,463 - ADV_Generation_eps_4.0_steps_10_image_only_attack_prm_Added_Noise_uniform_Eps_32.0_Tau_Type_normal_anchors - INFO - Batch 61/1692: Clean accuracy 0.0656 | Adv accuracy: 0.0984 | Counter-attack accuracy: 0.0656
2026-02-02 12:43:14,464 - ADV_Generation_eps_4.0_steps_10_image_only_attack_prm_Added_Noise_uniform_Eps_32.0_Tau_Type_normal_anchors - INFO - Batch:[61] Adversarial images for this batch already exist
2026-02-02 12:43:14,722 - ADV_Generation_eps_4.0_steps_10_image_only_attack_prm_Added_Noise_uniform_Eps_32.0_Tau_Type_normal_anchors - INFO - Batch 62/1692: Clean accuracy 0.0645 | Adv accuracy: 0.0968 | Counter-attack accuracy: 0.0645
2026-02-02 12:43:14,722 - ADV_Generation_eps_4.0_steps_10_image_only_attack_prm_Added_Noise_uniform_Eps_32.0_Tau_Type_normal_anchors - INFO - Batch:[62] Adversarial images for this batch already exist
2026-02-02 12:43:14,977 - ADV_Generation_eps_4.0_steps_10_image_only_attack_prm_Added_Noise_uniform_Eps_32.0_Tau_Type_normal_anchors - INFO - Batch 63/1692: Clean accuracy 0.0635 | Adv accuracy: 0.0952 | Counter-attack accuracy: 0.0635
2026-02-02 12:43:14,978 - ADV_Generation_eps_4.0_steps_10_image_only_attack_prm_Added_Noise_uniform_Eps_32.0_Tau_Type_normal_anchors - INFO - Batch:[63] Adversarial images for this batch already exist
2026-02-02 12:43:15,236 - ADV_Generation_eps_4.0_steps_10_image_only_attack_prm_Added_Noise_uniform_Eps_32.0_Tau_Type_normal_anchors - INFO - Batch 64/1692: Clean accuracy 0.0625 | Adv accuracy: 0.0938 | Counter-attack accuracy: 0.0625
2026-02-02 12:43:15,236 - ADV_Generation_eps_4.0_steps_10_image_only_attack_prm_Added_Noise_uniform_Eps_32.0_Tau_Type_normal_anchors - INFO - Batch:[64] Adversarial images for this batch already exist
2026-02-02 12:43:15,494 - ADV_Generation_eps_4.0_steps_10_image_only_attack_prm_Added_Noise_uniform_Eps_32.0_Tau_Type_normal_anchors - INFO - Batch 65/1692: Clean accuracy 0.0615 | Adv accuracy: 0.0923 | Counter-attack accuracy: 0.0615
2026-02-02 12:43:15,495 - ADV_Generation_eps_4.0_steps_10_image_only_attack_prm_Added_Noise_uniform_Eps_32.0_Tau_Type_normal_anchors - INFO - Batch:[65] Adversarial images for this batch already exist
2026-02-02 12:43:15,753 - ADV_Generation_eps_4.0_steps_10_image_only_attack_prm_Added_Noise_uniform_Eps_32.0_Tau_Type_normal_anchors - INFO - Batch 66/1692: Clean accuracy 0.0606 | Adv accuracy: 0.0909 | Counter-attack accuracy: 0.0606
2026-02-02 12:43:15,753 - ADV_Generation_eps_4.0_steps_10_image_only_attack_prm_Added_Noise_uniform_Eps_32.0_Tau_Type_normal_anchors - INFO - Batch:[66] Adversarial images for this batch already exist
2026-02-02 12:43:16,011 - ADV_Generation_eps_4.0_steps_10_image_only_attack_prm_Added_Noise_uniform_Eps_32.0_Tau_Type_normal_anchors - INFO - Batch 67/1692: Clean accuracy 0.0597 | Adv accuracy: 0.0896 | Counter-attack accuracy: 0.0597
2026-02-02 12:43:16,012 - ADV_Generation_eps_4.0_steps_10_image_only_attack_prm_Added_Noise_uniform_Eps_32.0_Tau_Type_normal_anchors - INFO - Batch:[67] Adversarial images for this batch already exist
2026-02-02 12:43:16,270 - ADV_Generation_eps_4.0_steps_10_image_only_attack_prm_Added_Noise_uniform_Eps_32.0_Tau_Type_normal_anchors - INFO - Batch 68/1692: Clean accuracy 0.0588 | Adv accuracy: 0.0882 | Counter-attack accuracy: 0.0588
2026-02-02 12:43:16,270 - ADV_Generation_eps_4.0_steps_10_image_only_attack_prm_Added_Noise_uniform_Eps_32.0_Tau_Type_normal_anchors - INFO - Batch:[68] Adversarial images for this batch already exist
2026-02-02 12:43:16,528 - ADV_Generation_eps_4.0_steps_10_image_only_attack_prm_Added_Noise_uniform_Eps_32.0_Tau_Type_normal_anchors - INFO - Batch 69/1692: Clean accuracy 0.0580 | Adv accuracy: 0.0870 | Counter-attack accuracy: 0.0580
2026-02-02 12:43:16,529 - ADV_Generation_eps_4.0_steps_10_image_only_attack_prm_Added_Noise_uniform_Eps_32.0_Tau_Type_normal_anchors - INFO - Batch:[69] Adversarial images for this batch already exist
2026-02-02 12:43:16,787 - ADV_Generation_eps_4.0_steps_10_image_only_attack_prm_Added_Noise_uniform_Eps_32.0_Tau_Type_normal_anchors - INFO - Batch 70/1692: Clean accuracy 0.0571 | Adv accuracy: 0.0857 | Counter-attack accuracy: 0.0571
2026-02-02 12:43:16,787 - ADV_Generation_eps_4.0_steps_10_image_only_attack_prm_Added_Noise_uniform_Eps_32.0_Tau_Type_normal_anchors - INFO - Batch:[70] Adversarial images for this batch already exist
2026-02-02 12:43:17,045 - ADV_Generation_eps_4.0_steps_10_image_only_attack_prm_Added_Noise_uniform_Eps_32.0_Tau_Type_normal_anchors - INFO - Batch 71/1692: Clean accuracy 0.0563 | Adv accuracy: 0.0845 | Counter-attack accuracy: 0.0563
2026-02-02 12:43:17,045 - ADV_Generation_eps_4.0_steps_10_image_only_attack_prm_Added_Noise_uniform_Eps_32.0_Tau_Type_normal_anchors - INFO - Batch:[71] Adversarial images for this batch already exist
2026-02-02 12:43:17,304 - ADV_Generation_eps_4.0_steps_10_image_only_attack_prm_Added_Noise_uniform_Eps_32.0_Tau_Type_normal_anchors - INFO - Batch 72/1692: Clean accuracy 0.0556 | Adv accuracy: 0.0833 | Counter-attack accuracy: 0.0556
2026-02-02 12:43:17,304 - ADV_Generation_eps_4.0_steps_10_image_only_attack_prm_Added_Noise_uniform_Eps_32.0_Tau_Type_normal_anchors - INFO - Batch:[72] Adversarial images for this batch already exist
2026-02-02 12:43:17,562 - ADV_Generation_eps_4.0_steps_10_image_only_attack_prm_Added_Noise_uniform_Eps_32.0_Tau_Type_normal_anchors - INFO - Batch 73/1692: Clean accuracy 0.0685 | Adv accuracy: 0.0959 | Counter-attack accuracy: 0.0685
2026-02-02 12:43:17,563 - ADV_Generation_eps_4.0_steps_10_image_only_attack_prm_Added_Noise_uniform_Eps_32.0_Tau_Type_normal_anchors - INFO - Batch:[73] Adversarial images for this batch already exist
2026-02-02 12:43:17,825 - ADV_Generation_eps_4.0_steps_10_image_only_attack_prm_Added_Noise_uniform_Eps_32.0_Tau_Type_normal_anchors - INFO - Batch 74/1692: Clean accuracy 0.0676 | Adv accuracy: 0.0946 | Counter-attack accuracy: 0.0676
2026-02-02 12:43:17,825 - ADV_Generation_eps_4.0_steps_10_image_only_attack_prm_Added_Noise_uniform_Eps_32.0_Tau_Type_normal_anchors - INFO - Batch:[74] Adversarial images for this batch already exist
2026-02-02 12:43:18,083 - ADV_Generation_eps_4.0_steps_10_image_only_attack_prm_Added_Noise_uniform_Eps_32.0_Tau_Type_normal_anchors - INFO - Batch 75/1692: Clean accuracy 0.0800 | Adv accuracy: 0.1067 | Counter-attack accuracy: 0.0800
2026-02-02 12:43:18,083 - ADV_Generation_eps_4.0_steps_10_image_only_attack_prm_Added_Noise_uniform_Eps_32.0_Tau_Type_normal_anchors - INFO - Batch:[75] Adversarial images for this batch already exist
2026-02-02 12:43:18,342 - ADV_Generation_eps_4.0_steps_10_image_only_attack_prm_Added_Noise_uniform_Eps_32.0_Tau_Type_normal_anchors - INFO - Batch 76/1692: Clean accuracy 0.0921 | Adv accuracy: 0.1184 | Counter-attack accuracy: 0.0921
2026-02-02 12:43:18,342 - ADV_Generation_eps_4.0_steps_10_image_only_attack_prm_Added_Noise_uniform_Eps_32.0_Tau_Type_normal_anchors - INFO - Batch:[76] Adversarial images for this batch already exist
2026-02-02 12:43:18,600 - ADV_Generation_eps_4.0_steps_10_image_only_attack_prm_Added_Noise_uniform_Eps_32.0_Tau_Type_normal_anchors - INFO - Batch 77/1692: Clean accuracy 0.1039 | Adv accuracy: 0.1299 | Counter-attack accuracy: 0.1039
2026-02-02 12:43:18,600 - ADV_Generation_eps_4.0_steps_10_image_only_attack_prm_Added_Noise_uniform_Eps_32.0_Tau_Type_normal_anchors - INFO - Batch:[77] Adversarial images for this batch already exist
2026-02-02 12:43:18,858 - ADV_Generation_eps_4.0_steps_10_image_only_attack_prm_Added_Noise_uniform_Eps_32.0_Tau_Type_normal_anchors - INFO - Batch 78/1692: Clean accuracy 0.1154 | Adv accuracy: 0.1410 | Counter-attack accuracy: 0.1154
2026-02-02 12:43:18,859 - ADV_Generation_eps_4.0_steps_10_image_only_attack_prm_Added_Noise_uniform_Eps_32.0_Tau_Type_normal_anchors - INFO - Batch:[78] Adversarial images for this batch already exist
2026-02-02 12:43:19,114 - ADV_Generation_eps_4.0_steps_10_image_only_attack_prm_Added_Noise_uniform_Eps_32.0_Tau_Type_normal_anchors - INFO - Batch 79/1692: Clean accuracy 0.1266 | Adv accuracy: 0.1519 | Counter-attack accuracy: 0.1266
2026-02-02 12:43:19,114 - ADV_Generation_eps_4.0_steps_10_image_only_attack_prm_Added_Noise_uniform_Eps_32.0_Tau_Type_normal_anchors - INFO - Batch:[79] Adversarial images for this batch already exist
2026-02-02 12:43:19,372 - ADV_Generation_eps_4.0_steps_10_image_only_attack_prm_Added_Noise_uniform_Eps_32.0_Tau_Type_normal_anchors - INFO - Batch 80/1692: Clean accuracy 0.1375 | Adv accuracy: 0.1625 | Counter-attack accuracy: 0.1375
2026-02-02 12:43:19,372 - ADV_Generation_eps_4.0_steps_10_image_only_attack_prm_Added_Noise_uniform_Eps_32.0_Tau_Type_normal_anchors - INFO - Batch:[80] Adversarial images for this batch already exist
2026-02-02 12:43:19,630 - ADV_Generation_eps_4.0_steps_10_image_only_attack_prm_Added_Noise_uniform_Eps_32.0_Tau_Type_normal_anchors - INFO - Batch 81/1692: Clean accuracy 0.1481 | Adv accuracy: 0.1728 | Counter-attack accuracy: 0.1481
2026-02-02 12:43:19,631 - ADV_Generation_eps_4.0_steps_10_image_only_attack_prm_Added_Noise_uniform_Eps_32.0_Tau_Type_normal_anchors - INFO - Batch:[81] Adversarial images for this batch already exist
2026-02-02 12:43:19,889 - ADV_Generation_eps_4.0_steps_10_image_only_attack_prm_Added_Noise_uniform_Eps_32.0_Tau_Type_normal_anchors - INFO - Batch 82/1692: Clean accuracy 0.1585 | Adv accuracy: 0.1829 | Counter-attack accuracy: 0.1585
2026-02-02 12:43:19,889 - ADV_Generation_eps_4.0_steps_10_image_only_attack_prm_Added_Noise_uniform_Eps_32.0_Tau_Type_normal_anchors - INFO - Batch:[82] Adversarial images for this batch already exist
2026-02-02 12:43:20,147 - ADV_Generation_eps_4.0_steps_10_image_only_attack_prm_Added_Noise_uniform_Eps_32.0_Tau_Type_normal_anchors - INFO - Batch 83/1692: Clean accuracy 0.1566 | Adv accuracy: 0.1807 | Counter-attack accuracy: 0.1566
2026-02-02 12:43:20,147 - ADV_Generation_eps_4.0_steps_10_image_only_attack_prm_Added_Noise_uniform_Eps_32.0_Tau_Type_normal_anchors - INFO - Batch:[83] Adversarial images for this batch already exist
2026-02-02 12:43:20,405 - ADV_Generation_eps_4.0_steps_10_image_only_attack_prm_Added_Noise_uniform_Eps_32.0_Tau_Type_normal_anchors - INFO - Batch 84/1692: Clean accuracy 0.1667 | Adv accuracy: 0.1905 | Counter-attack accuracy: 0.1667
2026-02-02 12:43:20,406 - ADV_Generation_eps_4.0_steps_10_image_only_attack_prm_Added_Noise_uniform_Eps_32.0_Tau_Type_normal_anchors - INFO - Batch:[84] Adversarial images for this batch already exist
2026-02-02 12:43:20,664 - ADV_Generation_eps_4.0_steps_10_image_only_attack_prm_Added_Noise_uniform_Eps_32.0_Tau_Type_normal_anchors - INFO - Batch 85/1692: Clean accuracy 0.1765 | Adv accuracy: 0.2000 | Counter-attack accuracy: 0.1765
2026-02-02 12:43:20,665 - ADV_Generation_eps_4.0_steps_10_image_only_attack_prm_Added_Noise_uniform_Eps_32.0_Tau_Type_normal_anchors - INFO - Batch:[85] Adversarial images for this batch already exist
2026-02-02 12:43:20,923 - ADV_Generation_eps_4.0_steps_10_image_only_attack_prm_Added_Noise_uniform_Eps_32.0_Tau_Type_normal_anchors - INFO - Batch 86/1692: Clean accuracy 0.1744 | Adv accuracy: 0.1977 | Counter-attack accuracy: 0.1744
2026-02-02 12:43:20,923 - ADV_Generation_eps_4.0_steps_10_image_only_attack_prm_Added_Noise_uniform_Eps_32.0_Tau_Type_normal_anchors - INFO - Batch:[86] Adversarial images for this batch already exist
2026-02-02 12:43:21,181 - ADV_Generation_eps_4.0_steps_10_image_only_attack_prm_Added_Noise_uniform_Eps_32.0_Tau_Type_normal_anchors - INFO - Batch 87/1692: Clean accuracy 0.1724 | Adv accuracy: 0.1954 | Counter-attack accuracy: 0.1724
2026-02-02 12:43:21,182 - ADV_Generation_eps_4.0_steps_10_image_only_attack_prm_Added_Noise_uniform_Eps_32.0_Tau_Type_normal_anchors - INFO - Batch:[87] Adversarial images for this batch already exist
2026-02-02 12:43:21,443 - ADV_Generation_eps_4.0_steps_10_image_only_attack_prm_Added_Noise_uniform_Eps_32.0_Tau_Type_normal_anchors - INFO - Batch 88/1692: Clean accuracy 0.1818 | Adv accuracy: 0.2045 | Counter-attack accuracy: 0.1818
2026-02-02 12:43:21,443 - ADV_Generation_eps_4.0_steps_10_image_only_attack_prm_Added_Noise_uniform_Eps_32.0_Tau_Type_normal_anchors - INFO - Batch:[88] Adversarial images for this batch already exist
2026-02-02 12:43:21,701 - ADV_Generation_eps_4.0_steps_10_image_only_attack_prm_Added_Noise_uniform_Eps_32.0_Tau_Type_normal_anchors - INFO - Batch 89/1692: Clean accuracy 0.1798 | Adv accuracy: 0.2022 | Counter-attack accuracy: 0.1798
2026-02-02 12:43:21,702 - ADV_Generation_eps_4.0_steps_10_image_only_attack_prm_Added_Noise_uniform_Eps_32.0_Tau_Type_normal_anchors - INFO - Batch:[89] Adversarial images for this batch already exist
2026-02-02 12:43:21,960 - ADV_Generation_eps_4.0_steps_10_image_only_attack_prm_Added_Noise_uniform_Eps_32.0_Tau_Type_normal_anchors - INFO - Batch 90/1692: Clean accuracy 0.1778 | Adv accuracy: 0.2000 | Counter-attack accuracy: 0.1778
2026-02-02 12:43:21,960 - ADV_Generation_eps_4.0_steps_10_image_only_attack_prm_Added_Noise_uniform_Eps_32.0_Tau_Type_normal_anchors - INFO - Batch:[90] Adversarial images for this batch already exist
2026-02-02 12:43:22,218 - ADV_Generation_eps_4.0_steps_10_image_only_attack_prm_Added_Noise_uniform_Eps_32.0_Tau_Type_normal_anchors - INFO - Batch 91/1692: Clean accuracy 0.1868 | Adv accuracy: 0.2088 | Counter-attack accuracy: 0.1868
2026-02-02 12:43:22,219 - ADV_Generation_eps_4.0_steps_10_image_only_attack_prm_Added_Noise_uniform_Eps_32.0_Tau_Type_normal_anchors - INFO - Batch:[91] Adversarial images for this batch already exist
2026-02-02 12:43:22,477 - ADV_Generation_eps_4.0_steps_10_image_only_attack_prm_Added_Noise_uniform_Eps_32.0_Tau_Type_normal_anchors - INFO - Batch 92/1692: Clean accuracy 0.1957 | Adv accuracy: 0.2174 | Counter-attack accuracy: 0.1957
2026-02-02 12:43:22,477 - ADV_Generation_eps_4.0_steps_10_image_only_attack_prm_Added_Noise_uniform_Eps_32.0_Tau_Type_normal_anchors - INFO - Batch:[92] Adversarial images for this batch already exist
2026-02-02 12:43:22,735 - ADV_Generation_eps_4.0_steps_10_image_only_attack_prm_Added_Noise_uniform_Eps_32.0_Tau_Type_normal_anchors - INFO - Batch 93/1692: Clean accuracy 0.2043 | Adv accuracy: 0.2258 | Counter-attack accuracy: 0.2043
2026-02-02 12:43:22,735 - ADV_Generation_eps_4.0_steps_10_image_only_attack_prm_Added_Noise_uniform_Eps_32.0_Tau_Type_normal_anchors - INFO - Batch:[93] Adversarial images for this batch already exist
2026-02-02 12:43:22,994 - ADV_Generation_eps_4.0_steps_10_image_only_attack_prm_Added_Noise_uniform_Eps_32.0_Tau_Type_normal_anchors - INFO - Batch 94/1692: Clean accuracy 0.2021 | Adv accuracy: 0.2234 | Counter-attack accuracy: 0.2021
2026-02-02 12:43:22,994 - ADV_Generation_eps_4.0_steps_10_image_only_attack_prm_Added_Noise_uniform_Eps_32.0_Tau_Type_normal_anchors - INFO - Batch:[94] Adversarial images for this batch already exist
2026-02-02 12:43:23,252 - ADV_Generation_eps_4.0_steps_10_image_only_attack_prm_Added_Noise_uniform_Eps_32.0_Tau_Type_normal_anchors - INFO - Batch 95/1692: Clean accuracy 0.2000 | Adv accuracy: 0.2211 | Counter-attack accuracy: 0.2000
2026-02-02 12:43:23,252 - ADV_Generation_eps_4.0_steps_10_image_only_attack_prm_Added_Noise_uniform_Eps_32.0_Tau_Type_normal_anchors - INFO - Batch:[95] Adversarial images for this batch already exist
2026-02-02 12:43:23,515 - ADV_Generation_eps_4.0_steps_10_image_only_attack_prm_Added_Noise_uniform_Eps_32.0_Tau_Type_normal_anchors - INFO - Batch 96/1692: Clean accuracy 0.1979 | Adv accuracy: 0.2188 | Counter-attack accuracy: 0.1979
2026-02-02 12:43:23,515 - ADV_Generation_eps_4.0_steps_10_image_only_attack_prm_Added_Noise_uniform_Eps_32.0_Tau_Type_normal_anchors - INFO - Batch:[96] Adversarial images for this batch already exist
2026-02-02 12:43:23,773 - ADV_Generation_eps_4.0_steps_10_image_only_attack_prm_Added_Noise_uniform_Eps_32.0_Tau_Type_normal_anchors - INFO - Batch 97/1692: Clean accuracy 0.1959 | Adv accuracy: 0.2165 | Counter-attack accuracy: 0.1959
2026-02-02 12:43:23,773 - ADV_Generation_eps_4.0_steps_10_image_only_attack_prm_Added_Noise_uniform_Eps_32.0_Tau_Type_normal_anchors - INFO - Batch:[97] Adversarial images for this batch already exist
2026-02-02 12:43:24,031 - ADV_Generation_eps_4.0_steps_10_image_only_attack_prm_Added_Noise_uniform_Eps_32.0_Tau_Type_normal_anchors - INFO - Batch 98/1692: Clean accuracy 0.1939 | Adv accuracy: 0.2143 | Counter-attack accuracy: 0.1939
2026-02-02 12:43:24,032 - ADV_Generation_eps_4.0_steps_10_image_only_attack_prm_Added_Noise_uniform_Eps_32.0_Tau_Type_normal_anchors - INFO - Batch:[98] Adversarial images for this batch already exist
2026-02-02 12:43:24,290 - ADV_Generation_eps_4.0_steps_10_image_only_attack_prm_Added_Noise_uniform_Eps_32.0_Tau_Type_normal_anchors - INFO - Batch 99/1692: Clean accuracy 0.2020 | Adv accuracy: 0.2222 | Counter-attack accuracy: 0.1919
2026-02-02 12:43:24,290 - ADV_Generation_eps_4.0_steps_10_image_only_attack_prm_Added_Noise_uniform_Eps_32.0_Tau_Type_normal_anchors - INFO - Batch:[99] Adversarial images for this batch already exist
2026-02-02 12:43:24,549 - ADV_Generation_eps_4.0_steps_10_image_only_attack_prm_Added_Noise_uniform_Eps_32.0_Tau_Type_normal_anchors - INFO - Batch 100/1692: Clean accuracy 0.2100 | Adv accuracy: 0.2300 | Counter-attack accuracy: 0.2000
2026-02-02 12:43:24,549 - ADV_Generation_eps_4.0_steps_10_image_only_attack_prm_Added_Noise_uniform_Eps_32.0_Tau_Type_normal_anchors - INFO - Batch:[100] Adversarial images for this batch already exist
2026-02-02 12:43:24,804 - ADV_Generation_eps_4.0_steps_10_image_only_attack_prm_Added_Noise_uniform_Eps_32.0_Tau_Type_normal_anchors - INFO - Batch 101/1692: Clean accuracy 0.2178 | Adv accuracy: 0.2376 | Counter-attack accuracy: 0.2079
2026-02-02 12:43:24,804 - ADV_Generation_eps_4.0_steps_10_image_only_attack_prm_Added_Noise_uniform_Eps_32.0_Tau_Type_normal_anchors - INFO - Batch:[101] Adversarial images for this batch already exist
2026-02-02 12:43:25,058 - ADV_Generation_eps_4.0_steps_10_image_only_attack_prm_Added_Noise_uniform_Eps_32.0_Tau_Type_normal_anchors - INFO - Batch 102/1692: Clean accuracy 0.2255 | Adv accuracy: 0.2451 | Counter-attack accuracy: 0.2157
2026-02-02 12:43:25,059 - ADV_Generation_eps_4.0_steps_10_image_only_attack_prm_Added_Noise_uniform_Eps_32.0_Tau_Type_normal_anchors - INFO - Batch:[102] Adversarial images for this batch already exist
2026-02-02 12:43:25,316 - ADV_Generation_eps_4.0_steps_10_image_only_attack_prm_Added_Noise_uniform_Eps_32.0_Tau_Type_normal_anchors - INFO - Batch 103/1692: Clean accuracy 0.2233 | Adv accuracy: 0.2427 | Counter-attack accuracy: 0.2136
2026-02-02 12:43:25,317 - ADV_Generation_eps_4.0_steps_10_image_only_attack_prm_Added_Noise_uniform_Eps_32.0_Tau_Type_normal_anchors - INFO - Batch:[103] Adversarial images for this batch already exist
2026-02-02 12:43:25,576 - ADV_Generation_eps_4.0_steps_10_image_only_attack_prm_Added_Noise_uniform_Eps_32.0_Tau_Type_normal_anchors - INFO - Batch 104/1692: Clean accuracy 0.2212 | Adv accuracy: 0.2404 | Counter-attack accuracy: 0.2115
2026-02-02 12:43:25,576 - ADV_Generation_eps_4.0_steps_10_image_only_attack_prm_Added_Noise_uniform_Eps_32.0_Tau_Type_normal_anchors - INFO - Batch:[104] Adversarial images for this batch already exist
2026-02-02 12:43:25,834 - ADV_Generation_eps_4.0_steps_10_image_only_attack_prm_Added_Noise_uniform_Eps_32.0_Tau_Type_normal_anchors - INFO - Batch 105/1692: Clean accuracy 0.2286 | Adv accuracy: 0.2476 | Counter-attack accuracy: 0.2190
2026-02-02 12:43:25,834 - ADV_Generation_eps_4.0_steps_10_image_only_attack_prm_Added_Noise_uniform_Eps_32.0_Tau_Type_normal_anchors - INFO - Batch:[105] Adversarial images for this batch already exist
2026-02-02 12:43:26,092 - ADV_Generation_eps_4.0_steps_10_image_only_attack_prm_Added_Noise_uniform_Eps_32.0_Tau_Type_normal_anchors - INFO - Batch 106/1692: Clean accuracy 0.2358 | Adv accuracy: 0.2547 | Counter-attack accuracy: 0.2264
2026-02-02 12:43:26,093 - ADV_Generation_eps_4.0_steps_10_image_only_attack_prm_Added_Noise_uniform_Eps_32.0_Tau_Type_normal_anchors - INFO - Batch:[106] Adversarial images for this batch already exist
2026-02-02 12:43:26,351 - ADV_Generation_eps_4.0_steps_10_image_only_attack_prm_Added_Noise_uniform_Eps_32.0_Tau_Type_normal_anchors - INFO - Batch 107/1692: Clean accuracy 0.2430 | Adv accuracy: 0.2617 | Counter-attack accuracy: 0.2336
2026-02-02 12:43:26,351 - ADV_Generation_eps_4.0_steps_10_image_only_attack_prm_Added_Noise_uniform_Eps_32.0_Tau_Type_normal_anchors - INFO - Batch:[107] Adversarial images for this batch already exist
2026-02-02 12:43:26,609 - ADV_Generation_eps_4.0_steps_10_image_only_attack_prm_Added_Noise_uniform_Eps_32.0_Tau_Type_normal_anchors - INFO - Batch 108/1692: Clean accuracy 0.2500 | Adv accuracy: 0.2685 | Counter-attack accuracy: 0.2407
2026-02-02 12:43:26,610 - ADV_Generation_eps_4.0_steps_10_image_only_attack_prm_Added_Noise_uniform_Eps_32.0_Tau_Type_normal_anchors - INFO - Batch:[108] Adversarial images for this batch already exist
2026-02-02 12:43:26,868 - ADV_Generation_eps_4.0_steps_10_image_only_attack_prm_Added_Noise_uniform_Eps_32.0_Tau_Type_normal_anchors - INFO - Batch 109/1692: Clean accuracy 0.2569 | Adv accuracy: 0.2752 | Counter-attack accuracy: 0.2477
2026-02-02 12:43:26,868 - ADV_Generation_eps_4.0_steps_10_image_only_attack_prm_Added_Noise_uniform_Eps_32.0_Tau_Type_normal_anchors - INFO - Batch:[109] Adversarial images for this batch already exist
2026-02-02 12:43:27,126 - ADV_Generation_eps_4.0_steps_10_image_only_attack_prm_Added_Noise_uniform_Eps_32.0_Tau_Type_normal_anchors - INFO - Batch 110/1692: Clean accuracy 0.2636 | Adv accuracy: 0.2818 | Counter-attack accuracy: 0.2545
2026-02-02 12:43:27,127 - ADV_Generation_eps_4.0_steps_10_image_only_attack_prm_Added_Noise_uniform_Eps_32.0_Tau_Type_normal_anchors - INFO - Batch:[110] Adversarial images for this batch already exist
2026-02-02 12:43:27,385 - ADV_Generation_eps_4.0_steps_10_image_only_attack_prm_Added_Noise_uniform_Eps_32.0_Tau_Type_normal_anchors - INFO - Batch 111/1692: Clean accuracy 0.2613 | Adv accuracy: 0.2793 | Counter-attack accuracy: 0.2523
2026-02-02 12:43:27,385 - ADV_Generation_eps_4.0_steps_10_image_only_attack_prm_Added_Noise_uniform_Eps_32.0_Tau_Type_normal_anchors - INFO - Batch:[111] Adversarial images for this batch already exist
2026-02-02 12:43:27,643 - ADV_Generation_eps_4.0_steps_10_image_only_attack_prm_Added_Noise_uniform_Eps_32.0_Tau_Type_normal_anchors - INFO - Batch 112/1692: Clean accuracy 0.2679 | Adv accuracy: 0.2857 | Counter-attack accuracy: 0.2589
2026-02-02 12:43:27,644 - ADV_Generation_eps_4.0_steps_10_image_only_attack_prm_Added_Noise_uniform_Eps_32.0_Tau_Type_normal_anchors - INFO - Batch:[112] Adversarial images for this batch already exist
2026-02-02 12:43:27,903 - ADV_Generation_eps_4.0_steps_10_image_only_attack_prm_Added_Noise_uniform_Eps_32.0_Tau_Type_normal_anchors - INFO - Batch 113/1692: Clean accuracy 0.2743 | Adv accuracy: 0.2920 | Counter-attack accuracy: 0.2655
2026-02-02 12:43:27,903 - ADV_Generation_eps_4.0_steps_10_image_only_attack_prm_Added_Noise_uniform_Eps_32.0_Tau_Type_normal_anchors - INFO - Batch:[113] Adversarial images for this batch already exist
2026-02-02 12:43:28,166 - ADV_Generation_eps_4.0_steps_10_image_only_attack_prm_Added_Noise_uniform_Eps_32.0_Tau_Type_normal_anchors - INFO - Batch 114/1692: Clean accuracy 0.2807 | Adv accuracy: 0.2982 | Counter-attack accuracy: 0.2719
2026-02-02 12:43:28,166 - ADV_Generation_eps_4.0_steps_10_image_only_attack_prm_Added_Noise_uniform_Eps_32.0_Tau_Type_normal_anchors - INFO - Batch:[114] Adversarial images for this batch already exist
2026-02-02 12:43:28,424 - ADV_Generation_eps_4.0_steps_10_image_only_attack_prm_Added_Noise_uniform_Eps_32.0_Tau_Type_normal_anchors - INFO - Batch 115/1692: Clean accuracy 0.2783 | Adv accuracy: 0.2957 | Counter-attack accuracy: 0.2696
2026-02-02 12:43:28,425 - ADV_Generation_eps_4.0_steps_10_image_only_attack_prm_Added_Noise_uniform_Eps_32.0_Tau_Type_normal_anchors - INFO - Batch:[115] Adversarial images for this batch already exist
2026-02-02 12:43:28,683 - ADV_Generation_eps_4.0_steps_10_image_only_attack_prm_Added_Noise_uniform_Eps_32.0_Tau_Type_normal_anchors - INFO - Batch 116/1692: Clean accuracy 0.2845 | Adv accuracy: 0.3017 | Counter-attack accuracy: 0.2672
2026-02-02 12:43:28,683 - ADV_Generation_eps_4.0_steps_10_image_only_attack_prm_Added_Noise_uniform_Eps_32.0_Tau_Type_normal_anchors - INFO - Batch:[116] Adversarial images for this batch already exist
2026-02-02 12:43:28,942 - ADV_Generation_eps_4.0_steps_10_image_only_attack_prm_Added_Noise_uniform_Eps_32.0_Tau_Type_normal_anchors - INFO - Batch 117/1692: Clean accuracy 0.2906 | Adv accuracy: 0.3077 | Counter-attack accuracy: 0.2735
2026-02-02 12:43:28,942 - ADV_Generation_eps_4.0_steps_10_image_only_attack_prm_Added_Noise_uniform_Eps_32.0_Tau_Type_normal_anchors - INFO - Batch:[117] Adversarial images for this batch already exist
2026-02-02 12:43:29,200 - ADV_Generation_eps_4.0_steps_10_image_only_attack_prm_Added_Noise_uniform_Eps_32.0_Tau_Type_normal_anchors - INFO - Batch 118/1692: Clean accuracy 0.2966 | Adv accuracy: 0.3051 | Counter-attack accuracy: 0.2712
2026-02-02 12:43:29,200 - ADV_Generation_eps_4.0_steps_10_image_only_attack_prm_Added_Noise_uniform_Eps_32.0_Tau_Type_normal_anchors - INFO - Batch:[118] Adversarial images for this batch already exist
2026-02-02 12:43:29,458 - ADV_Generation_eps_4.0_steps_10_image_only_attack_prm_Added_Noise_uniform_Eps_32.0_Tau_Type_normal_anchors - INFO - Batch 119/1692: Clean accuracy 0.3025 | Adv accuracy: 0.3109 | Counter-attack accuracy: 0.2773
2026-02-02 12:43:29,459 - ADV_Generation_eps_4.0_steps_10_image_only_attack_prm_Added_Noise_uniform_Eps_32.0_Tau_Type_normal_anchors - INFO - Batch:[119] Adversarial images for this batch already exist
2026-02-02 12:43:29,717 - ADV_Generation_eps_4.0_steps_10_image_only_attack_prm_Added_Noise_uniform_Eps_32.0_Tau_Type_normal_anchors - INFO - Batch 120/1692: Clean accuracy 0.3083 | Adv accuracy: 0.3167 | Counter-attack accuracy: 0.2833
2026-02-02 12:43:29,717 - ADV_Generation_eps_4.0_steps_10_image_only_attack_prm_Added_Noise_uniform_Eps_32.0_Tau_Type_normal_anchors - INFO - Batch:[120] Adversarial images for this batch already exist
2026-02-02 12:43:29,976 - ADV_Generation_eps_4.0_steps_10_image_only_attack_prm_Added_Noise_uniform_Eps_32.0_Tau_Type_normal_anchors - INFO - Batch 121/1692: Clean accuracy 0.3140 | Adv accuracy: 0.3223 | Counter-attack accuracy: 0.2893
2026-02-02 12:43:29,976 - ADV_Generation_eps_4.0_steps_10_image_only_attack_prm_Added_Noise_uniform_Eps_32.0_Tau_Type_normal_anchors - INFO - Batch:[121] Adversarial images for this batch already exist
2026-02-02 12:43:30,234 - ADV_Generation_eps_4.0_steps_10_image_only_attack_prm_Added_Noise_uniform_Eps_32.0_Tau_Type_normal_anchors - INFO - Batch 122/1692: Clean accuracy 0.3197 | Adv accuracy: 0.3279 | Counter-attack accuracy: 0.2869
2026-02-02 12:43:30,234 - ADV_Generation_eps_4.0_steps_10_image_only_attack_prm_Added_Noise_uniform_Eps_32.0_Tau_Type_normal_anchors - INFO - Batch:[122] Adversarial images for this batch already exist
2026-02-02 12:43:30,492 - ADV_Generation_eps_4.0_steps_10_image_only_attack_prm_Added_Noise_uniform_Eps_32.0_Tau_Type_normal_anchors - INFO - Batch 123/1692: Clean accuracy 0.3252 | Adv accuracy: 0.3333 | Counter-attack accuracy: 0.2927
2026-02-02 12:43:30,493 - ADV_Generation_eps_4.0_steps_10_image_only_attack_prm_Added_Noise_uniform_Eps_32.0_Tau_Type_normal_anchors - INFO - Batch:[123] Adversarial images for this batch already exist
2026-02-02 12:43:30,751 - ADV_Generation_eps_4.0_steps_10_image_only_attack_prm_Added_Noise_uniform_Eps_32.0_Tau_Type_normal_anchors - INFO - Batch 124/1692: Clean accuracy 0.3306 | Adv accuracy: 0.3387 | Counter-attack accuracy: 0.2903
2026-02-02 12:43:30,751 - ADV_Generation_eps_4.0_steps_10_image_only_attack_prm_Added_Noise_uniform_Eps_32.0_Tau_Type_normal_anchors - INFO - Batch:[124] Adversarial images for this batch already exist
2026-02-02 12:43:31,006 - ADV_Generation_eps_4.0_steps_10_image_only_attack_prm_Added_Noise_uniform_Eps_32.0_Tau_Type_normal_anchors - INFO - Batch 125/1692: Clean accuracy 0.3360 | Adv accuracy: 0.3440 | Counter-attack accuracy: 0.2960
2026-02-02 12:43:31,006 - ADV_Generation_eps_4.0_steps_10_image_only_attack_prm_Added_Noise_uniform_Eps_32.0_Tau_Type_normal_anchors - INFO - Batch:[125] Adversarial images for this batch already exist
2026-02-02 12:43:31,264 - ADV_Generation_eps_4.0_steps_10_image_only_attack_prm_Added_Noise_uniform_Eps_32.0_Tau_Type_normal_anchors - INFO - Batch 126/1692: Clean accuracy 0.3413 | Adv accuracy: 0.3492 | Counter-attack accuracy: 0.3016
2026-02-02 12:43:31,265 - ADV_Generation_eps_4.0_steps_10_image_only_attack_prm_Added_Noise_uniform_Eps_32.0_Tau_Type_normal_anchors - INFO - Batch:[126] Adversarial images for this batch already exist
2026-02-02 12:43:31,523 - ADV_Generation_eps_4.0_steps_10_image_only_attack_prm_Added_Noise_uniform_Eps_32.0_Tau_Type_normal_anchors - INFO - Batch 127/1692: Clean accuracy 0.3465 | Adv accuracy: 0.3543 | Counter-attack accuracy: 0.3071
2026-02-02 12:43:31,523 - ADV_Generation_eps_4.0_steps_10_image_only_attack_prm_Added_Noise_uniform_Eps_32.0_Tau_Type_normal_anchors - INFO - Batch:[127] Adversarial images for this batch already exist
2026-02-02 12:43:31,782 - ADV_Generation_eps_4.0_steps_10_image_only_attack_prm_Added_Noise_uniform_Eps_32.0_Tau_Type_normal_anchors - INFO - Batch 128/1692: Clean accuracy 0.3516 | Adv accuracy: 0.3594 | Counter-attack accuracy: 0.3125
2026-02-02 12:43:31,783 - ADV_Generation_eps_4.0_steps_10_image_only_attack_prm_Added_Noise_uniform_Eps_32.0_Tau_Type_normal_anchors - INFO - Batch:[128] Adversarial images for this batch already exist
2026-02-02 12:43:32,040 - ADV_Generation_eps_4.0_steps_10_image_only_attack_prm_Added_Noise_uniform_Eps_32.0_Tau_Type_normal_anchors - INFO - Batch 129/1692: Clean accuracy 0.3566 | Adv accuracy: 0.3643 | Counter-attack accuracy: 0.3178
2026-02-02 12:43:32,041 - ADV_Generation_eps_4.0_steps_10_image_only_attack_prm_Added_Noise_uniform_Eps_32.0_Tau_Type_normal_anchors - INFO - Batch:[129] Adversarial images for this batch already exist
2026-02-02 12:43:32,299 - ADV_Generation_eps_4.0_steps_10_image_only_attack_prm_Added_Noise_uniform_Eps_32.0_Tau_Type_normal_anchors - INFO - Batch 130/1692: Clean accuracy 0.3615 | Adv accuracy: 0.3692 | Counter-attack accuracy: 0.3231
2026-02-02 12:43:32,299 - ADV_Generation_eps_4.0_steps_10_image_only_attack_prm_Added_Noise_uniform_Eps_32.0_Tau_Type_normal_anchors - INFO - Batch:[130] Adversarial images for this batch already exist
2026-02-02 12:43:32,559 - ADV_Generation_eps_4.0_steps_10_image_only_attack_prm_Added_Noise_uniform_Eps_32.0_Tau_Type_normal_anchors - INFO - Batch 131/1692: Clean accuracy 0.3664 | Adv accuracy: 0.3740 | Counter-attack accuracy: 0.3206
2026-02-02 12:43:32,559 - ADV_Generation_eps_4.0_steps_10_image_only_attack_prm_Added_Noise_uniform_Eps_32.0_Tau_Type_normal_anchors - INFO - Batch:[131] Adversarial images for this batch already exist
2026-02-02 12:43:32,817 - ADV_Generation_eps_4.0_steps_10_image_only_attack_prm_Added_Noise_uniform_Eps_32.0_Tau_Type_normal_anchors - INFO - Batch 132/1692: Clean accuracy 0.3636 | Adv accuracy: 0.3712 | Counter-attack accuracy: 0.3182
2026-02-02 12:43:32,818 - ADV_Generation_eps_4.0_steps_10_image_only_attack_prm_Added_Noise_uniform_Eps_32.0_Tau_Type_normal_anchors - INFO - Batch:[132] Adversarial images for this batch already exist
2026-02-02 12:43:33,076 - ADV_Generation_eps_4.0_steps_10_image_only_attack_prm_Added_Noise_uniform_Eps_32.0_Tau_Type_normal_anchors - INFO - Batch 133/1692: Clean accuracy 0.3684 | Adv accuracy: 0.3759 | Counter-attack accuracy: 0.3233
2026-02-02 12:43:33,076 - ADV_Generation_eps_4.0_steps_10_image_only_attack_prm_Added_Noise_uniform_Eps_32.0_Tau_Type_normal_anchors - INFO - Batch:[133] Adversarial images for this batch already exist
2026-02-02 12:43:33,334 - ADV_Generation_eps_4.0_steps_10_image_only_attack_prm_Added_Noise_uniform_Eps_32.0_Tau_Type_normal_anchors - INFO - Batch 134/1692: Clean accuracy 0.3731 | Adv accuracy: 0.3806 | Counter-attack accuracy: 0.3284
2026-02-02 12:43:33,335 - ADV_Generation_eps_4.0_steps_10_image_only_attack_prm_Added_Noise_uniform_Eps_32.0_Tau_Type_normal_anchors - INFO - Batch:[134] Adversarial images for this batch already exist
2026-02-02 12:43:33,593 - ADV_Generation_eps_4.0_steps_10_image_only_attack_prm_Added_Noise_uniform_Eps_32.0_Tau_Type_normal_anchors - INFO - Batch 135/1692: Clean accuracy 0.3778 | Adv accuracy: 0.3852 | Counter-attack accuracy: 0.3333
2026-02-02 12:43:33,593 - ADV_Generation_eps_4.0_steps_10_image_only_attack_prm_Added_Noise_uniform_Eps_32.0_Tau_Type_normal_anchors - INFO - Batch:[135] Adversarial images for this batch already exist
2026-02-02 12:43:33,851 - ADV_Generation_eps_4.0_steps_10_image_only_attack_prm_Added_Noise_uniform_Eps_32.0_Tau_Type_normal_anchors - INFO - Batch 136/1692: Clean accuracy 0.3824 | Adv accuracy: 0.3897 | Counter-attack accuracy: 0.3382
2026-02-02 12:43:33,851 - ADV_Generation_eps_4.0_steps_10_image_only_attack_prm_Added_Noise_uniform_Eps_32.0_Tau_Type_normal_anchors - INFO - Batch:[136] Adversarial images for this batch already exist
2026-02-02 12:43:34,109 - ADV_Generation_eps_4.0_steps_10_image_only_attack_prm_Added_Noise_uniform_Eps_32.0_Tau_Type_normal_anchors - INFO - Batch 137/1692: Clean accuracy 0.3869 | Adv accuracy: 0.3942 | Counter-attack accuracy: 0.3431
2026-02-02 12:43:34,110 - ADV_Generation_eps_4.0_steps_10_image_only_attack_prm_Added_Noise_uniform_Eps_32.0_Tau_Type_normal_anchors - INFO - Batch:[137] Adversarial images for this batch already exist
