2025-07-10 19:57:53,740 - ADV_Generation_eps_4.0_steps_100_Purification_type_noisy_anchor_anchors_10_alpha_1.2_sigma_0.12_threshold_0.0 - INFO - ==========================================
data:/leonardo_work/EUHPC_R04_192/fmohamma/Adversarial_Robust_Clip/atpt_data/downstream_datasets
test_sets:DTD
dataset_mode:test
arch:ViT-L/14
resolution:224
workers:4
no_pin_memory:False
batch_size:64
adv_bs:16
print_freq:20
gpu:0
no_cudnn_benchmark:False
n_ctx:4
ctx_init:a_photo_of_a
seed:0
output_dir:/leonardo_work/EUHPC_R04_192/fmohamma/Adversarial_Robust_Clip/atpt_data/ViT-L/14/DTD
log_output_dir:/leonardo_work/EUHPC_R04_192/fmohamma/Adversarial_Robust_Clip/ATPT/Purify_Results/ViT-L/14/DTD
eps:4.0
alpha:1.0
alpha_eps_ratio:4.0
steps:100
counter_attack:False
counter_attack_type:pgd
counter_attack_steps:2
counter_attack_eps:4.0
counter_attack_alpha:1.0
counter_attack_tau_thres:0.2
counter_attack_beta:2.0
counter_attack_weighted_perturbations:True
pgd_clip_pure_i_text_embeddings:null
pgd_counter_and_clipure_i_lamda:1.0
image_feature_purify:True
image_feature_purify_type:noisy_anchor
image_feature_purify_noisy_anchors:10
image_feature_purify_anchors_alpha:1.2
image_feature_purify_noisy_sigma:0.12
image_feature_purify_diff_threshold:0.0
lr:0.005
selection_p:0.1
tta_steps:1
top_k:20
softmax_temp:0.01
load_tecoa:

2025-07-10 19:57:53,741 - ADV_Generation_eps_4.0_steps_100_Purification_type_noisy_anchor_anchors_10_alpha_1.2_sigma_0.12_threshold_0.0 - INFO - Use GPU: 0 for training
2025-07-10 19:58:47,578 - ADV_Generation_eps_4.0_steps_100_Purification_type_noisy_anchor_anchors_10_alpha_1.2_sigma_0.12_threshold_0.0 - INFO - => Model created: visual backbone ViT-L/14
2025-07-10 19:58:47,616 - ADV_Generation_eps_4.0_steps_100_Purification_type_noisy_anchor_anchors_10_alpha_1.2_sigma_0.12_threshold_0.0 - INFO - Number of test samples: 1692
2025-07-10 19:58:47,617 - ADV_Generation_eps_4.0_steps_100_Purification_type_noisy_anchor_anchors_10_alpha_1.2_sigma_0.12_threshold_0.0 - INFO - Evaluating dataset: DTD
2025-07-10 19:58:47,617 - ADV_Generation_eps_4.0_steps_100_Purification_type_noisy_anchor_anchors_10_alpha_1.2_sigma_0.12_threshold_0.0 - INFO - Starting evaluation with batch size: 64, selection percentage: 0.1
2025-07-10 19:58:47,618 - ADV_Generation_eps_4.0_steps_100_Purification_type_noisy_anchor_anchors_10_alpha_1.2_sigma_0.12_threshold_0.0 - INFO - Using PGD attack with epsilon: 0.015686, alpha: 0.003922, steps: 100
2025-07-10 19:58:47,619 - ADV_Generation_eps_4.0_steps_100_Purification_type_noisy_anchor_anchors_10_alpha_1.2_sigma_0.12_threshold_0.0 - INFO - Using directory for adversarial images: /leonardo_work/EUHPC_R04_192/fmohamma/Adversarial_Robust_Clip/atpt_data/ViT-L/14/DTD/adv_images_eps_4.0_alpha_1.0_steps_100
2025-07-10 19:58:48,659 - ADV_Generation_eps_4.0_steps_100_Purification_type_noisy_anchor_anchors_10_alpha_1.2_sigma_0.12_threshold_0.0 - INFO - Batch:[0] Adversarial images for this batch already exist
2025-07-10 19:59:06,935 - ADV_Generation_eps_4.0_steps_100_Purification_type_noisy_anchor_anchors_10_alpha_1.2_sigma_0.12_threshold_0.0 - INFO - Batch 1/106: Clean orig accuracy 0.0000 | Clean purify accuracy 0.0000 | Adv orig accuracy: 0.0000 | Adv purify accuracy: 0.0625
2025-07-10 19:59:07,039 - ADV_Generation_eps_4.0_steps_100_Purification_type_noisy_anchor_anchors_10_alpha_1.2_sigma_0.12_threshold_0.0 - INFO - Batch:[1] Adversarial images for this batch already exist
2025-07-10 19:59:10,831 - ADV_Generation_eps_4.0_steps_100_Purification_type_noisy_anchor_anchors_10_alpha_1.2_sigma_0.12_threshold_0.0 - INFO - Batch 2/106: Clean orig accuracy 0.0000 | Clean purify accuracy 0.0000 | Adv orig accuracy: 0.0000 | Adv purify accuracy: 0.0938
2025-07-10 19:59:10,957 - ADV_Generation_eps_4.0_steps_100_Purification_type_noisy_anchor_anchors_10_alpha_1.2_sigma_0.12_threshold_0.0 - INFO - Batch:[2] Adversarial images for this batch already exist
2025-07-10 19:59:14,716 - ADV_Generation_eps_4.0_steps_100_Purification_type_noisy_anchor_anchors_10_alpha_1.2_sigma_0.12_threshold_0.0 - INFO - Batch 3/106: Clean orig accuracy 0.0417 | Clean purify accuracy 0.0208 | Adv orig accuracy: 0.0000 | Adv purify accuracy: 0.1875
2025-07-10 19:59:14,783 - ADV_Generation_eps_4.0_steps_100_Purification_type_noisy_anchor_anchors_10_alpha_1.2_sigma_0.12_threshold_0.0 - INFO - Batch:[3] Adversarial images for this batch already exist
2025-07-10 19:59:18,552 - ADV_Generation_eps_4.0_steps_100_Purification_type_noisy_anchor_anchors_10_alpha_1.2_sigma_0.12_threshold_0.0 - INFO - Batch 4/106: Clean orig accuracy 0.0312 | Clean purify accuracy 0.0156 | Adv orig accuracy: 0.0000 | Adv purify accuracy: 0.2344
2025-07-10 19:59:18,595 - ADV_Generation_eps_4.0_steps_100_Purification_type_noisy_anchor_anchors_10_alpha_1.2_sigma_0.12_threshold_0.0 - INFO - Batch:[4] Adversarial images for this batch already exist
2025-07-10 19:59:22,392 - ADV_Generation_eps_4.0_steps_100_Purification_type_noisy_anchor_anchors_10_alpha_1.2_sigma_0.12_threshold_0.0 - INFO - Batch 5/106: Clean orig accuracy 0.0500 | Clean purify accuracy 0.0250 | Adv orig accuracy: 0.0000 | Adv purify accuracy: 0.2875
2025-07-10 19:59:22,494 - ADV_Generation_eps_4.0_steps_100_Purification_type_noisy_anchor_anchors_10_alpha_1.2_sigma_0.12_threshold_0.0 - INFO - Batch:[5] Adversarial images for this batch already exist
2025-07-10 19:59:26,287 - ADV_Generation_eps_4.0_steps_100_Purification_type_noisy_anchor_anchors_10_alpha_1.2_sigma_0.12_threshold_0.0 - INFO - Batch 6/106: Clean orig accuracy 0.0833 | Clean purify accuracy 0.0521 | Adv orig accuracy: 0.0000 | Adv purify accuracy: 0.3021
2025-07-10 19:59:26,316 - ADV_Generation_eps_4.0_steps_100_Purification_type_noisy_anchor_anchors_10_alpha_1.2_sigma_0.12_threshold_0.0 - INFO - Batch:[6] Adversarial images for this batch already exist
2025-07-10 19:59:30,167 - ADV_Generation_eps_4.0_steps_100_Purification_type_noisy_anchor_anchors_10_alpha_1.2_sigma_0.12_threshold_0.0 - INFO - Batch 7/106: Clean orig accuracy 0.1607 | Clean purify accuracy 0.0893 | Adv orig accuracy: 0.0000 | Adv purify accuracy: 0.3482
2025-07-10 19:59:30,237 - ADV_Generation_eps_4.0_steps_100_Purification_type_noisy_anchor_anchors_10_alpha_1.2_sigma_0.12_threshold_0.0 - INFO - Batch:[7] Adversarial images for this batch already exist
2025-07-10 19:59:34,050 - ADV_Generation_eps_4.0_steps_100_Purification_type_noisy_anchor_anchors_10_alpha_1.2_sigma_0.12_threshold_0.0 - INFO - Batch 8/106: Clean orig accuracy 0.2500 | Clean purify accuracy 0.1719 | Adv orig accuracy: 0.0000 | Adv purify accuracy: 0.4297
2025-07-10 19:59:34,060 - ADV_Generation_eps_4.0_steps_100_Purification_type_noisy_anchor_anchors_10_alpha_1.2_sigma_0.12_threshold_0.0 - INFO - Batch:[8] Adversarial images for this batch already exist
2025-07-10 19:59:37,859 - ADV_Generation_eps_4.0_steps_100_Purification_type_noisy_anchor_anchors_10_alpha_1.2_sigma_0.12_threshold_0.0 - INFO - Batch 9/106: Clean orig accuracy 0.3264 | Clean purify accuracy 0.2292 | Adv orig accuracy: 0.0000 | Adv purify accuracy: 0.4722
2025-07-10 19:59:37,903 - ADV_Generation_eps_4.0_steps_100_Purification_type_noisy_anchor_anchors_10_alpha_1.2_sigma_0.12_threshold_0.0 - INFO - Batch:[9] Adversarial images for this batch already exist
2025-07-10 19:59:41,754 - ADV_Generation_eps_4.0_steps_100_Purification_type_noisy_anchor_anchors_10_alpha_1.2_sigma_0.12_threshold_0.0 - INFO - Batch 10/106: Clean orig accuracy 0.3250 | Clean purify accuracy 0.2188 | Adv orig accuracy: 0.0000 | Adv purify accuracy: 0.4875
2025-07-10 19:59:41,779 - ADV_Generation_eps_4.0_steps_100_Purification_type_noisy_anchor_anchors_10_alpha_1.2_sigma_0.12_threshold_0.0 - INFO - Batch:[10] Adversarial images for this batch already exist
2025-07-10 19:59:45,553 - ADV_Generation_eps_4.0_steps_100_Purification_type_noisy_anchor_anchors_10_alpha_1.2_sigma_0.12_threshold_0.0 - INFO - Batch 11/106: Clean orig accuracy 0.3011 | Clean purify accuracy 0.2102 | Adv orig accuracy: 0.0000 | Adv purify accuracy: 0.4886
2025-07-10 19:59:45,626 - ADV_Generation_eps_4.0_steps_100_Purification_type_noisy_anchor_anchors_10_alpha_1.2_sigma_0.12_threshold_0.0 - INFO - Batch:[11] Adversarial images for this batch already exist
2025-07-10 19:59:49,373 - ADV_Generation_eps_4.0_steps_100_Purification_type_noisy_anchor_anchors_10_alpha_1.2_sigma_0.12_threshold_0.0 - INFO - Batch 12/106: Clean orig accuracy 0.3438 | Clean purify accuracy 0.2448 | Adv orig accuracy: 0.0000 | Adv purify accuracy: 0.5208
2025-07-10 19:59:49,403 - ADV_Generation_eps_4.0_steps_100_Purification_type_noisy_anchor_anchors_10_alpha_1.2_sigma_0.12_threshold_0.0 - INFO - Batch:[12] Adversarial images for this batch already exist
2025-07-10 19:59:53,194 - ADV_Generation_eps_4.0_steps_100_Purification_type_noisy_anchor_anchors_10_alpha_1.2_sigma_0.12_threshold_0.0 - INFO - Batch 13/106: Clean orig accuracy 0.3894 | Clean purify accuracy 0.2837 | Adv orig accuracy: 0.0000 | Adv purify accuracy: 0.5577
2025-07-10 19:59:53,230 - ADV_Generation_eps_4.0_steps_100_Purification_type_noisy_anchor_anchors_10_alpha_1.2_sigma_0.12_threshold_0.0 - INFO - Batch:[13] Adversarial images for this batch already exist
2025-07-10 19:59:57,013 - ADV_Generation_eps_4.0_steps_100_Purification_type_noisy_anchor_anchors_10_alpha_1.2_sigma_0.12_threshold_0.0 - INFO - Batch 14/106: Clean orig accuracy 0.4330 | Clean purify accuracy 0.3259 | Adv orig accuracy: 0.0000 | Adv purify accuracy: 0.5893
2025-07-10 19:59:57,023 - ADV_Generation_eps_4.0_steps_100_Purification_type_noisy_anchor_anchors_10_alpha_1.2_sigma_0.12_threshold_0.0 - INFO - Batch:[14] Adversarial images for this batch already exist
2025-07-10 20:00:00,865 - ADV_Generation_eps_4.0_steps_100_Purification_type_noisy_anchor_anchors_10_alpha_1.2_sigma_0.12_threshold_0.0 - INFO - Batch 15/106: Clean orig accuracy 0.4667 | Clean purify accuracy 0.3542 | Adv orig accuracy: 0.0000 | Adv purify accuracy: 0.6167
2025-07-10 20:00:00,875 - ADV_Generation_eps_4.0_steps_100_Purification_type_noisy_anchor_anchors_10_alpha_1.2_sigma_0.12_threshold_0.0 - INFO - Batch:[15] Adversarial images for this batch already exist
2025-07-10 20:00:04,742 - ADV_Generation_eps_4.0_steps_100_Purification_type_noisy_anchor_anchors_10_alpha_1.2_sigma_0.12_threshold_0.0 - INFO - Batch 16/106: Clean orig accuracy 0.4922 | Clean purify accuracy 0.3789 | Adv orig accuracy: 0.0000 | Adv purify accuracy: 0.6328
2025-07-10 20:00:04,751 - ADV_Generation_eps_4.0_steps_100_Purification_type_noisy_anchor_anchors_10_alpha_1.2_sigma_0.12_threshold_0.0 - INFO - Batch:[16] Adversarial images for this batch already exist
2025-07-10 20:00:08,559 - ADV_Generation_eps_4.0_steps_100_Purification_type_noisy_anchor_anchors_10_alpha_1.2_sigma_0.12_threshold_0.0 - INFO - Batch 17/106: Clean orig accuracy 0.5037 | Clean purify accuracy 0.3860 | Adv orig accuracy: 0.0000 | Adv purify accuracy: 0.6471
2025-07-10 20:00:08,568 - ADV_Generation_eps_4.0_steps_100_Purification_type_noisy_anchor_anchors_10_alpha_1.2_sigma_0.12_threshold_0.0 - INFO - Batch:[17] Adversarial images for this batch already exist
2025-07-10 20:00:12,346 - ADV_Generation_eps_4.0_steps_100_Purification_type_noisy_anchor_anchors_10_alpha_1.2_sigma_0.12_threshold_0.0 - INFO - Batch 18/106: Clean orig accuracy 0.5174 | Clean purify accuracy 0.4062 | Adv orig accuracy: 0.0000 | Adv purify accuracy: 0.6632
2025-07-10 20:00:12,356 - ADV_Generation_eps_4.0_steps_100_Purification_type_noisy_anchor_anchors_10_alpha_1.2_sigma_0.12_threshold_0.0 - INFO - Batch:[18] Adversarial images for this batch already exist
2025-07-10 20:00:16,120 - ADV_Generation_eps_4.0_steps_100_Purification_type_noisy_anchor_anchors_10_alpha_1.2_sigma_0.12_threshold_0.0 - INFO - Batch 19/106: Clean orig accuracy 0.5099 | Clean purify accuracy 0.4046 | Adv orig accuracy: 0.0000 | Adv purify accuracy: 0.6776
2025-07-10 20:00:16,131 - ADV_Generation_eps_4.0_steps_100_Purification_type_noisy_anchor_anchors_10_alpha_1.2_sigma_0.12_threshold_0.0 - INFO - Batch:[19] Adversarial images for this batch already exist
2025-07-10 20:00:19,998 - ADV_Generation_eps_4.0_steps_100_Purification_type_noisy_anchor_anchors_10_alpha_1.2_sigma_0.12_threshold_0.0 - INFO - Batch 20/106: Clean orig accuracy 0.5094 | Clean purify accuracy 0.4062 | Adv orig accuracy: 0.0000 | Adv purify accuracy: 0.6813
2025-07-10 20:00:20,008 - ADV_Generation_eps_4.0_steps_100_Purification_type_noisy_anchor_anchors_10_alpha_1.2_sigma_0.12_threshold_0.0 - INFO - Batch:[20] Adversarial images for this batch already exist
2025-07-10 20:00:23,858 - ADV_Generation_eps_4.0_steps_100_Purification_type_noisy_anchor_anchors_10_alpha_1.2_sigma_0.12_threshold_0.0 - INFO - Batch 21/106: Clean orig accuracy 0.5179 | Clean purify accuracy 0.4048 | Adv orig accuracy: 0.0000 | Adv purify accuracy: 0.6786
2025-07-10 20:00:23,868 - ADV_Generation_eps_4.0_steps_100_Purification_type_noisy_anchor_anchors_10_alpha_1.2_sigma_0.12_threshold_0.0 - INFO - Batch:[21] Adversarial images for this batch already exist
2025-07-10 20:00:27,685 - ADV_Generation_eps_4.0_steps_100_Purification_type_noisy_anchor_anchors_10_alpha_1.2_sigma_0.12_threshold_0.0 - INFO - Batch 22/106: Clean orig accuracy 0.5369 | Clean purify accuracy 0.4119 | Adv orig accuracy: 0.0000 | Adv purify accuracy: 0.6875
2025-07-10 20:00:27,694 - ADV_Generation_eps_4.0_steps_100_Purification_type_noisy_anchor_anchors_10_alpha_1.2_sigma_0.12_threshold_0.0 - INFO - Batch:[22] Adversarial images for this batch already exist
2025-07-10 20:00:31,498 - ADV_Generation_eps_4.0_steps_100_Purification_type_noisy_anchor_anchors_10_alpha_1.2_sigma_0.12_threshold_0.0 - INFO - Batch 23/106: Clean orig accuracy 0.5435 | Clean purify accuracy 0.4049 | Adv orig accuracy: 0.0000 | Adv purify accuracy: 0.6984
2025-07-10 20:00:31,526 - ADV_Generation_eps_4.0_steps_100_Purification_type_noisy_anchor_anchors_10_alpha_1.2_sigma_0.12_threshold_0.0 - INFO - Batch:[23] Adversarial images for this batch already exist
2025-07-10 20:00:35,403 - ADV_Generation_eps_4.0_steps_100_Purification_type_noisy_anchor_anchors_10_alpha_1.2_sigma_0.12_threshold_0.0 - INFO - Batch 24/106: Clean orig accuracy 0.5469 | Clean purify accuracy 0.3958 | Adv orig accuracy: 0.0000 | Adv purify accuracy: 0.6901
2025-07-10 20:00:35,414 - ADV_Generation_eps_4.0_steps_100_Purification_type_noisy_anchor_anchors_10_alpha_1.2_sigma_0.12_threshold_0.0 - INFO - Batch:[24] Adversarial images for this batch already exist
2025-07-10 20:00:39,265 - ADV_Generation_eps_4.0_steps_100_Purification_type_noisy_anchor_anchors_10_alpha_1.2_sigma_0.12_threshold_0.0 - INFO - Batch 25/106: Clean orig accuracy 0.5450 | Clean purify accuracy 0.3850 | Adv orig accuracy: 0.0000 | Adv purify accuracy: 0.6900
2025-07-10 20:00:39,275 - ADV_Generation_eps_4.0_steps_100_Purification_type_noisy_anchor_anchors_10_alpha_1.2_sigma_0.12_threshold_0.0 - INFO - Batch:[25] Adversarial images for this batch already exist
2025-07-10 20:00:43,068 - ADV_Generation_eps_4.0_steps_100_Purification_type_noisy_anchor_anchors_10_alpha_1.2_sigma_0.12_threshold_0.0 - INFO - Batch 26/106: Clean orig accuracy 0.5481 | Clean purify accuracy 0.3870 | Adv orig accuracy: 0.0000 | Adv purify accuracy: 0.6947
2025-07-10 20:00:43,077 - ADV_Generation_eps_4.0_steps_100_Purification_type_noisy_anchor_anchors_10_alpha_1.2_sigma_0.12_threshold_0.0 - INFO - Batch:[26] Adversarial images for this batch already exist
2025-07-10 20:00:46,824 - ADV_Generation_eps_4.0_steps_100_Purification_type_noisy_anchor_anchors_10_alpha_1.2_sigma_0.12_threshold_0.0 - INFO - Batch 27/106: Clean orig accuracy 0.5625 | Clean purify accuracy 0.3843 | Adv orig accuracy: 0.0000 | Adv purify accuracy: 0.6944
2025-07-10 20:00:46,834 - ADV_Generation_eps_4.0_steps_100_Purification_type_noisy_anchor_anchors_10_alpha_1.2_sigma_0.12_threshold_0.0 - INFO - Batch:[27] Adversarial images for this batch already exist
2025-07-10 20:00:50,701 - ADV_Generation_eps_4.0_steps_100_Purification_type_noisy_anchor_anchors_10_alpha_1.2_sigma_0.12_threshold_0.0 - INFO - Batch 28/106: Clean orig accuracy 0.5580 | Clean purify accuracy 0.3772 | Adv orig accuracy: 0.0000 | Adv purify accuracy: 0.6964
2025-07-10 20:00:50,711 - ADV_Generation_eps_4.0_steps_100_Purification_type_noisy_anchor_anchors_10_alpha_1.2_sigma_0.12_threshold_0.0 - INFO - Batch:[28] Adversarial images for this batch already exist
2025-07-10 20:00:54,543 - ADV_Generation_eps_4.0_steps_100_Purification_type_noisy_anchor_anchors_10_alpha_1.2_sigma_0.12_threshold_0.0 - INFO - Batch 29/106: Clean orig accuracy 0.5560 | Clean purify accuracy 0.3707 | Adv orig accuracy: 0.0000 | Adv purify accuracy: 0.7004
2025-07-10 20:00:54,552 - ADV_Generation_eps_4.0_steps_100_Purification_type_noisy_anchor_anchors_10_alpha_1.2_sigma_0.12_threshold_0.0 - INFO - Batch:[29] Adversarial images for this batch already exist
2025-07-10 20:00:58,289 - ADV_Generation_eps_4.0_steps_100_Purification_type_noisy_anchor_anchors_10_alpha_1.2_sigma_0.12_threshold_0.0 - INFO - Batch 30/106: Clean orig accuracy 0.5604 | Clean purify accuracy 0.3729 | Adv orig accuracy: 0.0000 | Adv purify accuracy: 0.7063
2025-07-10 20:00:58,299 - ADV_Generation_eps_4.0_steps_100_Purification_type_noisy_anchor_anchors_10_alpha_1.2_sigma_0.12_threshold_0.0 - INFO - Batch:[30] Adversarial images for this batch already exist
2025-07-10 20:01:02,175 - ADV_Generation_eps_4.0_steps_100_Purification_type_noisy_anchor_anchors_10_alpha_1.2_sigma_0.12_threshold_0.0 - INFO - Batch 31/106: Clean orig accuracy 0.5665 | Clean purify accuracy 0.3649 | Adv orig accuracy: 0.0000 | Adv purify accuracy: 0.7077
2025-07-10 20:01:02,185 - ADV_Generation_eps_4.0_steps_100_Purification_type_noisy_anchor_anchors_10_alpha_1.2_sigma_0.12_threshold_0.0 - INFO - Batch:[31] Adversarial images for this batch already exist
2025-07-10 20:01:05,994 - ADV_Generation_eps_4.0_steps_100_Purification_type_noisy_anchor_anchors_10_alpha_1.2_sigma_0.12_threshold_0.0 - INFO - Batch 32/106: Clean orig accuracy 0.5645 | Clean purify accuracy 0.3594 | Adv orig accuracy: 0.0000 | Adv purify accuracy: 0.7090
2025-07-10 20:01:06,003 - ADV_Generation_eps_4.0_steps_100_Purification_type_noisy_anchor_anchors_10_alpha_1.2_sigma_0.12_threshold_0.0 - INFO - Batch:[32] Adversarial images for this batch already exist
2025-07-10 20:01:09,726 - ADV_Generation_eps_4.0_steps_100_Purification_type_noisy_anchor_anchors_10_alpha_1.2_sigma_0.12_threshold_0.0 - INFO - Batch 33/106: Clean orig accuracy 0.5606 | Clean purify accuracy 0.3580 | Adv orig accuracy: 0.0000 | Adv purify accuracy: 0.7083
2025-07-10 20:01:09,736 - ADV_Generation_eps_4.0_steps_100_Purification_type_noisy_anchor_anchors_10_alpha_1.2_sigma_0.12_threshold_0.0 - INFO - Batch:[33] Adversarial images for this batch already exist
2025-07-10 20:01:13,479 - ADV_Generation_eps_4.0_steps_100_Purification_type_noisy_anchor_anchors_10_alpha_1.2_sigma_0.12_threshold_0.0 - INFO - Batch 34/106: Clean orig accuracy 0.5607 | Clean purify accuracy 0.3548 | Adv orig accuracy: 0.0000 | Adv purify accuracy: 0.7059
2025-07-10 20:01:13,489 - ADV_Generation_eps_4.0_steps_100_Purification_type_noisy_anchor_anchors_10_alpha_1.2_sigma_0.12_threshold_0.0 - INFO - Batch:[34] Adversarial images for this batch already exist
2025-07-10 20:01:17,257 - ADV_Generation_eps_4.0_steps_100_Purification_type_noisy_anchor_anchors_10_alpha_1.2_sigma_0.12_threshold_0.0 - INFO - Batch 35/106: Clean orig accuracy 0.5679 | Clean purify accuracy 0.3536 | Adv orig accuracy: 0.0000 | Adv purify accuracy: 0.7089
2025-07-10 20:01:17,267 - ADV_Generation_eps_4.0_steps_100_Purification_type_noisy_anchor_anchors_10_alpha_1.2_sigma_0.12_threshold_0.0 - INFO - Batch:[35] Adversarial images for this batch already exist
2025-07-10 20:01:21,124 - ADV_Generation_eps_4.0_steps_100_Purification_type_noisy_anchor_anchors_10_alpha_1.2_sigma_0.12_threshold_0.0 - INFO - Batch 36/106: Clean orig accuracy 0.5729 | Clean purify accuracy 0.3472 | Adv orig accuracy: 0.0000 | Adv purify accuracy: 0.7049
2025-07-10 20:01:21,165 - ADV_Generation_eps_4.0_steps_100_Purification_type_noisy_anchor_anchors_10_alpha_1.2_sigma_0.12_threshold_0.0 - INFO - Batch:[36] Adversarial images for this batch already exist
2025-07-10 20:01:24,938 - ADV_Generation_eps_4.0_steps_100_Purification_type_noisy_anchor_anchors_10_alpha_1.2_sigma_0.12_threshold_0.0 - INFO - Batch 37/106: Clean orig accuracy 0.5676 | Clean purify accuracy 0.3412 | Adv orig accuracy: 0.0000 | Adv purify accuracy: 0.6993
2025-07-10 20:01:24,948 - ADV_Generation_eps_4.0_steps_100_Purification_type_noisy_anchor_anchors_10_alpha_1.2_sigma_0.12_threshold_0.0 - INFO - Batch:[37] Adversarial images for this batch already exist
2025-07-10 20:01:28,772 - ADV_Generation_eps_4.0_steps_100_Purification_type_noisy_anchor_anchors_10_alpha_1.2_sigma_0.12_threshold_0.0 - INFO - Batch 38/106: Clean orig accuracy 0.5641 | Clean purify accuracy 0.3339 | Adv orig accuracy: 0.0000 | Adv purify accuracy: 0.6974
2025-07-10 20:01:28,782 - ADV_Generation_eps_4.0_steps_100_Purification_type_noisy_anchor_anchors_10_alpha_1.2_sigma_0.12_threshold_0.0 - INFO - Batch:[38] Adversarial images for this batch already exist
2025-07-10 20:01:32,535 - ADV_Generation_eps_4.0_steps_100_Purification_type_noisy_anchor_anchors_10_alpha_1.2_sigma_0.12_threshold_0.0 - INFO - Batch 39/106: Clean orig accuracy 0.5561 | Clean purify accuracy 0.3253 | Adv orig accuracy: 0.0000 | Adv purify accuracy: 0.6891
2025-07-10 20:01:32,545 - ADV_Generation_eps_4.0_steps_100_Purification_type_noisy_anchor_anchors_10_alpha_1.2_sigma_0.12_threshold_0.0 - INFO - Batch:[39] Adversarial images for this batch already exist
2025-07-10 20:01:36,251 - ADV_Generation_eps_4.0_steps_100_Purification_type_noisy_anchor_anchors_10_alpha_1.2_sigma_0.12_threshold_0.0 - INFO - Batch 40/106: Clean orig accuracy 0.5453 | Clean purify accuracy 0.3172 | Adv orig accuracy: 0.0000 | Adv purify accuracy: 0.6797
2025-07-10 20:01:36,262 - ADV_Generation_eps_4.0_steps_100_Purification_type_noisy_anchor_anchors_10_alpha_1.2_sigma_0.12_threshold_0.0 - INFO - Batch:[40] Adversarial images for this batch already exist
2025-07-10 20:01:40,014 - ADV_Generation_eps_4.0_steps_100_Purification_type_noisy_anchor_anchors_10_alpha_1.2_sigma_0.12_threshold_0.0 - INFO - Batch 41/106: Clean orig accuracy 0.5396 | Clean purify accuracy 0.3140 | Adv orig accuracy: 0.0000 | Adv purify accuracy: 0.6723
2025-07-10 20:01:40,025 - ADV_Generation_eps_4.0_steps_100_Purification_type_noisy_anchor_anchors_10_alpha_1.2_sigma_0.12_threshold_0.0 - INFO - Batch:[41] Adversarial images for this batch already exist
2025-07-10 20:01:43,789 - ADV_Generation_eps_4.0_steps_100_Purification_type_noisy_anchor_anchors_10_alpha_1.2_sigma_0.12_threshold_0.0 - INFO - Batch 42/106: Clean orig accuracy 0.5372 | Clean purify accuracy 0.3125 | Adv orig accuracy: 0.0000 | Adv purify accuracy: 0.6711
2025-07-10 20:01:43,799 - ADV_Generation_eps_4.0_steps_100_Purification_type_noisy_anchor_anchors_10_alpha_1.2_sigma_0.12_threshold_0.0 - INFO - Batch:[42] Adversarial images for this batch already exist
2025-07-10 20:01:47,567 - ADV_Generation_eps_4.0_steps_100_Purification_type_noisy_anchor_anchors_10_alpha_1.2_sigma_0.12_threshold_0.0 - INFO - Batch 43/106: Clean orig accuracy 0.5349 | Clean purify accuracy 0.3110 | Adv orig accuracy: 0.0000 | Adv purify accuracy: 0.6715
2025-07-10 20:01:47,577 - ADV_Generation_eps_4.0_steps_100_Purification_type_noisy_anchor_anchors_10_alpha_1.2_sigma_0.12_threshold_0.0 - INFO - Batch:[43] Adversarial images for this batch already exist
2025-07-10 20:01:51,405 - ADV_Generation_eps_4.0_steps_100_Purification_type_noisy_anchor_anchors_10_alpha_1.2_sigma_0.12_threshold_0.0 - INFO - Batch 44/106: Clean orig accuracy 0.5227 | Clean purify accuracy 0.3125 | Adv orig accuracy: 0.0000 | Adv purify accuracy: 0.6705
2025-07-10 20:01:51,414 - ADV_Generation_eps_4.0_steps_100_Purification_type_noisy_anchor_anchors_10_alpha_1.2_sigma_0.12_threshold_0.0 - INFO - Batch:[44] Adversarial images for this batch already exist
2025-07-10 20:01:55,182 - ADV_Generation_eps_4.0_steps_100_Purification_type_noisy_anchor_anchors_10_alpha_1.2_sigma_0.12_threshold_0.0 - INFO - Batch 45/106: Clean orig accuracy 0.5111 | Clean purify accuracy 0.3111 | Adv orig accuracy: 0.0000 | Adv purify accuracy: 0.6667
2025-07-10 20:01:55,193 - ADV_Generation_eps_4.0_steps_100_Purification_type_noisy_anchor_anchors_10_alpha_1.2_sigma_0.12_threshold_0.0 - INFO - Batch:[45] Adversarial images for this batch already exist
2025-07-10 20:01:58,969 - ADV_Generation_eps_4.0_steps_100_Purification_type_noisy_anchor_anchors_10_alpha_1.2_sigma_0.12_threshold_0.0 - INFO - Batch 46/106: Clean orig accuracy 0.5177 | Clean purify accuracy 0.3152 | Adv orig accuracy: 0.0000 | Adv purify accuracy: 0.6671
2025-07-10 20:01:58,979 - ADV_Generation_eps_4.0_steps_100_Purification_type_noisy_anchor_anchors_10_alpha_1.2_sigma_0.12_threshold_0.0 - INFO - Batch:[46] Adversarial images for this batch already exist
2025-07-10 20:02:02,717 - ADV_Generation_eps_4.0_steps_100_Purification_type_noisy_anchor_anchors_10_alpha_1.2_sigma_0.12_threshold_0.0 - INFO - Batch 47/106: Clean orig accuracy 0.5266 | Clean purify accuracy 0.3245 | Adv orig accuracy: 0.0000 | Adv purify accuracy: 0.6702
2025-07-10 20:02:02,727 - ADV_Generation_eps_4.0_steps_100_Purification_type_noisy_anchor_anchors_10_alpha_1.2_sigma_0.12_threshold_0.0 - INFO - Batch:[47] Adversarial images for this batch already exist
2025-07-10 20:02:06,527 - ADV_Generation_eps_4.0_steps_100_Purification_type_noisy_anchor_anchors_10_alpha_1.2_sigma_0.12_threshold_0.0 - INFO - Batch 48/106: Clean orig accuracy 0.5208 | Clean purify accuracy 0.3203 | Adv orig accuracy: 0.0000 | Adv purify accuracy: 0.6589
2025-07-10 20:02:06,537 - ADV_Generation_eps_4.0_steps_100_Purification_type_noisy_anchor_anchors_10_alpha_1.2_sigma_0.12_threshold_0.0 - INFO - Batch:[48] Adversarial images for this batch already exist
2025-07-10 20:02:10,319 - ADV_Generation_eps_4.0_steps_100_Purification_type_noisy_anchor_anchors_10_alpha_1.2_sigma_0.12_threshold_0.0 - INFO - Batch 49/106: Clean orig accuracy 0.5102 | Clean purify accuracy 0.3138 | Adv orig accuracy: 0.0000 | Adv purify accuracy: 0.6454
2025-07-10 20:02:10,329 - ADV_Generation_eps_4.0_steps_100_Purification_type_noisy_anchor_anchors_10_alpha_1.2_sigma_0.12_threshold_0.0 - INFO - Batch:[49] Adversarial images for this batch already exist
2025-07-10 20:02:14,156 - ADV_Generation_eps_4.0_steps_100_Purification_type_noisy_anchor_anchors_10_alpha_1.2_sigma_0.12_threshold_0.0 - INFO - Batch 50/106: Clean orig accuracy 0.5000 | Clean purify accuracy 0.3075 | Adv orig accuracy: 0.0000 | Adv purify accuracy: 0.6350
2025-07-10 20:02:14,169 - ADV_Generation_eps_4.0_steps_100_Purification_type_noisy_anchor_anchors_10_alpha_1.2_sigma_0.12_threshold_0.0 - INFO - Batch:[50] Adversarial images for this batch already exist
2025-07-10 20:02:17,958 - ADV_Generation_eps_4.0_steps_100_Purification_type_noisy_anchor_anchors_10_alpha_1.2_sigma_0.12_threshold_0.0 - INFO - Batch 51/106: Clean orig accuracy 0.4926 | Clean purify accuracy 0.3015 | Adv orig accuracy: 0.0000 | Adv purify accuracy: 0.6287
2025-07-10 20:02:17,969 - ADV_Generation_eps_4.0_steps_100_Purification_type_noisy_anchor_anchors_10_alpha_1.2_sigma_0.12_threshold_0.0 - INFO - Batch:[51] Adversarial images for this batch already exist
2025-07-10 20:02:21,781 - ADV_Generation_eps_4.0_steps_100_Purification_type_noisy_anchor_anchors_10_alpha_1.2_sigma_0.12_threshold_0.0 - INFO - Batch 52/106: Clean orig accuracy 0.4868 | Clean purify accuracy 0.2957 | Adv orig accuracy: 0.0000 | Adv purify accuracy: 0.6178
2025-07-10 20:02:21,790 - ADV_Generation_eps_4.0_steps_100_Purification_type_noisy_anchor_anchors_10_alpha_1.2_sigma_0.12_threshold_0.0 - INFO - Batch:[52] Adversarial images for this batch already exist
2025-07-10 20:02:25,581 - ADV_Generation_eps_4.0_steps_100_Purification_type_noisy_anchor_anchors_10_alpha_1.2_sigma_0.12_threshold_0.0 - INFO - Batch 53/106: Clean orig accuracy 0.4835 | Clean purify accuracy 0.2925 | Adv orig accuracy: 0.0000 | Adv purify accuracy: 0.6203
2025-07-10 20:02:25,592 - ADV_Generation_eps_4.0_steps_100_Purification_type_noisy_anchor_anchors_10_alpha_1.2_sigma_0.12_threshold_0.0 - INFO - Batch:[53] Adversarial images for this batch already exist
2025-07-10 20:02:29,418 - ADV_Generation_eps_4.0_steps_100_Purification_type_noisy_anchor_anchors_10_alpha_1.2_sigma_0.12_threshold_0.0 - INFO - Batch 54/106: Clean orig accuracy 0.4850 | Clean purify accuracy 0.2917 | Adv orig accuracy: 0.0000 | Adv purify accuracy: 0.6215
2025-07-10 20:02:29,428 - ADV_Generation_eps_4.0_steps_100_Purification_type_noisy_anchor_anchors_10_alpha_1.2_sigma_0.12_threshold_0.0 - INFO - Batch:[54] Adversarial images for this batch already exist
2025-07-10 20:02:33,207 - ADV_Generation_eps_4.0_steps_100_Purification_type_noisy_anchor_anchors_10_alpha_1.2_sigma_0.12_threshold_0.0 - INFO - Batch 55/106: Clean orig accuracy 0.4761 | Clean purify accuracy 0.2864 | Adv orig accuracy: 0.0000 | Adv purify accuracy: 0.6125
2025-07-10 20:02:33,217 - ADV_Generation_eps_4.0_steps_100_Purification_type_noisy_anchor_anchors_10_alpha_1.2_sigma_0.12_threshold_0.0 - INFO - Batch:[55] Adversarial images for this batch already exist
2025-07-10 20:02:36,968 - ADV_Generation_eps_4.0_steps_100_Purification_type_noisy_anchor_anchors_10_alpha_1.2_sigma_0.12_threshold_0.0 - INFO - Batch 56/106: Clean orig accuracy 0.4688 | Clean purify accuracy 0.2812 | Adv orig accuracy: 0.0000 | Adv purify accuracy: 0.6038
2025-07-10 20:02:36,977 - ADV_Generation_eps_4.0_steps_100_Purification_type_noisy_anchor_anchors_10_alpha_1.2_sigma_0.12_threshold_0.0 - INFO - Batch:[56] Adversarial images for this batch already exist
2025-07-10 20:02:40,853 - ADV_Generation_eps_4.0_steps_100_Purification_type_noisy_anchor_anchors_10_alpha_1.2_sigma_0.12_threshold_0.0 - INFO - Batch 57/106: Clean orig accuracy 0.4682 | Clean purify accuracy 0.2818 | Adv orig accuracy: 0.0000 | Adv purify accuracy: 0.6053
2025-07-10 20:02:40,863 - ADV_Generation_eps_4.0_steps_100_Purification_type_noisy_anchor_anchors_10_alpha_1.2_sigma_0.12_threshold_0.0 - INFO - Batch:[57] Adversarial images for this batch already exist
2025-07-10 20:02:44,683 - ADV_Generation_eps_4.0_steps_100_Purification_type_noisy_anchor_anchors_10_alpha_1.2_sigma_0.12_threshold_0.0 - INFO - Batch 58/106: Clean orig accuracy 0.4720 | Clean purify accuracy 0.2856 | Adv orig accuracy: 0.0000 | Adv purify accuracy: 0.6099
2025-07-10 20:02:44,693 - ADV_Generation_eps_4.0_steps_100_Purification_type_noisy_anchor_anchors_10_alpha_1.2_sigma_0.12_threshold_0.0 - INFO - Batch:[58] Adversarial images for this batch already exist
2025-07-10 20:02:48,439 - ADV_Generation_eps_4.0_steps_100_Purification_type_noisy_anchor_anchors_10_alpha_1.2_sigma_0.12_threshold_0.0 - INFO - Batch 59/106: Clean orig accuracy 0.4799 | Clean purify accuracy 0.2934 | Adv orig accuracy: 0.0000 | Adv purify accuracy: 0.6155
2025-07-10 20:02:48,450 - ADV_Generation_eps_4.0_steps_100_Purification_type_noisy_anchor_anchors_10_alpha_1.2_sigma_0.12_threshold_0.0 - INFO - Batch:[59] Adversarial images for this batch already exist
2025-07-10 20:02:52,191 - ADV_Generation_eps_4.0_steps_100_Purification_type_noisy_anchor_anchors_10_alpha_1.2_sigma_0.12_threshold_0.0 - INFO - Batch 60/106: Clean orig accuracy 0.4875 | Clean purify accuracy 0.3000 | Adv orig accuracy: 0.0000 | Adv purify accuracy: 0.6219
2025-07-10 20:02:52,200 - ADV_Generation_eps_4.0_steps_100_Purification_type_noisy_anchor_anchors_10_alpha_1.2_sigma_0.12_threshold_0.0 - INFO - Batch:[60] Adversarial images for this batch already exist
2025-07-10 20:02:55,990 - ADV_Generation_eps_4.0_steps_100_Purification_type_noisy_anchor_anchors_10_alpha_1.2_sigma_0.12_threshold_0.0 - INFO - Batch 61/106: Clean orig accuracy 0.4928 | Clean purify accuracy 0.3064 | Adv orig accuracy: 0.0000 | Adv purify accuracy: 0.6250
2025-07-10 20:02:56,000 - ADV_Generation_eps_4.0_steps_100_Purification_type_noisy_anchor_anchors_10_alpha_1.2_sigma_0.12_threshold_0.0 - INFO - Batch:[61] Adversarial images for this batch already exist
2025-07-10 20:02:59,759 - ADV_Generation_eps_4.0_steps_100_Purification_type_noisy_anchor_anchors_10_alpha_1.2_sigma_0.12_threshold_0.0 - INFO - Batch 62/106: Clean orig accuracy 0.4980 | Clean purify accuracy 0.3095 | Adv orig accuracy: 0.0000 | Adv purify accuracy: 0.6290
2025-07-10 20:02:59,769 - ADV_Generation_eps_4.0_steps_100_Purification_type_noisy_anchor_anchors_10_alpha_1.2_sigma_0.12_threshold_0.0 - INFO - Batch:[62] Adversarial images for this batch already exist
2025-07-10 20:03:03,562 - ADV_Generation_eps_4.0_steps_100_Purification_type_noisy_anchor_anchors_10_alpha_1.2_sigma_0.12_threshold_0.0 - INFO - Batch 63/106: Clean orig accuracy 0.5040 | Clean purify accuracy 0.3155 | Adv orig accuracy: 0.0000 | Adv purify accuracy: 0.6339
2025-07-10 20:03:03,573 - ADV_Generation_eps_4.0_steps_100_Purification_type_noisy_anchor_anchors_10_alpha_1.2_sigma_0.12_threshold_0.0 - INFO - Batch:[63] Adversarial images for this batch already exist
2025-07-10 20:03:07,381 - ADV_Generation_eps_4.0_steps_100_Purification_type_noisy_anchor_anchors_10_alpha_1.2_sigma_0.12_threshold_0.0 - INFO - Batch 64/106: Clean orig accuracy 0.4971 | Clean purify accuracy 0.3115 | Adv orig accuracy: 0.0000 | Adv purify accuracy: 0.6289
2025-07-10 20:03:07,392 - ADV_Generation_eps_4.0_steps_100_Purification_type_noisy_anchor_anchors_10_alpha_1.2_sigma_0.12_threshold_0.0 - INFO - Batch:[64] Adversarial images for this batch already exist
2025-07-10 20:03:11,142 - ADV_Generation_eps_4.0_steps_100_Purification_type_noisy_anchor_anchors_10_alpha_1.2_sigma_0.12_threshold_0.0 - INFO - Batch 65/106: Clean orig accuracy 0.4913 | Clean purify accuracy 0.3087 | Adv orig accuracy: 0.0000 | Adv purify accuracy: 0.6260
2025-07-10 20:03:11,153 - ADV_Generation_eps_4.0_steps_100_Purification_type_noisy_anchor_anchors_10_alpha_1.2_sigma_0.12_threshold_0.0 - INFO - Batch:[65] Adversarial images for this batch already exist
2025-07-10 20:03:14,908 - ADV_Generation_eps_4.0_steps_100_Purification_type_noisy_anchor_anchors_10_alpha_1.2_sigma_0.12_threshold_0.0 - INFO - Batch 66/106: Clean orig accuracy 0.4924 | Clean purify accuracy 0.3059 | Adv orig accuracy: 0.0000 | Adv purify accuracy: 0.6250
2025-07-10 20:03:14,918 - ADV_Generation_eps_4.0_steps_100_Purification_type_noisy_anchor_anchors_10_alpha_1.2_sigma_0.12_threshold_0.0 - INFO - Batch:[66] Adversarial images for this batch already exist
2025-07-10 20:03:18,763 - ADV_Generation_eps_4.0_steps_100_Purification_type_noisy_anchor_anchors_10_alpha_1.2_sigma_0.12_threshold_0.0 - INFO - Batch 67/106: Clean orig accuracy 0.4944 | Clean purify accuracy 0.3041 | Adv orig accuracy: 0.0000 | Adv purify accuracy: 0.6269
2025-07-10 20:03:18,774 - ADV_Generation_eps_4.0_steps_100_Purification_type_noisy_anchor_anchors_10_alpha_1.2_sigma_0.12_threshold_0.0 - INFO - Batch:[67] Adversarial images for this batch already exist
2025-07-10 20:03:22,597 - ADV_Generation_eps_4.0_steps_100_Purification_type_noisy_anchor_anchors_10_alpha_1.2_sigma_0.12_threshold_0.0 - INFO - Batch 68/106: Clean orig accuracy 0.4963 | Clean purify accuracy 0.3051 | Adv orig accuracy: 0.0000 | Adv purify accuracy: 0.6296
2025-07-10 20:03:22,607 - ADV_Generation_eps_4.0_steps_100_Purification_type_noisy_anchor_anchors_10_alpha_1.2_sigma_0.12_threshold_0.0 - INFO - Batch:[68] Adversarial images for this batch already exist
2025-07-10 20:03:26,345 - ADV_Generation_eps_4.0_steps_100_Purification_type_noisy_anchor_anchors_10_alpha_1.2_sigma_0.12_threshold_0.0 - INFO - Batch 69/106: Clean orig accuracy 0.4991 | Clean purify accuracy 0.3107 | Adv orig accuracy: 0.0000 | Adv purify accuracy: 0.6322
2025-07-10 20:03:26,354 - ADV_Generation_eps_4.0_steps_100_Purification_type_noisy_anchor_anchors_10_alpha_1.2_sigma_0.12_threshold_0.0 - INFO - Batch:[69] Adversarial images for this batch already exist
2025-07-10 20:03:30,095 - ADV_Generation_eps_4.0_steps_100_Purification_type_noisy_anchor_anchors_10_alpha_1.2_sigma_0.12_threshold_0.0 - INFO - Batch 70/106: Clean orig accuracy 0.5018 | Clean purify accuracy 0.3134 | Adv orig accuracy: 0.0000 | Adv purify accuracy: 0.6348
2025-07-10 20:03:30,105 - ADV_Generation_eps_4.0_steps_100_Purification_type_noisy_anchor_anchors_10_alpha_1.2_sigma_0.12_threshold_0.0 - INFO - Batch:[70] Adversarial images for this batch already exist
2025-07-10 20:03:33,866 - ADV_Generation_eps_4.0_steps_100_Purification_type_noisy_anchor_anchors_10_alpha_1.2_sigma_0.12_threshold_0.0 - INFO - Batch 71/106: Clean orig accuracy 0.5035 | Clean purify accuracy 0.3134 | Adv orig accuracy: 0.0000 | Adv purify accuracy: 0.6356
2025-07-10 20:03:33,876 - ADV_Generation_eps_4.0_steps_100_Purification_type_noisy_anchor_anchors_10_alpha_1.2_sigma_0.12_threshold_0.0 - INFO - Batch:[71] Adversarial images for this batch already exist
2025-07-10 20:03:37,654 - ADV_Generation_eps_4.0_steps_100_Purification_type_noisy_anchor_anchors_10_alpha_1.2_sigma_0.12_threshold_0.0 - INFO - Batch 72/106: Clean orig accuracy 0.5017 | Clean purify accuracy 0.3099 | Adv orig accuracy: 0.0000 | Adv purify accuracy: 0.6311
2025-07-10 20:03:37,665 - ADV_Generation_eps_4.0_steps_100_Purification_type_noisy_anchor_anchors_10_alpha_1.2_sigma_0.12_threshold_0.0 - INFO - Batch:[72] Adversarial images for this batch already exist
2025-07-10 20:03:41,482 - ADV_Generation_eps_4.0_steps_100_Purification_type_noisy_anchor_anchors_10_alpha_1.2_sigma_0.12_threshold_0.0 - INFO - Batch 73/106: Clean orig accuracy 0.5060 | Clean purify accuracy 0.3142 | Adv orig accuracy: 0.0000 | Adv purify accuracy: 0.6353
2025-07-10 20:03:41,492 - ADV_Generation_eps_4.0_steps_100_Purification_type_noisy_anchor_anchors_10_alpha_1.2_sigma_0.12_threshold_0.0 - INFO - Batch:[73] Adversarial images for this batch already exist
2025-07-10 20:03:45,298 - ADV_Generation_eps_4.0_steps_100_Purification_type_noisy_anchor_anchors_10_alpha_1.2_sigma_0.12_threshold_0.0 - INFO - Batch 74/106: Clean orig accuracy 0.5093 | Clean purify accuracy 0.3201 | Adv orig accuracy: 0.0000 | Adv purify accuracy: 0.6394
2025-07-10 20:03:45,307 - ADV_Generation_eps_4.0_steps_100_Purification_type_noisy_anchor_anchors_10_alpha_1.2_sigma_0.12_threshold_0.0 - INFO - Batch:[74] Adversarial images for this batch already exist
2025-07-10 20:03:49,228 - ADV_Generation_eps_4.0_steps_100_Purification_type_noisy_anchor_anchors_10_alpha_1.2_sigma_0.12_threshold_0.0 - INFO - Batch 75/106: Clean orig accuracy 0.5083 | Clean purify accuracy 0.3208 | Adv orig accuracy: 0.0000 | Adv purify accuracy: 0.6425
2025-07-10 20:03:49,239 - ADV_Generation_eps_4.0_steps_100_Purification_type_noisy_anchor_anchors_10_alpha_1.2_sigma_0.12_threshold_0.0 - INFO - Batch:[75] Adversarial images for this batch already exist
2025-07-10 20:03:53,017 - ADV_Generation_eps_4.0_steps_100_Purification_type_noisy_anchor_anchors_10_alpha_1.2_sigma_0.12_threshold_0.0 - INFO - Batch 76/106: Clean orig accuracy 0.5132 | Clean purify accuracy 0.3232 | Adv orig accuracy: 0.0000 | Adv purify accuracy: 0.6464
2025-07-10 20:03:53,026 - ADV_Generation_eps_4.0_steps_100_Purification_type_noisy_anchor_anchors_10_alpha_1.2_sigma_0.12_threshold_0.0 - INFO - Batch:[76] Adversarial images for this batch already exist
2025-07-10 20:03:56,795 - ADV_Generation_eps_4.0_steps_100_Purification_type_noisy_anchor_anchors_10_alpha_1.2_sigma_0.12_threshold_0.0 - INFO - Batch 77/106: Clean orig accuracy 0.5106 | Clean purify accuracy 0.3239 | Adv orig accuracy: 0.0000 | Adv purify accuracy: 0.6461
2025-07-10 20:03:56,804 - ADV_Generation_eps_4.0_steps_100_Purification_type_noisy_anchor_anchors_10_alpha_1.2_sigma_0.12_threshold_0.0 - INFO - Batch:[77] Adversarial images for this batch already exist
2025-07-10 20:04:00,598 - ADV_Generation_eps_4.0_steps_100_Purification_type_noisy_anchor_anchors_10_alpha_1.2_sigma_0.12_threshold_0.0 - INFO - Batch 78/106: Clean orig accuracy 0.5072 | Clean purify accuracy 0.3197 | Adv orig accuracy: 0.0000 | Adv purify accuracy: 0.6474
2025-07-10 20:04:00,608 - ADV_Generation_eps_4.0_steps_100_Purification_type_noisy_anchor_anchors_10_alpha_1.2_sigma_0.12_threshold_0.0 - INFO - Batch:[78] Adversarial images for this batch already exist
2025-07-10 20:04:04,336 - ADV_Generation_eps_4.0_steps_100_Purification_type_noisy_anchor_anchors_10_alpha_1.2_sigma_0.12_threshold_0.0 - INFO - Batch 79/106: Clean orig accuracy 0.5047 | Clean purify accuracy 0.3188 | Adv orig accuracy: 0.0000 | Adv purify accuracy: 0.6511
2025-07-10 20:04:04,346 - ADV_Generation_eps_4.0_steps_100_Purification_type_noisy_anchor_anchors_10_alpha_1.2_sigma_0.12_threshold_0.0 - INFO - Batch:[79] Adversarial images for this batch already exist
2025-07-10 20:04:08,211 - ADV_Generation_eps_4.0_steps_100_Purification_type_noisy_anchor_anchors_10_alpha_1.2_sigma_0.12_threshold_0.0 - INFO - Batch 80/106: Clean orig accuracy 0.5039 | Clean purify accuracy 0.3172 | Adv orig accuracy: 0.0000 | Adv purify accuracy: 0.6492
2025-07-10 20:04:08,221 - ADV_Generation_eps_4.0_steps_100_Purification_type_noisy_anchor_anchors_10_alpha_1.2_sigma_0.12_threshold_0.0 - INFO - Batch:[80] Adversarial images for this batch already exist
2025-07-10 20:04:12,031 - ADV_Generation_eps_4.0_steps_100_Purification_type_noisy_anchor_anchors_10_alpha_1.2_sigma_0.12_threshold_0.0 - INFO - Batch 81/106: Clean orig accuracy 0.5039 | Clean purify accuracy 0.3179 | Adv orig accuracy: 0.0000 | Adv purify accuracy: 0.6505
2025-07-10 20:04:12,061 - ADV_Generation_eps_4.0_steps_100_Purification_type_noisy_anchor_anchors_10_alpha_1.2_sigma_0.12_threshold_0.0 - INFO - Batch:[81] Adversarial images for this batch already exist
2025-07-10 20:04:15,883 - ADV_Generation_eps_4.0_steps_100_Purification_type_noisy_anchor_anchors_10_alpha_1.2_sigma_0.12_threshold_0.0 - INFO - Batch 82/106: Clean orig accuracy 0.5030 | Clean purify accuracy 0.3201 | Adv orig accuracy: 0.0000 | Adv purify accuracy: 0.6524
2025-07-10 20:04:15,893 - ADV_Generation_eps_4.0_steps_100_Purification_type_noisy_anchor_anchors_10_alpha_1.2_sigma_0.12_threshold_0.0 - INFO - Batch:[82] Adversarial images for this batch already exist
2025-07-10 20:04:19,687 - ADV_Generation_eps_4.0_steps_100_Purification_type_noisy_anchor_anchors_10_alpha_1.2_sigma_0.12_threshold_0.0 - INFO - Batch 83/106: Clean orig accuracy 0.5008 | Clean purify accuracy 0.3208 | Adv orig accuracy: 0.0000 | Adv purify accuracy: 0.6551
2025-07-10 20:04:19,696 - ADV_Generation_eps_4.0_steps_100_Purification_type_noisy_anchor_anchors_10_alpha_1.2_sigma_0.12_threshold_0.0 - INFO - Batch:[83] Adversarial images for this batch already exist
2025-07-10 20:04:23,593 - ADV_Generation_eps_4.0_steps_100_Purification_type_noisy_anchor_anchors_10_alpha_1.2_sigma_0.12_threshold_0.0 - INFO - Batch 84/106: Clean orig accuracy 0.5015 | Clean purify accuracy 0.3222 | Adv orig accuracy: 0.0000 | Adv purify accuracy: 0.6570
2025-07-10 20:04:23,603 - ADV_Generation_eps_4.0_steps_100_Purification_type_noisy_anchor_anchors_10_alpha_1.2_sigma_0.12_threshold_0.0 - INFO - Batch:[84] Adversarial images for this batch already exist
2025-07-10 20:04:27,379 - ADV_Generation_eps_4.0_steps_100_Purification_type_noisy_anchor_anchors_10_alpha_1.2_sigma_0.12_threshold_0.0 - INFO - Batch 85/106: Clean orig accuracy 0.4993 | Clean purify accuracy 0.3199 | Adv orig accuracy: 0.0000 | Adv purify accuracy: 0.6566
2025-07-10 20:04:27,389 - ADV_Generation_eps_4.0_steps_100_Purification_type_noisy_anchor_anchors_10_alpha_1.2_sigma_0.12_threshold_0.0 - INFO - Batch:[85] Adversarial images for this batch already exist
2025-07-10 20:04:31,193 - ADV_Generation_eps_4.0_steps_100_Purification_type_noisy_anchor_anchors_10_alpha_1.2_sigma_0.12_threshold_0.0 - INFO - Batch 86/106: Clean orig accuracy 0.4964 | Clean purify accuracy 0.3198 | Adv orig accuracy: 0.0000 | Adv purify accuracy: 0.6562
2025-07-10 20:04:31,204 - ADV_Generation_eps_4.0_steps_100_Purification_type_noisy_anchor_anchors_10_alpha_1.2_sigma_0.12_threshold_0.0 - INFO - Batch:[86] Adversarial images for this batch already exist
2025-07-10 20:04:35,033 - ADV_Generation_eps_4.0_steps_100_Purification_type_noisy_anchor_anchors_10_alpha_1.2_sigma_0.12_threshold_0.0 - INFO - Batch 87/106: Clean orig accuracy 0.4957 | Clean purify accuracy 0.3190 | Adv orig accuracy: 0.0000 | Adv purify accuracy: 0.6573
2025-07-10 20:04:35,097 - ADV_Generation_eps_4.0_steps_100_Purification_type_noisy_anchor_anchors_10_alpha_1.2_sigma_0.12_threshold_0.0 - INFO - Batch:[87] Adversarial images for this batch already exist
2025-07-10 20:04:38,918 - ADV_Generation_eps_4.0_steps_100_Purification_type_noisy_anchor_anchors_10_alpha_1.2_sigma_0.12_threshold_0.0 - INFO - Batch 88/106: Clean orig accuracy 0.4972 | Clean purify accuracy 0.3196 | Adv orig accuracy: 0.0000 | Adv purify accuracy: 0.6570
2025-07-10 20:04:38,928 - ADV_Generation_eps_4.0_steps_100_Purification_type_noisy_anchor_anchors_10_alpha_1.2_sigma_0.12_threshold_0.0 - INFO - Batch:[88] Adversarial images for this batch already exist
2025-07-10 20:04:42,668 - ADV_Generation_eps_4.0_steps_100_Purification_type_noisy_anchor_anchors_10_alpha_1.2_sigma_0.12_threshold_0.0 - INFO - Batch 89/106: Clean orig accuracy 0.5007 | Clean purify accuracy 0.3195 | Adv orig accuracy: 0.0000 | Adv purify accuracy: 0.6608
2025-07-10 20:04:42,680 - ADV_Generation_eps_4.0_steps_100_Purification_type_noisy_anchor_anchors_10_alpha_1.2_sigma_0.12_threshold_0.0 - INFO - Batch:[89] Adversarial images for this batch already exist
2025-07-10 20:04:46,450 - ADV_Generation_eps_4.0_steps_100_Purification_type_noisy_anchor_anchors_10_alpha_1.2_sigma_0.12_threshold_0.0 - INFO - Batch 90/106: Clean orig accuracy 0.5035 | Clean purify accuracy 0.3243 | Adv orig accuracy: 0.0000 | Adv purify accuracy: 0.6646
2025-07-10 20:04:46,461 - ADV_Generation_eps_4.0_steps_100_Purification_type_noisy_anchor_anchors_10_alpha_1.2_sigma_0.12_threshold_0.0 - INFO - Batch:[90] Adversarial images for this batch already exist
2025-07-10 20:04:50,258 - ADV_Generation_eps_4.0_steps_100_Purification_type_noisy_anchor_anchors_10_alpha_1.2_sigma_0.12_threshold_0.0 - INFO - Batch 91/106: Clean orig accuracy 0.5069 | Clean purify accuracy 0.3249 | Adv orig accuracy: 0.0000 | Adv purify accuracy: 0.6662
2025-07-10 20:04:50,268 - ADV_Generation_eps_4.0_steps_100_Purification_type_noisy_anchor_anchors_10_alpha_1.2_sigma_0.12_threshold_0.0 - INFO - Batch:[91] Adversarial images for this batch already exist
2025-07-10 20:04:53,999 - ADV_Generation_eps_4.0_steps_100_Purification_type_noisy_anchor_anchors_10_alpha_1.2_sigma_0.12_threshold_0.0 - INFO - Batch 92/106: Clean orig accuracy 0.5088 | Clean purify accuracy 0.3261 | Adv orig accuracy: 0.0000 | Adv purify accuracy: 0.6685
2025-07-10 20:04:54,009 - ADV_Generation_eps_4.0_steps_100_Purification_type_noisy_anchor_anchors_10_alpha_1.2_sigma_0.12_threshold_0.0 - INFO - Batch:[92] Adversarial images for this batch already exist
2025-07-10 20:04:57,746 - ADV_Generation_eps_4.0_steps_100_Purification_type_noisy_anchor_anchors_10_alpha_1.2_sigma_0.12_threshold_0.0 - INFO - Batch 93/106: Clean orig accuracy 0.5081 | Clean purify accuracy 0.3259 | Adv orig accuracy: 0.0000 | Adv purify accuracy: 0.6680
2025-07-10 20:04:57,755 - ADV_Generation_eps_4.0_steps_100_Purification_type_noisy_anchor_anchors_10_alpha_1.2_sigma_0.12_threshold_0.0 - INFO - Batch:[93] Adversarial images for this batch already exist
2025-07-10 20:05:01,565 - ADV_Generation_eps_4.0_steps_100_Purification_type_noisy_anchor_anchors_10_alpha_1.2_sigma_0.12_threshold_0.0 - INFO - Batch 94/106: Clean orig accuracy 0.5053 | Clean purify accuracy 0.3238 | Adv orig accuracy: 0.0000 | Adv purify accuracy: 0.6695
2025-07-10 20:05:01,575 - ADV_Generation_eps_4.0_steps_100_Purification_type_noisy_anchor_anchors_10_alpha_1.2_sigma_0.12_threshold_0.0 - INFO - Batch:[94] Adversarial images for this batch already exist
2025-07-10 20:05:05,345 - ADV_Generation_eps_4.0_steps_100_Purification_type_noisy_anchor_anchors_10_alpha_1.2_sigma_0.12_threshold_0.0 - INFO - Batch 95/106: Clean orig accuracy 0.5053 | Clean purify accuracy 0.3237 | Adv orig accuracy: 0.0000 | Adv purify accuracy: 0.6697
2025-07-10 20:05:05,356 - ADV_Generation_eps_4.0_steps_100_Purification_type_noisy_anchor_anchors_10_alpha_1.2_sigma_0.12_threshold_0.0 - INFO - Batch:[95] Adversarial images for this batch already exist
2025-07-10 20:05:09,145 - ADV_Generation_eps_4.0_steps_100_Purification_type_noisy_anchor_anchors_10_alpha_1.2_sigma_0.12_threshold_0.0 - INFO - Batch 96/106: Clean orig accuracy 0.5039 | Clean purify accuracy 0.3223 | Adv orig accuracy: 0.0000 | Adv purify accuracy: 0.6699
2025-07-10 20:05:09,156 - ADV_Generation_eps_4.0_steps_100_Purification_type_noisy_anchor_anchors_10_alpha_1.2_sigma_0.12_threshold_0.0 - INFO - Batch:[96] Adversarial images for this batch already exist
2025-07-10 20:05:12,909 - ADV_Generation_eps_4.0_steps_100_Purification_type_noisy_anchor_anchors_10_alpha_1.2_sigma_0.12_threshold_0.0 - INFO - Batch 97/106: Clean orig accuracy 0.5058 | Clean purify accuracy 0.3215 | Adv orig accuracy: 0.0000 | Adv purify accuracy: 0.6727
2025-07-10 20:05:12,934 - ADV_Generation_eps_4.0_steps_100_Purification_type_noisy_anchor_anchors_10_alpha_1.2_sigma_0.12_threshold_0.0 - INFO - Batch:[97] Adversarial images for this batch already exist
2025-07-10 20:05:16,731 - ADV_Generation_eps_4.0_steps_100_Purification_type_noisy_anchor_anchors_10_alpha_1.2_sigma_0.12_threshold_0.0 - INFO - Batch 98/106: Clean orig accuracy 0.5077 | Clean purify accuracy 0.3246 | Adv orig accuracy: 0.0000 | Adv purify accuracy: 0.6741
2025-07-10 20:05:16,741 - ADV_Generation_eps_4.0_steps_100_Purification_type_noisy_anchor_anchors_10_alpha_1.2_sigma_0.12_threshold_0.0 - INFO - Batch:[98] Adversarial images for this batch already exist
2025-07-10 20:05:20,504 - ADV_Generation_eps_4.0_steps_100_Purification_type_noisy_anchor_anchors_10_alpha_1.2_sigma_0.12_threshold_0.0 - INFO - Batch 99/106: Clean orig accuracy 0.5107 | Clean purify accuracy 0.3289 | Adv orig accuracy: 0.0000 | Adv purify accuracy: 0.6768
2025-07-10 20:05:20,522 - ADV_Generation_eps_4.0_steps_100_Purification_type_noisy_anchor_anchors_10_alpha_1.2_sigma_0.12_threshold_0.0 - INFO - Batch:[99] Adversarial images for this batch already exist
2025-07-10 20:05:24,295 - ADV_Generation_eps_4.0_steps_100_Purification_type_noisy_anchor_anchors_10_alpha_1.2_sigma_0.12_threshold_0.0 - INFO - Batch 100/106: Clean orig accuracy 0.5150 | Clean purify accuracy 0.3319 | Adv orig accuracy: 0.0000 | Adv purify accuracy: 0.6781
2025-07-10 20:05:24,306 - ADV_Generation_eps_4.0_steps_100_Purification_type_noisy_anchor_anchors_10_alpha_1.2_sigma_0.12_threshold_0.0 - INFO - Batch:[100] Adversarial images for this batch already exist
2025-07-10 20:05:28,093 - ADV_Generation_eps_4.0_steps_100_Purification_type_noisy_anchor_anchors_10_alpha_1.2_sigma_0.12_threshold_0.0 - INFO - Batch 101/106: Clean orig accuracy 0.5186 | Clean purify accuracy 0.3335 | Adv orig accuracy: 0.0000 | Adv purify accuracy: 0.6788
2025-07-10 20:05:28,105 - ADV_Generation_eps_4.0_steps_100_Purification_type_noisy_anchor_anchors_10_alpha_1.2_sigma_0.12_threshold_0.0 - INFO - Batch:[101] Adversarial images for this batch already exist
2025-07-10 20:05:31,857 - ADV_Generation_eps_4.0_steps_100_Purification_type_noisy_anchor_anchors_10_alpha_1.2_sigma_0.12_threshold_0.0 - INFO - Batch 102/106: Clean orig accuracy 0.5184 | Clean purify accuracy 0.3327 | Adv orig accuracy: 0.0000 | Adv purify accuracy: 0.6789
2025-07-10 20:05:31,880 - ADV_Generation_eps_4.0_steps_100_Purification_type_noisy_anchor_anchors_10_alpha_1.2_sigma_0.12_threshold_0.0 - INFO - Batch:[102] Adversarial images for this batch already exist
2025-07-10 20:05:35,648 - ADV_Generation_eps_4.0_steps_100_Purification_type_noisy_anchor_anchors_10_alpha_1.2_sigma_0.12_threshold_0.0 - INFO - Batch 103/106: Clean orig accuracy 0.5182 | Clean purify accuracy 0.3337 | Adv orig accuracy: 0.0000 | Adv purify accuracy: 0.6802
2025-07-10 20:05:35,658 - ADV_Generation_eps_4.0_steps_100_Purification_type_noisy_anchor_anchors_10_alpha_1.2_sigma_0.12_threshold_0.0 - INFO - Batch:[103] Adversarial images for this batch already exist
2025-07-10 20:05:39,766 - ADV_Generation_eps_4.0_steps_100_Purification_type_noisy_anchor_anchors_10_alpha_1.2_sigma_0.12_threshold_0.0 - INFO - Batch 104/106: Clean orig accuracy 0.5186 | Clean purify accuracy 0.3347 | Adv orig accuracy: 0.0000 | Adv purify accuracy: 0.6809
2025-07-10 20:05:39,794 - ADV_Generation_eps_4.0_steps_100_Purification_type_noisy_anchor_anchors_10_alpha_1.2_sigma_0.12_threshold_0.0 - INFO - Batch:[104] Adversarial images for this batch already exist
2025-07-10 20:05:43,542 - ADV_Generation_eps_4.0_steps_100_Purification_type_noisy_anchor_anchors_10_alpha_1.2_sigma_0.12_threshold_0.0 - INFO - Batch 105/106: Clean orig accuracy 0.5214 | Clean purify accuracy 0.3393 | Adv orig accuracy: 0.0000 | Adv purify accuracy: 0.6833
2025-07-10 20:05:43,551 - ADV_Generation_eps_4.0_steps_100_Purification_type_noisy_anchor_anchors_10_alpha_1.2_sigma_0.12_threshold_0.0 - INFO - Batch:[105] Adversarial images for this batch already exist
2025-07-10 20:05:46,564 - ADV_Generation_eps_4.0_steps_100_Purification_type_noisy_anchor_anchors_10_alpha_1.2_sigma_0.12_threshold_0.0 - INFO - Batch 106/106: Clean orig accuracy 0.5242 | Clean purify accuracy 0.3428 | Adv orig accuracy: 0.0000 | Adv purify accuracy: 0.6856
2025-07-10 20:05:46,718 - ADV_Generation_eps_4.0_steps_100_Purification_type_noisy_anchor_anchors_10_alpha_1.2_sigma_0.12_threshold_0.0 - INFO - Final Clean orig accuracy: 0.5242 | Clean purify accuracy: 0.3428
2025-07-10 20:05:46,718 - ADV_Generation_eps_4.0_steps_100_Purification_type_noisy_anchor_anchors_10_alpha_1.2_sigma_0.12_threshold_0.0 - INFO - Final Adv orig accuracy: 0.0000 | Adv purify accuracy: 0.6856
2025-07-10 20:05:46,718 - ADV_Generation_eps_4.0_steps_100_Purification_type_noisy_anchor_anchors_10_alpha_1.2_sigma_0.12_threshold_0.0 - INFO - Diff_ratio_clean: 0.6042 | Diff_ratio_adv: 1.1142
2025-07-10 20:05:46,718 - ADV_Generation_eps_4.0_steps_100_Purification_type_noisy_anchor_anchors_10_alpha_1.2_sigma_0.12_threshold_0.0 - INFO - Adversarial image generation completed. Results
