2026-02-02 18:42:23,689 - ADV_Generation_eps_1.0_steps_10_Added_Noise_gaussian_Sigma_0.12_Tau_Type_noisy - INFO - ==========================================
data:/leonardo_work/EUHPC_R04_192/fmohamma/Adversarial_Robust_Clip/atpt_data/downstream_datasets
test_sets:Cars
dataset_mode:test
arch:delta_clip_l14_224
resolution:224
transferability:False
source_model:fare4
workers:4
no_pin_memory:False
batch_size:1
adv_bs:1
print_freq:20
gpu:0
no_cudnn_benchmark:False
n_ctx:4
ctx_init:a_photo_of_a
seed:0
output_dir:/leonardo_work/EUHPC_R04_192/fmohamma/Adversarial_Robust_Clip/atpt_data/delta_clip_l14_224/Cars
log_output_dir:/leonardo_work/EUHPC_R04_192/fmohamma/Adversarial_Robust_Clip/ATPT/Diffratio_Adv_gen_Results/delta_clip_l14_224/Cars/ADV_Generation_eps_1.0_steps_10_Added_Noise_gaussian_Sigma_0.12_Tau_Type_noisy
image_only_attack:False
image_only_attack_type:prm
image_predicted_label_attack:False
eps:1.0
alpha:0.25
alpha_eps_ratio:4.0
steps:10
counter_attack:True
counter_attack_type:pgd
counter_attack_steps:0
counter_attack_eps:1.0
counter_attack_alpha:1.0
counter_attack_tau_thres:0.2
counter_attack_beta:2.0
counter_attack_weighted_perturbations:True
counter_attack_init_noise:gaussian
counter_attack_gaussian_sigma:0.12
counter_attack_noisy_tau_num_anchors:10
counter_attack_tau:noisy
pgd_clip_pure_i_text_embeddings:null
pgd_counter_and_clipure_i_lamda:1.0
image_feature_purify:False
image_feature_purify_type:noisy_anchor
image_feature_purify_noisy_anchors:10
image_feature_purify_anchors_alpha:1.2
image_feature_purify_noisy_sigma:0.18
image_feature_purify_diff_threshold:0.0
image_feature_clipure_steps:10
image_feature_clipure_step_size:10.0
save_plots:False
lr:0.005
selection_p:0.1
tta_steps:1
top_k:20
softmax_temp:0.01
load_tecoa:

2026-02-02 18:42:23,690 - ADV_Generation_eps_1.0_steps_10_Added_Noise_gaussian_Sigma_0.12_Tau_Type_noisy - INFO - Use GPU: 0 for training
2026-02-02 18:44:33,841 - ADV_Generation_eps_1.0_steps_10_Added_Noise_gaussian_Sigma_0.12_Tau_Type_noisy - INFO - => Model created: visual backbone delta_clip_l14_224
2026-02-02 18:44:33,869 - ADV_Generation_eps_1.0_steps_10_Added_Noise_gaussian_Sigma_0.12_Tau_Type_noisy - INFO - Number of test samples: 8041
2026-02-02 18:44:33,869 - ADV_Generation_eps_1.0_steps_10_Added_Noise_gaussian_Sigma_0.12_Tau_Type_noisy - INFO - Evaluating dataset: Cars
2026-02-02 18:44:33,870 - ADV_Generation_eps_1.0_steps_10_Added_Noise_gaussian_Sigma_0.12_Tau_Type_noisy - INFO - Starting evaluation with batch size: 1, selection percentage: 0.1
2026-02-02 18:44:33,870 - ADV_Generation_eps_1.0_steps_10_Added_Noise_gaussian_Sigma_0.12_Tau_Type_noisy - INFO - Using counter-attack with epsilon: 1.000000, alpha: 1.000000, steps: 0
2026-02-02 18:44:33,870 - ADV_Generation_eps_1.0_steps_10_Added_Noise_gaussian_Sigma_0.12_Tau_Type_noisy - INFO - Adversarial examples will be loaded from /leonardo_work/EUHPC_R04_192/fmohamma/Adversarial_Robust_Clip/atpt_data/delta_clip_l14_224/Cars/adv_images_eps_1.0_alpha_0.25_steps_10 and evaluated on delta_clip_l14_224
2026-02-02 18:44:33,871 - ADV_Generation_eps_1.0_steps_10_Added_Noise_gaussian_Sigma_0.12_Tau_Type_noisy - INFO - Using directory for adversarial images: /leonardo_work/EUHPC_R04_192/fmohamma/Adversarial_Robust_Clip/atpt_data/delta_clip_l14_224/Cars/adv_images_eps_1.0_alpha_0.25_steps_10
2026-02-02 18:44:34,115 - ADV_Generation_eps_1.0_steps_10_Added_Noise_gaussian_Sigma_0.12_Tau_Type_noisy - INFO - Batch:[0] Adversarial images for this batch already exist
2026-02-02 18:44:35,162 - ADV_Generation_eps_1.0_steps_10_Added_Noise_gaussian_Sigma_0.12_Tau_Type_noisy - INFO - Batch 1/8041: Clean accuracy 1.0000 | Adv accuracy: 1.0000 | Counter-attack accuracy: 1.0000
2026-02-02 18:44:35,163 - ADV_Generation_eps_1.0_steps_10_Added_Noise_gaussian_Sigma_0.12_Tau_Type_noisy - INFO - Batch:[1] Adversarial images for this batch already exist
2026-02-02 18:44:35,592 - ADV_Generation_eps_1.0_steps_10_Added_Noise_gaussian_Sigma_0.12_Tau_Type_noisy - INFO - Batch 2/8041: Clean accuracy 1.0000 | Adv accuracy: 1.0000 | Counter-attack accuracy: 1.0000
2026-02-02 18:44:35,593 - ADV_Generation_eps_1.0_steps_10_Added_Noise_gaussian_Sigma_0.12_Tau_Type_noisy - INFO - Batch:[2] Adversarial images for this batch already exist
2026-02-02 18:44:36,023 - ADV_Generation_eps_1.0_steps_10_Added_Noise_gaussian_Sigma_0.12_Tau_Type_noisy - INFO - Batch 3/8041: Clean accuracy 1.0000 | Adv accuracy: 1.0000 | Counter-attack accuracy: 1.0000
2026-02-02 18:44:36,024 - ADV_Generation_eps_1.0_steps_10_Added_Noise_gaussian_Sigma_0.12_Tau_Type_noisy - INFO - Batch:[3] Adversarial images for this batch already exist
2026-02-02 18:44:36,447 - ADV_Generation_eps_1.0_steps_10_Added_Noise_gaussian_Sigma_0.12_Tau_Type_noisy - INFO - Batch 4/8041: Clean accuracy 1.0000 | Adv accuracy: 1.0000 | Counter-attack accuracy: 1.0000
2026-02-02 18:44:36,448 - ADV_Generation_eps_1.0_steps_10_Added_Noise_gaussian_Sigma_0.12_Tau_Type_noisy - INFO - Batch:[4] Adversarial images for this batch already exist
2026-02-02 18:44:36,873 - ADV_Generation_eps_1.0_steps_10_Added_Noise_gaussian_Sigma_0.12_Tau_Type_noisy - INFO - Batch 5/8041: Clean accuracy 1.0000 | Adv accuracy: 1.0000 | Counter-attack accuracy: 1.0000
2026-02-02 18:44:36,874 - ADV_Generation_eps_1.0_steps_10_Added_Noise_gaussian_Sigma_0.12_Tau_Type_noisy - INFO - Batch:[5] Adversarial images for this batch already exist
2026-02-02 18:44:37,311 - ADV_Generation_eps_1.0_steps_10_Added_Noise_gaussian_Sigma_0.12_Tau_Type_noisy - INFO - Batch 6/8041: Clean accuracy 1.0000 | Adv accuracy: 1.0000 | Counter-attack accuracy: 1.0000
2026-02-02 18:44:37,312 - ADV_Generation_eps_1.0_steps_10_Added_Noise_gaussian_Sigma_0.12_Tau_Type_noisy - INFO - Batch:[6] Adversarial images for this batch already exist
2026-02-02 18:44:37,751 - ADV_Generation_eps_1.0_steps_10_Added_Noise_gaussian_Sigma_0.12_Tau_Type_noisy - INFO - Batch 7/8041: Clean accuracy 1.0000 | Adv accuracy: 1.0000 | Counter-attack accuracy: 1.0000
2026-02-02 18:44:37,752 - ADV_Generation_eps_1.0_steps_10_Added_Noise_gaussian_Sigma_0.12_Tau_Type_noisy - INFO - Batch:[7] Adversarial images for this batch already exist
2026-02-02 18:44:38,181 - ADV_Generation_eps_1.0_steps_10_Added_Noise_gaussian_Sigma_0.12_Tau_Type_noisy - INFO - Batch 8/8041: Clean accuracy 1.0000 | Adv accuracy: 1.0000 | Counter-attack accuracy: 1.0000
2026-02-02 18:44:38,182 - ADV_Generation_eps_1.0_steps_10_Added_Noise_gaussian_Sigma_0.12_Tau_Type_noisy - INFO - Batch:[8] Adversarial images for this batch already exist
2026-02-02 18:44:38,610 - ADV_Generation_eps_1.0_steps_10_Added_Noise_gaussian_Sigma_0.12_Tau_Type_noisy - INFO - Batch 9/8041: Clean accuracy 1.0000 | Adv accuracy: 0.8889 | Counter-attack accuracy: 1.0000
2026-02-02 18:44:38,611 - ADV_Generation_eps_1.0_steps_10_Added_Noise_gaussian_Sigma_0.12_Tau_Type_noisy - INFO - Batch:[9] Adversarial images for this batch already exist
2026-02-02 18:44:39,041 - ADV_Generation_eps_1.0_steps_10_Added_Noise_gaussian_Sigma_0.12_Tau_Type_noisy - INFO - Batch 10/8041: Clean accuracy 1.0000 | Adv accuracy: 0.9000 | Counter-attack accuracy: 1.0000
2026-02-02 18:44:39,042 - ADV_Generation_eps_1.0_steps_10_Added_Noise_gaussian_Sigma_0.12_Tau_Type_noisy - INFO - Batch:[10] Adversarial images for this batch already exist
2026-02-02 18:44:39,474 - ADV_Generation_eps_1.0_steps_10_Added_Noise_gaussian_Sigma_0.12_Tau_Type_noisy - INFO - Batch 11/8041: Clean accuracy 1.0000 | Adv accuracy: 0.9091 | Counter-attack accuracy: 0.9091
2026-02-02 18:44:39,475 - ADV_Generation_eps_1.0_steps_10_Added_Noise_gaussian_Sigma_0.12_Tau_Type_noisy - INFO - Batch:[11] Adversarial images for this batch already exist
2026-02-02 18:44:39,902 - ADV_Generation_eps_1.0_steps_10_Added_Noise_gaussian_Sigma_0.12_Tau_Type_noisy - INFO - Batch 12/8041: Clean accuracy 1.0000 | Adv accuracy: 0.9167 | Counter-attack accuracy: 0.9167
2026-02-02 18:44:39,903 - ADV_Generation_eps_1.0_steps_10_Added_Noise_gaussian_Sigma_0.12_Tau_Type_noisy - INFO - Batch:[12] Adversarial images for this batch already exist
2026-02-02 18:44:40,337 - ADV_Generation_eps_1.0_steps_10_Added_Noise_gaussian_Sigma_0.12_Tau_Type_noisy - INFO - Batch 13/8041: Clean accuracy 0.9231 | Adv accuracy: 0.8462 | Counter-attack accuracy: 0.8462
2026-02-02 18:44:40,338 - ADV_Generation_eps_1.0_steps_10_Added_Noise_gaussian_Sigma_0.12_Tau_Type_noisy - INFO - Batch:[13] Adversarial images for this batch already exist
2026-02-02 18:44:40,767 - ADV_Generation_eps_1.0_steps_10_Added_Noise_gaussian_Sigma_0.12_Tau_Type_noisy - INFO - Batch 14/8041: Clean accuracy 0.9286 | Adv accuracy: 0.8571 | Counter-attack accuracy: 0.8571
2026-02-02 18:44:40,768 - ADV_Generation_eps_1.0_steps_10_Added_Noise_gaussian_Sigma_0.12_Tau_Type_noisy - INFO - Batch:[14] Adversarial images for this batch already exist
2026-02-02 18:44:41,203 - ADV_Generation_eps_1.0_steps_10_Added_Noise_gaussian_Sigma_0.12_Tau_Type_noisy - INFO - Batch 15/8041: Clean accuracy 0.8667 | Adv accuracy: 0.8000 | Counter-attack accuracy: 0.8000
2026-02-02 18:44:41,204 - ADV_Generation_eps_1.0_steps_10_Added_Noise_gaussian_Sigma_0.12_Tau_Type_noisy - INFO - Batch:[15] Adversarial images for this batch already exist
2026-02-02 18:44:41,629 - ADV_Generation_eps_1.0_steps_10_Added_Noise_gaussian_Sigma_0.12_Tau_Type_noisy - INFO - Batch 16/8041: Clean accuracy 0.8750 | Adv accuracy: 0.8125 | Counter-attack accuracy: 0.8125
2026-02-02 18:44:41,630 - ADV_Generation_eps_1.0_steps_10_Added_Noise_gaussian_Sigma_0.12_Tau_Type_noisy - INFO - Batch:[16] Adversarial images for this batch already exist
2026-02-02 18:44:42,073 - ADV_Generation_eps_1.0_steps_10_Added_Noise_gaussian_Sigma_0.12_Tau_Type_noisy - INFO - Batch 17/8041: Clean accuracy 0.8824 | Adv accuracy: 0.8235 | Counter-attack accuracy: 0.8235
2026-02-02 18:44:42,075 - ADV_Generation_eps_1.0_steps_10_Added_Noise_gaussian_Sigma_0.12_Tau_Type_noisy - INFO - Batch:[17] Adversarial images for this batch already exist
2026-02-02 18:44:42,501 - ADV_Generation_eps_1.0_steps_10_Added_Noise_gaussian_Sigma_0.12_Tau_Type_noisy - INFO - Batch 18/8041: Clean accuracy 0.8889 | Adv accuracy: 0.8333 | Counter-attack accuracy: 0.8333
2026-02-02 18:44:42,502 - ADV_Generation_eps_1.0_steps_10_Added_Noise_gaussian_Sigma_0.12_Tau_Type_noisy - INFO - Batch:[18] Adversarial images for this batch already exist
2026-02-02 18:44:42,936 - ADV_Generation_eps_1.0_steps_10_Added_Noise_gaussian_Sigma_0.12_Tau_Type_noisy - INFO - Batch 19/8041: Clean accuracy 0.8421 | Adv accuracy: 0.7895 | Counter-attack accuracy: 0.7895
2026-02-02 18:44:42,937 - ADV_Generation_eps_1.0_steps_10_Added_Noise_gaussian_Sigma_0.12_Tau_Type_noisy - INFO - Batch:[19] Adversarial images for this batch already exist
2026-02-02 18:44:43,369 - ADV_Generation_eps_1.0_steps_10_Added_Noise_gaussian_Sigma_0.12_Tau_Type_noisy - INFO - Batch 20/8041: Clean accuracy 0.8500 | Adv accuracy: 0.8000 | Counter-attack accuracy: 0.8000
2026-02-02 18:44:43,371 - ADV_Generation_eps_1.0_steps_10_Added_Noise_gaussian_Sigma_0.12_Tau_Type_noisy - INFO - Batch:[20] Adversarial images for this batch already exist
2026-02-02 18:44:43,800 - ADV_Generation_eps_1.0_steps_10_Added_Noise_gaussian_Sigma_0.12_Tau_Type_noisy - INFO - Batch 21/8041: Clean accuracy 0.8571 | Adv accuracy: 0.8095 | Counter-attack accuracy: 0.8095
2026-02-02 18:44:43,801 - ADV_Generation_eps_1.0_steps_10_Added_Noise_gaussian_Sigma_0.12_Tau_Type_noisy - INFO - Batch:[21] Adversarial images for this batch already exist
2026-02-02 18:44:44,232 - ADV_Generation_eps_1.0_steps_10_Added_Noise_gaussian_Sigma_0.12_Tau_Type_noisy - INFO - Batch 22/8041: Clean accuracy 0.8182 | Adv accuracy: 0.7727 | Counter-attack accuracy: 0.8182
2026-02-02 18:44:44,233 - ADV_Generation_eps_1.0_steps_10_Added_Noise_gaussian_Sigma_0.12_Tau_Type_noisy - INFO - Batch:[22] Adversarial images for this batch already exist
2026-02-02 18:44:44,660 - ADV_Generation_eps_1.0_steps_10_Added_Noise_gaussian_Sigma_0.12_Tau_Type_noisy - INFO - Batch 23/8041: Clean accuracy 0.8261 | Adv accuracy: 0.7826 | Counter-attack accuracy: 0.8261
2026-02-02 18:44:44,661 - ADV_Generation_eps_1.0_steps_10_Added_Noise_gaussian_Sigma_0.12_Tau_Type_noisy - INFO - Batch:[23] Adversarial images for this batch already exist
2026-02-02 18:44:45,089 - ADV_Generation_eps_1.0_steps_10_Added_Noise_gaussian_Sigma_0.12_Tau_Type_noisy - INFO - Batch 24/8041: Clean accuracy 0.8333 | Adv accuracy: 0.7917 | Counter-attack accuracy: 0.8333
2026-02-02 18:44:45,090 - ADV_Generation_eps_1.0_steps_10_Added_Noise_gaussian_Sigma_0.12_Tau_Type_noisy - INFO - Batch:[24] Adversarial images for this batch already exist
2026-02-02 18:44:45,515 - ADV_Generation_eps_1.0_steps_10_Added_Noise_gaussian_Sigma_0.12_Tau_Type_noisy - INFO - Batch 25/8041: Clean accuracy 0.8400 | Adv accuracy: 0.8000 | Counter-attack accuracy: 0.8400
2026-02-02 18:44:45,516 - ADV_Generation_eps_1.0_steps_10_Added_Noise_gaussian_Sigma_0.12_Tau_Type_noisy - INFO - Batch:[25] Adversarial images for this batch already exist
2026-02-02 18:44:45,949 - ADV_Generation_eps_1.0_steps_10_Added_Noise_gaussian_Sigma_0.12_Tau_Type_noisy - INFO - Batch 26/8041: Clean accuracy 0.8462 | Adv accuracy: 0.8077 | Counter-attack accuracy: 0.8462
2026-02-02 18:44:45,950 - ADV_Generation_eps_1.0_steps_10_Added_Noise_gaussian_Sigma_0.12_Tau_Type_noisy - INFO - Batch:[26] Adversarial images for this batch already exist
2026-02-02 18:44:46,374 - ADV_Generation_eps_1.0_steps_10_Added_Noise_gaussian_Sigma_0.12_Tau_Type_noisy - INFO - Batch 27/8041: Clean accuracy 0.8519 | Adv accuracy: 0.8148 | Counter-attack accuracy: 0.8519
2026-02-02 18:44:46,375 - ADV_Generation_eps_1.0_steps_10_Added_Noise_gaussian_Sigma_0.12_Tau_Type_noisy - INFO - Batch:[27] Adversarial images for this batch already exist
2026-02-02 18:44:46,800 - ADV_Generation_eps_1.0_steps_10_Added_Noise_gaussian_Sigma_0.12_Tau_Type_noisy - INFO - Batch 28/8041: Clean accuracy 0.8571 | Adv accuracy: 0.8214 | Counter-attack accuracy: 0.8571
2026-02-02 18:44:46,801 - ADV_Generation_eps_1.0_steps_10_Added_Noise_gaussian_Sigma_0.12_Tau_Type_noisy - INFO - Batch:[28] Adversarial images for this batch already exist
2026-02-02 18:44:47,232 - ADV_Generation_eps_1.0_steps_10_Added_Noise_gaussian_Sigma_0.12_Tau_Type_noisy - INFO - Batch 29/8041: Clean accuracy 0.8621 | Adv accuracy: 0.8276 | Counter-attack accuracy: 0.8621
2026-02-02 18:44:47,233 - ADV_Generation_eps_1.0_steps_10_Added_Noise_gaussian_Sigma_0.12_Tau_Type_noisy - INFO - Batch:[29] Adversarial images for this batch already exist
2026-02-02 18:44:47,664 - ADV_Generation_eps_1.0_steps_10_Added_Noise_gaussian_Sigma_0.12_Tau_Type_noisy - INFO - Batch 30/8041: Clean accuracy 0.8667 | Adv accuracy: 0.8333 | Counter-attack accuracy: 0.8667
2026-02-02 18:44:47,665 - ADV_Generation_eps_1.0_steps_10_Added_Noise_gaussian_Sigma_0.12_Tau_Type_noisy - INFO - Batch:[30] Adversarial images for this batch already exist
2026-02-02 18:44:48,093 - ADV_Generation_eps_1.0_steps_10_Added_Noise_gaussian_Sigma_0.12_Tau_Type_noisy - INFO - Batch 31/8041: Clean accuracy 0.8710 | Adv accuracy: 0.8387 | Counter-attack accuracy: 0.8710
2026-02-02 18:44:48,094 - ADV_Generation_eps_1.0_steps_10_Added_Noise_gaussian_Sigma_0.12_Tau_Type_noisy - INFO - Batch:[31] Adversarial images for this batch already exist
2026-02-02 18:44:48,538 - ADV_Generation_eps_1.0_steps_10_Added_Noise_gaussian_Sigma_0.12_Tau_Type_noisy - INFO - Batch 32/8041: Clean accuracy 0.8750 | Adv accuracy: 0.8438 | Counter-attack accuracy: 0.8750
2026-02-02 18:44:48,539 - ADV_Generation_eps_1.0_steps_10_Added_Noise_gaussian_Sigma_0.12_Tau_Type_noisy - INFO - Batch:[32] Adversarial images for this batch already exist
2026-02-02 18:44:48,976 - ADV_Generation_eps_1.0_steps_10_Added_Noise_gaussian_Sigma_0.12_Tau_Type_noisy - INFO - Batch 33/8041: Clean accuracy 0.8485 | Adv accuracy: 0.8182 | Counter-attack accuracy: 0.8485
2026-02-02 18:44:48,976 - ADV_Generation_eps_1.0_steps_10_Added_Noise_gaussian_Sigma_0.12_Tau_Type_noisy - INFO - Batch:[33] Adversarial images for this batch already exist
2026-02-02 18:44:49,406 - ADV_Generation_eps_1.0_steps_10_Added_Noise_gaussian_Sigma_0.12_Tau_Type_noisy - INFO - Batch 34/8041: Clean accuracy 0.8529 | Adv accuracy: 0.8235 | Counter-attack accuracy: 0.8529
2026-02-02 18:44:49,408 - ADV_Generation_eps_1.0_steps_10_Added_Noise_gaussian_Sigma_0.12_Tau_Type_noisy - INFO - Batch:[34] Adversarial images for this batch already exist
2026-02-02 18:44:49,844 - ADV_Generation_eps_1.0_steps_10_Added_Noise_gaussian_Sigma_0.12_Tau_Type_noisy - INFO - Batch 35/8041: Clean accuracy 0.8571 | Adv accuracy: 0.8286 | Counter-attack accuracy: 0.8571
2026-02-02 18:44:49,845 - ADV_Generation_eps_1.0_steps_10_Added_Noise_gaussian_Sigma_0.12_Tau_Type_noisy - INFO - Batch:[35] Adversarial images for this batch already exist
