2026-02-12 11:13:42,395 - ADV_Generation_eps_4.0_steps_100_Added_Noise_uniform_Eps_48.0_Tau_Type_normal_anchors_num_anchors_10 - INFO - ==========================================
data:/leonardo_work/EUHPC_R04_192/fmohamma/Adversarial_Robust_Clip/atpt_data/downstream_datasets
test_sets:UCF101
dataset_mode:test
arch:fare4
resolution:224
transferability:False
source_model:fare4
workers:4
no_pin_memory:False
batch_size:1
adv_bs:1
print_freq:20
gpu:0
no_cudnn_benchmark:False
n_ctx:4
ctx_init:a_photo_of_a
seed:0
output_dir:/leonardo_work/EUHPC_R04_192/fmohamma/Adversarial_Robust_Clip/atpt_data/fare4/UCF101
log_output_dir:/leonardo_work/EUHPC_R04_192/fmohamma/Adversarial_Robust_Clip/ATPT/Diffratio_v3/fare4/UCF101/ADV_Generation_eps_4.0_steps_100_Added_Noise_uniform_Eps_48.0_Tau_Type_normal_anchors_num_anchors_10
image_only_attack:False
image_only_attack_type:prm
image_predicted_label_attack:False
eps:4.0
alpha:1.0
alpha_eps_ratio:4.0
steps:100
counter_attack:True
counter_attack_type:pgd
counter_attack_steps:0
counter_attack_eps:48.0
counter_attack_alpha:1.0
counter_attack_tau_thres:0.2
counter_attack_beta:2.0
counter_attack_weighted_perturbations:True
counter_attack_init_noise:uniform
counter_attack_gaussian_sigma:0.03
counter_attack_noisy_tau_num_anchors:10
counter_attack_tau:normal_anchors
pgd_clip_pure_i_text_embeddings:null
pgd_counter_and_clipure_i_lamda:1.0
image_feature_purify:False
image_feature_purify_type:noisy_anchor
image_feature_purify_noisy_anchors:10
image_feature_purify_anchors_alpha:1.2
image_feature_purify_noisy_sigma:0.18
image_feature_purify_diff_threshold:0.0
image_feature_clipure_steps:10
image_feature_clipure_step_size:10.0
save_plots:False
lr:0.005
selection_p:0.1
tta_steps:1
top_k:20
softmax_temp:0.01
load_tecoa:

2026-02-12 11:13:42,395 - ADV_Generation_eps_4.0_steps_100_Added_Noise_uniform_Eps_48.0_Tau_Type_normal_anchors_num_anchors_10 - INFO - Use GPU: 0 for training
2026-02-12 11:14:44,426 - ADV_Generation_eps_4.0_steps_100_Added_Noise_uniform_Eps_48.0_Tau_Type_normal_anchors_num_anchors_10 - INFO - => Model created: visual backbone fare4
2026-02-12 11:14:44,452 - ADV_Generation_eps_4.0_steps_100_Added_Noise_uniform_Eps_48.0_Tau_Type_normal_anchors_num_anchors_10 - INFO - Number of test samples: 3783
2026-02-12 11:14:44,452 - ADV_Generation_eps_4.0_steps_100_Added_Noise_uniform_Eps_48.0_Tau_Type_normal_anchors_num_anchors_10 - INFO - Evaluating dataset: UCF101
2026-02-12 11:14:44,453 - ADV_Generation_eps_4.0_steps_100_Added_Noise_uniform_Eps_48.0_Tau_Type_normal_anchors_num_anchors_10 - INFO - Starting evaluation with batch size: 1, selection percentage: 0.1
2026-02-12 11:14:44,453 - ADV_Generation_eps_4.0_steps_100_Added_Noise_uniform_Eps_48.0_Tau_Type_normal_anchors_num_anchors_10 - INFO - Using counter-attack with epsilon: 48.000000, alpha: 1.000000, steps: 0
2026-02-12 11:14:44,453 - ADV_Generation_eps_4.0_steps_100_Added_Noise_uniform_Eps_48.0_Tau_Type_normal_anchors_num_anchors_10 - INFO - Adversarial examples will be loaded from /leonardo_work/EUHPC_R04_192/fmohamma/Adversarial_Robust_Clip/atpt_data/fare4/UCF101/adv_images_eps_4.0_alpha_1.0_steps_100 and evaluated on fare4
2026-02-12 11:14:44,454 - ADV_Generation_eps_4.0_steps_100_Added_Noise_uniform_Eps_48.0_Tau_Type_normal_anchors_num_anchors_10 - INFO - Using directory for adversarial images: /leonardo_work/EUHPC_R04_192/fmohamma/Adversarial_Robust_Clip/atpt_data/fare4/UCF101/adv_images_eps_4.0_alpha_1.0_steps_100
2026-02-12 11:14:44,768 - ADV_Generation_eps_4.0_steps_100_Added_Noise_uniform_Eps_48.0_Tau_Type_normal_anchors_num_anchors_10 - INFO - Batch:[0] Adversarial images for this batch already exist
2026-02-12 11:14:46,209 - ADV_Generation_eps_4.0_steps_100_Added_Noise_uniform_Eps_48.0_Tau_Type_normal_anchors_num_anchors_10 - INFO - Batch 1/3783: Clean accuracy 0.0000 | Adv accuracy: 0.0000 | Counter-attack accuracy: 0.0000
2026-02-12 11:14:46,210 - ADV_Generation_eps_4.0_steps_100_Added_Noise_uniform_Eps_48.0_Tau_Type_normal_anchors_num_anchors_10 - INFO - Batch:[1] Adversarial images for this batch already exist
2026-02-12 11:14:46,551 - ADV_Generation_eps_4.0_steps_100_Added_Noise_uniform_Eps_48.0_Tau_Type_normal_anchors_num_anchors_10 - INFO - Batch 2/3783: Clean accuracy 0.5000 | Adv accuracy: 0.0000 | Counter-attack accuracy: 0.0000
2026-02-12 11:14:46,553 - ADV_Generation_eps_4.0_steps_100_Added_Noise_uniform_Eps_48.0_Tau_Type_normal_anchors_num_anchors_10 - INFO - Batch:[2] Adversarial images for this batch already exist
2026-02-12 11:14:46,892 - ADV_Generation_eps_4.0_steps_100_Added_Noise_uniform_Eps_48.0_Tau_Type_normal_anchors_num_anchors_10 - INFO - Batch 3/3783: Clean accuracy 0.6667 | Adv accuracy: 0.3333 | Counter-attack accuracy: 0.3333
2026-02-12 11:14:46,893 - ADV_Generation_eps_4.0_steps_100_Added_Noise_uniform_Eps_48.0_Tau_Type_normal_anchors_num_anchors_10 - INFO - Batch:[3] Adversarial images for this batch already exist
2026-02-12 11:14:47,230 - ADV_Generation_eps_4.0_steps_100_Added_Noise_uniform_Eps_48.0_Tau_Type_normal_anchors_num_anchors_10 - INFO - Batch 4/3783: Clean accuracy 0.7500 | Adv accuracy: 0.5000 | Counter-attack accuracy: 0.5000
2026-02-12 11:14:47,232 - ADV_Generation_eps_4.0_steps_100_Added_Noise_uniform_Eps_48.0_Tau_Type_normal_anchors_num_anchors_10 - INFO - Batch:[4] Adversarial images for this batch already exist
2026-02-12 11:14:47,574 - ADV_Generation_eps_4.0_steps_100_Added_Noise_uniform_Eps_48.0_Tau_Type_normal_anchors_num_anchors_10 - INFO - Batch 5/3783: Clean accuracy 0.8000 | Adv accuracy: 0.6000 | Counter-attack accuracy: 0.6000
2026-02-12 11:14:47,576 - ADV_Generation_eps_4.0_steps_100_Added_Noise_uniform_Eps_48.0_Tau_Type_normal_anchors_num_anchors_10 - INFO - Batch:[5] Adversarial images for this batch already exist
2026-02-12 11:14:47,920 - ADV_Generation_eps_4.0_steps_100_Added_Noise_uniform_Eps_48.0_Tau_Type_normal_anchors_num_anchors_10 - INFO - Batch 6/3783: Clean accuracy 0.8333 | Adv accuracy: 0.6667 | Counter-attack accuracy: 0.6667
2026-02-12 11:14:47,922 - ADV_Generation_eps_4.0_steps_100_Added_Noise_uniform_Eps_48.0_Tau_Type_normal_anchors_num_anchors_10 - INFO - Batch:[6] Adversarial images for this batch already exist
2026-02-12 11:14:48,264 - ADV_Generation_eps_4.0_steps_100_Added_Noise_uniform_Eps_48.0_Tau_Type_normal_anchors_num_anchors_10 - INFO - Batch 7/3783: Clean accuracy 0.8571 | Adv accuracy: 0.5714 | Counter-attack accuracy: 0.5714
2026-02-12 11:14:48,265 - ADV_Generation_eps_4.0_steps_100_Added_Noise_uniform_Eps_48.0_Tau_Type_normal_anchors_num_anchors_10 - INFO - Batch:[7] Adversarial images for this batch already exist
2026-02-12 11:14:48,605 - ADV_Generation_eps_4.0_steps_100_Added_Noise_uniform_Eps_48.0_Tau_Type_normal_anchors_num_anchors_10 - INFO - Batch 8/3783: Clean accuracy 0.8750 | Adv accuracy: 0.5000 | Counter-attack accuracy: 0.6250
2026-02-12 11:14:48,607 - ADV_Generation_eps_4.0_steps_100_Added_Noise_uniform_Eps_48.0_Tau_Type_normal_anchors_num_anchors_10 - INFO - Batch:[8] Adversarial images for this batch already exist
2026-02-12 11:14:48,944 - ADV_Generation_eps_4.0_steps_100_Added_Noise_uniform_Eps_48.0_Tau_Type_normal_anchors_num_anchors_10 - INFO - Batch 9/3783: Clean accuracy 0.8889 | Adv accuracy: 0.4444 | Counter-attack accuracy: 0.5556
2026-02-12 11:14:48,945 - ADV_Generation_eps_4.0_steps_100_Added_Noise_uniform_Eps_48.0_Tau_Type_normal_anchors_num_anchors_10 - INFO - Batch:[9] Adversarial images for this batch already exist
2026-02-12 11:14:49,280 - ADV_Generation_eps_4.0_steps_100_Added_Noise_uniform_Eps_48.0_Tau_Type_normal_anchors_num_anchors_10 - INFO - Batch 10/3783: Clean accuracy 0.9000 | Adv accuracy: 0.4000 | Counter-attack accuracy: 0.5000
2026-02-12 11:14:49,282 - ADV_Generation_eps_4.0_steps_100_Added_Noise_uniform_Eps_48.0_Tau_Type_normal_anchors_num_anchors_10 - INFO - Batch:[10] Adversarial images for this batch already exist
2026-02-12 11:14:49,618 - ADV_Generation_eps_4.0_steps_100_Added_Noise_uniform_Eps_48.0_Tau_Type_normal_anchors_num_anchors_10 - INFO - Batch 11/3783: Clean accuracy 0.9091 | Adv accuracy: 0.4545 | Counter-attack accuracy: 0.5455
2026-02-12 11:14:49,620 - ADV_Generation_eps_4.0_steps_100_Added_Noise_uniform_Eps_48.0_Tau_Type_normal_anchors_num_anchors_10 - INFO - Batch:[11] Adversarial images for this batch already exist
2026-02-12 11:14:49,962 - ADV_Generation_eps_4.0_steps_100_Added_Noise_uniform_Eps_48.0_Tau_Type_normal_anchors_num_anchors_10 - INFO - Batch 12/3783: Clean accuracy 0.9167 | Adv accuracy: 0.5000 | Counter-attack accuracy: 0.5833
2026-02-12 11:14:49,963 - ADV_Generation_eps_4.0_steps_100_Added_Noise_uniform_Eps_48.0_Tau_Type_normal_anchors_num_anchors_10 - INFO - Batch:[12] Adversarial images for this batch already exist
2026-02-12 11:14:50,300 - ADV_Generation_eps_4.0_steps_100_Added_Noise_uniform_Eps_48.0_Tau_Type_normal_anchors_num_anchors_10 - INFO - Batch 13/3783: Clean accuracy 0.9231 | Adv accuracy: 0.5385 | Counter-attack accuracy: 0.6154
2026-02-12 11:14:50,301 - ADV_Generation_eps_4.0_steps_100_Added_Noise_uniform_Eps_48.0_Tau_Type_normal_anchors_num_anchors_10 - INFO - Batch:[13] Adversarial images for this batch already exist
2026-02-12 11:14:50,638 - ADV_Generation_eps_4.0_steps_100_Added_Noise_uniform_Eps_48.0_Tau_Type_normal_anchors_num_anchors_10 - INFO - Batch 14/3783: Clean accuracy 0.9286 | Adv accuracy: 0.5000 | Counter-attack accuracy: 0.6429
2026-02-12 11:14:50,639 - ADV_Generation_eps_4.0_steps_100_Added_Noise_uniform_Eps_48.0_Tau_Type_normal_anchors_num_anchors_10 - INFO - Batch:[14] Adversarial images for this batch already exist
2026-02-12 11:14:50,991 - ADV_Generation_eps_4.0_steps_100_Added_Noise_uniform_Eps_48.0_Tau_Type_normal_anchors_num_anchors_10 - INFO - Batch 15/3783: Clean accuracy 0.9333 | Adv accuracy: 0.5333 | Counter-attack accuracy: 0.6667
2026-02-12 11:14:50,993 - ADV_Generation_eps_4.0_steps_100_Added_Noise_uniform_Eps_48.0_Tau_Type_normal_anchors_num_anchors_10 - INFO - Batch:[15] Adversarial images for this batch already exist
2026-02-12 11:14:51,329 - ADV_Generation_eps_4.0_steps_100_Added_Noise_uniform_Eps_48.0_Tau_Type_normal_anchors_num_anchors_10 - INFO - Batch 16/3783: Clean accuracy 0.9375 | Adv accuracy: 0.5000 | Counter-attack accuracy: 0.6875
2026-02-12 11:14:51,330 - ADV_Generation_eps_4.0_steps_100_Added_Noise_uniform_Eps_48.0_Tau_Type_normal_anchors_num_anchors_10 - INFO - Batch:[16] Adversarial images for this batch already exist
2026-02-12 11:14:51,673 - ADV_Generation_eps_4.0_steps_100_Added_Noise_uniform_Eps_48.0_Tau_Type_normal_anchors_num_anchors_10 - INFO - Batch 17/3783: Clean accuracy 0.9412 | Adv accuracy: 0.5294 | Counter-attack accuracy: 0.7059
2026-02-12 11:14:51,674 - ADV_Generation_eps_4.0_steps_100_Added_Noise_uniform_Eps_48.0_Tau_Type_normal_anchors_num_anchors_10 - INFO - Batch:[17] Adversarial images for this batch already exist
2026-02-12 11:14:52,011 - ADV_Generation_eps_4.0_steps_100_Added_Noise_uniform_Eps_48.0_Tau_Type_normal_anchors_num_anchors_10 - INFO - Batch 18/3783: Clean accuracy 0.9444 | Adv accuracy: 0.5000 | Counter-attack accuracy: 0.6667
2026-02-12 11:14:52,013 - ADV_Generation_eps_4.0_steps_100_Added_Noise_uniform_Eps_48.0_Tau_Type_normal_anchors_num_anchors_10 - INFO - Batch:[18] Adversarial images for this batch already exist
2026-02-12 11:14:52,352 - ADV_Generation_eps_4.0_steps_100_Added_Noise_uniform_Eps_48.0_Tau_Type_normal_anchors_num_anchors_10 - INFO - Batch 19/3783: Clean accuracy 0.9474 | Adv accuracy: 0.4737 | Counter-attack accuracy: 0.6316
2026-02-12 11:14:52,354 - ADV_Generation_eps_4.0_steps_100_Added_Noise_uniform_Eps_48.0_Tau_Type_normal_anchors_num_anchors_10 - INFO - Batch:[19] Adversarial images for this batch already exist
2026-02-12 11:14:52,697 - ADV_Generation_eps_4.0_steps_100_Added_Noise_uniform_Eps_48.0_Tau_Type_normal_anchors_num_anchors_10 - INFO - Batch 20/3783: Clean accuracy 0.9500 | Adv accuracy: 0.4500 | Counter-attack accuracy: 0.6000
2026-02-12 11:14:52,699 - ADV_Generation_eps_4.0_steps_100_Added_Noise_uniform_Eps_48.0_Tau_Type_normal_anchors_num_anchors_10 - INFO - Batch:[20] Adversarial images for this batch already exist
2026-02-12 11:14:53,074 - ADV_Generation_eps_4.0_steps_100_Added_Noise_uniform_Eps_48.0_Tau_Type_normal_anchors_num_anchors_10 - INFO - Batch 21/3783: Clean accuracy 0.9524 | Adv accuracy: 0.4762 | Counter-attack accuracy: 0.6190
2026-02-12 11:14:53,075 - ADV_Generation_eps_4.0_steps_100_Added_Noise_uniform_Eps_48.0_Tau_Type_normal_anchors_num_anchors_10 - INFO - Batch:[21] Adversarial images for this batch already exist
2026-02-12 11:14:53,406 - ADV_Generation_eps_4.0_steps_100_Added_Noise_uniform_Eps_48.0_Tau_Type_normal_anchors_num_anchors_10 - INFO - Batch 22/3783: Clean accuracy 0.9545 | Adv accuracy: 0.4545 | Counter-attack accuracy: 0.6364
2026-02-12 11:14:53,408 - ADV_Generation_eps_4.0_steps_100_Added_Noise_uniform_Eps_48.0_Tau_Type_normal_anchors_num_anchors_10 - INFO - Batch:[22] Adversarial images for this batch already exist
2026-02-12 11:14:53,745 - ADV_Generation_eps_4.0_steps_100_Added_Noise_uniform_Eps_48.0_Tau_Type_normal_anchors_num_anchors_10 - INFO - Batch 23/3783: Clean accuracy 0.9565 | Adv accuracy: 0.4783 | Counter-attack accuracy: 0.6522
2026-02-12 11:14:53,746 - ADV_Generation_eps_4.0_steps_100_Added_Noise_uniform_Eps_48.0_Tau_Type_normal_anchors_num_anchors_10 - INFO - Batch:[23] Adversarial images for this batch already exist
2026-02-12 11:14:54,091 - ADV_Generation_eps_4.0_steps_100_Added_Noise_uniform_Eps_48.0_Tau_Type_normal_anchors_num_anchors_10 - INFO - Batch 24/3783: Clean accuracy 0.9583 | Adv accuracy: 0.4583 | Counter-attack accuracy: 0.6250
2026-02-12 11:14:54,093 - ADV_Generation_eps_4.0_steps_100_Added_Noise_uniform_Eps_48.0_Tau_Type_normal_anchors_num_anchors_10 - INFO - Batch:[24] Adversarial images for this batch already exist
2026-02-12 11:14:54,428 - ADV_Generation_eps_4.0_steps_100_Added_Noise_uniform_Eps_48.0_Tau_Type_normal_anchors_num_anchors_10 - INFO - Batch 25/3783: Clean accuracy 0.9200 | Adv accuracy: 0.4400 | Counter-attack accuracy: 0.6000
2026-02-12 11:14:54,430 - ADV_Generation_eps_4.0_steps_100_Added_Noise_uniform_Eps_48.0_Tau_Type_normal_anchors_num_anchors_10 - INFO - Batch:[25] Adversarial images for this batch already exist
2026-02-12 11:14:54,768 - ADV_Generation_eps_4.0_steps_100_Added_Noise_uniform_Eps_48.0_Tau_Type_normal_anchors_num_anchors_10 - INFO - Batch 26/3783: Clean accuracy 0.9231 | Adv accuracy: 0.4231 | Counter-attack accuracy: 0.5769
2026-02-12 11:14:54,769 - ADV_Generation_eps_4.0_steps_100_Added_Noise_uniform_Eps_48.0_Tau_Type_normal_anchors_num_anchors_10 - INFO - Batch:[26] Adversarial images for this batch already exist
2026-02-12 11:14:55,104 - ADV_Generation_eps_4.0_steps_100_Added_Noise_uniform_Eps_48.0_Tau_Type_normal_anchors_num_anchors_10 - INFO - Batch 27/3783: Clean accuracy 0.9259 | Adv accuracy: 0.4444 | Counter-attack accuracy: 0.5926
2026-02-12 11:14:55,105 - ADV_Generation_eps_4.0_steps_100_Added_Noise_uniform_Eps_48.0_Tau_Type_normal_anchors_num_anchors_10 - INFO - Batch:[27] Adversarial images for this batch already exist
2026-02-12 11:14:55,444 - ADV_Generation_eps_4.0_steps_100_Added_Noise_uniform_Eps_48.0_Tau_Type_normal_anchors_num_anchors_10 - INFO - Batch 28/3783: Clean accuracy 0.9286 | Adv accuracy: 0.4286 | Counter-attack accuracy: 0.5714
2026-02-12 11:14:55,445 - ADV_Generation_eps_4.0_steps_100_Added_Noise_uniform_Eps_48.0_Tau_Type_normal_anchors_num_anchors_10 - INFO - Batch:[28] Adversarial images for this batch already exist
2026-02-12 11:14:55,817 - ADV_Generation_eps_4.0_steps_100_Added_Noise_uniform_Eps_48.0_Tau_Type_normal_anchors_num_anchors_10 - INFO - Batch 29/3783: Clean accuracy 0.9310 | Adv accuracy: 0.4483 | Counter-attack accuracy: 0.5517
2026-02-12 11:14:55,818 - ADV_Generation_eps_4.0_steps_100_Added_Noise_uniform_Eps_48.0_Tau_Type_normal_anchors_num_anchors_10 - INFO - Batch:[29] Adversarial images for this batch already exist
2026-02-12 11:14:56,160 - ADV_Generation_eps_4.0_steps_100_Added_Noise_uniform_Eps_48.0_Tau_Type_normal_anchors_num_anchors_10 - INFO - Batch 30/3783: Clean accuracy 0.9333 | Adv accuracy: 0.4333 | Counter-attack accuracy: 0.5333
2026-02-12 11:14:56,161 - ADV_Generation_eps_4.0_steps_100_Added_Noise_uniform_Eps_48.0_Tau_Type_normal_anchors_num_anchors_10 - INFO - Batch:[30] Adversarial images for this batch already exist
2026-02-12 11:14:56,504 - ADV_Generation_eps_4.0_steps_100_Added_Noise_uniform_Eps_48.0_Tau_Type_normal_anchors_num_anchors_10 - INFO - Batch 31/3783: Clean accuracy 0.9355 | Adv accuracy: 0.4516 | Counter-attack accuracy: 0.5484
2026-02-12 11:14:56,506 - ADV_Generation_eps_4.0_steps_100_Added_Noise_uniform_Eps_48.0_Tau_Type_normal_anchors_num_anchors_10 - INFO - Batch:[31] Adversarial images for this batch already exist
2026-02-12 11:14:56,844 - ADV_Generation_eps_4.0_steps_100_Added_Noise_uniform_Eps_48.0_Tau_Type_normal_anchors_num_anchors_10 - INFO - Batch 32/3783: Clean accuracy 0.9375 | Adv accuracy: 0.4688 | Counter-attack accuracy: 0.5625
2026-02-12 11:14:56,845 - ADV_Generation_eps_4.0_steps_100_Added_Noise_uniform_Eps_48.0_Tau_Type_normal_anchors_num_anchors_10 - INFO - Batch:[32] Adversarial images for this batch already exist
2026-02-12 11:14:57,181 - ADV_Generation_eps_4.0_steps_100_Added_Noise_uniform_Eps_48.0_Tau_Type_normal_anchors_num_anchors_10 - INFO - Batch 33/3783: Clean accuracy 0.9394 | Adv accuracy: 0.4545 | Counter-attack accuracy: 0.5455
2026-02-12 11:14:57,182 - ADV_Generation_eps_4.0_steps_100_Added_Noise_uniform_Eps_48.0_Tau_Type_normal_anchors_num_anchors_10 - INFO - Batch:[33] Adversarial images for this batch already exist
2026-02-12 11:14:57,519 - ADV_Generation_eps_4.0_steps_100_Added_Noise_uniform_Eps_48.0_Tau_Type_normal_anchors_num_anchors_10 - INFO - Batch 34/3783: Clean accuracy 0.9412 | Adv accuracy: 0.4706 | Counter-attack accuracy: 0.5588
2026-02-12 11:14:57,520 - ADV_Generation_eps_4.0_steps_100_Added_Noise_uniform_Eps_48.0_Tau_Type_normal_anchors_num_anchors_10 - INFO - Batch:[34] Adversarial images for this batch already exist
2026-02-12 11:14:57,856 - ADV_Generation_eps_4.0_steps_100_Added_Noise_uniform_Eps_48.0_Tau_Type_normal_anchors_num_anchors_10 - INFO - Batch 35/3783: Clean accuracy 0.9429 | Adv accuracy: 0.4857 | Counter-attack accuracy: 0.5714
2026-02-12 11:14:57,857 - ADV_Generation_eps_4.0_steps_100_Added_Noise_uniform_Eps_48.0_Tau_Type_normal_anchors_num_anchors_10 - INFO - Batch:[35] Adversarial images for this batch already exist
2026-02-12 11:14:58,197 - ADV_Generation_eps_4.0_steps_100_Added_Noise_uniform_Eps_48.0_Tau_Type_normal_anchors_num_anchors_10 - INFO - Batch 36/3783: Clean accuracy 0.9444 | Adv accuracy: 0.4722 | Counter-attack accuracy: 0.5556
2026-02-12 11:14:58,198 - ADV_Generation_eps_4.0_steps_100_Added_Noise_uniform_Eps_48.0_Tau_Type_normal_anchors_num_anchors_10 - INFO - Batch:[36] Adversarial images for this batch already exist
2026-02-12 11:14:58,536 - ADV_Generation_eps_4.0_steps_100_Added_Noise_uniform_Eps_48.0_Tau_Type_normal_anchors_num_anchors_10 - INFO - Batch 37/3783: Clean accuracy 0.9459 | Adv accuracy: 0.4865 | Counter-attack accuracy: 0.5405
2026-02-12 11:14:58,537 - ADV_Generation_eps_4.0_steps_100_Added_Noise_uniform_Eps_48.0_Tau_Type_normal_anchors_num_anchors_10 - INFO - Batch:[37] Adversarial images for this batch already exist
2026-02-12 11:14:58,878 - ADV_Generation_eps_4.0_steps_100_Added_Noise_uniform_Eps_48.0_Tau_Type_normal_anchors_num_anchors_10 - INFO - Batch 38/3783: Clean accuracy 0.9474 | Adv accuracy: 0.4737 | Counter-attack accuracy: 0.5263
2026-02-12 11:14:58,879 - ADV_Generation_eps_4.0_steps_100_Added_Noise_uniform_Eps_48.0_Tau_Type_normal_anchors_num_anchors_10 - INFO - Batch:[38] Adversarial images for this batch already exist
2026-02-12 11:14:59,217 - ADV_Generation_eps_4.0_steps_100_Added_Noise_uniform_Eps_48.0_Tau_Type_normal_anchors_num_anchors_10 - INFO - Batch 39/3783: Clean accuracy 0.9487 | Adv accuracy: 0.4615 | Counter-attack accuracy: 0.5128
2026-02-12 11:14:59,218 - ADV_Generation_eps_4.0_steps_100_Added_Noise_uniform_Eps_48.0_Tau_Type_normal_anchors_num_anchors_10 - INFO - Batch:[39] Adversarial images for this batch already exist
2026-02-12 11:14:59,559 - ADV_Generation_eps_4.0_steps_100_Added_Noise_uniform_Eps_48.0_Tau_Type_normal_anchors_num_anchors_10 - INFO - Batch 40/3783: Clean accuracy 0.9500 | Adv accuracy: 0.4750 | Counter-attack accuracy: 0.5250
2026-02-12 11:14:59,561 - ADV_Generation_eps_4.0_steps_100_Added_Noise_uniform_Eps_48.0_Tau_Type_normal_anchors_num_anchors_10 - INFO - Batch:[40] Adversarial images for this batch already exist
2026-02-12 11:14:59,895 - ADV_Generation_eps_4.0_steps_100_Added_Noise_uniform_Eps_48.0_Tau_Type_normal_anchors_num_anchors_10 - INFO - Batch 41/3783: Clean accuracy 0.9512 | Adv accuracy: 0.4878 | Counter-attack accuracy: 0.5122
2026-02-12 11:14:59,897 - ADV_Generation_eps_4.0_steps_100_Added_Noise_uniform_Eps_48.0_Tau_Type_normal_anchors_num_anchors_10 - INFO - Batch:[41] Adversarial images for this batch already exist
2026-02-12 11:15:00,237 - ADV_Generation_eps_4.0_steps_100_Added_Noise_uniform_Eps_48.0_Tau_Type_normal_anchors_num_anchors_10 - INFO - Batch 42/3783: Clean accuracy 0.9524 | Adv accuracy: 0.5000 | Counter-attack accuracy: 0.5238
2026-02-12 11:15:00,238 - ADV_Generation_eps_4.0_steps_100_Added_Noise_uniform_Eps_48.0_Tau_Type_normal_anchors_num_anchors_10 - INFO - Batch:[42] Adversarial images for this batch already exist
2026-02-12 11:15:00,574 - ADV_Generation_eps_4.0_steps_100_Added_Noise_uniform_Eps_48.0_Tau_Type_normal_anchors_num_anchors_10 - INFO - Batch 43/3783: Clean accuracy 0.9535 | Adv accuracy: 0.4884 | Counter-attack accuracy: 0.5116
2026-02-12 11:15:00,575 - ADV_Generation_eps_4.0_steps_100_Added_Noise_uniform_Eps_48.0_Tau_Type_normal_anchors_num_anchors_10 - INFO - Batch:[43] Adversarial images for this batch already exist
2026-02-12 11:15:00,907 - ADV_Generation_eps_4.0_steps_100_Added_Noise_uniform_Eps_48.0_Tau_Type_normal_anchors_num_anchors_10 - INFO - Batch 44/3783: Clean accuracy 0.9545 | Adv accuracy: 0.4773 | Counter-attack accuracy: 0.5000
2026-02-12 11:15:00,909 - ADV_Generation_eps_4.0_steps_100_Added_Noise_uniform_Eps_48.0_Tau_Type_normal_anchors_num_anchors_10 - INFO - Batch:[44] Adversarial images for this batch already exist
2026-02-12 11:15:01,243 - ADV_Generation_eps_4.0_steps_100_Added_Noise_uniform_Eps_48.0_Tau_Type_normal_anchors_num_anchors_10 - INFO - Batch 45/3783: Clean accuracy 0.9333 | Adv accuracy: 0.4667 | Counter-attack accuracy: 0.4889
2026-02-12 11:15:01,245 - ADV_Generation_eps_4.0_steps_100_Added_Noise_uniform_Eps_48.0_Tau_Type_normal_anchors_num_anchors_10 - INFO - Batch:[45] Adversarial images for this batch already exist
2026-02-12 11:15:01,611 - ADV_Generation_eps_4.0_steps_100_Added_Noise_uniform_Eps_48.0_Tau_Type_normal_anchors_num_anchors_10 - INFO - Batch 46/3783: Clean accuracy 0.9348 | Adv accuracy: 0.4565 | Counter-attack accuracy: 0.4783
2026-02-12 11:15:01,612 - ADV_Generation_eps_4.0_steps_100_Added_Noise_uniform_Eps_48.0_Tau_Type_normal_anchors_num_anchors_10 - INFO - Batch:[46] Adversarial images for this batch already exist
2026-02-12 11:15:01,951 - ADV_Generation_eps_4.0_steps_100_Added_Noise_uniform_Eps_48.0_Tau_Type_normal_anchors_num_anchors_10 - INFO - Batch 47/3783: Clean accuracy 0.9149 | Adv accuracy: 0.4468 | Counter-attack accuracy: 0.4681
2026-02-12 11:15:01,953 - ADV_Generation_eps_4.0_steps_100_Added_Noise_uniform_Eps_48.0_Tau_Type_normal_anchors_num_anchors_10 - INFO - Batch:[47] Adversarial images for this batch already exist
2026-02-12 11:15:02,297 - ADV_Generation_eps_4.0_steps_100_Added_Noise_uniform_Eps_48.0_Tau_Type_normal_anchors_num_anchors_10 - INFO - Batch 48/3783: Clean accuracy 0.9167 | Adv accuracy: 0.4375 | Counter-attack accuracy: 0.4583
2026-02-12 11:15:02,299 - ADV_Generation_eps_4.0_steps_100_Added_Noise_uniform_Eps_48.0_Tau_Type_normal_anchors_num_anchors_10 - INFO - Batch:[48] Adversarial images for this batch already exist
2026-02-12 11:15:02,640 - ADV_Generation_eps_4.0_steps_100_Added_Noise_uniform_Eps_48.0_Tau_Type_normal_anchors_num_anchors_10 - INFO - Batch 49/3783: Clean accuracy 0.9184 | Adv accuracy: 0.4286 | Counter-attack accuracy: 0.4490
2026-02-12 11:15:02,640 - ADV_Generation_eps_4.0_steps_100_Added_Noise_uniform_Eps_48.0_Tau_Type_normal_anchors_num_anchors_10 - INFO - Batch:[49] Adversarial images for this batch already exist
2026-02-12 11:15:02,976 - ADV_Generation_eps_4.0_steps_100_Added_Noise_uniform_Eps_48.0_Tau_Type_normal_anchors_num_anchors_10 - INFO - Batch 50/3783: Clean accuracy 0.9000 | Adv accuracy: 0.4200 | Counter-attack accuracy: 0.4400
2026-02-12 11:15:02,977 - ADV_Generation_eps_4.0_steps_100_Added_Noise_uniform_Eps_48.0_Tau_Type_normal_anchors_num_anchors_10 - INFO - Batch:[50] Adversarial images for this batch already exist
2026-02-12 11:15:03,317 - ADV_Generation_eps_4.0_steps_100_Added_Noise_uniform_Eps_48.0_Tau_Type_normal_anchors_num_anchors_10 - INFO - Batch 51/3783: Clean accuracy 0.8824 | Adv accuracy: 0.4118 | Counter-attack accuracy: 0.4314
2026-02-12 11:15:03,319 - ADV_Generation_eps_4.0_steps_100_Added_Noise_uniform_Eps_48.0_Tau_Type_normal_anchors_num_anchors_10 - INFO - Batch:[51] Adversarial images for this batch already exist
2026-02-12 11:15:03,706 - ADV_Generation_eps_4.0_steps_100_Added_Noise_uniform_Eps_48.0_Tau_Type_normal_anchors_num_anchors_10 - INFO - Batch 52/3783: Clean accuracy 0.8654 | Adv accuracy: 0.4038 | Counter-attack accuracy: 0.4231
2026-02-12 11:15:03,707 - ADV_Generation_eps_4.0_steps_100_Added_Noise_uniform_Eps_48.0_Tau_Type_normal_anchors_num_anchors_10 - INFO - Batch:[52] Adversarial images for this batch already exist
2026-02-12 11:15:04,040 - ADV_Generation_eps_4.0_steps_100_Added_Noise_uniform_Eps_48.0_Tau_Type_normal_anchors_num_anchors_10 - INFO - Batch 53/3783: Clean accuracy 0.8491 | Adv accuracy: 0.3962 | Counter-attack accuracy: 0.4151
2026-02-12 11:15:04,042 - ADV_Generation_eps_4.0_steps_100_Added_Noise_uniform_Eps_48.0_Tau_Type_normal_anchors_num_anchors_10 - INFO - Batch:[53] Adversarial images for this batch already exist
2026-02-12 11:15:04,382 - ADV_Generation_eps_4.0_steps_100_Added_Noise_uniform_Eps_48.0_Tau_Type_normal_anchors_num_anchors_10 - INFO - Batch 54/3783: Clean accuracy 0.8519 | Adv accuracy: 0.3889 | Counter-attack accuracy: 0.4074
2026-02-12 11:15:04,383 - ADV_Generation_eps_4.0_steps_100_Added_Noise_uniform_Eps_48.0_Tau_Type_normal_anchors_num_anchors_10 - INFO - Batch:[54] Adversarial images for this batch already exist
2026-02-12 11:15:04,719 - ADV_Generation_eps_4.0_steps_100_Added_Noise_uniform_Eps_48.0_Tau_Type_normal_anchors_num_anchors_10 - INFO - Batch 55/3783: Clean accuracy 0.8545 | Adv accuracy: 0.3818 | Counter-attack accuracy: 0.4000
2026-02-12 11:15:04,720 - ADV_Generation_eps_4.0_steps_100_Added_Noise_uniform_Eps_48.0_Tau_Type_normal_anchors_num_anchors_10 - INFO - Batch:[55] Adversarial images for this batch already exist
2026-02-12 11:15:05,053 - ADV_Generation_eps_4.0_steps_100_Added_Noise_uniform_Eps_48.0_Tau_Type_normal_anchors_num_anchors_10 - INFO - Batch 56/3783: Clean accuracy 0.8571 | Adv accuracy: 0.3750 | Counter-attack accuracy: 0.3929
2026-02-12 11:15:05,054 - ADV_Generation_eps_4.0_steps_100_Added_Noise_uniform_Eps_48.0_Tau_Type_normal_anchors_num_anchors_10 - INFO - Batch:[56] Adversarial images for this batch already exist
2026-02-12 11:15:05,395 - ADV_Generation_eps_4.0_steps_100_Added_Noise_uniform_Eps_48.0_Tau_Type_normal_anchors_num_anchors_10 - INFO - Batch 57/3783: Clean accuracy 0.8421 | Adv accuracy: 0.3684 | Counter-attack accuracy: 0.3860
2026-02-12 11:15:05,396 - ADV_Generation_eps_4.0_steps_100_Added_Noise_uniform_Eps_48.0_Tau_Type_normal_anchors_num_anchors_10 - INFO - Batch:[57] Adversarial images for this batch already exist
2026-02-12 11:15:05,740 - ADV_Generation_eps_4.0_steps_100_Added_Noise_uniform_Eps_48.0_Tau_Type_normal_anchors_num_anchors_10 - INFO - Batch 58/3783: Clean accuracy 0.8276 | Adv accuracy: 0.3621 | Counter-attack accuracy: 0.3793
2026-02-12 11:15:05,741 - ADV_Generation_eps_4.0_steps_100_Added_Noise_uniform_Eps_48.0_Tau_Type_normal_anchors_num_anchors_10 - INFO - Batch:[58] Adversarial images for this batch already exist
2026-02-12 11:15:06,080 - ADV_Generation_eps_4.0_steps_100_Added_Noise_uniform_Eps_48.0_Tau_Type_normal_anchors_num_anchors_10 - INFO - Batch 59/3783: Clean accuracy 0.8305 | Adv accuracy: 0.3559 | Counter-attack accuracy: 0.3729
2026-02-12 11:15:06,081 - ADV_Generation_eps_4.0_steps_100_Added_Noise_uniform_Eps_48.0_Tau_Type_normal_anchors_num_anchors_10 - INFO - Batch:[59] Adversarial images for this batch already exist
2026-02-12 11:15:06,424 - ADV_Generation_eps_4.0_steps_100_Added_Noise_uniform_Eps_48.0_Tau_Type_normal_anchors_num_anchors_10 - INFO - Batch 60/3783: Clean accuracy 0.8333 | Adv accuracy: 0.3500 | Counter-attack accuracy: 0.3667
2026-02-12 11:15:06,425 - ADV_Generation_eps_4.0_steps_100_Added_Noise_uniform_Eps_48.0_Tau_Type_normal_anchors_num_anchors_10 - INFO - Batch:[60] Adversarial images for this batch already exist
2026-02-12 11:15:06,778 - ADV_Generation_eps_4.0_steps_100_Added_Noise_uniform_Eps_48.0_Tau_Type_normal_anchors_num_anchors_10 - INFO - Batch 61/3783: Clean accuracy 0.8361 | Adv accuracy: 0.3607 | Counter-attack accuracy: 0.3607
2026-02-12 11:15:06,779 - ADV_Generation_eps_4.0_steps_100_Added_Noise_uniform_Eps_48.0_Tau_Type_normal_anchors_num_anchors_10 - INFO - Batch:[61] Adversarial images for this batch already exist
2026-02-12 11:15:07,113 - ADV_Generation_eps_4.0_steps_100_Added_Noise_uniform_Eps_48.0_Tau_Type_normal_anchors_num_anchors_10 - INFO - Batch 62/3783: Clean accuracy 0.8387 | Adv accuracy: 0.3548 | Counter-attack accuracy: 0.3548
2026-02-12 11:15:07,114 - ADV_Generation_eps_4.0_steps_100_Added_Noise_uniform_Eps_48.0_Tau_Type_normal_anchors_num_anchors_10 - INFO - Batch:[62] Adversarial images for this batch already exist
2026-02-12 11:15:07,451 - ADV_Generation_eps_4.0_steps_100_Added_Noise_uniform_Eps_48.0_Tau_Type_normal_anchors_num_anchors_10 - INFO - Batch 63/3783: Clean accuracy 0.8413 | Adv accuracy: 0.3651 | Counter-attack accuracy: 0.3492
2026-02-12 11:15:07,453 - ADV_Generation_eps_4.0_steps_100_Added_Noise_uniform_Eps_48.0_Tau_Type_normal_anchors_num_anchors_10 - INFO - Batch:[63] Adversarial images for this batch already exist
2026-02-12 11:15:07,840 - ADV_Generation_eps_4.0_steps_100_Added_Noise_uniform_Eps_48.0_Tau_Type_normal_anchors_num_anchors_10 - INFO - Batch 64/3783: Clean accuracy 0.8438 | Adv accuracy: 0.3594 | Counter-attack accuracy: 0.3438
2026-02-12 11:15:07,841 - ADV_Generation_eps_4.0_steps_100_Added_Noise_uniform_Eps_48.0_Tau_Type_normal_anchors_num_anchors_10 - INFO - Batch:[64] Adversarial images for this batch already exist
2026-02-12 11:15:08,177 - ADV_Generation_eps_4.0_steps_100_Added_Noise_uniform_Eps_48.0_Tau_Type_normal_anchors_num_anchors_10 - INFO - Batch 65/3783: Clean accuracy 0.8462 | Adv accuracy: 0.3538 | Counter-attack accuracy: 0.3385
2026-02-12 11:15:08,178 - ADV_Generation_eps_4.0_steps_100_Added_Noise_uniform_Eps_48.0_Tau_Type_normal_anchors_num_anchors_10 - INFO - Batch:[65] Adversarial images for this batch already exist
2026-02-12 11:15:08,510 - ADV_Generation_eps_4.0_steps_100_Added_Noise_uniform_Eps_48.0_Tau_Type_normal_anchors_num_anchors_10 - INFO - Batch 66/3783: Clean accuracy 0.8485 | Adv accuracy: 0.3485 | Counter-attack accuracy: 0.3333
2026-02-12 11:15:08,511 - ADV_Generation_eps_4.0_steps_100_Added_Noise_uniform_Eps_48.0_Tau_Type_normal_anchors_num_anchors_10 - INFO - Batch:[66] Adversarial images for this batch already exist
2026-02-12 11:15:08,850 - ADV_Generation_eps_4.0_steps_100_Added_Noise_uniform_Eps_48.0_Tau_Type_normal_anchors_num_anchors_10 - INFO - Batch 67/3783: Clean accuracy 0.8358 | Adv accuracy: 0.3433 | Counter-attack accuracy: 0.3284
2026-02-12 11:15:08,851 - ADV_Generation_eps_4.0_steps_100_Added_Noise_uniform_Eps_48.0_Tau_Type_normal_anchors_num_anchors_10 - INFO - Batch:[67] Adversarial images for this batch already exist
2026-02-12 11:15:09,189 - ADV_Generation_eps_4.0_steps_100_Added_Noise_uniform_Eps_48.0_Tau_Type_normal_anchors_num_anchors_10 - INFO - Batch 68/3783: Clean accuracy 0.8235 | Adv accuracy: 0.3382 | Counter-attack accuracy: 0.3235
2026-02-12 11:15:09,190 - ADV_Generation_eps_4.0_steps_100_Added_Noise_uniform_Eps_48.0_Tau_Type_normal_anchors_num_anchors_10 - INFO - Batch:[68] Adversarial images for this batch already exist
2026-02-12 11:15:09,529 - ADV_Generation_eps_4.0_steps_100_Added_Noise_uniform_Eps_48.0_Tau_Type_normal_anchors_num_anchors_10 - INFO - Batch 69/3783: Clean accuracy 0.8261 | Adv accuracy: 0.3333 | Counter-attack accuracy: 0.3188
2026-02-12 11:15:09,530 - ADV_Generation_eps_4.0_steps_100_Added_Noise_uniform_Eps_48.0_Tau_Type_normal_anchors_num_anchors_10 - INFO - Batch:[69] Adversarial images for this batch already exist
2026-02-12 11:15:09,870 - ADV_Generation_eps_4.0_steps_100_Added_Noise_uniform_Eps_48.0_Tau_Type_normal_anchors_num_anchors_10 - INFO - Batch 70/3783: Clean accuracy 0.8286 | Adv accuracy: 0.3286 | Counter-attack accuracy: 0.3143
2026-02-12 11:15:09,871 - ADV_Generation_eps_4.0_steps_100_Added_Noise_uniform_Eps_48.0_Tau_Type_normal_anchors_num_anchors_10 - INFO - Batch:[70] Adversarial images for this batch already exist
2026-02-12 11:15:10,205 - ADV_Generation_eps_4.0_steps_100_Added_Noise_uniform_Eps_48.0_Tau_Type_normal_anchors_num_anchors_10 - INFO - Batch 71/3783: Clean accuracy 0.8310 | Adv accuracy: 0.3380 | Counter-attack accuracy: 0.3099
2026-02-12 11:15:10,206 - ADV_Generation_eps_4.0_steps_100_Added_Noise_uniform_Eps_48.0_Tau_Type_normal_anchors_num_anchors_10 - INFO - Batch:[71] Adversarial images for this batch already exist
2026-02-12 11:15:10,544 - ADV_Generation_eps_4.0_steps_100_Added_Noise_uniform_Eps_48.0_Tau_Type_normal_anchors_num_anchors_10 - INFO - Batch 72/3783: Clean accuracy 0.8333 | Adv accuracy: 0.3333 | Counter-attack accuracy: 0.3194
2026-02-12 11:15:10,545 - ADV_Generation_eps_4.0_steps_100_Added_Noise_uniform_Eps_48.0_Tau_Type_normal_anchors_num_anchors_10 - INFO - Batch:[72] Adversarial images for this batch already exist
2026-02-12 11:15:10,886 - ADV_Generation_eps_4.0_steps_100_Added_Noise_uniform_Eps_48.0_Tau_Type_normal_anchors_num_anchors_10 - INFO - Batch 73/3783: Clean accuracy 0.8356 | Adv accuracy: 0.3288 | Counter-attack accuracy: 0.3151
2026-02-12 11:15:10,886 - ADV_Generation_eps_4.0_steps_100_Added_Noise_uniform_Eps_48.0_Tau_Type_normal_anchors_num_anchors_10 - INFO - Batch:[73] Adversarial images for this batch already exist
2026-02-12 11:15:11,233 - ADV_Generation_eps_4.0_steps_100_Added_Noise_uniform_Eps_48.0_Tau_Type_normal_anchors_num_anchors_10 - INFO - Batch 74/3783: Clean accuracy 0.8243 | Adv accuracy: 0.3243 | Counter-attack accuracy: 0.3108
2026-02-12 11:15:11,234 - ADV_Generation_eps_4.0_steps_100_Added_Noise_uniform_Eps_48.0_Tau_Type_normal_anchors_num_anchors_10 - INFO - Batch:[74] Adversarial images for this batch already exist
2026-02-12 11:15:11,575 - ADV_Generation_eps_4.0_steps_100_Added_Noise_uniform_Eps_48.0_Tau_Type_normal_anchors_num_anchors_10 - INFO - Batch 75/3783: Clean accuracy 0.8267 | Adv accuracy: 0.3200 | Counter-attack accuracy: 0.3067
2026-02-12 11:15:11,576 - ADV_Generation_eps_4.0_steps_100_Added_Noise_uniform_Eps_48.0_Tau_Type_normal_anchors_num_anchors_10 - INFO - Batch:[75] Adversarial images for this batch already exist
2026-02-12 11:15:11,920 - ADV_Generation_eps_4.0_steps_100_Added_Noise_uniform_Eps_48.0_Tau_Type_normal_anchors_num_anchors_10 - INFO - Batch 76/3783: Clean accuracy 0.8289 | Adv accuracy: 0.3158 | Counter-attack accuracy: 0.3026
2026-02-12 11:15:11,921 - ADV_Generation_eps_4.0_steps_100_Added_Noise_uniform_Eps_48.0_Tau_Type_normal_anchors_num_anchors_10 - INFO - Batch:[76] Adversarial images for this batch already exist
2026-02-12 11:15:12,261 - ADV_Generation_eps_4.0_steps_100_Added_Noise_uniform_Eps_48.0_Tau_Type_normal_anchors_num_anchors_10 - INFO - Batch 77/3783: Clean accuracy 0.8312 | Adv accuracy: 0.3117 | Counter-attack accuracy: 0.3117
2026-02-12 11:15:12,262 - ADV_Generation_eps_4.0_steps_100_Added_Noise_uniform_Eps_48.0_Tau_Type_normal_anchors_num_anchors_10 - INFO - Batch:[77] Adversarial images for this batch already exist
2026-02-12 11:15:12,599 - ADV_Generation_eps_4.0_steps_100_Added_Noise_uniform_Eps_48.0_Tau_Type_normal_anchors_num_anchors_10 - INFO - Batch 78/3783: Clean accuracy 0.8333 | Adv accuracy: 0.3205 | Counter-attack accuracy: 0.3205
2026-02-12 11:15:12,600 - ADV_Generation_eps_4.0_steps_100_Added_Noise_uniform_Eps_48.0_Tau_Type_normal_anchors_num_anchors_10 - INFO - Batch:[78] Adversarial images for this batch already exist
2026-02-12 11:15:12,937 - ADV_Generation_eps_4.0_steps_100_Added_Noise_uniform_Eps_48.0_Tau_Type_normal_anchors_num_anchors_10 - INFO - Batch 79/3783: Clean accuracy 0.8354 | Adv accuracy: 0.3291 | Counter-attack accuracy: 0.3291
2026-02-12 11:15:12,938 - ADV_Generation_eps_4.0_steps_100_Added_Noise_uniform_Eps_48.0_Tau_Type_normal_anchors_num_anchors_10 - INFO - Batch:[79] Adversarial images for this batch already exist
2026-02-12 11:15:13,273 - ADV_Generation_eps_4.0_steps_100_Added_Noise_uniform_Eps_48.0_Tau_Type_normal_anchors_num_anchors_10 - INFO - Batch 80/3783: Clean accuracy 0.8375 | Adv accuracy: 0.3375 | Counter-attack accuracy: 0.3375
2026-02-12 11:15:13,274 - ADV_Generation_eps_4.0_steps_100_Added_Noise_uniform_Eps_48.0_Tau_Type_normal_anchors_num_anchors_10 - INFO - Batch:[80] Adversarial images for this batch already exist
2026-02-12 11:15:13,611 - ADV_Generation_eps_4.0_steps_100_Added_Noise_uniform_Eps_48.0_Tau_Type_normal_anchors_num_anchors_10 - INFO - Batch 81/3783: Clean accuracy 0.8272 | Adv accuracy: 0.3333 | Counter-attack accuracy: 0.3333
2026-02-12 11:15:13,612 - ADV_Generation_eps_4.0_steps_100_Added_Noise_uniform_Eps_48.0_Tau_Type_normal_anchors_num_anchors_10 - INFO - Batch:[81] Adversarial images for this batch already exist
2026-02-12 11:15:13,947 - ADV_Generation_eps_4.0_steps_100_Added_Noise_uniform_Eps_48.0_Tau_Type_normal_anchors_num_anchors_10 - INFO - Batch 82/3783: Clean accuracy 0.8293 | Adv accuracy: 0.3293 | Counter-attack accuracy: 0.3293
2026-02-12 11:15:13,948 - ADV_Generation_eps_4.0_steps_100_Added_Noise_uniform_Eps_48.0_Tau_Type_normal_anchors_num_anchors_10 - INFO - Batch:[82] Adversarial images for this batch already exist
2026-02-12 11:15:14,285 - ADV_Generation_eps_4.0_steps_100_Added_Noise_uniform_Eps_48.0_Tau_Type_normal_anchors_num_anchors_10 - INFO - Batch 83/3783: Clean accuracy 0.8313 | Adv accuracy: 0.3373 | Counter-attack accuracy: 0.3373
2026-02-12 11:15:14,286 - ADV_Generation_eps_4.0_steps_100_Added_Noise_uniform_Eps_48.0_Tau_Type_normal_anchors_num_anchors_10 - INFO - Batch:[83] Adversarial images for this batch already exist
2026-02-12 11:15:14,624 - ADV_Generation_eps_4.0_steps_100_Added_Noise_uniform_Eps_48.0_Tau_Type_normal_anchors_num_anchors_10 - INFO - Batch 84/3783: Clean accuracy 0.8333 | Adv accuracy: 0.3333 | Counter-attack accuracy: 0.3333
2026-02-12 11:15:14,625 - ADV_Generation_eps_4.0_steps_100_Added_Noise_uniform_Eps_48.0_Tau_Type_normal_anchors_num_anchors_10 - INFO - Batch:[84] Adversarial images for this batch already exist
2026-02-12 11:15:14,974 - ADV_Generation_eps_4.0_steps_100_Added_Noise_uniform_Eps_48.0_Tau_Type_normal_anchors_num_anchors_10 - INFO - Batch 85/3783: Clean accuracy 0.8235 | Adv accuracy: 0.3294 | Counter-attack accuracy: 0.3294
2026-02-12 11:15:14,975 - ADV_Generation_eps_4.0_steps_100_Added_Noise_uniform_Eps_48.0_Tau_Type_normal_anchors_num_anchors_10 - INFO - Batch:[85] Adversarial images for this batch already exist
2026-02-12 11:15:15,325 - ADV_Generation_eps_4.0_steps_100_Added_Noise_uniform_Eps_48.0_Tau_Type_normal_anchors_num_anchors_10 - INFO - Batch 86/3783: Clean accuracy 0.8256 | Adv accuracy: 0.3256 | Counter-attack accuracy: 0.3256
2026-02-12 11:15:15,326 - ADV_Generation_eps_4.0_steps_100_Added_Noise_uniform_Eps_48.0_Tau_Type_normal_anchors_num_anchors_10 - INFO - Batch:[86] Adversarial images for this batch already exist
2026-02-12 11:15:15,661 - ADV_Generation_eps_4.0_steps_100_Added_Noise_uniform_Eps_48.0_Tau_Type_normal_anchors_num_anchors_10 - INFO - Batch 87/3783: Clean accuracy 0.8276 | Adv accuracy: 0.3218 | Counter-attack accuracy: 0.3218
2026-02-12 11:15:15,662 - ADV_Generation_eps_4.0_steps_100_Added_Noise_uniform_Eps_48.0_Tau_Type_normal_anchors_num_anchors_10 - INFO - Batch:[87] Adversarial images for this batch already exist
2026-02-12 11:15:15,999 - ADV_Generation_eps_4.0_steps_100_Added_Noise_uniform_Eps_48.0_Tau_Type_normal_anchors_num_anchors_10 - INFO - Batch 88/3783: Clean accuracy 0.8295 | Adv accuracy: 0.3182 | Counter-attack accuracy: 0.3182
2026-02-12 11:15:16,000 - ADV_Generation_eps_4.0_steps_100_Added_Noise_uniform_Eps_48.0_Tau_Type_normal_anchors_num_anchors_10 - INFO - Batch:[88] Adversarial images for this batch already exist
2026-02-12 11:15:16,342 - ADV_Generation_eps_4.0_steps_100_Added_Noise_uniform_Eps_48.0_Tau_Type_normal_anchors_num_anchors_10 - INFO - Batch 89/3783: Clean accuracy 0.8315 | Adv accuracy: 0.3146 | Counter-attack accuracy: 0.3258
2026-02-12 11:15:16,343 - ADV_Generation_eps_4.0_steps_100_Added_Noise_uniform_Eps_48.0_Tau_Type_normal_anchors_num_anchors_10 - INFO - Batch:[89] Adversarial images for this batch already exist
2026-02-12 11:15:16,680 - ADV_Generation_eps_4.0_steps_100_Added_Noise_uniform_Eps_48.0_Tau_Type_normal_anchors_num_anchors_10 - INFO - Batch 90/3783: Clean accuracy 0.8333 | Adv accuracy: 0.3111 | Counter-attack accuracy: 0.3222
2026-02-12 11:15:16,681 - ADV_Generation_eps_4.0_steps_100_Added_Noise_uniform_Eps_48.0_Tau_Type_normal_anchors_num_anchors_10 - INFO - Batch:[90] Adversarial images for this batch already exist
2026-02-12 11:15:17,030 - ADV_Generation_eps_4.0_steps_100_Added_Noise_uniform_Eps_48.0_Tau_Type_normal_anchors_num_anchors_10 - INFO - Batch 91/3783: Clean accuracy 0.8352 | Adv accuracy: 0.3077 | Counter-attack accuracy: 0.3187
2026-02-12 11:15:17,031 - ADV_Generation_eps_4.0_steps_100_Added_Noise_uniform_Eps_48.0_Tau_Type_normal_anchors_num_anchors_10 - INFO - Batch:[91] Adversarial images for this batch already exist
2026-02-12 11:15:17,369 - ADV_Generation_eps_4.0_steps_100_Added_Noise_uniform_Eps_48.0_Tau_Type_normal_anchors_num_anchors_10 - INFO - Batch 92/3783: Clean accuracy 0.8370 | Adv accuracy: 0.3152 | Counter-attack accuracy: 0.3261
2026-02-12 11:15:17,370 - ADV_Generation_eps_4.0_steps_100_Added_Noise_uniform_Eps_48.0_Tau_Type_normal_anchors_num_anchors_10 - INFO - Batch:[92] Adversarial images for this batch already exist
2026-02-12 11:15:17,720 - ADV_Generation_eps_4.0_steps_100_Added_Noise_uniform_Eps_48.0_Tau_Type_normal_anchors_num_anchors_10 - INFO - Batch 93/3783: Clean accuracy 0.8387 | Adv accuracy: 0.3226 | Counter-attack accuracy: 0.3333
2026-02-12 11:15:17,721 - ADV_Generation_eps_4.0_steps_100_Added_Noise_uniform_Eps_48.0_Tau_Type_normal_anchors_num_anchors_10 - INFO - Batch:[93] Adversarial images for this batch already exist
2026-02-12 11:15:18,057 - ADV_Generation_eps_4.0_steps_100_Added_Noise_uniform_Eps_48.0_Tau_Type_normal_anchors_num_anchors_10 - INFO - Batch 94/3783: Clean accuracy 0.8404 | Adv accuracy: 0.3191 | Counter-attack accuracy: 0.3298
2026-02-12 11:15:18,058 - ADV_Generation_eps_4.0_steps_100_Added_Noise_uniform_Eps_48.0_Tau_Type_normal_anchors_num_anchors_10 - INFO - Batch:[94] Adversarial images for this batch already exist
2026-02-12 11:15:18,523 - ADV_Generation_eps_4.0_steps_100_Added_Noise_uniform_Eps_48.0_Tau_Type_normal_anchors_num_anchors_10 - INFO - Batch 95/3783: Clean accuracy 0.8421 | Adv accuracy: 0.3263 | Counter-attack accuracy: 0.3368
2026-02-12 11:15:18,524 - ADV_Generation_eps_4.0_steps_100_Added_Noise_uniform_Eps_48.0_Tau_Type_normal_anchors_num_anchors_10 - INFO - Batch:[95] Adversarial images for this batch already exist
2026-02-12 11:15:18,865 - ADV_Generation_eps_4.0_steps_100_Added_Noise_uniform_Eps_48.0_Tau_Type_normal_anchors_num_anchors_10 - INFO - Batch 96/3783: Clean accuracy 0.8438 | Adv accuracy: 0.3229 | Counter-attack accuracy: 0.3438
2026-02-12 11:15:18,866 - ADV_Generation_eps_4.0_steps_100_Added_Noise_uniform_Eps_48.0_Tau_Type_normal_anchors_num_anchors_10 - INFO - Batch:[96] Adversarial images for this batch already exist
2026-02-12 11:15:19,209 - ADV_Generation_eps_4.0_steps_100_Added_Noise_uniform_Eps_48.0_Tau_Type_normal_anchors_num_anchors_10 - INFO - Batch 97/3783: Clean accuracy 0.8454 | Adv accuracy: 0.3299 | Counter-attack accuracy: 0.3505
2026-02-12 11:15:19,210 - ADV_Generation_eps_4.0_steps_100_Added_Noise_uniform_Eps_48.0_Tau_Type_normal_anchors_num_anchors_10 - INFO - Batch:[97] Adversarial images for this batch already exist
2026-02-12 11:15:19,550 - ADV_Generation_eps_4.0_steps_100_Added_Noise_uniform_Eps_48.0_Tau_Type_normal_anchors_num_anchors_10 - INFO - Batch 98/3783: Clean accuracy 0.8469 | Adv accuracy: 0.3265 | Counter-attack accuracy: 0.3469
2026-02-12 11:15:19,551 - ADV_Generation_eps_4.0_steps_100_Added_Noise_uniform_Eps_48.0_Tau_Type_normal_anchors_num_anchors_10 - INFO - Batch:[98] Adversarial images for this batch already exist
2026-02-12 11:15:19,889 - ADV_Generation_eps_4.0_steps_100_Added_Noise_uniform_Eps_48.0_Tau_Type_normal_anchors_num_anchors_10 - INFO - Batch 99/3783: Clean accuracy 0.8485 | Adv accuracy: 0.3333 | Counter-attack accuracy: 0.3535
2026-02-12 11:15:19,890 - ADV_Generation_eps_4.0_steps_100_Added_Noise_uniform_Eps_48.0_Tau_Type_normal_anchors_num_anchors_10 - INFO - Batch:[99] Adversarial images for this batch already exist
2026-02-12 11:15:20,231 - ADV_Generation_eps_4.0_steps_100_Added_Noise_uniform_Eps_48.0_Tau_Type_normal_anchors_num_anchors_10 - INFO - Batch 100/3783: Clean accuracy 0.8400 | Adv accuracy: 0.3300 | Counter-attack accuracy: 0.3500
2026-02-12 11:15:20,232 - ADV_Generation_eps_4.0_steps_100_Added_Noise_uniform_Eps_48.0_Tau_Type_normal_anchors_num_anchors_10 - INFO - Batch:[100] Adversarial images for this batch already exist
2026-02-12 11:15:20,578 - ADV_Generation_eps_4.0_steps_100_Added_Noise_uniform_Eps_48.0_Tau_Type_normal_anchors_num_anchors_10 - INFO - Batch 101/3783: Clean accuracy 0.8416 | Adv accuracy: 0.3267 | Counter-attack accuracy: 0.3465
2026-02-12 11:15:20,579 - ADV_Generation_eps_4.0_steps_100_Added_Noise_uniform_Eps_48.0_Tau_Type_normal_anchors_num_anchors_10 - INFO - Batch:[101] Adversarial images for this batch already exist
2026-02-12 11:15:20,914 - ADV_Generation_eps_4.0_steps_100_Added_Noise_uniform_Eps_48.0_Tau_Type_normal_anchors_num_anchors_10 - INFO - Batch 102/3783: Clean accuracy 0.8333 | Adv accuracy: 0.3235 | Counter-attack accuracy: 0.3431
2026-02-12 11:15:20,915 - ADV_Generation_eps_4.0_steps_100_Added_Noise_uniform_Eps_48.0_Tau_Type_normal_anchors_num_anchors_10 - INFO - Batch:[102] Adversarial images for this batch already exist
2026-02-12 11:15:21,263 - ADV_Generation_eps_4.0_steps_100_Added_Noise_uniform_Eps_48.0_Tau_Type_normal_anchors_num_anchors_10 - INFO - Batch 103/3783: Clean accuracy 0.8252 | Adv accuracy: 0.3204 | Counter-attack accuracy: 0.3398
2026-02-12 11:15:21,264 - ADV_Generation_eps_4.0_steps_100_Added_Noise_uniform_Eps_48.0_Tau_Type_normal_anchors_num_anchors_10 - INFO - Batch:[103] Adversarial images for this batch already exist
2026-02-12 11:15:21,599 - ADV_Generation_eps_4.0_steps_100_Added_Noise_uniform_Eps_48.0_Tau_Type_normal_anchors_num_anchors_10 - INFO - Batch 104/3783: Clean accuracy 0.8173 | Adv accuracy: 0.3173 | Counter-attack accuracy: 0.3365
2026-02-12 11:15:21,600 - ADV_Generation_eps_4.0_steps_100_Added_Noise_uniform_Eps_48.0_Tau_Type_normal_anchors_num_anchors_10 - INFO - Batch:[104] Adversarial images for this batch already exist
2026-02-12 11:15:21,934 - ADV_Generation_eps_4.0_steps_100_Added_Noise_uniform_Eps_48.0_Tau_Type_normal_anchors_num_anchors_10 - INFO - Batch 105/3783: Clean accuracy 0.8095 | Adv accuracy: 0.3143 | Counter-attack accuracy: 0.3333
2026-02-12 11:15:21,935 - ADV_Generation_eps_4.0_steps_100_Added_Noise_uniform_Eps_48.0_Tau_Type_normal_anchors_num_anchors_10 - INFO - Batch:[105] Adversarial images for this batch already exist
2026-02-12 11:15:22,272 - ADV_Generation_eps_4.0_steps_100_Added_Noise_uniform_Eps_48.0_Tau_Type_normal_anchors_num_anchors_10 - INFO - Batch 106/3783: Clean accuracy 0.8019 | Adv accuracy: 0.3113 | Counter-attack accuracy: 0.3302
2026-02-12 11:15:22,273 - ADV_Generation_eps_4.0_steps_100_Added_Noise_uniform_Eps_48.0_Tau_Type_normal_anchors_num_anchors_10 - INFO - Batch:[106] Adversarial images for this batch already exist
2026-02-12 11:15:22,609 - ADV_Generation_eps_4.0_steps_100_Added_Noise_uniform_Eps_48.0_Tau_Type_normal_anchors_num_anchors_10 - INFO - Batch 107/3783: Clean accuracy 0.8037 | Adv accuracy: 0.3178 | Counter-attack accuracy: 0.3364
2026-02-12 11:15:22,611 - ADV_Generation_eps_4.0_steps_100_Added_Noise_uniform_Eps_48.0_Tau_Type_normal_anchors_num_anchors_10 - INFO - Batch:[107] Adversarial images for this batch already exist
2026-02-12 11:15:22,955 - ADV_Generation_eps_4.0_steps_100_Added_Noise_uniform_Eps_48.0_Tau_Type_normal_anchors_num_anchors_10 - INFO - Batch 108/3783: Clean accuracy 0.8056 | Adv accuracy: 0.3241 | Counter-attack accuracy: 0.3426
2026-02-12 11:15:22,956 - ADV_Generation_eps_4.0_steps_100_Added_Noise_uniform_Eps_48.0_Tau_Type_normal_anchors_num_anchors_10 - INFO - Batch:[108] Adversarial images for this batch already exist
2026-02-12 11:15:23,295 - ADV_Generation_eps_4.0_steps_100_Added_Noise_uniform_Eps_48.0_Tau_Type_normal_anchors_num_anchors_10 - INFO - Batch 109/3783: Clean accuracy 0.8073 | Adv accuracy: 0.3211 | Counter-attack accuracy: 0.3394
2026-02-12 11:15:23,296 - ADV_Generation_eps_4.0_steps_100_Added_Noise_uniform_Eps_48.0_Tau_Type_normal_anchors_num_anchors_10 - INFO - Batch:[109] Adversarial images for this batch already exist
2026-02-12 11:15:23,632 - ADV_Generation_eps_4.0_steps_100_Added_Noise_uniform_Eps_48.0_Tau_Type_normal_anchors_num_anchors_10 - INFO - Batch 110/3783: Clean accuracy 0.8091 | Adv accuracy: 0.3182 | Counter-attack accuracy: 0.3364
2026-02-12 11:15:23,633 - ADV_Generation_eps_4.0_steps_100_Added_Noise_uniform_Eps_48.0_Tau_Type_normal_anchors_num_anchors_10 - INFO - Batch:[110] Adversarial images for this batch already exist
2026-02-12 11:15:23,967 - ADV_Generation_eps_4.0_steps_100_Added_Noise_uniform_Eps_48.0_Tau_Type_normal_anchors_num_anchors_10 - INFO - Batch 111/3783: Clean accuracy 0.8108 | Adv accuracy: 0.3243 | Counter-attack accuracy: 0.3423
2026-02-12 11:15:23,968 - ADV_Generation_eps_4.0_steps_100_Added_Noise_uniform_Eps_48.0_Tau_Type_normal_anchors_num_anchors_10 - INFO - Batch:[111] Adversarial images for this batch already exist
2026-02-12 11:15:24,308 - ADV_Generation_eps_4.0_steps_100_Added_Noise_uniform_Eps_48.0_Tau_Type_normal_anchors_num_anchors_10 - INFO - Batch 112/3783: Clean accuracy 0.8125 | Adv accuracy: 0.3214 | Counter-attack accuracy: 0.3393
2026-02-12 11:15:24,309 - ADV_Generation_eps_4.0_steps_100_Added_Noise_uniform_Eps_48.0_Tau_Type_normal_anchors_num_anchors_10 - INFO - Batch:[112] Adversarial images for this batch already exist
2026-02-12 11:15:24,649 - ADV_Generation_eps_4.0_steps_100_Added_Noise_uniform_Eps_48.0_Tau_Type_normal_anchors_num_anchors_10 - INFO - Batch 113/3783: Clean accuracy 0.8142 | Adv accuracy: 0.3186 | Counter-attack accuracy: 0.3363
2026-02-12 11:15:24,650 - ADV_Generation_eps_4.0_steps_100_Added_Noise_uniform_Eps_48.0_Tau_Type_normal_anchors_num_anchors_10 - INFO - Batch:[113] Adversarial images for this batch already exist
2026-02-12 11:15:24,991 - ADV_Generation_eps_4.0_steps_100_Added_Noise_uniform_Eps_48.0_Tau_Type_normal_anchors_num_anchors_10 - INFO - Batch 114/3783: Clean accuracy 0.8158 | Adv accuracy: 0.3158 | Counter-attack accuracy: 0.3333
2026-02-12 11:15:24,992 - ADV_Generation_eps_4.0_steps_100_Added_Noise_uniform_Eps_48.0_Tau_Type_normal_anchors_num_anchors_10 - INFO - Batch:[114] Adversarial images for this batch already exist
2026-02-12 11:15:25,321 - ADV_Generation_eps_4.0_steps_100_Added_Noise_uniform_Eps_48.0_Tau_Type_normal_anchors_num_anchors_10 - INFO - Batch 115/3783: Clean accuracy 0.8174 | Adv accuracy: 0.3217 | Counter-attack accuracy: 0.3391
2026-02-12 11:15:25,322 - ADV_Generation_eps_4.0_steps_100_Added_Noise_uniform_Eps_48.0_Tau_Type_normal_anchors_num_anchors_10 - INFO - Batch:[115] Adversarial images for this batch already exist
2026-02-12 11:15:25,663 - ADV_Generation_eps_4.0_steps_100_Added_Noise_uniform_Eps_48.0_Tau_Type_normal_anchors_num_anchors_10 - INFO - Batch 116/3783: Clean accuracy 0.8190 | Adv accuracy: 0.3190 | Counter-attack accuracy: 0.3362
2026-02-12 11:15:25,664 - ADV_Generation_eps_4.0_steps_100_Added_Noise_uniform_Eps_48.0_Tau_Type_normal_anchors_num_anchors_10 - INFO - Batch:[116] Adversarial images for this batch already exist
2026-02-12 11:15:26,006 - ADV_Generation_eps_4.0_steps_100_Added_Noise_uniform_Eps_48.0_Tau_Type_normal_anchors_num_anchors_10 - INFO - Batch 117/3783: Clean accuracy 0.8205 | Adv accuracy: 0.3162 | Counter-attack accuracy: 0.3333
2026-02-12 11:15:26,007 - ADV_Generation_eps_4.0_steps_100_Added_Noise_uniform_Eps_48.0_Tau_Type_normal_anchors_num_anchors_10 - INFO - Batch:[117] Adversarial images for this batch already exist
2026-02-12 11:15:26,351 - ADV_Generation_eps_4.0_steps_100_Added_Noise_uniform_Eps_48.0_Tau_Type_normal_anchors_num_anchors_10 - INFO - Batch 118/3783: Clean accuracy 0.8220 | Adv accuracy: 0.3220 | Counter-attack accuracy: 0.3390
2026-02-12 11:15:26,353 - ADV_Generation_eps_4.0_steps_100_Added_Noise_uniform_Eps_48.0_Tau_Type_normal_anchors_num_anchors_10 - INFO - Batch:[118] Adversarial images for this batch already exist
2026-02-12 11:15:26,779 - ADV_Generation_eps_4.0_steps_100_Added_Noise_uniform_Eps_48.0_Tau_Type_normal_anchors_num_anchors_10 - INFO - Batch 119/3783: Clean accuracy 0.8235 | Adv accuracy: 0.3277 | Counter-attack accuracy: 0.3445
2026-02-12 11:15:26,780 - ADV_Generation_eps_4.0_steps_100_Added_Noise_uniform_Eps_48.0_Tau_Type_normal_anchors_num_anchors_10 - INFO - Batch:[119] Adversarial images for this batch already exist
2026-02-12 11:15:27,126 - ADV_Generation_eps_4.0_steps_100_Added_Noise_uniform_Eps_48.0_Tau_Type_normal_anchors_num_anchors_10 - INFO - Batch 120/3783: Clean accuracy 0.8167 | Adv accuracy: 0.3250 | Counter-attack accuracy: 0.3417
2026-02-12 11:15:27,127 - ADV_Generation_eps_4.0_steps_100_Added_Noise_uniform_Eps_48.0_Tau_Type_normal_anchors_num_anchors_10 - INFO - Batch:[120] Adversarial images for this batch already exist
2026-02-12 11:15:27,468 - ADV_Generation_eps_4.0_steps_100_Added_Noise_uniform_Eps_48.0_Tau_Type_normal_anchors_num_anchors_10 - INFO - Batch 121/3783: Clean accuracy 0.8182 | Adv accuracy: 0.3223 | Counter-attack accuracy: 0.3388
2026-02-12 11:15:27,469 - ADV_Generation_eps_4.0_steps_100_Added_Noise_uniform_Eps_48.0_Tau_Type_normal_anchors_num_anchors_10 - INFO - Batch:[121] Adversarial images for this batch already exist
2026-02-12 11:15:27,809 - ADV_Generation_eps_4.0_steps_100_Added_Noise_uniform_Eps_48.0_Tau_Type_normal_anchors_num_anchors_10 - INFO - Batch 122/3783: Clean accuracy 0.8115 | Adv accuracy: 0.3197 | Counter-attack accuracy: 0.3361
2026-02-12 11:15:27,810 - ADV_Generation_eps_4.0_steps_100_Added_Noise_uniform_Eps_48.0_Tau_Type_normal_anchors_num_anchors_10 - INFO - Batch:[122] Adversarial images for this batch already exist
2026-02-12 11:15:28,145 - ADV_Generation_eps_4.0_steps_100_Added_Noise_uniform_Eps_48.0_Tau_Type_normal_anchors_num_anchors_10 - INFO - Batch 123/3783: Clean accuracy 0.8130 | Adv accuracy: 0.3171 | Counter-attack accuracy: 0.3333
2026-02-12 11:15:28,146 - ADV_Generation_eps_4.0_steps_100_Added_Noise_uniform_Eps_48.0_Tau_Type_normal_anchors_num_anchors_10 - INFO - Batch:[123] Adversarial images for this batch already exist
2026-02-12 11:15:28,485 - ADV_Generation_eps_4.0_steps_100_Added_Noise_uniform_Eps_48.0_Tau_Type_normal_anchors_num_anchors_10 - INFO - Batch 124/3783: Clean accuracy 0.8145 | Adv accuracy: 0.3145 | Counter-attack accuracy: 0.3306
2026-02-12 11:15:28,487 - ADV_Generation_eps_4.0_steps_100_Added_Noise_uniform_Eps_48.0_Tau_Type_normal_anchors_num_anchors_10 - INFO - Batch:[124] Adversarial images for this batch already exist
2026-02-12 11:15:28,822 - ADV_Generation_eps_4.0_steps_100_Added_Noise_uniform_Eps_48.0_Tau_Type_normal_anchors_num_anchors_10 - INFO - Batch 125/3783: Clean accuracy 0.8160 | Adv accuracy: 0.3120 | Counter-attack accuracy: 0.3280
2026-02-12 11:15:28,823 - ADV_Generation_eps_4.0_steps_100_Added_Noise_uniform_Eps_48.0_Tau_Type_normal_anchors_num_anchors_10 - INFO - Batch:[125] Adversarial images for this batch already exist
2026-02-12 11:15:29,157 - ADV_Generation_eps_4.0_steps_100_Added_Noise_uniform_Eps_48.0_Tau_Type_normal_anchors_num_anchors_10 - INFO - Batch 126/3783: Clean accuracy 0.8175 | Adv accuracy: 0.3175 | Counter-attack accuracy: 0.3254
2026-02-12 11:15:29,158 - ADV_Generation_eps_4.0_steps_100_Added_Noise_uniform_Eps_48.0_Tau_Type_normal_anchors_num_anchors_10 - INFO - Batch:[126] Adversarial images for this batch already exist
2026-02-12 11:15:29,490 - ADV_Generation_eps_4.0_steps_100_Added_Noise_uniform_Eps_48.0_Tau_Type_normal_anchors_num_anchors_10 - INFO - Batch 127/3783: Clean accuracy 0.8189 | Adv accuracy: 0.3150 | Counter-attack accuracy: 0.3228
2026-02-12 11:15:29,490 - ADV_Generation_eps_4.0_steps_100_Added_Noise_uniform_Eps_48.0_Tau_Type_normal_anchors_num_anchors_10 - INFO - Batch:[127] Adversarial images for this batch already exist
2026-02-12 11:15:29,840 - ADV_Generation_eps_4.0_steps_100_Added_Noise_uniform_Eps_48.0_Tau_Type_normal_anchors_num_anchors_10 - INFO - Batch 128/3783: Clean accuracy 0.8203 | Adv accuracy: 0.3125 | Counter-attack accuracy: 0.3203
2026-02-12 11:15:29,841 - ADV_Generation_eps_4.0_steps_100_Added_Noise_uniform_Eps_48.0_Tau_Type_normal_anchors_num_anchors_10 - INFO - Batch:[128] Adversarial images for this batch already exist
2026-02-12 11:15:30,179 - ADV_Generation_eps_4.0_steps_100_Added_Noise_uniform_Eps_48.0_Tau_Type_normal_anchors_num_anchors_10 - INFO - Batch 129/3783: Clean accuracy 0.8217 | Adv accuracy: 0.3101 | Counter-attack accuracy: 0.3178
2026-02-12 11:15:30,180 - ADV_Generation_eps_4.0_steps_100_Added_Noise_uniform_Eps_48.0_Tau_Type_normal_anchors_num_anchors_10 - INFO - Batch:[129] Adversarial images for this batch already exist
2026-02-12 11:15:30,521 - ADV_Generation_eps_4.0_steps_100_Added_Noise_uniform_Eps_48.0_Tau_Type_normal_anchors_num_anchors_10 - INFO - Batch 130/3783: Clean accuracy 0.8231 | Adv accuracy: 0.3077 | Counter-attack accuracy: 0.3154
2026-02-12 11:15:30,522 - ADV_Generation_eps_4.0_steps_100_Added_Noise_uniform_Eps_48.0_Tau_Type_normal_anchors_num_anchors_10 - INFO - Batch:[130] Adversarial images for this batch already exist
2026-02-12 11:15:30,859 - ADV_Generation_eps_4.0_steps_100_Added_Noise_uniform_Eps_48.0_Tau_Type_normal_anchors_num_anchors_10 - INFO - Batch 131/3783: Clean accuracy 0.8244 | Adv accuracy: 0.3053 | Counter-attack accuracy: 0.3130
2026-02-12 11:15:30,860 - ADV_Generation_eps_4.0_steps_100_Added_Noise_uniform_Eps_48.0_Tau_Type_normal_anchors_num_anchors_10 - INFO - Batch:[131] Adversarial images for this batch already exist
2026-02-12 11:15:31,199 - ADV_Generation_eps_4.0_steps_100_Added_Noise_uniform_Eps_48.0_Tau_Type_normal_anchors_num_anchors_10 - INFO - Batch 132/3783: Clean accuracy 0.8258 | Adv accuracy: 0.3106 | Counter-attack accuracy: 0.3182
2026-02-12 11:15:31,200 - ADV_Generation_eps_4.0_steps_100_Added_Noise_uniform_Eps_48.0_Tau_Type_normal_anchors_num_anchors_10 - INFO - Batch:[132] Adversarial images for this batch already exist
2026-02-12 11:15:31,542 - ADV_Generation_eps_4.0_steps_100_Added_Noise_uniform_Eps_48.0_Tau_Type_normal_anchors_num_anchors_10 - INFO - Batch 133/3783: Clean accuracy 0.8271 | Adv accuracy: 0.3083 | Counter-attack accuracy: 0.3158
2026-02-12 11:15:31,543 - ADV_Generation_eps_4.0_steps_100_Added_Noise_uniform_Eps_48.0_Tau_Type_normal_anchors_num_anchors_10 - INFO - Batch:[133] Adversarial images for this batch already exist
2026-02-12 11:15:31,878 - ADV_Generation_eps_4.0_steps_100_Added_Noise_uniform_Eps_48.0_Tau_Type_normal_anchors_num_anchors_10 - INFO - Batch 134/3783: Clean accuracy 0.8284 | Adv accuracy: 0.3134 | Counter-attack accuracy: 0.3209
2026-02-12 11:15:31,879 - ADV_Generation_eps_4.0_steps_100_Added_Noise_uniform_Eps_48.0_Tau_Type_normal_anchors_num_anchors_10 - INFO - Batch:[134] Adversarial images for this batch already exist
2026-02-12 11:15:32,216 - ADV_Generation_eps_4.0_steps_100_Added_Noise_uniform_Eps_48.0_Tau_Type_normal_anchors_num_anchors_10 - INFO - Batch 135/3783: Clean accuracy 0.8296 | Adv accuracy: 0.3111 | Counter-attack accuracy: 0.3185
2026-02-12 11:15:32,217 - ADV_Generation_eps_4.0_steps_100_Added_Noise_uniform_Eps_48.0_Tau_Type_normal_anchors_num_anchors_10 - INFO - Batch:[135] Adversarial images for this batch already exist
2026-02-12 11:15:32,559 - ADV_Generation_eps_4.0_steps_100_Added_Noise_uniform_Eps_48.0_Tau_Type_normal_anchors_num_anchors_10 - INFO - Batch 136/3783: Clean accuracy 0.8309 | Adv accuracy: 0.3088 | Counter-attack accuracy: 0.3162
2026-02-12 11:15:32,560 - ADV_Generation_eps_4.0_steps_100_Added_Noise_uniform_Eps_48.0_Tau_Type_normal_anchors_num_anchors_10 - INFO - Batch:[136] Adversarial images for this batch already exist
2026-02-12 11:15:32,909 - ADV_Generation_eps_4.0_steps_100_Added_Noise_uniform_Eps_48.0_Tau_Type_normal_anchors_num_anchors_10 - INFO - Batch 137/3783: Clean accuracy 0.8321 | Adv accuracy: 0.3066 | Counter-attack accuracy: 0.3139
2026-02-12 11:15:32,911 - ADV_Generation_eps_4.0_steps_100_Added_Noise_uniform_Eps_48.0_Tau_Type_normal_anchors_num_anchors_10 - INFO - Batch:[137] Adversarial images for this batch already exist
2026-02-12 11:15:33,246 - ADV_Generation_eps_4.0_steps_100_Added_Noise_uniform_Eps_48.0_Tau_Type_normal_anchors_num_anchors_10 - INFO - Batch 138/3783: Clean accuracy 0.8333 | Adv accuracy: 0.3116 | Counter-attack accuracy: 0.3188
2026-02-12 11:15:33,247 - ADV_Generation_eps_4.0_steps_100_Added_Noise_uniform_Eps_48.0_Tau_Type_normal_anchors_num_anchors_10 - INFO - Batch:[138] Adversarial images for this batch already exist
2026-02-12 11:15:33,612 - ADV_Generation_eps_4.0_steps_100_Added_Noise_uniform_Eps_48.0_Tau_Type_normal_anchors_num_anchors_10 - INFO - Batch 139/3783: Clean accuracy 0.8345 | Adv accuracy: 0.3165 | Counter-attack accuracy: 0.3165
2026-02-12 11:15:33,613 - ADV_Generation_eps_4.0_steps_100_Added_Noise_uniform_Eps_48.0_Tau_Type_normal_anchors_num_anchors_10 - INFO - Batch:[139] Adversarial images for this batch already exist
2026-02-12 11:15:33,949 - ADV_Generation_eps_4.0_steps_100_Added_Noise_uniform_Eps_48.0_Tau_Type_normal_anchors_num_anchors_10 - INFO - Batch 140/3783: Clean accuracy 0.8357 | Adv accuracy: 0.3143 | Counter-attack accuracy: 0.3143
2026-02-12 11:15:33,950 - ADV_Generation_eps_4.0_steps_100_Added_Noise_uniform_Eps_48.0_Tau_Type_normal_anchors_num_anchors_10 - INFO - Batch:[140] Adversarial images for this batch already exist
2026-02-12 11:15:34,345 - ADV_Generation_eps_4.0_steps_100_Added_Noise_uniform_Eps_48.0_Tau_Type_normal_anchors_num_anchors_10 - INFO - Batch 141/3783: Clean accuracy 0.8369 | Adv accuracy: 0.3121 | Counter-attack accuracy: 0.3121
2026-02-12 11:15:34,347 - ADV_Generation_eps_4.0_steps_100_Added_Noise_uniform_Eps_48.0_Tau_Type_normal_anchors_num_anchors_10 - INFO - Batch:[141] Adversarial images for this batch already exist
2026-02-12 11:15:34,689 - ADV_Generation_eps_4.0_steps_100_Added_Noise_uniform_Eps_48.0_Tau_Type_normal_anchors_num_anchors_10 - INFO - Batch 142/3783: Clean accuracy 0.8380 | Adv accuracy: 0.3099 | Counter-attack accuracy: 0.3099
2026-02-12 11:15:34,690 - ADV_Generation_eps_4.0_steps_100_Added_Noise_uniform_Eps_48.0_Tau_Type_normal_anchors_num_anchors_10 - INFO - Batch:[142] Adversarial images for this batch already exist
2026-02-12 11:15:35,028 - ADV_Generation_eps_4.0_steps_100_Added_Noise_uniform_Eps_48.0_Tau_Type_normal_anchors_num_anchors_10 - INFO - Batch 143/3783: Clean accuracy 0.8392 | Adv accuracy: 0.3077 | Counter-attack accuracy: 0.3077
2026-02-12 11:15:35,029 - ADV_Generation_eps_4.0_steps_100_Added_Noise_uniform_Eps_48.0_Tau_Type_normal_anchors_num_anchors_10 - INFO - Batch:[143] Adversarial images for this batch already exist
