2025-07-10 19:57:53,747 - ADV_Generation_eps_4.0_steps_100_Purification_type_noisy_anchor_anchors_10_alpha_1.2_sigma_0.06_threshold_0.0 - INFO - ==========================================
data:/leonardo_work/EUHPC_R04_192/fmohamma/Adversarial_Robust_Clip/atpt_data/downstream_datasets
test_sets:DTD
dataset_mode:test
arch:fare4
resolution:224
workers:4
no_pin_memory:False
batch_size:64
adv_bs:16
print_freq:20
gpu:0
no_cudnn_benchmark:False
n_ctx:4
ctx_init:a_photo_of_a
seed:0
output_dir:/leonardo_work/EUHPC_R04_192/fmohamma/Adversarial_Robust_Clip/atpt_data/fare4/DTD
log_output_dir:/leonardo_work/EUHPC_R04_192/fmohamma/Adversarial_Robust_Clip/ATPT/Purify_Results/fare4/DTD
eps:4.0
alpha:1.0
alpha_eps_ratio:4.0
steps:100
counter_attack:False
counter_attack_type:pgd
counter_attack_steps:2
counter_attack_eps:4.0
counter_attack_alpha:1.0
counter_attack_tau_thres:0.2
counter_attack_beta:2.0
counter_attack_weighted_perturbations:True
pgd_clip_pure_i_text_embeddings:null
pgd_counter_and_clipure_i_lamda:1.0
image_feature_purify:True
image_feature_purify_type:noisy_anchor
image_feature_purify_noisy_anchors:10
image_feature_purify_anchors_alpha:1.2
image_feature_purify_noisy_sigma:0.06
image_feature_purify_diff_threshold:0.0
lr:0.005
selection_p:0.1
tta_steps:1
top_k:20
softmax_temp:0.01
load_tecoa:

2025-07-10 19:57:53,748 - ADV_Generation_eps_4.0_steps_100_Purification_type_noisy_anchor_anchors_10_alpha_1.2_sigma_0.06_threshold_0.0 - INFO - Use GPU: 0 for training
2025-07-10 19:59:22,432 - ADV_Generation_eps_4.0_steps_100_Purification_type_noisy_anchor_anchors_10_alpha_1.2_sigma_0.06_threshold_0.0 - INFO - => Model created: visual backbone fare4
2025-07-10 19:59:22,457 - ADV_Generation_eps_4.0_steps_100_Purification_type_noisy_anchor_anchors_10_alpha_1.2_sigma_0.06_threshold_0.0 - INFO - Number of test samples: 1692
2025-07-10 19:59:22,457 - ADV_Generation_eps_4.0_steps_100_Purification_type_noisy_anchor_anchors_10_alpha_1.2_sigma_0.06_threshold_0.0 - INFO - Evaluating dataset: DTD
2025-07-10 19:59:22,458 - ADV_Generation_eps_4.0_steps_100_Purification_type_noisy_anchor_anchors_10_alpha_1.2_sigma_0.06_threshold_0.0 - INFO - Starting evaluation with batch size: 64, selection percentage: 0.1
2025-07-10 19:59:22,458 - ADV_Generation_eps_4.0_steps_100_Purification_type_noisy_anchor_anchors_10_alpha_1.2_sigma_0.06_threshold_0.0 - INFO - Using PGD attack with epsilon: 0.015686, alpha: 0.003922, steps: 100
2025-07-10 19:59:22,460 - ADV_Generation_eps_4.0_steps_100_Purification_type_noisy_anchor_anchors_10_alpha_1.2_sigma_0.06_threshold_0.0 - INFO - Using directory for adversarial images: /leonardo_work/EUHPC_R04_192/fmohamma/Adversarial_Robust_Clip/atpt_data/fare4/DTD/adv_images_eps_4.0_alpha_1.0_steps_100
2025-07-10 19:59:23,532 - ADV_Generation_eps_4.0_steps_100_Purification_type_noisy_anchor_anchors_10_alpha_1.2_sigma_0.06_threshold_0.0 - INFO - Batch:[0] Adversarial images for this batch already exist
2025-07-10 19:59:41,804 - ADV_Generation_eps_4.0_steps_100_Purification_type_noisy_anchor_anchors_10_alpha_1.2_sigma_0.06_threshold_0.0 - INFO - Batch 1/106: Clean orig accuracy 0.0000 | Clean purify accuracy 0.0000 | Adv orig accuracy: 0.0000 | Adv purify accuracy: 0.0000
2025-07-10 19:59:41,848 - ADV_Generation_eps_4.0_steps_100_Purification_type_noisy_anchor_anchors_10_alpha_1.2_sigma_0.06_threshold_0.0 - INFO - Batch:[1] Adversarial images for this batch already exist
2025-07-10 19:59:45,571 - ADV_Generation_eps_4.0_steps_100_Purification_type_noisy_anchor_anchors_10_alpha_1.2_sigma_0.06_threshold_0.0 - INFO - Batch 2/106: Clean orig accuracy 0.0312 | Clean purify accuracy 0.0000 | Adv orig accuracy: 0.0000 | Adv purify accuracy: 0.0000
2025-07-10 19:59:45,613 - ADV_Generation_eps_4.0_steps_100_Purification_type_noisy_anchor_anchors_10_alpha_1.2_sigma_0.06_threshold_0.0 - INFO - Batch:[2] Adversarial images for this batch already exist
2025-07-10 19:59:49,340 - ADV_Generation_eps_4.0_steps_100_Purification_type_noisy_anchor_anchors_10_alpha_1.2_sigma_0.06_threshold_0.0 - INFO - Batch 3/106: Clean orig accuracy 0.0208 | Clean purify accuracy 0.0000 | Adv orig accuracy: 0.0000 | Adv purify accuracy: 0.0000
2025-07-10 19:59:49,349 - ADV_Generation_eps_4.0_steps_100_Purification_type_noisy_anchor_anchors_10_alpha_1.2_sigma_0.06_threshold_0.0 - INFO - Batch:[3] Adversarial images for this batch already exist
2025-07-10 19:59:53,032 - ADV_Generation_eps_4.0_steps_100_Purification_type_noisy_anchor_anchors_10_alpha_1.2_sigma_0.06_threshold_0.0 - INFO - Batch 4/106: Clean orig accuracy 0.0156 | Clean purify accuracy 0.0000 | Adv orig accuracy: 0.0000 | Adv purify accuracy: 0.0000
2025-07-10 19:59:53,041 - ADV_Generation_eps_4.0_steps_100_Purification_type_noisy_anchor_anchors_10_alpha_1.2_sigma_0.06_threshold_0.0 - INFO - Batch:[4] Adversarial images for this batch already exist
2025-07-10 19:59:56,748 - ADV_Generation_eps_4.0_steps_100_Purification_type_noisy_anchor_anchors_10_alpha_1.2_sigma_0.06_threshold_0.0 - INFO - Batch 5/106: Clean orig accuracy 0.0375 | Clean purify accuracy 0.0125 | Adv orig accuracy: 0.0125 | Adv purify accuracy: 0.0125
2025-07-10 19:59:56,758 - ADV_Generation_eps_4.0_steps_100_Purification_type_noisy_anchor_anchors_10_alpha_1.2_sigma_0.06_threshold_0.0 - INFO - Batch:[5] Adversarial images for this batch already exist
2025-07-10 20:00:00,511 - ADV_Generation_eps_4.0_steps_100_Purification_type_noisy_anchor_anchors_10_alpha_1.2_sigma_0.06_threshold_0.0 - INFO - Batch 6/106: Clean orig accuracy 0.0521 | Clean purify accuracy 0.0312 | Adv orig accuracy: 0.0104 | Adv purify accuracy: 0.0104
2025-07-10 20:00:00,521 - ADV_Generation_eps_4.0_steps_100_Purification_type_noisy_anchor_anchors_10_alpha_1.2_sigma_0.06_threshold_0.0 - INFO - Batch:[6] Adversarial images for this batch already exist
2025-07-10 20:00:04,215 - ADV_Generation_eps_4.0_steps_100_Purification_type_noisy_anchor_anchors_10_alpha_1.2_sigma_0.06_threshold_0.0 - INFO - Batch 7/106: Clean orig accuracy 0.1071 | Clean purify accuracy 0.0714 | Adv orig accuracy: 0.0089 | Adv purify accuracy: 0.0089
2025-07-10 20:00:04,225 - ADV_Generation_eps_4.0_steps_100_Purification_type_noisy_anchor_anchors_10_alpha_1.2_sigma_0.06_threshold_0.0 - INFO - Batch:[7] Adversarial images for this batch already exist
2025-07-10 20:00:07,970 - ADV_Generation_eps_4.0_steps_100_Purification_type_noisy_anchor_anchors_10_alpha_1.2_sigma_0.06_threshold_0.0 - INFO - Batch 8/106: Clean orig accuracy 0.1641 | Clean purify accuracy 0.1172 | Adv orig accuracy: 0.0312 | Adv purify accuracy: 0.0391
2025-07-10 20:00:07,980 - ADV_Generation_eps_4.0_steps_100_Purification_type_noisy_anchor_anchors_10_alpha_1.2_sigma_0.06_threshold_0.0 - INFO - Batch:[8] Adversarial images for this batch already exist
2025-07-10 20:00:11,719 - ADV_Generation_eps_4.0_steps_100_Purification_type_noisy_anchor_anchors_10_alpha_1.2_sigma_0.06_threshold_0.0 - INFO - Batch 9/106: Clean orig accuracy 0.2222 | Clean purify accuracy 0.1736 | Adv orig accuracy: 0.0556 | Adv purify accuracy: 0.0625
2025-07-10 20:00:11,729 - ADV_Generation_eps_4.0_steps_100_Purification_type_noisy_anchor_anchors_10_alpha_1.2_sigma_0.06_threshold_0.0 - INFO - Batch:[9] Adversarial images for this batch already exist
2025-07-10 20:00:15,509 - ADV_Generation_eps_4.0_steps_100_Purification_type_noisy_anchor_anchors_10_alpha_1.2_sigma_0.06_threshold_0.0 - INFO - Batch 10/106: Clean orig accuracy 0.2188 | Clean purify accuracy 0.1750 | Adv orig accuracy: 0.0563 | Adv purify accuracy: 0.0625
2025-07-10 20:00:15,518 - ADV_Generation_eps_4.0_steps_100_Purification_type_noisy_anchor_anchors_10_alpha_1.2_sigma_0.06_threshold_0.0 - INFO - Batch:[10] Adversarial images for this batch already exist
2025-07-10 20:00:19,197 - ADV_Generation_eps_4.0_steps_100_Purification_type_noisy_anchor_anchors_10_alpha_1.2_sigma_0.06_threshold_0.0 - INFO - Batch 11/106: Clean orig accuracy 0.2102 | Clean purify accuracy 0.1761 | Adv orig accuracy: 0.0568 | Adv purify accuracy: 0.0625
2025-07-10 20:00:19,207 - ADV_Generation_eps_4.0_steps_100_Purification_type_noisy_anchor_anchors_10_alpha_1.2_sigma_0.06_threshold_0.0 - INFO - Batch:[11] Adversarial images for this batch already exist
2025-07-10 20:00:22,902 - ADV_Generation_eps_4.0_steps_100_Purification_type_noisy_anchor_anchors_10_alpha_1.2_sigma_0.06_threshold_0.0 - INFO - Batch 12/106: Clean orig accuracy 0.2552 | Clean purify accuracy 0.2135 | Adv orig accuracy: 0.0938 | Adv purify accuracy: 0.1042
2025-07-10 20:00:22,911 - ADV_Generation_eps_4.0_steps_100_Purification_type_noisy_anchor_anchors_10_alpha_1.2_sigma_0.06_threshold_0.0 - INFO - Batch:[12] Adversarial images for this batch already exist
2025-07-10 20:00:26,643 - ADV_Generation_eps_4.0_steps_100_Purification_type_noisy_anchor_anchors_10_alpha_1.2_sigma_0.06_threshold_0.0 - INFO - Batch 13/106: Clean orig accuracy 0.3125 | Clean purify accuracy 0.2692 | Adv orig accuracy: 0.1587 | Adv purify accuracy: 0.1635
2025-07-10 20:00:26,653 - ADV_Generation_eps_4.0_steps_100_Purification_type_noisy_anchor_anchors_10_alpha_1.2_sigma_0.06_threshold_0.0 - INFO - Batch:[13] Adversarial images for this batch already exist
2025-07-10 20:00:30,358 - ADV_Generation_eps_4.0_steps_100_Purification_type_noisy_anchor_anchors_10_alpha_1.2_sigma_0.06_threshold_0.0 - INFO - Batch 14/106: Clean orig accuracy 0.3571 | Clean purify accuracy 0.3170 | Adv orig accuracy: 0.2098 | Adv purify accuracy: 0.2143
2025-07-10 20:00:30,368 - ADV_Generation_eps_4.0_steps_100_Purification_type_noisy_anchor_anchors_10_alpha_1.2_sigma_0.06_threshold_0.0 - INFO - Batch:[14] Adversarial images for this batch already exist
2025-07-10 20:00:34,070 - ADV_Generation_eps_4.0_steps_100_Purification_type_noisy_anchor_anchors_10_alpha_1.2_sigma_0.06_threshold_0.0 - INFO - Batch 15/106: Clean orig accuracy 0.3875 | Clean purify accuracy 0.3500 | Adv orig accuracy: 0.2500 | Adv purify accuracy: 0.2542
2025-07-10 20:00:34,082 - ADV_Generation_eps_4.0_steps_100_Purification_type_noisy_anchor_anchors_10_alpha_1.2_sigma_0.06_threshold_0.0 - INFO - Batch:[15] Adversarial images for this batch already exist
2025-07-10 20:00:37,868 - ADV_Generation_eps_4.0_steps_100_Purification_type_noisy_anchor_anchors_10_alpha_1.2_sigma_0.06_threshold_0.0 - INFO - Batch 16/106: Clean orig accuracy 0.4102 | Clean purify accuracy 0.3789 | Adv orig accuracy: 0.2695 | Adv purify accuracy: 0.2734
2025-07-10 20:00:37,878 - ADV_Generation_eps_4.0_steps_100_Purification_type_noisy_anchor_anchors_10_alpha_1.2_sigma_0.06_threshold_0.0 - INFO - Batch:[16] Adversarial images for this batch already exist
2025-07-10 20:00:41,700 - ADV_Generation_eps_4.0_steps_100_Purification_type_noisy_anchor_anchors_10_alpha_1.2_sigma_0.06_threshold_0.0 - INFO - Batch 17/106: Clean orig accuracy 0.4118 | Clean purify accuracy 0.3824 | Adv orig accuracy: 0.2537 | Adv purify accuracy: 0.2574
2025-07-10 20:00:41,710 - ADV_Generation_eps_4.0_steps_100_Purification_type_noisy_anchor_anchors_10_alpha_1.2_sigma_0.06_threshold_0.0 - INFO - Batch:[17] Adversarial images for this batch already exist
2025-07-10 20:00:45,457 - ADV_Generation_eps_4.0_steps_100_Purification_type_noisy_anchor_anchors_10_alpha_1.2_sigma_0.06_threshold_0.0 - INFO - Batch 18/106: Clean orig accuracy 0.4132 | Clean purify accuracy 0.3854 | Adv orig accuracy: 0.2396 | Adv purify accuracy: 0.2431
2025-07-10 20:00:45,467 - ADV_Generation_eps_4.0_steps_100_Purification_type_noisy_anchor_anchors_10_alpha_1.2_sigma_0.06_threshold_0.0 - INFO - Batch:[18] Adversarial images for this batch already exist
2025-07-10 20:00:49,181 - ADV_Generation_eps_4.0_steps_100_Purification_type_noisy_anchor_anchors_10_alpha_1.2_sigma_0.06_threshold_0.0 - INFO - Batch 19/106: Clean orig accuracy 0.4013 | Clean purify accuracy 0.3750 | Adv orig accuracy: 0.2270 | Adv purify accuracy: 0.2303
2025-07-10 20:00:49,191 - ADV_Generation_eps_4.0_steps_100_Purification_type_noisy_anchor_anchors_10_alpha_1.2_sigma_0.06_threshold_0.0 - INFO - Batch:[19] Adversarial images for this batch already exist
2025-07-10 20:00:52,881 - ADV_Generation_eps_4.0_steps_100_Purification_type_noisy_anchor_anchors_10_alpha_1.2_sigma_0.06_threshold_0.0 - INFO - Batch 20/106: Clean orig accuracy 0.4000 | Clean purify accuracy 0.3719 | Adv orig accuracy: 0.2156 | Adv purify accuracy: 0.2188
2025-07-10 20:00:52,892 - ADV_Generation_eps_4.0_steps_100_Purification_type_noisy_anchor_anchors_10_alpha_1.2_sigma_0.06_threshold_0.0 - INFO - Batch:[20] Adversarial images for this batch already exist
2025-07-10 20:00:56,604 - ADV_Generation_eps_4.0_steps_100_Purification_type_noisy_anchor_anchors_10_alpha_1.2_sigma_0.06_threshold_0.0 - INFO - Batch 21/106: Clean orig accuracy 0.3839 | Clean purify accuracy 0.3571 | Adv orig accuracy: 0.2054 | Adv purify accuracy: 0.2083
2025-07-10 20:00:56,614 - ADV_Generation_eps_4.0_steps_100_Purification_type_noisy_anchor_anchors_10_alpha_1.2_sigma_0.06_threshold_0.0 - INFO - Batch:[21] Adversarial images for this batch already exist
2025-07-10 20:01:00,350 - ADV_Generation_eps_4.0_steps_100_Purification_type_noisy_anchor_anchors_10_alpha_1.2_sigma_0.06_threshold_0.0 - INFO - Batch 22/106: Clean orig accuracy 0.3693 | Clean purify accuracy 0.3438 | Adv orig accuracy: 0.1989 | Adv purify accuracy: 0.2017
2025-07-10 20:01:00,360 - ADV_Generation_eps_4.0_steps_100_Purification_type_noisy_anchor_anchors_10_alpha_1.2_sigma_0.06_threshold_0.0 - INFO - Batch:[22] Adversarial images for this batch already exist
2025-07-10 20:01:04,068 - ADV_Generation_eps_4.0_steps_100_Purification_type_noisy_anchor_anchors_10_alpha_1.2_sigma_0.06_threshold_0.0 - INFO - Batch 23/106: Clean orig accuracy 0.3614 | Clean purify accuracy 0.3370 | Adv orig accuracy: 0.1929 | Adv purify accuracy: 0.2011
2025-07-10 20:01:04,077 - ADV_Generation_eps_4.0_steps_100_Purification_type_noisy_anchor_anchors_10_alpha_1.2_sigma_0.06_threshold_0.0 - INFO - Batch:[23] Adversarial images for this batch already exist
2025-07-10 20:01:07,805 - ADV_Generation_eps_4.0_steps_100_Purification_type_noisy_anchor_anchors_10_alpha_1.2_sigma_0.06_threshold_0.0 - INFO - Batch 24/106: Clean orig accuracy 0.3698 | Clean purify accuracy 0.3464 | Adv orig accuracy: 0.1927 | Adv purify accuracy: 0.2057
2025-07-10 20:01:07,815 - ADV_Generation_eps_4.0_steps_100_Purification_type_noisy_anchor_anchors_10_alpha_1.2_sigma_0.06_threshold_0.0 - INFO - Batch:[24] Adversarial images for this batch already exist
2025-07-10 20:01:11,582 - ADV_Generation_eps_4.0_steps_100_Purification_type_noisy_anchor_anchors_10_alpha_1.2_sigma_0.06_threshold_0.0 - INFO - Batch 25/106: Clean orig accuracy 0.3625 | Clean purify accuracy 0.3425 | Adv orig accuracy: 0.1900 | Adv purify accuracy: 0.2025
2025-07-10 20:01:11,591 - ADV_Generation_eps_4.0_steps_100_Purification_type_noisy_anchor_anchors_10_alpha_1.2_sigma_0.06_threshold_0.0 - INFO - Batch:[25] Adversarial images for this batch already exist
2025-07-10 20:01:15,355 - ADV_Generation_eps_4.0_steps_100_Purification_type_noisy_anchor_anchors_10_alpha_1.2_sigma_0.06_threshold_0.0 - INFO - Batch 26/106: Clean orig accuracy 0.3678 | Clean purify accuracy 0.3462 | Adv orig accuracy: 0.1851 | Adv purify accuracy: 0.1947
2025-07-10 20:01:15,364 - ADV_Generation_eps_4.0_steps_100_Purification_type_noisy_anchor_anchors_10_alpha_1.2_sigma_0.06_threshold_0.0 - INFO - Batch:[26] Adversarial images for this batch already exist
2025-07-10 20:01:19,041 - ADV_Generation_eps_4.0_steps_100_Purification_type_noisy_anchor_anchors_10_alpha_1.2_sigma_0.06_threshold_0.0 - INFO - Batch 27/106: Clean orig accuracy 0.3657 | Clean purify accuracy 0.3380 | Adv orig accuracy: 0.1782 | Adv purify accuracy: 0.1875
2025-07-10 20:01:19,051 - ADV_Generation_eps_4.0_steps_100_Purification_type_noisy_anchor_anchors_10_alpha_1.2_sigma_0.06_threshold_0.0 - INFO - Batch:[27] Adversarial images for this batch already exist
2025-07-10 20:01:22,779 - ADV_Generation_eps_4.0_steps_100_Purification_type_noisy_anchor_anchors_10_alpha_1.2_sigma_0.06_threshold_0.0 - INFO - Batch 28/106: Clean orig accuracy 0.3527 | Clean purify accuracy 0.3259 | Adv orig accuracy: 0.1719 | Adv purify accuracy: 0.1808
2025-07-10 20:01:22,789 - ADV_Generation_eps_4.0_steps_100_Purification_type_noisy_anchor_anchors_10_alpha_1.2_sigma_0.06_threshold_0.0 - INFO - Batch:[28] Adversarial images for this batch already exist
2025-07-10 20:01:26,503 - ADV_Generation_eps_4.0_steps_100_Purification_type_noisy_anchor_anchors_10_alpha_1.2_sigma_0.06_threshold_0.0 - INFO - Batch 29/106: Clean orig accuracy 0.3448 | Clean purify accuracy 0.3168 | Adv orig accuracy: 0.1659 | Adv purify accuracy: 0.1746
2025-07-10 20:01:26,513 - ADV_Generation_eps_4.0_steps_100_Purification_type_noisy_anchor_anchors_10_alpha_1.2_sigma_0.06_threshold_0.0 - INFO - Batch:[29] Adversarial images for this batch already exist
2025-07-10 20:01:30,222 - ADV_Generation_eps_4.0_steps_100_Purification_type_noisy_anchor_anchors_10_alpha_1.2_sigma_0.06_threshold_0.0 - INFO - Batch 30/106: Clean orig accuracy 0.3479 | Clean purify accuracy 0.3229 | Adv orig accuracy: 0.1667 | Adv purify accuracy: 0.1750
2025-07-10 20:01:30,232 - ADV_Generation_eps_4.0_steps_100_Purification_type_noisy_anchor_anchors_10_alpha_1.2_sigma_0.06_threshold_0.0 - INFO - Batch:[30] Adversarial images for this batch already exist
2025-07-10 20:01:34,049 - ADV_Generation_eps_4.0_steps_100_Purification_type_noisy_anchor_anchors_10_alpha_1.2_sigma_0.06_threshold_0.0 - INFO - Batch 31/106: Clean orig accuracy 0.3468 | Clean purify accuracy 0.3226 | Adv orig accuracy: 0.1673 | Adv purify accuracy: 0.1754
2025-07-10 20:01:34,059 - ADV_Generation_eps_4.0_steps_100_Purification_type_noisy_anchor_anchors_10_alpha_1.2_sigma_0.06_threshold_0.0 - INFO - Batch:[31] Adversarial images for this batch already exist
2025-07-10 20:01:37,785 - ADV_Generation_eps_4.0_steps_100_Purification_type_noisy_anchor_anchors_10_alpha_1.2_sigma_0.06_threshold_0.0 - INFO - Batch 32/106: Clean orig accuracy 0.3457 | Clean purify accuracy 0.3184 | Adv orig accuracy: 0.1641 | Adv purify accuracy: 0.1719
2025-07-10 20:01:37,794 - ADV_Generation_eps_4.0_steps_100_Purification_type_noisy_anchor_anchors_10_alpha_1.2_sigma_0.06_threshold_0.0 - INFO - Batch:[32] Adversarial images for this batch already exist
2025-07-10 20:01:41,453 - ADV_Generation_eps_4.0_steps_100_Purification_type_noisy_anchor_anchors_10_alpha_1.2_sigma_0.06_threshold_0.0 - INFO - Batch 33/106: Clean orig accuracy 0.3447 | Clean purify accuracy 0.3163 | Adv orig accuracy: 0.1591 | Adv purify accuracy: 0.1667
2025-07-10 20:01:41,463 - ADV_Generation_eps_4.0_steps_100_Purification_type_noisy_anchor_anchors_10_alpha_1.2_sigma_0.06_threshold_0.0 - INFO - Batch:[33] Adversarial images for this batch already exist
2025-07-10 20:01:45,143 - ADV_Generation_eps_4.0_steps_100_Purification_type_noisy_anchor_anchors_10_alpha_1.2_sigma_0.06_threshold_0.0 - INFO - Batch 34/106: Clean orig accuracy 0.3419 | Clean purify accuracy 0.3143 | Adv orig accuracy: 0.1599 | Adv purify accuracy: 0.1673
2025-07-10 20:01:45,153 - ADV_Generation_eps_4.0_steps_100_Purification_type_noisy_anchor_anchors_10_alpha_1.2_sigma_0.06_threshold_0.0 - INFO - Batch:[34] Adversarial images for this batch already exist
2025-07-10 20:01:48,881 - ADV_Generation_eps_4.0_steps_100_Purification_type_noisy_anchor_anchors_10_alpha_1.2_sigma_0.06_threshold_0.0 - INFO - Batch 35/106: Clean orig accuracy 0.3500 | Clean purify accuracy 0.3196 | Adv orig accuracy: 0.1643 | Adv purify accuracy: 0.1696
2025-07-10 20:01:48,891 - ADV_Generation_eps_4.0_steps_100_Purification_type_noisy_anchor_anchors_10_alpha_1.2_sigma_0.06_threshold_0.0 - INFO - Batch:[35] Adversarial images for this batch already exist
2025-07-10 20:01:52,585 - ADV_Generation_eps_4.0_steps_100_Purification_type_noisy_anchor_anchors_10_alpha_1.2_sigma_0.06_threshold_0.0 - INFO - Batch 36/106: Clean orig accuracy 0.3611 | Clean purify accuracy 0.3212 | Adv orig accuracy: 0.1667 | Adv purify accuracy: 0.1719
2025-07-10 20:01:52,614 - ADV_Generation_eps_4.0_steps_100_Purification_type_noisy_anchor_anchors_10_alpha_1.2_sigma_0.06_threshold_0.0 - INFO - Batch:[36] Adversarial images for this batch already exist
2025-07-10 20:01:56,292 - ADV_Generation_eps_4.0_steps_100_Purification_type_noisy_anchor_anchors_10_alpha_1.2_sigma_0.06_threshold_0.0 - INFO - Batch 37/106: Clean orig accuracy 0.3615 | Clean purify accuracy 0.3243 | Adv orig accuracy: 0.1672 | Adv purify accuracy: 0.1740
2025-07-10 20:01:56,303 - ADV_Generation_eps_4.0_steps_100_Purification_type_noisy_anchor_anchors_10_alpha_1.2_sigma_0.06_threshold_0.0 - INFO - Batch:[37] Adversarial images for this batch already exist
2025-07-10 20:01:59,965 - ADV_Generation_eps_4.0_steps_100_Purification_type_noisy_anchor_anchors_10_alpha_1.2_sigma_0.06_threshold_0.0 - INFO - Batch 38/106: Clean orig accuracy 0.3602 | Clean purify accuracy 0.3224 | Adv orig accuracy: 0.1678 | Adv purify accuracy: 0.1743
2025-07-10 20:01:59,975 - ADV_Generation_eps_4.0_steps_100_Purification_type_noisy_anchor_anchors_10_alpha_1.2_sigma_0.06_threshold_0.0 - INFO - Batch:[38] Adversarial images for this batch already exist
2025-07-10 20:02:03,691 - ADV_Generation_eps_4.0_steps_100_Purification_type_noisy_anchor_anchors_10_alpha_1.2_sigma_0.06_threshold_0.0 - INFO - Batch 39/106: Clean orig accuracy 0.3542 | Clean purify accuracy 0.3157 | Adv orig accuracy: 0.1651 | Adv purify accuracy: 0.1715
2025-07-10 20:02:03,701 - ADV_Generation_eps_4.0_steps_100_Purification_type_noisy_anchor_anchors_10_alpha_1.2_sigma_0.06_threshold_0.0 - INFO - Batch:[39] Adversarial images for this batch already exist
2025-07-10 20:02:07,495 - ADV_Generation_eps_4.0_steps_100_Purification_type_noisy_anchor_anchors_10_alpha_1.2_sigma_0.06_threshold_0.0 - INFO - Batch 40/106: Clean orig accuracy 0.3469 | Clean purify accuracy 0.3078 | Adv orig accuracy: 0.1625 | Adv purify accuracy: 0.1672
2025-07-10 20:02:07,505 - ADV_Generation_eps_4.0_steps_100_Purification_type_noisy_anchor_anchors_10_alpha_1.2_sigma_0.06_threshold_0.0 - INFO - Batch:[40] Adversarial images for this batch already exist
2025-07-10 20:02:11,281 - ADV_Generation_eps_4.0_steps_100_Purification_type_noisy_anchor_anchors_10_alpha_1.2_sigma_0.06_threshold_0.0 - INFO - Batch 41/106: Clean orig accuracy 0.3415 | Clean purify accuracy 0.3034 | Adv orig accuracy: 0.1616 | Adv purify accuracy: 0.1662
2025-07-10 20:02:11,291 - ADV_Generation_eps_4.0_steps_100_Purification_type_noisy_anchor_anchors_10_alpha_1.2_sigma_0.06_threshold_0.0 - INFO - Batch:[41] Adversarial images for this batch already exist
2025-07-10 20:02:15,048 - ADV_Generation_eps_4.0_steps_100_Purification_type_noisy_anchor_anchors_10_alpha_1.2_sigma_0.06_threshold_0.0 - INFO - Batch 42/106: Clean orig accuracy 0.3482 | Clean purify accuracy 0.3021 | Adv orig accuracy: 0.1622 | Adv purify accuracy: 0.1667
2025-07-10 20:02:15,057 - ADV_Generation_eps_4.0_steps_100_Purification_type_noisy_anchor_anchors_10_alpha_1.2_sigma_0.06_threshold_0.0 - INFO - Batch:[42] Adversarial images for this batch already exist
2025-07-10 20:02:18,737 - ADV_Generation_eps_4.0_steps_100_Purification_type_noisy_anchor_anchors_10_alpha_1.2_sigma_0.06_threshold_0.0 - INFO - Batch 43/106: Clean orig accuracy 0.3488 | Clean purify accuracy 0.3023 | Adv orig accuracy: 0.1613 | Adv purify accuracy: 0.1642
2025-07-10 20:02:18,750 - ADV_Generation_eps_4.0_steps_100_Purification_type_noisy_anchor_anchors_10_alpha_1.2_sigma_0.06_threshold_0.0 - INFO - Batch:[43] Adversarial images for this batch already exist
2025-07-10 20:02:22,447 - ADV_Generation_eps_4.0_steps_100_Purification_type_noisy_anchor_anchors_10_alpha_1.2_sigma_0.06_threshold_0.0 - INFO - Batch 44/106: Clean orig accuracy 0.3409 | Clean purify accuracy 0.2955 | Adv orig accuracy: 0.1577 | Adv purify accuracy: 0.1605
2025-07-10 20:02:22,457 - ADV_Generation_eps_4.0_steps_100_Purification_type_noisy_anchor_anchors_10_alpha_1.2_sigma_0.06_threshold_0.0 - INFO - Batch:[44] Adversarial images for this batch already exist
2025-07-10 20:02:26,145 - ADV_Generation_eps_4.0_steps_100_Purification_type_noisy_anchor_anchors_10_alpha_1.2_sigma_0.06_threshold_0.0 - INFO - Batch 45/106: Clean orig accuracy 0.3333 | Clean purify accuracy 0.2889 | Adv orig accuracy: 0.1542 | Adv purify accuracy: 0.1569
2025-07-10 20:02:26,155 - ADV_Generation_eps_4.0_steps_100_Purification_type_noisy_anchor_anchors_10_alpha_1.2_sigma_0.06_threshold_0.0 - INFO - Batch:[45] Adversarial images for this batch already exist
2025-07-10 20:02:29,903 - ADV_Generation_eps_4.0_steps_100_Purification_type_noisy_anchor_anchors_10_alpha_1.2_sigma_0.06_threshold_0.0 - INFO - Batch 46/106: Clean orig accuracy 0.3397 | Clean purify accuracy 0.2962 | Adv orig accuracy: 0.1522 | Adv purify accuracy: 0.1562
2025-07-10 20:02:29,913 - ADV_Generation_eps_4.0_steps_100_Purification_type_noisy_anchor_anchors_10_alpha_1.2_sigma_0.06_threshold_0.0 - INFO - Batch:[46] Adversarial images for this batch already exist
2025-07-10 20:02:33,665 - ADV_Generation_eps_4.0_steps_100_Purification_type_noisy_anchor_anchors_10_alpha_1.2_sigma_0.06_threshold_0.0 - INFO - Batch 47/106: Clean orig accuracy 0.3497 | Clean purify accuracy 0.3059 | Adv orig accuracy: 0.1529 | Adv purify accuracy: 0.1596
2025-07-10 20:02:33,676 - ADV_Generation_eps_4.0_steps_100_Purification_type_noisy_anchor_anchors_10_alpha_1.2_sigma_0.06_threshold_0.0 - INFO - Batch:[47] Adversarial images for this batch already exist
2025-07-10 20:02:37,352 - ADV_Generation_eps_4.0_steps_100_Purification_type_noisy_anchor_anchors_10_alpha_1.2_sigma_0.06_threshold_0.0 - INFO - Batch 48/106: Clean orig accuracy 0.3464 | Clean purify accuracy 0.3034 | Adv orig accuracy: 0.1497 | Adv purify accuracy: 0.1589
2025-07-10 20:02:37,362 - ADV_Generation_eps_4.0_steps_100_Purification_type_noisy_anchor_anchors_10_alpha_1.2_sigma_0.06_threshold_0.0 - INFO - Batch:[48] Adversarial images for this batch already exist
2025-07-10 20:02:41,167 - ADV_Generation_eps_4.0_steps_100_Purification_type_noisy_anchor_anchors_10_alpha_1.2_sigma_0.06_threshold_0.0 - INFO - Batch 49/106: Clean orig accuracy 0.3393 | Clean purify accuracy 0.2972 | Adv orig accuracy: 0.1467 | Adv purify accuracy: 0.1556
2025-07-10 20:02:41,177 - ADV_Generation_eps_4.0_steps_100_Purification_type_noisy_anchor_anchors_10_alpha_1.2_sigma_0.06_threshold_0.0 - INFO - Batch:[49] Adversarial images for this batch already exist
2025-07-10 20:02:44,949 - ADV_Generation_eps_4.0_steps_100_Purification_type_noisy_anchor_anchors_10_alpha_1.2_sigma_0.06_threshold_0.0 - INFO - Batch 50/106: Clean orig accuracy 0.3325 | Clean purify accuracy 0.2913 | Adv orig accuracy: 0.1437 | Adv purify accuracy: 0.1525
2025-07-10 20:02:44,958 - ADV_Generation_eps_4.0_steps_100_Purification_type_noisy_anchor_anchors_10_alpha_1.2_sigma_0.06_threshold_0.0 - INFO - Batch:[50] Adversarial images for this batch already exist
2025-07-10 20:02:48,686 - ADV_Generation_eps_4.0_steps_100_Purification_type_noisy_anchor_anchors_10_alpha_1.2_sigma_0.06_threshold_0.0 - INFO - Batch 51/106: Clean orig accuracy 0.3297 | Clean purify accuracy 0.2892 | Adv orig accuracy: 0.1434 | Adv purify accuracy: 0.1532
2025-07-10 20:02:48,697 - ADV_Generation_eps_4.0_steps_100_Purification_type_noisy_anchor_anchors_10_alpha_1.2_sigma_0.06_threshold_0.0 - INFO - Batch:[51] Adversarial images for this batch already exist
2025-07-10 20:02:52,466 - ADV_Generation_eps_4.0_steps_100_Purification_type_noisy_anchor_anchors_10_alpha_1.2_sigma_0.06_threshold_0.0 - INFO - Batch 52/106: Clean orig accuracy 0.3245 | Clean purify accuracy 0.2849 | Adv orig accuracy: 0.1418 | Adv purify accuracy: 0.1502
2025-07-10 20:02:52,475 - ADV_Generation_eps_4.0_steps_100_Purification_type_noisy_anchor_anchors_10_alpha_1.2_sigma_0.06_threshold_0.0 - INFO - Batch:[52] Adversarial images for this batch already exist
2025-07-10 20:02:56,188 - ADV_Generation_eps_4.0_steps_100_Purification_type_noisy_anchor_anchors_10_alpha_1.2_sigma_0.06_threshold_0.0 - INFO - Batch 53/106: Clean orig accuracy 0.3184 | Clean purify accuracy 0.2795 | Adv orig accuracy: 0.1392 | Adv purify accuracy: 0.1474
2025-07-10 20:02:56,198 - ADV_Generation_eps_4.0_steps_100_Purification_type_noisy_anchor_anchors_10_alpha_1.2_sigma_0.06_threshold_0.0 - INFO - Batch:[53] Adversarial images for this batch already exist
2025-07-10 20:02:59,915 - ADV_Generation_eps_4.0_steps_100_Purification_type_noisy_anchor_anchors_10_alpha_1.2_sigma_0.06_threshold_0.0 - INFO - Batch 54/106: Clean orig accuracy 0.3137 | Clean purify accuracy 0.2766 | Adv orig accuracy: 0.1366 | Adv purify accuracy: 0.1447
2025-07-10 20:02:59,925 - ADV_Generation_eps_4.0_steps_100_Purification_type_noisy_anchor_anchors_10_alpha_1.2_sigma_0.06_threshold_0.0 - INFO - Batch:[54] Adversarial images for this batch already exist
2025-07-10 20:03:03,621 - ADV_Generation_eps_4.0_steps_100_Purification_type_noisy_anchor_anchors_10_alpha_1.2_sigma_0.06_threshold_0.0 - INFO - Batch 55/106: Clean orig accuracy 0.3091 | Clean purify accuracy 0.2727 | Adv orig accuracy: 0.1341 | Adv purify accuracy: 0.1420
2025-07-10 20:03:03,631 - ADV_Generation_eps_4.0_steps_100_Purification_type_noisy_anchor_anchors_10_alpha_1.2_sigma_0.06_threshold_0.0 - INFO - Batch:[55] Adversarial images for this batch already exist
2025-07-10 20:03:07,340 - ADV_Generation_eps_4.0_steps_100_Purification_type_noisy_anchor_anchors_10_alpha_1.2_sigma_0.06_threshold_0.0 - INFO - Batch 56/106: Clean orig accuracy 0.3036 | Clean purify accuracy 0.2679 | Adv orig accuracy: 0.1317 | Adv purify accuracy: 0.1395
2025-07-10 20:03:07,350 - ADV_Generation_eps_4.0_steps_100_Purification_type_noisy_anchor_anchors_10_alpha_1.2_sigma_0.06_threshold_0.0 - INFO - Batch:[56] Adversarial images for this batch already exist
2025-07-10 20:03:11,011 - ADV_Generation_eps_4.0_steps_100_Purification_type_noisy_anchor_anchors_10_alpha_1.2_sigma_0.06_threshold_0.0 - INFO - Batch 57/106: Clean orig accuracy 0.3081 | Clean purify accuracy 0.2730 | Adv orig accuracy: 0.1371 | Adv purify accuracy: 0.1436
2025-07-10 20:03:11,021 - ADV_Generation_eps_4.0_steps_100_Purification_type_noisy_anchor_anchors_10_alpha_1.2_sigma_0.06_threshold_0.0 - INFO - Batch:[57] Adversarial images for this batch already exist
2025-07-10 20:03:14,825 - ADV_Generation_eps_4.0_steps_100_Purification_type_noisy_anchor_anchors_10_alpha_1.2_sigma_0.06_threshold_0.0 - INFO - Batch 58/106: Clean orig accuracy 0.3147 | Clean purify accuracy 0.2802 | Adv orig accuracy: 0.1433 | Adv purify accuracy: 0.1487
2025-07-10 20:03:14,835 - ADV_Generation_eps_4.0_steps_100_Purification_type_noisy_anchor_anchors_10_alpha_1.2_sigma_0.06_threshold_0.0 - INFO - Batch:[58] Adversarial images for this batch already exist
2025-07-10 20:03:18,610 - ADV_Generation_eps_4.0_steps_100_Purification_type_noisy_anchor_anchors_10_alpha_1.2_sigma_0.06_threshold_0.0 - INFO - Batch 59/106: Clean orig accuracy 0.3220 | Clean purify accuracy 0.2871 | Adv orig accuracy: 0.1472 | Adv purify accuracy: 0.1525
2025-07-10 20:03:18,620 - ADV_Generation_eps_4.0_steps_100_Purification_type_noisy_anchor_anchors_10_alpha_1.2_sigma_0.06_threshold_0.0 - INFO - Batch:[59] Adversarial images for this batch already exist
2025-07-10 20:03:22,440 - ADV_Generation_eps_4.0_steps_100_Purification_type_noisy_anchor_anchors_10_alpha_1.2_sigma_0.06_threshold_0.0 - INFO - Batch 60/106: Clean orig accuracy 0.3312 | Clean purify accuracy 0.2948 | Adv orig accuracy: 0.1531 | Adv purify accuracy: 0.1573
2025-07-10 20:03:22,450 - ADV_Generation_eps_4.0_steps_100_Purification_type_noisy_anchor_anchors_10_alpha_1.2_sigma_0.06_threshold_0.0 - INFO - Batch:[60] Adversarial images for this batch already exist
2025-07-10 20:03:26,131 - ADV_Generation_eps_4.0_steps_100_Purification_type_noisy_anchor_anchors_10_alpha_1.2_sigma_0.06_threshold_0.0 - INFO - Batch 61/106: Clean orig accuracy 0.3391 | Clean purify accuracy 0.3012 | Adv orig accuracy: 0.1598 | Adv purify accuracy: 0.1619
2025-07-10 20:03:26,140 - ADV_Generation_eps_4.0_steps_100_Purification_type_noisy_anchor_anchors_10_alpha_1.2_sigma_0.06_threshold_0.0 - INFO - Batch:[61] Adversarial images for this batch already exist
2025-07-10 20:03:29,914 - ADV_Generation_eps_4.0_steps_100_Purification_type_noisy_anchor_anchors_10_alpha_1.2_sigma_0.06_threshold_0.0 - INFO - Batch 62/106: Clean orig accuracy 0.3478 | Clean purify accuracy 0.3105 | Adv orig accuracy: 0.1653 | Adv purify accuracy: 0.1694
2025-07-10 20:03:29,923 - ADV_Generation_eps_4.0_steps_100_Purification_type_noisy_anchor_anchors_10_alpha_1.2_sigma_0.06_threshold_0.0 - INFO - Batch:[62] Adversarial images for this batch already exist
2025-07-10 20:03:33,644 - ADV_Generation_eps_4.0_steps_100_Purification_type_noisy_anchor_anchors_10_alpha_1.2_sigma_0.06_threshold_0.0 - INFO - Batch 63/106: Clean orig accuracy 0.3562 | Clean purify accuracy 0.3165 | Adv orig accuracy: 0.1696 | Adv purify accuracy: 0.1736
2025-07-10 20:03:33,654 - ADV_Generation_eps_4.0_steps_100_Purification_type_noisy_anchor_anchors_10_alpha_1.2_sigma_0.06_threshold_0.0 - INFO - Batch:[63] Adversarial images for this batch already exist
2025-07-10 20:03:37,346 - ADV_Generation_eps_4.0_steps_100_Purification_type_noisy_anchor_anchors_10_alpha_1.2_sigma_0.06_threshold_0.0 - INFO - Batch 64/106: Clean orig accuracy 0.3516 | Clean purify accuracy 0.3125 | Adv orig accuracy: 0.1670 | Adv purify accuracy: 0.1719
2025-07-10 20:03:37,355 - ADV_Generation_eps_4.0_steps_100_Purification_type_noisy_anchor_anchors_10_alpha_1.2_sigma_0.06_threshold_0.0 - INFO - Batch:[64] Adversarial images for this batch already exist
2025-07-10 20:03:41,190 - ADV_Generation_eps_4.0_steps_100_Purification_type_noisy_anchor_anchors_10_alpha_1.2_sigma_0.06_threshold_0.0 - INFO - Batch 65/106: Clean orig accuracy 0.3481 | Clean purify accuracy 0.3096 | Adv orig accuracy: 0.1644 | Adv purify accuracy: 0.1702
2025-07-10 20:03:41,201 - ADV_Generation_eps_4.0_steps_100_Purification_type_noisy_anchor_anchors_10_alpha_1.2_sigma_0.06_threshold_0.0 - INFO - Batch:[65] Adversarial images for this batch already exist
2025-07-10 20:03:44,865 - ADV_Generation_eps_4.0_steps_100_Purification_type_noisy_anchor_anchors_10_alpha_1.2_sigma_0.06_threshold_0.0 - INFO - Batch 66/106: Clean orig accuracy 0.3485 | Clean purify accuracy 0.3068 | Adv orig accuracy: 0.1629 | Adv purify accuracy: 0.1686
2025-07-10 20:03:44,875 - ADV_Generation_eps_4.0_steps_100_Purification_type_noisy_anchor_anchors_10_alpha_1.2_sigma_0.06_threshold_0.0 - INFO - Batch:[66] Adversarial images for this batch already exist
2025-07-10 20:03:48,563 - ADV_Generation_eps_4.0_steps_100_Purification_type_noisy_anchor_anchors_10_alpha_1.2_sigma_0.06_threshold_0.0 - INFO - Batch 67/106: Clean orig accuracy 0.3526 | Clean purify accuracy 0.3041 | Adv orig accuracy: 0.1632 | Adv purify accuracy: 0.1660
2025-07-10 20:03:48,572 - ADV_Generation_eps_4.0_steps_100_Purification_type_noisy_anchor_anchors_10_alpha_1.2_sigma_0.06_threshold_0.0 - INFO - Batch:[67] Adversarial images for this batch already exist
2025-07-10 20:03:52,273 - ADV_Generation_eps_4.0_steps_100_Purification_type_noisy_anchor_anchors_10_alpha_1.2_sigma_0.06_threshold_0.0 - INFO - Batch 68/106: Clean orig accuracy 0.3539 | Clean purify accuracy 0.3033 | Adv orig accuracy: 0.1636 | Adv purify accuracy: 0.1664
2025-07-10 20:03:52,282 - ADV_Generation_eps_4.0_steps_100_Purification_type_noisy_anchor_anchors_10_alpha_1.2_sigma_0.06_threshold_0.0 - INFO - Batch:[68] Adversarial images for this batch already exist
2025-07-10 20:03:55,944 - ADV_Generation_eps_4.0_steps_100_Purification_type_noisy_anchor_anchors_10_alpha_1.2_sigma_0.06_threshold_0.0 - INFO - Batch 69/106: Clean orig accuracy 0.3569 | Clean purify accuracy 0.3053 | Adv orig accuracy: 0.1658 | Adv purify accuracy: 0.1685
2025-07-10 20:03:55,955 - ADV_Generation_eps_4.0_steps_100_Purification_type_noisy_anchor_anchors_10_alpha_1.2_sigma_0.06_threshold_0.0 - INFO - Batch:[69] Adversarial images for this batch already exist
2025-07-10 20:03:59,667 - ADV_Generation_eps_4.0_steps_100_Purification_type_noisy_anchor_anchors_10_alpha_1.2_sigma_0.06_threshold_0.0 - INFO - Batch 70/106: Clean orig accuracy 0.3598 | Clean purify accuracy 0.3089 | Adv orig accuracy: 0.1688 | Adv purify accuracy: 0.1705
2025-07-10 20:03:59,676 - ADV_Generation_eps_4.0_steps_100_Purification_type_noisy_anchor_anchors_10_alpha_1.2_sigma_0.06_threshold_0.0 - INFO - Batch:[70] Adversarial images for this batch already exist
2025-07-10 20:04:03,406 - ADV_Generation_eps_4.0_steps_100_Purification_type_noisy_anchor_anchors_10_alpha_1.2_sigma_0.06_threshold_0.0 - INFO - Batch 71/106: Clean orig accuracy 0.3592 | Clean purify accuracy 0.3081 | Adv orig accuracy: 0.1664 | Adv purify accuracy: 0.1681
2025-07-10 20:04:03,415 - ADV_Generation_eps_4.0_steps_100_Purification_type_noisy_anchor_anchors_10_alpha_1.2_sigma_0.06_threshold_0.0 - INFO - Batch:[71] Adversarial images for this batch already exist
2025-07-10 20:04:07,153 - ADV_Generation_eps_4.0_steps_100_Purification_type_noisy_anchor_anchors_10_alpha_1.2_sigma_0.06_threshold_0.0 - INFO - Batch 72/106: Clean orig accuracy 0.3550 | Clean purify accuracy 0.3056 | Adv orig accuracy: 0.1641 | Adv purify accuracy: 0.1658
2025-07-10 20:04:07,162 - ADV_Generation_eps_4.0_steps_100_Purification_type_noisy_anchor_anchors_10_alpha_1.2_sigma_0.06_threshold_0.0 - INFO - Batch:[72] Adversarial images for this batch already exist
2025-07-10 20:04:10,931 - ADV_Generation_eps_4.0_steps_100_Purification_type_noisy_anchor_anchors_10_alpha_1.2_sigma_0.06_threshold_0.0 - INFO - Batch 73/106: Clean orig accuracy 0.3536 | Clean purify accuracy 0.3048 | Adv orig accuracy: 0.1618 | Adv purify accuracy: 0.1635
2025-07-10 20:04:10,942 - ADV_Generation_eps_4.0_steps_100_Purification_type_noisy_anchor_anchors_10_alpha_1.2_sigma_0.06_threshold_0.0 - INFO - Batch:[73] Adversarial images for this batch already exist
2025-07-10 20:04:14,696 - ADV_Generation_eps_4.0_steps_100_Purification_type_noisy_anchor_anchors_10_alpha_1.2_sigma_0.06_threshold_0.0 - INFO - Batch 74/106: Clean orig accuracy 0.3556 | Clean purify accuracy 0.3066 | Adv orig accuracy: 0.1605 | Adv purify accuracy: 0.1622
2025-07-10 20:04:14,705 - ADV_Generation_eps_4.0_steps_100_Purification_type_noisy_anchor_anchors_10_alpha_1.2_sigma_0.06_threshold_0.0 - INFO - Batch:[74] Adversarial images for this batch already exist
2025-07-10 20:04:18,365 - ADV_Generation_eps_4.0_steps_100_Purification_type_noisy_anchor_anchors_10_alpha_1.2_sigma_0.06_threshold_0.0 - INFO - Batch 75/106: Clean orig accuracy 0.3525 | Clean purify accuracy 0.3042 | Adv orig accuracy: 0.1583 | Adv purify accuracy: 0.1600
2025-07-10 20:04:18,375 - ADV_Generation_eps_4.0_steps_100_Purification_type_noisy_anchor_anchors_10_alpha_1.2_sigma_0.06_threshold_0.0 - INFO - Batch:[75] Adversarial images for this batch already exist
2025-07-10 20:04:22,062 - ADV_Generation_eps_4.0_steps_100_Purification_type_noisy_anchor_anchors_10_alpha_1.2_sigma_0.06_threshold_0.0 - INFO - Batch 76/106: Clean orig accuracy 0.3495 | Clean purify accuracy 0.3002 | Adv orig accuracy: 0.1562 | Adv purify accuracy: 0.1579
2025-07-10 20:04:22,073 - ADV_Generation_eps_4.0_steps_100_Purification_type_noisy_anchor_anchors_10_alpha_1.2_sigma_0.06_threshold_0.0 - INFO - Batch:[76] Adversarial images for this batch already exist
2025-07-10 20:04:25,800 - ADV_Generation_eps_4.0_steps_100_Purification_type_noisy_anchor_anchors_10_alpha_1.2_sigma_0.06_threshold_0.0 - INFO - Batch 77/106: Clean orig accuracy 0.3458 | Clean purify accuracy 0.2963 | Adv orig accuracy: 0.1542 | Adv purify accuracy: 0.1558
2025-07-10 20:04:25,809 - ADV_Generation_eps_4.0_steps_100_Purification_type_noisy_anchor_anchors_10_alpha_1.2_sigma_0.06_threshold_0.0 - INFO - Batch:[77] Adversarial images for this batch already exist
2025-07-10 20:04:29,504 - ADV_Generation_eps_4.0_steps_100_Purification_type_noisy_anchor_anchors_10_alpha_1.2_sigma_0.06_threshold_0.0 - INFO - Batch 78/106: Clean orig accuracy 0.3413 | Clean purify accuracy 0.2925 | Adv orig accuracy: 0.1522 | Adv purify accuracy: 0.1538
2025-07-10 20:04:29,513 - ADV_Generation_eps_4.0_steps_100_Purification_type_noisy_anchor_anchors_10_alpha_1.2_sigma_0.06_threshold_0.0 - INFO - Batch:[78] Adversarial images for this batch already exist
2025-07-10 20:04:33,272 - ADV_Generation_eps_4.0_steps_100_Purification_type_noisy_anchor_anchors_10_alpha_1.2_sigma_0.06_threshold_0.0 - INFO - Batch 79/106: Clean orig accuracy 0.3402 | Clean purify accuracy 0.2919 | Adv orig accuracy: 0.1527 | Adv purify accuracy: 0.1543
2025-07-10 20:04:33,282 - ADV_Generation_eps_4.0_steps_100_Purification_type_noisy_anchor_anchors_10_alpha_1.2_sigma_0.06_threshold_0.0 - INFO - Batch:[79] Adversarial images for this batch already exist
2025-07-10 20:04:36,987 - ADV_Generation_eps_4.0_steps_100_Purification_type_noisy_anchor_anchors_10_alpha_1.2_sigma_0.06_threshold_0.0 - INFO - Batch 80/106: Clean orig accuracy 0.3430 | Clean purify accuracy 0.2953 | Adv orig accuracy: 0.1555 | Adv purify accuracy: 0.1570
2025-07-10 20:04:36,997 - ADV_Generation_eps_4.0_steps_100_Purification_type_noisy_anchor_anchors_10_alpha_1.2_sigma_0.06_threshold_0.0 - INFO - Batch:[80] Adversarial images for this batch already exist
2025-07-10 20:04:40,675 - ADV_Generation_eps_4.0_steps_100_Purification_type_noisy_anchor_anchors_10_alpha_1.2_sigma_0.06_threshold_0.0 - INFO - Batch 81/106: Clean orig accuracy 0.3472 | Clean purify accuracy 0.2994 | Adv orig accuracy: 0.1597 | Adv purify accuracy: 0.1613
2025-07-10 20:04:40,685 - ADV_Generation_eps_4.0_steps_100_Purification_type_noisy_anchor_anchors_10_alpha_1.2_sigma_0.06_threshold_0.0 - INFO - Batch:[81] Adversarial images for this batch already exist
2025-07-10 20:04:44,408 - ADV_Generation_eps_4.0_steps_100_Purification_type_noisy_anchor_anchors_10_alpha_1.2_sigma_0.06_threshold_0.0 - INFO - Batch 82/106: Clean orig accuracy 0.3483 | Clean purify accuracy 0.3018 | Adv orig accuracy: 0.1608 | Adv purify accuracy: 0.1616
2025-07-10 20:04:44,418 - ADV_Generation_eps_4.0_steps_100_Purification_type_noisy_anchor_anchors_10_alpha_1.2_sigma_0.06_threshold_0.0 - INFO - Batch:[82] Adversarial images for this batch already exist
2025-07-10 20:04:48,095 - ADV_Generation_eps_4.0_steps_100_Purification_type_noisy_anchor_anchors_10_alpha_1.2_sigma_0.06_threshold_0.0 - INFO - Batch 83/106: Clean orig accuracy 0.3479 | Clean purify accuracy 0.3012 | Adv orig accuracy: 0.1596 | Adv purify accuracy: 0.1604
2025-07-10 20:04:48,105 - ADV_Generation_eps_4.0_steps_100_Purification_type_noisy_anchor_anchors_10_alpha_1.2_sigma_0.06_threshold_0.0 - INFO - Batch:[83] Adversarial images for this batch already exist
2025-07-10 20:04:51,804 - ADV_Generation_eps_4.0_steps_100_Purification_type_noisy_anchor_anchors_10_alpha_1.2_sigma_0.06_threshold_0.0 - INFO - Batch 84/106: Clean orig accuracy 0.3467 | Clean purify accuracy 0.3013 | Adv orig accuracy: 0.1592 | Adv purify accuracy: 0.1600
2025-07-10 20:04:51,813 - ADV_Generation_eps_4.0_steps_100_Purification_type_noisy_anchor_anchors_10_alpha_1.2_sigma_0.06_threshold_0.0 - INFO - Batch:[84] Adversarial images for this batch already exist
2025-07-10 20:04:55,485 - ADV_Generation_eps_4.0_steps_100_Purification_type_noisy_anchor_anchors_10_alpha_1.2_sigma_0.06_threshold_0.0 - INFO - Batch 85/106: Clean orig accuracy 0.3441 | Clean purify accuracy 0.3007 | Adv orig accuracy: 0.1574 | Adv purify accuracy: 0.1581
2025-07-10 20:04:55,495 - ADV_Generation_eps_4.0_steps_100_Purification_type_noisy_anchor_anchors_10_alpha_1.2_sigma_0.06_threshold_0.0 - INFO - Batch:[85] Adversarial images for this batch already exist
2025-07-10 20:04:59,218 - ADV_Generation_eps_4.0_steps_100_Purification_type_noisy_anchor_anchors_10_alpha_1.2_sigma_0.06_threshold_0.0 - INFO - Batch 86/106: Clean orig accuracy 0.3423 | Clean purify accuracy 0.2994 | Adv orig accuracy: 0.1555 | Adv purify accuracy: 0.1562
2025-07-10 20:04:59,227 - ADV_Generation_eps_4.0_steps_100_Purification_type_noisy_anchor_anchors_10_alpha_1.2_sigma_0.06_threshold_0.0 - INFO - Batch:[86] Adversarial images for this batch already exist
2025-07-10 20:05:02,934 - ADV_Generation_eps_4.0_steps_100_Purification_type_noisy_anchor_anchors_10_alpha_1.2_sigma_0.06_threshold_0.0 - INFO - Batch 87/106: Clean orig accuracy 0.3420 | Clean purify accuracy 0.2974 | Adv orig accuracy: 0.1545 | Adv purify accuracy: 0.1552
2025-07-10 20:05:02,946 - ADV_Generation_eps_4.0_steps_100_Purification_type_noisy_anchor_anchors_10_alpha_1.2_sigma_0.06_threshold_0.0 - INFO - Batch:[87] Adversarial images for this batch already exist
2025-07-10 20:05:06,620 - ADV_Generation_eps_4.0_steps_100_Purification_type_noisy_anchor_anchors_10_alpha_1.2_sigma_0.06_threshold_0.0 - INFO - Batch 88/106: Clean orig accuracy 0.3438 | Clean purify accuracy 0.3004 | Adv orig accuracy: 0.1548 | Adv purify accuracy: 0.1555
2025-07-10 20:05:06,629 - ADV_Generation_eps_4.0_steps_100_Purification_type_noisy_anchor_anchors_10_alpha_1.2_sigma_0.06_threshold_0.0 - INFO - Batch:[88] Adversarial images for this batch already exist
2025-07-10 20:05:10,347 - ADV_Generation_eps_4.0_steps_100_Purification_type_noisy_anchor_anchors_10_alpha_1.2_sigma_0.06_threshold_0.0 - INFO - Batch 89/106: Clean orig accuracy 0.3483 | Clean purify accuracy 0.3048 | Adv orig accuracy: 0.1601 | Adv purify accuracy: 0.1608
2025-07-10 20:05:10,357 - ADV_Generation_eps_4.0_steps_100_Purification_type_noisy_anchor_anchors_10_alpha_1.2_sigma_0.06_threshold_0.0 - INFO - Batch:[89] Adversarial images for this batch already exist
2025-07-10 20:05:14,043 - ADV_Generation_eps_4.0_steps_100_Purification_type_noisy_anchor_anchors_10_alpha_1.2_sigma_0.06_threshold_0.0 - INFO - Batch 90/106: Clean orig accuracy 0.3556 | Clean purify accuracy 0.3118 | Adv orig accuracy: 0.1667 | Adv purify accuracy: 0.1681
2025-07-10 20:05:14,052 - ADV_Generation_eps_4.0_steps_100_Purification_type_noisy_anchor_anchors_10_alpha_1.2_sigma_0.06_threshold_0.0 - INFO - Batch:[90] Adversarial images for this batch already exist
2025-07-10 20:05:17,763 - ADV_Generation_eps_4.0_steps_100_Purification_type_noisy_anchor_anchors_10_alpha_1.2_sigma_0.06_threshold_0.0 - INFO - Batch 91/106: Clean orig accuracy 0.3565 | Clean purify accuracy 0.3132 | Adv orig accuracy: 0.1648 | Adv purify accuracy: 0.1669
2025-07-10 20:05:17,773 - ADV_Generation_eps_4.0_steps_100_Purification_type_noisy_anchor_anchors_10_alpha_1.2_sigma_0.06_threshold_0.0 - INFO - Batch:[91] Adversarial images for this batch already exist
2025-07-10 20:05:21,595 - ADV_Generation_eps_4.0_steps_100_Purification_type_noisy_anchor_anchors_10_alpha_1.2_sigma_0.06_threshold_0.0 - INFO - Batch 92/106: Clean orig accuracy 0.3587 | Clean purify accuracy 0.3166 | Adv orig accuracy: 0.1644 | Adv purify accuracy: 0.1664
2025-07-10 20:05:21,606 - ADV_Generation_eps_4.0_steps_100_Purification_type_noisy_anchor_anchors_10_alpha_1.2_sigma_0.06_threshold_0.0 - INFO - Batch:[92] Adversarial images for this batch already exist
2025-07-10 20:05:25,312 - ADV_Generation_eps_4.0_steps_100_Purification_type_noisy_anchor_anchors_10_alpha_1.2_sigma_0.06_threshold_0.0 - INFO - Batch 93/106: Clean orig accuracy 0.3575 | Clean purify accuracy 0.3152 | Adv orig accuracy: 0.1626 | Adv purify accuracy: 0.1647
2025-07-10 20:05:25,323 - ADV_Generation_eps_4.0_steps_100_Purification_type_noisy_anchor_anchors_10_alpha_1.2_sigma_0.06_threshold_0.0 - INFO - Batch:[93] Adversarial images for this batch already exist
2025-07-10 20:05:29,062 - ADV_Generation_eps_4.0_steps_100_Purification_type_noisy_anchor_anchors_10_alpha_1.2_sigma_0.06_threshold_0.0 - INFO - Batch 94/106: Clean orig accuracy 0.3544 | Clean purify accuracy 0.3125 | Adv orig accuracy: 0.1609 | Adv purify accuracy: 0.1629
2025-07-10 20:05:29,072 - ADV_Generation_eps_4.0_steps_100_Purification_type_noisy_anchor_anchors_10_alpha_1.2_sigma_0.06_threshold_0.0 - INFO - Batch:[94] Adversarial images for this batch already exist
2025-07-10 20:05:32,784 - ADV_Generation_eps_4.0_steps_100_Purification_type_noisy_anchor_anchors_10_alpha_1.2_sigma_0.06_threshold_0.0 - INFO - Batch 95/106: Clean orig accuracy 0.3526 | Clean purify accuracy 0.3105 | Adv orig accuracy: 0.1599 | Adv purify accuracy: 0.1625
2025-07-10 20:05:32,794 - ADV_Generation_eps_4.0_steps_100_Purification_type_noisy_anchor_anchors_10_alpha_1.2_sigma_0.06_threshold_0.0 - INFO - Batch:[95] Adversarial images for this batch already exist
2025-07-10 20:05:36,521 - ADV_Generation_eps_4.0_steps_100_Purification_type_noisy_anchor_anchors_10_alpha_1.2_sigma_0.06_threshold_0.0 - INFO - Batch 96/106: Clean orig accuracy 0.3516 | Clean purify accuracy 0.3105 | Adv orig accuracy: 0.1589 | Adv purify accuracy: 0.1621
2025-07-10 20:05:36,530 - ADV_Generation_eps_4.0_steps_100_Purification_type_noisy_anchor_anchors_10_alpha_1.2_sigma_0.06_threshold_0.0 - INFO - Batch:[96] Adversarial images for this batch already exist
2025-07-10 20:05:40,241 - ADV_Generation_eps_4.0_steps_100_Purification_type_noisy_anchor_anchors_10_alpha_1.2_sigma_0.06_threshold_0.0 - INFO - Batch 97/106: Clean orig accuracy 0.3518 | Clean purify accuracy 0.3093 | Adv orig accuracy: 0.1572 | Adv purify accuracy: 0.1611
2025-07-10 20:05:40,252 - ADV_Generation_eps_4.0_steps_100_Purification_type_noisy_anchor_anchors_10_alpha_1.2_sigma_0.06_threshold_0.0 - INFO - Batch:[97] Adversarial images for this batch already exist
2025-07-10 20:05:43,905 - ADV_Generation_eps_4.0_steps_100_Purification_type_noisy_anchor_anchors_10_alpha_1.2_sigma_0.06_threshold_0.0 - INFO - Batch 98/106: Clean orig accuracy 0.3533 | Clean purify accuracy 0.3119 | Adv orig accuracy: 0.1569 | Adv purify accuracy: 0.1614
2025-07-10 20:05:43,915 - ADV_Generation_eps_4.0_steps_100_Purification_type_noisy_anchor_anchors_10_alpha_1.2_sigma_0.06_threshold_0.0 - INFO - Batch:[98] Adversarial images for this batch already exist
2025-07-10 20:05:47,622 - ADV_Generation_eps_4.0_steps_100_Purification_type_noisy_anchor_anchors_10_alpha_1.2_sigma_0.06_threshold_0.0 - INFO - Batch 99/106: Clean orig accuracy 0.3561 | Clean purify accuracy 0.3138 | Adv orig accuracy: 0.1566 | Adv purify accuracy: 0.1610
2025-07-10 20:05:47,633 - ADV_Generation_eps_4.0_steps_100_Purification_type_noisy_anchor_anchors_10_alpha_1.2_sigma_0.06_threshold_0.0 - INFO - Batch:[99] Adversarial images for this batch already exist
2025-07-10 20:05:51,327 - ADV_Generation_eps_4.0_steps_100_Purification_type_noisy_anchor_anchors_10_alpha_1.2_sigma_0.06_threshold_0.0 - INFO - Batch 100/106: Clean orig accuracy 0.3613 | Clean purify accuracy 0.3187 | Adv orig accuracy: 0.1600 | Adv purify accuracy: 0.1663
2025-07-10 20:05:51,336 - ADV_Generation_eps_4.0_steps_100_Purification_type_noisy_anchor_anchors_10_alpha_1.2_sigma_0.06_threshold_0.0 - INFO - Batch:[100] Adversarial images for this batch already exist
2025-07-10 20:05:55,181 - ADV_Generation_eps_4.0_steps_100_Purification_type_noisy_anchor_anchors_10_alpha_1.2_sigma_0.06_threshold_0.0 - INFO - Batch 101/106: Clean orig accuracy 0.3657 | Clean purify accuracy 0.3243 | Adv orig accuracy: 0.1615 | Adv purify accuracy: 0.1683
2025-07-10 20:05:55,191 - ADV_Generation_eps_4.0_steps_100_Purification_type_noisy_anchor_anchors_10_alpha_1.2_sigma_0.06_threshold_0.0 - INFO - Batch:[101] Adversarial images for this batch already exist
2025-07-10 20:05:58,913 - ADV_Generation_eps_4.0_steps_100_Purification_type_noisy_anchor_anchors_10_alpha_1.2_sigma_0.06_threshold_0.0 - INFO - Batch 102/106: Clean orig accuracy 0.3670 | Clean purify accuracy 0.3235 | Adv orig accuracy: 0.1605 | Adv purify accuracy: 0.1679
2025-07-10 20:05:58,923 - ADV_Generation_eps_4.0_steps_100_Purification_type_noisy_anchor_anchors_10_alpha_1.2_sigma_0.06_threshold_0.0 - INFO - Batch:[102] Adversarial images for this batch already exist
2025-07-10 20:06:02,687 - ADV_Generation_eps_4.0_steps_100_Purification_type_noisy_anchor_anchors_10_alpha_1.2_sigma_0.06_threshold_0.0 - INFO - Batch 103/106: Clean orig accuracy 0.3659 | Clean purify accuracy 0.3216 | Adv orig accuracy: 0.1602 | Adv purify accuracy: 0.1669
2025-07-10 20:06:02,697 - ADV_Generation_eps_4.0_steps_100_Purification_type_noisy_anchor_anchors_10_alpha_1.2_sigma_0.06_threshold_0.0 - INFO - Batch:[103] Adversarial images for this batch already exist
2025-07-10 20:06:06,388 - ADV_Generation_eps_4.0_steps_100_Purification_type_noisy_anchor_anchors_10_alpha_1.2_sigma_0.06_threshold_0.0 - INFO - Batch 104/106: Clean orig accuracy 0.3648 | Clean purify accuracy 0.3209 | Adv orig accuracy: 0.1605 | Adv purify accuracy: 0.1677
2025-07-10 20:06:06,398 - ADV_Generation_eps_4.0_steps_100_Purification_type_noisy_anchor_anchors_10_alpha_1.2_sigma_0.06_threshold_0.0 - INFO - Batch:[104] Adversarial images for this batch already exist
2025-07-10 20:06:10,079 - ADV_Generation_eps_4.0_steps_100_Purification_type_noisy_anchor_anchors_10_alpha_1.2_sigma_0.06_threshold_0.0 - INFO - Batch 105/106: Clean orig accuracy 0.3696 | Clean purify accuracy 0.3262 | Adv orig accuracy: 0.1661 | Adv purify accuracy: 0.1726
2025-07-10 20:06:10,087 - ADV_Generation_eps_4.0_steps_100_Purification_type_noisy_anchor_anchors_10_alpha_1.2_sigma_0.06_threshold_0.0 - INFO - Batch:[105] Adversarial images for this batch already exist
2025-07-10 20:06:13,138 - ADV_Generation_eps_4.0_steps_100_Purification_type_noisy_anchor_anchors_10_alpha_1.2_sigma_0.06_threshold_0.0 - INFO - Batch 106/106: Clean orig accuracy 0.3729 | Clean purify accuracy 0.3292 | Adv orig accuracy: 0.1702 | Adv purify accuracy: 0.1767
2025-07-10 20:06:13,222 - ADV_Generation_eps_4.0_steps_100_Purification_type_noisy_anchor_anchors_10_alpha_1.2_sigma_0.06_threshold_0.0 - INFO - Final Clean orig accuracy: 0.3729 | Clean purify accuracy: 0.3292
2025-07-10 20:06:13,222 - ADV_Generation_eps_4.0_steps_100_Purification_type_noisy_anchor_anchors_10_alpha_1.2_sigma_0.06_threshold_0.0 - INFO - Final Adv orig accuracy: 0.1702 | Adv purify accuracy: 0.1767
2025-07-10 20:06:13,222 - ADV_Generation_eps_4.0_steps_100_Purification_type_noisy_anchor_anchors_10_alpha_1.2_sigma_0.06_threshold_0.0 - INFO - Diff_ratio_clean: 0.1257 | Diff_ratio_adv: 0.1283
2025-07-10 20:06:13,222 - ADV_Generation_eps_4.0_steps_100_Purification_type_noisy_anchor_anchors_10_alpha_1.2_sigma_0.06_threshold_0.0 - INFO - Adversarial image generation completed. Results
