2025-07-10 19:57:53,738 - ADV_Generation_eps_4.0_steps_100_Purification_type_noisy_anchor_anchors_10_alpha_1.2_sigma_0.12_threshold_0.0 - INFO - ==========================================
data:/leonardo_work/EUHPC_R04_192/fmohamma/Adversarial_Robust_Clip/atpt_data/downstream_datasets
test_sets:DTD
dataset_mode:test
arch:fare4
resolution:224
workers:4
no_pin_memory:False
batch_size:64
adv_bs:16
print_freq:20
gpu:0
no_cudnn_benchmark:False
n_ctx:4
ctx_init:a_photo_of_a
seed:0
output_dir:/leonardo_work/EUHPC_R04_192/fmohamma/Adversarial_Robust_Clip/atpt_data/fare4/DTD
log_output_dir:/leonardo_work/EUHPC_R04_192/fmohamma/Adversarial_Robust_Clip/ATPT/Purify_Results/fare4/DTD
eps:4.0
alpha:1.0
alpha_eps_ratio:4.0
steps:100
counter_attack:False
counter_attack_type:pgd
counter_attack_steps:2
counter_attack_eps:4.0
counter_attack_alpha:1.0
counter_attack_tau_thres:0.2
counter_attack_beta:2.0
counter_attack_weighted_perturbations:True
pgd_clip_pure_i_text_embeddings:null
pgd_counter_and_clipure_i_lamda:1.0
image_feature_purify:True
image_feature_purify_type:noisy_anchor
image_feature_purify_noisy_anchors:10
image_feature_purify_anchors_alpha:1.2
image_feature_purify_noisy_sigma:0.12
image_feature_purify_diff_threshold:0.0
lr:0.005
selection_p:0.1
tta_steps:1
top_k:20
softmax_temp:0.01
load_tecoa:

2025-07-10 19:57:53,739 - ADV_Generation_eps_4.0_steps_100_Purification_type_noisy_anchor_anchors_10_alpha_1.2_sigma_0.12_threshold_0.0 - INFO - Use GPU: 0 for training
2025-07-10 19:59:22,422 - ADV_Generation_eps_4.0_steps_100_Purification_type_noisy_anchor_anchors_10_alpha_1.2_sigma_0.12_threshold_0.0 - INFO - => Model created: visual backbone fare4
2025-07-10 19:59:22,448 - ADV_Generation_eps_4.0_steps_100_Purification_type_noisy_anchor_anchors_10_alpha_1.2_sigma_0.12_threshold_0.0 - INFO - Number of test samples: 1692
2025-07-10 19:59:22,448 - ADV_Generation_eps_4.0_steps_100_Purification_type_noisy_anchor_anchors_10_alpha_1.2_sigma_0.12_threshold_0.0 - INFO - Evaluating dataset: DTD
2025-07-10 19:59:22,449 - ADV_Generation_eps_4.0_steps_100_Purification_type_noisy_anchor_anchors_10_alpha_1.2_sigma_0.12_threshold_0.0 - INFO - Starting evaluation with batch size: 64, selection percentage: 0.1
2025-07-10 19:59:22,449 - ADV_Generation_eps_4.0_steps_100_Purification_type_noisy_anchor_anchors_10_alpha_1.2_sigma_0.12_threshold_0.0 - INFO - Using PGD attack with epsilon: 0.015686, alpha: 0.003922, steps: 100
2025-07-10 19:59:22,451 - ADV_Generation_eps_4.0_steps_100_Purification_type_noisy_anchor_anchors_10_alpha_1.2_sigma_0.12_threshold_0.0 - INFO - Using directory for adversarial images: /leonardo_work/EUHPC_R04_192/fmohamma/Adversarial_Robust_Clip/atpt_data/fare4/DTD/adv_images_eps_4.0_alpha_1.0_steps_100
2025-07-10 19:59:23,523 - ADV_Generation_eps_4.0_steps_100_Purification_type_noisy_anchor_anchors_10_alpha_1.2_sigma_0.12_threshold_0.0 - INFO - Batch:[0] Adversarial images for this batch already exist
2025-07-10 19:59:41,792 - ADV_Generation_eps_4.0_steps_100_Purification_type_noisy_anchor_anchors_10_alpha_1.2_sigma_0.12_threshold_0.0 - INFO - Batch 1/106: Clean orig accuracy 0.0000 | Clean purify accuracy 0.0000 | Adv orig accuracy: 0.0000 | Adv purify accuracy: 0.0000
2025-07-10 19:59:41,839 - ADV_Generation_eps_4.0_steps_100_Purification_type_noisy_anchor_anchors_10_alpha_1.2_sigma_0.12_threshold_0.0 - INFO - Batch:[1] Adversarial images for this batch already exist
2025-07-10 19:59:45,559 - ADV_Generation_eps_4.0_steps_100_Purification_type_noisy_anchor_anchors_10_alpha_1.2_sigma_0.12_threshold_0.0 - INFO - Batch 2/106: Clean orig accuracy 0.0312 | Clean purify accuracy 0.0000 | Adv orig accuracy: 0.0000 | Adv purify accuracy: 0.0000
2025-07-10 19:59:45,606 - ADV_Generation_eps_4.0_steps_100_Purification_type_noisy_anchor_anchors_10_alpha_1.2_sigma_0.12_threshold_0.0 - INFO - Batch:[2] Adversarial images for this batch already exist
2025-07-10 19:59:49,327 - ADV_Generation_eps_4.0_steps_100_Purification_type_noisy_anchor_anchors_10_alpha_1.2_sigma_0.12_threshold_0.0 - INFO - Batch 3/106: Clean orig accuracy 0.0208 | Clean purify accuracy 0.0000 | Adv orig accuracy: 0.0000 | Adv purify accuracy: 0.0000
2025-07-10 19:59:49,337 - ADV_Generation_eps_4.0_steps_100_Purification_type_noisy_anchor_anchors_10_alpha_1.2_sigma_0.12_threshold_0.0 - INFO - Batch:[3] Adversarial images for this batch already exist
2025-07-10 19:59:53,017 - ADV_Generation_eps_4.0_steps_100_Purification_type_noisy_anchor_anchors_10_alpha_1.2_sigma_0.12_threshold_0.0 - INFO - Batch 4/106: Clean orig accuracy 0.0156 | Clean purify accuracy 0.0000 | Adv orig accuracy: 0.0000 | Adv purify accuracy: 0.0000
2025-07-10 19:59:53,027 - ADV_Generation_eps_4.0_steps_100_Purification_type_noisy_anchor_anchors_10_alpha_1.2_sigma_0.12_threshold_0.0 - INFO - Batch:[4] Adversarial images for this batch already exist
2025-07-10 19:59:56,734 - ADV_Generation_eps_4.0_steps_100_Purification_type_noisy_anchor_anchors_10_alpha_1.2_sigma_0.12_threshold_0.0 - INFO - Batch 5/106: Clean orig accuracy 0.0375 | Clean purify accuracy 0.0125 | Adv orig accuracy: 0.0125 | Adv purify accuracy: 0.0125
2025-07-10 19:59:56,744 - ADV_Generation_eps_4.0_steps_100_Purification_type_noisy_anchor_anchors_10_alpha_1.2_sigma_0.12_threshold_0.0 - INFO - Batch:[5] Adversarial images for this batch already exist
2025-07-10 20:00:00,500 - ADV_Generation_eps_4.0_steps_100_Purification_type_noisy_anchor_anchors_10_alpha_1.2_sigma_0.12_threshold_0.0 - INFO - Batch 6/106: Clean orig accuracy 0.0521 | Clean purify accuracy 0.0104 | Adv orig accuracy: 0.0104 | Adv purify accuracy: 0.0104
2025-07-10 20:00:00,510 - ADV_Generation_eps_4.0_steps_100_Purification_type_noisy_anchor_anchors_10_alpha_1.2_sigma_0.12_threshold_0.0 - INFO - Batch:[6] Adversarial images for this batch already exist
2025-07-10 20:00:04,202 - ADV_Generation_eps_4.0_steps_100_Purification_type_noisy_anchor_anchors_10_alpha_1.2_sigma_0.12_threshold_0.0 - INFO - Batch 7/106: Clean orig accuracy 0.1071 | Clean purify accuracy 0.0179 | Adv orig accuracy: 0.0089 | Adv purify accuracy: 0.0089
2025-07-10 20:00:04,213 - ADV_Generation_eps_4.0_steps_100_Purification_type_noisy_anchor_anchors_10_alpha_1.2_sigma_0.12_threshold_0.0 - INFO - Batch:[7] Adversarial images for this batch already exist
2025-07-10 20:00:07,956 - ADV_Generation_eps_4.0_steps_100_Purification_type_noisy_anchor_anchors_10_alpha_1.2_sigma_0.12_threshold_0.0 - INFO - Batch 8/106: Clean orig accuracy 0.1641 | Clean purify accuracy 0.0625 | Adv orig accuracy: 0.0312 | Adv purify accuracy: 0.0312
2025-07-10 20:00:07,966 - ADV_Generation_eps_4.0_steps_100_Purification_type_noisy_anchor_anchors_10_alpha_1.2_sigma_0.12_threshold_0.0 - INFO - Batch:[8] Adversarial images for this batch already exist
2025-07-10 20:00:11,706 - ADV_Generation_eps_4.0_steps_100_Purification_type_noisy_anchor_anchors_10_alpha_1.2_sigma_0.12_threshold_0.0 - INFO - Batch 9/106: Clean orig accuracy 0.2222 | Clean purify accuracy 0.1111 | Adv orig accuracy: 0.0556 | Adv purify accuracy: 0.0625
2025-07-10 20:00:11,717 - ADV_Generation_eps_4.0_steps_100_Purification_type_noisy_anchor_anchors_10_alpha_1.2_sigma_0.12_threshold_0.0 - INFO - Batch:[9] Adversarial images for this batch already exist
2025-07-10 20:00:15,496 - ADV_Generation_eps_4.0_steps_100_Purification_type_noisy_anchor_anchors_10_alpha_1.2_sigma_0.12_threshold_0.0 - INFO - Batch 10/106: Clean orig accuracy 0.2188 | Clean purify accuracy 0.1250 | Adv orig accuracy: 0.0563 | Adv purify accuracy: 0.0750
2025-07-10 20:00:15,505 - ADV_Generation_eps_4.0_steps_100_Purification_type_noisy_anchor_anchors_10_alpha_1.2_sigma_0.12_threshold_0.0 - INFO - Batch:[10] Adversarial images for this batch already exist
2025-07-10 20:00:19,192 - ADV_Generation_eps_4.0_steps_100_Purification_type_noisy_anchor_anchors_10_alpha_1.2_sigma_0.12_threshold_0.0 - INFO - Batch 11/106: Clean orig accuracy 0.2102 | Clean purify accuracy 0.1307 | Adv orig accuracy: 0.0568 | Adv purify accuracy: 0.0852
2025-07-10 20:00:19,200 - ADV_Generation_eps_4.0_steps_100_Purification_type_noisy_anchor_anchors_10_alpha_1.2_sigma_0.12_threshold_0.0 - INFO - Batch:[11] Adversarial images for this batch already exist
2025-07-10 20:00:22,886 - ADV_Generation_eps_4.0_steps_100_Purification_type_noisy_anchor_anchors_10_alpha_1.2_sigma_0.12_threshold_0.0 - INFO - Batch 12/106: Clean orig accuracy 0.2552 | Clean purify accuracy 0.1719 | Adv orig accuracy: 0.0938 | Adv purify accuracy: 0.1146
2025-07-10 20:00:22,896 - ADV_Generation_eps_4.0_steps_100_Purification_type_noisy_anchor_anchors_10_alpha_1.2_sigma_0.12_threshold_0.0 - INFO - Batch:[12] Adversarial images for this batch already exist
2025-07-10 20:00:26,630 - ADV_Generation_eps_4.0_steps_100_Purification_type_noisy_anchor_anchors_10_alpha_1.2_sigma_0.12_threshold_0.0 - INFO - Batch 13/106: Clean orig accuracy 0.3125 | Clean purify accuracy 0.2115 | Adv orig accuracy: 0.1587 | Adv purify accuracy: 0.1538
2025-07-10 20:00:26,640 - ADV_Generation_eps_4.0_steps_100_Purification_type_noisy_anchor_anchors_10_alpha_1.2_sigma_0.12_threshold_0.0 - INFO - Batch:[13] Adversarial images for this batch already exist
2025-07-10 20:00:30,345 - ADV_Generation_eps_4.0_steps_100_Purification_type_noisy_anchor_anchors_10_alpha_1.2_sigma_0.12_threshold_0.0 - INFO - Batch 14/106: Clean orig accuracy 0.3571 | Clean purify accuracy 0.2500 | Adv orig accuracy: 0.2098 | Adv purify accuracy: 0.1964
2025-07-10 20:00:30,356 - ADV_Generation_eps_4.0_steps_100_Purification_type_noisy_anchor_anchors_10_alpha_1.2_sigma_0.12_threshold_0.0 - INFO - Batch:[14] Adversarial images for this batch already exist
2025-07-10 20:00:34,057 - ADV_Generation_eps_4.0_steps_100_Purification_type_noisy_anchor_anchors_10_alpha_1.2_sigma_0.12_threshold_0.0 - INFO - Batch 15/106: Clean orig accuracy 0.3875 | Clean purify accuracy 0.2875 | Adv orig accuracy: 0.2500 | Adv purify accuracy: 0.2333
2025-07-10 20:00:34,067 - ADV_Generation_eps_4.0_steps_100_Purification_type_noisy_anchor_anchors_10_alpha_1.2_sigma_0.12_threshold_0.0 - INFO - Batch:[15] Adversarial images for this batch already exist
2025-07-10 20:00:37,855 - ADV_Generation_eps_4.0_steps_100_Purification_type_noisy_anchor_anchors_10_alpha_1.2_sigma_0.12_threshold_0.0 - INFO - Batch 16/106: Clean orig accuracy 0.4102 | Clean purify accuracy 0.3125 | Adv orig accuracy: 0.2695 | Adv purify accuracy: 0.2500
2025-07-10 20:00:37,865 - ADV_Generation_eps_4.0_steps_100_Purification_type_noisy_anchor_anchors_10_alpha_1.2_sigma_0.12_threshold_0.0 - INFO - Batch:[16] Adversarial images for this batch already exist
2025-07-10 20:00:41,687 - ADV_Generation_eps_4.0_steps_100_Purification_type_noisy_anchor_anchors_10_alpha_1.2_sigma_0.12_threshold_0.0 - INFO - Batch 17/106: Clean orig accuracy 0.4118 | Clean purify accuracy 0.3162 | Adv orig accuracy: 0.2537 | Adv purify accuracy: 0.2426
2025-07-10 20:00:41,698 - ADV_Generation_eps_4.0_steps_100_Purification_type_noisy_anchor_anchors_10_alpha_1.2_sigma_0.12_threshold_0.0 - INFO - Batch:[17] Adversarial images for this batch already exist
2025-07-10 20:00:45,444 - ADV_Generation_eps_4.0_steps_100_Purification_type_noisy_anchor_anchors_10_alpha_1.2_sigma_0.12_threshold_0.0 - INFO - Batch 18/106: Clean orig accuracy 0.4132 | Clean purify accuracy 0.3160 | Adv orig accuracy: 0.2396 | Adv purify accuracy: 0.2326
2025-07-10 20:00:45,453 - ADV_Generation_eps_4.0_steps_100_Purification_type_noisy_anchor_anchors_10_alpha_1.2_sigma_0.12_threshold_0.0 - INFO - Batch:[18] Adversarial images for this batch already exist
2025-07-10 20:00:49,165 - ADV_Generation_eps_4.0_steps_100_Purification_type_noisy_anchor_anchors_10_alpha_1.2_sigma_0.12_threshold_0.0 - INFO - Batch 19/106: Clean orig accuracy 0.4013 | Clean purify accuracy 0.3158 | Adv orig accuracy: 0.2270 | Adv purify accuracy: 0.2303
2025-07-10 20:00:49,175 - ADV_Generation_eps_4.0_steps_100_Purification_type_noisy_anchor_anchors_10_alpha_1.2_sigma_0.12_threshold_0.0 - INFO - Batch:[19] Adversarial images for this batch already exist
2025-07-10 20:00:52,873 - ADV_Generation_eps_4.0_steps_100_Purification_type_noisy_anchor_anchors_10_alpha_1.2_sigma_0.12_threshold_0.0 - INFO - Batch 20/106: Clean orig accuracy 0.4000 | Clean purify accuracy 0.3187 | Adv orig accuracy: 0.2156 | Adv purify accuracy: 0.2313
2025-07-10 20:00:52,884 - ADV_Generation_eps_4.0_steps_100_Purification_type_noisy_anchor_anchors_10_alpha_1.2_sigma_0.12_threshold_0.0 - INFO - Batch:[20] Adversarial images for this batch already exist
2025-07-10 20:00:56,591 - ADV_Generation_eps_4.0_steps_100_Purification_type_noisy_anchor_anchors_10_alpha_1.2_sigma_0.12_threshold_0.0 - INFO - Batch 21/106: Clean orig accuracy 0.3839 | Clean purify accuracy 0.3036 | Adv orig accuracy: 0.2054 | Adv purify accuracy: 0.2202
2025-07-10 20:00:56,602 - ADV_Generation_eps_4.0_steps_100_Purification_type_noisy_anchor_anchors_10_alpha_1.2_sigma_0.12_threshold_0.0 - INFO - Batch:[21] Adversarial images for this batch already exist
2025-07-10 20:01:00,337 - ADV_Generation_eps_4.0_steps_100_Purification_type_noisy_anchor_anchors_10_alpha_1.2_sigma_0.12_threshold_0.0 - INFO - Batch 22/106: Clean orig accuracy 0.3693 | Clean purify accuracy 0.2926 | Adv orig accuracy: 0.1989 | Adv purify accuracy: 0.2131
2025-07-10 20:01:00,349 - ADV_Generation_eps_4.0_steps_100_Purification_type_noisy_anchor_anchors_10_alpha_1.2_sigma_0.12_threshold_0.0 - INFO - Batch:[22] Adversarial images for this batch already exist
2025-07-10 20:01:04,055 - ADV_Generation_eps_4.0_steps_100_Purification_type_noisy_anchor_anchors_10_alpha_1.2_sigma_0.12_threshold_0.0 - INFO - Batch 23/106: Clean orig accuracy 0.3614 | Clean purify accuracy 0.2989 | Adv orig accuracy: 0.1929 | Adv purify accuracy: 0.2228
2025-07-10 20:01:04,065 - ADV_Generation_eps_4.0_steps_100_Purification_type_noisy_anchor_anchors_10_alpha_1.2_sigma_0.12_threshold_0.0 - INFO - Batch:[23] Adversarial images for this batch already exist
2025-07-10 20:01:07,793 - ADV_Generation_eps_4.0_steps_100_Purification_type_noisy_anchor_anchors_10_alpha_1.2_sigma_0.12_threshold_0.0 - INFO - Batch 24/106: Clean orig accuracy 0.3698 | Clean purify accuracy 0.3125 | Adv orig accuracy: 0.1927 | Adv purify accuracy: 0.2370
2025-07-10 20:01:07,802 - ADV_Generation_eps_4.0_steps_100_Purification_type_noisy_anchor_anchors_10_alpha_1.2_sigma_0.12_threshold_0.0 - INFO - Batch:[24] Adversarial images for this batch already exist
2025-07-10 20:01:11,569 - ADV_Generation_eps_4.0_steps_100_Purification_type_noisy_anchor_anchors_10_alpha_1.2_sigma_0.12_threshold_0.0 - INFO - Batch 25/106: Clean orig accuracy 0.3625 | Clean purify accuracy 0.3200 | Adv orig accuracy: 0.1900 | Adv purify accuracy: 0.2475
2025-07-10 20:01:11,579 - ADV_Generation_eps_4.0_steps_100_Purification_type_noisy_anchor_anchors_10_alpha_1.2_sigma_0.12_threshold_0.0 - INFO - Batch:[25] Adversarial images for this batch already exist
2025-07-10 20:01:15,342 - ADV_Generation_eps_4.0_steps_100_Purification_type_noisy_anchor_anchors_10_alpha_1.2_sigma_0.12_threshold_0.0 - INFO - Batch 26/106: Clean orig accuracy 0.3678 | Clean purify accuracy 0.3149 | Adv orig accuracy: 0.1851 | Adv purify accuracy: 0.2380
2025-07-10 20:01:15,351 - ADV_Generation_eps_4.0_steps_100_Purification_type_noisy_anchor_anchors_10_alpha_1.2_sigma_0.12_threshold_0.0 - INFO - Batch:[26] Adversarial images for this batch already exist
2025-07-10 20:01:19,031 - ADV_Generation_eps_4.0_steps_100_Purification_type_noisy_anchor_anchors_10_alpha_1.2_sigma_0.12_threshold_0.0 - INFO - Batch 27/106: Clean orig accuracy 0.3657 | Clean purify accuracy 0.3079 | Adv orig accuracy: 0.1782 | Adv purify accuracy: 0.2292
2025-07-10 20:01:19,040 - ADV_Generation_eps_4.0_steps_100_Purification_type_noisy_anchor_anchors_10_alpha_1.2_sigma_0.12_threshold_0.0 - INFO - Batch:[27] Adversarial images for this batch already exist
2025-07-10 20:01:22,767 - ADV_Generation_eps_4.0_steps_100_Purification_type_noisy_anchor_anchors_10_alpha_1.2_sigma_0.12_threshold_0.0 - INFO - Batch 28/106: Clean orig accuracy 0.3527 | Clean purify accuracy 0.2969 | Adv orig accuracy: 0.1719 | Adv purify accuracy: 0.2210
2025-07-10 20:01:22,777 - ADV_Generation_eps_4.0_steps_100_Purification_type_noisy_anchor_anchors_10_alpha_1.2_sigma_0.12_threshold_0.0 - INFO - Batch:[28] Adversarial images for this batch already exist
2025-07-10 20:01:26,489 - ADV_Generation_eps_4.0_steps_100_Purification_type_noisy_anchor_anchors_10_alpha_1.2_sigma_0.12_threshold_0.0 - INFO - Batch 29/106: Clean orig accuracy 0.3448 | Clean purify accuracy 0.2866 | Adv orig accuracy: 0.1659 | Adv purify accuracy: 0.2134
2025-07-10 20:01:26,499 - ADV_Generation_eps_4.0_steps_100_Purification_type_noisy_anchor_anchors_10_alpha_1.2_sigma_0.12_threshold_0.0 - INFO - Batch:[29] Adversarial images for this batch already exist
2025-07-10 20:01:30,206 - ADV_Generation_eps_4.0_steps_100_Purification_type_noisy_anchor_anchors_10_alpha_1.2_sigma_0.12_threshold_0.0 - INFO - Batch 30/106: Clean orig accuracy 0.3479 | Clean purify accuracy 0.2833 | Adv orig accuracy: 0.1667 | Adv purify accuracy: 0.2083
2025-07-10 20:01:30,216 - ADV_Generation_eps_4.0_steps_100_Purification_type_noisy_anchor_anchors_10_alpha_1.2_sigma_0.12_threshold_0.0 - INFO - Batch:[30] Adversarial images for this batch already exist
2025-07-10 20:01:34,037 - ADV_Generation_eps_4.0_steps_100_Purification_type_noisy_anchor_anchors_10_alpha_1.2_sigma_0.12_threshold_0.0 - INFO - Batch 31/106: Clean orig accuracy 0.3468 | Clean purify accuracy 0.2762 | Adv orig accuracy: 0.1673 | Adv purify accuracy: 0.2016
2025-07-10 20:01:34,048 - ADV_Generation_eps_4.0_steps_100_Purification_type_noisy_anchor_anchors_10_alpha_1.2_sigma_0.12_threshold_0.0 - INFO - Batch:[31] Adversarial images for this batch already exist
2025-07-10 20:01:37,766 - ADV_Generation_eps_4.0_steps_100_Purification_type_noisy_anchor_anchors_10_alpha_1.2_sigma_0.12_threshold_0.0 - INFO - Batch 32/106: Clean orig accuracy 0.3457 | Clean purify accuracy 0.2695 | Adv orig accuracy: 0.1641 | Adv purify accuracy: 0.1953
2025-07-10 20:01:37,775 - ADV_Generation_eps_4.0_steps_100_Purification_type_noisy_anchor_anchors_10_alpha_1.2_sigma_0.12_threshold_0.0 - INFO - Batch:[32] Adversarial images for this batch already exist
2025-07-10 20:01:41,440 - ADV_Generation_eps_4.0_steps_100_Purification_type_noisy_anchor_anchors_10_alpha_1.2_sigma_0.12_threshold_0.0 - INFO - Batch 33/106: Clean orig accuracy 0.3447 | Clean purify accuracy 0.2652 | Adv orig accuracy: 0.1591 | Adv purify accuracy: 0.1913
2025-07-10 20:01:41,450 - ADV_Generation_eps_4.0_steps_100_Purification_type_noisy_anchor_anchors_10_alpha_1.2_sigma_0.12_threshold_0.0 - INFO - Batch:[33] Adversarial images for this batch already exist
2025-07-10 20:01:45,131 - ADV_Generation_eps_4.0_steps_100_Purification_type_noisy_anchor_anchors_10_alpha_1.2_sigma_0.12_threshold_0.0 - INFO - Batch 34/106: Clean orig accuracy 0.3419 | Clean purify accuracy 0.2610 | Adv orig accuracy: 0.1599 | Adv purify accuracy: 0.1875
2025-07-10 20:01:45,141 - ADV_Generation_eps_4.0_steps_100_Purification_type_noisy_anchor_anchors_10_alpha_1.2_sigma_0.12_threshold_0.0 - INFO - Batch:[34] Adversarial images for this batch already exist
2025-07-10 20:01:48,862 - ADV_Generation_eps_4.0_steps_100_Purification_type_noisy_anchor_anchors_10_alpha_1.2_sigma_0.12_threshold_0.0 - INFO - Batch 35/106: Clean orig accuracy 0.3500 | Clean purify accuracy 0.2536 | Adv orig accuracy: 0.1643 | Adv purify accuracy: 0.1839
2025-07-10 20:01:48,872 - ADV_Generation_eps_4.0_steps_100_Purification_type_noisy_anchor_anchors_10_alpha_1.2_sigma_0.12_threshold_0.0 - INFO - Batch:[35] Adversarial images for this batch already exist
2025-07-10 20:01:52,572 - ADV_Generation_eps_4.0_steps_100_Purification_type_noisy_anchor_anchors_10_alpha_1.2_sigma_0.12_threshold_0.0 - INFO - Batch 36/106: Clean orig accuracy 0.3611 | Clean purify accuracy 0.2483 | Adv orig accuracy: 0.1667 | Adv purify accuracy: 0.1788
2025-07-10 20:01:52,605 - ADV_Generation_eps_4.0_steps_100_Purification_type_noisy_anchor_anchors_10_alpha_1.2_sigma_0.12_threshold_0.0 - INFO - Batch:[36] Adversarial images for this batch already exist
2025-07-10 20:01:56,279 - ADV_Generation_eps_4.0_steps_100_Purification_type_noisy_anchor_anchors_10_alpha_1.2_sigma_0.12_threshold_0.0 - INFO - Batch 37/106: Clean orig accuracy 0.3615 | Clean purify accuracy 0.2449 | Adv orig accuracy: 0.1672 | Adv purify accuracy: 0.1774
2025-07-10 20:01:56,290 - ADV_Generation_eps_4.0_steps_100_Purification_type_noisy_anchor_anchors_10_alpha_1.2_sigma_0.12_threshold_0.0 - INFO - Batch:[37] Adversarial images for this batch already exist
2025-07-10 20:01:59,953 - ADV_Generation_eps_4.0_steps_100_Purification_type_noisy_anchor_anchors_10_alpha_1.2_sigma_0.12_threshold_0.0 - INFO - Batch 38/106: Clean orig accuracy 0.3602 | Clean purify accuracy 0.2451 | Adv orig accuracy: 0.1678 | Adv purify accuracy: 0.1776
2025-07-10 20:01:59,963 - ADV_Generation_eps_4.0_steps_100_Purification_type_noisy_anchor_anchors_10_alpha_1.2_sigma_0.12_threshold_0.0 - INFO - Batch:[38] Adversarial images for this batch already exist
2025-07-10 20:02:03,674 - ADV_Generation_eps_4.0_steps_100_Purification_type_noisy_anchor_anchors_10_alpha_1.2_sigma_0.12_threshold_0.0 - INFO - Batch 39/106: Clean orig accuracy 0.3542 | Clean purify accuracy 0.2404 | Adv orig accuracy: 0.1651 | Adv purify accuracy: 0.1747
2025-07-10 20:02:03,684 - ADV_Generation_eps_4.0_steps_100_Purification_type_noisy_anchor_anchors_10_alpha_1.2_sigma_0.12_threshold_0.0 - INFO - Batch:[39] Adversarial images for this batch already exist
2025-07-10 20:02:07,483 - ADV_Generation_eps_4.0_steps_100_Purification_type_noisy_anchor_anchors_10_alpha_1.2_sigma_0.12_threshold_0.0 - INFO - Batch 40/106: Clean orig accuracy 0.3469 | Clean purify accuracy 0.2344 | Adv orig accuracy: 0.1625 | Adv purify accuracy: 0.1703
2025-07-10 20:02:07,492 - ADV_Generation_eps_4.0_steps_100_Purification_type_noisy_anchor_anchors_10_alpha_1.2_sigma_0.12_threshold_0.0 - INFO - Batch:[40] Adversarial images for this batch already exist
2025-07-10 20:02:11,269 - ADV_Generation_eps_4.0_steps_100_Purification_type_noisy_anchor_anchors_10_alpha_1.2_sigma_0.12_threshold_0.0 - INFO - Batch 41/106: Clean orig accuracy 0.3415 | Clean purify accuracy 0.2317 | Adv orig accuracy: 0.1616 | Adv purify accuracy: 0.1692
2025-07-10 20:02:11,279 - ADV_Generation_eps_4.0_steps_100_Purification_type_noisy_anchor_anchors_10_alpha_1.2_sigma_0.12_threshold_0.0 - INFO - Batch:[41] Adversarial images for this batch already exist
2025-07-10 20:02:15,035 - ADV_Generation_eps_4.0_steps_100_Purification_type_noisy_anchor_anchors_10_alpha_1.2_sigma_0.12_threshold_0.0 - INFO - Batch 42/106: Clean orig accuracy 0.3482 | Clean purify accuracy 0.2321 | Adv orig accuracy: 0.1622 | Adv purify accuracy: 0.1696
2025-07-10 20:02:15,045 - ADV_Generation_eps_4.0_steps_100_Purification_type_noisy_anchor_anchors_10_alpha_1.2_sigma_0.12_threshold_0.0 - INFO - Batch:[42] Adversarial images for this batch already exist
2025-07-10 20:02:18,726 - ADV_Generation_eps_4.0_steps_100_Purification_type_noisy_anchor_anchors_10_alpha_1.2_sigma_0.12_threshold_0.0 - INFO - Batch 43/106: Clean orig accuracy 0.3488 | Clean purify accuracy 0.2282 | Adv orig accuracy: 0.1613 | Adv purify accuracy: 0.1672
2025-07-10 20:02:18,736 - ADV_Generation_eps_4.0_steps_100_Purification_type_noisy_anchor_anchors_10_alpha_1.2_sigma_0.12_threshold_0.0 - INFO - Batch:[43] Adversarial images for this batch already exist
2025-07-10 20:02:22,435 - ADV_Generation_eps_4.0_steps_100_Purification_type_noisy_anchor_anchors_10_alpha_1.2_sigma_0.12_threshold_0.0 - INFO - Batch 44/106: Clean orig accuracy 0.3409 | Clean purify accuracy 0.2259 | Adv orig accuracy: 0.1577 | Adv purify accuracy: 0.1648
2025-07-10 20:02:22,445 - ADV_Generation_eps_4.0_steps_100_Purification_type_noisy_anchor_anchors_10_alpha_1.2_sigma_0.12_threshold_0.0 - INFO - Batch:[44] Adversarial images for this batch already exist
2025-07-10 20:02:26,132 - ADV_Generation_eps_4.0_steps_100_Purification_type_noisy_anchor_anchors_10_alpha_1.2_sigma_0.12_threshold_0.0 - INFO - Batch 45/106: Clean orig accuracy 0.3333 | Clean purify accuracy 0.2208 | Adv orig accuracy: 0.1542 | Adv purify accuracy: 0.1611
2025-07-10 20:02:26,142 - ADV_Generation_eps_4.0_steps_100_Purification_type_noisy_anchor_anchors_10_alpha_1.2_sigma_0.12_threshold_0.0 - INFO - Batch:[45] Adversarial images for this batch already exist
2025-07-10 20:02:29,889 - ADV_Generation_eps_4.0_steps_100_Purification_type_noisy_anchor_anchors_10_alpha_1.2_sigma_0.12_threshold_0.0 - INFO - Batch 46/106: Clean orig accuracy 0.3397 | Clean purify accuracy 0.2215 | Adv orig accuracy: 0.1522 | Adv purify accuracy: 0.1576
2025-07-10 20:02:29,899 - ADV_Generation_eps_4.0_steps_100_Purification_type_noisy_anchor_anchors_10_alpha_1.2_sigma_0.12_threshold_0.0 - INFO - Batch:[46] Adversarial images for this batch already exist
2025-07-10 20:02:33,653 - ADV_Generation_eps_4.0_steps_100_Purification_type_noisy_anchor_anchors_10_alpha_1.2_sigma_0.12_threshold_0.0 - INFO - Batch 47/106: Clean orig accuracy 0.3497 | Clean purify accuracy 0.2247 | Adv orig accuracy: 0.1529 | Adv purify accuracy: 0.1596
2025-07-10 20:02:33,663 - ADV_Generation_eps_4.0_steps_100_Purification_type_noisy_anchor_anchors_10_alpha_1.2_sigma_0.12_threshold_0.0 - INFO - Batch:[47] Adversarial images for this batch already exist
2025-07-10 20:02:37,336 - ADV_Generation_eps_4.0_steps_100_Purification_type_noisy_anchor_anchors_10_alpha_1.2_sigma_0.12_threshold_0.0 - INFO - Batch 48/106: Clean orig accuracy 0.3464 | Clean purify accuracy 0.2214 | Adv orig accuracy: 0.1497 | Adv purify accuracy: 0.1576
2025-07-10 20:02:37,346 - ADV_Generation_eps_4.0_steps_100_Purification_type_noisy_anchor_anchors_10_alpha_1.2_sigma_0.12_threshold_0.0 - INFO - Batch:[48] Adversarial images for this batch already exist
2025-07-10 20:02:41,151 - ADV_Generation_eps_4.0_steps_100_Purification_type_noisy_anchor_anchors_10_alpha_1.2_sigma_0.12_threshold_0.0 - INFO - Batch 49/106: Clean orig accuracy 0.3393 | Clean purify accuracy 0.2168 | Adv orig accuracy: 0.1467 | Adv purify accuracy: 0.1543
2025-07-10 20:02:41,161 - ADV_Generation_eps_4.0_steps_100_Purification_type_noisy_anchor_anchors_10_alpha_1.2_sigma_0.12_threshold_0.0 - INFO - Batch:[49] Adversarial images for this batch already exist
2025-07-10 20:02:44,937 - ADV_Generation_eps_4.0_steps_100_Purification_type_noisy_anchor_anchors_10_alpha_1.2_sigma_0.12_threshold_0.0 - INFO - Batch 50/106: Clean orig accuracy 0.3325 | Clean purify accuracy 0.2125 | Adv orig accuracy: 0.1437 | Adv purify accuracy: 0.1512
2025-07-10 20:02:44,947 - ADV_Generation_eps_4.0_steps_100_Purification_type_noisy_anchor_anchors_10_alpha_1.2_sigma_0.12_threshold_0.0 - INFO - Batch:[50] Adversarial images for this batch already exist
2025-07-10 20:02:48,681 - ADV_Generation_eps_4.0_steps_100_Purification_type_noisy_anchor_anchors_10_alpha_1.2_sigma_0.12_threshold_0.0 - INFO - Batch 51/106: Clean orig accuracy 0.3297 | Clean purify accuracy 0.2083 | Adv orig accuracy: 0.1434 | Adv purify accuracy: 0.1483
2025-07-10 20:02:48,691 - ADV_Generation_eps_4.0_steps_100_Purification_type_noisy_anchor_anchors_10_alpha_1.2_sigma_0.12_threshold_0.0 - INFO - Batch:[51] Adversarial images for this batch already exist
2025-07-10 20:02:52,454 - ADV_Generation_eps_4.0_steps_100_Purification_type_noisy_anchor_anchors_10_alpha_1.2_sigma_0.12_threshold_0.0 - INFO - Batch 52/106: Clean orig accuracy 0.3245 | Clean purify accuracy 0.2043 | Adv orig accuracy: 0.1418 | Adv purify accuracy: 0.1454
2025-07-10 20:02:52,464 - ADV_Generation_eps_4.0_steps_100_Purification_type_noisy_anchor_anchors_10_alpha_1.2_sigma_0.12_threshold_0.0 - INFO - Batch:[52] Adversarial images for this batch already exist
2025-07-10 20:02:56,176 - ADV_Generation_eps_4.0_steps_100_Purification_type_noisy_anchor_anchors_10_alpha_1.2_sigma_0.12_threshold_0.0 - INFO - Batch 53/106: Clean orig accuracy 0.3184 | Clean purify accuracy 0.2005 | Adv orig accuracy: 0.1392 | Adv purify accuracy: 0.1427
2025-07-10 20:02:56,186 - ADV_Generation_eps_4.0_steps_100_Purification_type_noisy_anchor_anchors_10_alpha_1.2_sigma_0.12_threshold_0.0 - INFO - Batch:[53] Adversarial images for this batch already exist
2025-07-10 20:02:59,902 - ADV_Generation_eps_4.0_steps_100_Purification_type_noisy_anchor_anchors_10_alpha_1.2_sigma_0.12_threshold_0.0 - INFO - Batch 54/106: Clean orig accuracy 0.3137 | Clean purify accuracy 0.1968 | Adv orig accuracy: 0.1366 | Adv purify accuracy: 0.1400
2025-07-10 20:02:59,914 - ADV_Generation_eps_4.0_steps_100_Purification_type_noisy_anchor_anchors_10_alpha_1.2_sigma_0.12_threshold_0.0 - INFO - Batch:[54] Adversarial images for this batch already exist
2025-07-10 20:03:03,605 - ADV_Generation_eps_4.0_steps_100_Purification_type_noisy_anchor_anchors_10_alpha_1.2_sigma_0.12_threshold_0.0 - INFO - Batch 55/106: Clean orig accuracy 0.3091 | Clean purify accuracy 0.1932 | Adv orig accuracy: 0.1341 | Adv purify accuracy: 0.1375
2025-07-10 20:03:03,616 - ADV_Generation_eps_4.0_steps_100_Purification_type_noisy_anchor_anchors_10_alpha_1.2_sigma_0.12_threshold_0.0 - INFO - Batch:[55] Adversarial images for this batch already exist
2025-07-10 20:03:07,323 - ADV_Generation_eps_4.0_steps_100_Purification_type_noisy_anchor_anchors_10_alpha_1.2_sigma_0.12_threshold_0.0 - INFO - Batch 56/106: Clean orig accuracy 0.3036 | Clean purify accuracy 0.1897 | Adv orig accuracy: 0.1317 | Adv purify accuracy: 0.1350
2025-07-10 20:03:07,339 - ADV_Generation_eps_4.0_steps_100_Purification_type_noisy_anchor_anchors_10_alpha_1.2_sigma_0.12_threshold_0.0 - INFO - Batch:[56] Adversarial images for this batch already exist
2025-07-10 20:03:10,999 - ADV_Generation_eps_4.0_steps_100_Purification_type_noisy_anchor_anchors_10_alpha_1.2_sigma_0.12_threshold_0.0 - INFO - Batch 57/106: Clean orig accuracy 0.3081 | Clean purify accuracy 0.1974 | Adv orig accuracy: 0.1371 | Adv purify accuracy: 0.1393
2025-07-10 20:03:11,016 - ADV_Generation_eps_4.0_steps_100_Purification_type_noisy_anchor_anchors_10_alpha_1.2_sigma_0.12_threshold_0.0 - INFO - Batch:[57] Adversarial images for this batch already exist
2025-07-10 20:03:14,814 - ADV_Generation_eps_4.0_steps_100_Purification_type_noisy_anchor_anchors_10_alpha_1.2_sigma_0.12_threshold_0.0 - INFO - Batch 58/106: Clean orig accuracy 0.3147 | Clean purify accuracy 0.2037 | Adv orig accuracy: 0.1433 | Adv purify accuracy: 0.1444
2025-07-10 20:03:14,824 - ADV_Generation_eps_4.0_steps_100_Purification_type_noisy_anchor_anchors_10_alpha_1.2_sigma_0.12_threshold_0.0 - INFO - Batch:[58] Adversarial images for this batch already exist
2025-07-10 20:03:18,599 - ADV_Generation_eps_4.0_steps_100_Purification_type_noisy_anchor_anchors_10_alpha_1.2_sigma_0.12_threshold_0.0 - INFO - Batch 59/106: Clean orig accuracy 0.3220 | Clean purify accuracy 0.2097 | Adv orig accuracy: 0.1472 | Adv purify accuracy: 0.1494
2025-07-10 20:03:18,610 - ADV_Generation_eps_4.0_steps_100_Purification_type_noisy_anchor_anchors_10_alpha_1.2_sigma_0.12_threshold_0.0 - INFO - Batch:[59] Adversarial images for this batch already exist
2025-07-10 20:03:22,427 - ADV_Generation_eps_4.0_steps_100_Purification_type_noisy_anchor_anchors_10_alpha_1.2_sigma_0.12_threshold_0.0 - INFO - Batch 60/106: Clean orig accuracy 0.3312 | Clean purify accuracy 0.2177 | Adv orig accuracy: 0.1531 | Adv purify accuracy: 0.1552
2025-07-10 20:03:22,437 - ADV_Generation_eps_4.0_steps_100_Purification_type_noisy_anchor_anchors_10_alpha_1.2_sigma_0.12_threshold_0.0 - INFO - Batch:[60] Adversarial images for this batch already exist
2025-07-10 20:03:26,119 - ADV_Generation_eps_4.0_steps_100_Purification_type_noisy_anchor_anchors_10_alpha_1.2_sigma_0.12_threshold_0.0 - INFO - Batch 61/106: Clean orig accuracy 0.3391 | Clean purify accuracy 0.2264 | Adv orig accuracy: 0.1598 | Adv purify accuracy: 0.1619
2025-07-10 20:03:26,129 - ADV_Generation_eps_4.0_steps_100_Purification_type_noisy_anchor_anchors_10_alpha_1.2_sigma_0.12_threshold_0.0 - INFO - Batch:[61] Adversarial images for this batch already exist
2025-07-10 20:03:29,902 - ADV_Generation_eps_4.0_steps_100_Purification_type_noisy_anchor_anchors_10_alpha_1.2_sigma_0.12_threshold_0.0 - INFO - Batch 62/106: Clean orig accuracy 0.3478 | Clean purify accuracy 0.2329 | Adv orig accuracy: 0.1653 | Adv purify accuracy: 0.1663
2025-07-10 20:03:29,912 - ADV_Generation_eps_4.0_steps_100_Purification_type_noisy_anchor_anchors_10_alpha_1.2_sigma_0.12_threshold_0.0 - INFO - Batch:[62] Adversarial images for this batch already exist
2025-07-10 20:03:33,632 - ADV_Generation_eps_4.0_steps_100_Purification_type_noisy_anchor_anchors_10_alpha_1.2_sigma_0.12_threshold_0.0 - INFO - Batch 63/106: Clean orig accuracy 0.3562 | Clean purify accuracy 0.2351 | Adv orig accuracy: 0.1696 | Adv purify accuracy: 0.1687
2025-07-10 20:03:33,643 - ADV_Generation_eps_4.0_steps_100_Purification_type_noisy_anchor_anchors_10_alpha_1.2_sigma_0.12_threshold_0.0 - INFO - Batch:[63] Adversarial images for this batch already exist
2025-07-10 20:03:37,333 - ADV_Generation_eps_4.0_steps_100_Purification_type_noisy_anchor_anchors_10_alpha_1.2_sigma_0.12_threshold_0.0 - INFO - Batch 64/106: Clean orig accuracy 0.3516 | Clean purify accuracy 0.2324 | Adv orig accuracy: 0.1670 | Adv purify accuracy: 0.1670
2025-07-10 20:03:37,345 - ADV_Generation_eps_4.0_steps_100_Purification_type_noisy_anchor_anchors_10_alpha_1.2_sigma_0.12_threshold_0.0 - INFO - Batch:[64] Adversarial images for this batch already exist
2025-07-10 20:03:41,178 - ADV_Generation_eps_4.0_steps_100_Purification_type_noisy_anchor_anchors_10_alpha_1.2_sigma_0.12_threshold_0.0 - INFO - Batch 65/106: Clean orig accuracy 0.3481 | Clean purify accuracy 0.2298 | Adv orig accuracy: 0.1644 | Adv purify accuracy: 0.1654
2025-07-10 20:03:41,192 - ADV_Generation_eps_4.0_steps_100_Purification_type_noisy_anchor_anchors_10_alpha_1.2_sigma_0.12_threshold_0.0 - INFO - Batch:[65] Adversarial images for this batch already exist
2025-07-10 20:03:44,916 - ADV_Generation_eps_4.0_steps_100_Purification_type_noisy_anchor_anchors_10_alpha_1.2_sigma_0.12_threshold_0.0 - INFO - Batch 66/106: Clean orig accuracy 0.3485 | Clean purify accuracy 0.2263 | Adv orig accuracy: 0.1629 | Adv purify accuracy: 0.1629
2025-07-10 20:03:44,931 - ADV_Generation_eps_4.0_steps_100_Purification_type_noisy_anchor_anchors_10_alpha_1.2_sigma_0.12_threshold_0.0 - INFO - Batch:[66] Adversarial images for this batch already exist
2025-07-10 20:03:48,547 - ADV_Generation_eps_4.0_steps_100_Purification_type_noisy_anchor_anchors_10_alpha_1.2_sigma_0.12_threshold_0.0 - INFO - Batch 67/106: Clean orig accuracy 0.3526 | Clean purify accuracy 0.2229 | Adv orig accuracy: 0.1632 | Adv purify accuracy: 0.1604
2025-07-10 20:03:48,562 - ADV_Generation_eps_4.0_steps_100_Purification_type_noisy_anchor_anchors_10_alpha_1.2_sigma_0.12_threshold_0.0 - INFO - Batch:[67] Adversarial images for this batch already exist
2025-07-10 20:03:52,260 - ADV_Generation_eps_4.0_steps_100_Purification_type_noisy_anchor_anchors_10_alpha_1.2_sigma_0.12_threshold_0.0 - INFO - Batch 68/106: Clean orig accuracy 0.3539 | Clean purify accuracy 0.2224 | Adv orig accuracy: 0.1636 | Adv purify accuracy: 0.1590
2025-07-10 20:03:52,274 - ADV_Generation_eps_4.0_steps_100_Purification_type_noisy_anchor_anchors_10_alpha_1.2_sigma_0.12_threshold_0.0 - INFO - Batch:[68] Adversarial images for this batch already exist
2025-07-10 20:03:55,932 - ADV_Generation_eps_4.0_steps_100_Purification_type_noisy_anchor_anchors_10_alpha_1.2_sigma_0.12_threshold_0.0 - INFO - Batch 69/106: Clean orig accuracy 0.3569 | Clean purify accuracy 0.2237 | Adv orig accuracy: 0.1658 | Adv purify accuracy: 0.1603
2025-07-10 20:03:55,948 - ADV_Generation_eps_4.0_steps_100_Purification_type_noisy_anchor_anchors_10_alpha_1.2_sigma_0.12_threshold_0.0 - INFO - Batch:[69] Adversarial images for this batch already exist
2025-07-10 20:03:59,656 - ADV_Generation_eps_4.0_steps_100_Purification_type_noisy_anchor_anchors_10_alpha_1.2_sigma_0.12_threshold_0.0 - INFO - Batch 70/106: Clean orig accuracy 0.3598 | Clean purify accuracy 0.2259 | Adv orig accuracy: 0.1688 | Adv purify accuracy: 0.1607
2025-07-10 20:03:59,668 - ADV_Generation_eps_4.0_steps_100_Purification_type_noisy_anchor_anchors_10_alpha_1.2_sigma_0.12_threshold_0.0 - INFO - Batch:[70] Adversarial images for this batch already exist
2025-07-10 20:04:03,394 - ADV_Generation_eps_4.0_steps_100_Purification_type_noisy_anchor_anchors_10_alpha_1.2_sigma_0.12_threshold_0.0 - INFO - Batch 71/106: Clean orig accuracy 0.3592 | Clean purify accuracy 0.2245 | Adv orig accuracy: 0.1664 | Adv purify accuracy: 0.1602
2025-07-10 20:04:03,406 - ADV_Generation_eps_4.0_steps_100_Purification_type_noisy_anchor_anchors_10_alpha_1.2_sigma_0.12_threshold_0.0 - INFO - Batch:[71] Adversarial images for this batch already exist
2025-07-10 20:04:07,142 - ADV_Generation_eps_4.0_steps_100_Purification_type_noisy_anchor_anchors_10_alpha_1.2_sigma_0.12_threshold_0.0 - INFO - Batch 72/106: Clean orig accuracy 0.3550 | Clean purify accuracy 0.2214 | Adv orig accuracy: 0.1641 | Adv purify accuracy: 0.1580
2025-07-10 20:04:07,153 - ADV_Generation_eps_4.0_steps_100_Purification_type_noisy_anchor_anchors_10_alpha_1.2_sigma_0.12_threshold_0.0 - INFO - Batch:[72] Adversarial images for this batch already exist
2025-07-10 20:04:10,921 - ADV_Generation_eps_4.0_steps_100_Purification_type_noisy_anchor_anchors_10_alpha_1.2_sigma_0.12_threshold_0.0 - INFO - Batch 73/106: Clean orig accuracy 0.3536 | Clean purify accuracy 0.2192 | Adv orig accuracy: 0.1618 | Adv purify accuracy: 0.1558
2025-07-10 20:04:10,933 - ADV_Generation_eps_4.0_steps_100_Purification_type_noisy_anchor_anchors_10_alpha_1.2_sigma_0.12_threshold_0.0 - INFO - Batch:[73] Adversarial images for this batch already exist
2025-07-10 20:04:14,680 - ADV_Generation_eps_4.0_steps_100_Purification_type_noisy_anchor_anchors_10_alpha_1.2_sigma_0.12_threshold_0.0 - INFO - Batch 74/106: Clean orig accuracy 0.3556 | Clean purify accuracy 0.2188 | Adv orig accuracy: 0.1605 | Adv purify accuracy: 0.1537
2025-07-10 20:04:14,692 - ADV_Generation_eps_4.0_steps_100_Purification_type_noisy_anchor_anchors_10_alpha_1.2_sigma_0.12_threshold_0.0 - INFO - Batch:[74] Adversarial images for this batch already exist
2025-07-10 20:04:18,353 - ADV_Generation_eps_4.0_steps_100_Purification_type_noisy_anchor_anchors_10_alpha_1.2_sigma_0.12_threshold_0.0 - INFO - Batch 75/106: Clean orig accuracy 0.3525 | Clean purify accuracy 0.2158 | Adv orig accuracy: 0.1583 | Adv purify accuracy: 0.1517
2025-07-10 20:04:18,376 - ADV_Generation_eps_4.0_steps_100_Purification_type_noisy_anchor_anchors_10_alpha_1.2_sigma_0.12_threshold_0.0 - INFO - Batch:[75] Adversarial images for this batch already exist
2025-07-10 20:04:22,058 - ADV_Generation_eps_4.0_steps_100_Purification_type_noisy_anchor_anchors_10_alpha_1.2_sigma_0.12_threshold_0.0 - INFO - Batch 76/106: Clean orig accuracy 0.3495 | Clean purify accuracy 0.2130 | Adv orig accuracy: 0.1562 | Adv purify accuracy: 0.1497
2025-07-10 20:04:22,085 - ADV_Generation_eps_4.0_steps_100_Purification_type_noisy_anchor_anchors_10_alpha_1.2_sigma_0.12_threshold_0.0 - INFO - Batch:[76] Adversarial images for this batch already exist
2025-07-10 20:04:25,788 - ADV_Generation_eps_4.0_steps_100_Purification_type_noisy_anchor_anchors_10_alpha_1.2_sigma_0.12_threshold_0.0 - INFO - Batch 77/106: Clean orig accuracy 0.3458 | Clean purify accuracy 0.2102 | Adv orig accuracy: 0.1542 | Adv purify accuracy: 0.1477
2025-07-10 20:04:25,800 - ADV_Generation_eps_4.0_steps_100_Purification_type_noisy_anchor_anchors_10_alpha_1.2_sigma_0.12_threshold_0.0 - INFO - Batch:[77] Adversarial images for this batch already exist
2025-07-10 20:04:29,491 - ADV_Generation_eps_4.0_steps_100_Purification_type_noisy_anchor_anchors_10_alpha_1.2_sigma_0.12_threshold_0.0 - INFO - Batch 78/106: Clean orig accuracy 0.3413 | Clean purify accuracy 0.2075 | Adv orig accuracy: 0.1522 | Adv purify accuracy: 0.1458
2025-07-10 20:04:29,502 - ADV_Generation_eps_4.0_steps_100_Purification_type_noisy_anchor_anchors_10_alpha_1.2_sigma_0.12_threshold_0.0 - INFO - Batch:[78] Adversarial images for this batch already exist
2025-07-10 20:04:33,261 - ADV_Generation_eps_4.0_steps_100_Purification_type_noisy_anchor_anchors_10_alpha_1.2_sigma_0.12_threshold_0.0 - INFO - Batch 79/106: Clean orig accuracy 0.3402 | Clean purify accuracy 0.2073 | Adv orig accuracy: 0.1527 | Adv purify accuracy: 0.1464
2025-07-10 20:04:33,273 - ADV_Generation_eps_4.0_steps_100_Purification_type_noisy_anchor_anchors_10_alpha_1.2_sigma_0.12_threshold_0.0 - INFO - Batch:[79] Adversarial images for this batch already exist
2025-07-10 20:04:36,975 - ADV_Generation_eps_4.0_steps_100_Purification_type_noisy_anchor_anchors_10_alpha_1.2_sigma_0.12_threshold_0.0 - INFO - Batch 80/106: Clean orig accuracy 0.3430 | Clean purify accuracy 0.2117 | Adv orig accuracy: 0.1555 | Adv purify accuracy: 0.1484
2025-07-10 20:04:36,989 - ADV_Generation_eps_4.0_steps_100_Purification_type_noisy_anchor_anchors_10_alpha_1.2_sigma_0.12_threshold_0.0 - INFO - Batch:[80] Adversarial images for this batch already exist
2025-07-10 20:04:40,664 - ADV_Generation_eps_4.0_steps_100_Purification_type_noisy_anchor_anchors_10_alpha_1.2_sigma_0.12_threshold_0.0 - INFO - Batch 81/106: Clean orig accuracy 0.3472 | Clean purify accuracy 0.2160 | Adv orig accuracy: 0.1597 | Adv purify accuracy: 0.1535
2025-07-10 20:04:40,676 - ADV_Generation_eps_4.0_steps_100_Purification_type_noisy_anchor_anchors_10_alpha_1.2_sigma_0.12_threshold_0.0 - INFO - Batch:[81] Adversarial images for this batch already exist
2025-07-10 20:04:44,396 - ADV_Generation_eps_4.0_steps_100_Purification_type_noisy_anchor_anchors_10_alpha_1.2_sigma_0.12_threshold_0.0 - INFO - Batch 82/106: Clean orig accuracy 0.3483 | Clean purify accuracy 0.2188 | Adv orig accuracy: 0.1608 | Adv purify accuracy: 0.1547
2025-07-10 20:04:44,407 - ADV_Generation_eps_4.0_steps_100_Purification_type_noisy_anchor_anchors_10_alpha_1.2_sigma_0.12_threshold_0.0 - INFO - Batch:[82] Adversarial images for this batch already exist
2025-07-10 20:04:48,083 - ADV_Generation_eps_4.0_steps_100_Purification_type_noisy_anchor_anchors_10_alpha_1.2_sigma_0.12_threshold_0.0 - INFO - Batch 83/106: Clean orig accuracy 0.3479 | Clean purify accuracy 0.2191 | Adv orig accuracy: 0.1596 | Adv purify accuracy: 0.1544
2025-07-10 20:04:48,094 - ADV_Generation_eps_4.0_steps_100_Purification_type_noisy_anchor_anchors_10_alpha_1.2_sigma_0.12_threshold_0.0 - INFO - Batch:[83] Adversarial images for this batch already exist
2025-07-10 20:04:51,792 - ADV_Generation_eps_4.0_steps_100_Purification_type_noisy_anchor_anchors_10_alpha_1.2_sigma_0.12_threshold_0.0 - INFO - Batch 84/106: Clean orig accuracy 0.3467 | Clean purify accuracy 0.2240 | Adv orig accuracy: 0.1592 | Adv purify accuracy: 0.1562
2025-07-10 20:04:51,802 - ADV_Generation_eps_4.0_steps_100_Purification_type_noisy_anchor_anchors_10_alpha_1.2_sigma_0.12_threshold_0.0 - INFO - Batch:[84] Adversarial images for this batch already exist
2025-07-10 20:04:55,470 - ADV_Generation_eps_4.0_steps_100_Purification_type_noisy_anchor_anchors_10_alpha_1.2_sigma_0.12_threshold_0.0 - INFO - Batch 85/106: Clean orig accuracy 0.3441 | Clean purify accuracy 0.2243 | Adv orig accuracy: 0.1574 | Adv purify accuracy: 0.1566
2025-07-10 20:04:55,480 - ADV_Generation_eps_4.0_steps_100_Purification_type_noisy_anchor_anchors_10_alpha_1.2_sigma_0.12_threshold_0.0 - INFO - Batch:[85] Adversarial images for this batch already exist
2025-07-10 20:04:59,203 - ADV_Generation_eps_4.0_steps_100_Purification_type_noisy_anchor_anchors_10_alpha_1.2_sigma_0.12_threshold_0.0 - INFO - Batch 86/106: Clean orig accuracy 0.3423 | Clean purify accuracy 0.2238 | Adv orig accuracy: 0.1555 | Adv purify accuracy: 0.1562
2025-07-10 20:04:59,213 - ADV_Generation_eps_4.0_steps_100_Purification_type_noisy_anchor_anchors_10_alpha_1.2_sigma_0.12_threshold_0.0 - INFO - Batch:[86] Adversarial images for this batch already exist
2025-07-10 20:05:02,922 - ADV_Generation_eps_4.0_steps_100_Purification_type_noisy_anchor_anchors_10_alpha_1.2_sigma_0.12_threshold_0.0 - INFO - Batch 87/106: Clean orig accuracy 0.3420 | Clean purify accuracy 0.2220 | Adv orig accuracy: 0.1545 | Adv purify accuracy: 0.1545
2025-07-10 20:05:02,936 - ADV_Generation_eps_4.0_steps_100_Purification_type_noisy_anchor_anchors_10_alpha_1.2_sigma_0.12_threshold_0.0 - INFO - Batch:[87] Adversarial images for this batch already exist
2025-07-10 20:05:06,608 - ADV_Generation_eps_4.0_steps_100_Purification_type_noisy_anchor_anchors_10_alpha_1.2_sigma_0.12_threshold_0.0 - INFO - Batch 88/106: Clean orig accuracy 0.3438 | Clean purify accuracy 0.2209 | Adv orig accuracy: 0.1548 | Adv purify accuracy: 0.1541
2025-07-10 20:05:06,620 - ADV_Generation_eps_4.0_steps_100_Purification_type_noisy_anchor_anchors_10_alpha_1.2_sigma_0.12_threshold_0.0 - INFO - Batch:[88] Adversarial images for this batch already exist
2025-07-10 20:05:10,336 - ADV_Generation_eps_4.0_steps_100_Purification_type_noisy_anchor_anchors_10_alpha_1.2_sigma_0.12_threshold_0.0 - INFO - Batch 89/106: Clean orig accuracy 0.3483 | Clean purify accuracy 0.2261 | Adv orig accuracy: 0.1601 | Adv purify accuracy: 0.1580
2025-07-10 20:05:10,349 - ADV_Generation_eps_4.0_steps_100_Purification_type_noisy_anchor_anchors_10_alpha_1.2_sigma_0.12_threshold_0.0 - INFO - Batch:[89] Adversarial images for this batch already exist
2025-07-10 20:05:14,027 - ADV_Generation_eps_4.0_steps_100_Purification_type_noisy_anchor_anchors_10_alpha_1.2_sigma_0.12_threshold_0.0 - INFO - Batch 90/106: Clean orig accuracy 0.3556 | Clean purify accuracy 0.2319 | Adv orig accuracy: 0.1667 | Adv purify accuracy: 0.1639
2025-07-10 20:05:14,044 - ADV_Generation_eps_4.0_steps_100_Purification_type_noisy_anchor_anchors_10_alpha_1.2_sigma_0.12_threshold_0.0 - INFO - Batch:[90] Adversarial images for this batch already exist
2025-07-10 20:05:17,757 - ADV_Generation_eps_4.0_steps_100_Purification_type_noisy_anchor_anchors_10_alpha_1.2_sigma_0.12_threshold_0.0 - INFO - Batch 91/106: Clean orig accuracy 0.3565 | Clean purify accuracy 0.2315 | Adv orig accuracy: 0.1648 | Adv purify accuracy: 0.1628
2025-07-10 20:05:17,773 - ADV_Generation_eps_4.0_steps_100_Purification_type_noisy_anchor_anchors_10_alpha_1.2_sigma_0.12_threshold_0.0 - INFO - Batch:[91] Adversarial images for this batch already exist
2025-07-10 20:05:21,585 - ADV_Generation_eps_4.0_steps_100_Purification_type_noisy_anchor_anchors_10_alpha_1.2_sigma_0.12_threshold_0.0 - INFO - Batch 92/106: Clean orig accuracy 0.3587 | Clean purify accuracy 0.2310 | Adv orig accuracy: 0.1644 | Adv purify accuracy: 0.1610
2025-07-10 20:05:21,600 - ADV_Generation_eps_4.0_steps_100_Purification_type_noisy_anchor_anchors_10_alpha_1.2_sigma_0.12_threshold_0.0 - INFO - Batch:[92] Adversarial images for this batch already exist
2025-07-10 20:05:25,301 - ADV_Generation_eps_4.0_steps_100_Purification_type_noisy_anchor_anchors_10_alpha_1.2_sigma_0.12_threshold_0.0 - INFO - Batch 93/106: Clean orig accuracy 0.3575 | Clean purify accuracy 0.2292 | Adv orig accuracy: 0.1626 | Adv purify accuracy: 0.1599
2025-07-10 20:05:25,324 - ADV_Generation_eps_4.0_steps_100_Purification_type_noisy_anchor_anchors_10_alpha_1.2_sigma_0.12_threshold_0.0 - INFO - Batch:[93] Adversarial images for this batch already exist
2025-07-10 20:05:29,051 - ADV_Generation_eps_4.0_steps_100_Purification_type_noisy_anchor_anchors_10_alpha_1.2_sigma_0.12_threshold_0.0 - INFO - Batch 94/106: Clean orig accuracy 0.3544 | Clean purify accuracy 0.2274 | Adv orig accuracy: 0.1609 | Adv purify accuracy: 0.1582
2025-07-10 20:05:29,063 - ADV_Generation_eps_4.0_steps_100_Purification_type_noisy_anchor_anchors_10_alpha_1.2_sigma_0.12_threshold_0.0 - INFO - Batch:[94] Adversarial images for this batch already exist
2025-07-10 20:05:32,772 - ADV_Generation_eps_4.0_steps_100_Purification_type_noisy_anchor_anchors_10_alpha_1.2_sigma_0.12_threshold_0.0 - INFO - Batch 95/106: Clean orig accuracy 0.3526 | Clean purify accuracy 0.2263 | Adv orig accuracy: 0.1599 | Adv purify accuracy: 0.1579
2025-07-10 20:05:32,786 - ADV_Generation_eps_4.0_steps_100_Purification_type_noisy_anchor_anchors_10_alpha_1.2_sigma_0.12_threshold_0.0 - INFO - Batch:[95] Adversarial images for this batch already exist
2025-07-10 20:05:36,510 - ADV_Generation_eps_4.0_steps_100_Purification_type_noisy_anchor_anchors_10_alpha_1.2_sigma_0.12_threshold_0.0 - INFO - Batch 96/106: Clean orig accuracy 0.3516 | Clean purify accuracy 0.2253 | Adv orig accuracy: 0.1589 | Adv purify accuracy: 0.1576
2025-07-10 20:05:36,521 - ADV_Generation_eps_4.0_steps_100_Purification_type_noisy_anchor_anchors_10_alpha_1.2_sigma_0.12_threshold_0.0 - INFO - Batch:[96] Adversarial images for this batch already exist
2025-07-10 20:05:40,293 - ADV_Generation_eps_4.0_steps_100_Purification_type_noisy_anchor_anchors_10_alpha_1.2_sigma_0.12_threshold_0.0 - INFO - Batch 97/106: Clean orig accuracy 0.3518 | Clean purify accuracy 0.2236 | Adv orig accuracy: 0.1572 | Adv purify accuracy: 0.1566
2025-07-10 20:05:40,303 - ADV_Generation_eps_4.0_steps_100_Purification_type_noisy_anchor_anchors_10_alpha_1.2_sigma_0.12_threshold_0.0 - INFO - Batch:[97] Adversarial images for this batch already exist
2025-07-10 20:05:43,893 - ADV_Generation_eps_4.0_steps_100_Purification_type_noisy_anchor_anchors_10_alpha_1.2_sigma_0.12_threshold_0.0 - INFO - Batch 98/106: Clean orig accuracy 0.3533 | Clean purify accuracy 0.2239 | Adv orig accuracy: 0.1569 | Adv purify accuracy: 0.1550
2025-07-10 20:05:43,904 - ADV_Generation_eps_4.0_steps_100_Purification_type_noisy_anchor_anchors_10_alpha_1.2_sigma_0.12_threshold_0.0 - INFO - Batch:[98] Adversarial images for this batch already exist
2025-07-10 20:05:47,610 - ADV_Generation_eps_4.0_steps_100_Purification_type_noisy_anchor_anchors_10_alpha_1.2_sigma_0.12_threshold_0.0 - INFO - Batch 99/106: Clean orig accuracy 0.3561 | Clean purify accuracy 0.2241 | Adv orig accuracy: 0.1566 | Adv purify accuracy: 0.1540
2025-07-10 20:05:47,620 - ADV_Generation_eps_4.0_steps_100_Purification_type_noisy_anchor_anchors_10_alpha_1.2_sigma_0.12_threshold_0.0 - INFO - Batch:[99] Adversarial images for this batch already exist
2025-07-10 20:05:51,313 - ADV_Generation_eps_4.0_steps_100_Purification_type_noisy_anchor_anchors_10_alpha_1.2_sigma_0.12_threshold_0.0 - INFO - Batch 100/106: Clean orig accuracy 0.3613 | Clean purify accuracy 0.2294 | Adv orig accuracy: 0.1600 | Adv purify accuracy: 0.1600
2025-07-10 20:05:51,323 - ADV_Generation_eps_4.0_steps_100_Purification_type_noisy_anchor_anchors_10_alpha_1.2_sigma_0.12_threshold_0.0 - INFO - Batch:[100] Adversarial images for this batch already exist
2025-07-10 20:05:55,169 - ADV_Generation_eps_4.0_steps_100_Purification_type_noisy_anchor_anchors_10_alpha_1.2_sigma_0.12_threshold_0.0 - INFO - Batch 101/106: Clean orig accuracy 0.3657 | Clean purify accuracy 0.2351 | Adv orig accuracy: 0.1615 | Adv purify accuracy: 0.1665
2025-07-10 20:05:55,183 - ADV_Generation_eps_4.0_steps_100_Purification_type_noisy_anchor_anchors_10_alpha_1.2_sigma_0.12_threshold_0.0 - INFO - Batch:[101] Adversarial images for this batch already exist
2025-07-10 20:05:58,902 - ADV_Generation_eps_4.0_steps_100_Purification_type_noisy_anchor_anchors_10_alpha_1.2_sigma_0.12_threshold_0.0 - INFO - Batch 102/106: Clean orig accuracy 0.3670 | Clean purify accuracy 0.2347 | Adv orig accuracy: 0.1605 | Adv purify accuracy: 0.1667
2025-07-10 20:05:58,912 - ADV_Generation_eps_4.0_steps_100_Purification_type_noisy_anchor_anchors_10_alpha_1.2_sigma_0.12_threshold_0.0 - INFO - Batch:[102] Adversarial images for this batch already exist
2025-07-10 20:06:02,676 - ADV_Generation_eps_4.0_steps_100_Purification_type_noisy_anchor_anchors_10_alpha_1.2_sigma_0.12_threshold_0.0 - INFO - Batch 103/106: Clean orig accuracy 0.3659 | Clean purify accuracy 0.2336 | Adv orig accuracy: 0.1602 | Adv purify accuracy: 0.1650
2025-07-10 20:06:02,686 - ADV_Generation_eps_4.0_steps_100_Purification_type_noisy_anchor_anchors_10_alpha_1.2_sigma_0.12_threshold_0.0 - INFO - Batch:[103] Adversarial images for this batch already exist
2025-07-10 20:06:06,376 - ADV_Generation_eps_4.0_steps_100_Purification_type_noisy_anchor_anchors_10_alpha_1.2_sigma_0.12_threshold_0.0 - INFO - Batch 104/106: Clean orig accuracy 0.3648 | Clean purify accuracy 0.2338 | Adv orig accuracy: 0.1605 | Adv purify accuracy: 0.1659
2025-07-10 20:06:06,386 - ADV_Generation_eps_4.0_steps_100_Purification_type_noisy_anchor_anchors_10_alpha_1.2_sigma_0.12_threshold_0.0 - INFO - Batch:[104] Adversarial images for this batch already exist
2025-07-10 20:06:10,067 - ADV_Generation_eps_4.0_steps_100_Purification_type_noisy_anchor_anchors_10_alpha_1.2_sigma_0.12_threshold_0.0 - INFO - Batch 105/106: Clean orig accuracy 0.3696 | Clean purify accuracy 0.2387 | Adv orig accuracy: 0.1661 | Adv purify accuracy: 0.1714
2025-07-10 20:06:10,076 - ADV_Generation_eps_4.0_steps_100_Purification_type_noisy_anchor_anchors_10_alpha_1.2_sigma_0.12_threshold_0.0 - INFO - Batch:[105] Adversarial images for this batch already exist
2025-07-10 20:06:13,126 - ADV_Generation_eps_4.0_steps_100_Purification_type_noisy_anchor_anchors_10_alpha_1.2_sigma_0.12_threshold_0.0 - INFO - Batch 106/106: Clean orig accuracy 0.3729 | Clean purify accuracy 0.2423 | Adv orig accuracy: 0.1702 | Adv purify accuracy: 0.1755
2025-07-10 20:06:13,223 - ADV_Generation_eps_4.0_steps_100_Purification_type_noisy_anchor_anchors_10_alpha_1.2_sigma_0.12_threshold_0.0 - INFO - Final Clean orig accuracy: 0.3729 | Clean purify accuracy: 0.2423
2025-07-10 20:06:13,223 - ADV_Generation_eps_4.0_steps_100_Purification_type_noisy_anchor_anchors_10_alpha_1.2_sigma_0.12_threshold_0.0 - INFO - Final Adv orig accuracy: 0.1702 | Adv purify accuracy: 0.1755
2025-07-10 20:06:13,223 - ADV_Generation_eps_4.0_steps_100_Purification_type_noisy_anchor_anchors_10_alpha_1.2_sigma_0.12_threshold_0.0 - INFO - Diff_ratio_clean: 0.3006 | Diff_ratio_adv: 0.3067
2025-07-10 20:06:13,223 - ADV_Generation_eps_4.0_steps_100_Purification_type_noisy_anchor_anchors_10_alpha_1.2_sigma_0.12_threshold_0.0 - INFO - Adversarial image generation completed. Results
