2025-08-22 15:21:36,302 - ADV_Generation_eps_4.0_steps_100_image_only_attack_prm_Purification_type_noisy_anchor_anchors_10_alpha_1.2_sigma_0.18_threshold_0.0 - INFO - ==========================================
data:/leonardo_work/EUHPC_R04_192/fmohamma/Adversarial_Robust_Clip/atpt_data/downstream_datasets
test_sets:I
dataset_mode:test
arch:delta_clip_l14_224
resolution:224
transferability:False
source_model:fare4
workers:4
no_pin_memory:False
batch_size:64
adv_bs:16
print_freq:20
gpu:0
no_cudnn_benchmark:False
n_ctx:4
ctx_init:a_photo_of_a
seed:0
output_dir:/leonardo_work/EUHPC_R04_192/fmohamma/Adversarial_Robust_Clip/atpt_data/delta_clip_l14_224/I
log_output_dir:/leonardo_work/EUHPC_R04_192/fmohamma/Adversarial_Robust_Clip/ATPT/Final_Results_anchor/delta_clip_l14_224/I
image_only_attack:True
image_only_attack_type:prm
image_predicted_label_attack:False
eps:4.0
alpha:1.0
alpha_eps_ratio:4.0
steps:100
counter_attack:False
counter_attack_type:pgd
counter_attack_steps:2
counter_attack_eps:4.0
counter_attack_alpha:1.0
counter_attack_tau_thres:0.2
counter_attack_beta:2.0
counter_attack_weighted_perturbations:True
pgd_clip_pure_i_text_embeddings:null
pgd_counter_and_clipure_i_lamda:1.0
image_feature_purify:True
image_feature_purify_type:noisy_anchor
image_feature_purify_noisy_anchors:10
image_feature_purify_anchors_alpha:1.2
image_feature_purify_noisy_sigma:0.18
image_feature_purify_diff_threshold:0.0
image_feature_clipure_steps:10
image_feature_clipure_step_size:10.0
save_plots:False
lr:0.005
selection_p:0.1
tta_steps:1
top_k:20
softmax_temp:0.01
load_tecoa:

2025-08-22 15:21:36,303 - ADV_Generation_eps_4.0_steps_100_image_only_attack_prm_Purification_type_noisy_anchor_anchors_10_alpha_1.2_sigma_0.18_threshold_0.0 - INFO - Use GPU: 0 for training
2025-08-22 15:23:14,900 - ADV_Generation_eps_4.0_steps_100_image_only_attack_prm_Purification_type_noisy_anchor_anchors_10_alpha_1.2_sigma_0.18_threshold_0.0 - INFO - => Model created: visual backbone delta_clip_l14_224
2025-08-22 15:23:16,285 - ADV_Generation_eps_4.0_steps_100_image_only_attack_prm_Purification_type_noisy_anchor_anchors_10_alpha_1.2_sigma_0.18_threshold_0.0 - INFO - Number of test samples: 5000
2025-08-22 15:23:16,285 - ADV_Generation_eps_4.0_steps_100_image_only_attack_prm_Purification_type_noisy_anchor_anchors_10_alpha_1.2_sigma_0.18_threshold_0.0 - INFO - Evaluating dataset: I
2025-08-22 15:23:16,286 - ADV_Generation_eps_4.0_steps_100_image_only_attack_prm_Purification_type_noisy_anchor_anchors_10_alpha_1.2_sigma_0.18_threshold_0.0 - INFO - Starting evaluation with batch size: 64, selection percentage: 0.1
2025-08-22 15:23:16,286 - ADV_Generation_eps_4.0_steps_100_image_only_attack_prm_Purification_type_noisy_anchor_anchors_10_alpha_1.2_sigma_0.18_threshold_0.0 - INFO - Using PGD attack with epsilon: 0.015686, alpha: 0.003922, steps: 100 image only attack True image only attack type  prm image predicted label attack False
2025-08-22 15:23:16,286 - ADV_Generation_eps_4.0_steps_100_image_only_attack_prm_Purification_type_noisy_anchor_anchors_10_alpha_1.2_sigma_0.18_threshold_0.0 - INFO - Adversarial examples will be loaded from /leonardo_work/EUHPC_R04_192/fmohamma/Adversarial_Robust_Clip/atpt_data/delta_clip_l14_224/I/adv_images_eps_4.0_alpha_1.0_steps_100_image_only_attack_prm and evaluated on delta_clip_l14_224
2025-08-22 15:23:16,287 - ADV_Generation_eps_4.0_steps_100_image_only_attack_prm_Purification_type_noisy_anchor_anchors_10_alpha_1.2_sigma_0.18_threshold_0.0 - INFO - Using directory for adversarial images: /leonardo_work/EUHPC_R04_192/fmohamma/Adversarial_Robust_Clip/atpt_data/delta_clip_l14_224/I/adv_images_eps_4.0_alpha_1.0_steps_100_image_only_attack_prm
2025-08-22 15:24:19,760 - ADV_Generation_eps_4.0_steps_100_image_only_attack_prm_Purification_type_noisy_anchor_anchors_10_alpha_1.2_sigma_0.18_threshold_0.0 - INFO - Generated adversarial images for the entire batch.
2025-08-22 15:24:19,764 - ADV_Generation_eps_4.0_steps_100_image_only_attack_prm_Purification_type_noisy_anchor_anchors_10_alpha_1.2_sigma_0.18_threshold_0.0 - INFO - Batch:[0] Image: [0] Saved adversarial tensor to /leonardo_work/EUHPC_R04_192/fmohamma/Adversarial_Robust_Clip/atpt_data/delta_clip_l14_224/I/adv_images_eps_4.0_alpha_1.0_steps_100_image_only_attack_prm/n01440764_ILSVRC2012_val_00000293.pt
2025-08-22 15:24:19,766 - ADV_Generation_eps_4.0_steps_100_image_only_attack_prm_Purification_type_noisy_anchor_anchors_10_alpha_1.2_sigma_0.18_threshold_0.0 - INFO - Batch:[0] Image: [1] Saved adversarial tensor to /leonardo_work/EUHPC_R04_192/fmohamma/Adversarial_Robust_Clip/atpt_data/delta_clip_l14_224/I/adv_images_eps_4.0_alpha_1.0_steps_100_image_only_attack_prm/n01440764_ILSVRC2012_val_00002138.pt
2025-08-22 15:24:19,768 - ADV_Generation_eps_4.0_steps_100_image_only_attack_prm_Purification_type_noisy_anchor_anchors_10_alpha_1.2_sigma_0.18_threshold_0.0 - INFO - Batch:[0] Image: [2] Saved adversarial tensor to /leonardo_work/EUHPC_R04_192/fmohamma/Adversarial_Robust_Clip/atpt_data/delta_clip_l14_224/I/adv_images_eps_4.0_alpha_1.0_steps_100_image_only_attack_prm/n01440764_ILSVRC2012_val_00003014.pt
2025-08-22 15:24:19,770 - ADV_Generation_eps_4.0_steps_100_image_only_attack_prm_Purification_type_noisy_anchor_anchors_10_alpha_1.2_sigma_0.18_threshold_0.0 - INFO - Batch:[0] Image: [3] Saved adversarial tensor to /leonardo_work/EUHPC_R04_192/fmohamma/Adversarial_Robust_Clip/atpt_data/delta_clip_l14_224/I/adv_images_eps_4.0_alpha_1.0_steps_100_image_only_attack_prm/n01440764_ILSVRC2012_val_00006697.pt
2025-08-22 15:24:19,771 - ADV_Generation_eps_4.0_steps_100_image_only_attack_prm_Purification_type_noisy_anchor_anchors_10_alpha_1.2_sigma_0.18_threshold_0.0 - INFO - Batch:[0] Image: [4] Saved adversarial tensor to /leonardo_work/EUHPC_R04_192/fmohamma/Adversarial_Robust_Clip/atpt_data/delta_clip_l14_224/I/adv_images_eps_4.0_alpha_1.0_steps_100_image_only_attack_prm/n01440764_ILSVRC2012_val_00007197.pt
2025-08-22 15:24:19,773 - ADV_Generation_eps_4.0_steps_100_image_only_attack_prm_Purification_type_noisy_anchor_anchors_10_alpha_1.2_sigma_0.18_threshold_0.0 - INFO - Batch:[0] Image: [5] Saved adversarial tensor to /leonardo_work/EUHPC_R04_192/fmohamma/Adversarial_Robust_Clip/atpt_data/delta_clip_l14_224/I/adv_images_eps_4.0_alpha_1.0_steps_100_image_only_attack_prm/n01443537_ILSVRC2012_val_00000236.pt
2025-08-22 15:24:19,776 - ADV_Generation_eps_4.0_steps_100_image_only_attack_prm_Purification_type_noisy_anchor_anchors_10_alpha_1.2_sigma_0.18_threshold_0.0 - INFO - Batch:[0] Image: [6] Saved adversarial tensor to /leonardo_work/EUHPC_R04_192/fmohamma/Adversarial_Robust_Clip/atpt_data/delta_clip_l14_224/I/adv_images_eps_4.0_alpha_1.0_steps_100_image_only_attack_prm/n01443537_ILSVRC2012_val_00000262.pt
2025-08-22 15:24:19,777 - ADV_Generation_eps_4.0_steps_100_image_only_attack_prm_Purification_type_noisy_anchor_anchors_10_alpha_1.2_sigma_0.18_threshold_0.0 - INFO - Batch:[0] Image: [7] Saved adversarial tensor to /leonardo_work/EUHPC_R04_192/fmohamma/Adversarial_Robust_Clip/atpt_data/delta_clip_l14_224/I/adv_images_eps_4.0_alpha_1.0_steps_100_image_only_attack_prm/n01443537_ILSVRC2012_val_00000307.pt
2025-08-22 15:24:19,779 - ADV_Generation_eps_4.0_steps_100_image_only_attack_prm_Purification_type_noisy_anchor_anchors_10_alpha_1.2_sigma_0.18_threshold_0.0 - INFO - Batch:[0] Image: [8] Saved adversarial tensor to /leonardo_work/EUHPC_R04_192/fmohamma/Adversarial_Robust_Clip/atpt_data/delta_clip_l14_224/I/adv_images_eps_4.0_alpha_1.0_steps_100_image_only_attack_prm/n01443537_ILSVRC2012_val_00000994.pt
2025-08-22 15:24:19,780 - ADV_Generation_eps_4.0_steps_100_image_only_attack_prm_Purification_type_noisy_anchor_anchors_10_alpha_1.2_sigma_0.18_threshold_0.0 - INFO - Batch:[0] Image: [9] Saved adversarial tensor to /leonardo_work/EUHPC_R04_192/fmohamma/Adversarial_Robust_Clip/atpt_data/delta_clip_l14_224/I/adv_images_eps_4.0_alpha_1.0_steps_100_image_only_attack_prm/n01443537_ILSVRC2012_val_00002241.pt
2025-08-22 15:24:19,782 - ADV_Generation_eps_4.0_steps_100_image_only_attack_prm_Purification_type_noisy_anchor_anchors_10_alpha_1.2_sigma_0.18_threshold_0.0 - INFO - Batch:[0] Image: [10] Saved adversarial tensor to /leonardo_work/EUHPC_R04_192/fmohamma/Adversarial_Robust_Clip/atpt_data/delta_clip_l14_224/I/adv_images_eps_4.0_alpha_1.0_steps_100_image_only_attack_prm/n01484850_ILSVRC2012_val_00002338.pt
2025-08-22 15:24:19,785 - ADV_Generation_eps_4.0_steps_100_image_only_attack_prm_Purification_type_noisy_anchor_anchors_10_alpha_1.2_sigma_0.18_threshold_0.0 - INFO - Batch:[0] Image: [11] Saved adversarial tensor to /leonardo_work/EUHPC_R04_192/fmohamma/Adversarial_Robust_Clip/atpt_data/delta_clip_l14_224/I/adv_images_eps_4.0_alpha_1.0_steps_100_image_only_attack_prm/n01484850_ILSVRC2012_val_00002752.pt
2025-08-22 15:24:19,789 - ADV_Generation_eps_4.0_steps_100_image_only_attack_prm_Purification_type_noisy_anchor_anchors_10_alpha_1.2_sigma_0.18_threshold_0.0 - INFO - Batch:[0] Image: [12] Saved adversarial tensor to /leonardo_work/EUHPC_R04_192/fmohamma/Adversarial_Robust_Clip/atpt_data/delta_clip_l14_224/I/adv_images_eps_4.0_alpha_1.0_steps_100_image_only_attack_prm/n01484850_ILSVRC2012_val_00004311.pt
2025-08-22 15:24:19,792 - ADV_Generation_eps_4.0_steps_100_image_only_attack_prm_Purification_type_noisy_anchor_anchors_10_alpha_1.2_sigma_0.18_threshold_0.0 - INFO - Batch:[0] Image: [13] Saved adversarial tensor to /leonardo_work/EUHPC_R04_192/fmohamma/Adversarial_Robust_Clip/atpt_data/delta_clip_l14_224/I/adv_images_eps_4.0_alpha_1.0_steps_100_image_only_attack_prm/n01484850_ILSVRC2012_val_00004329.pt
2025-08-22 15:24:19,795 - ADV_Generation_eps_4.0_steps_100_image_only_attack_prm_Purification_type_noisy_anchor_anchors_10_alpha_1.2_sigma_0.18_threshold_0.0 - INFO - Batch:[0] Image: [14] Saved adversarial tensor to /leonardo_work/EUHPC_R04_192/fmohamma/Adversarial_Robust_Clip/atpt_data/delta_clip_l14_224/I/adv_images_eps_4.0_alpha_1.0_steps_100_image_only_attack_prm/n01484850_ILSVRC2012_val_00006491.pt
2025-08-22 15:24:19,797 - ADV_Generation_eps_4.0_steps_100_image_only_attack_prm_Purification_type_noisy_anchor_anchors_10_alpha_1.2_sigma_0.18_threshold_0.0 - INFO - Batch:[0] Image: [15] Saved adversarial tensor to /leonardo_work/EUHPC_R04_192/fmohamma/Adversarial_Robust_Clip/atpt_data/delta_clip_l14_224/I/adv_images_eps_4.0_alpha_1.0_steps_100_image_only_attack_prm/n01491361_ILSVRC2012_val_00002922.pt
2025-08-22 15:24:23,603 - ADV_Generation_eps_4.0_steps_100_image_only_attack_prm_Purification_type_noisy_anchor_anchors_10_alpha_1.2_sigma_0.18_threshold_0.0 - INFO - ======================== Adversarial Image Evaluation ==========================
2025-08-22 15:24:23,645 - ADV_Generation_eps_4.0_steps_100_image_only_attack_prm_Purification_type_noisy_anchor_anchors_10_alpha_1.2_sigma_0.18_threshold_0.0 - INFO - target: tensor([0, 0, 0, 0, 0, 1, 1, 1, 1, 1, 2, 2, 2, 2, 2, 3], device='cuda:0')
2025-08-22 15:24:23,645 - ADV_Generation_eps_4.0_steps_100_image_only_attack_prm_Purification_type_noisy_anchor_anchors_10_alpha_1.2_sigma_0.18_threshold_0.0 - INFO - adv_pred: tensor([  6,   0,   0,   0,   0,   1,   1,   1,   1, 129,   2,   2, 147,   2,
          2,   2], device='cuda:0')
2025-08-22 15:24:23,645 - ADV_Generation_eps_4.0_steps_100_image_only_attack_prm_Purification_type_noisy_anchor_anchors_10_alpha_1.2_sigma_0.18_threshold_0.0 - INFO - adv_correct_orig: 12 = 0 + 12
2025-08-22 15:24:23,646 - ADV_Generation_eps_4.0_steps_100_image_only_attack_prm_Purification_type_noisy_anchor_anchors_10_alpha_1.2_sigma_0.18_threshold_0.0 - INFO - adv_pred_purify: tensor([490, 391, 758, 981,   5,   1,   1, 490,   1, 141,   2,   2, 147,   2,
          2,   6], device='cuda:0')
2025-08-22 15:24:23,646 - ADV_Generation_eps_4.0_steps_100_image_only_attack_prm_Purification_type_noisy_anchor_anchors_10_alpha_1.2_sigma_0.18_threshold_0.0 - INFO - adv_correct_purify: 7 = 0 + 7
