2025-08-04 20:32:45,223 - ADV_Generation_eps_4.0_steps_100 - INFO - ==========================================
data:/leonardo_work/EUHPC_R04_192/fmohamma/Adversarial_Robust_Clip/atpt_data/downstream_datasets
test_sets:Flower102
dataset_mode:test
arch:fare4
resolution:224
transferability:False
source_model:fare4
workers:4
no_pin_memory:False
batch_size:64
adv_bs:16
print_freq:20
gpu:0
no_cudnn_benchmark:False
n_ctx:4
ctx_init:a_photo_of_a
seed:0
output_dir:/leonardo_work/EUHPC_R04_192/fmohamma/Adversarial_Robust_Clip/atpt_data/fare4/Flower102
log_output_dir:/leonardo_work/EUHPC_R04_192/fmohamma/Adversarial_Robust_Clip/ATPT/Final_Results/fare4/Flower102
image_only_attack:False
image_only_attack_type:prm
image_predicted_label_attack:False
eps:4.0
alpha:1.0
alpha_eps_ratio:4.0
steps:100
counter_attack:False
counter_attack_type:pgd
counter_attack_steps:2
counter_attack_eps:4.0
counter_attack_alpha:1.0
counter_attack_tau_thres:0.2
counter_attack_beta:2.0
counter_attack_weighted_perturbations:True
pgd_clip_pure_i_text_embeddings:null
pgd_counter_and_clipure_i_lamda:1.0
image_feature_purify:False
image_feature_purify_type:noisy_anchor
image_feature_purify_noisy_anchors:10
image_feature_purify_anchors_alpha:1.2
image_feature_purify_noisy_sigma:0.18
image_feature_purify_diff_threshold:0.0
image_feature_clipure_steps:10
image_feature_clipure_step_size:10.0
save_plots:False
lr:0.005
selection_p:0.1
tta_steps:1
top_k:20
softmax_temp:0.01
load_tecoa:

2025-08-04 20:32:45,225 - ADV_Generation_eps_4.0_steps_100 - INFO - Use GPU: 0 for training
2025-08-04 20:33:44,835 - ADV_Generation_eps_4.0_steps_100 - INFO - => Model created: visual backbone fare4
2025-08-04 20:33:44,997 - ADV_Generation_eps_4.0_steps_100 - INFO - Number of test samples: 2463
2025-08-04 20:33:44,998 - ADV_Generation_eps_4.0_steps_100 - INFO - Evaluating dataset: Flower102
2025-08-04 20:33:44,999 - ADV_Generation_eps_4.0_steps_100 - INFO - Starting evaluation with batch size: 64, selection percentage: 0.1
2025-08-04 20:33:44,999 - ADV_Generation_eps_4.0_steps_100 - INFO - Using PGD attack with epsilon: 0.015686, alpha: 0.003922, steps: 100 image only attack False image predicted label attack False
2025-08-04 20:33:45,000 - ADV_Generation_eps_4.0_steps_100 - INFO - Using directory for adversarial images: /leonardo_work/EUHPC_R04_192/fmohamma/Adversarial_Robust_Clip/atpt_data/fare4/Flower102/adv_images_eps_4.0_alpha_1.0_steps_100
2025-08-04 20:33:46,116 - ADV_Generation_eps_4.0_steps_100 - INFO - Batch:[0] Adversarial images for this batch already exist
2025-08-04 20:33:59,861 - ADV_Generation_eps_4.0_steps_100 - INFO - Batch 1/154: Clean accuracy 0.8125 | Adv accuracy: 0.2500 
2025-08-04 20:33:59,871 - ADV_Generation_eps_4.0_steps_100 - INFO - Batch:[1] Adversarial images for this batch already exist
2025-08-04 20:34:00,588 - ADV_Generation_eps_4.0_steps_100 - INFO - Batch 2/154: Clean accuracy 0.7500 | Adv accuracy: 0.1875 
2025-08-04 20:34:00,599 - ADV_Generation_eps_4.0_steps_100 - INFO - Batch:[2] Adversarial images for this batch already exist
2025-08-04 20:34:01,458 - ADV_Generation_eps_4.0_steps_100 - INFO - Batch 3/154: Clean accuracy 0.8125 | Adv accuracy: 0.1875 
2025-08-04 20:34:01,468 - ADV_Generation_eps_4.0_steps_100 - INFO - Batch:[3] Adversarial images for this batch already exist
2025-08-04 20:34:02,172 - ADV_Generation_eps_4.0_steps_100 - INFO - Batch 4/154: Clean accuracy 0.8594 | Adv accuracy: 0.1875 
2025-08-04 20:34:02,182 - ADV_Generation_eps_4.0_steps_100 - INFO - Batch:[4] Adversarial images for this batch already exist
2025-08-04 20:34:02,901 - ADV_Generation_eps_4.0_steps_100 - INFO - Batch 5/154: Clean accuracy 0.8625 | Adv accuracy: 0.1875 
2025-08-04 20:34:02,911 - ADV_Generation_eps_4.0_steps_100 - INFO - Batch:[5] Adversarial images for this batch already exist
2025-08-04 20:34:03,644 - ADV_Generation_eps_4.0_steps_100 - INFO - Batch 6/154: Clean accuracy 0.8646 | Adv accuracy: 0.1667 
2025-08-04 20:34:03,654 - ADV_Generation_eps_4.0_steps_100 - INFO - Batch:[6] Adversarial images for this batch already exist
2025-08-04 20:34:04,312 - ADV_Generation_eps_4.0_steps_100 - INFO - Batch 7/154: Clean accuracy 0.8661 | Adv accuracy: 0.1607 
2025-08-04 20:34:04,322 - ADV_Generation_eps_4.0_steps_100 - INFO - Batch:[7] Adversarial images for this batch already exist
2025-08-04 20:34:05,112 - ADV_Generation_eps_4.0_steps_100 - INFO - Batch 8/154: Clean accuracy 0.8672 | Adv accuracy: 0.1719 
2025-08-04 20:34:05,130 - ADV_Generation_eps_4.0_steps_100 - INFO - Batch:[8] Adversarial images for this batch already exist
2025-08-04 20:34:05,817 - ADV_Generation_eps_4.0_steps_100 - INFO - Batch 9/154: Clean accuracy 0.8750 | Adv accuracy: 0.1875 
2025-08-04 20:34:05,827 - ADV_Generation_eps_4.0_steps_100 - INFO - Batch:[9] Adversarial images for this batch already exist
2025-08-04 20:34:06,560 - ADV_Generation_eps_4.0_steps_100 - INFO - Batch 10/154: Clean accuracy 0.8625 | Adv accuracy: 0.1812 
2025-08-04 20:34:06,570 - ADV_Generation_eps_4.0_steps_100 - INFO - Batch:[10] Adversarial images for this batch already exist
2025-08-04 20:34:07,294 - ADV_Generation_eps_4.0_steps_100 - INFO - Batch 11/154: Clean accuracy 0.8352 | Adv accuracy: 0.1705 
2025-08-04 20:34:07,304 - ADV_Generation_eps_4.0_steps_100 - INFO - Batch:[11] Adversarial images for this batch already exist
2025-08-04 20:34:07,998 - ADV_Generation_eps_4.0_steps_100 - INFO - Batch 12/154: Clean accuracy 0.7760 | Adv accuracy: 0.1562 
2025-08-04 20:34:08,009 - ADV_Generation_eps_4.0_steps_100 - INFO - Batch:[12] Adversarial images for this batch already exist
2025-08-04 20:34:08,697 - ADV_Generation_eps_4.0_steps_100 - INFO - Batch 13/154: Clean accuracy 0.7163 | Adv accuracy: 0.1442 
2025-08-04 20:34:08,707 - ADV_Generation_eps_4.0_steps_100 - INFO - Batch:[13] Adversarial images for this batch already exist
2025-08-04 20:34:09,543 - ADV_Generation_eps_4.0_steps_100 - INFO - Batch 14/154: Clean accuracy 0.6652 | Adv accuracy: 0.1339 
2025-08-04 20:34:09,554 - ADV_Generation_eps_4.0_steps_100 - INFO - Batch:[14] Adversarial images for this batch already exist
2025-08-04 20:34:10,286 - ADV_Generation_eps_4.0_steps_100 - INFO - Batch 15/154: Clean accuracy 0.6292 | Adv accuracy: 0.1250 
2025-08-04 20:34:10,296 - ADV_Generation_eps_4.0_steps_100 - INFO - Batch:[15] Adversarial images for this batch already exist
2025-08-04 20:34:11,082 - ADV_Generation_eps_4.0_steps_100 - INFO - Batch 16/154: Clean accuracy 0.6133 | Adv accuracy: 0.1172 
2025-08-04 20:34:11,095 - ADV_Generation_eps_4.0_steps_100 - INFO - Batch:[16] Adversarial images for this batch already exist
2025-08-04 20:34:11,782 - ADV_Generation_eps_4.0_steps_100 - INFO - Batch 17/154: Clean accuracy 0.6029 | Adv accuracy: 0.1103 
2025-08-04 20:34:11,793 - ADV_Generation_eps_4.0_steps_100 - INFO - Batch:[17] Adversarial images for this batch already exist
2025-08-04 20:34:12,530 - ADV_Generation_eps_4.0_steps_100 - INFO - Batch 18/154: Clean accuracy 0.6007 | Adv accuracy: 0.1111 
2025-08-04 20:34:12,542 - ADV_Generation_eps_4.0_steps_100 - INFO - Batch:[18] Adversarial images for this batch already exist
2025-08-04 20:34:13,260 - ADV_Generation_eps_4.0_steps_100 - INFO - Batch 19/154: Clean accuracy 0.5724 | Adv accuracy: 0.1053 
2025-08-04 20:34:13,271 - ADV_Generation_eps_4.0_steps_100 - INFO - Batch:[19] Adversarial images for this batch already exist
2025-08-04 20:34:14,015 - ADV_Generation_eps_4.0_steps_100 - INFO - Batch 20/154: Clean accuracy 0.5500 | Adv accuracy: 0.1000 
2025-08-04 20:34:14,039 - ADV_Generation_eps_4.0_steps_100 - INFO - Batch:[20] Adversarial images for this batch already exist
2025-08-04 20:34:14,813 - ADV_Generation_eps_4.0_steps_100 - INFO - Batch 21/154: Clean accuracy 0.5268 | Adv accuracy: 0.0952 
2025-08-04 20:34:14,834 - ADV_Generation_eps_4.0_steps_100 - INFO - Batch:[21] Adversarial images for this batch already exist
2025-08-04 20:34:15,526 - ADV_Generation_eps_4.0_steps_100 - INFO - Batch 22/154: Clean accuracy 0.5256 | Adv accuracy: 0.0909 
2025-08-04 20:34:15,536 - ADV_Generation_eps_4.0_steps_100 - INFO - Batch:[22] Adversarial images for this batch already exist
2025-08-04 20:34:16,240 - ADV_Generation_eps_4.0_steps_100 - INFO - Batch 23/154: Clean accuracy 0.5272 | Adv accuracy: 0.0924 
2025-08-04 20:34:16,250 - ADV_Generation_eps_4.0_steps_100 - INFO - Batch:[23] Adversarial images for this batch already exist
2025-08-04 20:34:17,034 - ADV_Generation_eps_4.0_steps_100 - INFO - Batch 24/154: Clean accuracy 0.5391 | Adv accuracy: 0.0938 
2025-08-04 20:34:17,044 - ADV_Generation_eps_4.0_steps_100 - INFO - Batch:[24] Adversarial images for this batch already exist
2025-08-04 20:34:17,797 - ADV_Generation_eps_4.0_steps_100 - INFO - Batch 25/154: Clean accuracy 0.5500 | Adv accuracy: 0.0950 
2025-08-04 20:34:17,814 - ADV_Generation_eps_4.0_steps_100 - INFO - Batch:[25] Adversarial images for this batch already exist
2025-08-04 20:34:18,705 - ADV_Generation_eps_4.0_steps_100 - INFO - Batch 26/154: Clean accuracy 0.5433 | Adv accuracy: 0.0913 
2025-08-04 20:34:18,715 - ADV_Generation_eps_4.0_steps_100 - INFO - Batch:[26] Adversarial images for this batch already exist
2025-08-04 20:34:19,464 - ADV_Generation_eps_4.0_steps_100 - INFO - Batch 27/154: Clean accuracy 0.5324 | Adv accuracy: 0.0880 
2025-08-04 20:34:19,474 - ADV_Generation_eps_4.0_steps_100 - INFO - Batch:[27] Adversarial images for this batch already exist
2025-08-04 20:34:20,286 - ADV_Generation_eps_4.0_steps_100 - INFO - Batch 28/154: Clean accuracy 0.5179 | Adv accuracy: 0.0848 
2025-08-04 20:34:20,296 - ADV_Generation_eps_4.0_steps_100 - INFO - Batch:[28] Adversarial images for this batch already exist
2025-08-04 20:34:21,022 - ADV_Generation_eps_4.0_steps_100 - INFO - Batch 29/154: Clean accuracy 0.5151 | Adv accuracy: 0.0841 
2025-08-04 20:34:21,033 - ADV_Generation_eps_4.0_steps_100 - INFO - Batch:[29] Adversarial images for this batch already exist
2025-08-04 20:34:21,851 - ADV_Generation_eps_4.0_steps_100 - INFO - Batch 30/154: Clean accuracy 0.5167 | Adv accuracy: 0.0917 
2025-08-04 20:34:21,861 - ADV_Generation_eps_4.0_steps_100 - INFO - Batch:[30] Adversarial images for this batch already exist
2025-08-04 20:34:22,584 - ADV_Generation_eps_4.0_steps_100 - INFO - Batch 31/154: Clean accuracy 0.5302 | Adv accuracy: 0.1048 
2025-08-04 20:34:22,595 - ADV_Generation_eps_4.0_steps_100 - INFO - Batch:[31] Adversarial images for this batch already exist
2025-08-04 20:34:23,305 - ADV_Generation_eps_4.0_steps_100 - INFO - Batch 32/154: Clean accuracy 0.5430 | Adv accuracy: 0.1113 
2025-08-04 20:34:23,316 - ADV_Generation_eps_4.0_steps_100 - INFO - Batch:[32] Adversarial images for this batch already exist
2025-08-04 20:34:24,070 - ADV_Generation_eps_4.0_steps_100 - INFO - Batch 33/154: Clean accuracy 0.5549 | Adv accuracy: 0.1155 
2025-08-04 20:34:24,083 - ADV_Generation_eps_4.0_steps_100 - INFO - Batch:[33] Adversarial images for this batch already exist
2025-08-04 20:34:24,875 - ADV_Generation_eps_4.0_steps_100 - INFO - Batch 34/154: Clean accuracy 0.5588 | Adv accuracy: 0.1140 
2025-08-04 20:34:24,886 - ADV_Generation_eps_4.0_steps_100 - INFO - Batch:[34] Adversarial images for this batch already exist
2025-08-04 20:34:25,609 - ADV_Generation_eps_4.0_steps_100 - INFO - Batch 35/154: Clean accuracy 0.5607 | Adv accuracy: 0.1107 
2025-08-04 20:34:25,620 - ADV_Generation_eps_4.0_steps_100 - INFO - Batch:[35] Adversarial images for this batch already exist
2025-08-04 20:34:26,399 - ADV_Generation_eps_4.0_steps_100 - INFO - Batch 36/154: Clean accuracy 0.5556 | Adv accuracy: 0.1094 
2025-08-04 20:34:26,409 - ADV_Generation_eps_4.0_steps_100 - INFO - Batch:[36] Adversarial images for this batch already exist
2025-08-04 20:34:27,243 - ADV_Generation_eps_4.0_steps_100 - INFO - Batch 37/154: Clean accuracy 0.5625 | Adv accuracy: 0.1115 
2025-08-04 20:34:27,253 - ADV_Generation_eps_4.0_steps_100 - INFO - Batch:[37] Adversarial images for this batch already exist
2025-08-04 20:34:27,976 - ADV_Generation_eps_4.0_steps_100 - INFO - Batch 38/154: Clean accuracy 0.5609 | Adv accuracy: 0.1102 
2025-08-04 20:34:27,986 - ADV_Generation_eps_4.0_steps_100 - INFO - Batch:[38] Adversarial images for this batch already exist
2025-08-04 20:34:28,727 - ADV_Generation_eps_4.0_steps_100 - INFO - Batch 39/154: Clean accuracy 0.5657 | Adv accuracy: 0.1106 
2025-08-04 20:34:28,737 - ADV_Generation_eps_4.0_steps_100 - INFO - Batch:[39] Adversarial images for this batch already exist
2025-08-04 20:34:29,431 - ADV_Generation_eps_4.0_steps_100 - INFO - Batch 40/154: Clean accuracy 0.5703 | Adv accuracy: 0.1109 
2025-08-04 20:34:29,441 - ADV_Generation_eps_4.0_steps_100 - INFO - Batch:[40] Adversarial images for this batch already exist
2025-08-04 20:34:30,192 - ADV_Generation_eps_4.0_steps_100 - INFO - Batch 41/154: Clean accuracy 0.5655 | Adv accuracy: 0.1098 
2025-08-04 20:34:30,203 - ADV_Generation_eps_4.0_steps_100 - INFO - Batch:[41] Adversarial images for this batch already exist
2025-08-04 20:34:30,873 - ADV_Generation_eps_4.0_steps_100 - INFO - Batch 42/154: Clean accuracy 0.5536 | Adv accuracy: 0.1071 
2025-08-04 20:34:30,883 - ADV_Generation_eps_4.0_steps_100 - INFO - Batch:[42] Adversarial images for this batch already exist
2025-08-04 20:34:31,571 - ADV_Generation_eps_4.0_steps_100 - INFO - Batch 43/154: Clean accuracy 0.5494 | Adv accuracy: 0.1119 
2025-08-04 20:34:31,582 - ADV_Generation_eps_4.0_steps_100 - INFO - Batch:[43] Adversarial images for this batch already exist
2025-08-04 20:34:32,325 - ADV_Generation_eps_4.0_steps_100 - INFO - Batch 44/154: Clean accuracy 0.5597 | Adv accuracy: 0.1222 
2025-08-04 20:34:32,336 - ADV_Generation_eps_4.0_steps_100 - INFO - Batch:[44] Adversarial images for this batch already exist
2025-08-04 20:34:33,101 - ADV_Generation_eps_4.0_steps_100 - INFO - Batch 45/154: Clean accuracy 0.5681 | Adv accuracy: 0.1347 
2025-08-04 20:34:33,111 - ADV_Generation_eps_4.0_steps_100 - INFO - Batch:[45] Adversarial images for this batch already exist
2025-08-04 20:34:33,938 - ADV_Generation_eps_4.0_steps_100 - INFO - Batch 46/154: Clean accuracy 0.5571 | Adv accuracy: 0.1318 
2025-08-04 20:34:33,948 - ADV_Generation_eps_4.0_steps_100 - INFO - Batch:[46] Adversarial images for this batch already exist
2025-08-04 20:34:34,776 - ADV_Generation_eps_4.0_steps_100 - INFO - Batch 47/154: Clean accuracy 0.5452 | Adv accuracy: 0.1290 
2025-08-04 20:34:34,786 - ADV_Generation_eps_4.0_steps_100 - INFO - Batch:[47] Adversarial images for this batch already exist
2025-08-04 20:34:35,523 - ADV_Generation_eps_4.0_steps_100 - INFO - Batch 48/154: Clean accuracy 0.5417 | Adv accuracy: 0.1263 
2025-08-04 20:34:35,533 - ADV_Generation_eps_4.0_steps_100 - INFO - Batch:[48] Adversarial images for this batch already exist
2025-08-04 20:34:36,341 - ADV_Generation_eps_4.0_steps_100 - INFO - Batch 49/154: Clean accuracy 0.5408 | Adv accuracy: 0.1250 
2025-08-04 20:34:36,351 - ADV_Generation_eps_4.0_steps_100 - INFO - Batch:[49] Adversarial images for this batch already exist
2025-08-04 20:34:37,008 - ADV_Generation_eps_4.0_steps_100 - INFO - Batch 50/154: Clean accuracy 0.5400 | Adv accuracy: 0.1237 
2025-08-04 20:34:37,019 - ADV_Generation_eps_4.0_steps_100 - INFO - Batch:[50] Adversarial images for this batch already exist
2025-08-04 20:34:37,745 - ADV_Generation_eps_4.0_steps_100 - INFO - Batch 51/154: Clean accuracy 0.5441 | Adv accuracy: 0.1225 
2025-08-04 20:34:37,755 - ADV_Generation_eps_4.0_steps_100 - INFO - Batch:[51] Adversarial images for this batch already exist
2025-08-04 20:34:38,457 - ADV_Generation_eps_4.0_steps_100 - INFO - Batch 52/154: Clean accuracy 0.5493 | Adv accuracy: 0.1202 
2025-08-04 20:34:38,467 - ADV_Generation_eps_4.0_steps_100 - INFO - Batch:[52] Adversarial images for this batch already exist
2025-08-04 20:34:39,165 - ADV_Generation_eps_4.0_steps_100 - INFO - Batch 53/154: Clean accuracy 0.5531 | Adv accuracy: 0.1179 
2025-08-04 20:34:39,176 - ADV_Generation_eps_4.0_steps_100 - INFO - Batch:[53] Adversarial images for this batch already exist
2025-08-04 20:34:39,877 - ADV_Generation_eps_4.0_steps_100 - INFO - Batch 54/154: Clean accuracy 0.5463 | Adv accuracy: 0.1157 
2025-08-04 20:34:39,888 - ADV_Generation_eps_4.0_steps_100 - INFO - Batch:[54] Adversarial images for this batch already exist
2025-08-04 20:34:40,589 - ADV_Generation_eps_4.0_steps_100 - INFO - Batch 55/154: Clean accuracy 0.5364 | Adv accuracy: 0.1136 
2025-08-04 20:34:40,599 - ADV_Generation_eps_4.0_steps_100 - INFO - Batch:[55] Adversarial images for this batch already exist
2025-08-04 20:34:41,307 - ADV_Generation_eps_4.0_steps_100 - INFO - Batch 56/154: Clean accuracy 0.5301 | Adv accuracy: 0.1116 
2025-08-04 20:34:41,318 - ADV_Generation_eps_4.0_steps_100 - INFO - Batch:[56] Adversarial images for this batch already exist
2025-08-04 20:34:42,015 - ADV_Generation_eps_4.0_steps_100 - INFO - Batch 57/154: Clean accuracy 0.5274 | Adv accuracy: 0.1096 
2025-08-04 20:34:42,025 - ADV_Generation_eps_4.0_steps_100 - INFO - Batch:[57] Adversarial images for this batch already exist
2025-08-04 20:34:42,750 - ADV_Generation_eps_4.0_steps_100 - INFO - Batch 58/154: Clean accuracy 0.5312 | Adv accuracy: 0.1078 
2025-08-04 20:34:42,760 - ADV_Generation_eps_4.0_steps_100 - INFO - Batch:[58] Adversarial images for this batch already exist
2025-08-04 20:34:43,458 - ADV_Generation_eps_4.0_steps_100 - INFO - Batch 59/154: Clean accuracy 0.5360 | Adv accuracy: 0.1081 
2025-08-04 20:34:43,468 - ADV_Generation_eps_4.0_steps_100 - INFO - Batch:[59] Adversarial images for this batch already exist
2025-08-04 20:34:44,141 - ADV_Generation_eps_4.0_steps_100 - INFO - Batch 60/154: Clean accuracy 0.5427 | Adv accuracy: 0.1115 
2025-08-04 20:34:44,151 - ADV_Generation_eps_4.0_steps_100 - INFO - Batch:[60] Adversarial images for this batch already exist
2025-08-04 20:34:44,873 - ADV_Generation_eps_4.0_steps_100 - INFO - Batch 61/154: Clean accuracy 0.5492 | Adv accuracy: 0.1158 
2025-08-04 20:34:44,884 - ADV_Generation_eps_4.0_steps_100 - INFO - Batch:[61] Adversarial images for this batch already exist
2025-08-04 20:34:45,544 - ADV_Generation_eps_4.0_steps_100 - INFO - Batch 62/154: Clean accuracy 0.5484 | Adv accuracy: 0.1149 
2025-08-04 20:34:45,554 - ADV_Generation_eps_4.0_steps_100 - INFO - Batch:[62] Adversarial images for this batch already exist
2025-08-04 20:34:46,264 - ADV_Generation_eps_4.0_steps_100 - INFO - Batch 63/154: Clean accuracy 0.5446 | Adv accuracy: 0.1131 
2025-08-04 20:34:46,275 - ADV_Generation_eps_4.0_steps_100 - INFO - Batch:[63] Adversarial images for this batch already exist
2025-08-04 20:34:46,935 - ADV_Generation_eps_4.0_steps_100 - INFO - Batch 64/154: Clean accuracy 0.5498 | Adv accuracy: 0.1182 
2025-08-04 20:34:46,946 - ADV_Generation_eps_4.0_steps_100 - INFO - Batch:[64] Adversarial images for this batch already exist
2025-08-04 20:34:47,651 - ADV_Generation_eps_4.0_steps_100 - INFO - Batch 65/154: Clean accuracy 0.5548 | Adv accuracy: 0.1192 
2025-08-04 20:34:47,661 - ADV_Generation_eps_4.0_steps_100 - INFO - Batch:[65] Adversarial images for this batch already exist
2025-08-04 20:34:48,471 - ADV_Generation_eps_4.0_steps_100 - INFO - Batch 66/154: Clean accuracy 0.5587 | Adv accuracy: 0.1174 
2025-08-04 20:34:48,481 - ADV_Generation_eps_4.0_steps_100 - INFO - Batch:[66] Adversarial images for this batch already exist
2025-08-04 20:34:49,185 - ADV_Generation_eps_4.0_steps_100 - INFO - Batch 67/154: Clean accuracy 0.5560 | Adv accuracy: 0.1157 
2025-08-04 20:34:49,195 - ADV_Generation_eps_4.0_steps_100 - INFO - Batch:[67] Adversarial images for this batch already exist
2025-08-04 20:34:49,929 - ADV_Generation_eps_4.0_steps_100 - INFO - Batch 68/154: Clean accuracy 0.5478 | Adv accuracy: 0.1140 
2025-08-04 20:34:49,939 - ADV_Generation_eps_4.0_steps_100 - INFO - Batch:[68] Adversarial images for this batch already exist
2025-08-04 20:34:50,712 - ADV_Generation_eps_4.0_steps_100 - INFO - Batch 69/154: Clean accuracy 0.5507 | Adv accuracy: 0.1132 
2025-08-04 20:34:50,723 - ADV_Generation_eps_4.0_steps_100 - INFO - Batch:[69] Adversarial images for this batch already exist
2025-08-04 20:34:51,439 - ADV_Generation_eps_4.0_steps_100 - INFO - Batch 70/154: Clean accuracy 0.5536 | Adv accuracy: 0.1116 
2025-08-04 20:34:51,449 - ADV_Generation_eps_4.0_steps_100 - INFO - Batch:[70] Adversarial images for this batch already exist
2025-08-04 20:34:52,171 - ADV_Generation_eps_4.0_steps_100 - INFO - Batch 71/154: Clean accuracy 0.5537 | Adv accuracy: 0.1109 
2025-08-04 20:34:52,196 - ADV_Generation_eps_4.0_steps_100 - INFO - Batch:[71] Adversarial images for this batch already exist
2025-08-04 20:34:52,887 - ADV_Generation_eps_4.0_steps_100 - INFO - Batch 72/154: Clean accuracy 0.5495 | Adv accuracy: 0.1102 
2025-08-04 20:34:52,898 - ADV_Generation_eps_4.0_steps_100 - INFO - Batch:[72] Adversarial images for this batch already exist
2025-08-04 20:34:53,603 - ADV_Generation_eps_4.0_steps_100 - INFO - Batch 73/154: Clean accuracy 0.5454 | Adv accuracy: 0.1087 
2025-08-04 20:34:53,614 - ADV_Generation_eps_4.0_steps_100 - INFO - Batch:[73] Adversarial images for this batch already exist
2025-08-04 20:34:54,302 - ADV_Generation_eps_4.0_steps_100 - INFO - Batch 74/154: Clean accuracy 0.5422 | Adv accuracy: 0.1115 
2025-08-04 20:34:54,336 - ADV_Generation_eps_4.0_steps_100 - INFO - Batch:[74] Adversarial images for this batch already exist
2025-08-04 20:34:55,225 - ADV_Generation_eps_4.0_steps_100 - INFO - Batch 75/154: Clean accuracy 0.5483 | Adv accuracy: 0.1225 
2025-08-04 20:34:55,236 - ADV_Generation_eps_4.0_steps_100 - INFO - Batch:[75] Adversarial images for this batch already exist
2025-08-04 20:34:55,948 - ADV_Generation_eps_4.0_steps_100 - INFO - Batch 76/154: Clean accuracy 0.5477 | Adv accuracy: 0.1250 
2025-08-04 20:34:55,959 - ADV_Generation_eps_4.0_steps_100 - INFO - Batch:[76] Adversarial images for this batch already exist
2025-08-04 20:34:56,681 - ADV_Generation_eps_4.0_steps_100 - INFO - Batch 77/154: Clean accuracy 0.5446 | Adv accuracy: 0.1242 
2025-08-04 20:34:56,692 - ADV_Generation_eps_4.0_steps_100 - INFO - Batch:[77] Adversarial images for this batch already exist
2025-08-04 20:34:57,490 - ADV_Generation_eps_4.0_steps_100 - INFO - Batch 78/154: Clean accuracy 0.5497 | Adv accuracy: 0.1290 
2025-08-04 20:34:57,501 - ADV_Generation_eps_4.0_steps_100 - INFO - Batch:[78] Adversarial images for this batch already exist
2025-08-04 20:34:58,189 - ADV_Generation_eps_4.0_steps_100 - INFO - Batch 79/154: Clean accuracy 0.5538 | Adv accuracy: 0.1305 
2025-08-04 20:34:58,199 - ADV_Generation_eps_4.0_steps_100 - INFO - Batch:[79] Adversarial images for this batch already exist
2025-08-04 20:34:59,035 - ADV_Generation_eps_4.0_steps_100 - INFO - Batch 80/154: Clean accuracy 0.5578 | Adv accuracy: 0.1359 
2025-08-04 20:34:59,045 - ADV_Generation_eps_4.0_steps_100 - INFO - Batch:[80] Adversarial images for this batch already exist
2025-08-04 20:34:59,794 - ADV_Generation_eps_4.0_steps_100 - INFO - Batch 81/154: Clean accuracy 0.5571 | Adv accuracy: 0.1343 
2025-08-04 20:34:59,804 - ADV_Generation_eps_4.0_steps_100 - INFO - Batch:[81] Adversarial images for this batch already exist
2025-08-04 20:35:00,503 - ADV_Generation_eps_4.0_steps_100 - INFO - Batch 82/154: Clean accuracy 0.5541 | Adv accuracy: 0.1326 
2025-08-04 20:35:00,514 - ADV_Generation_eps_4.0_steps_100 - INFO - Batch:[82] Adversarial images for this batch already exist
2025-08-04 20:35:01,232 - ADV_Generation_eps_4.0_steps_100 - INFO - Batch 83/154: Clean accuracy 0.5497 | Adv accuracy: 0.1310 
2025-08-04 20:35:01,242 - ADV_Generation_eps_4.0_steps_100 - INFO - Batch:[83] Adversarial images for this batch already exist
2025-08-04 20:35:01,972 - ADV_Generation_eps_4.0_steps_100 - INFO - Batch 84/154: Clean accuracy 0.5476 | Adv accuracy: 0.1295 
2025-08-04 20:35:01,982 - ADV_Generation_eps_4.0_steps_100 - INFO - Batch:[84] Adversarial images for this batch already exist
2025-08-04 20:35:03,126 - ADV_Generation_eps_4.0_steps_100 - INFO - Batch 85/154: Clean accuracy 0.5500 | Adv accuracy: 0.1309 
2025-08-04 20:35:03,136 - ADV_Generation_eps_4.0_steps_100 - INFO - Batch:[85] Adversarial images for this batch already exist
2025-08-04 20:35:03,811 - ADV_Generation_eps_4.0_steps_100 - INFO - Batch 86/154: Clean accuracy 0.5545 | Adv accuracy: 0.1330 
2025-08-04 20:35:03,822 - ADV_Generation_eps_4.0_steps_100 - INFO - Batch:[86] Adversarial images for this batch already exist
2025-08-04 20:35:04,616 - ADV_Generation_eps_4.0_steps_100 - INFO - Batch 87/154: Clean accuracy 0.5539 | Adv accuracy: 0.1315 
2025-08-04 20:35:04,626 - ADV_Generation_eps_4.0_steps_100 - INFO - Batch:[87] Adversarial images for this batch already exist
2025-08-04 20:35:05,312 - ADV_Generation_eps_4.0_steps_100 - INFO - Batch 88/154: Clean accuracy 0.5561 | Adv accuracy: 0.1357 
2025-08-04 20:35:05,322 - ADV_Generation_eps_4.0_steps_100 - INFO - Batch:[88] Adversarial images for this batch already exist
2025-08-04 20:35:06,094 - ADV_Generation_eps_4.0_steps_100 - INFO - Batch 89/154: Clean accuracy 0.5548 | Adv accuracy: 0.1369 
2025-08-04 20:35:06,104 - ADV_Generation_eps_4.0_steps_100 - INFO - Batch:[89] Adversarial images for this batch already exist
2025-08-04 20:35:06,851 - ADV_Generation_eps_4.0_steps_100 - INFO - Batch 90/154: Clean accuracy 0.5493 | Adv accuracy: 0.1354 
2025-08-04 20:35:06,862 - ADV_Generation_eps_4.0_steps_100 - INFO - Batch:[90] Adversarial images for this batch already exist
2025-08-04 20:35:07,606 - ADV_Generation_eps_4.0_steps_100 - INFO - Batch 91/154: Clean accuracy 0.5488 | Adv accuracy: 0.1346 
2025-08-04 20:35:07,645 - ADV_Generation_eps_4.0_steps_100 - INFO - Batch:[91] Adversarial images for this batch already exist
2025-08-04 20:35:08,453 - ADV_Generation_eps_4.0_steps_100 - INFO - Batch 92/154: Clean accuracy 0.5489 | Adv accuracy: 0.1338 
2025-08-04 20:35:08,464 - ADV_Generation_eps_4.0_steps_100 - INFO - Batch:[92] Adversarial images for this batch already exist
2025-08-04 20:35:09,234 - ADV_Generation_eps_4.0_steps_100 - INFO - Batch 93/154: Clean accuracy 0.5484 | Adv accuracy: 0.1331 
2025-08-04 20:35:09,245 - ADV_Generation_eps_4.0_steps_100 - INFO - Batch:[93] Adversarial images for this batch already exist
2025-08-04 20:35:10,153 - ADV_Generation_eps_4.0_steps_100 - INFO - Batch 94/154: Clean accuracy 0.5485 | Adv accuracy: 0.1330 
2025-08-04 20:35:10,164 - ADV_Generation_eps_4.0_steps_100 - INFO - Batch:[94] Adversarial images for this batch already exist
2025-08-04 20:35:10,868 - ADV_Generation_eps_4.0_steps_100 - INFO - Batch 95/154: Clean accuracy 0.5507 | Adv accuracy: 0.1316 
2025-08-04 20:35:10,895 - ADV_Generation_eps_4.0_steps_100 - INFO - Batch:[95] Adversarial images for this batch already exist
2025-08-04 20:35:11,617 - ADV_Generation_eps_4.0_steps_100 - INFO - Batch 96/154: Clean accuracy 0.5527 | Adv accuracy: 0.1302 
2025-08-04 20:35:11,627 - ADV_Generation_eps_4.0_steps_100 - INFO - Batch:[96] Adversarial images for this batch already exist
2025-08-04 20:35:12,355 - ADV_Generation_eps_4.0_steps_100 - INFO - Batch 97/154: Clean accuracy 0.5509 | Adv accuracy: 0.1289 
2025-08-04 20:35:12,366 - ADV_Generation_eps_4.0_steps_100 - INFO - Batch:[97] Adversarial images for this batch already exist
2025-08-04 20:35:13,082 - ADV_Generation_eps_4.0_steps_100 - INFO - Batch 98/154: Clean accuracy 0.5491 | Adv accuracy: 0.1276 
2025-08-04 20:35:13,092 - ADV_Generation_eps_4.0_steps_100 - INFO - Batch:[98] Adversarial images for this batch already exist
2025-08-04 20:35:13,816 - ADV_Generation_eps_4.0_steps_100 - INFO - Batch 99/154: Clean accuracy 0.5480 | Adv accuracy: 0.1263 
2025-08-04 20:35:13,826 - ADV_Generation_eps_4.0_steps_100 - INFO - Batch:[99] Adversarial images for this batch already exist
2025-08-04 20:35:14,666 - ADV_Generation_eps_4.0_steps_100 - INFO - Batch 100/154: Clean accuracy 0.5450 | Adv accuracy: 0.1250 
2025-08-04 20:35:14,676 - ADV_Generation_eps_4.0_steps_100 - INFO - Batch:[100] Adversarial images for this batch already exist
2025-08-04 20:35:15,506 - ADV_Generation_eps_4.0_steps_100 - INFO - Batch 101/154: Clean accuracy 0.5415 | Adv accuracy: 0.1238 
2025-08-04 20:35:15,519 - ADV_Generation_eps_4.0_steps_100 - INFO - Batch:[101] Adversarial images for this batch already exist
2025-08-04 20:35:16,256 - ADV_Generation_eps_4.0_steps_100 - INFO - Batch 102/154: Clean accuracy 0.5453 | Adv accuracy: 0.1256 
2025-08-04 20:35:16,266 - ADV_Generation_eps_4.0_steps_100 - INFO - Batch:[102] Adversarial images for this batch already exist
2025-08-04 20:35:16,944 - ADV_Generation_eps_4.0_steps_100 - INFO - Batch 103/154: Clean accuracy 0.5485 | Adv accuracy: 0.1292 
2025-08-04 20:35:16,954 - ADV_Generation_eps_4.0_steps_100 - INFO - Batch:[103] Adversarial images for this batch already exist
2025-08-04 20:35:17,658 - ADV_Generation_eps_4.0_steps_100 - INFO - Batch 104/154: Clean accuracy 0.5499 | Adv accuracy: 0.1280 
2025-08-04 20:35:17,669 - ADV_Generation_eps_4.0_steps_100 - INFO - Batch:[104] Adversarial images for this batch already exist
2025-08-04 20:35:18,387 - ADV_Generation_eps_4.0_steps_100 - INFO - Batch 105/154: Clean accuracy 0.5536 | Adv accuracy: 0.1304 
2025-08-04 20:35:18,398 - ADV_Generation_eps_4.0_steps_100 - INFO - Batch:[105] Adversarial images for this batch already exist
2025-08-04 20:35:19,058 - ADV_Generation_eps_4.0_steps_100 - INFO - Batch 106/154: Clean accuracy 0.5560 | Adv accuracy: 0.1321 
2025-08-04 20:35:19,068 - ADV_Generation_eps_4.0_steps_100 - INFO - Batch:[106] Adversarial images for this batch already exist
2025-08-04 20:35:19,754 - ADV_Generation_eps_4.0_steps_100 - INFO - Batch 107/154: Clean accuracy 0.5555 | Adv accuracy: 0.1308 
2025-08-04 20:35:19,765 - ADV_Generation_eps_4.0_steps_100 - INFO - Batch:[107] Adversarial images for this batch already exist
2025-08-04 20:35:20,456 - ADV_Generation_eps_4.0_steps_100 - INFO - Batch 108/154: Clean accuracy 0.5584 | Adv accuracy: 0.1337 
2025-08-04 20:35:20,467 - ADV_Generation_eps_4.0_steps_100 - INFO - Batch:[108] Adversarial images for this batch already exist
2025-08-04 20:35:21,264 - ADV_Generation_eps_4.0_steps_100 - INFO - Batch 109/154: Clean accuracy 0.5573 | Adv accuracy: 0.1336 
2025-08-04 20:35:21,275 - ADV_Generation_eps_4.0_steps_100 - INFO - Batch:[109] Adversarial images for this batch already exist
2025-08-04 20:35:21,977 - ADV_Generation_eps_4.0_steps_100 - INFO - Batch 110/154: Clean accuracy 0.5528 | Adv accuracy: 0.1324 
2025-08-04 20:35:21,987 - ADV_Generation_eps_4.0_steps_100 - INFO - Batch:[110] Adversarial images for this batch already exist
2025-08-04 20:35:22,763 - ADV_Generation_eps_4.0_steps_100 - INFO - Batch 111/154: Clean accuracy 0.5541 | Adv accuracy: 0.1374 
2025-08-04 20:35:22,773 - ADV_Generation_eps_4.0_steps_100 - INFO - Batch:[111] Adversarial images for this batch already exist
2025-08-04 20:35:23,481 - ADV_Generation_eps_4.0_steps_100 - INFO - Batch 112/154: Clean accuracy 0.5536 | Adv accuracy: 0.1390 
2025-08-04 20:35:23,491 - ADV_Generation_eps_4.0_steps_100 - INFO - Batch:[112] Adversarial images for this batch already exist
2025-08-04 20:35:24,187 - ADV_Generation_eps_4.0_steps_100 - INFO - Batch 113/154: Clean accuracy 0.5559 | Adv accuracy: 0.1399 
2025-08-04 20:35:24,198 - ADV_Generation_eps_4.0_steps_100 - INFO - Batch:[113] Adversarial images for this batch already exist
2025-08-04 20:35:24,863 - ADV_Generation_eps_4.0_steps_100 - INFO - Batch 114/154: Clean accuracy 0.5532 | Adv accuracy: 0.1404 
2025-08-04 20:35:24,873 - ADV_Generation_eps_4.0_steps_100 - INFO - Batch:[114] Adversarial images for this batch already exist
2025-08-04 20:35:25,625 - ADV_Generation_eps_4.0_steps_100 - INFO - Batch 115/154: Clean accuracy 0.5554 | Adv accuracy: 0.1462 
2025-08-04 20:35:25,635 - ADV_Generation_eps_4.0_steps_100 - INFO - Batch:[115] Adversarial images for this batch already exist
2025-08-04 20:35:26,393 - ADV_Generation_eps_4.0_steps_100 - INFO - Batch 116/154: Clean accuracy 0.5512 | Adv accuracy: 0.1455 
2025-08-04 20:35:26,405 - ADV_Generation_eps_4.0_steps_100 - INFO - Batch:[116] Adversarial images for this batch already exist
2025-08-04 20:35:27,093 - ADV_Generation_eps_4.0_steps_100 - INFO - Batch 117/154: Clean accuracy 0.5465 | Adv accuracy: 0.1442 
2025-08-04 20:35:27,103 - ADV_Generation_eps_4.0_steps_100 - INFO - Batch:[117] Adversarial images for this batch already exist
2025-08-04 20:35:27,793 - ADV_Generation_eps_4.0_steps_100 - INFO - Batch 118/154: Clean accuracy 0.5503 | Adv accuracy: 0.1472 
2025-08-04 20:35:27,803 - ADV_Generation_eps_4.0_steps_100 - INFO - Batch:[118] Adversarial images for this batch already exist
2025-08-04 20:35:28,524 - ADV_Generation_eps_4.0_steps_100 - INFO - Batch 119/154: Clean accuracy 0.5515 | Adv accuracy: 0.1465 
2025-08-04 20:35:28,534 - ADV_Generation_eps_4.0_steps_100 - INFO - Batch:[119] Adversarial images for this batch already exist
2025-08-04 20:35:29,291 - ADV_Generation_eps_4.0_steps_100 - INFO - Batch 120/154: Clean accuracy 0.5542 | Adv accuracy: 0.1495 
2025-08-04 20:35:29,302 - ADV_Generation_eps_4.0_steps_100 - INFO - Batch:[120] Adversarial images for this batch already exist
2025-08-04 20:35:29,958 - ADV_Generation_eps_4.0_steps_100 - INFO - Batch 121/154: Clean accuracy 0.5573 | Adv accuracy: 0.1524 
2025-08-04 20:35:29,969 - ADV_Generation_eps_4.0_steps_100 - INFO - Batch:[121] Adversarial images for this batch already exist
2025-08-04 20:35:30,648 - ADV_Generation_eps_4.0_steps_100 - INFO - Batch 122/154: Clean accuracy 0.5599 | Adv accuracy: 0.1527 
2025-08-04 20:35:30,657 - ADV_Generation_eps_4.0_steps_100 - INFO - Batch:[122] Adversarial images for this batch already exist
2025-08-04 20:35:31,344 - ADV_Generation_eps_4.0_steps_100 - INFO - Batch 123/154: Clean accuracy 0.5605 | Adv accuracy: 0.1519 
2025-08-04 20:35:31,355 - ADV_Generation_eps_4.0_steps_100 - INFO - Batch:[123] Adversarial images for this batch already exist
2025-08-04 20:35:32,217 - ADV_Generation_eps_4.0_steps_100 - INFO - Batch 124/154: Clean accuracy 0.5635 | Adv accuracy: 0.1542 
2025-08-04 20:35:32,233 - ADV_Generation_eps_4.0_steps_100 - INFO - Batch:[124] Adversarial images for this batch already exist
2025-08-04 20:35:32,919 - ADV_Generation_eps_4.0_steps_100 - INFO - Batch 125/154: Clean accuracy 0.5665 | Adv accuracy: 0.1590 
2025-08-04 20:35:32,930 - ADV_Generation_eps_4.0_steps_100 - INFO - Batch:[125] Adversarial images for this batch already exist
2025-08-04 20:35:33,639 - ADV_Generation_eps_4.0_steps_100 - INFO - Batch 126/154: Clean accuracy 0.5665 | Adv accuracy: 0.1582 
2025-08-04 20:35:33,650 - ADV_Generation_eps_4.0_steps_100 - INFO - Batch:[126] Adversarial images for this batch already exist
2025-08-04 20:35:34,413 - ADV_Generation_eps_4.0_steps_100 - INFO - Batch 127/154: Clean accuracy 0.5659 | Adv accuracy: 0.1585 
2025-08-04 20:35:34,426 - ADV_Generation_eps_4.0_steps_100 - INFO - Batch:[127] Adversarial images for this batch already exist
2025-08-04 20:35:35,374 - ADV_Generation_eps_4.0_steps_100 - INFO - Batch 128/154: Clean accuracy 0.5693 | Adv accuracy: 0.1592 
2025-08-04 20:35:35,384 - ADV_Generation_eps_4.0_steps_100 - INFO - Batch:[128] Adversarial images for this batch already exist
2025-08-04 20:35:36,153 - ADV_Generation_eps_4.0_steps_100 - INFO - Batch 129/154: Clean accuracy 0.5703 | Adv accuracy: 0.1594 
2025-08-04 20:35:36,164 - ADV_Generation_eps_4.0_steps_100 - INFO - Batch:[129] Adversarial images for this batch already exist
2025-08-04 20:35:36,884 - ADV_Generation_eps_4.0_steps_100 - INFO - Batch 130/154: Clean accuracy 0.5707 | Adv accuracy: 0.1620 
2025-08-04 20:35:36,895 - ADV_Generation_eps_4.0_steps_100 - INFO - Batch:[130] Adversarial images for this batch already exist
2025-08-04 20:35:37,593 - ADV_Generation_eps_4.0_steps_100 - INFO - Batch 131/154: Clean accuracy 0.5692 | Adv accuracy: 0.1608 
2025-08-04 20:35:37,604 - ADV_Generation_eps_4.0_steps_100 - INFO - Batch:[131] Adversarial images for this batch already exist
2025-08-04 20:35:38,274 - ADV_Generation_eps_4.0_steps_100 - INFO - Batch 132/154: Clean accuracy 0.5696 | Adv accuracy: 0.1605 
2025-08-04 20:35:38,284 - ADV_Generation_eps_4.0_steps_100 - INFO - Batch:[132] Adversarial images for this batch already exist
2025-08-04 20:35:38,964 - ADV_Generation_eps_4.0_steps_100 - INFO - Batch 133/154: Clean accuracy 0.5700 | Adv accuracy: 0.1598 
2025-08-04 20:35:38,974 - ADV_Generation_eps_4.0_steps_100 - INFO - Batch:[133] Adversarial images for this batch already exist
2025-08-04 20:35:39,761 - ADV_Generation_eps_4.0_steps_100 - INFO - Batch 134/154: Clean accuracy 0.5690 | Adv accuracy: 0.1600 
2025-08-04 20:35:39,771 - ADV_Generation_eps_4.0_steps_100 - INFO - Batch:[134] Adversarial images for this batch already exist
2025-08-04 20:35:40,468 - ADV_Generation_eps_4.0_steps_100 - INFO - Batch 135/154: Clean accuracy 0.5718 | Adv accuracy: 0.1616 
2025-08-04 20:35:40,479 - ADV_Generation_eps_4.0_steps_100 - INFO - Batch:[135] Adversarial images for this batch already exist
2025-08-04 20:35:41,269 - ADV_Generation_eps_4.0_steps_100 - INFO - Batch 136/154: Clean accuracy 0.5694 | Adv accuracy: 0.1622 
2025-08-04 20:35:41,279 - ADV_Generation_eps_4.0_steps_100 - INFO - Batch:[136] Adversarial images for this batch already exist
2025-08-04 20:35:42,017 - ADV_Generation_eps_4.0_steps_100 - INFO - Batch 137/154: Clean accuracy 0.5703 | Adv accuracy: 0.1629 
2025-08-04 20:35:42,028 - ADV_Generation_eps_4.0_steps_100 - INFO - Batch:[137] Adversarial images for this batch already exist
2025-08-04 20:35:42,852 - ADV_Generation_eps_4.0_steps_100 - INFO - Batch 138/154: Clean accuracy 0.5711 | Adv accuracy: 0.1626 
2025-08-04 20:35:42,862 - ADV_Generation_eps_4.0_steps_100 - INFO - Batch:[138] Adversarial images for this batch already exist
2025-08-04 20:35:43,576 - ADV_Generation_eps_4.0_steps_100 - INFO - Batch 139/154: Clean accuracy 0.5737 | Adv accuracy: 0.1650 
2025-08-04 20:35:43,587 - ADV_Generation_eps_4.0_steps_100 - INFO - Batch:[139] Adversarial images for this batch already exist
2025-08-04 20:35:44,297 - ADV_Generation_eps_4.0_steps_100 - INFO - Batch 140/154: Clean accuracy 0.5705 | Adv accuracy: 0.1638 
2025-08-04 20:35:44,307 - ADV_Generation_eps_4.0_steps_100 - INFO - Batch:[140] Adversarial images for this batch already exist
2025-08-04 20:35:45,088 - ADV_Generation_eps_4.0_steps_100 - INFO - Batch 141/154: Clean accuracy 0.5727 | Adv accuracy: 0.1649 
2025-08-04 20:35:45,106 - ADV_Generation_eps_4.0_steps_100 - INFO - Batch:[141] Adversarial images for this batch already exist
2025-08-04 20:35:45,768 - ADV_Generation_eps_4.0_steps_100 - INFO - Batch 142/154: Clean accuracy 0.5748 | Adv accuracy: 0.1659 
2025-08-04 20:35:45,778 - ADV_Generation_eps_4.0_steps_100 - INFO - Batch:[142] Adversarial images for this batch already exist
2025-08-04 20:35:46,609 - ADV_Generation_eps_4.0_steps_100 - INFO - Batch 143/154: Clean accuracy 0.5778 | Adv accuracy: 0.1665 
2025-08-04 20:35:46,620 - ADV_Generation_eps_4.0_steps_100 - INFO - Batch:[143] Adversarial images for this batch already exist
2025-08-04 20:35:47,412 - ADV_Generation_eps_4.0_steps_100 - INFO - Batch 144/154: Clean accuracy 0.5747 | Adv accuracy: 0.1658 
2025-08-04 20:35:47,422 - ADV_Generation_eps_4.0_steps_100 - INFO - Batch:[144] Adversarial images for this batch already exist
2025-08-04 20:35:48,084 - ADV_Generation_eps_4.0_steps_100 - INFO - Batch 145/154: Clean accuracy 0.5728 | Adv accuracy: 0.1647 
2025-08-04 20:35:48,094 - ADV_Generation_eps_4.0_steps_100 - INFO - Batch:[145] Adversarial images for this batch already exist
2025-08-04 20:35:48,811 - ADV_Generation_eps_4.0_steps_100 - INFO - Batch 146/154: Clean accuracy 0.5728 | Adv accuracy: 0.1644 
2025-08-04 20:35:48,822 - ADV_Generation_eps_4.0_steps_100 - INFO - Batch:[146] Adversarial images for this batch already exist
2025-08-04 20:35:49,575 - ADV_Generation_eps_4.0_steps_100 - INFO - Batch 147/154: Clean accuracy 0.5731 | Adv accuracy: 0.1641 
2025-08-04 20:35:49,585 - ADV_Generation_eps_4.0_steps_100 - INFO - Batch:[147] Adversarial images for this batch already exist
2025-08-04 20:35:50,375 - ADV_Generation_eps_4.0_steps_100 - INFO - Batch 148/154: Clean accuracy 0.5701 | Adv accuracy: 0.1630 
2025-08-04 20:35:50,409 - ADV_Generation_eps_4.0_steps_100 - INFO - Batch:[148] Adversarial images for this batch already exist
2025-08-04 20:35:51,110 - ADV_Generation_eps_4.0_steps_100 - INFO - Batch 149/154: Clean accuracy 0.5667 | Adv accuracy: 0.1619 
2025-08-04 20:35:51,120 - ADV_Generation_eps_4.0_steps_100 - INFO - Batch:[149] Adversarial images for this batch already exist
2025-08-04 20:35:51,929 - ADV_Generation_eps_4.0_steps_100 - INFO - Batch 150/154: Clean accuracy 0.5637 | Adv accuracy: 0.1608 
2025-08-04 20:35:51,939 - ADV_Generation_eps_4.0_steps_100 - INFO - Batch:[150] Adversarial images for this batch already exist
2025-08-04 20:35:52,661 - ADV_Generation_eps_4.0_steps_100 - INFO - Batch 151/154: Clean accuracy 0.5629 | Adv accuracy: 0.1602 
2025-08-04 20:35:52,672 - ADV_Generation_eps_4.0_steps_100 - INFO - Batch:[151] Adversarial images for this batch already exist
2025-08-04 20:35:53,413 - ADV_Generation_eps_4.0_steps_100 - INFO - Batch 152/154: Clean accuracy 0.5641 | Adv accuracy: 0.1616 
2025-08-04 20:35:53,423 - ADV_Generation_eps_4.0_steps_100 - INFO - Batch:[152] Adversarial images for this batch already exist
2025-08-04 20:35:54,118 - ADV_Generation_eps_4.0_steps_100 - INFO - Batch 153/154: Clean accuracy 0.5633 | Adv accuracy: 0.1605 
2025-08-04 20:35:54,128 - ADV_Generation_eps_4.0_steps_100 - INFO - Batch:[153] Adversarial images for this batch already exist
2025-08-04 20:35:54,781 - ADV_Generation_eps_4.0_steps_100 - INFO - Batch 154/154: Clean accuracy 0.5639 | Adv accuracy: 0.1600 
2025-08-04 20:35:54,820 - ADV_Generation_eps_4.0_steps_100 - INFO - Original accuracy: 0.5639
2025-08-04 20:35:54,821 - ADV_Generation_eps_4.0_steps_100 - INFO - Adversarial accuracy: 0.1600
2025-08-04 20:35:54,822 - ADV_Generation_eps_4.0_steps_100 - INFO - Adversarial image generation completed. Results
