2026-02-12 09:02:47,180 - ADV_Generation_eps_4.0_steps_100_Added_Noise_uniform_Eps_24.0_Tau_Type_normal_anchors_num_anchors_10 - INFO - ==========================================
data:/leonardo_work/EUHPC_R04_192/fmohamma/Adversarial_Robust_Clip/atpt_data/downstream_datasets
test_sets:Flower102
dataset_mode:test
arch:fare4
resolution:224
transferability:False
source_model:fare4
workers:4
no_pin_memory:False
batch_size:1
adv_bs:1
print_freq:20
gpu:0
no_cudnn_benchmark:False
n_ctx:4
ctx_init:a_photo_of_a
seed:0
output_dir:/leonardo_work/EUHPC_R04_192/fmohamma/Adversarial_Robust_Clip/atpt_data/fare4/Flower102
log_output_dir:/leonardo_work/EUHPC_R04_192/fmohamma/Adversarial_Robust_Clip/ATPT/Diffratio_v3/fare4/Flower102/ADV_Generation_eps_4.0_steps_100_Added_Noise_uniform_Eps_24.0_Tau_Type_normal_anchors_num_anchors_10
image_only_attack:False
image_only_attack_type:prm
image_predicted_label_attack:False
eps:4.0
alpha:1.0
alpha_eps_ratio:4.0
steps:100
counter_attack:True
counter_attack_type:pgd
counter_attack_steps:0
counter_attack_eps:24.0
counter_attack_alpha:1.0
counter_attack_tau_thres:0.2
counter_attack_beta:2.0
counter_attack_weighted_perturbations:True
counter_attack_init_noise:uniform
counter_attack_gaussian_sigma:0.03
counter_attack_noisy_tau_num_anchors:10
counter_attack_tau:normal_anchors
pgd_clip_pure_i_text_embeddings:null
pgd_counter_and_clipure_i_lamda:1.0
image_feature_purify:False
image_feature_purify_type:noisy_anchor
image_feature_purify_noisy_anchors:10
image_feature_purify_anchors_alpha:1.2
image_feature_purify_noisy_sigma:0.18
image_feature_purify_diff_threshold:0.0
image_feature_clipure_steps:10
image_feature_clipure_step_size:10.0
save_plots:False
lr:0.005
selection_p:0.1
tta_steps:1
top_k:20
softmax_temp:0.01
load_tecoa:

2026-02-12 09:02:47,180 - ADV_Generation_eps_4.0_steps_100_Added_Noise_uniform_Eps_24.0_Tau_Type_normal_anchors_num_anchors_10 - INFO - Use GPU: 0 for training
2026-02-12 09:05:11,173 - ADV_Generation_eps_4.0_steps_100_Added_Noise_uniform_Eps_24.0_Tau_Type_normal_anchors_num_anchors_10 - INFO - => Model created: visual backbone fare4
2026-02-12 09:05:11,179 - ADV_Generation_eps_4.0_steps_100_Added_Noise_uniform_Eps_24.0_Tau_Type_normal_anchors_num_anchors_10 - INFO - Number of test samples: 2463
2026-02-12 09:05:11,180 - ADV_Generation_eps_4.0_steps_100_Added_Noise_uniform_Eps_24.0_Tau_Type_normal_anchors_num_anchors_10 - INFO - Evaluating dataset: Flower102
2026-02-12 09:05:11,181 - ADV_Generation_eps_4.0_steps_100_Added_Noise_uniform_Eps_24.0_Tau_Type_normal_anchors_num_anchors_10 - INFO - Starting evaluation with batch size: 1, selection percentage: 0.1
2026-02-12 09:05:11,181 - ADV_Generation_eps_4.0_steps_100_Added_Noise_uniform_Eps_24.0_Tau_Type_normal_anchors_num_anchors_10 - INFO - Using counter-attack with epsilon: 24.000000, alpha: 1.000000, steps: 0
2026-02-12 09:05:11,181 - ADV_Generation_eps_4.0_steps_100_Added_Noise_uniform_Eps_24.0_Tau_Type_normal_anchors_num_anchors_10 - INFO - Adversarial examples will be loaded from /leonardo_work/EUHPC_R04_192/fmohamma/Adversarial_Robust_Clip/atpt_data/fare4/Flower102/adv_images_eps_4.0_alpha_1.0_steps_100 and evaluated on fare4
2026-02-12 09:05:11,181 - ADV_Generation_eps_4.0_steps_100_Added_Noise_uniform_Eps_24.0_Tau_Type_normal_anchors_num_anchors_10 - INFO - Using directory for adversarial images: /leonardo_work/EUHPC_R04_192/fmohamma/Adversarial_Robust_Clip/atpt_data/fare4/Flower102/adv_images_eps_4.0_alpha_1.0_steps_100
2026-02-12 09:05:11,475 - ADV_Generation_eps_4.0_steps_100_Added_Noise_uniform_Eps_24.0_Tau_Type_normal_anchors_num_anchors_10 - INFO - Batch:[0] Adversarial images for this batch already exist
2026-02-12 09:05:12,012 - ADV_Generation_eps_4.0_steps_100_Added_Noise_uniform_Eps_24.0_Tau_Type_normal_anchors_num_anchors_10 - INFO - Batch 1/2463: Clean accuracy 1.0000 | Adv accuracy: 0.0000 | Counter-attack accuracy: 0.0000
2026-02-12 09:05:12,012 - ADV_Generation_eps_4.0_steps_100_Added_Noise_uniform_Eps_24.0_Tau_Type_normal_anchors_num_anchors_10 - INFO - Batch:[1] Adversarial images for this batch already exist
2026-02-12 09:05:12,342 - ADV_Generation_eps_4.0_steps_100_Added_Noise_uniform_Eps_24.0_Tau_Type_normal_anchors_num_anchors_10 - INFO - Batch 2/2463: Clean accuracy 0.5000 | Adv accuracy: 0.0000 | Counter-attack accuracy: 0.0000
2026-02-12 09:05:12,342 - ADV_Generation_eps_4.0_steps_100_Added_Noise_uniform_Eps_24.0_Tau_Type_normal_anchors_num_anchors_10 - INFO - Batch:[2] Adversarial images for this batch already exist
2026-02-12 09:05:12,669 - ADV_Generation_eps_4.0_steps_100_Added_Noise_uniform_Eps_24.0_Tau_Type_normal_anchors_num_anchors_10 - INFO - Batch 3/2463: Clean accuracy 0.6667 | Adv accuracy: 0.0000 | Counter-attack accuracy: 0.0000
2026-02-12 09:05:12,670 - ADV_Generation_eps_4.0_steps_100_Added_Noise_uniform_Eps_24.0_Tau_Type_normal_anchors_num_anchors_10 - INFO - Batch:[3] Adversarial images for this batch already exist
2026-02-12 09:05:12,998 - ADV_Generation_eps_4.0_steps_100_Added_Noise_uniform_Eps_24.0_Tau_Type_normal_anchors_num_anchors_10 - INFO - Batch 4/2463: Clean accuracy 0.7500 | Adv accuracy: 0.0000 | Counter-attack accuracy: 0.0000
2026-02-12 09:05:12,999 - ADV_Generation_eps_4.0_steps_100_Added_Noise_uniform_Eps_24.0_Tau_Type_normal_anchors_num_anchors_10 - INFO - Batch:[4] Adversarial images for this batch already exist
2026-02-12 09:05:13,326 - ADV_Generation_eps_4.0_steps_100_Added_Noise_uniform_Eps_24.0_Tau_Type_normal_anchors_num_anchors_10 - INFO - Batch 5/2463: Clean accuracy 0.8000 | Adv accuracy: 0.2000 | Counter-attack accuracy: 0.2000
2026-02-12 09:05:13,327 - ADV_Generation_eps_4.0_steps_100_Added_Noise_uniform_Eps_24.0_Tau_Type_normal_anchors_num_anchors_10 - INFO - Batch:[5] Adversarial images for this batch already exist
2026-02-12 09:05:13,654 - ADV_Generation_eps_4.0_steps_100_Added_Noise_uniform_Eps_24.0_Tau_Type_normal_anchors_num_anchors_10 - INFO - Batch 6/2463: Clean accuracy 0.6667 | Adv accuracy: 0.1667 | Counter-attack accuracy: 0.1667
2026-02-12 09:05:13,655 - ADV_Generation_eps_4.0_steps_100_Added_Noise_uniform_Eps_24.0_Tau_Type_normal_anchors_num_anchors_10 - INFO - Batch:[6] Adversarial images for this batch already exist
2026-02-12 09:05:13,985 - ADV_Generation_eps_4.0_steps_100_Added_Noise_uniform_Eps_24.0_Tau_Type_normal_anchors_num_anchors_10 - INFO - Batch 7/2463: Clean accuracy 0.5714 | Adv accuracy: 0.1429 | Counter-attack accuracy: 0.1429
2026-02-12 09:05:13,985 - ADV_Generation_eps_4.0_steps_100_Added_Noise_uniform_Eps_24.0_Tau_Type_normal_anchors_num_anchors_10 - INFO - Batch:[7] Adversarial images for this batch already exist
2026-02-12 09:05:14,312 - ADV_Generation_eps_4.0_steps_100_Added_Noise_uniform_Eps_24.0_Tau_Type_normal_anchors_num_anchors_10 - INFO - Batch 8/2463: Clean accuracy 0.6250 | Adv accuracy: 0.1250 | Counter-attack accuracy: 0.1250
2026-02-12 09:05:14,313 - ADV_Generation_eps_4.0_steps_100_Added_Noise_uniform_Eps_24.0_Tau_Type_normal_anchors_num_anchors_10 - INFO - Batch:[8] Adversarial images for this batch already exist
2026-02-12 09:05:14,641 - ADV_Generation_eps_4.0_steps_100_Added_Noise_uniform_Eps_24.0_Tau_Type_normal_anchors_num_anchors_10 - INFO - Batch 9/2463: Clean accuracy 0.6667 | Adv accuracy: 0.1111 | Counter-attack accuracy: 0.1111
2026-02-12 09:05:14,641 - ADV_Generation_eps_4.0_steps_100_Added_Noise_uniform_Eps_24.0_Tau_Type_normal_anchors_num_anchors_10 - INFO - Batch:[9] Adversarial images for this batch already exist
2026-02-12 09:05:14,970 - ADV_Generation_eps_4.0_steps_100_Added_Noise_uniform_Eps_24.0_Tau_Type_normal_anchors_num_anchors_10 - INFO - Batch 10/2463: Clean accuracy 0.7000 | Adv accuracy: 0.1000 | Counter-attack accuracy: 0.1000
2026-02-12 09:05:14,970 - ADV_Generation_eps_4.0_steps_100_Added_Noise_uniform_Eps_24.0_Tau_Type_normal_anchors_num_anchors_10 - INFO - Batch:[10] Adversarial images for this batch already exist
2026-02-12 09:05:15,298 - ADV_Generation_eps_4.0_steps_100_Added_Noise_uniform_Eps_24.0_Tau_Type_normal_anchors_num_anchors_10 - INFO - Batch 11/2463: Clean accuracy 0.7273 | Adv accuracy: 0.1818 | Counter-attack accuracy: 0.1818
2026-02-12 09:05:15,298 - ADV_Generation_eps_4.0_steps_100_Added_Noise_uniform_Eps_24.0_Tau_Type_normal_anchors_num_anchors_10 - INFO - Batch:[11] Adversarial images for this batch already exist
2026-02-12 09:05:15,625 - ADV_Generation_eps_4.0_steps_100_Added_Noise_uniform_Eps_24.0_Tau_Type_normal_anchors_num_anchors_10 - INFO - Batch 12/2463: Clean accuracy 0.7500 | Adv accuracy: 0.1667 | Counter-attack accuracy: 0.1667
2026-02-12 09:05:15,625 - ADV_Generation_eps_4.0_steps_100_Added_Noise_uniform_Eps_24.0_Tau_Type_normal_anchors_num_anchors_10 - INFO - Batch:[12] Adversarial images for this batch already exist
2026-02-12 09:05:15,953 - ADV_Generation_eps_4.0_steps_100_Added_Noise_uniform_Eps_24.0_Tau_Type_normal_anchors_num_anchors_10 - INFO - Batch 13/2463: Clean accuracy 0.7692 | Adv accuracy: 0.2308 | Counter-attack accuracy: 0.2308
2026-02-12 09:05:15,953 - ADV_Generation_eps_4.0_steps_100_Added_Noise_uniform_Eps_24.0_Tau_Type_normal_anchors_num_anchors_10 - INFO - Batch:[13] Adversarial images for this batch already exist
2026-02-12 09:05:16,283 - ADV_Generation_eps_4.0_steps_100_Added_Noise_uniform_Eps_24.0_Tau_Type_normal_anchors_num_anchors_10 - INFO - Batch 14/2463: Clean accuracy 0.7857 | Adv accuracy: 0.2143 | Counter-attack accuracy: 0.2143
2026-02-12 09:05:16,283 - ADV_Generation_eps_4.0_steps_100_Added_Noise_uniform_Eps_24.0_Tau_Type_normal_anchors_num_anchors_10 - INFO - Batch:[14] Adversarial images for this batch already exist
2026-02-12 09:05:16,610 - ADV_Generation_eps_4.0_steps_100_Added_Noise_uniform_Eps_24.0_Tau_Type_normal_anchors_num_anchors_10 - INFO - Batch 15/2463: Clean accuracy 0.8000 | Adv accuracy: 0.2667 | Counter-attack accuracy: 0.2667
2026-02-12 09:05:16,611 - ADV_Generation_eps_4.0_steps_100_Added_Noise_uniform_Eps_24.0_Tau_Type_normal_anchors_num_anchors_10 - INFO - Batch:[15] Adversarial images for this batch already exist
2026-02-12 09:05:16,938 - ADV_Generation_eps_4.0_steps_100_Added_Noise_uniform_Eps_24.0_Tau_Type_normal_anchors_num_anchors_10 - INFO - Batch 16/2463: Clean accuracy 0.8125 | Adv accuracy: 0.2500 | Counter-attack accuracy: 0.2500
2026-02-12 09:05:16,939 - ADV_Generation_eps_4.0_steps_100_Added_Noise_uniform_Eps_24.0_Tau_Type_normal_anchors_num_anchors_10 - INFO - Batch:[16] Adversarial images for this batch already exist
2026-02-12 09:05:17,262 - ADV_Generation_eps_4.0_steps_100_Added_Noise_uniform_Eps_24.0_Tau_Type_normal_anchors_num_anchors_10 - INFO - Batch 17/2463: Clean accuracy 0.8235 | Adv accuracy: 0.2353 | Counter-attack accuracy: 0.2353
2026-02-12 09:05:17,263 - ADV_Generation_eps_4.0_steps_100_Added_Noise_uniform_Eps_24.0_Tau_Type_normal_anchors_num_anchors_10 - INFO - Batch:[17] Adversarial images for this batch already exist
2026-02-12 09:05:17,590 - ADV_Generation_eps_4.0_steps_100_Added_Noise_uniform_Eps_24.0_Tau_Type_normal_anchors_num_anchors_10 - INFO - Batch 18/2463: Clean accuracy 0.8333 | Adv accuracy: 0.2778 | Counter-attack accuracy: 0.2778
2026-02-12 09:05:17,591 - ADV_Generation_eps_4.0_steps_100_Added_Noise_uniform_Eps_24.0_Tau_Type_normal_anchors_num_anchors_10 - INFO - Batch:[18] Adversarial images for this batch already exist
2026-02-12 09:05:17,917 - ADV_Generation_eps_4.0_steps_100_Added_Noise_uniform_Eps_24.0_Tau_Type_normal_anchors_num_anchors_10 - INFO - Batch 19/2463: Clean accuracy 0.7895 | Adv accuracy: 0.2632 | Counter-attack accuracy: 0.2632
2026-02-12 09:05:17,918 - ADV_Generation_eps_4.0_steps_100_Added_Noise_uniform_Eps_24.0_Tau_Type_normal_anchors_num_anchors_10 - INFO - Batch:[19] Adversarial images for this batch already exist
2026-02-12 09:05:18,242 - ADV_Generation_eps_4.0_steps_100_Added_Noise_uniform_Eps_24.0_Tau_Type_normal_anchors_num_anchors_10 - INFO - Batch 20/2463: Clean accuracy 0.7500 | Adv accuracy: 0.2500 | Counter-attack accuracy: 0.2500
2026-02-12 09:05:18,242 - ADV_Generation_eps_4.0_steps_100_Added_Noise_uniform_Eps_24.0_Tau_Type_normal_anchors_num_anchors_10 - INFO - Batch:[20] Adversarial images for this batch already exist
2026-02-12 09:05:18,569 - ADV_Generation_eps_4.0_steps_100_Added_Noise_uniform_Eps_24.0_Tau_Type_normal_anchors_num_anchors_10 - INFO - Batch 21/2463: Clean accuracy 0.7619 | Adv accuracy: 0.2381 | Counter-attack accuracy: 0.2381
2026-02-12 09:05:18,570 - ADV_Generation_eps_4.0_steps_100_Added_Noise_uniform_Eps_24.0_Tau_Type_normal_anchors_num_anchors_10 - INFO - Batch:[21] Adversarial images for this batch already exist
2026-02-12 09:05:18,897 - ADV_Generation_eps_4.0_steps_100_Added_Noise_uniform_Eps_24.0_Tau_Type_normal_anchors_num_anchors_10 - INFO - Batch 22/2463: Clean accuracy 0.7727 | Adv accuracy: 0.2273 | Counter-attack accuracy: 0.2273
2026-02-12 09:05:18,897 - ADV_Generation_eps_4.0_steps_100_Added_Noise_uniform_Eps_24.0_Tau_Type_normal_anchors_num_anchors_10 - INFO - Batch:[22] Adversarial images for this batch already exist
2026-02-12 09:05:19,220 - ADV_Generation_eps_4.0_steps_100_Added_Noise_uniform_Eps_24.0_Tau_Type_normal_anchors_num_anchors_10 - INFO - Batch 23/2463: Clean accuracy 0.7391 | Adv accuracy: 0.2174 | Counter-attack accuracy: 0.2174
2026-02-12 09:05:19,220 - ADV_Generation_eps_4.0_steps_100_Added_Noise_uniform_Eps_24.0_Tau_Type_normal_anchors_num_anchors_10 - INFO - Batch:[23] Adversarial images for this batch already exist
2026-02-12 09:05:19,548 - ADV_Generation_eps_4.0_steps_100_Added_Noise_uniform_Eps_24.0_Tau_Type_normal_anchors_num_anchors_10 - INFO - Batch 24/2463: Clean accuracy 0.7500 | Adv accuracy: 0.2083 | Counter-attack accuracy: 0.2083
2026-02-12 09:05:19,548 - ADV_Generation_eps_4.0_steps_100_Added_Noise_uniform_Eps_24.0_Tau_Type_normal_anchors_num_anchors_10 - INFO - Batch:[24] Adversarial images for this batch already exist
2026-02-12 09:05:19,872 - ADV_Generation_eps_4.0_steps_100_Added_Noise_uniform_Eps_24.0_Tau_Type_normal_anchors_num_anchors_10 - INFO - Batch 25/2463: Clean accuracy 0.7200 | Adv accuracy: 0.2000 | Counter-attack accuracy: 0.2000
2026-02-12 09:05:19,872 - ADV_Generation_eps_4.0_steps_100_Added_Noise_uniform_Eps_24.0_Tau_Type_normal_anchors_num_anchors_10 - INFO - Batch:[25] Adversarial images for this batch already exist
2026-02-12 09:05:20,195 - ADV_Generation_eps_4.0_steps_100_Added_Noise_uniform_Eps_24.0_Tau_Type_normal_anchors_num_anchors_10 - INFO - Batch 26/2463: Clean accuracy 0.7308 | Adv accuracy: 0.1923 | Counter-attack accuracy: 0.1923
2026-02-12 09:05:20,196 - ADV_Generation_eps_4.0_steps_100_Added_Noise_uniform_Eps_24.0_Tau_Type_normal_anchors_num_anchors_10 - INFO - Batch:[26] Adversarial images for this batch already exist
2026-02-12 09:05:20,523 - ADV_Generation_eps_4.0_steps_100_Added_Noise_uniform_Eps_24.0_Tau_Type_normal_anchors_num_anchors_10 - INFO - Batch 27/2463: Clean accuracy 0.7407 | Adv accuracy: 0.1852 | Counter-attack accuracy: 0.1852
2026-02-12 09:05:20,523 - ADV_Generation_eps_4.0_steps_100_Added_Noise_uniform_Eps_24.0_Tau_Type_normal_anchors_num_anchors_10 - INFO - Batch:[27] Adversarial images for this batch already exist
2026-02-12 09:05:20,851 - ADV_Generation_eps_4.0_steps_100_Added_Noise_uniform_Eps_24.0_Tau_Type_normal_anchors_num_anchors_10 - INFO - Batch 28/2463: Clean accuracy 0.7500 | Adv accuracy: 0.1786 | Counter-attack accuracy: 0.1786
2026-02-12 09:05:20,851 - ADV_Generation_eps_4.0_steps_100_Added_Noise_uniform_Eps_24.0_Tau_Type_normal_anchors_num_anchors_10 - INFO - Batch:[28] Adversarial images for this batch already exist
2026-02-12 09:05:21,175 - ADV_Generation_eps_4.0_steps_100_Added_Noise_uniform_Eps_24.0_Tau_Type_normal_anchors_num_anchors_10 - INFO - Batch 29/2463: Clean accuracy 0.7241 | Adv accuracy: 0.1724 | Counter-attack accuracy: 0.1724
2026-02-12 09:05:21,175 - ADV_Generation_eps_4.0_steps_100_Added_Noise_uniform_Eps_24.0_Tau_Type_normal_anchors_num_anchors_10 - INFO - Batch:[29] Adversarial images for this batch already exist
2026-02-12 09:05:21,502 - ADV_Generation_eps_4.0_steps_100_Added_Noise_uniform_Eps_24.0_Tau_Type_normal_anchors_num_anchors_10 - INFO - Batch 30/2463: Clean accuracy 0.7333 | Adv accuracy: 0.1667 | Counter-attack accuracy: 0.1667
2026-02-12 09:05:21,502 - ADV_Generation_eps_4.0_steps_100_Added_Noise_uniform_Eps_24.0_Tau_Type_normal_anchors_num_anchors_10 - INFO - Batch:[30] Adversarial images for this batch already exist
2026-02-12 09:05:21,830 - ADV_Generation_eps_4.0_steps_100_Added_Noise_uniform_Eps_24.0_Tau_Type_normal_anchors_num_anchors_10 - INFO - Batch 31/2463: Clean accuracy 0.7419 | Adv accuracy: 0.1613 | Counter-attack accuracy: 0.1613
2026-02-12 09:05:21,830 - ADV_Generation_eps_4.0_steps_100_Added_Noise_uniform_Eps_24.0_Tau_Type_normal_anchors_num_anchors_10 - INFO - Batch:[31] Adversarial images for this batch already exist
2026-02-12 09:05:22,158 - ADV_Generation_eps_4.0_steps_100_Added_Noise_uniform_Eps_24.0_Tau_Type_normal_anchors_num_anchors_10 - INFO - Batch 32/2463: Clean accuracy 0.7500 | Adv accuracy: 0.1875 | Counter-attack accuracy: 0.1875
2026-02-12 09:05:22,158 - ADV_Generation_eps_4.0_steps_100_Added_Noise_uniform_Eps_24.0_Tau_Type_normal_anchors_num_anchors_10 - INFO - Batch:[32] Adversarial images for this batch already exist
2026-02-12 09:05:22,488 - ADV_Generation_eps_4.0_steps_100_Added_Noise_uniform_Eps_24.0_Tau_Type_normal_anchors_num_anchors_10 - INFO - Batch 33/2463: Clean accuracy 0.7576 | Adv accuracy: 0.2121 | Counter-attack accuracy: 0.2121
2026-02-12 09:05:22,488 - ADV_Generation_eps_4.0_steps_100_Added_Noise_uniform_Eps_24.0_Tau_Type_normal_anchors_num_anchors_10 - INFO - Batch:[33] Adversarial images for this batch already exist
2026-02-12 09:05:22,815 - ADV_Generation_eps_4.0_steps_100_Added_Noise_uniform_Eps_24.0_Tau_Type_normal_anchors_num_anchors_10 - INFO - Batch 34/2463: Clean accuracy 0.7647 | Adv accuracy: 0.2059 | Counter-attack accuracy: 0.2059
2026-02-12 09:05:22,815 - ADV_Generation_eps_4.0_steps_100_Added_Noise_uniform_Eps_24.0_Tau_Type_normal_anchors_num_anchors_10 - INFO - Batch:[34] Adversarial images for this batch already exist
2026-02-12 09:05:23,143 - ADV_Generation_eps_4.0_steps_100_Added_Noise_uniform_Eps_24.0_Tau_Type_normal_anchors_num_anchors_10 - INFO - Batch 35/2463: Clean accuracy 0.7714 | Adv accuracy: 0.2000 | Counter-attack accuracy: 0.2000
2026-02-12 09:05:23,143 - ADV_Generation_eps_4.0_steps_100_Added_Noise_uniform_Eps_24.0_Tau_Type_normal_anchors_num_anchors_10 - INFO - Batch:[35] Adversarial images for this batch already exist
2026-02-12 09:05:23,471 - ADV_Generation_eps_4.0_steps_100_Added_Noise_uniform_Eps_24.0_Tau_Type_normal_anchors_num_anchors_10 - INFO - Batch 36/2463: Clean accuracy 0.7778 | Adv accuracy: 0.1944 | Counter-attack accuracy: 0.2222
2026-02-12 09:05:23,471 - ADV_Generation_eps_4.0_steps_100_Added_Noise_uniform_Eps_24.0_Tau_Type_normal_anchors_num_anchors_10 - INFO - Batch:[36] Adversarial images for this batch already exist
2026-02-12 09:05:23,798 - ADV_Generation_eps_4.0_steps_100_Added_Noise_uniform_Eps_24.0_Tau_Type_normal_anchors_num_anchors_10 - INFO - Batch 37/2463: Clean accuracy 0.7838 | Adv accuracy: 0.1892 | Counter-attack accuracy: 0.2162
2026-02-12 09:05:23,799 - ADV_Generation_eps_4.0_steps_100_Added_Noise_uniform_Eps_24.0_Tau_Type_normal_anchors_num_anchors_10 - INFO - Batch:[37] Adversarial images for this batch already exist
2026-02-12 09:05:24,122 - ADV_Generation_eps_4.0_steps_100_Added_Noise_uniform_Eps_24.0_Tau_Type_normal_anchors_num_anchors_10 - INFO - Batch 38/2463: Clean accuracy 0.7895 | Adv accuracy: 0.1842 | Counter-attack accuracy: 0.2105
2026-02-12 09:05:24,122 - ADV_Generation_eps_4.0_steps_100_Added_Noise_uniform_Eps_24.0_Tau_Type_normal_anchors_num_anchors_10 - INFO - Batch:[38] Adversarial images for this batch already exist
2026-02-12 09:05:24,449 - ADV_Generation_eps_4.0_steps_100_Added_Noise_uniform_Eps_24.0_Tau_Type_normal_anchors_num_anchors_10 - INFO - Batch 39/2463: Clean accuracy 0.7949 | Adv accuracy: 0.1795 | Counter-attack accuracy: 0.2051
2026-02-12 09:05:24,450 - ADV_Generation_eps_4.0_steps_100_Added_Noise_uniform_Eps_24.0_Tau_Type_normal_anchors_num_anchors_10 - INFO - Batch:[39] Adversarial images for this batch already exist
2026-02-12 09:05:24,777 - ADV_Generation_eps_4.0_steps_100_Added_Noise_uniform_Eps_24.0_Tau_Type_normal_anchors_num_anchors_10 - INFO - Batch 40/2463: Clean accuracy 0.8000 | Adv accuracy: 0.2000 | Counter-attack accuracy: 0.2250
2026-02-12 09:05:24,777 - ADV_Generation_eps_4.0_steps_100_Added_Noise_uniform_Eps_24.0_Tau_Type_normal_anchors_num_anchors_10 - INFO - Batch:[40] Adversarial images for this batch already exist
2026-02-12 09:05:25,105 - ADV_Generation_eps_4.0_steps_100_Added_Noise_uniform_Eps_24.0_Tau_Type_normal_anchors_num_anchors_10 - INFO - Batch 41/2463: Clean accuracy 0.8049 | Adv accuracy: 0.1951 | Counter-attack accuracy: 0.2195
2026-02-12 09:05:25,105 - ADV_Generation_eps_4.0_steps_100_Added_Noise_uniform_Eps_24.0_Tau_Type_normal_anchors_num_anchors_10 - INFO - Batch:[41] Adversarial images for this batch already exist
2026-02-12 09:05:25,432 - ADV_Generation_eps_4.0_steps_100_Added_Noise_uniform_Eps_24.0_Tau_Type_normal_anchors_num_anchors_10 - INFO - Batch 42/2463: Clean accuracy 0.8095 | Adv accuracy: 0.2143 | Counter-attack accuracy: 0.2381
2026-02-12 09:05:25,432 - ADV_Generation_eps_4.0_steps_100_Added_Noise_uniform_Eps_24.0_Tau_Type_normal_anchors_num_anchors_10 - INFO - Batch:[42] Adversarial images for this batch already exist
2026-02-12 09:05:25,760 - ADV_Generation_eps_4.0_steps_100_Added_Noise_uniform_Eps_24.0_Tau_Type_normal_anchors_num_anchors_10 - INFO - Batch 43/2463: Clean accuracy 0.8140 | Adv accuracy: 0.2093 | Counter-attack accuracy: 0.2326
2026-02-12 09:05:25,760 - ADV_Generation_eps_4.0_steps_100_Added_Noise_uniform_Eps_24.0_Tau_Type_normal_anchors_num_anchors_10 - INFO - Batch:[43] Adversarial images for this batch already exist
2026-02-12 09:05:26,083 - ADV_Generation_eps_4.0_steps_100_Added_Noise_uniform_Eps_24.0_Tau_Type_normal_anchors_num_anchors_10 - INFO - Batch 44/2463: Clean accuracy 0.7955 | Adv accuracy: 0.2045 | Counter-attack accuracy: 0.2273
2026-02-12 09:05:26,083 - ADV_Generation_eps_4.0_steps_100_Added_Noise_uniform_Eps_24.0_Tau_Type_normal_anchors_num_anchors_10 - INFO - Batch:[44] Adversarial images for this batch already exist
2026-02-12 09:05:26,407 - ADV_Generation_eps_4.0_steps_100_Added_Noise_uniform_Eps_24.0_Tau_Type_normal_anchors_num_anchors_10 - INFO - Batch 45/2463: Clean accuracy 0.8000 | Adv accuracy: 0.2000 | Counter-attack accuracy: 0.2222
2026-02-12 09:05:26,408 - ADV_Generation_eps_4.0_steps_100_Added_Noise_uniform_Eps_24.0_Tau_Type_normal_anchors_num_anchors_10 - INFO - Batch:[45] Adversarial images for this batch already exist
2026-02-12 09:05:26,735 - ADV_Generation_eps_4.0_steps_100_Added_Noise_uniform_Eps_24.0_Tau_Type_normal_anchors_num_anchors_10 - INFO - Batch 46/2463: Clean accuracy 0.8043 | Adv accuracy: 0.1957 | Counter-attack accuracy: 0.2174
2026-02-12 09:05:26,735 - ADV_Generation_eps_4.0_steps_100_Added_Noise_uniform_Eps_24.0_Tau_Type_normal_anchors_num_anchors_10 - INFO - Batch:[46] Adversarial images for this batch already exist
2026-02-12 09:05:27,067 - ADV_Generation_eps_4.0_steps_100_Added_Noise_uniform_Eps_24.0_Tau_Type_normal_anchors_num_anchors_10 - INFO - Batch 47/2463: Clean accuracy 0.8085 | Adv accuracy: 0.1915 | Counter-attack accuracy: 0.2128
2026-02-12 09:05:27,067 - ADV_Generation_eps_4.0_steps_100_Added_Noise_uniform_Eps_24.0_Tau_Type_normal_anchors_num_anchors_10 - INFO - Batch:[47] Adversarial images for this batch already exist
2026-02-12 09:05:27,395 - ADV_Generation_eps_4.0_steps_100_Added_Noise_uniform_Eps_24.0_Tau_Type_normal_anchors_num_anchors_10 - INFO - Batch 48/2463: Clean accuracy 0.8125 | Adv accuracy: 0.1875 | Counter-attack accuracy: 0.2083
2026-02-12 09:05:27,395 - ADV_Generation_eps_4.0_steps_100_Added_Noise_uniform_Eps_24.0_Tau_Type_normal_anchors_num_anchors_10 - INFO - Batch:[48] Adversarial images for this batch already exist
2026-02-12 09:05:27,722 - ADV_Generation_eps_4.0_steps_100_Added_Noise_uniform_Eps_24.0_Tau_Type_normal_anchors_num_anchors_10 - INFO - Batch 49/2463: Clean accuracy 0.8163 | Adv accuracy: 0.2041 | Counter-attack accuracy: 0.2245
2026-02-12 09:05:27,722 - ADV_Generation_eps_4.0_steps_100_Added_Noise_uniform_Eps_24.0_Tau_Type_normal_anchors_num_anchors_10 - INFO - Batch:[49] Adversarial images for this batch already exist
2026-02-12 09:05:28,050 - ADV_Generation_eps_4.0_steps_100_Added_Noise_uniform_Eps_24.0_Tau_Type_normal_anchors_num_anchors_10 - INFO - Batch 50/2463: Clean accuracy 0.8200 | Adv accuracy: 0.2000 | Counter-attack accuracy: 0.2200
2026-02-12 09:05:28,050 - ADV_Generation_eps_4.0_steps_100_Added_Noise_uniform_Eps_24.0_Tau_Type_normal_anchors_num_anchors_10 - INFO - Batch:[50] Adversarial images for this batch already exist
2026-02-12 09:05:28,379 - ADV_Generation_eps_4.0_steps_100_Added_Noise_uniform_Eps_24.0_Tau_Type_normal_anchors_num_anchors_10 - INFO - Batch 51/2463: Clean accuracy 0.8235 | Adv accuracy: 0.1961 | Counter-attack accuracy: 0.2157
2026-02-12 09:05:28,379 - ADV_Generation_eps_4.0_steps_100_Added_Noise_uniform_Eps_24.0_Tau_Type_normal_anchors_num_anchors_10 - INFO - Batch:[51] Adversarial images for this batch already exist
2026-02-12 09:05:28,707 - ADV_Generation_eps_4.0_steps_100_Added_Noise_uniform_Eps_24.0_Tau_Type_normal_anchors_num_anchors_10 - INFO - Batch 52/2463: Clean accuracy 0.8269 | Adv accuracy: 0.1923 | Counter-attack accuracy: 0.2115
2026-02-12 09:05:28,707 - ADV_Generation_eps_4.0_steps_100_Added_Noise_uniform_Eps_24.0_Tau_Type_normal_anchors_num_anchors_10 - INFO - Batch:[52] Adversarial images for this batch already exist
2026-02-12 09:05:29,034 - ADV_Generation_eps_4.0_steps_100_Added_Noise_uniform_Eps_24.0_Tau_Type_normal_anchors_num_anchors_10 - INFO - Batch 53/2463: Clean accuracy 0.8302 | Adv accuracy: 0.2075 | Counter-attack accuracy: 0.2264
2026-02-12 09:05:29,035 - ADV_Generation_eps_4.0_steps_100_Added_Noise_uniform_Eps_24.0_Tau_Type_normal_anchors_num_anchors_10 - INFO - Batch:[53] Adversarial images for this batch already exist
2026-02-12 09:05:29,362 - ADV_Generation_eps_4.0_steps_100_Added_Noise_uniform_Eps_24.0_Tau_Type_normal_anchors_num_anchors_10 - INFO - Batch 54/2463: Clean accuracy 0.8333 | Adv accuracy: 0.2037 | Counter-attack accuracy: 0.2222
2026-02-12 09:05:29,363 - ADV_Generation_eps_4.0_steps_100_Added_Noise_uniform_Eps_24.0_Tau_Type_normal_anchors_num_anchors_10 - INFO - Batch:[54] Adversarial images for this batch already exist
2026-02-12 09:05:29,687 - ADV_Generation_eps_4.0_steps_100_Added_Noise_uniform_Eps_24.0_Tau_Type_normal_anchors_num_anchors_10 - INFO - Batch 55/2463: Clean accuracy 0.8364 | Adv accuracy: 0.2000 | Counter-attack accuracy: 0.2182
2026-02-12 09:05:29,687 - ADV_Generation_eps_4.0_steps_100_Added_Noise_uniform_Eps_24.0_Tau_Type_normal_anchors_num_anchors_10 - INFO - Batch:[55] Adversarial images for this batch already exist
2026-02-12 09:05:30,014 - ADV_Generation_eps_4.0_steps_100_Added_Noise_uniform_Eps_24.0_Tau_Type_normal_anchors_num_anchors_10 - INFO - Batch 56/2463: Clean accuracy 0.8393 | Adv accuracy: 0.1964 | Counter-attack accuracy: 0.2321
2026-02-12 09:05:30,015 - ADV_Generation_eps_4.0_steps_100_Added_Noise_uniform_Eps_24.0_Tau_Type_normal_anchors_num_anchors_10 - INFO - Batch:[56] Adversarial images for this batch already exist
2026-02-12 09:05:30,342 - ADV_Generation_eps_4.0_steps_100_Added_Noise_uniform_Eps_24.0_Tau_Type_normal_anchors_num_anchors_10 - INFO - Batch 57/2463: Clean accuracy 0.8421 | Adv accuracy: 0.1930 | Counter-attack accuracy: 0.2281
2026-02-12 09:05:30,343 - ADV_Generation_eps_4.0_steps_100_Added_Noise_uniform_Eps_24.0_Tau_Type_normal_anchors_num_anchors_10 - INFO - Batch:[57] Adversarial images for this batch already exist
2026-02-12 09:05:30,670 - ADV_Generation_eps_4.0_steps_100_Added_Noise_uniform_Eps_24.0_Tau_Type_normal_anchors_num_anchors_10 - INFO - Batch 58/2463: Clean accuracy 0.8448 | Adv accuracy: 0.1897 | Counter-attack accuracy: 0.2241
2026-02-12 09:05:30,670 - ADV_Generation_eps_4.0_steps_100_Added_Noise_uniform_Eps_24.0_Tau_Type_normal_anchors_num_anchors_10 - INFO - Batch:[58] Adversarial images for this batch already exist
2026-02-12 09:05:31,000 - ADV_Generation_eps_4.0_steps_100_Added_Noise_uniform_Eps_24.0_Tau_Type_normal_anchors_num_anchors_10 - INFO - Batch 59/2463: Clean accuracy 0.8475 | Adv accuracy: 0.1864 | Counter-attack accuracy: 0.2203
2026-02-12 09:05:31,000 - ADV_Generation_eps_4.0_steps_100_Added_Noise_uniform_Eps_24.0_Tau_Type_normal_anchors_num_anchors_10 - INFO - Batch:[59] Adversarial images for this batch already exist
2026-02-12 09:05:31,327 - ADV_Generation_eps_4.0_steps_100_Added_Noise_uniform_Eps_24.0_Tau_Type_normal_anchors_num_anchors_10 - INFO - Batch 60/2463: Clean accuracy 0.8500 | Adv accuracy: 0.2000 | Counter-attack accuracy: 0.2333
2026-02-12 09:05:31,328 - ADV_Generation_eps_4.0_steps_100_Added_Noise_uniform_Eps_24.0_Tau_Type_normal_anchors_num_anchors_10 - INFO - Batch:[60] Adversarial images for this batch already exist
2026-02-12 09:05:31,655 - ADV_Generation_eps_4.0_steps_100_Added_Noise_uniform_Eps_24.0_Tau_Type_normal_anchors_num_anchors_10 - INFO - Batch 61/2463: Clean accuracy 0.8525 | Adv accuracy: 0.1967 | Counter-attack accuracy: 0.2295
2026-02-12 09:05:31,655 - ADV_Generation_eps_4.0_steps_100_Added_Noise_uniform_Eps_24.0_Tau_Type_normal_anchors_num_anchors_10 - INFO - Batch:[61] Adversarial images for this batch already exist
2026-02-12 09:05:31,982 - ADV_Generation_eps_4.0_steps_100_Added_Noise_uniform_Eps_24.0_Tau_Type_normal_anchors_num_anchors_10 - INFO - Batch 62/2463: Clean accuracy 0.8548 | Adv accuracy: 0.1935 | Counter-attack accuracy: 0.2258
2026-02-12 09:05:31,983 - ADV_Generation_eps_4.0_steps_100_Added_Noise_uniform_Eps_24.0_Tau_Type_normal_anchors_num_anchors_10 - INFO - Batch:[62] Adversarial images for this batch already exist
2026-02-12 09:05:32,310 - ADV_Generation_eps_4.0_steps_100_Added_Noise_uniform_Eps_24.0_Tau_Type_normal_anchors_num_anchors_10 - INFO - Batch 63/2463: Clean accuracy 0.8571 | Adv accuracy: 0.1905 | Counter-attack accuracy: 0.2222
2026-02-12 09:05:32,310 - ADV_Generation_eps_4.0_steps_100_Added_Noise_uniform_Eps_24.0_Tau_Type_normal_anchors_num_anchors_10 - INFO - Batch:[63] Adversarial images for this batch already exist
2026-02-12 09:05:32,638 - ADV_Generation_eps_4.0_steps_100_Added_Noise_uniform_Eps_24.0_Tau_Type_normal_anchors_num_anchors_10 - INFO - Batch 64/2463: Clean accuracy 0.8594 | Adv accuracy: 0.1875 | Counter-attack accuracy: 0.2188
2026-02-12 09:05:32,638 - ADV_Generation_eps_4.0_steps_100_Added_Noise_uniform_Eps_24.0_Tau_Type_normal_anchors_num_anchors_10 - INFO - Batch:[64] Adversarial images for this batch already exist
2026-02-12 09:05:32,967 - ADV_Generation_eps_4.0_steps_100_Added_Noise_uniform_Eps_24.0_Tau_Type_normal_anchors_num_anchors_10 - INFO - Batch 65/2463: Clean accuracy 0.8615 | Adv accuracy: 0.1846 | Counter-attack accuracy: 0.2154
2026-02-12 09:05:32,968 - ADV_Generation_eps_4.0_steps_100_Added_Noise_uniform_Eps_24.0_Tau_Type_normal_anchors_num_anchors_10 - INFO - Batch:[65] Adversarial images for this batch already exist
2026-02-12 09:05:33,292 - ADV_Generation_eps_4.0_steps_100_Added_Noise_uniform_Eps_24.0_Tau_Type_normal_anchors_num_anchors_10 - INFO - Batch 66/2463: Clean accuracy 0.8636 | Adv accuracy: 0.1818 | Counter-attack accuracy: 0.2121
2026-02-12 09:05:33,292 - ADV_Generation_eps_4.0_steps_100_Added_Noise_uniform_Eps_24.0_Tau_Type_normal_anchors_num_anchors_10 - INFO - Batch:[66] Adversarial images for this batch already exist
2026-02-12 09:05:33,619 - ADV_Generation_eps_4.0_steps_100_Added_Noise_uniform_Eps_24.0_Tau_Type_normal_anchors_num_anchors_10 - INFO - Batch 67/2463: Clean accuracy 0.8657 | Adv accuracy: 0.1791 | Counter-attack accuracy: 0.2090
2026-02-12 09:05:33,619 - ADV_Generation_eps_4.0_steps_100_Added_Noise_uniform_Eps_24.0_Tau_Type_normal_anchors_num_anchors_10 - INFO - Batch:[67] Adversarial images for this batch already exist
2026-02-12 09:05:33,946 - ADV_Generation_eps_4.0_steps_100_Added_Noise_uniform_Eps_24.0_Tau_Type_normal_anchors_num_anchors_10 - INFO - Batch 68/2463: Clean accuracy 0.8676 | Adv accuracy: 0.1765 | Counter-attack accuracy: 0.2059
2026-02-12 09:05:33,947 - ADV_Generation_eps_4.0_steps_100_Added_Noise_uniform_Eps_24.0_Tau_Type_normal_anchors_num_anchors_10 - INFO - Batch:[68] Adversarial images for this batch already exist
2026-02-12 09:05:34,274 - ADV_Generation_eps_4.0_steps_100_Added_Noise_uniform_Eps_24.0_Tau_Type_normal_anchors_num_anchors_10 - INFO - Batch 69/2463: Clean accuracy 0.8696 | Adv accuracy: 0.1739 | Counter-attack accuracy: 0.2029
2026-02-12 09:05:34,274 - ADV_Generation_eps_4.0_steps_100_Added_Noise_uniform_Eps_24.0_Tau_Type_normal_anchors_num_anchors_10 - INFO - Batch:[69] Adversarial images for this batch already exist
