2026-02-12 16:56:54,675 - ADV_Generation_eps_0.0_steps_100_Added_Noise_gaussian_Sigma_0.24_Tau_Type_noisy_num_anchors_10 - INFO - ==========================================
data:/leonardo_work/EUHPC_R04_192/fmohamma/Adversarial_Robust_Clip/atpt_data/downstream_datasets
test_sets:Cars
dataset_mode:test
arch:ViT-L/14
resolution:224
transferability:False
source_model:fare4
workers:4
no_pin_memory:False
batch_size:1
adv_bs:1
print_freq:20
gpu:0
no_cudnn_benchmark:False
n_ctx:4
ctx_init:a_photo_of_a
seed:0
output_dir:/leonardo_work/EUHPC_R04_192/fmohamma/Adversarial_Robust_Clip/atpt_data/ViT-L/14/Cars
log_output_dir:/leonardo_work/EUHPC_R04_192/fmohamma/Adversarial_Robust_Clip/ATPT/Diffratio_v3/ViT-L/14/Cars/ADV_Generation_eps_0.0_steps_100_Added_Noise_gaussian_Sigma_0.24_Tau_Type_noisy_num_anchors_10
image_only_attack:False
image_only_attack_type:prm
image_predicted_label_attack:False
eps:0.0
alpha:0.0
alpha_eps_ratio:4.0
steps:100
counter_attack:True
counter_attack_type:pgd
counter_attack_steps:0
counter_attack_eps:1.0
counter_attack_alpha:1.0
counter_attack_tau_thres:0.2
counter_attack_beta:2.0
counter_attack_weighted_perturbations:True
counter_attack_init_noise:gaussian
counter_attack_gaussian_sigma:0.24
counter_attack_noisy_tau_num_anchors:10
counter_attack_tau:noisy
pgd_clip_pure_i_text_embeddings:null
pgd_counter_and_clipure_i_lamda:1.0
image_feature_purify:False
image_feature_purify_type:noisy_anchor
image_feature_purify_noisy_anchors:10
image_feature_purify_anchors_alpha:1.2
image_feature_purify_noisy_sigma:0.18
image_feature_purify_diff_threshold:0.0
image_feature_clipure_steps:10
image_feature_clipure_step_size:10.0
save_plots:False
lr:0.005
selection_p:0.1
tta_steps:1
top_k:20
softmax_temp:0.01
load_tecoa:

2026-02-12 16:56:54,676 - ADV_Generation_eps_0.0_steps_100_Added_Noise_gaussian_Sigma_0.24_Tau_Type_noisy_num_anchors_10 - INFO - Use GPU: 0 for training
2026-02-12 16:57:06,571 - ADV_Generation_eps_0.0_steps_100_Added_Noise_gaussian_Sigma_0.24_Tau_Type_noisy_num_anchors_10 - INFO - => Model created: visual backbone ViT-L/14
2026-02-12 16:57:06,581 - ADV_Generation_eps_0.0_steps_100_Added_Noise_gaussian_Sigma_0.24_Tau_Type_noisy_num_anchors_10 - INFO - Number of test samples: 8041
2026-02-12 16:57:06,582 - ADV_Generation_eps_0.0_steps_100_Added_Noise_gaussian_Sigma_0.24_Tau_Type_noisy_num_anchors_10 - INFO - Evaluating dataset: Cars
2026-02-12 16:57:06,583 - ADV_Generation_eps_0.0_steps_100_Added_Noise_gaussian_Sigma_0.24_Tau_Type_noisy_num_anchors_10 - INFO - Starting evaluation with batch size: 1, selection percentage: 0.1
2026-02-12 16:57:06,583 - ADV_Generation_eps_0.0_steps_100_Added_Noise_gaussian_Sigma_0.24_Tau_Type_noisy_num_anchors_10 - INFO - Using PGD attack with epsilon: 0.000000, alpha: 0.000000, steps: 100 image only attack False image only attack type  prm image predicted label attack False
2026-02-12 16:57:06,583 - ADV_Generation_eps_0.0_steps_100_Added_Noise_gaussian_Sigma_0.24_Tau_Type_noisy_num_anchors_10 - INFO - Using counter-attack with epsilon: 1.000000, alpha: 1.000000, steps: 0
2026-02-12 16:57:06,583 - ADV_Generation_eps_0.0_steps_100_Added_Noise_gaussian_Sigma_0.24_Tau_Type_noisy_num_anchors_10 - INFO - Adversarial examples will be loaded from /leonardo_work/EUHPC_R04_192/fmohamma/Adversarial_Robust_Clip/atpt_data/ViT-L/14/Cars/adv_images_eps_0.0_alpha_0.0_steps_100 and evaluated on ViT-L/14
2026-02-12 16:57:06,585 - ADV_Generation_eps_0.0_steps_100_Added_Noise_gaussian_Sigma_0.24_Tau_Type_noisy_num_anchors_10 - INFO - Using directory for adversarial images: /leonardo_work/EUHPC_R04_192/fmohamma/Adversarial_Robust_Clip/atpt_data/ViT-L/14/Cars/adv_images_eps_0.0_alpha_0.0_steps_100
2026-02-12 16:57:07,569 - ADV_Generation_eps_0.0_steps_100_Added_Noise_gaussian_Sigma_0.24_Tau_Type_noisy_num_anchors_10 - INFO - Batch 1/8041: Clean accuracy 0.0000 | Adv accuracy: 0.0000 | Counter-attack accuracy: 0.0000
2026-02-12 16:57:08,054 - ADV_Generation_eps_0.0_steps_100_Added_Noise_gaussian_Sigma_0.24_Tau_Type_noisy_num_anchors_10 - INFO - Batch 2/8041: Clean accuracy 0.5000 | Adv accuracy: 0.5000 | Counter-attack accuracy: 0.5000
2026-02-12 16:57:08,470 - ADV_Generation_eps_0.0_steps_100_Added_Noise_gaussian_Sigma_0.24_Tau_Type_noisy_num_anchors_10 - INFO - Batch 3/8041: Clean accuracy 0.6667 | Adv accuracy: 0.6667 | Counter-attack accuracy: 0.3333
2026-02-12 16:57:08,885 - ADV_Generation_eps_0.0_steps_100_Added_Noise_gaussian_Sigma_0.24_Tau_Type_noisy_num_anchors_10 - INFO - Batch 4/8041: Clean accuracy 0.5000 | Adv accuracy: 0.5000 | Counter-attack accuracy: 0.2500
2026-02-12 16:57:09,300 - ADV_Generation_eps_0.0_steps_100_Added_Noise_gaussian_Sigma_0.24_Tau_Type_noisy_num_anchors_10 - INFO - Batch 5/8041: Clean accuracy 0.6000 | Adv accuracy: 0.6000 | Counter-attack accuracy: 0.4000
2026-02-12 16:57:09,716 - ADV_Generation_eps_0.0_steps_100_Added_Noise_gaussian_Sigma_0.24_Tau_Type_noisy_num_anchors_10 - INFO - Batch 6/8041: Clean accuracy 0.6667 | Adv accuracy: 0.6667 | Counter-attack accuracy: 0.5000
2026-02-12 16:57:10,131 - ADV_Generation_eps_0.0_steps_100_Added_Noise_gaussian_Sigma_0.24_Tau_Type_noisy_num_anchors_10 - INFO - Batch 7/8041: Clean accuracy 0.7143 | Adv accuracy: 0.7143 | Counter-attack accuracy: 0.5714
2026-02-12 16:57:10,546 - ADV_Generation_eps_0.0_steps_100_Added_Noise_gaussian_Sigma_0.24_Tau_Type_noisy_num_anchors_10 - INFO - Batch 8/8041: Clean accuracy 0.6250 | Adv accuracy: 0.6250 | Counter-attack accuracy: 0.5000
2026-02-12 16:57:10,962 - ADV_Generation_eps_0.0_steps_100_Added_Noise_gaussian_Sigma_0.24_Tau_Type_noisy_num_anchors_10 - INFO - Batch 9/8041: Clean accuracy 0.6667 | Adv accuracy: 0.6667 | Counter-attack accuracy: 0.5556
2026-02-12 16:57:11,377 - ADV_Generation_eps_0.0_steps_100_Added_Noise_gaussian_Sigma_0.24_Tau_Type_noisy_num_anchors_10 - INFO - Batch 10/8041: Clean accuracy 0.6000 | Adv accuracy: 0.6000 | Counter-attack accuracy: 0.5000
2026-02-12 16:57:11,792 - ADV_Generation_eps_0.0_steps_100_Added_Noise_gaussian_Sigma_0.24_Tau_Type_noisy_num_anchors_10 - INFO - Batch 11/8041: Clean accuracy 0.6364 | Adv accuracy: 0.6364 | Counter-attack accuracy: 0.5455
2026-02-12 16:57:12,208 - ADV_Generation_eps_0.0_steps_100_Added_Noise_gaussian_Sigma_0.24_Tau_Type_noisy_num_anchors_10 - INFO - Batch 12/8041: Clean accuracy 0.6667 | Adv accuracy: 0.6667 | Counter-attack accuracy: 0.5000
2026-02-12 16:57:12,623 - ADV_Generation_eps_0.0_steps_100_Added_Noise_gaussian_Sigma_0.24_Tau_Type_noisy_num_anchors_10 - INFO - Batch 13/8041: Clean accuracy 0.6154 | Adv accuracy: 0.6154 | Counter-attack accuracy: 0.4615
2026-02-12 16:57:13,038 - ADV_Generation_eps_0.0_steps_100_Added_Noise_gaussian_Sigma_0.24_Tau_Type_noisy_num_anchors_10 - INFO - Batch 14/8041: Clean accuracy 0.5714 | Adv accuracy: 0.5714 | Counter-attack accuracy: 0.4286
2026-02-12 16:57:13,454 - ADV_Generation_eps_0.0_steps_100_Added_Noise_gaussian_Sigma_0.24_Tau_Type_noisy_num_anchors_10 - INFO - Batch 15/8041: Clean accuracy 0.5333 | Adv accuracy: 0.5333 | Counter-attack accuracy: 0.4000
2026-02-12 16:57:13,869 - ADV_Generation_eps_0.0_steps_100_Added_Noise_gaussian_Sigma_0.24_Tau_Type_noisy_num_anchors_10 - INFO - Batch 16/8041: Clean accuracy 0.5625 | Adv accuracy: 0.5625 | Counter-attack accuracy: 0.4375
2026-02-12 16:57:14,285 - ADV_Generation_eps_0.0_steps_100_Added_Noise_gaussian_Sigma_0.24_Tau_Type_noisy_num_anchors_10 - INFO - Batch 17/8041: Clean accuracy 0.5882 | Adv accuracy: 0.5882 | Counter-attack accuracy: 0.4706
2026-02-12 16:57:14,700 - ADV_Generation_eps_0.0_steps_100_Added_Noise_gaussian_Sigma_0.24_Tau_Type_noisy_num_anchors_10 - INFO - Batch 18/8041: Clean accuracy 0.6111 | Adv accuracy: 0.6111 | Counter-attack accuracy: 0.5000
2026-02-12 16:57:15,116 - ADV_Generation_eps_0.0_steps_100_Added_Noise_gaussian_Sigma_0.24_Tau_Type_noisy_num_anchors_10 - INFO - Batch 19/8041: Clean accuracy 0.5789 | Adv accuracy: 0.5789 | Counter-attack accuracy: 0.4737
2026-02-12 16:57:15,531 - ADV_Generation_eps_0.0_steps_100_Added_Noise_gaussian_Sigma_0.24_Tau_Type_noisy_num_anchors_10 - INFO - Batch 20/8041: Clean accuracy 0.6000 | Adv accuracy: 0.6000 | Counter-attack accuracy: 0.4500
2026-02-12 16:57:15,946 - ADV_Generation_eps_0.0_steps_100_Added_Noise_gaussian_Sigma_0.24_Tau_Type_noisy_num_anchors_10 - INFO - Batch 21/8041: Clean accuracy 0.6190 | Adv accuracy: 0.6190 | Counter-attack accuracy: 0.4762
2026-02-12 16:57:16,362 - ADV_Generation_eps_0.0_steps_100_Added_Noise_gaussian_Sigma_0.24_Tau_Type_noisy_num_anchors_10 - INFO - Batch 22/8041: Clean accuracy 0.6364 | Adv accuracy: 0.6364 | Counter-attack accuracy: 0.5000
2026-02-12 16:57:16,777 - ADV_Generation_eps_0.0_steps_100_Added_Noise_gaussian_Sigma_0.24_Tau_Type_noisy_num_anchors_10 - INFO - Batch 23/8041: Clean accuracy 0.6522 | Adv accuracy: 0.6522 | Counter-attack accuracy: 0.5217
2026-02-12 16:57:17,193 - ADV_Generation_eps_0.0_steps_100_Added_Noise_gaussian_Sigma_0.24_Tau_Type_noisy_num_anchors_10 - INFO - Batch 24/8041: Clean accuracy 0.6667 | Adv accuracy: 0.6667 | Counter-attack accuracy: 0.5417
2026-02-12 16:57:17,608 - ADV_Generation_eps_0.0_steps_100_Added_Noise_gaussian_Sigma_0.24_Tau_Type_noisy_num_anchors_10 - INFO - Batch 25/8041: Clean accuracy 0.6800 | Adv accuracy: 0.6800 | Counter-attack accuracy: 0.5600
2026-02-12 16:57:18,024 - ADV_Generation_eps_0.0_steps_100_Added_Noise_gaussian_Sigma_0.24_Tau_Type_noisy_num_anchors_10 - INFO - Batch 26/8041: Clean accuracy 0.6923 | Adv accuracy: 0.6923 | Counter-attack accuracy: 0.5769
2026-02-12 16:57:18,439 - ADV_Generation_eps_0.0_steps_100_Added_Noise_gaussian_Sigma_0.24_Tau_Type_noisy_num_anchors_10 - INFO - Batch 27/8041: Clean accuracy 0.7037 | Adv accuracy: 0.7037 | Counter-attack accuracy: 0.5926
2026-02-12 16:57:18,854 - ADV_Generation_eps_0.0_steps_100_Added_Noise_gaussian_Sigma_0.24_Tau_Type_noisy_num_anchors_10 - INFO - Batch 28/8041: Clean accuracy 0.7143 | Adv accuracy: 0.7143 | Counter-attack accuracy: 0.6071
2026-02-12 16:57:19,270 - ADV_Generation_eps_0.0_steps_100_Added_Noise_gaussian_Sigma_0.24_Tau_Type_noisy_num_anchors_10 - INFO - Batch 29/8041: Clean accuracy 0.7241 | Adv accuracy: 0.7241 | Counter-attack accuracy: 0.5862
2026-02-12 16:57:19,685 - ADV_Generation_eps_0.0_steps_100_Added_Noise_gaussian_Sigma_0.24_Tau_Type_noisy_num_anchors_10 - INFO - Batch 30/8041: Clean accuracy 0.7333 | Adv accuracy: 0.7333 | Counter-attack accuracy: 0.5667
2026-02-12 16:57:20,100 - ADV_Generation_eps_0.0_steps_100_Added_Noise_gaussian_Sigma_0.24_Tau_Type_noisy_num_anchors_10 - INFO - Batch 31/8041: Clean accuracy 0.7097 | Adv accuracy: 0.7097 | Counter-attack accuracy: 0.5484
2026-02-12 16:57:20,516 - ADV_Generation_eps_0.0_steps_100_Added_Noise_gaussian_Sigma_0.24_Tau_Type_noisy_num_anchors_10 - INFO - Batch 32/8041: Clean accuracy 0.7188 | Adv accuracy: 0.7188 | Counter-attack accuracy: 0.5312
2026-02-12 16:57:20,931 - ADV_Generation_eps_0.0_steps_100_Added_Noise_gaussian_Sigma_0.24_Tau_Type_noisy_num_anchors_10 - INFO - Batch 33/8041: Clean accuracy 0.6970 | Adv accuracy: 0.6970 | Counter-attack accuracy: 0.5455
2026-02-12 16:57:21,347 - ADV_Generation_eps_0.0_steps_100_Added_Noise_gaussian_Sigma_0.24_Tau_Type_noisy_num_anchors_10 - INFO - Batch 34/8041: Clean accuracy 0.7059 | Adv accuracy: 0.7059 | Counter-attack accuracy: 0.5294
2026-02-12 16:57:21,762 - ADV_Generation_eps_0.0_steps_100_Added_Noise_gaussian_Sigma_0.24_Tau_Type_noisy_num_anchors_10 - INFO - Batch 35/8041: Clean accuracy 0.6857 | Adv accuracy: 0.6857 | Counter-attack accuracy: 0.5143
2026-02-12 16:57:22,177 - ADV_Generation_eps_0.0_steps_100_Added_Noise_gaussian_Sigma_0.24_Tau_Type_noisy_num_anchors_10 - INFO - Batch 36/8041: Clean accuracy 0.6944 | Adv accuracy: 0.6944 | Counter-attack accuracy: 0.5278
2026-02-12 16:57:22,593 - ADV_Generation_eps_0.0_steps_100_Added_Noise_gaussian_Sigma_0.24_Tau_Type_noisy_num_anchors_10 - INFO - Batch 37/8041: Clean accuracy 0.7027 | Adv accuracy: 0.7027 | Counter-attack accuracy: 0.5405
2026-02-12 16:57:23,008 - ADV_Generation_eps_0.0_steps_100_Added_Noise_gaussian_Sigma_0.24_Tau_Type_noisy_num_anchors_10 - INFO - Batch 38/8041: Clean accuracy 0.7105 | Adv accuracy: 0.7105 | Counter-attack accuracy: 0.5526
2026-02-12 16:57:23,423 - ADV_Generation_eps_0.0_steps_100_Added_Noise_gaussian_Sigma_0.24_Tau_Type_noisy_num_anchors_10 - INFO - Batch 39/8041: Clean accuracy 0.7179 | Adv accuracy: 0.7179 | Counter-attack accuracy: 0.5385
2026-02-12 16:57:23,839 - ADV_Generation_eps_0.0_steps_100_Added_Noise_gaussian_Sigma_0.24_Tau_Type_noisy_num_anchors_10 - INFO - Batch 40/8041: Clean accuracy 0.7250 | Adv accuracy: 0.7250 | Counter-attack accuracy: 0.5500
2026-02-12 16:57:24,255 - ADV_Generation_eps_0.0_steps_100_Added_Noise_gaussian_Sigma_0.24_Tau_Type_noisy_num_anchors_10 - INFO - Batch 41/8041: Clean accuracy 0.7317 | Adv accuracy: 0.7317 | Counter-attack accuracy: 0.5610
2026-02-12 16:57:24,670 - ADV_Generation_eps_0.0_steps_100_Added_Noise_gaussian_Sigma_0.24_Tau_Type_noisy_num_anchors_10 - INFO - Batch 42/8041: Clean accuracy 0.7143 | Adv accuracy: 0.7143 | Counter-attack accuracy: 0.5476
2026-02-12 16:57:25,085 - ADV_Generation_eps_0.0_steps_100_Added_Noise_gaussian_Sigma_0.24_Tau_Type_noisy_num_anchors_10 - INFO - Batch 43/8041: Clean accuracy 0.7209 | Adv accuracy: 0.7209 | Counter-attack accuracy: 0.5349
2026-02-12 16:57:25,501 - ADV_Generation_eps_0.0_steps_100_Added_Noise_gaussian_Sigma_0.24_Tau_Type_noisy_num_anchors_10 - INFO - Batch 44/8041: Clean accuracy 0.7273 | Adv accuracy: 0.7273 | Counter-attack accuracy: 0.5227
2026-02-12 16:57:25,916 - ADV_Generation_eps_0.0_steps_100_Added_Noise_gaussian_Sigma_0.24_Tau_Type_noisy_num_anchors_10 - INFO - Batch 45/8041: Clean accuracy 0.7333 | Adv accuracy: 0.7333 | Counter-attack accuracy: 0.5333
2026-02-12 16:57:26,331 - ADV_Generation_eps_0.0_steps_100_Added_Noise_gaussian_Sigma_0.24_Tau_Type_noisy_num_anchors_10 - INFO - Batch 46/8041: Clean accuracy 0.7391 | Adv accuracy: 0.7391 | Counter-attack accuracy: 0.5217
2026-02-12 16:57:26,746 - ADV_Generation_eps_0.0_steps_100_Added_Noise_gaussian_Sigma_0.24_Tau_Type_noisy_num_anchors_10 - INFO - Batch 47/8041: Clean accuracy 0.7234 | Adv accuracy: 0.7234 | Counter-attack accuracy: 0.5106
2026-02-12 16:57:27,162 - ADV_Generation_eps_0.0_steps_100_Added_Noise_gaussian_Sigma_0.24_Tau_Type_noisy_num_anchors_10 - INFO - Batch 48/8041: Clean accuracy 0.7292 | Adv accuracy: 0.7292 | Counter-attack accuracy: 0.5208
2026-02-12 16:57:27,577 - ADV_Generation_eps_0.0_steps_100_Added_Noise_gaussian_Sigma_0.24_Tau_Type_noisy_num_anchors_10 - INFO - Batch 49/8041: Clean accuracy 0.7347 | Adv accuracy: 0.7347 | Counter-attack accuracy: 0.5102
2026-02-12 16:57:27,992 - ADV_Generation_eps_0.0_steps_100_Added_Noise_gaussian_Sigma_0.24_Tau_Type_noisy_num_anchors_10 - INFO - Batch 50/8041: Clean accuracy 0.7400 | Adv accuracy: 0.7400 | Counter-attack accuracy: 0.5200
2026-02-12 16:57:28,408 - ADV_Generation_eps_0.0_steps_100_Added_Noise_gaussian_Sigma_0.24_Tau_Type_noisy_num_anchors_10 - INFO - Batch 51/8041: Clean accuracy 0.7451 | Adv accuracy: 0.7451 | Counter-attack accuracy: 0.5098
2026-02-12 16:57:28,823 - ADV_Generation_eps_0.0_steps_100_Added_Noise_gaussian_Sigma_0.24_Tau_Type_noisy_num_anchors_10 - INFO - Batch 52/8041: Clean accuracy 0.7308 | Adv accuracy: 0.7308 | Counter-attack accuracy: 0.5000
2026-02-12 16:57:29,238 - ADV_Generation_eps_0.0_steps_100_Added_Noise_gaussian_Sigma_0.24_Tau_Type_noisy_num_anchors_10 - INFO - Batch 53/8041: Clean accuracy 0.7358 | Adv accuracy: 0.7358 | Counter-attack accuracy: 0.5094
2026-02-12 16:57:29,654 - ADV_Generation_eps_0.0_steps_100_Added_Noise_gaussian_Sigma_0.24_Tau_Type_noisy_num_anchors_10 - INFO - Batch 54/8041: Clean accuracy 0.7407 | Adv accuracy: 0.7407 | Counter-attack accuracy: 0.5000
2026-02-12 16:57:30,069 - ADV_Generation_eps_0.0_steps_100_Added_Noise_gaussian_Sigma_0.24_Tau_Type_noisy_num_anchors_10 - INFO - Batch 55/8041: Clean accuracy 0.7273 | Adv accuracy: 0.7273 | Counter-attack accuracy: 0.4909
2026-02-12 16:57:30,484 - ADV_Generation_eps_0.0_steps_100_Added_Noise_gaussian_Sigma_0.24_Tau_Type_noisy_num_anchors_10 - INFO - Batch 56/8041: Clean accuracy 0.7143 | Adv accuracy: 0.7143 | Counter-attack accuracy: 0.4821
2026-02-12 16:57:30,900 - ADV_Generation_eps_0.0_steps_100_Added_Noise_gaussian_Sigma_0.24_Tau_Type_noisy_num_anchors_10 - INFO - Batch 57/8041: Clean accuracy 0.7018 | Adv accuracy: 0.7018 | Counter-attack accuracy: 0.4737
2026-02-12 16:57:31,315 - ADV_Generation_eps_0.0_steps_100_Added_Noise_gaussian_Sigma_0.24_Tau_Type_noisy_num_anchors_10 - INFO - Batch 58/8041: Clean accuracy 0.7069 | Adv accuracy: 0.7069 | Counter-attack accuracy: 0.4828
2026-02-12 16:57:31,730 - ADV_Generation_eps_0.0_steps_100_Added_Noise_gaussian_Sigma_0.24_Tau_Type_noisy_num_anchors_10 - INFO - Batch 59/8041: Clean accuracy 0.7119 | Adv accuracy: 0.7119 | Counter-attack accuracy: 0.4746
2026-02-12 16:57:32,146 - ADV_Generation_eps_0.0_steps_100_Added_Noise_gaussian_Sigma_0.24_Tau_Type_noisy_num_anchors_10 - INFO - Batch 60/8041: Clean accuracy 0.7167 | Adv accuracy: 0.7167 | Counter-attack accuracy: 0.4667
2026-02-12 16:57:32,561 - ADV_Generation_eps_0.0_steps_100_Added_Noise_gaussian_Sigma_0.24_Tau_Type_noisy_num_anchors_10 - INFO - Batch 61/8041: Clean accuracy 0.7213 | Adv accuracy: 0.7213 | Counter-attack accuracy: 0.4590
2026-02-12 16:57:32,977 - ADV_Generation_eps_0.0_steps_100_Added_Noise_gaussian_Sigma_0.24_Tau_Type_noisy_num_anchors_10 - INFO - Batch 62/8041: Clean accuracy 0.7258 | Adv accuracy: 0.7258 | Counter-attack accuracy: 0.4677
2026-02-12 16:57:33,392 - ADV_Generation_eps_0.0_steps_100_Added_Noise_gaussian_Sigma_0.24_Tau_Type_noisy_num_anchors_10 - INFO - Batch 63/8041: Clean accuracy 0.7302 | Adv accuracy: 0.7302 | Counter-attack accuracy: 0.4603
2026-02-12 16:57:33,807 - ADV_Generation_eps_0.0_steps_100_Added_Noise_gaussian_Sigma_0.24_Tau_Type_noisy_num_anchors_10 - INFO - Batch 64/8041: Clean accuracy 0.7344 | Adv accuracy: 0.7344 | Counter-attack accuracy: 0.4531
2026-02-12 16:57:34,223 - ADV_Generation_eps_0.0_steps_100_Added_Noise_gaussian_Sigma_0.24_Tau_Type_noisy_num_anchors_10 - INFO - Batch 65/8041: Clean accuracy 0.7385 | Adv accuracy: 0.7385 | Counter-attack accuracy: 0.4462
2026-02-12 16:57:34,638 - ADV_Generation_eps_0.0_steps_100_Added_Noise_gaussian_Sigma_0.24_Tau_Type_noisy_num_anchors_10 - INFO - Batch 66/8041: Clean accuracy 0.7424 | Adv accuracy: 0.7424 | Counter-attack accuracy: 0.4394
2026-02-12 16:57:35,054 - ADV_Generation_eps_0.0_steps_100_Added_Noise_gaussian_Sigma_0.24_Tau_Type_noisy_num_anchors_10 - INFO - Batch 67/8041: Clean accuracy 0.7313 | Adv accuracy: 0.7313 | Counter-attack accuracy: 0.4328
2026-02-12 16:57:35,469 - ADV_Generation_eps_0.0_steps_100_Added_Noise_gaussian_Sigma_0.24_Tau_Type_noisy_num_anchors_10 - INFO - Batch 68/8041: Clean accuracy 0.7353 | Adv accuracy: 0.7353 | Counter-attack accuracy: 0.4265
2026-02-12 16:57:35,884 - ADV_Generation_eps_0.0_steps_100_Added_Noise_gaussian_Sigma_0.24_Tau_Type_noisy_num_anchors_10 - INFO - Batch 69/8041: Clean accuracy 0.7391 | Adv accuracy: 0.7391 | Counter-attack accuracy: 0.4348
2026-02-12 16:57:36,300 - ADV_Generation_eps_0.0_steps_100_Added_Noise_gaussian_Sigma_0.24_Tau_Type_noisy_num_anchors_10 - INFO - Batch 70/8041: Clean accuracy 0.7286 | Adv accuracy: 0.7286 | Counter-attack accuracy: 0.4286
2026-02-12 16:57:36,715 - ADV_Generation_eps_0.0_steps_100_Added_Noise_gaussian_Sigma_0.24_Tau_Type_noisy_num_anchors_10 - INFO - Batch 71/8041: Clean accuracy 0.7324 | Adv accuracy: 0.7324 | Counter-attack accuracy: 0.4366
2026-02-12 16:57:37,130 - ADV_Generation_eps_0.0_steps_100_Added_Noise_gaussian_Sigma_0.24_Tau_Type_noisy_num_anchors_10 - INFO - Batch 72/8041: Clean accuracy 0.7361 | Adv accuracy: 0.7361 | Counter-attack accuracy: 0.4444
2026-02-12 16:57:37,546 - ADV_Generation_eps_0.0_steps_100_Added_Noise_gaussian_Sigma_0.24_Tau_Type_noisy_num_anchors_10 - INFO - Batch 73/8041: Clean accuracy 0.7397 | Adv accuracy: 0.7397 | Counter-attack accuracy: 0.4521
2026-02-12 16:57:37,961 - ADV_Generation_eps_0.0_steps_100_Added_Noise_gaussian_Sigma_0.24_Tau_Type_noisy_num_anchors_10 - INFO - Batch 74/8041: Clean accuracy 0.7432 | Adv accuracy: 0.7432 | Counter-attack accuracy: 0.4595
2026-02-12 16:57:38,377 - ADV_Generation_eps_0.0_steps_100_Added_Noise_gaussian_Sigma_0.24_Tau_Type_noisy_num_anchors_10 - INFO - Batch 75/8041: Clean accuracy 0.7467 | Adv accuracy: 0.7467 | Counter-attack accuracy: 0.4667
2026-02-12 16:57:38,792 - ADV_Generation_eps_0.0_steps_100_Added_Noise_gaussian_Sigma_0.24_Tau_Type_noisy_num_anchors_10 - INFO - Batch 76/8041: Clean accuracy 0.7368 | Adv accuracy: 0.7368 | Counter-attack accuracy: 0.4737
2026-02-12 16:57:39,207 - ADV_Generation_eps_0.0_steps_100_Added_Noise_gaussian_Sigma_0.24_Tau_Type_noisy_num_anchors_10 - INFO - Batch 77/8041: Clean accuracy 0.7273 | Adv accuracy: 0.7273 | Counter-attack accuracy: 0.4675
2026-02-12 16:57:39,623 - ADV_Generation_eps_0.0_steps_100_Added_Noise_gaussian_Sigma_0.24_Tau_Type_noisy_num_anchors_10 - INFO - Batch 78/8041: Clean accuracy 0.7179 | Adv accuracy: 0.7179 | Counter-attack accuracy: 0.4615
2026-02-12 16:57:40,039 - ADV_Generation_eps_0.0_steps_100_Added_Noise_gaussian_Sigma_0.24_Tau_Type_noisy_num_anchors_10 - INFO - Batch 79/8041: Clean accuracy 0.7215 | Adv accuracy: 0.7215 | Counter-attack accuracy: 0.4684
2026-02-12 16:57:40,454 - ADV_Generation_eps_0.0_steps_100_Added_Noise_gaussian_Sigma_0.24_Tau_Type_noisy_num_anchors_10 - INFO - Batch 80/8041: Clean accuracy 0.7250 | Adv accuracy: 0.7250 | Counter-attack accuracy: 0.4625
2026-02-12 16:57:40,869 - ADV_Generation_eps_0.0_steps_100_Added_Noise_gaussian_Sigma_0.24_Tau_Type_noisy_num_anchors_10 - INFO - Batch 81/8041: Clean accuracy 0.7160 | Adv accuracy: 0.7160 | Counter-attack accuracy: 0.4568
2026-02-12 16:57:41,285 - ADV_Generation_eps_0.0_steps_100_Added_Noise_gaussian_Sigma_0.24_Tau_Type_noisy_num_anchors_10 - INFO - Batch 82/8041: Clean accuracy 0.7195 | Adv accuracy: 0.7195 | Counter-attack accuracy: 0.4634
2026-02-12 16:57:41,700 - ADV_Generation_eps_0.0_steps_100_Added_Noise_gaussian_Sigma_0.24_Tau_Type_noisy_num_anchors_10 - INFO - Batch 83/8041: Clean accuracy 0.7229 | Adv accuracy: 0.7229 | Counter-attack accuracy: 0.4578
2026-02-12 16:57:42,115 - ADV_Generation_eps_0.0_steps_100_Added_Noise_gaussian_Sigma_0.24_Tau_Type_noisy_num_anchors_10 - INFO - Batch 84/8041: Clean accuracy 0.7262 | Adv accuracy: 0.7262 | Counter-attack accuracy: 0.4524
2026-02-12 16:57:42,531 - ADV_Generation_eps_0.0_steps_100_Added_Noise_gaussian_Sigma_0.24_Tau_Type_noisy_num_anchors_10 - INFO - Batch 85/8041: Clean accuracy 0.7294 | Adv accuracy: 0.7294 | Counter-attack accuracy: 0.4471
2026-02-12 16:57:42,946 - ADV_Generation_eps_0.0_steps_100_Added_Noise_gaussian_Sigma_0.24_Tau_Type_noisy_num_anchors_10 - INFO - Batch 86/8041: Clean accuracy 0.7326 | Adv accuracy: 0.7326 | Counter-attack accuracy: 0.4419
2026-02-12 16:57:43,362 - ADV_Generation_eps_0.0_steps_100_Added_Noise_gaussian_Sigma_0.24_Tau_Type_noisy_num_anchors_10 - INFO - Batch 87/8041: Clean accuracy 0.7356 | Adv accuracy: 0.7356 | Counter-attack accuracy: 0.4483
2026-02-12 16:57:43,777 - ADV_Generation_eps_0.0_steps_100_Added_Noise_gaussian_Sigma_0.24_Tau_Type_noisy_num_anchors_10 - INFO - Batch 88/8041: Clean accuracy 0.7386 | Adv accuracy: 0.7386 | Counter-attack accuracy: 0.4432
2026-02-12 16:57:44,192 - ADV_Generation_eps_0.0_steps_100_Added_Noise_gaussian_Sigma_0.24_Tau_Type_noisy_num_anchors_10 - INFO - Batch 89/8041: Clean accuracy 0.7416 | Adv accuracy: 0.7416 | Counter-attack accuracy: 0.4494
2026-02-12 16:57:44,608 - ADV_Generation_eps_0.0_steps_100_Added_Noise_gaussian_Sigma_0.24_Tau_Type_noisy_num_anchors_10 - INFO - Batch 90/8041: Clean accuracy 0.7444 | Adv accuracy: 0.7444 | Counter-attack accuracy: 0.4556
2026-02-12 16:57:45,023 - ADV_Generation_eps_0.0_steps_100_Added_Noise_gaussian_Sigma_0.24_Tau_Type_noisy_num_anchors_10 - INFO - Batch 91/8041: Clean accuracy 0.7473 | Adv accuracy: 0.7473 | Counter-attack accuracy: 0.4615
2026-02-12 16:57:45,438 - ADV_Generation_eps_0.0_steps_100_Added_Noise_gaussian_Sigma_0.24_Tau_Type_noisy_num_anchors_10 - INFO - Batch 92/8041: Clean accuracy 0.7500 | Adv accuracy: 0.7500 | Counter-attack accuracy: 0.4674
2026-02-12 16:57:45,854 - ADV_Generation_eps_0.0_steps_100_Added_Noise_gaussian_Sigma_0.24_Tau_Type_noisy_num_anchors_10 - INFO - Batch 93/8041: Clean accuracy 0.7527 | Adv accuracy: 0.7527 | Counter-attack accuracy: 0.4624
2026-02-12 16:57:46,269 - ADV_Generation_eps_0.0_steps_100_Added_Noise_gaussian_Sigma_0.24_Tau_Type_noisy_num_anchors_10 - INFO - Batch 94/8041: Clean accuracy 0.7553 | Adv accuracy: 0.7553 | Counter-attack accuracy: 0.4681
2026-02-12 16:57:46,684 - ADV_Generation_eps_0.0_steps_100_Added_Noise_gaussian_Sigma_0.24_Tau_Type_noisy_num_anchors_10 - INFO - Batch 95/8041: Clean accuracy 0.7579 | Adv accuracy: 0.7579 | Counter-attack accuracy: 0.4632
2026-02-12 16:57:47,099 - ADV_Generation_eps_0.0_steps_100_Added_Noise_gaussian_Sigma_0.24_Tau_Type_noisy_num_anchors_10 - INFO - Batch 96/8041: Clean accuracy 0.7500 | Adv accuracy: 0.7500 | Counter-attack accuracy: 0.4688
2026-02-12 16:57:47,515 - ADV_Generation_eps_0.0_steps_100_Added_Noise_gaussian_Sigma_0.24_Tau_Type_noisy_num_anchors_10 - INFO - Batch 97/8041: Clean accuracy 0.7526 | Adv accuracy: 0.7526 | Counter-attack accuracy: 0.4742
2026-02-12 16:57:47,930 - ADV_Generation_eps_0.0_steps_100_Added_Noise_gaussian_Sigma_0.24_Tau_Type_noisy_num_anchors_10 - INFO - Batch 98/8041: Clean accuracy 0.7551 | Adv accuracy: 0.7551 | Counter-attack accuracy: 0.4694
2026-02-12 16:57:48,346 - ADV_Generation_eps_0.0_steps_100_Added_Noise_gaussian_Sigma_0.24_Tau_Type_noisy_num_anchors_10 - INFO - Batch 99/8041: Clean accuracy 0.7576 | Adv accuracy: 0.7576 | Counter-attack accuracy: 0.4747
2026-02-12 16:57:48,761 - ADV_Generation_eps_0.0_steps_100_Added_Noise_gaussian_Sigma_0.24_Tau_Type_noisy_num_anchors_10 - INFO - Batch 100/8041: Clean accuracy 0.7600 | Adv accuracy: 0.7600 | Counter-attack accuracy: 0.4700
2026-02-12 16:57:49,177 - ADV_Generation_eps_0.0_steps_100_Added_Noise_gaussian_Sigma_0.24_Tau_Type_noisy_num_anchors_10 - INFO - Batch 101/8041: Clean accuracy 0.7624 | Adv accuracy: 0.7624 | Counter-attack accuracy: 0.4653
2026-02-12 16:57:49,592 - ADV_Generation_eps_0.0_steps_100_Added_Noise_gaussian_Sigma_0.24_Tau_Type_noisy_num_anchors_10 - INFO - Batch 102/8041: Clean accuracy 0.7647 | Adv accuracy: 0.7647 | Counter-attack accuracy: 0.4608
2026-02-12 16:57:50,008 - ADV_Generation_eps_0.0_steps_100_Added_Noise_gaussian_Sigma_0.24_Tau_Type_noisy_num_anchors_10 - INFO - Batch 103/8041: Clean accuracy 0.7670 | Adv accuracy: 0.7670 | Counter-attack accuracy: 0.4660
2026-02-12 16:57:50,423 - ADV_Generation_eps_0.0_steps_100_Added_Noise_gaussian_Sigma_0.24_Tau_Type_noisy_num_anchors_10 - INFO - Batch 104/8041: Clean accuracy 0.7692 | Adv accuracy: 0.7692 | Counter-attack accuracy: 0.4615
2026-02-12 16:57:50,838 - ADV_Generation_eps_0.0_steps_100_Added_Noise_gaussian_Sigma_0.24_Tau_Type_noisy_num_anchors_10 - INFO - Batch 105/8041: Clean accuracy 0.7619 | Adv accuracy: 0.7619 | Counter-attack accuracy: 0.4571
2026-02-12 16:57:51,254 - ADV_Generation_eps_0.0_steps_100_Added_Noise_gaussian_Sigma_0.24_Tau_Type_noisy_num_anchors_10 - INFO - Batch 106/8041: Clean accuracy 0.7547 | Adv accuracy: 0.7547 | Counter-attack accuracy: 0.4528
2026-02-12 16:57:51,669 - ADV_Generation_eps_0.0_steps_100_Added_Noise_gaussian_Sigma_0.24_Tau_Type_noisy_num_anchors_10 - INFO - Batch 107/8041: Clean accuracy 0.7477 | Adv accuracy: 0.7477 | Counter-attack accuracy: 0.4486
2026-02-12 16:57:52,085 - ADV_Generation_eps_0.0_steps_100_Added_Noise_gaussian_Sigma_0.24_Tau_Type_noisy_num_anchors_10 - INFO - Batch 108/8041: Clean accuracy 0.7500 | Adv accuracy: 0.7500 | Counter-attack accuracy: 0.4537
2026-02-12 16:57:52,500 - ADV_Generation_eps_0.0_steps_100_Added_Noise_gaussian_Sigma_0.24_Tau_Type_noisy_num_anchors_10 - INFO - Batch 109/8041: Clean accuracy 0.7523 | Adv accuracy: 0.7523 | Counter-attack accuracy: 0.4587
2026-02-12 16:57:52,915 - ADV_Generation_eps_0.0_steps_100_Added_Noise_gaussian_Sigma_0.24_Tau_Type_noisy_num_anchors_10 - INFO - Batch 110/8041: Clean accuracy 0.7455 | Adv accuracy: 0.7455 | Counter-attack accuracy: 0.4545
2026-02-12 16:57:53,331 - ADV_Generation_eps_0.0_steps_100_Added_Noise_gaussian_Sigma_0.24_Tau_Type_noisy_num_anchors_10 - INFO - Batch 111/8041: Clean accuracy 0.7477 | Adv accuracy: 0.7477 | Counter-attack accuracy: 0.4595
2026-02-12 16:57:53,746 - ADV_Generation_eps_0.0_steps_100_Added_Noise_gaussian_Sigma_0.24_Tau_Type_noisy_num_anchors_10 - INFO - Batch 112/8041: Clean accuracy 0.7500 | Adv accuracy: 0.7500 | Counter-attack accuracy: 0.4643
2026-02-12 16:57:54,161 - ADV_Generation_eps_0.0_steps_100_Added_Noise_gaussian_Sigma_0.24_Tau_Type_noisy_num_anchors_10 - INFO - Batch 113/8041: Clean accuracy 0.7522 | Adv accuracy: 0.7522 | Counter-attack accuracy: 0.4690
2026-02-12 16:57:54,577 - ADV_Generation_eps_0.0_steps_100_Added_Noise_gaussian_Sigma_0.24_Tau_Type_noisy_num_anchors_10 - INFO - Batch 114/8041: Clean accuracy 0.7544 | Adv accuracy: 0.7544 | Counter-attack accuracy: 0.4649
2026-02-12 16:57:54,992 - ADV_Generation_eps_0.0_steps_100_Added_Noise_gaussian_Sigma_0.24_Tau_Type_noisy_num_anchors_10 - INFO - Batch 115/8041: Clean accuracy 0.7478 | Adv accuracy: 0.7478 | Counter-attack accuracy: 0.4609
2026-02-12 16:57:55,407 - ADV_Generation_eps_0.0_steps_100_Added_Noise_gaussian_Sigma_0.24_Tau_Type_noisy_num_anchors_10 - INFO - Batch 116/8041: Clean accuracy 0.7500 | Adv accuracy: 0.7500 | Counter-attack accuracy: 0.4655
2026-02-12 16:57:55,823 - ADV_Generation_eps_0.0_steps_100_Added_Noise_gaussian_Sigma_0.24_Tau_Type_noisy_num_anchors_10 - INFO - Batch 117/8041: Clean accuracy 0.7436 | Adv accuracy: 0.7436 | Counter-attack accuracy: 0.4615
2026-02-12 16:57:56,238 - ADV_Generation_eps_0.0_steps_100_Added_Noise_gaussian_Sigma_0.24_Tau_Type_noisy_num_anchors_10 - INFO - Batch 118/8041: Clean accuracy 0.7373 | Adv accuracy: 0.7373 | Counter-attack accuracy: 0.4576
2026-02-12 16:57:56,653 - ADV_Generation_eps_0.0_steps_100_Added_Noise_gaussian_Sigma_0.24_Tau_Type_noisy_num_anchors_10 - INFO - Batch 119/8041: Clean accuracy 0.7311 | Adv accuracy: 0.7311 | Counter-attack accuracy: 0.4622
2026-02-12 16:57:57,069 - ADV_Generation_eps_0.0_steps_100_Added_Noise_gaussian_Sigma_0.24_Tau_Type_noisy_num_anchors_10 - INFO - Batch 120/8041: Clean accuracy 0.7333 | Adv accuracy: 0.7333 | Counter-attack accuracy: 0.4667
2026-02-12 16:57:57,484 - ADV_Generation_eps_0.0_steps_100_Added_Noise_gaussian_Sigma_0.24_Tau_Type_noisy_num_anchors_10 - INFO - Batch 121/8041: Clean accuracy 0.7273 | Adv accuracy: 0.7273 | Counter-attack accuracy: 0.4628
2026-02-12 16:57:57,899 - ADV_Generation_eps_0.0_steps_100_Added_Noise_gaussian_Sigma_0.24_Tau_Type_noisy_num_anchors_10 - INFO - Batch 122/8041: Clean accuracy 0.7295 | Adv accuracy: 0.7295 | Counter-attack accuracy: 0.4590
2026-02-12 16:57:58,315 - ADV_Generation_eps_0.0_steps_100_Added_Noise_gaussian_Sigma_0.24_Tau_Type_noisy_num_anchors_10 - INFO - Batch 123/8041: Clean accuracy 0.7317 | Adv accuracy: 0.7317 | Counter-attack accuracy: 0.4553
2026-02-12 16:57:58,730 - ADV_Generation_eps_0.0_steps_100_Added_Noise_gaussian_Sigma_0.24_Tau_Type_noisy_num_anchors_10 - INFO - Batch 124/8041: Clean accuracy 0.7258 | Adv accuracy: 0.7258 | Counter-attack accuracy: 0.4516
2026-02-12 16:57:59,145 - ADV_Generation_eps_0.0_steps_100_Added_Noise_gaussian_Sigma_0.24_Tau_Type_noisy_num_anchors_10 - INFO - Batch 125/8041: Clean accuracy 0.7200 | Adv accuracy: 0.7200 | Counter-attack accuracy: 0.4560
2026-02-12 16:57:59,560 - ADV_Generation_eps_0.0_steps_100_Added_Noise_gaussian_Sigma_0.24_Tau_Type_noisy_num_anchors_10 - INFO - Batch 126/8041: Clean accuracy 0.7222 | Adv accuracy: 0.7222 | Counter-attack accuracy: 0.4603
2026-02-12 16:57:59,976 - ADV_Generation_eps_0.0_steps_100_Added_Noise_gaussian_Sigma_0.24_Tau_Type_noisy_num_anchors_10 - INFO - Batch 127/8041: Clean accuracy 0.7244 | Adv accuracy: 0.7244 | Counter-attack accuracy: 0.4567
2026-02-12 16:58:00,391 - ADV_Generation_eps_0.0_steps_100_Added_Noise_gaussian_Sigma_0.24_Tau_Type_noisy_num_anchors_10 - INFO - Batch 128/8041: Clean accuracy 0.7266 | Adv accuracy: 0.7266 | Counter-attack accuracy: 0.4609
2026-02-12 16:58:00,807 - ADV_Generation_eps_0.0_steps_100_Added_Noise_gaussian_Sigma_0.24_Tau_Type_noisy_num_anchors_10 - INFO - Batch 129/8041: Clean accuracy 0.7287 | Adv accuracy: 0.7287 | Counter-attack accuracy: 0.4574
2026-02-12 16:58:01,222 - ADV_Generation_eps_0.0_steps_100_Added_Noise_gaussian_Sigma_0.24_Tau_Type_noisy_num_anchors_10 - INFO - Batch 130/8041: Clean accuracy 0.7308 | Adv accuracy: 0.7308 | Counter-attack accuracy: 0.4615
2026-02-12 16:58:01,637 - ADV_Generation_eps_0.0_steps_100_Added_Noise_gaussian_Sigma_0.24_Tau_Type_noisy_num_anchors_10 - INFO - Batch 131/8041: Clean accuracy 0.7328 | Adv accuracy: 0.7328 | Counter-attack accuracy: 0.4580
2026-02-12 16:58:02,053 - ADV_Generation_eps_0.0_steps_100_Added_Noise_gaussian_Sigma_0.24_Tau_Type_noisy_num_anchors_10 - INFO - Batch 132/8041: Clean accuracy 0.7273 | Adv accuracy: 0.7273 | Counter-attack accuracy: 0.4545
2026-02-12 16:58:02,468 - ADV_Generation_eps_0.0_steps_100_Added_Noise_gaussian_Sigma_0.24_Tau_Type_noisy_num_anchors_10 - INFO - Batch 133/8041: Clean accuracy 0.7218 | Adv accuracy: 0.7218 | Counter-attack accuracy: 0.4511
2026-02-12 16:58:02,883 - ADV_Generation_eps_0.0_steps_100_Added_Noise_gaussian_Sigma_0.24_Tau_Type_noisy_num_anchors_10 - INFO - Batch 134/8041: Clean accuracy 0.7164 | Adv accuracy: 0.7164 | Counter-attack accuracy: 0.4478
2026-02-12 16:58:03,299 - ADV_Generation_eps_0.0_steps_100_Added_Noise_gaussian_Sigma_0.24_Tau_Type_noisy_num_anchors_10 - INFO - Batch 135/8041: Clean accuracy 0.7111 | Adv accuracy: 0.7111 | Counter-attack accuracy: 0.4444
2026-02-12 16:58:03,714 - ADV_Generation_eps_0.0_steps_100_Added_Noise_gaussian_Sigma_0.24_Tau_Type_noisy_num_anchors_10 - INFO - Batch 136/8041: Clean accuracy 0.7132 | Adv accuracy: 0.7132 | Counter-attack accuracy: 0.4412
2026-02-12 16:58:04,129 - ADV_Generation_eps_0.0_steps_100_Added_Noise_gaussian_Sigma_0.24_Tau_Type_noisy_num_anchors_10 - INFO - Batch 137/8041: Clean accuracy 0.7153 | Adv accuracy: 0.7153 | Counter-attack accuracy: 0.4380
2026-02-12 16:58:04,545 - ADV_Generation_eps_0.0_steps_100_Added_Noise_gaussian_Sigma_0.24_Tau_Type_noisy_num_anchors_10 - INFO - Batch 138/8041: Clean accuracy 0.7174 | Adv accuracy: 0.7174 | Counter-attack accuracy: 0.4348
2026-02-12 16:58:04,960 - ADV_Generation_eps_0.0_steps_100_Added_Noise_gaussian_Sigma_0.24_Tau_Type_noisy_num_anchors_10 - INFO - Batch 139/8041: Clean accuracy 0.7194 | Adv accuracy: 0.7194 | Counter-attack accuracy: 0.4317
2026-02-12 16:58:05,375 - ADV_Generation_eps_0.0_steps_100_Added_Noise_gaussian_Sigma_0.24_Tau_Type_noisy_num_anchors_10 - INFO - Batch 140/8041: Clean accuracy 0.7214 | Adv accuracy: 0.7214 | Counter-attack accuracy: 0.4286
2026-02-12 16:58:05,791 - ADV_Generation_eps_0.0_steps_100_Added_Noise_gaussian_Sigma_0.24_Tau_Type_noisy_num_anchors_10 - INFO - Batch 141/8041: Clean accuracy 0.7234 | Adv accuracy: 0.7234 | Counter-attack accuracy: 0.4255
2026-02-12 16:58:06,206 - ADV_Generation_eps_0.0_steps_100_Added_Noise_gaussian_Sigma_0.24_Tau_Type_noisy_num_anchors_10 - INFO - Batch 142/8041: Clean accuracy 0.7254 | Adv accuracy: 0.7254 | Counter-attack accuracy: 0.4225
2026-02-12 16:58:06,621 - ADV_Generation_eps_0.0_steps_100_Added_Noise_gaussian_Sigma_0.24_Tau_Type_noisy_num_anchors_10 - INFO - Batch 143/8041: Clean accuracy 0.7273 | Adv accuracy: 0.7273 | Counter-attack accuracy: 0.4266
2026-02-12 16:58:07,036 - ADV_Generation_eps_0.0_steps_100_Added_Noise_gaussian_Sigma_0.24_Tau_Type_noisy_num_anchors_10 - INFO - Batch 144/8041: Clean accuracy 0.7222 | Adv accuracy: 0.7222 | Counter-attack accuracy: 0.4236
2026-02-12 16:58:07,452 - ADV_Generation_eps_0.0_steps_100_Added_Noise_gaussian_Sigma_0.24_Tau_Type_noisy_num_anchors_10 - INFO - Batch 145/8041: Clean accuracy 0.7241 | Adv accuracy: 0.7241 | Counter-attack accuracy: 0.4207
2026-02-12 16:58:07,867 - ADV_Generation_eps_0.0_steps_100_Added_Noise_gaussian_Sigma_0.24_Tau_Type_noisy_num_anchors_10 - INFO - Batch 146/8041: Clean accuracy 0.7260 | Adv accuracy: 0.7260 | Counter-attack accuracy: 0.4247
2026-02-12 16:58:08,283 - ADV_Generation_eps_0.0_steps_100_Added_Noise_gaussian_Sigma_0.24_Tau_Type_noisy_num_anchors_10 - INFO - Batch 147/8041: Clean accuracy 0.7279 | Adv accuracy: 0.7279 | Counter-attack accuracy: 0.4286
2026-02-12 16:58:08,698 - ADV_Generation_eps_0.0_steps_100_Added_Noise_gaussian_Sigma_0.24_Tau_Type_noisy_num_anchors_10 - INFO - Batch 148/8041: Clean accuracy 0.7230 | Adv accuracy: 0.7230 | Counter-attack accuracy: 0.4257
2026-02-12 16:58:09,114 - ADV_Generation_eps_0.0_steps_100_Added_Noise_gaussian_Sigma_0.24_Tau_Type_noisy_num_anchors_10 - INFO - Batch 149/8041: Clean accuracy 0.7248 | Adv accuracy: 0.7248 | Counter-attack accuracy: 0.4228
2026-02-12 16:58:09,529 - ADV_Generation_eps_0.0_steps_100_Added_Noise_gaussian_Sigma_0.24_Tau_Type_noisy_num_anchors_10 - INFO - Batch 150/8041: Clean accuracy 0.7200 | Adv accuracy: 0.7200 | Counter-attack accuracy: 0.4267
2026-02-12 16:58:09,944 - ADV_Generation_eps_0.0_steps_100_Added_Noise_gaussian_Sigma_0.24_Tau_Type_noisy_num_anchors_10 - INFO - Batch 151/8041: Clean accuracy 0.7219 | Adv accuracy: 0.7219 | Counter-attack accuracy: 0.4305
2026-02-12 16:58:10,360 - ADV_Generation_eps_0.0_steps_100_Added_Noise_gaussian_Sigma_0.24_Tau_Type_noisy_num_anchors_10 - INFO - Batch 152/8041: Clean accuracy 0.7171 | Adv accuracy: 0.7171 | Counter-attack accuracy: 0.4276
2026-02-12 16:58:10,775 - ADV_Generation_eps_0.0_steps_100_Added_Noise_gaussian_Sigma_0.24_Tau_Type_noisy_num_anchors_10 - INFO - Batch 153/8041: Clean accuracy 0.7190 | Adv accuracy: 0.7190 | Counter-attack accuracy: 0.4314
2026-02-12 16:58:11,190 - ADV_Generation_eps_0.0_steps_100_Added_Noise_gaussian_Sigma_0.24_Tau_Type_noisy_num_anchors_10 - INFO - Batch 154/8041: Clean accuracy 0.7208 | Adv accuracy: 0.7208 | Counter-attack accuracy: 0.4351
2026-02-12 16:58:11,605 - ADV_Generation_eps_0.0_steps_100_Added_Noise_gaussian_Sigma_0.24_Tau_Type_noisy_num_anchors_10 - INFO - Batch 155/8041: Clean accuracy 0.7226 | Adv accuracy: 0.7226 | Counter-attack accuracy: 0.4323
2026-02-12 16:58:12,021 - ADV_Generation_eps_0.0_steps_100_Added_Noise_gaussian_Sigma_0.24_Tau_Type_noisy_num_anchors_10 - INFO - Batch 156/8041: Clean accuracy 0.7244 | Adv accuracy: 0.7244 | Counter-attack accuracy: 0.4359
2026-02-12 16:58:12,436 - ADV_Generation_eps_0.0_steps_100_Added_Noise_gaussian_Sigma_0.24_Tau_Type_noisy_num_anchors_10 - INFO - Batch 157/8041: Clean accuracy 0.7261 | Adv accuracy: 0.7261 | Counter-attack accuracy: 0.4331
2026-02-12 16:58:12,852 - ADV_Generation_eps_0.0_steps_100_Added_Noise_gaussian_Sigma_0.24_Tau_Type_noisy_num_anchors_10 - INFO - Batch 158/8041: Clean accuracy 0.7278 | Adv accuracy: 0.7278 | Counter-attack accuracy: 0.4367
2026-02-12 16:58:13,267 - ADV_Generation_eps_0.0_steps_100_Added_Noise_gaussian_Sigma_0.24_Tau_Type_noisy_num_anchors_10 - INFO - Batch 159/8041: Clean accuracy 0.7296 | Adv accuracy: 0.7296 | Counter-attack accuracy: 0.4403
2026-02-12 16:58:13,682 - ADV_Generation_eps_0.0_steps_100_Added_Noise_gaussian_Sigma_0.24_Tau_Type_noisy_num_anchors_10 - INFO - Batch 160/8041: Clean accuracy 0.7312 | Adv accuracy: 0.7312 | Counter-attack accuracy: 0.4437
2026-02-12 16:58:14,098 - ADV_Generation_eps_0.0_steps_100_Added_Noise_gaussian_Sigma_0.24_Tau_Type_noisy_num_anchors_10 - INFO - Batch 161/8041: Clean accuracy 0.7329 | Adv accuracy: 0.7329 | Counter-attack accuracy: 0.4410
2026-02-12 16:58:14,513 - ADV_Generation_eps_0.0_steps_100_Added_Noise_gaussian_Sigma_0.24_Tau_Type_noisy_num_anchors_10 - INFO - Batch 162/8041: Clean accuracy 0.7284 | Adv accuracy: 0.7284 | Counter-attack accuracy: 0.4383
2026-02-12 16:58:14,928 - ADV_Generation_eps_0.0_steps_100_Added_Noise_gaussian_Sigma_0.24_Tau_Type_noisy_num_anchors_10 - INFO - Batch 163/8041: Clean accuracy 0.7301 | Adv accuracy: 0.7301 | Counter-attack accuracy: 0.4356
2026-02-12 16:58:15,344 - ADV_Generation_eps_0.0_steps_100_Added_Noise_gaussian_Sigma_0.24_Tau_Type_noisy_num_anchors_10 - INFO - Batch 164/8041: Clean accuracy 0.7317 | Adv accuracy: 0.7317 | Counter-attack accuracy: 0.4390
2026-02-12 16:58:15,759 - ADV_Generation_eps_0.0_steps_100_Added_Noise_gaussian_Sigma_0.24_Tau_Type_noisy_num_anchors_10 - INFO - Batch 165/8041: Clean accuracy 0.7333 | Adv accuracy: 0.7333 | Counter-attack accuracy: 0.4364
2026-02-12 16:58:16,174 - ADV_Generation_eps_0.0_steps_100_Added_Noise_gaussian_Sigma_0.24_Tau_Type_noisy_num_anchors_10 - INFO - Batch 166/8041: Clean accuracy 0.7289 | Adv accuracy: 0.7289 | Counter-attack accuracy: 0.4337
2026-02-12 16:58:16,590 - ADV_Generation_eps_0.0_steps_100_Added_Noise_gaussian_Sigma_0.24_Tau_Type_noisy_num_anchors_10 - INFO - Batch 167/8041: Clean accuracy 0.7305 | Adv accuracy: 0.7305 | Counter-attack accuracy: 0.4311
2026-02-12 16:58:17,005 - ADV_Generation_eps_0.0_steps_100_Added_Noise_gaussian_Sigma_0.24_Tau_Type_noisy_num_anchors_10 - INFO - Batch 168/8041: Clean accuracy 0.7321 | Adv accuracy: 0.7321 | Counter-attack accuracy: 0.4345
2026-02-12 16:58:17,420 - ADV_Generation_eps_0.0_steps_100_Added_Noise_gaussian_Sigma_0.24_Tau_Type_noisy_num_anchors_10 - INFO - Batch 169/8041: Clean accuracy 0.7337 | Adv accuracy: 0.7337 | Counter-attack accuracy: 0.4379
2026-02-12 16:58:17,835 - ADV_Generation_eps_0.0_steps_100_Added_Noise_gaussian_Sigma_0.24_Tau_Type_noisy_num_anchors_10 - INFO - Batch 170/8041: Clean accuracy 0.7353 | Adv accuracy: 0.7353 | Counter-attack accuracy: 0.4412
2026-02-12 16:58:18,251 - ADV_Generation_eps_0.0_steps_100_Added_Noise_gaussian_Sigma_0.24_Tau_Type_noisy_num_anchors_10 - INFO - Batch 171/8041: Clean accuracy 0.7368 | Adv accuracy: 0.7368 | Counter-attack accuracy: 0.4386
2026-02-12 16:58:18,666 - ADV_Generation_eps_0.0_steps_100_Added_Noise_gaussian_Sigma_0.24_Tau_Type_noisy_num_anchors_10 - INFO - Batch 172/8041: Clean accuracy 0.7384 | Adv accuracy: 0.7384 | Counter-attack accuracy: 0.4419
2026-02-12 16:58:19,082 - ADV_Generation_eps_0.0_steps_100_Added_Noise_gaussian_Sigma_0.24_Tau_Type_noisy_num_anchors_10 - INFO - Batch 173/8041: Clean accuracy 0.7399 | Adv accuracy: 0.7399 | Counter-attack accuracy: 0.4451
2026-02-12 16:58:19,497 - ADV_Generation_eps_0.0_steps_100_Added_Noise_gaussian_Sigma_0.24_Tau_Type_noisy_num_anchors_10 - INFO - Batch 174/8041: Clean accuracy 0.7414 | Adv accuracy: 0.7414 | Counter-attack accuracy: 0.4425
2026-02-12 16:58:19,912 - ADV_Generation_eps_0.0_steps_100_Added_Noise_gaussian_Sigma_0.24_Tau_Type_noisy_num_anchors_10 - INFO - Batch 175/8041: Clean accuracy 0.7429 | Adv accuracy: 0.7429 | Counter-attack accuracy: 0.4400
2026-02-12 16:58:20,327 - ADV_Generation_eps_0.0_steps_100_Added_Noise_gaussian_Sigma_0.24_Tau_Type_noisy_num_anchors_10 - INFO - Batch 176/8041: Clean accuracy 0.7443 | Adv accuracy: 0.7443 | Counter-attack accuracy: 0.4432
2026-02-12 16:58:20,743 - ADV_Generation_eps_0.0_steps_100_Added_Noise_gaussian_Sigma_0.24_Tau_Type_noisy_num_anchors_10 - INFO - Batch 177/8041: Clean accuracy 0.7458 | Adv accuracy: 0.7458 | Counter-attack accuracy: 0.4463
2026-02-12 16:58:21,158 - ADV_Generation_eps_0.0_steps_100_Added_Noise_gaussian_Sigma_0.24_Tau_Type_noisy_num_anchors_10 - INFO - Batch 178/8041: Clean accuracy 0.7416 | Adv accuracy: 0.7416 | Counter-attack accuracy: 0.4494
2026-02-12 16:58:21,573 - ADV_Generation_eps_0.0_steps_100_Added_Noise_gaussian_Sigma_0.24_Tau_Type_noisy_num_anchors_10 - INFO - Batch 179/8041: Clean accuracy 0.7374 | Adv accuracy: 0.7374 | Counter-attack accuracy: 0.4469
2026-02-12 16:58:21,989 - ADV_Generation_eps_0.0_steps_100_Added_Noise_gaussian_Sigma_0.24_Tau_Type_noisy_num_anchors_10 - INFO - Batch 180/8041: Clean accuracy 0.7389 | Adv accuracy: 0.7389 | Counter-attack accuracy: 0.4500
2026-02-12 16:58:22,404 - ADV_Generation_eps_0.0_steps_100_Added_Noise_gaussian_Sigma_0.24_Tau_Type_noisy_num_anchors_10 - INFO - Batch 181/8041: Clean accuracy 0.7348 | Adv accuracy: 0.7348 | Counter-attack accuracy: 0.4530
2026-02-12 16:58:22,819 - ADV_Generation_eps_0.0_steps_100_Added_Noise_gaussian_Sigma_0.24_Tau_Type_noisy_num_anchors_10 - INFO - Batch 182/8041: Clean accuracy 0.7363 | Adv accuracy: 0.7363 | Counter-attack accuracy: 0.4560
2026-02-12 16:58:23,234 - ADV_Generation_eps_0.0_steps_100_Added_Noise_gaussian_Sigma_0.24_Tau_Type_noisy_num_anchors_10 - INFO - Batch 183/8041: Clean accuracy 0.7377 | Adv accuracy: 0.7377 | Counter-attack accuracy: 0.4536
2026-02-12 16:58:23,650 - ADV_Generation_eps_0.0_steps_100_Added_Noise_gaussian_Sigma_0.24_Tau_Type_noisy_num_anchors_10 - INFO - Batch 184/8041: Clean accuracy 0.7337 | Adv accuracy: 0.7337 | Counter-attack accuracy: 0.4511
2026-02-12 16:58:24,065 - ADV_Generation_eps_0.0_steps_100_Added_Noise_gaussian_Sigma_0.24_Tau_Type_noisy_num_anchors_10 - INFO - Batch 185/8041: Clean accuracy 0.7297 | Adv accuracy: 0.7297 | Counter-attack accuracy: 0.4486
2026-02-12 16:58:24,480 - ADV_Generation_eps_0.0_steps_100_Added_Noise_gaussian_Sigma_0.24_Tau_Type_noisy_num_anchors_10 - INFO - Batch 186/8041: Clean accuracy 0.7258 | Adv accuracy: 0.7258 | Counter-attack accuracy: 0.4462
2026-02-12 16:58:24,896 - ADV_Generation_eps_0.0_steps_100_Added_Noise_gaussian_Sigma_0.24_Tau_Type_noisy_num_anchors_10 - INFO - Batch 187/8041: Clean accuracy 0.7273 | Adv accuracy: 0.7273 | Counter-attack accuracy: 0.4439
2026-02-12 16:58:25,311 - ADV_Generation_eps_0.0_steps_100_Added_Noise_gaussian_Sigma_0.24_Tau_Type_noisy_num_anchors_10 - INFO - Batch 188/8041: Clean accuracy 0.7287 | Adv accuracy: 0.7287 | Counter-attack accuracy: 0.4468
2026-02-12 16:58:25,726 - ADV_Generation_eps_0.0_steps_100_Added_Noise_gaussian_Sigma_0.24_Tau_Type_noisy_num_anchors_10 - INFO - Batch 189/8041: Clean accuracy 0.7302 | Adv accuracy: 0.7302 | Counter-attack accuracy: 0.4497
2026-02-12 16:58:26,142 - ADV_Generation_eps_0.0_steps_100_Added_Noise_gaussian_Sigma_0.24_Tau_Type_noisy_num_anchors_10 - INFO - Batch 190/8041: Clean accuracy 0.7316 | Adv accuracy: 0.7316 | Counter-attack accuracy: 0.4526
2026-02-12 16:58:26,557 - ADV_Generation_eps_0.0_steps_100_Added_Noise_gaussian_Sigma_0.24_Tau_Type_noisy_num_anchors_10 - INFO - Batch 191/8041: Clean accuracy 0.7277 | Adv accuracy: 0.7277 | Counter-attack accuracy: 0.4555
2026-02-12 16:58:26,972 - ADV_Generation_eps_0.0_steps_100_Added_Noise_gaussian_Sigma_0.24_Tau_Type_noisy_num_anchors_10 - INFO - Batch 192/8041: Clean accuracy 0.7292 | Adv accuracy: 0.7292 | Counter-attack accuracy: 0.4531
2026-02-12 16:58:27,387 - ADV_Generation_eps_0.0_steps_100_Added_Noise_gaussian_Sigma_0.24_Tau_Type_noisy_num_anchors_10 - INFO - Batch 193/8041: Clean accuracy 0.7254 | Adv accuracy: 0.7254 | Counter-attack accuracy: 0.4508
2026-02-12 16:58:27,803 - ADV_Generation_eps_0.0_steps_100_Added_Noise_gaussian_Sigma_0.24_Tau_Type_noisy_num_anchors_10 - INFO - Batch 194/8041: Clean accuracy 0.7268 | Adv accuracy: 0.7268 | Counter-attack accuracy: 0.4536
2026-02-12 16:58:28,218 - ADV_Generation_eps_0.0_steps_100_Added_Noise_gaussian_Sigma_0.24_Tau_Type_noisy_num_anchors_10 - INFO - Batch 195/8041: Clean accuracy 0.7231 | Adv accuracy: 0.7231 | Counter-attack accuracy: 0.4513
2026-02-12 16:58:28,633 - ADV_Generation_eps_0.0_steps_100_Added_Noise_gaussian_Sigma_0.24_Tau_Type_noisy_num_anchors_10 - INFO - Batch 196/8041: Clean accuracy 0.7245 | Adv accuracy: 0.7245 | Counter-attack accuracy: 0.4541
2026-02-12 16:58:29,049 - ADV_Generation_eps_0.0_steps_100_Added_Noise_gaussian_Sigma_0.24_Tau_Type_noisy_num_anchors_10 - INFO - Batch 197/8041: Clean accuracy 0.7259 | Adv accuracy: 0.7259 | Counter-attack accuracy: 0.4569
2026-02-12 16:58:29,465 - ADV_Generation_eps_0.0_steps_100_Added_Noise_gaussian_Sigma_0.24_Tau_Type_noisy_num_anchors_10 - INFO - Batch 198/8041: Clean accuracy 0.7273 | Adv accuracy: 0.7273 | Counter-attack accuracy: 0.4596
2026-02-12 16:58:29,880 - ADV_Generation_eps_0.0_steps_100_Added_Noise_gaussian_Sigma_0.24_Tau_Type_noisy_num_anchors_10 - INFO - Batch 199/8041: Clean accuracy 0.7236 | Adv accuracy: 0.7236 | Counter-attack accuracy: 0.4573
2026-02-12 16:58:30,295 - ADV_Generation_eps_0.0_steps_100_Added_Noise_gaussian_Sigma_0.24_Tau_Type_noisy_num_anchors_10 - INFO - Batch 200/8041: Clean accuracy 0.7250 | Adv accuracy: 0.7250 | Counter-attack accuracy: 0.4600
2026-02-12 16:58:30,710 - ADV_Generation_eps_0.0_steps_100_Added_Noise_gaussian_Sigma_0.24_Tau_Type_noisy_num_anchors_10 - INFO - Batch 201/8041: Clean accuracy 0.7264 | Adv accuracy: 0.7264 | Counter-attack accuracy: 0.4577
2026-02-12 16:58:31,126 - ADV_Generation_eps_0.0_steps_100_Added_Noise_gaussian_Sigma_0.24_Tau_Type_noisy_num_anchors_10 - INFO - Batch 202/8041: Clean accuracy 0.7277 | Adv accuracy: 0.7277 | Counter-attack accuracy: 0.4604
2026-02-12 16:58:31,541 - ADV_Generation_eps_0.0_steps_100_Added_Noise_gaussian_Sigma_0.24_Tau_Type_noisy_num_anchors_10 - INFO - Batch 203/8041: Clean accuracy 0.7291 | Adv accuracy: 0.7291 | Counter-attack accuracy: 0.4581
2026-02-12 16:58:31,956 - ADV_Generation_eps_0.0_steps_100_Added_Noise_gaussian_Sigma_0.24_Tau_Type_noisy_num_anchors_10 - INFO - Batch 204/8041: Clean accuracy 0.7255 | Adv accuracy: 0.7255 | Counter-attack accuracy: 0.4608
2026-02-12 16:58:32,372 - ADV_Generation_eps_0.0_steps_100_Added_Noise_gaussian_Sigma_0.24_Tau_Type_noisy_num_anchors_10 - INFO - Batch 205/8041: Clean accuracy 0.7220 | Adv accuracy: 0.7220 | Counter-attack accuracy: 0.4585
2026-02-12 16:58:32,787 - ADV_Generation_eps_0.0_steps_100_Added_Noise_gaussian_Sigma_0.24_Tau_Type_noisy_num_anchors_10 - INFO - Batch 206/8041: Clean accuracy 0.7233 | Adv accuracy: 0.7233 | Counter-attack accuracy: 0.4612
2026-02-12 16:58:33,202 - ADV_Generation_eps_0.0_steps_100_Added_Noise_gaussian_Sigma_0.24_Tau_Type_noisy_num_anchors_10 - INFO - Batch 207/8041: Clean accuracy 0.7246 | Adv accuracy: 0.7246 | Counter-attack accuracy: 0.4589
2026-02-12 16:58:33,618 - ADV_Generation_eps_0.0_steps_100_Added_Noise_gaussian_Sigma_0.24_Tau_Type_noisy_num_anchors_10 - INFO - Batch 208/8041: Clean accuracy 0.7212 | Adv accuracy: 0.7212 | Counter-attack accuracy: 0.4567
2026-02-12 16:58:34,033 - ADV_Generation_eps_0.0_steps_100_Added_Noise_gaussian_Sigma_0.24_Tau_Type_noisy_num_anchors_10 - INFO - Batch 209/8041: Clean accuracy 0.7177 | Adv accuracy: 0.7177 | Counter-attack accuracy: 0.4545
2026-02-12 16:58:34,448 - ADV_Generation_eps_0.0_steps_100_Added_Noise_gaussian_Sigma_0.24_Tau_Type_noisy_num_anchors_10 - INFO - Batch 210/8041: Clean accuracy 0.7190 | Adv accuracy: 0.7190 | Counter-attack accuracy: 0.4571
2026-02-12 16:58:34,864 - ADV_Generation_eps_0.0_steps_100_Added_Noise_gaussian_Sigma_0.24_Tau_Type_noisy_num_anchors_10 - INFO - Batch 211/8041: Clean accuracy 0.7156 | Adv accuracy: 0.7156 | Counter-attack accuracy: 0.4597
2026-02-12 16:58:35,279 - ADV_Generation_eps_0.0_steps_100_Added_Noise_gaussian_Sigma_0.24_Tau_Type_noisy_num_anchors_10 - INFO - Batch 212/8041: Clean accuracy 0.7170 | Adv accuracy: 0.7170 | Counter-attack accuracy: 0.4623
2026-02-12 16:58:35,694 - ADV_Generation_eps_0.0_steps_100_Added_Noise_gaussian_Sigma_0.24_Tau_Type_noisy_num_anchors_10 - INFO - Batch 213/8041: Clean accuracy 0.7183 | Adv accuracy: 0.7183 | Counter-attack accuracy: 0.4648
2026-02-12 16:58:36,110 - ADV_Generation_eps_0.0_steps_100_Added_Noise_gaussian_Sigma_0.24_Tau_Type_noisy_num_anchors_10 - INFO - Batch 214/8041: Clean accuracy 0.7196 | Adv accuracy: 0.7196 | Counter-attack accuracy: 0.4626
2026-02-12 16:58:36,525 - ADV_Generation_eps_0.0_steps_100_Added_Noise_gaussian_Sigma_0.24_Tau_Type_noisy_num_anchors_10 - INFO - Batch 215/8041: Clean accuracy 0.7209 | Adv accuracy: 0.7209 | Counter-attack accuracy: 0.4651
2026-02-12 16:58:36,940 - ADV_Generation_eps_0.0_steps_100_Added_Noise_gaussian_Sigma_0.24_Tau_Type_noisy_num_anchors_10 - INFO - Batch 216/8041: Clean accuracy 0.7222 | Adv accuracy: 0.7222 | Counter-attack accuracy: 0.4676
2026-02-12 16:58:37,355 - ADV_Generation_eps_0.0_steps_100_Added_Noise_gaussian_Sigma_0.24_Tau_Type_noisy_num_anchors_10 - INFO - Batch 217/8041: Clean accuracy 0.7235 | Adv accuracy: 0.7235 | Counter-attack accuracy: 0.4700
2026-02-12 16:58:37,771 - ADV_Generation_eps_0.0_steps_100_Added_Noise_gaussian_Sigma_0.24_Tau_Type_noisy_num_anchors_10 - INFO - Batch 218/8041: Clean accuracy 0.7248 | Adv accuracy: 0.7248 | Counter-attack accuracy: 0.4725
2026-02-12 16:58:38,186 - ADV_Generation_eps_0.0_steps_100_Added_Noise_gaussian_Sigma_0.24_Tau_Type_noisy_num_anchors_10 - INFO - Batch 219/8041: Clean accuracy 0.7215 | Adv accuracy: 0.7215 | Counter-attack accuracy: 0.4703
2026-02-12 16:58:38,601 - ADV_Generation_eps_0.0_steps_100_Added_Noise_gaussian_Sigma_0.24_Tau_Type_noisy_num_anchors_10 - INFO - Batch 220/8041: Clean accuracy 0.7182 | Adv accuracy: 0.7182 | Counter-attack accuracy: 0.4682
2026-02-12 16:58:39,017 - ADV_Generation_eps_0.0_steps_100_Added_Noise_gaussian_Sigma_0.24_Tau_Type_noisy_num_anchors_10 - INFO - Batch 221/8041: Clean accuracy 0.7149 | Adv accuracy: 0.7149 | Counter-attack accuracy: 0.4706
2026-02-12 16:58:39,432 - ADV_Generation_eps_0.0_steps_100_Added_Noise_gaussian_Sigma_0.24_Tau_Type_noisy_num_anchors_10 - INFO - Batch 222/8041: Clean accuracy 0.7162 | Adv accuracy: 0.7162 | Counter-attack accuracy: 0.4730
2026-02-12 16:58:39,847 - ADV_Generation_eps_0.0_steps_100_Added_Noise_gaussian_Sigma_0.24_Tau_Type_noisy_num_anchors_10 - INFO - Batch 223/8041: Clean accuracy 0.7175 | Adv accuracy: 0.7175 | Counter-attack accuracy: 0.4753
2026-02-12 16:58:40,263 - ADV_Generation_eps_0.0_steps_100_Added_Noise_gaussian_Sigma_0.24_Tau_Type_noisy_num_anchors_10 - INFO - Batch 224/8041: Clean accuracy 0.7188 | Adv accuracy: 0.7188 | Counter-attack accuracy: 0.4732
2026-02-12 16:58:40,678 - ADV_Generation_eps_0.0_steps_100_Added_Noise_gaussian_Sigma_0.24_Tau_Type_noisy_num_anchors_10 - INFO - Batch 225/8041: Clean accuracy 0.7200 | Adv accuracy: 0.7200 | Counter-attack accuracy: 0.4756
2026-02-12 16:58:41,093 - ADV_Generation_eps_0.0_steps_100_Added_Noise_gaussian_Sigma_0.24_Tau_Type_noisy_num_anchors_10 - INFO - Batch 226/8041: Clean accuracy 0.7212 | Adv accuracy: 0.7212 | Counter-attack accuracy: 0.4735
2026-02-12 16:58:41,509 - ADV_Generation_eps_0.0_steps_100_Added_Noise_gaussian_Sigma_0.24_Tau_Type_noisy_num_anchors_10 - INFO - Batch 227/8041: Clean accuracy 0.7225 | Adv accuracy: 0.7225 | Counter-attack accuracy: 0.4758
2026-02-12 16:58:41,924 - ADV_Generation_eps_0.0_steps_100_Added_Noise_gaussian_Sigma_0.24_Tau_Type_noisy_num_anchors_10 - INFO - Batch 228/8041: Clean accuracy 0.7237 | Adv accuracy: 0.7237 | Counter-attack accuracy: 0.4781
2026-02-12 16:58:42,339 - ADV_Generation_eps_0.0_steps_100_Added_Noise_gaussian_Sigma_0.24_Tau_Type_noisy_num_anchors_10 - INFO - Batch 229/8041: Clean accuracy 0.7249 | Adv accuracy: 0.7249 | Counter-attack accuracy: 0.4803
2026-02-12 16:58:42,754 - ADV_Generation_eps_0.0_steps_100_Added_Noise_gaussian_Sigma_0.24_Tau_Type_noisy_num_anchors_10 - INFO - Batch 230/8041: Clean accuracy 0.7261 | Adv accuracy: 0.7261 | Counter-attack accuracy: 0.4826
2026-02-12 16:58:43,170 - ADV_Generation_eps_0.0_steps_100_Added_Noise_gaussian_Sigma_0.24_Tau_Type_noisy_num_anchors_10 - INFO - Batch 231/8041: Clean accuracy 0.7273 | Adv accuracy: 0.7273 | Counter-attack accuracy: 0.4805
2026-02-12 16:58:43,585 - ADV_Generation_eps_0.0_steps_100_Added_Noise_gaussian_Sigma_0.24_Tau_Type_noisy_num_anchors_10 - INFO - Batch 232/8041: Clean accuracy 0.7241 | Adv accuracy: 0.7241 | Counter-attack accuracy: 0.4784
2026-02-12 16:58:44,000 - ADV_Generation_eps_0.0_steps_100_Added_Noise_gaussian_Sigma_0.24_Tau_Type_noisy_num_anchors_10 - INFO - Batch 233/8041: Clean accuracy 0.7253 | Adv accuracy: 0.7253 | Counter-attack accuracy: 0.4764
2026-02-12 16:58:44,415 - ADV_Generation_eps_0.0_steps_100_Added_Noise_gaussian_Sigma_0.24_Tau_Type_noisy_num_anchors_10 - INFO - Batch 234/8041: Clean accuracy 0.7265 | Adv accuracy: 0.7265 | Counter-attack accuracy: 0.4786
2026-02-12 16:58:44,831 - ADV_Generation_eps_0.0_steps_100_Added_Noise_gaussian_Sigma_0.24_Tau_Type_noisy_num_anchors_10 - INFO - Batch 235/8041: Clean accuracy 0.7277 | Adv accuracy: 0.7277 | Counter-attack accuracy: 0.4809
2026-02-12 16:58:45,246 - ADV_Generation_eps_0.0_steps_100_Added_Noise_gaussian_Sigma_0.24_Tau_Type_noisy_num_anchors_10 - INFO - Batch 236/8041: Clean accuracy 0.7288 | Adv accuracy: 0.7288 | Counter-attack accuracy: 0.4788
2026-02-12 16:58:45,661 - ADV_Generation_eps_0.0_steps_100_Added_Noise_gaussian_Sigma_0.24_Tau_Type_noisy_num_anchors_10 - INFO - Batch 237/8041: Clean accuracy 0.7300 | Adv accuracy: 0.7300 | Counter-attack accuracy: 0.4768
2026-02-12 16:58:46,076 - ADV_Generation_eps_0.0_steps_100_Added_Noise_gaussian_Sigma_0.24_Tau_Type_noisy_num_anchors_10 - INFO - Batch 238/8041: Clean accuracy 0.7311 | Adv accuracy: 0.7311 | Counter-attack accuracy: 0.4748
2026-02-12 16:58:46,491 - ADV_Generation_eps_0.0_steps_100_Added_Noise_gaussian_Sigma_0.24_Tau_Type_noisy_num_anchors_10 - INFO - Batch 239/8041: Clean accuracy 0.7322 | Adv accuracy: 0.7322 | Counter-attack accuracy: 0.4770
2026-02-12 16:58:46,907 - ADV_Generation_eps_0.0_steps_100_Added_Noise_gaussian_Sigma_0.24_Tau_Type_noisy_num_anchors_10 - INFO - Batch 240/8041: Clean accuracy 0.7333 | Adv accuracy: 0.7333 | Counter-attack accuracy: 0.4792
2026-02-12 16:58:47,322 - ADV_Generation_eps_0.0_steps_100_Added_Noise_gaussian_Sigma_0.24_Tau_Type_noisy_num_anchors_10 - INFO - Batch 241/8041: Clean accuracy 0.7344 | Adv accuracy: 0.7344 | Counter-attack accuracy: 0.4813
2026-02-12 16:58:47,737 - ADV_Generation_eps_0.0_steps_100_Added_Noise_gaussian_Sigma_0.24_Tau_Type_noisy_num_anchors_10 - INFO - Batch 242/8041: Clean accuracy 0.7355 | Adv accuracy: 0.7355 | Counter-attack accuracy: 0.4835
2026-02-12 16:58:48,153 - ADV_Generation_eps_0.0_steps_100_Added_Noise_gaussian_Sigma_0.24_Tau_Type_noisy_num_anchors_10 - INFO - Batch 243/8041: Clean accuracy 0.7366 | Adv accuracy: 0.7366 | Counter-attack accuracy: 0.4856
2026-02-12 16:58:48,568 - ADV_Generation_eps_0.0_steps_100_Added_Noise_gaussian_Sigma_0.24_Tau_Type_noisy_num_anchors_10 - INFO - Batch 244/8041: Clean accuracy 0.7377 | Adv accuracy: 0.7377 | Counter-attack accuracy: 0.4877
2026-02-12 16:58:48,983 - ADV_Generation_eps_0.0_steps_100_Added_Noise_gaussian_Sigma_0.24_Tau_Type_noisy_num_anchors_10 - INFO - Batch 245/8041: Clean accuracy 0.7388 | Adv accuracy: 0.7388 | Counter-attack accuracy: 0.4857
2026-02-12 16:58:49,399 - ADV_Generation_eps_0.0_steps_100_Added_Noise_gaussian_Sigma_0.24_Tau_Type_noisy_num_anchors_10 - INFO - Batch 246/8041: Clean accuracy 0.7358 | Adv accuracy: 0.7358 | Counter-attack accuracy: 0.4837
2026-02-12 16:58:49,814 - ADV_Generation_eps_0.0_steps_100_Added_Noise_gaussian_Sigma_0.24_Tau_Type_noisy_num_anchors_10 - INFO - Batch 247/8041: Clean accuracy 0.7368 | Adv accuracy: 0.7368 | Counter-attack accuracy: 0.4858
2026-02-12 16:58:50,229 - ADV_Generation_eps_0.0_steps_100_Added_Noise_gaussian_Sigma_0.24_Tau_Type_noisy_num_anchors_10 - INFO - Batch 248/8041: Clean accuracy 0.7379 | Adv accuracy: 0.7379 | Counter-attack accuracy: 0.4839
2026-02-12 16:58:50,645 - ADV_Generation_eps_0.0_steps_100_Added_Noise_gaussian_Sigma_0.24_Tau_Type_noisy_num_anchors_10 - INFO - Batch 249/8041: Clean accuracy 0.7390 | Adv accuracy: 0.7390 | Counter-attack accuracy: 0.4819
2026-02-12 16:58:51,060 - ADV_Generation_eps_0.0_steps_100_Added_Noise_gaussian_Sigma_0.24_Tau_Type_noisy_num_anchors_10 - INFO - Batch 250/8041: Clean accuracy 0.7400 | Adv accuracy: 0.7400 | Counter-attack accuracy: 0.4840
2026-02-12 16:58:51,476 - ADV_Generation_eps_0.0_steps_100_Added_Noise_gaussian_Sigma_0.24_Tau_Type_noisy_num_anchors_10 - INFO - Batch 251/8041: Clean accuracy 0.7410 | Adv accuracy: 0.7410 | Counter-attack accuracy: 0.4861
2026-02-12 16:58:51,891 - ADV_Generation_eps_0.0_steps_100_Added_Noise_gaussian_Sigma_0.24_Tau_Type_noisy_num_anchors_10 - INFO - Batch 252/8041: Clean accuracy 0.7381 | Adv accuracy: 0.7381 | Counter-attack accuracy: 0.4881
2026-02-12 16:58:52,306 - ADV_Generation_eps_0.0_steps_100_Added_Noise_gaussian_Sigma_0.24_Tau_Type_noisy_num_anchors_10 - INFO - Batch 253/8041: Clean accuracy 0.7391 | Adv accuracy: 0.7391 | Counter-attack accuracy: 0.4862
2026-02-12 16:58:52,722 - ADV_Generation_eps_0.0_steps_100_Added_Noise_gaussian_Sigma_0.24_Tau_Type_noisy_num_anchors_10 - INFO - Batch 254/8041: Clean accuracy 0.7402 | Adv accuracy: 0.7402 | Counter-attack accuracy: 0.4882
2026-02-12 16:58:53,137 - ADV_Generation_eps_0.0_steps_100_Added_Noise_gaussian_Sigma_0.24_Tau_Type_noisy_num_anchors_10 - INFO - Batch 255/8041: Clean accuracy 0.7412 | Adv accuracy: 0.7412 | Counter-attack accuracy: 0.4902
2026-02-12 16:58:53,552 - ADV_Generation_eps_0.0_steps_100_Added_Noise_gaussian_Sigma_0.24_Tau_Type_noisy_num_anchors_10 - INFO - Batch 256/8041: Clean accuracy 0.7422 | Adv accuracy: 0.7422 | Counter-attack accuracy: 0.4922
2026-02-12 16:58:53,968 - ADV_Generation_eps_0.0_steps_100_Added_Noise_gaussian_Sigma_0.24_Tau_Type_noisy_num_anchors_10 - INFO - Batch 257/8041: Clean accuracy 0.7432 | Adv accuracy: 0.7432 | Counter-attack accuracy: 0.4903
2026-02-12 16:58:54,383 - ADV_Generation_eps_0.0_steps_100_Added_Noise_gaussian_Sigma_0.24_Tau_Type_noisy_num_anchors_10 - INFO - Batch 258/8041: Clean accuracy 0.7442 | Adv accuracy: 0.7442 | Counter-attack accuracy: 0.4922
2026-02-12 16:58:54,798 - ADV_Generation_eps_0.0_steps_100_Added_Noise_gaussian_Sigma_0.24_Tau_Type_noisy_num_anchors_10 - INFO - Batch 259/8041: Clean accuracy 0.7452 | Adv accuracy: 0.7452 | Counter-attack accuracy: 0.4942
2026-02-12 16:58:55,213 - ADV_Generation_eps_0.0_steps_100_Added_Noise_gaussian_Sigma_0.24_Tau_Type_noisy_num_anchors_10 - INFO - Batch 260/8041: Clean accuracy 0.7462 | Adv accuracy: 0.7462 | Counter-attack accuracy: 0.4962
2026-02-12 16:58:55,629 - ADV_Generation_eps_0.0_steps_100_Added_Noise_gaussian_Sigma_0.24_Tau_Type_noisy_num_anchors_10 - INFO - Batch 261/8041: Clean accuracy 0.7471 | Adv accuracy: 0.7471 | Counter-attack accuracy: 0.4981
2026-02-12 16:58:56,044 - ADV_Generation_eps_0.0_steps_100_Added_Noise_gaussian_Sigma_0.24_Tau_Type_noisy_num_anchors_10 - INFO - Batch 262/8041: Clean accuracy 0.7481 | Adv accuracy: 0.7481 | Counter-attack accuracy: 0.5000
2026-02-12 16:58:56,459 - ADV_Generation_eps_0.0_steps_100_Added_Noise_gaussian_Sigma_0.24_Tau_Type_noisy_num_anchors_10 - INFO - Batch 263/8041: Clean accuracy 0.7490 | Adv accuracy: 0.7490 | Counter-attack accuracy: 0.5019
2026-02-12 16:58:56,874 - ADV_Generation_eps_0.0_steps_100_Added_Noise_gaussian_Sigma_0.24_Tau_Type_noisy_num_anchors_10 - INFO - Batch 264/8041: Clean accuracy 0.7500 | Adv accuracy: 0.7500 | Counter-attack accuracy: 0.5038
2026-02-12 16:58:57,290 - ADV_Generation_eps_0.0_steps_100_Added_Noise_gaussian_Sigma_0.24_Tau_Type_noisy_num_anchors_10 - INFO - Batch 265/8041: Clean accuracy 0.7509 | Adv accuracy: 0.7509 | Counter-attack accuracy: 0.5019
2026-02-12 16:58:57,705 - ADV_Generation_eps_0.0_steps_100_Added_Noise_gaussian_Sigma_0.24_Tau_Type_noisy_num_anchors_10 - INFO - Batch 266/8041: Clean accuracy 0.7481 | Adv accuracy: 0.7481 | Counter-attack accuracy: 0.5000
2026-02-12 16:58:58,120 - ADV_Generation_eps_0.0_steps_100_Added_Noise_gaussian_Sigma_0.24_Tau_Type_noisy_num_anchors_10 - INFO - Batch 267/8041: Clean accuracy 0.7453 | Adv accuracy: 0.7453 | Counter-attack accuracy: 0.4981
2026-02-12 16:58:58,536 - ADV_Generation_eps_0.0_steps_100_Added_Noise_gaussian_Sigma_0.24_Tau_Type_noisy_num_anchors_10 - INFO - Batch 268/8041: Clean accuracy 0.7463 | Adv accuracy: 0.7463 | Counter-attack accuracy: 0.5000
2026-02-12 16:58:58,951 - ADV_Generation_eps_0.0_steps_100_Added_Noise_gaussian_Sigma_0.24_Tau_Type_noisy_num_anchors_10 - INFO - Batch 269/8041: Clean accuracy 0.7472 | Adv accuracy: 0.7472 | Counter-attack accuracy: 0.4981
2026-02-12 16:58:59,366 - ADV_Generation_eps_0.0_steps_100_Added_Noise_gaussian_Sigma_0.24_Tau_Type_noisy_num_anchors_10 - INFO - Batch 270/8041: Clean accuracy 0.7481 | Adv accuracy: 0.7481 | Counter-attack accuracy: 0.5000
2026-02-12 16:58:59,782 - ADV_Generation_eps_0.0_steps_100_Added_Noise_gaussian_Sigma_0.24_Tau_Type_noisy_num_anchors_10 - INFO - Batch 271/8041: Clean accuracy 0.7491 | Adv accuracy: 0.7491 | Counter-attack accuracy: 0.4982
2026-02-12 16:59:00,197 - ADV_Generation_eps_0.0_steps_100_Added_Noise_gaussian_Sigma_0.24_Tau_Type_noisy_num_anchors_10 - INFO - Batch 272/8041: Clean accuracy 0.7500 | Adv accuracy: 0.7500 | Counter-attack accuracy: 0.5000
2026-02-12 16:59:00,612 - ADV_Generation_eps_0.0_steps_100_Added_Noise_gaussian_Sigma_0.24_Tau_Type_noisy_num_anchors_10 - INFO - Batch 273/8041: Clean accuracy 0.7509 | Adv accuracy: 0.7509 | Counter-attack accuracy: 0.4982
2026-02-12 16:59:01,027 - ADV_Generation_eps_0.0_steps_100_Added_Noise_gaussian_Sigma_0.24_Tau_Type_noisy_num_anchors_10 - INFO - Batch 274/8041: Clean accuracy 0.7482 | Adv accuracy: 0.7482 | Counter-attack accuracy: 0.4964
2026-02-12 16:59:01,443 - ADV_Generation_eps_0.0_steps_100_Added_Noise_gaussian_Sigma_0.24_Tau_Type_noisy_num_anchors_10 - INFO - Batch 275/8041: Clean accuracy 0.7491 | Adv accuracy: 0.7491 | Counter-attack accuracy: 0.4982
2026-02-12 16:59:01,858 - ADV_Generation_eps_0.0_steps_100_Added_Noise_gaussian_Sigma_0.24_Tau_Type_noisy_num_anchors_10 - INFO - Batch 276/8041: Clean accuracy 0.7500 | Adv accuracy: 0.7500 | Counter-attack accuracy: 0.4964
2026-02-12 16:59:02,273 - ADV_Generation_eps_0.0_steps_100_Added_Noise_gaussian_Sigma_0.24_Tau_Type_noisy_num_anchors_10 - INFO - Batch 277/8041: Clean accuracy 0.7509 | Adv accuracy: 0.7509 | Counter-attack accuracy: 0.4982
2026-02-12 16:59:02,688 - ADV_Generation_eps_0.0_steps_100_Added_Noise_gaussian_Sigma_0.24_Tau_Type_noisy_num_anchors_10 - INFO - Batch 278/8041: Clean accuracy 0.7482 | Adv accuracy: 0.7482 | Counter-attack accuracy: 0.4964
2026-02-12 16:59:03,104 - ADV_Generation_eps_0.0_steps_100_Added_Noise_gaussian_Sigma_0.24_Tau_Type_noisy_num_anchors_10 - INFO - Batch 279/8041: Clean accuracy 0.7491 | Adv accuracy: 0.7491 | Counter-attack accuracy: 0.4946
2026-02-12 16:59:03,519 - ADV_Generation_eps_0.0_steps_100_Added_Noise_gaussian_Sigma_0.24_Tau_Type_noisy_num_anchors_10 - INFO - Batch 280/8041: Clean accuracy 0.7500 | Adv accuracy: 0.7500 | Counter-attack accuracy: 0.4929
2026-02-12 16:59:03,934 - ADV_Generation_eps_0.0_steps_100_Added_Noise_gaussian_Sigma_0.24_Tau_Type_noisy_num_anchors_10 - INFO - Batch 281/8041: Clean accuracy 0.7509 | Adv accuracy: 0.7509 | Counter-attack accuracy: 0.4911
2026-02-12 16:59:04,350 - ADV_Generation_eps_0.0_steps_100_Added_Noise_gaussian_Sigma_0.24_Tau_Type_noisy_num_anchors_10 - INFO - Batch 282/8041: Clean accuracy 0.7482 | Adv accuracy: 0.7482 | Counter-attack accuracy: 0.4894
2026-02-12 16:59:04,765 - ADV_Generation_eps_0.0_steps_100_Added_Noise_gaussian_Sigma_0.24_Tau_Type_noisy_num_anchors_10 - INFO - Batch 283/8041: Clean accuracy 0.7491 | Adv accuracy: 0.7491 | Counter-attack accuracy: 0.4876
2026-02-12 16:59:05,180 - ADV_Generation_eps_0.0_steps_100_Added_Noise_gaussian_Sigma_0.24_Tau_Type_noisy_num_anchors_10 - INFO - Batch 284/8041: Clean accuracy 0.7500 | Adv accuracy: 0.7500 | Counter-attack accuracy: 0.4859
2026-02-12 16:59:05,596 - ADV_Generation_eps_0.0_steps_100_Added_Noise_gaussian_Sigma_0.24_Tau_Type_noisy_num_anchors_10 - INFO - Batch 285/8041: Clean accuracy 0.7509 | Adv accuracy: 0.7509 | Counter-attack accuracy: 0.4842
2026-02-12 16:59:06,012 - ADV_Generation_eps_0.0_steps_100_Added_Noise_gaussian_Sigma_0.24_Tau_Type_noisy_num_anchors_10 - INFO - Batch 286/8041: Clean accuracy 0.7517 | Adv accuracy: 0.7517 | Counter-attack accuracy: 0.4825
2026-02-12 16:59:06,427 - ADV_Generation_eps_0.0_steps_100_Added_Noise_gaussian_Sigma_0.24_Tau_Type_noisy_num_anchors_10 - INFO - Batch 287/8041: Clean accuracy 0.7526 | Adv accuracy: 0.7526 | Counter-attack accuracy: 0.4808
2026-02-12 16:59:06,842 - ADV_Generation_eps_0.0_steps_100_Added_Noise_gaussian_Sigma_0.24_Tau_Type_noisy_num_anchors_10 - INFO - Batch 288/8041: Clean accuracy 0.7535 | Adv accuracy: 0.7535 | Counter-attack accuracy: 0.4792
2026-02-12 16:59:07,258 - ADV_Generation_eps_0.0_steps_100_Added_Noise_gaussian_Sigma_0.24_Tau_Type_noisy_num_anchors_10 - INFO - Batch 289/8041: Clean accuracy 0.7543 | Adv accuracy: 0.7543 | Counter-attack accuracy: 0.4810
2026-02-12 16:59:07,673 - ADV_Generation_eps_0.0_steps_100_Added_Noise_gaussian_Sigma_0.24_Tau_Type_noisy_num_anchors_10 - INFO - Batch 290/8041: Clean accuracy 0.7552 | Adv accuracy: 0.7552 | Counter-attack accuracy: 0.4793
2026-02-12 16:59:08,088 - ADV_Generation_eps_0.0_steps_100_Added_Noise_gaussian_Sigma_0.24_Tau_Type_noisy_num_anchors_10 - INFO - Batch 291/8041: Clean accuracy 0.7560 | Adv accuracy: 0.7560 | Counter-attack accuracy: 0.4811
2026-02-12 16:59:08,504 - ADV_Generation_eps_0.0_steps_100_Added_Noise_gaussian_Sigma_0.24_Tau_Type_noisy_num_anchors_10 - INFO - Batch 292/8041: Clean accuracy 0.7534 | Adv accuracy: 0.7534 | Counter-attack accuracy: 0.4795
2026-02-12 16:59:08,919 - ADV_Generation_eps_0.0_steps_100_Added_Noise_gaussian_Sigma_0.24_Tau_Type_noisy_num_anchors_10 - INFO - Batch 293/8041: Clean accuracy 0.7543 | Adv accuracy: 0.7543 | Counter-attack accuracy: 0.4778
2026-02-12 16:59:09,334 - ADV_Generation_eps_0.0_steps_100_Added_Noise_gaussian_Sigma_0.24_Tau_Type_noisy_num_anchors_10 - INFO - Batch 294/8041: Clean accuracy 0.7551 | Adv accuracy: 0.7551 | Counter-attack accuracy: 0.4796
2026-02-12 16:59:09,750 - ADV_Generation_eps_0.0_steps_100_Added_Noise_gaussian_Sigma_0.24_Tau_Type_noisy_num_anchors_10 - INFO - Batch 295/8041: Clean accuracy 0.7559 | Adv accuracy: 0.7559 | Counter-attack accuracy: 0.4814
2026-02-12 16:59:10,165 - ADV_Generation_eps_0.0_steps_100_Added_Noise_gaussian_Sigma_0.24_Tau_Type_noisy_num_anchors_10 - INFO - Batch 296/8041: Clean accuracy 0.7568 | Adv accuracy: 0.7568 | Counter-attack accuracy: 0.4797
2026-02-12 16:59:10,580 - ADV_Generation_eps_0.0_steps_100_Added_Noise_gaussian_Sigma_0.24_Tau_Type_noisy_num_anchors_10 - INFO - Batch 297/8041: Clean accuracy 0.7576 | Adv accuracy: 0.7576 | Counter-attack accuracy: 0.4815
2026-02-12 16:59:10,995 - ADV_Generation_eps_0.0_steps_100_Added_Noise_gaussian_Sigma_0.24_Tau_Type_noisy_num_anchors_10 - INFO - Batch 298/8041: Clean accuracy 0.7584 | Adv accuracy: 0.7584 | Counter-attack accuracy: 0.4832
2026-02-12 16:59:11,411 - ADV_Generation_eps_0.0_steps_100_Added_Noise_gaussian_Sigma_0.24_Tau_Type_noisy_num_anchors_10 - INFO - Batch 299/8041: Clean accuracy 0.7592 | Adv accuracy: 0.7592 | Counter-attack accuracy: 0.4849
2026-02-12 16:59:11,826 - ADV_Generation_eps_0.0_steps_100_Added_Noise_gaussian_Sigma_0.24_Tau_Type_noisy_num_anchors_10 - INFO - Batch 300/8041: Clean accuracy 0.7600 | Adv accuracy: 0.7600 | Counter-attack accuracy: 0.4833
2026-02-12 16:59:12,241 - ADV_Generation_eps_0.0_steps_100_Added_Noise_gaussian_Sigma_0.24_Tau_Type_noisy_num_anchors_10 - INFO - Batch 301/8041: Clean accuracy 0.7608 | Adv accuracy: 0.7608 | Counter-attack accuracy: 0.4850
2026-02-12 16:59:12,657 - ADV_Generation_eps_0.0_steps_100_Added_Noise_gaussian_Sigma_0.24_Tau_Type_noisy_num_anchors_10 - INFO - Batch 302/8041: Clean accuracy 0.7616 | Adv accuracy: 0.7616 | Counter-attack accuracy: 0.4834
2026-02-12 16:59:13,072 - ADV_Generation_eps_0.0_steps_100_Added_Noise_gaussian_Sigma_0.24_Tau_Type_noisy_num_anchors_10 - INFO - Batch 303/8041: Clean accuracy 0.7624 | Adv accuracy: 0.7624 | Counter-attack accuracy: 0.4818
2026-02-12 16:59:13,487 - ADV_Generation_eps_0.0_steps_100_Added_Noise_gaussian_Sigma_0.24_Tau_Type_noisy_num_anchors_10 - INFO - Batch 304/8041: Clean accuracy 0.7632 | Adv accuracy: 0.7632 | Counter-attack accuracy: 0.4836
2026-02-12 16:59:13,903 - ADV_Generation_eps_0.0_steps_100_Added_Noise_gaussian_Sigma_0.24_Tau_Type_noisy_num_anchors_10 - INFO - Batch 305/8041: Clean accuracy 0.7607 | Adv accuracy: 0.7607 | Counter-attack accuracy: 0.4820
2026-02-12 16:59:14,318 - ADV_Generation_eps_0.0_steps_100_Added_Noise_gaussian_Sigma_0.24_Tau_Type_noisy_num_anchors_10 - INFO - Batch 306/8041: Clean accuracy 0.7614 | Adv accuracy: 0.7614 | Counter-attack accuracy: 0.4804
2026-02-12 16:59:14,733 - ADV_Generation_eps_0.0_steps_100_Added_Noise_gaussian_Sigma_0.24_Tau_Type_noisy_num_anchors_10 - INFO - Batch 307/8041: Clean accuracy 0.7622 | Adv accuracy: 0.7622 | Counter-attack accuracy: 0.4821
2026-02-12 16:59:15,148 - ADV_Generation_eps_0.0_steps_100_Added_Noise_gaussian_Sigma_0.24_Tau_Type_noisy_num_anchors_10 - INFO - Batch 308/8041: Clean accuracy 0.7630 | Adv accuracy: 0.7630 | Counter-attack accuracy: 0.4838
2026-02-12 16:59:15,564 - ADV_Generation_eps_0.0_steps_100_Added_Noise_gaussian_Sigma_0.24_Tau_Type_noisy_num_anchors_10 - INFO - Batch 309/8041: Clean accuracy 0.7638 | Adv accuracy: 0.7638 | Counter-attack accuracy: 0.4854
2026-02-12 16:59:15,979 - ADV_Generation_eps_0.0_steps_100_Added_Noise_gaussian_Sigma_0.24_Tau_Type_noisy_num_anchors_10 - INFO - Batch 310/8041: Clean accuracy 0.7645 | Adv accuracy: 0.7645 | Counter-attack accuracy: 0.4839
2026-02-12 16:59:16,394 - ADV_Generation_eps_0.0_steps_100_Added_Noise_gaussian_Sigma_0.24_Tau_Type_noisy_num_anchors_10 - INFO - Batch 311/8041: Clean accuracy 0.7653 | Adv accuracy: 0.7653 | Counter-attack accuracy: 0.4855
2026-02-12 16:59:16,810 - ADV_Generation_eps_0.0_steps_100_Added_Noise_gaussian_Sigma_0.24_Tau_Type_noisy_num_anchors_10 - INFO - Batch 312/8041: Clean accuracy 0.7628 | Adv accuracy: 0.7628 | Counter-attack accuracy: 0.4840
2026-02-12 16:59:17,225 - ADV_Generation_eps_0.0_steps_100_Added_Noise_gaussian_Sigma_0.24_Tau_Type_noisy_num_anchors_10 - INFO - Batch 313/8041: Clean accuracy 0.7636 | Adv accuracy: 0.7636 | Counter-attack accuracy: 0.4824
2026-02-12 16:59:17,640 - ADV_Generation_eps_0.0_steps_100_Added_Noise_gaussian_Sigma_0.24_Tau_Type_noisy_num_anchors_10 - INFO - Batch 314/8041: Clean accuracy 0.7643 | Adv accuracy: 0.7643 | Counter-attack accuracy: 0.4809
2026-02-12 16:59:18,055 - ADV_Generation_eps_0.0_steps_100_Added_Noise_gaussian_Sigma_0.24_Tau_Type_noisy_num_anchors_10 - INFO - Batch 315/8041: Clean accuracy 0.7651 | Adv accuracy: 0.7651 | Counter-attack accuracy: 0.4794
2026-02-12 16:59:18,471 - ADV_Generation_eps_0.0_steps_100_Added_Noise_gaussian_Sigma_0.24_Tau_Type_noisy_num_anchors_10 - INFO - Batch 316/8041: Clean accuracy 0.7658 | Adv accuracy: 0.7658 | Counter-attack accuracy: 0.4810
2026-02-12 16:59:18,886 - ADV_Generation_eps_0.0_steps_100_Added_Noise_gaussian_Sigma_0.24_Tau_Type_noisy_num_anchors_10 - INFO - Batch 317/8041: Clean accuracy 0.7666 | Adv accuracy: 0.7666 | Counter-attack accuracy: 0.4795
2026-02-12 16:59:19,301 - ADV_Generation_eps_0.0_steps_100_Added_Noise_gaussian_Sigma_0.24_Tau_Type_noisy_num_anchors_10 - INFO - Batch 318/8041: Clean accuracy 0.7673 | Adv accuracy: 0.7673 | Counter-attack accuracy: 0.4780
2026-02-12 16:59:19,717 - ADV_Generation_eps_0.0_steps_100_Added_Noise_gaussian_Sigma_0.24_Tau_Type_noisy_num_anchors_10 - INFO - Batch 319/8041: Clean accuracy 0.7680 | Adv accuracy: 0.7680 | Counter-attack accuracy: 0.4796
2026-02-12 16:59:20,132 - ADV_Generation_eps_0.0_steps_100_Added_Noise_gaussian_Sigma_0.24_Tau_Type_noisy_num_anchors_10 - INFO - Batch 320/8041: Clean accuracy 0.7688 | Adv accuracy: 0.7688 | Counter-attack accuracy: 0.4813
2026-02-12 16:59:20,547 - ADV_Generation_eps_0.0_steps_100_Added_Noise_gaussian_Sigma_0.24_Tau_Type_noisy_num_anchors_10 - INFO - Batch 321/8041: Clean accuracy 0.7695 | Adv accuracy: 0.7695 | Counter-attack accuracy: 0.4798
2026-02-12 16:59:20,962 - ADV_Generation_eps_0.0_steps_100_Added_Noise_gaussian_Sigma_0.24_Tau_Type_noisy_num_anchors_10 - INFO - Batch 322/8041: Clean accuracy 0.7702 | Adv accuracy: 0.7702 | Counter-attack accuracy: 0.4814
