2026-01-22 17:00:48,706 - ADV_Generation_eps_1.0_steps_100_image_only_attack_prm_Added_Noise_gaussian_Sigma_0.18_Tau_Type_noisy - INFO - ==========================================
data:/leonardo_work/EUHPC_R04_192/fmohamma/Adversarial_Robust_Clip/atpt_data/downstream_datasets
test_sets:Pets
dataset_mode:test
arch:vit_l_14_datacomp_1b
resolution:224
transferability:False
source_model:fare4
workers:4
no_pin_memory:False
batch_size:1
adv_bs:1
print_freq:20
gpu:0
no_cudnn_benchmark:False
n_ctx:4
ctx_init:a_photo_of_a
seed:0
output_dir:/leonardo_work/EUHPC_R04_192/fmohamma/Adversarial_Robust_Clip/atpt_data/vit_l_14_datacomp_1b/Pets
log_output_dir:/leonardo_work/EUHPC_R04_192/fmohamma/Adversarial_Robust_Clip/ATPT/Diffratio_Adv_gen_Results/vit_l_14_datacomp_1b/Pets/ADV_Generation_eps_1.0_steps_100_image_only_attack_prm_Added_Noise_gaussian_Sigma_0.18_Tau_Type_noisy
image_only_attack:True
image_only_attack_type:prm
image_predicted_label_attack:False
eps:1.0
alpha:0.25
alpha_eps_ratio:4.0
steps:100
counter_attack:True
counter_attack_type:pgd
counter_attack_steps:0
counter_attack_eps:1.0
counter_attack_alpha:1.0
counter_attack_tau_thres:0.2
counter_attack_beta:2.0
counter_attack_weighted_perturbations:True
counter_attack_init_noise:gaussian
counter_attack_gaussian_sigma:0.18
counter_attack_noisy_tau_num_anchors:10
counter_attack_tau:noisy
pgd_clip_pure_i_text_embeddings:null
pgd_counter_and_clipure_i_lamda:1.0
image_feature_purify:False
image_feature_purify_type:noisy_anchor
image_feature_purify_noisy_anchors:10
image_feature_purify_anchors_alpha:1.2
image_feature_purify_noisy_sigma:0.18
image_feature_purify_diff_threshold:0.0
image_feature_clipure_steps:10
image_feature_clipure_step_size:10.0
save_plots:False
lr:0.005
selection_p:0.1
tta_steps:1
top_k:20
softmax_temp:0.01
load_tecoa:

2026-01-22 17:00:48,707 - ADV_Generation_eps_1.0_steps_100_image_only_attack_prm_Added_Noise_gaussian_Sigma_0.18_Tau_Type_noisy - INFO - Use GPU: 0 for training
2026-01-22 17:01:46,754 - ADV_Generation_eps_1.0_steps_100_image_only_attack_prm_Added_Noise_gaussian_Sigma_0.18_Tau_Type_noisy - INFO - => Model created: visual backbone vit_l_14_datacomp_1b
2026-01-22 17:01:46,775 - ADV_Generation_eps_1.0_steps_100_image_only_attack_prm_Added_Noise_gaussian_Sigma_0.18_Tau_Type_noisy - INFO - Number of test samples: 3669
2026-01-22 17:01:46,775 - ADV_Generation_eps_1.0_steps_100_image_only_attack_prm_Added_Noise_gaussian_Sigma_0.18_Tau_Type_noisy - INFO - Evaluating dataset: Pets
2026-01-22 17:01:46,776 - ADV_Generation_eps_1.0_steps_100_image_only_attack_prm_Added_Noise_gaussian_Sigma_0.18_Tau_Type_noisy - INFO - Starting evaluation with batch size: 1, selection percentage: 0.1
2026-01-22 17:01:46,777 - ADV_Generation_eps_1.0_steps_100_image_only_attack_prm_Added_Noise_gaussian_Sigma_0.18_Tau_Type_noisy - INFO - Using counter-attack with epsilon: 1.000000, alpha: 1.000000, steps: 0
2026-01-22 17:01:46,777 - ADV_Generation_eps_1.0_steps_100_image_only_attack_prm_Added_Noise_gaussian_Sigma_0.18_Tau_Type_noisy - INFO - Adversarial examples will be loaded from /leonardo_work/EUHPC_R04_192/fmohamma/Adversarial_Robust_Clip/atpt_data/vit_l_14_datacomp_1b/Pets/adv_images_eps_1.0_alpha_0.25_steps_100_image_only_attack_prm and evaluated on vit_l_14_datacomp_1b
2026-01-22 17:01:46,778 - ADV_Generation_eps_1.0_steps_100_image_only_attack_prm_Added_Noise_gaussian_Sigma_0.18_Tau_Type_noisy - INFO - Using directory for adversarial images: /leonardo_work/EUHPC_R04_192/fmohamma/Adversarial_Robust_Clip/atpt_data/vit_l_14_datacomp_1b/Pets/adv_images_eps_1.0_alpha_0.25_steps_100_image_only_attack_prm
2026-01-22 17:01:47,063 - ADV_Generation_eps_1.0_steps_100_image_only_attack_prm_Added_Noise_gaussian_Sigma_0.18_Tau_Type_noisy - INFO - Batch:[0] Adversarial images for this batch already exist
2026-01-22 17:01:47,564 - ADV_Generation_eps_1.0_steps_100_image_only_attack_prm_Added_Noise_gaussian_Sigma_0.18_Tau_Type_noisy - INFO - Batch 1/3669: Clean accuracy 1.0000 | Adv accuracy: 0.0000 | Counter-attack accuracy: 1.0000
2026-01-22 17:01:47,566 - ADV_Generation_eps_1.0_steps_100_image_only_attack_prm_Added_Noise_gaussian_Sigma_0.18_Tau_Type_noisy - INFO - Batch:[1] Adversarial images for this batch already exist
2026-01-22 17:01:47,830 - ADV_Generation_eps_1.0_steps_100_image_only_attack_prm_Added_Noise_gaussian_Sigma_0.18_Tau_Type_noisy - INFO - Batch 2/3669: Clean accuracy 1.0000 | Adv accuracy: 0.0000 | Counter-attack accuracy: 1.0000
2026-01-22 17:01:47,832 - ADV_Generation_eps_1.0_steps_100_image_only_attack_prm_Added_Noise_gaussian_Sigma_0.18_Tau_Type_noisy - INFO - Batch:[2] Adversarial images for this batch already exist
2026-01-22 17:01:48,098 - ADV_Generation_eps_1.0_steps_100_image_only_attack_prm_Added_Noise_gaussian_Sigma_0.18_Tau_Type_noisy - INFO - Batch 3/3669: Clean accuracy 1.0000 | Adv accuracy: 0.0000 | Counter-attack accuracy: 1.0000
2026-01-22 17:01:48,099 - ADV_Generation_eps_1.0_steps_100_image_only_attack_prm_Added_Noise_gaussian_Sigma_0.18_Tau_Type_noisy - INFO - Batch:[3] Adversarial images for this batch already exist
2026-01-22 17:01:48,365 - ADV_Generation_eps_1.0_steps_100_image_only_attack_prm_Added_Noise_gaussian_Sigma_0.18_Tau_Type_noisy - INFO - Batch 4/3669: Clean accuracy 1.0000 | Adv accuracy: 0.0000 | Counter-attack accuracy: 0.7500
2026-01-22 17:01:48,366 - ADV_Generation_eps_1.0_steps_100_image_only_attack_prm_Added_Noise_gaussian_Sigma_0.18_Tau_Type_noisy - INFO - Batch:[4] Adversarial images for this batch already exist
2026-01-22 17:01:48,639 - ADV_Generation_eps_1.0_steps_100_image_only_attack_prm_Added_Noise_gaussian_Sigma_0.18_Tau_Type_noisy - INFO - Batch 5/3669: Clean accuracy 1.0000 | Adv accuracy: 0.0000 | Counter-attack accuracy: 0.6000
2026-01-22 17:01:48,642 - ADV_Generation_eps_1.0_steps_100_image_only_attack_prm_Added_Noise_gaussian_Sigma_0.18_Tau_Type_noisy - INFO - Batch:[5] Adversarial images for this batch already exist
2026-01-22 17:01:48,915 - ADV_Generation_eps_1.0_steps_100_image_only_attack_prm_Added_Noise_gaussian_Sigma_0.18_Tau_Type_noisy - INFO - Batch 6/3669: Clean accuracy 1.0000 | Adv accuracy: 0.0000 | Counter-attack accuracy: 0.5000
2026-01-22 17:01:48,917 - ADV_Generation_eps_1.0_steps_100_image_only_attack_prm_Added_Noise_gaussian_Sigma_0.18_Tau_Type_noisy - INFO - Batch:[6] Adversarial images for this batch already exist
2026-01-22 17:01:49,182 - ADV_Generation_eps_1.0_steps_100_image_only_attack_prm_Added_Noise_gaussian_Sigma_0.18_Tau_Type_noisy - INFO - Batch 7/3669: Clean accuracy 1.0000 | Adv accuracy: 0.0000 | Counter-attack accuracy: 0.5714
2026-01-22 17:01:49,183 - ADV_Generation_eps_1.0_steps_100_image_only_attack_prm_Added_Noise_gaussian_Sigma_0.18_Tau_Type_noisy - INFO - Batch:[7] Adversarial images for this batch already exist
2026-01-22 17:01:49,450 - ADV_Generation_eps_1.0_steps_100_image_only_attack_prm_Added_Noise_gaussian_Sigma_0.18_Tau_Type_noisy - INFO - Batch 8/3669: Clean accuracy 1.0000 | Adv accuracy: 0.0000 | Counter-attack accuracy: 0.6250
2026-01-22 17:01:49,453 - ADV_Generation_eps_1.0_steps_100_image_only_attack_prm_Added_Noise_gaussian_Sigma_0.18_Tau_Type_noisy - INFO - Batch:[8] Adversarial images for this batch already exist
2026-01-22 17:01:49,715 - ADV_Generation_eps_1.0_steps_100_image_only_attack_prm_Added_Noise_gaussian_Sigma_0.18_Tau_Type_noisy - INFO - Batch 9/3669: Clean accuracy 1.0000 | Adv accuracy: 0.1111 | Counter-attack accuracy: 0.6667
2026-01-22 17:01:49,717 - ADV_Generation_eps_1.0_steps_100_image_only_attack_prm_Added_Noise_gaussian_Sigma_0.18_Tau_Type_noisy - INFO - Batch:[9] Adversarial images for this batch already exist
2026-01-22 17:01:49,980 - ADV_Generation_eps_1.0_steps_100_image_only_attack_prm_Added_Noise_gaussian_Sigma_0.18_Tau_Type_noisy - INFO - Batch 10/3669: Clean accuracy 1.0000 | Adv accuracy: 0.1000 | Counter-attack accuracy: 0.7000
2026-01-22 17:01:49,982 - ADV_Generation_eps_1.0_steps_100_image_only_attack_prm_Added_Noise_gaussian_Sigma_0.18_Tau_Type_noisy - INFO - Batch:[10] Adversarial images for this batch already exist
2026-01-22 17:01:50,258 - ADV_Generation_eps_1.0_steps_100_image_only_attack_prm_Added_Noise_gaussian_Sigma_0.18_Tau_Type_noisy - INFO - Batch 11/3669: Clean accuracy 0.9091 | Adv accuracy: 0.0909 | Counter-attack accuracy: 0.6364
2026-01-22 17:01:50,260 - ADV_Generation_eps_1.0_steps_100_image_only_attack_prm_Added_Noise_gaussian_Sigma_0.18_Tau_Type_noisy - INFO - Batch:[11] Adversarial images for this batch already exist
2026-01-22 17:01:50,533 - ADV_Generation_eps_1.0_steps_100_image_only_attack_prm_Added_Noise_gaussian_Sigma_0.18_Tau_Type_noisy - INFO - Batch 12/3669: Clean accuracy 0.9167 | Adv accuracy: 0.0833 | Counter-attack accuracy: 0.6667
2026-01-22 17:01:50,534 - ADV_Generation_eps_1.0_steps_100_image_only_attack_prm_Added_Noise_gaussian_Sigma_0.18_Tau_Type_noisy - INFO - Batch:[12] Adversarial images for this batch already exist
2026-01-22 17:01:50,811 - ADV_Generation_eps_1.0_steps_100_image_only_attack_prm_Added_Noise_gaussian_Sigma_0.18_Tau_Type_noisy - INFO - Batch 13/3669: Clean accuracy 0.9231 | Adv accuracy: 0.0769 | Counter-attack accuracy: 0.6923
2026-01-22 17:01:50,813 - ADV_Generation_eps_1.0_steps_100_image_only_attack_prm_Added_Noise_gaussian_Sigma_0.18_Tau_Type_noisy - INFO - Batch:[13] Adversarial images for this batch already exist
2026-01-22 17:01:51,080 - ADV_Generation_eps_1.0_steps_100_image_only_attack_prm_Added_Noise_gaussian_Sigma_0.18_Tau_Type_noisy - INFO - Batch 14/3669: Clean accuracy 0.9286 | Adv accuracy: 0.0714 | Counter-attack accuracy: 0.6429
2026-01-22 17:01:51,081 - ADV_Generation_eps_1.0_steps_100_image_only_attack_prm_Added_Noise_gaussian_Sigma_0.18_Tau_Type_noisy - INFO - Batch:[14] Adversarial images for this batch already exist
2026-01-22 17:01:51,358 - ADV_Generation_eps_1.0_steps_100_image_only_attack_prm_Added_Noise_gaussian_Sigma_0.18_Tau_Type_noisy - INFO - Batch 15/3669: Clean accuracy 0.8667 | Adv accuracy: 0.0667 | Counter-attack accuracy: 0.6000
2026-01-22 17:01:51,360 - ADV_Generation_eps_1.0_steps_100_image_only_attack_prm_Added_Noise_gaussian_Sigma_0.18_Tau_Type_noisy - INFO - Batch:[15] Adversarial images for this batch already exist
2026-01-22 17:01:51,625 - ADV_Generation_eps_1.0_steps_100_image_only_attack_prm_Added_Noise_gaussian_Sigma_0.18_Tau_Type_noisy - INFO - Batch 16/3669: Clean accuracy 0.8750 | Adv accuracy: 0.0625 | Counter-attack accuracy: 0.6250
2026-01-22 17:01:51,627 - ADV_Generation_eps_1.0_steps_100_image_only_attack_prm_Added_Noise_gaussian_Sigma_0.18_Tau_Type_noisy - INFO - Batch:[16] Adversarial images for this batch already exist
2026-01-22 17:01:51,902 - ADV_Generation_eps_1.0_steps_100_image_only_attack_prm_Added_Noise_gaussian_Sigma_0.18_Tau_Type_noisy - INFO - Batch 17/3669: Clean accuracy 0.8235 | Adv accuracy: 0.0588 | Counter-attack accuracy: 0.5882
2026-01-22 17:01:51,903 - ADV_Generation_eps_1.0_steps_100_image_only_attack_prm_Added_Noise_gaussian_Sigma_0.18_Tau_Type_noisy - INFO - Batch:[17] Adversarial images for this batch already exist
2026-01-22 17:01:52,171 - ADV_Generation_eps_1.0_steps_100_image_only_attack_prm_Added_Noise_gaussian_Sigma_0.18_Tau_Type_noisy - INFO - Batch 18/3669: Clean accuracy 0.8333 | Adv accuracy: 0.0556 | Counter-attack accuracy: 0.6111
2026-01-22 17:01:52,172 - ADV_Generation_eps_1.0_steps_100_image_only_attack_prm_Added_Noise_gaussian_Sigma_0.18_Tau_Type_noisy - INFO - Batch:[18] Adversarial images for this batch already exist
2026-01-22 17:01:52,452 - ADV_Generation_eps_1.0_steps_100_image_only_attack_prm_Added_Noise_gaussian_Sigma_0.18_Tau_Type_noisy - INFO - Batch 19/3669: Clean accuracy 0.8421 | Adv accuracy: 0.0526 | Counter-attack accuracy: 0.6316
2026-01-22 17:01:52,454 - ADV_Generation_eps_1.0_steps_100_image_only_attack_prm_Added_Noise_gaussian_Sigma_0.18_Tau_Type_noisy - INFO - Batch:[19] Adversarial images for this batch already exist
2026-01-22 17:01:52,725 - ADV_Generation_eps_1.0_steps_100_image_only_attack_prm_Added_Noise_gaussian_Sigma_0.18_Tau_Type_noisy - INFO - Batch 20/3669: Clean accuracy 0.8500 | Adv accuracy: 0.0500 | Counter-attack accuracy: 0.6500
2026-01-22 17:01:52,727 - ADV_Generation_eps_1.0_steps_100_image_only_attack_prm_Added_Noise_gaussian_Sigma_0.18_Tau_Type_noisy - INFO - Batch:[20] Adversarial images for this batch already exist
2026-01-22 17:01:52,996 - ADV_Generation_eps_1.0_steps_100_image_only_attack_prm_Added_Noise_gaussian_Sigma_0.18_Tau_Type_noisy - INFO - Batch 21/3669: Clean accuracy 0.8095 | Adv accuracy: 0.0476 | Counter-attack accuracy: 0.6190
2026-01-22 17:01:52,998 - ADV_Generation_eps_1.0_steps_100_image_only_attack_prm_Added_Noise_gaussian_Sigma_0.18_Tau_Type_noisy - INFO - Batch:[21] Adversarial images for this batch already exist
2026-01-22 17:01:53,281 - ADV_Generation_eps_1.0_steps_100_image_only_attack_prm_Added_Noise_gaussian_Sigma_0.18_Tau_Type_noisy - INFO - Batch 22/3669: Clean accuracy 0.8182 | Adv accuracy: 0.0455 | Counter-attack accuracy: 0.6364
2026-01-22 17:01:53,282 - ADV_Generation_eps_1.0_steps_100_image_only_attack_prm_Added_Noise_gaussian_Sigma_0.18_Tau_Type_noisy - INFO - Batch:[22] Adversarial images for this batch already exist
2026-01-22 17:01:53,555 - ADV_Generation_eps_1.0_steps_100_image_only_attack_prm_Added_Noise_gaussian_Sigma_0.18_Tau_Type_noisy - INFO - Batch 23/3669: Clean accuracy 0.8261 | Adv accuracy: 0.0870 | Counter-attack accuracy: 0.6522
2026-01-22 17:01:53,557 - ADV_Generation_eps_1.0_steps_100_image_only_attack_prm_Added_Noise_gaussian_Sigma_0.18_Tau_Type_noisy - INFO - Batch:[23] Adversarial images for this batch already exist
2026-01-22 17:01:53,824 - ADV_Generation_eps_1.0_steps_100_image_only_attack_prm_Added_Noise_gaussian_Sigma_0.18_Tau_Type_noisy - INFO - Batch 24/3669: Clean accuracy 0.8333 | Adv accuracy: 0.1250 | Counter-attack accuracy: 0.6667
2026-01-22 17:01:53,825 - ADV_Generation_eps_1.0_steps_100_image_only_attack_prm_Added_Noise_gaussian_Sigma_0.18_Tau_Type_noisy - INFO - Batch:[24] Adversarial images for this batch already exist
2026-01-22 17:01:54,093 - ADV_Generation_eps_1.0_steps_100_image_only_attack_prm_Added_Noise_gaussian_Sigma_0.18_Tau_Type_noisy - INFO - Batch 25/3669: Clean accuracy 0.8400 | Adv accuracy: 0.1200 | Counter-attack accuracy: 0.6800
2026-01-22 17:01:54,094 - ADV_Generation_eps_1.0_steps_100_image_only_attack_prm_Added_Noise_gaussian_Sigma_0.18_Tau_Type_noisy - INFO - Batch:[25] Adversarial images for this batch already exist
2026-01-22 17:01:54,383 - ADV_Generation_eps_1.0_steps_100_image_only_attack_prm_Added_Noise_gaussian_Sigma_0.18_Tau_Type_noisy - INFO - Batch 26/3669: Clean accuracy 0.8462 | Adv accuracy: 0.1538 | Counter-attack accuracy: 0.6923
2026-01-22 17:01:54,385 - ADV_Generation_eps_1.0_steps_100_image_only_attack_prm_Added_Noise_gaussian_Sigma_0.18_Tau_Type_noisy - INFO - Batch:[26] Adversarial images for this batch already exist
2026-01-22 17:01:55,772 - ADV_Generation_eps_1.0_steps_100_image_only_attack_prm_Added_Noise_gaussian_Sigma_0.18_Tau_Type_noisy - INFO - Batch 27/3669: Clean accuracy 0.8519 | Adv accuracy: 0.1481 | Counter-attack accuracy: 0.7037
2026-01-22 17:01:55,773 - ADV_Generation_eps_1.0_steps_100_image_only_attack_prm_Added_Noise_gaussian_Sigma_0.18_Tau_Type_noisy - INFO - Batch:[27] Adversarial images for this batch already exist
2026-01-22 17:01:56,041 - ADV_Generation_eps_1.0_steps_100_image_only_attack_prm_Added_Noise_gaussian_Sigma_0.18_Tau_Type_noisy - INFO - Batch 28/3669: Clean accuracy 0.8571 | Adv accuracy: 0.1429 | Counter-attack accuracy: 0.6786
2026-01-22 17:01:56,043 - ADV_Generation_eps_1.0_steps_100_image_only_attack_prm_Added_Noise_gaussian_Sigma_0.18_Tau_Type_noisy - INFO - Batch:[28] Adversarial images for this batch already exist
2026-01-22 17:01:56,312 - ADV_Generation_eps_1.0_steps_100_image_only_attack_prm_Added_Noise_gaussian_Sigma_0.18_Tau_Type_noisy - INFO - Batch 29/3669: Clean accuracy 0.8621 | Adv accuracy: 0.1379 | Counter-attack accuracy: 0.6897
2026-01-22 17:01:56,314 - ADV_Generation_eps_1.0_steps_100_image_only_attack_prm_Added_Noise_gaussian_Sigma_0.18_Tau_Type_noisy - INFO - Batch:[29] Adversarial images for this batch already exist
2026-01-22 17:01:56,585 - ADV_Generation_eps_1.0_steps_100_image_only_attack_prm_Added_Noise_gaussian_Sigma_0.18_Tau_Type_noisy - INFO - Batch 30/3669: Clean accuracy 0.8667 | Adv accuracy: 0.1667 | Counter-attack accuracy: 0.7000
2026-01-22 17:01:56,586 - ADV_Generation_eps_1.0_steps_100_image_only_attack_prm_Added_Noise_gaussian_Sigma_0.18_Tau_Type_noisy - INFO - Batch:[30] Adversarial images for this batch already exist
2026-01-22 17:01:56,876 - ADV_Generation_eps_1.0_steps_100_image_only_attack_prm_Added_Noise_gaussian_Sigma_0.18_Tau_Type_noisy - INFO - Batch 31/3669: Clean accuracy 0.8710 | Adv accuracy: 0.1613 | Counter-attack accuracy: 0.7097
2026-01-22 17:01:56,877 - ADV_Generation_eps_1.0_steps_100_image_only_attack_prm_Added_Noise_gaussian_Sigma_0.18_Tau_Type_noisy - INFO - Batch:[31] Adversarial images for this batch already exist
2026-01-22 17:01:57,148 - ADV_Generation_eps_1.0_steps_100_image_only_attack_prm_Added_Noise_gaussian_Sigma_0.18_Tau_Type_noisy - INFO - Batch 32/3669: Clean accuracy 0.8750 | Adv accuracy: 0.1875 | Counter-attack accuracy: 0.7188
2026-01-22 17:01:57,149 - ADV_Generation_eps_1.0_steps_100_image_only_attack_prm_Added_Noise_gaussian_Sigma_0.18_Tau_Type_noisy - INFO - Batch:[32] Adversarial images for this batch already exist
2026-01-22 17:01:57,427 - ADV_Generation_eps_1.0_steps_100_image_only_attack_prm_Added_Noise_gaussian_Sigma_0.18_Tau_Type_noisy - INFO - Batch 33/3669: Clean accuracy 0.8788 | Adv accuracy: 0.1818 | Counter-attack accuracy: 0.6970
2026-01-22 17:01:57,428 - ADV_Generation_eps_1.0_steps_100_image_only_attack_prm_Added_Noise_gaussian_Sigma_0.18_Tau_Type_noisy - INFO - Batch:[33] Adversarial images for this batch already exist
2026-01-22 17:01:57,701 - ADV_Generation_eps_1.0_steps_100_image_only_attack_prm_Added_Noise_gaussian_Sigma_0.18_Tau_Type_noisy - INFO - Batch 34/3669: Clean accuracy 0.8824 | Adv accuracy: 0.2059 | Counter-attack accuracy: 0.6765
2026-01-22 17:01:57,703 - ADV_Generation_eps_1.0_steps_100_image_only_attack_prm_Added_Noise_gaussian_Sigma_0.18_Tau_Type_noisy - INFO - Batch:[34] Adversarial images for this batch already exist
2026-01-22 17:01:57,968 - ADV_Generation_eps_1.0_steps_100_image_only_attack_prm_Added_Noise_gaussian_Sigma_0.18_Tau_Type_noisy - INFO - Batch 35/3669: Clean accuracy 0.8857 | Adv accuracy: 0.2000 | Counter-attack accuracy: 0.6571
2026-01-22 17:01:57,970 - ADV_Generation_eps_1.0_steps_100_image_only_attack_prm_Added_Noise_gaussian_Sigma_0.18_Tau_Type_noisy - INFO - Batch:[35] Adversarial images for this batch already exist
2026-01-22 17:01:58,246 - ADV_Generation_eps_1.0_steps_100_image_only_attack_prm_Added_Noise_gaussian_Sigma_0.18_Tau_Type_noisy - INFO - Batch 36/3669: Clean accuracy 0.8889 | Adv accuracy: 0.1944 | Counter-attack accuracy: 0.6667
2026-01-22 17:01:58,248 - ADV_Generation_eps_1.0_steps_100_image_only_attack_prm_Added_Noise_gaussian_Sigma_0.18_Tau_Type_noisy - INFO - Batch:[36] Adversarial images for this batch already exist
2026-01-22 17:01:58,514 - ADV_Generation_eps_1.0_steps_100_image_only_attack_prm_Added_Noise_gaussian_Sigma_0.18_Tau_Type_noisy - INFO - Batch 37/3669: Clean accuracy 0.8919 | Adv accuracy: 0.1892 | Counter-attack accuracy: 0.6757
2026-01-22 17:01:58,516 - ADV_Generation_eps_1.0_steps_100_image_only_attack_prm_Added_Noise_gaussian_Sigma_0.18_Tau_Type_noisy - INFO - Batch:[37] Adversarial images for this batch already exist
2026-01-22 17:01:58,778 - ADV_Generation_eps_1.0_steps_100_image_only_attack_prm_Added_Noise_gaussian_Sigma_0.18_Tau_Type_noisy - INFO - Batch 38/3669: Clean accuracy 0.8947 | Adv accuracy: 0.2105 | Counter-attack accuracy: 0.6842
2026-01-22 17:01:58,780 - ADV_Generation_eps_1.0_steps_100_image_only_attack_prm_Added_Noise_gaussian_Sigma_0.18_Tau_Type_noisy - INFO - Batch:[38] Adversarial images for this batch already exist
2026-01-22 17:01:59,051 - ADV_Generation_eps_1.0_steps_100_image_only_attack_prm_Added_Noise_gaussian_Sigma_0.18_Tau_Type_noisy - INFO - Batch 39/3669: Clean accuracy 0.8974 | Adv accuracy: 0.2051 | Counter-attack accuracy: 0.6667
2026-01-22 17:01:59,052 - ADV_Generation_eps_1.0_steps_100_image_only_attack_prm_Added_Noise_gaussian_Sigma_0.18_Tau_Type_noisy - INFO - Batch:[39] Adversarial images for this batch already exist
2026-01-22 17:01:59,327 - ADV_Generation_eps_1.0_steps_100_image_only_attack_prm_Added_Noise_gaussian_Sigma_0.18_Tau_Type_noisy - INFO - Batch 40/3669: Clean accuracy 0.9000 | Adv accuracy: 0.2000 | Counter-attack accuracy: 0.6750
2026-01-22 17:01:59,328 - ADV_Generation_eps_1.0_steps_100_image_only_attack_prm_Added_Noise_gaussian_Sigma_0.18_Tau_Type_noisy - INFO - Batch:[40] Adversarial images for this batch already exist
2026-01-22 17:01:59,597 - ADV_Generation_eps_1.0_steps_100_image_only_attack_prm_Added_Noise_gaussian_Sigma_0.18_Tau_Type_noisy - INFO - Batch 41/3669: Clean accuracy 0.9024 | Adv accuracy: 0.1951 | Counter-attack accuracy: 0.6829
2026-01-22 17:01:59,598 - ADV_Generation_eps_1.0_steps_100_image_only_attack_prm_Added_Noise_gaussian_Sigma_0.18_Tau_Type_noisy - INFO - Batch:[41] Adversarial images for this batch already exist
2026-01-22 17:01:59,867 - ADV_Generation_eps_1.0_steps_100_image_only_attack_prm_Added_Noise_gaussian_Sigma_0.18_Tau_Type_noisy - INFO - Batch 42/3669: Clean accuracy 0.9048 | Adv accuracy: 0.2143 | Counter-attack accuracy: 0.6905
2026-01-22 17:01:59,868 - ADV_Generation_eps_1.0_steps_100_image_only_attack_prm_Added_Noise_gaussian_Sigma_0.18_Tau_Type_noisy - INFO - Batch:[42] Adversarial images for this batch already exist
2026-01-22 17:02:00,138 - ADV_Generation_eps_1.0_steps_100_image_only_attack_prm_Added_Noise_gaussian_Sigma_0.18_Tau_Type_noisy - INFO - Batch 43/3669: Clean accuracy 0.8837 | Adv accuracy: 0.2093 | Counter-attack accuracy: 0.6744
2026-01-22 17:02:00,139 - ADV_Generation_eps_1.0_steps_100_image_only_attack_prm_Added_Noise_gaussian_Sigma_0.18_Tau_Type_noisy - INFO - Batch:[43] Adversarial images for this batch already exist
2026-01-22 17:02:00,407 - ADV_Generation_eps_1.0_steps_100_image_only_attack_prm_Added_Noise_gaussian_Sigma_0.18_Tau_Type_noisy - INFO - Batch 44/3669: Clean accuracy 0.8864 | Adv accuracy: 0.2045 | Counter-attack accuracy: 0.6591
2026-01-22 17:02:00,408 - ADV_Generation_eps_1.0_steps_100_image_only_attack_prm_Added_Noise_gaussian_Sigma_0.18_Tau_Type_noisy - INFO - Batch:[44] Adversarial images for this batch already exist
2026-01-22 17:02:00,679 - ADV_Generation_eps_1.0_steps_100_image_only_attack_prm_Added_Noise_gaussian_Sigma_0.18_Tau_Type_noisy - INFO - Batch 45/3669: Clean accuracy 0.8889 | Adv accuracy: 0.2222 | Counter-attack accuracy: 0.6667
2026-01-22 17:02:00,680 - ADV_Generation_eps_1.0_steps_100_image_only_attack_prm_Added_Noise_gaussian_Sigma_0.18_Tau_Type_noisy - INFO - Batch:[45] Adversarial images for this batch already exist
2026-01-22 17:02:00,944 - ADV_Generation_eps_1.0_steps_100_image_only_attack_prm_Added_Noise_gaussian_Sigma_0.18_Tau_Type_noisy - INFO - Batch 46/3669: Clean accuracy 0.8913 | Adv accuracy: 0.2174 | Counter-attack accuracy: 0.6739
2026-01-22 17:02:00,945 - ADV_Generation_eps_1.0_steps_100_image_only_attack_prm_Added_Noise_gaussian_Sigma_0.18_Tau_Type_noisy - INFO - Batch:[46] Adversarial images for this batch already exist
2026-01-22 17:02:01,214 - ADV_Generation_eps_1.0_steps_100_image_only_attack_prm_Added_Noise_gaussian_Sigma_0.18_Tau_Type_noisy - INFO - Batch 47/3669: Clean accuracy 0.8936 | Adv accuracy: 0.2128 | Counter-attack accuracy: 0.6809
2026-01-22 17:02:01,216 - ADV_Generation_eps_1.0_steps_100_image_only_attack_prm_Added_Noise_gaussian_Sigma_0.18_Tau_Type_noisy - INFO - Batch:[47] Adversarial images for this batch already exist
2026-01-22 17:02:01,488 - ADV_Generation_eps_1.0_steps_100_image_only_attack_prm_Added_Noise_gaussian_Sigma_0.18_Tau_Type_noisy - INFO - Batch 48/3669: Clean accuracy 0.8750 | Adv accuracy: 0.2083 | Counter-attack accuracy: 0.6667
2026-01-22 17:02:01,489 - ADV_Generation_eps_1.0_steps_100_image_only_attack_prm_Added_Noise_gaussian_Sigma_0.18_Tau_Type_noisy - INFO - Batch:[48] Adversarial images for this batch already exist
2026-01-22 17:02:01,756 - ADV_Generation_eps_1.0_steps_100_image_only_attack_prm_Added_Noise_gaussian_Sigma_0.18_Tau_Type_noisy - INFO - Batch 49/3669: Clean accuracy 0.8776 | Adv accuracy: 0.2041 | Counter-attack accuracy: 0.6735
2026-01-22 17:02:01,757 - ADV_Generation_eps_1.0_steps_100_image_only_attack_prm_Added_Noise_gaussian_Sigma_0.18_Tau_Type_noisy - INFO - Batch:[49] Adversarial images for this batch already exist
2026-01-22 17:02:02,020 - ADV_Generation_eps_1.0_steps_100_image_only_attack_prm_Added_Noise_gaussian_Sigma_0.18_Tau_Type_noisy - INFO - Batch 50/3669: Clean accuracy 0.8800 | Adv accuracy: 0.2000 | Counter-attack accuracy: 0.6800
2026-01-22 17:02:02,022 - ADV_Generation_eps_1.0_steps_100_image_only_attack_prm_Added_Noise_gaussian_Sigma_0.18_Tau_Type_noisy - INFO - Batch:[50] Adversarial images for this batch already exist
2026-01-22 17:02:02,299 - ADV_Generation_eps_1.0_steps_100_image_only_attack_prm_Added_Noise_gaussian_Sigma_0.18_Tau_Type_noisy - INFO - Batch 51/3669: Clean accuracy 0.8824 | Adv accuracy: 0.1961 | Counter-attack accuracy: 0.6863
2026-01-22 17:02:02,300 - ADV_Generation_eps_1.0_steps_100_image_only_attack_prm_Added_Noise_gaussian_Sigma_0.18_Tau_Type_noisy - INFO - Batch:[51] Adversarial images for this batch already exist
2026-01-22 17:02:02,569 - ADV_Generation_eps_1.0_steps_100_image_only_attack_prm_Added_Noise_gaussian_Sigma_0.18_Tau_Type_noisy - INFO - Batch 52/3669: Clean accuracy 0.8846 | Adv accuracy: 0.1923 | Counter-attack accuracy: 0.6923
2026-01-22 17:02:02,570 - ADV_Generation_eps_1.0_steps_100_image_only_attack_prm_Added_Noise_gaussian_Sigma_0.18_Tau_Type_noisy - INFO - Batch:[52] Adversarial images for this batch already exist
2026-01-22 17:02:02,843 - ADV_Generation_eps_1.0_steps_100_image_only_attack_prm_Added_Noise_gaussian_Sigma_0.18_Tau_Type_noisy - INFO - Batch 53/3669: Clean accuracy 0.8868 | Adv accuracy: 0.1887 | Counter-attack accuracy: 0.6981
2026-01-22 17:02:02,845 - ADV_Generation_eps_1.0_steps_100_image_only_attack_prm_Added_Noise_gaussian_Sigma_0.18_Tau_Type_noisy - INFO - Batch:[53] Adversarial images for this batch already exist
2026-01-22 17:02:03,112 - ADV_Generation_eps_1.0_steps_100_image_only_attack_prm_Added_Noise_gaussian_Sigma_0.18_Tau_Type_noisy - INFO - Batch 54/3669: Clean accuracy 0.8889 | Adv accuracy: 0.1852 | Counter-attack accuracy: 0.7037
2026-01-22 17:02:03,113 - ADV_Generation_eps_1.0_steps_100_image_only_attack_prm_Added_Noise_gaussian_Sigma_0.18_Tau_Type_noisy - INFO - Batch:[54] Adversarial images for this batch already exist
2026-01-22 17:02:03,419 - ADV_Generation_eps_1.0_steps_100_image_only_attack_prm_Added_Noise_gaussian_Sigma_0.18_Tau_Type_noisy - INFO - Batch 55/3669: Clean accuracy 0.8909 | Adv accuracy: 0.1818 | Counter-attack accuracy: 0.7091
2026-01-22 17:02:03,420 - ADV_Generation_eps_1.0_steps_100_image_only_attack_prm_Added_Noise_gaussian_Sigma_0.18_Tau_Type_noisy - INFO - Batch:[55] Adversarial images for this batch already exist
2026-01-22 17:02:03,685 - ADV_Generation_eps_1.0_steps_100_image_only_attack_prm_Added_Noise_gaussian_Sigma_0.18_Tau_Type_noisy - INFO - Batch 56/3669: Clean accuracy 0.8929 | Adv accuracy: 0.1786 | Counter-attack accuracy: 0.7143
2026-01-22 17:02:03,686 - ADV_Generation_eps_1.0_steps_100_image_only_attack_prm_Added_Noise_gaussian_Sigma_0.18_Tau_Type_noisy - INFO - Batch:[56] Adversarial images for this batch already exist
2026-01-22 17:02:03,960 - ADV_Generation_eps_1.0_steps_100_image_only_attack_prm_Added_Noise_gaussian_Sigma_0.18_Tau_Type_noisy - INFO - Batch 57/3669: Clean accuracy 0.8947 | Adv accuracy: 0.1754 | Counter-attack accuracy: 0.7193
2026-01-22 17:02:03,962 - ADV_Generation_eps_1.0_steps_100_image_only_attack_prm_Added_Noise_gaussian_Sigma_0.18_Tau_Type_noisy - INFO - Batch:[57] Adversarial images for this batch already exist
2026-01-22 17:02:04,230 - ADV_Generation_eps_1.0_steps_100_image_only_attack_prm_Added_Noise_gaussian_Sigma_0.18_Tau_Type_noisy - INFO - Batch 58/3669: Clean accuracy 0.8966 | Adv accuracy: 0.1897 | Counter-attack accuracy: 0.7241
2026-01-22 17:02:04,231 - ADV_Generation_eps_1.0_steps_100_image_only_attack_prm_Added_Noise_gaussian_Sigma_0.18_Tau_Type_noisy - INFO - Batch:[58] Adversarial images for this batch already exist
2026-01-22 17:02:04,523 - ADV_Generation_eps_1.0_steps_100_image_only_attack_prm_Added_Noise_gaussian_Sigma_0.18_Tau_Type_noisy - INFO - Batch 59/3669: Clean accuracy 0.8983 | Adv accuracy: 0.1864 | Counter-attack accuracy: 0.7288
2026-01-22 17:02:04,525 - ADV_Generation_eps_1.0_steps_100_image_only_attack_prm_Added_Noise_gaussian_Sigma_0.18_Tau_Type_noisy - INFO - Batch:[59] Adversarial images for this batch already exist
2026-01-22 17:02:04,789 - ADV_Generation_eps_1.0_steps_100_image_only_attack_prm_Added_Noise_gaussian_Sigma_0.18_Tau_Type_noisy - INFO - Batch 60/3669: Clean accuracy 0.9000 | Adv accuracy: 0.1833 | Counter-attack accuracy: 0.7167
2026-01-22 17:02:04,790 - ADV_Generation_eps_1.0_steps_100_image_only_attack_prm_Added_Noise_gaussian_Sigma_0.18_Tau_Type_noisy - INFO - Batch:[60] Adversarial images for this batch already exist
2026-01-22 17:02:05,054 - ADV_Generation_eps_1.0_steps_100_image_only_attack_prm_Added_Noise_gaussian_Sigma_0.18_Tau_Type_noisy - INFO - Batch 61/3669: Clean accuracy 0.9016 | Adv accuracy: 0.1967 | Counter-attack accuracy: 0.7213
2026-01-22 17:02:05,054 - ADV_Generation_eps_1.0_steps_100_image_only_attack_prm_Added_Noise_gaussian_Sigma_0.18_Tau_Type_noisy - INFO - Batch:[61] Adversarial images for this batch already exist
2026-01-22 17:02:05,326 - ADV_Generation_eps_1.0_steps_100_image_only_attack_prm_Added_Noise_gaussian_Sigma_0.18_Tau_Type_noisy - INFO - Batch 62/3669: Clean accuracy 0.9032 | Adv accuracy: 0.1935 | Counter-attack accuracy: 0.7258
2026-01-22 17:02:05,328 - ADV_Generation_eps_1.0_steps_100_image_only_attack_prm_Added_Noise_gaussian_Sigma_0.18_Tau_Type_noisy - INFO - Batch:[62] Adversarial images for this batch already exist
2026-01-22 17:02:05,596 - ADV_Generation_eps_1.0_steps_100_image_only_attack_prm_Added_Noise_gaussian_Sigma_0.18_Tau_Type_noisy - INFO - Batch 63/3669: Clean accuracy 0.9048 | Adv accuracy: 0.1905 | Counter-attack accuracy: 0.7143
2026-01-22 17:02:05,597 - ADV_Generation_eps_1.0_steps_100_image_only_attack_prm_Added_Noise_gaussian_Sigma_0.18_Tau_Type_noisy - INFO - Batch:[63] Adversarial images for this batch already exist
2026-01-22 17:02:05,862 - ADV_Generation_eps_1.0_steps_100_image_only_attack_prm_Added_Noise_gaussian_Sigma_0.18_Tau_Type_noisy - INFO - Batch 64/3669: Clean accuracy 0.9062 | Adv accuracy: 0.1875 | Counter-attack accuracy: 0.7188
2026-01-22 17:02:05,863 - ADV_Generation_eps_1.0_steps_100_image_only_attack_prm_Added_Noise_gaussian_Sigma_0.18_Tau_Type_noisy - INFO - Batch:[64] Adversarial images for this batch already exist
2026-01-22 17:02:06,131 - ADV_Generation_eps_1.0_steps_100_image_only_attack_prm_Added_Noise_gaussian_Sigma_0.18_Tau_Type_noisy - INFO - Batch 65/3669: Clean accuracy 0.9077 | Adv accuracy: 0.2000 | Counter-attack accuracy: 0.7231
2026-01-22 17:02:06,133 - ADV_Generation_eps_1.0_steps_100_image_only_attack_prm_Added_Noise_gaussian_Sigma_0.18_Tau_Type_noisy - INFO - Batch:[65] Adversarial images for this batch already exist
2026-01-22 17:02:06,394 - ADV_Generation_eps_1.0_steps_100_image_only_attack_prm_Added_Noise_gaussian_Sigma_0.18_Tau_Type_noisy - INFO - Batch 66/3669: Clean accuracy 0.9091 | Adv accuracy: 0.1970 | Counter-attack accuracy: 0.7273
2026-01-22 17:02:06,395 - ADV_Generation_eps_1.0_steps_100_image_only_attack_prm_Added_Noise_gaussian_Sigma_0.18_Tau_Type_noisy - INFO - Batch:[66] Adversarial images for this batch already exist
2026-01-22 17:02:06,661 - ADV_Generation_eps_1.0_steps_100_image_only_attack_prm_Added_Noise_gaussian_Sigma_0.18_Tau_Type_noisy - INFO - Batch 67/3669: Clean accuracy 0.9104 | Adv accuracy: 0.1940 | Counter-attack accuracy: 0.7164
2026-01-22 17:02:06,662 - ADV_Generation_eps_1.0_steps_100_image_only_attack_prm_Added_Noise_gaussian_Sigma_0.18_Tau_Type_noisy - INFO - Batch:[67] Adversarial images for this batch already exist
2026-01-22 17:02:06,933 - ADV_Generation_eps_1.0_steps_100_image_only_attack_prm_Added_Noise_gaussian_Sigma_0.18_Tau_Type_noisy - INFO - Batch 68/3669: Clean accuracy 0.9118 | Adv accuracy: 0.1912 | Counter-attack accuracy: 0.7206
2026-01-22 17:02:06,935 - ADV_Generation_eps_1.0_steps_100_image_only_attack_prm_Added_Noise_gaussian_Sigma_0.18_Tau_Type_noisy - INFO - Batch:[68] Adversarial images for this batch already exist
2026-01-22 17:02:07,201 - ADV_Generation_eps_1.0_steps_100_image_only_attack_prm_Added_Noise_gaussian_Sigma_0.18_Tau_Type_noisy - INFO - Batch 69/3669: Clean accuracy 0.9130 | Adv accuracy: 0.1884 | Counter-attack accuracy: 0.7246
2026-01-22 17:02:07,202 - ADV_Generation_eps_1.0_steps_100_image_only_attack_prm_Added_Noise_gaussian_Sigma_0.18_Tau_Type_noisy - INFO - Batch:[69] Adversarial images for this batch already exist
2026-01-22 17:02:07,473 - ADV_Generation_eps_1.0_steps_100_image_only_attack_prm_Added_Noise_gaussian_Sigma_0.18_Tau_Type_noisy - INFO - Batch 70/3669: Clean accuracy 0.9143 | Adv accuracy: 0.1857 | Counter-attack accuracy: 0.7286
2026-01-22 17:02:07,474 - ADV_Generation_eps_1.0_steps_100_image_only_attack_prm_Added_Noise_gaussian_Sigma_0.18_Tau_Type_noisy - INFO - Batch:[70] Adversarial images for this batch already exist
2026-01-22 17:02:07,748 - ADV_Generation_eps_1.0_steps_100_image_only_attack_prm_Added_Noise_gaussian_Sigma_0.18_Tau_Type_noisy - INFO - Batch 71/3669: Clean accuracy 0.9155 | Adv accuracy: 0.1831 | Counter-attack accuracy: 0.7324
2026-01-22 17:02:07,749 - ADV_Generation_eps_1.0_steps_100_image_only_attack_prm_Added_Noise_gaussian_Sigma_0.18_Tau_Type_noisy - INFO - Batch:[71] Adversarial images for this batch already exist
2026-01-22 17:02:08,020 - ADV_Generation_eps_1.0_steps_100_image_only_attack_prm_Added_Noise_gaussian_Sigma_0.18_Tau_Type_noisy - INFO - Batch 72/3669: Clean accuracy 0.9167 | Adv accuracy: 0.1806 | Counter-attack accuracy: 0.7361
2026-01-22 17:02:08,022 - ADV_Generation_eps_1.0_steps_100_image_only_attack_prm_Added_Noise_gaussian_Sigma_0.18_Tau_Type_noisy - INFO - Batch:[72] Adversarial images for this batch already exist
2026-01-22 17:02:08,285 - ADV_Generation_eps_1.0_steps_100_image_only_attack_prm_Added_Noise_gaussian_Sigma_0.18_Tau_Type_noisy - INFO - Batch 73/3669: Clean accuracy 0.9178 | Adv accuracy: 0.1918 | Counter-attack accuracy: 0.7397
2026-01-22 17:02:08,286 - ADV_Generation_eps_1.0_steps_100_image_only_attack_prm_Added_Noise_gaussian_Sigma_0.18_Tau_Type_noisy - INFO - Batch:[73] Adversarial images for this batch already exist
2026-01-22 17:02:08,548 - ADV_Generation_eps_1.0_steps_100_image_only_attack_prm_Added_Noise_gaussian_Sigma_0.18_Tau_Type_noisy - INFO - Batch 74/3669: Clean accuracy 0.9189 | Adv accuracy: 0.1892 | Counter-attack accuracy: 0.7432
2026-01-22 17:02:08,549 - ADV_Generation_eps_1.0_steps_100_image_only_attack_prm_Added_Noise_gaussian_Sigma_0.18_Tau_Type_noisy - INFO - Batch:[74] Adversarial images for this batch already exist
2026-01-22 17:02:08,812 - ADV_Generation_eps_1.0_steps_100_image_only_attack_prm_Added_Noise_gaussian_Sigma_0.18_Tau_Type_noisy - INFO - Batch 75/3669: Clean accuracy 0.9200 | Adv accuracy: 0.2000 | Counter-attack accuracy: 0.7467
2026-01-22 17:02:08,813 - ADV_Generation_eps_1.0_steps_100_image_only_attack_prm_Added_Noise_gaussian_Sigma_0.18_Tau_Type_noisy - INFO - Batch:[75] Adversarial images for this batch already exist
2026-01-22 17:02:09,082 - ADV_Generation_eps_1.0_steps_100_image_only_attack_prm_Added_Noise_gaussian_Sigma_0.18_Tau_Type_noisy - INFO - Batch 76/3669: Clean accuracy 0.9211 | Adv accuracy: 0.1974 | Counter-attack accuracy: 0.7500
2026-01-22 17:02:09,083 - ADV_Generation_eps_1.0_steps_100_image_only_attack_prm_Added_Noise_gaussian_Sigma_0.18_Tau_Type_noisy - INFO - Batch:[76] Adversarial images for this batch already exist
2026-01-22 17:02:09,350 - ADV_Generation_eps_1.0_steps_100_image_only_attack_prm_Added_Noise_gaussian_Sigma_0.18_Tau_Type_noisy - INFO - Batch 77/3669: Clean accuracy 0.9221 | Adv accuracy: 0.2078 | Counter-attack accuracy: 0.7532
2026-01-22 17:02:09,351 - ADV_Generation_eps_1.0_steps_100_image_only_attack_prm_Added_Noise_gaussian_Sigma_0.18_Tau_Type_noisy - INFO - Batch:[77] Adversarial images for this batch already exist
2026-01-22 17:02:09,621 - ADV_Generation_eps_1.0_steps_100_image_only_attack_prm_Added_Noise_gaussian_Sigma_0.18_Tau_Type_noisy - INFO - Batch 78/3669: Clean accuracy 0.9231 | Adv accuracy: 0.2179 | Counter-attack accuracy: 0.7564
2026-01-22 17:02:09,622 - ADV_Generation_eps_1.0_steps_100_image_only_attack_prm_Added_Noise_gaussian_Sigma_0.18_Tau_Type_noisy - INFO - Batch:[78] Adversarial images for this batch already exist
2026-01-22 17:02:09,892 - ADV_Generation_eps_1.0_steps_100_image_only_attack_prm_Added_Noise_gaussian_Sigma_0.18_Tau_Type_noisy - INFO - Batch 79/3669: Clean accuracy 0.9241 | Adv accuracy: 0.2278 | Counter-attack accuracy: 0.7595
2026-01-22 17:02:09,893 - ADV_Generation_eps_1.0_steps_100_image_only_attack_prm_Added_Noise_gaussian_Sigma_0.18_Tau_Type_noisy - INFO - Batch:[79] Adversarial images for this batch already exist
2026-01-22 17:02:10,163 - ADV_Generation_eps_1.0_steps_100_image_only_attack_prm_Added_Noise_gaussian_Sigma_0.18_Tau_Type_noisy - INFO - Batch 80/3669: Clean accuracy 0.9250 | Adv accuracy: 0.2375 | Counter-attack accuracy: 0.7625
2026-01-22 17:02:10,165 - ADV_Generation_eps_1.0_steps_100_image_only_attack_prm_Added_Noise_gaussian_Sigma_0.18_Tau_Type_noisy - INFO - Batch:[80] Adversarial images for this batch already exist
2026-01-22 17:02:10,434 - ADV_Generation_eps_1.0_steps_100_image_only_attack_prm_Added_Noise_gaussian_Sigma_0.18_Tau_Type_noisy - INFO - Batch 81/3669: Clean accuracy 0.9259 | Adv accuracy: 0.2469 | Counter-attack accuracy: 0.7654
2026-01-22 17:02:10,435 - ADV_Generation_eps_1.0_steps_100_image_only_attack_prm_Added_Noise_gaussian_Sigma_0.18_Tau_Type_noisy - INFO - Batch:[81] Adversarial images for this batch already exist
2026-01-22 17:02:10,706 - ADV_Generation_eps_1.0_steps_100_image_only_attack_prm_Added_Noise_gaussian_Sigma_0.18_Tau_Type_noisy - INFO - Batch 82/3669: Clean accuracy 0.9268 | Adv accuracy: 0.2439 | Counter-attack accuracy: 0.7683
2026-01-22 17:02:10,708 - ADV_Generation_eps_1.0_steps_100_image_only_attack_prm_Added_Noise_gaussian_Sigma_0.18_Tau_Type_noisy - INFO - Batch:[82] Adversarial images for this batch already exist
2026-01-22 17:02:10,989 - ADV_Generation_eps_1.0_steps_100_image_only_attack_prm_Added_Noise_gaussian_Sigma_0.18_Tau_Type_noisy - INFO - Batch 83/3669: Clean accuracy 0.9277 | Adv accuracy: 0.2410 | Counter-attack accuracy: 0.7711
2026-01-22 17:02:10,990 - ADV_Generation_eps_1.0_steps_100_image_only_attack_prm_Added_Noise_gaussian_Sigma_0.18_Tau_Type_noisy - INFO - Batch:[83] Adversarial images for this batch already exist
2026-01-22 17:02:11,259 - ADV_Generation_eps_1.0_steps_100_image_only_attack_prm_Added_Noise_gaussian_Sigma_0.18_Tau_Type_noisy - INFO - Batch 84/3669: Clean accuracy 0.9286 | Adv accuracy: 0.2500 | Counter-attack accuracy: 0.7738
2026-01-22 17:02:11,261 - ADV_Generation_eps_1.0_steps_100_image_only_attack_prm_Added_Noise_gaussian_Sigma_0.18_Tau_Type_noisy - INFO - Batch:[84] Adversarial images for this batch already exist
2026-01-22 17:02:11,528 - ADV_Generation_eps_1.0_steps_100_image_only_attack_prm_Added_Noise_gaussian_Sigma_0.18_Tau_Type_noisy - INFO - Batch 85/3669: Clean accuracy 0.9294 | Adv accuracy: 0.2471 | Counter-attack accuracy: 0.7765
2026-01-22 17:02:11,529 - ADV_Generation_eps_1.0_steps_100_image_only_attack_prm_Added_Noise_gaussian_Sigma_0.18_Tau_Type_noisy - INFO - Batch:[85] Adversarial images for this batch already exist
2026-01-22 17:02:11,799 - ADV_Generation_eps_1.0_steps_100_image_only_attack_prm_Added_Noise_gaussian_Sigma_0.18_Tau_Type_noisy - INFO - Batch 86/3669: Clean accuracy 0.9302 | Adv accuracy: 0.2558 | Counter-attack accuracy: 0.7791
2026-01-22 17:02:11,800 - ADV_Generation_eps_1.0_steps_100_image_only_attack_prm_Added_Noise_gaussian_Sigma_0.18_Tau_Type_noisy - INFO - Batch:[86] Adversarial images for this batch already exist
2026-01-22 17:02:12,068 - ADV_Generation_eps_1.0_steps_100_image_only_attack_prm_Added_Noise_gaussian_Sigma_0.18_Tau_Type_noisy - INFO - Batch 87/3669: Clean accuracy 0.9310 | Adv accuracy: 0.2529 | Counter-attack accuracy: 0.7816
2026-01-22 17:02:12,069 - ADV_Generation_eps_1.0_steps_100_image_only_attack_prm_Added_Noise_gaussian_Sigma_0.18_Tau_Type_noisy - INFO - Batch:[87] Adversarial images for this batch already exist
2026-01-22 17:02:12,337 - ADV_Generation_eps_1.0_steps_100_image_only_attack_prm_Added_Noise_gaussian_Sigma_0.18_Tau_Type_noisy - INFO - Batch 88/3669: Clean accuracy 0.9318 | Adv accuracy: 0.2614 | Counter-attack accuracy: 0.7841
2026-01-22 17:02:12,338 - ADV_Generation_eps_1.0_steps_100_image_only_attack_prm_Added_Noise_gaussian_Sigma_0.18_Tau_Type_noisy - INFO - Batch:[88] Adversarial images for this batch already exist
2026-01-22 17:02:12,609 - ADV_Generation_eps_1.0_steps_100_image_only_attack_prm_Added_Noise_gaussian_Sigma_0.18_Tau_Type_noisy - INFO - Batch 89/3669: Clean accuracy 0.9326 | Adv accuracy: 0.2697 | Counter-attack accuracy: 0.7753
2026-01-22 17:02:12,611 - ADV_Generation_eps_1.0_steps_100_image_only_attack_prm_Added_Noise_gaussian_Sigma_0.18_Tau_Type_noisy - INFO - Batch:[89] Adversarial images for this batch already exist
2026-01-22 17:02:12,886 - ADV_Generation_eps_1.0_steps_100_image_only_attack_prm_Added_Noise_gaussian_Sigma_0.18_Tau_Type_noisy - INFO - Batch 90/3669: Clean accuracy 0.9333 | Adv accuracy: 0.2778 | Counter-attack accuracy: 0.7778
2026-01-22 17:02:12,888 - ADV_Generation_eps_1.0_steps_100_image_only_attack_prm_Added_Noise_gaussian_Sigma_0.18_Tau_Type_noisy - INFO - Batch:[90] Adversarial images for this batch already exist
2026-01-22 17:02:13,161 - ADV_Generation_eps_1.0_steps_100_image_only_attack_prm_Added_Noise_gaussian_Sigma_0.18_Tau_Type_noisy - INFO - Batch 91/3669: Clean accuracy 0.9341 | Adv accuracy: 0.2747 | Counter-attack accuracy: 0.7802
2026-01-22 17:02:13,162 - ADV_Generation_eps_1.0_steps_100_image_only_attack_prm_Added_Noise_gaussian_Sigma_0.18_Tau_Type_noisy - INFO - Batch:[91] Adversarial images for this batch already exist
2026-01-22 17:02:13,424 - ADV_Generation_eps_1.0_steps_100_image_only_attack_prm_Added_Noise_gaussian_Sigma_0.18_Tau_Type_noisy - INFO - Batch 92/3669: Clean accuracy 0.9348 | Adv accuracy: 0.2717 | Counter-attack accuracy: 0.7826
2026-01-22 17:02:13,426 - ADV_Generation_eps_1.0_steps_100_image_only_attack_prm_Added_Noise_gaussian_Sigma_0.18_Tau_Type_noisy - INFO - Batch:[92] Adversarial images for this batch already exist
2026-01-22 17:02:13,693 - ADV_Generation_eps_1.0_steps_100_image_only_attack_prm_Added_Noise_gaussian_Sigma_0.18_Tau_Type_noisy - INFO - Batch 93/3669: Clean accuracy 0.9355 | Adv accuracy: 0.2688 | Counter-attack accuracy: 0.7742
2026-01-22 17:02:13,695 - ADV_Generation_eps_1.0_steps_100_image_only_attack_prm_Added_Noise_gaussian_Sigma_0.18_Tau_Type_noisy - INFO - Batch:[93] Adversarial images for this batch already exist
2026-01-22 17:02:13,969 - ADV_Generation_eps_1.0_steps_100_image_only_attack_prm_Added_Noise_gaussian_Sigma_0.18_Tau_Type_noisy - INFO - Batch 94/3669: Clean accuracy 0.9362 | Adv accuracy: 0.2660 | Counter-attack accuracy: 0.7766
2026-01-22 17:02:13,970 - ADV_Generation_eps_1.0_steps_100_image_only_attack_prm_Added_Noise_gaussian_Sigma_0.18_Tau_Type_noisy - INFO - Batch:[94] Adversarial images for this batch already exist
2026-01-22 17:02:14,234 - ADV_Generation_eps_1.0_steps_100_image_only_attack_prm_Added_Noise_gaussian_Sigma_0.18_Tau_Type_noisy - INFO - Batch 95/3669: Clean accuracy 0.9368 | Adv accuracy: 0.2632 | Counter-attack accuracy: 0.7789
2026-01-22 17:02:14,235 - ADV_Generation_eps_1.0_steps_100_image_only_attack_prm_Added_Noise_gaussian_Sigma_0.18_Tau_Type_noisy - INFO - Batch:[95] Adversarial images for this batch already exist
2026-01-22 17:02:14,501 - ADV_Generation_eps_1.0_steps_100_image_only_attack_prm_Added_Noise_gaussian_Sigma_0.18_Tau_Type_noisy - INFO - Batch 96/3669: Clean accuracy 0.9375 | Adv accuracy: 0.2708 | Counter-attack accuracy: 0.7812
2026-01-22 17:02:14,502 - ADV_Generation_eps_1.0_steps_100_image_only_attack_prm_Added_Noise_gaussian_Sigma_0.18_Tau_Type_noisy - INFO - Batch:[96] Adversarial images for this batch already exist
2026-01-22 17:02:14,769 - ADV_Generation_eps_1.0_steps_100_image_only_attack_prm_Added_Noise_gaussian_Sigma_0.18_Tau_Type_noisy - INFO - Batch 97/3669: Clean accuracy 0.9381 | Adv accuracy: 0.2680 | Counter-attack accuracy: 0.7835
2026-01-22 17:02:14,771 - ADV_Generation_eps_1.0_steps_100_image_only_attack_prm_Added_Noise_gaussian_Sigma_0.18_Tau_Type_noisy - INFO - Batch:[97] Adversarial images for this batch already exist
2026-01-22 17:02:15,037 - ADV_Generation_eps_1.0_steps_100_image_only_attack_prm_Added_Noise_gaussian_Sigma_0.18_Tau_Type_noisy - INFO - Batch 98/3669: Clean accuracy 0.9388 | Adv accuracy: 0.2653 | Counter-attack accuracy: 0.7857
2026-01-22 17:02:15,038 - ADV_Generation_eps_1.0_steps_100_image_only_attack_prm_Added_Noise_gaussian_Sigma_0.18_Tau_Type_noisy - INFO - Batch:[98] Adversarial images for this batch already exist
2026-01-22 17:02:15,307 - ADV_Generation_eps_1.0_steps_100_image_only_attack_prm_Added_Noise_gaussian_Sigma_0.18_Tau_Type_noisy - INFO - Batch 99/3669: Clean accuracy 0.9394 | Adv accuracy: 0.2727 | Counter-attack accuracy: 0.7879
2026-01-22 17:02:15,309 - ADV_Generation_eps_1.0_steps_100_image_only_attack_prm_Added_Noise_gaussian_Sigma_0.18_Tau_Type_noisy - INFO - Batch:[99] Adversarial images for this batch already exist
2026-01-22 17:02:15,598 - ADV_Generation_eps_1.0_steps_100_image_only_attack_prm_Added_Noise_gaussian_Sigma_0.18_Tau_Type_noisy - INFO - Batch 100/3669: Clean accuracy 0.9400 | Adv accuracy: 0.2700 | Counter-attack accuracy: 0.7800
2026-01-22 17:02:15,599 - ADV_Generation_eps_1.0_steps_100_image_only_attack_prm_Added_Noise_gaussian_Sigma_0.18_Tau_Type_noisy - INFO - Batch:[100] Adversarial images for this batch already exist
2026-01-22 17:02:15,874 - ADV_Generation_eps_1.0_steps_100_image_only_attack_prm_Added_Noise_gaussian_Sigma_0.18_Tau_Type_noisy - INFO - Batch 101/3669: Clean accuracy 0.9406 | Adv accuracy: 0.2673 | Counter-attack accuracy: 0.7723
2026-01-22 17:02:15,875 - ADV_Generation_eps_1.0_steps_100_image_only_attack_prm_Added_Noise_gaussian_Sigma_0.18_Tau_Type_noisy - INFO - Batch:[101] Adversarial images for this batch already exist
2026-01-22 17:02:16,154 - ADV_Generation_eps_1.0_steps_100_image_only_attack_prm_Added_Noise_gaussian_Sigma_0.18_Tau_Type_noisy - INFO - Batch 102/3669: Clean accuracy 0.9412 | Adv accuracy: 0.2647 | Counter-attack accuracy: 0.7745
2026-01-22 17:02:16,155 - ADV_Generation_eps_1.0_steps_100_image_only_attack_prm_Added_Noise_gaussian_Sigma_0.18_Tau_Type_noisy - INFO - Batch:[102] Adversarial images for this batch already exist
2026-01-22 17:02:16,423 - ADV_Generation_eps_1.0_steps_100_image_only_attack_prm_Added_Noise_gaussian_Sigma_0.18_Tau_Type_noisy - INFO - Batch 103/3669: Clean accuracy 0.9417 | Adv accuracy: 0.2621 | Counter-attack accuracy: 0.7767
2026-01-22 17:02:16,425 - ADV_Generation_eps_1.0_steps_100_image_only_attack_prm_Added_Noise_gaussian_Sigma_0.18_Tau_Type_noisy - INFO - Batch:[103] Adversarial images for this batch already exist
2026-01-22 17:02:16,765 - ADV_Generation_eps_1.0_steps_100_image_only_attack_prm_Added_Noise_gaussian_Sigma_0.18_Tau_Type_noisy - INFO - Batch 104/3669: Clean accuracy 0.9423 | Adv accuracy: 0.2596 | Counter-attack accuracy: 0.7692
2026-01-22 17:02:16,767 - ADV_Generation_eps_1.0_steps_100_image_only_attack_prm_Added_Noise_gaussian_Sigma_0.18_Tau_Type_noisy - INFO - Batch:[104] Adversarial images for this batch already exist
2026-01-22 17:02:17,033 - ADV_Generation_eps_1.0_steps_100_image_only_attack_prm_Added_Noise_gaussian_Sigma_0.18_Tau_Type_noisy - INFO - Batch 105/3669: Clean accuracy 0.9429 | Adv accuracy: 0.2571 | Counter-attack accuracy: 0.7714
2026-01-22 17:02:17,034 - ADV_Generation_eps_1.0_steps_100_image_only_attack_prm_Added_Noise_gaussian_Sigma_0.18_Tau_Type_noisy - INFO - Batch:[105] Adversarial images for this batch already exist
2026-01-22 17:02:17,301 - ADV_Generation_eps_1.0_steps_100_image_only_attack_prm_Added_Noise_gaussian_Sigma_0.18_Tau_Type_noisy - INFO - Batch 106/3669: Clean accuracy 0.9434 | Adv accuracy: 0.2547 | Counter-attack accuracy: 0.7736
2026-01-22 17:02:17,302 - ADV_Generation_eps_1.0_steps_100_image_only_attack_prm_Added_Noise_gaussian_Sigma_0.18_Tau_Type_noisy - INFO - Batch:[106] Adversarial images for this batch already exist
2026-01-22 17:02:17,580 - ADV_Generation_eps_1.0_steps_100_image_only_attack_prm_Added_Noise_gaussian_Sigma_0.18_Tau_Type_noisy - INFO - Batch 107/3669: Clean accuracy 0.9439 | Adv accuracy: 0.2523 | Counter-attack accuracy: 0.7757
2026-01-22 17:02:17,581 - ADV_Generation_eps_1.0_steps_100_image_only_attack_prm_Added_Noise_gaussian_Sigma_0.18_Tau_Type_noisy - INFO - Batch:[107] Adversarial images for this batch already exist
2026-01-22 17:02:17,847 - ADV_Generation_eps_1.0_steps_100_image_only_attack_prm_Added_Noise_gaussian_Sigma_0.18_Tau_Type_noisy - INFO - Batch 108/3669: Clean accuracy 0.9444 | Adv accuracy: 0.2500 | Counter-attack accuracy: 0.7778
2026-01-22 17:02:17,848 - ADV_Generation_eps_1.0_steps_100_image_only_attack_prm_Added_Noise_gaussian_Sigma_0.18_Tau_Type_noisy - INFO - Batch:[108] Adversarial images for this batch already exist
2026-01-22 17:02:18,108 - ADV_Generation_eps_1.0_steps_100_image_only_attack_prm_Added_Noise_gaussian_Sigma_0.18_Tau_Type_noisy - INFO - Batch 109/3669: Clean accuracy 0.9450 | Adv accuracy: 0.2477 | Counter-attack accuracy: 0.7798
2026-01-22 17:02:18,109 - ADV_Generation_eps_1.0_steps_100_image_only_attack_prm_Added_Noise_gaussian_Sigma_0.18_Tau_Type_noisy - INFO - Batch:[109] Adversarial images for this batch already exist
2026-01-22 17:02:18,381 - ADV_Generation_eps_1.0_steps_100_image_only_attack_prm_Added_Noise_gaussian_Sigma_0.18_Tau_Type_noisy - INFO - Batch 110/3669: Clean accuracy 0.9455 | Adv accuracy: 0.2455 | Counter-attack accuracy: 0.7818
2026-01-22 17:02:18,382 - ADV_Generation_eps_1.0_steps_100_image_only_attack_prm_Added_Noise_gaussian_Sigma_0.18_Tau_Type_noisy - INFO - Batch:[110] Adversarial images for this batch already exist
2026-01-22 17:02:18,652 - ADV_Generation_eps_1.0_steps_100_image_only_attack_prm_Added_Noise_gaussian_Sigma_0.18_Tau_Type_noisy - INFO - Batch 111/3669: Clean accuracy 0.9459 | Adv accuracy: 0.2523 | Counter-attack accuracy: 0.7838
2026-01-22 17:02:18,654 - ADV_Generation_eps_1.0_steps_100_image_only_attack_prm_Added_Noise_gaussian_Sigma_0.18_Tau_Type_noisy - INFO - Batch:[111] Adversarial images for this batch already exist
2026-01-22 17:02:18,921 - ADV_Generation_eps_1.0_steps_100_image_only_attack_prm_Added_Noise_gaussian_Sigma_0.18_Tau_Type_noisy - INFO - Batch 112/3669: Clean accuracy 0.9464 | Adv accuracy: 0.2500 | Counter-attack accuracy: 0.7768
2026-01-22 17:02:18,922 - ADV_Generation_eps_1.0_steps_100_image_only_attack_prm_Added_Noise_gaussian_Sigma_0.18_Tau_Type_noisy - INFO - Batch:[112] Adversarial images for this batch already exist
2026-01-22 17:02:19,204 - ADV_Generation_eps_1.0_steps_100_image_only_attack_prm_Added_Noise_gaussian_Sigma_0.18_Tau_Type_noisy - INFO - Batch 113/3669: Clean accuracy 0.9469 | Adv accuracy: 0.2566 | Counter-attack accuracy: 0.7788
2026-01-22 17:02:19,205 - ADV_Generation_eps_1.0_steps_100_image_only_attack_prm_Added_Noise_gaussian_Sigma_0.18_Tau_Type_noisy - INFO - Batch:[113] Adversarial images for this batch already exist
2026-01-22 17:02:19,479 - ADV_Generation_eps_1.0_steps_100_image_only_attack_prm_Added_Noise_gaussian_Sigma_0.18_Tau_Type_noisy - INFO - Batch 114/3669: Clean accuracy 0.9474 | Adv accuracy: 0.2544 | Counter-attack accuracy: 0.7807
2026-01-22 17:02:19,481 - ADV_Generation_eps_1.0_steps_100_image_only_attack_prm_Added_Noise_gaussian_Sigma_0.18_Tau_Type_noisy - INFO - Batch:[114] Adversarial images for this batch already exist
2026-01-22 17:02:19,743 - ADV_Generation_eps_1.0_steps_100_image_only_attack_prm_Added_Noise_gaussian_Sigma_0.18_Tau_Type_noisy - INFO - Batch 115/3669: Clean accuracy 0.9478 | Adv accuracy: 0.2522 | Counter-attack accuracy: 0.7739
2026-01-22 17:02:19,744 - ADV_Generation_eps_1.0_steps_100_image_only_attack_prm_Added_Noise_gaussian_Sigma_0.18_Tau_Type_noisy - INFO - Batch:[115] Adversarial images for this batch already exist
2026-01-22 17:02:20,013 - ADV_Generation_eps_1.0_steps_100_image_only_attack_prm_Added_Noise_gaussian_Sigma_0.18_Tau_Type_noisy - INFO - Batch 116/3669: Clean accuracy 0.9397 | Adv accuracy: 0.2500 | Counter-attack accuracy: 0.7759
2026-01-22 17:02:20,014 - ADV_Generation_eps_1.0_steps_100_image_only_attack_prm_Added_Noise_gaussian_Sigma_0.18_Tau_Type_noisy - INFO - Batch:[116] Adversarial images for this batch already exist
2026-01-22 17:02:20,273 - ADV_Generation_eps_1.0_steps_100_image_only_attack_prm_Added_Noise_gaussian_Sigma_0.18_Tau_Type_noisy - INFO - Batch 117/3669: Clean accuracy 0.9402 | Adv accuracy: 0.2479 | Counter-attack accuracy: 0.7778
2026-01-22 17:02:20,274 - ADV_Generation_eps_1.0_steps_100_image_only_attack_prm_Added_Noise_gaussian_Sigma_0.18_Tau_Type_noisy - INFO - Batch:[117] Adversarial images for this batch already exist
2026-01-22 17:02:20,549 - ADV_Generation_eps_1.0_steps_100_image_only_attack_prm_Added_Noise_gaussian_Sigma_0.18_Tau_Type_noisy - INFO - Batch 118/3669: Clean accuracy 0.9407 | Adv accuracy: 0.2458 | Counter-attack accuracy: 0.7797
2026-01-22 17:02:20,551 - ADV_Generation_eps_1.0_steps_100_image_only_attack_prm_Added_Noise_gaussian_Sigma_0.18_Tau_Type_noisy - INFO - Batch:[118] Adversarial images for this batch already exist
2026-01-22 17:02:20,818 - ADV_Generation_eps_1.0_steps_100_image_only_attack_prm_Added_Noise_gaussian_Sigma_0.18_Tau_Type_noisy - INFO - Batch 119/3669: Clean accuracy 0.9412 | Adv accuracy: 0.2437 | Counter-attack accuracy: 0.7815
2026-01-22 17:02:20,820 - ADV_Generation_eps_1.0_steps_100_image_only_attack_prm_Added_Noise_gaussian_Sigma_0.18_Tau_Type_noisy - INFO - Batch:[119] Adversarial images for this batch already exist
2026-01-22 17:02:21,089 - ADV_Generation_eps_1.0_steps_100_image_only_attack_prm_Added_Noise_gaussian_Sigma_0.18_Tau_Type_noisy - INFO - Batch 120/3669: Clean accuracy 0.9333 | Adv accuracy: 0.2417 | Counter-attack accuracy: 0.7750
2026-01-22 17:02:21,090 - ADV_Generation_eps_1.0_steps_100_image_only_attack_prm_Added_Noise_gaussian_Sigma_0.18_Tau_Type_noisy - INFO - Batch:[120] Adversarial images for this batch already exist
2026-01-22 17:02:21,360 - ADV_Generation_eps_1.0_steps_100_image_only_attack_prm_Added_Noise_gaussian_Sigma_0.18_Tau_Type_noisy - INFO - Batch 121/3669: Clean accuracy 0.9339 | Adv accuracy: 0.2397 | Counter-attack accuracy: 0.7769
2026-01-22 17:02:21,361 - ADV_Generation_eps_1.0_steps_100_image_only_attack_prm_Added_Noise_gaussian_Sigma_0.18_Tau_Type_noisy - INFO - Batch:[121] Adversarial images for this batch already exist
2026-01-22 17:02:21,638 - ADV_Generation_eps_1.0_steps_100_image_only_attack_prm_Added_Noise_gaussian_Sigma_0.18_Tau_Type_noisy - INFO - Batch 122/3669: Clean accuracy 0.9344 | Adv accuracy: 0.2459 | Counter-attack accuracy: 0.7787
2026-01-22 17:02:21,639 - ADV_Generation_eps_1.0_steps_100_image_only_attack_prm_Added_Noise_gaussian_Sigma_0.18_Tau_Type_noisy - INFO - Batch:[122] Adversarial images for this batch already exist
2026-01-22 17:02:21,932 - ADV_Generation_eps_1.0_steps_100_image_only_attack_prm_Added_Noise_gaussian_Sigma_0.18_Tau_Type_noisy - INFO - Batch 123/3669: Clean accuracy 0.9350 | Adv accuracy: 0.2439 | Counter-attack accuracy: 0.7724
2026-01-22 17:02:21,934 - ADV_Generation_eps_1.0_steps_100_image_only_attack_prm_Added_Noise_gaussian_Sigma_0.18_Tau_Type_noisy - INFO - Batch:[123] Adversarial images for this batch already exist
2026-01-22 17:02:22,198 - ADV_Generation_eps_1.0_steps_100_image_only_attack_prm_Added_Noise_gaussian_Sigma_0.18_Tau_Type_noisy - INFO - Batch 124/3669: Clean accuracy 0.9355 | Adv accuracy: 0.2419 | Counter-attack accuracy: 0.7742
2026-01-22 17:02:22,199 - ADV_Generation_eps_1.0_steps_100_image_only_attack_prm_Added_Noise_gaussian_Sigma_0.18_Tau_Type_noisy - INFO - Batch:[124] Adversarial images for this batch already exist
2026-01-22 17:02:22,467 - ADV_Generation_eps_1.0_steps_100_image_only_attack_prm_Added_Noise_gaussian_Sigma_0.18_Tau_Type_noisy - INFO - Batch 125/3669: Clean accuracy 0.9360 | Adv accuracy: 0.2400 | Counter-attack accuracy: 0.7760
2026-01-22 17:02:22,468 - ADV_Generation_eps_1.0_steps_100_image_only_attack_prm_Added_Noise_gaussian_Sigma_0.18_Tau_Type_noisy - INFO - Batch:[125] Adversarial images for this batch already exist
2026-01-22 17:02:22,819 - ADV_Generation_eps_1.0_steps_100_image_only_attack_prm_Added_Noise_gaussian_Sigma_0.18_Tau_Type_noisy - INFO - Batch 126/3669: Clean accuracy 0.9365 | Adv accuracy: 0.2381 | Counter-attack accuracy: 0.7698
2026-01-22 17:02:22,820 - ADV_Generation_eps_1.0_steps_100_image_only_attack_prm_Added_Noise_gaussian_Sigma_0.18_Tau_Type_noisy - INFO - Batch:[126] Adversarial images for this batch already exist
2026-01-22 17:02:23,086 - ADV_Generation_eps_1.0_steps_100_image_only_attack_prm_Added_Noise_gaussian_Sigma_0.18_Tau_Type_noisy - INFO - Batch 127/3669: Clean accuracy 0.9370 | Adv accuracy: 0.2362 | Counter-attack accuracy: 0.7638
2026-01-22 17:02:23,087 - ADV_Generation_eps_1.0_steps_100_image_only_attack_prm_Added_Noise_gaussian_Sigma_0.18_Tau_Type_noisy - INFO - Batch:[127] Adversarial images for this batch already exist
2026-01-22 17:02:23,376 - ADV_Generation_eps_1.0_steps_100_image_only_attack_prm_Added_Noise_gaussian_Sigma_0.18_Tau_Type_noisy - INFO - Batch 128/3669: Clean accuracy 0.9375 | Adv accuracy: 0.2422 | Counter-attack accuracy: 0.7656
2026-01-22 17:02:23,377 - ADV_Generation_eps_1.0_steps_100_image_only_attack_prm_Added_Noise_gaussian_Sigma_0.18_Tau_Type_noisy - INFO - Batch:[128] Adversarial images for this batch already exist
2026-01-22 17:02:23,644 - ADV_Generation_eps_1.0_steps_100_image_only_attack_prm_Added_Noise_gaussian_Sigma_0.18_Tau_Type_noisy - INFO - Batch 129/3669: Clean accuracy 0.9380 | Adv accuracy: 0.2403 | Counter-attack accuracy: 0.7674
2026-01-22 17:02:23,646 - ADV_Generation_eps_1.0_steps_100_image_only_attack_prm_Added_Noise_gaussian_Sigma_0.18_Tau_Type_noisy - INFO - Batch:[129] Adversarial images for this batch already exist
2026-01-22 17:02:23,916 - ADV_Generation_eps_1.0_steps_100_image_only_attack_prm_Added_Noise_gaussian_Sigma_0.18_Tau_Type_noisy - INFO - Batch 130/3669: Clean accuracy 0.9385 | Adv accuracy: 0.2462 | Counter-attack accuracy: 0.7615
2026-01-22 17:02:23,918 - ADV_Generation_eps_1.0_steps_100_image_only_attack_prm_Added_Noise_gaussian_Sigma_0.18_Tau_Type_noisy - INFO - Batch:[130] Adversarial images for this batch already exist
2026-01-22 17:02:24,182 - ADV_Generation_eps_1.0_steps_100_image_only_attack_prm_Added_Noise_gaussian_Sigma_0.18_Tau_Type_noisy - INFO - Batch 131/3669: Clean accuracy 0.9389 | Adv accuracy: 0.2443 | Counter-attack accuracy: 0.7634
2026-01-22 17:02:24,183 - ADV_Generation_eps_1.0_steps_100_image_only_attack_prm_Added_Noise_gaussian_Sigma_0.18_Tau_Type_noisy - INFO - Batch:[131] Adversarial images for this batch already exist
2026-01-22 17:02:24,460 - ADV_Generation_eps_1.0_steps_100_image_only_attack_prm_Added_Noise_gaussian_Sigma_0.18_Tau_Type_noisy - INFO - Batch 132/3669: Clean accuracy 0.9394 | Adv accuracy: 0.2500 | Counter-attack accuracy: 0.7652
2026-01-22 17:02:24,461 - ADV_Generation_eps_1.0_steps_100_image_only_attack_prm_Added_Noise_gaussian_Sigma_0.18_Tau_Type_noisy - INFO - Batch:[132] Adversarial images for this batch already exist
2026-01-22 17:02:24,724 - ADV_Generation_eps_1.0_steps_100_image_only_attack_prm_Added_Noise_gaussian_Sigma_0.18_Tau_Type_noisy - INFO - Batch 133/3669: Clean accuracy 0.9398 | Adv accuracy: 0.2556 | Counter-attack accuracy: 0.7669
2026-01-22 17:02:24,725 - ADV_Generation_eps_1.0_steps_100_image_only_attack_prm_Added_Noise_gaussian_Sigma_0.18_Tau_Type_noisy - INFO - Batch:[133] Adversarial images for this batch already exist
2026-01-22 17:02:24,998 - ADV_Generation_eps_1.0_steps_100_image_only_attack_prm_Added_Noise_gaussian_Sigma_0.18_Tau_Type_noisy - INFO - Batch 134/3669: Clean accuracy 0.9403 | Adv accuracy: 0.2612 | Counter-attack accuracy: 0.7687
2026-01-22 17:02:25,000 - ADV_Generation_eps_1.0_steps_100_image_only_attack_prm_Added_Noise_gaussian_Sigma_0.18_Tau_Type_noisy - INFO - Batch:[134] Adversarial images for this batch already exist
2026-01-22 17:02:25,268 - ADV_Generation_eps_1.0_steps_100_image_only_attack_prm_Added_Noise_gaussian_Sigma_0.18_Tau_Type_noisy - INFO - Batch 135/3669: Clean accuracy 0.9407 | Adv accuracy: 0.2593 | Counter-attack accuracy: 0.7704
2026-01-22 17:02:25,269 - ADV_Generation_eps_1.0_steps_100_image_only_attack_prm_Added_Noise_gaussian_Sigma_0.18_Tau_Type_noisy - INFO - Batch:[135] Adversarial images for this batch already exist
2026-01-22 17:02:25,547 - ADV_Generation_eps_1.0_steps_100_image_only_attack_prm_Added_Noise_gaussian_Sigma_0.18_Tau_Type_noisy - INFO - Batch 136/3669: Clean accuracy 0.9412 | Adv accuracy: 0.2574 | Counter-attack accuracy: 0.7721
2026-01-22 17:02:25,548 - ADV_Generation_eps_1.0_steps_100_image_only_attack_prm_Added_Noise_gaussian_Sigma_0.18_Tau_Type_noisy - INFO - Batch:[136] Adversarial images for this batch already exist
2026-01-22 17:02:25,829 - ADV_Generation_eps_1.0_steps_100_image_only_attack_prm_Added_Noise_gaussian_Sigma_0.18_Tau_Type_noisy - INFO - Batch 137/3669: Clean accuracy 0.9416 | Adv accuracy: 0.2555 | Counter-attack accuracy: 0.7737
2026-01-22 17:02:25,830 - ADV_Generation_eps_1.0_steps_100_image_only_attack_prm_Added_Noise_gaussian_Sigma_0.18_Tau_Type_noisy - INFO - Batch:[137] Adversarial images for this batch already exist
2026-01-22 17:02:26,100 - ADV_Generation_eps_1.0_steps_100_image_only_attack_prm_Added_Noise_gaussian_Sigma_0.18_Tau_Type_noisy - INFO - Batch 138/3669: Clean accuracy 0.9420 | Adv accuracy: 0.2609 | Counter-attack accuracy: 0.7754
2026-01-22 17:02:26,101 - ADV_Generation_eps_1.0_steps_100_image_only_attack_prm_Added_Noise_gaussian_Sigma_0.18_Tau_Type_noisy - INFO - Batch:[138] Adversarial images for this batch already exist
2026-01-22 17:02:26,371 - ADV_Generation_eps_1.0_steps_100_image_only_attack_prm_Added_Noise_gaussian_Sigma_0.18_Tau_Type_noisy - INFO - Batch 139/3669: Clean accuracy 0.9424 | Adv accuracy: 0.2662 | Counter-attack accuracy: 0.7770
2026-01-22 17:02:26,373 - ADV_Generation_eps_1.0_steps_100_image_only_attack_prm_Added_Noise_gaussian_Sigma_0.18_Tau_Type_noisy - INFO - Batch:[139] Adversarial images for this batch already exist
2026-01-22 17:02:26,635 - ADV_Generation_eps_1.0_steps_100_image_only_attack_prm_Added_Noise_gaussian_Sigma_0.18_Tau_Type_noisy - INFO - Batch 140/3669: Clean accuracy 0.9429 | Adv accuracy: 0.2714 | Counter-attack accuracy: 0.7786
2026-01-22 17:02:26,636 - ADV_Generation_eps_1.0_steps_100_image_only_attack_prm_Added_Noise_gaussian_Sigma_0.18_Tau_Type_noisy - INFO - Batch:[140] Adversarial images for this batch already exist
2026-01-22 17:02:26,906 - ADV_Generation_eps_1.0_steps_100_image_only_attack_prm_Added_Noise_gaussian_Sigma_0.18_Tau_Type_noisy - INFO - Batch 141/3669: Clean accuracy 0.9433 | Adv accuracy: 0.2766 | Counter-attack accuracy: 0.7801
2026-01-22 17:02:26,910 - ADV_Generation_eps_1.0_steps_100_image_only_attack_prm_Added_Noise_gaussian_Sigma_0.18_Tau_Type_noisy - INFO - Batch:[141] Adversarial images for this batch already exist
2026-01-22 17:02:27,201 - ADV_Generation_eps_1.0_steps_100_image_only_attack_prm_Added_Noise_gaussian_Sigma_0.18_Tau_Type_noisy - INFO - Batch 142/3669: Clean accuracy 0.9437 | Adv accuracy: 0.2817 | Counter-attack accuracy: 0.7817
2026-01-22 17:02:27,202 - ADV_Generation_eps_1.0_steps_100_image_only_attack_prm_Added_Noise_gaussian_Sigma_0.18_Tau_Type_noisy - INFO - Batch:[142] Adversarial images for this batch already exist
2026-01-22 17:02:27,471 - ADV_Generation_eps_1.0_steps_100_image_only_attack_prm_Added_Noise_gaussian_Sigma_0.18_Tau_Type_noisy - INFO - Batch 143/3669: Clean accuracy 0.9441 | Adv accuracy: 0.2797 | Counter-attack accuracy: 0.7832
2026-01-22 17:02:27,472 - ADV_Generation_eps_1.0_steps_100_image_only_attack_prm_Added_Noise_gaussian_Sigma_0.18_Tau_Type_noisy - INFO - Batch:[143] Adversarial images for this batch already exist
2026-01-22 17:02:27,736 - ADV_Generation_eps_1.0_steps_100_image_only_attack_prm_Added_Noise_gaussian_Sigma_0.18_Tau_Type_noisy - INFO - Batch 144/3669: Clean accuracy 0.9444 | Adv accuracy: 0.2778 | Counter-attack accuracy: 0.7847
2026-01-22 17:02:27,737 - ADV_Generation_eps_1.0_steps_100_image_only_attack_prm_Added_Noise_gaussian_Sigma_0.18_Tau_Type_noisy - INFO - Batch:[144] Adversarial images for this batch already exist
2026-01-22 17:02:28,008 - ADV_Generation_eps_1.0_steps_100_image_only_attack_prm_Added_Noise_gaussian_Sigma_0.18_Tau_Type_noisy - INFO - Batch 145/3669: Clean accuracy 0.9448 | Adv accuracy: 0.2828 | Counter-attack accuracy: 0.7862
2026-01-22 17:02:28,010 - ADV_Generation_eps_1.0_steps_100_image_only_attack_prm_Added_Noise_gaussian_Sigma_0.18_Tau_Type_noisy - INFO - Batch:[145] Adversarial images for this batch already exist
2026-01-22 17:02:28,284 - ADV_Generation_eps_1.0_steps_100_image_only_attack_prm_Added_Noise_gaussian_Sigma_0.18_Tau_Type_noisy - INFO - Batch 146/3669: Clean accuracy 0.9384 | Adv accuracy: 0.2808 | Counter-attack accuracy: 0.7808
2026-01-22 17:02:28,286 - ADV_Generation_eps_1.0_steps_100_image_only_attack_prm_Added_Noise_gaussian_Sigma_0.18_Tau_Type_noisy - INFO - Batch:[146] Adversarial images for this batch already exist
2026-01-22 17:02:28,557 - ADV_Generation_eps_1.0_steps_100_image_only_attack_prm_Added_Noise_gaussian_Sigma_0.18_Tau_Type_noisy - INFO - Batch 147/3669: Clean accuracy 0.9388 | Adv accuracy: 0.2857 | Counter-attack accuracy: 0.7823
2026-01-22 17:02:28,559 - ADV_Generation_eps_1.0_steps_100_image_only_attack_prm_Added_Noise_gaussian_Sigma_0.18_Tau_Type_noisy - INFO - Batch:[147] Adversarial images for this batch already exist
2026-01-22 17:02:28,827 - ADV_Generation_eps_1.0_steps_100_image_only_attack_prm_Added_Noise_gaussian_Sigma_0.18_Tau_Type_noisy - INFO - Batch 148/3669: Clean accuracy 0.9392 | Adv accuracy: 0.2905 | Counter-attack accuracy: 0.7838
2026-01-22 17:02:28,828 - ADV_Generation_eps_1.0_steps_100_image_only_attack_prm_Added_Noise_gaussian_Sigma_0.18_Tau_Type_noisy - INFO - Batch:[148] Adversarial images for this batch already exist
2026-01-22 17:02:29,092 - ADV_Generation_eps_1.0_steps_100_image_only_attack_prm_Added_Noise_gaussian_Sigma_0.18_Tau_Type_noisy - INFO - Batch 149/3669: Clean accuracy 0.9329 | Adv accuracy: 0.2886 | Counter-attack accuracy: 0.7785
2026-01-22 17:02:29,093 - ADV_Generation_eps_1.0_steps_100_image_only_attack_prm_Added_Noise_gaussian_Sigma_0.18_Tau_Type_noisy - INFO - Batch:[149] Adversarial images for this batch already exist
2026-01-22 17:02:29,361 - ADV_Generation_eps_1.0_steps_100_image_only_attack_prm_Added_Noise_gaussian_Sigma_0.18_Tau_Type_noisy - INFO - Batch 150/3669: Clean accuracy 0.9333 | Adv accuracy: 0.2867 | Counter-attack accuracy: 0.7733
2026-01-22 17:02:29,362 - ADV_Generation_eps_1.0_steps_100_image_only_attack_prm_Added_Noise_gaussian_Sigma_0.18_Tau_Type_noisy - INFO - Batch:[150] Adversarial images for this batch already exist
2026-01-22 17:02:29,640 - ADV_Generation_eps_1.0_steps_100_image_only_attack_prm_Added_Noise_gaussian_Sigma_0.18_Tau_Type_noisy - INFO - Batch 151/3669: Clean accuracy 0.9338 | Adv accuracy: 0.2848 | Counter-attack accuracy: 0.7748
2026-01-22 17:02:29,641 - ADV_Generation_eps_1.0_steps_100_image_only_attack_prm_Added_Noise_gaussian_Sigma_0.18_Tau_Type_noisy - INFO - Batch:[151] Adversarial images for this batch already exist
2026-01-22 17:02:29,913 - ADV_Generation_eps_1.0_steps_100_image_only_attack_prm_Added_Noise_gaussian_Sigma_0.18_Tau_Type_noisy - INFO - Batch 152/3669: Clean accuracy 0.9342 | Adv accuracy: 0.2829 | Counter-attack accuracy: 0.7697
2026-01-22 17:02:29,915 - ADV_Generation_eps_1.0_steps_100_image_only_attack_prm_Added_Noise_gaussian_Sigma_0.18_Tau_Type_noisy - INFO - Batch:[152] Adversarial images for this batch already exist
2026-01-22 17:02:30,181 - ADV_Generation_eps_1.0_steps_100_image_only_attack_prm_Added_Noise_gaussian_Sigma_0.18_Tau_Type_noisy - INFO - Batch 153/3669: Clean accuracy 0.9346 | Adv accuracy: 0.2810 | Counter-attack accuracy: 0.7712
2026-01-22 17:02:30,182 - ADV_Generation_eps_1.0_steps_100_image_only_attack_prm_Added_Noise_gaussian_Sigma_0.18_Tau_Type_noisy - INFO - Batch:[153] Adversarial images for this batch already exist
2026-01-22 17:02:30,452 - ADV_Generation_eps_1.0_steps_100_image_only_attack_prm_Added_Noise_gaussian_Sigma_0.18_Tau_Type_noisy - INFO - Batch 154/3669: Clean accuracy 0.9351 | Adv accuracy: 0.2792 | Counter-attack accuracy: 0.7727
2026-01-22 17:02:30,454 - ADV_Generation_eps_1.0_steps_100_image_only_attack_prm_Added_Noise_gaussian_Sigma_0.18_Tau_Type_noisy - INFO - Batch:[154] Adversarial images for this batch already exist
2026-01-22 17:02:30,728 - ADV_Generation_eps_1.0_steps_100_image_only_attack_prm_Added_Noise_gaussian_Sigma_0.18_Tau_Type_noisy - INFO - Batch 155/3669: Clean accuracy 0.9355 | Adv accuracy: 0.2839 | Counter-attack accuracy: 0.7742
2026-01-22 17:02:30,730 - ADV_Generation_eps_1.0_steps_100_image_only_attack_prm_Added_Noise_gaussian_Sigma_0.18_Tau_Type_noisy - INFO - Batch:[155] Adversarial images for this batch already exist
2026-01-22 17:02:30,994 - ADV_Generation_eps_1.0_steps_100_image_only_attack_prm_Added_Noise_gaussian_Sigma_0.18_Tau_Type_noisy - INFO - Batch 156/3669: Clean accuracy 0.9359 | Adv accuracy: 0.2885 | Counter-attack accuracy: 0.7756
2026-01-22 17:02:30,995 - ADV_Generation_eps_1.0_steps_100_image_only_attack_prm_Added_Noise_gaussian_Sigma_0.18_Tau_Type_noisy - INFO - Batch:[156] Adversarial images for this batch already exist
2026-01-22 17:02:31,263 - ADV_Generation_eps_1.0_steps_100_image_only_attack_prm_Added_Noise_gaussian_Sigma_0.18_Tau_Type_noisy - INFO - Batch 157/3669: Clean accuracy 0.9363 | Adv accuracy: 0.2866 | Counter-attack accuracy: 0.7771
2026-01-22 17:02:31,264 - ADV_Generation_eps_1.0_steps_100_image_only_attack_prm_Added_Noise_gaussian_Sigma_0.18_Tau_Type_noisy - INFO - Batch:[157] Adversarial images for this batch already exist
2026-01-22 17:02:31,532 - ADV_Generation_eps_1.0_steps_100_image_only_attack_prm_Added_Noise_gaussian_Sigma_0.18_Tau_Type_noisy - INFO - Batch 158/3669: Clean accuracy 0.9367 | Adv accuracy: 0.2848 | Counter-attack accuracy: 0.7722
2026-01-22 17:02:31,533 - ADV_Generation_eps_1.0_steps_100_image_only_attack_prm_Added_Noise_gaussian_Sigma_0.18_Tau_Type_noisy - INFO - Batch:[158] Adversarial images for this batch already exist
2026-01-22 17:02:31,799 - ADV_Generation_eps_1.0_steps_100_image_only_attack_prm_Added_Noise_gaussian_Sigma_0.18_Tau_Type_noisy - INFO - Batch 159/3669: Clean accuracy 0.9371 | Adv accuracy: 0.2830 | Counter-attack accuracy: 0.7736
2026-01-22 17:02:31,801 - ADV_Generation_eps_1.0_steps_100_image_only_attack_prm_Added_Noise_gaussian_Sigma_0.18_Tau_Type_noisy - INFO - Batch:[159] Adversarial images for this batch already exist
2026-01-22 17:02:32,077 - ADV_Generation_eps_1.0_steps_100_image_only_attack_prm_Added_Noise_gaussian_Sigma_0.18_Tau_Type_noisy - INFO - Batch 160/3669: Clean accuracy 0.9375 | Adv accuracy: 0.2812 | Counter-attack accuracy: 0.7688
2026-01-22 17:02:32,079 - ADV_Generation_eps_1.0_steps_100_image_only_attack_prm_Added_Noise_gaussian_Sigma_0.18_Tau_Type_noisy - INFO - Batch:[160] Adversarial images for this batch already exist
2026-01-22 17:02:32,344 - ADV_Generation_eps_1.0_steps_100_image_only_attack_prm_Added_Noise_gaussian_Sigma_0.18_Tau_Type_noisy - INFO - Batch 161/3669: Clean accuracy 0.9379 | Adv accuracy: 0.2795 | Counter-attack accuracy: 0.7702
2026-01-22 17:02:32,345 - ADV_Generation_eps_1.0_steps_100_image_only_attack_prm_Added_Noise_gaussian_Sigma_0.18_Tau_Type_noisy - INFO - Batch:[161] Adversarial images for this batch already exist
2026-01-22 17:02:32,622 - ADV_Generation_eps_1.0_steps_100_image_only_attack_prm_Added_Noise_gaussian_Sigma_0.18_Tau_Type_noisy - INFO - Batch 162/3669: Clean accuracy 0.9383 | Adv accuracy: 0.2778 | Counter-attack accuracy: 0.7716
2026-01-22 17:02:32,623 - ADV_Generation_eps_1.0_steps_100_image_only_attack_prm_Added_Noise_gaussian_Sigma_0.18_Tau_Type_noisy - INFO - Batch:[162] Adversarial images for this batch already exist
2026-01-22 17:02:32,893 - ADV_Generation_eps_1.0_steps_100_image_only_attack_prm_Added_Noise_gaussian_Sigma_0.18_Tau_Type_noisy - INFO - Batch 163/3669: Clean accuracy 0.9387 | Adv accuracy: 0.2761 | Counter-attack accuracy: 0.7730
2026-01-22 17:02:32,894 - ADV_Generation_eps_1.0_steps_100_image_only_attack_prm_Added_Noise_gaussian_Sigma_0.18_Tau_Type_noisy - INFO - Batch:[163] Adversarial images for this batch already exist
2026-01-22 17:02:33,168 - ADV_Generation_eps_1.0_steps_100_image_only_attack_prm_Added_Noise_gaussian_Sigma_0.18_Tau_Type_noisy - INFO - Batch 164/3669: Clean accuracy 0.9390 | Adv accuracy: 0.2744 | Counter-attack accuracy: 0.7744
2026-01-22 17:02:33,170 - ADV_Generation_eps_1.0_steps_100_image_only_attack_prm_Added_Noise_gaussian_Sigma_0.18_Tau_Type_noisy - INFO - Batch:[164] Adversarial images for this batch already exist
2026-01-22 17:02:33,450 - ADV_Generation_eps_1.0_steps_100_image_only_attack_prm_Added_Noise_gaussian_Sigma_0.18_Tau_Type_noisy - INFO - Batch 165/3669: Clean accuracy 0.9394 | Adv accuracy: 0.2727 | Counter-attack accuracy: 0.7758
2026-01-22 17:02:33,451 - ADV_Generation_eps_1.0_steps_100_image_only_attack_prm_Added_Noise_gaussian_Sigma_0.18_Tau_Type_noisy - INFO - Batch:[165] Adversarial images for this batch already exist
2026-01-22 17:02:33,718 - ADV_Generation_eps_1.0_steps_100_image_only_attack_prm_Added_Noise_gaussian_Sigma_0.18_Tau_Type_noisy - INFO - Batch 166/3669: Clean accuracy 0.9398 | Adv accuracy: 0.2711 | Counter-attack accuracy: 0.7771
2026-01-22 17:02:33,720 - ADV_Generation_eps_1.0_steps_100_image_only_attack_prm_Added_Noise_gaussian_Sigma_0.18_Tau_Type_noisy - INFO - Batch:[166] Adversarial images for this batch already exist
2026-01-22 17:02:33,990 - ADV_Generation_eps_1.0_steps_100_image_only_attack_prm_Added_Noise_gaussian_Sigma_0.18_Tau_Type_noisy - INFO - Batch 167/3669: Clean accuracy 0.9401 | Adv accuracy: 0.2695 | Counter-attack accuracy: 0.7784
2026-01-22 17:02:33,991 - ADV_Generation_eps_1.0_steps_100_image_only_attack_prm_Added_Noise_gaussian_Sigma_0.18_Tau_Type_noisy - INFO - Batch:[167] Adversarial images for this batch already exist
2026-01-22 17:02:34,255 - ADV_Generation_eps_1.0_steps_100_image_only_attack_prm_Added_Noise_gaussian_Sigma_0.18_Tau_Type_noisy - INFO - Batch 168/3669: Clean accuracy 0.9405 | Adv accuracy: 0.2738 | Counter-attack accuracy: 0.7798
2026-01-22 17:02:34,256 - ADV_Generation_eps_1.0_steps_100_image_only_attack_prm_Added_Noise_gaussian_Sigma_0.18_Tau_Type_noisy - INFO - Batch:[168] Adversarial images for this batch already exist
2026-01-22 17:02:34,527 - ADV_Generation_eps_1.0_steps_100_image_only_attack_prm_Added_Noise_gaussian_Sigma_0.18_Tau_Type_noisy - INFO - Batch 169/3669: Clean accuracy 0.9408 | Adv accuracy: 0.2781 | Counter-attack accuracy: 0.7811
2026-01-22 17:02:34,529 - ADV_Generation_eps_1.0_steps_100_image_only_attack_prm_Added_Noise_gaussian_Sigma_0.18_Tau_Type_noisy - INFO - Batch:[169] Adversarial images for this batch already exist
2026-01-22 17:02:34,796 - ADV_Generation_eps_1.0_steps_100_image_only_attack_prm_Added_Noise_gaussian_Sigma_0.18_Tau_Type_noisy - INFO - Batch 170/3669: Clean accuracy 0.9412 | Adv accuracy: 0.2824 | Counter-attack accuracy: 0.7824
2026-01-22 17:02:34,798 - ADV_Generation_eps_1.0_steps_100_image_only_attack_prm_Added_Noise_gaussian_Sigma_0.18_Tau_Type_noisy - INFO - Batch:[170] Adversarial images for this batch already exist
2026-01-22 17:02:35,060 - ADV_Generation_eps_1.0_steps_100_image_only_attack_prm_Added_Noise_gaussian_Sigma_0.18_Tau_Type_noisy - INFO - Batch 171/3669: Clean accuracy 0.9415 | Adv accuracy: 0.2807 | Counter-attack accuracy: 0.7836
2026-01-22 17:02:35,062 - ADV_Generation_eps_1.0_steps_100_image_only_attack_prm_Added_Noise_gaussian_Sigma_0.18_Tau_Type_noisy - INFO - Batch:[171] Adversarial images for this batch already exist
2026-01-22 17:02:35,327 - ADV_Generation_eps_1.0_steps_100_image_only_attack_prm_Added_Noise_gaussian_Sigma_0.18_Tau_Type_noisy - INFO - Batch 172/3669: Clean accuracy 0.9419 | Adv accuracy: 0.2791 | Counter-attack accuracy: 0.7791
2026-01-22 17:02:35,328 - ADV_Generation_eps_1.0_steps_100_image_only_attack_prm_Added_Noise_gaussian_Sigma_0.18_Tau_Type_noisy - INFO - Batch:[172] Adversarial images for this batch already exist
2026-01-22 17:02:35,591 - ADV_Generation_eps_1.0_steps_100_image_only_attack_prm_Added_Noise_gaussian_Sigma_0.18_Tau_Type_noisy - INFO - Batch 173/3669: Clean accuracy 0.9364 | Adv accuracy: 0.2775 | Counter-attack accuracy: 0.7746
2026-01-22 17:02:35,592 - ADV_Generation_eps_1.0_steps_100_image_only_attack_prm_Added_Noise_gaussian_Sigma_0.18_Tau_Type_noisy - INFO - Batch:[173] Adversarial images for this batch already exist
2026-01-22 17:02:35,864 - ADV_Generation_eps_1.0_steps_100_image_only_attack_prm_Added_Noise_gaussian_Sigma_0.18_Tau_Type_noisy - INFO - Batch 174/3669: Clean accuracy 0.9368 | Adv accuracy: 0.2759 | Counter-attack accuracy: 0.7759
2026-01-22 17:02:35,865 - ADV_Generation_eps_1.0_steps_100_image_only_attack_prm_Added_Noise_gaussian_Sigma_0.18_Tau_Type_noisy - INFO - Batch:[174] Adversarial images for this batch already exist
2026-01-22 17:02:36,129 - ADV_Generation_eps_1.0_steps_100_image_only_attack_prm_Added_Noise_gaussian_Sigma_0.18_Tau_Type_noisy - INFO - Batch 175/3669: Clean accuracy 0.9371 | Adv accuracy: 0.2743 | Counter-attack accuracy: 0.7771
2026-01-22 17:02:36,131 - ADV_Generation_eps_1.0_steps_100_image_only_attack_prm_Added_Noise_gaussian_Sigma_0.18_Tau_Type_noisy - INFO - Batch:[175] Adversarial images for this batch already exist
2026-01-22 17:02:36,398 - ADV_Generation_eps_1.0_steps_100_image_only_attack_prm_Added_Noise_gaussian_Sigma_0.18_Tau_Type_noisy - INFO - Batch 176/3669: Clean accuracy 0.9375 | Adv accuracy: 0.2784 | Counter-attack accuracy: 0.7784
2026-01-22 17:02:36,399 - ADV_Generation_eps_1.0_steps_100_image_only_attack_prm_Added_Noise_gaussian_Sigma_0.18_Tau_Type_noisy - INFO - Batch:[176] Adversarial images for this batch already exist
2026-01-22 17:02:36,666 - ADV_Generation_eps_1.0_steps_100_image_only_attack_prm_Added_Noise_gaussian_Sigma_0.18_Tau_Type_noisy - INFO - Batch 177/3669: Clean accuracy 0.9379 | Adv accuracy: 0.2825 | Counter-attack accuracy: 0.7797
2026-01-22 17:02:36,667 - ADV_Generation_eps_1.0_steps_100_image_only_attack_prm_Added_Noise_gaussian_Sigma_0.18_Tau_Type_noisy - INFO - Batch:[177] Adversarial images for this batch already exist
2026-01-22 17:02:36,928 - ADV_Generation_eps_1.0_steps_100_image_only_attack_prm_Added_Noise_gaussian_Sigma_0.18_Tau_Type_noisy - INFO - Batch 178/3669: Clean accuracy 0.9382 | Adv accuracy: 0.2865 | Counter-attack accuracy: 0.7809
2026-01-22 17:02:36,929 - ADV_Generation_eps_1.0_steps_100_image_only_attack_prm_Added_Noise_gaussian_Sigma_0.18_Tau_Type_noisy - INFO - Batch:[178] Adversarial images for this batch already exist
2026-01-22 17:02:37,190 - ADV_Generation_eps_1.0_steps_100_image_only_attack_prm_Added_Noise_gaussian_Sigma_0.18_Tau_Type_noisy - INFO - Batch 179/3669: Clean accuracy 0.9385 | Adv accuracy: 0.2849 | Counter-attack accuracy: 0.7821
2026-01-22 17:02:37,192 - ADV_Generation_eps_1.0_steps_100_image_only_attack_prm_Added_Noise_gaussian_Sigma_0.18_Tau_Type_noisy - INFO - Batch:[179] Adversarial images for this batch already exist
2026-01-22 17:02:37,457 - ADV_Generation_eps_1.0_steps_100_image_only_attack_prm_Added_Noise_gaussian_Sigma_0.18_Tau_Type_noisy - INFO - Batch 180/3669: Clean accuracy 0.9389 | Adv accuracy: 0.2889 | Counter-attack accuracy: 0.7833
2026-01-22 17:02:37,458 - ADV_Generation_eps_1.0_steps_100_image_only_attack_prm_Added_Noise_gaussian_Sigma_0.18_Tau_Type_noisy - INFO - Batch:[180] Adversarial images for this batch already exist
2026-01-22 17:02:37,727 - ADV_Generation_eps_1.0_steps_100_image_only_attack_prm_Added_Noise_gaussian_Sigma_0.18_Tau_Type_noisy - INFO - Batch 181/3669: Clean accuracy 0.9392 | Adv accuracy: 0.2873 | Counter-attack accuracy: 0.7845
2026-01-22 17:02:37,728 - ADV_Generation_eps_1.0_steps_100_image_only_attack_prm_Added_Noise_gaussian_Sigma_0.18_Tau_Type_noisy - INFO - Batch:[181] Adversarial images for this batch already exist
2026-01-22 17:02:37,989 - ADV_Generation_eps_1.0_steps_100_image_only_attack_prm_Added_Noise_gaussian_Sigma_0.18_Tau_Type_noisy - INFO - Batch 182/3669: Clean accuracy 0.9396 | Adv accuracy: 0.2857 | Counter-attack accuracy: 0.7857
2026-01-22 17:02:37,990 - ADV_Generation_eps_1.0_steps_100_image_only_attack_prm_Added_Noise_gaussian_Sigma_0.18_Tau_Type_noisy - INFO - Batch:[182] Adversarial images for this batch already exist
2026-01-22 17:02:38,260 - ADV_Generation_eps_1.0_steps_100_image_only_attack_prm_Added_Noise_gaussian_Sigma_0.18_Tau_Type_noisy - INFO - Batch 183/3669: Clean accuracy 0.9399 | Adv accuracy: 0.2842 | Counter-attack accuracy: 0.7869
2026-01-22 17:02:38,261 - ADV_Generation_eps_1.0_steps_100_image_only_attack_prm_Added_Noise_gaussian_Sigma_0.18_Tau_Type_noisy - INFO - Batch:[183] Adversarial images for this batch already exist
2026-01-22 17:02:38,530 - ADV_Generation_eps_1.0_steps_100_image_only_attack_prm_Added_Noise_gaussian_Sigma_0.18_Tau_Type_noisy - INFO - Batch 184/3669: Clean accuracy 0.9402 | Adv accuracy: 0.2826 | Counter-attack accuracy: 0.7880
2026-01-22 17:02:38,532 - ADV_Generation_eps_1.0_steps_100_image_only_attack_prm_Added_Noise_gaussian_Sigma_0.18_Tau_Type_noisy - INFO - Batch:[184] Adversarial images for this batch already exist
2026-01-22 17:02:38,807 - ADV_Generation_eps_1.0_steps_100_image_only_attack_prm_Added_Noise_gaussian_Sigma_0.18_Tau_Type_noisy - INFO - Batch 185/3669: Clean accuracy 0.9405 | Adv accuracy: 0.2811 | Counter-attack accuracy: 0.7892
2026-01-22 17:02:38,808 - ADV_Generation_eps_1.0_steps_100_image_only_attack_prm_Added_Noise_gaussian_Sigma_0.18_Tau_Type_noisy - INFO - Batch:[185] Adversarial images for this batch already exist
2026-01-22 17:02:39,077 - ADV_Generation_eps_1.0_steps_100_image_only_attack_prm_Added_Noise_gaussian_Sigma_0.18_Tau_Type_noisy - INFO - Batch 186/3669: Clean accuracy 0.9409 | Adv accuracy: 0.2849 | Counter-attack accuracy: 0.7903
2026-01-22 17:02:39,078 - ADV_Generation_eps_1.0_steps_100_image_only_attack_prm_Added_Noise_gaussian_Sigma_0.18_Tau_Type_noisy - INFO - Batch:[186] Adversarial images for this batch already exist
2026-01-22 17:02:39,349 - ADV_Generation_eps_1.0_steps_100_image_only_attack_prm_Added_Noise_gaussian_Sigma_0.18_Tau_Type_noisy - INFO - Batch 187/3669: Clean accuracy 0.9412 | Adv accuracy: 0.2834 | Counter-attack accuracy: 0.7914
2026-01-22 17:02:39,350 - ADV_Generation_eps_1.0_steps_100_image_only_attack_prm_Added_Noise_gaussian_Sigma_0.18_Tau_Type_noisy - INFO - Batch:[187] Adversarial images for this batch already exist
2026-01-22 17:02:39,625 - ADV_Generation_eps_1.0_steps_100_image_only_attack_prm_Added_Noise_gaussian_Sigma_0.18_Tau_Type_noisy - INFO - Batch 188/3669: Clean accuracy 0.9415 | Adv accuracy: 0.2872 | Counter-attack accuracy: 0.7926
2026-01-22 17:02:39,626 - ADV_Generation_eps_1.0_steps_100_image_only_attack_prm_Added_Noise_gaussian_Sigma_0.18_Tau_Type_noisy - INFO - Batch:[188] Adversarial images for this batch already exist
2026-01-22 17:02:39,895 - ADV_Generation_eps_1.0_steps_100_image_only_attack_prm_Added_Noise_gaussian_Sigma_0.18_Tau_Type_noisy - INFO - Batch 189/3669: Clean accuracy 0.9365 | Adv accuracy: 0.2857 | Counter-attack accuracy: 0.7884
2026-01-22 17:02:39,896 - ADV_Generation_eps_1.0_steps_100_image_only_attack_prm_Added_Noise_gaussian_Sigma_0.18_Tau_Type_noisy - INFO - Batch:[189] Adversarial images for this batch already exist
2026-01-22 17:02:40,175 - ADV_Generation_eps_1.0_steps_100_image_only_attack_prm_Added_Noise_gaussian_Sigma_0.18_Tau_Type_noisy - INFO - Batch 190/3669: Clean accuracy 0.9368 | Adv accuracy: 0.2895 | Counter-attack accuracy: 0.7895
2026-01-22 17:02:40,176 - ADV_Generation_eps_1.0_steps_100_image_only_attack_prm_Added_Noise_gaussian_Sigma_0.18_Tau_Type_noisy - INFO - Batch:[190] Adversarial images for this batch already exist
2026-01-22 17:02:40,440 - ADV_Generation_eps_1.0_steps_100_image_only_attack_prm_Added_Noise_gaussian_Sigma_0.18_Tau_Type_noisy - INFO - Batch 191/3669: Clean accuracy 0.9372 | Adv accuracy: 0.2880 | Counter-attack accuracy: 0.7906
2026-01-22 17:02:40,442 - ADV_Generation_eps_1.0_steps_100_image_only_attack_prm_Added_Noise_gaussian_Sigma_0.18_Tau_Type_noisy - INFO - Batch:[191] Adversarial images for this batch already exist
2026-01-22 17:02:40,723 - ADV_Generation_eps_1.0_steps_100_image_only_attack_prm_Added_Noise_gaussian_Sigma_0.18_Tau_Type_noisy - INFO - Batch 192/3669: Clean accuracy 0.9375 | Adv accuracy: 0.2865 | Counter-attack accuracy: 0.7917
2026-01-22 17:02:40,725 - ADV_Generation_eps_1.0_steps_100_image_only_attack_prm_Added_Noise_gaussian_Sigma_0.18_Tau_Type_noisy - INFO - Batch:[192] Adversarial images for this batch already exist
2026-01-22 17:02:40,988 - ADV_Generation_eps_1.0_steps_100_image_only_attack_prm_Added_Noise_gaussian_Sigma_0.18_Tau_Type_noisy - INFO - Batch 193/3669: Clean accuracy 0.9378 | Adv accuracy: 0.2850 | Counter-attack accuracy: 0.7927
2026-01-22 17:02:40,991 - ADV_Generation_eps_1.0_steps_100_image_only_attack_prm_Added_Noise_gaussian_Sigma_0.18_Tau_Type_noisy - INFO - Batch:[193] Adversarial images for this batch already exist
2026-01-22 17:02:41,259 - ADV_Generation_eps_1.0_steps_100_image_only_attack_prm_Added_Noise_gaussian_Sigma_0.18_Tau_Type_noisy - INFO - Batch 194/3669: Clean accuracy 0.9381 | Adv accuracy: 0.2835 | Counter-attack accuracy: 0.7938
2026-01-22 17:02:41,260 - ADV_Generation_eps_1.0_steps_100_image_only_attack_prm_Added_Noise_gaussian_Sigma_0.18_Tau_Type_noisy - INFO - Batch:[194] Adversarial images for this batch already exist
2026-01-22 17:02:41,524 - ADV_Generation_eps_1.0_steps_100_image_only_attack_prm_Added_Noise_gaussian_Sigma_0.18_Tau_Type_noisy - INFO - Batch 195/3669: Clean accuracy 0.9385 | Adv accuracy: 0.2872 | Counter-attack accuracy: 0.7949
2026-01-22 17:02:41,526 - ADV_Generation_eps_1.0_steps_100_image_only_attack_prm_Added_Noise_gaussian_Sigma_0.18_Tau_Type_noisy - INFO - Batch:[195] Adversarial images for this batch already exist
2026-01-22 17:02:41,793 - ADV_Generation_eps_1.0_steps_100_image_only_attack_prm_Added_Noise_gaussian_Sigma_0.18_Tau_Type_noisy - INFO - Batch 196/3669: Clean accuracy 0.9388 | Adv accuracy: 0.2908 | Counter-attack accuracy: 0.7959
2026-01-22 17:02:41,794 - ADV_Generation_eps_1.0_steps_100_image_only_attack_prm_Added_Noise_gaussian_Sigma_0.18_Tau_Type_noisy - INFO - Batch:[196] Adversarial images for this batch already exist
2026-01-22 17:02:42,063 - ADV_Generation_eps_1.0_steps_100_image_only_attack_prm_Added_Noise_gaussian_Sigma_0.18_Tau_Type_noisy - INFO - Batch 197/3669: Clean accuracy 0.9391 | Adv accuracy: 0.2893 | Counter-attack accuracy: 0.7970
2026-01-22 17:04:18,808 - ADV_Generation_eps_1.0_steps_100_image_only_attack_prm_Added_Noise_gaussian_Sigma_0.18_Tau_Type_noisy - INFO - Generated adversarial images for the entire batch.
2026-01-22 17:05:12,135 - ADV_Generation_eps_1.0_steps_100_image_only_attack_prm_Added_Noise_gaussian_Sigma_0.18_Tau_Type_noisy - INFO - Batch:[197] Image: [0] Saved adversarial tensor to /leonardo_work/EUHPC_R04_192/fmohamma/Adversarial_Robust_Clip/atpt_data/vit_l_14_datacomp_1b/Pets/adv_images_eps_1.0_alpha_0.25_steps_100_image_only_attack_prm/images_american_bulldog_9.pt
2026-01-22 17:05:12,403 - ADV_Generation_eps_1.0_steps_100_image_only_attack_prm_Added_Noise_gaussian_Sigma_0.18_Tau_Type_noisy - INFO - Batch 198/3669: Clean accuracy 0.9394 | Adv accuracy: 0.2879 | Counter-attack accuracy: 0.7929
2026-01-22 17:05:12,405 - ADV_Generation_eps_1.0_steps_100_image_only_attack_prm_Added_Noise_gaussian_Sigma_0.18_Tau_Type_noisy - INFO - Batch:[198] Adversarial images for this batch already exist
2026-01-22 17:05:12,670 - ADV_Generation_eps_1.0_steps_100_image_only_attack_prm_Added_Noise_gaussian_Sigma_0.18_Tau_Type_noisy - INFO - Batch 199/3669: Clean accuracy 0.9347 | Adv accuracy: 0.2864 | Counter-attack accuracy: 0.7889
2026-01-22 17:05:12,672 - ADV_Generation_eps_1.0_steps_100_image_only_attack_prm_Added_Noise_gaussian_Sigma_0.18_Tau_Type_noisy - INFO - Batch:[199] Adversarial images for this batch already exist
2026-01-22 17:05:12,938 - ADV_Generation_eps_1.0_steps_100_image_only_attack_prm_Added_Noise_gaussian_Sigma_0.18_Tau_Type_noisy - INFO - Batch 200/3669: Clean accuracy 0.9300 | Adv accuracy: 0.2850 | Counter-attack accuracy: 0.7850
2026-01-22 17:05:12,940 - ADV_Generation_eps_1.0_steps_100_image_only_attack_prm_Added_Noise_gaussian_Sigma_0.18_Tau_Type_noisy - INFO - Batch:[200] Adversarial images for this batch already exist
2026-01-22 17:05:13,207 - ADV_Generation_eps_1.0_steps_100_image_only_attack_prm_Added_Noise_gaussian_Sigma_0.18_Tau_Type_noisy - INFO - Batch 201/3669: Clean accuracy 0.9303 | Adv accuracy: 0.2836 | Counter-attack accuracy: 0.7861
2026-01-22 17:05:13,209 - ADV_Generation_eps_1.0_steps_100_image_only_attack_prm_Added_Noise_gaussian_Sigma_0.18_Tau_Type_noisy - INFO - Batch:[201] Adversarial images for this batch already exist
2026-01-22 17:05:13,478 - ADV_Generation_eps_1.0_steps_100_image_only_attack_prm_Added_Noise_gaussian_Sigma_0.18_Tau_Type_noisy - INFO - Batch 202/3669: Clean accuracy 0.9307 | Adv accuracy: 0.2822 | Counter-attack accuracy: 0.7871
2026-01-22 17:05:13,479 - ADV_Generation_eps_1.0_steps_100_image_only_attack_prm_Added_Noise_gaussian_Sigma_0.18_Tau_Type_noisy - INFO - Batch:[202] Adversarial images for this batch already exist
2026-01-22 17:05:13,754 - ADV_Generation_eps_1.0_steps_100_image_only_attack_prm_Added_Noise_gaussian_Sigma_0.18_Tau_Type_noisy - INFO - Batch 203/3669: Clean accuracy 0.9310 | Adv accuracy: 0.2808 | Counter-attack accuracy: 0.7882
2026-01-22 17:05:13,755 - ADV_Generation_eps_1.0_steps_100_image_only_attack_prm_Added_Noise_gaussian_Sigma_0.18_Tau_Type_noisy - INFO - Batch:[203] Adversarial images for this batch already exist
2026-01-22 17:05:14,018 - ADV_Generation_eps_1.0_steps_100_image_only_attack_prm_Added_Noise_gaussian_Sigma_0.18_Tau_Type_noisy - INFO - Batch 204/3669: Clean accuracy 0.9314 | Adv accuracy: 0.2794 | Counter-attack accuracy: 0.7892
2026-01-22 17:05:14,019 - ADV_Generation_eps_1.0_steps_100_image_only_attack_prm_Added_Noise_gaussian_Sigma_0.18_Tau_Type_noisy - INFO - Batch:[204] Adversarial images for this batch already exist
2026-01-22 17:05:14,300 - ADV_Generation_eps_1.0_steps_100_image_only_attack_prm_Added_Noise_gaussian_Sigma_0.18_Tau_Type_noisy - INFO - Batch 205/3669: Clean accuracy 0.9317 | Adv accuracy: 0.2780 | Counter-attack accuracy: 0.7902
