2025-08-04 19:58:40,918 - ADV_Generation_eps_4.0_steps_100 - INFO - ==========================================
data:/leonardo_work/EUHPC_R04_192/fmohamma/Adversarial_Robust_Clip/atpt_data/downstream_datasets
test_sets:Pets
dataset_mode:test
arch:ViT-L/14
resolution:224
transferability:False
source_model:fare4
workers:4
no_pin_memory:False
batch_size:64
adv_bs:16
print_freq:20
gpu:0
no_cudnn_benchmark:False
n_ctx:4
ctx_init:a_photo_of_a
seed:0
output_dir:/leonardo_work/EUHPC_R04_192/fmohamma/Adversarial_Robust_Clip/atpt_data/ViT-L/14/Pets
log_output_dir:/leonardo_work/EUHPC_R04_192/fmohamma/Adversarial_Robust_Clip/ATPT/Final_Results/ViT-L/14/Pets
image_only_attack:False
image_only_attack_type:prm
image_predicted_label_attack:False
eps:4.0
alpha:1.0
alpha_eps_ratio:4.0
steps:100
counter_attack:False
counter_attack_type:pgd
counter_attack_steps:2
counter_attack_eps:4.0
counter_attack_alpha:1.0
counter_attack_tau_thres:0.2
counter_attack_beta:2.0
counter_attack_weighted_perturbations:True
pgd_clip_pure_i_text_embeddings:null
pgd_counter_and_clipure_i_lamda:1.0
image_feature_purify:False
image_feature_purify_type:noisy_anchor
image_feature_purify_noisy_anchors:10
image_feature_purify_anchors_alpha:1.2
image_feature_purify_noisy_sigma:0.18
image_feature_purify_diff_threshold:0.0
image_feature_clipure_steps:10
image_feature_clipure_step_size:10.0
save_plots:False
lr:0.005
selection_p:0.1
tta_steps:1
top_k:20
softmax_temp:0.01
load_tecoa:

2025-08-04 19:58:40,919 - ADV_Generation_eps_4.0_steps_100 - INFO - Use GPU: 0 for training
2025-08-04 19:58:53,666 - ADV_Generation_eps_4.0_steps_100 - INFO - => Model created: visual backbone ViT-L/14
2025-08-04 19:58:53,687 - ADV_Generation_eps_4.0_steps_100 - INFO - Number of test samples: 3669
2025-08-04 19:58:53,687 - ADV_Generation_eps_4.0_steps_100 - INFO - Evaluating dataset: Pets
2025-08-04 19:58:53,688 - ADV_Generation_eps_4.0_steps_100 - INFO - Starting evaluation with batch size: 64, selection percentage: 0.1
2025-08-04 19:58:53,688 - ADV_Generation_eps_4.0_steps_100 - INFO - Using PGD attack with epsilon: 0.015686, alpha: 0.003922, steps: 100 image only attack False image predicted label attack False
2025-08-04 19:58:53,689 - ADV_Generation_eps_4.0_steps_100 - INFO - Using directory for adversarial images: /leonardo_work/EUHPC_R04_192/fmohamma/Adversarial_Robust_Clip/atpt_data/ViT-L/14/Pets/adv_images_eps_4.0_alpha_1.0_steps_100
2025-08-04 19:58:54,410 - ADV_Generation_eps_4.0_steps_100 - INFO - Batch:[0] Adversarial images for this batch already exist
2025-08-04 19:58:55,288 - ADV_Generation_eps_4.0_steps_100 - INFO - Batch 1/230: Clean accuracy 0.8750 | Adv accuracy: 0.0000 
2025-08-04 19:58:55,300 - ADV_Generation_eps_4.0_steps_100 - INFO - Batch:[1] Adversarial images for this batch already exist
2025-08-04 19:58:55,958 - ADV_Generation_eps_4.0_steps_100 - INFO - Batch 2/230: Clean accuracy 0.8750 | Adv accuracy: 0.0000 
2025-08-04 19:58:55,967 - ADV_Generation_eps_4.0_steps_100 - INFO - Batch:[2] Adversarial images for this batch already exist
2025-08-04 19:58:56,605 - ADV_Generation_eps_4.0_steps_100 - INFO - Batch 3/230: Clean accuracy 0.8542 | Adv accuracy: 0.0000 
2025-08-04 19:58:56,614 - ADV_Generation_eps_4.0_steps_100 - INFO - Batch:[3] Adversarial images for this batch already exist
2025-08-04 19:58:57,376 - ADV_Generation_eps_4.0_steps_100 - INFO - Batch 4/230: Clean accuracy 0.8906 | Adv accuracy: 0.0000 
2025-08-04 19:58:57,384 - ADV_Generation_eps_4.0_steps_100 - INFO - Batch:[4] Adversarial images for this batch already exist
2025-08-04 19:58:58,042 - ADV_Generation_eps_4.0_steps_100 - INFO - Batch 5/230: Clean accuracy 0.9125 | Adv accuracy: 0.0000 
2025-08-04 19:58:58,050 - ADV_Generation_eps_4.0_steps_100 - INFO - Batch:[5] Adversarial images for this batch already exist
2025-08-04 19:58:58,684 - ADV_Generation_eps_4.0_steps_100 - INFO - Batch 6/230: Clean accuracy 0.9167 | Adv accuracy: 0.0000 
2025-08-04 19:58:58,693 - ADV_Generation_eps_4.0_steps_100 - INFO - Batch:[6] Adversarial images for this batch already exist
2025-08-04 19:58:59,337 - ADV_Generation_eps_4.0_steps_100 - INFO - Batch 7/230: Clean accuracy 0.9286 | Adv accuracy: 0.0000 
2025-08-04 19:58:59,345 - ADV_Generation_eps_4.0_steps_100 - INFO - Batch:[7] Adversarial images for this batch already exist
2025-08-04 19:58:59,932 - ADV_Generation_eps_4.0_steps_100 - INFO - Batch 8/230: Clean accuracy 0.9219 | Adv accuracy: 0.0000 
2025-08-04 19:58:59,944 - ADV_Generation_eps_4.0_steps_100 - INFO - Batch:[8] Adversarial images for this batch already exist
2025-08-04 19:59:00,659 - ADV_Generation_eps_4.0_steps_100 - INFO - Batch 9/230: Clean accuracy 0.9306 | Adv accuracy: 0.0000 
2025-08-04 19:59:00,673 - ADV_Generation_eps_4.0_steps_100 - INFO - Batch:[9] Adversarial images for this batch already exist
2025-08-04 19:59:01,349 - ADV_Generation_eps_4.0_steps_100 - INFO - Batch 10/230: Clean accuracy 0.9187 | Adv accuracy: 0.0000 
2025-08-04 19:59:01,357 - ADV_Generation_eps_4.0_steps_100 - INFO - Batch:[10] Adversarial images for this batch already exist
2025-08-04 19:59:02,001 - ADV_Generation_eps_4.0_steps_100 - INFO - Batch 11/230: Clean accuracy 0.9261 | Adv accuracy: 0.0000 
2025-08-04 19:59:02,008 - ADV_Generation_eps_4.0_steps_100 - INFO - Batch:[11] Adversarial images for this batch already exist
2025-08-04 19:59:02,761 - ADV_Generation_eps_4.0_steps_100 - INFO - Batch 12/230: Clean accuracy 0.9323 | Adv accuracy: 0.0000 
2025-08-04 19:59:02,768 - ADV_Generation_eps_4.0_steps_100 - INFO - Batch:[12] Adversarial images for this batch already exist
2025-08-04 19:59:03,595 - ADV_Generation_eps_4.0_steps_100 - INFO - Batch 13/230: Clean accuracy 0.9279 | Adv accuracy: 0.0000 
2025-08-04 19:59:03,603 - ADV_Generation_eps_4.0_steps_100 - INFO - Batch:[13] Adversarial images for this batch already exist
2025-08-04 19:59:04,325 - ADV_Generation_eps_4.0_steps_100 - INFO - Batch 14/230: Clean accuracy 0.9196 | Adv accuracy: 0.0000 
2025-08-04 19:59:04,332 - ADV_Generation_eps_4.0_steps_100 - INFO - Batch:[14] Adversarial images for this batch already exist
2025-08-04 19:59:04,989 - ADV_Generation_eps_4.0_steps_100 - INFO - Batch 15/230: Clean accuracy 0.9083 | Adv accuracy: 0.0000 
2025-08-04 19:59:05,001 - ADV_Generation_eps_4.0_steps_100 - INFO - Batch:[15] Adversarial images for this batch already exist
2025-08-04 19:59:05,685 - ADV_Generation_eps_4.0_steps_100 - INFO - Batch 16/230: Clean accuracy 0.9023 | Adv accuracy: 0.0000 
2025-08-04 19:59:05,692 - ADV_Generation_eps_4.0_steps_100 - INFO - Batch:[16] Adversarial images for this batch already exist
2025-08-04 19:59:06,345 - ADV_Generation_eps_4.0_steps_100 - INFO - Batch 17/230: Clean accuracy 0.8971 | Adv accuracy: 0.0000 
2025-08-04 19:59:06,352 - ADV_Generation_eps_4.0_steps_100 - INFO - Batch:[17] Adversarial images for this batch already exist
2025-08-04 19:59:06,994 - ADV_Generation_eps_4.0_steps_100 - INFO - Batch 18/230: Clean accuracy 0.8924 | Adv accuracy: 0.0000 
2025-08-04 19:59:07,001 - ADV_Generation_eps_4.0_steps_100 - INFO - Batch:[18] Adversarial images for this batch already exist
2025-08-04 19:59:07,678 - ADV_Generation_eps_4.0_steps_100 - INFO - Batch 19/230: Clean accuracy 0.8947 | Adv accuracy: 0.0000 
2025-08-04 19:59:07,685 - ADV_Generation_eps_4.0_steps_100 - INFO - Batch:[19] Adversarial images for this batch already exist
2025-08-04 19:59:08,353 - ADV_Generation_eps_4.0_steps_100 - INFO - Batch 20/230: Clean accuracy 0.8938 | Adv accuracy: 0.0000 
2025-08-04 19:59:08,369 - ADV_Generation_eps_4.0_steps_100 - INFO - Batch:[20] Adversarial images for this batch already exist
2025-08-04 19:59:08,995 - ADV_Generation_eps_4.0_steps_100 - INFO - Batch 21/230: Clean accuracy 0.8988 | Adv accuracy: 0.0000 
2025-08-04 19:59:09,002 - ADV_Generation_eps_4.0_steps_100 - INFO - Batch:[21] Adversarial images for this batch already exist
2025-08-04 19:59:09,636 - ADV_Generation_eps_4.0_steps_100 - INFO - Batch 22/230: Clean accuracy 0.9034 | Adv accuracy: 0.0000 
2025-08-04 19:59:09,644 - ADV_Generation_eps_4.0_steps_100 - INFO - Batch:[22] Adversarial images for this batch already exist
2025-08-04 19:59:10,257 - ADV_Generation_eps_4.0_steps_100 - INFO - Batch 23/230: Clean accuracy 0.9076 | Adv accuracy: 0.0000 
2025-08-04 19:59:10,264 - ADV_Generation_eps_4.0_steps_100 - INFO - Batch:[23] Adversarial images for this batch already exist
2025-08-04 19:59:10,895 - ADV_Generation_eps_4.0_steps_100 - INFO - Batch 24/230: Clean accuracy 0.9115 | Adv accuracy: 0.0000 
2025-08-04 19:59:10,902 - ADV_Generation_eps_4.0_steps_100 - INFO - Batch:[24] Adversarial images for this batch already exist
2025-08-04 19:59:11,597 - ADV_Generation_eps_4.0_steps_100 - INFO - Batch 25/230: Clean accuracy 0.9150 | Adv accuracy: 0.0000 
2025-08-04 19:59:11,604 - ADV_Generation_eps_4.0_steps_100 - INFO - Batch:[25] Adversarial images for this batch already exist
2025-08-04 19:59:12,359 - ADV_Generation_eps_4.0_steps_100 - INFO - Batch 26/230: Clean accuracy 0.9135 | Adv accuracy: 0.0000 
2025-08-04 19:59:12,367 - ADV_Generation_eps_4.0_steps_100 - INFO - Batch:[26] Adversarial images for this batch already exist
2025-08-04 19:59:13,030 - ADV_Generation_eps_4.0_steps_100 - INFO - Batch 27/230: Clean accuracy 0.9144 | Adv accuracy: 0.0000 
2025-08-04 19:59:13,040 - ADV_Generation_eps_4.0_steps_100 - INFO - Batch:[27] Adversarial images for this batch already exist
2025-08-04 19:59:13,656 - ADV_Generation_eps_4.0_steps_100 - INFO - Batch 28/230: Clean accuracy 0.9152 | Adv accuracy: 0.0000 
2025-08-04 19:59:13,663 - ADV_Generation_eps_4.0_steps_100 - INFO - Batch:[28] Adversarial images for this batch already exist
2025-08-04 19:59:14,321 - ADV_Generation_eps_4.0_steps_100 - INFO - Batch 29/230: Clean accuracy 0.9159 | Adv accuracy: 0.0000 
2025-08-04 19:59:14,328 - ADV_Generation_eps_4.0_steps_100 - INFO - Batch:[29] Adversarial images for this batch already exist
2025-08-04 19:59:15,062 - ADV_Generation_eps_4.0_steps_100 - INFO - Batch 30/230: Clean accuracy 0.9187 | Adv accuracy: 0.0000 
2025-08-04 19:59:15,069 - ADV_Generation_eps_4.0_steps_100 - INFO - Batch:[30] Adversarial images for this batch already exist
2025-08-04 19:59:15,758 - ADV_Generation_eps_4.0_steps_100 - INFO - Batch 31/230: Clean accuracy 0.9214 | Adv accuracy: 0.0000 
2025-08-04 19:59:15,772 - ADV_Generation_eps_4.0_steps_100 - INFO - Batch:[31] Adversarial images for this batch already exist
2025-08-04 19:59:16,549 - ADV_Generation_eps_4.0_steps_100 - INFO - Batch 32/230: Clean accuracy 0.9160 | Adv accuracy: 0.0000 
2025-08-04 19:59:16,557 - ADV_Generation_eps_4.0_steps_100 - INFO - Batch:[32] Adversarial images for this batch already exist
2025-08-04 19:59:17,265 - ADV_Generation_eps_4.0_steps_100 - INFO - Batch 33/230: Clean accuracy 0.9148 | Adv accuracy: 0.0000 
2025-08-04 19:59:17,272 - ADV_Generation_eps_4.0_steps_100 - INFO - Batch:[33] Adversarial images for this batch already exist
2025-08-04 19:59:17,963 - ADV_Generation_eps_4.0_steps_100 - INFO - Batch 34/230: Clean accuracy 0.9173 | Adv accuracy: 0.0000 
2025-08-04 19:59:17,971 - ADV_Generation_eps_4.0_steps_100 - INFO - Batch:[34] Adversarial images for this batch already exist
2025-08-04 19:59:18,626 - ADV_Generation_eps_4.0_steps_100 - INFO - Batch 35/230: Clean accuracy 0.9161 | Adv accuracy: 0.0000 
2025-08-04 19:59:18,633 - ADV_Generation_eps_4.0_steps_100 - INFO - Batch:[35] Adversarial images for this batch already exist
2025-08-04 19:59:19,312 - ADV_Generation_eps_4.0_steps_100 - INFO - Batch 36/230: Clean accuracy 0.9184 | Adv accuracy: 0.0000 
2025-08-04 19:59:19,320 - ADV_Generation_eps_4.0_steps_100 - INFO - Batch:[36] Adversarial images for this batch already exist
2025-08-04 19:59:19,930 - ADV_Generation_eps_4.0_steps_100 - INFO - Batch 37/230: Clean accuracy 0.9155 | Adv accuracy: 0.0000 
2025-08-04 19:59:19,939 - ADV_Generation_eps_4.0_steps_100 - INFO - Batch:[37] Adversarial images for this batch already exist
2025-08-04 19:59:20,645 - ADV_Generation_eps_4.0_steps_100 - INFO - Batch 38/230: Clean accuracy 0.9112 | Adv accuracy: 0.0000 
2025-08-04 19:59:20,688 - ADV_Generation_eps_4.0_steps_100 - INFO - Batch:[38] Adversarial images for this batch already exist
2025-08-04 19:59:21,437 - ADV_Generation_eps_4.0_steps_100 - INFO - Batch 39/230: Clean accuracy 0.9087 | Adv accuracy: 0.0000 
2025-08-04 19:59:21,446 - ADV_Generation_eps_4.0_steps_100 - INFO - Batch:[39] Adversarial images for this batch already exist
2025-08-04 19:59:22,081 - ADV_Generation_eps_4.0_steps_100 - INFO - Batch 40/230: Clean accuracy 0.8922 | Adv accuracy: 0.0000 
2025-08-04 19:59:22,097 - ADV_Generation_eps_4.0_steps_100 - INFO - Batch:[40] Adversarial images for this batch already exist
2025-08-04 19:59:22,819 - ADV_Generation_eps_4.0_steps_100 - INFO - Batch 41/230: Clean accuracy 0.8811 | Adv accuracy: 0.0000 
2025-08-04 19:59:22,827 - ADV_Generation_eps_4.0_steps_100 - INFO - Batch:[41] Adversarial images for this batch already exist
2025-08-04 19:59:23,496 - ADV_Generation_eps_4.0_steps_100 - INFO - Batch 42/230: Clean accuracy 0.8735 | Adv accuracy: 0.0000 
2025-08-04 19:59:23,504 - ADV_Generation_eps_4.0_steps_100 - INFO - Batch:[42] Adversarial images for this batch already exist
2025-08-04 19:59:24,219 - ADV_Generation_eps_4.0_steps_100 - INFO - Batch 43/230: Clean accuracy 0.8648 | Adv accuracy: 0.0000 
2025-08-04 19:59:24,226 - ADV_Generation_eps_4.0_steps_100 - INFO - Batch:[43] Adversarial images for this batch already exist
2025-08-04 19:59:24,866 - ADV_Generation_eps_4.0_steps_100 - INFO - Batch 44/230: Clean accuracy 0.8622 | Adv accuracy: 0.0000 
2025-08-04 19:59:24,874 - ADV_Generation_eps_4.0_steps_100 - INFO - Batch:[44] Adversarial images for this batch already exist
2025-08-04 19:59:25,572 - ADV_Generation_eps_4.0_steps_100 - INFO - Batch 45/230: Clean accuracy 0.8542 | Adv accuracy: 0.0000 
2025-08-04 19:59:25,586 - ADV_Generation_eps_4.0_steps_100 - INFO - Batch:[45] Adversarial images for this batch already exist
2025-08-04 19:59:26,371 - ADV_Generation_eps_4.0_steps_100 - INFO - Batch 46/230: Clean accuracy 0.8478 | Adv accuracy: 0.0000 
2025-08-04 19:59:26,379 - ADV_Generation_eps_4.0_steps_100 - INFO - Batch:[46] Adversarial images for this batch already exist
2025-08-04 19:59:27,053 - ADV_Generation_eps_4.0_steps_100 - INFO - Batch 47/230: Clean accuracy 0.8484 | Adv accuracy: 0.0000 
2025-08-04 19:59:27,061 - ADV_Generation_eps_4.0_steps_100 - INFO - Batch:[47] Adversarial images for this batch already exist
2025-08-04 19:59:27,759 - ADV_Generation_eps_4.0_steps_100 - INFO - Batch 48/230: Clean accuracy 0.8464 | Adv accuracy: 0.0000 
2025-08-04 19:59:27,778 - ADV_Generation_eps_4.0_steps_100 - INFO - Batch:[48] Adversarial images for this batch already exist
2025-08-04 19:59:28,390 - ADV_Generation_eps_4.0_steps_100 - INFO - Batch 49/230: Clean accuracy 0.8482 | Adv accuracy: 0.0000 
2025-08-04 19:59:28,396 - ADV_Generation_eps_4.0_steps_100 - INFO - Batch:[49] Adversarial images for this batch already exist
2025-08-04 19:59:29,095 - ADV_Generation_eps_4.0_steps_100 - INFO - Batch 50/230: Clean accuracy 0.8450 | Adv accuracy: 0.0000 
2025-08-04 19:59:29,103 - ADV_Generation_eps_4.0_steps_100 - INFO - Batch:[50] Adversarial images for this batch already exist
2025-08-04 19:59:29,747 - ADV_Generation_eps_4.0_steps_100 - INFO - Batch 51/230: Clean accuracy 0.8444 | Adv accuracy: 0.0000 
2025-08-04 19:59:29,754 - ADV_Generation_eps_4.0_steps_100 - INFO - Batch:[51] Adversarial images for this batch already exist
2025-08-04 19:59:30,418 - ADV_Generation_eps_4.0_steps_100 - INFO - Batch 52/230: Clean accuracy 0.8462 | Adv accuracy: 0.0000 
2025-08-04 19:59:30,425 - ADV_Generation_eps_4.0_steps_100 - INFO - Batch:[52] Adversarial images for this batch already exist
2025-08-04 19:59:31,090 - ADV_Generation_eps_4.0_steps_100 - INFO - Batch 53/230: Clean accuracy 0.8467 | Adv accuracy: 0.0000 
2025-08-04 19:59:31,098 - ADV_Generation_eps_4.0_steps_100 - INFO - Batch:[53] Adversarial images for this batch already exist
2025-08-04 19:59:31,802 - ADV_Generation_eps_4.0_steps_100 - INFO - Batch 54/230: Clean accuracy 0.8495 | Adv accuracy: 0.0000 
2025-08-04 19:59:31,809 - ADV_Generation_eps_4.0_steps_100 - INFO - Batch:[54] Adversarial images for this batch already exist
2025-08-04 19:59:32,446 - ADV_Generation_eps_4.0_steps_100 - INFO - Batch 55/230: Clean accuracy 0.8511 | Adv accuracy: 0.0000 
2025-08-04 19:59:32,527 - ADV_Generation_eps_4.0_steps_100 - INFO - Batch:[55] Adversarial images for this batch already exist
2025-08-04 19:59:33,160 - ADV_Generation_eps_4.0_steps_100 - INFO - Batch 56/230: Clean accuracy 0.8504 | Adv accuracy: 0.0000 
2025-08-04 19:59:33,167 - ADV_Generation_eps_4.0_steps_100 - INFO - Batch:[56] Adversarial images for this batch already exist
2025-08-04 19:59:33,799 - ADV_Generation_eps_4.0_steps_100 - INFO - Batch 57/230: Clean accuracy 0.8531 | Adv accuracy: 0.0000 
2025-08-04 19:59:33,808 - ADV_Generation_eps_4.0_steps_100 - INFO - Batch:[57] Adversarial images for this batch already exist
2025-08-04 19:59:34,740 - ADV_Generation_eps_4.0_steps_100 - INFO - Batch 58/230: Clean accuracy 0.8556 | Adv accuracy: 0.0000 
2025-08-04 19:59:34,753 - ADV_Generation_eps_4.0_steps_100 - INFO - Batch:[58] Adversarial images for this batch already exist
2025-08-04 19:59:35,461 - ADV_Generation_eps_4.0_steps_100 - INFO - Batch 59/230: Clean accuracy 0.8581 | Adv accuracy: 0.0000 
2025-08-04 19:59:35,468 - ADV_Generation_eps_4.0_steps_100 - INFO - Batch:[59] Adversarial images for this batch already exist
2025-08-04 19:59:36,100 - ADV_Generation_eps_4.0_steps_100 - INFO - Batch 60/230: Clean accuracy 0.8594 | Adv accuracy: 0.0000 
2025-08-04 19:59:36,108 - ADV_Generation_eps_4.0_steps_100 - INFO - Batch:[60] Adversarial images for this batch already exist
2025-08-04 19:59:36,728 - ADV_Generation_eps_4.0_steps_100 - INFO - Batch 61/230: Clean accuracy 0.8607 | Adv accuracy: 0.0000 
2025-08-04 19:59:36,735 - ADV_Generation_eps_4.0_steps_100 - INFO - Batch:[61] Adversarial images for this batch already exist
2025-08-04 19:59:37,402 - ADV_Generation_eps_4.0_steps_100 - INFO - Batch 62/230: Clean accuracy 0.8579 | Adv accuracy: 0.0000 
2025-08-04 19:59:37,409 - ADV_Generation_eps_4.0_steps_100 - INFO - Batch:[62] Adversarial images for this batch already exist
2025-08-04 19:59:38,260 - ADV_Generation_eps_4.0_steps_100 - INFO - Batch 63/230: Clean accuracy 0.8601 | Adv accuracy: 0.0000 
2025-08-04 19:59:38,267 - ADV_Generation_eps_4.0_steps_100 - INFO - Batch:[63] Adversarial images for this batch already exist
2025-08-04 19:59:38,917 - ADV_Generation_eps_4.0_steps_100 - INFO - Batch 64/230: Clean accuracy 0.8613 | Adv accuracy: 0.0000 
2025-08-04 19:59:38,925 - ADV_Generation_eps_4.0_steps_100 - INFO - Batch:[64] Adversarial images for this batch already exist
2025-08-04 19:59:39,669 - ADV_Generation_eps_4.0_steps_100 - INFO - Batch 65/230: Clean accuracy 0.8615 | Adv accuracy: 0.0000 
2025-08-04 19:59:39,676 - ADV_Generation_eps_4.0_steps_100 - INFO - Batch:[65] Adversarial images for this batch already exist
2025-08-04 19:59:40,447 - ADV_Generation_eps_4.0_steps_100 - INFO - Batch 66/230: Clean accuracy 0.8636 | Adv accuracy: 0.0000 
2025-08-04 19:59:40,455 - ADV_Generation_eps_4.0_steps_100 - INFO - Batch:[66] Adversarial images for this batch already exist
2025-08-04 19:59:41,106 - ADV_Generation_eps_4.0_steps_100 - INFO - Batch 67/230: Clean accuracy 0.8647 | Adv accuracy: 0.0000 
2025-08-04 19:59:41,113 - ADV_Generation_eps_4.0_steps_100 - INFO - Batch:[67] Adversarial images for this batch already exist
2025-08-04 19:59:41,794 - ADV_Generation_eps_4.0_steps_100 - INFO - Batch 68/230: Clean accuracy 0.8640 | Adv accuracy: 0.0000 
2025-08-04 19:59:41,802 - ADV_Generation_eps_4.0_steps_100 - INFO - Batch:[68] Adversarial images for this batch already exist
2025-08-04 19:59:42,559 - ADV_Generation_eps_4.0_steps_100 - INFO - Batch 69/230: Clean accuracy 0.8641 | Adv accuracy: 0.0000 
2025-08-04 19:59:42,567 - ADV_Generation_eps_4.0_steps_100 - INFO - Batch:[69] Adversarial images for this batch already exist
2025-08-04 19:59:43,235 - ADV_Generation_eps_4.0_steps_100 - INFO - Batch 70/230: Clean accuracy 0.8634 | Adv accuracy: 0.0000 
2025-08-04 19:59:43,242 - ADV_Generation_eps_4.0_steps_100 - INFO - Batch:[70] Adversarial images for this batch already exist
2025-08-04 19:59:44,047 - ADV_Generation_eps_4.0_steps_100 - INFO - Batch 71/230: Clean accuracy 0.8627 | Adv accuracy: 0.0000 
2025-08-04 19:59:44,054 - ADV_Generation_eps_4.0_steps_100 - INFO - Batch:[71] Adversarial images for this batch already exist
2025-08-04 19:59:44,685 - ADV_Generation_eps_4.0_steps_100 - INFO - Batch 72/230: Clean accuracy 0.8620 | Adv accuracy: 0.0000 
2025-08-04 19:59:44,692 - ADV_Generation_eps_4.0_steps_100 - INFO - Batch:[72] Adversarial images for this batch already exist
2025-08-04 19:59:45,323 - ADV_Generation_eps_4.0_steps_100 - INFO - Batch 73/230: Clean accuracy 0.8613 | Adv accuracy: 0.0000 
2025-08-04 19:59:45,331 - ADV_Generation_eps_4.0_steps_100 - INFO - Batch:[73] Adversarial images for this batch already exist
2025-08-04 19:59:45,978 - ADV_Generation_eps_4.0_steps_100 - INFO - Batch 74/230: Clean accuracy 0.8632 | Adv accuracy: 0.0000 
2025-08-04 19:59:45,985 - ADV_Generation_eps_4.0_steps_100 - INFO - Batch:[74] Adversarial images for this batch already exist
2025-08-04 19:59:46,685 - ADV_Generation_eps_4.0_steps_100 - INFO - Batch 75/230: Clean accuracy 0.8625 | Adv accuracy: 0.0000 
2025-08-04 19:59:46,692 - ADV_Generation_eps_4.0_steps_100 - INFO - Batch:[75] Adversarial images for this batch already exist
2025-08-04 19:59:47,309 - ADV_Generation_eps_4.0_steps_100 - INFO - Batch 76/230: Clean accuracy 0.8635 | Adv accuracy: 0.0000 
2025-08-04 19:59:47,316 - ADV_Generation_eps_4.0_steps_100 - INFO - Batch:[76] Adversarial images for this batch already exist
2025-08-04 19:59:48,048 - ADV_Generation_eps_4.0_steps_100 - INFO - Batch 77/230: Clean accuracy 0.8604 | Adv accuracy: 0.0000 
2025-08-04 19:59:48,057 - ADV_Generation_eps_4.0_steps_100 - INFO - Batch:[77] Adversarial images for this batch already exist
2025-08-04 19:59:48,674 - ADV_Generation_eps_4.0_steps_100 - INFO - Batch 78/230: Clean accuracy 0.8574 | Adv accuracy: 0.0000 
2025-08-04 19:59:48,682 - ADV_Generation_eps_4.0_steps_100 - INFO - Batch:[78] Adversarial images for this batch already exist
2025-08-04 19:59:49,300 - ADV_Generation_eps_4.0_steps_100 - INFO - Batch 79/230: Clean accuracy 0.8576 | Adv accuracy: 0.0000 
2025-08-04 19:59:49,307 - ADV_Generation_eps_4.0_steps_100 - INFO - Batch:[79] Adversarial images for this batch already exist
2025-08-04 19:59:49,938 - ADV_Generation_eps_4.0_steps_100 - INFO - Batch 80/230: Clean accuracy 0.8570 | Adv accuracy: 0.0000 
2025-08-04 19:59:49,946 - ADV_Generation_eps_4.0_steps_100 - INFO - Batch:[80] Adversarial images for this batch already exist
2025-08-04 19:59:50,644 - ADV_Generation_eps_4.0_steps_100 - INFO - Batch 81/230: Clean accuracy 0.8588 | Adv accuracy: 0.0000 
2025-08-04 19:59:50,660 - ADV_Generation_eps_4.0_steps_100 - INFO - Batch:[81] Adversarial images for this batch already exist
2025-08-04 19:59:51,276 - ADV_Generation_eps_4.0_steps_100 - INFO - Batch 82/230: Clean accuracy 0.8605 | Adv accuracy: 0.0000 
2025-08-04 19:59:51,283 - ADV_Generation_eps_4.0_steps_100 - INFO - Batch:[82] Adversarial images for this batch already exist
2025-08-04 19:59:52,011 - ADV_Generation_eps_4.0_steps_100 - INFO - Batch 83/230: Clean accuracy 0.8622 | Adv accuracy: 0.0000 
2025-08-04 19:59:52,018 - ADV_Generation_eps_4.0_steps_100 - INFO - Batch:[83] Adversarial images for this batch already exist
2025-08-04 19:59:52,639 - ADV_Generation_eps_4.0_steps_100 - INFO - Batch 84/230: Clean accuracy 0.8638 | Adv accuracy: 0.0000 
2025-08-04 19:59:52,646 - ADV_Generation_eps_4.0_steps_100 - INFO - Batch:[84] Adversarial images for this batch already exist
2025-08-04 19:59:53,336 - ADV_Generation_eps_4.0_steps_100 - INFO - Batch 85/230: Clean accuracy 0.8654 | Adv accuracy: 0.0000 
2025-08-04 19:59:53,345 - ADV_Generation_eps_4.0_steps_100 - INFO - Batch:[85] Adversarial images for this batch already exist
2025-08-04 19:59:54,058 - ADV_Generation_eps_4.0_steps_100 - INFO - Batch 86/230: Clean accuracy 0.8670 | Adv accuracy: 0.0000 
2025-08-04 19:59:54,065 - ADV_Generation_eps_4.0_steps_100 - INFO - Batch:[86] Adversarial images for this batch already exist
2025-08-04 19:59:54,731 - ADV_Generation_eps_4.0_steps_100 - INFO - Batch 87/230: Clean accuracy 0.8685 | Adv accuracy: 0.0000 
2025-08-04 19:59:54,738 - ADV_Generation_eps_4.0_steps_100 - INFO - Batch:[87] Adversarial images for this batch already exist
2025-08-04 19:59:55,364 - ADV_Generation_eps_4.0_steps_100 - INFO - Batch 88/230: Clean accuracy 0.8700 | Adv accuracy: 0.0000 
2025-08-04 19:59:55,371 - ADV_Generation_eps_4.0_steps_100 - INFO - Batch:[88] Adversarial images for this batch already exist
2025-08-04 19:59:56,095 - ADV_Generation_eps_4.0_steps_100 - INFO - Batch 89/230: Clean accuracy 0.8715 | Adv accuracy: 0.0000 
2025-08-04 19:59:56,102 - ADV_Generation_eps_4.0_steps_100 - INFO - Batch:[89] Adversarial images for this batch already exist
2025-08-04 19:59:56,818 - ADV_Generation_eps_4.0_steps_100 - INFO - Batch 90/230: Clean accuracy 0.8729 | Adv accuracy: 0.0000 
2025-08-04 19:59:56,825 - ADV_Generation_eps_4.0_steps_100 - INFO - Batch:[90] Adversarial images for this batch already exist
2025-08-04 19:59:57,502 - ADV_Generation_eps_4.0_steps_100 - INFO - Batch 91/230: Clean accuracy 0.8743 | Adv accuracy: 0.0000 
2025-08-04 19:59:57,509 - ADV_Generation_eps_4.0_steps_100 - INFO - Batch:[91] Adversarial images for this batch already exist
2025-08-04 19:59:58,445 - ADV_Generation_eps_4.0_steps_100 - INFO - Batch 92/230: Clean accuracy 0.8757 | Adv accuracy: 0.0000 
2025-08-04 19:59:58,453 - ADV_Generation_eps_4.0_steps_100 - INFO - Batch:[92] Adversarial images for this batch already exist
2025-08-04 19:59:59,124 - ADV_Generation_eps_4.0_steps_100 - INFO - Batch 93/230: Clean accuracy 0.8757 | Adv accuracy: 0.0000 
2025-08-04 19:59:59,131 - ADV_Generation_eps_4.0_steps_100 - INFO - Batch:[93] Adversarial images for this batch already exist
2025-08-04 19:59:59,918 - ADV_Generation_eps_4.0_steps_100 - INFO - Batch 94/230: Clean accuracy 0.8770 | Adv accuracy: 0.0000 
2025-08-04 19:59:59,925 - ADV_Generation_eps_4.0_steps_100 - INFO - Batch:[94] Adversarial images for this batch already exist
2025-08-04 20:00:00,596 - ADV_Generation_eps_4.0_steps_100 - INFO - Batch 95/230: Clean accuracy 0.8783 | Adv accuracy: 0.0000 
2025-08-04 20:00:00,603 - ADV_Generation_eps_4.0_steps_100 - INFO - Batch:[95] Adversarial images for this batch already exist
2025-08-04 20:00:01,235 - ADV_Generation_eps_4.0_steps_100 - INFO - Batch 96/230: Clean accuracy 0.8796 | Adv accuracy: 0.0000 
2025-08-04 20:00:01,241 - ADV_Generation_eps_4.0_steps_100 - INFO - Batch:[96] Adversarial images for this batch already exist
2025-08-04 20:00:01,881 - ADV_Generation_eps_4.0_steps_100 - INFO - Batch 97/230: Clean accuracy 0.8802 | Adv accuracy: 0.0000 
2025-08-04 20:00:01,889 - ADV_Generation_eps_4.0_steps_100 - INFO - Batch:[97] Adversarial images for this batch already exist
2025-08-04 20:00:02,498 - ADV_Generation_eps_4.0_steps_100 - INFO - Batch 98/230: Clean accuracy 0.8814 | Adv accuracy: 0.0000 
2025-08-04 20:00:02,505 - ADV_Generation_eps_4.0_steps_100 - INFO - Batch:[98] Adversarial images for this batch already exist
2025-08-04 20:00:03,311 - ADV_Generation_eps_4.0_steps_100 - INFO - Batch 99/230: Clean accuracy 0.8826 | Adv accuracy: 0.0000 
2025-08-04 20:00:03,318 - ADV_Generation_eps_4.0_steps_100 - INFO - Batch:[99] Adversarial images for this batch already exist
2025-08-04 20:00:03,933 - ADV_Generation_eps_4.0_steps_100 - INFO - Batch 100/230: Clean accuracy 0.8831 | Adv accuracy: 0.0000 
2025-08-04 20:00:03,940 - ADV_Generation_eps_4.0_steps_100 - INFO - Batch:[100] Adversarial images for this batch already exist
2025-08-04 20:00:04,550 - ADV_Generation_eps_4.0_steps_100 - INFO - Batch 101/230: Clean accuracy 0.8843 | Adv accuracy: 0.0000 
2025-08-04 20:00:04,557 - ADV_Generation_eps_4.0_steps_100 - INFO - Batch:[101] Adversarial images for this batch already exist
2025-08-04 20:00:05,312 - ADV_Generation_eps_4.0_steps_100 - INFO - Batch 102/230: Clean accuracy 0.8854 | Adv accuracy: 0.0000 
2025-08-04 20:00:05,319 - ADV_Generation_eps_4.0_steps_100 - INFO - Batch:[102] Adversarial images for this batch already exist
2025-08-04 20:00:06,080 - ADV_Generation_eps_4.0_steps_100 - INFO - Batch 103/230: Clean accuracy 0.8859 | Adv accuracy: 0.0000 
2025-08-04 20:00:06,087 - ADV_Generation_eps_4.0_steps_100 - INFO - Batch:[103] Adversarial images for this batch already exist
2025-08-04 20:00:06,784 - ADV_Generation_eps_4.0_steps_100 - INFO - Batch 104/230: Clean accuracy 0.8870 | Adv accuracy: 0.0000 
2025-08-04 20:00:06,791 - ADV_Generation_eps_4.0_steps_100 - INFO - Batch:[104] Adversarial images for this batch already exist
2025-08-04 20:00:07,423 - ADV_Generation_eps_4.0_steps_100 - INFO - Batch 105/230: Clean accuracy 0.8875 | Adv accuracy: 0.0000 
2025-08-04 20:00:07,431 - ADV_Generation_eps_4.0_steps_100 - INFO - Batch:[105] Adversarial images for this batch already exist
2025-08-04 20:00:08,046 - ADV_Generation_eps_4.0_steps_100 - INFO - Batch 106/230: Clean accuracy 0.8886 | Adv accuracy: 0.0000 
2025-08-04 20:00:08,065 - ADV_Generation_eps_4.0_steps_100 - INFO - Batch:[106] Adversarial images for this batch already exist
2025-08-04 20:00:08,778 - ADV_Generation_eps_4.0_steps_100 - INFO - Batch 107/230: Clean accuracy 0.8896 | Adv accuracy: 0.0000 
2025-08-04 20:00:08,790 - ADV_Generation_eps_4.0_steps_100 - INFO - Batch:[107] Adversarial images for this batch already exist
2025-08-04 20:00:09,473 - ADV_Generation_eps_4.0_steps_100 - INFO - Batch 108/230: Clean accuracy 0.8906 | Adv accuracy: 0.0000 
2025-08-04 20:00:09,483 - ADV_Generation_eps_4.0_steps_100 - INFO - Batch:[108] Adversarial images for this batch already exist
2025-08-04 20:00:10,190 - ADV_Generation_eps_4.0_steps_100 - INFO - Batch 109/230: Clean accuracy 0.8916 | Adv accuracy: 0.0000 
2025-08-04 20:00:10,201 - ADV_Generation_eps_4.0_steps_100 - INFO - Batch:[109] Adversarial images for this batch already exist
2025-08-04 20:00:10,945 - ADV_Generation_eps_4.0_steps_100 - INFO - Batch 110/230: Clean accuracy 0.8926 | Adv accuracy: 0.0000 
2025-08-04 20:00:10,952 - ADV_Generation_eps_4.0_steps_100 - INFO - Batch:[110] Adversarial images for this batch already exist
2025-08-04 20:00:11,603 - ADV_Generation_eps_4.0_steps_100 - INFO - Batch 111/230: Clean accuracy 0.8925 | Adv accuracy: 0.0000 
2025-08-04 20:00:11,610 - ADV_Generation_eps_4.0_steps_100 - INFO - Batch:[111] Adversarial images for this batch already exist
2025-08-04 20:00:12,277 - ADV_Generation_eps_4.0_steps_100 - INFO - Batch 112/230: Clean accuracy 0.8934 | Adv accuracy: 0.0000 
2025-08-04 20:00:12,329 - ADV_Generation_eps_4.0_steps_100 - INFO - Batch:[112] Adversarial images for this batch already exist
2025-08-04 20:00:12,971 - ADV_Generation_eps_4.0_steps_100 - INFO - Batch 113/230: Clean accuracy 0.8944 | Adv accuracy: 0.0000 
2025-08-04 20:00:12,980 - ADV_Generation_eps_4.0_steps_100 - INFO - Batch:[113] Adversarial images for this batch already exist
2025-08-04 20:00:13,651 - ADV_Generation_eps_4.0_steps_100 - INFO - Batch 114/230: Clean accuracy 0.8953 | Adv accuracy: 0.0000 
2025-08-04 20:00:13,661 - ADV_Generation_eps_4.0_steps_100 - INFO - Batch:[114] Adversarial images for this batch already exist
2025-08-04 20:00:14,326 - ADV_Generation_eps_4.0_steps_100 - INFO - Batch 115/230: Clean accuracy 0.8957 | Adv accuracy: 0.0000 
2025-08-04 20:00:14,334 - ADV_Generation_eps_4.0_steps_100 - INFO - Batch:[115] Adversarial images for this batch already exist
2025-08-04 20:00:15,032 - ADV_Generation_eps_4.0_steps_100 - INFO - Batch 116/230: Clean accuracy 0.8966 | Adv accuracy: 0.0000 
2025-08-04 20:00:15,044 - ADV_Generation_eps_4.0_steps_100 - INFO - Batch:[116] Adversarial images for this batch already exist
2025-08-04 20:00:15,671 - ADV_Generation_eps_4.0_steps_100 - INFO - Batch 117/230: Clean accuracy 0.8969 | Adv accuracy: 0.0000 
2025-08-04 20:00:15,678 - ADV_Generation_eps_4.0_steps_100 - INFO - Batch:[117] Adversarial images for this batch already exist
2025-08-04 20:00:16,323 - ADV_Generation_eps_4.0_steps_100 - INFO - Batch 118/230: Clean accuracy 0.8951 | Adv accuracy: 0.0000 
2025-08-04 20:00:16,331 - ADV_Generation_eps_4.0_steps_100 - INFO - Batch:[118] Adversarial images for this batch already exist
2025-08-04 20:00:16,995 - ADV_Generation_eps_4.0_steps_100 - INFO - Batch 119/230: Clean accuracy 0.8960 | Adv accuracy: 0.0000 
2025-08-04 20:00:17,002 - ADV_Generation_eps_4.0_steps_100 - INFO - Batch:[119] Adversarial images for this batch already exist
2025-08-04 20:00:17,604 - ADV_Generation_eps_4.0_steps_100 - INFO - Batch 120/230: Clean accuracy 0.8969 | Adv accuracy: 0.0000 
2025-08-04 20:00:17,611 - ADV_Generation_eps_4.0_steps_100 - INFO - Batch:[120] Adversarial images for this batch already exist
2025-08-04 20:00:18,338 - ADV_Generation_eps_4.0_steps_100 - INFO - Batch 121/230: Clean accuracy 0.8977 | Adv accuracy: 0.0000 
2025-08-04 20:00:18,346 - ADV_Generation_eps_4.0_steps_100 - INFO - Batch:[121] Adversarial images for this batch already exist
2025-08-04 20:00:19,060 - ADV_Generation_eps_4.0_steps_100 - INFO - Batch 122/230: Clean accuracy 0.8986 | Adv accuracy: 0.0000 
2025-08-04 20:00:19,068 - ADV_Generation_eps_4.0_steps_100 - INFO - Batch:[122] Adversarial images for this batch already exist
2025-08-04 20:00:19,759 - ADV_Generation_eps_4.0_steps_100 - INFO - Batch 123/230: Clean accuracy 0.8994 | Adv accuracy: 0.0000 
2025-08-04 20:00:19,767 - ADV_Generation_eps_4.0_steps_100 - INFO - Batch:[123] Adversarial images for this batch already exist
2025-08-04 20:00:20,464 - ADV_Generation_eps_4.0_steps_100 - INFO - Batch 124/230: Clean accuracy 0.8997 | Adv accuracy: 0.0000 
2025-08-04 20:00:20,471 - ADV_Generation_eps_4.0_steps_100 - INFO - Batch:[124] Adversarial images for this batch already exist
2025-08-04 20:00:21,210 - ADV_Generation_eps_4.0_steps_100 - INFO - Batch 125/230: Clean accuracy 0.9000 | Adv accuracy: 0.0000 
2025-08-04 20:00:21,256 - ADV_Generation_eps_4.0_steps_100 - INFO - Batch:[125] Adversarial images for this batch already exist
2025-08-04 20:00:21,981 - ADV_Generation_eps_4.0_steps_100 - INFO - Batch 126/230: Clean accuracy 0.9008 | Adv accuracy: 0.0000 
2025-08-04 20:00:21,994 - ADV_Generation_eps_4.0_steps_100 - INFO - Batch:[126] Adversarial images for this batch already exist
2025-08-04 20:00:22,711 - ADV_Generation_eps_4.0_steps_100 - INFO - Batch 127/230: Clean accuracy 0.9016 | Adv accuracy: 0.0000 
2025-08-04 20:00:22,722 - ADV_Generation_eps_4.0_steps_100 - INFO - Batch:[127] Adversarial images for this batch already exist
2025-08-04 20:00:23,375 - ADV_Generation_eps_4.0_steps_100 - INFO - Batch 128/230: Clean accuracy 0.9023 | Adv accuracy: 0.0000 
2025-08-04 20:00:23,383 - ADV_Generation_eps_4.0_steps_100 - INFO - Batch:[128] Adversarial images for this batch already exist
2025-08-04 20:00:24,098 - ADV_Generation_eps_4.0_steps_100 - INFO - Batch 129/230: Clean accuracy 0.9031 | Adv accuracy: 0.0000 
2025-08-04 20:00:24,106 - ADV_Generation_eps_4.0_steps_100 - INFO - Batch:[129] Adversarial images for this batch already exist
2025-08-04 20:00:24,812 - ADV_Generation_eps_4.0_steps_100 - INFO - Batch 130/230: Clean accuracy 0.9034 | Adv accuracy: 0.0000 
2025-08-04 20:00:24,819 - ADV_Generation_eps_4.0_steps_100 - INFO - Batch:[130] Adversarial images for this batch already exist
2025-08-04 20:00:25,528 - ADV_Generation_eps_4.0_steps_100 - INFO - Batch 131/230: Clean accuracy 0.9041 | Adv accuracy: 0.0000 
2025-08-04 20:00:25,535 - ADV_Generation_eps_4.0_steps_100 - INFO - Batch:[131] Adversarial images for this batch already exist
2025-08-04 20:00:26,224 - ADV_Generation_eps_4.0_steps_100 - INFO - Batch 132/230: Clean accuracy 0.9048 | Adv accuracy: 0.0000 
2025-08-04 20:00:26,232 - ADV_Generation_eps_4.0_steps_100 - INFO - Batch:[132] Adversarial images for this batch already exist
2025-08-04 20:00:26,871 - ADV_Generation_eps_4.0_steps_100 - INFO - Batch 133/230: Clean accuracy 0.9055 | Adv accuracy: 0.0000 
2025-08-04 20:00:26,878 - ADV_Generation_eps_4.0_steps_100 - INFO - Batch:[133] Adversarial images for this batch already exist
2025-08-04 20:00:27,565 - ADV_Generation_eps_4.0_steps_100 - INFO - Batch 134/230: Clean accuracy 0.9062 | Adv accuracy: 0.0000 
2025-08-04 20:00:27,582 - ADV_Generation_eps_4.0_steps_100 - INFO - Batch:[134] Adversarial images for this batch already exist
2025-08-04 20:00:28,399 - ADV_Generation_eps_4.0_steps_100 - INFO - Batch 135/230: Clean accuracy 0.9069 | Adv accuracy: 0.0000 
2025-08-04 20:00:28,407 - ADV_Generation_eps_4.0_steps_100 - INFO - Batch:[135] Adversarial images for this batch already exist
2025-08-04 20:00:29,084 - ADV_Generation_eps_4.0_steps_100 - INFO - Batch 136/230: Clean accuracy 0.9076 | Adv accuracy: 0.0000 
2025-08-04 20:00:29,092 - ADV_Generation_eps_4.0_steps_100 - INFO - Batch:[136] Adversarial images for this batch already exist
2025-08-04 20:00:29,816 - ADV_Generation_eps_4.0_steps_100 - INFO - Batch 137/230: Clean accuracy 0.9078 | Adv accuracy: 0.0000 
2025-08-04 20:00:29,824 - ADV_Generation_eps_4.0_steps_100 - INFO - Batch:[137] Adversarial images for this batch already exist
2025-08-04 20:00:30,561 - ADV_Generation_eps_4.0_steps_100 - INFO - Batch 138/230: Clean accuracy 0.9081 | Adv accuracy: 0.0000 
2025-08-04 20:00:30,569 - ADV_Generation_eps_4.0_steps_100 - INFO - Batch:[138] Adversarial images for this batch already exist
2025-08-04 20:00:31,239 - ADV_Generation_eps_4.0_steps_100 - INFO - Batch 139/230: Clean accuracy 0.9087 | Adv accuracy: 0.0000 
2025-08-04 20:00:31,248 - ADV_Generation_eps_4.0_steps_100 - INFO - Batch:[139] Adversarial images for this batch already exist
2025-08-04 20:00:31,940 - ADV_Generation_eps_4.0_steps_100 - INFO - Batch 140/230: Clean accuracy 0.9094 | Adv accuracy: 0.0000 
2025-08-04 20:00:31,949 - ADV_Generation_eps_4.0_steps_100 - INFO - Batch:[140] Adversarial images for this batch already exist
2025-08-04 20:00:32,726 - ADV_Generation_eps_4.0_steps_100 - INFO - Batch 141/230: Clean accuracy 0.9100 | Adv accuracy: 0.0000 
2025-08-04 20:00:32,733 - ADV_Generation_eps_4.0_steps_100 - INFO - Batch:[141] Adversarial images for this batch already exist
2025-08-04 20:00:33,397 - ADV_Generation_eps_4.0_steps_100 - INFO - Batch 142/230: Clean accuracy 0.9107 | Adv accuracy: 0.0000 
2025-08-04 20:00:33,406 - ADV_Generation_eps_4.0_steps_100 - INFO - Batch:[142] Adversarial images for this batch already exist
2025-08-04 20:00:34,196 - ADV_Generation_eps_4.0_steps_100 - INFO - Batch 143/230: Clean accuracy 0.9108 | Adv accuracy: 0.0000 
2025-08-04 20:00:34,204 - ADV_Generation_eps_4.0_steps_100 - INFO - Batch:[143] Adversarial images for this batch already exist
2025-08-04 20:00:34,908 - ADV_Generation_eps_4.0_steps_100 - INFO - Batch 144/230: Clean accuracy 0.9106 | Adv accuracy: 0.0000 
2025-08-04 20:00:34,916 - ADV_Generation_eps_4.0_steps_100 - INFO - Batch:[144] Adversarial images for this batch already exist
2025-08-04 20:00:35,675 - ADV_Generation_eps_4.0_steps_100 - INFO - Batch 145/230: Clean accuracy 0.9112 | Adv accuracy: 0.0000 
2025-08-04 20:00:35,682 - ADV_Generation_eps_4.0_steps_100 - INFO - Batch:[145] Adversarial images for this batch already exist
2025-08-04 20:00:36,300 - ADV_Generation_eps_4.0_steps_100 - INFO - Batch 146/230: Clean accuracy 0.9114 | Adv accuracy: 0.0000 
2025-08-04 20:00:36,308 - ADV_Generation_eps_4.0_steps_100 - INFO - Batch:[146] Adversarial images for this batch already exist
2025-08-04 20:00:36,936 - ADV_Generation_eps_4.0_steps_100 - INFO - Batch 147/230: Clean accuracy 0.9120 | Adv accuracy: 0.0000 
2025-08-04 20:00:36,944 - ADV_Generation_eps_4.0_steps_100 - INFO - Batch:[147] Adversarial images for this batch already exist
2025-08-04 20:00:37,583 - ADV_Generation_eps_4.0_steps_100 - INFO - Batch 148/230: Clean accuracy 0.9126 | Adv accuracy: 0.0000 
2025-08-04 20:00:37,593 - ADV_Generation_eps_4.0_steps_100 - INFO - Batch:[148] Adversarial images for this batch already exist
2025-08-04 20:00:38,247 - ADV_Generation_eps_4.0_steps_100 - INFO - Batch 149/230: Clean accuracy 0.9132 | Adv accuracy: 0.0000 
2025-08-04 20:00:38,255 - ADV_Generation_eps_4.0_steps_100 - INFO - Batch:[149] Adversarial images for this batch already exist
2025-08-04 20:00:38,980 - ADV_Generation_eps_4.0_steps_100 - INFO - Batch 150/230: Clean accuracy 0.9133 | Adv accuracy: 0.0000 
2025-08-04 20:00:38,988 - ADV_Generation_eps_4.0_steps_100 - INFO - Batch:[150] Adversarial images for this batch already exist
2025-08-04 20:00:39,591 - ADV_Generation_eps_4.0_steps_100 - INFO - Batch 151/230: Clean accuracy 0.9139 | Adv accuracy: 0.0000 
2025-08-04 20:00:39,600 - ADV_Generation_eps_4.0_steps_100 - INFO - Batch:[151] Adversarial images for this batch already exist
2025-08-04 20:00:40,253 - ADV_Generation_eps_4.0_steps_100 - INFO - Batch 152/230: Clean accuracy 0.9145 | Adv accuracy: 0.0000 
2025-08-04 20:00:40,265 - ADV_Generation_eps_4.0_steps_100 - INFO - Batch:[152] Adversarial images for this batch already exist
2025-08-04 20:00:41,001 - ADV_Generation_eps_4.0_steps_100 - INFO - Batch 153/230: Clean accuracy 0.9150 | Adv accuracy: 0.0000 
2025-08-04 20:00:41,010 - ADV_Generation_eps_4.0_steps_100 - INFO - Batch:[153] Adversarial images for this batch already exist
2025-08-04 20:00:41,789 - ADV_Generation_eps_4.0_steps_100 - INFO - Batch 154/230: Clean accuracy 0.9156 | Adv accuracy: 0.0000 
2025-08-04 20:00:41,803 - ADV_Generation_eps_4.0_steps_100 - INFO - Batch:[154] Adversarial images for this batch already exist
2025-08-04 20:00:42,511 - ADV_Generation_eps_4.0_steps_100 - INFO - Batch 155/230: Clean accuracy 0.9161 | Adv accuracy: 0.0000 
2025-08-04 20:00:42,522 - ADV_Generation_eps_4.0_steps_100 - INFO - Batch:[155] Adversarial images for this batch already exist
2025-08-04 20:00:43,223 - ADV_Generation_eps_4.0_steps_100 - INFO - Batch 156/230: Clean accuracy 0.9167 | Adv accuracy: 0.0000 
2025-08-04 20:00:43,231 - ADV_Generation_eps_4.0_steps_100 - INFO - Batch:[156] Adversarial images for this batch already exist
2025-08-04 20:00:43,893 - ADV_Generation_eps_4.0_steps_100 - INFO - Batch 157/230: Clean accuracy 0.9172 | Adv accuracy: 0.0000 
2025-08-04 20:00:43,901 - ADV_Generation_eps_4.0_steps_100 - INFO - Batch:[157] Adversarial images for this batch already exist
2025-08-04 20:00:44,656 - ADV_Generation_eps_4.0_steps_100 - INFO - Batch 158/230: Clean accuracy 0.9177 | Adv accuracy: 0.0000 
2025-08-04 20:00:44,663 - ADV_Generation_eps_4.0_steps_100 - INFO - Batch:[158] Adversarial images for this batch already exist
2025-08-04 20:00:45,447 - ADV_Generation_eps_4.0_steps_100 - INFO - Batch 159/230: Clean accuracy 0.9182 | Adv accuracy: 0.0000 
2025-08-04 20:00:45,458 - ADV_Generation_eps_4.0_steps_100 - INFO - Batch:[159] Adversarial images for this batch already exist
2025-08-04 20:00:46,227 - ADV_Generation_eps_4.0_steps_100 - INFO - Batch 160/230: Clean accuracy 0.9187 | Adv accuracy: 0.0000 
2025-08-04 20:00:46,235 - ADV_Generation_eps_4.0_steps_100 - INFO - Batch:[160] Adversarial images for this batch already exist
2025-08-04 20:00:46,948 - ADV_Generation_eps_4.0_steps_100 - INFO - Batch 161/230: Clean accuracy 0.9193 | Adv accuracy: 0.0000 
2025-08-04 20:00:46,955 - ADV_Generation_eps_4.0_steps_100 - INFO - Batch:[161] Adversarial images for this batch already exist
2025-08-04 20:00:47,539 - ADV_Generation_eps_4.0_steps_100 - INFO - Batch 162/230: Clean accuracy 0.9198 | Adv accuracy: 0.0000 
2025-08-04 20:00:47,546 - ADV_Generation_eps_4.0_steps_100 - INFO - Batch:[162] Adversarial images for this batch already exist
2025-08-04 20:00:48,208 - ADV_Generation_eps_4.0_steps_100 - INFO - Batch 163/230: Clean accuracy 0.9187 | Adv accuracy: 0.0000 
2025-08-04 20:00:48,233 - ADV_Generation_eps_4.0_steps_100 - INFO - Batch:[163] Adversarial images for this batch already exist
2025-08-04 20:00:48,874 - ADV_Generation_eps_4.0_steps_100 - INFO - Batch 164/230: Clean accuracy 0.9165 | Adv accuracy: 0.0000 
2025-08-04 20:00:48,882 - ADV_Generation_eps_4.0_steps_100 - INFO - Batch:[164] Adversarial images for this batch already exist
2025-08-04 20:00:49,595 - ADV_Generation_eps_4.0_steps_100 - INFO - Batch 165/230: Clean accuracy 0.9148 | Adv accuracy: 0.0000 
2025-08-04 20:00:49,602 - ADV_Generation_eps_4.0_steps_100 - INFO - Batch:[165] Adversarial images for this batch already exist
2025-08-04 20:00:50,319 - ADV_Generation_eps_4.0_steps_100 - INFO - Batch 166/230: Clean accuracy 0.9138 | Adv accuracy: 0.0000 
2025-08-04 20:00:50,334 - ADV_Generation_eps_4.0_steps_100 - INFO - Batch:[166] Adversarial images for this batch already exist
2025-08-04 20:00:51,132 - ADV_Generation_eps_4.0_steps_100 - INFO - Batch 167/230: Clean accuracy 0.9124 | Adv accuracy: 0.0000 
2025-08-04 20:00:51,139 - ADV_Generation_eps_4.0_steps_100 - INFO - Batch:[167] Adversarial images for this batch already exist
2025-08-04 20:00:51,873 - ADV_Generation_eps_4.0_steps_100 - INFO - Batch 168/230: Clean accuracy 0.9129 | Adv accuracy: 0.0000 
2025-08-04 20:00:51,880 - ADV_Generation_eps_4.0_steps_100 - INFO - Batch:[168] Adversarial images for this batch already exist
2025-08-04 20:00:52,472 - ADV_Generation_eps_4.0_steps_100 - INFO - Batch 169/230: Clean accuracy 0.9131 | Adv accuracy: 0.0000 
2025-08-04 20:00:52,480 - ADV_Generation_eps_4.0_steps_100 - INFO - Batch:[169] Adversarial images for this batch already exist
2025-08-04 20:00:53,181 - ADV_Generation_eps_4.0_steps_100 - INFO - Batch 170/230: Clean accuracy 0.9136 | Adv accuracy: 0.0000 
2025-08-04 20:00:53,188 - ADV_Generation_eps_4.0_steps_100 - INFO - Batch:[170] Adversarial images for this batch already exist
2025-08-04 20:00:53,822 - ADV_Generation_eps_4.0_steps_100 - INFO - Batch 171/230: Clean accuracy 0.9141 | Adv accuracy: 0.0000 
2025-08-04 20:00:53,829 - ADV_Generation_eps_4.0_steps_100 - INFO - Batch:[171] Adversarial images for this batch already exist
2025-08-04 20:00:54,453 - ADV_Generation_eps_4.0_steps_100 - INFO - Batch 172/230: Clean accuracy 0.9142 | Adv accuracy: 0.0000 
2025-08-04 20:00:54,460 - ADV_Generation_eps_4.0_steps_100 - INFO - Batch:[172] Adversarial images for this batch already exist
2025-08-04 20:00:55,139 - ADV_Generation_eps_4.0_steps_100 - INFO - Batch 173/230: Clean accuracy 0.9147 | Adv accuracy: 0.0000 
2025-08-04 20:00:55,146 - ADV_Generation_eps_4.0_steps_100 - INFO - Batch:[173] Adversarial images for this batch already exist
2025-08-04 20:00:55,748 - ADV_Generation_eps_4.0_steps_100 - INFO - Batch 174/230: Clean accuracy 0.9138 | Adv accuracy: 0.0000 
2025-08-04 20:00:55,755 - ADV_Generation_eps_4.0_steps_100 - INFO - Batch:[174] Adversarial images for this batch already exist
2025-08-04 20:00:56,578 - ADV_Generation_eps_4.0_steps_100 - INFO - Batch 175/230: Clean accuracy 0.9139 | Adv accuracy: 0.0000 
2025-08-04 20:00:56,585 - ADV_Generation_eps_4.0_steps_100 - INFO - Batch:[175] Adversarial images for this batch already exist
2025-08-04 20:00:57,353 - ADV_Generation_eps_4.0_steps_100 - INFO - Batch 176/230: Clean accuracy 0.9144 | Adv accuracy: 0.0000 
2025-08-04 20:00:57,359 - ADV_Generation_eps_4.0_steps_100 - INFO - Batch:[176] Adversarial images for this batch already exist
2025-08-04 20:00:58,105 - ADV_Generation_eps_4.0_steps_100 - INFO - Batch 177/230: Clean accuracy 0.9149 | Adv accuracy: 0.0000 
2025-08-04 20:00:58,112 - ADV_Generation_eps_4.0_steps_100 - INFO - Batch:[177] Adversarial images for this batch already exist
2025-08-04 20:00:58,740 - ADV_Generation_eps_4.0_steps_100 - INFO - Batch 178/230: Clean accuracy 0.9154 | Adv accuracy: 0.0000 
2025-08-04 20:00:58,747 - ADV_Generation_eps_4.0_steps_100 - INFO - Batch:[178] Adversarial images for this batch already exist
2025-08-04 20:00:59,474 - ADV_Generation_eps_4.0_steps_100 - INFO - Batch 179/230: Clean accuracy 0.9159 | Adv accuracy: 0.0000 
2025-08-04 20:00:59,482 - ADV_Generation_eps_4.0_steps_100 - INFO - Batch:[179] Adversarial images for this batch already exist
2025-08-04 20:01:00,083 - ADV_Generation_eps_4.0_steps_100 - INFO - Batch 180/230: Clean accuracy 0.9163 | Adv accuracy: 0.0000 
2025-08-04 20:01:00,090 - ADV_Generation_eps_4.0_steps_100 - INFO - Batch:[180] Adversarial images for this batch already exist
2025-08-04 20:01:00,743 - ADV_Generation_eps_4.0_steps_100 - INFO - Batch 181/230: Clean accuracy 0.9168 | Adv accuracy: 0.0000 
2025-08-04 20:01:00,751 - ADV_Generation_eps_4.0_steps_100 - INFO - Batch:[181] Adversarial images for this batch already exist
2025-08-04 20:01:01,453 - ADV_Generation_eps_4.0_steps_100 - INFO - Batch 182/230: Clean accuracy 0.9172 | Adv accuracy: 0.0000 
2025-08-04 20:01:01,460 - ADV_Generation_eps_4.0_steps_100 - INFO - Batch:[182] Adversarial images for this batch already exist
2025-08-04 20:01:02,296 - ADV_Generation_eps_4.0_steps_100 - INFO - Batch 183/230: Clean accuracy 0.9177 | Adv accuracy: 0.0000 
2025-08-04 20:01:02,339 - ADV_Generation_eps_4.0_steps_100 - INFO - Batch:[183] Adversarial images for this batch already exist
2025-08-04 20:01:02,997 - ADV_Generation_eps_4.0_steps_100 - INFO - Batch 184/230: Clean accuracy 0.9181 | Adv accuracy: 0.0000 
2025-08-04 20:01:03,005 - ADV_Generation_eps_4.0_steps_100 - INFO - Batch:[184] Adversarial images for this batch already exist
2025-08-04 20:01:03,625 - ADV_Generation_eps_4.0_steps_100 - INFO - Batch 185/230: Clean accuracy 0.9186 | Adv accuracy: 0.0000 
2025-08-04 20:01:03,632 - ADV_Generation_eps_4.0_steps_100 - INFO - Batch:[185] Adversarial images for this batch already exist
2025-08-04 20:01:04,307 - ADV_Generation_eps_4.0_steps_100 - INFO - Batch 186/230: Clean accuracy 0.9190 | Adv accuracy: 0.0000 
2025-08-04 20:01:04,314 - ADV_Generation_eps_4.0_steps_100 - INFO - Batch:[186] Adversarial images for this batch already exist
2025-08-04 20:01:04,930 - ADV_Generation_eps_4.0_steps_100 - INFO - Batch 187/230: Clean accuracy 0.9195 | Adv accuracy: 0.0000 
2025-08-04 20:01:04,937 - ADV_Generation_eps_4.0_steps_100 - INFO - Batch:[187] Adversarial images for this batch already exist
2025-08-04 20:01:05,666 - ADV_Generation_eps_4.0_steps_100 - INFO - Batch 188/230: Clean accuracy 0.9199 | Adv accuracy: 0.0000 
2025-08-04 20:01:05,673 - ADV_Generation_eps_4.0_steps_100 - INFO - Batch:[188] Adversarial images for this batch already exist
2025-08-04 20:01:06,376 - ADV_Generation_eps_4.0_steps_100 - INFO - Batch 189/230: Clean accuracy 0.9203 | Adv accuracy: 0.0000 
2025-08-04 20:01:06,383 - ADV_Generation_eps_4.0_steps_100 - INFO - Batch:[189] Adversarial images for this batch already exist
2025-08-04 20:01:07,118 - ADV_Generation_eps_4.0_steps_100 - INFO - Batch 190/230: Clean accuracy 0.9207 | Adv accuracy: 0.0000 
2025-08-04 20:01:07,133 - ADV_Generation_eps_4.0_steps_100 - INFO - Batch:[190] Adversarial images for this batch already exist
2025-08-04 20:01:07,829 - ADV_Generation_eps_4.0_steps_100 - INFO - Batch 191/230: Clean accuracy 0.9208 | Adv accuracy: 0.0000 
2025-08-04 20:01:07,838 - ADV_Generation_eps_4.0_steps_100 - INFO - Batch:[191] Adversarial images for this batch already exist
2025-08-04 20:01:08,488 - ADV_Generation_eps_4.0_steps_100 - INFO - Batch 192/230: Clean accuracy 0.9212 | Adv accuracy: 0.0000 
2025-08-04 20:01:08,495 - ADV_Generation_eps_4.0_steps_100 - INFO - Batch:[192] Adversarial images for this batch already exist
2025-08-04 20:01:09,154 - ADV_Generation_eps_4.0_steps_100 - INFO - Batch 193/230: Clean accuracy 0.9216 | Adv accuracy: 0.0000 
2025-08-04 20:01:09,161 - ADV_Generation_eps_4.0_steps_100 - INFO - Batch:[193] Adversarial images for this batch already exist
2025-08-04 20:01:09,773 - ADV_Generation_eps_4.0_steps_100 - INFO - Batch 194/230: Clean accuracy 0.9220 | Adv accuracy: 0.0000 
2025-08-04 20:01:09,780 - ADV_Generation_eps_4.0_steps_100 - INFO - Batch:[194] Adversarial images for this batch already exist
2025-08-04 20:01:10,477 - ADV_Generation_eps_4.0_steps_100 - INFO - Batch 195/230: Clean accuracy 0.9224 | Adv accuracy: 0.0000 
2025-08-04 20:01:10,484 - ADV_Generation_eps_4.0_steps_100 - INFO - Batch:[195] Adversarial images for this batch already exist
2025-08-04 20:01:11,145 - ADV_Generation_eps_4.0_steps_100 - INFO - Batch 196/230: Clean accuracy 0.9228 | Adv accuracy: 0.0000 
2025-08-04 20:01:11,153 - ADV_Generation_eps_4.0_steps_100 - INFO - Batch:[196] Adversarial images for this batch already exist
2025-08-04 20:01:11,807 - ADV_Generation_eps_4.0_steps_100 - INFO - Batch 197/230: Clean accuracy 0.9232 | Adv accuracy: 0.0000 
2025-08-04 20:01:11,814 - ADV_Generation_eps_4.0_steps_100 - INFO - Batch:[197] Adversarial images for this batch already exist
2025-08-04 20:01:12,504 - ADV_Generation_eps_4.0_steps_100 - INFO - Batch 198/230: Clean accuracy 0.9236 | Adv accuracy: 0.0000 
2025-08-04 20:01:12,512 - ADV_Generation_eps_4.0_steps_100 - INFO - Batch:[198] Adversarial images for this batch already exist
2025-08-04 20:01:13,213 - ADV_Generation_eps_4.0_steps_100 - INFO - Batch 199/230: Clean accuracy 0.9240 | Adv accuracy: 0.0000 
2025-08-04 20:01:13,221 - ADV_Generation_eps_4.0_steps_100 - INFO - Batch:[199] Adversarial images for this batch already exist
2025-08-04 20:01:13,902 - ADV_Generation_eps_4.0_steps_100 - INFO - Batch 200/230: Clean accuracy 0.9234 | Adv accuracy: 0.0000 
2025-08-04 20:01:13,909 - ADV_Generation_eps_4.0_steps_100 - INFO - Batch:[200] Adversarial images for this batch already exist
2025-08-04 20:01:14,705 - ADV_Generation_eps_4.0_steps_100 - INFO - Batch 201/230: Clean accuracy 0.9238 | Adv accuracy: 0.0000 
2025-08-04 20:01:14,713 - ADV_Generation_eps_4.0_steps_100 - INFO - Batch:[201] Adversarial images for this batch already exist
2025-08-04 20:01:15,392 - ADV_Generation_eps_4.0_steps_100 - INFO - Batch 202/230: Clean accuracy 0.9242 | Adv accuracy: 0.0000 
2025-08-04 20:01:15,399 - ADV_Generation_eps_4.0_steps_100 - INFO - Batch:[202] Adversarial images for this batch already exist
2025-08-04 20:01:16,125 - ADV_Generation_eps_4.0_steps_100 - INFO - Batch 203/230: Clean accuracy 0.9243 | Adv accuracy: 0.0000 
2025-08-04 20:01:16,133 - ADV_Generation_eps_4.0_steps_100 - INFO - Batch:[203] Adversarial images for this batch already exist
2025-08-04 20:01:16,942 - ADV_Generation_eps_4.0_steps_100 - INFO - Batch 204/230: Clean accuracy 0.9246 | Adv accuracy: 0.0000 
2025-08-04 20:01:16,957 - ADV_Generation_eps_4.0_steps_100 - INFO - Batch:[204] Adversarial images for this batch already exist
2025-08-04 20:01:17,575 - ADV_Generation_eps_4.0_steps_100 - INFO - Batch 205/230: Clean accuracy 0.9250 | Adv accuracy: 0.0000 
2025-08-04 20:01:17,582 - ADV_Generation_eps_4.0_steps_100 - INFO - Batch:[205] Adversarial images for this batch already exist
2025-08-04 20:01:18,314 - ADV_Generation_eps_4.0_steps_100 - INFO - Batch 206/230: Clean accuracy 0.9254 | Adv accuracy: 0.0000 
2025-08-04 20:01:18,322 - ADV_Generation_eps_4.0_steps_100 - INFO - Batch:[206] Adversarial images for this batch already exist
2025-08-04 20:01:18,989 - ADV_Generation_eps_4.0_steps_100 - INFO - Batch 207/230: Clean accuracy 0.9257 | Adv accuracy: 0.0000 
2025-08-04 20:01:18,997 - ADV_Generation_eps_4.0_steps_100 - INFO - Batch:[207] Adversarial images for this batch already exist
2025-08-04 20:01:19,790 - ADV_Generation_eps_4.0_steps_100 - INFO - Batch 208/230: Clean accuracy 0.9261 | Adv accuracy: 0.0000 
2025-08-04 20:01:19,798 - ADV_Generation_eps_4.0_steps_100 - INFO - Batch:[208] Adversarial images for this batch already exist
2025-08-04 20:01:20,526 - ADV_Generation_eps_4.0_steps_100 - INFO - Batch 209/230: Clean accuracy 0.9264 | Adv accuracy: 0.0000 
2025-08-04 20:01:20,534 - ADV_Generation_eps_4.0_steps_100 - INFO - Batch:[209] Adversarial images for this batch already exist
2025-08-04 20:01:21,288 - ADV_Generation_eps_4.0_steps_100 - INFO - Batch 210/230: Clean accuracy 0.9268 | Adv accuracy: 0.0000 
2025-08-04 20:01:21,295 - ADV_Generation_eps_4.0_steps_100 - INFO - Batch:[210] Adversarial images for this batch already exist
2025-08-04 20:01:21,961 - ADV_Generation_eps_4.0_steps_100 - INFO - Batch 211/230: Clean accuracy 0.9271 | Adv accuracy: 0.0000 
2025-08-04 20:01:21,968 - ADV_Generation_eps_4.0_steps_100 - INFO - Batch:[211] Adversarial images for this batch already exist
2025-08-04 20:01:22,632 - ADV_Generation_eps_4.0_steps_100 - INFO - Batch 212/230: Clean accuracy 0.9275 | Adv accuracy: 0.0000 
2025-08-04 20:01:22,639 - ADV_Generation_eps_4.0_steps_100 - INFO - Batch:[212] Adversarial images for this batch already exist
2025-08-04 20:01:23,280 - ADV_Generation_eps_4.0_steps_100 - INFO - Batch 213/230: Clean accuracy 0.9275 | Adv accuracy: 0.0000 
2025-08-04 20:01:23,288 - ADV_Generation_eps_4.0_steps_100 - INFO - Batch:[213] Adversarial images for this batch already exist
2025-08-04 20:01:23,996 - ADV_Generation_eps_4.0_steps_100 - INFO - Batch 214/230: Clean accuracy 0.9267 | Adv accuracy: 0.0000 
2025-08-04 20:01:24,003 - ADV_Generation_eps_4.0_steps_100 - INFO - Batch:[214] Adversarial images for this batch already exist
2025-08-04 20:01:24,681 - ADV_Generation_eps_4.0_steps_100 - INFO - Batch 215/230: Clean accuracy 0.9270 | Adv accuracy: 0.0000 
2025-08-04 20:01:24,689 - ADV_Generation_eps_4.0_steps_100 - INFO - Batch:[215] Adversarial images for this batch already exist
2025-08-04 20:01:25,351 - ADV_Generation_eps_4.0_steps_100 - INFO - Batch 216/230: Clean accuracy 0.9274 | Adv accuracy: 0.0000 
2025-08-04 20:01:25,358 - ADV_Generation_eps_4.0_steps_100 - INFO - Batch:[216] Adversarial images for this batch already exist
2025-08-04 20:01:26,059 - ADV_Generation_eps_4.0_steps_100 - INFO - Batch 217/230: Clean accuracy 0.9274 | Adv accuracy: 0.0000 
2025-08-04 20:01:26,066 - ADV_Generation_eps_4.0_steps_100 - INFO - Batch:[217] Adversarial images for this batch already exist
2025-08-04 20:01:26,714 - ADV_Generation_eps_4.0_steps_100 - INFO - Batch 218/230: Clean accuracy 0.9278 | Adv accuracy: 0.0000 
2025-08-04 20:01:26,729 - ADV_Generation_eps_4.0_steps_100 - INFO - Batch:[218] Adversarial images for this batch already exist
2025-08-04 20:01:27,346 - ADV_Generation_eps_4.0_steps_100 - INFO - Batch 219/230: Clean accuracy 0.9281 | Adv accuracy: 0.0000 
2025-08-04 20:01:27,354 - ADV_Generation_eps_4.0_steps_100 - INFO - Batch:[219] Adversarial images for this batch already exist
2025-08-04 20:01:28,002 - ADV_Generation_eps_4.0_steps_100 - INFO - Batch 220/230: Clean accuracy 0.9281 | Adv accuracy: 0.0000 
2025-08-04 20:01:28,010 - ADV_Generation_eps_4.0_steps_100 - INFO - Batch:[220] Adversarial images for this batch already exist
2025-08-04 20:01:28,651 - ADV_Generation_eps_4.0_steps_100 - INFO - Batch 221/230: Clean accuracy 0.9285 | Adv accuracy: 0.0000 
2025-08-04 20:01:28,658 - ADV_Generation_eps_4.0_steps_100 - INFO - Batch:[221] Adversarial images for this batch already exist
2025-08-04 20:01:29,406 - ADV_Generation_eps_4.0_steps_100 - INFO - Batch 222/230: Clean accuracy 0.9288 | Adv accuracy: 0.0000 
2025-08-04 20:01:29,413 - ADV_Generation_eps_4.0_steps_100 - INFO - Batch:[222] Adversarial images for this batch already exist
2025-08-04 20:01:30,075 - ADV_Generation_eps_4.0_steps_100 - INFO - Batch 223/230: Clean accuracy 0.9291 | Adv accuracy: 0.0000 
2025-08-04 20:01:30,083 - ADV_Generation_eps_4.0_steps_100 - INFO - Batch:[223] Adversarial images for this batch already exist
2025-08-04 20:01:30,784 - ADV_Generation_eps_4.0_steps_100 - INFO - Batch 224/230: Clean accuracy 0.9289 | Adv accuracy: 0.0000 
2025-08-04 20:01:30,792 - ADV_Generation_eps_4.0_steps_100 - INFO - Batch:[224] Adversarial images for this batch already exist
2025-08-04 20:01:31,425 - ADV_Generation_eps_4.0_steps_100 - INFO - Batch 225/230: Clean accuracy 0.9292 | Adv accuracy: 0.0000 
2025-08-04 20:01:31,433 - ADV_Generation_eps_4.0_steps_100 - INFO - Batch:[225] Adversarial images for this batch already exist
2025-08-04 20:01:32,043 - ADV_Generation_eps_4.0_steps_100 - INFO - Batch 226/230: Clean accuracy 0.9295 | Adv accuracy: 0.0000 
2025-08-04 20:01:32,051 - ADV_Generation_eps_4.0_steps_100 - INFO - Batch:[226] Adversarial images for this batch already exist
2025-08-04 20:01:32,720 - ADV_Generation_eps_4.0_steps_100 - INFO - Batch 227/230: Clean accuracy 0.9298 | Adv accuracy: 0.0000 
2025-08-04 20:01:32,728 - ADV_Generation_eps_4.0_steps_100 - INFO - Batch:[227] Adversarial images for this batch already exist
2025-08-04 20:01:33,593 - ADV_Generation_eps_4.0_steps_100 - INFO - Batch 228/230: Clean accuracy 0.9301 | Adv accuracy: 0.0000 
2025-08-04 20:01:33,601 - ADV_Generation_eps_4.0_steps_100 - INFO - Batch:[228] Adversarial images for this batch already exist
2025-08-04 20:01:34,231 - ADV_Generation_eps_4.0_steps_100 - INFO - Batch 229/230: Clean accuracy 0.9304 | Adv accuracy: 0.0000 
2025-08-04 20:01:34,237 - ADV_Generation_eps_4.0_steps_100 - INFO - Batch:[229] Adversarial images for this batch already exist
2025-08-04 20:01:34,477 - ADV_Generation_eps_4.0_steps_100 - INFO - Batch 230/230: Clean accuracy 0.9305 | Adv accuracy: 0.0000 
2025-08-04 20:01:34,549 - ADV_Generation_eps_4.0_steps_100 - INFO - Original accuracy: 0.9305
2025-08-04 20:01:34,550 - ADV_Generation_eps_4.0_steps_100 - INFO - Adversarial accuracy: 0.0000
2025-08-04 20:01:34,550 - ADV_Generation_eps_4.0_steps_100 - INFO - Adversarial image generation completed. Results
