2026-02-12 11:14:14,994 - ADV_Generation_eps_8.0_steps_100_Added_Noise_uniform_Eps_32.0_Tau_Type_normal_anchors_num_anchors_10 - INFO - ==========================================
data:/leonardo_work/EUHPC_R04_192/fmohamma/Adversarial_Robust_Clip/atpt_data/downstream_datasets
test_sets:eurosat
dataset_mode:test
arch:vit_l_14_datacomp_1b
resolution:224
transferability:False
source_model:fare4
workers:4
no_pin_memory:False
batch_size:1
adv_bs:1
print_freq:20
gpu:0
no_cudnn_benchmark:False
n_ctx:4
ctx_init:a_photo_of_a
seed:0
output_dir:/leonardo_work/EUHPC_R04_192/fmohamma/Adversarial_Robust_Clip/atpt_data/vit_l_14_datacomp_1b/eurosat
log_output_dir:/leonardo_work/EUHPC_R04_192/fmohamma/Adversarial_Robust_Clip/ATPT/Diffratio_v3/vit_l_14_datacomp_1b/eurosat/ADV_Generation_eps_8.0_steps_100_Added_Noise_uniform_Eps_32.0_Tau_Type_normal_anchors_num_anchors_10
image_only_attack:False
image_only_attack_type:prm
image_predicted_label_attack:False
eps:8.0
alpha:2.0
alpha_eps_ratio:4.0
steps:100
counter_attack:True
counter_attack_type:pgd
counter_attack_steps:0
counter_attack_eps:32.0
counter_attack_alpha:1.0
counter_attack_tau_thres:0.2
counter_attack_beta:2.0
counter_attack_weighted_perturbations:True
counter_attack_init_noise:uniform
counter_attack_gaussian_sigma:0.03
counter_attack_noisy_tau_num_anchors:10
counter_attack_tau:normal_anchors
pgd_clip_pure_i_text_embeddings:null
pgd_counter_and_clipure_i_lamda:1.0
image_feature_purify:False
image_feature_purify_type:noisy_anchor
image_feature_purify_noisy_anchors:10
image_feature_purify_anchors_alpha:1.2
image_feature_purify_noisy_sigma:0.18
image_feature_purify_diff_threshold:0.0
image_feature_clipure_steps:10
image_feature_clipure_step_size:10.0
save_plots:False
lr:0.005
selection_p:0.1
tta_steps:1
top_k:20
softmax_temp:0.01
load_tecoa:

2026-02-12 11:14:14,995 - ADV_Generation_eps_8.0_steps_100_Added_Noise_uniform_Eps_32.0_Tau_Type_normal_anchors_num_anchors_10 - INFO - Use GPU: 0 for training
2026-02-12 11:15:04,219 - ADV_Generation_eps_8.0_steps_100_Added_Noise_uniform_Eps_32.0_Tau_Type_normal_anchors_num_anchors_10 - INFO - => Model created: visual backbone vit_l_14_datacomp_1b
2026-02-12 11:15:04,260 - ADV_Generation_eps_8.0_steps_100_Added_Noise_uniform_Eps_32.0_Tau_Type_normal_anchors_num_anchors_10 - INFO - Number of test samples: 8100
2026-02-12 11:15:04,261 - ADV_Generation_eps_8.0_steps_100_Added_Noise_uniform_Eps_32.0_Tau_Type_normal_anchors_num_anchors_10 - INFO - Evaluating dataset: eurosat
2026-02-12 11:15:04,262 - ADV_Generation_eps_8.0_steps_100_Added_Noise_uniform_Eps_32.0_Tau_Type_normal_anchors_num_anchors_10 - INFO - Starting evaluation with batch size: 1, selection percentage: 0.1
2026-02-12 11:15:04,262 - ADV_Generation_eps_8.0_steps_100_Added_Noise_uniform_Eps_32.0_Tau_Type_normal_anchors_num_anchors_10 - INFO - Using counter-attack with epsilon: 32.000000, alpha: 1.000000, steps: 0
2026-02-12 11:15:04,262 - ADV_Generation_eps_8.0_steps_100_Added_Noise_uniform_Eps_32.0_Tau_Type_normal_anchors_num_anchors_10 - INFO - Adversarial examples will be loaded from /leonardo_work/EUHPC_R04_192/fmohamma/Adversarial_Robust_Clip/atpt_data/vit_l_14_datacomp_1b/eurosat/adv_images_eps_8.0_alpha_2.0_steps_100 and evaluated on vit_l_14_datacomp_1b
2026-02-12 11:15:04,263 - ADV_Generation_eps_8.0_steps_100_Added_Noise_uniform_Eps_32.0_Tau_Type_normal_anchors_num_anchors_10 - INFO - Using directory for adversarial images: /leonardo_work/EUHPC_R04_192/fmohamma/Adversarial_Robust_Clip/atpt_data/vit_l_14_datacomp_1b/eurosat/adv_images_eps_8.0_alpha_2.0_steps_100
2026-02-12 11:15:04,582 - ADV_Generation_eps_8.0_steps_100_Added_Noise_uniform_Eps_32.0_Tau_Type_normal_anchors_num_anchors_10 - INFO - Batch:[0] Adversarial images for this batch already exist
2026-02-12 11:15:05,132 - ADV_Generation_eps_8.0_steps_100_Added_Noise_uniform_Eps_32.0_Tau_Type_normal_anchors_num_anchors_10 - INFO - Batch 1/8100: Clean accuracy 1.0000 | Adv accuracy: 0.0000 | Counter-attack accuracy: 0.0000
2026-02-12 11:15:05,133 - ADV_Generation_eps_8.0_steps_100_Added_Noise_uniform_Eps_32.0_Tau_Type_normal_anchors_num_anchors_10 - INFO - Batch:[1] Adversarial images for this batch already exist
2026-02-12 11:15:05,342 - ADV_Generation_eps_8.0_steps_100_Added_Noise_uniform_Eps_32.0_Tau_Type_normal_anchors_num_anchors_10 - INFO - Batch 2/8100: Clean accuracy 0.5000 | Adv accuracy: 0.0000 | Counter-attack accuracy: 0.0000
2026-02-12 11:15:05,343 - ADV_Generation_eps_8.0_steps_100_Added_Noise_uniform_Eps_32.0_Tau_Type_normal_anchors_num_anchors_10 - INFO - Batch:[2] Adversarial images for this batch already exist
2026-02-12 11:15:05,556 - ADV_Generation_eps_8.0_steps_100_Added_Noise_uniform_Eps_32.0_Tau_Type_normal_anchors_num_anchors_10 - INFO - Batch 3/8100: Clean accuracy 0.3333 | Adv accuracy: 0.0000 | Counter-attack accuracy: 0.0000
2026-02-12 11:15:05,557 - ADV_Generation_eps_8.0_steps_100_Added_Noise_uniform_Eps_32.0_Tau_Type_normal_anchors_num_anchors_10 - INFO - Batch:[3] Adversarial images for this batch already exist
2026-02-12 11:15:05,770 - ADV_Generation_eps_8.0_steps_100_Added_Noise_uniform_Eps_32.0_Tau_Type_normal_anchors_num_anchors_10 - INFO - Batch 4/8100: Clean accuracy 0.2500 | Adv accuracy: 0.0000 | Counter-attack accuracy: 0.0000
2026-02-12 11:15:05,771 - ADV_Generation_eps_8.0_steps_100_Added_Noise_uniform_Eps_32.0_Tau_Type_normal_anchors_num_anchors_10 - INFO - Batch:[4] Adversarial images for this batch already exist
2026-02-12 11:15:05,997 - ADV_Generation_eps_8.0_steps_100_Added_Noise_uniform_Eps_32.0_Tau_Type_normal_anchors_num_anchors_10 - INFO - Batch 5/8100: Clean accuracy 0.2000 | Adv accuracy: 0.0000 | Counter-attack accuracy: 0.2000
2026-02-12 11:15:05,998 - ADV_Generation_eps_8.0_steps_100_Added_Noise_uniform_Eps_32.0_Tau_Type_normal_anchors_num_anchors_10 - INFO - Batch:[5] Adversarial images for this batch already exist
2026-02-12 11:15:06,217 - ADV_Generation_eps_8.0_steps_100_Added_Noise_uniform_Eps_32.0_Tau_Type_normal_anchors_num_anchors_10 - INFO - Batch 6/8100: Clean accuracy 0.1667 | Adv accuracy: 0.0000 | Counter-attack accuracy: 0.1667
2026-02-12 11:15:06,218 - ADV_Generation_eps_8.0_steps_100_Added_Noise_uniform_Eps_32.0_Tau_Type_normal_anchors_num_anchors_10 - INFO - Batch:[6] Adversarial images for this batch already exist
2026-02-12 11:15:06,433 - ADV_Generation_eps_8.0_steps_100_Added_Noise_uniform_Eps_32.0_Tau_Type_normal_anchors_num_anchors_10 - INFO - Batch 7/8100: Clean accuracy 0.2857 | Adv accuracy: 0.0000 | Counter-attack accuracy: 0.1429
2026-02-12 11:15:06,435 - ADV_Generation_eps_8.0_steps_100_Added_Noise_uniform_Eps_32.0_Tau_Type_normal_anchors_num_anchors_10 - INFO - Batch:[7] Adversarial images for this batch already exist
2026-02-12 11:15:06,649 - ADV_Generation_eps_8.0_steps_100_Added_Noise_uniform_Eps_32.0_Tau_Type_normal_anchors_num_anchors_10 - INFO - Batch 8/8100: Clean accuracy 0.2500 | Adv accuracy: 0.0000 | Counter-attack accuracy: 0.1250
2026-02-12 11:15:06,650 - ADV_Generation_eps_8.0_steps_100_Added_Noise_uniform_Eps_32.0_Tau_Type_normal_anchors_num_anchors_10 - INFO - Batch:[8] Adversarial images for this batch already exist
2026-02-12 11:15:06,855 - ADV_Generation_eps_8.0_steps_100_Added_Noise_uniform_Eps_32.0_Tau_Type_normal_anchors_num_anchors_10 - INFO - Batch 9/8100: Clean accuracy 0.3333 | Adv accuracy: 0.0000 | Counter-attack accuracy: 0.1111
2026-02-12 11:15:06,859 - ADV_Generation_eps_8.0_steps_100_Added_Noise_uniform_Eps_32.0_Tau_Type_normal_anchors_num_anchors_10 - INFO - Batch:[9] Adversarial images for this batch already exist
2026-02-12 11:15:07,081 - ADV_Generation_eps_8.0_steps_100_Added_Noise_uniform_Eps_32.0_Tau_Type_normal_anchors_num_anchors_10 - INFO - Batch 10/8100: Clean accuracy 0.3000 | Adv accuracy: 0.0000 | Counter-attack accuracy: 0.1000
2026-02-12 11:15:07,083 - ADV_Generation_eps_8.0_steps_100_Added_Noise_uniform_Eps_32.0_Tau_Type_normal_anchors_num_anchors_10 - INFO - Batch:[10] Adversarial images for this batch already exist
2026-02-12 11:15:07,296 - ADV_Generation_eps_8.0_steps_100_Added_Noise_uniform_Eps_32.0_Tau_Type_normal_anchors_num_anchors_10 - INFO - Batch 11/8100: Clean accuracy 0.2727 | Adv accuracy: 0.0000 | Counter-attack accuracy: 0.0909
2026-02-12 11:15:07,297 - ADV_Generation_eps_8.0_steps_100_Added_Noise_uniform_Eps_32.0_Tau_Type_normal_anchors_num_anchors_10 - INFO - Batch:[11] Adversarial images for this batch already exist
2026-02-12 11:15:07,513 - ADV_Generation_eps_8.0_steps_100_Added_Noise_uniform_Eps_32.0_Tau_Type_normal_anchors_num_anchors_10 - INFO - Batch 12/8100: Clean accuracy 0.2500 | Adv accuracy: 0.0000 | Counter-attack accuracy: 0.1667
2026-02-12 11:15:07,515 - ADV_Generation_eps_8.0_steps_100_Added_Noise_uniform_Eps_32.0_Tau_Type_normal_anchors_num_anchors_10 - INFO - Batch:[12] Adversarial images for this batch already exist
2026-02-12 11:15:07,723 - ADV_Generation_eps_8.0_steps_100_Added_Noise_uniform_Eps_32.0_Tau_Type_normal_anchors_num_anchors_10 - INFO - Batch 13/8100: Clean accuracy 0.3077 | Adv accuracy: 0.0000 | Counter-attack accuracy: 0.2308
2026-02-12 11:15:07,724 - ADV_Generation_eps_8.0_steps_100_Added_Noise_uniform_Eps_32.0_Tau_Type_normal_anchors_num_anchors_10 - INFO - Batch:[13] Adversarial images for this batch already exist
2026-02-12 11:15:07,938 - ADV_Generation_eps_8.0_steps_100_Added_Noise_uniform_Eps_32.0_Tau_Type_normal_anchors_num_anchors_10 - INFO - Batch 14/8100: Clean accuracy 0.2857 | Adv accuracy: 0.0000 | Counter-attack accuracy: 0.2143
2026-02-12 11:15:07,939 - ADV_Generation_eps_8.0_steps_100_Added_Noise_uniform_Eps_32.0_Tau_Type_normal_anchors_num_anchors_10 - INFO - Batch:[14] Adversarial images for this batch already exist
2026-02-12 11:15:08,148 - ADV_Generation_eps_8.0_steps_100_Added_Noise_uniform_Eps_32.0_Tau_Type_normal_anchors_num_anchors_10 - INFO - Batch 15/8100: Clean accuracy 0.2667 | Adv accuracy: 0.0000 | Counter-attack accuracy: 0.2000
2026-02-12 11:15:08,149 - ADV_Generation_eps_8.0_steps_100_Added_Noise_uniform_Eps_32.0_Tau_Type_normal_anchors_num_anchors_10 - INFO - Batch:[15] Adversarial images for this batch already exist
2026-02-12 11:15:08,362 - ADV_Generation_eps_8.0_steps_100_Added_Noise_uniform_Eps_32.0_Tau_Type_normal_anchors_num_anchors_10 - INFO - Batch 16/8100: Clean accuracy 0.2500 | Adv accuracy: 0.0000 | Counter-attack accuracy: 0.1875
2026-02-12 11:15:08,363 - ADV_Generation_eps_8.0_steps_100_Added_Noise_uniform_Eps_32.0_Tau_Type_normal_anchors_num_anchors_10 - INFO - Batch:[16] Adversarial images for this batch already exist
2026-02-12 11:15:08,568 - ADV_Generation_eps_8.0_steps_100_Added_Noise_uniform_Eps_32.0_Tau_Type_normal_anchors_num_anchors_10 - INFO - Batch 17/8100: Clean accuracy 0.2353 | Adv accuracy: 0.0000 | Counter-attack accuracy: 0.1765
2026-02-12 11:15:08,570 - ADV_Generation_eps_8.0_steps_100_Added_Noise_uniform_Eps_32.0_Tau_Type_normal_anchors_num_anchors_10 - INFO - Batch:[17] Adversarial images for this batch already exist
2026-02-12 11:15:08,785 - ADV_Generation_eps_8.0_steps_100_Added_Noise_uniform_Eps_32.0_Tau_Type_normal_anchors_num_anchors_10 - INFO - Batch 18/8100: Clean accuracy 0.2222 | Adv accuracy: 0.0000 | Counter-attack accuracy: 0.1667
2026-02-12 11:15:08,787 - ADV_Generation_eps_8.0_steps_100_Added_Noise_uniform_Eps_32.0_Tau_Type_normal_anchors_num_anchors_10 - INFO - Batch:[18] Adversarial images for this batch already exist
2026-02-12 11:15:09,001 - ADV_Generation_eps_8.0_steps_100_Added_Noise_uniform_Eps_32.0_Tau_Type_normal_anchors_num_anchors_10 - INFO - Batch 19/8100: Clean accuracy 0.2105 | Adv accuracy: 0.0000 | Counter-attack accuracy: 0.1579
2026-02-12 11:15:09,003 - ADV_Generation_eps_8.0_steps_100_Added_Noise_uniform_Eps_32.0_Tau_Type_normal_anchors_num_anchors_10 - INFO - Batch:[19] Adversarial images for this batch already exist
2026-02-12 11:15:09,220 - ADV_Generation_eps_8.0_steps_100_Added_Noise_uniform_Eps_32.0_Tau_Type_normal_anchors_num_anchors_10 - INFO - Batch 20/8100: Clean accuracy 0.2500 | Adv accuracy: 0.0000 | Counter-attack accuracy: 0.1500
2026-02-12 11:15:09,221 - ADV_Generation_eps_8.0_steps_100_Added_Noise_uniform_Eps_32.0_Tau_Type_normal_anchors_num_anchors_10 - INFO - Batch:[20] Adversarial images for this batch already exist
2026-02-12 11:15:09,431 - ADV_Generation_eps_8.0_steps_100_Added_Noise_uniform_Eps_32.0_Tau_Type_normal_anchors_num_anchors_10 - INFO - Batch 21/8100: Clean accuracy 0.2381 | Adv accuracy: 0.0000 | Counter-attack accuracy: 0.1429
2026-02-12 11:15:09,432 - ADV_Generation_eps_8.0_steps_100_Added_Noise_uniform_Eps_32.0_Tau_Type_normal_anchors_num_anchors_10 - INFO - Batch:[21] Adversarial images for this batch already exist
2026-02-12 11:15:09,650 - ADV_Generation_eps_8.0_steps_100_Added_Noise_uniform_Eps_32.0_Tau_Type_normal_anchors_num_anchors_10 - INFO - Batch 22/8100: Clean accuracy 0.2273 | Adv accuracy: 0.0000 | Counter-attack accuracy: 0.1364
2026-02-12 11:15:09,651 - ADV_Generation_eps_8.0_steps_100_Added_Noise_uniform_Eps_32.0_Tau_Type_normal_anchors_num_anchors_10 - INFO - Batch:[22] Adversarial images for this batch already exist
2026-02-12 11:15:09,853 - ADV_Generation_eps_8.0_steps_100_Added_Noise_uniform_Eps_32.0_Tau_Type_normal_anchors_num_anchors_10 - INFO - Batch 23/8100: Clean accuracy 0.2174 | Adv accuracy: 0.0000 | Counter-attack accuracy: 0.1304
2026-02-12 11:15:09,854 - ADV_Generation_eps_8.0_steps_100_Added_Noise_uniform_Eps_32.0_Tau_Type_normal_anchors_num_anchors_10 - INFO - Batch:[23] Adversarial images for this batch already exist
2026-02-12 11:15:10,062 - ADV_Generation_eps_8.0_steps_100_Added_Noise_uniform_Eps_32.0_Tau_Type_normal_anchors_num_anchors_10 - INFO - Batch 24/8100: Clean accuracy 0.2083 | Adv accuracy: 0.0000 | Counter-attack accuracy: 0.1250
2026-02-12 11:15:10,063 - ADV_Generation_eps_8.0_steps_100_Added_Noise_uniform_Eps_32.0_Tau_Type_normal_anchors_num_anchors_10 - INFO - Batch:[24] Adversarial images for this batch already exist
2026-02-12 11:15:10,279 - ADV_Generation_eps_8.0_steps_100_Added_Noise_uniform_Eps_32.0_Tau_Type_normal_anchors_num_anchors_10 - INFO - Batch 25/8100: Clean accuracy 0.2000 | Adv accuracy: 0.0000 | Counter-attack accuracy: 0.1200
2026-02-12 11:15:10,280 - ADV_Generation_eps_8.0_steps_100_Added_Noise_uniform_Eps_32.0_Tau_Type_normal_anchors_num_anchors_10 - INFO - Batch:[25] Adversarial images for this batch already exist
2026-02-12 11:15:10,492 - ADV_Generation_eps_8.0_steps_100_Added_Noise_uniform_Eps_32.0_Tau_Type_normal_anchors_num_anchors_10 - INFO - Batch 26/8100: Clean accuracy 0.1923 | Adv accuracy: 0.0000 | Counter-attack accuracy: 0.1154
2026-02-12 11:15:10,493 - ADV_Generation_eps_8.0_steps_100_Added_Noise_uniform_Eps_32.0_Tau_Type_normal_anchors_num_anchors_10 - INFO - Batch:[26] Adversarial images for this batch already exist
2026-02-12 11:15:10,713 - ADV_Generation_eps_8.0_steps_100_Added_Noise_uniform_Eps_32.0_Tau_Type_normal_anchors_num_anchors_10 - INFO - Batch 27/8100: Clean accuracy 0.1852 | Adv accuracy: 0.0000 | Counter-attack accuracy: 0.1111
2026-02-12 11:15:10,714 - ADV_Generation_eps_8.0_steps_100_Added_Noise_uniform_Eps_32.0_Tau_Type_normal_anchors_num_anchors_10 - INFO - Batch:[27] Adversarial images for this batch already exist
2026-02-12 11:15:10,924 - ADV_Generation_eps_8.0_steps_100_Added_Noise_uniform_Eps_32.0_Tau_Type_normal_anchors_num_anchors_10 - INFO - Batch 28/8100: Clean accuracy 0.2143 | Adv accuracy: 0.0000 | Counter-attack accuracy: 0.1071
2026-02-12 11:15:10,925 - ADV_Generation_eps_8.0_steps_100_Added_Noise_uniform_Eps_32.0_Tau_Type_normal_anchors_num_anchors_10 - INFO - Batch:[28] Adversarial images for this batch already exist
2026-02-12 11:15:11,130 - ADV_Generation_eps_8.0_steps_100_Added_Noise_uniform_Eps_32.0_Tau_Type_normal_anchors_num_anchors_10 - INFO - Batch 29/8100: Clean accuracy 0.2069 | Adv accuracy: 0.0000 | Counter-attack accuracy: 0.1034
2026-02-12 11:15:11,131 - ADV_Generation_eps_8.0_steps_100_Added_Noise_uniform_Eps_32.0_Tau_Type_normal_anchors_num_anchors_10 - INFO - Batch:[29] Adversarial images for this batch already exist
2026-02-12 11:15:11,332 - ADV_Generation_eps_8.0_steps_100_Added_Noise_uniform_Eps_32.0_Tau_Type_normal_anchors_num_anchors_10 - INFO - Batch 30/8100: Clean accuracy 0.2333 | Adv accuracy: 0.0000 | Counter-attack accuracy: 0.1000
2026-02-12 11:15:11,333 - ADV_Generation_eps_8.0_steps_100_Added_Noise_uniform_Eps_32.0_Tau_Type_normal_anchors_num_anchors_10 - INFO - Batch:[30] Adversarial images for this batch already exist
2026-02-12 11:15:11,540 - ADV_Generation_eps_8.0_steps_100_Added_Noise_uniform_Eps_32.0_Tau_Type_normal_anchors_num_anchors_10 - INFO - Batch 31/8100: Clean accuracy 0.2581 | Adv accuracy: 0.0000 | Counter-attack accuracy: 0.1290
2026-02-12 11:15:11,542 - ADV_Generation_eps_8.0_steps_100_Added_Noise_uniform_Eps_32.0_Tau_Type_normal_anchors_num_anchors_10 - INFO - Batch:[31] Adversarial images for this batch already exist
2026-02-12 11:15:11,755 - ADV_Generation_eps_8.0_steps_100_Added_Noise_uniform_Eps_32.0_Tau_Type_normal_anchors_num_anchors_10 - INFO - Batch 32/8100: Clean accuracy 0.2812 | Adv accuracy: 0.0000 | Counter-attack accuracy: 0.1250
2026-02-12 11:15:11,757 - ADV_Generation_eps_8.0_steps_100_Added_Noise_uniform_Eps_32.0_Tau_Type_normal_anchors_num_anchors_10 - INFO - Batch:[32] Adversarial images for this batch already exist
2026-02-12 11:15:11,964 - ADV_Generation_eps_8.0_steps_100_Added_Noise_uniform_Eps_32.0_Tau_Type_normal_anchors_num_anchors_10 - INFO - Batch 33/8100: Clean accuracy 0.3030 | Adv accuracy: 0.0000 | Counter-attack accuracy: 0.1212
2026-02-12 11:15:11,965 - ADV_Generation_eps_8.0_steps_100_Added_Noise_uniform_Eps_32.0_Tau_Type_normal_anchors_num_anchors_10 - INFO - Batch:[33] Adversarial images for this batch already exist
2026-02-12 11:15:12,174 - ADV_Generation_eps_8.0_steps_100_Added_Noise_uniform_Eps_32.0_Tau_Type_normal_anchors_num_anchors_10 - INFO - Batch 34/8100: Clean accuracy 0.3235 | Adv accuracy: 0.0000 | Counter-attack accuracy: 0.1471
2026-02-12 11:15:12,175 - ADV_Generation_eps_8.0_steps_100_Added_Noise_uniform_Eps_32.0_Tau_Type_normal_anchors_num_anchors_10 - INFO - Batch:[34] Adversarial images for this batch already exist
2026-02-12 11:15:12,388 - ADV_Generation_eps_8.0_steps_100_Added_Noise_uniform_Eps_32.0_Tau_Type_normal_anchors_num_anchors_10 - INFO - Batch 35/8100: Clean accuracy 0.3429 | Adv accuracy: 0.0000 | Counter-attack accuracy: 0.1714
2026-02-12 11:15:12,390 - ADV_Generation_eps_8.0_steps_100_Added_Noise_uniform_Eps_32.0_Tau_Type_normal_anchors_num_anchors_10 - INFO - Batch:[35] Adversarial images for this batch already exist
2026-02-12 11:15:12,595 - ADV_Generation_eps_8.0_steps_100_Added_Noise_uniform_Eps_32.0_Tau_Type_normal_anchors_num_anchors_10 - INFO - Batch 36/8100: Clean accuracy 0.3333 | Adv accuracy: 0.0000 | Counter-attack accuracy: 0.1667
2026-02-12 11:15:12,596 - ADV_Generation_eps_8.0_steps_100_Added_Noise_uniform_Eps_32.0_Tau_Type_normal_anchors_num_anchors_10 - INFO - Batch:[36] Adversarial images for this batch already exist
2026-02-12 11:15:12,814 - ADV_Generation_eps_8.0_steps_100_Added_Noise_uniform_Eps_32.0_Tau_Type_normal_anchors_num_anchors_10 - INFO - Batch 37/8100: Clean accuracy 0.3243 | Adv accuracy: 0.0000 | Counter-attack accuracy: 0.1622
2026-02-12 11:15:12,815 - ADV_Generation_eps_8.0_steps_100_Added_Noise_uniform_Eps_32.0_Tau_Type_normal_anchors_num_anchors_10 - INFO - Batch:[37] Adversarial images for this batch already exist
2026-02-12 11:15:13,023 - ADV_Generation_eps_8.0_steps_100_Added_Noise_uniform_Eps_32.0_Tau_Type_normal_anchors_num_anchors_10 - INFO - Batch 38/8100: Clean accuracy 0.3158 | Adv accuracy: 0.0000 | Counter-attack accuracy: 0.1579
2026-02-12 11:15:13,025 - ADV_Generation_eps_8.0_steps_100_Added_Noise_uniform_Eps_32.0_Tau_Type_normal_anchors_num_anchors_10 - INFO - Batch:[38] Adversarial images for this batch already exist
2026-02-12 11:15:13,235 - ADV_Generation_eps_8.0_steps_100_Added_Noise_uniform_Eps_32.0_Tau_Type_normal_anchors_num_anchors_10 - INFO - Batch 39/8100: Clean accuracy 0.3077 | Adv accuracy: 0.0000 | Counter-attack accuracy: 0.1538
2026-02-12 11:15:13,236 - ADV_Generation_eps_8.0_steps_100_Added_Noise_uniform_Eps_32.0_Tau_Type_normal_anchors_num_anchors_10 - INFO - Batch:[39] Adversarial images for this batch already exist
2026-02-12 11:15:13,437 - ADV_Generation_eps_8.0_steps_100_Added_Noise_uniform_Eps_32.0_Tau_Type_normal_anchors_num_anchors_10 - INFO - Batch 40/8100: Clean accuracy 0.3000 | Adv accuracy: 0.0000 | Counter-attack accuracy: 0.1750
2026-02-12 11:15:13,438 - ADV_Generation_eps_8.0_steps_100_Added_Noise_uniform_Eps_32.0_Tau_Type_normal_anchors_num_anchors_10 - INFO - Batch:[40] Adversarial images for this batch already exist
2026-02-12 11:15:13,651 - ADV_Generation_eps_8.0_steps_100_Added_Noise_uniform_Eps_32.0_Tau_Type_normal_anchors_num_anchors_10 - INFO - Batch 41/8100: Clean accuracy 0.3171 | Adv accuracy: 0.0000 | Counter-attack accuracy: 0.1707
2026-02-12 11:15:13,652 - ADV_Generation_eps_8.0_steps_100_Added_Noise_uniform_Eps_32.0_Tau_Type_normal_anchors_num_anchors_10 - INFO - Batch:[41] Adversarial images for this batch already exist
2026-02-12 11:15:13,859 - ADV_Generation_eps_8.0_steps_100_Added_Noise_uniform_Eps_32.0_Tau_Type_normal_anchors_num_anchors_10 - INFO - Batch 42/8100: Clean accuracy 0.3095 | Adv accuracy: 0.0000 | Counter-attack accuracy: 0.1667
2026-02-12 11:15:13,860 - ADV_Generation_eps_8.0_steps_100_Added_Noise_uniform_Eps_32.0_Tau_Type_normal_anchors_num_anchors_10 - INFO - Batch:[42] Adversarial images for this batch already exist
2026-02-12 11:15:14,105 - ADV_Generation_eps_8.0_steps_100_Added_Noise_uniform_Eps_32.0_Tau_Type_normal_anchors_num_anchors_10 - INFO - Batch 43/8100: Clean accuracy 0.3023 | Adv accuracy: 0.0000 | Counter-attack accuracy: 0.1628
2026-02-12 11:15:14,106 - ADV_Generation_eps_8.0_steps_100_Added_Noise_uniform_Eps_32.0_Tau_Type_normal_anchors_num_anchors_10 - INFO - Batch:[43] Adversarial images for this batch already exist
2026-02-12 11:15:14,316 - ADV_Generation_eps_8.0_steps_100_Added_Noise_uniform_Eps_32.0_Tau_Type_normal_anchors_num_anchors_10 - INFO - Batch 44/8100: Clean accuracy 0.3182 | Adv accuracy: 0.0000 | Counter-attack accuracy: 0.1591
2026-02-12 11:15:14,318 - ADV_Generation_eps_8.0_steps_100_Added_Noise_uniform_Eps_32.0_Tau_Type_normal_anchors_num_anchors_10 - INFO - Batch:[44] Adversarial images for this batch already exist
2026-02-12 11:15:14,535 - ADV_Generation_eps_8.0_steps_100_Added_Noise_uniform_Eps_32.0_Tau_Type_normal_anchors_num_anchors_10 - INFO - Batch 45/8100: Clean accuracy 0.3111 | Adv accuracy: 0.0000 | Counter-attack accuracy: 0.1556
2026-02-12 11:15:14,536 - ADV_Generation_eps_8.0_steps_100_Added_Noise_uniform_Eps_32.0_Tau_Type_normal_anchors_num_anchors_10 - INFO - Batch:[45] Adversarial images for this batch already exist
2026-02-12 11:15:14,763 - ADV_Generation_eps_8.0_steps_100_Added_Noise_uniform_Eps_32.0_Tau_Type_normal_anchors_num_anchors_10 - INFO - Batch 46/8100: Clean accuracy 0.3043 | Adv accuracy: 0.0000 | Counter-attack accuracy: 0.1739
2026-02-12 11:15:14,764 - ADV_Generation_eps_8.0_steps_100_Added_Noise_uniform_Eps_32.0_Tau_Type_normal_anchors_num_anchors_10 - INFO - Batch:[46] Adversarial images for this batch already exist
2026-02-12 11:15:14,969 - ADV_Generation_eps_8.0_steps_100_Added_Noise_uniform_Eps_32.0_Tau_Type_normal_anchors_num_anchors_10 - INFO - Batch 47/8100: Clean accuracy 0.2979 | Adv accuracy: 0.0000 | Counter-attack accuracy: 0.1702
2026-02-12 11:15:14,970 - ADV_Generation_eps_8.0_steps_100_Added_Noise_uniform_Eps_32.0_Tau_Type_normal_anchors_num_anchors_10 - INFO - Batch:[47] Adversarial images for this batch already exist
2026-02-12 11:15:15,180 - ADV_Generation_eps_8.0_steps_100_Added_Noise_uniform_Eps_32.0_Tau_Type_normal_anchors_num_anchors_10 - INFO - Batch 48/8100: Clean accuracy 0.3125 | Adv accuracy: 0.0000 | Counter-attack accuracy: 0.1875
2026-02-12 11:15:15,181 - ADV_Generation_eps_8.0_steps_100_Added_Noise_uniform_Eps_32.0_Tau_Type_normal_anchors_num_anchors_10 - INFO - Batch:[48] Adversarial images for this batch already exist
2026-02-12 11:15:15,390 - ADV_Generation_eps_8.0_steps_100_Added_Noise_uniform_Eps_32.0_Tau_Type_normal_anchors_num_anchors_10 - INFO - Batch 49/8100: Clean accuracy 0.3061 | Adv accuracy: 0.0000 | Counter-attack accuracy: 0.1837
2026-02-12 11:15:15,391 - ADV_Generation_eps_8.0_steps_100_Added_Noise_uniform_Eps_32.0_Tau_Type_normal_anchors_num_anchors_10 - INFO - Batch:[49] Adversarial images for this batch already exist
2026-02-12 11:15:15,598 - ADV_Generation_eps_8.0_steps_100_Added_Noise_uniform_Eps_32.0_Tau_Type_normal_anchors_num_anchors_10 - INFO - Batch 50/8100: Clean accuracy 0.3200 | Adv accuracy: 0.0000 | Counter-attack accuracy: 0.2000
2026-02-12 11:15:15,599 - ADV_Generation_eps_8.0_steps_100_Added_Noise_uniform_Eps_32.0_Tau_Type_normal_anchors_num_anchors_10 - INFO - Batch:[50] Adversarial images for this batch already exist
2026-02-12 11:15:15,818 - ADV_Generation_eps_8.0_steps_100_Added_Noise_uniform_Eps_32.0_Tau_Type_normal_anchors_num_anchors_10 - INFO - Batch 51/8100: Clean accuracy 0.3137 | Adv accuracy: 0.0000 | Counter-attack accuracy: 0.1961
2026-02-12 11:15:15,819 - ADV_Generation_eps_8.0_steps_100_Added_Noise_uniform_Eps_32.0_Tau_Type_normal_anchors_num_anchors_10 - INFO - Batch:[51] Adversarial images for this batch already exist
2026-02-12 11:15:16,035 - ADV_Generation_eps_8.0_steps_100_Added_Noise_uniform_Eps_32.0_Tau_Type_normal_anchors_num_anchors_10 - INFO - Batch 52/8100: Clean accuracy 0.3269 | Adv accuracy: 0.0000 | Counter-attack accuracy: 0.1923
2026-02-12 11:15:16,037 - ADV_Generation_eps_8.0_steps_100_Added_Noise_uniform_Eps_32.0_Tau_Type_normal_anchors_num_anchors_10 - INFO - Batch:[52] Adversarial images for this batch already exist
2026-02-12 11:15:16,248 - ADV_Generation_eps_8.0_steps_100_Added_Noise_uniform_Eps_32.0_Tau_Type_normal_anchors_num_anchors_10 - INFO - Batch 53/8100: Clean accuracy 0.3208 | Adv accuracy: 0.0000 | Counter-attack accuracy: 0.1887
2026-02-12 11:15:16,249 - ADV_Generation_eps_8.0_steps_100_Added_Noise_uniform_Eps_32.0_Tau_Type_normal_anchors_num_anchors_10 - INFO - Batch:[53] Adversarial images for this batch already exist
2026-02-12 11:15:16,462 - ADV_Generation_eps_8.0_steps_100_Added_Noise_uniform_Eps_32.0_Tau_Type_normal_anchors_num_anchors_10 - INFO - Batch 54/8100: Clean accuracy 0.3148 | Adv accuracy: 0.0000 | Counter-attack accuracy: 0.1852
2026-02-12 11:15:16,463 - ADV_Generation_eps_8.0_steps_100_Added_Noise_uniform_Eps_32.0_Tau_Type_normal_anchors_num_anchors_10 - INFO - Batch:[54] Adversarial images for this batch already exist
2026-02-12 11:15:16,679 - ADV_Generation_eps_8.0_steps_100_Added_Noise_uniform_Eps_32.0_Tau_Type_normal_anchors_num_anchors_10 - INFO - Batch 55/8100: Clean accuracy 0.3091 | Adv accuracy: 0.0000 | Counter-attack accuracy: 0.1818
2026-02-12 11:15:16,680 - ADV_Generation_eps_8.0_steps_100_Added_Noise_uniform_Eps_32.0_Tau_Type_normal_anchors_num_anchors_10 - INFO - Batch:[55] Adversarial images for this batch already exist
2026-02-12 11:15:16,894 - ADV_Generation_eps_8.0_steps_100_Added_Noise_uniform_Eps_32.0_Tau_Type_normal_anchors_num_anchors_10 - INFO - Batch 56/8100: Clean accuracy 0.3214 | Adv accuracy: 0.0000 | Counter-attack accuracy: 0.1964
2026-02-12 11:15:16,895 - ADV_Generation_eps_8.0_steps_100_Added_Noise_uniform_Eps_32.0_Tau_Type_normal_anchors_num_anchors_10 - INFO - Batch:[56] Adversarial images for this batch already exist
2026-02-12 11:15:17,112 - ADV_Generation_eps_8.0_steps_100_Added_Noise_uniform_Eps_32.0_Tau_Type_normal_anchors_num_anchors_10 - INFO - Batch 57/8100: Clean accuracy 0.3158 | Adv accuracy: 0.0000 | Counter-attack accuracy: 0.1930
2026-02-12 11:15:17,113 - ADV_Generation_eps_8.0_steps_100_Added_Noise_uniform_Eps_32.0_Tau_Type_normal_anchors_num_anchors_10 - INFO - Batch:[57] Adversarial images for this batch already exist
2026-02-12 11:15:17,315 - ADV_Generation_eps_8.0_steps_100_Added_Noise_uniform_Eps_32.0_Tau_Type_normal_anchors_num_anchors_10 - INFO - Batch 58/8100: Clean accuracy 0.3103 | Adv accuracy: 0.0000 | Counter-attack accuracy: 0.1897
2026-02-12 11:15:17,316 - ADV_Generation_eps_8.0_steps_100_Added_Noise_uniform_Eps_32.0_Tau_Type_normal_anchors_num_anchors_10 - INFO - Batch:[58] Adversarial images for this batch already exist
2026-02-12 11:15:17,521 - ADV_Generation_eps_8.0_steps_100_Added_Noise_uniform_Eps_32.0_Tau_Type_normal_anchors_num_anchors_10 - INFO - Batch 59/8100: Clean accuracy 0.3051 | Adv accuracy: 0.0000 | Counter-attack accuracy: 0.2034
2026-02-12 11:15:17,522 - ADV_Generation_eps_8.0_steps_100_Added_Noise_uniform_Eps_32.0_Tau_Type_normal_anchors_num_anchors_10 - INFO - Batch:[59] Adversarial images for this batch already exist
2026-02-12 11:15:17,737 - ADV_Generation_eps_8.0_steps_100_Added_Noise_uniform_Eps_32.0_Tau_Type_normal_anchors_num_anchors_10 - INFO - Batch 60/8100: Clean accuracy 0.3167 | Adv accuracy: 0.0000 | Counter-attack accuracy: 0.2000
2026-02-12 11:15:17,738 - ADV_Generation_eps_8.0_steps_100_Added_Noise_uniform_Eps_32.0_Tau_Type_normal_anchors_num_anchors_10 - INFO - Batch:[60] Adversarial images for this batch already exist
2026-02-12 11:15:17,955 - ADV_Generation_eps_8.0_steps_100_Added_Noise_uniform_Eps_32.0_Tau_Type_normal_anchors_num_anchors_10 - INFO - Batch 61/8100: Clean accuracy 0.3115 | Adv accuracy: 0.0000 | Counter-attack accuracy: 0.1967
2026-02-12 11:15:17,957 - ADV_Generation_eps_8.0_steps_100_Added_Noise_uniform_Eps_32.0_Tau_Type_normal_anchors_num_anchors_10 - INFO - Batch:[61] Adversarial images for this batch already exist
2026-02-12 11:15:18,169 - ADV_Generation_eps_8.0_steps_100_Added_Noise_uniform_Eps_32.0_Tau_Type_normal_anchors_num_anchors_10 - INFO - Batch 62/8100: Clean accuracy 0.3065 | Adv accuracy: 0.0000 | Counter-attack accuracy: 0.1935
2026-02-12 11:15:18,171 - ADV_Generation_eps_8.0_steps_100_Added_Noise_uniform_Eps_32.0_Tau_Type_normal_anchors_num_anchors_10 - INFO - Batch:[62] Adversarial images for this batch already exist
2026-02-12 11:15:18,386 - ADV_Generation_eps_8.0_steps_100_Added_Noise_uniform_Eps_32.0_Tau_Type_normal_anchors_num_anchors_10 - INFO - Batch 63/8100: Clean accuracy 0.3016 | Adv accuracy: 0.0000 | Counter-attack accuracy: 0.1905
2026-02-12 11:15:18,388 - ADV_Generation_eps_8.0_steps_100_Added_Noise_uniform_Eps_32.0_Tau_Type_normal_anchors_num_anchors_10 - INFO - Batch:[63] Adversarial images for this batch already exist
2026-02-12 11:15:18,606 - ADV_Generation_eps_8.0_steps_100_Added_Noise_uniform_Eps_32.0_Tau_Type_normal_anchors_num_anchors_10 - INFO - Batch 64/8100: Clean accuracy 0.3125 | Adv accuracy: 0.0000 | Counter-attack accuracy: 0.1875
2026-02-12 11:15:18,607 - ADV_Generation_eps_8.0_steps_100_Added_Noise_uniform_Eps_32.0_Tau_Type_normal_anchors_num_anchors_10 - INFO - Batch:[64] Adversarial images for this batch already exist
2026-02-12 11:15:18,821 - ADV_Generation_eps_8.0_steps_100_Added_Noise_uniform_Eps_32.0_Tau_Type_normal_anchors_num_anchors_10 - INFO - Batch 65/8100: Clean accuracy 0.3231 | Adv accuracy: 0.0000 | Counter-attack accuracy: 0.1846
2026-02-12 11:15:18,822 - ADV_Generation_eps_8.0_steps_100_Added_Noise_uniform_Eps_32.0_Tau_Type_normal_anchors_num_anchors_10 - INFO - Batch:[65] Adversarial images for this batch already exist
2026-02-12 11:15:19,041 - ADV_Generation_eps_8.0_steps_100_Added_Noise_uniform_Eps_32.0_Tau_Type_normal_anchors_num_anchors_10 - INFO - Batch 66/8100: Clean accuracy 0.3182 | Adv accuracy: 0.0000 | Counter-attack accuracy: 0.1818
2026-02-12 11:15:19,042 - ADV_Generation_eps_8.0_steps_100_Added_Noise_uniform_Eps_32.0_Tau_Type_normal_anchors_num_anchors_10 - INFO - Batch:[66] Adversarial images for this batch already exist
2026-02-12 11:15:19,257 - ADV_Generation_eps_8.0_steps_100_Added_Noise_uniform_Eps_32.0_Tau_Type_normal_anchors_num_anchors_10 - INFO - Batch 67/8100: Clean accuracy 0.3284 | Adv accuracy: 0.0000 | Counter-attack accuracy: 0.1940
2026-02-12 11:15:19,258 - ADV_Generation_eps_8.0_steps_100_Added_Noise_uniform_Eps_32.0_Tau_Type_normal_anchors_num_anchors_10 - INFO - Batch:[67] Adversarial images for this batch already exist
2026-02-12 11:15:19,460 - ADV_Generation_eps_8.0_steps_100_Added_Noise_uniform_Eps_32.0_Tau_Type_normal_anchors_num_anchors_10 - INFO - Batch 68/8100: Clean accuracy 0.3235 | Adv accuracy: 0.0000 | Counter-attack accuracy: 0.1912
2026-02-12 11:15:19,460 - ADV_Generation_eps_8.0_steps_100_Added_Noise_uniform_Eps_32.0_Tau_Type_normal_anchors_num_anchors_10 - INFO - Batch:[68] Adversarial images for this batch already exist
2026-02-12 11:15:19,676 - ADV_Generation_eps_8.0_steps_100_Added_Noise_uniform_Eps_32.0_Tau_Type_normal_anchors_num_anchors_10 - INFO - Batch 69/8100: Clean accuracy 0.3188 | Adv accuracy: 0.0000 | Counter-attack accuracy: 0.1884
2026-02-12 11:15:19,678 - ADV_Generation_eps_8.0_steps_100_Added_Noise_uniform_Eps_32.0_Tau_Type_normal_anchors_num_anchors_10 - INFO - Batch:[69] Adversarial images for this batch already exist
2026-02-12 11:15:19,888 - ADV_Generation_eps_8.0_steps_100_Added_Noise_uniform_Eps_32.0_Tau_Type_normal_anchors_num_anchors_10 - INFO - Batch 70/8100: Clean accuracy 0.3143 | Adv accuracy: 0.0000 | Counter-attack accuracy: 0.1857
2026-02-12 11:15:19,889 - ADV_Generation_eps_8.0_steps_100_Added_Noise_uniform_Eps_32.0_Tau_Type_normal_anchors_num_anchors_10 - INFO - Batch:[70] Adversarial images for this batch already exist
2026-02-12 11:15:20,105 - ADV_Generation_eps_8.0_steps_100_Added_Noise_uniform_Eps_32.0_Tau_Type_normal_anchors_num_anchors_10 - INFO - Batch 71/8100: Clean accuracy 0.3099 | Adv accuracy: 0.0000 | Counter-attack accuracy: 0.1831
2026-02-12 11:15:20,106 - ADV_Generation_eps_8.0_steps_100_Added_Noise_uniform_Eps_32.0_Tau_Type_normal_anchors_num_anchors_10 - INFO - Batch:[71] Adversarial images for this batch already exist
2026-02-12 11:15:20,308 - ADV_Generation_eps_8.0_steps_100_Added_Noise_uniform_Eps_32.0_Tau_Type_normal_anchors_num_anchors_10 - INFO - Batch 72/8100: Clean accuracy 0.3056 | Adv accuracy: 0.0000 | Counter-attack accuracy: 0.1806
2026-02-12 11:15:20,309 - ADV_Generation_eps_8.0_steps_100_Added_Noise_uniform_Eps_32.0_Tau_Type_normal_anchors_num_anchors_10 - INFO - Batch:[72] Adversarial images for this batch already exist
2026-02-12 11:15:20,523 - ADV_Generation_eps_8.0_steps_100_Added_Noise_uniform_Eps_32.0_Tau_Type_normal_anchors_num_anchors_10 - INFO - Batch 73/8100: Clean accuracy 0.3151 | Adv accuracy: 0.0000 | Counter-attack accuracy: 0.1918
2026-02-12 11:15:20,525 - ADV_Generation_eps_8.0_steps_100_Added_Noise_uniform_Eps_32.0_Tau_Type_normal_anchors_num_anchors_10 - INFO - Batch:[73] Adversarial images for this batch already exist
2026-02-12 11:15:20,744 - ADV_Generation_eps_8.0_steps_100_Added_Noise_uniform_Eps_32.0_Tau_Type_normal_anchors_num_anchors_10 - INFO - Batch 74/8100: Clean accuracy 0.3108 | Adv accuracy: 0.0000 | Counter-attack accuracy: 0.1892
2026-02-12 11:15:20,746 - ADV_Generation_eps_8.0_steps_100_Added_Noise_uniform_Eps_32.0_Tau_Type_normal_anchors_num_anchors_10 - INFO - Batch:[74] Adversarial images for this batch already exist
2026-02-12 11:15:20,967 - ADV_Generation_eps_8.0_steps_100_Added_Noise_uniform_Eps_32.0_Tau_Type_normal_anchors_num_anchors_10 - INFO - Batch 75/8100: Clean accuracy 0.3067 | Adv accuracy: 0.0000 | Counter-attack accuracy: 0.1867
2026-02-12 11:15:20,968 - ADV_Generation_eps_8.0_steps_100_Added_Noise_uniform_Eps_32.0_Tau_Type_normal_anchors_num_anchors_10 - INFO - Batch:[75] Adversarial images for this batch already exist
2026-02-12 11:15:21,174 - ADV_Generation_eps_8.0_steps_100_Added_Noise_uniform_Eps_32.0_Tau_Type_normal_anchors_num_anchors_10 - INFO - Batch 76/8100: Clean accuracy 0.3158 | Adv accuracy: 0.0000 | Counter-attack accuracy: 0.1974
2026-02-12 11:15:21,175 - ADV_Generation_eps_8.0_steps_100_Added_Noise_uniform_Eps_32.0_Tau_Type_normal_anchors_num_anchors_10 - INFO - Batch:[76] Adversarial images for this batch already exist
2026-02-12 11:15:21,377 - ADV_Generation_eps_8.0_steps_100_Added_Noise_uniform_Eps_32.0_Tau_Type_normal_anchors_num_anchors_10 - INFO - Batch 77/8100: Clean accuracy 0.3247 | Adv accuracy: 0.0000 | Counter-attack accuracy: 0.2078
2026-02-12 11:15:21,378 - ADV_Generation_eps_8.0_steps_100_Added_Noise_uniform_Eps_32.0_Tau_Type_normal_anchors_num_anchors_10 - INFO - Batch:[77] Adversarial images for this batch already exist
2026-02-12 11:15:21,602 - ADV_Generation_eps_8.0_steps_100_Added_Noise_uniform_Eps_32.0_Tau_Type_normal_anchors_num_anchors_10 - INFO - Batch 78/8100: Clean accuracy 0.3333 | Adv accuracy: 0.0000 | Counter-attack accuracy: 0.2051
2026-02-12 11:15:21,604 - ADV_Generation_eps_8.0_steps_100_Added_Noise_uniform_Eps_32.0_Tau_Type_normal_anchors_num_anchors_10 - INFO - Batch:[78] Adversarial images for this batch already exist
2026-02-12 11:15:21,820 - ADV_Generation_eps_8.0_steps_100_Added_Noise_uniform_Eps_32.0_Tau_Type_normal_anchors_num_anchors_10 - INFO - Batch 79/8100: Clean accuracy 0.3418 | Adv accuracy: 0.0000 | Counter-attack accuracy: 0.2025
2026-02-12 11:15:21,822 - ADV_Generation_eps_8.0_steps_100_Added_Noise_uniform_Eps_32.0_Tau_Type_normal_anchors_num_anchors_10 - INFO - Batch:[79] Adversarial images for this batch already exist
2026-02-12 11:15:22,036 - ADV_Generation_eps_8.0_steps_100_Added_Noise_uniform_Eps_32.0_Tau_Type_normal_anchors_num_anchors_10 - INFO - Batch 80/8100: Clean accuracy 0.3375 | Adv accuracy: 0.0000 | Counter-attack accuracy: 0.2000
2026-02-12 11:15:22,037 - ADV_Generation_eps_8.0_steps_100_Added_Noise_uniform_Eps_32.0_Tau_Type_normal_anchors_num_anchors_10 - INFO - Batch:[80] Adversarial images for this batch already exist
2026-02-12 11:15:22,242 - ADV_Generation_eps_8.0_steps_100_Added_Noise_uniform_Eps_32.0_Tau_Type_normal_anchors_num_anchors_10 - INFO - Batch 81/8100: Clean accuracy 0.3333 | Adv accuracy: 0.0000 | Counter-attack accuracy: 0.1975
2026-02-12 11:15:22,243 - ADV_Generation_eps_8.0_steps_100_Added_Noise_uniform_Eps_32.0_Tau_Type_normal_anchors_num_anchors_10 - INFO - Batch:[81] Adversarial images for this batch already exist
2026-02-12 11:15:22,470 - ADV_Generation_eps_8.0_steps_100_Added_Noise_uniform_Eps_32.0_Tau_Type_normal_anchors_num_anchors_10 - INFO - Batch 82/8100: Clean accuracy 0.3293 | Adv accuracy: 0.0000 | Counter-attack accuracy: 0.2073
2026-02-12 11:15:22,471 - ADV_Generation_eps_8.0_steps_100_Added_Noise_uniform_Eps_32.0_Tau_Type_normal_anchors_num_anchors_10 - INFO - Batch:[82] Adversarial images for this batch already exist
2026-02-12 11:15:22,672 - ADV_Generation_eps_8.0_steps_100_Added_Noise_uniform_Eps_32.0_Tau_Type_normal_anchors_num_anchors_10 - INFO - Batch 83/8100: Clean accuracy 0.3253 | Adv accuracy: 0.0000 | Counter-attack accuracy: 0.2048
2026-02-12 11:15:22,673 - ADV_Generation_eps_8.0_steps_100_Added_Noise_uniform_Eps_32.0_Tau_Type_normal_anchors_num_anchors_10 - INFO - Batch:[83] Adversarial images for this batch already exist
2026-02-12 11:15:22,887 - ADV_Generation_eps_8.0_steps_100_Added_Noise_uniform_Eps_32.0_Tau_Type_normal_anchors_num_anchors_10 - INFO - Batch 84/8100: Clean accuracy 0.3214 | Adv accuracy: 0.0000 | Counter-attack accuracy: 0.2024
2026-02-12 11:15:22,888 - ADV_Generation_eps_8.0_steps_100_Added_Noise_uniform_Eps_32.0_Tau_Type_normal_anchors_num_anchors_10 - INFO - Batch:[84] Adversarial images for this batch already exist
2026-02-12 11:15:23,106 - ADV_Generation_eps_8.0_steps_100_Added_Noise_uniform_Eps_32.0_Tau_Type_normal_anchors_num_anchors_10 - INFO - Batch 85/8100: Clean accuracy 0.3176 | Adv accuracy: 0.0000 | Counter-attack accuracy: 0.2000
2026-02-12 11:15:23,107 - ADV_Generation_eps_8.0_steps_100_Added_Noise_uniform_Eps_32.0_Tau_Type_normal_anchors_num_anchors_10 - INFO - Batch:[85] Adversarial images for this batch already exist
2026-02-12 11:15:23,321 - ADV_Generation_eps_8.0_steps_100_Added_Noise_uniform_Eps_32.0_Tau_Type_normal_anchors_num_anchors_10 - INFO - Batch 86/8100: Clean accuracy 0.3140 | Adv accuracy: 0.0000 | Counter-attack accuracy: 0.1977
2026-02-12 11:15:23,322 - ADV_Generation_eps_8.0_steps_100_Added_Noise_uniform_Eps_32.0_Tau_Type_normal_anchors_num_anchors_10 - INFO - Batch:[86] Adversarial images for this batch already exist
2026-02-12 11:15:23,523 - ADV_Generation_eps_8.0_steps_100_Added_Noise_uniform_Eps_32.0_Tau_Type_normal_anchors_num_anchors_10 - INFO - Batch 87/8100: Clean accuracy 0.3218 | Adv accuracy: 0.0000 | Counter-attack accuracy: 0.1954
2026-02-12 11:15:23,524 - ADV_Generation_eps_8.0_steps_100_Added_Noise_uniform_Eps_32.0_Tau_Type_normal_anchors_num_anchors_10 - INFO - Batch:[87] Adversarial images for this batch already exist
2026-02-12 11:15:23,744 - ADV_Generation_eps_8.0_steps_100_Added_Noise_uniform_Eps_32.0_Tau_Type_normal_anchors_num_anchors_10 - INFO - Batch 88/8100: Clean accuracy 0.3182 | Adv accuracy: 0.0000 | Counter-attack accuracy: 0.1932
2026-02-12 11:15:23,745 - ADV_Generation_eps_8.0_steps_100_Added_Noise_uniform_Eps_32.0_Tau_Type_normal_anchors_num_anchors_10 - INFO - Batch:[88] Adversarial images for this batch already exist
2026-02-12 11:15:23,967 - ADV_Generation_eps_8.0_steps_100_Added_Noise_uniform_Eps_32.0_Tau_Type_normal_anchors_num_anchors_10 - INFO - Batch 89/8100: Clean accuracy 0.3146 | Adv accuracy: 0.0000 | Counter-attack accuracy: 0.1910
2026-02-12 11:15:23,969 - ADV_Generation_eps_8.0_steps_100_Added_Noise_uniform_Eps_32.0_Tau_Type_normal_anchors_num_anchors_10 - INFO - Batch:[89] Adversarial images for this batch already exist
2026-02-12 11:15:24,178 - ADV_Generation_eps_8.0_steps_100_Added_Noise_uniform_Eps_32.0_Tau_Type_normal_anchors_num_anchors_10 - INFO - Batch 90/8100: Clean accuracy 0.3111 | Adv accuracy: 0.0000 | Counter-attack accuracy: 0.1889
2026-02-12 11:15:24,179 - ADV_Generation_eps_8.0_steps_100_Added_Noise_uniform_Eps_32.0_Tau_Type_normal_anchors_num_anchors_10 - INFO - Batch:[90] Adversarial images for this batch already exist
2026-02-12 11:15:24,380 - ADV_Generation_eps_8.0_steps_100_Added_Noise_uniform_Eps_32.0_Tau_Type_normal_anchors_num_anchors_10 - INFO - Batch 91/8100: Clean accuracy 0.3077 | Adv accuracy: 0.0000 | Counter-attack accuracy: 0.1868
2026-02-12 11:15:24,381 - ADV_Generation_eps_8.0_steps_100_Added_Noise_uniform_Eps_32.0_Tau_Type_normal_anchors_num_anchors_10 - INFO - Batch:[91] Adversarial images for this batch already exist
2026-02-12 11:15:24,593 - ADV_Generation_eps_8.0_steps_100_Added_Noise_uniform_Eps_32.0_Tau_Type_normal_anchors_num_anchors_10 - INFO - Batch 92/8100: Clean accuracy 0.3043 | Adv accuracy: 0.0000 | Counter-attack accuracy: 0.1848
2026-02-12 11:15:24,594 - ADV_Generation_eps_8.0_steps_100_Added_Noise_uniform_Eps_32.0_Tau_Type_normal_anchors_num_anchors_10 - INFO - Batch:[92] Adversarial images for this batch already exist
2026-02-12 11:15:24,803 - ADV_Generation_eps_8.0_steps_100_Added_Noise_uniform_Eps_32.0_Tau_Type_normal_anchors_num_anchors_10 - INFO - Batch 93/8100: Clean accuracy 0.3011 | Adv accuracy: 0.0000 | Counter-attack accuracy: 0.1828
2026-02-12 11:15:24,805 - ADV_Generation_eps_8.0_steps_100_Added_Noise_uniform_Eps_32.0_Tau_Type_normal_anchors_num_anchors_10 - INFO - Batch:[93] Adversarial images for this batch already exist
2026-02-12 11:15:25,015 - ADV_Generation_eps_8.0_steps_100_Added_Noise_uniform_Eps_32.0_Tau_Type_normal_anchors_num_anchors_10 - INFO - Batch 94/8100: Clean accuracy 0.2979 | Adv accuracy: 0.0000 | Counter-attack accuracy: 0.1915
2026-02-12 11:15:25,016 - ADV_Generation_eps_8.0_steps_100_Added_Noise_uniform_Eps_32.0_Tau_Type_normal_anchors_num_anchors_10 - INFO - Batch:[94] Adversarial images for this batch already exist
2026-02-12 11:15:25,221 - ADV_Generation_eps_8.0_steps_100_Added_Noise_uniform_Eps_32.0_Tau_Type_normal_anchors_num_anchors_10 - INFO - Batch 95/8100: Clean accuracy 0.2947 | Adv accuracy: 0.0000 | Counter-attack accuracy: 0.1895
2026-02-12 11:15:25,223 - ADV_Generation_eps_8.0_steps_100_Added_Noise_uniform_Eps_32.0_Tau_Type_normal_anchors_num_anchors_10 - INFO - Batch:[95] Adversarial images for this batch already exist
2026-02-12 11:15:25,433 - ADV_Generation_eps_8.0_steps_100_Added_Noise_uniform_Eps_32.0_Tau_Type_normal_anchors_num_anchors_10 - INFO - Batch 96/8100: Clean accuracy 0.2917 | Adv accuracy: 0.0000 | Counter-attack accuracy: 0.1979
2026-02-12 11:15:25,434 - ADV_Generation_eps_8.0_steps_100_Added_Noise_uniform_Eps_32.0_Tau_Type_normal_anchors_num_anchors_10 - INFO - Batch:[96] Adversarial images for this batch already exist
2026-02-12 11:15:25,685 - ADV_Generation_eps_8.0_steps_100_Added_Noise_uniform_Eps_32.0_Tau_Type_normal_anchors_num_anchors_10 - INFO - Batch 97/8100: Clean accuracy 0.2887 | Adv accuracy: 0.0000 | Counter-attack accuracy: 0.2062
2026-02-12 11:15:25,687 - ADV_Generation_eps_8.0_steps_100_Added_Noise_uniform_Eps_32.0_Tau_Type_normal_anchors_num_anchors_10 - INFO - Batch:[97] Adversarial images for this batch already exist
2026-02-12 11:15:25,902 - ADV_Generation_eps_8.0_steps_100_Added_Noise_uniform_Eps_32.0_Tau_Type_normal_anchors_num_anchors_10 - INFO - Batch 98/8100: Clean accuracy 0.2857 | Adv accuracy: 0.0000 | Counter-attack accuracy: 0.2041
2026-02-12 11:15:25,903 - ADV_Generation_eps_8.0_steps_100_Added_Noise_uniform_Eps_32.0_Tau_Type_normal_anchors_num_anchors_10 - INFO - Batch:[98] Adversarial images for this batch already exist
2026-02-12 11:15:26,113 - ADV_Generation_eps_8.0_steps_100_Added_Noise_uniform_Eps_32.0_Tau_Type_normal_anchors_num_anchors_10 - INFO - Batch 99/8100: Clean accuracy 0.2828 | Adv accuracy: 0.0000 | Counter-attack accuracy: 0.2020
2026-02-12 11:15:26,115 - ADV_Generation_eps_8.0_steps_100_Added_Noise_uniform_Eps_32.0_Tau_Type_normal_anchors_num_anchors_10 - INFO - Batch:[99] Adversarial images for this batch already exist
2026-02-12 11:15:26,316 - ADV_Generation_eps_8.0_steps_100_Added_Noise_uniform_Eps_32.0_Tau_Type_normal_anchors_num_anchors_10 - INFO - Batch 100/8100: Clean accuracy 0.2800 | Adv accuracy: 0.0000 | Counter-attack accuracy: 0.2000
2026-02-12 11:15:26,317 - ADV_Generation_eps_8.0_steps_100_Added_Noise_uniform_Eps_32.0_Tau_Type_normal_anchors_num_anchors_10 - INFO - Batch:[100] Adversarial images for this batch already exist
2026-02-12 11:15:26,535 - ADV_Generation_eps_8.0_steps_100_Added_Noise_uniform_Eps_32.0_Tau_Type_normal_anchors_num_anchors_10 - INFO - Batch 101/8100: Clean accuracy 0.2772 | Adv accuracy: 0.0000 | Counter-attack accuracy: 0.1980
2026-02-12 11:15:26,536 - ADV_Generation_eps_8.0_steps_100_Added_Noise_uniform_Eps_32.0_Tau_Type_normal_anchors_num_anchors_10 - INFO - Batch:[101] Adversarial images for this batch already exist
2026-02-12 11:15:26,757 - ADV_Generation_eps_8.0_steps_100_Added_Noise_uniform_Eps_32.0_Tau_Type_normal_anchors_num_anchors_10 - INFO - Batch 102/8100: Clean accuracy 0.2745 | Adv accuracy: 0.0000 | Counter-attack accuracy: 0.1961
2026-02-12 11:15:26,757 - ADV_Generation_eps_8.0_steps_100_Added_Noise_uniform_Eps_32.0_Tau_Type_normal_anchors_num_anchors_10 - INFO - Batch:[102] Adversarial images for this batch already exist
2026-02-12 11:15:26,962 - ADV_Generation_eps_8.0_steps_100_Added_Noise_uniform_Eps_32.0_Tau_Type_normal_anchors_num_anchors_10 - INFO - Batch 103/8100: Clean accuracy 0.2718 | Adv accuracy: 0.0000 | Counter-attack accuracy: 0.1942
2026-02-12 11:15:26,964 - ADV_Generation_eps_8.0_steps_100_Added_Noise_uniform_Eps_32.0_Tau_Type_normal_anchors_num_anchors_10 - INFO - Batch:[103] Adversarial images for this batch already exist
2026-02-12 11:15:27,169 - ADV_Generation_eps_8.0_steps_100_Added_Noise_uniform_Eps_32.0_Tau_Type_normal_anchors_num_anchors_10 - INFO - Batch 104/8100: Clean accuracy 0.2692 | Adv accuracy: 0.0000 | Counter-attack accuracy: 0.1923
2026-02-12 11:15:27,170 - ADV_Generation_eps_8.0_steps_100_Added_Noise_uniform_Eps_32.0_Tau_Type_normal_anchors_num_anchors_10 - INFO - Batch:[104] Adversarial images for this batch already exist
2026-02-12 11:15:27,380 - ADV_Generation_eps_8.0_steps_100_Added_Noise_uniform_Eps_32.0_Tau_Type_normal_anchors_num_anchors_10 - INFO - Batch 105/8100: Clean accuracy 0.2667 | Adv accuracy: 0.0000 | Counter-attack accuracy: 0.1905
2026-02-12 11:15:27,381 - ADV_Generation_eps_8.0_steps_100_Added_Noise_uniform_Eps_32.0_Tau_Type_normal_anchors_num_anchors_10 - INFO - Batch:[105] Adversarial images for this batch already exist
2026-02-12 11:15:27,605 - ADV_Generation_eps_8.0_steps_100_Added_Noise_uniform_Eps_32.0_Tau_Type_normal_anchors_num_anchors_10 - INFO - Batch 106/8100: Clean accuracy 0.2642 | Adv accuracy: 0.0000 | Counter-attack accuracy: 0.1887
2026-02-12 11:15:27,606 - ADV_Generation_eps_8.0_steps_100_Added_Noise_uniform_Eps_32.0_Tau_Type_normal_anchors_num_anchors_10 - INFO - Batch:[106] Adversarial images for this batch already exist
2026-02-12 11:15:27,822 - ADV_Generation_eps_8.0_steps_100_Added_Noise_uniform_Eps_32.0_Tau_Type_normal_anchors_num_anchors_10 - INFO - Batch 107/8100: Clean accuracy 0.2710 | Adv accuracy: 0.0000 | Counter-attack accuracy: 0.1869
2026-02-12 11:15:27,824 - ADV_Generation_eps_8.0_steps_100_Added_Noise_uniform_Eps_32.0_Tau_Type_normal_anchors_num_anchors_10 - INFO - Batch:[107] Adversarial images for this batch already exist
2026-02-12 11:15:28,025 - ADV_Generation_eps_8.0_steps_100_Added_Noise_uniform_Eps_32.0_Tau_Type_normal_anchors_num_anchors_10 - INFO - Batch 108/8100: Clean accuracy 0.2778 | Adv accuracy: 0.0000 | Counter-attack accuracy: 0.1852
2026-02-12 11:15:28,026 - ADV_Generation_eps_8.0_steps_100_Added_Noise_uniform_Eps_32.0_Tau_Type_normal_anchors_num_anchors_10 - INFO - Batch:[108] Adversarial images for this batch already exist
2026-02-12 11:15:28,227 - ADV_Generation_eps_8.0_steps_100_Added_Noise_uniform_Eps_32.0_Tau_Type_normal_anchors_num_anchors_10 - INFO - Batch 109/8100: Clean accuracy 0.2752 | Adv accuracy: 0.0000 | Counter-attack accuracy: 0.1835
2026-02-12 11:15:28,229 - ADV_Generation_eps_8.0_steps_100_Added_Noise_uniform_Eps_32.0_Tau_Type_normal_anchors_num_anchors_10 - INFO - Batch:[109] Adversarial images for this batch already exist
2026-02-12 11:15:28,441 - ADV_Generation_eps_8.0_steps_100_Added_Noise_uniform_Eps_32.0_Tau_Type_normal_anchors_num_anchors_10 - INFO - Batch 110/8100: Clean accuracy 0.2727 | Adv accuracy: 0.0000 | Counter-attack accuracy: 0.1818
2026-02-12 11:15:28,441 - ADV_Generation_eps_8.0_steps_100_Added_Noise_uniform_Eps_32.0_Tau_Type_normal_anchors_num_anchors_10 - INFO - Batch:[110] Adversarial images for this batch already exist
2026-02-12 11:15:28,647 - ADV_Generation_eps_8.0_steps_100_Added_Noise_uniform_Eps_32.0_Tau_Type_normal_anchors_num_anchors_10 - INFO - Batch 111/8100: Clean accuracy 0.2703 | Adv accuracy: 0.0000 | Counter-attack accuracy: 0.1802
2026-02-12 11:15:28,648 - ADV_Generation_eps_8.0_steps_100_Added_Noise_uniform_Eps_32.0_Tau_Type_normal_anchors_num_anchors_10 - INFO - Batch:[111] Adversarial images for this batch already exist
2026-02-12 11:15:28,853 - ADV_Generation_eps_8.0_steps_100_Added_Noise_uniform_Eps_32.0_Tau_Type_normal_anchors_num_anchors_10 - INFO - Batch 112/8100: Clean accuracy 0.2679 | Adv accuracy: 0.0000 | Counter-attack accuracy: 0.1875
2026-02-12 11:15:28,855 - ADV_Generation_eps_8.0_steps_100_Added_Noise_uniform_Eps_32.0_Tau_Type_normal_anchors_num_anchors_10 - INFO - Batch:[112] Adversarial images for this batch already exist
2026-02-12 11:15:29,072 - ADV_Generation_eps_8.0_steps_100_Added_Noise_uniform_Eps_32.0_Tau_Type_normal_anchors_num_anchors_10 - INFO - Batch 113/8100: Clean accuracy 0.2655 | Adv accuracy: 0.0000 | Counter-attack accuracy: 0.1858
2026-02-12 11:15:29,073 - ADV_Generation_eps_8.0_steps_100_Added_Noise_uniform_Eps_32.0_Tau_Type_normal_anchors_num_anchors_10 - INFO - Batch:[113] Adversarial images for this batch already exist
2026-02-12 11:15:29,274 - ADV_Generation_eps_8.0_steps_100_Added_Noise_uniform_Eps_32.0_Tau_Type_normal_anchors_num_anchors_10 - INFO - Batch 114/8100: Clean accuracy 0.2632 | Adv accuracy: 0.0000 | Counter-attack accuracy: 0.1842
2026-02-12 11:15:29,275 - ADV_Generation_eps_8.0_steps_100_Added_Noise_uniform_Eps_32.0_Tau_Type_normal_anchors_num_anchors_10 - INFO - Batch:[114] Adversarial images for this batch already exist
2026-02-12 11:15:29,489 - ADV_Generation_eps_8.0_steps_100_Added_Noise_uniform_Eps_32.0_Tau_Type_normal_anchors_num_anchors_10 - INFO - Batch 115/8100: Clean accuracy 0.2609 | Adv accuracy: 0.0000 | Counter-attack accuracy: 0.1826
2026-02-12 11:15:29,490 - ADV_Generation_eps_8.0_steps_100_Added_Noise_uniform_Eps_32.0_Tau_Type_normal_anchors_num_anchors_10 - INFO - Batch:[115] Adversarial images for this batch already exist
2026-02-12 11:15:29,699 - ADV_Generation_eps_8.0_steps_100_Added_Noise_uniform_Eps_32.0_Tau_Type_normal_anchors_num_anchors_10 - INFO - Batch 116/8100: Clean accuracy 0.2586 | Adv accuracy: 0.0000 | Counter-attack accuracy: 0.1810
2026-02-12 11:15:29,700 - ADV_Generation_eps_8.0_steps_100_Added_Noise_uniform_Eps_32.0_Tau_Type_normal_anchors_num_anchors_10 - INFO - Batch:[116] Adversarial images for this batch already exist
2026-02-12 11:15:29,907 - ADV_Generation_eps_8.0_steps_100_Added_Noise_uniform_Eps_32.0_Tau_Type_normal_anchors_num_anchors_10 - INFO - Batch 117/8100: Clean accuracy 0.2650 | Adv accuracy: 0.0000 | Counter-attack accuracy: 0.1795
2026-02-12 11:15:29,909 - ADV_Generation_eps_8.0_steps_100_Added_Noise_uniform_Eps_32.0_Tau_Type_normal_anchors_num_anchors_10 - INFO - Batch:[117] Adversarial images for this batch already exist
2026-02-12 11:15:30,114 - ADV_Generation_eps_8.0_steps_100_Added_Noise_uniform_Eps_32.0_Tau_Type_normal_anchors_num_anchors_10 - INFO - Batch 118/8100: Clean accuracy 0.2627 | Adv accuracy: 0.0000 | Counter-attack accuracy: 0.1780
2026-02-12 11:15:30,114 - ADV_Generation_eps_8.0_steps_100_Added_Noise_uniform_Eps_32.0_Tau_Type_normal_anchors_num_anchors_10 - INFO - Batch:[118] Adversarial images for this batch already exist
2026-02-12 11:15:30,319 - ADV_Generation_eps_8.0_steps_100_Added_Noise_uniform_Eps_32.0_Tau_Type_normal_anchors_num_anchors_10 - INFO - Batch 119/8100: Clean accuracy 0.2605 | Adv accuracy: 0.0000 | Counter-attack accuracy: 0.1765
2026-02-12 11:15:30,320 - ADV_Generation_eps_8.0_steps_100_Added_Noise_uniform_Eps_32.0_Tau_Type_normal_anchors_num_anchors_10 - INFO - Batch:[119] Adversarial images for this batch already exist
2026-02-12 11:15:30,526 - ADV_Generation_eps_8.0_steps_100_Added_Noise_uniform_Eps_32.0_Tau_Type_normal_anchors_num_anchors_10 - INFO - Batch 120/8100: Clean accuracy 0.2583 | Adv accuracy: 0.0000 | Counter-attack accuracy: 0.1750
2026-02-12 11:15:30,527 - ADV_Generation_eps_8.0_steps_100_Added_Noise_uniform_Eps_32.0_Tau_Type_normal_anchors_num_anchors_10 - INFO - Batch:[120] Adversarial images for this batch already exist
2026-02-12 11:15:30,732 - ADV_Generation_eps_8.0_steps_100_Added_Noise_uniform_Eps_32.0_Tau_Type_normal_anchors_num_anchors_10 - INFO - Batch 121/8100: Clean accuracy 0.2562 | Adv accuracy: 0.0000 | Counter-attack accuracy: 0.1736
2026-02-12 11:15:30,734 - ADV_Generation_eps_8.0_steps_100_Added_Noise_uniform_Eps_32.0_Tau_Type_normal_anchors_num_anchors_10 - INFO - Batch:[121] Adversarial images for this batch already exist
2026-02-12 11:15:30,936 - ADV_Generation_eps_8.0_steps_100_Added_Noise_uniform_Eps_32.0_Tau_Type_normal_anchors_num_anchors_10 - INFO - Batch 122/8100: Clean accuracy 0.2623 | Adv accuracy: 0.0000 | Counter-attack accuracy: 0.1803
2026-02-12 11:15:30,937 - ADV_Generation_eps_8.0_steps_100_Added_Noise_uniform_Eps_32.0_Tau_Type_normal_anchors_num_anchors_10 - INFO - Batch:[122] Adversarial images for this batch already exist
2026-02-12 11:15:31,141 - ADV_Generation_eps_8.0_steps_100_Added_Noise_uniform_Eps_32.0_Tau_Type_normal_anchors_num_anchors_10 - INFO - Batch 123/8100: Clean accuracy 0.2602 | Adv accuracy: 0.0000 | Counter-attack accuracy: 0.1789
2026-02-12 11:15:31,143 - ADV_Generation_eps_8.0_steps_100_Added_Noise_uniform_Eps_32.0_Tau_Type_normal_anchors_num_anchors_10 - INFO - Batch:[123] Adversarial images for this batch already exist
2026-02-12 11:15:31,348 - ADV_Generation_eps_8.0_steps_100_Added_Noise_uniform_Eps_32.0_Tau_Type_normal_anchors_num_anchors_10 - INFO - Batch 124/8100: Clean accuracy 0.2661 | Adv accuracy: 0.0000 | Counter-attack accuracy: 0.1774
2026-02-12 11:15:31,349 - ADV_Generation_eps_8.0_steps_100_Added_Noise_uniform_Eps_32.0_Tau_Type_normal_anchors_num_anchors_10 - INFO - Batch:[124] Adversarial images for this batch already exist
2026-02-12 11:15:31,554 - ADV_Generation_eps_8.0_steps_100_Added_Noise_uniform_Eps_32.0_Tau_Type_normal_anchors_num_anchors_10 - INFO - Batch 125/8100: Clean accuracy 0.2720 | Adv accuracy: 0.0000 | Counter-attack accuracy: 0.1760
2026-02-12 11:15:31,555 - ADV_Generation_eps_8.0_steps_100_Added_Noise_uniform_Eps_32.0_Tau_Type_normal_anchors_num_anchors_10 - INFO - Batch:[125] Adversarial images for this batch already exist
2026-02-12 11:15:31,766 - ADV_Generation_eps_8.0_steps_100_Added_Noise_uniform_Eps_32.0_Tau_Type_normal_anchors_num_anchors_10 - INFO - Batch 126/8100: Clean accuracy 0.2698 | Adv accuracy: 0.0000 | Counter-attack accuracy: 0.1746
2026-02-12 11:15:31,767 - ADV_Generation_eps_8.0_steps_100_Added_Noise_uniform_Eps_32.0_Tau_Type_normal_anchors_num_anchors_10 - INFO - Batch:[126] Adversarial images for this batch already exist
2026-02-12 11:15:31,968 - ADV_Generation_eps_8.0_steps_100_Added_Noise_uniform_Eps_32.0_Tau_Type_normal_anchors_num_anchors_10 - INFO - Batch 127/8100: Clean accuracy 0.2677 | Adv accuracy: 0.0000 | Counter-attack accuracy: 0.1732
2026-02-12 11:15:31,969 - ADV_Generation_eps_8.0_steps_100_Added_Noise_uniform_Eps_32.0_Tau_Type_normal_anchors_num_anchors_10 - INFO - Batch:[127] Adversarial images for this batch already exist
2026-02-12 11:15:32,174 - ADV_Generation_eps_8.0_steps_100_Added_Noise_uniform_Eps_32.0_Tau_Type_normal_anchors_num_anchors_10 - INFO - Batch 128/8100: Clean accuracy 0.2656 | Adv accuracy: 0.0000 | Counter-attack accuracy: 0.1719
2026-02-12 11:15:32,176 - ADV_Generation_eps_8.0_steps_100_Added_Noise_uniform_Eps_32.0_Tau_Type_normal_anchors_num_anchors_10 - INFO - Batch:[128] Adversarial images for this batch already exist
2026-02-12 11:15:32,381 - ADV_Generation_eps_8.0_steps_100_Added_Noise_uniform_Eps_32.0_Tau_Type_normal_anchors_num_anchors_10 - INFO - Batch 129/8100: Clean accuracy 0.2636 | Adv accuracy: 0.0000 | Counter-attack accuracy: 0.1783
2026-02-12 11:15:32,382 - ADV_Generation_eps_8.0_steps_100_Added_Noise_uniform_Eps_32.0_Tau_Type_normal_anchors_num_anchors_10 - INFO - Batch:[129] Adversarial images for this batch already exist
2026-02-12 11:15:32,600 - ADV_Generation_eps_8.0_steps_100_Added_Noise_uniform_Eps_32.0_Tau_Type_normal_anchors_num_anchors_10 - INFO - Batch 130/8100: Clean accuracy 0.2615 | Adv accuracy: 0.0000 | Counter-attack accuracy: 0.1769
2026-02-12 11:15:32,602 - ADV_Generation_eps_8.0_steps_100_Added_Noise_uniform_Eps_32.0_Tau_Type_normal_anchors_num_anchors_10 - INFO - Batch:[130] Adversarial images for this batch already exist
2026-02-12 11:15:32,807 - ADV_Generation_eps_8.0_steps_100_Added_Noise_uniform_Eps_32.0_Tau_Type_normal_anchors_num_anchors_10 - INFO - Batch 131/8100: Clean accuracy 0.2595 | Adv accuracy: 0.0000 | Counter-attack accuracy: 0.1756
2026-02-12 11:15:32,808 - ADV_Generation_eps_8.0_steps_100_Added_Noise_uniform_Eps_32.0_Tau_Type_normal_anchors_num_anchors_10 - INFO - Batch:[131] Adversarial images for this batch already exist
2026-02-12 11:15:33,013 - ADV_Generation_eps_8.0_steps_100_Added_Noise_uniform_Eps_32.0_Tau_Type_normal_anchors_num_anchors_10 - INFO - Batch 132/8100: Clean accuracy 0.2576 | Adv accuracy: 0.0000 | Counter-attack accuracy: 0.1742
2026-02-12 11:15:33,014 - ADV_Generation_eps_8.0_steps_100_Added_Noise_uniform_Eps_32.0_Tau_Type_normal_anchors_num_anchors_10 - INFO - Batch:[132] Adversarial images for this batch already exist
2026-02-12 11:15:33,219 - ADV_Generation_eps_8.0_steps_100_Added_Noise_uniform_Eps_32.0_Tau_Type_normal_anchors_num_anchors_10 - INFO - Batch 133/8100: Clean accuracy 0.2556 | Adv accuracy: 0.0000 | Counter-attack accuracy: 0.1729
2026-02-12 11:15:33,221 - ADV_Generation_eps_8.0_steps_100_Added_Noise_uniform_Eps_32.0_Tau_Type_normal_anchors_num_anchors_10 - INFO - Batch:[133] Adversarial images for this batch already exist
2026-02-12 11:15:33,422 - ADV_Generation_eps_8.0_steps_100_Added_Noise_uniform_Eps_32.0_Tau_Type_normal_anchors_num_anchors_10 - INFO - Batch 134/8100: Clean accuracy 0.2537 | Adv accuracy: 0.0000 | Counter-attack accuracy: 0.1716
2026-02-12 11:15:33,423 - ADV_Generation_eps_8.0_steps_100_Added_Noise_uniform_Eps_32.0_Tau_Type_normal_anchors_num_anchors_10 - INFO - Batch:[134] Adversarial images for this batch already exist
2026-02-12 11:15:33,624 - ADV_Generation_eps_8.0_steps_100_Added_Noise_uniform_Eps_32.0_Tau_Type_normal_anchors_num_anchors_10 - INFO - Batch 135/8100: Clean accuracy 0.2593 | Adv accuracy: 0.0000 | Counter-attack accuracy: 0.1704
2026-02-12 11:15:33,625 - ADV_Generation_eps_8.0_steps_100_Added_Noise_uniform_Eps_32.0_Tau_Type_normal_anchors_num_anchors_10 - INFO - Batch:[135] Adversarial images for this batch already exist
2026-02-12 11:15:33,864 - ADV_Generation_eps_8.0_steps_100_Added_Noise_uniform_Eps_32.0_Tau_Type_normal_anchors_num_anchors_10 - INFO - Batch 136/8100: Clean accuracy 0.2574 | Adv accuracy: 0.0000 | Counter-attack accuracy: 0.1691
2026-02-12 11:15:33,865 - ADV_Generation_eps_8.0_steps_100_Added_Noise_uniform_Eps_32.0_Tau_Type_normal_anchors_num_anchors_10 - INFO - Batch:[136] Adversarial images for this batch already exist
2026-02-12 11:15:34,082 - ADV_Generation_eps_8.0_steps_100_Added_Noise_uniform_Eps_32.0_Tau_Type_normal_anchors_num_anchors_10 - INFO - Batch 137/8100: Clean accuracy 0.2555 | Adv accuracy: 0.0000 | Counter-attack accuracy: 0.1679
2026-02-12 11:15:34,083 - ADV_Generation_eps_8.0_steps_100_Added_Noise_uniform_Eps_32.0_Tau_Type_normal_anchors_num_anchors_10 - INFO - Batch:[137] Adversarial images for this batch already exist
2026-02-12 11:15:34,288 - ADV_Generation_eps_8.0_steps_100_Added_Noise_uniform_Eps_32.0_Tau_Type_normal_anchors_num_anchors_10 - INFO - Batch 138/8100: Clean accuracy 0.2609 | Adv accuracy: 0.0000 | Counter-attack accuracy: 0.1739
2026-02-12 11:15:34,289 - ADV_Generation_eps_8.0_steps_100_Added_Noise_uniform_Eps_32.0_Tau_Type_normal_anchors_num_anchors_10 - INFO - Batch:[138] Adversarial images for this batch already exist
2026-02-12 11:15:34,494 - ADV_Generation_eps_8.0_steps_100_Added_Noise_uniform_Eps_32.0_Tau_Type_normal_anchors_num_anchors_10 - INFO - Batch 139/8100: Clean accuracy 0.2590 | Adv accuracy: 0.0000 | Counter-attack accuracy: 0.1727
2026-02-12 11:15:34,495 - ADV_Generation_eps_8.0_steps_100_Added_Noise_uniform_Eps_32.0_Tau_Type_normal_anchors_num_anchors_10 - INFO - Batch:[139] Adversarial images for this batch already exist
2026-02-12 11:15:34,700 - ADV_Generation_eps_8.0_steps_100_Added_Noise_uniform_Eps_32.0_Tau_Type_normal_anchors_num_anchors_10 - INFO - Batch 140/8100: Clean accuracy 0.2571 | Adv accuracy: 0.0000 | Counter-attack accuracy: 0.1786
2026-02-12 11:15:34,701 - ADV_Generation_eps_8.0_steps_100_Added_Noise_uniform_Eps_32.0_Tau_Type_normal_anchors_num_anchors_10 - INFO - Batch:[140] Adversarial images for this batch already exist
2026-02-12 11:15:34,906 - ADV_Generation_eps_8.0_steps_100_Added_Noise_uniform_Eps_32.0_Tau_Type_normal_anchors_num_anchors_10 - INFO - Batch 141/8100: Clean accuracy 0.2553 | Adv accuracy: 0.0000 | Counter-attack accuracy: 0.1773
2026-02-12 11:15:34,908 - ADV_Generation_eps_8.0_steps_100_Added_Noise_uniform_Eps_32.0_Tau_Type_normal_anchors_num_anchors_10 - INFO - Batch:[141] Adversarial images for this batch already exist
2026-02-12 11:15:35,131 - ADV_Generation_eps_8.0_steps_100_Added_Noise_uniform_Eps_32.0_Tau_Type_normal_anchors_num_anchors_10 - INFO - Batch 142/8100: Clean accuracy 0.2535 | Adv accuracy: 0.0000 | Counter-attack accuracy: 0.1761
2026-02-12 11:15:35,132 - ADV_Generation_eps_8.0_steps_100_Added_Noise_uniform_Eps_32.0_Tau_Type_normal_anchors_num_anchors_10 - INFO - Batch:[142] Adversarial images for this batch already exist
2026-02-12 11:15:35,338 - ADV_Generation_eps_8.0_steps_100_Added_Noise_uniform_Eps_32.0_Tau_Type_normal_anchors_num_anchors_10 - INFO - Batch 143/8100: Clean accuracy 0.2517 | Adv accuracy: 0.0000 | Counter-attack accuracy: 0.1748
2026-02-12 11:15:35,339 - ADV_Generation_eps_8.0_steps_100_Added_Noise_uniform_Eps_32.0_Tau_Type_normal_anchors_num_anchors_10 - INFO - Batch:[143] Adversarial images for this batch already exist
2026-02-12 11:15:35,554 - ADV_Generation_eps_8.0_steps_100_Added_Noise_uniform_Eps_32.0_Tau_Type_normal_anchors_num_anchors_10 - INFO - Batch 144/8100: Clean accuracy 0.2569 | Adv accuracy: 0.0000 | Counter-attack accuracy: 0.1806
2026-02-12 11:15:35,555 - ADV_Generation_eps_8.0_steps_100_Added_Noise_uniform_Eps_32.0_Tau_Type_normal_anchors_num_anchors_10 - INFO - Batch:[144] Adversarial images for this batch already exist
2026-02-12 11:15:35,761 - ADV_Generation_eps_8.0_steps_100_Added_Noise_uniform_Eps_32.0_Tau_Type_normal_anchors_num_anchors_10 - INFO - Batch 145/8100: Clean accuracy 0.2552 | Adv accuracy: 0.0000 | Counter-attack accuracy: 0.1793
2026-02-12 11:15:35,762 - ADV_Generation_eps_8.0_steps_100_Added_Noise_uniform_Eps_32.0_Tau_Type_normal_anchors_num_anchors_10 - INFO - Batch:[145] Adversarial images for this batch already exist
2026-02-12 11:15:35,981 - ADV_Generation_eps_8.0_steps_100_Added_Noise_uniform_Eps_32.0_Tau_Type_normal_anchors_num_anchors_10 - INFO - Batch 146/8100: Clean accuracy 0.2603 | Adv accuracy: 0.0000 | Counter-attack accuracy: 0.1781
2026-02-12 11:15:35,982 - ADV_Generation_eps_8.0_steps_100_Added_Noise_uniform_Eps_32.0_Tau_Type_normal_anchors_num_anchors_10 - INFO - Batch:[146] Adversarial images for this batch already exist
2026-02-12 11:15:36,199 - ADV_Generation_eps_8.0_steps_100_Added_Noise_uniform_Eps_32.0_Tau_Type_normal_anchors_num_anchors_10 - INFO - Batch 147/8100: Clean accuracy 0.2585 | Adv accuracy: 0.0000 | Counter-attack accuracy: 0.1769
2026-02-12 11:15:36,200 - ADV_Generation_eps_8.0_steps_100_Added_Noise_uniform_Eps_32.0_Tau_Type_normal_anchors_num_anchors_10 - INFO - Batch:[147] Adversarial images for this batch already exist
2026-02-12 11:15:36,402 - ADV_Generation_eps_8.0_steps_100_Added_Noise_uniform_Eps_32.0_Tau_Type_normal_anchors_num_anchors_10 - INFO - Batch 148/8100: Clean accuracy 0.2568 | Adv accuracy: 0.0000 | Counter-attack accuracy: 0.1757
2026-02-12 11:15:36,403 - ADV_Generation_eps_8.0_steps_100_Added_Noise_uniform_Eps_32.0_Tau_Type_normal_anchors_num_anchors_10 - INFO - Batch:[148] Adversarial images for this batch already exist
2026-02-12 11:15:36,624 - ADV_Generation_eps_8.0_steps_100_Added_Noise_uniform_Eps_32.0_Tau_Type_normal_anchors_num_anchors_10 - INFO - Batch 149/8100: Clean accuracy 0.2550 | Adv accuracy: 0.0000 | Counter-attack accuracy: 0.1745
2026-02-12 11:15:36,625 - ADV_Generation_eps_8.0_steps_100_Added_Noise_uniform_Eps_32.0_Tau_Type_normal_anchors_num_anchors_10 - INFO - Batch:[149] Adversarial images for this batch already exist
2026-02-12 11:15:36,830 - ADV_Generation_eps_8.0_steps_100_Added_Noise_uniform_Eps_32.0_Tau_Type_normal_anchors_num_anchors_10 - INFO - Batch 150/8100: Clean accuracy 0.2533 | Adv accuracy: 0.0000 | Counter-attack accuracy: 0.1733
2026-02-12 11:15:36,830 - ADV_Generation_eps_8.0_steps_100_Added_Noise_uniform_Eps_32.0_Tau_Type_normal_anchors_num_anchors_10 - INFO - Batch:[150] Adversarial images for this batch already exist
2026-02-12 11:15:37,035 - ADV_Generation_eps_8.0_steps_100_Added_Noise_uniform_Eps_32.0_Tau_Type_normal_anchors_num_anchors_10 - INFO - Batch 151/8100: Clean accuracy 0.2517 | Adv accuracy: 0.0000 | Counter-attack accuracy: 0.1722
2026-02-12 11:15:37,037 - ADV_Generation_eps_8.0_steps_100_Added_Noise_uniform_Eps_32.0_Tau_Type_normal_anchors_num_anchors_10 - INFO - Batch:[151] Adversarial images for this batch already exist
2026-02-12 11:15:37,247 - ADV_Generation_eps_8.0_steps_100_Added_Noise_uniform_Eps_32.0_Tau_Type_normal_anchors_num_anchors_10 - INFO - Batch 152/8100: Clean accuracy 0.2500 | Adv accuracy: 0.0000 | Counter-attack accuracy: 0.1711
2026-02-12 11:15:37,248 - ADV_Generation_eps_8.0_steps_100_Added_Noise_uniform_Eps_32.0_Tau_Type_normal_anchors_num_anchors_10 - INFO - Batch:[152] Adversarial images for this batch already exist
2026-02-12 11:15:37,469 - ADV_Generation_eps_8.0_steps_100_Added_Noise_uniform_Eps_32.0_Tau_Type_normal_anchors_num_anchors_10 - INFO - Batch 153/8100: Clean accuracy 0.2484 | Adv accuracy: 0.0000 | Counter-attack accuracy: 0.1699
2026-02-12 11:15:37,470 - ADV_Generation_eps_8.0_steps_100_Added_Noise_uniform_Eps_32.0_Tau_Type_normal_anchors_num_anchors_10 - INFO - Batch:[153] Adversarial images for this batch already exist
2026-02-12 11:15:37,672 - ADV_Generation_eps_8.0_steps_100_Added_Noise_uniform_Eps_32.0_Tau_Type_normal_anchors_num_anchors_10 - INFO - Batch 154/8100: Clean accuracy 0.2468 | Adv accuracy: 0.0000 | Counter-attack accuracy: 0.1688
2026-02-12 11:15:37,673 - ADV_Generation_eps_8.0_steps_100_Added_Noise_uniform_Eps_32.0_Tau_Type_normal_anchors_num_anchors_10 - INFO - Batch:[154] Adversarial images for this batch already exist
2026-02-12 11:15:37,892 - ADV_Generation_eps_8.0_steps_100_Added_Noise_uniform_Eps_32.0_Tau_Type_normal_anchors_num_anchors_10 - INFO - Batch 155/8100: Clean accuracy 0.2452 | Adv accuracy: 0.0000 | Counter-attack accuracy: 0.1677
2026-02-12 11:15:37,893 - ADV_Generation_eps_8.0_steps_100_Added_Noise_uniform_Eps_32.0_Tau_Type_normal_anchors_num_anchors_10 - INFO - Batch:[155] Adversarial images for this batch already exist
2026-02-12 11:15:38,094 - ADV_Generation_eps_8.0_steps_100_Added_Noise_uniform_Eps_32.0_Tau_Type_normal_anchors_num_anchors_10 - INFO - Batch 156/8100: Clean accuracy 0.2436 | Adv accuracy: 0.0000 | Counter-attack accuracy: 0.1667
2026-02-12 11:15:38,096 - ADV_Generation_eps_8.0_steps_100_Added_Noise_uniform_Eps_32.0_Tau_Type_normal_anchors_num_anchors_10 - INFO - Batch:[156] Adversarial images for this batch already exist
2026-02-12 11:15:38,297 - ADV_Generation_eps_8.0_steps_100_Added_Noise_uniform_Eps_32.0_Tau_Type_normal_anchors_num_anchors_10 - INFO - Batch 157/8100: Clean accuracy 0.2484 | Adv accuracy: 0.0000 | Counter-attack accuracy: 0.1656
2026-02-12 11:15:38,298 - ADV_Generation_eps_8.0_steps_100_Added_Noise_uniform_Eps_32.0_Tau_Type_normal_anchors_num_anchors_10 - INFO - Batch:[157] Adversarial images for this batch already exist
2026-02-12 11:15:38,530 - ADV_Generation_eps_8.0_steps_100_Added_Noise_uniform_Eps_32.0_Tau_Type_normal_anchors_num_anchors_10 - INFO - Batch 158/8100: Clean accuracy 0.2468 | Adv accuracy: 0.0000 | Counter-attack accuracy: 0.1646
2026-02-12 11:15:38,532 - ADV_Generation_eps_8.0_steps_100_Added_Noise_uniform_Eps_32.0_Tau_Type_normal_anchors_num_anchors_10 - INFO - Batch:[158] Adversarial images for this batch already exist
2026-02-12 11:15:38,735 - ADV_Generation_eps_8.0_steps_100_Added_Noise_uniform_Eps_32.0_Tau_Type_normal_anchors_num_anchors_10 - INFO - Batch 159/8100: Clean accuracy 0.2516 | Adv accuracy: 0.0000 | Counter-attack accuracy: 0.1635
2026-02-12 11:15:38,736 - ADV_Generation_eps_8.0_steps_100_Added_Noise_uniform_Eps_32.0_Tau_Type_normal_anchors_num_anchors_10 - INFO - Batch:[159] Adversarial images for this batch already exist
2026-02-12 11:15:38,955 - ADV_Generation_eps_8.0_steps_100_Added_Noise_uniform_Eps_32.0_Tau_Type_normal_anchors_num_anchors_10 - INFO - Batch 160/8100: Clean accuracy 0.2562 | Adv accuracy: 0.0000 | Counter-attack accuracy: 0.1625
2026-02-12 11:15:38,956 - ADV_Generation_eps_8.0_steps_100_Added_Noise_uniform_Eps_32.0_Tau_Type_normal_anchors_num_anchors_10 - INFO - Batch:[160] Adversarial images for this batch already exist
2026-02-12 11:15:39,167 - ADV_Generation_eps_8.0_steps_100_Added_Noise_uniform_Eps_32.0_Tau_Type_normal_anchors_num_anchors_10 - INFO - Batch 161/8100: Clean accuracy 0.2547 | Adv accuracy: 0.0000 | Counter-attack accuracy: 0.1677
2026-02-12 11:15:39,168 - ADV_Generation_eps_8.0_steps_100_Added_Noise_uniform_Eps_32.0_Tau_Type_normal_anchors_num_anchors_10 - INFO - Batch:[161] Adversarial images for this batch already exist
