2025-07-10 21:22:57,993 - ADV_Generation_eps_4.0_steps_100_Purification_type_noisy_anchor_anchors_10_alpha_1.2_sigma_0.18_threshold_0.0 - INFO - ==========================================
data:/leonardo_work/EUHPC_R04_192/fmohamma/Adversarial_Robust_Clip/atpt_data/downstream_datasets
test_sets:Caltech101
dataset_mode:test
arch:fare4
resolution:224
workers:4
no_pin_memory:False
batch_size:64
adv_bs:16
print_freq:20
gpu:0
no_cudnn_benchmark:False
n_ctx:4
ctx_init:a_photo_of_a
seed:0
output_dir:/leonardo_work/EUHPC_R04_192/fmohamma/Adversarial_Robust_Clip/atpt_data/fare4/Caltech101
log_output_dir:/leonardo_work/EUHPC_R04_192/fmohamma/Adversarial_Robust_Clip/ATPT/Purify_Results/fare4/Caltech101
eps:4.0
alpha:1.0
alpha_eps_ratio:4.0
steps:100
counter_attack:False
counter_attack_type:pgd
counter_attack_steps:2
counter_attack_eps:4.0
counter_attack_alpha:1.0
counter_attack_tau_thres:0.2
counter_attack_beta:2.0
counter_attack_weighted_perturbations:True
pgd_clip_pure_i_text_embeddings:null
pgd_counter_and_clipure_i_lamda:1.0
image_feature_purify:True
image_feature_purify_type:noisy_anchor
image_feature_purify_noisy_anchors:10
image_feature_purify_anchors_alpha:1.2
image_feature_purify_noisy_sigma:0.18
image_feature_purify_diff_threshold:0.0
lr:0.005
selection_p:0.1
tta_steps:1
top_k:20
softmax_temp:0.01
load_tecoa:

2025-07-10 21:22:57,994 - ADV_Generation_eps_4.0_steps_100_Purification_type_noisy_anchor_anchors_10_alpha_1.2_sigma_0.18_threshold_0.0 - INFO - Use GPU: 0 for training
2025-07-10 21:23:50,679 - ADV_Generation_eps_4.0_steps_100_Purification_type_noisy_anchor_anchors_10_alpha_1.2_sigma_0.18_threshold_0.0 - INFO - => Model created: visual backbone fare4
2025-07-10 21:23:50,689 - ADV_Generation_eps_4.0_steps_100_Purification_type_noisy_anchor_anchors_10_alpha_1.2_sigma_0.18_threshold_0.0 - INFO - Number of test samples: 2465
2025-07-10 21:23:50,690 - ADV_Generation_eps_4.0_steps_100_Purification_type_noisy_anchor_anchors_10_alpha_1.2_sigma_0.18_threshold_0.0 - INFO - Evaluating dataset: Caltech101
2025-07-10 21:23:50,691 - ADV_Generation_eps_4.0_steps_100_Purification_type_noisy_anchor_anchors_10_alpha_1.2_sigma_0.18_threshold_0.0 - INFO - Starting evaluation with batch size: 64, selection percentage: 0.1
2025-07-10 21:23:50,691 - ADV_Generation_eps_4.0_steps_100_Purification_type_noisy_anchor_anchors_10_alpha_1.2_sigma_0.18_threshold_0.0 - INFO - Using PGD attack with epsilon: 0.015686, alpha: 0.003922, steps: 100
2025-07-10 21:23:50,692 - ADV_Generation_eps_4.0_steps_100_Purification_type_noisy_anchor_anchors_10_alpha_1.2_sigma_0.18_threshold_0.0 - INFO - Using directory for adversarial images: /leonardo_work/EUHPC_R04_192/fmohamma/Adversarial_Robust_Clip/atpt_data/fare4/Caltech101/adv_images_eps_4.0_alpha_1.0_steps_100
2025-07-10 21:23:51,208 - ADV_Generation_eps_4.0_steps_100_Purification_type_noisy_anchor_anchors_10_alpha_1.2_sigma_0.18_threshold_0.0 - INFO - Batch:[0] Adversarial images for this batch already exist
2025-07-10 21:23:55,922 - ADV_Generation_eps_4.0_steps_100_Purification_type_noisy_anchor_anchors_10_alpha_1.2_sigma_0.18_threshold_0.0 - INFO - Batch 1/155: Clean orig accuracy 0.8750 | Clean purify accuracy 1.0000 | Adv orig accuracy: 0.6250 | Adv purify accuracy: 1.0000
2025-07-10 21:23:55,933 - ADV_Generation_eps_4.0_steps_100_Purification_type_noisy_anchor_anchors_10_alpha_1.2_sigma_0.18_threshold_0.0 - INFO - Batch:[1] Adversarial images for this batch already exist
2025-07-10 21:23:59,678 - ADV_Generation_eps_4.0_steps_100_Purification_type_noisy_anchor_anchors_10_alpha_1.2_sigma_0.18_threshold_0.0 - INFO - Batch 2/155: Clean orig accuracy 0.9062 | Clean purify accuracy 1.0000 | Adv orig accuracy: 0.6875 | Adv purify accuracy: 1.0000
2025-07-10 21:23:59,689 - ADV_Generation_eps_4.0_steps_100_Purification_type_noisy_anchor_anchors_10_alpha_1.2_sigma_0.18_threshold_0.0 - INFO - Batch:[2] Adversarial images for this batch already exist
2025-07-10 21:24:03,317 - ADV_Generation_eps_4.0_steps_100_Purification_type_noisy_anchor_anchors_10_alpha_1.2_sigma_0.18_threshold_0.0 - INFO - Batch 3/155: Clean orig accuracy 0.9375 | Clean purify accuracy 1.0000 | Adv orig accuracy: 0.7083 | Adv purify accuracy: 1.0000
2025-07-10 21:24:03,326 - ADV_Generation_eps_4.0_steps_100_Purification_type_noisy_anchor_anchors_10_alpha_1.2_sigma_0.18_threshold_0.0 - INFO - Batch:[3] Adversarial images for this batch already exist
2025-07-10 21:24:06,972 - ADV_Generation_eps_4.0_steps_100_Purification_type_noisy_anchor_anchors_10_alpha_1.2_sigma_0.18_threshold_0.0 - INFO - Batch 4/155: Clean orig accuracy 0.9531 | Clean purify accuracy 1.0000 | Adv orig accuracy: 0.6562 | Adv purify accuracy: 1.0000
2025-07-10 21:24:06,984 - ADV_Generation_eps_4.0_steps_100_Purification_type_noisy_anchor_anchors_10_alpha_1.2_sigma_0.18_threshold_0.0 - INFO - Batch:[4] Adversarial images for this batch already exist
2025-07-10 21:24:10,582 - ADV_Generation_eps_4.0_steps_100_Purification_type_noisy_anchor_anchors_10_alpha_1.2_sigma_0.18_threshold_0.0 - INFO - Batch 5/155: Clean orig accuracy 0.9125 | Clean purify accuracy 1.0000 | Adv orig accuracy: 0.6250 | Adv purify accuracy: 1.0000
2025-07-10 21:24:10,595 - ADV_Generation_eps_4.0_steps_100_Purification_type_noisy_anchor_anchors_10_alpha_1.2_sigma_0.18_threshold_0.0 - INFO - Batch:[5] Adversarial images for this batch already exist
2025-07-10 21:24:14,142 - ADV_Generation_eps_4.0_steps_100_Purification_type_noisy_anchor_anchors_10_alpha_1.2_sigma_0.18_threshold_0.0 - INFO - Batch 6/155: Clean orig accuracy 0.9167 | Clean purify accuracy 1.0000 | Adv orig accuracy: 0.6250 | Adv purify accuracy: 1.0000
2025-07-10 21:24:14,154 - ADV_Generation_eps_4.0_steps_100_Purification_type_noisy_anchor_anchors_10_alpha_1.2_sigma_0.18_threshold_0.0 - INFO - Batch:[6] Adversarial images for this batch already exist
2025-07-10 21:24:17,709 - ADV_Generation_eps_4.0_steps_100_Purification_type_noisy_anchor_anchors_10_alpha_1.2_sigma_0.18_threshold_0.0 - INFO - Batch 7/155: Clean orig accuracy 0.9286 | Clean purify accuracy 1.0000 | Adv orig accuracy: 0.6250 | Adv purify accuracy: 1.0000
2025-07-10 21:24:17,722 - ADV_Generation_eps_4.0_steps_100_Purification_type_noisy_anchor_anchors_10_alpha_1.2_sigma_0.18_threshold_0.0 - INFO - Batch:[7] Adversarial images for this batch already exist
2025-07-10 21:24:21,250 - ADV_Generation_eps_4.0_steps_100_Purification_type_noisy_anchor_anchors_10_alpha_1.2_sigma_0.18_threshold_0.0 - INFO - Batch 8/155: Clean orig accuracy 0.9141 | Clean purify accuracy 1.0000 | Adv orig accuracy: 0.6172 | Adv purify accuracy: 1.0000
2025-07-10 21:24:21,263 - ADV_Generation_eps_4.0_steps_100_Purification_type_noisy_anchor_anchors_10_alpha_1.2_sigma_0.18_threshold_0.0 - INFO - Batch:[8] Adversarial images for this batch already exist
2025-07-10 21:24:24,794 - ADV_Generation_eps_4.0_steps_100_Purification_type_noisy_anchor_anchors_10_alpha_1.2_sigma_0.18_threshold_0.0 - INFO - Batch 9/155: Clean orig accuracy 0.9167 | Clean purify accuracy 0.9653 | Adv orig accuracy: 0.6250 | Adv purify accuracy: 0.9583
2025-07-10 21:24:24,805 - ADV_Generation_eps_4.0_steps_100_Purification_type_noisy_anchor_anchors_10_alpha_1.2_sigma_0.18_threshold_0.0 - INFO - Batch:[9] Adversarial images for this batch already exist
2025-07-10 21:24:28,358 - ADV_Generation_eps_4.0_steps_100_Purification_type_noisy_anchor_anchors_10_alpha_1.2_sigma_0.18_threshold_0.0 - INFO - Batch 10/155: Clean orig accuracy 0.9125 | Clean purify accuracy 0.9187 | Adv orig accuracy: 0.5938 | Adv purify accuracy: 0.9062
2025-07-10 21:24:28,372 - ADV_Generation_eps_4.0_steps_100_Purification_type_noisy_anchor_anchors_10_alpha_1.2_sigma_0.18_threshold_0.0 - INFO - Batch:[10] Adversarial images for this batch already exist
2025-07-10 21:24:31,903 - ADV_Generation_eps_4.0_steps_100_Purification_type_noisy_anchor_anchors_10_alpha_1.2_sigma_0.18_threshold_0.0 - INFO - Batch 11/155: Clean orig accuracy 0.9091 | Clean purify accuracy 0.8750 | Adv orig accuracy: 0.5852 | Adv purify accuracy: 0.8523
2025-07-10 21:24:31,915 - ADV_Generation_eps_4.0_steps_100_Purification_type_noisy_anchor_anchors_10_alpha_1.2_sigma_0.18_threshold_0.0 - INFO - Batch:[11] Adversarial images for this batch already exist
2025-07-10 21:24:35,444 - ADV_Generation_eps_4.0_steps_100_Purification_type_noisy_anchor_anchors_10_alpha_1.2_sigma_0.18_threshold_0.0 - INFO - Batch 12/155: Clean orig accuracy 0.9062 | Clean purify accuracy 0.8542 | Adv orig accuracy: 0.5781 | Adv purify accuracy: 0.8229
2025-07-10 21:24:35,456 - ADV_Generation_eps_4.0_steps_100_Purification_type_noisy_anchor_anchors_10_alpha_1.2_sigma_0.18_threshold_0.0 - INFO - Batch:[12] Adversarial images for this batch already exist
2025-07-10 21:24:38,986 - ADV_Generation_eps_4.0_steps_100_Purification_type_noisy_anchor_anchors_10_alpha_1.2_sigma_0.18_threshold_0.0 - INFO - Batch 13/155: Clean orig accuracy 0.9135 | Clean purify accuracy 0.8654 | Adv orig accuracy: 0.6010 | Adv purify accuracy: 0.8269
2025-07-10 21:24:38,999 - ADV_Generation_eps_4.0_steps_100_Purification_type_noisy_anchor_anchors_10_alpha_1.2_sigma_0.18_threshold_0.0 - INFO - Batch:[13] Adversarial images for this batch already exist
2025-07-10 21:24:42,530 - ADV_Generation_eps_4.0_steps_100_Purification_type_noisy_anchor_anchors_10_alpha_1.2_sigma_0.18_threshold_0.0 - INFO - Batch 14/155: Clean orig accuracy 0.9196 | Clean purify accuracy 0.8705 | Adv orig accuracy: 0.6205 | Adv purify accuracy: 0.8304
2025-07-10 21:24:42,541 - ADV_Generation_eps_4.0_steps_100_Purification_type_noisy_anchor_anchors_10_alpha_1.2_sigma_0.18_threshold_0.0 - INFO - Batch:[14] Adversarial images for this batch already exist
2025-07-10 21:24:46,072 - ADV_Generation_eps_4.0_steps_100_Purification_type_noisy_anchor_anchors_10_alpha_1.2_sigma_0.18_threshold_0.0 - INFO - Batch 15/155: Clean orig accuracy 0.9250 | Clean purify accuracy 0.8792 | Adv orig accuracy: 0.6458 | Adv purify accuracy: 0.8417
2025-07-10 21:24:46,084 - ADV_Generation_eps_4.0_steps_100_Purification_type_noisy_anchor_anchors_10_alpha_1.2_sigma_0.18_threshold_0.0 - INFO - Batch:[15] Adversarial images for this batch already exist
2025-07-10 21:24:49,797 - ADV_Generation_eps_4.0_steps_100_Purification_type_noisy_anchor_anchors_10_alpha_1.2_sigma_0.18_threshold_0.0 - INFO - Batch 16/155: Clean orig accuracy 0.9297 | Clean purify accuracy 0.8867 | Adv orig accuracy: 0.6680 | Adv purify accuracy: 0.8516
2025-07-10 21:24:49,808 - ADV_Generation_eps_4.0_steps_100_Purification_type_noisy_anchor_anchors_10_alpha_1.2_sigma_0.18_threshold_0.0 - INFO - Batch:[16] Adversarial images for this batch already exist
2025-07-10 21:24:53,620 - ADV_Generation_eps_4.0_steps_100_Purification_type_noisy_anchor_anchors_10_alpha_1.2_sigma_0.18_threshold_0.0 - INFO - Batch 17/155: Clean orig accuracy 0.9338 | Clean purify accuracy 0.8897 | Adv orig accuracy: 0.6838 | Adv purify accuracy: 0.8456
2025-07-10 21:24:53,634 - ADV_Generation_eps_4.0_steps_100_Purification_type_noisy_anchor_anchors_10_alpha_1.2_sigma_0.18_threshold_0.0 - INFO - Batch:[17] Adversarial images for this batch already exist
2025-07-10 21:24:57,438 - ADV_Generation_eps_4.0_steps_100_Purification_type_noisy_anchor_anchors_10_alpha_1.2_sigma_0.18_threshold_0.0 - INFO - Batch 18/155: Clean orig accuracy 0.9375 | Clean purify accuracy 0.8958 | Adv orig accuracy: 0.7014 | Adv purify accuracy: 0.8542
2025-07-10 21:24:57,450 - ADV_Generation_eps_4.0_steps_100_Purification_type_noisy_anchor_anchors_10_alpha_1.2_sigma_0.18_threshold_0.0 - INFO - Batch:[18] Adversarial images for this batch already exist
2025-07-10 21:25:01,290 - ADV_Generation_eps_4.0_steps_100_Purification_type_noisy_anchor_anchors_10_alpha_1.2_sigma_0.18_threshold_0.0 - INFO - Batch 19/155: Clean orig accuracy 0.9408 | Clean purify accuracy 0.9013 | Adv orig accuracy: 0.7171 | Adv purify accuracy: 0.8618
2025-07-10 21:25:01,302 - ADV_Generation_eps_4.0_steps_100_Purification_type_noisy_anchor_anchors_10_alpha_1.2_sigma_0.18_threshold_0.0 - INFO - Batch:[19] Adversarial images for this batch already exist
2025-07-10 21:25:05,050 - ADV_Generation_eps_4.0_steps_100_Purification_type_noisy_anchor_anchors_10_alpha_1.2_sigma_0.18_threshold_0.0 - INFO - Batch 20/155: Clean orig accuracy 0.9437 | Clean purify accuracy 0.9062 | Adv orig accuracy: 0.7312 | Adv purify accuracy: 0.8625
2025-07-10 21:25:05,061 - ADV_Generation_eps_4.0_steps_100_Purification_type_noisy_anchor_anchors_10_alpha_1.2_sigma_0.18_threshold_0.0 - INFO - Batch:[20] Adversarial images for this batch already exist
2025-07-10 21:25:08,832 - ADV_Generation_eps_4.0_steps_100_Purification_type_noisy_anchor_anchors_10_alpha_1.2_sigma_0.18_threshold_0.0 - INFO - Batch 21/155: Clean orig accuracy 0.9464 | Clean purify accuracy 0.9077 | Adv orig accuracy: 0.7411 | Adv purify accuracy: 0.8661
2025-07-10 21:25:08,843 - ADV_Generation_eps_4.0_steps_100_Purification_type_noisy_anchor_anchors_10_alpha_1.2_sigma_0.18_threshold_0.0 - INFO - Batch:[21] Adversarial images for this batch already exist
2025-07-10 21:25:12,646 - ADV_Generation_eps_4.0_steps_100_Purification_type_noisy_anchor_anchors_10_alpha_1.2_sigma_0.18_threshold_0.0 - INFO - Batch 22/155: Clean orig accuracy 0.9489 | Clean purify accuracy 0.9091 | Adv orig accuracy: 0.7500 | Adv purify accuracy: 0.8693
2025-07-10 21:25:12,657 - ADV_Generation_eps_4.0_steps_100_Purification_type_noisy_anchor_anchors_10_alpha_1.2_sigma_0.18_threshold_0.0 - INFO - Batch:[22] Adversarial images for this batch already exist
2025-07-10 21:25:16,464 - ADV_Generation_eps_4.0_steps_100_Purification_type_noisy_anchor_anchors_10_alpha_1.2_sigma_0.18_threshold_0.0 - INFO - Batch 23/155: Clean orig accuracy 0.9511 | Clean purify accuracy 0.9103 | Adv orig accuracy: 0.7582 | Adv purify accuracy: 0.8723
2025-07-10 21:25:16,476 - ADV_Generation_eps_4.0_steps_100_Purification_type_noisy_anchor_anchors_10_alpha_1.2_sigma_0.18_threshold_0.0 - INFO - Batch:[23] Adversarial images for this batch already exist
2025-07-10 21:25:20,242 - ADV_Generation_eps_4.0_steps_100_Purification_type_noisy_anchor_anchors_10_alpha_1.2_sigma_0.18_threshold_0.0 - INFO - Batch 24/155: Clean orig accuracy 0.9531 | Clean purify accuracy 0.9141 | Adv orig accuracy: 0.7682 | Adv purify accuracy: 0.8750
2025-07-10 21:25:20,253 - ADV_Generation_eps_4.0_steps_100_Purification_type_noisy_anchor_anchors_10_alpha_1.2_sigma_0.18_threshold_0.0 - INFO - Batch:[24] Adversarial images for this batch already exist
2025-07-10 21:25:23,999 - ADV_Generation_eps_4.0_steps_100_Purification_type_noisy_anchor_anchors_10_alpha_1.2_sigma_0.18_threshold_0.0 - INFO - Batch 25/155: Clean orig accuracy 0.9550 | Clean purify accuracy 0.9175 | Adv orig accuracy: 0.7725 | Adv purify accuracy: 0.8750
2025-07-10 21:25:24,010 - ADV_Generation_eps_4.0_steps_100_Purification_type_noisy_anchor_anchors_10_alpha_1.2_sigma_0.18_threshold_0.0 - INFO - Batch:[25] Adversarial images for this batch already exist
2025-07-10 21:25:27,765 - ADV_Generation_eps_4.0_steps_100_Purification_type_noisy_anchor_anchors_10_alpha_1.2_sigma_0.18_threshold_0.0 - INFO - Batch 26/155: Clean orig accuracy 0.9567 | Clean purify accuracy 0.9207 | Adv orig accuracy: 0.7812 | Adv purify accuracy: 0.8798
2025-07-10 21:25:27,776 - ADV_Generation_eps_4.0_steps_100_Purification_type_noisy_anchor_anchors_10_alpha_1.2_sigma_0.18_threshold_0.0 - INFO - Batch:[26] Adversarial images for this batch already exist
2025-07-10 21:25:31,549 - ADV_Generation_eps_4.0_steps_100_Purification_type_noisy_anchor_anchors_10_alpha_1.2_sigma_0.18_threshold_0.0 - INFO - Batch 27/155: Clean orig accuracy 0.9583 | Clean purify accuracy 0.9213 | Adv orig accuracy: 0.7870 | Adv purify accuracy: 0.8819
2025-07-10 21:25:31,560 - ADV_Generation_eps_4.0_steps_100_Purification_type_noisy_anchor_anchors_10_alpha_1.2_sigma_0.18_threshold_0.0 - INFO - Batch:[27] Adversarial images for this batch already exist
2025-07-10 21:25:35,334 - ADV_Generation_eps_4.0_steps_100_Purification_type_noisy_anchor_anchors_10_alpha_1.2_sigma_0.18_threshold_0.0 - INFO - Batch 28/155: Clean orig accuracy 0.9598 | Clean purify accuracy 0.9174 | Adv orig accuracy: 0.7902 | Adv purify accuracy: 0.8817
2025-07-10 21:25:35,346 - ADV_Generation_eps_4.0_steps_100_Purification_type_noisy_anchor_anchors_10_alpha_1.2_sigma_0.18_threshold_0.0 - INFO - Batch:[28] Adversarial images for this batch already exist
2025-07-10 21:25:39,116 - ADV_Generation_eps_4.0_steps_100_Purification_type_noisy_anchor_anchors_10_alpha_1.2_sigma_0.18_threshold_0.0 - INFO - Batch 29/155: Clean orig accuracy 0.9612 | Clean purify accuracy 0.9030 | Adv orig accuracy: 0.7931 | Adv purify accuracy: 0.8664
2025-07-10 21:25:39,152 - ADV_Generation_eps_4.0_steps_100_Purification_type_noisy_anchor_anchors_10_alpha_1.2_sigma_0.18_threshold_0.0 - INFO - Batch:[29] Adversarial images for this batch already exist
2025-07-10 21:25:42,886 - ADV_Generation_eps_4.0_steps_100_Purification_type_noisy_anchor_anchors_10_alpha_1.2_sigma_0.18_threshold_0.0 - INFO - Batch 30/155: Clean orig accuracy 0.9583 | Clean purify accuracy 0.9021 | Adv orig accuracy: 0.7958 | Adv purify accuracy: 0.8604
2025-07-10 21:25:42,900 - ADV_Generation_eps_4.0_steps_100_Purification_type_noisy_anchor_anchors_10_alpha_1.2_sigma_0.18_threshold_0.0 - INFO - Batch:[30] Adversarial images for this batch already exist
2025-07-10 21:25:46,755 - ADV_Generation_eps_4.0_steps_100_Purification_type_noisy_anchor_anchors_10_alpha_1.2_sigma_0.18_threshold_0.0 - INFO - Batch 31/155: Clean orig accuracy 0.9597 | Clean purify accuracy 0.8952 | Adv orig accuracy: 0.7923 | Adv purify accuracy: 0.8508
2025-07-10 21:25:46,766 - ADV_Generation_eps_4.0_steps_100_Purification_type_noisy_anchor_anchors_10_alpha_1.2_sigma_0.18_threshold_0.0 - INFO - Batch:[31] Adversarial images for this batch already exist
2025-07-10 21:25:50,649 - ADV_Generation_eps_4.0_steps_100_Purification_type_noisy_anchor_anchors_10_alpha_1.2_sigma_0.18_threshold_0.0 - INFO - Batch 32/155: Clean orig accuracy 0.9609 | Clean purify accuracy 0.8887 | Adv orig accuracy: 0.7910 | Adv purify accuracy: 0.8418
2025-07-10 21:25:50,662 - ADV_Generation_eps_4.0_steps_100_Purification_type_noisy_anchor_anchors_10_alpha_1.2_sigma_0.18_threshold_0.0 - INFO - Batch:[32] Adversarial images for this batch already exist
2025-07-10 21:25:54,465 - ADV_Generation_eps_4.0_steps_100_Purification_type_noisy_anchor_anchors_10_alpha_1.2_sigma_0.18_threshold_0.0 - INFO - Batch 33/155: Clean orig accuracy 0.9621 | Clean purify accuracy 0.8883 | Adv orig accuracy: 0.7898 | Adv purify accuracy: 0.8371
2025-07-10 21:25:54,477 - ADV_Generation_eps_4.0_steps_100_Purification_type_noisy_anchor_anchors_10_alpha_1.2_sigma_0.18_threshold_0.0 - INFO - Batch:[33] Adversarial images for this batch already exist
2025-07-10 21:25:58,362 - ADV_Generation_eps_4.0_steps_100_Purification_type_noisy_anchor_anchors_10_alpha_1.2_sigma_0.18_threshold_0.0 - INFO - Batch 34/155: Clean orig accuracy 0.9632 | Clean purify accuracy 0.8805 | Adv orig accuracy: 0.7923 | Adv purify accuracy: 0.8272
2025-07-10 21:25:58,373 - ADV_Generation_eps_4.0_steps_100_Purification_type_noisy_anchor_anchors_10_alpha_1.2_sigma_0.18_threshold_0.0 - INFO - Batch:[34] Adversarial images for this batch already exist
2025-07-10 21:26:02,289 - ADV_Generation_eps_4.0_steps_100_Purification_type_noisy_anchor_anchors_10_alpha_1.2_sigma_0.18_threshold_0.0 - INFO - Batch 35/155: Clean orig accuracy 0.9643 | Clean purify accuracy 0.8732 | Adv orig accuracy: 0.7911 | Adv purify accuracy: 0.8196
2025-07-10 21:26:02,303 - ADV_Generation_eps_4.0_steps_100_Purification_type_noisy_anchor_anchors_10_alpha_1.2_sigma_0.18_threshold_0.0 - INFO - Batch:[35] Adversarial images for this batch already exist
2025-07-10 21:26:06,077 - ADV_Generation_eps_4.0_steps_100_Purification_type_noisy_anchor_anchors_10_alpha_1.2_sigma_0.18_threshold_0.0 - INFO - Batch 36/155: Clean orig accuracy 0.9653 | Clean purify accuracy 0.8698 | Adv orig accuracy: 0.7917 | Adv purify accuracy: 0.8160
2025-07-10 21:26:06,088 - ADV_Generation_eps_4.0_steps_100_Purification_type_noisy_anchor_anchors_10_alpha_1.2_sigma_0.18_threshold_0.0 - INFO - Batch:[36] Adversarial images for this batch already exist
2025-07-10 21:26:09,918 - ADV_Generation_eps_4.0_steps_100_Purification_type_noisy_anchor_anchors_10_alpha_1.2_sigma_0.18_threshold_0.0 - INFO - Batch 37/155: Clean orig accuracy 0.9662 | Clean purify accuracy 0.8699 | Adv orig accuracy: 0.7939 | Adv purify accuracy: 0.8159
2025-07-10 21:26:09,929 - ADV_Generation_eps_4.0_steps_100_Purification_type_noisy_anchor_anchors_10_alpha_1.2_sigma_0.18_threshold_0.0 - INFO - Batch:[37] Adversarial images for this batch already exist
2025-07-10 21:26:13,710 - ADV_Generation_eps_4.0_steps_100_Purification_type_noisy_anchor_anchors_10_alpha_1.2_sigma_0.18_threshold_0.0 - INFO - Batch 38/155: Clean orig accuracy 0.9671 | Clean purify accuracy 0.8618 | Adv orig accuracy: 0.7928 | Adv purify accuracy: 0.8059
2025-07-10 21:26:13,721 - ADV_Generation_eps_4.0_steps_100_Purification_type_noisy_anchor_anchors_10_alpha_1.2_sigma_0.18_threshold_0.0 - INFO - Batch:[38] Adversarial images for this batch already exist
2025-07-10 21:26:17,516 - ADV_Generation_eps_4.0_steps_100_Purification_type_noisy_anchor_anchors_10_alpha_1.2_sigma_0.18_threshold_0.0 - INFO - Batch 39/155: Clean orig accuracy 0.9679 | Clean purify accuracy 0.8622 | Adv orig accuracy: 0.7949 | Adv purify accuracy: 0.8061
2025-07-10 21:26:17,527 - ADV_Generation_eps_4.0_steps_100_Purification_type_noisy_anchor_anchors_10_alpha_1.2_sigma_0.18_threshold_0.0 - INFO - Batch:[39] Adversarial images for this batch already exist
2025-07-10 21:26:21,309 - ADV_Generation_eps_4.0_steps_100_Purification_type_noisy_anchor_anchors_10_alpha_1.2_sigma_0.18_threshold_0.0 - INFO - Batch 40/155: Clean orig accuracy 0.9688 | Clean purify accuracy 0.8609 | Adv orig accuracy: 0.7953 | Adv purify accuracy: 0.8016
2025-07-10 21:26:21,323 - ADV_Generation_eps_4.0_steps_100_Purification_type_noisy_anchor_anchors_10_alpha_1.2_sigma_0.18_threshold_0.0 - INFO - Batch:[40] Adversarial images for this batch already exist
2025-07-10 21:26:25,088 - ADV_Generation_eps_4.0_steps_100_Purification_type_noisy_anchor_anchors_10_alpha_1.2_sigma_0.18_threshold_0.0 - INFO - Batch 41/155: Clean orig accuracy 0.9680 | Clean purify accuracy 0.8537 | Adv orig accuracy: 0.7927 | Adv purify accuracy: 0.7957
2025-07-10 21:26:25,099 - ADV_Generation_eps_4.0_steps_100_Purification_type_noisy_anchor_anchors_10_alpha_1.2_sigma_0.18_threshold_0.0 - INFO - Batch:[41] Adversarial images for this batch already exist
2025-07-10 21:26:28,881 - ADV_Generation_eps_4.0_steps_100_Purification_type_noisy_anchor_anchors_10_alpha_1.2_sigma_0.18_threshold_0.0 - INFO - Batch 42/155: Clean orig accuracy 0.9688 | Clean purify accuracy 0.8527 | Adv orig accuracy: 0.7946 | Adv purify accuracy: 0.7946
2025-07-10 21:26:28,892 - ADV_Generation_eps_4.0_steps_100_Purification_type_noisy_anchor_anchors_10_alpha_1.2_sigma_0.18_threshold_0.0 - INFO - Batch:[42] Adversarial images for this batch already exist
2025-07-10 21:26:32,626 - ADV_Generation_eps_4.0_steps_100_Purification_type_noisy_anchor_anchors_10_alpha_1.2_sigma_0.18_threshold_0.0 - INFO - Batch 43/155: Clean orig accuracy 0.9666 | Clean purify accuracy 0.8532 | Adv orig accuracy: 0.7922 | Adv purify accuracy: 0.7936
2025-07-10 21:26:32,636 - ADV_Generation_eps_4.0_steps_100_Purification_type_noisy_anchor_anchors_10_alpha_1.2_sigma_0.18_threshold_0.0 - INFO - Batch:[43] Adversarial images for this batch already exist
2025-07-10 21:26:36,381 - ADV_Generation_eps_4.0_steps_100_Purification_type_noisy_anchor_anchors_10_alpha_1.2_sigma_0.18_threshold_0.0 - INFO - Batch 44/155: Clean orig accuracy 0.9616 | Clean purify accuracy 0.8494 | Adv orig accuracy: 0.7855 | Adv purify accuracy: 0.7898
2025-07-10 21:26:36,393 - ADV_Generation_eps_4.0_steps_100_Purification_type_noisy_anchor_anchors_10_alpha_1.2_sigma_0.18_threshold_0.0 - INFO - Batch:[44] Adversarial images for this batch already exist
2025-07-10 21:26:40,198 - ADV_Generation_eps_4.0_steps_100_Purification_type_noisy_anchor_anchors_10_alpha_1.2_sigma_0.18_threshold_0.0 - INFO - Batch 45/155: Clean orig accuracy 0.9597 | Clean purify accuracy 0.8500 | Adv orig accuracy: 0.7806 | Adv purify accuracy: 0.7903
2025-07-10 21:26:40,210 - ADV_Generation_eps_4.0_steps_100_Purification_type_noisy_anchor_anchors_10_alpha_1.2_sigma_0.18_threshold_0.0 - INFO - Batch:[45] Adversarial images for this batch already exist
2025-07-10 21:26:44,042 - ADV_Generation_eps_4.0_steps_100_Purification_type_noisy_anchor_anchors_10_alpha_1.2_sigma_0.18_threshold_0.0 - INFO - Batch 46/155: Clean orig accuracy 0.9592 | Clean purify accuracy 0.8492 | Adv orig accuracy: 0.7785 | Adv purify accuracy: 0.7908
2025-07-10 21:26:44,053 - ADV_Generation_eps_4.0_steps_100_Purification_type_noisy_anchor_anchors_10_alpha_1.2_sigma_0.18_threshold_0.0 - INFO - Batch:[46] Adversarial images for this batch already exist
2025-07-10 21:26:47,865 - ADV_Generation_eps_4.0_steps_100_Purification_type_noisy_anchor_anchors_10_alpha_1.2_sigma_0.18_threshold_0.0 - INFO - Batch 47/155: Clean orig accuracy 0.9588 | Clean purify accuracy 0.8444 | Adv orig accuracy: 0.7713 | Adv purify accuracy: 0.7859
2025-07-10 21:26:47,877 - ADV_Generation_eps_4.0_steps_100_Purification_type_noisy_anchor_anchors_10_alpha_1.2_sigma_0.18_threshold_0.0 - INFO - Batch:[47] Adversarial images for this batch already exist
2025-07-10 21:26:53,242 - ADV_Generation_eps_4.0_steps_100_Purification_type_noisy_anchor_anchors_10_alpha_1.2_sigma_0.18_threshold_0.0 - INFO - Batch 48/155: Clean orig accuracy 0.9583 | Clean purify accuracy 0.8451 | Adv orig accuracy: 0.7708 | Adv purify accuracy: 0.7878
2025-07-10 21:26:53,256 - ADV_Generation_eps_4.0_steps_100_Purification_type_noisy_anchor_anchors_10_alpha_1.2_sigma_0.18_threshold_0.0 - INFO - Batch:[48] Adversarial images for this batch already exist
2025-07-10 21:26:57,080 - ADV_Generation_eps_4.0_steps_100_Purification_type_noisy_anchor_anchors_10_alpha_1.2_sigma_0.18_threshold_0.0 - INFO - Batch 49/155: Clean orig accuracy 0.9592 | Clean purify accuracy 0.8482 | Adv orig accuracy: 0.7755 | Adv purify accuracy: 0.7908
2025-07-10 21:26:57,094 - ADV_Generation_eps_4.0_steps_100_Purification_type_noisy_anchor_anchors_10_alpha_1.2_sigma_0.18_threshold_0.0 - INFO - Batch:[49] Adversarial images for this batch already exist
2025-07-10 21:27:00,891 - ADV_Generation_eps_4.0_steps_100_Purification_type_noisy_anchor_anchors_10_alpha_1.2_sigma_0.18_threshold_0.0 - INFO - Batch 50/155: Clean orig accuracy 0.9600 | Clean purify accuracy 0.8488 | Adv orig accuracy: 0.7750 | Adv purify accuracy: 0.7887
2025-07-10 21:27:00,902 - ADV_Generation_eps_4.0_steps_100_Purification_type_noisy_anchor_anchors_10_alpha_1.2_sigma_0.18_threshold_0.0 - INFO - Batch:[50] Adversarial images for this batch already exist
2025-07-10 21:27:04,699 - ADV_Generation_eps_4.0_steps_100_Purification_type_noisy_anchor_anchors_10_alpha_1.2_sigma_0.18_threshold_0.0 - INFO - Batch 51/155: Clean orig accuracy 0.9596 | Clean purify accuracy 0.8505 | Adv orig accuracy: 0.7721 | Adv purify accuracy: 0.7917
2025-07-10 21:27:04,710 - ADV_Generation_eps_4.0_steps_100_Purification_type_noisy_anchor_anchors_10_alpha_1.2_sigma_0.18_threshold_0.0 - INFO - Batch:[51] Adversarial images for this batch already exist
2025-07-10 21:27:08,535 - ADV_Generation_eps_4.0_steps_100_Purification_type_noisy_anchor_anchors_10_alpha_1.2_sigma_0.18_threshold_0.0 - INFO - Batch 52/155: Clean orig accuracy 0.9579 | Clean purify accuracy 0.8522 | Adv orig accuracy: 0.7704 | Adv purify accuracy: 0.7945
2025-07-10 21:27:08,546 - ADV_Generation_eps_4.0_steps_100_Purification_type_noisy_anchor_anchors_10_alpha_1.2_sigma_0.18_threshold_0.0 - INFO - Batch:[52] Adversarial images for this batch already exist
2025-07-10 21:27:12,410 - ADV_Generation_eps_4.0_steps_100_Purification_type_noisy_anchor_anchors_10_alpha_1.2_sigma_0.18_threshold_0.0 - INFO - Batch 53/155: Clean orig accuracy 0.9575 | Clean purify accuracy 0.8502 | Adv orig accuracy: 0.7653 | Adv purify accuracy: 0.7901
2025-07-10 21:27:12,421 - ADV_Generation_eps_4.0_steps_100_Purification_type_noisy_anchor_anchors_10_alpha_1.2_sigma_0.18_threshold_0.0 - INFO - Batch:[53] Adversarial images for this batch already exist
2025-07-10 21:27:16,228 - ADV_Generation_eps_4.0_steps_100_Purification_type_noisy_anchor_anchors_10_alpha_1.2_sigma_0.18_threshold_0.0 - INFO - Batch 54/155: Clean orig accuracy 0.9583 | Clean purify accuracy 0.8530 | Adv orig accuracy: 0.7662 | Adv purify accuracy: 0.7940
2025-07-10 21:27:16,241 - ADV_Generation_eps_4.0_steps_100_Purification_type_noisy_anchor_anchors_10_alpha_1.2_sigma_0.18_threshold_0.0 - INFO - Batch:[54] Adversarial images for this batch already exist
2025-07-10 21:27:20,087 - ADV_Generation_eps_4.0_steps_100_Purification_type_noisy_anchor_anchors_10_alpha_1.2_sigma_0.18_threshold_0.0 - INFO - Batch 55/155: Clean orig accuracy 0.9591 | Clean purify accuracy 0.8534 | Adv orig accuracy: 0.7636 | Adv purify accuracy: 0.7920
2025-07-10 21:27:20,098 - ADV_Generation_eps_4.0_steps_100_Purification_type_noisy_anchor_anchors_10_alpha_1.2_sigma_0.18_threshold_0.0 - INFO - Batch:[55] Adversarial images for this batch already exist
2025-07-10 21:27:23,873 - ADV_Generation_eps_4.0_steps_100_Purification_type_noisy_anchor_anchors_10_alpha_1.2_sigma_0.18_threshold_0.0 - INFO - Batch 56/155: Clean orig accuracy 0.9598 | Clean purify accuracy 0.8549 | Adv orig accuracy: 0.7645 | Adv purify accuracy: 0.7946
2025-07-10 21:27:23,884 - ADV_Generation_eps_4.0_steps_100_Purification_type_noisy_anchor_anchors_10_alpha_1.2_sigma_0.18_threshold_0.0 - INFO - Batch:[56] Adversarial images for this batch already exist
2025-07-10 21:27:27,766 - ADV_Generation_eps_4.0_steps_100_Purification_type_noisy_anchor_anchors_10_alpha_1.2_sigma_0.18_threshold_0.0 - INFO - Batch 57/155: Clean orig accuracy 0.9572 | Clean purify accuracy 0.8421 | Adv orig accuracy: 0.7588 | Adv purify accuracy: 0.7829
2025-07-10 21:27:27,781 - ADV_Generation_eps_4.0_steps_100_Purification_type_noisy_anchor_anchors_10_alpha_1.2_sigma_0.18_threshold_0.0 - INFO - Batch:[57] Adversarial images for this batch already exist
2025-07-10 21:27:31,509 - ADV_Generation_eps_4.0_steps_100_Purification_type_noisy_anchor_anchors_10_alpha_1.2_sigma_0.18_threshold_0.0 - INFO - Batch 58/155: Clean orig accuracy 0.9569 | Clean purify accuracy 0.8416 | Adv orig accuracy: 0.7597 | Adv purify accuracy: 0.7834
2025-07-10 21:27:31,521 - ADV_Generation_eps_4.0_steps_100_Purification_type_noisy_anchor_anchors_10_alpha_1.2_sigma_0.18_threshold_0.0 - INFO - Batch:[58] Adversarial images for this batch already exist
2025-07-10 21:27:35,363 - ADV_Generation_eps_4.0_steps_100_Purification_type_noisy_anchor_anchors_10_alpha_1.2_sigma_0.18_threshold_0.0 - INFO - Batch 59/155: Clean orig accuracy 0.9576 | Clean purify accuracy 0.8443 | Adv orig accuracy: 0.7638 | Adv purify accuracy: 0.7871
2025-07-10 21:27:35,378 - ADV_Generation_eps_4.0_steps_100_Purification_type_noisy_anchor_anchors_10_alpha_1.2_sigma_0.18_threshold_0.0 - INFO - Batch:[59] Adversarial images for this batch already exist
2025-07-10 21:27:39,212 - ADV_Generation_eps_4.0_steps_100_Purification_type_noisy_anchor_anchors_10_alpha_1.2_sigma_0.18_threshold_0.0 - INFO - Batch 60/155: Clean orig accuracy 0.9583 | Clean purify accuracy 0.8469 | Adv orig accuracy: 0.7677 | Adv purify accuracy: 0.7906
2025-07-10 21:27:39,223 - ADV_Generation_eps_4.0_steps_100_Purification_type_noisy_anchor_anchors_10_alpha_1.2_sigma_0.18_threshold_0.0 - INFO - Batch:[60] Adversarial images for this batch already exist
2025-07-10 21:27:42,993 - ADV_Generation_eps_4.0_steps_100_Purification_type_noisy_anchor_anchors_10_alpha_1.2_sigma_0.18_threshold_0.0 - INFO - Batch 61/155: Clean orig accuracy 0.9580 | Clean purify accuracy 0.8453 | Adv orig accuracy: 0.7633 | Adv purify accuracy: 0.7879
2025-07-10 21:27:43,005 - ADV_Generation_eps_4.0_steps_100_Purification_type_noisy_anchor_anchors_10_alpha_1.2_sigma_0.18_threshold_0.0 - INFO - Batch:[61] Adversarial images for this batch already exist
2025-07-10 21:27:46,810 - ADV_Generation_eps_4.0_steps_100_Purification_type_noisy_anchor_anchors_10_alpha_1.2_sigma_0.18_threshold_0.0 - INFO - Batch 62/155: Clean orig accuracy 0.9577 | Clean purify accuracy 0.8478 | Adv orig accuracy: 0.7601 | Adv purify accuracy: 0.7913
2025-07-10 21:27:46,822 - ADV_Generation_eps_4.0_steps_100_Purification_type_noisy_anchor_anchors_10_alpha_1.2_sigma_0.18_threshold_0.0 - INFO - Batch:[62] Adversarial images for this batch already exist
2025-07-10 21:27:50,614 - ADV_Generation_eps_4.0_steps_100_Purification_type_noisy_anchor_anchors_10_alpha_1.2_sigma_0.18_threshold_0.0 - INFO - Batch 63/155: Clean orig accuracy 0.9514 | Clean purify accuracy 0.8442 | Adv orig accuracy: 0.7490 | Adv purify accuracy: 0.7887
2025-07-10 21:27:50,626 - ADV_Generation_eps_4.0_steps_100_Purification_type_noisy_anchor_anchors_10_alpha_1.2_sigma_0.18_threshold_0.0 - INFO - Batch:[63] Adversarial images for this batch already exist
2025-07-10 21:27:54,408 - ADV_Generation_eps_4.0_steps_100_Purification_type_noisy_anchor_anchors_10_alpha_1.2_sigma_0.18_threshold_0.0 - INFO - Batch 64/155: Clean orig accuracy 0.9512 | Clean purify accuracy 0.8457 | Adv orig accuracy: 0.7432 | Adv purify accuracy: 0.7910
2025-07-10 21:27:54,422 - ADV_Generation_eps_4.0_steps_100_Purification_type_noisy_anchor_anchors_10_alpha_1.2_sigma_0.18_threshold_0.0 - INFO - Batch:[64] Adversarial images for this batch already exist
2025-07-10 21:27:58,231 - ADV_Generation_eps_4.0_steps_100_Purification_type_noisy_anchor_anchors_10_alpha_1.2_sigma_0.18_threshold_0.0 - INFO - Batch 65/155: Clean orig accuracy 0.9500 | Clean purify accuracy 0.8481 | Adv orig accuracy: 0.7365 | Adv purify accuracy: 0.7923
2025-07-10 21:27:58,243 - ADV_Generation_eps_4.0_steps_100_Purification_type_noisy_anchor_anchors_10_alpha_1.2_sigma_0.18_threshold_0.0 - INFO - Batch:[65] Adversarial images for this batch already exist
2025-07-10 21:28:02,027 - ADV_Generation_eps_4.0_steps_100_Purification_type_noisy_anchor_anchors_10_alpha_1.2_sigma_0.18_threshold_0.0 - INFO - Batch 66/155: Clean orig accuracy 0.9479 | Clean purify accuracy 0.8466 | Adv orig accuracy: 0.7282 | Adv purify accuracy: 0.7907
2025-07-10 21:28:02,038 - ADV_Generation_eps_4.0_steps_100_Purification_type_noisy_anchor_anchors_10_alpha_1.2_sigma_0.18_threshold_0.0 - INFO - Batch:[66] Adversarial images for this batch already exist
2025-07-10 21:28:05,879 - ADV_Generation_eps_4.0_steps_100_Purification_type_noisy_anchor_anchors_10_alpha_1.2_sigma_0.18_threshold_0.0 - INFO - Batch 67/155: Clean orig accuracy 0.9487 | Clean purify accuracy 0.8451 | Adv orig accuracy: 0.7304 | Adv purify accuracy: 0.7892
2025-07-10 21:28:05,890 - ADV_Generation_eps_4.0_steps_100_Purification_type_noisy_anchor_anchors_10_alpha_1.2_sigma_0.18_threshold_0.0 - INFO - Batch:[67] Adversarial images for this batch already exist
2025-07-10 21:28:09,667 - ADV_Generation_eps_4.0_steps_100_Purification_type_noisy_anchor_anchors_10_alpha_1.2_sigma_0.18_threshold_0.0 - INFO - Batch 68/155: Clean orig accuracy 0.9458 | Clean purify accuracy 0.8410 | Adv orig accuracy: 0.7243 | Adv purify accuracy: 0.7840
2025-07-10 21:28:09,704 - ADV_Generation_eps_4.0_steps_100_Purification_type_noisy_anchor_anchors_10_alpha_1.2_sigma_0.18_threshold_0.0 - INFO - Batch:[68] Adversarial images for this batch already exist
2025-07-10 21:28:13,540 - ADV_Generation_eps_4.0_steps_100_Purification_type_noisy_anchor_anchors_10_alpha_1.2_sigma_0.18_threshold_0.0 - INFO - Batch 69/155: Clean orig accuracy 0.9447 | Clean purify accuracy 0.8388 | Adv orig accuracy: 0.7183 | Adv purify accuracy: 0.7817
2025-07-10 21:28:13,552 - ADV_Generation_eps_4.0_steps_100_Purification_type_noisy_anchor_anchors_10_alpha_1.2_sigma_0.18_threshold_0.0 - INFO - Batch:[69] Adversarial images for this batch already exist
2025-07-10 21:28:17,363 - ADV_Generation_eps_4.0_steps_100_Purification_type_noisy_anchor_anchors_10_alpha_1.2_sigma_0.18_threshold_0.0 - INFO - Batch 70/155: Clean orig accuracy 0.9429 | Clean purify accuracy 0.8348 | Adv orig accuracy: 0.7089 | Adv purify accuracy: 0.7750
2025-07-10 21:28:17,374 - ADV_Generation_eps_4.0_steps_100_Purification_type_noisy_anchor_anchors_10_alpha_1.2_sigma_0.18_threshold_0.0 - INFO - Batch:[70] Adversarial images for this batch already exist
2025-07-10 21:28:21,188 - ADV_Generation_eps_4.0_steps_100_Purification_type_noisy_anchor_anchors_10_alpha_1.2_sigma_0.18_threshold_0.0 - INFO - Batch 71/155: Clean orig accuracy 0.9349 | Clean purify accuracy 0.8257 | Adv orig accuracy: 0.6989 | Adv purify accuracy: 0.7641
2025-07-10 21:28:21,200 - ADV_Generation_eps_4.0_steps_100_Purification_type_noisy_anchor_anchors_10_alpha_1.2_sigma_0.18_threshold_0.0 - INFO - Batch:[71] Adversarial images for this batch already exist
2025-07-10 21:28:25,004 - ADV_Generation_eps_4.0_steps_100_Purification_type_noisy_anchor_anchors_10_alpha_1.2_sigma_0.18_threshold_0.0 - INFO - Batch 72/155: Clean orig accuracy 0.9349 | Clean purify accuracy 0.8247 | Adv orig accuracy: 0.6979 | Adv purify accuracy: 0.7639
2025-07-10 21:28:25,015 - ADV_Generation_eps_4.0_steps_100_Purification_type_noisy_anchor_anchors_10_alpha_1.2_sigma_0.18_threshold_0.0 - INFO - Batch:[72] Adversarial images for this batch already exist
2025-07-10 21:28:28,832 - ADV_Generation_eps_4.0_steps_100_Purification_type_noisy_anchor_anchors_10_alpha_1.2_sigma_0.18_threshold_0.0 - INFO - Batch 73/155: Clean orig accuracy 0.9341 | Clean purify accuracy 0.8262 | Adv orig accuracy: 0.6969 | Adv purify accuracy: 0.7646
2025-07-10 21:28:28,844 - ADV_Generation_eps_4.0_steps_100_Purification_type_noisy_anchor_anchors_10_alpha_1.2_sigma_0.18_threshold_0.0 - INFO - Batch:[73] Adversarial images for this batch already exist
2025-07-10 21:28:32,642 - ADV_Generation_eps_4.0_steps_100_Purification_type_noisy_anchor_anchors_10_alpha_1.2_sigma_0.18_threshold_0.0 - INFO - Batch 74/155: Clean orig accuracy 0.9350 | Clean purify accuracy 0.8285 | Adv orig accuracy: 0.7010 | Adv purify accuracy: 0.7677
2025-07-10 21:28:32,653 - ADV_Generation_eps_4.0_steps_100_Purification_type_noisy_anchor_anchors_10_alpha_1.2_sigma_0.18_threshold_0.0 - INFO - Batch:[74] Adversarial images for this batch already exist
2025-07-10 21:28:36,456 - ADV_Generation_eps_4.0_steps_100_Purification_type_noisy_anchor_anchors_10_alpha_1.2_sigma_0.18_threshold_0.0 - INFO - Batch 75/155: Clean orig accuracy 0.9358 | Clean purify accuracy 0.8300 | Adv orig accuracy: 0.7042 | Adv purify accuracy: 0.7700
2025-07-10 21:28:36,468 - ADV_Generation_eps_4.0_steps_100_Purification_type_noisy_anchor_anchors_10_alpha_1.2_sigma_0.18_threshold_0.0 - INFO - Batch:[75] Adversarial images for this batch already exist
2025-07-10 21:28:40,280 - ADV_Generation_eps_4.0_steps_100_Purification_type_noisy_anchor_anchors_10_alpha_1.2_sigma_0.18_threshold_0.0 - INFO - Batch 76/155: Clean orig accuracy 0.9367 | Clean purify accuracy 0.8281 | Adv orig accuracy: 0.7056 | Adv purify accuracy: 0.7673
2025-07-10 21:28:40,291 - ADV_Generation_eps_4.0_steps_100_Purification_type_noisy_anchor_anchors_10_alpha_1.2_sigma_0.18_threshold_0.0 - INFO - Batch:[76] Adversarial images for this batch already exist
2025-07-10 21:28:44,142 - ADV_Generation_eps_4.0_steps_100_Purification_type_noisy_anchor_anchors_10_alpha_1.2_sigma_0.18_threshold_0.0 - INFO - Batch 77/155: Clean orig accuracy 0.9359 | Clean purify accuracy 0.8263 | Adv orig accuracy: 0.7021 | Adv purify accuracy: 0.7662
2025-07-10 21:28:44,180 - ADV_Generation_eps_4.0_steps_100_Purification_type_noisy_anchor_anchors_10_alpha_1.2_sigma_0.18_threshold_0.0 - INFO - Batch:[77] Adversarial images for this batch already exist
2025-07-10 21:28:48,031 - ADV_Generation_eps_4.0_steps_100_Purification_type_noisy_anchor_anchors_10_alpha_1.2_sigma_0.18_threshold_0.0 - INFO - Batch 78/155: Clean orig accuracy 0.9351 | Clean purify accuracy 0.8261 | Adv orig accuracy: 0.6987 | Adv purify accuracy: 0.7652
2025-07-10 21:28:48,045 - ADV_Generation_eps_4.0_steps_100_Purification_type_noisy_anchor_anchors_10_alpha_1.2_sigma_0.18_threshold_0.0 - INFO - Batch:[78] Adversarial images for this batch already exist
2025-07-10 21:28:51,759 - ADV_Generation_eps_4.0_steps_100_Purification_type_noisy_anchor_anchors_10_alpha_1.2_sigma_0.18_threshold_0.0 - INFO - Batch 79/155: Clean orig accuracy 0.9351 | Clean purify accuracy 0.8275 | Adv orig accuracy: 0.6986 | Adv purify accuracy: 0.7658
2025-07-10 21:28:51,770 - ADV_Generation_eps_4.0_steps_100_Purification_type_noisy_anchor_anchors_10_alpha_1.2_sigma_0.18_threshold_0.0 - INFO - Batch:[79] Adversarial images for this batch already exist
2025-07-10 21:28:55,641 - ADV_Generation_eps_4.0_steps_100_Purification_type_noisy_anchor_anchors_10_alpha_1.2_sigma_0.18_threshold_0.0 - INFO - Batch 80/155: Clean orig accuracy 0.9352 | Clean purify accuracy 0.8281 | Adv orig accuracy: 0.7000 | Adv purify accuracy: 0.7672
2025-07-10 21:28:55,653 - ADV_Generation_eps_4.0_steps_100_Purification_type_noisy_anchor_anchors_10_alpha_1.2_sigma_0.18_threshold_0.0 - INFO - Batch:[80] Adversarial images for this batch already exist
2025-07-10 21:28:59,483 - ADV_Generation_eps_4.0_steps_100_Purification_type_noisy_anchor_anchors_10_alpha_1.2_sigma_0.18_threshold_0.0 - INFO - Batch 81/155: Clean orig accuracy 0.9360 | Clean purify accuracy 0.8279 | Adv orig accuracy: 0.6975 | Adv purify accuracy: 0.7662
2025-07-10 21:28:59,496 - ADV_Generation_eps_4.0_steps_100_Purification_type_noisy_anchor_anchors_10_alpha_1.2_sigma_0.18_threshold_0.0 - INFO - Batch:[81] Adversarial images for this batch already exist
2025-07-10 21:29:03,298 - ADV_Generation_eps_4.0_steps_100_Purification_type_noisy_anchor_anchors_10_alpha_1.2_sigma_0.18_threshold_0.0 - INFO - Batch 82/155: Clean orig accuracy 0.9360 | Clean purify accuracy 0.8285 | Adv orig accuracy: 0.6966 | Adv purify accuracy: 0.7637
2025-07-10 21:29:03,309 - ADV_Generation_eps_4.0_steps_100_Purification_type_noisy_anchor_anchors_10_alpha_1.2_sigma_0.18_threshold_0.0 - INFO - Batch:[82] Adversarial images for this batch already exist
2025-07-10 21:29:07,263 - ADV_Generation_eps_4.0_steps_100_Purification_type_noisy_anchor_anchors_10_alpha_1.2_sigma_0.18_threshold_0.0 - INFO - Batch 83/155: Clean orig accuracy 0.9367 | Clean purify accuracy 0.8291 | Adv orig accuracy: 0.6980 | Adv purify accuracy: 0.7643
2025-07-10 21:29:07,277 - ADV_Generation_eps_4.0_steps_100_Purification_type_noisy_anchor_anchors_10_alpha_1.2_sigma_0.18_threshold_0.0 - INFO - Batch:[83] Adversarial images for this batch already exist
2025-07-10 21:29:11,143 - ADV_Generation_eps_4.0_steps_100_Purification_type_noisy_anchor_anchors_10_alpha_1.2_sigma_0.18_threshold_0.0 - INFO - Batch 84/155: Clean orig accuracy 0.9375 | Clean purify accuracy 0.8311 | Adv orig accuracy: 0.7016 | Adv purify accuracy: 0.7671
2025-07-10 21:29:11,155 - ADV_Generation_eps_4.0_steps_100_Purification_type_noisy_anchor_anchors_10_alpha_1.2_sigma_0.18_threshold_0.0 - INFO - Batch:[84] Adversarial images for this batch already exist
2025-07-10 21:29:14,949 - ADV_Generation_eps_4.0_steps_100_Purification_type_noisy_anchor_anchors_10_alpha_1.2_sigma_0.18_threshold_0.0 - INFO - Batch 85/155: Clean orig accuracy 0.9375 | Clean purify accuracy 0.8316 | Adv orig accuracy: 0.7007 | Adv purify accuracy: 0.7684
2025-07-10 21:29:14,960 - ADV_Generation_eps_4.0_steps_100_Purification_type_noisy_anchor_anchors_10_alpha_1.2_sigma_0.18_threshold_0.0 - INFO - Batch:[85] Adversarial images for this batch already exist
2025-07-10 21:29:18,761 - ADV_Generation_eps_4.0_steps_100_Purification_type_noisy_anchor_anchors_10_alpha_1.2_sigma_0.18_threshold_0.0 - INFO - Batch 86/155: Clean orig accuracy 0.9382 | Clean purify accuracy 0.8314 | Adv orig accuracy: 0.6991 | Adv purify accuracy: 0.7674
2025-07-10 21:29:18,773 - ADV_Generation_eps_4.0_steps_100_Purification_type_noisy_anchor_anchors_10_alpha_1.2_sigma_0.18_threshold_0.0 - INFO - Batch:[86] Adversarial images for this batch already exist
2025-07-10 21:29:22,573 - ADV_Generation_eps_4.0_steps_100_Purification_type_noisy_anchor_anchors_10_alpha_1.2_sigma_0.18_threshold_0.0 - INFO - Batch 87/155: Clean orig accuracy 0.9368 | Clean purify accuracy 0.8297 | Adv orig accuracy: 0.6983 | Adv purify accuracy: 0.7672
2025-07-10 21:29:22,584 - ADV_Generation_eps_4.0_steps_100_Purification_type_noisy_anchor_anchors_10_alpha_1.2_sigma_0.18_threshold_0.0 - INFO - Batch:[87] Adversarial images for this batch already exist
2025-07-10 21:29:26,467 - ADV_Generation_eps_4.0_steps_100_Purification_type_noisy_anchor_anchors_10_alpha_1.2_sigma_0.18_threshold_0.0 - INFO - Batch 88/155: Clean orig accuracy 0.9354 | Clean purify accuracy 0.8274 | Adv orig accuracy: 0.6967 | Adv purify accuracy: 0.7642
2025-07-10 21:29:26,480 - ADV_Generation_eps_4.0_steps_100_Purification_type_noisy_anchor_anchors_10_alpha_1.2_sigma_0.18_threshold_0.0 - INFO - Batch:[88] Adversarial images for this batch already exist
2025-07-10 21:29:30,455 - ADV_Generation_eps_4.0_steps_100_Purification_type_noisy_anchor_anchors_10_alpha_1.2_sigma_0.18_threshold_0.0 - INFO - Batch 89/155: Clean orig accuracy 0.9347 | Clean purify accuracy 0.8258 | Adv orig accuracy: 0.6966 | Adv purify accuracy: 0.7619
2025-07-10 21:29:30,478 - ADV_Generation_eps_4.0_steps_100_Purification_type_noisy_anchor_anchors_10_alpha_1.2_sigma_0.18_threshold_0.0 - INFO - Batch:[89] Adversarial images for this batch already exist
2025-07-10 21:29:34,278 - ADV_Generation_eps_4.0_steps_100_Purification_type_noisy_anchor_anchors_10_alpha_1.2_sigma_0.18_threshold_0.0 - INFO - Batch 90/155: Clean orig accuracy 0.9354 | Clean purify accuracy 0.8278 | Adv orig accuracy: 0.6972 | Adv purify accuracy: 0.7646
2025-07-10 21:29:34,289 - ADV_Generation_eps_4.0_steps_100_Purification_type_noisy_anchor_anchors_10_alpha_1.2_sigma_0.18_threshold_0.0 - INFO - Batch:[90] Adversarial images for this batch already exist
2025-07-10 21:29:38,113 - ADV_Generation_eps_4.0_steps_100_Purification_type_noisy_anchor_anchors_10_alpha_1.2_sigma_0.18_threshold_0.0 - INFO - Batch 91/155: Clean orig accuracy 0.9361 | Clean purify accuracy 0.8297 | Adv orig accuracy: 0.6999 | Adv purify accuracy: 0.7672
2025-07-10 21:29:38,124 - ADV_Generation_eps_4.0_steps_100_Purification_type_noisy_anchor_anchors_10_alpha_1.2_sigma_0.18_threshold_0.0 - INFO - Batch:[91] Adversarial images for this batch already exist
2025-07-10 21:29:41,928 - ADV_Generation_eps_4.0_steps_100_Purification_type_noisy_anchor_anchors_10_alpha_1.2_sigma_0.18_threshold_0.0 - INFO - Batch 92/155: Clean orig accuracy 0.9368 | Clean purify accuracy 0.8295 | Adv orig accuracy: 0.7011 | Adv purify accuracy: 0.7670
2025-07-10 21:29:41,939 - ADV_Generation_eps_4.0_steps_100_Purification_type_noisy_anchor_anchors_10_alpha_1.2_sigma_0.18_threshold_0.0 - INFO - Batch:[92] Adversarial images for this batch already exist
2025-07-10 21:29:45,707 - ADV_Generation_eps_4.0_steps_100_Purification_type_noisy_anchor_anchors_10_alpha_1.2_sigma_0.18_threshold_0.0 - INFO - Batch 93/155: Clean orig accuracy 0.9362 | Clean purify accuracy 0.8266 | Adv orig accuracy: 0.7003 | Adv purify accuracy: 0.7628
2025-07-10 21:29:45,718 - ADV_Generation_eps_4.0_steps_100_Purification_type_noisy_anchor_anchors_10_alpha_1.2_sigma_0.18_threshold_0.0 - INFO - Batch:[93] Adversarial images for this batch already exist
2025-07-10 21:29:49,499 - ADV_Generation_eps_4.0_steps_100_Purification_type_noisy_anchor_anchors_10_alpha_1.2_sigma_0.18_threshold_0.0 - INFO - Batch 94/155: Clean orig accuracy 0.9362 | Clean purify accuracy 0.8271 | Adv orig accuracy: 0.7001 | Adv purify accuracy: 0.7626
2025-07-10 21:29:49,510 - ADV_Generation_eps_4.0_steps_100_Purification_type_noisy_anchor_anchors_10_alpha_1.2_sigma_0.18_threshold_0.0 - INFO - Batch:[94] Adversarial images for this batch already exist
2025-07-10 21:29:53,318 - ADV_Generation_eps_4.0_steps_100_Purification_type_noisy_anchor_anchors_10_alpha_1.2_sigma_0.18_threshold_0.0 - INFO - Batch 95/155: Clean orig accuracy 0.9368 | Clean purify accuracy 0.8263 | Adv orig accuracy: 0.7013 | Adv purify accuracy: 0.7599
2025-07-10 21:29:53,331 - ADV_Generation_eps_4.0_steps_100_Purification_type_noisy_anchor_anchors_10_alpha_1.2_sigma_0.18_threshold_0.0 - INFO - Batch:[95] Adversarial images for this batch already exist
2025-07-10 21:29:57,147 - ADV_Generation_eps_4.0_steps_100_Purification_type_noisy_anchor_anchors_10_alpha_1.2_sigma_0.18_threshold_0.0 - INFO - Batch 96/155: Clean orig accuracy 0.9362 | Clean purify accuracy 0.8236 | Adv orig accuracy: 0.7005 | Adv purify accuracy: 0.7565
2025-07-10 21:29:57,158 - ADV_Generation_eps_4.0_steps_100_Purification_type_noisy_anchor_anchors_10_alpha_1.2_sigma_0.18_threshold_0.0 - INFO - Batch:[96] Adversarial images for this batch already exist
2025-07-10 21:30:01,004 - ADV_Generation_eps_4.0_steps_100_Purification_type_noisy_anchor_anchors_10_alpha_1.2_sigma_0.18_threshold_0.0 - INFO - Batch 97/155: Clean orig accuracy 0.9362 | Clean purify accuracy 0.8228 | Adv orig accuracy: 0.6997 | Adv purify accuracy: 0.7558
2025-07-10 21:30:01,015 - ADV_Generation_eps_4.0_steps_100_Purification_type_noisy_anchor_anchors_10_alpha_1.2_sigma_0.18_threshold_0.0 - INFO - Batch:[97] Adversarial images for this batch already exist
2025-07-10 21:30:04,758 - ADV_Generation_eps_4.0_steps_100_Purification_type_noisy_anchor_anchors_10_alpha_1.2_sigma_0.18_threshold_0.0 - INFO - Batch 98/155: Clean orig accuracy 0.9369 | Clean purify accuracy 0.8227 | Adv orig accuracy: 0.7003 | Adv purify accuracy: 0.7564
2025-07-10 21:30:04,770 - ADV_Generation_eps_4.0_steps_100_Purification_type_noisy_anchor_anchors_10_alpha_1.2_sigma_0.18_threshold_0.0 - INFO - Batch:[98] Adversarial images for this batch already exist
2025-07-10 21:30:08,592 - ADV_Generation_eps_4.0_steps_100_Purification_type_noisy_anchor_anchors_10_alpha_1.2_sigma_0.18_threshold_0.0 - INFO - Batch 99/155: Clean orig accuracy 0.9375 | Clean purify accuracy 0.8232 | Adv orig accuracy: 0.7020 | Adv purify accuracy: 0.7557
2025-07-10 21:30:08,622 - ADV_Generation_eps_4.0_steps_100_Purification_type_noisy_anchor_anchors_10_alpha_1.2_sigma_0.18_threshold_0.0 - INFO - Batch:[99] Adversarial images for this batch already exist
2025-07-10 21:30:12,382 - ADV_Generation_eps_4.0_steps_100_Purification_type_noisy_anchor_anchors_10_alpha_1.2_sigma_0.18_threshold_0.0 - INFO - Batch 100/155: Clean orig accuracy 0.9381 | Clean purify accuracy 0.8237 | Adv orig accuracy: 0.7013 | Adv purify accuracy: 0.7562
2025-07-10 21:30:12,394 - ADV_Generation_eps_4.0_steps_100_Purification_type_noisy_anchor_anchors_10_alpha_1.2_sigma_0.18_threshold_0.0 - INFO - Batch:[100] Adversarial images for this batch already exist
2025-07-10 21:30:16,198 - ADV_Generation_eps_4.0_steps_100_Purification_type_noisy_anchor_anchors_10_alpha_1.2_sigma_0.18_threshold_0.0 - INFO - Batch 101/155: Clean orig accuracy 0.9381 | Clean purify accuracy 0.8236 | Adv orig accuracy: 0.7011 | Adv purify accuracy: 0.7550
2025-07-10 21:30:16,210 - ADV_Generation_eps_4.0_steps_100_Purification_type_noisy_anchor_anchors_10_alpha_1.2_sigma_0.18_threshold_0.0 - INFO - Batch:[101] Adversarial images for this batch already exist
2025-07-10 21:30:19,952 - ADV_Generation_eps_4.0_steps_100_Purification_type_noisy_anchor_anchors_10_alpha_1.2_sigma_0.18_threshold_0.0 - INFO - Batch 102/155: Clean orig accuracy 0.9369 | Clean purify accuracy 0.8199 | Adv orig accuracy: 0.6979 | Adv purify accuracy: 0.7506
2025-07-10 21:30:19,965 - ADV_Generation_eps_4.0_steps_100_Purification_type_noisy_anchor_anchors_10_alpha_1.2_sigma_0.18_threshold_0.0 - INFO - Batch:[102] Adversarial images for this batch already exist
2025-07-10 21:30:23,773 - ADV_Generation_eps_4.0_steps_100_Purification_type_noisy_anchor_anchors_10_alpha_1.2_sigma_0.18_threshold_0.0 - INFO - Batch 103/155: Clean orig accuracy 0.9345 | Clean purify accuracy 0.8137 | Adv orig accuracy: 0.6942 | Adv purify accuracy: 0.7445
2025-07-10 21:30:23,785 - ADV_Generation_eps_4.0_steps_100_Purification_type_noisy_anchor_anchors_10_alpha_1.2_sigma_0.18_threshold_0.0 - INFO - Batch:[103] Adversarial images for this batch already exist
2025-07-10 21:30:27,676 - ADV_Generation_eps_4.0_steps_100_Purification_type_noisy_anchor_anchors_10_alpha_1.2_sigma_0.18_threshold_0.0 - INFO - Batch 104/155: Clean orig accuracy 0.9309 | Clean purify accuracy 0.8083 | Adv orig accuracy: 0.6899 | Adv purify accuracy: 0.7398
2025-07-10 21:30:27,688 - ADV_Generation_eps_4.0_steps_100_Purification_type_noisy_anchor_anchors_10_alpha_1.2_sigma_0.18_threshold_0.0 - INFO - Batch:[104] Adversarial images for this batch already exist
2025-07-10 21:30:31,557 - ADV_Generation_eps_4.0_steps_100_Purification_type_noisy_anchor_anchors_10_alpha_1.2_sigma_0.18_threshold_0.0 - INFO - Batch 105/155: Clean orig accuracy 0.9310 | Clean purify accuracy 0.8089 | Adv orig accuracy: 0.6899 | Adv purify accuracy: 0.7405
2025-07-10 21:30:31,567 - ADV_Generation_eps_4.0_steps_100_Purification_type_noisy_anchor_anchors_10_alpha_1.2_sigma_0.18_threshold_0.0 - INFO - Batch:[105] Adversarial images for this batch already exist
2025-07-10 21:30:35,366 - ADV_Generation_eps_4.0_steps_100_Purification_type_noisy_anchor_anchors_10_alpha_1.2_sigma_0.18_threshold_0.0 - INFO - Batch 106/155: Clean orig accuracy 0.9316 | Clean purify accuracy 0.8107 | Adv orig accuracy: 0.6922 | Adv purify accuracy: 0.7429
2025-07-10 21:30:35,379 - ADV_Generation_eps_4.0_steps_100_Purification_type_noisy_anchor_anchors_10_alpha_1.2_sigma_0.18_threshold_0.0 - INFO - Batch:[106] Adversarial images for this batch already exist
2025-07-10 21:30:39,162 - ADV_Generation_eps_4.0_steps_100_Purification_type_noisy_anchor_anchors_10_alpha_1.2_sigma_0.18_threshold_0.0 - INFO - Batch 107/155: Clean orig accuracy 0.9322 | Clean purify accuracy 0.8113 | Adv orig accuracy: 0.6916 | Adv purify accuracy: 0.7436
2025-07-10 21:30:39,174 - ADV_Generation_eps_4.0_steps_100_Purification_type_noisy_anchor_anchors_10_alpha_1.2_sigma_0.18_threshold_0.0 - INFO - Batch:[107] Adversarial images for this batch already exist
2025-07-10 21:30:42,993 - ADV_Generation_eps_4.0_steps_100_Purification_type_noisy_anchor_anchors_10_alpha_1.2_sigma_0.18_threshold_0.0 - INFO - Batch 108/155: Clean orig accuracy 0.9323 | Clean purify accuracy 0.8125 | Adv orig accuracy: 0.6916 | Adv purify accuracy: 0.7442
2025-07-10 21:30:43,004 - ADV_Generation_eps_4.0_steps_100_Purification_type_noisy_anchor_anchors_10_alpha_1.2_sigma_0.18_threshold_0.0 - INFO - Batch:[108] Adversarial images for this batch already exist
2025-07-10 21:30:46,755 - ADV_Generation_eps_4.0_steps_100_Purification_type_noisy_anchor_anchors_10_alpha_1.2_sigma_0.18_threshold_0.0 - INFO - Batch 109/155: Clean orig accuracy 0.9306 | Clean purify accuracy 0.8102 | Adv orig accuracy: 0.6864 | Adv purify accuracy: 0.7425
2025-07-10 21:30:46,768 - ADV_Generation_eps_4.0_steps_100_Purification_type_noisy_anchor_anchors_10_alpha_1.2_sigma_0.18_threshold_0.0 - INFO - Batch:[109] Adversarial images for this batch already exist
2025-07-10 21:30:50,562 - ADV_Generation_eps_4.0_steps_100_Purification_type_noisy_anchor_anchors_10_alpha_1.2_sigma_0.18_threshold_0.0 - INFO - Batch 110/155: Clean orig accuracy 0.9295 | Clean purify accuracy 0.8080 | Adv orig accuracy: 0.6824 | Adv purify accuracy: 0.7403
2025-07-10 21:30:50,573 - ADV_Generation_eps_4.0_steps_100_Purification_type_noisy_anchor_anchors_10_alpha_1.2_sigma_0.18_threshold_0.0 - INFO - Batch:[110] Adversarial images for this batch already exist
2025-07-10 21:30:54,492 - ADV_Generation_eps_4.0_steps_100_Purification_type_noisy_anchor_anchors_10_alpha_1.2_sigma_0.18_threshold_0.0 - INFO - Batch 111/155: Clean orig accuracy 0.9285 | Clean purify accuracy 0.8057 | Adv orig accuracy: 0.6791 | Adv purify accuracy: 0.7376
2025-07-10 21:30:54,506 - ADV_Generation_eps_4.0_steps_100_Purification_type_noisy_anchor_anchors_10_alpha_1.2_sigma_0.18_threshold_0.0 - INFO - Batch:[111] Adversarial images for this batch already exist
2025-07-10 21:30:58,373 - ADV_Generation_eps_4.0_steps_100_Purification_type_noisy_anchor_anchors_10_alpha_1.2_sigma_0.18_threshold_0.0 - INFO - Batch 112/155: Clean orig accuracy 0.9280 | Clean purify accuracy 0.8052 | Adv orig accuracy: 0.6786 | Adv purify accuracy: 0.7377
2025-07-10 21:30:58,384 - ADV_Generation_eps_4.0_steps_100_Purification_type_noisy_anchor_anchors_10_alpha_1.2_sigma_0.18_threshold_0.0 - INFO - Batch:[112] Adversarial images for this batch already exist
2025-07-10 21:31:02,118 - ADV_Generation_eps_4.0_steps_100_Purification_type_noisy_anchor_anchors_10_alpha_1.2_sigma_0.18_threshold_0.0 - INFO - Batch 113/155: Clean orig accuracy 0.9287 | Clean purify accuracy 0.8070 | Adv orig accuracy: 0.6814 | Adv purify accuracy: 0.7400
2025-07-10 21:31:02,130 - ADV_Generation_eps_4.0_steps_100_Purification_type_noisy_anchor_anchors_10_alpha_1.2_sigma_0.18_threshold_0.0 - INFO - Batch:[113] Adversarial images for this batch already exist
2025-07-10 21:31:05,909 - ADV_Generation_eps_4.0_steps_100_Purification_type_noisy_anchor_anchors_10_alpha_1.2_sigma_0.18_threshold_0.0 - INFO - Batch 114/155: Clean orig accuracy 0.9293 | Clean purify accuracy 0.8065 | Adv orig accuracy: 0.6809 | Adv purify accuracy: 0.7385
2025-07-10 21:31:05,921 - ADV_Generation_eps_4.0_steps_100_Purification_type_noisy_anchor_anchors_10_alpha_1.2_sigma_0.18_threshold_0.0 - INFO - Batch:[114] Adversarial images for this batch already exist
2025-07-10 21:31:09,697 - ADV_Generation_eps_4.0_steps_100_Purification_type_noisy_anchor_anchors_10_alpha_1.2_sigma_0.18_threshold_0.0 - INFO - Batch 115/155: Clean orig accuracy 0.9272 | Clean purify accuracy 0.8016 | Adv orig accuracy: 0.6766 | Adv purify accuracy: 0.7337
2025-07-10 21:31:09,709 - ADV_Generation_eps_4.0_steps_100_Purification_type_noisy_anchor_anchors_10_alpha_1.2_sigma_0.18_threshold_0.0 - INFO - Batch:[115] Adversarial images for this batch already exist
2025-07-10 21:31:13,481 - ADV_Generation_eps_4.0_steps_100_Purification_type_noisy_anchor_anchors_10_alpha_1.2_sigma_0.18_threshold_0.0 - INFO - Batch 116/155: Clean orig accuracy 0.9273 | Clean purify accuracy 0.8006 | Adv orig accuracy: 0.6778 | Adv purify accuracy: 0.7328
2025-07-10 21:31:13,495 - ADV_Generation_eps_4.0_steps_100_Purification_type_noisy_anchor_anchors_10_alpha_1.2_sigma_0.18_threshold_0.0 - INFO - Batch:[116] Adversarial images for this batch already exist
2025-07-10 21:31:17,248 - ADV_Generation_eps_4.0_steps_100_Purification_type_noisy_anchor_anchors_10_alpha_1.2_sigma_0.18_threshold_0.0 - INFO - Batch 117/155: Clean orig accuracy 0.9268 | Clean purify accuracy 0.7997 | Adv orig accuracy: 0.6763 | Adv purify accuracy: 0.7318
2025-07-10 21:31:17,261 - ADV_Generation_eps_4.0_steps_100_Purification_type_noisy_anchor_anchors_10_alpha_1.2_sigma_0.18_threshold_0.0 - INFO - Batch:[117] Adversarial images for this batch already exist
2025-07-10 21:31:21,080 - ADV_Generation_eps_4.0_steps_100_Purification_type_noisy_anchor_anchors_10_alpha_1.2_sigma_0.18_threshold_0.0 - INFO - Batch 118/155: Clean orig accuracy 0.9274 | Clean purify accuracy 0.7998 | Adv orig accuracy: 0.6764 | Adv purify accuracy: 0.7299
2025-07-10 21:31:21,092 - ADV_Generation_eps_4.0_steps_100_Purification_type_noisy_anchor_anchors_10_alpha_1.2_sigma_0.18_threshold_0.0 - INFO - Batch:[118] Adversarial images for this batch already exist
2025-07-10 21:31:24,944 - ADV_Generation_eps_4.0_steps_100_Purification_type_noisy_anchor_anchors_10_alpha_1.2_sigma_0.18_threshold_0.0 - INFO - Batch 119/155: Clean orig accuracy 0.9275 | Clean purify accuracy 0.8004 | Adv orig accuracy: 0.6775 | Adv purify accuracy: 0.7295
2025-07-10 21:31:24,957 - ADV_Generation_eps_4.0_steps_100_Purification_type_noisy_anchor_anchors_10_alpha_1.2_sigma_0.18_threshold_0.0 - INFO - Batch:[119] Adversarial images for this batch already exist
2025-07-10 21:31:28,833 - ADV_Generation_eps_4.0_steps_100_Purification_type_noisy_anchor_anchors_10_alpha_1.2_sigma_0.18_threshold_0.0 - INFO - Batch 120/155: Clean orig accuracy 0.9281 | Clean purify accuracy 0.8010 | Adv orig accuracy: 0.6776 | Adv purify accuracy: 0.7307
2025-07-10 21:31:28,844 - ADV_Generation_eps_4.0_steps_100_Purification_type_noisy_anchor_anchors_10_alpha_1.2_sigma_0.18_threshold_0.0 - INFO - Batch:[120] Adversarial images for this batch already exist
2025-07-10 21:31:32,602 - ADV_Generation_eps_4.0_steps_100_Purification_type_noisy_anchor_anchors_10_alpha_1.2_sigma_0.18_threshold_0.0 - INFO - Batch 121/155: Clean orig accuracy 0.9287 | Clean purify accuracy 0.8027 | Adv orig accuracy: 0.6798 | Adv purify accuracy: 0.7324
2025-07-10 21:31:32,627 - ADV_Generation_eps_4.0_steps_100_Purification_type_noisy_anchor_anchors_10_alpha_1.2_sigma_0.18_threshold_0.0 - INFO - Batch:[121] Adversarial images for this batch already exist
2025-07-10 21:31:36,507 - ADV_Generation_eps_4.0_steps_100_Purification_type_noisy_anchor_anchors_10_alpha_1.2_sigma_0.18_threshold_0.0 - INFO - Batch 122/155: Clean orig accuracy 0.9288 | Clean purify accuracy 0.8028 | Adv orig accuracy: 0.6783 | Adv purify accuracy: 0.7321
2025-07-10 21:31:36,519 - ADV_Generation_eps_4.0_steps_100_Purification_type_noisy_anchor_anchors_10_alpha_1.2_sigma_0.18_threshold_0.0 - INFO - Batch:[122] Adversarial images for this batch already exist
2025-07-10 21:31:40,317 - ADV_Generation_eps_4.0_steps_100_Purification_type_noisy_anchor_anchors_10_alpha_1.2_sigma_0.18_threshold_0.0 - INFO - Batch 123/155: Clean orig accuracy 0.9294 | Clean purify accuracy 0.8034 | Adv orig accuracy: 0.6794 | Adv purify accuracy: 0.7322
2025-07-10 21:31:40,329 - ADV_Generation_eps_4.0_steps_100_Purification_type_noisy_anchor_anchors_10_alpha_1.2_sigma_0.18_threshold_0.0 - INFO - Batch:[123] Adversarial images for this batch already exist
2025-07-10 21:31:44,105 - ADV_Generation_eps_4.0_steps_100_Purification_type_noisy_anchor_anchors_10_alpha_1.2_sigma_0.18_threshold_0.0 - INFO - Batch 124/155: Clean orig accuracy 0.9299 | Clean purify accuracy 0.8049 | Adv orig accuracy: 0.6820 | Adv purify accuracy: 0.7339
2025-07-10 21:31:44,117 - ADV_Generation_eps_4.0_steps_100_Purification_type_noisy_anchor_anchors_10_alpha_1.2_sigma_0.18_threshold_0.0 - INFO - Batch:[124] Adversarial images for this batch already exist
2025-07-10 21:31:47,907 - ADV_Generation_eps_4.0_steps_100_Purification_type_noisy_anchor_anchors_10_alpha_1.2_sigma_0.18_threshold_0.0 - INFO - Batch 125/155: Clean orig accuracy 0.9305 | Clean purify accuracy 0.8065 | Adv orig accuracy: 0.6835 | Adv purify accuracy: 0.7360
2025-07-10 21:31:47,919 - ADV_Generation_eps_4.0_steps_100_Purification_type_noisy_anchor_anchors_10_alpha_1.2_sigma_0.18_threshold_0.0 - INFO - Batch:[125] Adversarial images for this batch already exist
2025-07-10 21:31:51,692 - ADV_Generation_eps_4.0_steps_100_Purification_type_noisy_anchor_anchors_10_alpha_1.2_sigma_0.18_threshold_0.0 - INFO - Batch 126/155: Clean orig accuracy 0.9311 | Clean purify accuracy 0.8070 | Adv orig accuracy: 0.6830 | Adv purify accuracy: 0.7361
2025-07-10 21:31:51,703 - ADV_Generation_eps_4.0_steps_100_Purification_type_noisy_anchor_anchors_10_alpha_1.2_sigma_0.18_threshold_0.0 - INFO - Batch:[126] Adversarial images for this batch already exist
2025-07-10 21:31:55,444 - ADV_Generation_eps_4.0_steps_100_Purification_type_noisy_anchor_anchors_10_alpha_1.2_sigma_0.18_threshold_0.0 - INFO - Batch 127/155: Clean orig accuracy 0.9316 | Clean purify accuracy 0.8086 | Adv orig accuracy: 0.6855 | Adv purify accuracy: 0.7377
2025-07-10 21:31:55,457 - ADV_Generation_eps_4.0_steps_100_Purification_type_noisy_anchor_anchors_10_alpha_1.2_sigma_0.18_threshold_0.0 - INFO - Batch:[127] Adversarial images for this batch already exist
2025-07-10 21:31:59,251 - ADV_Generation_eps_4.0_steps_100_Purification_type_noisy_anchor_anchors_10_alpha_1.2_sigma_0.18_threshold_0.0 - INFO - Batch 128/155: Clean orig accuracy 0.9321 | Clean purify accuracy 0.8101 | Adv orig accuracy: 0.6846 | Adv purify accuracy: 0.7393
2025-07-10 21:31:59,263 - ADV_Generation_eps_4.0_steps_100_Purification_type_noisy_anchor_anchors_10_alpha_1.2_sigma_0.18_threshold_0.0 - INFO - Batch:[128] Adversarial images for this batch already exist
2025-07-10 21:32:03,037 - ADV_Generation_eps_4.0_steps_100_Purification_type_noisy_anchor_anchors_10_alpha_1.2_sigma_0.18_threshold_0.0 - INFO - Batch 129/155: Clean orig accuracy 0.9317 | Clean purify accuracy 0.8101 | Adv orig accuracy: 0.6846 | Adv purify accuracy: 0.7393
2025-07-10 21:32:03,048 - ADV_Generation_eps_4.0_steps_100_Purification_type_noisy_anchor_anchors_10_alpha_1.2_sigma_0.18_threshold_0.0 - INFO - Batch:[129] Adversarial images for this batch already exist
2025-07-10 21:32:06,827 - ADV_Generation_eps_4.0_steps_100_Purification_type_noisy_anchor_anchors_10_alpha_1.2_sigma_0.18_threshold_0.0 - INFO - Batch 130/155: Clean orig accuracy 0.9322 | Clean purify accuracy 0.8106 | Adv orig accuracy: 0.6846 | Adv purify accuracy: 0.7385
2025-07-10 21:32:06,838 - ADV_Generation_eps_4.0_steps_100_Purification_type_noisy_anchor_anchors_10_alpha_1.2_sigma_0.18_threshold_0.0 - INFO - Batch:[130] Adversarial images for this batch already exist
2025-07-10 21:32:10,627 - ADV_Generation_eps_4.0_steps_100_Purification_type_noisy_anchor_anchors_10_alpha_1.2_sigma_0.18_threshold_0.0 - INFO - Batch 131/155: Clean orig accuracy 0.9318 | Clean purify accuracy 0.8106 | Adv orig accuracy: 0.6813 | Adv purify accuracy: 0.7357
2025-07-10 21:32:10,638 - ADV_Generation_eps_4.0_steps_100_Purification_type_noisy_anchor_anchors_10_alpha_1.2_sigma_0.18_threshold_0.0 - INFO - Batch:[131] Adversarial images for this batch already exist
2025-07-10 21:32:14,523 - ADV_Generation_eps_4.0_steps_100_Purification_type_noisy_anchor_anchors_10_alpha_1.2_sigma_0.18_threshold_0.0 - INFO - Batch 132/155: Clean orig accuracy 0.9318 | Clean purify accuracy 0.8111 | Adv orig accuracy: 0.6809 | Adv purify accuracy: 0.7367
2025-07-10 21:32:14,534 - ADV_Generation_eps_4.0_steps_100_Purification_type_noisy_anchor_anchors_10_alpha_1.2_sigma_0.18_threshold_0.0 - INFO - Batch:[132] Adversarial images for this batch already exist
2025-07-10 21:32:18,372 - ADV_Generation_eps_4.0_steps_100_Purification_type_noisy_anchor_anchors_10_alpha_1.2_sigma_0.18_threshold_0.0 - INFO - Batch 133/155: Clean orig accuracy 0.9323 | Clean purify accuracy 0.8125 | Adv orig accuracy: 0.6833 | Adv purify accuracy: 0.7387
2025-07-10 21:32:18,383 - ADV_Generation_eps_4.0_steps_100_Purification_type_noisy_anchor_anchors_10_alpha_1.2_sigma_0.18_threshold_0.0 - INFO - Batch:[133] Adversarial images for this batch already exist
2025-07-10 21:32:22,205 - ADV_Generation_eps_4.0_steps_100_Purification_type_noisy_anchor_anchors_10_alpha_1.2_sigma_0.18_threshold_0.0 - INFO - Batch 134/155: Clean orig accuracy 0.9328 | Clean purify accuracy 0.8134 | Adv orig accuracy: 0.6838 | Adv purify accuracy: 0.7393
2025-07-10 21:32:22,215 - ADV_Generation_eps_4.0_steps_100_Purification_type_noisy_anchor_anchors_10_alpha_1.2_sigma_0.18_threshold_0.0 - INFO - Batch:[134] Adversarial images for this batch already exist
2025-07-10 21:32:25,989 - ADV_Generation_eps_4.0_steps_100_Purification_type_noisy_anchor_anchors_10_alpha_1.2_sigma_0.18_threshold_0.0 - INFO - Batch 135/155: Clean orig accuracy 0.9333 | Clean purify accuracy 0.8144 | Adv orig accuracy: 0.6852 | Adv purify accuracy: 0.7407
2025-07-10 21:32:26,006 - ADV_Generation_eps_4.0_steps_100_Purification_type_noisy_anchor_anchors_10_alpha_1.2_sigma_0.18_threshold_0.0 - INFO - Batch:[135] Adversarial images for this batch already exist
2025-07-10 21:32:29,861 - ADV_Generation_eps_4.0_steps_100_Purification_type_noisy_anchor_anchors_10_alpha_1.2_sigma_0.18_threshold_0.0 - INFO - Batch 136/155: Clean orig accuracy 0.9338 | Clean purify accuracy 0.8157 | Adv orig accuracy: 0.6870 | Adv purify accuracy: 0.7426
2025-07-10 21:32:29,872 - ADV_Generation_eps_4.0_steps_100_Purification_type_noisy_anchor_anchors_10_alpha_1.2_sigma_0.18_threshold_0.0 - INFO - Batch:[136] Adversarial images for this batch already exist
2025-07-10 21:32:33,644 - ADV_Generation_eps_4.0_steps_100_Purification_type_noisy_anchor_anchors_10_alpha_1.2_sigma_0.18_threshold_0.0 - INFO - Batch 137/155: Clean orig accuracy 0.9343 | Clean purify accuracy 0.8157 | Adv orig accuracy: 0.6875 | Adv purify accuracy: 0.7432
2025-07-10 21:32:33,656 - ADV_Generation_eps_4.0_steps_100_Purification_type_noisy_anchor_anchors_10_alpha_1.2_sigma_0.18_threshold_0.0 - INFO - Batch:[137] Adversarial images for this batch already exist
2025-07-10 21:32:37,439 - ADV_Generation_eps_4.0_steps_100_Purification_type_noisy_anchor_anchors_10_alpha_1.2_sigma_0.18_threshold_0.0 - INFO - Batch 138/155: Clean orig accuracy 0.9348 | Clean purify accuracy 0.8170 | Adv orig accuracy: 0.6898 | Adv purify accuracy: 0.7450
2025-07-10 21:32:37,451 - ADV_Generation_eps_4.0_steps_100_Purification_type_noisy_anchor_anchors_10_alpha_1.2_sigma_0.18_threshold_0.0 - INFO - Batch:[138] Adversarial images for this batch already exist
2025-07-10 21:32:41,231 - ADV_Generation_eps_4.0_steps_100_Purification_type_noisy_anchor_anchors_10_alpha_1.2_sigma_0.18_threshold_0.0 - INFO - Batch 139/155: Clean orig accuracy 0.9353 | Clean purify accuracy 0.8179 | Adv orig accuracy: 0.6915 | Adv purify accuracy: 0.7464
2025-07-10 21:32:41,242 - ADV_Generation_eps_4.0_steps_100_Purification_type_noisy_anchor_anchors_10_alpha_1.2_sigma_0.18_threshold_0.0 - INFO - Batch:[139] Adversarial images for this batch already exist
2025-07-10 21:32:45,059 - ADV_Generation_eps_4.0_steps_100_Purification_type_noisy_anchor_anchors_10_alpha_1.2_sigma_0.18_threshold_0.0 - INFO - Batch 140/155: Clean orig accuracy 0.9357 | Clean purify accuracy 0.8192 | Adv orig accuracy: 0.6937 | Adv purify accuracy: 0.7482
2025-07-10 21:32:45,073 - ADV_Generation_eps_4.0_steps_100_Purification_type_noisy_anchor_anchors_10_alpha_1.2_sigma_0.18_threshold_0.0 - INFO - Batch:[140] Adversarial images for this batch already exist
2025-07-10 21:32:48,982 - ADV_Generation_eps_4.0_steps_100_Purification_type_noisy_anchor_anchors_10_alpha_1.2_sigma_0.18_threshold_0.0 - INFO - Batch 141/155: Clean orig accuracy 0.9362 | Clean purify accuracy 0.8205 | Adv orig accuracy: 0.6959 | Adv purify accuracy: 0.7500
2025-07-10 21:32:48,993 - ADV_Generation_eps_4.0_steps_100_Purification_type_noisy_anchor_anchors_10_alpha_1.2_sigma_0.18_threshold_0.0 - INFO - Batch:[141] Adversarial images for this batch already exist
2025-07-10 21:32:52,832 - ADV_Generation_eps_4.0_steps_100_Purification_type_noisy_anchor_anchors_10_alpha_1.2_sigma_0.18_threshold_0.0 - INFO - Batch 142/155: Clean orig accuracy 0.9366 | Clean purify accuracy 0.8204 | Adv orig accuracy: 0.6967 | Adv purify accuracy: 0.7496
2025-07-10 21:32:52,845 - ADV_Generation_eps_4.0_steps_100_Purification_type_noisy_anchor_anchors_10_alpha_1.2_sigma_0.18_threshold_0.0 - INFO - Batch:[142] Adversarial images for this batch already exist
2025-07-10 21:32:56,676 - ADV_Generation_eps_4.0_steps_100_Purification_type_noisy_anchor_anchors_10_alpha_1.2_sigma_0.18_threshold_0.0 - INFO - Batch 143/155: Clean orig accuracy 0.9366 | Clean purify accuracy 0.8182 | Adv orig accuracy: 0.6967 | Adv purify accuracy: 0.7465
2025-07-10 21:32:56,688 - ADV_Generation_eps_4.0_steps_100_Purification_type_noisy_anchor_anchors_10_alpha_1.2_sigma_0.18_threshold_0.0 - INFO - Batch:[143] Adversarial images for this batch already exist
2025-07-10 21:33:00,453 - ADV_Generation_eps_4.0_steps_100_Purification_type_noisy_anchor_anchors_10_alpha_1.2_sigma_0.18_threshold_0.0 - INFO - Batch 144/155: Clean orig accuracy 0.9366 | Clean purify accuracy 0.8190 | Adv orig accuracy: 0.6966 | Adv purify accuracy: 0.7474
2025-07-10 21:33:00,464 - ADV_Generation_eps_4.0_steps_100_Purification_type_noisy_anchor_anchors_10_alpha_1.2_sigma_0.18_threshold_0.0 - INFO - Batch:[144] Adversarial images for this batch already exist
2025-07-10 21:33:04,250 - ADV_Generation_eps_4.0_steps_100_Purification_type_noisy_anchor_anchors_10_alpha_1.2_sigma_0.18_threshold_0.0 - INFO - Batch 145/155: Clean orig accuracy 0.9371 | Clean purify accuracy 0.8198 | Adv orig accuracy: 0.6974 | Adv purify accuracy: 0.7487
2025-07-10 21:33:04,263 - ADV_Generation_eps_4.0_steps_100_Purification_type_noisy_anchor_anchors_10_alpha_1.2_sigma_0.18_threshold_0.0 - INFO - Batch:[145] Adversarial images for this batch already exist
2025-07-10 21:33:08,073 - ADV_Generation_eps_4.0_steps_100_Purification_type_noisy_anchor_anchors_10_alpha_1.2_sigma_0.18_threshold_0.0 - INFO - Batch 146/155: Clean orig accuracy 0.9375 | Clean purify accuracy 0.8211 | Adv orig accuracy: 0.6995 | Adv purify accuracy: 0.7504
2025-07-10 21:33:08,085 - ADV_Generation_eps_4.0_steps_100_Purification_type_noisy_anchor_anchors_10_alpha_1.2_sigma_0.18_threshold_0.0 - INFO - Batch:[146] Adversarial images for this batch already exist
2025-07-10 21:33:11,882 - ADV_Generation_eps_4.0_steps_100_Purification_type_noisy_anchor_anchors_10_alpha_1.2_sigma_0.18_threshold_0.0 - INFO - Batch 147/155: Clean orig accuracy 0.9379 | Clean purify accuracy 0.8219 | Adv orig accuracy: 0.7003 | Adv purify accuracy: 0.7517
2025-07-10 21:33:11,894 - ADV_Generation_eps_4.0_steps_100_Purification_type_noisy_anchor_anchors_10_alpha_1.2_sigma_0.18_threshold_0.0 - INFO - Batch:[147] Adversarial images for this batch already exist
2025-07-10 21:33:15,702 - ADV_Generation_eps_4.0_steps_100_Purification_type_noisy_anchor_anchors_10_alpha_1.2_sigma_0.18_threshold_0.0 - INFO - Batch 148/155: Clean orig accuracy 0.9383 | Clean purify accuracy 0.8231 | Adv orig accuracy: 0.7023 | Adv purify accuracy: 0.7534
2025-07-10 21:33:15,715 - ADV_Generation_eps_4.0_steps_100_Purification_type_noisy_anchor_anchors_10_alpha_1.2_sigma_0.18_threshold_0.0 - INFO - Batch:[148] Adversarial images for this batch already exist
2025-07-10 21:33:19,479 - ADV_Generation_eps_4.0_steps_100_Purification_type_noisy_anchor_anchors_10_alpha_1.2_sigma_0.18_threshold_0.0 - INFO - Batch 149/155: Clean orig accuracy 0.9379 | Clean purify accuracy 0.8226 | Adv orig accuracy: 0.7022 | Adv purify accuracy: 0.7529
2025-07-10 21:33:19,492 - ADV_Generation_eps_4.0_steps_100_Purification_type_noisy_anchor_anchors_10_alpha_1.2_sigma_0.18_threshold_0.0 - INFO - Batch:[149] Adversarial images for this batch already exist
2025-07-10 21:33:23,260 - ADV_Generation_eps_4.0_steps_100_Purification_type_noisy_anchor_anchors_10_alpha_1.2_sigma_0.18_threshold_0.0 - INFO - Batch 150/155: Clean orig accuracy 0.9371 | Clean purify accuracy 0.8204 | Adv orig accuracy: 0.7000 | Adv purify accuracy: 0.7508
2025-07-10 21:33:23,275 - ADV_Generation_eps_4.0_steps_100_Purification_type_noisy_anchor_anchors_10_alpha_1.2_sigma_0.18_threshold_0.0 - INFO - Batch:[150] Adversarial images for this batch already exist
2025-07-10 21:33:27,110 - ADV_Generation_eps_4.0_steps_100_Purification_type_noisy_anchor_anchors_10_alpha_1.2_sigma_0.18_threshold_0.0 - INFO - Batch 151/155: Clean orig accuracy 0.9367 | Clean purify accuracy 0.8187 | Adv orig accuracy: 0.6983 | Adv purify accuracy: 0.7492
2025-07-10 21:33:27,123 - ADV_Generation_eps_4.0_steps_100_Purification_type_noisy_anchor_anchors_10_alpha_1.2_sigma_0.18_threshold_0.0 - INFO - Batch:[151] Adversarial images for this batch already exist
2025-07-10 21:33:30,879 - ADV_Generation_eps_4.0_steps_100_Purification_type_noisy_anchor_anchors_10_alpha_1.2_sigma_0.18_threshold_0.0 - INFO - Batch 152/155: Clean orig accuracy 0.9363 | Clean purify accuracy 0.8187 | Adv orig accuracy: 0.6986 | Adv purify accuracy: 0.7492
2025-07-10 21:33:30,892 - ADV_Generation_eps_4.0_steps_100_Purification_type_noisy_anchor_anchors_10_alpha_1.2_sigma_0.18_threshold_0.0 - INFO - Batch:[152] Adversarial images for this batch already exist
2025-07-10 21:33:34,798 - ADV_Generation_eps_4.0_steps_100_Purification_type_noisy_anchor_anchors_10_alpha_1.2_sigma_0.18_threshold_0.0 - INFO - Batch 153/155: Clean orig accuracy 0.9363 | Clean purify accuracy 0.8194 | Adv orig accuracy: 0.7002 | Adv purify accuracy: 0.7500
2025-07-10 21:33:34,811 - ADV_Generation_eps_4.0_steps_100_Purification_type_noisy_anchor_anchors_10_alpha_1.2_sigma_0.18_threshold_0.0 - INFO - Batch:[153] Adversarial images for this batch already exist
2025-07-10 21:33:38,561 - ADV_Generation_eps_4.0_steps_100_Purification_type_noisy_anchor_anchors_10_alpha_1.2_sigma_0.18_threshold_0.0 - INFO - Batch 154/155: Clean orig accuracy 0.9367 | Clean purify accuracy 0.8206 | Adv orig accuracy: 0.7021 | Adv purify accuracy: 0.7516
2025-07-10 21:33:38,566 - ADV_Generation_eps_4.0_steps_100_Purification_type_noisy_anchor_anchors_10_alpha_1.2_sigma_0.18_threshold_0.0 - INFO - Batch:[154] Adversarial images for this batch already exist
2025-07-10 21:33:39,265 - ADV_Generation_eps_4.0_steps_100_Purification_type_noisy_anchor_anchors_10_alpha_1.2_sigma_0.18_threshold_0.0 - INFO - Batch 155/155: Clean orig accuracy 0.9367 | Clean purify accuracy 0.8207 | Adv orig accuracy: 0.7022 | Adv purify accuracy: 0.7517
2025-07-10 21:33:39,371 - ADV_Generation_eps_4.0_steps_100_Purification_type_noisy_anchor_anchors_10_alpha_1.2_sigma_0.18_threshold_0.0 - INFO - Final Clean orig accuracy: 0.9367 | Clean purify accuracy: 0.8207
2025-07-10 21:33:39,371 - ADV_Generation_eps_4.0_steps_100_Purification_type_noisy_anchor_anchors_10_alpha_1.2_sigma_0.18_threshold_0.0 - INFO - Final Adv orig accuracy: 0.7022 | Adv purify accuracy: 0.7517
2025-07-10 21:33:39,371 - ADV_Generation_eps_4.0_steps_100_Purification_type_noisy_anchor_anchors_10_alpha_1.2_sigma_0.18_threshold_0.0 - INFO - Diff_ratio_clean: 0.4802 | Diff_ratio_adv: 0.4836
2025-07-10 21:33:39,371 - ADV_Generation_eps_4.0_steps_100_Purification_type_noisy_anchor_anchors_10_alpha_1.2_sigma_0.18_threshold_0.0 - INFO - Adversarial image generation completed. Results
