2025-07-10 21:22:48,812 - ADV_Generation_eps_4.0_steps_100_Purification_type_noisy_anchor_anchors_10_alpha_1.2_sigma_0.12_threshold_0.0 - INFO - ==========================================
data:/leonardo_work/EUHPC_R04_192/fmohamma/Adversarial_Robust_Clip/atpt_data/downstream_datasets
test_sets:Caltech101
dataset_mode:test
arch:fare4
resolution:224
workers:4
no_pin_memory:False
batch_size:64
adv_bs:16
print_freq:20
gpu:0
no_cudnn_benchmark:False
n_ctx:4
ctx_init:a_photo_of_a
seed:0
output_dir:/leonardo_work/EUHPC_R04_192/fmohamma/Adversarial_Robust_Clip/atpt_data/fare4/Caltech101
log_output_dir:/leonardo_work/EUHPC_R04_192/fmohamma/Adversarial_Robust_Clip/ATPT/Purify_Results/fare4/Caltech101
eps:4.0
alpha:1.0
alpha_eps_ratio:4.0
steps:100
counter_attack:False
counter_attack_type:pgd
counter_attack_steps:2
counter_attack_eps:4.0
counter_attack_alpha:1.0
counter_attack_tau_thres:0.2
counter_attack_beta:2.0
counter_attack_weighted_perturbations:True
pgd_clip_pure_i_text_embeddings:null
pgd_counter_and_clipure_i_lamda:1.0
image_feature_purify:True
image_feature_purify_type:noisy_anchor
image_feature_purify_noisy_anchors:10
image_feature_purify_anchors_alpha:1.2
image_feature_purify_noisy_sigma:0.12
image_feature_purify_diff_threshold:0.0
lr:0.005
selection_p:0.1
tta_steps:1
top_k:20
softmax_temp:0.01
load_tecoa:

2025-07-10 21:22:48,813 - ADV_Generation_eps_4.0_steps_100_Purification_type_noisy_anchor_anchors_10_alpha_1.2_sigma_0.12_threshold_0.0 - INFO - Use GPU: 0 for training
2025-07-10 21:23:45,184 - ADV_Generation_eps_4.0_steps_100_Purification_type_noisy_anchor_anchors_10_alpha_1.2_sigma_0.12_threshold_0.0 - INFO - => Model created: visual backbone fare4
2025-07-10 21:23:45,259 - ADV_Generation_eps_4.0_steps_100_Purification_type_noisy_anchor_anchors_10_alpha_1.2_sigma_0.12_threshold_0.0 - INFO - Number of test samples: 2465
2025-07-10 21:23:45,260 - ADV_Generation_eps_4.0_steps_100_Purification_type_noisy_anchor_anchors_10_alpha_1.2_sigma_0.12_threshold_0.0 - INFO - Evaluating dataset: Caltech101
2025-07-10 21:23:45,261 - ADV_Generation_eps_4.0_steps_100_Purification_type_noisy_anchor_anchors_10_alpha_1.2_sigma_0.12_threshold_0.0 - INFO - Starting evaluation with batch size: 64, selection percentage: 0.1
2025-07-10 21:23:45,261 - ADV_Generation_eps_4.0_steps_100_Purification_type_noisy_anchor_anchors_10_alpha_1.2_sigma_0.12_threshold_0.0 - INFO - Using PGD attack with epsilon: 0.015686, alpha: 0.003922, steps: 100
2025-07-10 21:23:45,263 - ADV_Generation_eps_4.0_steps_100_Purification_type_noisy_anchor_anchors_10_alpha_1.2_sigma_0.12_threshold_0.0 - INFO - Using directory for adversarial images: /leonardo_work/EUHPC_R04_192/fmohamma/Adversarial_Robust_Clip/atpt_data/fare4/Caltech101/adv_images_eps_4.0_alpha_1.0_steps_100
2025-07-10 21:23:45,901 - ADV_Generation_eps_4.0_steps_100_Purification_type_noisy_anchor_anchors_10_alpha_1.2_sigma_0.12_threshold_0.0 - INFO - Batch:[0] Adversarial images for this batch already exist
2025-07-10 21:23:52,159 - ADV_Generation_eps_4.0_steps_100_Purification_type_noisy_anchor_anchors_10_alpha_1.2_sigma_0.12_threshold_0.0 - INFO - Batch 1/155: Clean orig accuracy 0.8750 | Clean purify accuracy 1.0000 | Adv orig accuracy: 0.6250 | Adv purify accuracy: 1.0000
2025-07-10 21:23:52,212 - ADV_Generation_eps_4.0_steps_100_Purification_type_noisy_anchor_anchors_10_alpha_1.2_sigma_0.12_threshold_0.0 - INFO - Batch:[1] Adversarial images for this batch already exist
2025-07-10 21:23:56,225 - ADV_Generation_eps_4.0_steps_100_Purification_type_noisy_anchor_anchors_10_alpha_1.2_sigma_0.12_threshold_0.0 - INFO - Batch 2/155: Clean orig accuracy 0.9062 | Clean purify accuracy 1.0000 | Adv orig accuracy: 0.6875 | Adv purify accuracy: 1.0000
2025-07-10 21:23:56,273 - ADV_Generation_eps_4.0_steps_100_Purification_type_noisy_anchor_anchors_10_alpha_1.2_sigma_0.12_threshold_0.0 - INFO - Batch:[2] Adversarial images for this batch already exist
2025-07-10 21:24:00,157 - ADV_Generation_eps_4.0_steps_100_Purification_type_noisy_anchor_anchors_10_alpha_1.2_sigma_0.12_threshold_0.0 - INFO - Batch 3/155: Clean orig accuracy 0.9375 | Clean purify accuracy 1.0000 | Adv orig accuracy: 0.7083 | Adv purify accuracy: 1.0000
2025-07-10 21:24:00,169 - ADV_Generation_eps_4.0_steps_100_Purification_type_noisy_anchor_anchors_10_alpha_1.2_sigma_0.12_threshold_0.0 - INFO - Batch:[3] Adversarial images for this batch already exist
2025-07-10 21:24:04,012 - ADV_Generation_eps_4.0_steps_100_Purification_type_noisy_anchor_anchors_10_alpha_1.2_sigma_0.12_threshold_0.0 - INFO - Batch 4/155: Clean orig accuracy 0.9531 | Clean purify accuracy 1.0000 | Adv orig accuracy: 0.6562 | Adv purify accuracy: 1.0000
2025-07-10 21:24:04,026 - ADV_Generation_eps_4.0_steps_100_Purification_type_noisy_anchor_anchors_10_alpha_1.2_sigma_0.12_threshold_0.0 - INFO - Batch:[4] Adversarial images for this batch already exist
2025-07-10 21:24:07,772 - ADV_Generation_eps_4.0_steps_100_Purification_type_noisy_anchor_anchors_10_alpha_1.2_sigma_0.12_threshold_0.0 - INFO - Batch 5/155: Clean orig accuracy 0.9125 | Clean purify accuracy 1.0000 | Adv orig accuracy: 0.6250 | Adv purify accuracy: 1.0000
2025-07-10 21:24:07,783 - ADV_Generation_eps_4.0_steps_100_Purification_type_noisy_anchor_anchors_10_alpha_1.2_sigma_0.12_threshold_0.0 - INFO - Batch:[5] Adversarial images for this batch already exist
2025-07-10 21:24:11,574 - ADV_Generation_eps_4.0_steps_100_Purification_type_noisy_anchor_anchors_10_alpha_1.2_sigma_0.12_threshold_0.0 - INFO - Batch 6/155: Clean orig accuracy 0.9167 | Clean purify accuracy 1.0000 | Adv orig accuracy: 0.6250 | Adv purify accuracy: 1.0000
2025-07-10 21:24:11,590 - ADV_Generation_eps_4.0_steps_100_Purification_type_noisy_anchor_anchors_10_alpha_1.2_sigma_0.12_threshold_0.0 - INFO - Batch:[6] Adversarial images for this batch already exist
2025-07-10 21:24:15,449 - ADV_Generation_eps_4.0_steps_100_Purification_type_noisy_anchor_anchors_10_alpha_1.2_sigma_0.12_threshold_0.0 - INFO - Batch 7/155: Clean orig accuracy 0.9286 | Clean purify accuracy 1.0000 | Adv orig accuracy: 0.6250 | Adv purify accuracy: 1.0000
2025-07-10 21:24:15,464 - ADV_Generation_eps_4.0_steps_100_Purification_type_noisy_anchor_anchors_10_alpha_1.2_sigma_0.12_threshold_0.0 - INFO - Batch:[7] Adversarial images for this batch already exist
2025-07-10 21:24:19,271 - ADV_Generation_eps_4.0_steps_100_Purification_type_noisy_anchor_anchors_10_alpha_1.2_sigma_0.12_threshold_0.0 - INFO - Batch 8/155: Clean orig accuracy 0.9141 | Clean purify accuracy 1.0000 | Adv orig accuracy: 0.6172 | Adv purify accuracy: 1.0000
2025-07-10 21:24:19,284 - ADV_Generation_eps_4.0_steps_100_Purification_type_noisy_anchor_anchors_10_alpha_1.2_sigma_0.12_threshold_0.0 - INFO - Batch:[8] Adversarial images for this batch already exist
2025-07-10 21:24:23,142 - ADV_Generation_eps_4.0_steps_100_Purification_type_noisy_anchor_anchors_10_alpha_1.2_sigma_0.12_threshold_0.0 - INFO - Batch 9/155: Clean orig accuracy 0.9167 | Clean purify accuracy 0.9861 | Adv orig accuracy: 0.6250 | Adv purify accuracy: 0.9653
2025-07-10 21:24:23,153 - ADV_Generation_eps_4.0_steps_100_Purification_type_noisy_anchor_anchors_10_alpha_1.2_sigma_0.12_threshold_0.0 - INFO - Batch:[9] Adversarial images for this batch already exist
2025-07-10 21:24:26,928 - ADV_Generation_eps_4.0_steps_100_Purification_type_noisy_anchor_anchors_10_alpha_1.2_sigma_0.12_threshold_0.0 - INFO - Batch 10/155: Clean orig accuracy 0.9125 | Clean purify accuracy 0.9688 | Adv orig accuracy: 0.5938 | Adv purify accuracy: 0.9125
2025-07-10 21:24:26,945 - ADV_Generation_eps_4.0_steps_100_Purification_type_noisy_anchor_anchors_10_alpha_1.2_sigma_0.12_threshold_0.0 - INFO - Batch:[10] Adversarial images for this batch already exist
2025-07-10 21:24:30,742 - ADV_Generation_eps_4.0_steps_100_Purification_type_noisy_anchor_anchors_10_alpha_1.2_sigma_0.12_threshold_0.0 - INFO - Batch 11/155: Clean orig accuracy 0.9091 | Clean purify accuracy 0.9545 | Adv orig accuracy: 0.5852 | Adv purify accuracy: 0.8750
2025-07-10 21:24:30,758 - ADV_Generation_eps_4.0_steps_100_Purification_type_noisy_anchor_anchors_10_alpha_1.2_sigma_0.12_threshold_0.0 - INFO - Batch:[11] Adversarial images for this batch already exist
2025-07-10 21:24:34,589 - ADV_Generation_eps_4.0_steps_100_Purification_type_noisy_anchor_anchors_10_alpha_1.2_sigma_0.12_threshold_0.0 - INFO - Batch 12/155: Clean orig accuracy 0.9062 | Clean purify accuracy 0.9479 | Adv orig accuracy: 0.5781 | Adv purify accuracy: 0.8594
2025-07-10 21:24:34,603 - ADV_Generation_eps_4.0_steps_100_Purification_type_noisy_anchor_anchors_10_alpha_1.2_sigma_0.12_threshold_0.0 - INFO - Batch:[12] Adversarial images for this batch already exist
2025-07-10 21:24:38,441 - ADV_Generation_eps_4.0_steps_100_Purification_type_noisy_anchor_anchors_10_alpha_1.2_sigma_0.12_threshold_0.0 - INFO - Batch 13/155: Clean orig accuracy 0.9135 | Clean purify accuracy 0.9519 | Adv orig accuracy: 0.6010 | Adv purify accuracy: 0.8606
2025-07-10 21:24:38,452 - ADV_Generation_eps_4.0_steps_100_Purification_type_noisy_anchor_anchors_10_alpha_1.2_sigma_0.12_threshold_0.0 - INFO - Batch:[13] Adversarial images for this batch already exist
2025-07-10 21:24:42,214 - ADV_Generation_eps_4.0_steps_100_Purification_type_noisy_anchor_anchors_10_alpha_1.2_sigma_0.12_threshold_0.0 - INFO - Batch 14/155: Clean orig accuracy 0.9196 | Clean purify accuracy 0.9509 | Adv orig accuracy: 0.6205 | Adv purify accuracy: 0.8616
2025-07-10 21:24:42,225 - ADV_Generation_eps_4.0_steps_100_Purification_type_noisy_anchor_anchors_10_alpha_1.2_sigma_0.12_threshold_0.0 - INFO - Batch:[14] Adversarial images for this batch already exist
2025-07-10 21:24:46,029 - ADV_Generation_eps_4.0_steps_100_Purification_type_noisy_anchor_anchors_10_alpha_1.2_sigma_0.12_threshold_0.0 - INFO - Batch 15/155: Clean orig accuracy 0.9250 | Clean purify accuracy 0.9542 | Adv orig accuracy: 0.6458 | Adv purify accuracy: 0.8708
2025-07-10 21:24:46,048 - ADV_Generation_eps_4.0_steps_100_Purification_type_noisy_anchor_anchors_10_alpha_1.2_sigma_0.12_threshold_0.0 - INFO - Batch:[15] Adversarial images for this batch already exist
2025-07-10 21:24:49,789 - ADV_Generation_eps_4.0_steps_100_Purification_type_noisy_anchor_anchors_10_alpha_1.2_sigma_0.12_threshold_0.0 - INFO - Batch 16/155: Clean orig accuracy 0.9297 | Clean purify accuracy 0.9570 | Adv orig accuracy: 0.6680 | Adv purify accuracy: 0.8789
2025-07-10 21:24:49,804 - ADV_Generation_eps_4.0_steps_100_Purification_type_noisy_anchor_anchors_10_alpha_1.2_sigma_0.12_threshold_0.0 - INFO - Batch:[16] Adversarial images for this batch already exist
2025-07-10 21:24:53,608 - ADV_Generation_eps_4.0_steps_100_Purification_type_noisy_anchor_anchors_10_alpha_1.2_sigma_0.12_threshold_0.0 - INFO - Batch 17/155: Clean orig accuracy 0.9338 | Clean purify accuracy 0.9596 | Adv orig accuracy: 0.6838 | Adv purify accuracy: 0.8713
2025-07-10 21:24:53,620 - ADV_Generation_eps_4.0_steps_100_Purification_type_noisy_anchor_anchors_10_alpha_1.2_sigma_0.12_threshold_0.0 - INFO - Batch:[17] Adversarial images for this batch already exist
2025-07-10 21:24:57,427 - ADV_Generation_eps_4.0_steps_100_Purification_type_noisy_anchor_anchors_10_alpha_1.2_sigma_0.12_threshold_0.0 - INFO - Batch 18/155: Clean orig accuracy 0.9375 | Clean purify accuracy 0.9618 | Adv orig accuracy: 0.7014 | Adv purify accuracy: 0.8785
2025-07-10 21:24:57,438 - ADV_Generation_eps_4.0_steps_100_Purification_type_noisy_anchor_anchors_10_alpha_1.2_sigma_0.12_threshold_0.0 - INFO - Batch:[18] Adversarial images for this batch already exist
2025-07-10 21:25:01,277 - ADV_Generation_eps_4.0_steps_100_Purification_type_noisy_anchor_anchors_10_alpha_1.2_sigma_0.12_threshold_0.0 - INFO - Batch 19/155: Clean orig accuracy 0.9408 | Clean purify accuracy 0.9638 | Adv orig accuracy: 0.7171 | Adv purify accuracy: 0.8849
2025-07-10 21:25:01,289 - ADV_Generation_eps_4.0_steps_100_Purification_type_noisy_anchor_anchors_10_alpha_1.2_sigma_0.12_threshold_0.0 - INFO - Batch:[19] Adversarial images for this batch already exist
2025-07-10 21:25:05,039 - ADV_Generation_eps_4.0_steps_100_Purification_type_noisy_anchor_anchors_10_alpha_1.2_sigma_0.12_threshold_0.0 - INFO - Batch 20/155: Clean orig accuracy 0.9437 | Clean purify accuracy 0.9656 | Adv orig accuracy: 0.7312 | Adv purify accuracy: 0.8875
2025-07-10 21:25:05,049 - ADV_Generation_eps_4.0_steps_100_Purification_type_noisy_anchor_anchors_10_alpha_1.2_sigma_0.12_threshold_0.0 - INFO - Batch:[20] Adversarial images for this batch already exist
2025-07-10 21:25:08,817 - ADV_Generation_eps_4.0_steps_100_Purification_type_noisy_anchor_anchors_10_alpha_1.2_sigma_0.12_threshold_0.0 - INFO - Batch 21/155: Clean orig accuracy 0.9464 | Clean purify accuracy 0.9673 | Adv orig accuracy: 0.7411 | Adv purify accuracy: 0.8899
2025-07-10 21:25:08,834 - ADV_Generation_eps_4.0_steps_100_Purification_type_noisy_anchor_anchors_10_alpha_1.2_sigma_0.12_threshold_0.0 - INFO - Batch:[21] Adversarial images for this batch already exist
2025-07-10 21:25:12,635 - ADV_Generation_eps_4.0_steps_100_Purification_type_noisy_anchor_anchors_10_alpha_1.2_sigma_0.12_threshold_0.0 - INFO - Batch 22/155: Clean orig accuracy 0.9489 | Clean purify accuracy 0.9688 | Adv orig accuracy: 0.7500 | Adv purify accuracy: 0.8920
2025-07-10 21:25:12,646 - ADV_Generation_eps_4.0_steps_100_Purification_type_noisy_anchor_anchors_10_alpha_1.2_sigma_0.12_threshold_0.0 - INFO - Batch:[22] Adversarial images for this batch already exist
2025-07-10 21:25:16,452 - ADV_Generation_eps_4.0_steps_100_Purification_type_noisy_anchor_anchors_10_alpha_1.2_sigma_0.12_threshold_0.0 - INFO - Batch 23/155: Clean orig accuracy 0.9511 | Clean purify accuracy 0.9701 | Adv orig accuracy: 0.7582 | Adv purify accuracy: 0.8940
2025-07-10 21:25:16,464 - ADV_Generation_eps_4.0_steps_100_Purification_type_noisy_anchor_anchors_10_alpha_1.2_sigma_0.12_threshold_0.0 - INFO - Batch:[23] Adversarial images for this batch already exist
2025-07-10 21:25:20,218 - ADV_Generation_eps_4.0_steps_100_Purification_type_noisy_anchor_anchors_10_alpha_1.2_sigma_0.12_threshold_0.0 - INFO - Batch 24/155: Clean orig accuracy 0.9531 | Clean purify accuracy 0.9714 | Adv orig accuracy: 0.7682 | Adv purify accuracy: 0.8984
2025-07-10 21:25:20,230 - ADV_Generation_eps_4.0_steps_100_Purification_type_noisy_anchor_anchors_10_alpha_1.2_sigma_0.12_threshold_0.0 - INFO - Batch:[24] Adversarial images for this batch already exist
2025-07-10 21:25:23,980 - ADV_Generation_eps_4.0_steps_100_Purification_type_noisy_anchor_anchors_10_alpha_1.2_sigma_0.12_threshold_0.0 - INFO - Batch 25/155: Clean orig accuracy 0.9550 | Clean purify accuracy 0.9725 | Adv orig accuracy: 0.7725 | Adv purify accuracy: 0.8975
2025-07-10 21:25:23,991 - ADV_Generation_eps_4.0_steps_100_Purification_type_noisy_anchor_anchors_10_alpha_1.2_sigma_0.12_threshold_0.0 - INFO - Batch:[25] Adversarial images for this batch already exist
2025-07-10 21:25:27,754 - ADV_Generation_eps_4.0_steps_100_Purification_type_noisy_anchor_anchors_10_alpha_1.2_sigma_0.12_threshold_0.0 - INFO - Batch 26/155: Clean orig accuracy 0.9567 | Clean purify accuracy 0.9736 | Adv orig accuracy: 0.7812 | Adv purify accuracy: 0.9014
2025-07-10 21:25:27,765 - ADV_Generation_eps_4.0_steps_100_Purification_type_noisy_anchor_anchors_10_alpha_1.2_sigma_0.12_threshold_0.0 - INFO - Batch:[26] Adversarial images for this batch already exist
2025-07-10 21:25:31,538 - ADV_Generation_eps_4.0_steps_100_Purification_type_noisy_anchor_anchors_10_alpha_1.2_sigma_0.12_threshold_0.0 - INFO - Batch 27/155: Clean orig accuracy 0.9583 | Clean purify accuracy 0.9745 | Adv orig accuracy: 0.7870 | Adv purify accuracy: 0.9051
2025-07-10 21:25:31,549 - ADV_Generation_eps_4.0_steps_100_Purification_type_noisy_anchor_anchors_10_alpha_1.2_sigma_0.12_threshold_0.0 - INFO - Batch:[27] Adversarial images for this batch already exist
2025-07-10 21:25:35,322 - ADV_Generation_eps_4.0_steps_100_Purification_type_noisy_anchor_anchors_10_alpha_1.2_sigma_0.12_threshold_0.0 - INFO - Batch 28/155: Clean orig accuracy 0.9598 | Clean purify accuracy 0.9710 | Adv orig accuracy: 0.7902 | Adv purify accuracy: 0.9018
2025-07-10 21:25:35,333 - ADV_Generation_eps_4.0_steps_100_Purification_type_noisy_anchor_anchors_10_alpha_1.2_sigma_0.12_threshold_0.0 - INFO - Batch:[28] Adversarial images for this batch already exist
2025-07-10 21:25:39,097 - ADV_Generation_eps_4.0_steps_100_Purification_type_noisy_anchor_anchors_10_alpha_1.2_sigma_0.12_threshold_0.0 - INFO - Batch 29/155: Clean orig accuracy 0.9612 | Clean purify accuracy 0.9634 | Adv orig accuracy: 0.7931 | Adv purify accuracy: 0.8944
2025-07-10 21:25:39,143 - ADV_Generation_eps_4.0_steps_100_Purification_type_noisy_anchor_anchors_10_alpha_1.2_sigma_0.12_threshold_0.0 - INFO - Batch:[29] Adversarial images for this batch already exist
2025-07-10 21:25:42,875 - ADV_Generation_eps_4.0_steps_100_Purification_type_noisy_anchor_anchors_10_alpha_1.2_sigma_0.12_threshold_0.0 - INFO - Batch 30/155: Clean orig accuracy 0.9583 | Clean purify accuracy 0.9583 | Adv orig accuracy: 0.7958 | Adv purify accuracy: 0.8854
2025-07-10 21:25:42,891 - ADV_Generation_eps_4.0_steps_100_Purification_type_noisy_anchor_anchors_10_alpha_1.2_sigma_0.12_threshold_0.0 - INFO - Batch:[30] Adversarial images for this batch already exist
2025-07-10 21:25:46,744 - ADV_Generation_eps_4.0_steps_100_Purification_type_noisy_anchor_anchors_10_alpha_1.2_sigma_0.12_threshold_0.0 - INFO - Batch 31/155: Clean orig accuracy 0.9597 | Clean purify accuracy 0.9536 | Adv orig accuracy: 0.7923 | Adv purify accuracy: 0.8770
2025-07-10 21:25:46,755 - ADV_Generation_eps_4.0_steps_100_Purification_type_noisy_anchor_anchors_10_alpha_1.2_sigma_0.12_threshold_0.0 - INFO - Batch:[31] Adversarial images for this batch already exist
2025-07-10 21:25:50,638 - ADV_Generation_eps_4.0_steps_100_Purification_type_noisy_anchor_anchors_10_alpha_1.2_sigma_0.12_threshold_0.0 - INFO - Batch 32/155: Clean orig accuracy 0.9609 | Clean purify accuracy 0.9453 | Adv orig accuracy: 0.7910 | Adv purify accuracy: 0.8672
2025-07-10 21:25:50,649 - ADV_Generation_eps_4.0_steps_100_Purification_type_noisy_anchor_anchors_10_alpha_1.2_sigma_0.12_threshold_0.0 - INFO - Batch:[32] Adversarial images for this batch already exist
2025-07-10 21:25:54,454 - ADV_Generation_eps_4.0_steps_100_Purification_type_noisy_anchor_anchors_10_alpha_1.2_sigma_0.12_threshold_0.0 - INFO - Batch 33/155: Clean orig accuracy 0.9621 | Clean purify accuracy 0.9413 | Adv orig accuracy: 0.7898 | Adv purify accuracy: 0.8617
2025-07-10 21:25:54,466 - ADV_Generation_eps_4.0_steps_100_Purification_type_noisy_anchor_anchors_10_alpha_1.2_sigma_0.12_threshold_0.0 - INFO - Batch:[33] Adversarial images for this batch already exist
2025-07-10 21:25:58,350 - ADV_Generation_eps_4.0_steps_100_Purification_type_noisy_anchor_anchors_10_alpha_1.2_sigma_0.12_threshold_0.0 - INFO - Batch 34/155: Clean orig accuracy 0.9632 | Clean purify accuracy 0.9320 | Adv orig accuracy: 0.7923 | Adv purify accuracy: 0.8529
2025-07-10 21:25:58,361 - ADV_Generation_eps_4.0_steps_100_Purification_type_noisy_anchor_anchors_10_alpha_1.2_sigma_0.12_threshold_0.0 - INFO - Batch:[34] Adversarial images for this batch already exist
2025-07-10 21:26:02,278 - ADV_Generation_eps_4.0_steps_100_Purification_type_noisy_anchor_anchors_10_alpha_1.2_sigma_0.12_threshold_0.0 - INFO - Batch 35/155: Clean orig accuracy 0.9643 | Clean purify accuracy 0.9250 | Adv orig accuracy: 0.7911 | Adv purify accuracy: 0.8411
2025-07-10 21:26:02,294 - ADV_Generation_eps_4.0_steps_100_Purification_type_noisy_anchor_anchors_10_alpha_1.2_sigma_0.12_threshold_0.0 - INFO - Batch:[35] Adversarial images for this batch already exist
2025-07-10 21:26:06,067 - ADV_Generation_eps_4.0_steps_100_Purification_type_noisy_anchor_anchors_10_alpha_1.2_sigma_0.12_threshold_0.0 - INFO - Batch 36/155: Clean orig accuracy 0.9653 | Clean purify accuracy 0.9219 | Adv orig accuracy: 0.7917 | Adv purify accuracy: 0.8351
2025-07-10 21:26:06,078 - ADV_Generation_eps_4.0_steps_100_Purification_type_noisy_anchor_anchors_10_alpha_1.2_sigma_0.12_threshold_0.0 - INFO - Batch:[36] Adversarial images for this batch already exist
2025-07-10 21:26:09,907 - ADV_Generation_eps_4.0_steps_100_Purification_type_noisy_anchor_anchors_10_alpha_1.2_sigma_0.12_threshold_0.0 - INFO - Batch 37/155: Clean orig accuracy 0.9662 | Clean purify accuracy 0.9206 | Adv orig accuracy: 0.7939 | Adv purify accuracy: 0.8345
2025-07-10 21:26:09,918 - ADV_Generation_eps_4.0_steps_100_Purification_type_noisy_anchor_anchors_10_alpha_1.2_sigma_0.12_threshold_0.0 - INFO - Batch:[37] Adversarial images for this batch already exist
2025-07-10 21:26:13,699 - ADV_Generation_eps_4.0_steps_100_Purification_type_noisy_anchor_anchors_10_alpha_1.2_sigma_0.12_threshold_0.0 - INFO - Batch 38/155: Clean orig accuracy 0.9671 | Clean purify accuracy 0.9128 | Adv orig accuracy: 0.7928 | Adv purify accuracy: 0.8224
2025-07-10 21:26:13,710 - ADV_Generation_eps_4.0_steps_100_Purification_type_noisy_anchor_anchors_10_alpha_1.2_sigma_0.12_threshold_0.0 - INFO - Batch:[38] Adversarial images for this batch already exist
2025-07-10 21:26:17,505 - ADV_Generation_eps_4.0_steps_100_Purification_type_noisy_anchor_anchors_10_alpha_1.2_sigma_0.12_threshold_0.0 - INFO - Batch 39/155: Clean orig accuracy 0.9679 | Clean purify accuracy 0.9119 | Adv orig accuracy: 0.7949 | Adv purify accuracy: 0.8221
2025-07-10 21:26:17,516 - ADV_Generation_eps_4.0_steps_100_Purification_type_noisy_anchor_anchors_10_alpha_1.2_sigma_0.12_threshold_0.0 - INFO - Batch:[39] Adversarial images for this batch already exist
2025-07-10 21:26:21,294 - ADV_Generation_eps_4.0_steps_100_Purification_type_noisy_anchor_anchors_10_alpha_1.2_sigma_0.12_threshold_0.0 - INFO - Batch 40/155: Clean orig accuracy 0.9688 | Clean purify accuracy 0.9125 | Adv orig accuracy: 0.7953 | Adv purify accuracy: 0.8203
2025-07-10 21:26:21,309 - ADV_Generation_eps_4.0_steps_100_Purification_type_noisy_anchor_anchors_10_alpha_1.2_sigma_0.12_threshold_0.0 - INFO - Batch:[40] Adversarial images for this batch already exist
2025-07-10 21:26:25,078 - ADV_Generation_eps_4.0_steps_100_Purification_type_noisy_anchor_anchors_10_alpha_1.2_sigma_0.12_threshold_0.0 - INFO - Batch 41/155: Clean orig accuracy 0.9680 | Clean purify accuracy 0.9040 | Adv orig accuracy: 0.7927 | Adv purify accuracy: 0.8140
2025-07-10 21:26:25,088 - ADV_Generation_eps_4.0_steps_100_Purification_type_noisy_anchor_anchors_10_alpha_1.2_sigma_0.12_threshold_0.0 - INFO - Batch:[41] Adversarial images for this batch already exist
2025-07-10 21:26:28,866 - ADV_Generation_eps_4.0_steps_100_Purification_type_noisy_anchor_anchors_10_alpha_1.2_sigma_0.12_threshold_0.0 - INFO - Batch 42/155: Clean orig accuracy 0.9688 | Clean purify accuracy 0.9062 | Adv orig accuracy: 0.7946 | Adv purify accuracy: 0.8155
2025-07-10 21:26:28,876 - ADV_Generation_eps_4.0_steps_100_Purification_type_noisy_anchor_anchors_10_alpha_1.2_sigma_0.12_threshold_0.0 - INFO - Batch:[42] Adversarial images for this batch already exist
2025-07-10 21:26:32,609 - ADV_Generation_eps_4.0_steps_100_Purification_type_noisy_anchor_anchors_10_alpha_1.2_sigma_0.12_threshold_0.0 - INFO - Batch 43/155: Clean orig accuracy 0.9666 | Clean purify accuracy 0.9070 | Adv orig accuracy: 0.7922 | Adv purify accuracy: 0.8140
2025-07-10 21:26:32,620 - ADV_Generation_eps_4.0_steps_100_Purification_type_noisy_anchor_anchors_10_alpha_1.2_sigma_0.12_threshold_0.0 - INFO - Batch:[43] Adversarial images for this batch already exist
2025-07-10 21:26:36,370 - ADV_Generation_eps_4.0_steps_100_Purification_type_noisy_anchor_anchors_10_alpha_1.2_sigma_0.12_threshold_0.0 - INFO - Batch 44/155: Clean orig accuracy 0.9616 | Clean purify accuracy 0.9048 | Adv orig accuracy: 0.7855 | Adv purify accuracy: 0.8082
2025-07-10 21:26:36,381 - ADV_Generation_eps_4.0_steps_100_Purification_type_noisy_anchor_anchors_10_alpha_1.2_sigma_0.12_threshold_0.0 - INFO - Batch:[44] Adversarial images for this batch already exist
2025-07-10 21:26:40,187 - ADV_Generation_eps_4.0_steps_100_Purification_type_noisy_anchor_anchors_10_alpha_1.2_sigma_0.12_threshold_0.0 - INFO - Batch 45/155: Clean orig accuracy 0.9597 | Clean purify accuracy 0.9028 | Adv orig accuracy: 0.7806 | Adv purify accuracy: 0.8042
2025-07-10 21:26:40,205 - ADV_Generation_eps_4.0_steps_100_Purification_type_noisy_anchor_anchors_10_alpha_1.2_sigma_0.12_threshold_0.0 - INFO - Batch:[45] Adversarial images for this batch already exist
2025-07-10 21:26:44,031 - ADV_Generation_eps_4.0_steps_100_Purification_type_noisy_anchor_anchors_10_alpha_1.2_sigma_0.12_threshold_0.0 - INFO - Batch 46/155: Clean orig accuracy 0.9592 | Clean purify accuracy 0.9022 | Adv orig accuracy: 0.7785 | Adv purify accuracy: 0.8043
2025-07-10 21:26:44,042 - ADV_Generation_eps_4.0_steps_100_Purification_type_noisy_anchor_anchors_10_alpha_1.2_sigma_0.12_threshold_0.0 - INFO - Batch:[46] Adversarial images for this batch already exist
2025-07-10 21:26:47,853 - ADV_Generation_eps_4.0_steps_100_Purification_type_noisy_anchor_anchors_10_alpha_1.2_sigma_0.12_threshold_0.0 - INFO - Batch 47/155: Clean orig accuracy 0.9588 | Clean purify accuracy 0.8976 | Adv orig accuracy: 0.7713 | Adv purify accuracy: 0.7979
2025-07-10 21:26:47,865 - ADV_Generation_eps_4.0_steps_100_Purification_type_noisy_anchor_anchors_10_alpha_1.2_sigma_0.12_threshold_0.0 - INFO - Batch:[47] Adversarial images for this batch already exist
2025-07-10 21:26:53,232 - ADV_Generation_eps_4.0_steps_100_Purification_type_noisy_anchor_anchors_10_alpha_1.2_sigma_0.12_threshold_0.0 - INFO - Batch 48/155: Clean orig accuracy 0.9583 | Clean purify accuracy 0.8984 | Adv orig accuracy: 0.7708 | Adv purify accuracy: 0.7995
2025-07-10 21:26:53,244 - ADV_Generation_eps_4.0_steps_100_Purification_type_noisy_anchor_anchors_10_alpha_1.2_sigma_0.12_threshold_0.0 - INFO - Batch:[48] Adversarial images for this batch already exist
2025-07-10 21:26:57,067 - ADV_Generation_eps_4.0_steps_100_Purification_type_noisy_anchor_anchors_10_alpha_1.2_sigma_0.12_threshold_0.0 - INFO - Batch 49/155: Clean orig accuracy 0.9592 | Clean purify accuracy 0.9005 | Adv orig accuracy: 0.7755 | Adv purify accuracy: 0.8036
2025-07-10 21:26:57,084 - ADV_Generation_eps_4.0_steps_100_Purification_type_noisy_anchor_anchors_10_alpha_1.2_sigma_0.12_threshold_0.0 - INFO - Batch:[49] Adversarial images for this batch already exist
2025-07-10 21:27:00,875 - ADV_Generation_eps_4.0_steps_100_Purification_type_noisy_anchor_anchors_10_alpha_1.2_sigma_0.12_threshold_0.0 - INFO - Batch 50/155: Clean orig accuracy 0.9600 | Clean purify accuracy 0.9025 | Adv orig accuracy: 0.7750 | Adv purify accuracy: 0.8050
2025-07-10 21:27:00,886 - ADV_Generation_eps_4.0_steps_100_Purification_type_noisy_anchor_anchors_10_alpha_1.2_sigma_0.12_threshold_0.0 - INFO - Batch:[50] Adversarial images for this batch already exist
2025-07-10 21:27:04,688 - ADV_Generation_eps_4.0_steps_100_Purification_type_noisy_anchor_anchors_10_alpha_1.2_sigma_0.12_threshold_0.0 - INFO - Batch 51/155: Clean orig accuracy 0.9596 | Clean purify accuracy 0.9032 | Adv orig accuracy: 0.7721 | Adv purify accuracy: 0.8051
2025-07-10 21:27:04,699 - ADV_Generation_eps_4.0_steps_100_Purification_type_noisy_anchor_anchors_10_alpha_1.2_sigma_0.12_threshold_0.0 - INFO - Batch:[51] Adversarial images for this batch already exist
2025-07-10 21:27:08,523 - ADV_Generation_eps_4.0_steps_100_Purification_type_noisy_anchor_anchors_10_alpha_1.2_sigma_0.12_threshold_0.0 - INFO - Batch 52/155: Clean orig accuracy 0.9579 | Clean purify accuracy 0.9038 | Adv orig accuracy: 0.7704 | Adv purify accuracy: 0.8077
2025-07-10 21:27:08,534 - ADV_Generation_eps_4.0_steps_100_Purification_type_noisy_anchor_anchors_10_alpha_1.2_sigma_0.12_threshold_0.0 - INFO - Batch:[52] Adversarial images for this batch already exist
2025-07-10 21:27:12,399 - ADV_Generation_eps_4.0_steps_100_Purification_type_noisy_anchor_anchors_10_alpha_1.2_sigma_0.12_threshold_0.0 - INFO - Batch 53/155: Clean orig accuracy 0.9575 | Clean purify accuracy 0.9033 | Adv orig accuracy: 0.7653 | Adv purify accuracy: 0.8031
2025-07-10 21:27:12,411 - ADV_Generation_eps_4.0_steps_100_Purification_type_noisy_anchor_anchors_10_alpha_1.2_sigma_0.12_threshold_0.0 - INFO - Batch:[53] Adversarial images for this batch already exist
2025-07-10 21:27:16,217 - ADV_Generation_eps_4.0_steps_100_Purification_type_noisy_anchor_anchors_10_alpha_1.2_sigma_0.12_threshold_0.0 - INFO - Batch 54/155: Clean orig accuracy 0.9583 | Clean purify accuracy 0.9051 | Adv orig accuracy: 0.7662 | Adv purify accuracy: 0.8067
2025-07-10 21:27:16,233 - ADV_Generation_eps_4.0_steps_100_Purification_type_noisy_anchor_anchors_10_alpha_1.2_sigma_0.12_threshold_0.0 - INFO - Batch:[54] Adversarial images for this batch already exist
2025-07-10 21:27:20,072 - ADV_Generation_eps_4.0_steps_100_Purification_type_noisy_anchor_anchors_10_alpha_1.2_sigma_0.12_threshold_0.0 - INFO - Batch 55/155: Clean orig accuracy 0.9591 | Clean purify accuracy 0.9045 | Adv orig accuracy: 0.7636 | Adv purify accuracy: 0.8045
2025-07-10 21:27:20,083 - ADV_Generation_eps_4.0_steps_100_Purification_type_noisy_anchor_anchors_10_alpha_1.2_sigma_0.12_threshold_0.0 - INFO - Batch:[55] Adversarial images for this batch already exist
2025-07-10 21:27:23,862 - ADV_Generation_eps_4.0_steps_100_Purification_type_noisy_anchor_anchors_10_alpha_1.2_sigma_0.12_threshold_0.0 - INFO - Batch 56/155: Clean orig accuracy 0.9598 | Clean purify accuracy 0.9051 | Adv orig accuracy: 0.7645 | Adv purify accuracy: 0.8069
2025-07-10 21:27:23,873 - ADV_Generation_eps_4.0_steps_100_Purification_type_noisy_anchor_anchors_10_alpha_1.2_sigma_0.12_threshold_0.0 - INFO - Batch:[56] Adversarial images for this batch already exist
2025-07-10 21:27:27,755 - ADV_Generation_eps_4.0_steps_100_Purification_type_noisy_anchor_anchors_10_alpha_1.2_sigma_0.12_threshold_0.0 - INFO - Batch 57/155: Clean orig accuracy 0.9572 | Clean purify accuracy 0.8936 | Adv orig accuracy: 0.7588 | Adv purify accuracy: 0.7950
2025-07-10 21:27:27,765 - ADV_Generation_eps_4.0_steps_100_Purification_type_noisy_anchor_anchors_10_alpha_1.2_sigma_0.12_threshold_0.0 - INFO - Batch:[57] Adversarial images for this batch already exist
2025-07-10 21:27:31,531 - ADV_Generation_eps_4.0_steps_100_Purification_type_noisy_anchor_anchors_10_alpha_1.2_sigma_0.12_threshold_0.0 - INFO - Batch 58/155: Clean orig accuracy 0.9569 | Clean purify accuracy 0.8922 | Adv orig accuracy: 0.7597 | Adv purify accuracy: 0.7953
2025-07-10 21:27:31,541 - ADV_Generation_eps_4.0_steps_100_Purification_type_noisy_anchor_anchors_10_alpha_1.2_sigma_0.12_threshold_0.0 - INFO - Batch:[58] Adversarial images for this batch already exist
2025-07-10 21:27:35,352 - ADV_Generation_eps_4.0_steps_100_Purification_type_noisy_anchor_anchors_10_alpha_1.2_sigma_0.12_threshold_0.0 - INFO - Batch 59/155: Clean orig accuracy 0.9576 | Clean purify accuracy 0.8941 | Adv orig accuracy: 0.7638 | Adv purify accuracy: 0.7987
2025-07-10 21:27:35,369 - ADV_Generation_eps_4.0_steps_100_Purification_type_noisy_anchor_anchors_10_alpha_1.2_sigma_0.12_threshold_0.0 - INFO - Batch:[59] Adversarial images for this batch already exist
2025-07-10 21:27:39,196 - ADV_Generation_eps_4.0_steps_100_Purification_type_noisy_anchor_anchors_10_alpha_1.2_sigma_0.12_threshold_0.0 - INFO - Batch 60/155: Clean orig accuracy 0.9583 | Clean purify accuracy 0.8958 | Adv orig accuracy: 0.7677 | Adv purify accuracy: 0.8021
2025-07-10 21:27:39,207 - ADV_Generation_eps_4.0_steps_100_Purification_type_noisy_anchor_anchors_10_alpha_1.2_sigma_0.12_threshold_0.0 - INFO - Batch:[60] Adversarial images for this batch already exist
2025-07-10 21:27:42,981 - ADV_Generation_eps_4.0_steps_100_Purification_type_noisy_anchor_anchors_10_alpha_1.2_sigma_0.12_threshold_0.0 - INFO - Batch 61/155: Clean orig accuracy 0.9580 | Clean purify accuracy 0.8934 | Adv orig accuracy: 0.7633 | Adv purify accuracy: 0.7971
2025-07-10 21:27:42,993 - ADV_Generation_eps_4.0_steps_100_Purification_type_noisy_anchor_anchors_10_alpha_1.2_sigma_0.12_threshold_0.0 - INFO - Batch:[61] Adversarial images for this batch already exist
2025-07-10 21:27:46,798 - ADV_Generation_eps_4.0_steps_100_Purification_type_noisy_anchor_anchors_10_alpha_1.2_sigma_0.12_threshold_0.0 - INFO - Batch 62/155: Clean orig accuracy 0.9577 | Clean purify accuracy 0.8952 | Adv orig accuracy: 0.7601 | Adv purify accuracy: 0.7994
2025-07-10 21:27:46,809 - ADV_Generation_eps_4.0_steps_100_Purification_type_noisy_anchor_anchors_10_alpha_1.2_sigma_0.12_threshold_0.0 - INFO - Batch:[62] Adversarial images for this batch already exist
2025-07-10 21:27:50,603 - ADV_Generation_eps_4.0_steps_100_Purification_type_noisy_anchor_anchors_10_alpha_1.2_sigma_0.12_threshold_0.0 - INFO - Batch 63/155: Clean orig accuracy 0.9514 | Clean purify accuracy 0.8899 | Adv orig accuracy: 0.7490 | Adv purify accuracy: 0.7917
2025-07-10 21:27:50,614 - ADV_Generation_eps_4.0_steps_100_Purification_type_noisy_anchor_anchors_10_alpha_1.2_sigma_0.12_threshold_0.0 - INFO - Batch:[63] Adversarial images for this batch already exist
2025-07-10 21:27:54,397 - ADV_Generation_eps_4.0_steps_100_Purification_type_noisy_anchor_anchors_10_alpha_1.2_sigma_0.12_threshold_0.0 - INFO - Batch 64/155: Clean orig accuracy 0.9512 | Clean purify accuracy 0.8916 | Adv orig accuracy: 0.7432 | Adv purify accuracy: 0.7939
2025-07-10 21:27:54,413 - ADV_Generation_eps_4.0_steps_100_Purification_type_noisy_anchor_anchors_10_alpha_1.2_sigma_0.12_threshold_0.0 - INFO - Batch:[64] Adversarial images for this batch already exist
2025-07-10 21:27:58,216 - ADV_Generation_eps_4.0_steps_100_Purification_type_noisy_anchor_anchors_10_alpha_1.2_sigma_0.12_threshold_0.0 - INFO - Batch 65/155: Clean orig accuracy 0.9500 | Clean purify accuracy 0.8923 | Adv orig accuracy: 0.7365 | Adv purify accuracy: 0.7904
2025-07-10 21:27:58,228 - ADV_Generation_eps_4.0_steps_100_Purification_type_noisy_anchor_anchors_10_alpha_1.2_sigma_0.12_threshold_0.0 - INFO - Batch:[65] Adversarial images for this batch already exist
2025-07-10 21:28:02,016 - ADV_Generation_eps_4.0_steps_100_Purification_type_noisy_anchor_anchors_10_alpha_1.2_sigma_0.12_threshold_0.0 - INFO - Batch 66/155: Clean orig accuracy 0.9479 | Clean purify accuracy 0.8920 | Adv orig accuracy: 0.7282 | Adv purify accuracy: 0.7879
2025-07-10 21:28:02,026 - ADV_Generation_eps_4.0_steps_100_Purification_type_noisy_anchor_anchors_10_alpha_1.2_sigma_0.12_threshold_0.0 - INFO - Batch:[66] Adversarial images for this batch already exist
2025-07-10 21:28:05,863 - ADV_Generation_eps_4.0_steps_100_Purification_type_noisy_anchor_anchors_10_alpha_1.2_sigma_0.12_threshold_0.0 - INFO - Batch 67/155: Clean orig accuracy 0.9487 | Clean purify accuracy 0.8937 | Adv orig accuracy: 0.7304 | Adv purify accuracy: 0.7892
2025-07-10 21:28:05,874 - ADV_Generation_eps_4.0_steps_100_Purification_type_noisy_anchor_anchors_10_alpha_1.2_sigma_0.12_threshold_0.0 - INFO - Batch:[67] Adversarial images for this batch already exist
2025-07-10 21:28:09,657 - ADV_Generation_eps_4.0_steps_100_Purification_type_noisy_anchor_anchors_10_alpha_1.2_sigma_0.12_threshold_0.0 - INFO - Batch 68/155: Clean orig accuracy 0.9458 | Clean purify accuracy 0.8906 | Adv orig accuracy: 0.7243 | Adv purify accuracy: 0.7849
2025-07-10 21:28:09,694 - ADV_Generation_eps_4.0_steps_100_Purification_type_noisy_anchor_anchors_10_alpha_1.2_sigma_0.12_threshold_0.0 - INFO - Batch:[68] Adversarial images for this batch already exist
2025-07-10 21:28:13,528 - ADV_Generation_eps_4.0_steps_100_Purification_type_noisy_anchor_anchors_10_alpha_1.2_sigma_0.12_threshold_0.0 - INFO - Batch 69/155: Clean orig accuracy 0.9447 | Clean purify accuracy 0.8886 | Adv orig accuracy: 0.7183 | Adv purify accuracy: 0.7835
2025-07-10 21:28:13,544 - ADV_Generation_eps_4.0_steps_100_Purification_type_noisy_anchor_anchors_10_alpha_1.2_sigma_0.12_threshold_0.0 - INFO - Batch:[69] Adversarial images for this batch already exist
2025-07-10 21:28:17,352 - ADV_Generation_eps_4.0_steps_100_Purification_type_noisy_anchor_anchors_10_alpha_1.2_sigma_0.12_threshold_0.0 - INFO - Batch 70/155: Clean orig accuracy 0.9429 | Clean purify accuracy 0.8839 | Adv orig accuracy: 0.7089 | Adv purify accuracy: 0.7777
2025-07-10 21:28:17,364 - ADV_Generation_eps_4.0_steps_100_Purification_type_noisy_anchor_anchors_10_alpha_1.2_sigma_0.12_threshold_0.0 - INFO - Batch:[70] Adversarial images for this batch already exist
2025-07-10 21:28:21,175 - ADV_Generation_eps_4.0_steps_100_Purification_type_noisy_anchor_anchors_10_alpha_1.2_sigma_0.12_threshold_0.0 - INFO - Batch 71/155: Clean orig accuracy 0.9349 | Clean purify accuracy 0.8768 | Adv orig accuracy: 0.6989 | Adv purify accuracy: 0.7667
2025-07-10 21:28:21,185 - ADV_Generation_eps_4.0_steps_100_Purification_type_noisy_anchor_anchors_10_alpha_1.2_sigma_0.12_threshold_0.0 - INFO - Batch:[71] Adversarial images for this batch already exist
2025-07-10 21:28:24,992 - ADV_Generation_eps_4.0_steps_100_Purification_type_noisy_anchor_anchors_10_alpha_1.2_sigma_0.12_threshold_0.0 - INFO - Batch 72/155: Clean orig accuracy 0.9349 | Clean purify accuracy 0.8776 | Adv orig accuracy: 0.6979 | Adv purify accuracy: 0.7674
2025-07-10 21:28:25,004 - ADV_Generation_eps_4.0_steps_100_Purification_type_noisy_anchor_anchors_10_alpha_1.2_sigma_0.12_threshold_0.0 - INFO - Batch:[72] Adversarial images for this batch already exist
2025-07-10 21:28:28,821 - ADV_Generation_eps_4.0_steps_100_Purification_type_noisy_anchor_anchors_10_alpha_1.2_sigma_0.12_threshold_0.0 - INFO - Batch 73/155: Clean orig accuracy 0.9341 | Clean purify accuracy 0.8767 | Adv orig accuracy: 0.6969 | Adv purify accuracy: 0.7663
2025-07-10 21:28:28,832 - ADV_Generation_eps_4.0_steps_100_Purification_type_noisy_anchor_anchors_10_alpha_1.2_sigma_0.12_threshold_0.0 - INFO - Batch:[73] Adversarial images for this batch already exist
2025-07-10 21:28:32,626 - ADV_Generation_eps_4.0_steps_100_Purification_type_noisy_anchor_anchors_10_alpha_1.2_sigma_0.12_threshold_0.0 - INFO - Batch 74/155: Clean orig accuracy 0.9350 | Clean purify accuracy 0.8784 | Adv orig accuracy: 0.7010 | Adv purify accuracy: 0.7686
2025-07-10 21:28:32,641 - ADV_Generation_eps_4.0_steps_100_Purification_type_noisy_anchor_anchors_10_alpha_1.2_sigma_0.12_threshold_0.0 - INFO - Batch:[74] Adversarial images for this batch already exist
2025-07-10 21:28:36,448 - ADV_Generation_eps_4.0_steps_100_Purification_type_noisy_anchor_anchors_10_alpha_1.2_sigma_0.12_threshold_0.0 - INFO - Batch 75/155: Clean orig accuracy 0.9358 | Clean purify accuracy 0.8792 | Adv orig accuracy: 0.7042 | Adv purify accuracy: 0.7700
2025-07-10 21:28:36,458 - ADV_Generation_eps_4.0_steps_100_Purification_type_noisy_anchor_anchors_10_alpha_1.2_sigma_0.12_threshold_0.0 - INFO - Batch:[75] Adversarial images for this batch already exist
2025-07-10 21:28:40,264 - ADV_Generation_eps_4.0_steps_100_Purification_type_noisy_anchor_anchors_10_alpha_1.2_sigma_0.12_threshold_0.0 - INFO - Batch 76/155: Clean orig accuracy 0.9367 | Clean purify accuracy 0.8758 | Adv orig accuracy: 0.7056 | Adv purify accuracy: 0.7664
2025-07-10 21:28:40,276 - ADV_Generation_eps_4.0_steps_100_Purification_type_noisy_anchor_anchors_10_alpha_1.2_sigma_0.12_threshold_0.0 - INFO - Batch:[76] Adversarial images for this batch already exist
2025-07-10 21:28:44,130 - ADV_Generation_eps_4.0_steps_100_Purification_type_noisy_anchor_anchors_10_alpha_1.2_sigma_0.12_threshold_0.0 - INFO - Batch 77/155: Clean orig accuracy 0.9359 | Clean purify accuracy 0.8734 | Adv orig accuracy: 0.7021 | Adv purify accuracy: 0.7646
2025-07-10 21:28:44,171 - ADV_Generation_eps_4.0_steps_100_Purification_type_noisy_anchor_anchors_10_alpha_1.2_sigma_0.12_threshold_0.0 - INFO - Batch:[77] Adversarial images for this batch already exist
2025-07-10 21:28:47,944 - ADV_Generation_eps_4.0_steps_100_Purification_type_noisy_anchor_anchors_10_alpha_1.2_sigma_0.12_threshold_0.0 - INFO - Batch 78/155: Clean orig accuracy 0.9351 | Clean purify accuracy 0.8726 | Adv orig accuracy: 0.6987 | Adv purify accuracy: 0.7644
2025-07-10 21:28:47,960 - ADV_Generation_eps_4.0_steps_100_Purification_type_noisy_anchor_anchors_10_alpha_1.2_sigma_0.12_threshold_0.0 - INFO - Batch:[78] Adversarial images for this batch already exist
2025-07-10 21:28:51,748 - ADV_Generation_eps_4.0_steps_100_Purification_type_noisy_anchor_anchors_10_alpha_1.2_sigma_0.12_threshold_0.0 - INFO - Batch 79/155: Clean orig accuracy 0.9351 | Clean purify accuracy 0.8726 | Adv orig accuracy: 0.6986 | Adv purify accuracy: 0.7650
2025-07-10 21:28:51,764 - ADV_Generation_eps_4.0_steps_100_Purification_type_noisy_anchor_anchors_10_alpha_1.2_sigma_0.12_threshold_0.0 - INFO - Batch:[79] Adversarial images for this batch already exist
2025-07-10 21:28:55,630 - ADV_Generation_eps_4.0_steps_100_Purification_type_noisy_anchor_anchors_10_alpha_1.2_sigma_0.12_threshold_0.0 - INFO - Batch 80/155: Clean orig accuracy 0.9352 | Clean purify accuracy 0.8734 | Adv orig accuracy: 0.7000 | Adv purify accuracy: 0.7648
2025-07-10 21:28:55,645 - ADV_Generation_eps_4.0_steps_100_Purification_type_noisy_anchor_anchors_10_alpha_1.2_sigma_0.12_threshold_0.0 - INFO - Batch:[80] Adversarial images for this batch already exist
2025-07-10 21:28:59,472 - ADV_Generation_eps_4.0_steps_100_Purification_type_noisy_anchor_anchors_10_alpha_1.2_sigma_0.12_threshold_0.0 - INFO - Batch 81/155: Clean orig accuracy 0.9360 | Clean purify accuracy 0.8742 | Adv orig accuracy: 0.6975 | Adv purify accuracy: 0.7639
2025-07-10 21:28:59,483 - ADV_Generation_eps_4.0_steps_100_Purification_type_noisy_anchor_anchors_10_alpha_1.2_sigma_0.12_threshold_0.0 - INFO - Batch:[81] Adversarial images for this batch already exist
2025-07-10 21:29:03,286 - ADV_Generation_eps_4.0_steps_100_Purification_type_noisy_anchor_anchors_10_alpha_1.2_sigma_0.12_threshold_0.0 - INFO - Batch 82/155: Clean orig accuracy 0.9360 | Clean purify accuracy 0.8742 | Adv orig accuracy: 0.6966 | Adv purify accuracy: 0.7622
2025-07-10 21:29:03,296 - ADV_Generation_eps_4.0_steps_100_Purification_type_noisy_anchor_anchors_10_alpha_1.2_sigma_0.12_threshold_0.0 - INFO - Batch:[82] Adversarial images for this batch already exist
2025-07-10 21:29:07,251 - ADV_Generation_eps_4.0_steps_100_Purification_type_noisy_anchor_anchors_10_alpha_1.2_sigma_0.12_threshold_0.0 - INFO - Batch 83/155: Clean orig accuracy 0.9367 | Clean purify accuracy 0.8758 | Adv orig accuracy: 0.6980 | Adv purify accuracy: 0.7628
2025-07-10 21:29:07,268 - ADV_Generation_eps_4.0_steps_100_Purification_type_noisy_anchor_anchors_10_alpha_1.2_sigma_0.12_threshold_0.0 - INFO - Batch:[83] Adversarial images for this batch already exist
2025-07-10 21:29:11,132 - ADV_Generation_eps_4.0_steps_100_Purification_type_noisy_anchor_anchors_10_alpha_1.2_sigma_0.12_threshold_0.0 - INFO - Batch 84/155: Clean orig accuracy 0.9375 | Clean purify accuracy 0.8772 | Adv orig accuracy: 0.7016 | Adv purify accuracy: 0.7649
2025-07-10 21:29:11,146 - ADV_Generation_eps_4.0_steps_100_Purification_type_noisy_anchor_anchors_10_alpha_1.2_sigma_0.12_threshold_0.0 - INFO - Batch:[84] Adversarial images for this batch already exist
2025-07-10 21:29:14,937 - ADV_Generation_eps_4.0_steps_100_Purification_type_noisy_anchor_anchors_10_alpha_1.2_sigma_0.12_threshold_0.0 - INFO - Batch 85/155: Clean orig accuracy 0.9375 | Clean purify accuracy 0.8779 | Adv orig accuracy: 0.7007 | Adv purify accuracy: 0.7647
2025-07-10 21:29:14,950 - ADV_Generation_eps_4.0_steps_100_Purification_type_noisy_anchor_anchors_10_alpha_1.2_sigma_0.12_threshold_0.0 - INFO - Batch:[85] Adversarial images for this batch already exist
2025-07-10 21:29:18,750 - ADV_Generation_eps_4.0_steps_100_Purification_type_noisy_anchor_anchors_10_alpha_1.2_sigma_0.12_threshold_0.0 - INFO - Batch 86/155: Clean orig accuracy 0.9382 | Clean purify accuracy 0.8779 | Adv orig accuracy: 0.6991 | Adv purify accuracy: 0.7645
2025-07-10 21:29:18,761 - ADV_Generation_eps_4.0_steps_100_Purification_type_noisy_anchor_anchors_10_alpha_1.2_sigma_0.12_threshold_0.0 - INFO - Batch:[86] Adversarial images for this batch already exist
2025-07-10 21:29:22,561 - ADV_Generation_eps_4.0_steps_100_Purification_type_noisy_anchor_anchors_10_alpha_1.2_sigma_0.12_threshold_0.0 - INFO - Batch 87/155: Clean orig accuracy 0.9368 | Clean purify accuracy 0.8772 | Adv orig accuracy: 0.6983 | Adv purify accuracy: 0.7636
2025-07-10 21:29:22,574 - ADV_Generation_eps_4.0_steps_100_Purification_type_noisy_anchor_anchors_10_alpha_1.2_sigma_0.12_threshold_0.0 - INFO - Batch:[87] Adversarial images for this batch already exist
2025-07-10 21:29:26,455 - ADV_Generation_eps_4.0_steps_100_Purification_type_noisy_anchor_anchors_10_alpha_1.2_sigma_0.12_threshold_0.0 - INFO - Batch 88/155: Clean orig accuracy 0.9354 | Clean purify accuracy 0.8757 | Adv orig accuracy: 0.6967 | Adv purify accuracy: 0.7607
2025-07-10 21:29:26,471 - ADV_Generation_eps_4.0_steps_100_Purification_type_noisy_anchor_anchors_10_alpha_1.2_sigma_0.12_threshold_0.0 - INFO - Batch:[88] Adversarial images for this batch already exist
2025-07-10 21:29:30,444 - ADV_Generation_eps_4.0_steps_100_Purification_type_noisy_anchor_anchors_10_alpha_1.2_sigma_0.12_threshold_0.0 - INFO - Batch 89/155: Clean orig accuracy 0.9347 | Clean purify accuracy 0.8750 | Adv orig accuracy: 0.6966 | Adv purify accuracy: 0.7598
2025-07-10 21:29:30,455 - ADV_Generation_eps_4.0_steps_100_Purification_type_noisy_anchor_anchors_10_alpha_1.2_sigma_0.12_threshold_0.0 - INFO - Batch:[89] Adversarial images for this batch already exist
2025-07-10 21:29:34,262 - ADV_Generation_eps_4.0_steps_100_Purification_type_noisy_anchor_anchors_10_alpha_1.2_sigma_0.12_threshold_0.0 - INFO - Batch 90/155: Clean orig accuracy 0.9354 | Clean purify accuracy 0.8764 | Adv orig accuracy: 0.6972 | Adv purify accuracy: 0.7618
2025-07-10 21:29:34,275 - ADV_Generation_eps_4.0_steps_100_Purification_type_noisy_anchor_anchors_10_alpha_1.2_sigma_0.12_threshold_0.0 - INFO - Batch:[90] Adversarial images for this batch already exist
2025-07-10 21:29:38,097 - ADV_Generation_eps_4.0_steps_100_Purification_type_noisy_anchor_anchors_10_alpha_1.2_sigma_0.12_threshold_0.0 - INFO - Batch 91/155: Clean orig accuracy 0.9361 | Clean purify accuracy 0.8777 | Adv orig accuracy: 0.6999 | Adv purify accuracy: 0.7644
2025-07-10 21:29:38,108 - ADV_Generation_eps_4.0_steps_100_Purification_type_noisy_anchor_anchors_10_alpha_1.2_sigma_0.12_threshold_0.0 - INFO - Batch:[91] Adversarial images for this batch already exist
2025-07-10 21:29:41,880 - ADV_Generation_eps_4.0_steps_100_Purification_type_noisy_anchor_anchors_10_alpha_1.2_sigma_0.12_threshold_0.0 - INFO - Batch 92/155: Clean orig accuracy 0.9368 | Clean purify accuracy 0.8777 | Adv orig accuracy: 0.7011 | Adv purify accuracy: 0.7643
2025-07-10 21:29:41,890 - ADV_Generation_eps_4.0_steps_100_Purification_type_noisy_anchor_anchors_10_alpha_1.2_sigma_0.12_threshold_0.0 - INFO - Batch:[92] Adversarial images for this batch already exist
2025-07-10 21:29:45,688 - ADV_Generation_eps_4.0_steps_100_Purification_type_noisy_anchor_anchors_10_alpha_1.2_sigma_0.12_threshold_0.0 - INFO - Batch 93/155: Clean orig accuracy 0.9362 | Clean purify accuracy 0.8770 | Adv orig accuracy: 0.7003 | Adv purify accuracy: 0.7621
2025-07-10 21:29:45,703 - ADV_Generation_eps_4.0_steps_100_Purification_type_noisy_anchor_anchors_10_alpha_1.2_sigma_0.12_threshold_0.0 - INFO - Batch:[93] Adversarial images for this batch already exist
2025-07-10 21:29:49,484 - ADV_Generation_eps_4.0_steps_100_Purification_type_noisy_anchor_anchors_10_alpha_1.2_sigma_0.12_threshold_0.0 - INFO - Batch 94/155: Clean orig accuracy 0.9362 | Clean purify accuracy 0.8770 | Adv orig accuracy: 0.7001 | Adv purify accuracy: 0.7620
2025-07-10 21:29:49,498 - ADV_Generation_eps_4.0_steps_100_Purification_type_noisy_anchor_anchors_10_alpha_1.2_sigma_0.12_threshold_0.0 - INFO - Batch:[94] Adversarial images for this batch already exist
2025-07-10 21:29:53,307 - ADV_Generation_eps_4.0_steps_100_Purification_type_noisy_anchor_anchors_10_alpha_1.2_sigma_0.12_threshold_0.0 - INFO - Batch 95/155: Clean orig accuracy 0.9368 | Clean purify accuracy 0.8770 | Adv orig accuracy: 0.7013 | Adv purify accuracy: 0.7612
2025-07-10 21:29:53,317 - ADV_Generation_eps_4.0_steps_100_Purification_type_noisy_anchor_anchors_10_alpha_1.2_sigma_0.12_threshold_0.0 - INFO - Batch:[95] Adversarial images for this batch already exist
2025-07-10 21:29:57,131 - ADV_Generation_eps_4.0_steps_100_Purification_type_noisy_anchor_anchors_10_alpha_1.2_sigma_0.12_threshold_0.0 - INFO - Batch 96/155: Clean orig accuracy 0.9362 | Clean purify accuracy 0.8750 | Adv orig accuracy: 0.7005 | Adv purify accuracy: 0.7578
2025-07-10 21:29:57,143 - ADV_Generation_eps_4.0_steps_100_Purification_type_noisy_anchor_anchors_10_alpha_1.2_sigma_0.12_threshold_0.0 - INFO - Batch:[96] Adversarial images for this batch already exist
2025-07-10 21:30:00,992 - ADV_Generation_eps_4.0_steps_100_Purification_type_noisy_anchor_anchors_10_alpha_1.2_sigma_0.12_threshold_0.0 - INFO - Batch 97/155: Clean orig accuracy 0.9362 | Clean purify accuracy 0.8744 | Adv orig accuracy: 0.6997 | Adv purify accuracy: 0.7571
2025-07-10 21:30:01,005 - ADV_Generation_eps_4.0_steps_100_Purification_type_noisy_anchor_anchors_10_alpha_1.2_sigma_0.12_threshold_0.0 - INFO - Batch:[97] Adversarial images for this batch already exist
2025-07-10 21:30:04,748 - ADV_Generation_eps_4.0_steps_100_Purification_type_noisy_anchor_anchors_10_alpha_1.2_sigma_0.12_threshold_0.0 - INFO - Batch 98/155: Clean orig accuracy 0.9369 | Clean purify accuracy 0.8737 | Adv orig accuracy: 0.7003 | Adv purify accuracy: 0.7570
2025-07-10 21:30:04,764 - ADV_Generation_eps_4.0_steps_100_Purification_type_noisy_anchor_anchors_10_alpha_1.2_sigma_0.12_threshold_0.0 - INFO - Batch:[98] Adversarial images for this batch already exist
2025-07-10 21:30:08,573 - ADV_Generation_eps_4.0_steps_100_Purification_type_noisy_anchor_anchors_10_alpha_1.2_sigma_0.12_threshold_0.0 - INFO - Batch 99/155: Clean orig accuracy 0.9375 | Clean purify accuracy 0.8750 | Adv orig accuracy: 0.7020 | Adv purify accuracy: 0.7582
2025-07-10 21:30:08,615 - ADV_Generation_eps_4.0_steps_100_Purification_type_noisy_anchor_anchors_10_alpha_1.2_sigma_0.12_threshold_0.0 - INFO - Batch:[99] Adversarial images for this batch already exist
2025-07-10 21:30:12,370 - ADV_Generation_eps_4.0_steps_100_Purification_type_noisy_anchor_anchors_10_alpha_1.2_sigma_0.12_threshold_0.0 - INFO - Batch 100/155: Clean orig accuracy 0.9381 | Clean purify accuracy 0.8756 | Adv orig accuracy: 0.7013 | Adv purify accuracy: 0.7588
2025-07-10 21:30:12,382 - ADV_Generation_eps_4.0_steps_100_Purification_type_noisy_anchor_anchors_10_alpha_1.2_sigma_0.12_threshold_0.0 - INFO - Batch:[100] Adversarial images for this batch already exist
2025-07-10 21:30:16,185 - ADV_Generation_eps_4.0_steps_100_Purification_type_noisy_anchor_anchors_10_alpha_1.2_sigma_0.12_threshold_0.0 - INFO - Batch 101/155: Clean orig accuracy 0.9381 | Clean purify accuracy 0.8762 | Adv orig accuracy: 0.7011 | Adv purify accuracy: 0.7574
2025-07-10 21:30:16,197 - ADV_Generation_eps_4.0_steps_100_Purification_type_noisy_anchor_anchors_10_alpha_1.2_sigma_0.12_threshold_0.0 - INFO - Batch:[101] Adversarial images for this batch already exist
2025-07-10 21:30:19,940 - ADV_Generation_eps_4.0_steps_100_Purification_type_noisy_anchor_anchors_10_alpha_1.2_sigma_0.12_threshold_0.0 - INFO - Batch 102/155: Clean orig accuracy 0.9369 | Clean purify accuracy 0.8738 | Adv orig accuracy: 0.6979 | Adv purify accuracy: 0.7543
2025-07-10 21:30:19,951 - ADV_Generation_eps_4.0_steps_100_Purification_type_noisy_anchor_anchors_10_alpha_1.2_sigma_0.12_threshold_0.0 - INFO - Batch:[102] Adversarial images for this batch already exist
2025-07-10 21:30:23,764 - ADV_Generation_eps_4.0_steps_100_Purification_type_noisy_anchor_anchors_10_alpha_1.2_sigma_0.12_threshold_0.0 - INFO - Batch 103/155: Clean orig accuracy 0.9345 | Clean purify accuracy 0.8689 | Adv orig accuracy: 0.6942 | Adv purify accuracy: 0.7500
2025-07-10 21:30:23,775 - ADV_Generation_eps_4.0_steps_100_Purification_type_noisy_anchor_anchors_10_alpha_1.2_sigma_0.12_threshold_0.0 - INFO - Batch:[103] Adversarial images for this batch already exist
2025-07-10 21:30:27,665 - ADV_Generation_eps_4.0_steps_100_Purification_type_noisy_anchor_anchors_10_alpha_1.2_sigma_0.12_threshold_0.0 - INFO - Batch 104/155: Clean orig accuracy 0.9309 | Clean purify accuracy 0.8648 | Adv orig accuracy: 0.6899 | Adv purify accuracy: 0.7458
2025-07-10 21:30:27,677 - ADV_Generation_eps_4.0_steps_100_Purification_type_noisy_anchor_anchors_10_alpha_1.2_sigma_0.12_threshold_0.0 - INFO - Batch:[104] Adversarial images for this batch already exist
2025-07-10 21:30:31,545 - ADV_Generation_eps_4.0_steps_100_Purification_type_noisy_anchor_anchors_10_alpha_1.2_sigma_0.12_threshold_0.0 - INFO - Batch 105/155: Clean orig accuracy 0.9310 | Clean purify accuracy 0.8643 | Adv orig accuracy: 0.6899 | Adv purify accuracy: 0.7464
2025-07-10 21:30:31,556 - ADV_Generation_eps_4.0_steps_100_Purification_type_noisy_anchor_anchors_10_alpha_1.2_sigma_0.12_threshold_0.0 - INFO - Batch:[105] Adversarial images for this batch already exist
2025-07-10 21:30:35,355 - ADV_Generation_eps_4.0_steps_100_Purification_type_noisy_anchor_anchors_10_alpha_1.2_sigma_0.12_threshold_0.0 - INFO - Batch 106/155: Clean orig accuracy 0.9316 | Clean purify accuracy 0.8656 | Adv orig accuracy: 0.6922 | Adv purify accuracy: 0.7488
2025-07-10 21:30:35,370 - ADV_Generation_eps_4.0_steps_100_Purification_type_noisy_anchor_anchors_10_alpha_1.2_sigma_0.12_threshold_0.0 - INFO - Batch:[106] Adversarial images for this batch already exist
2025-07-10 21:30:39,152 - ADV_Generation_eps_4.0_steps_100_Purification_type_noisy_anchor_anchors_10_alpha_1.2_sigma_0.12_threshold_0.0 - INFO - Batch 107/155: Clean orig accuracy 0.9322 | Clean purify accuracy 0.8662 | Adv orig accuracy: 0.6916 | Adv purify accuracy: 0.7494
2025-07-10 21:30:39,164 - ADV_Generation_eps_4.0_steps_100_Purification_type_noisy_anchor_anchors_10_alpha_1.2_sigma_0.12_threshold_0.0 - INFO - Batch:[107] Adversarial images for this batch already exist
2025-07-10 21:30:42,980 - ADV_Generation_eps_4.0_steps_100_Purification_type_noisy_anchor_anchors_10_alpha_1.2_sigma_0.12_threshold_0.0 - INFO - Batch 108/155: Clean orig accuracy 0.9323 | Clean purify accuracy 0.8669 | Adv orig accuracy: 0.6916 | Adv purify accuracy: 0.7500
2025-07-10 21:30:42,992 - ADV_Generation_eps_4.0_steps_100_Purification_type_noisy_anchor_anchors_10_alpha_1.2_sigma_0.12_threshold_0.0 - INFO - Batch:[108] Adversarial images for this batch already exist
2025-07-10 21:30:46,745 - ADV_Generation_eps_4.0_steps_100_Purification_type_noisy_anchor_anchors_10_alpha_1.2_sigma_0.12_threshold_0.0 - INFO - Batch 109/155: Clean orig accuracy 0.9306 | Clean purify accuracy 0.8647 | Adv orig accuracy: 0.6864 | Adv purify accuracy: 0.7466
2025-07-10 21:30:46,759 - ADV_Generation_eps_4.0_steps_100_Purification_type_noisy_anchor_anchors_10_alpha_1.2_sigma_0.12_threshold_0.0 - INFO - Batch:[109] Adversarial images for this batch already exist
2025-07-10 21:30:50,551 - ADV_Generation_eps_4.0_steps_100_Purification_type_noisy_anchor_anchors_10_alpha_1.2_sigma_0.12_threshold_0.0 - INFO - Batch 110/155: Clean orig accuracy 0.9295 | Clean purify accuracy 0.8631 | Adv orig accuracy: 0.6824 | Adv purify accuracy: 0.7438
2025-07-10 21:30:50,562 - ADV_Generation_eps_4.0_steps_100_Purification_type_noisy_anchor_anchors_10_alpha_1.2_sigma_0.12_threshold_0.0 - INFO - Batch:[110] Adversarial images for this batch already exist
2025-07-10 21:30:54,481 - ADV_Generation_eps_4.0_steps_100_Purification_type_noisy_anchor_anchors_10_alpha_1.2_sigma_0.12_threshold_0.0 - INFO - Batch 111/155: Clean orig accuracy 0.9285 | Clean purify accuracy 0.8609 | Adv orig accuracy: 0.6791 | Adv purify accuracy: 0.7416
2025-07-10 21:30:54,498 - ADV_Generation_eps_4.0_steps_100_Purification_type_noisy_anchor_anchors_10_alpha_1.2_sigma_0.12_threshold_0.0 - INFO - Batch:[111] Adversarial images for this batch already exist
2025-07-10 21:30:58,363 - ADV_Generation_eps_4.0_steps_100_Purification_type_noisy_anchor_anchors_10_alpha_1.2_sigma_0.12_threshold_0.0 - INFO - Batch 112/155: Clean orig accuracy 0.9280 | Clean purify accuracy 0.8605 | Adv orig accuracy: 0.6786 | Adv purify accuracy: 0.7411
2025-07-10 21:30:58,373 - ADV_Generation_eps_4.0_steps_100_Purification_type_noisy_anchor_anchors_10_alpha_1.2_sigma_0.12_threshold_0.0 - INFO - Batch:[112] Adversarial images for this batch already exist
2025-07-10 21:31:02,113 - ADV_Generation_eps_4.0_steps_100_Purification_type_noisy_anchor_anchors_10_alpha_1.2_sigma_0.12_threshold_0.0 - INFO - Batch 113/155: Clean orig accuracy 0.9287 | Clean purify accuracy 0.8617 | Adv orig accuracy: 0.6814 | Adv purify accuracy: 0.7434
2025-07-10 21:31:02,124 - ADV_Generation_eps_4.0_steps_100_Purification_type_noisy_anchor_anchors_10_alpha_1.2_sigma_0.12_threshold_0.0 - INFO - Batch:[113] Adversarial images for this batch already exist
2025-07-10 21:31:05,898 - ADV_Generation_eps_4.0_steps_100_Purification_type_noisy_anchor_anchors_10_alpha_1.2_sigma_0.12_threshold_0.0 - INFO - Batch 114/155: Clean orig accuracy 0.9293 | Clean purify accuracy 0.8618 | Adv orig accuracy: 0.6809 | Adv purify accuracy: 0.7423
2025-07-10 21:31:05,909 - ADV_Generation_eps_4.0_steps_100_Purification_type_noisy_anchor_anchors_10_alpha_1.2_sigma_0.12_threshold_0.0 - INFO - Batch:[114] Adversarial images for this batch already exist
2025-07-10 21:31:09,686 - ADV_Generation_eps_4.0_steps_100_Purification_type_noisy_anchor_anchors_10_alpha_1.2_sigma_0.12_threshold_0.0 - INFO - Batch 115/155: Clean orig accuracy 0.9272 | Clean purify accuracy 0.8576 | Adv orig accuracy: 0.6766 | Adv purify accuracy: 0.7380
2025-07-10 21:31:09,700 - ADV_Generation_eps_4.0_steps_100_Purification_type_noisy_anchor_anchors_10_alpha_1.2_sigma_0.12_threshold_0.0 - INFO - Batch:[115] Adversarial images for this batch already exist
2025-07-10 21:31:13,470 - ADV_Generation_eps_4.0_steps_100_Purification_type_noisy_anchor_anchors_10_alpha_1.2_sigma_0.12_threshold_0.0 - INFO - Batch 116/155: Clean orig accuracy 0.9273 | Clean purify accuracy 0.8578 | Adv orig accuracy: 0.6778 | Adv purify accuracy: 0.7376
2025-07-10 21:31:13,486 - ADV_Generation_eps_4.0_steps_100_Purification_type_noisy_anchor_anchors_10_alpha_1.2_sigma_0.12_threshold_0.0 - INFO - Batch:[116] Adversarial images for this batch already exist
2025-07-10 21:31:17,234 - ADV_Generation_eps_4.0_steps_100_Purification_type_noisy_anchor_anchors_10_alpha_1.2_sigma_0.12_threshold_0.0 - INFO - Batch 117/155: Clean orig accuracy 0.9268 | Clean purify accuracy 0.8584 | Adv orig accuracy: 0.6763 | Adv purify accuracy: 0.7372
2025-07-10 21:31:17,247 - ADV_Generation_eps_4.0_steps_100_Purification_type_noisy_anchor_anchors_10_alpha_1.2_sigma_0.12_threshold_0.0 - INFO - Batch:[117] Adversarial images for this batch already exist
2025-07-10 21:31:21,070 - ADV_Generation_eps_4.0_steps_100_Purification_type_noisy_anchor_anchors_10_alpha_1.2_sigma_0.12_threshold_0.0 - INFO - Batch 118/155: Clean orig accuracy 0.9274 | Clean purify accuracy 0.8586 | Adv orig accuracy: 0.6764 | Adv purify accuracy: 0.7368
2025-07-10 21:31:21,081 - ADV_Generation_eps_4.0_steps_100_Purification_type_noisy_anchor_anchors_10_alpha_1.2_sigma_0.12_threshold_0.0 - INFO - Batch:[118] Adversarial images for this batch already exist
2025-07-10 21:31:24,933 - ADV_Generation_eps_4.0_steps_100_Purification_type_noisy_anchor_anchors_10_alpha_1.2_sigma_0.12_threshold_0.0 - INFO - Batch 119/155: Clean orig accuracy 0.9275 | Clean purify accuracy 0.8587 | Adv orig accuracy: 0.6775 | Adv purify accuracy: 0.7363
2025-07-10 21:31:24,946 - ADV_Generation_eps_4.0_steps_100_Purification_type_noisy_anchor_anchors_10_alpha_1.2_sigma_0.12_threshold_0.0 - INFO - Batch:[119] Adversarial images for this batch already exist
2025-07-10 21:31:28,820 - ADV_Generation_eps_4.0_steps_100_Purification_type_noisy_anchor_anchors_10_alpha_1.2_sigma_0.12_threshold_0.0 - INFO - Batch 120/155: Clean orig accuracy 0.9281 | Clean purify accuracy 0.8594 | Adv orig accuracy: 0.6776 | Adv purify accuracy: 0.7359
2025-07-10 21:31:28,831 - ADV_Generation_eps_4.0_steps_100_Purification_type_noisy_anchor_anchors_10_alpha_1.2_sigma_0.12_threshold_0.0 - INFO - Batch:[120] Adversarial images for this batch already exist
2025-07-10 21:31:32,591 - ADV_Generation_eps_4.0_steps_100_Purification_type_noisy_anchor_anchors_10_alpha_1.2_sigma_0.12_threshold_0.0 - INFO - Batch 121/155: Clean orig accuracy 0.9287 | Clean purify accuracy 0.8605 | Adv orig accuracy: 0.6798 | Adv purify accuracy: 0.7376
2025-07-10 21:31:32,621 - ADV_Generation_eps_4.0_steps_100_Purification_type_noisy_anchor_anchors_10_alpha_1.2_sigma_0.12_threshold_0.0 - INFO - Batch:[121] Adversarial images for this batch already exist
2025-07-10 21:31:36,497 - ADV_Generation_eps_4.0_steps_100_Purification_type_noisy_anchor_anchors_10_alpha_1.2_sigma_0.12_threshold_0.0 - INFO - Batch 122/155: Clean orig accuracy 0.9288 | Clean purify accuracy 0.8601 | Adv orig accuracy: 0.6783 | Adv purify accuracy: 0.7362
2025-07-10 21:31:36,508 - ADV_Generation_eps_4.0_steps_100_Purification_type_noisy_anchor_anchors_10_alpha_1.2_sigma_0.12_threshold_0.0 - INFO - Batch:[122] Adversarial images for this batch already exist
2025-07-10 21:31:41,001 - ADV_Generation_eps_4.0_steps_100_Purification_type_noisy_anchor_anchors_10_alpha_1.2_sigma_0.12_threshold_0.0 - INFO - Batch 123/155: Clean orig accuracy 0.9294 | Clean purify accuracy 0.8608 | Adv orig accuracy: 0.6794 | Adv purify accuracy: 0.7368
2025-07-10 21:31:41,011 - ADV_Generation_eps_4.0_steps_100_Purification_type_noisy_anchor_anchors_10_alpha_1.2_sigma_0.12_threshold_0.0 - INFO - Batch:[123] Adversarial images for this batch already exist
2025-07-10 21:31:44,562 - ADV_Generation_eps_4.0_steps_100_Purification_type_noisy_anchor_anchors_10_alpha_1.2_sigma_0.12_threshold_0.0 - INFO - Batch 124/155: Clean orig accuracy 0.9299 | Clean purify accuracy 0.8619 | Adv orig accuracy: 0.6820 | Adv purify accuracy: 0.7389
2025-07-10 21:31:44,576 - ADV_Generation_eps_4.0_steps_100_Purification_type_noisy_anchor_anchors_10_alpha_1.2_sigma_0.12_threshold_0.0 - INFO - Batch:[124] Adversarial images for this batch already exist
2025-07-10 21:31:48,122 - ADV_Generation_eps_4.0_steps_100_Purification_type_noisy_anchor_anchors_10_alpha_1.2_sigma_0.12_threshold_0.0 - INFO - Batch 125/155: Clean orig accuracy 0.9305 | Clean purify accuracy 0.8630 | Adv orig accuracy: 0.6835 | Adv purify accuracy: 0.7395
2025-07-10 21:31:48,133 - ADV_Generation_eps_4.0_steps_100_Purification_type_noisy_anchor_anchors_10_alpha_1.2_sigma_0.12_threshold_0.0 - INFO - Batch:[125] Adversarial images for this batch already exist
2025-07-10 21:31:51,673 - ADV_Generation_eps_4.0_steps_100_Purification_type_noisy_anchor_anchors_10_alpha_1.2_sigma_0.12_threshold_0.0 - INFO - Batch 126/155: Clean orig accuracy 0.9311 | Clean purify accuracy 0.8636 | Adv orig accuracy: 0.6830 | Adv purify accuracy: 0.7396
2025-07-10 21:31:51,690 - ADV_Generation_eps_4.0_steps_100_Purification_type_noisy_anchor_anchors_10_alpha_1.2_sigma_0.12_threshold_0.0 - INFO - Batch:[126] Adversarial images for this batch already exist
2025-07-10 21:31:55,427 - ADV_Generation_eps_4.0_steps_100_Purification_type_noisy_anchor_anchors_10_alpha_1.2_sigma_0.12_threshold_0.0 - INFO - Batch 127/155: Clean orig accuracy 0.9316 | Clean purify accuracy 0.8647 | Adv orig accuracy: 0.6855 | Adv purify accuracy: 0.7411
2025-07-10 21:31:55,439 - ADV_Generation_eps_4.0_steps_100_Purification_type_noisy_anchor_anchors_10_alpha_1.2_sigma_0.12_threshold_0.0 - INFO - Batch:[127] Adversarial images for this batch already exist
2025-07-10 21:31:59,239 - ADV_Generation_eps_4.0_steps_100_Purification_type_noisy_anchor_anchors_10_alpha_1.2_sigma_0.12_threshold_0.0 - INFO - Batch 128/155: Clean orig accuracy 0.9321 | Clean purify accuracy 0.8652 | Adv orig accuracy: 0.6846 | Adv purify accuracy: 0.7422
2025-07-10 21:31:59,256 - ADV_Generation_eps_4.0_steps_100_Purification_type_noisy_anchor_anchors_10_alpha_1.2_sigma_0.12_threshold_0.0 - INFO - Batch:[128] Adversarial images for this batch already exist
2025-07-10 21:32:03,025 - ADV_Generation_eps_4.0_steps_100_Purification_type_noisy_anchor_anchors_10_alpha_1.2_sigma_0.12_threshold_0.0 - INFO - Batch 129/155: Clean orig accuracy 0.9317 | Clean purify accuracy 0.8648 | Adv orig accuracy: 0.6846 | Adv purify accuracy: 0.7422
2025-07-10 21:32:03,038 - ADV_Generation_eps_4.0_steps_100_Purification_type_noisy_anchor_anchors_10_alpha_1.2_sigma_0.12_threshold_0.0 - INFO - Batch:[129] Adversarial images for this batch already exist
2025-07-10 21:32:06,816 - ADV_Generation_eps_4.0_steps_100_Purification_type_noisy_anchor_anchors_10_alpha_1.2_sigma_0.12_threshold_0.0 - INFO - Batch 130/155: Clean orig accuracy 0.9322 | Clean purify accuracy 0.8654 | Adv orig accuracy: 0.6846 | Adv purify accuracy: 0.7404
2025-07-10 21:32:06,827 - ADV_Generation_eps_4.0_steps_100_Purification_type_noisy_anchor_anchors_10_alpha_1.2_sigma_0.12_threshold_0.0 - INFO - Batch:[130] Adversarial images for this batch already exist
2025-07-10 21:32:10,615 - ADV_Generation_eps_4.0_steps_100_Purification_type_noisy_anchor_anchors_10_alpha_1.2_sigma_0.12_threshold_0.0 - INFO - Batch 131/155: Clean orig accuracy 0.9318 | Clean purify accuracy 0.8659 | Adv orig accuracy: 0.6813 | Adv purify accuracy: 0.7362
2025-07-10 21:32:10,631 - ADV_Generation_eps_4.0_steps_100_Purification_type_noisy_anchor_anchors_10_alpha_1.2_sigma_0.12_threshold_0.0 - INFO - Batch:[131] Adversarial images for this batch already exist
2025-07-10 21:32:14,512 - ADV_Generation_eps_4.0_steps_100_Purification_type_noisy_anchor_anchors_10_alpha_1.2_sigma_0.12_threshold_0.0 - INFO - Batch 132/155: Clean orig accuracy 0.9318 | Clean purify accuracy 0.8670 | Adv orig accuracy: 0.6809 | Adv purify accuracy: 0.7372
2025-07-10 21:32:14,524 - ADV_Generation_eps_4.0_steps_100_Purification_type_noisy_anchor_anchors_10_alpha_1.2_sigma_0.12_threshold_0.0 - INFO - Batch:[132] Adversarial images for this batch already exist
2025-07-10 21:32:18,361 - ADV_Generation_eps_4.0_steps_100_Purification_type_noisy_anchor_anchors_10_alpha_1.2_sigma_0.12_threshold_0.0 - INFO - Batch 133/155: Clean orig accuracy 0.9323 | Clean purify accuracy 0.8680 | Adv orig accuracy: 0.6833 | Adv purify accuracy: 0.7392
2025-07-10 21:32:18,372 - ADV_Generation_eps_4.0_steps_100_Purification_type_noisy_anchor_anchors_10_alpha_1.2_sigma_0.12_threshold_0.0 - INFO - Batch:[133] Adversarial images for this batch already exist
2025-07-10 21:32:22,124 - ADV_Generation_eps_4.0_steps_100_Purification_type_noisy_anchor_anchors_10_alpha_1.2_sigma_0.12_threshold_0.0 - INFO - Batch 134/155: Clean orig accuracy 0.9328 | Clean purify accuracy 0.8685 | Adv orig accuracy: 0.6838 | Adv purify accuracy: 0.7402
2025-07-10 21:32:22,136 - ADV_Generation_eps_4.0_steps_100_Purification_type_noisy_anchor_anchors_10_alpha_1.2_sigma_0.12_threshold_0.0 - INFO - Batch:[134] Adversarial images for this batch already exist
2025-07-10 21:32:25,978 - ADV_Generation_eps_4.0_steps_100_Purification_type_noisy_anchor_anchors_10_alpha_1.2_sigma_0.12_threshold_0.0 - INFO - Batch 135/155: Clean orig accuracy 0.9333 | Clean purify accuracy 0.8690 | Adv orig accuracy: 0.6852 | Adv purify accuracy: 0.7417
2025-07-10 21:32:25,996 - ADV_Generation_eps_4.0_steps_100_Purification_type_noisy_anchor_anchors_10_alpha_1.2_sigma_0.12_threshold_0.0 - INFO - Batch:[135] Adversarial images for this batch already exist
2025-07-10 21:32:29,849 - ADV_Generation_eps_4.0_steps_100_Purification_type_noisy_anchor_anchors_10_alpha_1.2_sigma_0.12_threshold_0.0 - INFO - Batch 136/155: Clean orig accuracy 0.9338 | Clean purify accuracy 0.8699 | Adv orig accuracy: 0.6870 | Adv purify accuracy: 0.7436
2025-07-10 21:32:29,860 - ADV_Generation_eps_4.0_steps_100_Purification_type_noisy_anchor_anchors_10_alpha_1.2_sigma_0.12_threshold_0.0 - INFO - Batch:[136] Adversarial images for this batch already exist
2025-07-10 21:32:33,626 - ADV_Generation_eps_4.0_steps_100_Purification_type_noisy_anchor_anchors_10_alpha_1.2_sigma_0.12_threshold_0.0 - INFO - Batch 137/155: Clean orig accuracy 0.9343 | Clean purify accuracy 0.8700 | Adv orig accuracy: 0.6875 | Adv purify accuracy: 0.7445
2025-07-10 21:32:33,637 - ADV_Generation_eps_4.0_steps_100_Purification_type_noisy_anchor_anchors_10_alpha_1.2_sigma_0.12_threshold_0.0 - INFO - Batch:[137] Adversarial images for this batch already exist
2025-07-10 21:32:37,430 - ADV_Generation_eps_4.0_steps_100_Purification_type_noisy_anchor_anchors_10_alpha_1.2_sigma_0.12_threshold_0.0 - INFO - Batch 138/155: Clean orig accuracy 0.9348 | Clean purify accuracy 0.8709 | Adv orig accuracy: 0.6898 | Adv purify accuracy: 0.7464
2025-07-10 21:32:37,441 - ADV_Generation_eps_4.0_steps_100_Purification_type_noisy_anchor_anchors_10_alpha_1.2_sigma_0.12_threshold_0.0 - INFO - Batch:[138] Adversarial images for this batch already exist
2025-07-10 21:32:41,220 - ADV_Generation_eps_4.0_steps_100_Purification_type_noisy_anchor_anchors_10_alpha_1.2_sigma_0.12_threshold_0.0 - INFO - Batch 139/155: Clean orig accuracy 0.9353 | Clean purify accuracy 0.8714 | Adv orig accuracy: 0.6915 | Adv purify accuracy: 0.7473
2025-07-10 21:32:41,231 - ADV_Generation_eps_4.0_steps_100_Purification_type_noisy_anchor_anchors_10_alpha_1.2_sigma_0.12_threshold_0.0 - INFO - Batch:[139] Adversarial images for this batch already exist
2025-07-10 21:32:45,048 - ADV_Generation_eps_4.0_steps_100_Purification_type_noisy_anchor_anchors_10_alpha_1.2_sigma_0.12_threshold_0.0 - INFO - Batch 140/155: Clean orig accuracy 0.9357 | Clean purify accuracy 0.8723 | Adv orig accuracy: 0.6937 | Adv purify accuracy: 0.7491
2025-07-10 21:32:45,065 - ADV_Generation_eps_4.0_steps_100_Purification_type_noisy_anchor_anchors_10_alpha_1.2_sigma_0.12_threshold_0.0 - INFO - Batch:[140] Adversarial images for this batch already exist
2025-07-10 21:32:48,970 - ADV_Generation_eps_4.0_steps_100_Purification_type_noisy_anchor_anchors_10_alpha_1.2_sigma_0.12_threshold_0.0 - INFO - Batch 141/155: Clean orig accuracy 0.9362 | Clean purify accuracy 0.8732 | Adv orig accuracy: 0.6959 | Adv purify accuracy: 0.7509
2025-07-10 21:32:48,982 - ADV_Generation_eps_4.0_steps_100_Purification_type_noisy_anchor_anchors_10_alpha_1.2_sigma_0.12_threshold_0.0 - INFO - Batch:[141] Adversarial images for this batch already exist
2025-07-10 21:32:52,821 - ADV_Generation_eps_4.0_steps_100_Purification_type_noisy_anchor_anchors_10_alpha_1.2_sigma_0.12_threshold_0.0 - INFO - Batch 142/155: Clean orig accuracy 0.9366 | Clean purify accuracy 0.8728 | Adv orig accuracy: 0.6967 | Adv purify accuracy: 0.7513
2025-07-10 21:32:52,831 - ADV_Generation_eps_4.0_steps_100_Purification_type_noisy_anchor_anchors_10_alpha_1.2_sigma_0.12_threshold_0.0 - INFO - Batch:[142] Adversarial images for this batch already exist
2025-07-10 21:32:56,659 - ADV_Generation_eps_4.0_steps_100_Purification_type_noisy_anchor_anchors_10_alpha_1.2_sigma_0.12_threshold_0.0 - INFO - Batch 143/155: Clean orig accuracy 0.9366 | Clean purify accuracy 0.8715 | Adv orig accuracy: 0.6967 | Adv purify accuracy: 0.7500
2025-07-10 21:32:56,671 - ADV_Generation_eps_4.0_steps_100_Purification_type_noisy_anchor_anchors_10_alpha_1.2_sigma_0.12_threshold_0.0 - INFO - Batch:[143] Adversarial images for this batch already exist
2025-07-10 21:33:00,437 - ADV_Generation_eps_4.0_steps_100_Purification_type_noisy_anchor_anchors_10_alpha_1.2_sigma_0.12_threshold_0.0 - INFO - Batch 144/155: Clean orig accuracy 0.9366 | Clean purify accuracy 0.8720 | Adv orig accuracy: 0.6966 | Adv purify accuracy: 0.7509
2025-07-10 21:33:00,448 - ADV_Generation_eps_4.0_steps_100_Purification_type_noisy_anchor_anchors_10_alpha_1.2_sigma_0.12_threshold_0.0 - INFO - Batch:[144] Adversarial images for this batch already exist
2025-07-10 21:33:04,239 - ADV_Generation_eps_4.0_steps_100_Purification_type_noisy_anchor_anchors_10_alpha_1.2_sigma_0.12_threshold_0.0 - INFO - Batch 145/155: Clean orig accuracy 0.9371 | Clean purify accuracy 0.8728 | Adv orig accuracy: 0.6974 | Adv purify accuracy: 0.7522
2025-07-10 21:33:04,255 - ADV_Generation_eps_4.0_steps_100_Purification_type_noisy_anchor_anchors_10_alpha_1.2_sigma_0.12_threshold_0.0 - INFO - Batch:[145] Adversarial images for this batch already exist
2025-07-10 21:33:08,065 - ADV_Generation_eps_4.0_steps_100_Purification_type_noisy_anchor_anchors_10_alpha_1.2_sigma_0.12_threshold_0.0 - INFO - Batch 146/155: Clean orig accuracy 0.9375 | Clean purify accuracy 0.8737 | Adv orig accuracy: 0.6995 | Adv purify accuracy: 0.7539
2025-07-10 21:33:08,076 - ADV_Generation_eps_4.0_steps_100_Purification_type_noisy_anchor_anchors_10_alpha_1.2_sigma_0.12_threshold_0.0 - INFO - Batch:[146] Adversarial images for this batch already exist
2025-07-10 21:33:11,883 - ADV_Generation_eps_4.0_steps_100_Purification_type_noisy_anchor_anchors_10_alpha_1.2_sigma_0.12_threshold_0.0 - INFO - Batch 147/155: Clean orig accuracy 0.9379 | Clean purify accuracy 0.8741 | Adv orig accuracy: 0.7003 | Adv purify accuracy: 0.7551
2025-07-10 21:33:11,894 - ADV_Generation_eps_4.0_steps_100_Purification_type_noisy_anchor_anchors_10_alpha_1.2_sigma_0.12_threshold_0.0 - INFO - Batch:[147] Adversarial images for this batch already exist
2025-07-10 21:33:15,692 - ADV_Generation_eps_4.0_steps_100_Purification_type_noisy_anchor_anchors_10_alpha_1.2_sigma_0.12_threshold_0.0 - INFO - Batch 148/155: Clean orig accuracy 0.9383 | Clean purify accuracy 0.8750 | Adv orig accuracy: 0.7023 | Adv purify accuracy: 0.7568
2025-07-10 21:33:15,703 - ADV_Generation_eps_4.0_steps_100_Purification_type_noisy_anchor_anchors_10_alpha_1.2_sigma_0.12_threshold_0.0 - INFO - Batch:[148] Adversarial images for this batch already exist
2025-07-10 21:33:19,468 - ADV_Generation_eps_4.0_steps_100_Purification_type_noisy_anchor_anchors_10_alpha_1.2_sigma_0.12_threshold_0.0 - INFO - Batch 149/155: Clean orig accuracy 0.9379 | Clean purify accuracy 0.8750 | Adv orig accuracy: 0.7022 | Adv purify accuracy: 0.7567
2025-07-10 21:33:19,480 - ADV_Generation_eps_4.0_steps_100_Purification_type_noisy_anchor_anchors_10_alpha_1.2_sigma_0.12_threshold_0.0 - INFO - Batch:[149] Adversarial images for this batch already exist
2025-07-10 21:33:23,249 - ADV_Generation_eps_4.0_steps_100_Purification_type_noisy_anchor_anchors_10_alpha_1.2_sigma_0.12_threshold_0.0 - INFO - Batch 150/155: Clean orig accuracy 0.9371 | Clean purify accuracy 0.8729 | Adv orig accuracy: 0.7000 | Adv purify accuracy: 0.7542
2025-07-10 21:33:23,267 - ADV_Generation_eps_4.0_steps_100_Purification_type_noisy_anchor_anchors_10_alpha_1.2_sigma_0.12_threshold_0.0 - INFO - Batch:[150] Adversarial images for this batch already exist
2025-07-10 21:33:27,098 - ADV_Generation_eps_4.0_steps_100_Purification_type_noisy_anchor_anchors_10_alpha_1.2_sigma_0.12_threshold_0.0 - INFO - Batch 151/155: Clean orig accuracy 0.9367 | Clean purify accuracy 0.8725 | Adv orig accuracy: 0.6983 | Adv purify accuracy: 0.7537
2025-07-10 21:33:27,110 - ADV_Generation_eps_4.0_steps_100_Purification_type_noisy_anchor_anchors_10_alpha_1.2_sigma_0.12_threshold_0.0 - INFO - Batch:[151] Adversarial images for this batch already exist
2025-07-10 21:33:30,868 - ADV_Generation_eps_4.0_steps_100_Purification_type_noisy_anchor_anchors_10_alpha_1.2_sigma_0.12_threshold_0.0 - INFO - Batch 152/155: Clean orig accuracy 0.9363 | Clean purify accuracy 0.8729 | Adv orig accuracy: 0.6986 | Adv purify accuracy: 0.7537
2025-07-10 21:33:30,880 - ADV_Generation_eps_4.0_steps_100_Purification_type_noisy_anchor_anchors_10_alpha_1.2_sigma_0.12_threshold_0.0 - INFO - Batch:[152] Adversarial images for this batch already exist
2025-07-10 21:33:34,787 - ADV_Generation_eps_4.0_steps_100_Purification_type_noisy_anchor_anchors_10_alpha_1.2_sigma_0.12_threshold_0.0 - INFO - Batch 153/155: Clean orig accuracy 0.9363 | Clean purify accuracy 0.8734 | Adv orig accuracy: 0.7002 | Adv purify accuracy: 0.7545
2025-07-10 21:33:34,798 - ADV_Generation_eps_4.0_steps_100_Purification_type_noisy_anchor_anchors_10_alpha_1.2_sigma_0.12_threshold_0.0 - INFO - Batch:[153] Adversarial images for this batch already exist
2025-07-10 21:33:38,551 - ADV_Generation_eps_4.0_steps_100_Purification_type_noisy_anchor_anchors_10_alpha_1.2_sigma_0.12_threshold_0.0 - INFO - Batch 154/155: Clean orig accuracy 0.9367 | Clean purify accuracy 0.8742 | Adv orig accuracy: 0.7021 | Adv purify accuracy: 0.7561
2025-07-10 21:33:38,555 - ADV_Generation_eps_4.0_steps_100_Purification_type_noisy_anchor_anchors_10_alpha_1.2_sigma_0.12_threshold_0.0 - INFO - Batch:[154] Adversarial images for this batch already exist
2025-07-10 21:33:41,396 - ADV_Generation_eps_4.0_steps_100_Purification_type_noisy_anchor_anchors_10_alpha_1.2_sigma_0.12_threshold_0.0 - INFO - Batch 155/155: Clean orig accuracy 0.9367 | Clean purify accuracy 0.8742 | Adv orig accuracy: 0.7022 | Adv purify accuracy: 0.7562
2025-07-10 21:33:41,499 - ADV_Generation_eps_4.0_steps_100_Purification_type_noisy_anchor_anchors_10_alpha_1.2_sigma_0.12_threshold_0.0 - INFO - Final Clean orig accuracy: 0.9367 | Clean purify accuracy: 0.8742
2025-07-10 21:33:41,499 - ADV_Generation_eps_4.0_steps_100_Purification_type_noisy_anchor_anchors_10_alpha_1.2_sigma_0.12_threshold_0.0 - INFO - Final Adv orig accuracy: 0.7022 | Adv purify accuracy: 0.7562
2025-07-10 21:33:41,499 - ADV_Generation_eps_4.0_steps_100_Purification_type_noisy_anchor_anchors_10_alpha_1.2_sigma_0.12_threshold_0.0 - INFO - Diff_ratio_clean: 0.3507 | Diff_ratio_adv: 0.3584
2025-07-10 21:33:41,499 - ADV_Generation_eps_4.0_steps_100_Purification_type_noisy_anchor_anchors_10_alpha_1.2_sigma_0.12_threshold_0.0 - INFO - Adversarial image generation completed. Results
