2025-07-10 21:23:14,968 - ADV_Generation_eps_4.0_steps_100_Purification_type_noisy_anchor_anchors_10_alpha_1.2_sigma_0.06_threshold_0.0 - INFO - ==========================================
data:/leonardo_work/EUHPC_R04_192/fmohamma/Adversarial_Robust_Clip/atpt_data/downstream_datasets
test_sets:Caltech101
dataset_mode:test
arch:fare4
resolution:224
workers:4
no_pin_memory:False
batch_size:64
adv_bs:16
print_freq:20
gpu:0
no_cudnn_benchmark:False
n_ctx:4
ctx_init:a_photo_of_a
seed:0
output_dir:/leonardo_work/EUHPC_R04_192/fmohamma/Adversarial_Robust_Clip/atpt_data/fare4/Caltech101
log_output_dir:/leonardo_work/EUHPC_R04_192/fmohamma/Adversarial_Robust_Clip/ATPT/Purify_Results/fare4/Caltech101
eps:4.0
alpha:1.0
alpha_eps_ratio:4.0
steps:100
counter_attack:False
counter_attack_type:pgd
counter_attack_steps:2
counter_attack_eps:4.0
counter_attack_alpha:1.0
counter_attack_tau_thres:0.2
counter_attack_beta:2.0
counter_attack_weighted_perturbations:True
pgd_clip_pure_i_text_embeddings:null
pgd_counter_and_clipure_i_lamda:1.0
image_feature_purify:True
image_feature_purify_type:noisy_anchor
image_feature_purify_noisy_anchors:10
image_feature_purify_anchors_alpha:1.2
image_feature_purify_noisy_sigma:0.06
image_feature_purify_diff_threshold:0.0
lr:0.005
selection_p:0.1
tta_steps:1
top_k:20
softmax_temp:0.01
load_tecoa:

2025-07-10 21:23:14,969 - ADV_Generation_eps_4.0_steps_100_Purification_type_noisy_anchor_anchors_10_alpha_1.2_sigma_0.06_threshold_0.0 - INFO - Use GPU: 0 for training
2025-07-10 21:24:24,143 - ADV_Generation_eps_4.0_steps_100_Purification_type_noisy_anchor_anchors_10_alpha_1.2_sigma_0.06_threshold_0.0 - INFO - => Model created: visual backbone fare4
2025-07-10 21:24:24,175 - ADV_Generation_eps_4.0_steps_100_Purification_type_noisy_anchor_anchors_10_alpha_1.2_sigma_0.06_threshold_0.0 - INFO - Number of test samples: 2465
2025-07-10 21:24:24,175 - ADV_Generation_eps_4.0_steps_100_Purification_type_noisy_anchor_anchors_10_alpha_1.2_sigma_0.06_threshold_0.0 - INFO - Evaluating dataset: Caltech101
2025-07-10 21:24:24,176 - ADV_Generation_eps_4.0_steps_100_Purification_type_noisy_anchor_anchors_10_alpha_1.2_sigma_0.06_threshold_0.0 - INFO - Starting evaluation with batch size: 64, selection percentage: 0.1
2025-07-10 21:24:24,177 - ADV_Generation_eps_4.0_steps_100_Purification_type_noisy_anchor_anchors_10_alpha_1.2_sigma_0.06_threshold_0.0 - INFO - Using PGD attack with epsilon: 0.015686, alpha: 0.003922, steps: 100
2025-07-10 21:24:24,179 - ADV_Generation_eps_4.0_steps_100_Purification_type_noisy_anchor_anchors_10_alpha_1.2_sigma_0.06_threshold_0.0 - INFO - Using directory for adversarial images: /leonardo_work/EUHPC_R04_192/fmohamma/Adversarial_Robust_Clip/atpt_data/fare4/Caltech101/adv_images_eps_4.0_alpha_1.0_steps_100
2025-07-10 21:24:25,030 - ADV_Generation_eps_4.0_steps_100_Purification_type_noisy_anchor_anchors_10_alpha_1.2_sigma_0.06_threshold_0.0 - INFO - Batch:[0] Adversarial images for this batch already exist
2025-07-10 21:24:44,784 - ADV_Generation_eps_4.0_steps_100_Purification_type_noisy_anchor_anchors_10_alpha_1.2_sigma_0.06_threshold_0.0 - INFO - Batch 1/155: Clean orig accuracy 0.8750 | Clean purify accuracy 0.9375 | Adv orig accuracy: 0.6250 | Adv purify accuracy: 0.6250
2025-07-10 21:24:44,796 - ADV_Generation_eps_4.0_steps_100_Purification_type_noisy_anchor_anchors_10_alpha_1.2_sigma_0.06_threshold_0.0 - INFO - Batch:[1] Adversarial images for this batch already exist
2025-07-10 21:24:48,634 - ADV_Generation_eps_4.0_steps_100_Purification_type_noisy_anchor_anchors_10_alpha_1.2_sigma_0.06_threshold_0.0 - INFO - Batch 2/155: Clean orig accuracy 0.9062 | Clean purify accuracy 0.9375 | Adv orig accuracy: 0.6875 | Adv purify accuracy: 0.6875
2025-07-10 21:24:48,647 - ADV_Generation_eps_4.0_steps_100_Purification_type_noisy_anchor_anchors_10_alpha_1.2_sigma_0.06_threshold_0.0 - INFO - Batch:[2] Adversarial images for this batch already exist
2025-07-10 21:24:52,505 - ADV_Generation_eps_4.0_steps_100_Purification_type_noisy_anchor_anchors_10_alpha_1.2_sigma_0.06_threshold_0.0 - INFO - Batch 3/155: Clean orig accuracy 0.9375 | Clean purify accuracy 0.9583 | Adv orig accuracy: 0.7083 | Adv purify accuracy: 0.7083
2025-07-10 21:24:52,517 - ADV_Generation_eps_4.0_steps_100_Purification_type_noisy_anchor_anchors_10_alpha_1.2_sigma_0.06_threshold_0.0 - INFO - Batch:[3] Adversarial images for this batch already exist
2025-07-10 21:24:56,363 - ADV_Generation_eps_4.0_steps_100_Purification_type_noisy_anchor_anchors_10_alpha_1.2_sigma_0.06_threshold_0.0 - INFO - Batch 4/155: Clean orig accuracy 0.9531 | Clean purify accuracy 0.9688 | Adv orig accuracy: 0.6562 | Adv purify accuracy: 0.6719
2025-07-10 21:24:56,376 - ADV_Generation_eps_4.0_steps_100_Purification_type_noisy_anchor_anchors_10_alpha_1.2_sigma_0.06_threshold_0.0 - INFO - Batch:[4] Adversarial images for this batch already exist
2025-07-10 21:25:00,185 - ADV_Generation_eps_4.0_steps_100_Purification_type_noisy_anchor_anchors_10_alpha_1.2_sigma_0.06_threshold_0.0 - INFO - Batch 5/155: Clean orig accuracy 0.9125 | Clean purify accuracy 0.9375 | Adv orig accuracy: 0.6250 | Adv purify accuracy: 0.6500
2025-07-10 21:25:00,198 - ADV_Generation_eps_4.0_steps_100_Purification_type_noisy_anchor_anchors_10_alpha_1.2_sigma_0.06_threshold_0.0 - INFO - Batch:[5] Adversarial images for this batch already exist
2025-07-10 21:25:04,028 - ADV_Generation_eps_4.0_steps_100_Purification_type_noisy_anchor_anchors_10_alpha_1.2_sigma_0.06_threshold_0.0 - INFO - Batch 6/155: Clean orig accuracy 0.9167 | Clean purify accuracy 0.9375 | Adv orig accuracy: 0.6250 | Adv purify accuracy: 0.6458
2025-07-10 21:25:04,040 - ADV_Generation_eps_4.0_steps_100_Purification_type_noisy_anchor_anchors_10_alpha_1.2_sigma_0.06_threshold_0.0 - INFO - Batch:[6] Adversarial images for this batch already exist
2025-07-10 21:25:07,847 - ADV_Generation_eps_4.0_steps_100_Purification_type_noisy_anchor_anchors_10_alpha_1.2_sigma_0.06_threshold_0.0 - INFO - Batch 7/155: Clean orig accuracy 0.9286 | Clean purify accuracy 0.9464 | Adv orig accuracy: 0.6250 | Adv purify accuracy: 0.6518
2025-07-10 21:25:07,858 - ADV_Generation_eps_4.0_steps_100_Purification_type_noisy_anchor_anchors_10_alpha_1.2_sigma_0.06_threshold_0.0 - INFO - Batch:[7] Adversarial images for this batch already exist
2025-07-10 21:25:11,651 - ADV_Generation_eps_4.0_steps_100_Purification_type_noisy_anchor_anchors_10_alpha_1.2_sigma_0.06_threshold_0.0 - INFO - Batch 8/155: Clean orig accuracy 0.9141 | Clean purify accuracy 0.9375 | Adv orig accuracy: 0.6172 | Adv purify accuracy: 0.6406
2025-07-10 21:25:11,662 - ADV_Generation_eps_4.0_steps_100_Purification_type_noisy_anchor_anchors_10_alpha_1.2_sigma_0.06_threshold_0.0 - INFO - Batch:[8] Adversarial images for this batch already exist
2025-07-10 21:25:15,481 - ADV_Generation_eps_4.0_steps_100_Purification_type_noisy_anchor_anchors_10_alpha_1.2_sigma_0.06_threshold_0.0 - INFO - Batch 9/155: Clean orig accuracy 0.9167 | Clean purify accuracy 0.9236 | Adv orig accuracy: 0.6250 | Adv purify accuracy: 0.6528
2025-07-10 21:25:15,491 - ADV_Generation_eps_4.0_steps_100_Purification_type_noisy_anchor_anchors_10_alpha_1.2_sigma_0.06_threshold_0.0 - INFO - Batch:[9] Adversarial images for this batch already exist
2025-07-10 21:25:19,316 - ADV_Generation_eps_4.0_steps_100_Purification_type_noisy_anchor_anchors_10_alpha_1.2_sigma_0.06_threshold_0.0 - INFO - Batch 10/155: Clean orig accuracy 0.9125 | Clean purify accuracy 0.9187 | Adv orig accuracy: 0.5938 | Adv purify accuracy: 0.6250
2025-07-10 21:25:19,327 - ADV_Generation_eps_4.0_steps_100_Purification_type_noisy_anchor_anchors_10_alpha_1.2_sigma_0.06_threshold_0.0 - INFO - Batch:[10] Adversarial images for this batch already exist
2025-07-10 21:25:23,146 - ADV_Generation_eps_4.0_steps_100_Purification_type_noisy_anchor_anchors_10_alpha_1.2_sigma_0.06_threshold_0.0 - INFO - Batch 11/155: Clean orig accuracy 0.9091 | Clean purify accuracy 0.9148 | Adv orig accuracy: 0.5852 | Adv purify accuracy: 0.6136
2025-07-10 21:25:23,158 - ADV_Generation_eps_4.0_steps_100_Purification_type_noisy_anchor_anchors_10_alpha_1.2_sigma_0.06_threshold_0.0 - INFO - Batch:[11] Adversarial images for this batch already exist
2025-07-10 21:25:27,025 - ADV_Generation_eps_4.0_steps_100_Purification_type_noisy_anchor_anchors_10_alpha_1.2_sigma_0.06_threshold_0.0 - INFO - Batch 12/155: Clean orig accuracy 0.9062 | Clean purify accuracy 0.9062 | Adv orig accuracy: 0.5781 | Adv purify accuracy: 0.6042
2025-07-10 21:25:27,035 - ADV_Generation_eps_4.0_steps_100_Purification_type_noisy_anchor_anchors_10_alpha_1.2_sigma_0.06_threshold_0.0 - INFO - Batch:[12] Adversarial images for this batch already exist
2025-07-10 21:25:30,883 - ADV_Generation_eps_4.0_steps_100_Purification_type_noisy_anchor_anchors_10_alpha_1.2_sigma_0.06_threshold_0.0 - INFO - Batch 13/155: Clean orig accuracy 0.9135 | Clean purify accuracy 0.9135 | Adv orig accuracy: 0.6010 | Adv purify accuracy: 0.6250
2025-07-10 21:25:30,895 - ADV_Generation_eps_4.0_steps_100_Purification_type_noisy_anchor_anchors_10_alpha_1.2_sigma_0.06_threshold_0.0 - INFO - Batch:[13] Adversarial images for this batch already exist
2025-07-10 21:25:34,818 - ADV_Generation_eps_4.0_steps_100_Purification_type_noisy_anchor_anchors_10_alpha_1.2_sigma_0.06_threshold_0.0 - INFO - Batch 14/155: Clean orig accuracy 0.9196 | Clean purify accuracy 0.9196 | Adv orig accuracy: 0.6205 | Adv purify accuracy: 0.6429
2025-07-10 21:25:34,830 - ADV_Generation_eps_4.0_steps_100_Purification_type_noisy_anchor_anchors_10_alpha_1.2_sigma_0.06_threshold_0.0 - INFO - Batch:[14] Adversarial images for this batch already exist
2025-07-10 21:25:38,613 - ADV_Generation_eps_4.0_steps_100_Purification_type_noisy_anchor_anchors_10_alpha_1.2_sigma_0.06_threshold_0.0 - INFO - Batch 15/155: Clean orig accuracy 0.9250 | Clean purify accuracy 0.9250 | Adv orig accuracy: 0.6458 | Adv purify accuracy: 0.6667
2025-07-10 21:25:38,624 - ADV_Generation_eps_4.0_steps_100_Purification_type_noisy_anchor_anchors_10_alpha_1.2_sigma_0.06_threshold_0.0 - INFO - Batch:[15] Adversarial images for this batch already exist
2025-07-10 21:25:42,372 - ADV_Generation_eps_4.0_steps_100_Purification_type_noisy_anchor_anchors_10_alpha_1.2_sigma_0.06_threshold_0.0 - INFO - Batch 16/155: Clean orig accuracy 0.9297 | Clean purify accuracy 0.9297 | Adv orig accuracy: 0.6680 | Adv purify accuracy: 0.6875
2025-07-10 21:25:42,386 - ADV_Generation_eps_4.0_steps_100_Purification_type_noisy_anchor_anchors_10_alpha_1.2_sigma_0.06_threshold_0.0 - INFO - Batch:[16] Adversarial images for this batch already exist
2025-07-10 21:25:46,263 - ADV_Generation_eps_4.0_steps_100_Purification_type_noisy_anchor_anchors_10_alpha_1.2_sigma_0.06_threshold_0.0 - INFO - Batch 17/155: Clean orig accuracy 0.9338 | Clean purify accuracy 0.9338 | Adv orig accuracy: 0.6838 | Adv purify accuracy: 0.6985
2025-07-10 21:25:46,273 - ADV_Generation_eps_4.0_steps_100_Purification_type_noisy_anchor_anchors_10_alpha_1.2_sigma_0.06_threshold_0.0 - INFO - Batch:[17] Adversarial images for this batch already exist
2025-07-10 21:25:50,214 - ADV_Generation_eps_4.0_steps_100_Purification_type_noisy_anchor_anchors_10_alpha_1.2_sigma_0.06_threshold_0.0 - INFO - Batch 18/155: Clean orig accuracy 0.9375 | Clean purify accuracy 0.9375 | Adv orig accuracy: 0.7014 | Adv purify accuracy: 0.7153
2025-07-10 21:25:50,225 - ADV_Generation_eps_4.0_steps_100_Purification_type_noisy_anchor_anchors_10_alpha_1.2_sigma_0.06_threshold_0.0 - INFO - Batch:[18] Adversarial images for this batch already exist
2025-07-10 21:25:54,022 - ADV_Generation_eps_4.0_steps_100_Purification_type_noisy_anchor_anchors_10_alpha_1.2_sigma_0.06_threshold_0.0 - INFO - Batch 19/155: Clean orig accuracy 0.9408 | Clean purify accuracy 0.9408 | Adv orig accuracy: 0.7171 | Adv purify accuracy: 0.7303
2025-07-10 21:25:54,033 - ADV_Generation_eps_4.0_steps_100_Purification_type_noisy_anchor_anchors_10_alpha_1.2_sigma_0.06_threshold_0.0 - INFO - Batch:[19] Adversarial images for this batch already exist
2025-07-10 21:25:57,817 - ADV_Generation_eps_4.0_steps_100_Purification_type_noisy_anchor_anchors_10_alpha_1.2_sigma_0.06_threshold_0.0 - INFO - Batch 20/155: Clean orig accuracy 0.9437 | Clean purify accuracy 0.9437 | Adv orig accuracy: 0.7312 | Adv purify accuracy: 0.7438
2025-07-10 21:25:57,828 - ADV_Generation_eps_4.0_steps_100_Purification_type_noisy_anchor_anchors_10_alpha_1.2_sigma_0.06_threshold_0.0 - INFO - Batch:[20] Adversarial images for this batch already exist
2025-07-10 21:26:01,623 - ADV_Generation_eps_4.0_steps_100_Purification_type_noisy_anchor_anchors_10_alpha_1.2_sigma_0.06_threshold_0.0 - INFO - Batch 21/155: Clean orig accuracy 0.9464 | Clean purify accuracy 0.9464 | Adv orig accuracy: 0.7411 | Adv purify accuracy: 0.7530
2025-07-10 21:26:01,637 - ADV_Generation_eps_4.0_steps_100_Purification_type_noisy_anchor_anchors_10_alpha_1.2_sigma_0.06_threshold_0.0 - INFO - Batch:[21] Adversarial images for this batch already exist
2025-07-10 21:26:05,421 - ADV_Generation_eps_4.0_steps_100_Purification_type_noisy_anchor_anchors_10_alpha_1.2_sigma_0.06_threshold_0.0 - INFO - Batch 22/155: Clean orig accuracy 0.9489 | Clean purify accuracy 0.9489 | Adv orig accuracy: 0.7500 | Adv purify accuracy: 0.7614
2025-07-10 21:26:05,433 - ADV_Generation_eps_4.0_steps_100_Purification_type_noisy_anchor_anchors_10_alpha_1.2_sigma_0.06_threshold_0.0 - INFO - Batch:[22] Adversarial images for this batch already exist
2025-07-10 21:26:09,193 - ADV_Generation_eps_4.0_steps_100_Purification_type_noisy_anchor_anchors_10_alpha_1.2_sigma_0.06_threshold_0.0 - INFO - Batch 23/155: Clean orig accuracy 0.9511 | Clean purify accuracy 0.9511 | Adv orig accuracy: 0.7582 | Adv purify accuracy: 0.7690
2025-07-10 21:26:09,206 - ADV_Generation_eps_4.0_steps_100_Purification_type_noisy_anchor_anchors_10_alpha_1.2_sigma_0.06_threshold_0.0 - INFO - Batch:[23] Adversarial images for this batch already exist
2025-07-10 21:26:12,954 - ADV_Generation_eps_4.0_steps_100_Purification_type_noisy_anchor_anchors_10_alpha_1.2_sigma_0.06_threshold_0.0 - INFO - Batch 24/155: Clean orig accuracy 0.9531 | Clean purify accuracy 0.9531 | Adv orig accuracy: 0.7682 | Adv purify accuracy: 0.7786
2025-07-10 21:26:12,965 - ADV_Generation_eps_4.0_steps_100_Purification_type_noisy_anchor_anchors_10_alpha_1.2_sigma_0.06_threshold_0.0 - INFO - Batch:[24] Adversarial images for this batch already exist
2025-07-10 21:26:16,755 - ADV_Generation_eps_4.0_steps_100_Purification_type_noisy_anchor_anchors_10_alpha_1.2_sigma_0.06_threshold_0.0 - INFO - Batch 25/155: Clean orig accuracy 0.9550 | Clean purify accuracy 0.9550 | Adv orig accuracy: 0.7725 | Adv purify accuracy: 0.7825
2025-07-10 21:26:16,766 - ADV_Generation_eps_4.0_steps_100_Purification_type_noisy_anchor_anchors_10_alpha_1.2_sigma_0.06_threshold_0.0 - INFO - Batch:[25] Adversarial images for this batch already exist
2025-07-10 21:26:20,540 - ADV_Generation_eps_4.0_steps_100_Purification_type_noisy_anchor_anchors_10_alpha_1.2_sigma_0.06_threshold_0.0 - INFO - Batch 26/155: Clean orig accuracy 0.9567 | Clean purify accuracy 0.9567 | Adv orig accuracy: 0.7812 | Adv purify accuracy: 0.7909
2025-07-10 21:26:20,552 - ADV_Generation_eps_4.0_steps_100_Purification_type_noisy_anchor_anchors_10_alpha_1.2_sigma_0.06_threshold_0.0 - INFO - Batch:[26] Adversarial images for this batch already exist
2025-07-10 21:26:24,375 - ADV_Generation_eps_4.0_steps_100_Purification_type_noisy_anchor_anchors_10_alpha_1.2_sigma_0.06_threshold_0.0 - INFO - Batch 27/155: Clean orig accuracy 0.9583 | Clean purify accuracy 0.9583 | Adv orig accuracy: 0.7870 | Adv purify accuracy: 0.7963
2025-07-10 21:26:24,386 - ADV_Generation_eps_4.0_steps_100_Purification_type_noisy_anchor_anchors_10_alpha_1.2_sigma_0.06_threshold_0.0 - INFO - Batch:[27] Adversarial images for this batch already exist
2025-07-10 21:26:28,177 - ADV_Generation_eps_4.0_steps_100_Purification_type_noisy_anchor_anchors_10_alpha_1.2_sigma_0.06_threshold_0.0 - INFO - Batch 28/155: Clean orig accuracy 0.9598 | Clean purify accuracy 0.9598 | Adv orig accuracy: 0.7902 | Adv purify accuracy: 0.7991
2025-07-10 21:26:28,188 - ADV_Generation_eps_4.0_steps_100_Purification_type_noisy_anchor_anchors_10_alpha_1.2_sigma_0.06_threshold_0.0 - INFO - Batch:[28] Adversarial images for this batch already exist
2025-07-10 21:26:31,946 - ADV_Generation_eps_4.0_steps_100_Purification_type_noisy_anchor_anchors_10_alpha_1.2_sigma_0.06_threshold_0.0 - INFO - Batch 29/155: Clean orig accuracy 0.9612 | Clean purify accuracy 0.9612 | Adv orig accuracy: 0.7931 | Adv purify accuracy: 0.7953
2025-07-10 21:26:31,958 - ADV_Generation_eps_4.0_steps_100_Purification_type_noisy_anchor_anchors_10_alpha_1.2_sigma_0.06_threshold_0.0 - INFO - Batch:[29] Adversarial images for this batch already exist
2025-07-10 21:26:35,787 - ADV_Generation_eps_4.0_steps_100_Purification_type_noisy_anchor_anchors_10_alpha_1.2_sigma_0.06_threshold_0.0 - INFO - Batch 30/155: Clean orig accuracy 0.9583 | Clean purify accuracy 0.9583 | Adv orig accuracy: 0.7958 | Adv purify accuracy: 0.7958
2025-07-10 21:26:35,798 - ADV_Generation_eps_4.0_steps_100_Purification_type_noisy_anchor_anchors_10_alpha_1.2_sigma_0.06_threshold_0.0 - INFO - Batch:[30] Adversarial images for this batch already exist
2025-07-10 21:26:39,719 - ADV_Generation_eps_4.0_steps_100_Purification_type_noisy_anchor_anchors_10_alpha_1.2_sigma_0.06_threshold_0.0 - INFO - Batch 31/155: Clean orig accuracy 0.9597 | Clean purify accuracy 0.9577 | Adv orig accuracy: 0.7923 | Adv purify accuracy: 0.7883
2025-07-10 21:26:39,730 - ADV_Generation_eps_4.0_steps_100_Purification_type_noisy_anchor_anchors_10_alpha_1.2_sigma_0.06_threshold_0.0 - INFO - Batch:[31] Adversarial images for this batch already exist
2025-07-10 21:26:43,574 - ADV_Generation_eps_4.0_steps_100_Purification_type_noisy_anchor_anchors_10_alpha_1.2_sigma_0.06_threshold_0.0 - INFO - Batch 32/155: Clean orig accuracy 0.9609 | Clean purify accuracy 0.9570 | Adv orig accuracy: 0.7910 | Adv purify accuracy: 0.7832
2025-07-10 21:26:43,586 - ADV_Generation_eps_4.0_steps_100_Purification_type_noisy_anchor_anchors_10_alpha_1.2_sigma_0.06_threshold_0.0 - INFO - Batch:[32] Adversarial images for this batch already exist
2025-07-10 21:26:47,357 - ADV_Generation_eps_4.0_steps_100_Purification_type_noisy_anchor_anchors_10_alpha_1.2_sigma_0.06_threshold_0.0 - INFO - Batch 33/155: Clean orig accuracy 0.9621 | Clean purify accuracy 0.9564 | Adv orig accuracy: 0.7898 | Adv purify accuracy: 0.7784
2025-07-10 21:26:47,371 - ADV_Generation_eps_4.0_steps_100_Purification_type_noisy_anchor_anchors_10_alpha_1.2_sigma_0.06_threshold_0.0 - INFO - Batch:[33] Adversarial images for this batch already exist
2025-07-10 21:26:51,204 - ADV_Generation_eps_4.0_steps_100_Purification_type_noisy_anchor_anchors_10_alpha_1.2_sigma_0.06_threshold_0.0 - INFO - Batch 34/155: Clean orig accuracy 0.9632 | Clean purify accuracy 0.9559 | Adv orig accuracy: 0.7923 | Adv purify accuracy: 0.7757
2025-07-10 21:26:51,216 - ADV_Generation_eps_4.0_steps_100_Purification_type_noisy_anchor_anchors_10_alpha_1.2_sigma_0.06_threshold_0.0 - INFO - Batch:[34] Adversarial images for this batch already exist
2025-07-10 21:26:54,948 - ADV_Generation_eps_4.0_steps_100_Purification_type_noisy_anchor_anchors_10_alpha_1.2_sigma_0.06_threshold_0.0 - INFO - Batch 35/155: Clean orig accuracy 0.9643 | Clean purify accuracy 0.9554 | Adv orig accuracy: 0.7911 | Adv purify accuracy: 0.7696
2025-07-10 21:26:54,959 - ADV_Generation_eps_4.0_steps_100_Purification_type_noisy_anchor_anchors_10_alpha_1.2_sigma_0.06_threshold_0.0 - INFO - Batch:[35] Adversarial images for this batch already exist
2025-07-10 21:26:58,790 - ADV_Generation_eps_4.0_steps_100_Purification_type_noisy_anchor_anchors_10_alpha_1.2_sigma_0.06_threshold_0.0 - INFO - Batch 36/155: Clean orig accuracy 0.9653 | Clean purify accuracy 0.9549 | Adv orig accuracy: 0.7917 | Adv purify accuracy: 0.7708
2025-07-10 21:26:58,802 - ADV_Generation_eps_4.0_steps_100_Purification_type_noisy_anchor_anchors_10_alpha_1.2_sigma_0.06_threshold_0.0 - INFO - Batch:[36] Adversarial images for this batch already exist
2025-07-10 21:27:02,568 - ADV_Generation_eps_4.0_steps_100_Purification_type_noisy_anchor_anchors_10_alpha_1.2_sigma_0.06_threshold_0.0 - INFO - Batch 37/155: Clean orig accuracy 0.9662 | Clean purify accuracy 0.9561 | Adv orig accuracy: 0.7939 | Adv purify accuracy: 0.7720
2025-07-10 21:27:02,579 - ADV_Generation_eps_4.0_steps_100_Purification_type_noisy_anchor_anchors_10_alpha_1.2_sigma_0.06_threshold_0.0 - INFO - Batch:[37] Adversarial images for this batch already exist
2025-07-10 21:27:06,401 - ADV_Generation_eps_4.0_steps_100_Purification_type_noisy_anchor_anchors_10_alpha_1.2_sigma_0.06_threshold_0.0 - INFO - Batch 38/155: Clean orig accuracy 0.9671 | Clean purify accuracy 0.9572 | Adv orig accuracy: 0.7928 | Adv purify accuracy: 0.7632
2025-07-10 21:27:06,413 - ADV_Generation_eps_4.0_steps_100_Purification_type_noisy_anchor_anchors_10_alpha_1.2_sigma_0.06_threshold_0.0 - INFO - Batch:[38] Adversarial images for this batch already exist
2025-07-10 21:27:10,217 - ADV_Generation_eps_4.0_steps_100_Purification_type_noisy_anchor_anchors_10_alpha_1.2_sigma_0.06_threshold_0.0 - INFO - Batch 39/155: Clean orig accuracy 0.9679 | Clean purify accuracy 0.9567 | Adv orig accuracy: 0.7949 | Adv purify accuracy: 0.7644
2025-07-10 21:27:10,228 - ADV_Generation_eps_4.0_steps_100_Purification_type_noisy_anchor_anchors_10_alpha_1.2_sigma_0.06_threshold_0.0 - INFO - Batch:[39] Adversarial images for this batch already exist
2025-07-10 21:27:13,988 - ADV_Generation_eps_4.0_steps_100_Purification_type_noisy_anchor_anchors_10_alpha_1.2_sigma_0.06_threshold_0.0 - INFO - Batch 40/155: Clean orig accuracy 0.9688 | Clean purify accuracy 0.9578 | Adv orig accuracy: 0.7953 | Adv purify accuracy: 0.7656
2025-07-10 21:27:14,000 - ADV_Generation_eps_4.0_steps_100_Purification_type_noisy_anchor_anchors_10_alpha_1.2_sigma_0.06_threshold_0.0 - INFO - Batch:[40] Adversarial images for this batch already exist
2025-07-10 21:27:17,804 - ADV_Generation_eps_4.0_steps_100_Purification_type_noisy_anchor_anchors_10_alpha_1.2_sigma_0.06_threshold_0.0 - INFO - Batch 41/155: Clean orig accuracy 0.9680 | Clean purify accuracy 0.9543 | Adv orig accuracy: 0.7927 | Adv purify accuracy: 0.7637
2025-07-10 21:27:17,815 - ADV_Generation_eps_4.0_steps_100_Purification_type_noisy_anchor_anchors_10_alpha_1.2_sigma_0.06_threshold_0.0 - INFO - Batch:[41] Adversarial images for this batch already exist
2025-07-10 21:27:21,589 - ADV_Generation_eps_4.0_steps_100_Purification_type_noisy_anchor_anchors_10_alpha_1.2_sigma_0.06_threshold_0.0 - INFO - Batch 42/155: Clean orig accuracy 0.9688 | Clean purify accuracy 0.9554 | Adv orig accuracy: 0.7946 | Adv purify accuracy: 0.7679
2025-07-10 21:27:21,600 - ADV_Generation_eps_4.0_steps_100_Purification_type_noisy_anchor_anchors_10_alpha_1.2_sigma_0.06_threshold_0.0 - INFO - Batch:[42] Adversarial images for this batch already exist
2025-07-10 21:27:25,418 - ADV_Generation_eps_4.0_steps_100_Purification_type_noisy_anchor_anchors_10_alpha_1.2_sigma_0.06_threshold_0.0 - INFO - Batch 43/155: Clean orig accuracy 0.9666 | Clean purify accuracy 0.9535 | Adv orig accuracy: 0.7922 | Adv purify accuracy: 0.7660
2025-07-10 21:27:25,429 - ADV_Generation_eps_4.0_steps_100_Purification_type_noisy_anchor_anchors_10_alpha_1.2_sigma_0.06_threshold_0.0 - INFO - Batch:[43] Adversarial images for this batch already exist
2025-07-10 21:27:29,213 - ADV_Generation_eps_4.0_steps_100_Purification_type_noisy_anchor_anchors_10_alpha_1.2_sigma_0.06_threshold_0.0 - INFO - Batch 44/155: Clean orig accuracy 0.9616 | Clean purify accuracy 0.9503 | Adv orig accuracy: 0.7855 | Adv purify accuracy: 0.7614
2025-07-10 21:27:29,224 - ADV_Generation_eps_4.0_steps_100_Purification_type_noisy_anchor_anchors_10_alpha_1.2_sigma_0.06_threshold_0.0 - INFO - Batch:[44] Adversarial images for this batch already exist
2025-07-10 21:27:33,057 - ADV_Generation_eps_4.0_steps_100_Purification_type_noisy_anchor_anchors_10_alpha_1.2_sigma_0.06_threshold_0.0 - INFO - Batch 45/155: Clean orig accuracy 0.9597 | Clean purify accuracy 0.9472 | Adv orig accuracy: 0.7806 | Adv purify accuracy: 0.7583
2025-07-10 21:27:33,068 - ADV_Generation_eps_4.0_steps_100_Purification_type_noisy_anchor_anchors_10_alpha_1.2_sigma_0.06_threshold_0.0 - INFO - Batch:[45] Adversarial images for this batch already exist
2025-07-10 21:27:36,903 - ADV_Generation_eps_4.0_steps_100_Purification_type_noisy_anchor_anchors_10_alpha_1.2_sigma_0.06_threshold_0.0 - INFO - Batch 46/155: Clean orig accuracy 0.9592 | Clean purify accuracy 0.9470 | Adv orig accuracy: 0.7785 | Adv purify accuracy: 0.7568
2025-07-10 21:27:36,914 - ADV_Generation_eps_4.0_steps_100_Purification_type_noisy_anchor_anchors_10_alpha_1.2_sigma_0.06_threshold_0.0 - INFO - Batch:[46] Adversarial images for this batch already exist
2025-07-10 21:27:40,657 - ADV_Generation_eps_4.0_steps_100_Purification_type_noisy_anchor_anchors_10_alpha_1.2_sigma_0.06_threshold_0.0 - INFO - Batch 47/155: Clean orig accuracy 0.9588 | Clean purify accuracy 0.9455 | Adv orig accuracy: 0.7713 | Adv purify accuracy: 0.7513
2025-07-10 21:27:40,668 - ADV_Generation_eps_4.0_steps_100_Purification_type_noisy_anchor_anchors_10_alpha_1.2_sigma_0.06_threshold_0.0 - INFO - Batch:[47] Adversarial images for this batch already exist
2025-07-10 21:27:44,490 - ADV_Generation_eps_4.0_steps_100_Purification_type_noisy_anchor_anchors_10_alpha_1.2_sigma_0.06_threshold_0.0 - INFO - Batch 48/155: Clean orig accuracy 0.9583 | Clean purify accuracy 0.9453 | Adv orig accuracy: 0.7708 | Adv purify accuracy: 0.7539
2025-07-10 21:27:44,500 - ADV_Generation_eps_4.0_steps_100_Purification_type_noisy_anchor_anchors_10_alpha_1.2_sigma_0.06_threshold_0.0 - INFO - Batch:[48] Adversarial images for this batch already exist
2025-07-10 21:27:48,353 - ADV_Generation_eps_4.0_steps_100_Purification_type_noisy_anchor_anchors_10_alpha_1.2_sigma_0.06_threshold_0.0 - INFO - Batch 49/155: Clean orig accuracy 0.9592 | Clean purify accuracy 0.9464 | Adv orig accuracy: 0.7755 | Adv purify accuracy: 0.7589
2025-07-10 21:27:48,365 - ADV_Generation_eps_4.0_steps_100_Purification_type_noisy_anchor_anchors_10_alpha_1.2_sigma_0.06_threshold_0.0 - INFO - Batch:[49] Adversarial images for this batch already exist
2025-07-10 21:27:52,130 - ADV_Generation_eps_4.0_steps_100_Purification_type_noisy_anchor_anchors_10_alpha_1.2_sigma_0.06_threshold_0.0 - INFO - Batch 50/155: Clean orig accuracy 0.9600 | Clean purify accuracy 0.9475 | Adv orig accuracy: 0.7750 | Adv purify accuracy: 0.7600
2025-07-10 21:27:52,140 - ADV_Generation_eps_4.0_steps_100_Purification_type_noisy_anchor_anchors_10_alpha_1.2_sigma_0.06_threshold_0.0 - INFO - Batch:[50] Adversarial images for this batch already exist
2025-07-10 21:27:55,890 - ADV_Generation_eps_4.0_steps_100_Purification_type_noisy_anchor_anchors_10_alpha_1.2_sigma_0.06_threshold_0.0 - INFO - Batch 51/155: Clean orig accuracy 0.9596 | Clean purify accuracy 0.9473 | Adv orig accuracy: 0.7721 | Adv purify accuracy: 0.7598
2025-07-10 21:27:55,902 - ADV_Generation_eps_4.0_steps_100_Purification_type_noisy_anchor_anchors_10_alpha_1.2_sigma_0.06_threshold_0.0 - INFO - Batch:[51] Adversarial images for this batch already exist
2025-07-10 21:27:59,712 - ADV_Generation_eps_4.0_steps_100_Purification_type_noisy_anchor_anchors_10_alpha_1.2_sigma_0.06_threshold_0.0 - INFO - Batch 52/155: Clean orig accuracy 0.9579 | Clean purify accuracy 0.9471 | Adv orig accuracy: 0.7704 | Adv purify accuracy: 0.7584
2025-07-10 21:27:59,723 - ADV_Generation_eps_4.0_steps_100_Purification_type_noisy_anchor_anchors_10_alpha_1.2_sigma_0.06_threshold_0.0 - INFO - Batch:[52] Adversarial images for this batch already exist
2025-07-10 21:28:03,543 - ADV_Generation_eps_4.0_steps_100_Purification_type_noisy_anchor_anchors_10_alpha_1.2_sigma_0.06_threshold_0.0 - INFO - Batch 53/155: Clean orig accuracy 0.9575 | Clean purify accuracy 0.9458 | Adv orig accuracy: 0.7653 | Adv purify accuracy: 0.7547
2025-07-10 21:28:03,555 - ADV_Generation_eps_4.0_steps_100_Purification_type_noisy_anchor_anchors_10_alpha_1.2_sigma_0.06_threshold_0.0 - INFO - Batch:[53] Adversarial images for this batch already exist
2025-07-10 21:28:07,391 - ADV_Generation_eps_4.0_steps_100_Purification_type_noisy_anchor_anchors_10_alpha_1.2_sigma_0.06_threshold_0.0 - INFO - Batch 54/155: Clean orig accuracy 0.9583 | Clean purify accuracy 0.9468 | Adv orig accuracy: 0.7662 | Adv purify accuracy: 0.7581
2025-07-10 21:28:07,401 - ADV_Generation_eps_4.0_steps_100_Purification_type_noisy_anchor_anchors_10_alpha_1.2_sigma_0.06_threshold_0.0 - INFO - Batch:[54] Adversarial images for this batch already exist
2025-07-10 21:28:11,242 - ADV_Generation_eps_4.0_steps_100_Purification_type_noisy_anchor_anchors_10_alpha_1.2_sigma_0.06_threshold_0.0 - INFO - Batch 55/155: Clean orig accuracy 0.9591 | Clean purify accuracy 0.9466 | Adv orig accuracy: 0.7636 | Adv purify accuracy: 0.7580
2025-07-10 21:28:11,255 - ADV_Generation_eps_4.0_steps_100_Purification_type_noisy_anchor_anchors_10_alpha_1.2_sigma_0.06_threshold_0.0 - INFO - Batch:[55] Adversarial images for this batch already exist
2025-07-10 21:28:15,029 - ADV_Generation_eps_4.0_steps_100_Purification_type_noisy_anchor_anchors_10_alpha_1.2_sigma_0.06_threshold_0.0 - INFO - Batch 56/155: Clean orig accuracy 0.9598 | Clean purify accuracy 0.9464 | Adv orig accuracy: 0.7645 | Adv purify accuracy: 0.7600
2025-07-10 21:28:15,040 - ADV_Generation_eps_4.0_steps_100_Purification_type_noisy_anchor_anchors_10_alpha_1.2_sigma_0.06_threshold_0.0 - INFO - Batch:[56] Adversarial images for this batch already exist
2025-07-10 21:28:18,877 - ADV_Generation_eps_4.0_steps_100_Purification_type_noisy_anchor_anchors_10_alpha_1.2_sigma_0.06_threshold_0.0 - INFO - Batch 57/155: Clean orig accuracy 0.9572 | Clean purify accuracy 0.9430 | Adv orig accuracy: 0.7588 | Adv purify accuracy: 0.7544
2025-07-10 21:28:18,888 - ADV_Generation_eps_4.0_steps_100_Purification_type_noisy_anchor_anchors_10_alpha_1.2_sigma_0.06_threshold_0.0 - INFO - Batch:[57] Adversarial images for this batch already exist
2025-07-10 21:28:22,667 - ADV_Generation_eps_4.0_steps_100_Purification_type_noisy_anchor_anchors_10_alpha_1.2_sigma_0.06_threshold_0.0 - INFO - Batch 58/155: Clean orig accuracy 0.9569 | Clean purify accuracy 0.9418 | Adv orig accuracy: 0.7597 | Adv purify accuracy: 0.7554
2025-07-10 21:28:22,679 - ADV_Generation_eps_4.0_steps_100_Purification_type_noisy_anchor_anchors_10_alpha_1.2_sigma_0.06_threshold_0.0 - INFO - Batch:[58] Adversarial images for this batch already exist
2025-07-10 21:28:26,522 - ADV_Generation_eps_4.0_steps_100_Purification_type_noisy_anchor_anchors_10_alpha_1.2_sigma_0.06_threshold_0.0 - INFO - Batch 59/155: Clean orig accuracy 0.9576 | Clean purify accuracy 0.9428 | Adv orig accuracy: 0.7638 | Adv purify accuracy: 0.7595
2025-07-10 21:28:26,533 - ADV_Generation_eps_4.0_steps_100_Purification_type_noisy_anchor_anchors_10_alpha_1.2_sigma_0.06_threshold_0.0 - INFO - Batch:[59] Adversarial images for this batch already exist
2025-07-10 21:28:30,458 - ADV_Generation_eps_4.0_steps_100_Purification_type_noisy_anchor_anchors_10_alpha_1.2_sigma_0.06_threshold_0.0 - INFO - Batch 60/155: Clean orig accuracy 0.9583 | Clean purify accuracy 0.9437 | Adv orig accuracy: 0.7677 | Adv purify accuracy: 0.7635
2025-07-10 21:28:30,470 - ADV_Generation_eps_4.0_steps_100_Purification_type_noisy_anchor_anchors_10_alpha_1.2_sigma_0.06_threshold_0.0 - INFO - Batch:[60] Adversarial images for this batch already exist
2025-07-10 21:28:34,335 - ADV_Generation_eps_4.0_steps_100_Purification_type_noisy_anchor_anchors_10_alpha_1.2_sigma_0.06_threshold_0.0 - INFO - Batch 61/155: Clean orig accuracy 0.9580 | Clean purify accuracy 0.9416 | Adv orig accuracy: 0.7633 | Adv purify accuracy: 0.7592
2025-07-10 21:28:34,346 - ADV_Generation_eps_4.0_steps_100_Purification_type_noisy_anchor_anchors_10_alpha_1.2_sigma_0.06_threshold_0.0 - INFO - Batch:[61] Adversarial images for this batch already exist
2025-07-10 21:28:38,122 - ADV_Generation_eps_4.0_steps_100_Purification_type_noisy_anchor_anchors_10_alpha_1.2_sigma_0.06_threshold_0.0 - INFO - Batch 62/155: Clean orig accuracy 0.9577 | Clean purify accuracy 0.9425 | Adv orig accuracy: 0.7601 | Adv purify accuracy: 0.7591
2025-07-10 21:28:38,132 - ADV_Generation_eps_4.0_steps_100_Purification_type_noisy_anchor_anchors_10_alpha_1.2_sigma_0.06_threshold_0.0 - INFO - Batch:[62] Adversarial images for this batch already exist
2025-07-10 21:28:41,880 - ADV_Generation_eps_4.0_steps_100_Purification_type_noisy_anchor_anchors_10_alpha_1.2_sigma_0.06_threshold_0.0 - INFO - Batch 63/155: Clean orig accuracy 0.9514 | Clean purify accuracy 0.9345 | Adv orig accuracy: 0.7490 | Adv purify accuracy: 0.7490
2025-07-10 21:28:41,891 - ADV_Generation_eps_4.0_steps_100_Purification_type_noisy_anchor_anchors_10_alpha_1.2_sigma_0.06_threshold_0.0 - INFO - Batch:[63] Adversarial images for this batch already exist
2025-07-10 21:28:45,674 - ADV_Generation_eps_4.0_steps_100_Purification_type_noisy_anchor_anchors_10_alpha_1.2_sigma_0.06_threshold_0.0 - INFO - Batch 64/155: Clean orig accuracy 0.9512 | Clean purify accuracy 0.9346 | Adv orig accuracy: 0.7432 | Adv purify accuracy: 0.7461
2025-07-10 21:28:45,684 - ADV_Generation_eps_4.0_steps_100_Purification_type_noisy_anchor_anchors_10_alpha_1.2_sigma_0.06_threshold_0.0 - INFO - Batch:[64] Adversarial images for this batch already exist
2025-07-10 21:28:49,463 - ADV_Generation_eps_4.0_steps_100_Purification_type_noisy_anchor_anchors_10_alpha_1.2_sigma_0.06_threshold_0.0 - INFO - Batch 65/155: Clean orig accuracy 0.9500 | Clean purify accuracy 0.9337 | Adv orig accuracy: 0.7365 | Adv purify accuracy: 0.7413
2025-07-10 21:28:49,474 - ADV_Generation_eps_4.0_steps_100_Purification_type_noisy_anchor_anchors_10_alpha_1.2_sigma_0.06_threshold_0.0 - INFO - Batch:[65] Adversarial images for this batch already exist
2025-07-10 21:28:53,305 - ADV_Generation_eps_4.0_steps_100_Purification_type_noisy_anchor_anchors_10_alpha_1.2_sigma_0.06_threshold_0.0 - INFO - Batch 66/155: Clean orig accuracy 0.9479 | Clean purify accuracy 0.9328 | Adv orig accuracy: 0.7282 | Adv purify accuracy: 0.7339
2025-07-10 21:28:53,316 - ADV_Generation_eps_4.0_steps_100_Purification_type_noisy_anchor_anchors_10_alpha_1.2_sigma_0.06_threshold_0.0 - INFO - Batch:[66] Adversarial images for this batch already exist
2025-07-10 21:28:57,131 - ADV_Generation_eps_4.0_steps_100_Purification_type_noisy_anchor_anchors_10_alpha_1.2_sigma_0.06_threshold_0.0 - INFO - Batch 67/155: Clean orig accuracy 0.9487 | Clean purify accuracy 0.9338 | Adv orig accuracy: 0.7304 | Adv purify accuracy: 0.7360
2025-07-10 21:28:57,141 - ADV_Generation_eps_4.0_steps_100_Purification_type_noisy_anchor_anchors_10_alpha_1.2_sigma_0.06_threshold_0.0 - INFO - Batch:[67] Adversarial images for this batch already exist
2025-07-10 21:29:00,934 - ADV_Generation_eps_4.0_steps_100_Purification_type_noisy_anchor_anchors_10_alpha_1.2_sigma_0.06_threshold_0.0 - INFO - Batch 68/155: Clean orig accuracy 0.9458 | Clean purify accuracy 0.9320 | Adv orig accuracy: 0.7243 | Adv purify accuracy: 0.7307
2025-07-10 21:29:00,945 - ADV_Generation_eps_4.0_steps_100_Purification_type_noisy_anchor_anchors_10_alpha_1.2_sigma_0.06_threshold_0.0 - INFO - Batch:[68] Adversarial images for this batch already exist
2025-07-10 21:29:04,769 - ADV_Generation_eps_4.0_steps_100_Purification_type_noisy_anchor_anchors_10_alpha_1.2_sigma_0.06_threshold_0.0 - INFO - Batch 69/155: Clean orig accuracy 0.9447 | Clean purify accuracy 0.9312 | Adv orig accuracy: 0.7183 | Adv purify accuracy: 0.7255
2025-07-10 21:29:04,781 - ADV_Generation_eps_4.0_steps_100_Purification_type_noisy_anchor_anchors_10_alpha_1.2_sigma_0.06_threshold_0.0 - INFO - Batch:[69] Adversarial images for this batch already exist
2025-07-10 21:29:08,554 - ADV_Generation_eps_4.0_steps_100_Purification_type_noisy_anchor_anchors_10_alpha_1.2_sigma_0.06_threshold_0.0 - INFO - Batch 70/155: Clean orig accuracy 0.9429 | Clean purify accuracy 0.9277 | Adv orig accuracy: 0.7089 | Adv purify accuracy: 0.7170
2025-07-10 21:29:08,567 - ADV_Generation_eps_4.0_steps_100_Purification_type_noisy_anchor_anchors_10_alpha_1.2_sigma_0.06_threshold_0.0 - INFO - Batch:[70] Adversarial images for this batch already exist
2025-07-10 21:29:12,359 - ADV_Generation_eps_4.0_steps_100_Purification_type_noisy_anchor_anchors_10_alpha_1.2_sigma_0.06_threshold_0.0 - INFO - Batch 71/155: Clean orig accuracy 0.9349 | Clean purify accuracy 0.9208 | Adv orig accuracy: 0.6989 | Adv purify accuracy: 0.7069
2025-07-10 21:29:12,369 - ADV_Generation_eps_4.0_steps_100_Purification_type_noisy_anchor_anchors_10_alpha_1.2_sigma_0.06_threshold_0.0 - INFO - Batch:[71] Adversarial images for this batch already exist
2025-07-10 21:29:16,169 - ADV_Generation_eps_4.0_steps_100_Purification_type_noisy_anchor_anchors_10_alpha_1.2_sigma_0.06_threshold_0.0 - INFO - Batch 72/155: Clean orig accuracy 0.9349 | Clean purify accuracy 0.9210 | Adv orig accuracy: 0.6979 | Adv purify accuracy: 0.7066
2025-07-10 21:29:16,181 - ADV_Generation_eps_4.0_steps_100_Purification_type_noisy_anchor_anchors_10_alpha_1.2_sigma_0.06_threshold_0.0 - INFO - Batch:[72] Adversarial images for this batch already exist
2025-07-10 21:29:19,974 - ADV_Generation_eps_4.0_steps_100_Purification_type_noisy_anchor_anchors_10_alpha_1.2_sigma_0.06_threshold_0.0 - INFO - Batch 73/155: Clean orig accuracy 0.9341 | Clean purify accuracy 0.9204 | Adv orig accuracy: 0.6969 | Adv purify accuracy: 0.7063
2025-07-10 21:29:19,987 - ADV_Generation_eps_4.0_steps_100_Purification_type_noisy_anchor_anchors_10_alpha_1.2_sigma_0.06_threshold_0.0 - INFO - Batch:[73] Adversarial images for this batch already exist
2025-07-10 21:29:23,819 - ADV_Generation_eps_4.0_steps_100_Purification_type_noisy_anchor_anchors_10_alpha_1.2_sigma_0.06_threshold_0.0 - INFO - Batch 74/155: Clean orig accuracy 0.9350 | Clean purify accuracy 0.9215 | Adv orig accuracy: 0.7010 | Adv purify accuracy: 0.7103
2025-07-10 21:29:23,830 - ADV_Generation_eps_4.0_steps_100_Purification_type_noisy_anchor_anchors_10_alpha_1.2_sigma_0.06_threshold_0.0 - INFO - Batch:[74] Adversarial images for this batch already exist
2025-07-10 21:29:27,623 - ADV_Generation_eps_4.0_steps_100_Purification_type_noisy_anchor_anchors_10_alpha_1.2_sigma_0.06_threshold_0.0 - INFO - Batch 75/155: Clean orig accuracy 0.9358 | Clean purify accuracy 0.9225 | Adv orig accuracy: 0.7042 | Adv purify accuracy: 0.7133
2025-07-10 21:29:27,634 - ADV_Generation_eps_4.0_steps_100_Purification_type_noisy_anchor_anchors_10_alpha_1.2_sigma_0.06_threshold_0.0 - INFO - Batch:[75] Adversarial images for this batch already exist
2025-07-10 21:29:31,440 - ADV_Generation_eps_4.0_steps_100_Purification_type_noisy_anchor_anchors_10_alpha_1.2_sigma_0.06_threshold_0.0 - INFO - Batch 76/155: Clean orig accuracy 0.9367 | Clean purify accuracy 0.9235 | Adv orig accuracy: 0.7056 | Adv purify accuracy: 0.7105
2025-07-10 21:29:31,451 - ADV_Generation_eps_4.0_steps_100_Purification_type_noisy_anchor_anchors_10_alpha_1.2_sigma_0.06_threshold_0.0 - INFO - Batch:[76] Adversarial images for this batch already exist
2025-07-10 21:29:35,292 - ADV_Generation_eps_4.0_steps_100_Purification_type_noisy_anchor_anchors_10_alpha_1.2_sigma_0.06_threshold_0.0 - INFO - Batch 77/155: Clean orig accuracy 0.9359 | Clean purify accuracy 0.9221 | Adv orig accuracy: 0.7021 | Adv purify accuracy: 0.7086
2025-07-10 21:29:35,305 - ADV_Generation_eps_4.0_steps_100_Purification_type_noisy_anchor_anchors_10_alpha_1.2_sigma_0.06_threshold_0.0 - INFO - Batch:[77] Adversarial images for this batch already exist
2025-07-10 21:29:39,096 - ADV_Generation_eps_4.0_steps_100_Purification_type_noisy_anchor_anchors_10_alpha_1.2_sigma_0.06_threshold_0.0 - INFO - Batch 78/155: Clean orig accuracy 0.9351 | Clean purify accuracy 0.9215 | Adv orig accuracy: 0.6987 | Adv purify accuracy: 0.7059
2025-07-10 21:29:39,107 - ADV_Generation_eps_4.0_steps_100_Purification_type_noisy_anchor_anchors_10_alpha_1.2_sigma_0.06_threshold_0.0 - INFO - Batch:[78] Adversarial images for this batch already exist
2025-07-10 21:29:42,842 - ADV_Generation_eps_4.0_steps_100_Purification_type_noisy_anchor_anchors_10_alpha_1.2_sigma_0.06_threshold_0.0 - INFO - Batch 79/155: Clean orig accuracy 0.9351 | Clean purify accuracy 0.9217 | Adv orig accuracy: 0.6986 | Adv purify accuracy: 0.7065
2025-07-10 21:29:42,854 - ADV_Generation_eps_4.0_steps_100_Purification_type_noisy_anchor_anchors_10_alpha_1.2_sigma_0.06_threshold_0.0 - INFO - Batch:[79] Adversarial images for this batch already exist
2025-07-10 21:29:46,625 - ADV_Generation_eps_4.0_steps_100_Purification_type_noisy_anchor_anchors_10_alpha_1.2_sigma_0.06_threshold_0.0 - INFO - Batch 80/155: Clean orig accuracy 0.9352 | Clean purify accuracy 0.9219 | Adv orig accuracy: 0.7000 | Adv purify accuracy: 0.7078
2025-07-10 21:29:46,637 - ADV_Generation_eps_4.0_steps_100_Purification_type_noisy_anchor_anchors_10_alpha_1.2_sigma_0.06_threshold_0.0 - INFO - Batch:[80] Adversarial images for this batch already exist
2025-07-10 21:29:50,438 - ADV_Generation_eps_4.0_steps_100_Purification_type_noisy_anchor_anchors_10_alpha_1.2_sigma_0.06_threshold_0.0 - INFO - Batch 81/155: Clean orig accuracy 0.9360 | Clean purify accuracy 0.9221 | Adv orig accuracy: 0.6975 | Adv purify accuracy: 0.7076
2025-07-10 21:29:50,451 - ADV_Generation_eps_4.0_steps_100_Purification_type_noisy_anchor_anchors_10_alpha_1.2_sigma_0.06_threshold_0.0 - INFO - Batch:[81] Adversarial images for this batch already exist
2025-07-10 21:29:54,256 - ADV_Generation_eps_4.0_steps_100_Purification_type_noisy_anchor_anchors_10_alpha_1.2_sigma_0.06_threshold_0.0 - INFO - Batch 82/155: Clean orig accuracy 0.9360 | Clean purify accuracy 0.9223 | Adv orig accuracy: 0.6966 | Adv purify accuracy: 0.7058
2025-07-10 21:29:54,270 - ADV_Generation_eps_4.0_steps_100_Purification_type_noisy_anchor_anchors_10_alpha_1.2_sigma_0.06_threshold_0.0 - INFO - Batch:[82] Adversarial images for this batch already exist
2025-07-10 21:29:58,588 - ADV_Generation_eps_4.0_steps_100_Purification_type_noisy_anchor_anchors_10_alpha_1.2_sigma_0.06_threshold_0.0 - INFO - Batch 83/155: Clean orig accuracy 0.9367 | Clean purify accuracy 0.9232 | Adv orig accuracy: 0.6980 | Adv purify accuracy: 0.7071
2025-07-10 21:29:58,599 - ADV_Generation_eps_4.0_steps_100_Purification_type_noisy_anchor_anchors_10_alpha_1.2_sigma_0.06_threshold_0.0 - INFO - Batch:[83] Adversarial images for this batch already exist
2025-07-10 21:30:02,466 - ADV_Generation_eps_4.0_steps_100_Purification_type_noisy_anchor_anchors_10_alpha_1.2_sigma_0.06_threshold_0.0 - INFO - Batch 84/155: Clean orig accuracy 0.9375 | Clean purify accuracy 0.9241 | Adv orig accuracy: 0.7016 | Adv purify accuracy: 0.7098
2025-07-10 21:30:02,481 - ADV_Generation_eps_4.0_steps_100_Purification_type_noisy_anchor_anchors_10_alpha_1.2_sigma_0.06_threshold_0.0 - INFO - Batch:[84] Adversarial images for this batch already exist
2025-07-10 21:30:06,320 - ADV_Generation_eps_4.0_steps_100_Purification_type_noisy_anchor_anchors_10_alpha_1.2_sigma_0.06_threshold_0.0 - INFO - Batch 85/155: Clean orig accuracy 0.9375 | Clean purify accuracy 0.9243 | Adv orig accuracy: 0.7007 | Adv purify accuracy: 0.7096
2025-07-10 21:30:06,333 - ADV_Generation_eps_4.0_steps_100_Purification_type_noisy_anchor_anchors_10_alpha_1.2_sigma_0.06_threshold_0.0 - INFO - Batch:[85] Adversarial images for this batch already exist
2025-07-10 21:30:10,079 - ADV_Generation_eps_4.0_steps_100_Purification_type_noisy_anchor_anchors_10_alpha_1.2_sigma_0.06_threshold_0.0 - INFO - Batch 86/155: Clean orig accuracy 0.9382 | Clean purify accuracy 0.9244 | Adv orig accuracy: 0.6991 | Adv purify accuracy: 0.7093
2025-07-10 21:30:10,091 - ADV_Generation_eps_4.0_steps_100_Purification_type_noisy_anchor_anchors_10_alpha_1.2_sigma_0.06_threshold_0.0 - INFO - Batch:[86] Adversarial images for this batch already exist
2025-07-10 21:30:13,927 - ADV_Generation_eps_4.0_steps_100_Purification_type_noisy_anchor_anchors_10_alpha_1.2_sigma_0.06_threshold_0.0 - INFO - Batch 87/155: Clean orig accuracy 0.9368 | Clean purify accuracy 0.9231 | Adv orig accuracy: 0.6983 | Adv purify accuracy: 0.7098
2025-07-10 21:30:13,939 - ADV_Generation_eps_4.0_steps_100_Purification_type_noisy_anchor_anchors_10_alpha_1.2_sigma_0.06_threshold_0.0 - INFO - Batch:[87] Adversarial images for this batch already exist
2025-07-10 21:30:17,750 - ADV_Generation_eps_4.0_steps_100_Purification_type_noisy_anchor_anchors_10_alpha_1.2_sigma_0.06_threshold_0.0 - INFO - Batch 88/155: Clean orig accuracy 0.9354 | Clean purify accuracy 0.9219 | Adv orig accuracy: 0.6967 | Adv purify accuracy: 0.7081
2025-07-10 21:30:17,761 - ADV_Generation_eps_4.0_steps_100_Purification_type_noisy_anchor_anchors_10_alpha_1.2_sigma_0.06_threshold_0.0 - INFO - Batch:[88] Adversarial images for this batch already exist
2025-07-10 21:30:21,557 - ADV_Generation_eps_4.0_steps_100_Purification_type_noisy_anchor_anchors_10_alpha_1.2_sigma_0.06_threshold_0.0 - INFO - Batch 89/155: Clean orig accuracy 0.9347 | Clean purify accuracy 0.9213 | Adv orig accuracy: 0.6966 | Adv purify accuracy: 0.7079
2025-07-10 21:30:21,569 - ADV_Generation_eps_4.0_steps_100_Purification_type_noisy_anchor_anchors_10_alpha_1.2_sigma_0.06_threshold_0.0 - INFO - Batch:[89] Adversarial images for this batch already exist
2025-07-10 21:30:25,369 - ADV_Generation_eps_4.0_steps_100_Purification_type_noisy_anchor_anchors_10_alpha_1.2_sigma_0.06_threshold_0.0 - INFO - Batch 90/155: Clean orig accuracy 0.9354 | Clean purify accuracy 0.9222 | Adv orig accuracy: 0.6972 | Adv purify accuracy: 0.7083
2025-07-10 21:30:25,381 - ADV_Generation_eps_4.0_steps_100_Purification_type_noisy_anchor_anchors_10_alpha_1.2_sigma_0.06_threshold_0.0 - INFO - Batch:[90] Adversarial images for this batch already exist
2025-07-10 21:30:29,136 - ADV_Generation_eps_4.0_steps_100_Purification_type_noisy_anchor_anchors_10_alpha_1.2_sigma_0.06_threshold_0.0 - INFO - Batch 91/155: Clean orig accuracy 0.9361 | Clean purify accuracy 0.9231 | Adv orig accuracy: 0.6999 | Adv purify accuracy: 0.7109
2025-07-10 21:30:29,150 - ADV_Generation_eps_4.0_steps_100_Purification_type_noisy_anchor_anchors_10_alpha_1.2_sigma_0.06_threshold_0.0 - INFO - Batch:[91] Adversarial images for this batch already exist
2025-07-10 21:30:32,927 - ADV_Generation_eps_4.0_steps_100_Purification_type_noisy_anchor_anchors_10_alpha_1.2_sigma_0.06_threshold_0.0 - INFO - Batch 92/155: Clean orig accuracy 0.9368 | Clean purify accuracy 0.9232 | Adv orig accuracy: 0.7011 | Adv purify accuracy: 0.7120
2025-07-10 21:30:32,939 - ADV_Generation_eps_4.0_steps_100_Purification_type_noisy_anchor_anchors_10_alpha_1.2_sigma_0.06_threshold_0.0 - INFO - Batch:[92] Adversarial images for this batch already exist
2025-07-10 21:30:36,759 - ADV_Generation_eps_4.0_steps_100_Purification_type_noisy_anchor_anchors_10_alpha_1.2_sigma_0.06_threshold_0.0 - INFO - Batch 93/155: Clean orig accuracy 0.9362 | Clean purify accuracy 0.9227 | Adv orig accuracy: 0.7003 | Adv purify accuracy: 0.7110
2025-07-10 21:30:36,772 - ADV_Generation_eps_4.0_steps_100_Purification_type_noisy_anchor_anchors_10_alpha_1.2_sigma_0.06_threshold_0.0 - INFO - Batch:[93] Adversarial images for this batch already exist
2025-07-10 21:30:40,528 - ADV_Generation_eps_4.0_steps_100_Purification_type_noisy_anchor_anchors_10_alpha_1.2_sigma_0.06_threshold_0.0 - INFO - Batch 94/155: Clean orig accuracy 0.9362 | Clean purify accuracy 0.9222 | Adv orig accuracy: 0.7001 | Adv purify accuracy: 0.7108
2025-07-10 21:30:40,539 - ADV_Generation_eps_4.0_steps_100_Purification_type_noisy_anchor_anchors_10_alpha_1.2_sigma_0.06_threshold_0.0 - INFO - Batch:[94] Adversarial images for this batch already exist
2025-07-10 21:30:44,291 - ADV_Generation_eps_4.0_steps_100_Purification_type_noisy_anchor_anchors_10_alpha_1.2_sigma_0.06_threshold_0.0 - INFO - Batch 95/155: Clean orig accuracy 0.9368 | Clean purify accuracy 0.9230 | Adv orig accuracy: 0.7013 | Adv purify accuracy: 0.7105
2025-07-10 21:30:44,302 - ADV_Generation_eps_4.0_steps_100_Purification_type_noisy_anchor_anchors_10_alpha_1.2_sigma_0.06_threshold_0.0 - INFO - Batch:[95] Adversarial images for this batch already exist
2025-07-10 21:30:48,142 - ADV_Generation_eps_4.0_steps_100_Purification_type_noisy_anchor_anchors_10_alpha_1.2_sigma_0.06_threshold_0.0 - INFO - Batch 96/155: Clean orig accuracy 0.9362 | Clean purify accuracy 0.9225 | Adv orig accuracy: 0.7005 | Adv purify accuracy: 0.7083
2025-07-10 21:30:48,153 - ADV_Generation_eps_4.0_steps_100_Purification_type_noisy_anchor_anchors_10_alpha_1.2_sigma_0.06_threshold_0.0 - INFO - Batch:[96] Adversarial images for this batch already exist
2025-07-10 21:30:51,922 - ADV_Generation_eps_4.0_steps_100_Purification_type_noisy_anchor_anchors_10_alpha_1.2_sigma_0.06_threshold_0.0 - INFO - Batch 97/155: Clean orig accuracy 0.9362 | Clean purify accuracy 0.9227 | Adv orig accuracy: 0.6997 | Adv purify accuracy: 0.7081
2025-07-10 21:30:51,935 - ADV_Generation_eps_4.0_steps_100_Purification_type_noisy_anchor_anchors_10_alpha_1.2_sigma_0.06_threshold_0.0 - INFO - Batch:[97] Adversarial images for this batch already exist
2025-07-10 21:30:55,717 - ADV_Generation_eps_4.0_steps_100_Purification_type_noisy_anchor_anchors_10_alpha_1.2_sigma_0.06_threshold_0.0 - INFO - Batch 98/155: Clean orig accuracy 0.9369 | Clean purify accuracy 0.9235 | Adv orig accuracy: 0.7003 | Adv purify accuracy: 0.7079
2025-07-10 21:30:55,728 - ADV_Generation_eps_4.0_steps_100_Purification_type_noisy_anchor_anchors_10_alpha_1.2_sigma_0.06_threshold_0.0 - INFO - Batch:[98] Adversarial images for this batch already exist
2025-07-10 21:30:59,515 - ADV_Generation_eps_4.0_steps_100_Purification_type_noisy_anchor_anchors_10_alpha_1.2_sigma_0.06_threshold_0.0 - INFO - Batch 99/155: Clean orig accuracy 0.9375 | Clean purify accuracy 0.9242 | Adv orig accuracy: 0.7020 | Adv purify accuracy: 0.7096
2025-07-10 21:30:59,525 - ADV_Generation_eps_4.0_steps_100_Purification_type_noisy_anchor_anchors_10_alpha_1.2_sigma_0.06_threshold_0.0 - INFO - Batch:[99] Adversarial images for this batch already exist
2025-07-10 21:31:03,350 - ADV_Generation_eps_4.0_steps_100_Purification_type_noisy_anchor_anchors_10_alpha_1.2_sigma_0.06_threshold_0.0 - INFO - Batch 100/155: Clean orig accuracy 0.9381 | Clean purify accuracy 0.9244 | Adv orig accuracy: 0.7013 | Adv purify accuracy: 0.7100
2025-07-10 21:31:03,375 - ADV_Generation_eps_4.0_steps_100_Purification_type_noisy_anchor_anchors_10_alpha_1.2_sigma_0.06_threshold_0.0 - INFO - Batch:[100] Adversarial images for this batch already exist
2025-07-10 21:31:07,219 - ADV_Generation_eps_4.0_steps_100_Purification_type_noisy_anchor_anchors_10_alpha_1.2_sigma_0.06_threshold_0.0 - INFO - Batch 101/155: Clean orig accuracy 0.9381 | Clean purify accuracy 0.9245 | Adv orig accuracy: 0.7011 | Adv purify accuracy: 0.7092
2025-07-10 21:31:07,231 - ADV_Generation_eps_4.0_steps_100_Purification_type_noisy_anchor_anchors_10_alpha_1.2_sigma_0.06_threshold_0.0 - INFO - Batch:[101] Adversarial images for this batch already exist
2025-07-10 21:31:11,027 - ADV_Generation_eps_4.0_steps_100_Purification_type_noisy_anchor_anchors_10_alpha_1.2_sigma_0.06_threshold_0.0 - INFO - Batch 102/155: Clean orig accuracy 0.9369 | Clean purify accuracy 0.9240 | Adv orig accuracy: 0.6979 | Adv purify accuracy: 0.7071
2025-07-10 21:31:11,038 - ADV_Generation_eps_4.0_steps_100_Purification_type_noisy_anchor_anchors_10_alpha_1.2_sigma_0.06_threshold_0.0 - INFO - Batch:[102] Adversarial images for this batch already exist
2025-07-10 21:31:14,840 - ADV_Generation_eps_4.0_steps_100_Purification_type_noisy_anchor_anchors_10_alpha_1.2_sigma_0.06_threshold_0.0 - INFO - Batch 103/155: Clean orig accuracy 0.9345 | Clean purify accuracy 0.9223 | Adv orig accuracy: 0.6942 | Adv purify accuracy: 0.7039
2025-07-10 21:31:14,852 - ADV_Generation_eps_4.0_steps_100_Purification_type_noisy_anchor_anchors_10_alpha_1.2_sigma_0.06_threshold_0.0 - INFO - Batch:[103] Adversarial images for this batch already exist
2025-07-10 21:31:18,694 - ADV_Generation_eps_4.0_steps_100_Purification_type_noisy_anchor_anchors_10_alpha_1.2_sigma_0.06_threshold_0.0 - INFO - Batch 104/155: Clean orig accuracy 0.9309 | Clean purify accuracy 0.9183 | Adv orig accuracy: 0.6899 | Adv purify accuracy: 0.7013
2025-07-10 21:31:18,705 - ADV_Generation_eps_4.0_steps_100_Purification_type_noisy_anchor_anchors_10_alpha_1.2_sigma_0.06_threshold_0.0 - INFO - Batch:[104] Adversarial images for this batch already exist
2025-07-10 21:31:22,510 - ADV_Generation_eps_4.0_steps_100_Purification_type_noisy_anchor_anchors_10_alpha_1.2_sigma_0.06_threshold_0.0 - INFO - Batch 105/155: Clean orig accuracy 0.9310 | Clean purify accuracy 0.9179 | Adv orig accuracy: 0.6899 | Adv purify accuracy: 0.7018
2025-07-10 21:31:22,523 - ADV_Generation_eps_4.0_steps_100_Purification_type_noisy_anchor_anchors_10_alpha_1.2_sigma_0.06_threshold_0.0 - INFO - Batch:[105] Adversarial images for this batch already exist
2025-07-10 21:31:26,507 - ADV_Generation_eps_4.0_steps_100_Purification_type_noisy_anchor_anchors_10_alpha_1.2_sigma_0.06_threshold_0.0 - INFO - Batch 106/155: Clean orig accuracy 0.9316 | Clean purify accuracy 0.9186 | Adv orig accuracy: 0.6922 | Adv purify accuracy: 0.7046
2025-07-10 21:31:26,519 - ADV_Generation_eps_4.0_steps_100_Purification_type_noisy_anchor_anchors_10_alpha_1.2_sigma_0.06_threshold_0.0 - INFO - Batch:[106] Adversarial images for this batch already exist
2025-07-10 21:31:30,491 - ADV_Generation_eps_4.0_steps_100_Purification_type_noisy_anchor_anchors_10_alpha_1.2_sigma_0.06_threshold_0.0 - INFO - Batch 107/155: Clean orig accuracy 0.9322 | Clean purify accuracy 0.9194 | Adv orig accuracy: 0.6916 | Adv purify accuracy: 0.7039
2025-07-10 21:31:30,502 - ADV_Generation_eps_4.0_steps_100_Purification_type_noisy_anchor_anchors_10_alpha_1.2_sigma_0.06_threshold_0.0 - INFO - Batch:[107] Adversarial images for this batch already exist
2025-07-10 21:31:34,306 - ADV_Generation_eps_4.0_steps_100_Purification_type_noisy_anchor_anchors_10_alpha_1.2_sigma_0.06_threshold_0.0 - INFO - Batch 108/155: Clean orig accuracy 0.9323 | Clean purify accuracy 0.9201 | Adv orig accuracy: 0.6916 | Adv purify accuracy: 0.7049
2025-07-10 21:31:34,317 - ADV_Generation_eps_4.0_steps_100_Purification_type_noisy_anchor_anchors_10_alpha_1.2_sigma_0.06_threshold_0.0 - INFO - Batch:[108] Adversarial images for this batch already exist
2025-07-10 21:31:38,137 - ADV_Generation_eps_4.0_steps_100_Purification_type_noisy_anchor_anchors_10_alpha_1.2_sigma_0.06_threshold_0.0 - INFO - Batch 109/155: Clean orig accuracy 0.9306 | Clean purify accuracy 0.9186 | Adv orig accuracy: 0.6864 | Adv purify accuracy: 0.7001
2025-07-10 21:31:38,149 - ADV_Generation_eps_4.0_steps_100_Purification_type_noisy_anchor_anchors_10_alpha_1.2_sigma_0.06_threshold_0.0 - INFO - Batch:[109] Adversarial images for this batch already exist
2025-07-10 21:31:41,900 - ADV_Generation_eps_4.0_steps_100_Purification_type_noisy_anchor_anchors_10_alpha_1.2_sigma_0.06_threshold_0.0 - INFO - Batch 110/155: Clean orig accuracy 0.9295 | Clean purify accuracy 0.9165 | Adv orig accuracy: 0.6824 | Adv purify accuracy: 0.6960
2025-07-10 21:31:41,911 - ADV_Generation_eps_4.0_steps_100_Purification_type_noisy_anchor_anchors_10_alpha_1.2_sigma_0.06_threshold_0.0 - INFO - Batch:[110] Adversarial images for this batch already exist
2025-07-10 21:31:45,764 - ADV_Generation_eps_4.0_steps_100_Purification_type_noisy_anchor_anchors_10_alpha_1.2_sigma_0.06_threshold_0.0 - INFO - Batch 111/155: Clean orig accuracy 0.9285 | Clean purify accuracy 0.9150 | Adv orig accuracy: 0.6791 | Adv purify accuracy: 0.6931
2025-07-10 21:31:45,776 - ADV_Generation_eps_4.0_steps_100_Purification_type_noisy_anchor_anchors_10_alpha_1.2_sigma_0.06_threshold_0.0 - INFO - Batch:[111] Adversarial images for this batch already exist
2025-07-10 21:31:49,533 - ADV_Generation_eps_4.0_steps_100_Purification_type_noisy_anchor_anchors_10_alpha_1.2_sigma_0.06_threshold_0.0 - INFO - Batch 112/155: Clean orig accuracy 0.9280 | Clean purify accuracy 0.9146 | Adv orig accuracy: 0.6786 | Adv purify accuracy: 0.6920
2025-07-10 21:31:49,547 - ADV_Generation_eps_4.0_steps_100_Purification_type_noisy_anchor_anchors_10_alpha_1.2_sigma_0.06_threshold_0.0 - INFO - Batch:[112] Adversarial images for this batch already exist
2025-07-10 21:31:53,363 - ADV_Generation_eps_4.0_steps_100_Purification_type_noisy_anchor_anchors_10_alpha_1.2_sigma_0.06_threshold_0.0 - INFO - Batch 113/155: Clean orig accuracy 0.9287 | Clean purify accuracy 0.9154 | Adv orig accuracy: 0.6814 | Adv purify accuracy: 0.6947
2025-07-10 21:31:53,375 - ADV_Generation_eps_4.0_steps_100_Purification_type_noisy_anchor_anchors_10_alpha_1.2_sigma_0.06_threshold_0.0 - INFO - Batch:[113] Adversarial images for this batch already exist
2025-07-10 21:31:57,206 - ADV_Generation_eps_4.0_steps_100_Purification_type_noisy_anchor_anchors_10_alpha_1.2_sigma_0.06_threshold_0.0 - INFO - Batch 114/155: Clean orig accuracy 0.9293 | Clean purify accuracy 0.9156 | Adv orig accuracy: 0.6809 | Adv purify accuracy: 0.6946
2025-07-10 21:31:57,217 - ADV_Generation_eps_4.0_steps_100_Purification_type_noisy_anchor_anchors_10_alpha_1.2_sigma_0.06_threshold_0.0 - INFO - Batch:[114] Adversarial images for this batch already exist
2025-07-10 21:32:00,973 - ADV_Generation_eps_4.0_steps_100_Purification_type_noisy_anchor_anchors_10_alpha_1.2_sigma_0.06_threshold_0.0 - INFO - Batch 115/155: Clean orig accuracy 0.9272 | Clean purify accuracy 0.9125 | Adv orig accuracy: 0.6766 | Adv purify accuracy: 0.6897
2025-07-10 21:32:00,984 - ADV_Generation_eps_4.0_steps_100_Purification_type_noisy_anchor_anchors_10_alpha_1.2_sigma_0.06_threshold_0.0 - INFO - Batch:[115] Adversarial images for this batch already exist
2025-07-10 21:32:04,744 - ADV_Generation_eps_4.0_steps_100_Purification_type_noisy_anchor_anchors_10_alpha_1.2_sigma_0.06_threshold_0.0 - INFO - Batch 116/155: Clean orig accuracy 0.9273 | Clean purify accuracy 0.9122 | Adv orig accuracy: 0.6778 | Adv purify accuracy: 0.6902
2025-07-10 21:32:04,754 - ADV_Generation_eps_4.0_steps_100_Purification_type_noisy_anchor_anchors_10_alpha_1.2_sigma_0.06_threshold_0.0 - INFO - Batch:[116] Adversarial images for this batch already exist
2025-07-10 21:32:08,577 - ADV_Generation_eps_4.0_steps_100_Purification_type_noisy_anchor_anchors_10_alpha_1.2_sigma_0.06_threshold_0.0 - INFO - Batch 117/155: Clean orig accuracy 0.9268 | Clean purify accuracy 0.9119 | Adv orig accuracy: 0.6763 | Adv purify accuracy: 0.6886
2025-07-10 21:32:08,590 - ADV_Generation_eps_4.0_steps_100_Purification_type_noisy_anchor_anchors_10_alpha_1.2_sigma_0.06_threshold_0.0 - INFO - Batch:[117] Adversarial images for this batch already exist
2025-07-10 21:32:12,380 - ADV_Generation_eps_4.0_steps_100_Purification_type_noisy_anchor_anchors_10_alpha_1.2_sigma_0.06_threshold_0.0 - INFO - Batch 118/155: Clean orig accuracy 0.9274 | Clean purify accuracy 0.9121 | Adv orig accuracy: 0.6764 | Adv purify accuracy: 0.6886
2025-07-10 21:32:12,391 - ADV_Generation_eps_4.0_steps_100_Purification_type_noisy_anchor_anchors_10_alpha_1.2_sigma_0.06_threshold_0.0 - INFO - Batch:[118] Adversarial images for this batch already exist
2025-07-10 21:32:16,194 - ADV_Generation_eps_4.0_steps_100_Purification_type_noisy_anchor_anchors_10_alpha_1.2_sigma_0.06_threshold_0.0 - INFO - Batch 119/155: Clean orig accuracy 0.9275 | Clean purify accuracy 0.9123 | Adv orig accuracy: 0.6775 | Adv purify accuracy: 0.6891
2025-07-10 21:32:16,205 - ADV_Generation_eps_4.0_steps_100_Purification_type_noisy_anchor_anchors_10_alpha_1.2_sigma_0.06_threshold_0.0 - INFO - Batch:[119] Adversarial images for this batch already exist
2025-07-10 21:32:20,030 - ADV_Generation_eps_4.0_steps_100_Purification_type_noisy_anchor_anchors_10_alpha_1.2_sigma_0.06_threshold_0.0 - INFO - Batch 120/155: Clean orig accuracy 0.9281 | Clean purify accuracy 0.9130 | Adv orig accuracy: 0.6776 | Adv purify accuracy: 0.6885
2025-07-10 21:32:20,040 - ADV_Generation_eps_4.0_steps_100_Purification_type_noisy_anchor_anchors_10_alpha_1.2_sigma_0.06_threshold_0.0 - INFO - Batch:[120] Adversarial images for this batch already exist
2025-07-10 21:32:23,894 - ADV_Generation_eps_4.0_steps_100_Purification_type_noisy_anchor_anchors_10_alpha_1.2_sigma_0.06_threshold_0.0 - INFO - Batch 121/155: Clean orig accuracy 0.9287 | Clean purify accuracy 0.9137 | Adv orig accuracy: 0.6798 | Adv purify accuracy: 0.6906
2025-07-10 21:32:23,904 - ADV_Generation_eps_4.0_steps_100_Purification_type_noisy_anchor_anchors_10_alpha_1.2_sigma_0.06_threshold_0.0 - INFO - Batch:[121] Adversarial images for this batch already exist
2025-07-10 21:32:27,746 - ADV_Generation_eps_4.0_steps_100_Purification_type_noisy_anchor_anchors_10_alpha_1.2_sigma_0.06_threshold_0.0 - INFO - Batch 122/155: Clean orig accuracy 0.9288 | Clean purify accuracy 0.9144 | Adv orig accuracy: 0.6783 | Adv purify accuracy: 0.6885
2025-07-10 21:32:27,757 - ADV_Generation_eps_4.0_steps_100_Purification_type_noisy_anchor_anchors_10_alpha_1.2_sigma_0.06_threshold_0.0 - INFO - Batch:[122] Adversarial images for this batch already exist
2025-07-10 21:32:31,576 - ADV_Generation_eps_4.0_steps_100_Purification_type_noisy_anchor_anchors_10_alpha_1.2_sigma_0.06_threshold_0.0 - INFO - Batch 123/155: Clean orig accuracy 0.9294 | Clean purify accuracy 0.9151 | Adv orig accuracy: 0.6794 | Adv purify accuracy: 0.6895
2025-07-10 21:32:31,587 - ADV_Generation_eps_4.0_steps_100_Purification_type_noisy_anchor_anchors_10_alpha_1.2_sigma_0.06_threshold_0.0 - INFO - Batch:[123] Adversarial images for this batch already exist
2025-07-10 21:32:35,431 - ADV_Generation_eps_4.0_steps_100_Purification_type_noisy_anchor_anchors_10_alpha_1.2_sigma_0.06_threshold_0.0 - INFO - Batch 124/155: Clean orig accuracy 0.9299 | Clean purify accuracy 0.9158 | Adv orig accuracy: 0.6820 | Adv purify accuracy: 0.6915
2025-07-10 21:32:35,445 - ADV_Generation_eps_4.0_steps_100_Purification_type_noisy_anchor_anchors_10_alpha_1.2_sigma_0.06_threshold_0.0 - INFO - Batch:[124] Adversarial images for this batch already exist
2025-07-10 21:32:39,258 - ADV_Generation_eps_4.0_steps_100_Purification_type_noisy_anchor_anchors_10_alpha_1.2_sigma_0.06_threshold_0.0 - INFO - Batch 125/155: Clean orig accuracy 0.9305 | Clean purify accuracy 0.9165 | Adv orig accuracy: 0.6835 | Adv purify accuracy: 0.6930
2025-07-10 21:32:39,269 - ADV_Generation_eps_4.0_steps_100_Purification_type_noisy_anchor_anchors_10_alpha_1.2_sigma_0.06_threshold_0.0 - INFO - Batch:[125] Adversarial images for this batch already exist
2025-07-10 21:32:43,023 - ADV_Generation_eps_4.0_steps_100_Purification_type_noisy_anchor_anchors_10_alpha_1.2_sigma_0.06_threshold_0.0 - INFO - Batch 126/155: Clean orig accuracy 0.9311 | Clean purify accuracy 0.9172 | Adv orig accuracy: 0.6830 | Adv purify accuracy: 0.6925
2025-07-10 21:32:43,034 - ADV_Generation_eps_4.0_steps_100_Purification_type_noisy_anchor_anchors_10_alpha_1.2_sigma_0.06_threshold_0.0 - INFO - Batch:[126] Adversarial images for this batch already exist
2025-07-10 21:32:46,856 - ADV_Generation_eps_4.0_steps_100_Purification_type_noisy_anchor_anchors_10_alpha_1.2_sigma_0.06_threshold_0.0 - INFO - Batch 127/155: Clean orig accuracy 0.9316 | Clean purify accuracy 0.9178 | Adv orig accuracy: 0.6855 | Adv purify accuracy: 0.6944
2025-07-10 21:32:46,866 - ADV_Generation_eps_4.0_steps_100_Purification_type_noisy_anchor_anchors_10_alpha_1.2_sigma_0.06_threshold_0.0 - INFO - Batch:[127] Adversarial images for this batch already exist
2025-07-10 21:32:50,678 - ADV_Generation_eps_4.0_steps_100_Purification_type_noisy_anchor_anchors_10_alpha_1.2_sigma_0.06_threshold_0.0 - INFO - Batch 128/155: Clean orig accuracy 0.9321 | Clean purify accuracy 0.9175 | Adv orig accuracy: 0.6846 | Adv purify accuracy: 0.6938
2025-07-10 21:32:50,689 - ADV_Generation_eps_4.0_steps_100_Purification_type_noisy_anchor_anchors_10_alpha_1.2_sigma_0.06_threshold_0.0 - INFO - Batch:[128] Adversarial images for this batch already exist
2025-07-10 21:32:54,454 - ADV_Generation_eps_4.0_steps_100_Purification_type_noisy_anchor_anchors_10_alpha_1.2_sigma_0.06_threshold_0.0 - INFO - Batch 129/155: Clean orig accuracy 0.9317 | Clean purify accuracy 0.9172 | Adv orig accuracy: 0.6846 | Adv purify accuracy: 0.6943
2025-07-10 21:32:54,464 - ADV_Generation_eps_4.0_steps_100_Purification_type_noisy_anchor_anchors_10_alpha_1.2_sigma_0.06_threshold_0.0 - INFO - Batch:[129] Adversarial images for this batch already exist
2025-07-10 21:32:58,286 - ADV_Generation_eps_4.0_steps_100_Purification_type_noisy_anchor_anchors_10_alpha_1.2_sigma_0.06_threshold_0.0 - INFO - Batch 130/155: Clean orig accuracy 0.9322 | Clean purify accuracy 0.9178 | Adv orig accuracy: 0.6846 | Adv purify accuracy: 0.6942
2025-07-10 21:32:58,296 - ADV_Generation_eps_4.0_steps_100_Purification_type_noisy_anchor_anchors_10_alpha_1.2_sigma_0.06_threshold_0.0 - INFO - Batch:[130] Adversarial images for this batch already exist
2025-07-10 21:33:02,132 - ADV_Generation_eps_4.0_steps_100_Purification_type_noisy_anchor_anchors_10_alpha_1.2_sigma_0.06_threshold_0.0 - INFO - Batch 131/155: Clean orig accuracy 0.9318 | Clean purify accuracy 0.9175 | Adv orig accuracy: 0.6813 | Adv purify accuracy: 0.6908
2025-07-10 21:33:02,143 - ADV_Generation_eps_4.0_steps_100_Purification_type_noisy_anchor_anchors_10_alpha_1.2_sigma_0.06_threshold_0.0 - INFO - Batch:[131] Adversarial images for this batch already exist
2025-07-10 21:33:05,886 - ADV_Generation_eps_4.0_steps_100_Purification_type_noisy_anchor_anchors_10_alpha_1.2_sigma_0.06_threshold_0.0 - INFO - Batch 132/155: Clean orig accuracy 0.9318 | Clean purify accuracy 0.9176 | Adv orig accuracy: 0.6809 | Adv purify accuracy: 0.6908
2025-07-10 21:33:05,897 - ADV_Generation_eps_4.0_steps_100_Purification_type_noisy_anchor_anchors_10_alpha_1.2_sigma_0.06_threshold_0.0 - INFO - Batch:[132] Adversarial images for this batch already exist
2025-07-10 21:33:09,748 - ADV_Generation_eps_4.0_steps_100_Purification_type_noisy_anchor_anchors_10_alpha_1.2_sigma_0.06_threshold_0.0 - INFO - Batch 133/155: Clean orig accuracy 0.9323 | Clean purify accuracy 0.9182 | Adv orig accuracy: 0.6833 | Adv purify accuracy: 0.6931
2025-07-10 21:33:09,758 - ADV_Generation_eps_4.0_steps_100_Purification_type_noisy_anchor_anchors_10_alpha_1.2_sigma_0.06_threshold_0.0 - INFO - Batch:[133] Adversarial images for this batch already exist
2025-07-10 21:33:13,536 - ADV_Generation_eps_4.0_steps_100_Purification_type_noisy_anchor_anchors_10_alpha_1.2_sigma_0.06_threshold_0.0 - INFO - Batch 134/155: Clean orig accuracy 0.9328 | Clean purify accuracy 0.9188 | Adv orig accuracy: 0.6838 | Adv purify accuracy: 0.6936
2025-07-10 21:33:13,547 - ADV_Generation_eps_4.0_steps_100_Purification_type_noisy_anchor_anchors_10_alpha_1.2_sigma_0.06_threshold_0.0 - INFO - Batch:[134] Adversarial images for this batch already exist
2025-07-10 21:33:17,433 - ADV_Generation_eps_4.0_steps_100_Purification_type_noisy_anchor_anchors_10_alpha_1.2_sigma_0.06_threshold_0.0 - INFO - Batch 135/155: Clean orig accuracy 0.9333 | Clean purify accuracy 0.9190 | Adv orig accuracy: 0.6852 | Adv purify accuracy: 0.6954
2025-07-10 21:33:17,444 - ADV_Generation_eps_4.0_steps_100_Purification_type_noisy_anchor_anchors_10_alpha_1.2_sigma_0.06_threshold_0.0 - INFO - Batch:[135] Adversarial images for this batch already exist
2025-07-10 21:33:21,245 - ADV_Generation_eps_4.0_steps_100_Purification_type_noisy_anchor_anchors_10_alpha_1.2_sigma_0.06_threshold_0.0 - INFO - Batch 136/155: Clean orig accuracy 0.9338 | Clean purify accuracy 0.9196 | Adv orig accuracy: 0.6870 | Adv purify accuracy: 0.6976
2025-07-10 21:33:21,255 - ADV_Generation_eps_4.0_steps_100_Purification_type_noisy_anchor_anchors_10_alpha_1.2_sigma_0.06_threshold_0.0 - INFO - Batch:[136] Adversarial images for this batch already exist
2025-07-10 21:33:25,080 - ADV_Generation_eps_4.0_steps_100_Purification_type_noisy_anchor_anchors_10_alpha_1.2_sigma_0.06_threshold_0.0 - INFO - Batch 137/155: Clean orig accuracy 0.9343 | Clean purify accuracy 0.9202 | Adv orig accuracy: 0.6875 | Adv purify accuracy: 0.6980
2025-07-10 21:33:25,091 - ADV_Generation_eps_4.0_steps_100_Purification_type_noisy_anchor_anchors_10_alpha_1.2_sigma_0.06_threshold_0.0 - INFO - Batch:[137] Adversarial images for this batch already exist
2025-07-10 21:33:28,954 - ADV_Generation_eps_4.0_steps_100_Purification_type_noisy_anchor_anchors_10_alpha_1.2_sigma_0.06_threshold_0.0 - INFO - Batch 138/155: Clean orig accuracy 0.9348 | Clean purify accuracy 0.9207 | Adv orig accuracy: 0.6898 | Adv purify accuracy: 0.7002
2025-07-10 21:33:28,965 - ADV_Generation_eps_4.0_steps_100_Purification_type_noisy_anchor_anchors_10_alpha_1.2_sigma_0.06_threshold_0.0 - INFO - Batch:[138] Adversarial images for this batch already exist
2025-07-10 21:33:32,772 - ADV_Generation_eps_4.0_steps_100_Purification_type_noisy_anchor_anchors_10_alpha_1.2_sigma_0.06_threshold_0.0 - INFO - Batch 139/155: Clean orig accuracy 0.9353 | Clean purify accuracy 0.9213 | Adv orig accuracy: 0.6915 | Adv purify accuracy: 0.7019
2025-07-10 21:33:32,783 - ADV_Generation_eps_4.0_steps_100_Purification_type_noisy_anchor_anchors_10_alpha_1.2_sigma_0.06_threshold_0.0 - INFO - Batch:[139] Adversarial images for this batch already exist
2025-07-10 21:33:36,601 - ADV_Generation_eps_4.0_steps_100_Purification_type_noisy_anchor_anchors_10_alpha_1.2_sigma_0.06_threshold_0.0 - INFO - Batch 140/155: Clean orig accuracy 0.9357 | Clean purify accuracy 0.9219 | Adv orig accuracy: 0.6937 | Adv purify accuracy: 0.7040
2025-07-10 21:33:36,613 - ADV_Generation_eps_4.0_steps_100_Purification_type_noisy_anchor_anchors_10_alpha_1.2_sigma_0.06_threshold_0.0 - INFO - Batch:[140] Adversarial images for this batch already exist
2025-07-10 21:33:40,398 - ADV_Generation_eps_4.0_steps_100_Purification_type_noisy_anchor_anchors_10_alpha_1.2_sigma_0.06_threshold_0.0 - INFO - Batch 141/155: Clean orig accuracy 0.9362 | Clean purify accuracy 0.9224 | Adv orig accuracy: 0.6959 | Adv purify accuracy: 0.7061
2025-07-10 21:33:40,413 - ADV_Generation_eps_4.0_steps_100_Purification_type_noisy_anchor_anchors_10_alpha_1.2_sigma_0.06_threshold_0.0 - INFO - Batch:[141] Adversarial images for this batch already exist
2025-07-10 21:33:44,370 - ADV_Generation_eps_4.0_steps_100_Purification_type_noisy_anchor_anchors_10_alpha_1.2_sigma_0.06_threshold_0.0 - INFO - Batch 142/155: Clean orig accuracy 0.9366 | Clean purify accuracy 0.9230 | Adv orig accuracy: 0.6967 | Adv purify accuracy: 0.7073
2025-07-10 21:33:44,380 - ADV_Generation_eps_4.0_steps_100_Purification_type_noisy_anchor_anchors_10_alpha_1.2_sigma_0.06_threshold_0.0 - INFO - Batch:[142] Adversarial images for this batch already exist
2025-07-10 21:33:48,241 - ADV_Generation_eps_4.0_steps_100_Purification_type_noisy_anchor_anchors_10_alpha_1.2_sigma_0.06_threshold_0.0 - INFO - Batch 143/155: Clean orig accuracy 0.9366 | Clean purify accuracy 0.9235 | Adv orig accuracy: 0.6967 | Adv purify accuracy: 0.7063
2025-07-10 21:33:48,252 - ADV_Generation_eps_4.0_steps_100_Purification_type_noisy_anchor_anchors_10_alpha_1.2_sigma_0.06_threshold_0.0 - INFO - Batch:[143] Adversarial images for this batch already exist
2025-07-10 21:33:51,991 - ADV_Generation_eps_4.0_steps_100_Purification_type_noisy_anchor_anchors_10_alpha_1.2_sigma_0.06_threshold_0.0 - INFO - Batch 144/155: Clean orig accuracy 0.9366 | Clean purify accuracy 0.9236 | Adv orig accuracy: 0.6966 | Adv purify accuracy: 0.7066
2025-07-10 21:33:52,002 - ADV_Generation_eps_4.0_steps_100_Purification_type_noisy_anchor_anchors_10_alpha_1.2_sigma_0.06_threshold_0.0 - INFO - Batch:[144] Adversarial images for this batch already exist
2025-07-10 21:33:55,769 - ADV_Generation_eps_4.0_steps_100_Purification_type_noisy_anchor_anchors_10_alpha_1.2_sigma_0.06_threshold_0.0 - INFO - Batch 145/155: Clean orig accuracy 0.9371 | Clean purify accuracy 0.9241 | Adv orig accuracy: 0.6974 | Adv purify accuracy: 0.7073
2025-07-10 21:33:55,781 - ADV_Generation_eps_4.0_steps_100_Purification_type_noisy_anchor_anchors_10_alpha_1.2_sigma_0.06_threshold_0.0 - INFO - Batch:[145] Adversarial images for this batch already exist
2025-07-10 21:33:59,607 - ADV_Generation_eps_4.0_steps_100_Purification_type_noisy_anchor_anchors_10_alpha_1.2_sigma_0.06_threshold_0.0 - INFO - Batch 146/155: Clean orig accuracy 0.9375 | Clean purify accuracy 0.9247 | Adv orig accuracy: 0.6995 | Adv purify accuracy: 0.7093
2025-07-10 21:33:59,619 - ADV_Generation_eps_4.0_steps_100_Purification_type_noisy_anchor_anchors_10_alpha_1.2_sigma_0.06_threshold_0.0 - INFO - Batch:[146] Adversarial images for this batch already exist
2025-07-10 21:34:03,434 - ADV_Generation_eps_4.0_steps_100_Purification_type_noisy_anchor_anchors_10_alpha_1.2_sigma_0.06_threshold_0.0 - INFO - Batch 147/155: Clean orig accuracy 0.9379 | Clean purify accuracy 0.9247 | Adv orig accuracy: 0.7003 | Adv purify accuracy: 0.7100
2025-07-10 21:34:03,445 - ADV_Generation_eps_4.0_steps_100_Purification_type_noisy_anchor_anchors_10_alpha_1.2_sigma_0.06_threshold_0.0 - INFO - Batch:[147] Adversarial images for this batch already exist
2025-07-10 21:34:07,312 - ADV_Generation_eps_4.0_steps_100_Purification_type_noisy_anchor_anchors_10_alpha_1.2_sigma_0.06_threshold_0.0 - INFO - Batch 148/155: Clean orig accuracy 0.9383 | Clean purify accuracy 0.9253 | Adv orig accuracy: 0.7023 | Adv purify accuracy: 0.7120
2025-07-10 21:34:07,324 - ADV_Generation_eps_4.0_steps_100_Purification_type_noisy_anchor_anchors_10_alpha_1.2_sigma_0.06_threshold_0.0 - INFO - Batch:[148] Adversarial images for this batch already exist
2025-07-10 21:34:11,088 - ADV_Generation_eps_4.0_steps_100_Purification_type_noisy_anchor_anchors_10_alpha_1.2_sigma_0.06_threshold_0.0 - INFO - Batch 149/155: Clean orig accuracy 0.9379 | Clean purify accuracy 0.9249 | Adv orig accuracy: 0.7022 | Adv purify accuracy: 0.7118
2025-07-10 21:34:11,101 - ADV_Generation_eps_4.0_steps_100_Purification_type_noisy_anchor_anchors_10_alpha_1.2_sigma_0.06_threshold_0.0 - INFO - Batch:[149] Adversarial images for this batch already exist
2025-07-10 21:34:14,855 - ADV_Generation_eps_4.0_steps_100_Purification_type_noisy_anchor_anchors_10_alpha_1.2_sigma_0.06_threshold_0.0 - INFO - Batch 150/155: Clean orig accuracy 0.9371 | Clean purify accuracy 0.9242 | Adv orig accuracy: 0.7000 | Adv purify accuracy: 0.7096
2025-07-10 21:34:14,867 - ADV_Generation_eps_4.0_steps_100_Purification_type_noisy_anchor_anchors_10_alpha_1.2_sigma_0.06_threshold_0.0 - INFO - Batch:[150] Adversarial images for this batch already exist
2025-07-10 21:34:18,676 - ADV_Generation_eps_4.0_steps_100_Purification_type_noisy_anchor_anchors_10_alpha_1.2_sigma_0.06_threshold_0.0 - INFO - Batch 151/155: Clean orig accuracy 0.9367 | Clean purify accuracy 0.9238 | Adv orig accuracy: 0.6983 | Adv purify accuracy: 0.7078
2025-07-10 21:34:18,688 - ADV_Generation_eps_4.0_steps_100_Purification_type_noisy_anchor_anchors_10_alpha_1.2_sigma_0.06_threshold_0.0 - INFO - Batch:[151] Adversarial images for this batch already exist
2025-07-10 21:34:22,447 - ADV_Generation_eps_4.0_steps_100_Purification_type_noisy_anchor_anchors_10_alpha_1.2_sigma_0.06_threshold_0.0 - INFO - Batch 152/155: Clean orig accuracy 0.9363 | Clean purify accuracy 0.9243 | Adv orig accuracy: 0.6986 | Adv purify accuracy: 0.7081
2025-07-10 21:34:22,459 - ADV_Generation_eps_4.0_steps_100_Purification_type_noisy_anchor_anchors_10_alpha_1.2_sigma_0.06_threshold_0.0 - INFO - Batch:[152] Adversarial images for this batch already exist
2025-07-10 21:34:26,254 - ADV_Generation_eps_4.0_steps_100_Purification_type_noisy_anchor_anchors_10_alpha_1.2_sigma_0.06_threshold_0.0 - INFO - Batch 153/155: Clean orig accuracy 0.9363 | Clean purify accuracy 0.9244 | Adv orig accuracy: 0.7002 | Adv purify accuracy: 0.7092
2025-07-10 21:34:26,267 - ADV_Generation_eps_4.0_steps_100_Purification_type_noisy_anchor_anchors_10_alpha_1.2_sigma_0.06_threshold_0.0 - INFO - Batch:[153] Adversarial images for this batch already exist
2025-07-10 21:34:30,119 - ADV_Generation_eps_4.0_steps_100_Purification_type_noisy_anchor_anchors_10_alpha_1.2_sigma_0.06_threshold_0.0 - INFO - Batch 154/155: Clean orig accuracy 0.9367 | Clean purify accuracy 0.9249 | Adv orig accuracy: 0.7021 | Adv purify accuracy: 0.7110
2025-07-10 21:34:30,124 - ADV_Generation_eps_4.0_steps_100_Purification_type_noisy_anchor_anchors_10_alpha_1.2_sigma_0.06_threshold_0.0 - INFO - Batch:[154] Adversarial images for this batch already exist
2025-07-10 21:34:30,669 - ADV_Generation_eps_4.0_steps_100_Purification_type_noisy_anchor_anchors_10_alpha_1.2_sigma_0.06_threshold_0.0 - INFO - Batch 155/155: Clean orig accuracy 0.9367 | Clean purify accuracy 0.9249 | Adv orig accuracy: 0.7022 | Adv purify accuracy: 0.7112
2025-07-10 21:34:30,786 - ADV_Generation_eps_4.0_steps_100_Purification_type_noisy_anchor_anchors_10_alpha_1.2_sigma_0.06_threshold_0.0 - INFO - Final Clean orig accuracy: 0.9367 | Clean purify accuracy: 0.9249
2025-07-10 21:34:30,786 - ADV_Generation_eps_4.0_steps_100_Purification_type_noisy_anchor_anchors_10_alpha_1.2_sigma_0.06_threshold_0.0 - INFO - Final Adv orig accuracy: 0.7022 | Adv purify accuracy: 0.7112
2025-07-10 21:34:30,786 - ADV_Generation_eps_4.0_steps_100_Purification_type_noisy_anchor_anchors_10_alpha_1.2_sigma_0.06_threshold_0.0 - INFO - Diff_ratio_clean: 0.1317 | Diff_ratio_adv: 0.1395
2025-07-10 21:34:30,786 - ADV_Generation_eps_4.0_steps_100_Purification_type_noisy_anchor_anchors_10_alpha_1.2_sigma_0.06_threshold_0.0 - INFO - Adversarial image generation completed. Results
