2026-02-11 21:27:38,792 - ADV_Generation_eps_4.0_steps_100_Added_Noise_gaussian_Sigma_0.12_Tau_Type_noisy_num_anchors_10 - INFO - ==========================================
data:/leonardo_work/EUHPC_R04_192/fmohamma/Adversarial_Robust_Clip/atpt_data/downstream_datasets
test_sets:UCF101
dataset_mode:test
arch:vit_l_14_datacomp_1b
resolution:224
transferability:False
source_model:fare4
workers:4
no_pin_memory:False
batch_size:1
adv_bs:1
print_freq:20
gpu:0
no_cudnn_benchmark:False
n_ctx:4
ctx_init:a_photo_of_a
seed:0
output_dir:/leonardo_work/EUHPC_R04_192/fmohamma/Adversarial_Robust_Clip/atpt_data/vit_l_14_datacomp_1b/UCF101
log_output_dir:/leonardo_work/EUHPC_R04_192/fmohamma/Adversarial_Robust_Clip/ATPT/Diffratio_v3/vit_l_14_datacomp_1b/UCF101/ADV_Generation_eps_4.0_steps_100_Added_Noise_gaussian_Sigma_0.12_Tau_Type_noisy_num_anchors_10
image_only_attack:False
image_only_attack_type:prm
image_predicted_label_attack:False
eps:4.0
alpha:1.0
alpha_eps_ratio:4.0
steps:100
counter_attack:True
counter_attack_type:pgd
counter_attack_steps:0
counter_attack_eps:1.0
counter_attack_alpha:1.0
counter_attack_tau_thres:0.2
counter_attack_beta:2.0
counter_attack_weighted_perturbations:True
counter_attack_init_noise:gaussian
counter_attack_gaussian_sigma:0.12
counter_attack_noisy_tau_num_anchors:10
counter_attack_tau:noisy
pgd_clip_pure_i_text_embeddings:null
pgd_counter_and_clipure_i_lamda:1.0
image_feature_purify:False
image_feature_purify_type:noisy_anchor
image_feature_purify_noisy_anchors:10
image_feature_purify_anchors_alpha:1.2
image_feature_purify_noisy_sigma:0.18
image_feature_purify_diff_threshold:0.0
image_feature_clipure_steps:10
image_feature_clipure_step_size:10.0
save_plots:False
lr:0.005
selection_p:0.1
tta_steps:1
top_k:20
softmax_temp:0.01
load_tecoa:

2026-02-11 21:27:38,793 - ADV_Generation_eps_4.0_steps_100_Added_Noise_gaussian_Sigma_0.12_Tau_Type_noisy_num_anchors_10 - INFO - Use GPU: 0 for training
2026-02-11 21:28:37,258 - ADV_Generation_eps_4.0_steps_100_Added_Noise_gaussian_Sigma_0.12_Tau_Type_noisy_num_anchors_10 - INFO - => Model created: visual backbone vit_l_14_datacomp_1b
2026-02-11 21:28:37,299 - ADV_Generation_eps_4.0_steps_100_Added_Noise_gaussian_Sigma_0.12_Tau_Type_noisy_num_anchors_10 - INFO - Number of test samples: 3783
2026-02-11 21:28:37,299 - ADV_Generation_eps_4.0_steps_100_Added_Noise_gaussian_Sigma_0.12_Tau_Type_noisy_num_anchors_10 - INFO - Evaluating dataset: UCF101
2026-02-11 21:28:37,300 - ADV_Generation_eps_4.0_steps_100_Added_Noise_gaussian_Sigma_0.12_Tau_Type_noisy_num_anchors_10 - INFO - Starting evaluation with batch size: 1, selection percentage: 0.1
2026-02-11 21:28:37,301 - ADV_Generation_eps_4.0_steps_100_Added_Noise_gaussian_Sigma_0.12_Tau_Type_noisy_num_anchors_10 - INFO - Using counter-attack with epsilon: 1.000000, alpha: 1.000000, steps: 0
2026-02-11 21:28:37,301 - ADV_Generation_eps_4.0_steps_100_Added_Noise_gaussian_Sigma_0.12_Tau_Type_noisy_num_anchors_10 - INFO - Adversarial examples will be loaded from /leonardo_work/EUHPC_R04_192/fmohamma/Adversarial_Robust_Clip/atpt_data/vit_l_14_datacomp_1b/UCF101/adv_images_eps_4.0_alpha_1.0_steps_100 and evaluated on vit_l_14_datacomp_1b
2026-02-11 21:28:37,302 - ADV_Generation_eps_4.0_steps_100_Added_Noise_gaussian_Sigma_0.12_Tau_Type_noisy_num_anchors_10 - INFO - Using directory for adversarial images: /leonardo_work/EUHPC_R04_192/fmohamma/Adversarial_Robust_Clip/atpt_data/vit_l_14_datacomp_1b/UCF101/adv_images_eps_4.0_alpha_1.0_steps_100
2026-02-11 21:28:37,586 - ADV_Generation_eps_4.0_steps_100_Added_Noise_gaussian_Sigma_0.12_Tau_Type_noisy_num_anchors_10 - INFO - Batch:[0] Adversarial images for this batch already exist
2026-02-11 21:28:38,146 - ADV_Generation_eps_4.0_steps_100_Added_Noise_gaussian_Sigma_0.12_Tau_Type_noisy_num_anchors_10 - INFO - Batch 1/3783: Clean accuracy 1.0000 | Adv accuracy: 0.0000 | Counter-attack accuracy: 0.0000
2026-02-11 21:28:38,147 - ADV_Generation_eps_4.0_steps_100_Added_Noise_gaussian_Sigma_0.12_Tau_Type_noisy_num_anchors_10 - INFO - Batch:[1] Adversarial images for this batch already exist
2026-02-11 21:28:38,474 - ADV_Generation_eps_4.0_steps_100_Added_Noise_gaussian_Sigma_0.12_Tau_Type_noisy_num_anchors_10 - INFO - Batch 2/3783: Clean accuracy 1.0000 | Adv accuracy: 0.0000 | Counter-attack accuracy: 0.5000
2026-02-11 21:28:38,475 - ADV_Generation_eps_4.0_steps_100_Added_Noise_gaussian_Sigma_0.12_Tau_Type_noisy_num_anchors_10 - INFO - Batch:[2] Adversarial images for this batch already exist
2026-02-11 21:28:38,799 - ADV_Generation_eps_4.0_steps_100_Added_Noise_gaussian_Sigma_0.12_Tau_Type_noisy_num_anchors_10 - INFO - Batch 3/3783: Clean accuracy 1.0000 | Adv accuracy: 0.0000 | Counter-attack accuracy: 0.3333
2026-02-11 21:28:38,800 - ADV_Generation_eps_4.0_steps_100_Added_Noise_gaussian_Sigma_0.12_Tau_Type_noisy_num_anchors_10 - INFO - Batch:[3] Adversarial images for this batch already exist
2026-02-11 21:28:39,126 - ADV_Generation_eps_4.0_steps_100_Added_Noise_gaussian_Sigma_0.12_Tau_Type_noisy_num_anchors_10 - INFO - Batch 4/3783: Clean accuracy 0.7500 | Adv accuracy: 0.0000 | Counter-attack accuracy: 0.5000
2026-02-11 21:28:39,127 - ADV_Generation_eps_4.0_steps_100_Added_Noise_gaussian_Sigma_0.12_Tau_Type_noisy_num_anchors_10 - INFO - Batch:[4] Adversarial images for this batch already exist
2026-02-11 21:28:39,456 - ADV_Generation_eps_4.0_steps_100_Added_Noise_gaussian_Sigma_0.12_Tau_Type_noisy_num_anchors_10 - INFO - Batch 5/3783: Clean accuracy 0.8000 | Adv accuracy: 0.0000 | Counter-attack accuracy: 0.6000
2026-02-11 21:28:39,458 - ADV_Generation_eps_4.0_steps_100_Added_Noise_gaussian_Sigma_0.12_Tau_Type_noisy_num_anchors_10 - INFO - Batch:[5] Adversarial images for this batch already exist
2026-02-11 21:28:39,788 - ADV_Generation_eps_4.0_steps_100_Added_Noise_gaussian_Sigma_0.12_Tau_Type_noisy_num_anchors_10 - INFO - Batch 6/3783: Clean accuracy 0.8333 | Adv accuracy: 0.0000 | Counter-attack accuracy: 0.6667
2026-02-11 21:28:39,789 - ADV_Generation_eps_4.0_steps_100_Added_Noise_gaussian_Sigma_0.12_Tau_Type_noisy_num_anchors_10 - INFO - Batch:[6] Adversarial images for this batch already exist
2026-02-11 21:28:40,136 - ADV_Generation_eps_4.0_steps_100_Added_Noise_gaussian_Sigma_0.12_Tau_Type_noisy_num_anchors_10 - INFO - Batch 7/3783: Clean accuracy 0.8571 | Adv accuracy: 0.0000 | Counter-attack accuracy: 0.5714
2026-02-11 21:28:40,137 - ADV_Generation_eps_4.0_steps_100_Added_Noise_gaussian_Sigma_0.12_Tau_Type_noisy_num_anchors_10 - INFO - Batch:[7] Adversarial images for this batch already exist
2026-02-11 21:28:40,465 - ADV_Generation_eps_4.0_steps_100_Added_Noise_gaussian_Sigma_0.12_Tau_Type_noisy_num_anchors_10 - INFO - Batch 8/3783: Clean accuracy 0.8750 | Adv accuracy: 0.0000 | Counter-attack accuracy: 0.6250
2026-02-11 21:28:40,467 - ADV_Generation_eps_4.0_steps_100_Added_Noise_gaussian_Sigma_0.12_Tau_Type_noisy_num_anchors_10 - INFO - Batch:[8] Adversarial images for this batch already exist
2026-02-11 21:28:40,795 - ADV_Generation_eps_4.0_steps_100_Added_Noise_gaussian_Sigma_0.12_Tau_Type_noisy_num_anchors_10 - INFO - Batch 9/3783: Clean accuracy 0.8889 | Adv accuracy: 0.0000 | Counter-attack accuracy: 0.5556
2026-02-11 21:28:40,796 - ADV_Generation_eps_4.0_steps_100_Added_Noise_gaussian_Sigma_0.12_Tau_Type_noisy_num_anchors_10 - INFO - Batch:[9] Adversarial images for this batch already exist
2026-02-11 21:28:41,125 - ADV_Generation_eps_4.0_steps_100_Added_Noise_gaussian_Sigma_0.12_Tau_Type_noisy_num_anchors_10 - INFO - Batch 10/3783: Clean accuracy 0.8000 | Adv accuracy: 0.0000 | Counter-attack accuracy: 0.5000
2026-02-11 21:28:41,127 - ADV_Generation_eps_4.0_steps_100_Added_Noise_gaussian_Sigma_0.12_Tau_Type_noisy_num_anchors_10 - INFO - Batch:[10] Adversarial images for this batch already exist
2026-02-11 21:28:41,455 - ADV_Generation_eps_4.0_steps_100_Added_Noise_gaussian_Sigma_0.12_Tau_Type_noisy_num_anchors_10 - INFO - Batch 11/3783: Clean accuracy 0.8182 | Adv accuracy: 0.0000 | Counter-attack accuracy: 0.5455
2026-02-11 21:28:41,456 - ADV_Generation_eps_4.0_steps_100_Added_Noise_gaussian_Sigma_0.12_Tau_Type_noisy_num_anchors_10 - INFO - Batch:[11] Adversarial images for this batch already exist
2026-02-11 21:28:41,784 - ADV_Generation_eps_4.0_steps_100_Added_Noise_gaussian_Sigma_0.12_Tau_Type_noisy_num_anchors_10 - INFO - Batch 12/3783: Clean accuracy 0.8333 | Adv accuracy: 0.0000 | Counter-attack accuracy: 0.5833
2026-02-11 21:28:41,786 - ADV_Generation_eps_4.0_steps_100_Added_Noise_gaussian_Sigma_0.12_Tau_Type_noisy_num_anchors_10 - INFO - Batch:[12] Adversarial images for this batch already exist
2026-02-11 21:28:42,110 - ADV_Generation_eps_4.0_steps_100_Added_Noise_gaussian_Sigma_0.12_Tau_Type_noisy_num_anchors_10 - INFO - Batch 13/3783: Clean accuracy 0.8462 | Adv accuracy: 0.0000 | Counter-attack accuracy: 0.6154
2026-02-11 21:28:42,112 - ADV_Generation_eps_4.0_steps_100_Added_Noise_gaussian_Sigma_0.12_Tau_Type_noisy_num_anchors_10 - INFO - Batch:[13] Adversarial images for this batch already exist
2026-02-11 21:28:42,455 - ADV_Generation_eps_4.0_steps_100_Added_Noise_gaussian_Sigma_0.12_Tau_Type_noisy_num_anchors_10 - INFO - Batch 14/3783: Clean accuracy 0.8571 | Adv accuracy: 0.0000 | Counter-attack accuracy: 0.5714
2026-02-11 21:28:42,456 - ADV_Generation_eps_4.0_steps_100_Added_Noise_gaussian_Sigma_0.12_Tau_Type_noisy_num_anchors_10 - INFO - Batch:[14] Adversarial images for this batch already exist
2026-02-11 21:28:42,783 - ADV_Generation_eps_4.0_steps_100_Added_Noise_gaussian_Sigma_0.12_Tau_Type_noisy_num_anchors_10 - INFO - Batch 15/3783: Clean accuracy 0.8667 | Adv accuracy: 0.0000 | Counter-attack accuracy: 0.5333
2026-02-11 21:28:42,784 - ADV_Generation_eps_4.0_steps_100_Added_Noise_gaussian_Sigma_0.12_Tau_Type_noisy_num_anchors_10 - INFO - Batch:[15] Adversarial images for this batch already exist
2026-02-11 21:28:43,137 - ADV_Generation_eps_4.0_steps_100_Added_Noise_gaussian_Sigma_0.12_Tau_Type_noisy_num_anchors_10 - INFO - Batch 16/3783: Clean accuracy 0.8125 | Adv accuracy: 0.0000 | Counter-attack accuracy: 0.5000
2026-02-11 21:28:43,138 - ADV_Generation_eps_4.0_steps_100_Added_Noise_gaussian_Sigma_0.12_Tau_Type_noisy_num_anchors_10 - INFO - Batch:[16] Adversarial images for this batch already exist
2026-02-11 21:28:43,459 - ADV_Generation_eps_4.0_steps_100_Added_Noise_gaussian_Sigma_0.12_Tau_Type_noisy_num_anchors_10 - INFO - Batch 17/3783: Clean accuracy 0.8235 | Adv accuracy: 0.0000 | Counter-attack accuracy: 0.5294
2026-02-11 21:28:43,461 - ADV_Generation_eps_4.0_steps_100_Added_Noise_gaussian_Sigma_0.12_Tau_Type_noisy_num_anchors_10 - INFO - Batch:[17] Adversarial images for this batch already exist
2026-02-11 21:28:43,788 - ADV_Generation_eps_4.0_steps_100_Added_Noise_gaussian_Sigma_0.12_Tau_Type_noisy_num_anchors_10 - INFO - Batch 18/3783: Clean accuracy 0.8333 | Adv accuracy: 0.0000 | Counter-attack accuracy: 0.5556
2026-02-11 21:28:43,789 - ADV_Generation_eps_4.0_steps_100_Added_Noise_gaussian_Sigma_0.12_Tau_Type_noisy_num_anchors_10 - INFO - Batch:[18] Adversarial images for this batch already exist
2026-02-11 21:28:44,124 - ADV_Generation_eps_4.0_steps_100_Added_Noise_gaussian_Sigma_0.12_Tau_Type_noisy_num_anchors_10 - INFO - Batch 19/3783: Clean accuracy 0.7895 | Adv accuracy: 0.0000 | Counter-attack accuracy: 0.5263
2026-02-11 21:28:44,125 - ADV_Generation_eps_4.0_steps_100_Added_Noise_gaussian_Sigma_0.12_Tau_Type_noisy_num_anchors_10 - INFO - Batch:[19] Adversarial images for this batch already exist
2026-02-11 21:28:44,457 - ADV_Generation_eps_4.0_steps_100_Added_Noise_gaussian_Sigma_0.12_Tau_Type_noisy_num_anchors_10 - INFO - Batch 20/3783: Clean accuracy 0.8000 | Adv accuracy: 0.0000 | Counter-attack accuracy: 0.5000
2026-02-11 21:28:44,458 - ADV_Generation_eps_4.0_steps_100_Added_Noise_gaussian_Sigma_0.12_Tau_Type_noisy_num_anchors_10 - INFO - Batch:[20] Adversarial images for this batch already exist
2026-02-11 21:28:44,785 - ADV_Generation_eps_4.0_steps_100_Added_Noise_gaussian_Sigma_0.12_Tau_Type_noisy_num_anchors_10 - INFO - Batch 21/3783: Clean accuracy 0.8095 | Adv accuracy: 0.0000 | Counter-attack accuracy: 0.5238
2026-02-11 21:28:44,786 - ADV_Generation_eps_4.0_steps_100_Added_Noise_gaussian_Sigma_0.12_Tau_Type_noisy_num_anchors_10 - INFO - Batch:[21] Adversarial images for this batch already exist
2026-02-11 21:28:45,114 - ADV_Generation_eps_4.0_steps_100_Added_Noise_gaussian_Sigma_0.12_Tau_Type_noisy_num_anchors_10 - INFO - Batch 22/3783: Clean accuracy 0.8182 | Adv accuracy: 0.0000 | Counter-attack accuracy: 0.5455
2026-02-11 21:28:45,115 - ADV_Generation_eps_4.0_steps_100_Added_Noise_gaussian_Sigma_0.12_Tau_Type_noisy_num_anchors_10 - INFO - Batch:[22] Adversarial images for this batch already exist
2026-02-11 21:28:45,442 - ADV_Generation_eps_4.0_steps_100_Added_Noise_gaussian_Sigma_0.12_Tau_Type_noisy_num_anchors_10 - INFO - Batch 23/3783: Clean accuracy 0.8261 | Adv accuracy: 0.0000 | Counter-attack accuracy: 0.5652
2026-02-11 21:28:45,443 - ADV_Generation_eps_4.0_steps_100_Added_Noise_gaussian_Sigma_0.12_Tau_Type_noisy_num_anchors_10 - INFO - Batch:[23] Adversarial images for this batch already exist
2026-02-11 21:28:45,770 - ADV_Generation_eps_4.0_steps_100_Added_Noise_gaussian_Sigma_0.12_Tau_Type_noisy_num_anchors_10 - INFO - Batch 24/3783: Clean accuracy 0.8333 | Adv accuracy: 0.0000 | Counter-attack accuracy: 0.5417
2026-02-11 21:28:45,771 - ADV_Generation_eps_4.0_steps_100_Added_Noise_gaussian_Sigma_0.12_Tau_Type_noisy_num_anchors_10 - INFO - Batch:[24] Adversarial images for this batch already exist
2026-02-11 21:28:46,103 - ADV_Generation_eps_4.0_steps_100_Added_Noise_gaussian_Sigma_0.12_Tau_Type_noisy_num_anchors_10 - INFO - Batch 25/3783: Clean accuracy 0.8400 | Adv accuracy: 0.0000 | Counter-attack accuracy: 0.5200
2026-02-11 21:28:46,104 - ADV_Generation_eps_4.0_steps_100_Added_Noise_gaussian_Sigma_0.12_Tau_Type_noisy_num_anchors_10 - INFO - Batch:[25] Adversarial images for this batch already exist
2026-02-11 21:28:46,438 - ADV_Generation_eps_4.0_steps_100_Added_Noise_gaussian_Sigma_0.12_Tau_Type_noisy_num_anchors_10 - INFO - Batch 26/3783: Clean accuracy 0.8462 | Adv accuracy: 0.0000 | Counter-attack accuracy: 0.5385
2026-02-11 21:28:46,439 - ADV_Generation_eps_4.0_steps_100_Added_Noise_gaussian_Sigma_0.12_Tau_Type_noisy_num_anchors_10 - INFO - Batch:[26] Adversarial images for this batch already exist
2026-02-11 21:28:46,760 - ADV_Generation_eps_4.0_steps_100_Added_Noise_gaussian_Sigma_0.12_Tau_Type_noisy_num_anchors_10 - INFO - Batch 27/3783: Clean accuracy 0.8519 | Adv accuracy: 0.0000 | Counter-attack accuracy: 0.5556
2026-02-11 21:28:46,761 - ADV_Generation_eps_4.0_steps_100_Added_Noise_gaussian_Sigma_0.12_Tau_Type_noisy_num_anchors_10 - INFO - Batch:[27] Adversarial images for this batch already exist
2026-02-11 21:28:47,094 - ADV_Generation_eps_4.0_steps_100_Added_Noise_gaussian_Sigma_0.12_Tau_Type_noisy_num_anchors_10 - INFO - Batch 28/3783: Clean accuracy 0.8571 | Adv accuracy: 0.0000 | Counter-attack accuracy: 0.5357
2026-02-11 21:28:47,095 - ADV_Generation_eps_4.0_steps_100_Added_Noise_gaussian_Sigma_0.12_Tau_Type_noisy_num_anchors_10 - INFO - Batch:[28] Adversarial images for this batch already exist
2026-02-11 21:28:47,425 - ADV_Generation_eps_4.0_steps_100_Added_Noise_gaussian_Sigma_0.12_Tau_Type_noisy_num_anchors_10 - INFO - Batch 29/3783: Clean accuracy 0.8621 | Adv accuracy: 0.0000 | Counter-attack accuracy: 0.5517
2026-02-11 21:28:47,426 - ADV_Generation_eps_4.0_steps_100_Added_Noise_gaussian_Sigma_0.12_Tau_Type_noisy_num_anchors_10 - INFO - Batch:[29] Adversarial images for this batch already exist
2026-02-11 21:28:47,756 - ADV_Generation_eps_4.0_steps_100_Added_Noise_gaussian_Sigma_0.12_Tau_Type_noisy_num_anchors_10 - INFO - Batch 30/3783: Clean accuracy 0.8667 | Adv accuracy: 0.0000 | Counter-attack accuracy: 0.5333
2026-02-11 21:28:47,757 - ADV_Generation_eps_4.0_steps_100_Added_Noise_gaussian_Sigma_0.12_Tau_Type_noisy_num_anchors_10 - INFO - Batch:[30] Adversarial images for this batch already exist
2026-02-11 21:28:48,086 - ADV_Generation_eps_4.0_steps_100_Added_Noise_gaussian_Sigma_0.12_Tau_Type_noisy_num_anchors_10 - INFO - Batch 31/3783: Clean accuracy 0.8710 | Adv accuracy: 0.0000 | Counter-attack accuracy: 0.5484
2026-02-11 21:28:48,087 - ADV_Generation_eps_4.0_steps_100_Added_Noise_gaussian_Sigma_0.12_Tau_Type_noisy_num_anchors_10 - INFO - Batch:[31] Adversarial images for this batch already exist
2026-02-11 21:28:48,426 - ADV_Generation_eps_4.0_steps_100_Added_Noise_gaussian_Sigma_0.12_Tau_Type_noisy_num_anchors_10 - INFO - Batch 32/3783: Clean accuracy 0.8750 | Adv accuracy: 0.0000 | Counter-attack accuracy: 0.5625
2026-02-11 21:28:48,427 - ADV_Generation_eps_4.0_steps_100_Added_Noise_gaussian_Sigma_0.12_Tau_Type_noisy_num_anchors_10 - INFO - Batch:[32] Adversarial images for this batch already exist
2026-02-11 21:28:48,753 - ADV_Generation_eps_4.0_steps_100_Added_Noise_gaussian_Sigma_0.12_Tau_Type_noisy_num_anchors_10 - INFO - Batch 33/3783: Clean accuracy 0.8788 | Adv accuracy: 0.0000 | Counter-attack accuracy: 0.5455
2026-02-11 21:28:48,754 - ADV_Generation_eps_4.0_steps_100_Added_Noise_gaussian_Sigma_0.12_Tau_Type_noisy_num_anchors_10 - INFO - Batch:[33] Adversarial images for this batch already exist
2026-02-11 21:28:49,079 - ADV_Generation_eps_4.0_steps_100_Added_Noise_gaussian_Sigma_0.12_Tau_Type_noisy_num_anchors_10 - INFO - Batch 34/3783: Clean accuracy 0.8824 | Adv accuracy: 0.0000 | Counter-attack accuracy: 0.5588
2026-02-11 21:28:49,080 - ADV_Generation_eps_4.0_steps_100_Added_Noise_gaussian_Sigma_0.12_Tau_Type_noisy_num_anchors_10 - INFO - Batch:[34] Adversarial images for this batch already exist
2026-02-11 21:28:49,407 - ADV_Generation_eps_4.0_steps_100_Added_Noise_gaussian_Sigma_0.12_Tau_Type_noisy_num_anchors_10 - INFO - Batch 35/3783: Clean accuracy 0.8857 | Adv accuracy: 0.0000 | Counter-attack accuracy: 0.5714
2026-02-11 21:28:49,408 - ADV_Generation_eps_4.0_steps_100_Added_Noise_gaussian_Sigma_0.12_Tau_Type_noisy_num_anchors_10 - INFO - Batch:[35] Adversarial images for this batch already exist
2026-02-11 21:28:49,736 - ADV_Generation_eps_4.0_steps_100_Added_Noise_gaussian_Sigma_0.12_Tau_Type_noisy_num_anchors_10 - INFO - Batch 36/3783: Clean accuracy 0.8889 | Adv accuracy: 0.0000 | Counter-attack accuracy: 0.5556
2026-02-11 21:28:49,737 - ADV_Generation_eps_4.0_steps_100_Added_Noise_gaussian_Sigma_0.12_Tau_Type_noisy_num_anchors_10 - INFO - Batch:[36] Adversarial images for this batch already exist
2026-02-11 21:28:50,068 - ADV_Generation_eps_4.0_steps_100_Added_Noise_gaussian_Sigma_0.12_Tau_Type_noisy_num_anchors_10 - INFO - Batch 37/3783: Clean accuracy 0.8919 | Adv accuracy: 0.0000 | Counter-attack accuracy: 0.5676
2026-02-11 21:28:50,069 - ADV_Generation_eps_4.0_steps_100_Added_Noise_gaussian_Sigma_0.12_Tau_Type_noisy_num_anchors_10 - INFO - Batch:[37] Adversarial images for this batch already exist
2026-02-11 21:28:50,400 - ADV_Generation_eps_4.0_steps_100_Added_Noise_gaussian_Sigma_0.12_Tau_Type_noisy_num_anchors_10 - INFO - Batch 38/3783: Clean accuracy 0.8947 | Adv accuracy: 0.0000 | Counter-attack accuracy: 0.5789
2026-02-11 21:28:50,402 - ADV_Generation_eps_4.0_steps_100_Added_Noise_gaussian_Sigma_0.12_Tau_Type_noisy_num_anchors_10 - INFO - Batch:[38] Adversarial images for this batch already exist
2026-02-11 21:28:50,728 - ADV_Generation_eps_4.0_steps_100_Added_Noise_gaussian_Sigma_0.12_Tau_Type_noisy_num_anchors_10 - INFO - Batch 39/3783: Clean accuracy 0.8974 | Adv accuracy: 0.0000 | Counter-attack accuracy: 0.5641
2026-02-11 21:28:50,730 - ADV_Generation_eps_4.0_steps_100_Added_Noise_gaussian_Sigma_0.12_Tau_Type_noisy_num_anchors_10 - INFO - Batch:[39] Adversarial images for this batch already exist
2026-02-11 21:28:51,058 - ADV_Generation_eps_4.0_steps_100_Added_Noise_gaussian_Sigma_0.12_Tau_Type_noisy_num_anchors_10 - INFO - Batch 40/3783: Clean accuracy 0.9000 | Adv accuracy: 0.0000 | Counter-attack accuracy: 0.5750
2026-02-11 21:28:51,059 - ADV_Generation_eps_4.0_steps_100_Added_Noise_gaussian_Sigma_0.12_Tau_Type_noisy_num_anchors_10 - INFO - Batch:[40] Adversarial images for this batch already exist
2026-02-11 21:28:51,401 - ADV_Generation_eps_4.0_steps_100_Added_Noise_gaussian_Sigma_0.12_Tau_Type_noisy_num_anchors_10 - INFO - Batch 41/3783: Clean accuracy 0.9024 | Adv accuracy: 0.0000 | Counter-attack accuracy: 0.5854
2026-02-11 21:28:51,403 - ADV_Generation_eps_4.0_steps_100_Added_Noise_gaussian_Sigma_0.12_Tau_Type_noisy_num_anchors_10 - INFO - Batch:[41] Adversarial images for this batch already exist
2026-02-11 21:28:51,730 - ADV_Generation_eps_4.0_steps_100_Added_Noise_gaussian_Sigma_0.12_Tau_Type_noisy_num_anchors_10 - INFO - Batch 42/3783: Clean accuracy 0.9048 | Adv accuracy: 0.0000 | Counter-attack accuracy: 0.5952
2026-02-11 21:28:51,731 - ADV_Generation_eps_4.0_steps_100_Added_Noise_gaussian_Sigma_0.12_Tau_Type_noisy_num_anchors_10 - INFO - Batch:[42] Adversarial images for this batch already exist
2026-02-11 21:28:52,059 - ADV_Generation_eps_4.0_steps_100_Added_Noise_gaussian_Sigma_0.12_Tau_Type_noisy_num_anchors_10 - INFO - Batch 43/3783: Clean accuracy 0.9070 | Adv accuracy: 0.0000 | Counter-attack accuracy: 0.6047
2026-02-11 21:28:52,061 - ADV_Generation_eps_4.0_steps_100_Added_Noise_gaussian_Sigma_0.12_Tau_Type_noisy_num_anchors_10 - INFO - Batch:[43] Adversarial images for this batch already exist
2026-02-11 21:28:52,386 - ADV_Generation_eps_4.0_steps_100_Added_Noise_gaussian_Sigma_0.12_Tau_Type_noisy_num_anchors_10 - INFO - Batch 44/3783: Clean accuracy 0.9091 | Adv accuracy: 0.0000 | Counter-attack accuracy: 0.6136
2026-02-11 21:28:52,388 - ADV_Generation_eps_4.0_steps_100_Added_Noise_gaussian_Sigma_0.12_Tau_Type_noisy_num_anchors_10 - INFO - Batch:[44] Adversarial images for this batch already exist
2026-02-11 21:28:52,719 - ADV_Generation_eps_4.0_steps_100_Added_Noise_gaussian_Sigma_0.12_Tau_Type_noisy_num_anchors_10 - INFO - Batch 45/3783: Clean accuracy 0.8889 | Adv accuracy: 0.0000 | Counter-attack accuracy: 0.6000
2026-02-11 21:28:52,720 - ADV_Generation_eps_4.0_steps_100_Added_Noise_gaussian_Sigma_0.12_Tau_Type_noisy_num_anchors_10 - INFO - Batch:[45] Adversarial images for this batch already exist
2026-02-11 21:28:53,079 - ADV_Generation_eps_4.0_steps_100_Added_Noise_gaussian_Sigma_0.12_Tau_Type_noisy_num_anchors_10 - INFO - Batch 46/3783: Clean accuracy 0.8913 | Adv accuracy: 0.0000 | Counter-attack accuracy: 0.6087
2026-02-11 21:28:53,081 - ADV_Generation_eps_4.0_steps_100_Added_Noise_gaussian_Sigma_0.12_Tau_Type_noisy_num_anchors_10 - INFO - Batch:[46] Adversarial images for this batch already exist
2026-02-11 21:28:53,412 - ADV_Generation_eps_4.0_steps_100_Added_Noise_gaussian_Sigma_0.12_Tau_Type_noisy_num_anchors_10 - INFO - Batch 47/3783: Clean accuracy 0.8936 | Adv accuracy: 0.0000 | Counter-attack accuracy: 0.5957
2026-02-11 21:28:53,414 - ADV_Generation_eps_4.0_steps_100_Added_Noise_gaussian_Sigma_0.12_Tau_Type_noisy_num_anchors_10 - INFO - Batch:[47] Adversarial images for this batch already exist
2026-02-11 21:28:53,745 - ADV_Generation_eps_4.0_steps_100_Added_Noise_gaussian_Sigma_0.12_Tau_Type_noisy_num_anchors_10 - INFO - Batch 48/3783: Clean accuracy 0.8958 | Adv accuracy: 0.0000 | Counter-attack accuracy: 0.5833
2026-02-11 21:28:53,746 - ADV_Generation_eps_4.0_steps_100_Added_Noise_gaussian_Sigma_0.12_Tau_Type_noisy_num_anchors_10 - INFO - Batch:[48] Adversarial images for this batch already exist
2026-02-11 21:28:54,074 - ADV_Generation_eps_4.0_steps_100_Added_Noise_gaussian_Sigma_0.12_Tau_Type_noisy_num_anchors_10 - INFO - Batch 49/3783: Clean accuracy 0.8980 | Adv accuracy: 0.0000 | Counter-attack accuracy: 0.5918
2026-02-11 21:28:54,076 - ADV_Generation_eps_4.0_steps_100_Added_Noise_gaussian_Sigma_0.12_Tau_Type_noisy_num_anchors_10 - INFO - Batch:[49] Adversarial images for this batch already exist
2026-02-11 21:28:54,402 - ADV_Generation_eps_4.0_steps_100_Added_Noise_gaussian_Sigma_0.12_Tau_Type_noisy_num_anchors_10 - INFO - Batch 50/3783: Clean accuracy 0.9000 | Adv accuracy: 0.0000 | Counter-attack accuracy: 0.5800
2026-02-11 21:28:54,404 - ADV_Generation_eps_4.0_steps_100_Added_Noise_gaussian_Sigma_0.12_Tau_Type_noisy_num_anchors_10 - INFO - Batch:[50] Adversarial images for this batch already exist
2026-02-11 21:28:54,737 - ADV_Generation_eps_4.0_steps_100_Added_Noise_gaussian_Sigma_0.12_Tau_Type_noisy_num_anchors_10 - INFO - Batch 51/3783: Clean accuracy 0.9020 | Adv accuracy: 0.0000 | Counter-attack accuracy: 0.5882
2026-02-11 21:28:54,738 - ADV_Generation_eps_4.0_steps_100_Added_Noise_gaussian_Sigma_0.12_Tau_Type_noisy_num_anchors_10 - INFO - Batch:[51] Adversarial images for this batch already exist
2026-02-11 21:28:55,138 - ADV_Generation_eps_4.0_steps_100_Added_Noise_gaussian_Sigma_0.12_Tau_Type_noisy_num_anchors_10 - INFO - Batch 52/3783: Clean accuracy 0.9038 | Adv accuracy: 0.0000 | Counter-attack accuracy: 0.5769
2026-02-11 21:28:55,139 - ADV_Generation_eps_4.0_steps_100_Added_Noise_gaussian_Sigma_0.12_Tau_Type_noisy_num_anchors_10 - INFO - Batch:[52] Adversarial images for this batch already exist
2026-02-11 21:28:55,466 - ADV_Generation_eps_4.0_steps_100_Added_Noise_gaussian_Sigma_0.12_Tau_Type_noisy_num_anchors_10 - INFO - Batch 53/3783: Clean accuracy 0.9057 | Adv accuracy: 0.0000 | Counter-attack accuracy: 0.5660
2026-02-11 21:28:55,467 - ADV_Generation_eps_4.0_steps_100_Added_Noise_gaussian_Sigma_0.12_Tau_Type_noisy_num_anchors_10 - INFO - Batch:[53] Adversarial images for this batch already exist
2026-02-11 21:28:55,793 - ADV_Generation_eps_4.0_steps_100_Added_Noise_gaussian_Sigma_0.12_Tau_Type_noisy_num_anchors_10 - INFO - Batch 54/3783: Clean accuracy 0.9074 | Adv accuracy: 0.0000 | Counter-attack accuracy: 0.5556
2026-02-11 21:28:55,795 - ADV_Generation_eps_4.0_steps_100_Added_Noise_gaussian_Sigma_0.12_Tau_Type_noisy_num_anchors_10 - INFO - Batch:[54] Adversarial images for this batch already exist
2026-02-11 21:28:56,124 - ADV_Generation_eps_4.0_steps_100_Added_Noise_gaussian_Sigma_0.12_Tau_Type_noisy_num_anchors_10 - INFO - Batch 55/3783: Clean accuracy 0.8909 | Adv accuracy: 0.0000 | Counter-attack accuracy: 0.5455
2026-02-11 21:28:56,125 - ADV_Generation_eps_4.0_steps_100_Added_Noise_gaussian_Sigma_0.12_Tau_Type_noisy_num_anchors_10 - INFO - Batch:[55] Adversarial images for this batch already exist
2026-02-11 21:28:56,450 - ADV_Generation_eps_4.0_steps_100_Added_Noise_gaussian_Sigma_0.12_Tau_Type_noisy_num_anchors_10 - INFO - Batch 56/3783: Clean accuracy 0.8929 | Adv accuracy: 0.0000 | Counter-attack accuracy: 0.5357
2026-02-11 21:28:56,452 - ADV_Generation_eps_4.0_steps_100_Added_Noise_gaussian_Sigma_0.12_Tau_Type_noisy_num_anchors_10 - INFO - Batch:[56] Adversarial images for this batch already exist
2026-02-11 21:28:56,776 - ADV_Generation_eps_4.0_steps_100_Added_Noise_gaussian_Sigma_0.12_Tau_Type_noisy_num_anchors_10 - INFO - Batch 57/3783: Clean accuracy 0.8947 | Adv accuracy: 0.0000 | Counter-attack accuracy: 0.5263
2026-02-11 21:28:56,778 - ADV_Generation_eps_4.0_steps_100_Added_Noise_gaussian_Sigma_0.12_Tau_Type_noisy_num_anchors_10 - INFO - Batch:[57] Adversarial images for this batch already exist
2026-02-11 21:28:57,108 - ADV_Generation_eps_4.0_steps_100_Added_Noise_gaussian_Sigma_0.12_Tau_Type_noisy_num_anchors_10 - INFO - Batch 58/3783: Clean accuracy 0.8966 | Adv accuracy: 0.0000 | Counter-attack accuracy: 0.5345
2026-02-11 21:28:57,109 - ADV_Generation_eps_4.0_steps_100_Added_Noise_gaussian_Sigma_0.12_Tau_Type_noisy_num_anchors_10 - INFO - Batch:[58] Adversarial images for this batch already exist
2026-02-11 21:28:57,443 - ADV_Generation_eps_4.0_steps_100_Added_Noise_gaussian_Sigma_0.12_Tau_Type_noisy_num_anchors_10 - INFO - Batch 59/3783: Clean accuracy 0.8983 | Adv accuracy: 0.0000 | Counter-attack accuracy: 0.5254
2026-02-11 21:28:57,445 - ADV_Generation_eps_4.0_steps_100_Added_Noise_gaussian_Sigma_0.12_Tau_Type_noisy_num_anchors_10 - INFO - Batch:[59] Adversarial images for this batch already exist
2026-02-11 21:28:57,770 - ADV_Generation_eps_4.0_steps_100_Added_Noise_gaussian_Sigma_0.12_Tau_Type_noisy_num_anchors_10 - INFO - Batch 60/3783: Clean accuracy 0.9000 | Adv accuracy: 0.0000 | Counter-attack accuracy: 0.5333
2026-02-11 21:28:57,772 - ADV_Generation_eps_4.0_steps_100_Added_Noise_gaussian_Sigma_0.12_Tau_Type_noisy_num_anchors_10 - INFO - Batch:[60] Adversarial images for this batch already exist
2026-02-11 21:28:58,095 - ADV_Generation_eps_4.0_steps_100_Added_Noise_gaussian_Sigma_0.12_Tau_Type_noisy_num_anchors_10 - INFO - Batch 61/3783: Clean accuracy 0.9016 | Adv accuracy: 0.0000 | Counter-attack accuracy: 0.5410
2026-02-11 21:28:58,096 - ADV_Generation_eps_4.0_steps_100_Added_Noise_gaussian_Sigma_0.12_Tau_Type_noisy_num_anchors_10 - INFO - Batch:[61] Adversarial images for this batch already exist
2026-02-11 21:28:58,423 - ADV_Generation_eps_4.0_steps_100_Added_Noise_gaussian_Sigma_0.12_Tau_Type_noisy_num_anchors_10 - INFO - Batch 62/3783: Clean accuracy 0.9032 | Adv accuracy: 0.0000 | Counter-attack accuracy: 0.5484
2026-02-11 21:28:58,424 - ADV_Generation_eps_4.0_steps_100_Added_Noise_gaussian_Sigma_0.12_Tau_Type_noisy_num_anchors_10 - INFO - Batch:[62] Adversarial images for this batch already exist
2026-02-11 21:28:58,755 - ADV_Generation_eps_4.0_steps_100_Added_Noise_gaussian_Sigma_0.12_Tau_Type_noisy_num_anchors_10 - INFO - Batch 63/3783: Clean accuracy 0.9048 | Adv accuracy: 0.0000 | Counter-attack accuracy: 0.5556
2026-02-11 21:28:58,757 - ADV_Generation_eps_4.0_steps_100_Added_Noise_gaussian_Sigma_0.12_Tau_Type_noisy_num_anchors_10 - INFO - Batch:[63] Adversarial images for this batch already exist
2026-02-11 21:28:59,100 - ADV_Generation_eps_4.0_steps_100_Added_Noise_gaussian_Sigma_0.12_Tau_Type_noisy_num_anchors_10 - INFO - Batch 64/3783: Clean accuracy 0.9062 | Adv accuracy: 0.0000 | Counter-attack accuracy: 0.5625
2026-02-11 21:28:59,101 - ADV_Generation_eps_4.0_steps_100_Added_Noise_gaussian_Sigma_0.12_Tau_Type_noisy_num_anchors_10 - INFO - Batch:[64] Adversarial images for this batch already exist
2026-02-11 21:28:59,448 - ADV_Generation_eps_4.0_steps_100_Added_Noise_gaussian_Sigma_0.12_Tau_Type_noisy_num_anchors_10 - INFO - Batch 65/3783: Clean accuracy 0.9077 | Adv accuracy: 0.0000 | Counter-attack accuracy: 0.5692
2026-02-11 21:28:59,450 - ADV_Generation_eps_4.0_steps_100_Added_Noise_gaussian_Sigma_0.12_Tau_Type_noisy_num_anchors_10 - INFO - Batch:[65] Adversarial images for this batch already exist
2026-02-11 21:28:59,777 - ADV_Generation_eps_4.0_steps_100_Added_Noise_gaussian_Sigma_0.12_Tau_Type_noisy_num_anchors_10 - INFO - Batch 66/3783: Clean accuracy 0.9091 | Adv accuracy: 0.0000 | Counter-attack accuracy: 0.5606
2026-02-11 21:28:59,777 - ADV_Generation_eps_4.0_steps_100_Added_Noise_gaussian_Sigma_0.12_Tau_Type_noisy_num_anchors_10 - INFO - Batch:[66] Adversarial images for this batch already exist
2026-02-11 21:29:00,108 - ADV_Generation_eps_4.0_steps_100_Added_Noise_gaussian_Sigma_0.12_Tau_Type_noisy_num_anchors_10 - INFO - Batch 67/3783: Clean accuracy 0.9104 | Adv accuracy: 0.0000 | Counter-attack accuracy: 0.5522
2026-02-11 21:29:00,109 - ADV_Generation_eps_4.0_steps_100_Added_Noise_gaussian_Sigma_0.12_Tau_Type_noisy_num_anchors_10 - INFO - Batch:[67] Adversarial images for this batch already exist
2026-02-11 21:29:00,451 - ADV_Generation_eps_4.0_steps_100_Added_Noise_gaussian_Sigma_0.12_Tau_Type_noisy_num_anchors_10 - INFO - Batch 68/3783: Clean accuracy 0.9118 | Adv accuracy: 0.0000 | Counter-attack accuracy: 0.5588
2026-02-11 21:29:00,452 - ADV_Generation_eps_4.0_steps_100_Added_Noise_gaussian_Sigma_0.12_Tau_Type_noisy_num_anchors_10 - INFO - Batch:[68] Adversarial images for this batch already exist
2026-02-11 21:29:00,782 - ADV_Generation_eps_4.0_steps_100_Added_Noise_gaussian_Sigma_0.12_Tau_Type_noisy_num_anchors_10 - INFO - Batch 69/3783: Clean accuracy 0.9130 | Adv accuracy: 0.0000 | Counter-attack accuracy: 0.5652
2026-02-11 21:29:00,783 - ADV_Generation_eps_4.0_steps_100_Added_Noise_gaussian_Sigma_0.12_Tau_Type_noisy_num_anchors_10 - INFO - Batch:[69] Adversarial images for this batch already exist
2026-02-11 21:29:01,115 - ADV_Generation_eps_4.0_steps_100_Added_Noise_gaussian_Sigma_0.12_Tau_Type_noisy_num_anchors_10 - INFO - Batch 70/3783: Clean accuracy 0.9143 | Adv accuracy: 0.0000 | Counter-attack accuracy: 0.5714
2026-02-11 21:29:01,116 - ADV_Generation_eps_4.0_steps_100_Added_Noise_gaussian_Sigma_0.12_Tau_Type_noisy_num_anchors_10 - INFO - Batch:[70] Adversarial images for this batch already exist
2026-02-11 21:29:01,446 - ADV_Generation_eps_4.0_steps_100_Added_Noise_gaussian_Sigma_0.12_Tau_Type_noisy_num_anchors_10 - INFO - Batch 71/3783: Clean accuracy 0.9155 | Adv accuracy: 0.0000 | Counter-attack accuracy: 0.5775
2026-02-11 21:29:01,447 - ADV_Generation_eps_4.0_steps_100_Added_Noise_gaussian_Sigma_0.12_Tau_Type_noisy_num_anchors_10 - INFO - Batch:[71] Adversarial images for this batch already exist
2026-02-11 21:29:01,783 - ADV_Generation_eps_4.0_steps_100_Added_Noise_gaussian_Sigma_0.12_Tau_Type_noisy_num_anchors_10 - INFO - Batch 72/3783: Clean accuracy 0.9167 | Adv accuracy: 0.0000 | Counter-attack accuracy: 0.5833
2026-02-11 21:29:01,784 - ADV_Generation_eps_4.0_steps_100_Added_Noise_gaussian_Sigma_0.12_Tau_Type_noisy_num_anchors_10 - INFO - Batch:[72] Adversarial images for this batch already exist
2026-02-11 21:29:02,110 - ADV_Generation_eps_4.0_steps_100_Added_Noise_gaussian_Sigma_0.12_Tau_Type_noisy_num_anchors_10 - INFO - Batch 73/3783: Clean accuracy 0.9178 | Adv accuracy: 0.0000 | Counter-attack accuracy: 0.5890
2026-02-11 21:29:02,111 - ADV_Generation_eps_4.0_steps_100_Added_Noise_gaussian_Sigma_0.12_Tau_Type_noisy_num_anchors_10 - INFO - Batch:[73] Adversarial images for this batch already exist
2026-02-11 21:29:02,438 - ADV_Generation_eps_4.0_steps_100_Added_Noise_gaussian_Sigma_0.12_Tau_Type_noisy_num_anchors_10 - INFO - Batch 74/3783: Clean accuracy 0.9189 | Adv accuracy: 0.0000 | Counter-attack accuracy: 0.5946
2026-02-11 21:29:02,440 - ADV_Generation_eps_4.0_steps_100_Added_Noise_gaussian_Sigma_0.12_Tau_Type_noisy_num_anchors_10 - INFO - Batch:[74] Adversarial images for this batch already exist
2026-02-11 21:29:02,774 - ADV_Generation_eps_4.0_steps_100_Added_Noise_gaussian_Sigma_0.12_Tau_Type_noisy_num_anchors_10 - INFO - Batch 75/3783: Clean accuracy 0.9200 | Adv accuracy: 0.0000 | Counter-attack accuracy: 0.6000
2026-02-11 21:29:02,775 - ADV_Generation_eps_4.0_steps_100_Added_Noise_gaussian_Sigma_0.12_Tau_Type_noisy_num_anchors_10 - INFO - Batch:[75] Adversarial images for this batch already exist
2026-02-11 21:29:03,113 - ADV_Generation_eps_4.0_steps_100_Added_Noise_gaussian_Sigma_0.12_Tau_Type_noisy_num_anchors_10 - INFO - Batch 76/3783: Clean accuracy 0.9211 | Adv accuracy: 0.0000 | Counter-attack accuracy: 0.6053
2026-02-11 21:29:03,114 - ADV_Generation_eps_4.0_steps_100_Added_Noise_gaussian_Sigma_0.12_Tau_Type_noisy_num_anchors_10 - INFO - Batch:[76] Adversarial images for this batch already exist
2026-02-11 21:29:03,471 - ADV_Generation_eps_4.0_steps_100_Added_Noise_gaussian_Sigma_0.12_Tau_Type_noisy_num_anchors_10 - INFO - Batch 77/3783: Clean accuracy 0.9221 | Adv accuracy: 0.0000 | Counter-attack accuracy: 0.6104
2026-02-11 21:29:03,473 - ADV_Generation_eps_4.0_steps_100_Added_Noise_gaussian_Sigma_0.12_Tau_Type_noisy_num_anchors_10 - INFO - Batch:[77] Adversarial images for this batch already exist
2026-02-11 21:29:03,799 - ADV_Generation_eps_4.0_steps_100_Added_Noise_gaussian_Sigma_0.12_Tau_Type_noisy_num_anchors_10 - INFO - Batch 78/3783: Clean accuracy 0.9231 | Adv accuracy: 0.0000 | Counter-attack accuracy: 0.6154
2026-02-11 21:29:03,800 - ADV_Generation_eps_4.0_steps_100_Added_Noise_gaussian_Sigma_0.12_Tau_Type_noisy_num_anchors_10 - INFO - Batch:[78] Adversarial images for this batch already exist
2026-02-11 21:29:04,136 - ADV_Generation_eps_4.0_steps_100_Added_Noise_gaussian_Sigma_0.12_Tau_Type_noisy_num_anchors_10 - INFO - Batch 79/3783: Clean accuracy 0.9241 | Adv accuracy: 0.0000 | Counter-attack accuracy: 0.6203
2026-02-11 21:29:04,137 - ADV_Generation_eps_4.0_steps_100_Added_Noise_gaussian_Sigma_0.12_Tau_Type_noisy_num_anchors_10 - INFO - Batch:[79] Adversarial images for this batch already exist
2026-02-11 21:29:04,476 - ADV_Generation_eps_4.0_steps_100_Added_Noise_gaussian_Sigma_0.12_Tau_Type_noisy_num_anchors_10 - INFO - Batch 80/3783: Clean accuracy 0.9250 | Adv accuracy: 0.0000 | Counter-attack accuracy: 0.6250
2026-02-11 21:29:04,478 - ADV_Generation_eps_4.0_steps_100_Added_Noise_gaussian_Sigma_0.12_Tau_Type_noisy_num_anchors_10 - INFO - Batch:[80] Adversarial images for this batch already exist
2026-02-11 21:29:04,800 - ADV_Generation_eps_4.0_steps_100_Added_Noise_gaussian_Sigma_0.12_Tau_Type_noisy_num_anchors_10 - INFO - Batch 81/3783: Clean accuracy 0.9136 | Adv accuracy: 0.0000 | Counter-attack accuracy: 0.6173
2026-02-11 21:29:04,802 - ADV_Generation_eps_4.0_steps_100_Added_Noise_gaussian_Sigma_0.12_Tau_Type_noisy_num_anchors_10 - INFO - Batch:[81] Adversarial images for this batch already exist
2026-02-11 21:29:05,134 - ADV_Generation_eps_4.0_steps_100_Added_Noise_gaussian_Sigma_0.12_Tau_Type_noisy_num_anchors_10 - INFO - Batch 82/3783: Clean accuracy 0.9146 | Adv accuracy: 0.0000 | Counter-attack accuracy: 0.6220
2026-02-11 21:29:05,135 - ADV_Generation_eps_4.0_steps_100_Added_Noise_gaussian_Sigma_0.12_Tau_Type_noisy_num_anchors_10 - INFO - Batch:[82] Adversarial images for this batch already exist
2026-02-11 21:29:05,471 - ADV_Generation_eps_4.0_steps_100_Added_Noise_gaussian_Sigma_0.12_Tau_Type_noisy_num_anchors_10 - INFO - Batch 83/3783: Clean accuracy 0.9157 | Adv accuracy: 0.0000 | Counter-attack accuracy: 0.6265
2026-02-11 21:29:05,472 - ADV_Generation_eps_4.0_steps_100_Added_Noise_gaussian_Sigma_0.12_Tau_Type_noisy_num_anchors_10 - INFO - Batch:[83] Adversarial images for this batch already exist
2026-02-11 21:29:05,795 - ADV_Generation_eps_4.0_steps_100_Added_Noise_gaussian_Sigma_0.12_Tau_Type_noisy_num_anchors_10 - INFO - Batch 84/3783: Clean accuracy 0.9048 | Adv accuracy: 0.0000 | Counter-attack accuracy: 0.6190
2026-02-11 21:29:05,797 - ADV_Generation_eps_4.0_steps_100_Added_Noise_gaussian_Sigma_0.12_Tau_Type_noisy_num_anchors_10 - INFO - Batch:[84] Adversarial images for this batch already exist
2026-02-11 21:29:06,124 - ADV_Generation_eps_4.0_steps_100_Added_Noise_gaussian_Sigma_0.12_Tau_Type_noisy_num_anchors_10 - INFO - Batch 85/3783: Clean accuracy 0.9059 | Adv accuracy: 0.0000 | Counter-attack accuracy: 0.6118
2026-02-11 21:29:06,126 - ADV_Generation_eps_4.0_steps_100_Added_Noise_gaussian_Sigma_0.12_Tau_Type_noisy_num_anchors_10 - INFO - Batch:[85] Adversarial images for this batch already exist
2026-02-11 21:29:06,455 - ADV_Generation_eps_4.0_steps_100_Added_Noise_gaussian_Sigma_0.12_Tau_Type_noisy_num_anchors_10 - INFO - Batch 86/3783: Clean accuracy 0.9070 | Adv accuracy: 0.0000 | Counter-attack accuracy: 0.6163
2026-02-11 21:29:06,456 - ADV_Generation_eps_4.0_steps_100_Added_Noise_gaussian_Sigma_0.12_Tau_Type_noisy_num_anchors_10 - INFO - Batch:[86] Adversarial images for this batch already exist
2026-02-11 21:29:06,792 - ADV_Generation_eps_4.0_steps_100_Added_Noise_gaussian_Sigma_0.12_Tau_Type_noisy_num_anchors_10 - INFO - Batch 87/3783: Clean accuracy 0.9080 | Adv accuracy: 0.0000 | Counter-attack accuracy: 0.6207
2026-02-11 21:29:06,793 - ADV_Generation_eps_4.0_steps_100_Added_Noise_gaussian_Sigma_0.12_Tau_Type_noisy_num_anchors_10 - INFO - Batch:[87] Adversarial images for this batch already exist
2026-02-11 21:29:07,120 - ADV_Generation_eps_4.0_steps_100_Added_Noise_gaussian_Sigma_0.12_Tau_Type_noisy_num_anchors_10 - INFO - Batch 88/3783: Clean accuracy 0.9091 | Adv accuracy: 0.0000 | Counter-attack accuracy: 0.6250
2026-02-11 21:29:07,122 - ADV_Generation_eps_4.0_steps_100_Added_Noise_gaussian_Sigma_0.12_Tau_Type_noisy_num_anchors_10 - INFO - Batch:[88] Adversarial images for this batch already exist
2026-02-11 21:29:07,453 - ADV_Generation_eps_4.0_steps_100_Added_Noise_gaussian_Sigma_0.12_Tau_Type_noisy_num_anchors_10 - INFO - Batch 89/3783: Clean accuracy 0.9101 | Adv accuracy: 0.0000 | Counter-attack accuracy: 0.6180
2026-02-11 21:29:07,454 - ADV_Generation_eps_4.0_steps_100_Added_Noise_gaussian_Sigma_0.12_Tau_Type_noisy_num_anchors_10 - INFO - Batch:[89] Adversarial images for this batch already exist
2026-02-11 21:29:07,779 - ADV_Generation_eps_4.0_steps_100_Added_Noise_gaussian_Sigma_0.12_Tau_Type_noisy_num_anchors_10 - INFO - Batch 90/3783: Clean accuracy 0.9111 | Adv accuracy: 0.0000 | Counter-attack accuracy: 0.6222
2026-02-11 21:29:07,780 - ADV_Generation_eps_4.0_steps_100_Added_Noise_gaussian_Sigma_0.12_Tau_Type_noisy_num_anchors_10 - INFO - Batch:[90] Adversarial images for this batch already exist
2026-02-11 21:29:08,125 - ADV_Generation_eps_4.0_steps_100_Added_Noise_gaussian_Sigma_0.12_Tau_Type_noisy_num_anchors_10 - INFO - Batch 91/3783: Clean accuracy 0.9121 | Adv accuracy: 0.0000 | Counter-attack accuracy: 0.6154
2026-02-11 21:29:08,127 - ADV_Generation_eps_4.0_steps_100_Added_Noise_gaussian_Sigma_0.12_Tau_Type_noisy_num_anchors_10 - INFO - Batch:[91] Adversarial images for this batch already exist
2026-02-11 21:29:08,456 - ADV_Generation_eps_4.0_steps_100_Added_Noise_gaussian_Sigma_0.12_Tau_Type_noisy_num_anchors_10 - INFO - Batch 92/3783: Clean accuracy 0.9130 | Adv accuracy: 0.0000 | Counter-attack accuracy: 0.6196
2026-02-11 21:29:08,457 - ADV_Generation_eps_4.0_steps_100_Added_Noise_gaussian_Sigma_0.12_Tau_Type_noisy_num_anchors_10 - INFO - Batch:[92] Adversarial images for this batch already exist
2026-02-11 21:29:08,785 - ADV_Generation_eps_4.0_steps_100_Added_Noise_gaussian_Sigma_0.12_Tau_Type_noisy_num_anchors_10 - INFO - Batch 93/3783: Clean accuracy 0.9140 | Adv accuracy: 0.0000 | Counter-attack accuracy: 0.6237
2026-02-11 21:29:08,786 - ADV_Generation_eps_4.0_steps_100_Added_Noise_gaussian_Sigma_0.12_Tau_Type_noisy_num_anchors_10 - INFO - Batch:[93] Adversarial images for this batch already exist
2026-02-11 21:29:09,152 - ADV_Generation_eps_4.0_steps_100_Added_Noise_gaussian_Sigma_0.12_Tau_Type_noisy_num_anchors_10 - INFO - Batch 94/3783: Clean accuracy 0.9149 | Adv accuracy: 0.0000 | Counter-attack accuracy: 0.6277
2026-02-11 21:29:09,153 - ADV_Generation_eps_4.0_steps_100_Added_Noise_gaussian_Sigma_0.12_Tau_Type_noisy_num_anchors_10 - INFO - Batch:[94] Adversarial images for this batch already exist
2026-02-11 21:29:09,571 - ADV_Generation_eps_4.0_steps_100_Added_Noise_gaussian_Sigma_0.12_Tau_Type_noisy_num_anchors_10 - INFO - Batch 95/3783: Clean accuracy 0.9158 | Adv accuracy: 0.0000 | Counter-attack accuracy: 0.6316
2026-02-11 21:29:09,572 - ADV_Generation_eps_4.0_steps_100_Added_Noise_gaussian_Sigma_0.12_Tau_Type_noisy_num_anchors_10 - INFO - Batch:[95] Adversarial images for this batch already exist
2026-02-11 21:29:09,893 - ADV_Generation_eps_4.0_steps_100_Added_Noise_gaussian_Sigma_0.12_Tau_Type_noisy_num_anchors_10 - INFO - Batch 96/3783: Clean accuracy 0.9167 | Adv accuracy: 0.0000 | Counter-attack accuracy: 0.6354
2026-02-11 21:29:09,894 - ADV_Generation_eps_4.0_steps_100_Added_Noise_gaussian_Sigma_0.12_Tau_Type_noisy_num_anchors_10 - INFO - Batch:[96] Adversarial images for this batch already exist
2026-02-11 21:29:10,235 - ADV_Generation_eps_4.0_steps_100_Added_Noise_gaussian_Sigma_0.12_Tau_Type_noisy_num_anchors_10 - INFO - Batch 97/3783: Clean accuracy 0.9175 | Adv accuracy: 0.0000 | Counter-attack accuracy: 0.6392
2026-02-11 21:29:10,237 - ADV_Generation_eps_4.0_steps_100_Added_Noise_gaussian_Sigma_0.12_Tau_Type_noisy_num_anchors_10 - INFO - Batch:[97] Adversarial images for this batch already exist
2026-02-11 21:29:10,570 - ADV_Generation_eps_4.0_steps_100_Added_Noise_gaussian_Sigma_0.12_Tau_Type_noisy_num_anchors_10 - INFO - Batch 98/3783: Clean accuracy 0.9184 | Adv accuracy: 0.0000 | Counter-attack accuracy: 0.6429
2026-02-11 21:29:10,571 - ADV_Generation_eps_4.0_steps_100_Added_Noise_gaussian_Sigma_0.12_Tau_Type_noisy_num_anchors_10 - INFO - Batch:[98] Adversarial images for this batch already exist
2026-02-11 21:29:10,902 - ADV_Generation_eps_4.0_steps_100_Added_Noise_gaussian_Sigma_0.12_Tau_Type_noisy_num_anchors_10 - INFO - Batch 99/3783: Clean accuracy 0.9192 | Adv accuracy: 0.0000 | Counter-attack accuracy: 0.6465
2026-02-11 21:29:10,903 - ADV_Generation_eps_4.0_steps_100_Added_Noise_gaussian_Sigma_0.12_Tau_Type_noisy_num_anchors_10 - INFO - Batch:[99] Adversarial images for this batch already exist
2026-02-11 21:29:11,231 - ADV_Generation_eps_4.0_steps_100_Added_Noise_gaussian_Sigma_0.12_Tau_Type_noisy_num_anchors_10 - INFO - Batch 100/3783: Clean accuracy 0.9200 | Adv accuracy: 0.0000 | Counter-attack accuracy: 0.6500
2026-02-11 21:29:11,232 - ADV_Generation_eps_4.0_steps_100_Added_Noise_gaussian_Sigma_0.12_Tau_Type_noisy_num_anchors_10 - INFO - Batch:[100] Adversarial images for this batch already exist
2026-02-11 21:29:11,562 - ADV_Generation_eps_4.0_steps_100_Added_Noise_gaussian_Sigma_0.12_Tau_Type_noisy_num_anchors_10 - INFO - Batch 101/3783: Clean accuracy 0.9208 | Adv accuracy: 0.0000 | Counter-attack accuracy: 0.6535
2026-02-11 21:29:11,563 - ADV_Generation_eps_4.0_steps_100_Added_Noise_gaussian_Sigma_0.12_Tau_Type_noisy_num_anchors_10 - INFO - Batch:[101] Adversarial images for this batch already exist
2026-02-11 21:29:11,890 - ADV_Generation_eps_4.0_steps_100_Added_Noise_gaussian_Sigma_0.12_Tau_Type_noisy_num_anchors_10 - INFO - Batch 102/3783: Clean accuracy 0.9118 | Adv accuracy: 0.0000 | Counter-attack accuracy: 0.6471
2026-02-11 21:29:11,892 - ADV_Generation_eps_4.0_steps_100_Added_Noise_gaussian_Sigma_0.12_Tau_Type_noisy_num_anchors_10 - INFO - Batch:[102] Adversarial images for this batch already exist
2026-02-11 21:29:12,232 - ADV_Generation_eps_4.0_steps_100_Added_Noise_gaussian_Sigma_0.12_Tau_Type_noisy_num_anchors_10 - INFO - Batch 103/3783: Clean accuracy 0.9029 | Adv accuracy: 0.0000 | Counter-attack accuracy: 0.6408
2026-02-11 21:29:12,234 - ADV_Generation_eps_4.0_steps_100_Added_Noise_gaussian_Sigma_0.12_Tau_Type_noisy_num_anchors_10 - INFO - Batch:[103] Adversarial images for this batch already exist
2026-02-11 21:29:12,560 - ADV_Generation_eps_4.0_steps_100_Added_Noise_gaussian_Sigma_0.12_Tau_Type_noisy_num_anchors_10 - INFO - Batch 104/3783: Clean accuracy 0.9038 | Adv accuracy: 0.0000 | Counter-attack accuracy: 0.6346
2026-02-11 21:29:12,561 - ADV_Generation_eps_4.0_steps_100_Added_Noise_gaussian_Sigma_0.12_Tau_Type_noisy_num_anchors_10 - INFO - Batch:[104] Adversarial images for this batch already exist
2026-02-11 21:29:12,887 - ADV_Generation_eps_4.0_steps_100_Added_Noise_gaussian_Sigma_0.12_Tau_Type_noisy_num_anchors_10 - INFO - Batch 105/3783: Clean accuracy 0.9048 | Adv accuracy: 0.0000 | Counter-attack accuracy: 0.6381
2026-02-11 21:29:12,888 - ADV_Generation_eps_4.0_steps_100_Added_Noise_gaussian_Sigma_0.12_Tau_Type_noisy_num_anchors_10 - INFO - Batch:[105] Adversarial images for this batch already exist
2026-02-11 21:29:13,217 - ADV_Generation_eps_4.0_steps_100_Added_Noise_gaussian_Sigma_0.12_Tau_Type_noisy_num_anchors_10 - INFO - Batch 106/3783: Clean accuracy 0.8962 | Adv accuracy: 0.0000 | Counter-attack accuracy: 0.6321
2026-02-11 21:29:13,218 - ADV_Generation_eps_4.0_steps_100_Added_Noise_gaussian_Sigma_0.12_Tau_Type_noisy_num_anchors_10 - INFO - Batch:[106] Adversarial images for this batch already exist
2026-02-11 21:29:13,561 - ADV_Generation_eps_4.0_steps_100_Added_Noise_gaussian_Sigma_0.12_Tau_Type_noisy_num_anchors_10 - INFO - Batch 107/3783: Clean accuracy 0.8972 | Adv accuracy: 0.0000 | Counter-attack accuracy: 0.6355
2026-02-11 21:29:13,562 - ADV_Generation_eps_4.0_steps_100_Added_Noise_gaussian_Sigma_0.12_Tau_Type_noisy_num_anchors_10 - INFO - Batch:[107] Adversarial images for this batch already exist
2026-02-11 21:29:13,885 - ADV_Generation_eps_4.0_steps_100_Added_Noise_gaussian_Sigma_0.12_Tau_Type_noisy_num_anchors_10 - INFO - Batch 108/3783: Clean accuracy 0.8981 | Adv accuracy: 0.0000 | Counter-attack accuracy: 0.6389
2026-02-11 21:29:13,886 - ADV_Generation_eps_4.0_steps_100_Added_Noise_gaussian_Sigma_0.12_Tau_Type_noisy_num_anchors_10 - INFO - Batch:[108] Adversarial images for this batch already exist
2026-02-11 21:29:14,287 - ADV_Generation_eps_4.0_steps_100_Added_Noise_gaussian_Sigma_0.12_Tau_Type_noisy_num_anchors_10 - INFO - Batch 109/3783: Clean accuracy 0.8991 | Adv accuracy: 0.0000 | Counter-attack accuracy: 0.6422
2026-02-11 21:29:14,288 - ADV_Generation_eps_4.0_steps_100_Added_Noise_gaussian_Sigma_0.12_Tau_Type_noisy_num_anchors_10 - INFO - Batch:[109] Adversarial images for this batch already exist
2026-02-11 21:29:14,612 - ADV_Generation_eps_4.0_steps_100_Added_Noise_gaussian_Sigma_0.12_Tau_Type_noisy_num_anchors_10 - INFO - Batch 110/3783: Clean accuracy 0.9000 | Adv accuracy: 0.0000 | Counter-attack accuracy: 0.6455
2026-02-11 21:29:14,613 - ADV_Generation_eps_4.0_steps_100_Added_Noise_gaussian_Sigma_0.12_Tau_Type_noisy_num_anchors_10 - INFO - Batch:[110] Adversarial images for this batch already exist
2026-02-11 21:29:14,945 - ADV_Generation_eps_4.0_steps_100_Added_Noise_gaussian_Sigma_0.12_Tau_Type_noisy_num_anchors_10 - INFO - Batch 111/3783: Clean accuracy 0.9009 | Adv accuracy: 0.0000 | Counter-attack accuracy: 0.6486
2026-02-11 21:29:14,946 - ADV_Generation_eps_4.0_steps_100_Added_Noise_gaussian_Sigma_0.12_Tau_Type_noisy_num_anchors_10 - INFO - Batch:[111] Adversarial images for this batch already exist
2026-02-11 21:29:15,272 - ADV_Generation_eps_4.0_steps_100_Added_Noise_gaussian_Sigma_0.12_Tau_Type_noisy_num_anchors_10 - INFO - Batch 112/3783: Clean accuracy 0.8929 | Adv accuracy: 0.0000 | Counter-attack accuracy: 0.6429
2026-02-11 21:29:15,273 - ADV_Generation_eps_4.0_steps_100_Added_Noise_gaussian_Sigma_0.12_Tau_Type_noisy_num_anchors_10 - INFO - Batch:[112] Adversarial images for this batch already exist
2026-02-11 21:29:15,617 - ADV_Generation_eps_4.0_steps_100_Added_Noise_gaussian_Sigma_0.12_Tau_Type_noisy_num_anchors_10 - INFO - Batch 113/3783: Clean accuracy 0.8938 | Adv accuracy: 0.0000 | Counter-attack accuracy: 0.6460
2026-02-11 21:29:15,618 - ADV_Generation_eps_4.0_steps_100_Added_Noise_gaussian_Sigma_0.12_Tau_Type_noisy_num_anchors_10 - INFO - Batch:[113] Adversarial images for this batch already exist
2026-02-11 21:29:15,950 - ADV_Generation_eps_4.0_steps_100_Added_Noise_gaussian_Sigma_0.12_Tau_Type_noisy_num_anchors_10 - INFO - Batch 114/3783: Clean accuracy 0.8947 | Adv accuracy: 0.0000 | Counter-attack accuracy: 0.6491
2026-02-11 21:29:15,951 - ADV_Generation_eps_4.0_steps_100_Added_Noise_gaussian_Sigma_0.12_Tau_Type_noisy_num_anchors_10 - INFO - Batch:[114] Adversarial images for this batch already exist
2026-02-11 21:29:16,283 - ADV_Generation_eps_4.0_steps_100_Added_Noise_gaussian_Sigma_0.12_Tau_Type_noisy_num_anchors_10 - INFO - Batch 115/3783: Clean accuracy 0.8957 | Adv accuracy: 0.0000 | Counter-attack accuracy: 0.6522
2026-02-11 21:29:16,284 - ADV_Generation_eps_4.0_steps_100_Added_Noise_gaussian_Sigma_0.12_Tau_Type_noisy_num_anchors_10 - INFO - Batch:[115] Adversarial images for this batch already exist
2026-02-11 21:29:16,615 - ADV_Generation_eps_4.0_steps_100_Added_Noise_gaussian_Sigma_0.12_Tau_Type_noisy_num_anchors_10 - INFO - Batch 116/3783: Clean accuracy 0.8966 | Adv accuracy: 0.0000 | Counter-attack accuracy: 0.6552
2026-02-11 21:29:16,616 - ADV_Generation_eps_4.0_steps_100_Added_Noise_gaussian_Sigma_0.12_Tau_Type_noisy_num_anchors_10 - INFO - Batch:[116] Adversarial images for this batch already exist
2026-02-11 21:29:16,949 - ADV_Generation_eps_4.0_steps_100_Added_Noise_gaussian_Sigma_0.12_Tau_Type_noisy_num_anchors_10 - INFO - Batch 117/3783: Clean accuracy 0.8974 | Adv accuracy: 0.0000 | Counter-attack accuracy: 0.6496
2026-02-11 21:29:16,951 - ADV_Generation_eps_4.0_steps_100_Added_Noise_gaussian_Sigma_0.12_Tau_Type_noisy_num_anchors_10 - INFO - Batch:[117] Adversarial images for this batch already exist
2026-02-11 21:29:17,291 - ADV_Generation_eps_4.0_steps_100_Added_Noise_gaussian_Sigma_0.12_Tau_Type_noisy_num_anchors_10 - INFO - Batch 118/3783: Clean accuracy 0.8983 | Adv accuracy: 0.0000 | Counter-attack accuracy: 0.6525
2026-02-11 21:29:17,292 - ADV_Generation_eps_4.0_steps_100_Added_Noise_gaussian_Sigma_0.12_Tau_Type_noisy_num_anchors_10 - INFO - Batch:[118] Adversarial images for this batch already exist
2026-02-11 21:29:17,666 - ADV_Generation_eps_4.0_steps_100_Added_Noise_gaussian_Sigma_0.12_Tau_Type_noisy_num_anchors_10 - INFO - Batch 119/3783: Clean accuracy 0.8992 | Adv accuracy: 0.0000 | Counter-attack accuracy: 0.6555
2026-02-11 21:29:17,667 - ADV_Generation_eps_4.0_steps_100_Added_Noise_gaussian_Sigma_0.12_Tau_Type_noisy_num_anchors_10 - INFO - Batch:[119] Adversarial images for this batch already exist
2026-02-11 21:29:17,996 - ADV_Generation_eps_4.0_steps_100_Added_Noise_gaussian_Sigma_0.12_Tau_Type_noisy_num_anchors_10 - INFO - Batch 120/3783: Clean accuracy 0.9000 | Adv accuracy: 0.0000 | Counter-attack accuracy: 0.6500
2026-02-11 21:29:17,997 - ADV_Generation_eps_4.0_steps_100_Added_Noise_gaussian_Sigma_0.12_Tau_Type_noisy_num_anchors_10 - INFO - Batch:[120] Adversarial images for this batch already exist
2026-02-11 21:29:18,327 - ADV_Generation_eps_4.0_steps_100_Added_Noise_gaussian_Sigma_0.12_Tau_Type_noisy_num_anchors_10 - INFO - Batch 121/3783: Clean accuracy 0.9008 | Adv accuracy: 0.0000 | Counter-attack accuracy: 0.6529
2026-02-11 21:29:18,328 - ADV_Generation_eps_4.0_steps_100_Added_Noise_gaussian_Sigma_0.12_Tau_Type_noisy_num_anchors_10 - INFO - Batch:[121] Adversarial images for this batch already exist
2026-02-11 21:29:18,654 - ADV_Generation_eps_4.0_steps_100_Added_Noise_gaussian_Sigma_0.12_Tau_Type_noisy_num_anchors_10 - INFO - Batch 122/3783: Clean accuracy 0.9016 | Adv accuracy: 0.0000 | Counter-attack accuracy: 0.6475
2026-02-11 21:29:18,655 - ADV_Generation_eps_4.0_steps_100_Added_Noise_gaussian_Sigma_0.12_Tau_Type_noisy_num_anchors_10 - INFO - Batch:[122] Adversarial images for this batch already exist
2026-02-11 21:29:18,984 - ADV_Generation_eps_4.0_steps_100_Added_Noise_gaussian_Sigma_0.12_Tau_Type_noisy_num_anchors_10 - INFO - Batch 123/3783: Clean accuracy 0.9024 | Adv accuracy: 0.0000 | Counter-attack accuracy: 0.6423
2026-02-11 21:29:18,985 - ADV_Generation_eps_4.0_steps_100_Added_Noise_gaussian_Sigma_0.12_Tau_Type_noisy_num_anchors_10 - INFO - Batch:[123] Adversarial images for this batch already exist
2026-02-11 21:29:19,313 - ADV_Generation_eps_4.0_steps_100_Added_Noise_gaussian_Sigma_0.12_Tau_Type_noisy_num_anchors_10 - INFO - Batch 124/3783: Clean accuracy 0.9032 | Adv accuracy: 0.0000 | Counter-attack accuracy: 0.6452
2026-02-11 21:29:19,314 - ADV_Generation_eps_4.0_steps_100_Added_Noise_gaussian_Sigma_0.12_Tau_Type_noisy_num_anchors_10 - INFO - Batch:[124] Adversarial images for this batch already exist
2026-02-11 21:29:19,642 - ADV_Generation_eps_4.0_steps_100_Added_Noise_gaussian_Sigma_0.12_Tau_Type_noisy_num_anchors_10 - INFO - Batch 125/3783: Clean accuracy 0.9040 | Adv accuracy: 0.0000 | Counter-attack accuracy: 0.6480
2026-02-11 21:29:19,643 - ADV_Generation_eps_4.0_steps_100_Added_Noise_gaussian_Sigma_0.12_Tau_Type_noisy_num_anchors_10 - INFO - Batch:[125] Adversarial images for this batch already exist
2026-02-11 21:29:19,971 - ADV_Generation_eps_4.0_steps_100_Added_Noise_gaussian_Sigma_0.12_Tau_Type_noisy_num_anchors_10 - INFO - Batch 126/3783: Clean accuracy 0.9048 | Adv accuracy: 0.0000 | Counter-attack accuracy: 0.6508
2026-02-11 21:29:19,972 - ADV_Generation_eps_4.0_steps_100_Added_Noise_gaussian_Sigma_0.12_Tau_Type_noisy_num_anchors_10 - INFO - Batch:[126] Adversarial images for this batch already exist
2026-02-11 21:29:20,447 - ADV_Generation_eps_4.0_steps_100_Added_Noise_gaussian_Sigma_0.12_Tau_Type_noisy_num_anchors_10 - INFO - Batch 127/3783: Clean accuracy 0.9055 | Adv accuracy: 0.0000 | Counter-attack accuracy: 0.6535
2026-02-11 21:29:20,448 - ADV_Generation_eps_4.0_steps_100_Added_Noise_gaussian_Sigma_0.12_Tau_Type_noisy_num_anchors_10 - INFO - Batch:[127] Adversarial images for this batch already exist
2026-02-11 21:29:20,779 - ADV_Generation_eps_4.0_steps_100_Added_Noise_gaussian_Sigma_0.12_Tau_Type_noisy_num_anchors_10 - INFO - Batch 128/3783: Clean accuracy 0.9062 | Adv accuracy: 0.0000 | Counter-attack accuracy: 0.6562
2026-02-11 21:29:20,780 - ADV_Generation_eps_4.0_steps_100_Added_Noise_gaussian_Sigma_0.12_Tau_Type_noisy_num_anchors_10 - INFO - Batch:[128] Adversarial images for this batch already exist
2026-02-11 21:29:21,108 - ADV_Generation_eps_4.0_steps_100_Added_Noise_gaussian_Sigma_0.12_Tau_Type_noisy_num_anchors_10 - INFO - Batch 129/3783: Clean accuracy 0.9070 | Adv accuracy: 0.0000 | Counter-attack accuracy: 0.6589
2026-02-11 21:29:21,109 - ADV_Generation_eps_4.0_steps_100_Added_Noise_gaussian_Sigma_0.12_Tau_Type_noisy_num_anchors_10 - INFO - Batch:[129] Adversarial images for this batch already exist
2026-02-11 21:29:21,443 - ADV_Generation_eps_4.0_steps_100_Added_Noise_gaussian_Sigma_0.12_Tau_Type_noisy_num_anchors_10 - INFO - Batch 130/3783: Clean accuracy 0.9077 | Adv accuracy: 0.0000 | Counter-attack accuracy: 0.6615
2026-02-11 21:29:21,444 - ADV_Generation_eps_4.0_steps_100_Added_Noise_gaussian_Sigma_0.12_Tau_Type_noisy_num_anchors_10 - INFO - Batch:[130] Adversarial images for this batch already exist
2026-02-11 21:29:21,772 - ADV_Generation_eps_4.0_steps_100_Added_Noise_gaussian_Sigma_0.12_Tau_Type_noisy_num_anchors_10 - INFO - Batch 131/3783: Clean accuracy 0.9084 | Adv accuracy: 0.0000 | Counter-attack accuracy: 0.6641
2026-02-11 21:29:21,774 - ADV_Generation_eps_4.0_steps_100_Added_Noise_gaussian_Sigma_0.12_Tau_Type_noisy_num_anchors_10 - INFO - Batch:[131] Adversarial images for this batch already exist
2026-02-11 21:29:22,112 - ADV_Generation_eps_4.0_steps_100_Added_Noise_gaussian_Sigma_0.12_Tau_Type_noisy_num_anchors_10 - INFO - Batch 132/3783: Clean accuracy 0.9091 | Adv accuracy: 0.0000 | Counter-attack accuracy: 0.6591
2026-02-11 21:29:22,113 - ADV_Generation_eps_4.0_steps_100_Added_Noise_gaussian_Sigma_0.12_Tau_Type_noisy_num_anchors_10 - INFO - Batch:[132] Adversarial images for this batch already exist
2026-02-11 21:29:22,454 - ADV_Generation_eps_4.0_steps_100_Added_Noise_gaussian_Sigma_0.12_Tau_Type_noisy_num_anchors_10 - INFO - Batch 133/3783: Clean accuracy 0.9098 | Adv accuracy: 0.0000 | Counter-attack accuracy: 0.6617
2026-02-11 21:29:22,456 - ADV_Generation_eps_4.0_steps_100_Added_Noise_gaussian_Sigma_0.12_Tau_Type_noisy_num_anchors_10 - INFO - Batch:[133] Adversarial images for this batch already exist
2026-02-11 21:29:22,795 - ADV_Generation_eps_4.0_steps_100_Added_Noise_gaussian_Sigma_0.12_Tau_Type_noisy_num_anchors_10 - INFO - Batch 134/3783: Clean accuracy 0.9104 | Adv accuracy: 0.0000 | Counter-attack accuracy: 0.6642
2026-02-11 21:29:22,796 - ADV_Generation_eps_4.0_steps_100_Added_Noise_gaussian_Sigma_0.12_Tau_Type_noisy_num_anchors_10 - INFO - Batch:[134] Adversarial images for this batch already exist
2026-02-11 21:29:23,122 - ADV_Generation_eps_4.0_steps_100_Added_Noise_gaussian_Sigma_0.12_Tau_Type_noisy_num_anchors_10 - INFO - Batch 135/3783: Clean accuracy 0.9111 | Adv accuracy: 0.0000 | Counter-attack accuracy: 0.6667
2026-02-11 21:29:23,123 - ADV_Generation_eps_4.0_steps_100_Added_Noise_gaussian_Sigma_0.12_Tau_Type_noisy_num_anchors_10 - INFO - Batch:[135] Adversarial images for this batch already exist
2026-02-11 21:29:23,448 - ADV_Generation_eps_4.0_steps_100_Added_Noise_gaussian_Sigma_0.12_Tau_Type_noisy_num_anchors_10 - INFO - Batch 136/3783: Clean accuracy 0.9118 | Adv accuracy: 0.0000 | Counter-attack accuracy: 0.6691
2026-02-11 21:29:23,450 - ADV_Generation_eps_4.0_steps_100_Added_Noise_gaussian_Sigma_0.12_Tau_Type_noisy_num_anchors_10 - INFO - Batch:[136] Adversarial images for this batch already exist
2026-02-11 21:29:23,781 - ADV_Generation_eps_4.0_steps_100_Added_Noise_gaussian_Sigma_0.12_Tau_Type_noisy_num_anchors_10 - INFO - Batch 137/3783: Clean accuracy 0.9124 | Adv accuracy: 0.0000 | Counter-attack accuracy: 0.6715
2026-02-11 21:29:23,782 - ADV_Generation_eps_4.0_steps_100_Added_Noise_gaussian_Sigma_0.12_Tau_Type_noisy_num_anchors_10 - INFO - Batch:[137] Adversarial images for this batch already exist
2026-02-11 21:29:24,106 - ADV_Generation_eps_4.0_steps_100_Added_Noise_gaussian_Sigma_0.12_Tau_Type_noisy_num_anchors_10 - INFO - Batch 138/3783: Clean accuracy 0.9130 | Adv accuracy: 0.0000 | Counter-attack accuracy: 0.6739
2026-02-11 21:29:24,107 - ADV_Generation_eps_4.0_steps_100_Added_Noise_gaussian_Sigma_0.12_Tau_Type_noisy_num_anchors_10 - INFO - Batch:[138] Adversarial images for this batch already exist
2026-02-11 21:29:24,433 - ADV_Generation_eps_4.0_steps_100_Added_Noise_gaussian_Sigma_0.12_Tau_Type_noisy_num_anchors_10 - INFO - Batch 139/3783: Clean accuracy 0.9137 | Adv accuracy: 0.0000 | Counter-attack accuracy: 0.6763
2026-02-11 21:29:24,435 - ADV_Generation_eps_4.0_steps_100_Added_Noise_gaussian_Sigma_0.12_Tau_Type_noisy_num_anchors_10 - INFO - Batch:[139] Adversarial images for this batch already exist
2026-02-11 21:29:24,777 - ADV_Generation_eps_4.0_steps_100_Added_Noise_gaussian_Sigma_0.12_Tau_Type_noisy_num_anchors_10 - INFO - Batch 140/3783: Clean accuracy 0.9143 | Adv accuracy: 0.0000 | Counter-attack accuracy: 0.6786
2026-02-11 21:29:24,778 - ADV_Generation_eps_4.0_steps_100_Added_Noise_gaussian_Sigma_0.12_Tau_Type_noisy_num_anchors_10 - INFO - Batch:[140] Adversarial images for this batch already exist
2026-02-11 21:29:25,105 - ADV_Generation_eps_4.0_steps_100_Added_Noise_gaussian_Sigma_0.12_Tau_Type_noisy_num_anchors_10 - INFO - Batch 141/3783: Clean accuracy 0.9149 | Adv accuracy: 0.0000 | Counter-attack accuracy: 0.6809
2026-02-11 21:29:25,106 - ADV_Generation_eps_4.0_steps_100_Added_Noise_gaussian_Sigma_0.12_Tau_Type_noisy_num_anchors_10 - INFO - Batch:[141] Adversarial images for this batch already exist
2026-02-11 21:29:25,432 - ADV_Generation_eps_4.0_steps_100_Added_Noise_gaussian_Sigma_0.12_Tau_Type_noisy_num_anchors_10 - INFO - Batch 142/3783: Clean accuracy 0.9155 | Adv accuracy: 0.0000 | Counter-attack accuracy: 0.6831
2026-02-11 21:29:25,434 - ADV_Generation_eps_4.0_steps_100_Added_Noise_gaussian_Sigma_0.12_Tau_Type_noisy_num_anchors_10 - INFO - Batch:[142] Adversarial images for this batch already exist
2026-02-11 21:29:25,759 - ADV_Generation_eps_4.0_steps_100_Added_Noise_gaussian_Sigma_0.12_Tau_Type_noisy_num_anchors_10 - INFO - Batch 143/3783: Clean accuracy 0.9161 | Adv accuracy: 0.0000 | Counter-attack accuracy: 0.6853
2026-02-11 21:29:25,759 - ADV_Generation_eps_4.0_steps_100_Added_Noise_gaussian_Sigma_0.12_Tau_Type_noisy_num_anchors_10 - INFO - Batch:[143] Adversarial images for this batch already exist
2026-02-11 21:29:26,088 - ADV_Generation_eps_4.0_steps_100_Added_Noise_gaussian_Sigma_0.12_Tau_Type_noisy_num_anchors_10 - INFO - Batch 144/3783: Clean accuracy 0.9167 | Adv accuracy: 0.0000 | Counter-attack accuracy: 0.6806
2026-02-11 21:29:26,089 - ADV_Generation_eps_4.0_steps_100_Added_Noise_gaussian_Sigma_0.12_Tau_Type_noisy_num_anchors_10 - INFO - Batch:[144] Adversarial images for this batch already exist
