2026-02-07 14:42:55,667 - ADV_Generation_eps_4.0_steps_100_image_only_attack_prm_Added_Noise_uniform_Eps_48.0_Tau_Type_normal_anchors - INFO - ==========================================
data:/leonardo_work/EUHPC_R04_192/fmohamma/Adversarial_Robust_Clip/atpt_data/downstream_datasets
test_sets:Pets
dataset_mode:test
arch:ViT-L/14
resolution:224
transferability:False
source_model:fare4
workers:4
no_pin_memory:False
batch_size:1
adv_bs:1
print_freq:20
gpu:0
no_cudnn_benchmark:False
n_ctx:4
ctx_init:a_photo_of_a
seed:0
output_dir:/leonardo_work/EUHPC_R04_192/fmohamma/Adversarial_Robust_Clip/atpt_data/ViT-L/14/Pets
log_output_dir:/leonardo_work/EUHPC_R04_192/fmohamma/Adversarial_Robust_Clip/ATPT/Diffratio_Adv_gen_Results/ViT-L/14/Pets/ADV_Generation_eps_4.0_steps_100_image_only_attack_prm_Added_Noise_uniform_Eps_48.0_Tau_Type_normal_anchors
image_only_attack:True
image_only_attack_type:prm
image_predicted_label_attack:False
eps:4.0
alpha:1.0
alpha_eps_ratio:4.0
steps:100
counter_attack:True
counter_attack_type:pgd
counter_attack_steps:0
counter_attack_eps:48.0
counter_attack_alpha:1.0
counter_attack_tau_thres:0.2
counter_attack_beta:2.0
counter_attack_weighted_perturbations:True
counter_attack_init_noise:uniform
counter_attack_gaussian_sigma:0.03
counter_attack_noisy_tau_num_anchors:10
counter_attack_tau:normal_anchors
pgd_clip_pure_i_text_embeddings:null
pgd_counter_and_clipure_i_lamda:1.0
image_feature_purify:False
image_feature_purify_type:noisy_anchor
image_feature_purify_noisy_anchors:10
image_feature_purify_anchors_alpha:1.2
image_feature_purify_noisy_sigma:0.18
image_feature_purify_diff_threshold:0.0
image_feature_clipure_steps:10
image_feature_clipure_step_size:10.0
save_plots:False
lr:0.005
selection_p:0.1
tta_steps:1
top_k:20
softmax_temp:0.01
load_tecoa:

2026-02-07 14:42:55,668 - ADV_Generation_eps_4.0_steps_100_image_only_attack_prm_Added_Noise_uniform_Eps_48.0_Tau_Type_normal_anchors - INFO - Use GPU: 0 for training
2026-02-07 14:43:06,278 - ADV_Generation_eps_4.0_steps_100_image_only_attack_prm_Added_Noise_uniform_Eps_48.0_Tau_Type_normal_anchors - INFO - => Model created: visual backbone ViT-L/14
2026-02-07 14:43:06,284 - ADV_Generation_eps_4.0_steps_100_image_only_attack_prm_Added_Noise_uniform_Eps_48.0_Tau_Type_normal_anchors - INFO - Number of test samples: 3669
2026-02-07 14:43:06,285 - ADV_Generation_eps_4.0_steps_100_image_only_attack_prm_Added_Noise_uniform_Eps_48.0_Tau_Type_normal_anchors - INFO - Evaluating dataset: Pets
2026-02-07 14:43:06,285 - ADV_Generation_eps_4.0_steps_100_image_only_attack_prm_Added_Noise_uniform_Eps_48.0_Tau_Type_normal_anchors - INFO - Starting evaluation with batch size: 1, selection percentage: 0.1
2026-02-07 14:43:06,286 - ADV_Generation_eps_4.0_steps_100_image_only_attack_prm_Added_Noise_uniform_Eps_48.0_Tau_Type_normal_anchors - INFO - Using counter-attack with epsilon: 48.000000, alpha: 1.000000, steps: 0
2026-02-07 14:43:06,286 - ADV_Generation_eps_4.0_steps_100_image_only_attack_prm_Added_Noise_uniform_Eps_48.0_Tau_Type_normal_anchors - INFO - Adversarial examples will be loaded from /leonardo_work/EUHPC_R04_192/fmohamma/Adversarial_Robust_Clip/atpt_data/ViT-L/14/Pets/adv_images_eps_4.0_alpha_1.0_steps_100_image_only_attack_prm and evaluated on ViT-L/14
2026-02-07 14:43:06,286 - ADV_Generation_eps_4.0_steps_100_image_only_attack_prm_Added_Noise_uniform_Eps_48.0_Tau_Type_normal_anchors - INFO - Using directory for adversarial images: /leonardo_work/EUHPC_R04_192/fmohamma/Adversarial_Robust_Clip/atpt_data/ViT-L/14/Pets/adv_images_eps_4.0_alpha_1.0_steps_100_image_only_attack_prm
2026-02-07 14:43:06,591 - ADV_Generation_eps_4.0_steps_100_image_only_attack_prm_Added_Noise_uniform_Eps_48.0_Tau_Type_normal_anchors - INFO - Batch:[0] Adversarial images for this batch already exist
2026-02-07 14:43:07,054 - ADV_Generation_eps_4.0_steps_100_image_only_attack_prm_Added_Noise_uniform_Eps_48.0_Tau_Type_normal_anchors - INFO - Batch 1/3669: Clean accuracy 1.0000 | Adv accuracy: 0.0000 | Counter-attack accuracy: 1.0000
2026-02-07 14:43:07,055 - ADV_Generation_eps_4.0_steps_100_image_only_attack_prm_Added_Noise_uniform_Eps_48.0_Tau_Type_normal_anchors - INFO - Batch:[1] Adversarial images for this batch already exist
2026-02-07 14:43:07,309 - ADV_Generation_eps_4.0_steps_100_image_only_attack_prm_Added_Noise_uniform_Eps_48.0_Tau_Type_normal_anchors - INFO - Batch 2/3669: Clean accuracy 1.0000 | Adv accuracy: 0.0000 | Counter-attack accuracy: 1.0000
2026-02-07 14:43:07,310 - ADV_Generation_eps_4.0_steps_100_image_only_attack_prm_Added_Noise_uniform_Eps_48.0_Tau_Type_normal_anchors - INFO - Batch:[2] Adversarial images for this batch already exist
2026-02-07 14:43:07,579 - ADV_Generation_eps_4.0_steps_100_image_only_attack_prm_Added_Noise_uniform_Eps_48.0_Tau_Type_normal_anchors - INFO - Batch 3/3669: Clean accuracy 1.0000 | Adv accuracy: 0.0000 | Counter-attack accuracy: 1.0000
2026-02-07 14:43:07,580 - ADV_Generation_eps_4.0_steps_100_image_only_attack_prm_Added_Noise_uniform_Eps_48.0_Tau_Type_normal_anchors - INFO - Batch:[3] Adversarial images for this batch already exist
2026-02-07 14:43:07,844 - ADV_Generation_eps_4.0_steps_100_image_only_attack_prm_Added_Noise_uniform_Eps_48.0_Tau_Type_normal_anchors - INFO - Batch 4/3669: Clean accuracy 1.0000 | Adv accuracy: 0.0000 | Counter-attack accuracy: 0.7500
2026-02-07 14:43:07,845 - ADV_Generation_eps_4.0_steps_100_image_only_attack_prm_Added_Noise_uniform_Eps_48.0_Tau_Type_normal_anchors - INFO - Batch:[4] Adversarial images for this batch already exist
2026-02-07 14:43:08,100 - ADV_Generation_eps_4.0_steps_100_image_only_attack_prm_Added_Noise_uniform_Eps_48.0_Tau_Type_normal_anchors - INFO - Batch 5/3669: Clean accuracy 1.0000 | Adv accuracy: 0.0000 | Counter-attack accuracy: 0.6000
2026-02-07 14:43:08,100 - ADV_Generation_eps_4.0_steps_100_image_only_attack_prm_Added_Noise_uniform_Eps_48.0_Tau_Type_normal_anchors - INFO - Batch:[5] Adversarial images for this batch already exist
2026-02-07 14:43:08,350 - ADV_Generation_eps_4.0_steps_100_image_only_attack_prm_Added_Noise_uniform_Eps_48.0_Tau_Type_normal_anchors - INFO - Batch 6/3669: Clean accuracy 1.0000 | Adv accuracy: 0.0000 | Counter-attack accuracy: 0.5000
2026-02-07 14:43:08,351 - ADV_Generation_eps_4.0_steps_100_image_only_attack_prm_Added_Noise_uniform_Eps_48.0_Tau_Type_normal_anchors - INFO - Batch:[6] Adversarial images for this batch already exist
2026-02-07 14:43:08,651 - ADV_Generation_eps_4.0_steps_100_image_only_attack_prm_Added_Noise_uniform_Eps_48.0_Tau_Type_normal_anchors - INFO - Batch 7/3669: Clean accuracy 1.0000 | Adv accuracy: 0.0000 | Counter-attack accuracy: 0.5714
2026-02-07 14:43:08,651 - ADV_Generation_eps_4.0_steps_100_image_only_attack_prm_Added_Noise_uniform_Eps_48.0_Tau_Type_normal_anchors - INFO - Batch:[7] Adversarial images for this batch already exist
2026-02-07 14:43:08,907 - ADV_Generation_eps_4.0_steps_100_image_only_attack_prm_Added_Noise_uniform_Eps_48.0_Tau_Type_normal_anchors - INFO - Batch 8/3669: Clean accuracy 1.0000 | Adv accuracy: 0.0000 | Counter-attack accuracy: 0.6250
2026-02-07 14:43:08,908 - ADV_Generation_eps_4.0_steps_100_image_only_attack_prm_Added_Noise_uniform_Eps_48.0_Tau_Type_normal_anchors - INFO - Batch:[8] Adversarial images for this batch already exist
2026-02-07 14:43:09,155 - ADV_Generation_eps_4.0_steps_100_image_only_attack_prm_Added_Noise_uniform_Eps_48.0_Tau_Type_normal_anchors - INFO - Batch 9/3669: Clean accuracy 1.0000 | Adv accuracy: 0.0000 | Counter-attack accuracy: 0.5556
2026-02-07 14:43:09,155 - ADV_Generation_eps_4.0_steps_100_image_only_attack_prm_Added_Noise_uniform_Eps_48.0_Tau_Type_normal_anchors - INFO - Batch:[9] Adversarial images for this batch already exist
2026-02-07 14:43:09,404 - ADV_Generation_eps_4.0_steps_100_image_only_attack_prm_Added_Noise_uniform_Eps_48.0_Tau_Type_normal_anchors - INFO - Batch 10/3669: Clean accuracy 1.0000 | Adv accuracy: 0.0000 | Counter-attack accuracy: 0.6000
2026-02-07 14:43:09,404 - ADV_Generation_eps_4.0_steps_100_image_only_attack_prm_Added_Noise_uniform_Eps_48.0_Tau_Type_normal_anchors - INFO - Batch:[10] Adversarial images for this batch already exist
2026-02-07 14:43:09,661 - ADV_Generation_eps_4.0_steps_100_image_only_attack_prm_Added_Noise_uniform_Eps_48.0_Tau_Type_normal_anchors - INFO - Batch 11/3669: Clean accuracy 0.9091 | Adv accuracy: 0.0000 | Counter-attack accuracy: 0.5455
2026-02-07 14:43:09,661 - ADV_Generation_eps_4.0_steps_100_image_only_attack_prm_Added_Noise_uniform_Eps_48.0_Tau_Type_normal_anchors - INFO - Batch:[11] Adversarial images for this batch already exist
2026-02-07 14:43:09,937 - ADV_Generation_eps_4.0_steps_100_image_only_attack_prm_Added_Noise_uniform_Eps_48.0_Tau_Type_normal_anchors - INFO - Batch 12/3669: Clean accuracy 0.9167 | Adv accuracy: 0.0000 | Counter-attack accuracy: 0.5833
2026-02-07 14:43:09,937 - ADV_Generation_eps_4.0_steps_100_image_only_attack_prm_Added_Noise_uniform_Eps_48.0_Tau_Type_normal_anchors - INFO - Batch:[12] Adversarial images for this batch already exist
2026-02-07 14:43:10,185 - ADV_Generation_eps_4.0_steps_100_image_only_attack_prm_Added_Noise_uniform_Eps_48.0_Tau_Type_normal_anchors - INFO - Batch 13/3669: Clean accuracy 0.9231 | Adv accuracy: 0.0000 | Counter-attack accuracy: 0.6154
2026-02-07 14:43:10,186 - ADV_Generation_eps_4.0_steps_100_image_only_attack_prm_Added_Noise_uniform_Eps_48.0_Tau_Type_normal_anchors - INFO - Batch:[13] Adversarial images for this batch already exist
2026-02-07 14:43:10,447 - ADV_Generation_eps_4.0_steps_100_image_only_attack_prm_Added_Noise_uniform_Eps_48.0_Tau_Type_normal_anchors - INFO - Batch 14/3669: Clean accuracy 0.9286 | Adv accuracy: 0.0000 | Counter-attack accuracy: 0.6429
2026-02-07 14:43:10,447 - ADV_Generation_eps_4.0_steps_100_image_only_attack_prm_Added_Noise_uniform_Eps_48.0_Tau_Type_normal_anchors - INFO - Batch:[14] Adversarial images for this batch already exist
2026-02-07 14:43:10,707 - ADV_Generation_eps_4.0_steps_100_image_only_attack_prm_Added_Noise_uniform_Eps_48.0_Tau_Type_normal_anchors - INFO - Batch 15/3669: Clean accuracy 0.8667 | Adv accuracy: 0.0000 | Counter-attack accuracy: 0.6000
2026-02-07 14:43:10,708 - ADV_Generation_eps_4.0_steps_100_image_only_attack_prm_Added_Noise_uniform_Eps_48.0_Tau_Type_normal_anchors - INFO - Batch:[15] Adversarial images for this batch already exist
2026-02-07 14:43:10,958 - ADV_Generation_eps_4.0_steps_100_image_only_attack_prm_Added_Noise_uniform_Eps_48.0_Tau_Type_normal_anchors - INFO - Batch 16/3669: Clean accuracy 0.8750 | Adv accuracy: 0.0000 | Counter-attack accuracy: 0.6250
2026-02-07 14:43:10,958 - ADV_Generation_eps_4.0_steps_100_image_only_attack_prm_Added_Noise_uniform_Eps_48.0_Tau_Type_normal_anchors - INFO - Batch:[16] Adversarial images for this batch already exist
2026-02-07 14:43:11,213 - ADV_Generation_eps_4.0_steps_100_image_only_attack_prm_Added_Noise_uniform_Eps_48.0_Tau_Type_normal_anchors - INFO - Batch 17/3669: Clean accuracy 0.8235 | Adv accuracy: 0.0000 | Counter-attack accuracy: 0.5882
2026-02-07 14:43:11,213 - ADV_Generation_eps_4.0_steps_100_image_only_attack_prm_Added_Noise_uniform_Eps_48.0_Tau_Type_normal_anchors - INFO - Batch:[17] Adversarial images for this batch already exist
2026-02-07 14:43:11,465 - ADV_Generation_eps_4.0_steps_100_image_only_attack_prm_Added_Noise_uniform_Eps_48.0_Tau_Type_normal_anchors - INFO - Batch 18/3669: Clean accuracy 0.8333 | Adv accuracy: 0.0000 | Counter-attack accuracy: 0.6111
2026-02-07 14:43:11,465 - ADV_Generation_eps_4.0_steps_100_image_only_attack_prm_Added_Noise_uniform_Eps_48.0_Tau_Type_normal_anchors - INFO - Batch:[18] Adversarial images for this batch already exist
2026-02-07 14:43:11,730 - ADV_Generation_eps_4.0_steps_100_image_only_attack_prm_Added_Noise_uniform_Eps_48.0_Tau_Type_normal_anchors - INFO - Batch 19/3669: Clean accuracy 0.8421 | Adv accuracy: 0.0000 | Counter-attack accuracy: 0.6316
2026-02-07 14:43:11,731 - ADV_Generation_eps_4.0_steps_100_image_only_attack_prm_Added_Noise_uniform_Eps_48.0_Tau_Type_normal_anchors - INFO - Batch:[19] Adversarial images for this batch already exist
2026-02-07 14:43:12,002 - ADV_Generation_eps_4.0_steps_100_image_only_attack_prm_Added_Noise_uniform_Eps_48.0_Tau_Type_normal_anchors - INFO - Batch 20/3669: Clean accuracy 0.8500 | Adv accuracy: 0.0000 | Counter-attack accuracy: 0.6500
2026-02-07 14:43:12,003 - ADV_Generation_eps_4.0_steps_100_image_only_attack_prm_Added_Noise_uniform_Eps_48.0_Tau_Type_normal_anchors - INFO - Batch:[20] Adversarial images for this batch already exist
2026-02-07 14:43:12,257 - ADV_Generation_eps_4.0_steps_100_image_only_attack_prm_Added_Noise_uniform_Eps_48.0_Tau_Type_normal_anchors - INFO - Batch 21/3669: Clean accuracy 0.8095 | Adv accuracy: 0.0000 | Counter-attack accuracy: 0.6190
2026-02-07 14:43:12,257 - ADV_Generation_eps_4.0_steps_100_image_only_attack_prm_Added_Noise_uniform_Eps_48.0_Tau_Type_normal_anchors - INFO - Batch:[21] Adversarial images for this batch already exist
2026-02-07 14:43:12,517 - ADV_Generation_eps_4.0_steps_100_image_only_attack_prm_Added_Noise_uniform_Eps_48.0_Tau_Type_normal_anchors - INFO - Batch 22/3669: Clean accuracy 0.8182 | Adv accuracy: 0.0000 | Counter-attack accuracy: 0.6364
2026-02-07 14:43:12,517 - ADV_Generation_eps_4.0_steps_100_image_only_attack_prm_Added_Noise_uniform_Eps_48.0_Tau_Type_normal_anchors - INFO - Batch:[22] Adversarial images for this batch already exist
2026-02-07 14:43:12,825 - ADV_Generation_eps_4.0_steps_100_image_only_attack_prm_Added_Noise_uniform_Eps_48.0_Tau_Type_normal_anchors - INFO - Batch 23/3669: Clean accuracy 0.8261 | Adv accuracy: 0.0000 | Counter-attack accuracy: 0.6522
2026-02-07 14:43:12,826 - ADV_Generation_eps_4.0_steps_100_image_only_attack_prm_Added_Noise_uniform_Eps_48.0_Tau_Type_normal_anchors - INFO - Batch:[23] Adversarial images for this batch already exist
2026-02-07 14:43:13,077 - ADV_Generation_eps_4.0_steps_100_image_only_attack_prm_Added_Noise_uniform_Eps_48.0_Tau_Type_normal_anchors - INFO - Batch 24/3669: Clean accuracy 0.8333 | Adv accuracy: 0.0000 | Counter-attack accuracy: 0.6667
2026-02-07 14:43:13,078 - ADV_Generation_eps_4.0_steps_100_image_only_attack_prm_Added_Noise_uniform_Eps_48.0_Tau_Type_normal_anchors - INFO - Batch:[24] Adversarial images for this batch already exist
2026-02-07 14:43:13,334 - ADV_Generation_eps_4.0_steps_100_image_only_attack_prm_Added_Noise_uniform_Eps_48.0_Tau_Type_normal_anchors - INFO - Batch 25/3669: Clean accuracy 0.8400 | Adv accuracy: 0.0000 | Counter-attack accuracy: 0.6800
2026-02-07 14:43:13,334 - ADV_Generation_eps_4.0_steps_100_image_only_attack_prm_Added_Noise_uniform_Eps_48.0_Tau_Type_normal_anchors - INFO - Batch:[25] Adversarial images for this batch already exist
2026-02-07 14:43:13,592 - ADV_Generation_eps_4.0_steps_100_image_only_attack_prm_Added_Noise_uniform_Eps_48.0_Tau_Type_normal_anchors - INFO - Batch 26/3669: Clean accuracy 0.8462 | Adv accuracy: 0.0000 | Counter-attack accuracy: 0.6923
2026-02-07 14:43:13,593 - ADV_Generation_eps_4.0_steps_100_image_only_attack_prm_Added_Noise_uniform_Eps_48.0_Tau_Type_normal_anchors - INFO - Batch:[26] Adversarial images for this batch already exist
2026-02-07 14:43:13,848 - ADV_Generation_eps_4.0_steps_100_image_only_attack_prm_Added_Noise_uniform_Eps_48.0_Tau_Type_normal_anchors - INFO - Batch 27/3669: Clean accuracy 0.8519 | Adv accuracy: 0.0000 | Counter-attack accuracy: 0.7037
2026-02-07 14:43:13,848 - ADV_Generation_eps_4.0_steps_100_image_only_attack_prm_Added_Noise_uniform_Eps_48.0_Tau_Type_normal_anchors - INFO - Batch:[27] Adversarial images for this batch already exist
2026-02-07 14:43:14,093 - ADV_Generation_eps_4.0_steps_100_image_only_attack_prm_Added_Noise_uniform_Eps_48.0_Tau_Type_normal_anchors - INFO - Batch 28/3669: Clean accuracy 0.8571 | Adv accuracy: 0.0000 | Counter-attack accuracy: 0.6786
2026-02-07 14:43:14,094 - ADV_Generation_eps_4.0_steps_100_image_only_attack_prm_Added_Noise_uniform_Eps_48.0_Tau_Type_normal_anchors - INFO - Batch:[28] Adversarial images for this batch already exist
2026-02-07 14:43:14,362 - ADV_Generation_eps_4.0_steps_100_image_only_attack_prm_Added_Noise_uniform_Eps_48.0_Tau_Type_normal_anchors - INFO - Batch 29/3669: Clean accuracy 0.8621 | Adv accuracy: 0.0000 | Counter-attack accuracy: 0.6897
2026-02-07 14:43:14,363 - ADV_Generation_eps_4.0_steps_100_image_only_attack_prm_Added_Noise_uniform_Eps_48.0_Tau_Type_normal_anchors - INFO - Batch:[29] Adversarial images for this batch already exist
2026-02-07 14:43:14,623 - ADV_Generation_eps_4.0_steps_100_image_only_attack_prm_Added_Noise_uniform_Eps_48.0_Tau_Type_normal_anchors - INFO - Batch 30/3669: Clean accuracy 0.8667 | Adv accuracy: 0.0000 | Counter-attack accuracy: 0.7000
2026-02-07 14:43:14,623 - ADV_Generation_eps_4.0_steps_100_image_only_attack_prm_Added_Noise_uniform_Eps_48.0_Tau_Type_normal_anchors - INFO - Batch:[30] Adversarial images for this batch already exist
2026-02-07 14:43:14,881 - ADV_Generation_eps_4.0_steps_100_image_only_attack_prm_Added_Noise_uniform_Eps_48.0_Tau_Type_normal_anchors - INFO - Batch 31/3669: Clean accuracy 0.8710 | Adv accuracy: 0.0000 | Counter-attack accuracy: 0.7097
2026-02-07 14:43:14,881 - ADV_Generation_eps_4.0_steps_100_image_only_attack_prm_Added_Noise_uniform_Eps_48.0_Tau_Type_normal_anchors - INFO - Batch:[31] Adversarial images for this batch already exist
2026-02-07 14:43:15,137 - ADV_Generation_eps_4.0_steps_100_image_only_attack_prm_Added_Noise_uniform_Eps_48.0_Tau_Type_normal_anchors - INFO - Batch 32/3669: Clean accuracy 0.8750 | Adv accuracy: 0.0000 | Counter-attack accuracy: 0.7188
2026-02-07 14:43:15,137 - ADV_Generation_eps_4.0_steps_100_image_only_attack_prm_Added_Noise_uniform_Eps_48.0_Tau_Type_normal_anchors - INFO - Batch:[32] Adversarial images for this batch already exist
2026-02-07 14:43:15,432 - ADV_Generation_eps_4.0_steps_100_image_only_attack_prm_Added_Noise_uniform_Eps_48.0_Tau_Type_normal_anchors - INFO - Batch 33/3669: Clean accuracy 0.8788 | Adv accuracy: 0.0000 | Counter-attack accuracy: 0.7273
2026-02-07 14:43:15,433 - ADV_Generation_eps_4.0_steps_100_image_only_attack_prm_Added_Noise_uniform_Eps_48.0_Tau_Type_normal_anchors - INFO - Batch:[33] Adversarial images for this batch already exist
2026-02-07 14:43:15,681 - ADV_Generation_eps_4.0_steps_100_image_only_attack_prm_Added_Noise_uniform_Eps_48.0_Tau_Type_normal_anchors - INFO - Batch 34/3669: Clean accuracy 0.8824 | Adv accuracy: 0.0000 | Counter-attack accuracy: 0.7353
2026-02-07 14:43:15,682 - ADV_Generation_eps_4.0_steps_100_image_only_attack_prm_Added_Noise_uniform_Eps_48.0_Tau_Type_normal_anchors - INFO - Batch:[34] Adversarial images for this batch already exist
2026-02-07 14:43:15,939 - ADV_Generation_eps_4.0_steps_100_image_only_attack_prm_Added_Noise_uniform_Eps_48.0_Tau_Type_normal_anchors - INFO - Batch 35/3669: Clean accuracy 0.8571 | Adv accuracy: 0.0000 | Counter-attack accuracy: 0.7143
2026-02-07 14:43:15,940 - ADV_Generation_eps_4.0_steps_100_image_only_attack_prm_Added_Noise_uniform_Eps_48.0_Tau_Type_normal_anchors - INFO - Batch:[35] Adversarial images for this batch already exist
2026-02-07 14:43:16,202 - ADV_Generation_eps_4.0_steps_100_image_only_attack_prm_Added_Noise_uniform_Eps_48.0_Tau_Type_normal_anchors - INFO - Batch 36/3669: Clean accuracy 0.8611 | Adv accuracy: 0.0000 | Counter-attack accuracy: 0.7222
2026-02-07 14:43:16,202 - ADV_Generation_eps_4.0_steps_100_image_only_attack_prm_Added_Noise_uniform_Eps_48.0_Tau_Type_normal_anchors - INFO - Batch:[36] Adversarial images for this batch already exist
2026-02-07 14:43:16,476 - ADV_Generation_eps_4.0_steps_100_image_only_attack_prm_Added_Noise_uniform_Eps_48.0_Tau_Type_normal_anchors - INFO - Batch 37/3669: Clean accuracy 0.8649 | Adv accuracy: 0.0000 | Counter-attack accuracy: 0.7297
2026-02-07 14:43:16,477 - ADV_Generation_eps_4.0_steps_100_image_only_attack_prm_Added_Noise_uniform_Eps_48.0_Tau_Type_normal_anchors - INFO - Batch:[37] Adversarial images for this batch already exist
2026-02-07 14:43:16,729 - ADV_Generation_eps_4.0_steps_100_image_only_attack_prm_Added_Noise_uniform_Eps_48.0_Tau_Type_normal_anchors - INFO - Batch 38/3669: Clean accuracy 0.8684 | Adv accuracy: 0.0000 | Counter-attack accuracy: 0.7368
2026-02-07 14:43:16,732 - ADV_Generation_eps_4.0_steps_100_image_only_attack_prm_Added_Noise_uniform_Eps_48.0_Tau_Type_normal_anchors - INFO - Batch:[38] Adversarial images for this batch already exist
2026-02-07 14:43:16,985 - ADV_Generation_eps_4.0_steps_100_image_only_attack_prm_Added_Noise_uniform_Eps_48.0_Tau_Type_normal_anchors - INFO - Batch 39/3669: Clean accuracy 0.8718 | Adv accuracy: 0.0000 | Counter-attack accuracy: 0.7179
2026-02-07 14:43:16,986 - ADV_Generation_eps_4.0_steps_100_image_only_attack_prm_Added_Noise_uniform_Eps_48.0_Tau_Type_normal_anchors - INFO - Batch:[39] Adversarial images for this batch already exist
2026-02-07 14:43:17,254 - ADV_Generation_eps_4.0_steps_100_image_only_attack_prm_Added_Noise_uniform_Eps_48.0_Tau_Type_normal_anchors - INFO - Batch 40/3669: Clean accuracy 0.8750 | Adv accuracy: 0.0000 | Counter-attack accuracy: 0.7250
2026-02-07 14:43:17,254 - ADV_Generation_eps_4.0_steps_100_image_only_attack_prm_Added_Noise_uniform_Eps_48.0_Tau_Type_normal_anchors - INFO - Batch:[40] Adversarial images for this batch already exist
2026-02-07 14:43:17,513 - ADV_Generation_eps_4.0_steps_100_image_only_attack_prm_Added_Noise_uniform_Eps_48.0_Tau_Type_normal_anchors - INFO - Batch 41/3669: Clean accuracy 0.8780 | Adv accuracy: 0.0000 | Counter-attack accuracy: 0.7317
2026-02-07 14:43:17,514 - ADV_Generation_eps_4.0_steps_100_image_only_attack_prm_Added_Noise_uniform_Eps_48.0_Tau_Type_normal_anchors - INFO - Batch:[41] Adversarial images for this batch already exist
2026-02-07 14:43:17,788 - ADV_Generation_eps_4.0_steps_100_image_only_attack_prm_Added_Noise_uniform_Eps_48.0_Tau_Type_normal_anchors - INFO - Batch 42/3669: Clean accuracy 0.8810 | Adv accuracy: 0.0000 | Counter-attack accuracy: 0.7381
2026-02-07 14:43:17,789 - ADV_Generation_eps_4.0_steps_100_image_only_attack_prm_Added_Noise_uniform_Eps_48.0_Tau_Type_normal_anchors - INFO - Batch:[42] Adversarial images for this batch already exist
2026-02-07 14:43:18,042 - ADV_Generation_eps_4.0_steps_100_image_only_attack_prm_Added_Noise_uniform_Eps_48.0_Tau_Type_normal_anchors - INFO - Batch 43/3669: Clean accuracy 0.8605 | Adv accuracy: 0.0000 | Counter-attack accuracy: 0.7209
2026-02-07 14:43:18,043 - ADV_Generation_eps_4.0_steps_100_image_only_attack_prm_Added_Noise_uniform_Eps_48.0_Tau_Type_normal_anchors - INFO - Batch:[43] Adversarial images for this batch already exist
2026-02-07 14:43:18,298 - ADV_Generation_eps_4.0_steps_100_image_only_attack_prm_Added_Noise_uniform_Eps_48.0_Tau_Type_normal_anchors - INFO - Batch 44/3669: Clean accuracy 0.8636 | Adv accuracy: 0.0000 | Counter-attack accuracy: 0.7045
2026-02-07 14:43:18,299 - ADV_Generation_eps_4.0_steps_100_image_only_attack_prm_Added_Noise_uniform_Eps_48.0_Tau_Type_normal_anchors - INFO - Batch:[44] Adversarial images for this batch already exist
2026-02-07 14:43:18,552 - ADV_Generation_eps_4.0_steps_100_image_only_attack_prm_Added_Noise_uniform_Eps_48.0_Tau_Type_normal_anchors - INFO - Batch 45/3669: Clean accuracy 0.8667 | Adv accuracy: 0.0000 | Counter-attack accuracy: 0.7111
2026-02-07 14:43:18,553 - ADV_Generation_eps_4.0_steps_100_image_only_attack_prm_Added_Noise_uniform_Eps_48.0_Tau_Type_normal_anchors - INFO - Batch:[45] Adversarial images for this batch already exist
2026-02-07 14:43:18,806 - ADV_Generation_eps_4.0_steps_100_image_only_attack_prm_Added_Noise_uniform_Eps_48.0_Tau_Type_normal_anchors - INFO - Batch 46/3669: Clean accuracy 0.8696 | Adv accuracy: 0.0000 | Counter-attack accuracy: 0.7174
2026-02-07 14:43:18,807 - ADV_Generation_eps_4.0_steps_100_image_only_attack_prm_Added_Noise_uniform_Eps_48.0_Tau_Type_normal_anchors - INFO - Batch:[46] Adversarial images for this batch already exist
2026-02-07 14:43:19,062 - ADV_Generation_eps_4.0_steps_100_image_only_attack_prm_Added_Noise_uniform_Eps_48.0_Tau_Type_normal_anchors - INFO - Batch 47/3669: Clean accuracy 0.8723 | Adv accuracy: 0.0000 | Counter-attack accuracy: 0.7234
2026-02-07 14:43:19,063 - ADV_Generation_eps_4.0_steps_100_image_only_attack_prm_Added_Noise_uniform_Eps_48.0_Tau_Type_normal_anchors - INFO - Batch:[47] Adversarial images for this batch already exist
2026-02-07 14:43:19,319 - ADV_Generation_eps_4.0_steps_100_image_only_attack_prm_Added_Noise_uniform_Eps_48.0_Tau_Type_normal_anchors - INFO - Batch 48/3669: Clean accuracy 0.8542 | Adv accuracy: 0.0000 | Counter-attack accuracy: 0.7083
2026-02-07 14:43:19,320 - ADV_Generation_eps_4.0_steps_100_image_only_attack_prm_Added_Noise_uniform_Eps_48.0_Tau_Type_normal_anchors - INFO - Batch:[48] Adversarial images for this batch already exist
2026-02-07 14:43:19,576 - ADV_Generation_eps_4.0_steps_100_image_only_attack_prm_Added_Noise_uniform_Eps_48.0_Tau_Type_normal_anchors - INFO - Batch 49/3669: Clean accuracy 0.8571 | Adv accuracy: 0.0000 | Counter-attack accuracy: 0.7143
2026-02-07 14:43:19,576 - ADV_Generation_eps_4.0_steps_100_image_only_attack_prm_Added_Noise_uniform_Eps_48.0_Tau_Type_normal_anchors - INFO - Batch:[49] Adversarial images for this batch already exist
2026-02-07 14:43:19,836 - ADV_Generation_eps_4.0_steps_100_image_only_attack_prm_Added_Noise_uniform_Eps_48.0_Tau_Type_normal_anchors - INFO - Batch 50/3669: Clean accuracy 0.8600 | Adv accuracy: 0.0000 | Counter-attack accuracy: 0.7200
2026-02-07 14:43:19,837 - ADV_Generation_eps_4.0_steps_100_image_only_attack_prm_Added_Noise_uniform_Eps_48.0_Tau_Type_normal_anchors - INFO - Batch:[50] Adversarial images for this batch already exist
2026-02-07 14:43:20,099 - ADV_Generation_eps_4.0_steps_100_image_only_attack_prm_Added_Noise_uniform_Eps_48.0_Tau_Type_normal_anchors - INFO - Batch 51/3669: Clean accuracy 0.8627 | Adv accuracy: 0.0000 | Counter-attack accuracy: 0.7255
2026-02-07 14:43:20,100 - ADV_Generation_eps_4.0_steps_100_image_only_attack_prm_Added_Noise_uniform_Eps_48.0_Tau_Type_normal_anchors - INFO - Batch:[51] Adversarial images for this batch already exist
2026-02-07 14:43:20,359 - ADV_Generation_eps_4.0_steps_100_image_only_attack_prm_Added_Noise_uniform_Eps_48.0_Tau_Type_normal_anchors - INFO - Batch 52/3669: Clean accuracy 0.8654 | Adv accuracy: 0.0000 | Counter-attack accuracy: 0.7308
2026-02-07 14:43:20,359 - ADV_Generation_eps_4.0_steps_100_image_only_attack_prm_Added_Noise_uniform_Eps_48.0_Tau_Type_normal_anchors - INFO - Batch:[52] Adversarial images for this batch already exist
2026-02-07 14:43:20,606 - ADV_Generation_eps_4.0_steps_100_image_only_attack_prm_Added_Noise_uniform_Eps_48.0_Tau_Type_normal_anchors - INFO - Batch 53/3669: Clean accuracy 0.8679 | Adv accuracy: 0.0000 | Counter-attack accuracy: 0.7358
2026-02-07 14:43:20,607 - ADV_Generation_eps_4.0_steps_100_image_only_attack_prm_Added_Noise_uniform_Eps_48.0_Tau_Type_normal_anchors - INFO - Batch:[53] Adversarial images for this batch already exist
2026-02-07 14:43:20,881 - ADV_Generation_eps_4.0_steps_100_image_only_attack_prm_Added_Noise_uniform_Eps_48.0_Tau_Type_normal_anchors - INFO - Batch 54/3669: Clean accuracy 0.8704 | Adv accuracy: 0.0000 | Counter-attack accuracy: 0.7407
2026-02-07 14:43:20,881 - ADV_Generation_eps_4.0_steps_100_image_only_attack_prm_Added_Noise_uniform_Eps_48.0_Tau_Type_normal_anchors - INFO - Batch:[54] Adversarial images for this batch already exist
2026-02-07 14:43:21,138 - ADV_Generation_eps_4.0_steps_100_image_only_attack_prm_Added_Noise_uniform_Eps_48.0_Tau_Type_normal_anchors - INFO - Batch 55/3669: Clean accuracy 0.8727 | Adv accuracy: 0.0000 | Counter-attack accuracy: 0.7455
2026-02-07 14:43:21,139 - ADV_Generation_eps_4.0_steps_100_image_only_attack_prm_Added_Noise_uniform_Eps_48.0_Tau_Type_normal_anchors - INFO - Batch:[55] Adversarial images for this batch already exist
2026-02-07 14:43:21,386 - ADV_Generation_eps_4.0_steps_100_image_only_attack_prm_Added_Noise_uniform_Eps_48.0_Tau_Type_normal_anchors - INFO - Batch 56/3669: Clean accuracy 0.8750 | Adv accuracy: 0.0000 | Counter-attack accuracy: 0.7500
2026-02-07 14:43:21,387 - ADV_Generation_eps_4.0_steps_100_image_only_attack_prm_Added_Noise_uniform_Eps_48.0_Tau_Type_normal_anchors - INFO - Batch:[56] Adversarial images for this batch already exist
2026-02-07 14:43:21,647 - ADV_Generation_eps_4.0_steps_100_image_only_attack_prm_Added_Noise_uniform_Eps_48.0_Tau_Type_normal_anchors - INFO - Batch 57/3669: Clean accuracy 0.8772 | Adv accuracy: 0.0000 | Counter-attack accuracy: 0.7544
2026-02-07 14:43:21,648 - ADV_Generation_eps_4.0_steps_100_image_only_attack_prm_Added_Noise_uniform_Eps_48.0_Tau_Type_normal_anchors - INFO - Batch:[57] Adversarial images for this batch already exist
2026-02-07 14:43:21,899 - ADV_Generation_eps_4.0_steps_100_image_only_attack_prm_Added_Noise_uniform_Eps_48.0_Tau_Type_normal_anchors - INFO - Batch 58/3669: Clean accuracy 0.8793 | Adv accuracy: 0.0000 | Counter-attack accuracy: 0.7586
2026-02-07 14:43:21,899 - ADV_Generation_eps_4.0_steps_100_image_only_attack_prm_Added_Noise_uniform_Eps_48.0_Tau_Type_normal_anchors - INFO - Batch:[58] Adversarial images for this batch already exist
2026-02-07 14:43:22,154 - ADV_Generation_eps_4.0_steps_100_image_only_attack_prm_Added_Noise_uniform_Eps_48.0_Tau_Type_normal_anchors - INFO - Batch 59/3669: Clean accuracy 0.8814 | Adv accuracy: 0.0000 | Counter-attack accuracy: 0.7627
2026-02-07 14:43:22,154 - ADV_Generation_eps_4.0_steps_100_image_only_attack_prm_Added_Noise_uniform_Eps_48.0_Tau_Type_normal_anchors - INFO - Batch:[59] Adversarial images for this batch already exist
2026-02-07 14:43:22,404 - ADV_Generation_eps_4.0_steps_100_image_only_attack_prm_Added_Noise_uniform_Eps_48.0_Tau_Type_normal_anchors - INFO - Batch 60/3669: Clean accuracy 0.8833 | Adv accuracy: 0.0000 | Counter-attack accuracy: 0.7500
2026-02-07 14:43:22,405 - ADV_Generation_eps_4.0_steps_100_image_only_attack_prm_Added_Noise_uniform_Eps_48.0_Tau_Type_normal_anchors - INFO - Batch:[60] Adversarial images for this batch already exist
2026-02-07 14:43:22,658 - ADV_Generation_eps_4.0_steps_100_image_only_attack_prm_Added_Noise_uniform_Eps_48.0_Tau_Type_normal_anchors - INFO - Batch 61/3669: Clean accuracy 0.8852 | Adv accuracy: 0.0000 | Counter-attack accuracy: 0.7541
2026-02-07 14:43:22,659 - ADV_Generation_eps_4.0_steps_100_image_only_attack_prm_Added_Noise_uniform_Eps_48.0_Tau_Type_normal_anchors - INFO - Batch:[61] Adversarial images for this batch already exist
2026-02-07 14:43:22,913 - ADV_Generation_eps_4.0_steps_100_image_only_attack_prm_Added_Noise_uniform_Eps_48.0_Tau_Type_normal_anchors - INFO - Batch 62/3669: Clean accuracy 0.8871 | Adv accuracy: 0.0000 | Counter-attack accuracy: 0.7581
2026-02-07 14:43:22,914 - ADV_Generation_eps_4.0_steps_100_image_only_attack_prm_Added_Noise_uniform_Eps_48.0_Tau_Type_normal_anchors - INFO - Batch:[62] Adversarial images for this batch already exist
2026-02-07 14:43:23,167 - ADV_Generation_eps_4.0_steps_100_image_only_attack_prm_Added_Noise_uniform_Eps_48.0_Tau_Type_normal_anchors - INFO - Batch 63/3669: Clean accuracy 0.8889 | Adv accuracy: 0.0000 | Counter-attack accuracy: 0.7460
2026-02-07 14:43:23,169 - ADV_Generation_eps_4.0_steps_100_image_only_attack_prm_Added_Noise_uniform_Eps_48.0_Tau_Type_normal_anchors - INFO - Batch:[63] Adversarial images for this batch already exist
2026-02-07 14:43:23,414 - ADV_Generation_eps_4.0_steps_100_image_only_attack_prm_Added_Noise_uniform_Eps_48.0_Tau_Type_normal_anchors - INFO - Batch 64/3669: Clean accuracy 0.8906 | Adv accuracy: 0.0000 | Counter-attack accuracy: 0.7500
2026-02-07 14:43:23,415 - ADV_Generation_eps_4.0_steps_100_image_only_attack_prm_Added_Noise_uniform_Eps_48.0_Tau_Type_normal_anchors - INFO - Batch:[64] Adversarial images for this batch already exist
2026-02-07 14:43:23,666 - ADV_Generation_eps_4.0_steps_100_image_only_attack_prm_Added_Noise_uniform_Eps_48.0_Tau_Type_normal_anchors - INFO - Batch 65/3669: Clean accuracy 0.8923 | Adv accuracy: 0.0000 | Counter-attack accuracy: 0.7538
2026-02-07 14:43:23,667 - ADV_Generation_eps_4.0_steps_100_image_only_attack_prm_Added_Noise_uniform_Eps_48.0_Tau_Type_normal_anchors - INFO - Batch:[65] Adversarial images for this batch already exist
2026-02-07 14:43:23,931 - ADV_Generation_eps_4.0_steps_100_image_only_attack_prm_Added_Noise_uniform_Eps_48.0_Tau_Type_normal_anchors - INFO - Batch 66/3669: Clean accuracy 0.8939 | Adv accuracy: 0.0000 | Counter-attack accuracy: 0.7576
2026-02-07 14:43:23,932 - ADV_Generation_eps_4.0_steps_100_image_only_attack_prm_Added_Noise_uniform_Eps_48.0_Tau_Type_normal_anchors - INFO - Batch:[66] Adversarial images for this batch already exist
2026-02-07 14:43:24,183 - ADV_Generation_eps_4.0_steps_100_image_only_attack_prm_Added_Noise_uniform_Eps_48.0_Tau_Type_normal_anchors - INFO - Batch 67/3669: Clean accuracy 0.8955 | Adv accuracy: 0.0000 | Counter-attack accuracy: 0.7612
2026-02-07 14:43:24,184 - ADV_Generation_eps_4.0_steps_100_image_only_attack_prm_Added_Noise_uniform_Eps_48.0_Tau_Type_normal_anchors - INFO - Batch:[67] Adversarial images for this batch already exist
2026-02-07 14:43:24,469 - ADV_Generation_eps_4.0_steps_100_image_only_attack_prm_Added_Noise_uniform_Eps_48.0_Tau_Type_normal_anchors - INFO - Batch 68/3669: Clean accuracy 0.8971 | Adv accuracy: 0.0000 | Counter-attack accuracy: 0.7647
2026-02-07 14:43:24,469 - ADV_Generation_eps_4.0_steps_100_image_only_attack_prm_Added_Noise_uniform_Eps_48.0_Tau_Type_normal_anchors - INFO - Batch:[68] Adversarial images for this batch already exist
2026-02-07 14:43:24,740 - ADV_Generation_eps_4.0_steps_100_image_only_attack_prm_Added_Noise_uniform_Eps_48.0_Tau_Type_normal_anchors - INFO - Batch 69/3669: Clean accuracy 0.8986 | Adv accuracy: 0.0000 | Counter-attack accuracy: 0.7681
2026-02-07 14:43:24,740 - ADV_Generation_eps_4.0_steps_100_image_only_attack_prm_Added_Noise_uniform_Eps_48.0_Tau_Type_normal_anchors - INFO - Batch:[69] Adversarial images for this batch already exist
2026-02-07 14:43:24,991 - ADV_Generation_eps_4.0_steps_100_image_only_attack_prm_Added_Noise_uniform_Eps_48.0_Tau_Type_normal_anchors - INFO - Batch 70/3669: Clean accuracy 0.9000 | Adv accuracy: 0.0000 | Counter-attack accuracy: 0.7714
2026-02-07 14:43:24,992 - ADV_Generation_eps_4.0_steps_100_image_only_attack_prm_Added_Noise_uniform_Eps_48.0_Tau_Type_normal_anchors - INFO - Batch:[70] Adversarial images for this batch already exist
2026-02-07 14:43:25,261 - ADV_Generation_eps_4.0_steps_100_image_only_attack_prm_Added_Noise_uniform_Eps_48.0_Tau_Type_normal_anchors - INFO - Batch 71/3669: Clean accuracy 0.9014 | Adv accuracy: 0.0000 | Counter-attack accuracy: 0.7746
2026-02-07 14:43:25,262 - ADV_Generation_eps_4.0_steps_100_image_only_attack_prm_Added_Noise_uniform_Eps_48.0_Tau_Type_normal_anchors - INFO - Batch:[71] Adversarial images for this batch already exist
2026-02-07 14:43:25,511 - ADV_Generation_eps_4.0_steps_100_image_only_attack_prm_Added_Noise_uniform_Eps_48.0_Tau_Type_normal_anchors - INFO - Batch 72/3669: Clean accuracy 0.9028 | Adv accuracy: 0.0000 | Counter-attack accuracy: 0.7778
2026-02-07 14:43:25,512 - ADV_Generation_eps_4.0_steps_100_image_only_attack_prm_Added_Noise_uniform_Eps_48.0_Tau_Type_normal_anchors - INFO - Batch:[72] Adversarial images for this batch already exist
2026-02-07 14:43:25,765 - ADV_Generation_eps_4.0_steps_100_image_only_attack_prm_Added_Noise_uniform_Eps_48.0_Tau_Type_normal_anchors - INFO - Batch 73/3669: Clean accuracy 0.9041 | Adv accuracy: 0.0000 | Counter-attack accuracy: 0.7808
2026-02-07 14:43:25,766 - ADV_Generation_eps_4.0_steps_100_image_only_attack_prm_Added_Noise_uniform_Eps_48.0_Tau_Type_normal_anchors - INFO - Batch:[73] Adversarial images for this batch already exist
2026-02-07 14:43:26,020 - ADV_Generation_eps_4.0_steps_100_image_only_attack_prm_Added_Noise_uniform_Eps_48.0_Tau_Type_normal_anchors - INFO - Batch 74/3669: Clean accuracy 0.9054 | Adv accuracy: 0.0000 | Counter-attack accuracy: 0.7838
2026-02-07 14:43:26,021 - ADV_Generation_eps_4.0_steps_100_image_only_attack_prm_Added_Noise_uniform_Eps_48.0_Tau_Type_normal_anchors - INFO - Batch:[74] Adversarial images for this batch already exist
2026-02-07 14:43:26,274 - ADV_Generation_eps_4.0_steps_100_image_only_attack_prm_Added_Noise_uniform_Eps_48.0_Tau_Type_normal_anchors - INFO - Batch 75/3669: Clean accuracy 0.9067 | Adv accuracy: 0.0000 | Counter-attack accuracy: 0.7867
2026-02-07 14:43:26,302 - ADV_Generation_eps_4.0_steps_100_image_only_attack_prm_Added_Noise_uniform_Eps_48.0_Tau_Type_normal_anchors - INFO - Batch:[75] Adversarial images for this batch already exist
2026-02-07 14:43:26,556 - ADV_Generation_eps_4.0_steps_100_image_only_attack_prm_Added_Noise_uniform_Eps_48.0_Tau_Type_normal_anchors - INFO - Batch 76/3669: Clean accuracy 0.9079 | Adv accuracy: 0.0000 | Counter-attack accuracy: 0.7763
2026-02-07 14:43:26,557 - ADV_Generation_eps_4.0_steps_100_image_only_attack_prm_Added_Noise_uniform_Eps_48.0_Tau_Type_normal_anchors - INFO - Batch:[76] Adversarial images for this batch already exist
2026-02-07 14:43:26,809 - ADV_Generation_eps_4.0_steps_100_image_only_attack_prm_Added_Noise_uniform_Eps_48.0_Tau_Type_normal_anchors - INFO - Batch 77/3669: Clean accuracy 0.9091 | Adv accuracy: 0.0000 | Counter-attack accuracy: 0.7792
2026-02-07 14:43:26,810 - ADV_Generation_eps_4.0_steps_100_image_only_attack_prm_Added_Noise_uniform_Eps_48.0_Tau_Type_normal_anchors - INFO - Batch:[77] Adversarial images for this batch already exist
2026-02-07 14:43:27,063 - ADV_Generation_eps_4.0_steps_100_image_only_attack_prm_Added_Noise_uniform_Eps_48.0_Tau_Type_normal_anchors - INFO - Batch 78/3669: Clean accuracy 0.9103 | Adv accuracy: 0.0000 | Counter-attack accuracy: 0.7821
2026-02-07 14:43:27,064 - ADV_Generation_eps_4.0_steps_100_image_only_attack_prm_Added_Noise_uniform_Eps_48.0_Tau_Type_normal_anchors - INFO - Batch:[78] Adversarial images for this batch already exist
2026-02-07 14:43:27,320 - ADV_Generation_eps_4.0_steps_100_image_only_attack_prm_Added_Noise_uniform_Eps_48.0_Tau_Type_normal_anchors - INFO - Batch 79/3669: Clean accuracy 0.9114 | Adv accuracy: 0.0000 | Counter-attack accuracy: 0.7848
2026-02-07 14:43:27,321 - ADV_Generation_eps_4.0_steps_100_image_only_attack_prm_Added_Noise_uniform_Eps_48.0_Tau_Type_normal_anchors - INFO - Batch:[79] Adversarial images for this batch already exist
2026-02-07 14:43:27,588 - ADV_Generation_eps_4.0_steps_100_image_only_attack_prm_Added_Noise_uniform_Eps_48.0_Tau_Type_normal_anchors - INFO - Batch 80/3669: Clean accuracy 0.9125 | Adv accuracy: 0.0000 | Counter-attack accuracy: 0.7875
2026-02-07 14:43:27,590 - ADV_Generation_eps_4.0_steps_100_image_only_attack_prm_Added_Noise_uniform_Eps_48.0_Tau_Type_normal_anchors - INFO - Batch:[80] Adversarial images for this batch already exist
2026-02-07 14:43:27,837 - ADV_Generation_eps_4.0_steps_100_image_only_attack_prm_Added_Noise_uniform_Eps_48.0_Tau_Type_normal_anchors - INFO - Batch 81/3669: Clean accuracy 0.9136 | Adv accuracy: 0.0000 | Counter-attack accuracy: 0.7901
2026-02-07 14:43:27,838 - ADV_Generation_eps_4.0_steps_100_image_only_attack_prm_Added_Noise_uniform_Eps_48.0_Tau_Type_normal_anchors - INFO - Batch:[81] Adversarial images for this batch already exist
2026-02-07 14:43:28,105 - ADV_Generation_eps_4.0_steps_100_image_only_attack_prm_Added_Noise_uniform_Eps_48.0_Tau_Type_normal_anchors - INFO - Batch 82/3669: Clean accuracy 0.9146 | Adv accuracy: 0.0000 | Counter-attack accuracy: 0.7927
2026-02-07 14:43:28,105 - ADV_Generation_eps_4.0_steps_100_image_only_attack_prm_Added_Noise_uniform_Eps_48.0_Tau_Type_normal_anchors - INFO - Batch:[82] Adversarial images for this batch already exist
2026-02-07 14:43:28,372 - ADV_Generation_eps_4.0_steps_100_image_only_attack_prm_Added_Noise_uniform_Eps_48.0_Tau_Type_normal_anchors - INFO - Batch 83/3669: Clean accuracy 0.9157 | Adv accuracy: 0.0000 | Counter-attack accuracy: 0.7952
2026-02-07 14:43:28,373 - ADV_Generation_eps_4.0_steps_100_image_only_attack_prm_Added_Noise_uniform_Eps_48.0_Tau_Type_normal_anchors - INFO - Batch:[83] Adversarial images for this batch already exist
2026-02-07 14:43:28,632 - ADV_Generation_eps_4.0_steps_100_image_only_attack_prm_Added_Noise_uniform_Eps_48.0_Tau_Type_normal_anchors - INFO - Batch 84/3669: Clean accuracy 0.9167 | Adv accuracy: 0.0000 | Counter-attack accuracy: 0.7976
2026-02-07 14:43:28,633 - ADV_Generation_eps_4.0_steps_100_image_only_attack_prm_Added_Noise_uniform_Eps_48.0_Tau_Type_normal_anchors - INFO - Batch:[84] Adversarial images for this batch already exist
2026-02-07 14:43:28,879 - ADV_Generation_eps_4.0_steps_100_image_only_attack_prm_Added_Noise_uniform_Eps_48.0_Tau_Type_normal_anchors - INFO - Batch 85/3669: Clean accuracy 0.9176 | Adv accuracy: 0.0000 | Counter-attack accuracy: 0.8000
2026-02-07 14:43:28,880 - ADV_Generation_eps_4.0_steps_100_image_only_attack_prm_Added_Noise_uniform_Eps_48.0_Tau_Type_normal_anchors - INFO - Batch:[85] Adversarial images for this batch already exist
2026-02-07 14:43:29,135 - ADV_Generation_eps_4.0_steps_100_image_only_attack_prm_Added_Noise_uniform_Eps_48.0_Tau_Type_normal_anchors - INFO - Batch 86/3669: Clean accuracy 0.9186 | Adv accuracy: 0.0000 | Counter-attack accuracy: 0.8023
2026-02-07 14:43:29,136 - ADV_Generation_eps_4.0_steps_100_image_only_attack_prm_Added_Noise_uniform_Eps_48.0_Tau_Type_normal_anchors - INFO - Batch:[86] Adversarial images for this batch already exist
2026-02-07 14:43:29,386 - ADV_Generation_eps_4.0_steps_100_image_only_attack_prm_Added_Noise_uniform_Eps_48.0_Tau_Type_normal_anchors - INFO - Batch 87/3669: Clean accuracy 0.9080 | Adv accuracy: 0.0000 | Counter-attack accuracy: 0.7931
2026-02-07 14:43:29,387 - ADV_Generation_eps_4.0_steps_100_image_only_attack_prm_Added_Noise_uniform_Eps_48.0_Tau_Type_normal_anchors - INFO - Batch:[87] Adversarial images for this batch already exist
2026-02-07 14:43:29,679 - ADV_Generation_eps_4.0_steps_100_image_only_attack_prm_Added_Noise_uniform_Eps_48.0_Tau_Type_normal_anchors - INFO - Batch 88/3669: Clean accuracy 0.9091 | Adv accuracy: 0.0000 | Counter-attack accuracy: 0.7955
2026-02-07 14:43:29,680 - ADV_Generation_eps_4.0_steps_100_image_only_attack_prm_Added_Noise_uniform_Eps_48.0_Tau_Type_normal_anchors - INFO - Batch:[88] Adversarial images for this batch already exist
2026-02-07 14:43:29,935 - ADV_Generation_eps_4.0_steps_100_image_only_attack_prm_Added_Noise_uniform_Eps_48.0_Tau_Type_normal_anchors - INFO - Batch 89/3669: Clean accuracy 0.9101 | Adv accuracy: 0.0000 | Counter-attack accuracy: 0.7978
2026-02-07 14:43:29,936 - ADV_Generation_eps_4.0_steps_100_image_only_attack_prm_Added_Noise_uniform_Eps_48.0_Tau_Type_normal_anchors - INFO - Batch:[89] Adversarial images for this batch already exist
2026-02-07 14:43:30,195 - ADV_Generation_eps_4.0_steps_100_image_only_attack_prm_Added_Noise_uniform_Eps_48.0_Tau_Type_normal_anchors - INFO - Batch 90/3669: Clean accuracy 0.9111 | Adv accuracy: 0.0000 | Counter-attack accuracy: 0.8000
2026-02-07 14:43:30,196 - ADV_Generation_eps_4.0_steps_100_image_only_attack_prm_Added_Noise_uniform_Eps_48.0_Tau_Type_normal_anchors - INFO - Batch:[90] Adversarial images for this batch already exist
2026-02-07 14:43:30,444 - ADV_Generation_eps_4.0_steps_100_image_only_attack_prm_Added_Noise_uniform_Eps_48.0_Tau_Type_normal_anchors - INFO - Batch 91/3669: Clean accuracy 0.9121 | Adv accuracy: 0.0000 | Counter-attack accuracy: 0.7912
2026-02-07 14:43:30,445 - ADV_Generation_eps_4.0_steps_100_image_only_attack_prm_Added_Noise_uniform_Eps_48.0_Tau_Type_normal_anchors - INFO - Batch:[91] Adversarial images for this batch already exist
2026-02-07 14:43:30,715 - ADV_Generation_eps_4.0_steps_100_image_only_attack_prm_Added_Noise_uniform_Eps_48.0_Tau_Type_normal_anchors - INFO - Batch 92/3669: Clean accuracy 0.9130 | Adv accuracy: 0.0000 | Counter-attack accuracy: 0.7935
2026-02-07 14:43:30,716 - ADV_Generation_eps_4.0_steps_100_image_only_attack_prm_Added_Noise_uniform_Eps_48.0_Tau_Type_normal_anchors - INFO - Batch:[92] Adversarial images for this batch already exist
2026-02-07 14:43:30,995 - ADV_Generation_eps_4.0_steps_100_image_only_attack_prm_Added_Noise_uniform_Eps_48.0_Tau_Type_normal_anchors - INFO - Batch 93/3669: Clean accuracy 0.9140 | Adv accuracy: 0.0000 | Counter-attack accuracy: 0.7957
2026-02-07 14:43:30,995 - ADV_Generation_eps_4.0_steps_100_image_only_attack_prm_Added_Noise_uniform_Eps_48.0_Tau_Type_normal_anchors - INFO - Batch:[93] Adversarial images for this batch already exist
2026-02-07 14:43:31,250 - ADV_Generation_eps_4.0_steps_100_image_only_attack_prm_Added_Noise_uniform_Eps_48.0_Tau_Type_normal_anchors - INFO - Batch 94/3669: Clean accuracy 0.9149 | Adv accuracy: 0.0000 | Counter-attack accuracy: 0.7979
2026-02-07 14:43:31,250 - ADV_Generation_eps_4.0_steps_100_image_only_attack_prm_Added_Noise_uniform_Eps_48.0_Tau_Type_normal_anchors - INFO - Batch:[94] Adversarial images for this batch already exist
2026-02-07 14:43:31,516 - ADV_Generation_eps_4.0_steps_100_image_only_attack_prm_Added_Noise_uniform_Eps_48.0_Tau_Type_normal_anchors - INFO - Batch 95/3669: Clean accuracy 0.9158 | Adv accuracy: 0.0000 | Counter-attack accuracy: 0.8000
2026-02-07 14:43:31,516 - ADV_Generation_eps_4.0_steps_100_image_only_attack_prm_Added_Noise_uniform_Eps_48.0_Tau_Type_normal_anchors - INFO - Batch:[95] Adversarial images for this batch already exist
2026-02-07 14:43:31,768 - ADV_Generation_eps_4.0_steps_100_image_only_attack_prm_Added_Noise_uniform_Eps_48.0_Tau_Type_normal_anchors - INFO - Batch 96/3669: Clean accuracy 0.9167 | Adv accuracy: 0.0000 | Counter-attack accuracy: 0.8021
2026-02-07 14:43:31,769 - ADV_Generation_eps_4.0_steps_100_image_only_attack_prm_Added_Noise_uniform_Eps_48.0_Tau_Type_normal_anchors - INFO - Batch:[96] Adversarial images for this batch already exist
2026-02-07 14:43:32,016 - ADV_Generation_eps_4.0_steps_100_image_only_attack_prm_Added_Noise_uniform_Eps_48.0_Tau_Type_normal_anchors - INFO - Batch 97/3669: Clean accuracy 0.9175 | Adv accuracy: 0.0000 | Counter-attack accuracy: 0.8041
2026-02-07 14:43:32,016 - ADV_Generation_eps_4.0_steps_100_image_only_attack_prm_Added_Noise_uniform_Eps_48.0_Tau_Type_normal_anchors - INFO - Batch:[97] Adversarial images for this batch already exist
2026-02-07 14:43:32,286 - ADV_Generation_eps_4.0_steps_100_image_only_attack_prm_Added_Noise_uniform_Eps_48.0_Tau_Type_normal_anchors - INFO - Batch 98/3669: Clean accuracy 0.9184 | Adv accuracy: 0.0000 | Counter-attack accuracy: 0.8061
2026-02-07 14:43:32,286 - ADV_Generation_eps_4.0_steps_100_image_only_attack_prm_Added_Noise_uniform_Eps_48.0_Tau_Type_normal_anchors - INFO - Batch:[98] Adversarial images for this batch already exist
2026-02-07 14:43:32,561 - ADV_Generation_eps_4.0_steps_100_image_only_attack_prm_Added_Noise_uniform_Eps_48.0_Tau_Type_normal_anchors - INFO - Batch 99/3669: Clean accuracy 0.9192 | Adv accuracy: 0.0000 | Counter-attack accuracy: 0.8081
2026-02-07 14:43:32,561 - ADV_Generation_eps_4.0_steps_100_image_only_attack_prm_Added_Noise_uniform_Eps_48.0_Tau_Type_normal_anchors - INFO - Batch:[99] Adversarial images for this batch already exist
2026-02-07 14:43:32,829 - ADV_Generation_eps_4.0_steps_100_image_only_attack_prm_Added_Noise_uniform_Eps_48.0_Tau_Type_normal_anchors - INFO - Batch 100/3669: Clean accuracy 0.9200 | Adv accuracy: 0.0000 | Counter-attack accuracy: 0.8100
2026-02-07 14:43:32,830 - ADV_Generation_eps_4.0_steps_100_image_only_attack_prm_Added_Noise_uniform_Eps_48.0_Tau_Type_normal_anchors - INFO - Batch:[100] Adversarial images for this batch already exist
2026-02-07 14:43:33,083 - ADV_Generation_eps_4.0_steps_100_image_only_attack_prm_Added_Noise_uniform_Eps_48.0_Tau_Type_normal_anchors - INFO - Batch 101/3669: Clean accuracy 0.9208 | Adv accuracy: 0.0000 | Counter-attack accuracy: 0.8119
2026-02-07 14:43:33,084 - ADV_Generation_eps_4.0_steps_100_image_only_attack_prm_Added_Noise_uniform_Eps_48.0_Tau_Type_normal_anchors - INFO - Batch:[101] Adversarial images for this batch already exist
2026-02-07 14:43:33,363 - ADV_Generation_eps_4.0_steps_100_image_only_attack_prm_Added_Noise_uniform_Eps_48.0_Tau_Type_normal_anchors - INFO - Batch 102/3669: Clean accuracy 0.9216 | Adv accuracy: 0.0000 | Counter-attack accuracy: 0.8137
2026-02-07 14:43:33,363 - ADV_Generation_eps_4.0_steps_100_image_only_attack_prm_Added_Noise_uniform_Eps_48.0_Tau_Type_normal_anchors - INFO - Batch:[102] Adversarial images for this batch already exist
2026-02-07 14:43:33,614 - ADV_Generation_eps_4.0_steps_100_image_only_attack_prm_Added_Noise_uniform_Eps_48.0_Tau_Type_normal_anchors - INFO - Batch 103/3669: Clean accuracy 0.9223 | Adv accuracy: 0.0000 | Counter-attack accuracy: 0.8155
2026-02-07 14:43:33,616 - ADV_Generation_eps_4.0_steps_100_image_only_attack_prm_Added_Noise_uniform_Eps_48.0_Tau_Type_normal_anchors - INFO - Batch:[103] Adversarial images for this batch already exist
2026-02-07 14:43:33,875 - ADV_Generation_eps_4.0_steps_100_image_only_attack_prm_Added_Noise_uniform_Eps_48.0_Tau_Type_normal_anchors - INFO - Batch 104/3669: Clean accuracy 0.9231 | Adv accuracy: 0.0000 | Counter-attack accuracy: 0.8173
2026-02-07 14:43:33,875 - ADV_Generation_eps_4.0_steps_100_image_only_attack_prm_Added_Noise_uniform_Eps_48.0_Tau_Type_normal_anchors - INFO - Batch:[104] Adversarial images for this batch already exist
2026-02-07 14:43:34,133 - ADV_Generation_eps_4.0_steps_100_image_only_attack_prm_Added_Noise_uniform_Eps_48.0_Tau_Type_normal_anchors - INFO - Batch 105/3669: Clean accuracy 0.9238 | Adv accuracy: 0.0000 | Counter-attack accuracy: 0.8190
2026-02-07 14:43:34,134 - ADV_Generation_eps_4.0_steps_100_image_only_attack_prm_Added_Noise_uniform_Eps_48.0_Tau_Type_normal_anchors - INFO - Batch:[105] Adversarial images for this batch already exist
2026-02-07 14:43:34,384 - ADV_Generation_eps_4.0_steps_100_image_only_attack_prm_Added_Noise_uniform_Eps_48.0_Tau_Type_normal_anchors - INFO - Batch 106/3669: Clean accuracy 0.9245 | Adv accuracy: 0.0000 | Counter-attack accuracy: 0.8208
2026-02-07 14:43:34,384 - ADV_Generation_eps_4.0_steps_100_image_only_attack_prm_Added_Noise_uniform_Eps_48.0_Tau_Type_normal_anchors - INFO - Batch:[106] Adversarial images for this batch already exist
2026-02-07 14:43:34,636 - ADV_Generation_eps_4.0_steps_100_image_only_attack_prm_Added_Noise_uniform_Eps_48.0_Tau_Type_normal_anchors - INFO - Batch 107/3669: Clean accuracy 0.9252 | Adv accuracy: 0.0000 | Counter-attack accuracy: 0.8224
2026-02-07 14:43:34,637 - ADV_Generation_eps_4.0_steps_100_image_only_attack_prm_Added_Noise_uniform_Eps_48.0_Tau_Type_normal_anchors - INFO - Batch:[107] Adversarial images for this batch already exist
2026-02-07 14:43:34,898 - ADV_Generation_eps_4.0_steps_100_image_only_attack_prm_Added_Noise_uniform_Eps_48.0_Tau_Type_normal_anchors - INFO - Batch 108/3669: Clean accuracy 0.9259 | Adv accuracy: 0.0000 | Counter-attack accuracy: 0.8241
2026-02-07 14:43:34,899 - ADV_Generation_eps_4.0_steps_100_image_only_attack_prm_Added_Noise_uniform_Eps_48.0_Tau_Type_normal_anchors - INFO - Batch:[108] Adversarial images for this batch already exist
2026-02-07 14:43:35,153 - ADV_Generation_eps_4.0_steps_100_image_only_attack_prm_Added_Noise_uniform_Eps_48.0_Tau_Type_normal_anchors - INFO - Batch 109/3669: Clean accuracy 0.9266 | Adv accuracy: 0.0000 | Counter-attack accuracy: 0.8165
2026-02-07 14:43:35,153 - ADV_Generation_eps_4.0_steps_100_image_only_attack_prm_Added_Noise_uniform_Eps_48.0_Tau_Type_normal_anchors - INFO - Batch:[109] Adversarial images for this batch already exist
2026-02-07 14:43:35,402 - ADV_Generation_eps_4.0_steps_100_image_only_attack_prm_Added_Noise_uniform_Eps_48.0_Tau_Type_normal_anchors - INFO - Batch 110/3669: Clean accuracy 0.9273 | Adv accuracy: 0.0000 | Counter-attack accuracy: 0.8182
2026-02-07 14:43:35,402 - ADV_Generation_eps_4.0_steps_100_image_only_attack_prm_Added_Noise_uniform_Eps_48.0_Tau_Type_normal_anchors - INFO - Batch:[110] Adversarial images for this batch already exist
2026-02-07 14:43:35,659 - ADV_Generation_eps_4.0_steps_100_image_only_attack_prm_Added_Noise_uniform_Eps_48.0_Tau_Type_normal_anchors - INFO - Batch 111/3669: Clean accuracy 0.9279 | Adv accuracy: 0.0000 | Counter-attack accuracy: 0.8198
2026-02-07 14:43:35,659 - ADV_Generation_eps_4.0_steps_100_image_only_attack_prm_Added_Noise_uniform_Eps_48.0_Tau_Type_normal_anchors - INFO - Batch:[111] Adversarial images for this batch already exist
2026-02-07 14:43:35,925 - ADV_Generation_eps_4.0_steps_100_image_only_attack_prm_Added_Noise_uniform_Eps_48.0_Tau_Type_normal_anchors - INFO - Batch 112/3669: Clean accuracy 0.9286 | Adv accuracy: 0.0000 | Counter-attack accuracy: 0.8214
2026-02-07 14:43:35,925 - ADV_Generation_eps_4.0_steps_100_image_only_attack_prm_Added_Noise_uniform_Eps_48.0_Tau_Type_normal_anchors - INFO - Batch:[112] Adversarial images for this batch already exist
2026-02-07 14:43:36,175 - ADV_Generation_eps_4.0_steps_100_image_only_attack_prm_Added_Noise_uniform_Eps_48.0_Tau_Type_normal_anchors - INFO - Batch 113/3669: Clean accuracy 0.9292 | Adv accuracy: 0.0000 | Counter-attack accuracy: 0.8230
2026-02-07 14:43:36,175 - ADV_Generation_eps_4.0_steps_100_image_only_attack_prm_Added_Noise_uniform_Eps_48.0_Tau_Type_normal_anchors - INFO - Batch:[113] Adversarial images for this batch already exist
2026-02-07 14:43:36,437 - ADV_Generation_eps_4.0_steps_100_image_only_attack_prm_Added_Noise_uniform_Eps_48.0_Tau_Type_normal_anchors - INFO - Batch 114/3669: Clean accuracy 0.9211 | Adv accuracy: 0.0000 | Counter-attack accuracy: 0.8158
2026-02-07 14:43:36,438 - ADV_Generation_eps_4.0_steps_100_image_only_attack_prm_Added_Noise_uniform_Eps_48.0_Tau_Type_normal_anchors - INFO - Batch:[114] Adversarial images for this batch already exist
2026-02-07 14:43:36,684 - ADV_Generation_eps_4.0_steps_100_image_only_attack_prm_Added_Noise_uniform_Eps_48.0_Tau_Type_normal_anchors - INFO - Batch 115/3669: Clean accuracy 0.9217 | Adv accuracy: 0.0000 | Counter-attack accuracy: 0.8174
2026-02-07 14:43:36,685 - ADV_Generation_eps_4.0_steps_100_image_only_attack_prm_Added_Noise_uniform_Eps_48.0_Tau_Type_normal_anchors - INFO - Batch:[115] Adversarial images for this batch already exist
2026-02-07 14:43:36,961 - ADV_Generation_eps_4.0_steps_100_image_only_attack_prm_Added_Noise_uniform_Eps_48.0_Tau_Type_normal_anchors - INFO - Batch 116/3669: Clean accuracy 0.9224 | Adv accuracy: 0.0000 | Counter-attack accuracy: 0.8190
2026-02-07 14:43:36,962 - ADV_Generation_eps_4.0_steps_100_image_only_attack_prm_Added_Noise_uniform_Eps_48.0_Tau_Type_normal_anchors - INFO - Batch:[116] Adversarial images for this batch already exist
2026-02-07 14:43:37,244 - ADV_Generation_eps_4.0_steps_100_image_only_attack_prm_Added_Noise_uniform_Eps_48.0_Tau_Type_normal_anchors - INFO - Batch 117/3669: Clean accuracy 0.9231 | Adv accuracy: 0.0000 | Counter-attack accuracy: 0.8205
2026-02-07 14:43:37,246 - ADV_Generation_eps_4.0_steps_100_image_only_attack_prm_Added_Noise_uniform_Eps_48.0_Tau_Type_normal_anchors - INFO - Batch:[117] Adversarial images for this batch already exist
2026-02-07 14:43:37,508 - ADV_Generation_eps_4.0_steps_100_image_only_attack_prm_Added_Noise_uniform_Eps_48.0_Tau_Type_normal_anchors - INFO - Batch 118/3669: Clean accuracy 0.9237 | Adv accuracy: 0.0000 | Counter-attack accuracy: 0.8220
2026-02-07 14:43:37,509 - ADV_Generation_eps_4.0_steps_100_image_only_attack_prm_Added_Noise_uniform_Eps_48.0_Tau_Type_normal_anchors - INFO - Batch:[118] Adversarial images for this batch already exist
2026-02-07 14:43:37,762 - ADV_Generation_eps_4.0_steps_100_image_only_attack_prm_Added_Noise_uniform_Eps_48.0_Tau_Type_normal_anchors - INFO - Batch 119/3669: Clean accuracy 0.9244 | Adv accuracy: 0.0000 | Counter-attack accuracy: 0.8235
2026-02-07 14:43:37,762 - ADV_Generation_eps_4.0_steps_100_image_only_attack_prm_Added_Noise_uniform_Eps_48.0_Tau_Type_normal_anchors - INFO - Batch:[119] Adversarial images for this batch already exist
2026-02-07 14:43:38,014 - ADV_Generation_eps_4.0_steps_100_image_only_attack_prm_Added_Noise_uniform_Eps_48.0_Tau_Type_normal_anchors - INFO - Batch 120/3669: Clean accuracy 0.9250 | Adv accuracy: 0.0000 | Counter-attack accuracy: 0.8250
2026-02-07 14:43:38,014 - ADV_Generation_eps_4.0_steps_100_image_only_attack_prm_Added_Noise_uniform_Eps_48.0_Tau_Type_normal_anchors - INFO - Batch:[120] Adversarial images for this batch already exist
2026-02-07 14:43:38,278 - ADV_Generation_eps_4.0_steps_100_image_only_attack_prm_Added_Noise_uniform_Eps_48.0_Tau_Type_normal_anchors - INFO - Batch 121/3669: Clean accuracy 0.9256 | Adv accuracy: 0.0000 | Counter-attack accuracy: 0.8264
2026-02-07 14:43:38,278 - ADV_Generation_eps_4.0_steps_100_image_only_attack_prm_Added_Noise_uniform_Eps_48.0_Tau_Type_normal_anchors - INFO - Batch:[121] Adversarial images for this batch already exist
2026-02-07 14:43:38,555 - ADV_Generation_eps_4.0_steps_100_image_only_attack_prm_Added_Noise_uniform_Eps_48.0_Tau_Type_normal_anchors - INFO - Batch 122/3669: Clean accuracy 0.9262 | Adv accuracy: 0.0000 | Counter-attack accuracy: 0.8279
2026-02-07 14:43:38,555 - ADV_Generation_eps_4.0_steps_100_image_only_attack_prm_Added_Noise_uniform_Eps_48.0_Tau_Type_normal_anchors - INFO - Batch:[122] Adversarial images for this batch already exist
2026-02-07 14:43:38,808 - ADV_Generation_eps_4.0_steps_100_image_only_attack_prm_Added_Noise_uniform_Eps_48.0_Tau_Type_normal_anchors - INFO - Batch 123/3669: Clean accuracy 0.9187 | Adv accuracy: 0.0000 | Counter-attack accuracy: 0.8211
2026-02-07 14:43:38,808 - ADV_Generation_eps_4.0_steps_100_image_only_attack_prm_Added_Noise_uniform_Eps_48.0_Tau_Type_normal_anchors - INFO - Batch:[123] Adversarial images for this batch already exist
2026-02-07 14:43:39,077 - ADV_Generation_eps_4.0_steps_100_image_only_attack_prm_Added_Noise_uniform_Eps_48.0_Tau_Type_normal_anchors - INFO - Batch 124/3669: Clean accuracy 0.9194 | Adv accuracy: 0.0000 | Counter-attack accuracy: 0.8226
2026-02-07 14:43:39,077 - ADV_Generation_eps_4.0_steps_100_image_only_attack_prm_Added_Noise_uniform_Eps_48.0_Tau_Type_normal_anchors - INFO - Batch:[124] Adversarial images for this batch already exist
2026-02-07 14:43:39,330 - ADV_Generation_eps_4.0_steps_100_image_only_attack_prm_Added_Noise_uniform_Eps_48.0_Tau_Type_normal_anchors - INFO - Batch 125/3669: Clean accuracy 0.9200 | Adv accuracy: 0.0000 | Counter-attack accuracy: 0.8240
2026-02-07 14:43:39,331 - ADV_Generation_eps_4.0_steps_100_image_only_attack_prm_Added_Noise_uniform_Eps_48.0_Tau_Type_normal_anchors - INFO - Batch:[125] Adversarial images for this batch already exist
2026-02-07 14:43:39,584 - ADV_Generation_eps_4.0_steps_100_image_only_attack_prm_Added_Noise_uniform_Eps_48.0_Tau_Type_normal_anchors - INFO - Batch 126/3669: Clean accuracy 0.9206 | Adv accuracy: 0.0000 | Counter-attack accuracy: 0.8175
2026-02-07 14:43:39,585 - ADV_Generation_eps_4.0_steps_100_image_only_attack_prm_Added_Noise_uniform_Eps_48.0_Tau_Type_normal_anchors - INFO - Batch:[126] Adversarial images for this batch already exist
2026-02-07 14:43:39,836 - ADV_Generation_eps_4.0_steps_100_image_only_attack_prm_Added_Noise_uniform_Eps_48.0_Tau_Type_normal_anchors - INFO - Batch 127/3669: Clean accuracy 0.9213 | Adv accuracy: 0.0000 | Counter-attack accuracy: 0.8110
2026-02-07 14:43:39,838 - ADV_Generation_eps_4.0_steps_100_image_only_attack_prm_Added_Noise_uniform_Eps_48.0_Tau_Type_normal_anchors - INFO - Batch:[127] Adversarial images for this batch already exist
2026-02-07 14:43:40,104 - ADV_Generation_eps_4.0_steps_100_image_only_attack_prm_Added_Noise_uniform_Eps_48.0_Tau_Type_normal_anchors - INFO - Batch 128/3669: Clean accuracy 0.9219 | Adv accuracy: 0.0000 | Counter-attack accuracy: 0.8125
2026-02-07 14:43:40,105 - ADV_Generation_eps_4.0_steps_100_image_only_attack_prm_Added_Noise_uniform_Eps_48.0_Tau_Type_normal_anchors - INFO - Batch:[128] Adversarial images for this batch already exist
2026-02-07 14:43:40,356 - ADV_Generation_eps_4.0_steps_100_image_only_attack_prm_Added_Noise_uniform_Eps_48.0_Tau_Type_normal_anchors - INFO - Batch 129/3669: Clean accuracy 0.9225 | Adv accuracy: 0.0000 | Counter-attack accuracy: 0.8062
2026-02-07 14:43:40,356 - ADV_Generation_eps_4.0_steps_100_image_only_attack_prm_Added_Noise_uniform_Eps_48.0_Tau_Type_normal_anchors - INFO - Batch:[129] Adversarial images for this batch already exist
2026-02-07 14:43:40,610 - ADV_Generation_eps_4.0_steps_100_image_only_attack_prm_Added_Noise_uniform_Eps_48.0_Tau_Type_normal_anchors - INFO - Batch 130/3669: Clean accuracy 0.9231 | Adv accuracy: 0.0000 | Counter-attack accuracy: 0.8077
2026-02-07 14:43:40,611 - ADV_Generation_eps_4.0_steps_100_image_only_attack_prm_Added_Noise_uniform_Eps_48.0_Tau_Type_normal_anchors - INFO - Batch:[130] Adversarial images for this batch already exist
2026-02-07 14:43:40,860 - ADV_Generation_eps_4.0_steps_100_image_only_attack_prm_Added_Noise_uniform_Eps_48.0_Tau_Type_normal_anchors - INFO - Batch 131/3669: Clean accuracy 0.9237 | Adv accuracy: 0.0000 | Counter-attack accuracy: 0.8092
2026-02-07 14:43:40,861 - ADV_Generation_eps_4.0_steps_100_image_only_attack_prm_Added_Noise_uniform_Eps_48.0_Tau_Type_normal_anchors - INFO - Batch:[131] Adversarial images for this batch already exist
2026-02-07 14:43:41,129 - ADV_Generation_eps_4.0_steps_100_image_only_attack_prm_Added_Noise_uniform_Eps_48.0_Tau_Type_normal_anchors - INFO - Batch 132/3669: Clean accuracy 0.9242 | Adv accuracy: 0.0000 | Counter-attack accuracy: 0.8106
2026-02-07 14:43:41,130 - ADV_Generation_eps_4.0_steps_100_image_only_attack_prm_Added_Noise_uniform_Eps_48.0_Tau_Type_normal_anchors - INFO - Batch:[132] Adversarial images for this batch already exist
2026-02-07 14:43:41,381 - ADV_Generation_eps_4.0_steps_100_image_only_attack_prm_Added_Noise_uniform_Eps_48.0_Tau_Type_normal_anchors - INFO - Batch 133/3669: Clean accuracy 0.9248 | Adv accuracy: 0.0000 | Counter-attack accuracy: 0.8120
2026-02-07 14:43:41,382 - ADV_Generation_eps_4.0_steps_100_image_only_attack_prm_Added_Noise_uniform_Eps_48.0_Tau_Type_normal_anchors - INFO - Batch:[133] Adversarial images for this batch already exist
2026-02-07 14:43:41,642 - ADV_Generation_eps_4.0_steps_100_image_only_attack_prm_Added_Noise_uniform_Eps_48.0_Tau_Type_normal_anchors - INFO - Batch 134/3669: Clean accuracy 0.9254 | Adv accuracy: 0.0000 | Counter-attack accuracy: 0.8060
2026-02-07 14:43:41,643 - ADV_Generation_eps_4.0_steps_100_image_only_attack_prm_Added_Noise_uniform_Eps_48.0_Tau_Type_normal_anchors - INFO - Batch:[134] Adversarial images for this batch already exist
2026-02-07 14:43:41,905 - ADV_Generation_eps_4.0_steps_100_image_only_attack_prm_Added_Noise_uniform_Eps_48.0_Tau_Type_normal_anchors - INFO - Batch 135/3669: Clean accuracy 0.9259 | Adv accuracy: 0.0000 | Counter-attack accuracy: 0.8000
2026-02-07 14:43:41,906 - ADV_Generation_eps_4.0_steps_100_image_only_attack_prm_Added_Noise_uniform_Eps_48.0_Tau_Type_normal_anchors - INFO - Batch:[135] Adversarial images for this batch already exist
2026-02-07 14:43:42,153 - ADV_Generation_eps_4.0_steps_100_image_only_attack_prm_Added_Noise_uniform_Eps_48.0_Tau_Type_normal_anchors - INFO - Batch 136/3669: Clean accuracy 0.9265 | Adv accuracy: 0.0000 | Counter-attack accuracy: 0.8015
2026-02-07 14:43:42,154 - ADV_Generation_eps_4.0_steps_100_image_only_attack_prm_Added_Noise_uniform_Eps_48.0_Tau_Type_normal_anchors - INFO - Batch:[136] Adversarial images for this batch already exist
2026-02-07 14:43:42,414 - ADV_Generation_eps_4.0_steps_100_image_only_attack_prm_Added_Noise_uniform_Eps_48.0_Tau_Type_normal_anchors - INFO - Batch 137/3669: Clean accuracy 0.9270 | Adv accuracy: 0.0000 | Counter-attack accuracy: 0.8029
2026-02-07 14:43:42,415 - ADV_Generation_eps_4.0_steps_100_image_only_attack_prm_Added_Noise_uniform_Eps_48.0_Tau_Type_normal_anchors - INFO - Batch:[137] Adversarial images for this batch already exist
2026-02-07 14:43:42,663 - ADV_Generation_eps_4.0_steps_100_image_only_attack_prm_Added_Noise_uniform_Eps_48.0_Tau_Type_normal_anchors - INFO - Batch 138/3669: Clean accuracy 0.9275 | Adv accuracy: 0.0000 | Counter-attack accuracy: 0.8043
2026-02-07 14:43:42,664 - ADV_Generation_eps_4.0_steps_100_image_only_attack_prm_Added_Noise_uniform_Eps_48.0_Tau_Type_normal_anchors - INFO - Batch:[138] Adversarial images for this batch already exist
2026-02-07 14:43:42,920 - ADV_Generation_eps_4.0_steps_100_image_only_attack_prm_Added_Noise_uniform_Eps_48.0_Tau_Type_normal_anchors - INFO - Batch 139/3669: Clean accuracy 0.9281 | Adv accuracy: 0.0000 | Counter-attack accuracy: 0.8058
2026-02-07 14:43:42,920 - ADV_Generation_eps_4.0_steps_100_image_only_attack_prm_Added_Noise_uniform_Eps_48.0_Tau_Type_normal_anchors - INFO - Batch:[139] Adversarial images for this batch already exist
2026-02-07 14:43:43,169 - ADV_Generation_eps_4.0_steps_100_image_only_attack_prm_Added_Noise_uniform_Eps_48.0_Tau_Type_normal_anchors - INFO - Batch 140/3669: Clean accuracy 0.9286 | Adv accuracy: 0.0000 | Counter-attack accuracy: 0.8071
2026-02-07 14:43:43,169 - ADV_Generation_eps_4.0_steps_100_image_only_attack_prm_Added_Noise_uniform_Eps_48.0_Tau_Type_normal_anchors - INFO - Batch:[140] Adversarial images for this batch already exist
2026-02-07 14:43:43,423 - ADV_Generation_eps_4.0_steps_100_image_only_attack_prm_Added_Noise_uniform_Eps_48.0_Tau_Type_normal_anchors - INFO - Batch 141/3669: Clean accuracy 0.9291 | Adv accuracy: 0.0000 | Counter-attack accuracy: 0.8085
2026-02-07 14:43:43,424 - ADV_Generation_eps_4.0_steps_100_image_only_attack_prm_Added_Noise_uniform_Eps_48.0_Tau_Type_normal_anchors - INFO - Batch:[141] Adversarial images for this batch already exist
2026-02-07 14:43:43,681 - ADV_Generation_eps_4.0_steps_100_image_only_attack_prm_Added_Noise_uniform_Eps_48.0_Tau_Type_normal_anchors - INFO - Batch 142/3669: Clean accuracy 0.9296 | Adv accuracy: 0.0000 | Counter-attack accuracy: 0.8099
2026-02-07 14:43:43,681 - ADV_Generation_eps_4.0_steps_100_image_only_attack_prm_Added_Noise_uniform_Eps_48.0_Tau_Type_normal_anchors - INFO - Batch:[142] Adversarial images for this batch already exist
2026-02-07 14:43:43,947 - ADV_Generation_eps_4.0_steps_100_image_only_attack_prm_Added_Noise_uniform_Eps_48.0_Tau_Type_normal_anchors - INFO - Batch 143/3669: Clean accuracy 0.9301 | Adv accuracy: 0.0000 | Counter-attack accuracy: 0.8112
2026-02-07 14:43:43,948 - ADV_Generation_eps_4.0_steps_100_image_only_attack_prm_Added_Noise_uniform_Eps_48.0_Tau_Type_normal_anchors - INFO - Batch:[143] Adversarial images for this batch already exist
2026-02-07 14:43:44,207 - ADV_Generation_eps_4.0_steps_100_image_only_attack_prm_Added_Noise_uniform_Eps_48.0_Tau_Type_normal_anchors - INFO - Batch 144/3669: Clean accuracy 0.9306 | Adv accuracy: 0.0000 | Counter-attack accuracy: 0.8125
2026-02-07 14:43:44,207 - ADV_Generation_eps_4.0_steps_100_image_only_attack_prm_Added_Noise_uniform_Eps_48.0_Tau_Type_normal_anchors - INFO - Batch:[144] Adversarial images for this batch already exist
2026-02-07 14:43:44,455 - ADV_Generation_eps_4.0_steps_100_image_only_attack_prm_Added_Noise_uniform_Eps_48.0_Tau_Type_normal_anchors - INFO - Batch 145/3669: Clean accuracy 0.9310 | Adv accuracy: 0.0000 | Counter-attack accuracy: 0.8138
2026-02-07 14:43:44,456 - ADV_Generation_eps_4.0_steps_100_image_only_attack_prm_Added_Noise_uniform_Eps_48.0_Tau_Type_normal_anchors - INFO - Batch:[145] Adversarial images for this batch already exist
2026-02-07 14:43:44,709 - ADV_Generation_eps_4.0_steps_100_image_only_attack_prm_Added_Noise_uniform_Eps_48.0_Tau_Type_normal_anchors - INFO - Batch 146/3669: Clean accuracy 0.9247 | Adv accuracy: 0.0000 | Counter-attack accuracy: 0.8082
2026-02-07 14:43:44,709 - ADV_Generation_eps_4.0_steps_100_image_only_attack_prm_Added_Noise_uniform_Eps_48.0_Tau_Type_normal_anchors - INFO - Batch:[146] Adversarial images for this batch already exist
2026-02-07 14:43:44,961 - ADV_Generation_eps_4.0_steps_100_image_only_attack_prm_Added_Noise_uniform_Eps_48.0_Tau_Type_normal_anchors - INFO - Batch 147/3669: Clean accuracy 0.9184 | Adv accuracy: 0.0000 | Counter-attack accuracy: 0.8095
2026-02-07 14:43:44,962 - ADV_Generation_eps_4.0_steps_100_image_only_attack_prm_Added_Noise_uniform_Eps_48.0_Tau_Type_normal_anchors - INFO - Batch:[147] Adversarial images for this batch already exist
