2026-02-12 09:03:12,013 - ADV_Generation_eps_8.0_steps_100_Added_Noise_gaussian_Sigma_0.01_Tau_Type_noisy_num_anchors_10 - INFO - ==========================================
data:/leonardo_work/EUHPC_R04_192/fmohamma/Adversarial_Robust_Clip/atpt_data/downstream_datasets
test_sets:Cars
dataset_mode:test
arch:vit_l_14_datacomp_1b
resolution:224
transferability:False
source_model:fare4
workers:4
no_pin_memory:False
batch_size:1
adv_bs:1
print_freq:20
gpu:0
no_cudnn_benchmark:False
n_ctx:4
ctx_init:a_photo_of_a
seed:0
output_dir:/leonardo_work/EUHPC_R04_192/fmohamma/Adversarial_Robust_Clip/atpt_data/vit_l_14_datacomp_1b/Cars
log_output_dir:/leonardo_work/EUHPC_R04_192/fmohamma/Adversarial_Robust_Clip/ATPT/Diffratio_v3/vit_l_14_datacomp_1b/Cars/ADV_Generation_eps_8.0_steps_100_Added_Noise_gaussian_Sigma_0.01_Tau_Type_noisy_num_anchors_10
image_only_attack:False
image_only_attack_type:prm
image_predicted_label_attack:False
eps:8.0
alpha:2.0
alpha_eps_ratio:4.0
steps:100
counter_attack:True
counter_attack_type:pgd
counter_attack_steps:0
counter_attack_eps:1.0
counter_attack_alpha:1.0
counter_attack_tau_thres:0.2
counter_attack_beta:2.0
counter_attack_weighted_perturbations:True
counter_attack_init_noise:gaussian
counter_attack_gaussian_sigma:0.01
counter_attack_noisy_tau_num_anchors:10
counter_attack_tau:noisy
pgd_clip_pure_i_text_embeddings:null
pgd_counter_and_clipure_i_lamda:1.0
image_feature_purify:False
image_feature_purify_type:noisy_anchor
image_feature_purify_noisy_anchors:10
image_feature_purify_anchors_alpha:1.2
image_feature_purify_noisy_sigma:0.18
image_feature_purify_diff_threshold:0.0
image_feature_clipure_steps:10
image_feature_clipure_step_size:10.0
save_plots:False
lr:0.005
selection_p:0.1
tta_steps:1
top_k:20
softmax_temp:0.01
load_tecoa:

2026-02-12 09:03:12,014 - ADV_Generation_eps_8.0_steps_100_Added_Noise_gaussian_Sigma_0.01_Tau_Type_noisy_num_anchors_10 - INFO - Use GPU: 0 for training
2026-02-12 09:04:55,732 - ADV_Generation_eps_8.0_steps_100_Added_Noise_gaussian_Sigma_0.01_Tau_Type_noisy_num_anchors_10 - INFO - => Model created: visual backbone vit_l_14_datacomp_1b
2026-02-12 09:04:55,760 - ADV_Generation_eps_8.0_steps_100_Added_Noise_gaussian_Sigma_0.01_Tau_Type_noisy_num_anchors_10 - INFO - Number of test samples: 8041
2026-02-12 09:04:55,761 - ADV_Generation_eps_8.0_steps_100_Added_Noise_gaussian_Sigma_0.01_Tau_Type_noisy_num_anchors_10 - INFO - Evaluating dataset: Cars
2026-02-12 09:04:55,762 - ADV_Generation_eps_8.0_steps_100_Added_Noise_gaussian_Sigma_0.01_Tau_Type_noisy_num_anchors_10 - INFO - Starting evaluation with batch size: 1, selection percentage: 0.1
2026-02-12 09:04:55,762 - ADV_Generation_eps_8.0_steps_100_Added_Noise_gaussian_Sigma_0.01_Tau_Type_noisy_num_anchors_10 - INFO - Using counter-attack with epsilon: 1.000000, alpha: 1.000000, steps: 0
2026-02-12 09:04:55,762 - ADV_Generation_eps_8.0_steps_100_Added_Noise_gaussian_Sigma_0.01_Tau_Type_noisy_num_anchors_10 - INFO - Adversarial examples will be loaded from /leonardo_work/EUHPC_R04_192/fmohamma/Adversarial_Robust_Clip/atpt_data/vit_l_14_datacomp_1b/Cars/adv_images_eps_8.0_alpha_2.0_steps_100 and evaluated on vit_l_14_datacomp_1b
2026-02-12 09:04:55,763 - ADV_Generation_eps_8.0_steps_100_Added_Noise_gaussian_Sigma_0.01_Tau_Type_noisy_num_anchors_10 - INFO - Using directory for adversarial images: /leonardo_work/EUHPC_R04_192/fmohamma/Adversarial_Robust_Clip/atpt_data/vit_l_14_datacomp_1b/Cars/adv_images_eps_8.0_alpha_2.0_steps_100
2026-02-12 09:04:56,088 - ADV_Generation_eps_8.0_steps_100_Added_Noise_gaussian_Sigma_0.01_Tau_Type_noisy_num_anchors_10 - INFO - Batch:[0] Adversarial images for this batch already exist
2026-02-12 09:04:57,034 - ADV_Generation_eps_8.0_steps_100_Added_Noise_gaussian_Sigma_0.01_Tau_Type_noisy_num_anchors_10 - INFO - Batch 1/8041: Clean accuracy 1.0000 | Adv accuracy: 0.0000 | Counter-attack accuracy: 0.0000
2026-02-12 09:04:57,035 - ADV_Generation_eps_8.0_steps_100_Added_Noise_gaussian_Sigma_0.01_Tau_Type_noisy_num_anchors_10 - INFO - Batch:[1] Adversarial images for this batch already exist
2026-02-12 09:04:57,468 - ADV_Generation_eps_8.0_steps_100_Added_Noise_gaussian_Sigma_0.01_Tau_Type_noisy_num_anchors_10 - INFO - Batch 2/8041: Clean accuracy 1.0000 | Adv accuracy: 0.0000 | Counter-attack accuracy: 0.0000
2026-02-12 09:04:57,469 - ADV_Generation_eps_8.0_steps_100_Added_Noise_gaussian_Sigma_0.01_Tau_Type_noisy_num_anchors_10 - INFO - Batch:[2] Adversarial images for this batch already exist
2026-02-12 09:04:57,900 - ADV_Generation_eps_8.0_steps_100_Added_Noise_gaussian_Sigma_0.01_Tau_Type_noisy_num_anchors_10 - INFO - Batch 3/8041: Clean accuracy 1.0000 | Adv accuracy: 0.0000 | Counter-attack accuracy: 0.0000
2026-02-12 09:04:57,901 - ADV_Generation_eps_8.0_steps_100_Added_Noise_gaussian_Sigma_0.01_Tau_Type_noisy_num_anchors_10 - INFO - Batch:[3] Adversarial images for this batch already exist
2026-02-12 09:04:58,323 - ADV_Generation_eps_8.0_steps_100_Added_Noise_gaussian_Sigma_0.01_Tau_Type_noisy_num_anchors_10 - INFO - Batch 4/8041: Clean accuracy 1.0000 | Adv accuracy: 0.0000 | Counter-attack accuracy: 0.0000
2026-02-12 09:04:58,324 - ADV_Generation_eps_8.0_steps_100_Added_Noise_gaussian_Sigma_0.01_Tau_Type_noisy_num_anchors_10 - INFO - Batch:[4] Adversarial images for this batch already exist
2026-02-12 09:04:58,749 - ADV_Generation_eps_8.0_steps_100_Added_Noise_gaussian_Sigma_0.01_Tau_Type_noisy_num_anchors_10 - INFO - Batch 5/8041: Clean accuracy 1.0000 | Adv accuracy: 0.0000 | Counter-attack accuracy: 0.0000
2026-02-12 09:04:58,750 - ADV_Generation_eps_8.0_steps_100_Added_Noise_gaussian_Sigma_0.01_Tau_Type_noisy_num_anchors_10 - INFO - Batch:[5] Adversarial images for this batch already exist
2026-02-12 09:04:59,176 - ADV_Generation_eps_8.0_steps_100_Added_Noise_gaussian_Sigma_0.01_Tau_Type_noisy_num_anchors_10 - INFO - Batch 6/8041: Clean accuracy 1.0000 | Adv accuracy: 0.0000 | Counter-attack accuracy: 0.0000
2026-02-12 09:04:59,177 - ADV_Generation_eps_8.0_steps_100_Added_Noise_gaussian_Sigma_0.01_Tau_Type_noisy_num_anchors_10 - INFO - Batch:[6] Adversarial images for this batch already exist
2026-02-12 09:04:59,604 - ADV_Generation_eps_8.0_steps_100_Added_Noise_gaussian_Sigma_0.01_Tau_Type_noisy_num_anchors_10 - INFO - Batch 7/8041: Clean accuracy 1.0000 | Adv accuracy: 0.0000 | Counter-attack accuracy: 0.0000
2026-02-12 09:04:59,605 - ADV_Generation_eps_8.0_steps_100_Added_Noise_gaussian_Sigma_0.01_Tau_Type_noisy_num_anchors_10 - INFO - Batch:[7] Adversarial images for this batch already exist
2026-02-12 09:05:00,034 - ADV_Generation_eps_8.0_steps_100_Added_Noise_gaussian_Sigma_0.01_Tau_Type_noisy_num_anchors_10 - INFO - Batch 8/8041: Clean accuracy 1.0000 | Adv accuracy: 0.0000 | Counter-attack accuracy: 0.0000
2026-02-12 09:05:00,035 - ADV_Generation_eps_8.0_steps_100_Added_Noise_gaussian_Sigma_0.01_Tau_Type_noisy_num_anchors_10 - INFO - Batch:[8] Adversarial images for this batch already exist
2026-02-12 09:05:00,465 - ADV_Generation_eps_8.0_steps_100_Added_Noise_gaussian_Sigma_0.01_Tau_Type_noisy_num_anchors_10 - INFO - Batch 9/8041: Clean accuracy 1.0000 | Adv accuracy: 0.0000 | Counter-attack accuracy: 0.0000
2026-02-12 09:05:00,466 - ADV_Generation_eps_8.0_steps_100_Added_Noise_gaussian_Sigma_0.01_Tau_Type_noisy_num_anchors_10 - INFO - Batch:[9] Adversarial images for this batch already exist
2026-02-12 09:05:00,896 - ADV_Generation_eps_8.0_steps_100_Added_Noise_gaussian_Sigma_0.01_Tau_Type_noisy_num_anchors_10 - INFO - Batch 10/8041: Clean accuracy 1.0000 | Adv accuracy: 0.0000 | Counter-attack accuracy: 0.0000
2026-02-12 09:05:00,897 - ADV_Generation_eps_8.0_steps_100_Added_Noise_gaussian_Sigma_0.01_Tau_Type_noisy_num_anchors_10 - INFO - Batch:[10] Adversarial images for this batch already exist
2026-02-12 09:05:01,329 - ADV_Generation_eps_8.0_steps_100_Added_Noise_gaussian_Sigma_0.01_Tau_Type_noisy_num_anchors_10 - INFO - Batch 11/8041: Clean accuracy 1.0000 | Adv accuracy: 0.0000 | Counter-attack accuracy: 0.0000
2026-02-12 09:05:01,330 - ADV_Generation_eps_8.0_steps_100_Added_Noise_gaussian_Sigma_0.01_Tau_Type_noisy_num_anchors_10 - INFO - Batch:[11] Adversarial images for this batch already exist
2026-02-12 09:05:01,761 - ADV_Generation_eps_8.0_steps_100_Added_Noise_gaussian_Sigma_0.01_Tau_Type_noisy_num_anchors_10 - INFO - Batch 12/8041: Clean accuracy 1.0000 | Adv accuracy: 0.0000 | Counter-attack accuracy: 0.0000
2026-02-12 09:05:01,763 - ADV_Generation_eps_8.0_steps_100_Added_Noise_gaussian_Sigma_0.01_Tau_Type_noisy_num_anchors_10 - INFO - Batch:[12] Adversarial images for this batch already exist
2026-02-12 09:05:02,205 - ADV_Generation_eps_8.0_steps_100_Added_Noise_gaussian_Sigma_0.01_Tau_Type_noisy_num_anchors_10 - INFO - Batch 13/8041: Clean accuracy 1.0000 | Adv accuracy: 0.0000 | Counter-attack accuracy: 0.0000
2026-02-12 09:05:02,206 - ADV_Generation_eps_8.0_steps_100_Added_Noise_gaussian_Sigma_0.01_Tau_Type_noisy_num_anchors_10 - INFO - Batch:[13] Adversarial images for this batch already exist
2026-02-12 09:05:02,635 - ADV_Generation_eps_8.0_steps_100_Added_Noise_gaussian_Sigma_0.01_Tau_Type_noisy_num_anchors_10 - INFO - Batch 14/8041: Clean accuracy 1.0000 | Adv accuracy: 0.0000 | Counter-attack accuracy: 0.0000
2026-02-12 09:05:02,636 - ADV_Generation_eps_8.0_steps_100_Added_Noise_gaussian_Sigma_0.01_Tau_Type_noisy_num_anchors_10 - INFO - Batch:[14] Adversarial images for this batch already exist
2026-02-12 09:05:03,066 - ADV_Generation_eps_8.0_steps_100_Added_Noise_gaussian_Sigma_0.01_Tau_Type_noisy_num_anchors_10 - INFO - Batch 15/8041: Clean accuracy 1.0000 | Adv accuracy: 0.0000 | Counter-attack accuracy: 0.0000
2026-02-12 09:05:03,067 - ADV_Generation_eps_8.0_steps_100_Added_Noise_gaussian_Sigma_0.01_Tau_Type_noisy_num_anchors_10 - INFO - Batch:[15] Adversarial images for this batch already exist
2026-02-12 09:05:03,494 - ADV_Generation_eps_8.0_steps_100_Added_Noise_gaussian_Sigma_0.01_Tau_Type_noisy_num_anchors_10 - INFO - Batch 16/8041: Clean accuracy 1.0000 | Adv accuracy: 0.0000 | Counter-attack accuracy: 0.0000
2026-02-12 09:05:03,495 - ADV_Generation_eps_8.0_steps_100_Added_Noise_gaussian_Sigma_0.01_Tau_Type_noisy_num_anchors_10 - INFO - Batch:[16] Adversarial images for this batch already exist
2026-02-12 09:05:03,931 - ADV_Generation_eps_8.0_steps_100_Added_Noise_gaussian_Sigma_0.01_Tau_Type_noisy_num_anchors_10 - INFO - Batch 17/8041: Clean accuracy 1.0000 | Adv accuracy: 0.0000 | Counter-attack accuracy: 0.0000
2026-02-12 09:05:03,932 - ADV_Generation_eps_8.0_steps_100_Added_Noise_gaussian_Sigma_0.01_Tau_Type_noisy_num_anchors_10 - INFO - Batch:[17] Adversarial images for this batch already exist
2026-02-12 09:05:04,354 - ADV_Generation_eps_8.0_steps_100_Added_Noise_gaussian_Sigma_0.01_Tau_Type_noisy_num_anchors_10 - INFO - Batch 18/8041: Clean accuracy 1.0000 | Adv accuracy: 0.0000 | Counter-attack accuracy: 0.0000
2026-02-12 09:05:04,355 - ADV_Generation_eps_8.0_steps_100_Added_Noise_gaussian_Sigma_0.01_Tau_Type_noisy_num_anchors_10 - INFO - Batch:[18] Adversarial images for this batch already exist
2026-02-12 09:05:04,780 - ADV_Generation_eps_8.0_steps_100_Added_Noise_gaussian_Sigma_0.01_Tau_Type_noisy_num_anchors_10 - INFO - Batch 19/8041: Clean accuracy 1.0000 | Adv accuracy: 0.0000 | Counter-attack accuracy: 0.0000
2026-02-12 09:05:04,781 - ADV_Generation_eps_8.0_steps_100_Added_Noise_gaussian_Sigma_0.01_Tau_Type_noisy_num_anchors_10 - INFO - Batch:[19] Adversarial images for this batch already exist
2026-02-12 09:05:05,204 - ADV_Generation_eps_8.0_steps_100_Added_Noise_gaussian_Sigma_0.01_Tau_Type_noisy_num_anchors_10 - INFO - Batch 20/8041: Clean accuracy 1.0000 | Adv accuracy: 0.0000 | Counter-attack accuracy: 0.0000
2026-02-12 09:05:05,205 - ADV_Generation_eps_8.0_steps_100_Added_Noise_gaussian_Sigma_0.01_Tau_Type_noisy_num_anchors_10 - INFO - Batch:[20] Adversarial images for this batch already exist
2026-02-12 09:05:05,630 - ADV_Generation_eps_8.0_steps_100_Added_Noise_gaussian_Sigma_0.01_Tau_Type_noisy_num_anchors_10 - INFO - Batch 21/8041: Clean accuracy 1.0000 | Adv accuracy: 0.0000 | Counter-attack accuracy: 0.0000
2026-02-12 09:05:05,631 - ADV_Generation_eps_8.0_steps_100_Added_Noise_gaussian_Sigma_0.01_Tau_Type_noisy_num_anchors_10 - INFO - Batch:[21] Adversarial images for this batch already exist
2026-02-12 09:05:06,065 - ADV_Generation_eps_8.0_steps_100_Added_Noise_gaussian_Sigma_0.01_Tau_Type_noisy_num_anchors_10 - INFO - Batch 22/8041: Clean accuracy 1.0000 | Adv accuracy: 0.0000 | Counter-attack accuracy: 0.0000
2026-02-12 09:05:06,067 - ADV_Generation_eps_8.0_steps_100_Added_Noise_gaussian_Sigma_0.01_Tau_Type_noisy_num_anchors_10 - INFO - Batch:[22] Adversarial images for this batch already exist
2026-02-12 09:05:06,490 - ADV_Generation_eps_8.0_steps_100_Added_Noise_gaussian_Sigma_0.01_Tau_Type_noisy_num_anchors_10 - INFO - Batch 23/8041: Clean accuracy 1.0000 | Adv accuracy: 0.0000 | Counter-attack accuracy: 0.0000
2026-02-12 09:05:06,491 - ADV_Generation_eps_8.0_steps_100_Added_Noise_gaussian_Sigma_0.01_Tau_Type_noisy_num_anchors_10 - INFO - Batch:[23] Adversarial images for this batch already exist
2026-02-12 09:05:06,958 - ADV_Generation_eps_8.0_steps_100_Added_Noise_gaussian_Sigma_0.01_Tau_Type_noisy_num_anchors_10 - INFO - Batch 24/8041: Clean accuracy 1.0000 | Adv accuracy: 0.0000 | Counter-attack accuracy: 0.0000
2026-02-12 09:05:06,959 - ADV_Generation_eps_8.0_steps_100_Added_Noise_gaussian_Sigma_0.01_Tau_Type_noisy_num_anchors_10 - INFO - Batch:[24] Adversarial images for this batch already exist
2026-02-12 09:05:07,388 - ADV_Generation_eps_8.0_steps_100_Added_Noise_gaussian_Sigma_0.01_Tau_Type_noisy_num_anchors_10 - INFO - Batch 25/8041: Clean accuracy 1.0000 | Adv accuracy: 0.0000 | Counter-attack accuracy: 0.0000
2026-02-12 09:05:07,389 - ADV_Generation_eps_8.0_steps_100_Added_Noise_gaussian_Sigma_0.01_Tau_Type_noisy_num_anchors_10 - INFO - Batch:[25] Adversarial images for this batch already exist
2026-02-12 09:05:07,819 - ADV_Generation_eps_8.0_steps_100_Added_Noise_gaussian_Sigma_0.01_Tau_Type_noisy_num_anchors_10 - INFO - Batch 26/8041: Clean accuracy 1.0000 | Adv accuracy: 0.0000 | Counter-attack accuracy: 0.0000
2026-02-12 09:05:07,820 - ADV_Generation_eps_8.0_steps_100_Added_Noise_gaussian_Sigma_0.01_Tau_Type_noisy_num_anchors_10 - INFO - Batch:[26] Adversarial images for this batch already exist
2026-02-12 09:05:08,247 - ADV_Generation_eps_8.0_steps_100_Added_Noise_gaussian_Sigma_0.01_Tau_Type_noisy_num_anchors_10 - INFO - Batch 27/8041: Clean accuracy 1.0000 | Adv accuracy: 0.0000 | Counter-attack accuracy: 0.0000
2026-02-12 09:05:08,249 - ADV_Generation_eps_8.0_steps_100_Added_Noise_gaussian_Sigma_0.01_Tau_Type_noisy_num_anchors_10 - INFO - Batch:[27] Adversarial images for this batch already exist
2026-02-12 09:05:08,675 - ADV_Generation_eps_8.0_steps_100_Added_Noise_gaussian_Sigma_0.01_Tau_Type_noisy_num_anchors_10 - INFO - Batch 28/8041: Clean accuracy 1.0000 | Adv accuracy: 0.0000 | Counter-attack accuracy: 0.0000
2026-02-12 09:05:08,676 - ADV_Generation_eps_8.0_steps_100_Added_Noise_gaussian_Sigma_0.01_Tau_Type_noisy_num_anchors_10 - INFO - Batch:[28] Adversarial images for this batch already exist
2026-02-12 09:05:09,112 - ADV_Generation_eps_8.0_steps_100_Added_Noise_gaussian_Sigma_0.01_Tau_Type_noisy_num_anchors_10 - INFO - Batch 29/8041: Clean accuracy 1.0000 | Adv accuracy: 0.0000 | Counter-attack accuracy: 0.0000
2026-02-12 09:05:09,113 - ADV_Generation_eps_8.0_steps_100_Added_Noise_gaussian_Sigma_0.01_Tau_Type_noisy_num_anchors_10 - INFO - Batch:[29] Adversarial images for this batch already exist
2026-02-12 09:05:09,539 - ADV_Generation_eps_8.0_steps_100_Added_Noise_gaussian_Sigma_0.01_Tau_Type_noisy_num_anchors_10 - INFO - Batch 30/8041: Clean accuracy 1.0000 | Adv accuracy: 0.0000 | Counter-attack accuracy: 0.0000
2026-02-12 09:05:09,540 - ADV_Generation_eps_8.0_steps_100_Added_Noise_gaussian_Sigma_0.01_Tau_Type_noisy_num_anchors_10 - INFO - Batch:[30] Adversarial images for this batch already exist
2026-02-12 09:05:09,973 - ADV_Generation_eps_8.0_steps_100_Added_Noise_gaussian_Sigma_0.01_Tau_Type_noisy_num_anchors_10 - INFO - Batch 31/8041: Clean accuracy 1.0000 | Adv accuracy: 0.0000 | Counter-attack accuracy: 0.0000
2026-02-12 09:05:09,974 - ADV_Generation_eps_8.0_steps_100_Added_Noise_gaussian_Sigma_0.01_Tau_Type_noisy_num_anchors_10 - INFO - Batch:[31] Adversarial images for this batch already exist
2026-02-12 09:05:10,402 - ADV_Generation_eps_8.0_steps_100_Added_Noise_gaussian_Sigma_0.01_Tau_Type_noisy_num_anchors_10 - INFO - Batch 32/8041: Clean accuracy 1.0000 | Adv accuracy: 0.0000 | Counter-attack accuracy: 0.0000
2026-02-12 09:05:10,403 - ADV_Generation_eps_8.0_steps_100_Added_Noise_gaussian_Sigma_0.01_Tau_Type_noisy_num_anchors_10 - INFO - Batch:[32] Adversarial images for this batch already exist
2026-02-12 09:05:10,830 - ADV_Generation_eps_8.0_steps_100_Added_Noise_gaussian_Sigma_0.01_Tau_Type_noisy_num_anchors_10 - INFO - Batch 33/8041: Clean accuracy 0.9697 | Adv accuracy: 0.0000 | Counter-attack accuracy: 0.0000
2026-02-12 09:05:10,831 - ADV_Generation_eps_8.0_steps_100_Added_Noise_gaussian_Sigma_0.01_Tau_Type_noisy_num_anchors_10 - INFO - Batch:[33] Adversarial images for this batch already exist
2026-02-12 09:05:11,257 - ADV_Generation_eps_8.0_steps_100_Added_Noise_gaussian_Sigma_0.01_Tau_Type_noisy_num_anchors_10 - INFO - Batch 34/8041: Clean accuracy 0.9706 | Adv accuracy: 0.0000 | Counter-attack accuracy: 0.0000
2026-02-12 09:05:11,258 - ADV_Generation_eps_8.0_steps_100_Added_Noise_gaussian_Sigma_0.01_Tau_Type_noisy_num_anchors_10 - INFO - Batch:[34] Adversarial images for this batch already exist
2026-02-12 09:05:11,695 - ADV_Generation_eps_8.0_steps_100_Added_Noise_gaussian_Sigma_0.01_Tau_Type_noisy_num_anchors_10 - INFO - Batch 35/8041: Clean accuracy 0.9714 | Adv accuracy: 0.0000 | Counter-attack accuracy: 0.0000
2026-02-12 09:05:11,696 - ADV_Generation_eps_8.0_steps_100_Added_Noise_gaussian_Sigma_0.01_Tau_Type_noisy_num_anchors_10 - INFO - Batch:[35] Adversarial images for this batch already exist
2026-02-12 09:05:12,118 - ADV_Generation_eps_8.0_steps_100_Added_Noise_gaussian_Sigma_0.01_Tau_Type_noisy_num_anchors_10 - INFO - Batch 36/8041: Clean accuracy 0.9722 | Adv accuracy: 0.0000 | Counter-attack accuracy: 0.0000
2026-02-12 09:05:12,119 - ADV_Generation_eps_8.0_steps_100_Added_Noise_gaussian_Sigma_0.01_Tau_Type_noisy_num_anchors_10 - INFO - Batch:[36] Adversarial images for this batch already exist
2026-02-12 09:05:12,550 - ADV_Generation_eps_8.0_steps_100_Added_Noise_gaussian_Sigma_0.01_Tau_Type_noisy_num_anchors_10 - INFO - Batch 37/8041: Clean accuracy 0.9730 | Adv accuracy: 0.0000 | Counter-attack accuracy: 0.0000
2026-02-12 09:05:12,551 - ADV_Generation_eps_8.0_steps_100_Added_Noise_gaussian_Sigma_0.01_Tau_Type_noisy_num_anchors_10 - INFO - Batch:[37] Adversarial images for this batch already exist
2026-02-12 09:05:12,975 - ADV_Generation_eps_8.0_steps_100_Added_Noise_gaussian_Sigma_0.01_Tau_Type_noisy_num_anchors_10 - INFO - Batch 38/8041: Clean accuracy 0.9737 | Adv accuracy: 0.0000 | Counter-attack accuracy: 0.0000
2026-02-12 09:05:12,976 - ADV_Generation_eps_8.0_steps_100_Added_Noise_gaussian_Sigma_0.01_Tau_Type_noisy_num_anchors_10 - INFO - Batch:[38] Adversarial images for this batch already exist
2026-02-12 09:05:13,408 - ADV_Generation_eps_8.0_steps_100_Added_Noise_gaussian_Sigma_0.01_Tau_Type_noisy_num_anchors_10 - INFO - Batch 39/8041: Clean accuracy 0.9744 | Adv accuracy: 0.0000 | Counter-attack accuracy: 0.0000
2026-02-12 09:05:13,408 - ADV_Generation_eps_8.0_steps_100_Added_Noise_gaussian_Sigma_0.01_Tau_Type_noisy_num_anchors_10 - INFO - Batch:[39] Adversarial images for this batch already exist
2026-02-12 09:05:13,840 - ADV_Generation_eps_8.0_steps_100_Added_Noise_gaussian_Sigma_0.01_Tau_Type_noisy_num_anchors_10 - INFO - Batch 40/8041: Clean accuracy 0.9750 | Adv accuracy: 0.0000 | Counter-attack accuracy: 0.0000
2026-02-12 09:05:13,840 - ADV_Generation_eps_8.0_steps_100_Added_Noise_gaussian_Sigma_0.01_Tau_Type_noisy_num_anchors_10 - INFO - Batch:[40] Adversarial images for this batch already exist
2026-02-12 09:05:14,267 - ADV_Generation_eps_8.0_steps_100_Added_Noise_gaussian_Sigma_0.01_Tau_Type_noisy_num_anchors_10 - INFO - Batch 41/8041: Clean accuracy 0.9756 | Adv accuracy: 0.0000 | Counter-attack accuracy: 0.0000
2026-02-12 09:05:14,268 - ADV_Generation_eps_8.0_steps_100_Added_Noise_gaussian_Sigma_0.01_Tau_Type_noisy_num_anchors_10 - INFO - Batch:[41] Adversarial images for this batch already exist
2026-02-12 09:05:14,697 - ADV_Generation_eps_8.0_steps_100_Added_Noise_gaussian_Sigma_0.01_Tau_Type_noisy_num_anchors_10 - INFO - Batch 42/8041: Clean accuracy 0.9762 | Adv accuracy: 0.0000 | Counter-attack accuracy: 0.0000
2026-02-12 09:05:14,698 - ADV_Generation_eps_8.0_steps_100_Added_Noise_gaussian_Sigma_0.01_Tau_Type_noisy_num_anchors_10 - INFO - Batch:[42] Adversarial images for this batch already exist
2026-02-12 09:05:15,130 - ADV_Generation_eps_8.0_steps_100_Added_Noise_gaussian_Sigma_0.01_Tau_Type_noisy_num_anchors_10 - INFO - Batch 43/8041: Clean accuracy 0.9767 | Adv accuracy: 0.0000 | Counter-attack accuracy: 0.0000
2026-02-12 09:05:15,131 - ADV_Generation_eps_8.0_steps_100_Added_Noise_gaussian_Sigma_0.01_Tau_Type_noisy_num_anchors_10 - INFO - Batch:[43] Adversarial images for this batch already exist
2026-02-12 09:05:15,566 - ADV_Generation_eps_8.0_steps_100_Added_Noise_gaussian_Sigma_0.01_Tau_Type_noisy_num_anchors_10 - INFO - Batch 44/8041: Clean accuracy 0.9773 | Adv accuracy: 0.0000 | Counter-attack accuracy: 0.0000
2026-02-12 09:05:15,567 - ADV_Generation_eps_8.0_steps_100_Added_Noise_gaussian_Sigma_0.01_Tau_Type_noisy_num_anchors_10 - INFO - Batch:[44] Adversarial images for this batch already exist
2026-02-12 09:05:15,989 - ADV_Generation_eps_8.0_steps_100_Added_Noise_gaussian_Sigma_0.01_Tau_Type_noisy_num_anchors_10 - INFO - Batch 45/8041: Clean accuracy 0.9778 | Adv accuracy: 0.0000 | Counter-attack accuracy: 0.0000
2026-02-12 09:05:15,990 - ADV_Generation_eps_8.0_steps_100_Added_Noise_gaussian_Sigma_0.01_Tau_Type_noisy_num_anchors_10 - INFO - Batch:[45] Adversarial images for this batch already exist
2026-02-12 09:05:16,415 - ADV_Generation_eps_8.0_steps_100_Added_Noise_gaussian_Sigma_0.01_Tau_Type_noisy_num_anchors_10 - INFO - Batch 46/8041: Clean accuracy 0.9783 | Adv accuracy: 0.0000 | Counter-attack accuracy: 0.0000
2026-02-12 09:05:16,416 - ADV_Generation_eps_8.0_steps_100_Added_Noise_gaussian_Sigma_0.01_Tau_Type_noisy_num_anchors_10 - INFO - Batch:[46] Adversarial images for this batch already exist
2026-02-12 09:05:16,849 - ADV_Generation_eps_8.0_steps_100_Added_Noise_gaussian_Sigma_0.01_Tau_Type_noisy_num_anchors_10 - INFO - Batch 47/8041: Clean accuracy 0.9574 | Adv accuracy: 0.0000 | Counter-attack accuracy: 0.0000
2026-02-12 09:05:16,850 - ADV_Generation_eps_8.0_steps_100_Added_Noise_gaussian_Sigma_0.01_Tau_Type_noisy_num_anchors_10 - INFO - Batch:[47] Adversarial images for this batch already exist
2026-02-12 09:05:17,302 - ADV_Generation_eps_8.0_steps_100_Added_Noise_gaussian_Sigma_0.01_Tau_Type_noisy_num_anchors_10 - INFO - Batch 48/8041: Clean accuracy 0.9583 | Adv accuracy: 0.0000 | Counter-attack accuracy: 0.0000
2026-02-12 09:05:17,303 - ADV_Generation_eps_8.0_steps_100_Added_Noise_gaussian_Sigma_0.01_Tau_Type_noisy_num_anchors_10 - INFO - Batch:[48] Adversarial images for this batch already exist
2026-02-12 09:05:17,758 - ADV_Generation_eps_8.0_steps_100_Added_Noise_gaussian_Sigma_0.01_Tau_Type_noisy_num_anchors_10 - INFO - Batch 49/8041: Clean accuracy 0.9592 | Adv accuracy: 0.0000 | Counter-attack accuracy: 0.0000
2026-02-12 09:05:17,759 - ADV_Generation_eps_8.0_steps_100_Added_Noise_gaussian_Sigma_0.01_Tau_Type_noisy_num_anchors_10 - INFO - Batch:[49] Adversarial images for this batch already exist
2026-02-12 09:05:18,184 - ADV_Generation_eps_8.0_steps_100_Added_Noise_gaussian_Sigma_0.01_Tau_Type_noisy_num_anchors_10 - INFO - Batch 50/8041: Clean accuracy 0.9600 | Adv accuracy: 0.0000 | Counter-attack accuracy: 0.0000
2026-02-12 09:05:18,185 - ADV_Generation_eps_8.0_steps_100_Added_Noise_gaussian_Sigma_0.01_Tau_Type_noisy_num_anchors_10 - INFO - Batch:[50] Adversarial images for this batch already exist
2026-02-12 09:05:18,618 - ADV_Generation_eps_8.0_steps_100_Added_Noise_gaussian_Sigma_0.01_Tau_Type_noisy_num_anchors_10 - INFO - Batch 51/8041: Clean accuracy 0.9608 | Adv accuracy: 0.0000 | Counter-attack accuracy: 0.0000
2026-02-12 09:05:18,619 - ADV_Generation_eps_8.0_steps_100_Added_Noise_gaussian_Sigma_0.01_Tau_Type_noisy_num_anchors_10 - INFO - Batch:[51] Adversarial images for this batch already exist
2026-02-12 09:05:19,042 - ADV_Generation_eps_8.0_steps_100_Added_Noise_gaussian_Sigma_0.01_Tau_Type_noisy_num_anchors_10 - INFO - Batch 52/8041: Clean accuracy 0.9615 | Adv accuracy: 0.0000 | Counter-attack accuracy: 0.0000
2026-02-12 09:05:19,042 - ADV_Generation_eps_8.0_steps_100_Added_Noise_gaussian_Sigma_0.01_Tau_Type_noisy_num_anchors_10 - INFO - Batch:[52] Adversarial images for this batch already exist
2026-02-12 09:05:19,473 - ADV_Generation_eps_8.0_steps_100_Added_Noise_gaussian_Sigma_0.01_Tau_Type_noisy_num_anchors_10 - INFO - Batch 53/8041: Clean accuracy 0.9623 | Adv accuracy: 0.0000 | Counter-attack accuracy: 0.0000
2026-02-12 09:05:19,474 - ADV_Generation_eps_8.0_steps_100_Added_Noise_gaussian_Sigma_0.01_Tau_Type_noisy_num_anchors_10 - INFO - Batch:[53] Adversarial images for this batch already exist
2026-02-12 09:05:19,902 - ADV_Generation_eps_8.0_steps_100_Added_Noise_gaussian_Sigma_0.01_Tau_Type_noisy_num_anchors_10 - INFO - Batch 54/8041: Clean accuracy 0.9630 | Adv accuracy: 0.0000 | Counter-attack accuracy: 0.0000
2026-02-12 09:05:19,904 - ADV_Generation_eps_8.0_steps_100_Added_Noise_gaussian_Sigma_0.01_Tau_Type_noisy_num_anchors_10 - INFO - Batch:[54] Adversarial images for this batch already exist
2026-02-12 09:05:20,332 - ADV_Generation_eps_8.0_steps_100_Added_Noise_gaussian_Sigma_0.01_Tau_Type_noisy_num_anchors_10 - INFO - Batch 55/8041: Clean accuracy 0.9636 | Adv accuracy: 0.0000 | Counter-attack accuracy: 0.0000
2026-02-12 09:05:20,333 - ADV_Generation_eps_8.0_steps_100_Added_Noise_gaussian_Sigma_0.01_Tau_Type_noisy_num_anchors_10 - INFO - Batch:[55] Adversarial images for this batch already exist
2026-02-12 09:05:20,765 - ADV_Generation_eps_8.0_steps_100_Added_Noise_gaussian_Sigma_0.01_Tau_Type_noisy_num_anchors_10 - INFO - Batch 56/8041: Clean accuracy 0.9643 | Adv accuracy: 0.0000 | Counter-attack accuracy: 0.0000
2026-02-12 09:05:20,766 - ADV_Generation_eps_8.0_steps_100_Added_Noise_gaussian_Sigma_0.01_Tau_Type_noisy_num_anchors_10 - INFO - Batch:[56] Adversarial images for this batch already exist
2026-02-12 09:05:21,194 - ADV_Generation_eps_8.0_steps_100_Added_Noise_gaussian_Sigma_0.01_Tau_Type_noisy_num_anchors_10 - INFO - Batch 57/8041: Clean accuracy 0.9649 | Adv accuracy: 0.0000 | Counter-attack accuracy: 0.0000
2026-02-12 09:05:21,195 - ADV_Generation_eps_8.0_steps_100_Added_Noise_gaussian_Sigma_0.01_Tau_Type_noisy_num_anchors_10 - INFO - Batch:[57] Adversarial images for this batch already exist
2026-02-12 09:05:21,646 - ADV_Generation_eps_8.0_steps_100_Added_Noise_gaussian_Sigma_0.01_Tau_Type_noisy_num_anchors_10 - INFO - Batch 58/8041: Clean accuracy 0.9655 | Adv accuracy: 0.0000 | Counter-attack accuracy: 0.0000
2026-02-12 09:05:21,647 - ADV_Generation_eps_8.0_steps_100_Added_Noise_gaussian_Sigma_0.01_Tau_Type_noisy_num_anchors_10 - INFO - Batch:[58] Adversarial images for this batch already exist
2026-02-12 09:05:22,072 - ADV_Generation_eps_8.0_steps_100_Added_Noise_gaussian_Sigma_0.01_Tau_Type_noisy_num_anchors_10 - INFO - Batch 59/8041: Clean accuracy 0.9661 | Adv accuracy: 0.0000 | Counter-attack accuracy: 0.0000
2026-02-12 09:05:22,073 - ADV_Generation_eps_8.0_steps_100_Added_Noise_gaussian_Sigma_0.01_Tau_Type_noisy_num_anchors_10 - INFO - Batch:[59] Adversarial images for this batch already exist
2026-02-12 09:05:22,501 - ADV_Generation_eps_8.0_steps_100_Added_Noise_gaussian_Sigma_0.01_Tau_Type_noisy_num_anchors_10 - INFO - Batch 60/8041: Clean accuracy 0.9667 | Adv accuracy: 0.0000 | Counter-attack accuracy: 0.0000
2026-02-12 09:05:22,502 - ADV_Generation_eps_8.0_steps_100_Added_Noise_gaussian_Sigma_0.01_Tau_Type_noisy_num_anchors_10 - INFO - Batch:[60] Adversarial images for this batch already exist
2026-02-12 09:05:22,959 - ADV_Generation_eps_8.0_steps_100_Added_Noise_gaussian_Sigma_0.01_Tau_Type_noisy_num_anchors_10 - INFO - Batch 61/8041: Clean accuracy 0.9672 | Adv accuracy: 0.0000 | Counter-attack accuracy: 0.0000
2026-02-12 09:05:22,959 - ADV_Generation_eps_8.0_steps_100_Added_Noise_gaussian_Sigma_0.01_Tau_Type_noisy_num_anchors_10 - INFO - Batch:[61] Adversarial images for this batch already exist
2026-02-12 09:05:23,387 - ADV_Generation_eps_8.0_steps_100_Added_Noise_gaussian_Sigma_0.01_Tau_Type_noisy_num_anchors_10 - INFO - Batch 62/8041: Clean accuracy 0.9677 | Adv accuracy: 0.0000 | Counter-attack accuracy: 0.0000
2026-02-12 09:05:23,388 - ADV_Generation_eps_8.0_steps_100_Added_Noise_gaussian_Sigma_0.01_Tau_Type_noisy_num_anchors_10 - INFO - Batch:[62] Adversarial images for this batch already exist
2026-02-12 09:05:23,811 - ADV_Generation_eps_8.0_steps_100_Added_Noise_gaussian_Sigma_0.01_Tau_Type_noisy_num_anchors_10 - INFO - Batch 63/8041: Clean accuracy 0.9683 | Adv accuracy: 0.0000 | Counter-attack accuracy: 0.0000
2026-02-12 09:05:23,813 - ADV_Generation_eps_8.0_steps_100_Added_Noise_gaussian_Sigma_0.01_Tau_Type_noisy_num_anchors_10 - INFO - Batch:[63] Adversarial images for this batch already exist
2026-02-12 09:05:24,239 - ADV_Generation_eps_8.0_steps_100_Added_Noise_gaussian_Sigma_0.01_Tau_Type_noisy_num_anchors_10 - INFO - Batch 64/8041: Clean accuracy 0.9688 | Adv accuracy: 0.0000 | Counter-attack accuracy: 0.0000
2026-02-12 09:05:24,240 - ADV_Generation_eps_8.0_steps_100_Added_Noise_gaussian_Sigma_0.01_Tau_Type_noisy_num_anchors_10 - INFO - Batch:[64] Adversarial images for this batch already exist
2026-02-12 09:05:24,669 - ADV_Generation_eps_8.0_steps_100_Added_Noise_gaussian_Sigma_0.01_Tau_Type_noisy_num_anchors_10 - INFO - Batch 65/8041: Clean accuracy 0.9692 | Adv accuracy: 0.0000 | Counter-attack accuracy: 0.0000
2026-02-12 09:05:24,670 - ADV_Generation_eps_8.0_steps_100_Added_Noise_gaussian_Sigma_0.01_Tau_Type_noisy_num_anchors_10 - INFO - Batch:[65] Adversarial images for this batch already exist
2026-02-12 09:05:25,103 - ADV_Generation_eps_8.0_steps_100_Added_Noise_gaussian_Sigma_0.01_Tau_Type_noisy_num_anchors_10 - INFO - Batch 66/8041: Clean accuracy 0.9697 | Adv accuracy: 0.0000 | Counter-attack accuracy: 0.0000
2026-02-12 09:05:25,104 - ADV_Generation_eps_8.0_steps_100_Added_Noise_gaussian_Sigma_0.01_Tau_Type_noisy_num_anchors_10 - INFO - Batch:[66] Adversarial images for this batch already exist
2026-02-12 09:05:25,531 - ADV_Generation_eps_8.0_steps_100_Added_Noise_gaussian_Sigma_0.01_Tau_Type_noisy_num_anchors_10 - INFO - Batch 67/8041: Clean accuracy 0.9701 | Adv accuracy: 0.0000 | Counter-attack accuracy: 0.0000
2026-02-12 09:05:25,532 - ADV_Generation_eps_8.0_steps_100_Added_Noise_gaussian_Sigma_0.01_Tau_Type_noisy_num_anchors_10 - INFO - Batch:[67] Adversarial images for this batch already exist
2026-02-12 09:05:25,961 - ADV_Generation_eps_8.0_steps_100_Added_Noise_gaussian_Sigma_0.01_Tau_Type_noisy_num_anchors_10 - INFO - Batch 68/8041: Clean accuracy 0.9706 | Adv accuracy: 0.0000 | Counter-attack accuracy: 0.0000
2026-02-12 09:05:25,962 - ADV_Generation_eps_8.0_steps_100_Added_Noise_gaussian_Sigma_0.01_Tau_Type_noisy_num_anchors_10 - INFO - Batch:[68] Adversarial images for this batch already exist
2026-02-12 09:05:26,389 - ADV_Generation_eps_8.0_steps_100_Added_Noise_gaussian_Sigma_0.01_Tau_Type_noisy_num_anchors_10 - INFO - Batch 69/8041: Clean accuracy 0.9710 | Adv accuracy: 0.0000 | Counter-attack accuracy: 0.0000
2026-02-12 09:05:26,390 - ADV_Generation_eps_8.0_steps_100_Added_Noise_gaussian_Sigma_0.01_Tau_Type_noisy_num_anchors_10 - INFO - Batch:[69] Adversarial images for this batch already exist
2026-02-12 09:05:26,813 - ADV_Generation_eps_8.0_steps_100_Added_Noise_gaussian_Sigma_0.01_Tau_Type_noisy_num_anchors_10 - INFO - Batch 70/8041: Clean accuracy 0.9571 | Adv accuracy: 0.0000 | Counter-attack accuracy: 0.0000
2026-02-12 09:05:26,814 - ADV_Generation_eps_8.0_steps_100_Added_Noise_gaussian_Sigma_0.01_Tau_Type_noisy_num_anchors_10 - INFO - Batch:[70] Adversarial images for this batch already exist
2026-02-12 09:05:27,258 - ADV_Generation_eps_8.0_steps_100_Added_Noise_gaussian_Sigma_0.01_Tau_Type_noisy_num_anchors_10 - INFO - Batch 71/8041: Clean accuracy 0.9577 | Adv accuracy: 0.0000 | Counter-attack accuracy: 0.0000
2026-02-12 09:05:27,259 - ADV_Generation_eps_8.0_steps_100_Added_Noise_gaussian_Sigma_0.01_Tau_Type_noisy_num_anchors_10 - INFO - Batch:[71] Adversarial images for this batch already exist
2026-02-12 09:05:27,685 - ADV_Generation_eps_8.0_steps_100_Added_Noise_gaussian_Sigma_0.01_Tau_Type_noisy_num_anchors_10 - INFO - Batch 72/8041: Clean accuracy 0.9583 | Adv accuracy: 0.0000 | Counter-attack accuracy: 0.0000
2026-02-12 09:05:27,686 - ADV_Generation_eps_8.0_steps_100_Added_Noise_gaussian_Sigma_0.01_Tau_Type_noisy_num_anchors_10 - INFO - Batch:[72] Adversarial images for this batch already exist
2026-02-12 09:05:28,114 - ADV_Generation_eps_8.0_steps_100_Added_Noise_gaussian_Sigma_0.01_Tau_Type_noisy_num_anchors_10 - INFO - Batch 73/8041: Clean accuracy 0.9589 | Adv accuracy: 0.0000 | Counter-attack accuracy: 0.0000
2026-02-12 09:05:28,115 - ADV_Generation_eps_8.0_steps_100_Added_Noise_gaussian_Sigma_0.01_Tau_Type_noisy_num_anchors_10 - INFO - Batch:[73] Adversarial images for this batch already exist
2026-02-12 09:05:28,539 - ADV_Generation_eps_8.0_steps_100_Added_Noise_gaussian_Sigma_0.01_Tau_Type_noisy_num_anchors_10 - INFO - Batch 74/8041: Clean accuracy 0.9595 | Adv accuracy: 0.0000 | Counter-attack accuracy: 0.0000
2026-02-12 09:05:28,540 - ADV_Generation_eps_8.0_steps_100_Added_Noise_gaussian_Sigma_0.01_Tau_Type_noisy_num_anchors_10 - INFO - Batch:[74] Adversarial images for this batch already exist
2026-02-12 09:05:28,964 - ADV_Generation_eps_8.0_steps_100_Added_Noise_gaussian_Sigma_0.01_Tau_Type_noisy_num_anchors_10 - INFO - Batch 75/8041: Clean accuracy 0.9600 | Adv accuracy: 0.0000 | Counter-attack accuracy: 0.0000
2026-02-12 09:05:28,965 - ADV_Generation_eps_8.0_steps_100_Added_Noise_gaussian_Sigma_0.01_Tau_Type_noisy_num_anchors_10 - INFO - Batch:[75] Adversarial images for this batch already exist
2026-02-12 09:05:29,388 - ADV_Generation_eps_8.0_steps_100_Added_Noise_gaussian_Sigma_0.01_Tau_Type_noisy_num_anchors_10 - INFO - Batch 76/8041: Clean accuracy 0.9605 | Adv accuracy: 0.0000 | Counter-attack accuracy: 0.0000
2026-02-12 09:05:29,389 - ADV_Generation_eps_8.0_steps_100_Added_Noise_gaussian_Sigma_0.01_Tau_Type_noisy_num_anchors_10 - INFO - Batch:[76] Adversarial images for this batch already exist
2026-02-12 09:05:29,810 - ADV_Generation_eps_8.0_steps_100_Added_Noise_gaussian_Sigma_0.01_Tau_Type_noisy_num_anchors_10 - INFO - Batch 77/8041: Clean accuracy 0.9610 | Adv accuracy: 0.0000 | Counter-attack accuracy: 0.0000
2026-02-12 09:05:29,811 - ADV_Generation_eps_8.0_steps_100_Added_Noise_gaussian_Sigma_0.01_Tau_Type_noisy_num_anchors_10 - INFO - Batch:[77] Adversarial images for this batch already exist
2026-02-12 09:05:30,242 - ADV_Generation_eps_8.0_steps_100_Added_Noise_gaussian_Sigma_0.01_Tau_Type_noisy_num_anchors_10 - INFO - Batch 78/8041: Clean accuracy 0.9615 | Adv accuracy: 0.0000 | Counter-attack accuracy: 0.0000
2026-02-12 09:05:30,243 - ADV_Generation_eps_8.0_steps_100_Added_Noise_gaussian_Sigma_0.01_Tau_Type_noisy_num_anchors_10 - INFO - Batch:[78] Adversarial images for this batch already exist
2026-02-12 09:05:30,672 - ADV_Generation_eps_8.0_steps_100_Added_Noise_gaussian_Sigma_0.01_Tau_Type_noisy_num_anchors_10 - INFO - Batch 79/8041: Clean accuracy 0.9620 | Adv accuracy: 0.0000 | Counter-attack accuracy: 0.0000
2026-02-12 09:05:30,673 - ADV_Generation_eps_8.0_steps_100_Added_Noise_gaussian_Sigma_0.01_Tau_Type_noisy_num_anchors_10 - INFO - Batch:[79] Adversarial images for this batch already exist
2026-02-12 09:05:31,106 - ADV_Generation_eps_8.0_steps_100_Added_Noise_gaussian_Sigma_0.01_Tau_Type_noisy_num_anchors_10 - INFO - Batch 80/8041: Clean accuracy 0.9625 | Adv accuracy: 0.0000 | Counter-attack accuracy: 0.0000
2026-02-12 09:05:31,107 - ADV_Generation_eps_8.0_steps_100_Added_Noise_gaussian_Sigma_0.01_Tau_Type_noisy_num_anchors_10 - INFO - Batch:[80] Adversarial images for this batch already exist
2026-02-12 09:05:31,549 - ADV_Generation_eps_8.0_steps_100_Added_Noise_gaussian_Sigma_0.01_Tau_Type_noisy_num_anchors_10 - INFO - Batch 81/8041: Clean accuracy 0.9630 | Adv accuracy: 0.0000 | Counter-attack accuracy: 0.0000
2026-02-12 09:05:31,549 - ADV_Generation_eps_8.0_steps_100_Added_Noise_gaussian_Sigma_0.01_Tau_Type_noisy_num_anchors_10 - INFO - Batch:[81] Adversarial images for this batch already exist
2026-02-12 09:05:31,986 - ADV_Generation_eps_8.0_steps_100_Added_Noise_gaussian_Sigma_0.01_Tau_Type_noisy_num_anchors_10 - INFO - Batch 82/8041: Clean accuracy 0.9512 | Adv accuracy: 0.0000 | Counter-attack accuracy: 0.0000
2026-02-12 09:05:31,987 - ADV_Generation_eps_8.0_steps_100_Added_Noise_gaussian_Sigma_0.01_Tau_Type_noisy_num_anchors_10 - INFO - Batch:[82] Adversarial images for this batch already exist
2026-02-12 09:05:32,408 - ADV_Generation_eps_8.0_steps_100_Added_Noise_gaussian_Sigma_0.01_Tau_Type_noisy_num_anchors_10 - INFO - Batch 83/8041: Clean accuracy 0.9518 | Adv accuracy: 0.0000 | Counter-attack accuracy: 0.0000
2026-02-12 09:05:32,408 - ADV_Generation_eps_8.0_steps_100_Added_Noise_gaussian_Sigma_0.01_Tau_Type_noisy_num_anchors_10 - INFO - Batch:[83] Adversarial images for this batch already exist
2026-02-12 09:05:32,835 - ADV_Generation_eps_8.0_steps_100_Added_Noise_gaussian_Sigma_0.01_Tau_Type_noisy_num_anchors_10 - INFO - Batch 84/8041: Clean accuracy 0.9524 | Adv accuracy: 0.0000 | Counter-attack accuracy: 0.0000
2026-02-12 09:05:32,836 - ADV_Generation_eps_8.0_steps_100_Added_Noise_gaussian_Sigma_0.01_Tau_Type_noisy_num_anchors_10 - INFO - Batch:[84] Adversarial images for this batch already exist
2026-02-12 09:05:33,263 - ADV_Generation_eps_8.0_steps_100_Added_Noise_gaussian_Sigma_0.01_Tau_Type_noisy_num_anchors_10 - INFO - Batch 85/8041: Clean accuracy 0.9529 | Adv accuracy: 0.0000 | Counter-attack accuracy: 0.0000
2026-02-12 09:05:33,264 - ADV_Generation_eps_8.0_steps_100_Added_Noise_gaussian_Sigma_0.01_Tau_Type_noisy_num_anchors_10 - INFO - Batch:[85] Adversarial images for this batch already exist
2026-02-12 09:05:33,692 - ADV_Generation_eps_8.0_steps_100_Added_Noise_gaussian_Sigma_0.01_Tau_Type_noisy_num_anchors_10 - INFO - Batch 86/8041: Clean accuracy 0.9535 | Adv accuracy: 0.0000 | Counter-attack accuracy: 0.0000
2026-02-12 09:05:33,693 - ADV_Generation_eps_8.0_steps_100_Added_Noise_gaussian_Sigma_0.01_Tau_Type_noisy_num_anchors_10 - INFO - Batch:[86] Adversarial images for this batch already exist
2026-02-12 09:05:34,118 - ADV_Generation_eps_8.0_steps_100_Added_Noise_gaussian_Sigma_0.01_Tau_Type_noisy_num_anchors_10 - INFO - Batch 87/8041: Clean accuracy 0.9540 | Adv accuracy: 0.0000 | Counter-attack accuracy: 0.0000
2026-02-12 09:05:34,119 - ADV_Generation_eps_8.0_steps_100_Added_Noise_gaussian_Sigma_0.01_Tau_Type_noisy_num_anchors_10 - INFO - Batch:[87] Adversarial images for this batch already exist
2026-02-12 09:05:34,542 - ADV_Generation_eps_8.0_steps_100_Added_Noise_gaussian_Sigma_0.01_Tau_Type_noisy_num_anchors_10 - INFO - Batch 88/8041: Clean accuracy 0.9545 | Adv accuracy: 0.0000 | Counter-attack accuracy: 0.0000
2026-02-12 09:05:34,543 - ADV_Generation_eps_8.0_steps_100_Added_Noise_gaussian_Sigma_0.01_Tau_Type_noisy_num_anchors_10 - INFO - Batch:[88] Adversarial images for this batch already exist
