2025-08-04 21:01:47,308 - ADV_Generation_eps_4.0_steps_100 - INFO - ==========================================
data:/leonardo_work/EUHPC_R04_192/fmohamma/Adversarial_Robust_Clip/atpt_data/downstream_datasets
test_sets:Flower102
dataset_mode:test
arch:delta_clip_l14_224
resolution:224
transferability:False
source_model:fare4
workers:4
no_pin_memory:False
batch_size:64
adv_bs:16
print_freq:20
gpu:0
no_cudnn_benchmark:False
n_ctx:4
ctx_init:a_photo_of_a
seed:0
output_dir:/leonardo_work/EUHPC_R04_192/fmohamma/Adversarial_Robust_Clip/atpt_data/delta_clip_l14_224/Flower102
log_output_dir:/leonardo_work/EUHPC_R04_192/fmohamma/Adversarial_Robust_Clip/ATPT/Final_Results/delta_clip_l14_224/Flower102
image_only_attack:False
image_only_attack_type:prm
image_predicted_label_attack:False
eps:4.0
alpha:1.0
alpha_eps_ratio:4.0
steps:100
counter_attack:False
counter_attack_type:pgd
counter_attack_steps:2
counter_attack_eps:4.0
counter_attack_alpha:1.0
counter_attack_tau_thres:0.2
counter_attack_beta:2.0
counter_attack_weighted_perturbations:True
pgd_clip_pure_i_text_embeddings:null
pgd_counter_and_clipure_i_lamda:1.0
image_feature_purify:False
image_feature_purify_type:noisy_anchor
image_feature_purify_noisy_anchors:10
image_feature_purify_anchors_alpha:1.2
image_feature_purify_noisy_sigma:0.18
image_feature_purify_diff_threshold:0.0
image_feature_clipure_steps:10
image_feature_clipure_step_size:10.0
save_plots:False
lr:0.005
selection_p:0.1
tta_steps:1
top_k:20
softmax_temp:0.01
load_tecoa:

2025-08-04 21:01:47,309 - ADV_Generation_eps_4.0_steps_100 - INFO - Use GPU: 0 for training
2025-08-04 21:02:45,776 - ADV_Generation_eps_4.0_steps_100 - INFO - => Model created: visual backbone delta_clip_l14_224
2025-08-04 21:02:45,948 - ADV_Generation_eps_4.0_steps_100 - INFO - Number of test samples: 2463
2025-08-04 21:02:45,949 - ADV_Generation_eps_4.0_steps_100 - INFO - Evaluating dataset: Flower102
2025-08-04 21:02:45,950 - ADV_Generation_eps_4.0_steps_100 - INFO - Starting evaluation with batch size: 64, selection percentage: 0.1
2025-08-04 21:02:45,950 - ADV_Generation_eps_4.0_steps_100 - INFO - Using PGD attack with epsilon: 0.015686, alpha: 0.003922, steps: 100 image only attack False image predicted label attack False
2025-08-04 21:02:45,951 - ADV_Generation_eps_4.0_steps_100 - INFO - Using directory for adversarial images: /leonardo_work/EUHPC_R04_192/fmohamma/Adversarial_Robust_Clip/atpt_data/delta_clip_l14_224/Flower102/adv_images_eps_4.0_alpha_1.0_steps_100
2025-08-04 21:02:46,563 - ADV_Generation_eps_4.0_steps_100 - INFO - Batch:[0] Adversarial images for this batch already exist
2025-08-04 21:02:58,262 - ADV_Generation_eps_4.0_steps_100 - INFO - Batch 1/154: Clean accuracy 1.0000 | Adv accuracy: 1.0000 
2025-08-04 21:02:58,274 - ADV_Generation_eps_4.0_steps_100 - INFO - Batch:[1] Adversarial images for this batch already exist
2025-08-04 21:02:59,095 - ADV_Generation_eps_4.0_steps_100 - INFO - Batch 2/154: Clean accuracy 1.0000 | Adv accuracy: 1.0000 
2025-08-04 21:02:59,105 - ADV_Generation_eps_4.0_steps_100 - INFO - Batch:[2] Adversarial images for this batch already exist
2025-08-04 21:02:59,810 - ADV_Generation_eps_4.0_steps_100 - INFO - Batch 3/154: Clean accuracy 1.0000 | Adv accuracy: 1.0000 
2025-08-04 21:02:59,820 - ADV_Generation_eps_4.0_steps_100 - INFO - Batch:[3] Adversarial images for this batch already exist
2025-08-04 21:03:00,564 - ADV_Generation_eps_4.0_steps_100 - INFO - Batch 4/154: Clean accuracy 1.0000 | Adv accuracy: 1.0000 
2025-08-04 21:03:00,576 - ADV_Generation_eps_4.0_steps_100 - INFO - Batch:[4] Adversarial images for this batch already exist
2025-08-04 21:03:01,272 - ADV_Generation_eps_4.0_steps_100 - INFO - Batch 5/154: Clean accuracy 1.0000 | Adv accuracy: 0.9875 
2025-08-04 21:03:01,282 - ADV_Generation_eps_4.0_steps_100 - INFO - Batch:[5] Adversarial images for this batch already exist
2025-08-04 21:03:01,944 - ADV_Generation_eps_4.0_steps_100 - INFO - Batch 6/154: Clean accuracy 1.0000 | Adv accuracy: 0.9688 
2025-08-04 21:03:01,955 - ADV_Generation_eps_4.0_steps_100 - INFO - Batch:[6] Adversarial images for this batch already exist
2025-08-04 21:03:02,686 - ADV_Generation_eps_4.0_steps_100 - INFO - Batch 7/154: Clean accuracy 1.0000 | Adv accuracy: 0.9643 
2025-08-04 21:03:02,696 - ADV_Generation_eps_4.0_steps_100 - INFO - Batch:[7] Adversarial images for this batch already exist
2025-08-04 21:03:03,467 - ADV_Generation_eps_4.0_steps_100 - INFO - Batch 8/154: Clean accuracy 1.0000 | Adv accuracy: 0.9609 
2025-08-04 21:03:03,477 - ADV_Generation_eps_4.0_steps_100 - INFO - Batch:[8] Adversarial images for this batch already exist
2025-08-04 21:03:04,135 - ADV_Generation_eps_4.0_steps_100 - INFO - Batch 9/154: Clean accuracy 0.9931 | Adv accuracy: 0.9375 
2025-08-04 21:03:04,145 - ADV_Generation_eps_4.0_steps_100 - INFO - Batch:[9] Adversarial images for this batch already exist
2025-08-04 21:03:04,802 - ADV_Generation_eps_4.0_steps_100 - INFO - Batch 10/154: Clean accuracy 0.9875 | Adv accuracy: 0.8938 
2025-08-04 21:03:04,812 - ADV_Generation_eps_4.0_steps_100 - INFO - Batch:[10] Adversarial images for this batch already exist
2025-08-04 21:03:05,530 - ADV_Generation_eps_4.0_steps_100 - INFO - Batch 11/154: Clean accuracy 0.9716 | Adv accuracy: 0.8523 
2025-08-04 21:03:05,540 - ADV_Generation_eps_4.0_steps_100 - INFO - Batch:[11] Adversarial images for this batch already exist
2025-08-04 21:03:06,233 - ADV_Generation_eps_4.0_steps_100 - INFO - Batch 12/154: Clean accuracy 0.9062 | Adv accuracy: 0.7917 
2025-08-04 21:03:06,242 - ADV_Generation_eps_4.0_steps_100 - INFO - Batch:[12] Adversarial images for this batch already exist
2025-08-04 21:03:07,024 - ADV_Generation_eps_4.0_steps_100 - INFO - Batch 13/154: Clean accuracy 0.8365 | Adv accuracy: 0.7308 
2025-08-04 21:03:07,034 - ADV_Generation_eps_4.0_steps_100 - INFO - Batch:[13] Adversarial images for this batch already exist
2025-08-04 21:03:07,705 - ADV_Generation_eps_4.0_steps_100 - INFO - Batch 14/154: Clean accuracy 0.7768 | Adv accuracy: 0.6786 
2025-08-04 21:03:07,715 - ADV_Generation_eps_4.0_steps_100 - INFO - Batch:[14] Adversarial images for this batch already exist
2025-08-04 21:03:08,509 - ADV_Generation_eps_4.0_steps_100 - INFO - Batch 15/154: Clean accuracy 0.7500 | Adv accuracy: 0.6583 
2025-08-04 21:03:08,519 - ADV_Generation_eps_4.0_steps_100 - INFO - Batch:[15] Adversarial images for this batch already exist
2025-08-04 21:03:09,234 - ADV_Generation_eps_4.0_steps_100 - INFO - Batch 16/154: Clean accuracy 0.7656 | Adv accuracy: 0.6758 
2025-08-04 21:03:09,244 - ADV_Generation_eps_4.0_steps_100 - INFO - Batch:[16] Adversarial images for this batch already exist
2025-08-04 21:03:10,057 - ADV_Generation_eps_4.0_steps_100 - INFO - Batch 17/154: Clean accuracy 0.7794 | Adv accuracy: 0.6949 
2025-08-04 21:03:10,067 - ADV_Generation_eps_4.0_steps_100 - INFO - Batch:[17] Adversarial images for this batch already exist
2025-08-04 21:03:10,729 - ADV_Generation_eps_4.0_steps_100 - INFO - Batch 18/154: Clean accuracy 0.7778 | Adv accuracy: 0.6979 
2025-08-04 21:03:10,739 - ADV_Generation_eps_4.0_steps_100 - INFO - Batch:[18] Adversarial images for this batch already exist
2025-08-04 21:03:11,492 - ADV_Generation_eps_4.0_steps_100 - INFO - Batch 19/154: Clean accuracy 0.7368 | Adv accuracy: 0.6612 
2025-08-04 21:03:11,502 - ADV_Generation_eps_4.0_steps_100 - INFO - Batch:[19] Adversarial images for this batch already exist
2025-08-04 21:03:12,176 - ADV_Generation_eps_4.0_steps_100 - INFO - Batch 20/154: Clean accuracy 0.7000 | Adv accuracy: 0.6281 
2025-08-04 21:03:12,193 - ADV_Generation_eps_4.0_steps_100 - INFO - Batch:[20] Adversarial images for this batch already exist
2025-08-04 21:03:13,127 - ADV_Generation_eps_4.0_steps_100 - INFO - Batch 21/154: Clean accuracy 0.6667 | Adv accuracy: 0.5982 
2025-08-04 21:03:13,138 - ADV_Generation_eps_4.0_steps_100 - INFO - Batch:[21] Adversarial images for this batch already exist
2025-08-04 21:03:13,919 - ADV_Generation_eps_4.0_steps_100 - INFO - Batch 22/154: Clean accuracy 0.6619 | Adv accuracy: 0.5909 
2025-08-04 21:03:13,928 - ADV_Generation_eps_4.0_steps_100 - INFO - Batch:[22] Adversarial images for this batch already exist
2025-08-04 21:03:14,638 - ADV_Generation_eps_4.0_steps_100 - INFO - Batch 23/154: Clean accuracy 0.6712 | Adv accuracy: 0.5951 
2025-08-04 21:03:14,648 - ADV_Generation_eps_4.0_steps_100 - INFO - Batch:[23] Adversarial images for this batch already exist
2025-08-04 21:03:15,383 - ADV_Generation_eps_4.0_steps_100 - INFO - Batch 24/154: Clean accuracy 0.6797 | Adv accuracy: 0.6042 
2025-08-04 21:03:15,393 - ADV_Generation_eps_4.0_steps_100 - INFO - Batch:[24] Adversarial images for this batch already exist
2025-08-04 21:03:16,088 - ADV_Generation_eps_4.0_steps_100 - INFO - Batch 25/154: Clean accuracy 0.6825 | Adv accuracy: 0.6025 
2025-08-04 21:03:16,103 - ADV_Generation_eps_4.0_steps_100 - INFO - Batch:[25] Adversarial images for this batch already exist
2025-08-04 21:03:16,824 - ADV_Generation_eps_4.0_steps_100 - INFO - Batch 26/154: Clean accuracy 0.6587 | Adv accuracy: 0.5793 
2025-08-04 21:03:16,834 - ADV_Generation_eps_4.0_steps_100 - INFO - Batch:[26] Adversarial images for this batch already exist
2025-08-04 21:03:17,631 - ADV_Generation_eps_4.0_steps_100 - INFO - Batch 27/154: Clean accuracy 0.6343 | Adv accuracy: 0.5602 
2025-08-04 21:03:17,641 - ADV_Generation_eps_4.0_steps_100 - INFO - Batch:[27] Adversarial images for this batch already exist
2025-08-04 21:03:18,340 - ADV_Generation_eps_4.0_steps_100 - INFO - Batch 28/154: Clean accuracy 0.6138 | Adv accuracy: 0.5402 
2025-08-04 21:03:18,350 - ADV_Generation_eps_4.0_steps_100 - INFO - Batch:[28] Adversarial images for this batch already exist
2025-08-04 21:03:19,116 - ADV_Generation_eps_4.0_steps_100 - INFO - Batch 29/154: Clean accuracy 0.5991 | Adv accuracy: 0.5237 
2025-08-04 21:03:19,126 - ADV_Generation_eps_4.0_steps_100 - INFO - Batch:[29] Adversarial images for this batch already exist
2025-08-04 21:03:19,889 - ADV_Generation_eps_4.0_steps_100 - INFO - Batch 30/154: Clean accuracy 0.6000 | Adv accuracy: 0.5250 
2025-08-04 21:03:19,899 - ADV_Generation_eps_4.0_steps_100 - INFO - Batch:[30] Adversarial images for this batch already exist
2025-08-04 21:03:20,603 - ADV_Generation_eps_4.0_steps_100 - INFO - Batch 31/154: Clean accuracy 0.6129 | Adv accuracy: 0.5403 
2025-08-04 21:03:20,613 - ADV_Generation_eps_4.0_steps_100 - INFO - Batch:[31] Adversarial images for this batch already exist
2025-08-04 21:03:21,301 - ADV_Generation_eps_4.0_steps_100 - INFO - Batch 32/154: Clean accuracy 0.6250 | Adv accuracy: 0.5527 
2025-08-04 21:03:21,311 - ADV_Generation_eps_4.0_steps_100 - INFO - Batch:[32] Adversarial images for this batch already exist
2025-08-04 21:03:22,058 - ADV_Generation_eps_4.0_steps_100 - INFO - Batch 33/154: Clean accuracy 0.6364 | Adv accuracy: 0.5644 
2025-08-04 21:03:22,069 - ADV_Generation_eps_4.0_steps_100 - INFO - Batch:[33] Adversarial images for this batch already exist
2025-08-04 21:03:22,738 - ADV_Generation_eps_4.0_steps_100 - INFO - Batch 34/154: Clean accuracy 0.6471 | Adv accuracy: 0.5772 
2025-08-04 21:03:22,747 - ADV_Generation_eps_4.0_steps_100 - INFO - Batch:[34] Adversarial images for this batch already exist
2025-08-04 21:03:23,414 - ADV_Generation_eps_4.0_steps_100 - INFO - Batch 35/154: Clean accuracy 0.6554 | Adv accuracy: 0.5875 
2025-08-04 21:03:23,424 - ADV_Generation_eps_4.0_steps_100 - INFO - Batch:[35] Adversarial images for this batch already exist
2025-08-04 21:03:24,351 - ADV_Generation_eps_4.0_steps_100 - INFO - Batch 36/154: Clean accuracy 0.6649 | Adv accuracy: 0.5955 
2025-08-04 21:03:24,373 - ADV_Generation_eps_4.0_steps_100 - INFO - Batch:[36] Adversarial images for this batch already exist
2025-08-04 21:03:25,053 - ADV_Generation_eps_4.0_steps_100 - INFO - Batch 37/154: Clean accuracy 0.6740 | Adv accuracy: 0.6064 
2025-08-04 21:03:25,063 - ADV_Generation_eps_4.0_steps_100 - INFO - Batch:[37] Adversarial images for this batch already exist
2025-08-04 21:03:25,727 - ADV_Generation_eps_4.0_steps_100 - INFO - Batch 38/154: Clean accuracy 0.6826 | Adv accuracy: 0.6168 
2025-08-04 21:03:25,737 - ADV_Generation_eps_4.0_steps_100 - INFO - Batch:[38] Adversarial images for this batch already exist
2025-08-04 21:03:26,416 - ADV_Generation_eps_4.0_steps_100 - INFO - Batch 39/154: Clean accuracy 0.6891 | Adv accuracy: 0.6218 
2025-08-04 21:03:26,425 - ADV_Generation_eps_4.0_steps_100 - INFO - Batch:[39] Adversarial images for this batch already exist
2025-08-04 21:03:27,418 - ADV_Generation_eps_4.0_steps_100 - INFO - Batch 40/154: Clean accuracy 0.6969 | Adv accuracy: 0.6312 
2025-08-04 21:03:27,428 - ADV_Generation_eps_4.0_steps_100 - INFO - Batch:[40] Adversarial images for this batch already exist
2025-08-04 21:03:28,097 - ADV_Generation_eps_4.0_steps_100 - INFO - Batch 41/154: Clean accuracy 0.6890 | Adv accuracy: 0.6250 
2025-08-04 21:03:28,107 - ADV_Generation_eps_4.0_steps_100 - INFO - Batch:[41] Adversarial images for this batch already exist
2025-08-04 21:03:28,801 - ADV_Generation_eps_4.0_steps_100 - INFO - Batch 42/154: Clean accuracy 0.6726 | Adv accuracy: 0.6101 
2025-08-04 21:03:28,811 - ADV_Generation_eps_4.0_steps_100 - INFO - Batch:[42] Adversarial images for this batch already exist
2025-08-04 21:03:29,468 - ADV_Generation_eps_4.0_steps_100 - INFO - Batch 43/154: Clean accuracy 0.6584 | Adv accuracy: 0.5974 
2025-08-04 21:03:29,477 - ADV_Generation_eps_4.0_steps_100 - INFO - Batch:[43] Adversarial images for this batch already exist
2025-08-04 21:03:30,212 - ADV_Generation_eps_4.0_steps_100 - INFO - Batch 44/154: Clean accuracy 0.6435 | Adv accuracy: 0.5838 
2025-08-04 21:03:30,223 - ADV_Generation_eps_4.0_steps_100 - INFO - Batch:[44] Adversarial images for this batch already exist
2025-08-04 21:03:30,975 - ADV_Generation_eps_4.0_steps_100 - INFO - Batch 45/154: Clean accuracy 0.6306 | Adv accuracy: 0.5708 
2025-08-04 21:03:30,986 - ADV_Generation_eps_4.0_steps_100 - INFO - Batch:[45] Adversarial images for this batch already exist
2025-08-04 21:03:31,650 - ADV_Generation_eps_4.0_steps_100 - INFO - Batch 46/154: Clean accuracy 0.6168 | Adv accuracy: 0.5584 
2025-08-04 21:03:31,660 - ADV_Generation_eps_4.0_steps_100 - INFO - Batch:[46] Adversarial images for this batch already exist
2025-08-04 21:03:32,321 - ADV_Generation_eps_4.0_steps_100 - INFO - Batch 47/154: Clean accuracy 0.6037 | Adv accuracy: 0.5465 
2025-08-04 21:03:32,334 - ADV_Generation_eps_4.0_steps_100 - INFO - Batch:[47] Adversarial images for this batch already exist
2025-08-04 21:03:33,064 - ADV_Generation_eps_4.0_steps_100 - INFO - Batch 48/154: Clean accuracy 0.6029 | Adv accuracy: 0.5456 
2025-08-04 21:03:33,075 - ADV_Generation_eps_4.0_steps_100 - INFO - Batch:[48] Adversarial images for this batch already exist
2025-08-04 21:03:33,858 - ADV_Generation_eps_4.0_steps_100 - INFO - Batch 49/154: Clean accuracy 0.6110 | Adv accuracy: 0.5536 
2025-08-04 21:03:33,870 - ADV_Generation_eps_4.0_steps_100 - INFO - Batch:[49] Adversarial images for this batch already exist
2025-08-04 21:03:34,557 - ADV_Generation_eps_4.0_steps_100 - INFO - Batch 50/154: Clean accuracy 0.6175 | Adv accuracy: 0.5613 
2025-08-04 21:03:34,578 - ADV_Generation_eps_4.0_steps_100 - INFO - Batch:[50] Adversarial images for this batch already exist
2025-08-04 21:03:35,291 - ADV_Generation_eps_4.0_steps_100 - INFO - Batch 51/154: Clean accuracy 0.6250 | Adv accuracy: 0.5686 
2025-08-04 21:03:35,302 - ADV_Generation_eps_4.0_steps_100 - INFO - Batch:[51] Adversarial images for this batch already exist
2025-08-04 21:03:35,947 - ADV_Generation_eps_4.0_steps_100 - INFO - Batch 52/154: Clean accuracy 0.6322 | Adv accuracy: 0.5709 
2025-08-04 21:03:35,958 - ADV_Generation_eps_4.0_steps_100 - INFO - Batch:[52] Adversarial images for this batch already exist
2025-08-04 21:03:36,631 - ADV_Generation_eps_4.0_steps_100 - INFO - Batch 53/154: Clean accuracy 0.6392 | Adv accuracy: 0.5778 
2025-08-04 21:03:36,642 - ADV_Generation_eps_4.0_steps_100 - INFO - Batch:[53] Adversarial images for this batch already exist
2025-08-04 21:03:37,444 - ADV_Generation_eps_4.0_steps_100 - INFO - Batch 54/154: Clean accuracy 0.6308 | Adv accuracy: 0.5706 
2025-08-04 21:03:37,534 - ADV_Generation_eps_4.0_steps_100 - INFO - Batch:[54] Adversarial images for this batch already exist
2025-08-04 21:03:38,273 - ADV_Generation_eps_4.0_steps_100 - INFO - Batch 55/154: Clean accuracy 0.6193 | Adv accuracy: 0.5602 
2025-08-04 21:03:38,284 - ADV_Generation_eps_4.0_steps_100 - INFO - Batch:[55] Adversarial images for this batch already exist
2025-08-04 21:03:38,963 - ADV_Generation_eps_4.0_steps_100 - INFO - Batch 56/154: Clean accuracy 0.6083 | Adv accuracy: 0.5502 
2025-08-04 21:03:38,973 - ADV_Generation_eps_4.0_steps_100 - INFO - Batch:[56] Adversarial images for this batch already exist
2025-08-04 21:03:39,664 - ADV_Generation_eps_4.0_steps_100 - INFO - Batch 57/154: Clean accuracy 0.6096 | Adv accuracy: 0.5493 
2025-08-04 21:03:39,674 - ADV_Generation_eps_4.0_steps_100 - INFO - Batch:[57] Adversarial images for this batch already exist
2025-08-04 21:03:40,306 - ADV_Generation_eps_4.0_steps_100 - INFO - Batch 58/154: Clean accuracy 0.6164 | Adv accuracy: 0.5517 
2025-08-04 21:03:40,317 - ADV_Generation_eps_4.0_steps_100 - INFO - Batch:[58] Adversarial images for this batch already exist
2025-08-04 21:03:41,050 - ADV_Generation_eps_4.0_steps_100 - INFO - Batch 59/154: Clean accuracy 0.6229 | Adv accuracy: 0.5572 
2025-08-04 21:03:41,060 - ADV_Generation_eps_4.0_steps_100 - INFO - Batch:[59] Adversarial images for this batch already exist
2025-08-04 21:03:41,737 - ADV_Generation_eps_4.0_steps_100 - INFO - Batch 60/154: Clean accuracy 0.6281 | Adv accuracy: 0.5604 
2025-08-04 21:03:41,747 - ADV_Generation_eps_4.0_steps_100 - INFO - Batch:[60] Adversarial images for this batch already exist
2025-08-04 21:03:42,461 - ADV_Generation_eps_4.0_steps_100 - INFO - Batch 61/154: Clean accuracy 0.6322 | Adv accuracy: 0.5605 
2025-08-04 21:03:42,471 - ADV_Generation_eps_4.0_steps_100 - INFO - Batch:[61] Adversarial images for this batch already exist
2025-08-04 21:03:43,275 - ADV_Generation_eps_4.0_steps_100 - INFO - Batch 62/154: Clean accuracy 0.6341 | Adv accuracy: 0.5615 
2025-08-04 21:03:43,288 - ADV_Generation_eps_4.0_steps_100 - INFO - Batch:[62] Adversarial images for this batch already exist
2025-08-04 21:03:44,140 - ADV_Generation_eps_4.0_steps_100 - INFO - Batch 63/154: Clean accuracy 0.6389 | Adv accuracy: 0.5635 
2025-08-04 21:03:44,150 - ADV_Generation_eps_4.0_steps_100 - INFO - Batch:[63] Adversarial images for this batch already exist
2025-08-04 21:03:44,805 - ADV_Generation_eps_4.0_steps_100 - INFO - Batch 64/154: Clean accuracy 0.6445 | Adv accuracy: 0.5684 
2025-08-04 21:03:44,815 - ADV_Generation_eps_4.0_steps_100 - INFO - Batch:[64] Adversarial images for this batch already exist
2025-08-04 21:03:45,490 - ADV_Generation_eps_4.0_steps_100 - INFO - Batch 65/154: Clean accuracy 0.6500 | Adv accuracy: 0.5740 
2025-08-04 21:03:45,500 - ADV_Generation_eps_4.0_steps_100 - INFO - Batch:[65] Adversarial images for this batch already exist
2025-08-04 21:03:46,220 - ADV_Generation_eps_4.0_steps_100 - INFO - Batch 66/154: Clean accuracy 0.6544 | Adv accuracy: 0.5767 
2025-08-04 21:03:46,230 - ADV_Generation_eps_4.0_steps_100 - INFO - Batch:[66] Adversarial images for this batch already exist
2025-08-04 21:03:46,951 - ADV_Generation_eps_4.0_steps_100 - INFO - Batch 67/154: Clean accuracy 0.6521 | Adv accuracy: 0.5737 
2025-08-04 21:03:46,961 - ADV_Generation_eps_4.0_steps_100 - INFO - Batch:[67] Adversarial images for this batch already exist
2025-08-04 21:03:47,687 - ADV_Generation_eps_4.0_steps_100 - INFO - Batch 68/154: Clean accuracy 0.6434 | Adv accuracy: 0.5653 
2025-08-04 21:03:47,698 - ADV_Generation_eps_4.0_steps_100 - INFO - Batch:[68] Adversarial images for this batch already exist
2025-08-04 21:03:48,433 - ADV_Generation_eps_4.0_steps_100 - INFO - Batch 69/154: Clean accuracy 0.6467 | Adv accuracy: 0.5688 
2025-08-04 21:03:48,444 - ADV_Generation_eps_4.0_steps_100 - INFO - Batch:[69] Adversarial images for this batch already exist
2025-08-04 21:03:49,166 - ADV_Generation_eps_4.0_steps_100 - INFO - Batch 70/154: Clean accuracy 0.6509 | Adv accuracy: 0.5714 
2025-08-04 21:03:49,177 - ADV_Generation_eps_4.0_steps_100 - INFO - Batch:[70] Adversarial images for this batch already exist
2025-08-04 21:03:49,896 - ADV_Generation_eps_4.0_steps_100 - INFO - Batch 71/154: Clean accuracy 0.6523 | Adv accuracy: 0.5713 
2025-08-04 21:03:49,906 - ADV_Generation_eps_4.0_steps_100 - INFO - Batch:[71] Adversarial images for this batch already exist
2025-08-04 21:03:50,539 - ADV_Generation_eps_4.0_steps_100 - INFO - Batch 72/154: Clean accuracy 0.6519 | Adv accuracy: 0.5694 
2025-08-04 21:03:50,548 - ADV_Generation_eps_4.0_steps_100 - INFO - Batch:[72] Adversarial images for this batch already exist
2025-08-04 21:03:51,223 - ADV_Generation_eps_4.0_steps_100 - INFO - Batch 73/154: Clean accuracy 0.6430 | Adv accuracy: 0.5616 
2025-08-04 21:03:51,234 - ADV_Generation_eps_4.0_steps_100 - INFO - Batch:[73] Adversarial images for this batch already exist
2025-08-04 21:03:51,966 - ADV_Generation_eps_4.0_steps_100 - INFO - Batch 74/154: Clean accuracy 0.6385 | Adv accuracy: 0.5583 
2025-08-04 21:03:51,976 - ADV_Generation_eps_4.0_steps_100 - INFO - Batch:[74] Adversarial images for this batch already exist
2025-08-04 21:03:52,763 - ADV_Generation_eps_4.0_steps_100 - INFO - Batch 75/154: Clean accuracy 0.6433 | Adv accuracy: 0.5642 
2025-08-04 21:03:52,774 - ADV_Generation_eps_4.0_steps_100 - INFO - Batch:[75] Adversarial images for this batch already exist
2025-08-04 21:03:53,567 - ADV_Generation_eps_4.0_steps_100 - INFO - Batch 76/154: Clean accuracy 0.6390 | Adv accuracy: 0.5609 
2025-08-04 21:03:53,577 - ADV_Generation_eps_4.0_steps_100 - INFO - Batch:[76] Adversarial images for this batch already exist
2025-08-04 21:03:54,220 - ADV_Generation_eps_4.0_steps_100 - INFO - Batch 77/154: Clean accuracy 0.6315 | Adv accuracy: 0.5536 
2025-08-04 21:03:54,231 - ADV_Generation_eps_4.0_steps_100 - INFO - Batch:[77] Adversarial images for this batch already exist
2025-08-04 21:03:54,898 - ADV_Generation_eps_4.0_steps_100 - INFO - Batch 78/154: Clean accuracy 0.6298 | Adv accuracy: 0.5497 
2025-08-04 21:03:54,908 - ADV_Generation_eps_4.0_steps_100 - INFO - Batch:[78] Adversarial images for this batch already exist
2025-08-04 21:03:55,575 - ADV_Generation_eps_4.0_steps_100 - INFO - Batch 79/154: Clean accuracy 0.6313 | Adv accuracy: 0.5506 
2025-08-04 21:03:55,585 - ADV_Generation_eps_4.0_steps_100 - INFO - Batch:[79] Adversarial images for this batch already exist
2025-08-04 21:03:56,588 - ADV_Generation_eps_4.0_steps_100 - INFO - Batch 80/154: Clean accuracy 0.6359 | Adv accuracy: 0.5563 
2025-08-04 21:03:56,598 - ADV_Generation_eps_4.0_steps_100 - INFO - Batch:[80] Adversarial images for this batch already exist
2025-08-04 21:03:57,284 - ADV_Generation_eps_4.0_steps_100 - INFO - Batch 81/154: Clean accuracy 0.6389 | Adv accuracy: 0.5579 
2025-08-04 21:03:57,294 - ADV_Generation_eps_4.0_steps_100 - INFO - Batch:[81] Adversarial images for this batch already exist
2025-08-04 21:03:58,117 - ADV_Generation_eps_4.0_steps_100 - INFO - Batch 82/154: Clean accuracy 0.6425 | Adv accuracy: 0.5595 
2025-08-04 21:03:58,127 - ADV_Generation_eps_4.0_steps_100 - INFO - Batch:[82] Adversarial images for this batch already exist
2025-08-04 21:03:58,768 - ADV_Generation_eps_4.0_steps_100 - INFO - Batch 83/154: Clean accuracy 0.6423 | Adv accuracy: 0.5580 
2025-08-04 21:03:58,778 - ADV_Generation_eps_4.0_steps_100 - INFO - Batch:[83] Adversarial images for this batch already exist
2025-08-04 21:03:59,547 - ADV_Generation_eps_4.0_steps_100 - INFO - Batch 84/154: Clean accuracy 0.6406 | Adv accuracy: 0.5543 
2025-08-04 21:03:59,557 - ADV_Generation_eps_4.0_steps_100 - INFO - Batch:[84] Adversarial images for this batch already exist
2025-08-04 21:04:00,192 - ADV_Generation_eps_4.0_steps_100 - INFO - Batch 85/154: Clean accuracy 0.6419 | Adv accuracy: 0.5537 
2025-08-04 21:04:00,202 - ADV_Generation_eps_4.0_steps_100 - INFO - Batch:[85] Adversarial images for this batch already exist
2025-08-04 21:04:00,853 - ADV_Generation_eps_4.0_steps_100 - INFO - Batch 86/154: Clean accuracy 0.6461 | Adv accuracy: 0.5589 
2025-08-04 21:04:00,863 - ADV_Generation_eps_4.0_steps_100 - INFO - Batch:[86] Adversarial images for this batch already exist
2025-08-04 21:04:01,567 - ADV_Generation_eps_4.0_steps_100 - INFO - Batch 87/154: Clean accuracy 0.6501 | Adv accuracy: 0.5632 
2025-08-04 21:04:01,578 - ADV_Generation_eps_4.0_steps_100 - INFO - Batch:[87] Adversarial images for this batch already exist
2025-08-04 21:04:02,239 - ADV_Generation_eps_4.0_steps_100 - INFO - Batch 88/154: Clean accuracy 0.6534 | Adv accuracy: 0.5661 
2025-08-04 21:04:02,249 - ADV_Generation_eps_4.0_steps_100 - INFO - Batch:[88] Adversarial images for this batch already exist
2025-08-04 21:04:03,000 - ADV_Generation_eps_4.0_steps_100 - INFO - Batch 89/154: Clean accuracy 0.6517 | Adv accuracy: 0.5653 
2025-08-04 21:04:03,014 - ADV_Generation_eps_4.0_steps_100 - INFO - Batch:[89] Adversarial images for this batch already exist
2025-08-04 21:04:03,694 - ADV_Generation_eps_4.0_steps_100 - INFO - Batch 90/154: Clean accuracy 0.6444 | Adv accuracy: 0.5590 
2025-08-04 21:04:03,704 - ADV_Generation_eps_4.0_steps_100 - INFO - Batch:[90] Adversarial images for this batch already exist
2025-08-04 21:04:04,472 - ADV_Generation_eps_4.0_steps_100 - INFO - Batch 91/154: Clean accuracy 0.6380 | Adv accuracy: 0.5536 
2025-08-04 21:04:04,481 - ADV_Generation_eps_4.0_steps_100 - INFO - Batch:[91] Adversarial images for this batch already exist
2025-08-04 21:04:05,346 - ADV_Generation_eps_4.0_steps_100 - INFO - Batch 92/154: Clean accuracy 0.6420 | Adv accuracy: 0.5577 
2025-08-04 21:04:05,357 - ADV_Generation_eps_4.0_steps_100 - INFO - Batch:[92] Adversarial images for this batch already exist
2025-08-04 21:04:06,064 - ADV_Generation_eps_4.0_steps_100 - INFO - Batch 93/154: Clean accuracy 0.6458 | Adv accuracy: 0.5612 
2025-08-04 21:04:06,075 - ADV_Generation_eps_4.0_steps_100 - INFO - Batch:[93] Adversarial images for this batch already exist
2025-08-04 21:04:06,778 - ADV_Generation_eps_4.0_steps_100 - INFO - Batch 94/154: Clean accuracy 0.6443 | Adv accuracy: 0.5598 
2025-08-04 21:04:06,817 - ADV_Generation_eps_4.0_steps_100 - INFO - Batch:[94] Adversarial images for this batch already exist
2025-08-04 21:04:07,486 - ADV_Generation_eps_4.0_steps_100 - INFO - Batch 95/154: Clean accuracy 0.6395 | Adv accuracy: 0.5539 
2025-08-04 21:04:07,495 - ADV_Generation_eps_4.0_steps_100 - INFO - Batch:[95] Adversarial images for this batch already exist
2025-08-04 21:04:08,430 - ADV_Generation_eps_4.0_steps_100 - INFO - Batch 96/154: Clean accuracy 0.6367 | Adv accuracy: 0.5488 
2025-08-04 21:04:08,440 - ADV_Generation_eps_4.0_steps_100 - INFO - Batch:[96] Adversarial images for this batch already exist
2025-08-04 21:04:09,141 - ADV_Generation_eps_4.0_steps_100 - INFO - Batch 97/154: Clean accuracy 0.6302 | Adv accuracy: 0.5432 
2025-08-04 21:04:09,151 - ADV_Generation_eps_4.0_steps_100 - INFO - Batch:[97] Adversarial images for this batch already exist
2025-08-04 21:04:09,838 - ADV_Generation_eps_4.0_steps_100 - INFO - Batch 98/154: Clean accuracy 0.6250 | Adv accuracy: 0.5376 
2025-08-04 21:04:09,848 - ADV_Generation_eps_4.0_steps_100 - INFO - Batch:[98] Adversarial images for this batch already exist
2025-08-04 21:04:10,552 - ADV_Generation_eps_4.0_steps_100 - INFO - Batch 99/154: Clean accuracy 0.6212 | Adv accuracy: 0.5328 
2025-08-04 21:04:10,565 - ADV_Generation_eps_4.0_steps_100 - INFO - Batch:[99] Adversarial images for this batch already exist
2025-08-04 21:04:11,203 - ADV_Generation_eps_4.0_steps_100 - INFO - Batch 100/154: Clean accuracy 0.6156 | Adv accuracy: 0.5275 
2025-08-04 21:04:11,214 - ADV_Generation_eps_4.0_steps_100 - INFO - Batch:[100] Adversarial images for this batch already exist
2025-08-04 21:04:11,935 - ADV_Generation_eps_4.0_steps_100 - INFO - Batch 101/154: Clean accuracy 0.6095 | Adv accuracy: 0.5223 
2025-08-04 21:04:11,948 - ADV_Generation_eps_4.0_steps_100 - INFO - Batch:[101] Adversarial images for this batch already exist
2025-08-04 21:04:12,622 - ADV_Generation_eps_4.0_steps_100 - INFO - Batch 102/154: Clean accuracy 0.6103 | Adv accuracy: 0.5196 
2025-08-04 21:04:12,632 - ADV_Generation_eps_4.0_steps_100 - INFO - Batch:[102] Adversarial images for this batch already exist
2025-08-04 21:04:13,297 - ADV_Generation_eps_4.0_steps_100 - INFO - Batch 103/154: Clean accuracy 0.6141 | Adv accuracy: 0.5243 
2025-08-04 21:04:13,307 - ADV_Generation_eps_4.0_steps_100 - INFO - Batch:[103] Adversarial images for this batch already exist
2025-08-04 21:04:14,065 - ADV_Generation_eps_4.0_steps_100 - INFO - Batch 104/154: Clean accuracy 0.6172 | Adv accuracy: 0.5270 
2025-08-04 21:04:14,075 - ADV_Generation_eps_4.0_steps_100 - INFO - Batch:[104] Adversarial images for this batch already exist
2025-08-04 21:04:14,869 - ADV_Generation_eps_4.0_steps_100 - INFO - Batch 105/154: Clean accuracy 0.6196 | Adv accuracy: 0.5298 
2025-08-04 21:04:14,879 - ADV_Generation_eps_4.0_steps_100 - INFO - Batch:[105] Adversarial images for this batch already exist
2025-08-04 21:04:15,645 - ADV_Generation_eps_4.0_steps_100 - INFO - Batch 106/154: Clean accuracy 0.6221 | Adv accuracy: 0.5312 
2025-08-04 21:04:15,655 - ADV_Generation_eps_4.0_steps_100 - INFO - Batch:[106] Adversarial images for this batch already exist
2025-08-04 21:04:16,445 - ADV_Generation_eps_4.0_steps_100 - INFO - Batch 107/154: Clean accuracy 0.6227 | Adv accuracy: 0.5298 
2025-08-04 21:04:16,469 - ADV_Generation_eps_4.0_steps_100 - INFO - Batch:[107] Adversarial images for this batch already exist
2025-08-04 21:04:17,109 - ADV_Generation_eps_4.0_steps_100 - INFO - Batch 108/154: Clean accuracy 0.6250 | Adv accuracy: 0.5330 
2025-08-04 21:04:17,121 - ADV_Generation_eps_4.0_steps_100 - INFO - Batch:[108] Adversarial images for this batch already exist
2025-08-04 21:04:17,820 - ADV_Generation_eps_4.0_steps_100 - INFO - Batch 109/154: Clean accuracy 0.6284 | Adv accuracy: 0.5361 
2025-08-04 21:04:17,852 - ADV_Generation_eps_4.0_steps_100 - INFO - Batch:[109] Adversarial images for this batch already exist
2025-08-04 21:04:18,611 - ADV_Generation_eps_4.0_steps_100 - INFO - Batch 110/154: Clean accuracy 0.6256 | Adv accuracy: 0.5335 
2025-08-04 21:04:18,621 - ADV_Generation_eps_4.0_steps_100 - INFO - Batch:[110] Adversarial images for this batch already exist
2025-08-04 21:04:19,324 - ADV_Generation_eps_4.0_steps_100 - INFO - Batch 111/154: Clean accuracy 0.6261 | Adv accuracy: 0.5349 
2025-08-04 21:04:19,335 - ADV_Generation_eps_4.0_steps_100 - INFO - Batch:[111] Adversarial images for this batch already exist
2025-08-04 21:04:20,083 - ADV_Generation_eps_4.0_steps_100 - INFO - Batch 112/154: Clean accuracy 0.6283 | Adv accuracy: 0.5379 
2025-08-04 21:04:20,093 - ADV_Generation_eps_4.0_steps_100 - INFO - Batch:[112] Adversarial images for this batch already exist
2025-08-04 21:04:20,875 - ADV_Generation_eps_4.0_steps_100 - INFO - Batch 113/154: Clean accuracy 0.6256 | Adv accuracy: 0.5360 
2025-08-04 21:04:20,885 - ADV_Generation_eps_4.0_steps_100 - INFO - Batch:[113] Adversarial images for this batch already exist
2025-08-04 21:04:21,634 - ADV_Generation_eps_4.0_steps_100 - INFO - Batch 114/154: Clean accuracy 0.6206 | Adv accuracy: 0.5312 
2025-08-04 21:04:21,644 - ADV_Generation_eps_4.0_steps_100 - INFO - Batch:[114] Adversarial images for this batch already exist
2025-08-04 21:04:22,354 - ADV_Generation_eps_4.0_steps_100 - INFO - Batch 115/154: Clean accuracy 0.6223 | Adv accuracy: 0.5337 
2025-08-04 21:04:22,364 - ADV_Generation_eps_4.0_steps_100 - INFO - Batch:[115] Adversarial images for this batch already exist
2025-08-04 21:04:23,118 - ADV_Generation_eps_4.0_steps_100 - INFO - Batch 116/154: Clean accuracy 0.6175 | Adv accuracy: 0.5296 
2025-08-04 21:04:23,129 - ADV_Generation_eps_4.0_steps_100 - INFO - Batch:[116] Adversarial images for this batch already exist
2025-08-04 21:04:23,858 - ADV_Generation_eps_4.0_steps_100 - INFO - Batch 117/154: Clean accuracy 0.6170 | Adv accuracy: 0.5272 
2025-08-04 21:04:23,868 - ADV_Generation_eps_4.0_steps_100 - INFO - Batch:[117] Adversarial images for this batch already exist
2025-08-04 21:04:24,587 - ADV_Generation_eps_4.0_steps_100 - INFO - Batch 118/154: Clean accuracy 0.6197 | Adv accuracy: 0.5307 
2025-08-04 21:04:24,598 - ADV_Generation_eps_4.0_steps_100 - INFO - Batch:[118] Adversarial images for this batch already exist
2025-08-04 21:04:25,370 - ADV_Generation_eps_4.0_steps_100 - INFO - Batch 119/154: Clean accuracy 0.6155 | Adv accuracy: 0.5273 
2025-08-04 21:04:25,381 - ADV_Generation_eps_4.0_steps_100 - INFO - Batch:[119] Adversarial images for this batch already exist
2025-08-04 21:04:26,138 - ADV_Generation_eps_4.0_steps_100 - INFO - Batch 120/154: Clean accuracy 0.6188 | Adv accuracy: 0.5312 
2025-08-04 21:04:26,161 - ADV_Generation_eps_4.0_steps_100 - INFO - Batch:[120] Adversarial images for this batch already exist
2025-08-04 21:04:27,008 - ADV_Generation_eps_4.0_steps_100 - INFO - Batch 121/154: Clean accuracy 0.6219 | Adv accuracy: 0.5351 
2025-08-04 21:04:27,018 - ADV_Generation_eps_4.0_steps_100 - INFO - Batch:[121] Adversarial images for this batch already exist
2025-08-04 21:04:27,825 - ADV_Generation_eps_4.0_steps_100 - INFO - Batch 122/154: Clean accuracy 0.6235 | Adv accuracy: 0.5364 
2025-08-04 21:04:27,835 - ADV_Generation_eps_4.0_steps_100 - INFO - Batch:[122] Adversarial images for this batch already exist
2025-08-04 21:04:28,535 - ADV_Generation_eps_4.0_steps_100 - INFO - Batch 123/154: Clean accuracy 0.6245 | Adv accuracy: 0.5361 
2025-08-04 21:04:28,545 - ADV_Generation_eps_4.0_steps_100 - INFO - Batch:[123] Adversarial images for this batch already exist
2025-08-04 21:04:29,298 - ADV_Generation_eps_4.0_steps_100 - INFO - Batch 124/154: Clean accuracy 0.6260 | Adv accuracy: 0.5378 
2025-08-04 21:04:29,309 - ADV_Generation_eps_4.0_steps_100 - INFO - Batch:[124] Adversarial images for this batch already exist
2025-08-04 21:04:30,000 - ADV_Generation_eps_4.0_steps_100 - INFO - Batch 125/154: Clean accuracy 0.6285 | Adv accuracy: 0.5410 
2025-08-04 21:04:30,011 - ADV_Generation_eps_4.0_steps_100 - INFO - Batch:[125] Adversarial images for this batch already exist
2025-08-04 21:04:30,705 - ADV_Generation_eps_4.0_steps_100 - INFO - Batch 126/154: Clean accuracy 0.6275 | Adv accuracy: 0.5407 
2025-08-04 21:04:30,716 - ADV_Generation_eps_4.0_steps_100 - INFO - Batch:[126] Adversarial images for this batch already exist
2025-08-04 21:04:31,884 - ADV_Generation_eps_4.0_steps_100 - INFO - Batch 127/154: Clean accuracy 0.6265 | Adv accuracy: 0.5399 
2025-08-04 21:04:31,894 - ADV_Generation_eps_4.0_steps_100 - INFO - Batch:[127] Adversarial images for this batch already exist
2025-08-04 21:04:32,668 - ADV_Generation_eps_4.0_steps_100 - INFO - Batch 128/154: Clean accuracy 0.6279 | Adv accuracy: 0.5391 
2025-08-04 21:04:32,678 - ADV_Generation_eps_4.0_steps_100 - INFO - Batch:[128] Adversarial images for this batch already exist
2025-08-04 21:04:33,352 - ADV_Generation_eps_4.0_steps_100 - INFO - Batch 129/154: Clean accuracy 0.6308 | Adv accuracy: 0.5402 
2025-08-04 21:04:33,365 - ADV_Generation_eps_4.0_steps_100 - INFO - Batch:[129] Adversarial images for this batch already exist
2025-08-04 21:04:34,302 - ADV_Generation_eps_4.0_steps_100 - INFO - Batch 130/154: Clean accuracy 0.6308 | Adv accuracy: 0.5409 
2025-08-04 21:04:34,314 - ADV_Generation_eps_4.0_steps_100 - INFO - Batch:[130] Adversarial images for this batch already exist
2025-08-04 21:04:35,050 - ADV_Generation_eps_4.0_steps_100 - INFO - Batch 131/154: Clean accuracy 0.6293 | Adv accuracy: 0.5386 
2025-08-04 21:04:35,060 - ADV_Generation_eps_4.0_steps_100 - INFO - Batch:[131] Adversarial images for this batch already exist
2025-08-04 21:04:35,886 - ADV_Generation_eps_4.0_steps_100 - INFO - Batch 132/154: Clean accuracy 0.6293 | Adv accuracy: 0.5369 
2025-08-04 21:04:35,896 - ADV_Generation_eps_4.0_steps_100 - INFO - Batch:[132] Adversarial images for this batch already exist
2025-08-04 21:04:36,640 - ADV_Generation_eps_4.0_steps_100 - INFO - Batch 133/154: Clean accuracy 0.6311 | Adv accuracy: 0.5357 
2025-08-04 21:04:36,653 - ADV_Generation_eps_4.0_steps_100 - INFO - Batch:[133] Adversarial images for this batch already exist
2025-08-04 21:04:37,534 - ADV_Generation_eps_4.0_steps_100 - INFO - Batch 134/154: Clean accuracy 0.6325 | Adv accuracy: 0.5354 
2025-08-04 21:04:37,544 - ADV_Generation_eps_4.0_steps_100 - INFO - Batch:[134] Adversarial images for this batch already exist
2025-08-04 21:04:38,582 - ADV_Generation_eps_4.0_steps_100 - INFO - Batch 135/154: Clean accuracy 0.6343 | Adv accuracy: 0.5366 
2025-08-04 21:04:38,592 - ADV_Generation_eps_4.0_steps_100 - INFO - Batch:[135] Adversarial images for this batch already exist
2025-08-04 21:04:39,328 - ADV_Generation_eps_4.0_steps_100 - INFO - Batch 136/154: Clean accuracy 0.6319 | Adv accuracy: 0.5340 
2025-08-04 21:04:39,338 - ADV_Generation_eps_4.0_steps_100 - INFO - Batch:[136] Adversarial images for this batch already exist
2025-08-04 21:04:40,035 - ADV_Generation_eps_4.0_steps_100 - INFO - Batch 137/154: Clean accuracy 0.6337 | Adv accuracy: 0.5360 
2025-08-04 21:04:40,045 - ADV_Generation_eps_4.0_steps_100 - INFO - Batch:[137] Adversarial images for this batch already exist
2025-08-04 21:04:41,110 - ADV_Generation_eps_4.0_steps_100 - INFO - Batch 138/154: Clean accuracy 0.6363 | Adv accuracy: 0.5389 
2025-08-04 21:04:41,120 - ADV_Generation_eps_4.0_steps_100 - INFO - Batch:[138] Adversarial images for this batch already exist
2025-08-04 21:04:41,917 - ADV_Generation_eps_4.0_steps_100 - INFO - Batch 139/154: Clean accuracy 0.6389 | Adv accuracy: 0.5423 
2025-08-04 21:04:41,927 - ADV_Generation_eps_4.0_steps_100 - INFO - Batch:[139] Adversarial images for this batch already exist
2025-08-04 21:04:42,733 - ADV_Generation_eps_4.0_steps_100 - INFO - Batch 140/154: Clean accuracy 0.6406 | Adv accuracy: 0.5415 
2025-08-04 21:04:42,743 - ADV_Generation_eps_4.0_steps_100 - INFO - Batch:[140] Adversarial images for this batch already exist
2025-08-04 21:04:43,497 - ADV_Generation_eps_4.0_steps_100 - INFO - Batch 141/154: Clean accuracy 0.6432 | Adv accuracy: 0.5443 
2025-08-04 21:04:43,507 - ADV_Generation_eps_4.0_steps_100 - INFO - Batch:[141] Adversarial images for this batch already exist
2025-08-04 21:04:44,247 - ADV_Generation_eps_4.0_steps_100 - INFO - Batch 142/154: Clean accuracy 0.6457 | Adv accuracy: 0.5471 
2025-08-04 21:04:44,259 - ADV_Generation_eps_4.0_steps_100 - INFO - Batch:[142] Adversarial images for this batch already exist
2025-08-04 21:04:45,025 - ADV_Generation_eps_4.0_steps_100 - INFO - Batch 143/154: Clean accuracy 0.6482 | Adv accuracy: 0.5503 
2025-08-04 21:04:45,036 - ADV_Generation_eps_4.0_steps_100 - INFO - Batch:[143] Adversarial images for this batch already exist
2025-08-04 21:04:45,759 - ADV_Generation_eps_4.0_steps_100 - INFO - Batch 144/154: Clean accuracy 0.6484 | Adv accuracy: 0.5495 
2025-08-04 21:04:45,769 - ADV_Generation_eps_4.0_steps_100 - INFO - Batch:[144] Adversarial images for this batch already exist
2025-08-04 21:04:46,428 - ADV_Generation_eps_4.0_steps_100 - INFO - Batch 145/154: Clean accuracy 0.6500 | Adv accuracy: 0.5500 
2025-08-04 21:04:46,440 - ADV_Generation_eps_4.0_steps_100 - INFO - Batch:[145] Adversarial images for this batch already exist
2025-08-04 21:04:47,120 - ADV_Generation_eps_4.0_steps_100 - INFO - Batch 146/154: Clean accuracy 0.6511 | Adv accuracy: 0.5514 
2025-08-04 21:04:47,130 - ADV_Generation_eps_4.0_steps_100 - INFO - Batch:[146] Adversarial images for this batch already exist
2025-08-04 21:04:48,003 - ADV_Generation_eps_4.0_steps_100 - INFO - Batch 147/154: Clean accuracy 0.6535 | Adv accuracy: 0.5531 
2025-08-04 21:04:48,014 - ADV_Generation_eps_4.0_steps_100 - INFO - Batch:[147] Adversarial images for this batch already exist
2025-08-04 21:04:48,739 - ADV_Generation_eps_4.0_steps_100 - INFO - Batch 148/154: Clean accuracy 0.6499 | Adv accuracy: 0.5503 
2025-08-04 21:04:48,749 - ADV_Generation_eps_4.0_steps_100 - INFO - Batch:[148] Adversarial images for this batch already exist
2025-08-04 21:04:49,454 - ADV_Generation_eps_4.0_steps_100 - INFO - Batch 149/154: Clean accuracy 0.6477 | Adv accuracy: 0.5474 
2025-08-04 21:04:49,464 - ADV_Generation_eps_4.0_steps_100 - INFO - Batch:[149] Adversarial images for this batch already exist
2025-08-04 21:04:50,229 - ADV_Generation_eps_4.0_steps_100 - INFO - Batch 150/154: Clean accuracy 0.6446 | Adv accuracy: 0.5442 
2025-08-04 21:04:50,239 - ADV_Generation_eps_4.0_steps_100 - INFO - Batch:[150] Adversarial images for this batch already exist
2025-08-04 21:04:50,917 - ADV_Generation_eps_4.0_steps_100 - INFO - Batch 151/154: Clean accuracy 0.6469 | Adv accuracy: 0.5447 
2025-08-04 21:04:50,927 - ADV_Generation_eps_4.0_steps_100 - INFO - Batch:[151] Adversarial images for this batch already exist
2025-08-04 21:04:51,587 - ADV_Generation_eps_4.0_steps_100 - INFO - Batch 152/154: Clean accuracy 0.6484 | Adv accuracy: 0.5461 
2025-08-04 21:04:51,597 - ADV_Generation_eps_4.0_steps_100 - INFO - Batch:[152] Adversarial images for this batch already exist
2025-08-04 21:04:52,325 - ADV_Generation_eps_4.0_steps_100 - INFO - Batch 153/154: Clean accuracy 0.6471 | Adv accuracy: 0.5433 
2025-08-04 21:04:52,335 - ADV_Generation_eps_4.0_steps_100 - INFO - Batch:[153] Adversarial images for this batch already exist
2025-08-04 21:04:52,974 - ADV_Generation_eps_4.0_steps_100 - INFO - Batch 154/154: Clean accuracy 0.6476 | Adv accuracy: 0.5412 
2025-08-04 21:04:53,034 - ADV_Generation_eps_4.0_steps_100 - INFO - Original accuracy: 0.6476
2025-08-04 21:04:53,035 - ADV_Generation_eps_4.0_steps_100 - INFO - Adversarial accuracy: 0.5412
2025-08-04 21:04:53,041 - ADV_Generation_eps_4.0_steps_100 - INFO - Adversarial image generation completed. Results
