2025-08-22 18:20:33,819 - ADV_Generation_eps_4.0_steps_100_image_only_attack_prm_Purification_type_noisy_anchor_anchors_10_alpha_1.2_sigma_0.18_threshold_0.0 - INFO - ==========================================
data:/leonardo_work/EUHPC_R04_192/fmohamma/Adversarial_Robust_Clip/atpt_data/downstream_datasets
test_sets:K
dataset_mode:test
arch:vit_l_14_datacomp_1b
resolution:224
transferability:False
source_model:fare4
workers:4
no_pin_memory:False
batch_size:64
adv_bs:16
print_freq:20
gpu:0
no_cudnn_benchmark:False
n_ctx:4
ctx_init:a_photo_of_a
seed:0
output_dir:/leonardo_work/EUHPC_R04_192/fmohamma/Adversarial_Robust_Clip/atpt_data/vit_l_14_datacomp_1b/K
log_output_dir:/leonardo_work/EUHPC_R04_192/fmohamma/Adversarial_Robust_Clip/ATPT/Final_Results_anchor/vit_l_14_datacomp_1b/K
image_only_attack:True
image_only_attack_type:prm
image_predicted_label_attack:False
eps:4.0
alpha:1.0
alpha_eps_ratio:4.0
steps:100
counter_attack:False
counter_attack_type:pgd
counter_attack_steps:2
counter_attack_eps:4.0
counter_attack_alpha:1.0
counter_attack_tau_thres:0.2
counter_attack_beta:2.0
counter_attack_weighted_perturbations:True
pgd_clip_pure_i_text_embeddings:null
pgd_counter_and_clipure_i_lamda:1.0
image_feature_purify:True
image_feature_purify_type:noisy_anchor
image_feature_purify_noisy_anchors:10
image_feature_purify_anchors_alpha:1.2
image_feature_purify_noisy_sigma:0.18
image_feature_purify_diff_threshold:0.0
image_feature_clipure_steps:10
image_feature_clipure_step_size:10.0
save_plots:False
lr:0.005
selection_p:0.1
tta_steps:1
top_k:20
softmax_temp:0.01
load_tecoa:

2025-08-22 18:20:33,821 - ADV_Generation_eps_4.0_steps_100_image_only_attack_prm_Purification_type_noisy_anchor_anchors_10_alpha_1.2_sigma_0.18_threshold_0.0 - INFO - Use GPU: 0 for training
2025-08-22 18:23:45,043 - ADV_Generation_eps_4.0_steps_100_image_only_attack_prm_Purification_type_noisy_anchor_anchors_10_alpha_1.2_sigma_0.18_threshold_0.0 - INFO - => Model created: visual backbone vit_l_14_datacomp_1b
2025-08-22 18:23:48,077 - ADV_Generation_eps_4.0_steps_100_image_only_attack_prm_Purification_type_noisy_anchor_anchors_10_alpha_1.2_sigma_0.18_threshold_0.0 - INFO - Number of test samples: 5000
2025-08-22 18:23:48,077 - ADV_Generation_eps_4.0_steps_100_image_only_attack_prm_Purification_type_noisy_anchor_anchors_10_alpha_1.2_sigma_0.18_threshold_0.0 - INFO - Evaluating dataset: K
2025-08-22 18:23:48,078 - ADV_Generation_eps_4.0_steps_100_image_only_attack_prm_Purification_type_noisy_anchor_anchors_10_alpha_1.2_sigma_0.18_threshold_0.0 - INFO - Starting evaluation with batch size: 64, selection percentage: 0.1
2025-08-22 18:23:48,078 - ADV_Generation_eps_4.0_steps_100_image_only_attack_prm_Purification_type_noisy_anchor_anchors_10_alpha_1.2_sigma_0.18_threshold_0.0 - INFO - Using PGD attack with epsilon: 0.015686, alpha: 0.003922, steps: 100 image only attack True image only attack type  prm image predicted label attack False
2025-08-22 18:23:48,079 - ADV_Generation_eps_4.0_steps_100_image_only_attack_prm_Purification_type_noisy_anchor_anchors_10_alpha_1.2_sigma_0.18_threshold_0.0 - INFO - Adversarial examples will be loaded from /leonardo_work/EUHPC_R04_192/fmohamma/Adversarial_Robust_Clip/atpt_data/vit_l_14_datacomp_1b/K/adv_images_eps_4.0_alpha_1.0_steps_100_image_only_attack_prm and evaluated on vit_l_14_datacomp_1b
2025-08-22 18:23:48,086 - ADV_Generation_eps_4.0_steps_100_image_only_attack_prm_Purification_type_noisy_anchor_anchors_10_alpha_1.2_sigma_0.18_threshold_0.0 - INFO - Using directory for adversarial images: /leonardo_work/EUHPC_R04_192/fmohamma/Adversarial_Robust_Clip/atpt_data/vit_l_14_datacomp_1b/K/adv_images_eps_4.0_alpha_1.0_steps_100_image_only_attack_prm
2025-08-22 18:24:39,663 - ADV_Generation_eps_4.0_steps_100_image_only_attack_prm_Purification_type_noisy_anchor_anchors_10_alpha_1.2_sigma_0.18_threshold_0.0 - INFO - Generated adversarial images for the entire batch.
2025-08-22 18:24:39,668 - ADV_Generation_eps_4.0_steps_100_image_only_attack_prm_Purification_type_noisy_anchor_anchors_10_alpha_1.2_sigma_0.18_threshold_0.0 - INFO - Batch:[0] Image: [0] Saved adversarial tensor to /leonardo_work/EUHPC_R04_192/fmohamma/Adversarial_Robust_Clip/atpt_data/vit_l_14_datacomp_1b/K/adv_images_eps_4.0_alpha_1.0_steps_100_image_only_attack_prm/n01440764_sketch_0.pt
2025-08-22 18:24:39,675 - ADV_Generation_eps_4.0_steps_100_image_only_attack_prm_Purification_type_noisy_anchor_anchors_10_alpha_1.2_sigma_0.18_threshold_0.0 - INFO - Batch:[0] Image: [1] Saved adversarial tensor to /leonardo_work/EUHPC_R04_192/fmohamma/Adversarial_Robust_Clip/atpt_data/vit_l_14_datacomp_1b/K/adv_images_eps_4.0_alpha_1.0_steps_100_image_only_attack_prm/n01440764_sketch_1.pt
2025-08-22 18:24:39,679 - ADV_Generation_eps_4.0_steps_100_image_only_attack_prm_Purification_type_noisy_anchor_anchors_10_alpha_1.2_sigma_0.18_threshold_0.0 - INFO - Batch:[0] Image: [2] Saved adversarial tensor to /leonardo_work/EUHPC_R04_192/fmohamma/Adversarial_Robust_Clip/atpt_data/vit_l_14_datacomp_1b/K/adv_images_eps_4.0_alpha_1.0_steps_100_image_only_attack_prm/n01440764_sketch_10.pt
2025-08-22 18:24:39,681 - ADV_Generation_eps_4.0_steps_100_image_only_attack_prm_Purification_type_noisy_anchor_anchors_10_alpha_1.2_sigma_0.18_threshold_0.0 - INFO - Batch:[0] Image: [3] Saved adversarial tensor to /leonardo_work/EUHPC_R04_192/fmohamma/Adversarial_Robust_Clip/atpt_data/vit_l_14_datacomp_1b/K/adv_images_eps_4.0_alpha_1.0_steps_100_image_only_attack_prm/n01440764_sketch_11.pt
2025-08-22 18:24:39,685 - ADV_Generation_eps_4.0_steps_100_image_only_attack_prm_Purification_type_noisy_anchor_anchors_10_alpha_1.2_sigma_0.18_threshold_0.0 - INFO - Batch:[0] Image: [4] Saved adversarial tensor to /leonardo_work/EUHPC_R04_192/fmohamma/Adversarial_Robust_Clip/atpt_data/vit_l_14_datacomp_1b/K/adv_images_eps_4.0_alpha_1.0_steps_100_image_only_attack_prm/n01440764_sketch_12.pt
2025-08-22 18:24:39,689 - ADV_Generation_eps_4.0_steps_100_image_only_attack_prm_Purification_type_noisy_anchor_anchors_10_alpha_1.2_sigma_0.18_threshold_0.0 - INFO - Batch:[0] Image: [5] Saved adversarial tensor to /leonardo_work/EUHPC_R04_192/fmohamma/Adversarial_Robust_Clip/atpt_data/vit_l_14_datacomp_1b/K/adv_images_eps_4.0_alpha_1.0_steps_100_image_only_attack_prm/n01443537_sketch_0.pt
2025-08-22 18:24:39,691 - ADV_Generation_eps_4.0_steps_100_image_only_attack_prm_Purification_type_noisy_anchor_anchors_10_alpha_1.2_sigma_0.18_threshold_0.0 - INFO - Batch:[0] Image: [6] Saved adversarial tensor to /leonardo_work/EUHPC_R04_192/fmohamma/Adversarial_Robust_Clip/atpt_data/vit_l_14_datacomp_1b/K/adv_images_eps_4.0_alpha_1.0_steps_100_image_only_attack_prm/n01443537_sketch_1.pt
2025-08-22 18:24:39,693 - ADV_Generation_eps_4.0_steps_100_image_only_attack_prm_Purification_type_noisy_anchor_anchors_10_alpha_1.2_sigma_0.18_threshold_0.0 - INFO - Batch:[0] Image: [7] Saved adversarial tensor to /leonardo_work/EUHPC_R04_192/fmohamma/Adversarial_Robust_Clip/atpt_data/vit_l_14_datacomp_1b/K/adv_images_eps_4.0_alpha_1.0_steps_100_image_only_attack_prm/n01443537_sketch_10.pt
2025-08-22 18:24:39,695 - ADV_Generation_eps_4.0_steps_100_image_only_attack_prm_Purification_type_noisy_anchor_anchors_10_alpha_1.2_sigma_0.18_threshold_0.0 - INFO - Batch:[0] Image: [8] Saved adversarial tensor to /leonardo_work/EUHPC_R04_192/fmohamma/Adversarial_Robust_Clip/atpt_data/vit_l_14_datacomp_1b/K/adv_images_eps_4.0_alpha_1.0_steps_100_image_only_attack_prm/n01443537_sketch_11.pt
2025-08-22 18:24:39,697 - ADV_Generation_eps_4.0_steps_100_image_only_attack_prm_Purification_type_noisy_anchor_anchors_10_alpha_1.2_sigma_0.18_threshold_0.0 - INFO - Batch:[0] Image: [9] Saved adversarial tensor to /leonardo_work/EUHPC_R04_192/fmohamma/Adversarial_Robust_Clip/atpt_data/vit_l_14_datacomp_1b/K/adv_images_eps_4.0_alpha_1.0_steps_100_image_only_attack_prm/n01443537_sketch_12.pt
2025-08-22 18:24:39,699 - ADV_Generation_eps_4.0_steps_100_image_only_attack_prm_Purification_type_noisy_anchor_anchors_10_alpha_1.2_sigma_0.18_threshold_0.0 - INFO - Batch:[0] Image: [10] Saved adversarial tensor to /leonardo_work/EUHPC_R04_192/fmohamma/Adversarial_Robust_Clip/atpt_data/vit_l_14_datacomp_1b/K/adv_images_eps_4.0_alpha_1.0_steps_100_image_only_attack_prm/n01484850_sketch_0.pt
2025-08-22 18:24:39,701 - ADV_Generation_eps_4.0_steps_100_image_only_attack_prm_Purification_type_noisy_anchor_anchors_10_alpha_1.2_sigma_0.18_threshold_0.0 - INFO - Batch:[0] Image: [11] Saved adversarial tensor to /leonardo_work/EUHPC_R04_192/fmohamma/Adversarial_Robust_Clip/atpt_data/vit_l_14_datacomp_1b/K/adv_images_eps_4.0_alpha_1.0_steps_100_image_only_attack_prm/n01484850_sketch_1.pt
2025-08-22 18:24:39,703 - ADV_Generation_eps_4.0_steps_100_image_only_attack_prm_Purification_type_noisy_anchor_anchors_10_alpha_1.2_sigma_0.18_threshold_0.0 - INFO - Batch:[0] Image: [12] Saved adversarial tensor to /leonardo_work/EUHPC_R04_192/fmohamma/Adversarial_Robust_Clip/atpt_data/vit_l_14_datacomp_1b/K/adv_images_eps_4.0_alpha_1.0_steps_100_image_only_attack_prm/n01484850_sketch_10.pt
2025-08-22 18:24:39,706 - ADV_Generation_eps_4.0_steps_100_image_only_attack_prm_Purification_type_noisy_anchor_anchors_10_alpha_1.2_sigma_0.18_threshold_0.0 - INFO - Batch:[0] Image: [13] Saved adversarial tensor to /leonardo_work/EUHPC_R04_192/fmohamma/Adversarial_Robust_Clip/atpt_data/vit_l_14_datacomp_1b/K/adv_images_eps_4.0_alpha_1.0_steps_100_image_only_attack_prm/n01484850_sketch_11.pt
2025-08-22 18:24:39,710 - ADV_Generation_eps_4.0_steps_100_image_only_attack_prm_Purification_type_noisy_anchor_anchors_10_alpha_1.2_sigma_0.18_threshold_0.0 - INFO - Batch:[0] Image: [14] Saved adversarial tensor to /leonardo_work/EUHPC_R04_192/fmohamma/Adversarial_Robust_Clip/atpt_data/vit_l_14_datacomp_1b/K/adv_images_eps_4.0_alpha_1.0_steps_100_image_only_attack_prm/n01484850_sketch_12.pt
2025-08-22 18:24:39,716 - ADV_Generation_eps_4.0_steps_100_image_only_attack_prm_Purification_type_noisy_anchor_anchors_10_alpha_1.2_sigma_0.18_threshold_0.0 - INFO - Batch:[0] Image: [15] Saved adversarial tensor to /leonardo_work/EUHPC_R04_192/fmohamma/Adversarial_Robust_Clip/atpt_data/vit_l_14_datacomp_1b/K/adv_images_eps_4.0_alpha_1.0_steps_100_image_only_attack_prm/n01491361_sketch_0.pt
2025-08-22 18:24:42,155 - ADV_Generation_eps_4.0_steps_100_image_only_attack_prm_Purification_type_noisy_anchor_anchors_10_alpha_1.2_sigma_0.18_threshold_0.0 - INFO - ======================== Adversarial Image Evaluation ==========================
2025-08-22 18:24:42,156 - ADV_Generation_eps_4.0_steps_100_image_only_attack_prm_Purification_type_noisy_anchor_anchors_10_alpha_1.2_sigma_0.18_threshold_0.0 - INFO - target: tensor([0, 0, 0, 0, 0, 1, 1, 1, 1, 1, 2, 2, 2, 2, 2, 3], device='cuda:0')
2025-08-22 18:24:42,156 - ADV_Generation_eps_4.0_steps_100_image_only_attack_prm_Purification_type_noisy_anchor_anchors_10_alpha_1.2_sigma_0.18_threshold_0.0 - INFO - adv_pred: tensor([646, 588, 611, 646, 795, 786, 770, 396, 768, 127, 692, 589, 580, 906,
        646, 774], device='cuda:0')
2025-08-22 18:24:42,156 - ADV_Generation_eps_4.0_steps_100_image_only_attack_prm_Purification_type_noisy_anchor_anchors_10_alpha_1.2_sigma_0.18_threshold_0.0 - INFO - adv_correct_orig: 0 = 0 + 0
2025-08-22 18:24:42,157 - ADV_Generation_eps_4.0_steps_100_image_only_attack_prm_Purification_type_noisy_anchor_anchors_10_alpha_1.2_sigma_0.18_threshold_0.0 - INFO - adv_pred_purify: tensor([389,   0,   0,   0, 394,   1,   1,   1,   1,   1, 366,   2,   2,   3,
          2,   3], device='cuda:0')
2025-08-22 18:24:42,157 - ADV_Generation_eps_4.0_steps_100_image_only_attack_prm_Purification_type_noisy_anchor_anchors_10_alpha_1.2_sigma_0.18_threshold_0.0 - INFO - adv_correct_purify: 12 = 0 + 12
