2026-02-12 20:50:31,725 - ADV_Generation_eps_1.0_steps_100_Added_Noise_uniform_Eps_8.0_Tau_Type_normal_anchors_num_anchors_10 - INFO - ==========================================
data:/leonardo_work/EUHPC_R04_192/fmohamma/Adversarial_Robust_Clip/atpt_data/downstream_datasets
test_sets:UCF101
dataset_mode:test
arch:vit_l_14_datacomp_1b
resolution:224
transferability:False
source_model:fare4
workers:4
no_pin_memory:False
batch_size:1
adv_bs:1
print_freq:20
gpu:0
no_cudnn_benchmark:False
n_ctx:4
ctx_init:a_photo_of_a
seed:0
output_dir:/leonardo_work/EUHPC_R04_192/fmohamma/Adversarial_Robust_Clip/atpt_data/vit_l_14_datacomp_1b/UCF101
log_output_dir:/leonardo_work/EUHPC_R04_192/fmohamma/Adversarial_Robust_Clip/ATPT/Diffratio_v3/vit_l_14_datacomp_1b/UCF101/ADV_Generation_eps_1.0_steps_100_Added_Noise_uniform_Eps_8.0_Tau_Type_normal_anchors_num_anchors_10
image_only_attack:False
image_only_attack_type:prm
image_predicted_label_attack:False
eps:1.0
alpha:0.25
alpha_eps_ratio:4.0
steps:100
counter_attack:True
counter_attack_type:pgd
counter_attack_steps:0
counter_attack_eps:8.0
counter_attack_alpha:1.0
counter_attack_tau_thres:0.2
counter_attack_beta:2.0
counter_attack_weighted_perturbations:True
counter_attack_init_noise:uniform
counter_attack_gaussian_sigma:0.03
counter_attack_noisy_tau_num_anchors:10
counter_attack_tau:normal_anchors
pgd_clip_pure_i_text_embeddings:null
pgd_counter_and_clipure_i_lamda:1.0
image_feature_purify:False
image_feature_purify_type:noisy_anchor
image_feature_purify_noisy_anchors:10
image_feature_purify_anchors_alpha:1.2
image_feature_purify_noisy_sigma:0.18
image_feature_purify_diff_threshold:0.0
image_feature_clipure_steps:10
image_feature_clipure_step_size:10.0
save_plots:False
lr:0.005
selection_p:0.1
tta_steps:1
top_k:20
softmax_temp:0.01
load_tecoa:

2026-02-12 20:50:31,725 - ADV_Generation_eps_1.0_steps_100_Added_Noise_uniform_Eps_8.0_Tau_Type_normal_anchors_num_anchors_10 - INFO - Use GPU: 0 for training
2026-02-12 20:52:16,310 - ADV_Generation_eps_1.0_steps_100_Added_Noise_uniform_Eps_8.0_Tau_Type_normal_anchors_num_anchors_10 - INFO - => Model created: visual backbone vit_l_14_datacomp_1b
2026-02-12 20:52:16,319 - ADV_Generation_eps_1.0_steps_100_Added_Noise_uniform_Eps_8.0_Tau_Type_normal_anchors_num_anchors_10 - INFO - Number of test samples: 3783
2026-02-12 20:52:16,320 - ADV_Generation_eps_1.0_steps_100_Added_Noise_uniform_Eps_8.0_Tau_Type_normal_anchors_num_anchors_10 - INFO - Evaluating dataset: UCF101
2026-02-12 20:52:16,321 - ADV_Generation_eps_1.0_steps_100_Added_Noise_uniform_Eps_8.0_Tau_Type_normal_anchors_num_anchors_10 - INFO - Starting evaluation with batch size: 1, selection percentage: 0.1
2026-02-12 20:52:16,321 - ADV_Generation_eps_1.0_steps_100_Added_Noise_uniform_Eps_8.0_Tau_Type_normal_anchors_num_anchors_10 - INFO - Using counter-attack with epsilon: 8.000000, alpha: 1.000000, steps: 0
2026-02-12 20:52:16,321 - ADV_Generation_eps_1.0_steps_100_Added_Noise_uniform_Eps_8.0_Tau_Type_normal_anchors_num_anchors_10 - INFO - Adversarial examples will be loaded from /leonardo_work/EUHPC_R04_192/fmohamma/Adversarial_Robust_Clip/atpt_data/vit_l_14_datacomp_1b/UCF101/adv_images_eps_1.0_alpha_0.25_steps_100 and evaluated on vit_l_14_datacomp_1b
2026-02-12 20:52:16,321 - ADV_Generation_eps_1.0_steps_100_Added_Noise_uniform_Eps_8.0_Tau_Type_normal_anchors_num_anchors_10 - INFO - Using directory for adversarial images: /leonardo_work/EUHPC_R04_192/fmohamma/Adversarial_Robust_Clip/atpt_data/vit_l_14_datacomp_1b/UCF101/adv_images_eps_1.0_alpha_0.25_steps_100
2026-02-12 20:52:16,726 - ADV_Generation_eps_1.0_steps_100_Added_Noise_uniform_Eps_8.0_Tau_Type_normal_anchors_num_anchors_10 - INFO - Batch:[0] Adversarial images for this batch already exist
2026-02-12 20:52:17,297 - ADV_Generation_eps_1.0_steps_100_Added_Noise_uniform_Eps_8.0_Tau_Type_normal_anchors_num_anchors_10 - INFO - Batch 1/3783: Clean accuracy 1.0000 | Adv accuracy: 0.0000 | Counter-attack accuracy: 0.0000
2026-02-12 20:52:17,298 - ADV_Generation_eps_1.0_steps_100_Added_Noise_uniform_Eps_8.0_Tau_Type_normal_anchors_num_anchors_10 - INFO - Batch:[1] Adversarial images for this batch already exist
2026-02-12 20:52:17,614 - ADV_Generation_eps_1.0_steps_100_Added_Noise_uniform_Eps_8.0_Tau_Type_normal_anchors_num_anchors_10 - INFO - Batch 2/3783: Clean accuracy 1.0000 | Adv accuracy: 0.0000 | Counter-attack accuracy: 0.5000
2026-02-12 20:52:17,615 - ADV_Generation_eps_1.0_steps_100_Added_Noise_uniform_Eps_8.0_Tau_Type_normal_anchors_num_anchors_10 - INFO - Batch:[2] Adversarial images for this batch already exist
2026-02-12 20:52:17,930 - ADV_Generation_eps_1.0_steps_100_Added_Noise_uniform_Eps_8.0_Tau_Type_normal_anchors_num_anchors_10 - INFO - Batch 3/3783: Clean accuracy 1.0000 | Adv accuracy: 0.0000 | Counter-attack accuracy: 0.6667
2026-02-12 20:52:17,930 - ADV_Generation_eps_1.0_steps_100_Added_Noise_uniform_Eps_8.0_Tau_Type_normal_anchors_num_anchors_10 - INFO - Batch:[3] Adversarial images for this batch already exist
2026-02-12 20:52:18,242 - ADV_Generation_eps_1.0_steps_100_Added_Noise_uniform_Eps_8.0_Tau_Type_normal_anchors_num_anchors_10 - INFO - Batch 4/3783: Clean accuracy 0.7500 | Adv accuracy: 0.0000 | Counter-attack accuracy: 0.5000
2026-02-12 20:52:18,242 - ADV_Generation_eps_1.0_steps_100_Added_Noise_uniform_Eps_8.0_Tau_Type_normal_anchors_num_anchors_10 - INFO - Batch:[4] Adversarial images for this batch already exist
2026-02-12 20:52:18,557 - ADV_Generation_eps_1.0_steps_100_Added_Noise_uniform_Eps_8.0_Tau_Type_normal_anchors_num_anchors_10 - INFO - Batch 5/3783: Clean accuracy 0.8000 | Adv accuracy: 0.0000 | Counter-attack accuracy: 0.4000
2026-02-12 20:52:18,558 - ADV_Generation_eps_1.0_steps_100_Added_Noise_uniform_Eps_8.0_Tau_Type_normal_anchors_num_anchors_10 - INFO - Batch:[5] Adversarial images for this batch already exist
2026-02-12 20:52:18,872 - ADV_Generation_eps_1.0_steps_100_Added_Noise_uniform_Eps_8.0_Tau_Type_normal_anchors_num_anchors_10 - INFO - Batch 6/3783: Clean accuracy 0.8333 | Adv accuracy: 0.0000 | Counter-attack accuracy: 0.3333
2026-02-12 20:52:18,873 - ADV_Generation_eps_1.0_steps_100_Added_Noise_uniform_Eps_8.0_Tau_Type_normal_anchors_num_anchors_10 - INFO - Batch:[6] Adversarial images for this batch already exist
2026-02-12 20:52:19,183 - ADV_Generation_eps_1.0_steps_100_Added_Noise_uniform_Eps_8.0_Tau_Type_normal_anchors_num_anchors_10 - INFO - Batch 7/3783: Clean accuracy 0.8571 | Adv accuracy: 0.0000 | Counter-attack accuracy: 0.2857
2026-02-12 20:52:19,183 - ADV_Generation_eps_1.0_steps_100_Added_Noise_uniform_Eps_8.0_Tau_Type_normal_anchors_num_anchors_10 - INFO - Batch:[7] Adversarial images for this batch already exist
2026-02-12 20:52:19,498 - ADV_Generation_eps_1.0_steps_100_Added_Noise_uniform_Eps_8.0_Tau_Type_normal_anchors_num_anchors_10 - INFO - Batch 8/3783: Clean accuracy 0.8750 | Adv accuracy: 0.0000 | Counter-attack accuracy: 0.3750
2026-02-12 20:52:19,498 - ADV_Generation_eps_1.0_steps_100_Added_Noise_uniform_Eps_8.0_Tau_Type_normal_anchors_num_anchors_10 - INFO - Batch:[8] Adversarial images for this batch already exist
2026-02-12 20:52:19,813 - ADV_Generation_eps_1.0_steps_100_Added_Noise_uniform_Eps_8.0_Tau_Type_normal_anchors_num_anchors_10 - INFO - Batch 9/3783: Clean accuracy 0.8889 | Adv accuracy: 0.0000 | Counter-attack accuracy: 0.3333
2026-02-12 20:52:19,813 - ADV_Generation_eps_1.0_steps_100_Added_Noise_uniform_Eps_8.0_Tau_Type_normal_anchors_num_anchors_10 - INFO - Batch:[9] Adversarial images for this batch already exist
2026-02-12 20:52:20,127 - ADV_Generation_eps_1.0_steps_100_Added_Noise_uniform_Eps_8.0_Tau_Type_normal_anchors_num_anchors_10 - INFO - Batch 10/3783: Clean accuracy 0.8000 | Adv accuracy: 0.0000 | Counter-attack accuracy: 0.3000
2026-02-12 20:52:20,127 - ADV_Generation_eps_1.0_steps_100_Added_Noise_uniform_Eps_8.0_Tau_Type_normal_anchors_num_anchors_10 - INFO - Batch:[10] Adversarial images for this batch already exist
2026-02-12 20:52:20,437 - ADV_Generation_eps_1.0_steps_100_Added_Noise_uniform_Eps_8.0_Tau_Type_normal_anchors_num_anchors_10 - INFO - Batch 11/3783: Clean accuracy 0.8182 | Adv accuracy: 0.0000 | Counter-attack accuracy: 0.2727
2026-02-12 20:52:20,438 - ADV_Generation_eps_1.0_steps_100_Added_Noise_uniform_Eps_8.0_Tau_Type_normal_anchors_num_anchors_10 - INFO - Batch:[11] Adversarial images for this batch already exist
2026-02-12 20:52:20,752 - ADV_Generation_eps_1.0_steps_100_Added_Noise_uniform_Eps_8.0_Tau_Type_normal_anchors_num_anchors_10 - INFO - Batch 12/3783: Clean accuracy 0.8333 | Adv accuracy: 0.0000 | Counter-attack accuracy: 0.3333
2026-02-12 20:52:20,753 - ADV_Generation_eps_1.0_steps_100_Added_Noise_uniform_Eps_8.0_Tau_Type_normal_anchors_num_anchors_10 - INFO - Batch:[12] Adversarial images for this batch already exist
2026-02-12 20:52:21,063 - ADV_Generation_eps_1.0_steps_100_Added_Noise_uniform_Eps_8.0_Tau_Type_normal_anchors_num_anchors_10 - INFO - Batch 13/3783: Clean accuracy 0.8462 | Adv accuracy: 0.0000 | Counter-attack accuracy: 0.3077
2026-02-12 20:52:21,063 - ADV_Generation_eps_1.0_steps_100_Added_Noise_uniform_Eps_8.0_Tau_Type_normal_anchors_num_anchors_10 - INFO - Batch:[13] Adversarial images for this batch already exist
2026-02-12 20:52:21,378 - ADV_Generation_eps_1.0_steps_100_Added_Noise_uniform_Eps_8.0_Tau_Type_normal_anchors_num_anchors_10 - INFO - Batch 14/3783: Clean accuracy 0.8571 | Adv accuracy: 0.0000 | Counter-attack accuracy: 0.2857
2026-02-12 20:52:21,379 - ADV_Generation_eps_1.0_steps_100_Added_Noise_uniform_Eps_8.0_Tau_Type_normal_anchors_num_anchors_10 - INFO - Batch:[14] Adversarial images for this batch already exist
2026-02-12 20:52:21,690 - ADV_Generation_eps_1.0_steps_100_Added_Noise_uniform_Eps_8.0_Tau_Type_normal_anchors_num_anchors_10 - INFO - Batch 15/3783: Clean accuracy 0.8667 | Adv accuracy: 0.0000 | Counter-attack accuracy: 0.3333
2026-02-12 20:52:21,691 - ADV_Generation_eps_1.0_steps_100_Added_Noise_uniform_Eps_8.0_Tau_Type_normal_anchors_num_anchors_10 - INFO - Batch:[15] Adversarial images for this batch already exist
2026-02-12 20:52:22,006 - ADV_Generation_eps_1.0_steps_100_Added_Noise_uniform_Eps_8.0_Tau_Type_normal_anchors_num_anchors_10 - INFO - Batch 16/3783: Clean accuracy 0.8125 | Adv accuracy: 0.0000 | Counter-attack accuracy: 0.3125
2026-02-12 20:52:22,006 - ADV_Generation_eps_1.0_steps_100_Added_Noise_uniform_Eps_8.0_Tau_Type_normal_anchors_num_anchors_10 - INFO - Batch:[16] Adversarial images for this batch already exist
2026-02-12 20:52:22,321 - ADV_Generation_eps_1.0_steps_100_Added_Noise_uniform_Eps_8.0_Tau_Type_normal_anchors_num_anchors_10 - INFO - Batch 17/3783: Clean accuracy 0.8235 | Adv accuracy: 0.0000 | Counter-attack accuracy: 0.3529
2026-02-12 20:52:22,321 - ADV_Generation_eps_1.0_steps_100_Added_Noise_uniform_Eps_8.0_Tau_Type_normal_anchors_num_anchors_10 - INFO - Batch:[17] Adversarial images for this batch already exist
2026-02-12 20:52:22,631 - ADV_Generation_eps_1.0_steps_100_Added_Noise_uniform_Eps_8.0_Tau_Type_normal_anchors_num_anchors_10 - INFO - Batch 18/3783: Clean accuracy 0.8333 | Adv accuracy: 0.0000 | Counter-attack accuracy: 0.3889
2026-02-12 20:52:22,632 - ADV_Generation_eps_1.0_steps_100_Added_Noise_uniform_Eps_8.0_Tau_Type_normal_anchors_num_anchors_10 - INFO - Batch:[18] Adversarial images for this batch already exist
2026-02-12 20:52:22,946 - ADV_Generation_eps_1.0_steps_100_Added_Noise_uniform_Eps_8.0_Tau_Type_normal_anchors_num_anchors_10 - INFO - Batch 19/3783: Clean accuracy 0.7895 | Adv accuracy: 0.0000 | Counter-attack accuracy: 0.3684
2026-02-12 20:52:22,947 - ADV_Generation_eps_1.0_steps_100_Added_Noise_uniform_Eps_8.0_Tau_Type_normal_anchors_num_anchors_10 - INFO - Batch:[19] Adversarial images for this batch already exist
2026-02-12 20:52:23,259 - ADV_Generation_eps_1.0_steps_100_Added_Noise_uniform_Eps_8.0_Tau_Type_normal_anchors_num_anchors_10 - INFO - Batch 20/3783: Clean accuracy 0.8000 | Adv accuracy: 0.0000 | Counter-attack accuracy: 0.3500
2026-02-12 20:52:23,260 - ADV_Generation_eps_1.0_steps_100_Added_Noise_uniform_Eps_8.0_Tau_Type_normal_anchors_num_anchors_10 - INFO - Batch:[20] Adversarial images for this batch already exist
2026-02-12 20:52:23,574 - ADV_Generation_eps_1.0_steps_100_Added_Noise_uniform_Eps_8.0_Tau_Type_normal_anchors_num_anchors_10 - INFO - Batch 21/3783: Clean accuracy 0.8095 | Adv accuracy: 0.0000 | Counter-attack accuracy: 0.3333
2026-02-12 20:52:23,575 - ADV_Generation_eps_1.0_steps_100_Added_Noise_uniform_Eps_8.0_Tau_Type_normal_anchors_num_anchors_10 - INFO - Batch:[21] Adversarial images for this batch already exist
2026-02-12 20:52:23,885 - ADV_Generation_eps_1.0_steps_100_Added_Noise_uniform_Eps_8.0_Tau_Type_normal_anchors_num_anchors_10 - INFO - Batch 22/3783: Clean accuracy 0.8182 | Adv accuracy: 0.0000 | Counter-attack accuracy: 0.3182
2026-02-12 20:52:23,885 - ADV_Generation_eps_1.0_steps_100_Added_Noise_uniform_Eps_8.0_Tau_Type_normal_anchors_num_anchors_10 - INFO - Batch:[22] Adversarial images for this batch already exist
2026-02-12 20:52:24,196 - ADV_Generation_eps_1.0_steps_100_Added_Noise_uniform_Eps_8.0_Tau_Type_normal_anchors_num_anchors_10 - INFO - Batch 23/3783: Clean accuracy 0.8261 | Adv accuracy: 0.0000 | Counter-attack accuracy: 0.3478
2026-02-12 20:52:24,196 - ADV_Generation_eps_1.0_steps_100_Added_Noise_uniform_Eps_8.0_Tau_Type_normal_anchors_num_anchors_10 - INFO - Batch:[23] Adversarial images for this batch already exist
2026-02-12 20:52:24,511 - ADV_Generation_eps_1.0_steps_100_Added_Noise_uniform_Eps_8.0_Tau_Type_normal_anchors_num_anchors_10 - INFO - Batch 24/3783: Clean accuracy 0.8333 | Adv accuracy: 0.0000 | Counter-attack accuracy: 0.3333
2026-02-12 20:52:24,511 - ADV_Generation_eps_1.0_steps_100_Added_Noise_uniform_Eps_8.0_Tau_Type_normal_anchors_num_anchors_10 - INFO - Batch:[24] Adversarial images for this batch already exist
2026-02-12 20:52:24,826 - ADV_Generation_eps_1.0_steps_100_Added_Noise_uniform_Eps_8.0_Tau_Type_normal_anchors_num_anchors_10 - INFO - Batch 25/3783: Clean accuracy 0.8400 | Adv accuracy: 0.0000 | Counter-attack accuracy: 0.3200
2026-02-12 20:52:24,826 - ADV_Generation_eps_1.0_steps_100_Added_Noise_uniform_Eps_8.0_Tau_Type_normal_anchors_num_anchors_10 - INFO - Batch:[25] Adversarial images for this batch already exist
2026-02-12 20:52:25,138 - ADV_Generation_eps_1.0_steps_100_Added_Noise_uniform_Eps_8.0_Tau_Type_normal_anchors_num_anchors_10 - INFO - Batch 26/3783: Clean accuracy 0.8462 | Adv accuracy: 0.0000 | Counter-attack accuracy: 0.3077
2026-02-12 20:52:25,138 - ADV_Generation_eps_1.0_steps_100_Added_Noise_uniform_Eps_8.0_Tau_Type_normal_anchors_num_anchors_10 - INFO - Batch:[26] Adversarial images for this batch already exist
2026-02-12 20:52:25,453 - ADV_Generation_eps_1.0_steps_100_Added_Noise_uniform_Eps_8.0_Tau_Type_normal_anchors_num_anchors_10 - INFO - Batch 27/3783: Clean accuracy 0.8519 | Adv accuracy: 0.0000 | Counter-attack accuracy: 0.2963
2026-02-12 20:52:25,453 - ADV_Generation_eps_1.0_steps_100_Added_Noise_uniform_Eps_8.0_Tau_Type_normal_anchors_num_anchors_10 - INFO - Batch:[27] Adversarial images for this batch already exist
2026-02-12 20:52:25,768 - ADV_Generation_eps_1.0_steps_100_Added_Noise_uniform_Eps_8.0_Tau_Type_normal_anchors_num_anchors_10 - INFO - Batch 28/3783: Clean accuracy 0.8571 | Adv accuracy: 0.0000 | Counter-attack accuracy: 0.2857
2026-02-12 20:52:25,769 - ADV_Generation_eps_1.0_steps_100_Added_Noise_uniform_Eps_8.0_Tau_Type_normal_anchors_num_anchors_10 - INFO - Batch:[28] Adversarial images for this batch already exist
2026-02-12 20:52:26,079 - ADV_Generation_eps_1.0_steps_100_Added_Noise_uniform_Eps_8.0_Tau_Type_normal_anchors_num_anchors_10 - INFO - Batch 29/3783: Clean accuracy 0.8621 | Adv accuracy: 0.0000 | Counter-attack accuracy: 0.2759
2026-02-12 20:52:26,079 - ADV_Generation_eps_1.0_steps_100_Added_Noise_uniform_Eps_8.0_Tau_Type_normal_anchors_num_anchors_10 - INFO - Batch:[29] Adversarial images for this batch already exist
2026-02-12 20:52:26,394 - ADV_Generation_eps_1.0_steps_100_Added_Noise_uniform_Eps_8.0_Tau_Type_normal_anchors_num_anchors_10 - INFO - Batch 30/3783: Clean accuracy 0.8667 | Adv accuracy: 0.0000 | Counter-attack accuracy: 0.2667
2026-02-12 20:52:26,394 - ADV_Generation_eps_1.0_steps_100_Added_Noise_uniform_Eps_8.0_Tau_Type_normal_anchors_num_anchors_10 - INFO - Batch:[30] Adversarial images for this batch already exist
2026-02-12 20:52:26,708 - ADV_Generation_eps_1.0_steps_100_Added_Noise_uniform_Eps_8.0_Tau_Type_normal_anchors_num_anchors_10 - INFO - Batch 31/3783: Clean accuracy 0.8710 | Adv accuracy: 0.0000 | Counter-attack accuracy: 0.2581
2026-02-12 20:52:26,708 - ADV_Generation_eps_1.0_steps_100_Added_Noise_uniform_Eps_8.0_Tau_Type_normal_anchors_num_anchors_10 - INFO - Batch:[31] Adversarial images for this batch already exist
2026-02-12 20:52:27,019 - ADV_Generation_eps_1.0_steps_100_Added_Noise_uniform_Eps_8.0_Tau_Type_normal_anchors_num_anchors_10 - INFO - Batch 32/3783: Clean accuracy 0.8750 | Adv accuracy: 0.0000 | Counter-attack accuracy: 0.2812
2026-02-12 20:52:27,019 - ADV_Generation_eps_1.0_steps_100_Added_Noise_uniform_Eps_8.0_Tau_Type_normal_anchors_num_anchors_10 - INFO - Batch:[32] Adversarial images for this batch already exist
2026-02-12 20:52:27,333 - ADV_Generation_eps_1.0_steps_100_Added_Noise_uniform_Eps_8.0_Tau_Type_normal_anchors_num_anchors_10 - INFO - Batch 33/3783: Clean accuracy 0.8788 | Adv accuracy: 0.0000 | Counter-attack accuracy: 0.2727
2026-02-12 20:52:27,334 - ADV_Generation_eps_1.0_steps_100_Added_Noise_uniform_Eps_8.0_Tau_Type_normal_anchors_num_anchors_10 - INFO - Batch:[33] Adversarial images for this batch already exist
2026-02-12 20:52:27,646 - ADV_Generation_eps_1.0_steps_100_Added_Noise_uniform_Eps_8.0_Tau_Type_normal_anchors_num_anchors_10 - INFO - Batch 34/3783: Clean accuracy 0.8824 | Adv accuracy: 0.0000 | Counter-attack accuracy: 0.2647
2026-02-12 20:52:27,647 - ADV_Generation_eps_1.0_steps_100_Added_Noise_uniform_Eps_8.0_Tau_Type_normal_anchors_num_anchors_10 - INFO - Batch:[34] Adversarial images for this batch already exist
2026-02-12 20:52:27,957 - ADV_Generation_eps_1.0_steps_100_Added_Noise_uniform_Eps_8.0_Tau_Type_normal_anchors_num_anchors_10 - INFO - Batch 35/3783: Clean accuracy 0.8857 | Adv accuracy: 0.0000 | Counter-attack accuracy: 0.2857
2026-02-12 20:52:27,958 - ADV_Generation_eps_1.0_steps_100_Added_Noise_uniform_Eps_8.0_Tau_Type_normal_anchors_num_anchors_10 - INFO - Batch:[35] Adversarial images for this batch already exist
2026-02-12 20:52:28,272 - ADV_Generation_eps_1.0_steps_100_Added_Noise_uniform_Eps_8.0_Tau_Type_normal_anchors_num_anchors_10 - INFO - Batch 36/3783: Clean accuracy 0.8889 | Adv accuracy: 0.0000 | Counter-attack accuracy: 0.2778
2026-02-12 20:52:28,272 - ADV_Generation_eps_1.0_steps_100_Added_Noise_uniform_Eps_8.0_Tau_Type_normal_anchors_num_anchors_10 - INFO - Batch:[36] Adversarial images for this batch already exist
2026-02-12 20:52:28,587 - ADV_Generation_eps_1.0_steps_100_Added_Noise_uniform_Eps_8.0_Tau_Type_normal_anchors_num_anchors_10 - INFO - Batch 37/3783: Clean accuracy 0.8919 | Adv accuracy: 0.0000 | Counter-attack accuracy: 0.2973
2026-02-12 20:52:28,587 - ADV_Generation_eps_1.0_steps_100_Added_Noise_uniform_Eps_8.0_Tau_Type_normal_anchors_num_anchors_10 - INFO - Batch:[37] Adversarial images for this batch already exist
2026-02-12 20:52:28,902 - ADV_Generation_eps_1.0_steps_100_Added_Noise_uniform_Eps_8.0_Tau_Type_normal_anchors_num_anchors_10 - INFO - Batch 38/3783: Clean accuracy 0.8947 | Adv accuracy: 0.0000 | Counter-attack accuracy: 0.2895
2026-02-12 20:52:28,902 - ADV_Generation_eps_1.0_steps_100_Added_Noise_uniform_Eps_8.0_Tau_Type_normal_anchors_num_anchors_10 - INFO - Batch:[38] Adversarial images for this batch already exist
2026-02-12 20:52:29,217 - ADV_Generation_eps_1.0_steps_100_Added_Noise_uniform_Eps_8.0_Tau_Type_normal_anchors_num_anchors_10 - INFO - Batch 39/3783: Clean accuracy 0.8974 | Adv accuracy: 0.0000 | Counter-attack accuracy: 0.2821
2026-02-12 20:52:29,217 - ADV_Generation_eps_1.0_steps_100_Added_Noise_uniform_Eps_8.0_Tau_Type_normal_anchors_num_anchors_10 - INFO - Batch:[39] Adversarial images for this batch already exist
2026-02-12 20:52:29,532 - ADV_Generation_eps_1.0_steps_100_Added_Noise_uniform_Eps_8.0_Tau_Type_normal_anchors_num_anchors_10 - INFO - Batch 40/3783: Clean accuracy 0.9000 | Adv accuracy: 0.0000 | Counter-attack accuracy: 0.2750
2026-02-12 20:52:29,532 - ADV_Generation_eps_1.0_steps_100_Added_Noise_uniform_Eps_8.0_Tau_Type_normal_anchors_num_anchors_10 - INFO - Batch:[40] Adversarial images for this batch already exist
