2026-02-12 11:12:42,054 - ADV_Generation_eps_0.0_steps_100_Added_Noise_uniform_Eps_8.0_Tau_Type_normal_anchors_num_anchors_10 - INFO - ==========================================
data:/leonardo_work/EUHPC_R04_192/fmohamma/Adversarial_Robust_Clip/atpt_data/downstream_datasets
test_sets:UCF101
dataset_mode:test
arch:fare4
resolution:224
transferability:False
source_model:fare4
workers:4
no_pin_memory:False
batch_size:1
adv_bs:1
print_freq:20
gpu:0
no_cudnn_benchmark:False
n_ctx:4
ctx_init:a_photo_of_a
seed:0
output_dir:/leonardo_work/EUHPC_R04_192/fmohamma/Adversarial_Robust_Clip/atpt_data/fare4/UCF101
log_output_dir:/leonardo_work/EUHPC_R04_192/fmohamma/Adversarial_Robust_Clip/ATPT/Diffratio_v3/fare4/UCF101/ADV_Generation_eps_0.0_steps_100_Added_Noise_uniform_Eps_8.0_Tau_Type_normal_anchors_num_anchors_10
image_only_attack:False
image_only_attack_type:prm
image_predicted_label_attack:False
eps:0.0
alpha:0.0
alpha_eps_ratio:4.0
steps:100
counter_attack:True
counter_attack_type:pgd
counter_attack_steps:0
counter_attack_eps:8.0
counter_attack_alpha:1.0
counter_attack_tau_thres:0.2
counter_attack_beta:2.0
counter_attack_weighted_perturbations:True
counter_attack_init_noise:uniform
counter_attack_gaussian_sigma:0.03
counter_attack_noisy_tau_num_anchors:10
counter_attack_tau:normal_anchors
pgd_clip_pure_i_text_embeddings:null
pgd_counter_and_clipure_i_lamda:1.0
image_feature_purify:False
image_feature_purify_type:noisy_anchor
image_feature_purify_noisy_anchors:10
image_feature_purify_anchors_alpha:1.2
image_feature_purify_noisy_sigma:0.18
image_feature_purify_diff_threshold:0.0
image_feature_clipure_steps:10
image_feature_clipure_step_size:10.0
save_plots:False
lr:0.005
selection_p:0.1
tta_steps:1
top_k:20
softmax_temp:0.01
load_tecoa:

2026-02-12 11:12:42,055 - ADV_Generation_eps_0.0_steps_100_Added_Noise_uniform_Eps_8.0_Tau_Type_normal_anchors_num_anchors_10 - INFO - Use GPU: 0 for training
2026-02-12 11:14:01,440 - ADV_Generation_eps_0.0_steps_100_Added_Noise_uniform_Eps_8.0_Tau_Type_normal_anchors_num_anchors_10 - INFO - => Model created: visual backbone fare4
2026-02-12 11:14:01,449 - ADV_Generation_eps_0.0_steps_100_Added_Noise_uniform_Eps_8.0_Tau_Type_normal_anchors_num_anchors_10 - INFO - Number of test samples: 3783
2026-02-12 11:14:01,449 - ADV_Generation_eps_0.0_steps_100_Added_Noise_uniform_Eps_8.0_Tau_Type_normal_anchors_num_anchors_10 - INFO - Evaluating dataset: UCF101
2026-02-12 11:14:01,450 - ADV_Generation_eps_0.0_steps_100_Added_Noise_uniform_Eps_8.0_Tau_Type_normal_anchors_num_anchors_10 - INFO - Starting evaluation with batch size: 1, selection percentage: 0.1
2026-02-12 11:14:01,450 - ADV_Generation_eps_0.0_steps_100_Added_Noise_uniform_Eps_8.0_Tau_Type_normal_anchors_num_anchors_10 - INFO - Using PGD attack with epsilon: 0.000000, alpha: 0.000000, steps: 100 image only attack False image only attack type  prm image predicted label attack False
2026-02-12 11:14:01,451 - ADV_Generation_eps_0.0_steps_100_Added_Noise_uniform_Eps_8.0_Tau_Type_normal_anchors_num_anchors_10 - INFO - Using counter-attack with epsilon: 8.000000, alpha: 1.000000, steps: 0
2026-02-12 11:14:01,451 - ADV_Generation_eps_0.0_steps_100_Added_Noise_uniform_Eps_8.0_Tau_Type_normal_anchors_num_anchors_10 - INFO - Adversarial examples will be loaded from /leonardo_work/EUHPC_R04_192/fmohamma/Adversarial_Robust_Clip/atpt_data/fare4/UCF101/adv_images_eps_0.0_alpha_0.0_steps_100 and evaluated on fare4
2026-02-12 11:14:01,451 - ADV_Generation_eps_0.0_steps_100_Added_Noise_uniform_Eps_8.0_Tau_Type_normal_anchors_num_anchors_10 - INFO - Using directory for adversarial images: /leonardo_work/EUHPC_R04_192/fmohamma/Adversarial_Robust_Clip/atpt_data/fare4/UCF101/adv_images_eps_0.0_alpha_0.0_steps_100
2026-02-12 11:14:02,268 - ADV_Generation_eps_0.0_steps_100_Added_Noise_uniform_Eps_8.0_Tau_Type_normal_anchors_num_anchors_10 - INFO - Batch 1/3783: Clean accuracy 0.0000 | Adv accuracy: 0.0000 | Counter-attack accuracy: 0.0000
2026-02-12 11:14:02,589 - ADV_Generation_eps_0.0_steps_100_Added_Noise_uniform_Eps_8.0_Tau_Type_normal_anchors_num_anchors_10 - INFO - Batch 2/3783: Clean accuracy 0.5000 | Adv accuracy: 0.5000 | Counter-attack accuracy: 0.5000
2026-02-12 11:14:02,910 - ADV_Generation_eps_0.0_steps_100_Added_Noise_uniform_Eps_8.0_Tau_Type_normal_anchors_num_anchors_10 - INFO - Batch 3/3783: Clean accuracy 0.6667 | Adv accuracy: 0.6667 | Counter-attack accuracy: 0.6667
2026-02-12 11:14:03,231 - ADV_Generation_eps_0.0_steps_100_Added_Noise_uniform_Eps_8.0_Tau_Type_normal_anchors_num_anchors_10 - INFO - Batch 4/3783: Clean accuracy 0.7500 | Adv accuracy: 0.7500 | Counter-attack accuracy: 0.7500
2026-02-12 11:14:03,552 - ADV_Generation_eps_0.0_steps_100_Added_Noise_uniform_Eps_8.0_Tau_Type_normal_anchors_num_anchors_10 - INFO - Batch 5/3783: Clean accuracy 0.8000 | Adv accuracy: 0.8000 | Counter-attack accuracy: 0.8000
2026-02-12 11:14:03,873 - ADV_Generation_eps_0.0_steps_100_Added_Noise_uniform_Eps_8.0_Tau_Type_normal_anchors_num_anchors_10 - INFO - Batch 6/3783: Clean accuracy 0.8333 | Adv accuracy: 0.8333 | Counter-attack accuracy: 0.8333
2026-02-12 11:14:04,193 - ADV_Generation_eps_0.0_steps_100_Added_Noise_uniform_Eps_8.0_Tau_Type_normal_anchors_num_anchors_10 - INFO - Batch 7/3783: Clean accuracy 0.8571 | Adv accuracy: 0.8571 | Counter-attack accuracy: 0.8571
2026-02-12 11:14:04,514 - ADV_Generation_eps_0.0_steps_100_Added_Noise_uniform_Eps_8.0_Tau_Type_normal_anchors_num_anchors_10 - INFO - Batch 8/3783: Clean accuracy 0.8750 | Adv accuracy: 0.8750 | Counter-attack accuracy: 0.8750
2026-02-12 11:14:04,835 - ADV_Generation_eps_0.0_steps_100_Added_Noise_uniform_Eps_8.0_Tau_Type_normal_anchors_num_anchors_10 - INFO - Batch 9/3783: Clean accuracy 0.8889 | Adv accuracy: 0.8889 | Counter-attack accuracy: 0.8889
2026-02-12 11:14:05,156 - ADV_Generation_eps_0.0_steps_100_Added_Noise_uniform_Eps_8.0_Tau_Type_normal_anchors_num_anchors_10 - INFO - Batch 10/3783: Clean accuracy 0.9000 | Adv accuracy: 0.9000 | Counter-attack accuracy: 0.9000
2026-02-12 11:14:05,476 - ADV_Generation_eps_0.0_steps_100_Added_Noise_uniform_Eps_8.0_Tau_Type_normal_anchors_num_anchors_10 - INFO - Batch 11/3783: Clean accuracy 0.9091 | Adv accuracy: 0.9091 | Counter-attack accuracy: 0.9091
2026-02-12 11:14:05,797 - ADV_Generation_eps_0.0_steps_100_Added_Noise_uniform_Eps_8.0_Tau_Type_normal_anchors_num_anchors_10 - INFO - Batch 12/3783: Clean accuracy 0.9167 | Adv accuracy: 0.9167 | Counter-attack accuracy: 0.9167
2026-02-12 11:14:06,118 - ADV_Generation_eps_0.0_steps_100_Added_Noise_uniform_Eps_8.0_Tau_Type_normal_anchors_num_anchors_10 - INFO - Batch 13/3783: Clean accuracy 0.9231 | Adv accuracy: 0.9231 | Counter-attack accuracy: 0.9231
2026-02-12 11:14:06,439 - ADV_Generation_eps_0.0_steps_100_Added_Noise_uniform_Eps_8.0_Tau_Type_normal_anchors_num_anchors_10 - INFO - Batch 14/3783: Clean accuracy 0.9286 | Adv accuracy: 0.9286 | Counter-attack accuracy: 0.9286
2026-02-12 11:14:06,759 - ADV_Generation_eps_0.0_steps_100_Added_Noise_uniform_Eps_8.0_Tau_Type_normal_anchors_num_anchors_10 - INFO - Batch 15/3783: Clean accuracy 0.9333 | Adv accuracy: 0.9333 | Counter-attack accuracy: 0.9333
2026-02-12 11:14:07,080 - ADV_Generation_eps_0.0_steps_100_Added_Noise_uniform_Eps_8.0_Tau_Type_normal_anchors_num_anchors_10 - INFO - Batch 16/3783: Clean accuracy 0.9375 | Adv accuracy: 0.9375 | Counter-attack accuracy: 0.9375
2026-02-12 11:14:07,401 - ADV_Generation_eps_0.0_steps_100_Added_Noise_uniform_Eps_8.0_Tau_Type_normal_anchors_num_anchors_10 - INFO - Batch 17/3783: Clean accuracy 0.9412 | Adv accuracy: 0.9412 | Counter-attack accuracy: 0.9412
2026-02-12 11:14:07,722 - ADV_Generation_eps_0.0_steps_100_Added_Noise_uniform_Eps_8.0_Tau_Type_normal_anchors_num_anchors_10 - INFO - Batch 18/3783: Clean accuracy 0.9444 | Adv accuracy: 0.9444 | Counter-attack accuracy: 0.9444
2026-02-12 11:14:08,042 - ADV_Generation_eps_0.0_steps_100_Added_Noise_uniform_Eps_8.0_Tau_Type_normal_anchors_num_anchors_10 - INFO - Batch 19/3783: Clean accuracy 0.9474 | Adv accuracy: 0.9474 | Counter-attack accuracy: 0.9474
2026-02-12 11:14:08,363 - ADV_Generation_eps_0.0_steps_100_Added_Noise_uniform_Eps_8.0_Tau_Type_normal_anchors_num_anchors_10 - INFO - Batch 20/3783: Clean accuracy 0.9500 | Adv accuracy: 0.9500 | Counter-attack accuracy: 0.9500
2026-02-12 11:14:08,684 - ADV_Generation_eps_0.0_steps_100_Added_Noise_uniform_Eps_8.0_Tau_Type_normal_anchors_num_anchors_10 - INFO - Batch 21/3783: Clean accuracy 0.9524 | Adv accuracy: 0.9524 | Counter-attack accuracy: 0.9524
2026-02-12 11:14:09,005 - ADV_Generation_eps_0.0_steps_100_Added_Noise_uniform_Eps_8.0_Tau_Type_normal_anchors_num_anchors_10 - INFO - Batch 22/3783: Clean accuracy 0.9545 | Adv accuracy: 0.9545 | Counter-attack accuracy: 0.9545
2026-02-12 11:14:09,325 - ADV_Generation_eps_0.0_steps_100_Added_Noise_uniform_Eps_8.0_Tau_Type_normal_anchors_num_anchors_10 - INFO - Batch 23/3783: Clean accuracy 0.9565 | Adv accuracy: 0.9565 | Counter-attack accuracy: 0.9565
2026-02-12 11:14:09,646 - ADV_Generation_eps_0.0_steps_100_Added_Noise_uniform_Eps_8.0_Tau_Type_normal_anchors_num_anchors_10 - INFO - Batch 24/3783: Clean accuracy 0.9583 | Adv accuracy: 0.9583 | Counter-attack accuracy: 0.9583
2026-02-12 11:14:09,967 - ADV_Generation_eps_0.0_steps_100_Added_Noise_uniform_Eps_8.0_Tau_Type_normal_anchors_num_anchors_10 - INFO - Batch 25/3783: Clean accuracy 0.9200 | Adv accuracy: 0.9200 | Counter-attack accuracy: 0.9200
2026-02-12 11:14:10,288 - ADV_Generation_eps_0.0_steps_100_Added_Noise_uniform_Eps_8.0_Tau_Type_normal_anchors_num_anchors_10 - INFO - Batch 26/3783: Clean accuracy 0.9231 | Adv accuracy: 0.9231 | Counter-attack accuracy: 0.9231
2026-02-12 11:14:10,608 - ADV_Generation_eps_0.0_steps_100_Added_Noise_uniform_Eps_8.0_Tau_Type_normal_anchors_num_anchors_10 - INFO - Batch 27/3783: Clean accuracy 0.9259 | Adv accuracy: 0.9259 | Counter-attack accuracy: 0.9259
2026-02-12 11:14:10,929 - ADV_Generation_eps_0.0_steps_100_Added_Noise_uniform_Eps_8.0_Tau_Type_normal_anchors_num_anchors_10 - INFO - Batch 28/3783: Clean accuracy 0.9286 | Adv accuracy: 0.9286 | Counter-attack accuracy: 0.9286
2026-02-12 11:14:11,250 - ADV_Generation_eps_0.0_steps_100_Added_Noise_uniform_Eps_8.0_Tau_Type_normal_anchors_num_anchors_10 - INFO - Batch 29/3783: Clean accuracy 0.9310 | Adv accuracy: 0.9310 | Counter-attack accuracy: 0.9310
2026-02-12 11:14:11,570 - ADV_Generation_eps_0.0_steps_100_Added_Noise_uniform_Eps_8.0_Tau_Type_normal_anchors_num_anchors_10 - INFO - Batch 30/3783: Clean accuracy 0.9333 | Adv accuracy: 0.9333 | Counter-attack accuracy: 0.9333
2026-02-12 11:14:11,891 - ADV_Generation_eps_0.0_steps_100_Added_Noise_uniform_Eps_8.0_Tau_Type_normal_anchors_num_anchors_10 - INFO - Batch 31/3783: Clean accuracy 0.9355 | Adv accuracy: 0.9355 | Counter-attack accuracy: 0.9355
2026-02-12 11:14:12,212 - ADV_Generation_eps_0.0_steps_100_Added_Noise_uniform_Eps_8.0_Tau_Type_normal_anchors_num_anchors_10 - INFO - Batch 32/3783: Clean accuracy 0.9375 | Adv accuracy: 0.9375 | Counter-attack accuracy: 0.9375
2026-02-12 11:14:12,532 - ADV_Generation_eps_0.0_steps_100_Added_Noise_uniform_Eps_8.0_Tau_Type_normal_anchors_num_anchors_10 - INFO - Batch 33/3783: Clean accuracy 0.9394 | Adv accuracy: 0.9394 | Counter-attack accuracy: 0.9394
2026-02-12 11:14:12,853 - ADV_Generation_eps_0.0_steps_100_Added_Noise_uniform_Eps_8.0_Tau_Type_normal_anchors_num_anchors_10 - INFO - Batch 34/3783: Clean accuracy 0.9412 | Adv accuracy: 0.9412 | Counter-attack accuracy: 0.9412
2026-02-12 11:14:13,174 - ADV_Generation_eps_0.0_steps_100_Added_Noise_uniform_Eps_8.0_Tau_Type_normal_anchors_num_anchors_10 - INFO - Batch 35/3783: Clean accuracy 0.9429 | Adv accuracy: 0.9429 | Counter-attack accuracy: 0.9429
2026-02-12 11:14:13,494 - ADV_Generation_eps_0.0_steps_100_Added_Noise_uniform_Eps_8.0_Tau_Type_normal_anchors_num_anchors_10 - INFO - Batch 36/3783: Clean accuracy 0.9444 | Adv accuracy: 0.9444 | Counter-attack accuracy: 0.9444
2026-02-12 11:14:13,815 - ADV_Generation_eps_0.0_steps_100_Added_Noise_uniform_Eps_8.0_Tau_Type_normal_anchors_num_anchors_10 - INFO - Batch 37/3783: Clean accuracy 0.9459 | Adv accuracy: 0.9459 | Counter-attack accuracy: 0.9459
2026-02-12 11:14:14,136 - ADV_Generation_eps_0.0_steps_100_Added_Noise_uniform_Eps_8.0_Tau_Type_normal_anchors_num_anchors_10 - INFO - Batch 38/3783: Clean accuracy 0.9474 | Adv accuracy: 0.9474 | Counter-attack accuracy: 0.9474
2026-02-12 11:14:14,457 - ADV_Generation_eps_0.0_steps_100_Added_Noise_uniform_Eps_8.0_Tau_Type_normal_anchors_num_anchors_10 - INFO - Batch 39/3783: Clean accuracy 0.9487 | Adv accuracy: 0.9487 | Counter-attack accuracy: 0.9487
2026-02-12 11:14:14,777 - ADV_Generation_eps_0.0_steps_100_Added_Noise_uniform_Eps_8.0_Tau_Type_normal_anchors_num_anchors_10 - INFO - Batch 40/3783: Clean accuracy 0.9500 | Adv accuracy: 0.9500 | Counter-attack accuracy: 0.9500
2026-02-12 11:14:15,098 - ADV_Generation_eps_0.0_steps_100_Added_Noise_uniform_Eps_8.0_Tau_Type_normal_anchors_num_anchors_10 - INFO - Batch 41/3783: Clean accuracy 0.9512 | Adv accuracy: 0.9512 | Counter-attack accuracy: 0.9512
2026-02-12 11:14:15,419 - ADV_Generation_eps_0.0_steps_100_Added_Noise_uniform_Eps_8.0_Tau_Type_normal_anchors_num_anchors_10 - INFO - Batch 42/3783: Clean accuracy 0.9524 | Adv accuracy: 0.9524 | Counter-attack accuracy: 0.9524
2026-02-12 11:14:15,740 - ADV_Generation_eps_0.0_steps_100_Added_Noise_uniform_Eps_8.0_Tau_Type_normal_anchors_num_anchors_10 - INFO - Batch 43/3783: Clean accuracy 0.9535 | Adv accuracy: 0.9535 | Counter-attack accuracy: 0.9535
2026-02-12 11:14:16,060 - ADV_Generation_eps_0.0_steps_100_Added_Noise_uniform_Eps_8.0_Tau_Type_normal_anchors_num_anchors_10 - INFO - Batch 44/3783: Clean accuracy 0.9545 | Adv accuracy: 0.9545 | Counter-attack accuracy: 0.9545
2026-02-12 11:14:16,381 - ADV_Generation_eps_0.0_steps_100_Added_Noise_uniform_Eps_8.0_Tau_Type_normal_anchors_num_anchors_10 - INFO - Batch 45/3783: Clean accuracy 0.9333 | Adv accuracy: 0.9333 | Counter-attack accuracy: 0.9333
2026-02-12 11:14:16,702 - ADV_Generation_eps_0.0_steps_100_Added_Noise_uniform_Eps_8.0_Tau_Type_normal_anchors_num_anchors_10 - INFO - Batch 46/3783: Clean accuracy 0.9348 | Adv accuracy: 0.9348 | Counter-attack accuracy: 0.9348
2026-02-12 11:14:17,023 - ADV_Generation_eps_0.0_steps_100_Added_Noise_uniform_Eps_8.0_Tau_Type_normal_anchors_num_anchors_10 - INFO - Batch 47/3783: Clean accuracy 0.9149 | Adv accuracy: 0.9149 | Counter-attack accuracy: 0.9149
2026-02-12 11:14:17,343 - ADV_Generation_eps_0.0_steps_100_Added_Noise_uniform_Eps_8.0_Tau_Type_normal_anchors_num_anchors_10 - INFO - Batch 48/3783: Clean accuracy 0.9167 | Adv accuracy: 0.9167 | Counter-attack accuracy: 0.9167
2026-02-12 11:14:17,664 - ADV_Generation_eps_0.0_steps_100_Added_Noise_uniform_Eps_8.0_Tau_Type_normal_anchors_num_anchors_10 - INFO - Batch 49/3783: Clean accuracy 0.9184 | Adv accuracy: 0.9184 | Counter-attack accuracy: 0.9184
2026-02-12 11:14:17,985 - ADV_Generation_eps_0.0_steps_100_Added_Noise_uniform_Eps_8.0_Tau_Type_normal_anchors_num_anchors_10 - INFO - Batch 50/3783: Clean accuracy 0.9000 | Adv accuracy: 0.9000 | Counter-attack accuracy: 0.9000
2026-02-12 11:14:18,305 - ADV_Generation_eps_0.0_steps_100_Added_Noise_uniform_Eps_8.0_Tau_Type_normal_anchors_num_anchors_10 - INFO - Batch 51/3783: Clean accuracy 0.8824 | Adv accuracy: 0.8824 | Counter-attack accuracy: 0.8824
2026-02-12 11:14:18,626 - ADV_Generation_eps_0.0_steps_100_Added_Noise_uniform_Eps_8.0_Tau_Type_normal_anchors_num_anchors_10 - INFO - Batch 52/3783: Clean accuracy 0.8654 | Adv accuracy: 0.8654 | Counter-attack accuracy: 0.8654
2026-02-12 11:14:18,947 - ADV_Generation_eps_0.0_steps_100_Added_Noise_uniform_Eps_8.0_Tau_Type_normal_anchors_num_anchors_10 - INFO - Batch 53/3783: Clean accuracy 0.8491 | Adv accuracy: 0.8491 | Counter-attack accuracy: 0.8491
2026-02-12 11:14:19,268 - ADV_Generation_eps_0.0_steps_100_Added_Noise_uniform_Eps_8.0_Tau_Type_normal_anchors_num_anchors_10 - INFO - Batch 54/3783: Clean accuracy 0.8519 | Adv accuracy: 0.8519 | Counter-attack accuracy: 0.8519
2026-02-12 11:14:19,588 - ADV_Generation_eps_0.0_steps_100_Added_Noise_uniform_Eps_8.0_Tau_Type_normal_anchors_num_anchors_10 - INFO - Batch 55/3783: Clean accuracy 0.8545 | Adv accuracy: 0.8545 | Counter-attack accuracy: 0.8545
2026-02-12 11:14:19,909 - ADV_Generation_eps_0.0_steps_100_Added_Noise_uniform_Eps_8.0_Tau_Type_normal_anchors_num_anchors_10 - INFO - Batch 56/3783: Clean accuracy 0.8571 | Adv accuracy: 0.8571 | Counter-attack accuracy: 0.8571
2026-02-12 11:14:20,230 - ADV_Generation_eps_0.0_steps_100_Added_Noise_uniform_Eps_8.0_Tau_Type_normal_anchors_num_anchors_10 - INFO - Batch 57/3783: Clean accuracy 0.8421 | Adv accuracy: 0.8421 | Counter-attack accuracy: 0.8421
2026-02-12 11:14:20,551 - ADV_Generation_eps_0.0_steps_100_Added_Noise_uniform_Eps_8.0_Tau_Type_normal_anchors_num_anchors_10 - INFO - Batch 58/3783: Clean accuracy 0.8276 | Adv accuracy: 0.8276 | Counter-attack accuracy: 0.8276
2026-02-12 11:14:20,871 - ADV_Generation_eps_0.0_steps_100_Added_Noise_uniform_Eps_8.0_Tau_Type_normal_anchors_num_anchors_10 - INFO - Batch 59/3783: Clean accuracy 0.8305 | Adv accuracy: 0.8305 | Counter-attack accuracy: 0.8305
2026-02-12 11:14:21,192 - ADV_Generation_eps_0.0_steps_100_Added_Noise_uniform_Eps_8.0_Tau_Type_normal_anchors_num_anchors_10 - INFO - Batch 60/3783: Clean accuracy 0.8333 | Adv accuracy: 0.8333 | Counter-attack accuracy: 0.8333
2026-02-12 11:14:21,513 - ADV_Generation_eps_0.0_steps_100_Added_Noise_uniform_Eps_8.0_Tau_Type_normal_anchors_num_anchors_10 - INFO - Batch 61/3783: Clean accuracy 0.8361 | Adv accuracy: 0.8361 | Counter-attack accuracy: 0.8361
2026-02-12 11:14:21,833 - ADV_Generation_eps_0.0_steps_100_Added_Noise_uniform_Eps_8.0_Tau_Type_normal_anchors_num_anchors_10 - INFO - Batch 62/3783: Clean accuracy 0.8387 | Adv accuracy: 0.8387 | Counter-attack accuracy: 0.8387
2026-02-12 11:14:22,154 - ADV_Generation_eps_0.0_steps_100_Added_Noise_uniform_Eps_8.0_Tau_Type_normal_anchors_num_anchors_10 - INFO - Batch 63/3783: Clean accuracy 0.8413 | Adv accuracy: 0.8413 | Counter-attack accuracy: 0.8413
2026-02-12 11:14:22,475 - ADV_Generation_eps_0.0_steps_100_Added_Noise_uniform_Eps_8.0_Tau_Type_normal_anchors_num_anchors_10 - INFO - Batch 64/3783: Clean accuracy 0.8438 | Adv accuracy: 0.8438 | Counter-attack accuracy: 0.8438
2026-02-12 11:14:22,795 - ADV_Generation_eps_0.0_steps_100_Added_Noise_uniform_Eps_8.0_Tau_Type_normal_anchors_num_anchors_10 - INFO - Batch 65/3783: Clean accuracy 0.8462 | Adv accuracy: 0.8462 | Counter-attack accuracy: 0.8462
2026-02-12 11:14:23,116 - ADV_Generation_eps_0.0_steps_100_Added_Noise_uniform_Eps_8.0_Tau_Type_normal_anchors_num_anchors_10 - INFO - Batch 66/3783: Clean accuracy 0.8485 | Adv accuracy: 0.8485 | Counter-attack accuracy: 0.8485
2026-02-12 11:14:23,437 - ADV_Generation_eps_0.0_steps_100_Added_Noise_uniform_Eps_8.0_Tau_Type_normal_anchors_num_anchors_10 - INFO - Batch 67/3783: Clean accuracy 0.8358 | Adv accuracy: 0.8358 | Counter-attack accuracy: 0.8358
2026-02-12 11:14:23,757 - ADV_Generation_eps_0.0_steps_100_Added_Noise_uniform_Eps_8.0_Tau_Type_normal_anchors_num_anchors_10 - INFO - Batch 68/3783: Clean accuracy 0.8235 | Adv accuracy: 0.8235 | Counter-attack accuracy: 0.8235
2026-02-12 11:14:24,078 - ADV_Generation_eps_0.0_steps_100_Added_Noise_uniform_Eps_8.0_Tau_Type_normal_anchors_num_anchors_10 - INFO - Batch 69/3783: Clean accuracy 0.8261 | Adv accuracy: 0.8261 | Counter-attack accuracy: 0.8261
2026-02-12 11:14:24,399 - ADV_Generation_eps_0.0_steps_100_Added_Noise_uniform_Eps_8.0_Tau_Type_normal_anchors_num_anchors_10 - INFO - Batch 70/3783: Clean accuracy 0.8286 | Adv accuracy: 0.8286 | Counter-attack accuracy: 0.8286
2026-02-12 11:14:24,720 - ADV_Generation_eps_0.0_steps_100_Added_Noise_uniform_Eps_8.0_Tau_Type_normal_anchors_num_anchors_10 - INFO - Batch 71/3783: Clean accuracy 0.8310 | Adv accuracy: 0.8310 | Counter-attack accuracy: 0.8310
2026-02-12 11:14:25,040 - ADV_Generation_eps_0.0_steps_100_Added_Noise_uniform_Eps_8.0_Tau_Type_normal_anchors_num_anchors_10 - INFO - Batch 72/3783: Clean accuracy 0.8333 | Adv accuracy: 0.8333 | Counter-attack accuracy: 0.8333
2026-02-12 11:14:25,361 - ADV_Generation_eps_0.0_steps_100_Added_Noise_uniform_Eps_8.0_Tau_Type_normal_anchors_num_anchors_10 - INFO - Batch 73/3783: Clean accuracy 0.8356 | Adv accuracy: 0.8356 | Counter-attack accuracy: 0.8356
2026-02-12 11:14:25,682 - ADV_Generation_eps_0.0_steps_100_Added_Noise_uniform_Eps_8.0_Tau_Type_normal_anchors_num_anchors_10 - INFO - Batch 74/3783: Clean accuracy 0.8243 | Adv accuracy: 0.8243 | Counter-attack accuracy: 0.8243
2026-02-12 11:14:26,003 - ADV_Generation_eps_0.0_steps_100_Added_Noise_uniform_Eps_8.0_Tau_Type_normal_anchors_num_anchors_10 - INFO - Batch 75/3783: Clean accuracy 0.8267 | Adv accuracy: 0.8267 | Counter-attack accuracy: 0.8267
2026-02-12 11:14:26,323 - ADV_Generation_eps_0.0_steps_100_Added_Noise_uniform_Eps_8.0_Tau_Type_normal_anchors_num_anchors_10 - INFO - Batch 76/3783: Clean accuracy 0.8289 | Adv accuracy: 0.8289 | Counter-attack accuracy: 0.8289
2026-02-12 11:14:26,644 - ADV_Generation_eps_0.0_steps_100_Added_Noise_uniform_Eps_8.0_Tau_Type_normal_anchors_num_anchors_10 - INFO - Batch 77/3783: Clean accuracy 0.8312 | Adv accuracy: 0.8312 | Counter-attack accuracy: 0.8312
2026-02-12 11:14:26,965 - ADV_Generation_eps_0.0_steps_100_Added_Noise_uniform_Eps_8.0_Tau_Type_normal_anchors_num_anchors_10 - INFO - Batch 78/3783: Clean accuracy 0.8333 | Adv accuracy: 0.8333 | Counter-attack accuracy: 0.8333
2026-02-12 11:14:27,285 - ADV_Generation_eps_0.0_steps_100_Added_Noise_uniform_Eps_8.0_Tau_Type_normal_anchors_num_anchors_10 - INFO - Batch 79/3783: Clean accuracy 0.8354 | Adv accuracy: 0.8354 | Counter-attack accuracy: 0.8354
2026-02-12 11:14:27,606 - ADV_Generation_eps_0.0_steps_100_Added_Noise_uniform_Eps_8.0_Tau_Type_normal_anchors_num_anchors_10 - INFO - Batch 80/3783: Clean accuracy 0.8375 | Adv accuracy: 0.8375 | Counter-attack accuracy: 0.8375
2026-02-12 11:14:27,927 - ADV_Generation_eps_0.0_steps_100_Added_Noise_uniform_Eps_8.0_Tau_Type_normal_anchors_num_anchors_10 - INFO - Batch 81/3783: Clean accuracy 0.8272 | Adv accuracy: 0.8272 | Counter-attack accuracy: 0.8272
2026-02-12 11:14:28,248 - ADV_Generation_eps_0.0_steps_100_Added_Noise_uniform_Eps_8.0_Tau_Type_normal_anchors_num_anchors_10 - INFO - Batch 82/3783: Clean accuracy 0.8293 | Adv accuracy: 0.8293 | Counter-attack accuracy: 0.8293
2026-02-12 11:14:28,569 - ADV_Generation_eps_0.0_steps_100_Added_Noise_uniform_Eps_8.0_Tau_Type_normal_anchors_num_anchors_10 - INFO - Batch 83/3783: Clean accuracy 0.8313 | Adv accuracy: 0.8313 | Counter-attack accuracy: 0.8313
2026-02-12 11:14:28,889 - ADV_Generation_eps_0.0_steps_100_Added_Noise_uniform_Eps_8.0_Tau_Type_normal_anchors_num_anchors_10 - INFO - Batch 84/3783: Clean accuracy 0.8333 | Adv accuracy: 0.8333 | Counter-attack accuracy: 0.8333
2026-02-12 11:14:29,210 - ADV_Generation_eps_0.0_steps_100_Added_Noise_uniform_Eps_8.0_Tau_Type_normal_anchors_num_anchors_10 - INFO - Batch 85/3783: Clean accuracy 0.8235 | Adv accuracy: 0.8235 | Counter-attack accuracy: 0.8235
2026-02-12 11:14:29,531 - ADV_Generation_eps_0.0_steps_100_Added_Noise_uniform_Eps_8.0_Tau_Type_normal_anchors_num_anchors_10 - INFO - Batch 86/3783: Clean accuracy 0.8256 | Adv accuracy: 0.8256 | Counter-attack accuracy: 0.8256
2026-02-12 11:14:29,852 - ADV_Generation_eps_0.0_steps_100_Added_Noise_uniform_Eps_8.0_Tau_Type_normal_anchors_num_anchors_10 - INFO - Batch 87/3783: Clean accuracy 0.8276 | Adv accuracy: 0.8276 | Counter-attack accuracy: 0.8276
2026-02-12 11:14:30,173 - ADV_Generation_eps_0.0_steps_100_Added_Noise_uniform_Eps_8.0_Tau_Type_normal_anchors_num_anchors_10 - INFO - Batch 88/3783: Clean accuracy 0.8295 | Adv accuracy: 0.8295 | Counter-attack accuracy: 0.8295
2026-02-12 11:14:30,494 - ADV_Generation_eps_0.0_steps_100_Added_Noise_uniform_Eps_8.0_Tau_Type_normal_anchors_num_anchors_10 - INFO - Batch 89/3783: Clean accuracy 0.8315 | Adv accuracy: 0.8315 | Counter-attack accuracy: 0.8315
2026-02-12 11:14:30,815 - ADV_Generation_eps_0.0_steps_100_Added_Noise_uniform_Eps_8.0_Tau_Type_normal_anchors_num_anchors_10 - INFO - Batch 90/3783: Clean accuracy 0.8333 | Adv accuracy: 0.8333 | Counter-attack accuracy: 0.8333
2026-02-12 11:14:31,136 - ADV_Generation_eps_0.0_steps_100_Added_Noise_uniform_Eps_8.0_Tau_Type_normal_anchors_num_anchors_10 - INFO - Batch 91/3783: Clean accuracy 0.8352 | Adv accuracy: 0.8352 | Counter-attack accuracy: 0.8352
2026-02-12 11:14:31,458 - ADV_Generation_eps_0.0_steps_100_Added_Noise_uniform_Eps_8.0_Tau_Type_normal_anchors_num_anchors_10 - INFO - Batch 92/3783: Clean accuracy 0.8370 | Adv accuracy: 0.8370 | Counter-attack accuracy: 0.8370
2026-02-12 11:14:31,779 - ADV_Generation_eps_0.0_steps_100_Added_Noise_uniform_Eps_8.0_Tau_Type_normal_anchors_num_anchors_10 - INFO - Batch 93/3783: Clean accuracy 0.8387 | Adv accuracy: 0.8387 | Counter-attack accuracy: 0.8387
2026-02-12 11:14:32,100 - ADV_Generation_eps_0.0_steps_100_Added_Noise_uniform_Eps_8.0_Tau_Type_normal_anchors_num_anchors_10 - INFO - Batch 94/3783: Clean accuracy 0.8404 | Adv accuracy: 0.8404 | Counter-attack accuracy: 0.8404
2026-02-12 11:14:32,420 - ADV_Generation_eps_0.0_steps_100_Added_Noise_uniform_Eps_8.0_Tau_Type_normal_anchors_num_anchors_10 - INFO - Batch 95/3783: Clean accuracy 0.8421 | Adv accuracy: 0.8421 | Counter-attack accuracy: 0.8421
2026-02-12 11:14:32,742 - ADV_Generation_eps_0.0_steps_100_Added_Noise_uniform_Eps_8.0_Tau_Type_normal_anchors_num_anchors_10 - INFO - Batch 96/3783: Clean accuracy 0.8438 | Adv accuracy: 0.8438 | Counter-attack accuracy: 0.8438
2026-02-12 11:14:33,062 - ADV_Generation_eps_0.0_steps_100_Added_Noise_uniform_Eps_8.0_Tau_Type_normal_anchors_num_anchors_10 - INFO - Batch 97/3783: Clean accuracy 0.8454 | Adv accuracy: 0.8454 | Counter-attack accuracy: 0.8454
2026-02-12 11:14:33,383 - ADV_Generation_eps_0.0_steps_100_Added_Noise_uniform_Eps_8.0_Tau_Type_normal_anchors_num_anchors_10 - INFO - Batch 98/3783: Clean accuracy 0.8469 | Adv accuracy: 0.8469 | Counter-attack accuracy: 0.8469
2026-02-12 11:14:33,704 - ADV_Generation_eps_0.0_steps_100_Added_Noise_uniform_Eps_8.0_Tau_Type_normal_anchors_num_anchors_10 - INFO - Batch 99/3783: Clean accuracy 0.8485 | Adv accuracy: 0.8485 | Counter-attack accuracy: 0.8485
2026-02-12 11:14:34,024 - ADV_Generation_eps_0.0_steps_100_Added_Noise_uniform_Eps_8.0_Tau_Type_normal_anchors_num_anchors_10 - INFO - Batch 100/3783: Clean accuracy 0.8400 | Adv accuracy: 0.8400 | Counter-attack accuracy: 0.8400
2026-02-12 11:14:34,345 - ADV_Generation_eps_0.0_steps_100_Added_Noise_uniform_Eps_8.0_Tau_Type_normal_anchors_num_anchors_10 - INFO - Batch 101/3783: Clean accuracy 0.8416 | Adv accuracy: 0.8416 | Counter-attack accuracy: 0.8416
2026-02-12 11:14:34,666 - ADV_Generation_eps_0.0_steps_100_Added_Noise_uniform_Eps_8.0_Tau_Type_normal_anchors_num_anchors_10 - INFO - Batch 102/3783: Clean accuracy 0.8333 | Adv accuracy: 0.8333 | Counter-attack accuracy: 0.8333
2026-02-12 11:14:34,986 - ADV_Generation_eps_0.0_steps_100_Added_Noise_uniform_Eps_8.0_Tau_Type_normal_anchors_num_anchors_10 - INFO - Batch 103/3783: Clean accuracy 0.8252 | Adv accuracy: 0.8252 | Counter-attack accuracy: 0.8252
2026-02-12 11:14:35,307 - ADV_Generation_eps_0.0_steps_100_Added_Noise_uniform_Eps_8.0_Tau_Type_normal_anchors_num_anchors_10 - INFO - Batch 104/3783: Clean accuracy 0.8173 | Adv accuracy: 0.8173 | Counter-attack accuracy: 0.8173
2026-02-12 11:14:35,628 - ADV_Generation_eps_0.0_steps_100_Added_Noise_uniform_Eps_8.0_Tau_Type_normal_anchors_num_anchors_10 - INFO - Batch 105/3783: Clean accuracy 0.8095 | Adv accuracy: 0.8095 | Counter-attack accuracy: 0.8095
2026-02-12 11:14:35,949 - ADV_Generation_eps_0.0_steps_100_Added_Noise_uniform_Eps_8.0_Tau_Type_normal_anchors_num_anchors_10 - INFO - Batch 106/3783: Clean accuracy 0.8019 | Adv accuracy: 0.8019 | Counter-attack accuracy: 0.8019
2026-02-12 11:14:36,269 - ADV_Generation_eps_0.0_steps_100_Added_Noise_uniform_Eps_8.0_Tau_Type_normal_anchors_num_anchors_10 - INFO - Batch 107/3783: Clean accuracy 0.8037 | Adv accuracy: 0.8037 | Counter-attack accuracy: 0.8037
2026-02-12 11:14:36,590 - ADV_Generation_eps_0.0_steps_100_Added_Noise_uniform_Eps_8.0_Tau_Type_normal_anchors_num_anchors_10 - INFO - Batch 108/3783: Clean accuracy 0.8056 | Adv accuracy: 0.8056 | Counter-attack accuracy: 0.8056
2026-02-12 11:14:36,911 - ADV_Generation_eps_0.0_steps_100_Added_Noise_uniform_Eps_8.0_Tau_Type_normal_anchors_num_anchors_10 - INFO - Batch 109/3783: Clean accuracy 0.8073 | Adv accuracy: 0.8073 | Counter-attack accuracy: 0.8073
2026-02-12 11:14:37,231 - ADV_Generation_eps_0.0_steps_100_Added_Noise_uniform_Eps_8.0_Tau_Type_normal_anchors_num_anchors_10 - INFO - Batch 110/3783: Clean accuracy 0.8091 | Adv accuracy: 0.8091 | Counter-attack accuracy: 0.8091
2026-02-12 11:14:37,552 - ADV_Generation_eps_0.0_steps_100_Added_Noise_uniform_Eps_8.0_Tau_Type_normal_anchors_num_anchors_10 - INFO - Batch 111/3783: Clean accuracy 0.8108 | Adv accuracy: 0.8108 | Counter-attack accuracy: 0.8108
2026-02-12 11:14:37,873 - ADV_Generation_eps_0.0_steps_100_Added_Noise_uniform_Eps_8.0_Tau_Type_normal_anchors_num_anchors_10 - INFO - Batch 112/3783: Clean accuracy 0.8125 | Adv accuracy: 0.8125 | Counter-attack accuracy: 0.8125
2026-02-12 11:14:38,193 - ADV_Generation_eps_0.0_steps_100_Added_Noise_uniform_Eps_8.0_Tau_Type_normal_anchors_num_anchors_10 - INFO - Batch 113/3783: Clean accuracy 0.8142 | Adv accuracy: 0.8142 | Counter-attack accuracy: 0.8142
2026-02-12 11:14:38,514 - ADV_Generation_eps_0.0_steps_100_Added_Noise_uniform_Eps_8.0_Tau_Type_normal_anchors_num_anchors_10 - INFO - Batch 114/3783: Clean accuracy 0.8158 | Adv accuracy: 0.8158 | Counter-attack accuracy: 0.8158
2026-02-12 11:14:38,835 - ADV_Generation_eps_0.0_steps_100_Added_Noise_uniform_Eps_8.0_Tau_Type_normal_anchors_num_anchors_10 - INFO - Batch 115/3783: Clean accuracy 0.8174 | Adv accuracy: 0.8174 | Counter-attack accuracy: 0.8174
2026-02-12 11:14:39,156 - ADV_Generation_eps_0.0_steps_100_Added_Noise_uniform_Eps_8.0_Tau_Type_normal_anchors_num_anchors_10 - INFO - Batch 116/3783: Clean accuracy 0.8190 | Adv accuracy: 0.8190 | Counter-attack accuracy: 0.8190
2026-02-12 11:14:39,477 - ADV_Generation_eps_0.0_steps_100_Added_Noise_uniform_Eps_8.0_Tau_Type_normal_anchors_num_anchors_10 - INFO - Batch 117/3783: Clean accuracy 0.8205 | Adv accuracy: 0.8205 | Counter-attack accuracy: 0.8205
2026-02-12 11:14:39,797 - ADV_Generation_eps_0.0_steps_100_Added_Noise_uniform_Eps_8.0_Tau_Type_normal_anchors_num_anchors_10 - INFO - Batch 118/3783: Clean accuracy 0.8220 | Adv accuracy: 0.8220 | Counter-attack accuracy: 0.8220
2026-02-12 11:14:40,118 - ADV_Generation_eps_0.0_steps_100_Added_Noise_uniform_Eps_8.0_Tau_Type_normal_anchors_num_anchors_10 - INFO - Batch 119/3783: Clean accuracy 0.8235 | Adv accuracy: 0.8235 | Counter-attack accuracy: 0.8235
2026-02-12 11:14:40,439 - ADV_Generation_eps_0.0_steps_100_Added_Noise_uniform_Eps_8.0_Tau_Type_normal_anchors_num_anchors_10 - INFO - Batch 120/3783: Clean accuracy 0.8167 | Adv accuracy: 0.8167 | Counter-attack accuracy: 0.8167
2026-02-12 11:14:40,759 - ADV_Generation_eps_0.0_steps_100_Added_Noise_uniform_Eps_8.0_Tau_Type_normal_anchors_num_anchors_10 - INFO - Batch 121/3783: Clean accuracy 0.8182 | Adv accuracy: 0.8182 | Counter-attack accuracy: 0.8182
2026-02-12 11:14:41,080 - ADV_Generation_eps_0.0_steps_100_Added_Noise_uniform_Eps_8.0_Tau_Type_normal_anchors_num_anchors_10 - INFO - Batch 122/3783: Clean accuracy 0.8115 | Adv accuracy: 0.8115 | Counter-attack accuracy: 0.8115
2026-02-12 11:14:41,401 - ADV_Generation_eps_0.0_steps_100_Added_Noise_uniform_Eps_8.0_Tau_Type_normal_anchors_num_anchors_10 - INFO - Batch 123/3783: Clean accuracy 0.8130 | Adv accuracy: 0.8130 | Counter-attack accuracy: 0.8130
2026-02-12 11:14:41,721 - ADV_Generation_eps_0.0_steps_100_Added_Noise_uniform_Eps_8.0_Tau_Type_normal_anchors_num_anchors_10 - INFO - Batch 124/3783: Clean accuracy 0.8145 | Adv accuracy: 0.8145 | Counter-attack accuracy: 0.8145
2026-02-12 11:14:42,042 - ADV_Generation_eps_0.0_steps_100_Added_Noise_uniform_Eps_8.0_Tau_Type_normal_anchors_num_anchors_10 - INFO - Batch 125/3783: Clean accuracy 0.8160 | Adv accuracy: 0.8160 | Counter-attack accuracy: 0.8160
2026-02-12 11:14:42,363 - ADV_Generation_eps_0.0_steps_100_Added_Noise_uniform_Eps_8.0_Tau_Type_normal_anchors_num_anchors_10 - INFO - Batch 126/3783: Clean accuracy 0.8175 | Adv accuracy: 0.8175 | Counter-attack accuracy: 0.8175
2026-02-12 11:14:42,683 - ADV_Generation_eps_0.0_steps_100_Added_Noise_uniform_Eps_8.0_Tau_Type_normal_anchors_num_anchors_10 - INFO - Batch 127/3783: Clean accuracy 0.8189 | Adv accuracy: 0.8189 | Counter-attack accuracy: 0.8189
2026-02-12 11:14:43,004 - ADV_Generation_eps_0.0_steps_100_Added_Noise_uniform_Eps_8.0_Tau_Type_normal_anchors_num_anchors_10 - INFO - Batch 128/3783: Clean accuracy 0.8203 | Adv accuracy: 0.8203 | Counter-attack accuracy: 0.8203
2026-02-12 11:14:43,325 - ADV_Generation_eps_0.0_steps_100_Added_Noise_uniform_Eps_8.0_Tau_Type_normal_anchors_num_anchors_10 - INFO - Batch 129/3783: Clean accuracy 0.8217 | Adv accuracy: 0.8217 | Counter-attack accuracy: 0.8217
2026-02-12 11:14:43,645 - ADV_Generation_eps_0.0_steps_100_Added_Noise_uniform_Eps_8.0_Tau_Type_normal_anchors_num_anchors_10 - INFO - Batch 130/3783: Clean accuracy 0.8231 | Adv accuracy: 0.8231 | Counter-attack accuracy: 0.8231
2026-02-12 11:14:43,966 - ADV_Generation_eps_0.0_steps_100_Added_Noise_uniform_Eps_8.0_Tau_Type_normal_anchors_num_anchors_10 - INFO - Batch 131/3783: Clean accuracy 0.8244 | Adv accuracy: 0.8244 | Counter-attack accuracy: 0.8244
2026-02-12 11:14:44,287 - ADV_Generation_eps_0.0_steps_100_Added_Noise_uniform_Eps_8.0_Tau_Type_normal_anchors_num_anchors_10 - INFO - Batch 132/3783: Clean accuracy 0.8258 | Adv accuracy: 0.8258 | Counter-attack accuracy: 0.8258
2026-02-12 11:14:44,607 - ADV_Generation_eps_0.0_steps_100_Added_Noise_uniform_Eps_8.0_Tau_Type_normal_anchors_num_anchors_10 - INFO - Batch 133/3783: Clean accuracy 0.8271 | Adv accuracy: 0.8271 | Counter-attack accuracy: 0.8271
2026-02-12 11:14:44,928 - ADV_Generation_eps_0.0_steps_100_Added_Noise_uniform_Eps_8.0_Tau_Type_normal_anchors_num_anchors_10 - INFO - Batch 134/3783: Clean accuracy 0.8284 | Adv accuracy: 0.8284 | Counter-attack accuracy: 0.8284
2026-02-12 11:14:45,249 - ADV_Generation_eps_0.0_steps_100_Added_Noise_uniform_Eps_8.0_Tau_Type_normal_anchors_num_anchors_10 - INFO - Batch 135/3783: Clean accuracy 0.8296 | Adv accuracy: 0.8296 | Counter-attack accuracy: 0.8296
2026-02-12 11:14:45,569 - ADV_Generation_eps_0.0_steps_100_Added_Noise_uniform_Eps_8.0_Tau_Type_normal_anchors_num_anchors_10 - INFO - Batch 136/3783: Clean accuracy 0.8309 | Adv accuracy: 0.8309 | Counter-attack accuracy: 0.8309
2026-02-12 11:14:45,890 - ADV_Generation_eps_0.0_steps_100_Added_Noise_uniform_Eps_8.0_Tau_Type_normal_anchors_num_anchors_10 - INFO - Batch 137/3783: Clean accuracy 0.8321 | Adv accuracy: 0.8321 | Counter-attack accuracy: 0.8321
2026-02-12 11:14:46,211 - ADV_Generation_eps_0.0_steps_100_Added_Noise_uniform_Eps_8.0_Tau_Type_normal_anchors_num_anchors_10 - INFO - Batch 138/3783: Clean accuracy 0.8333 | Adv accuracy: 0.8333 | Counter-attack accuracy: 0.8333
2026-02-12 11:14:46,531 - ADV_Generation_eps_0.0_steps_100_Added_Noise_uniform_Eps_8.0_Tau_Type_normal_anchors_num_anchors_10 - INFO - Batch 139/3783: Clean accuracy 0.8345 | Adv accuracy: 0.8345 | Counter-attack accuracy: 0.8345
2026-02-12 11:14:46,852 - ADV_Generation_eps_0.0_steps_100_Added_Noise_uniform_Eps_8.0_Tau_Type_normal_anchors_num_anchors_10 - INFO - Batch 140/3783: Clean accuracy 0.8357 | Adv accuracy: 0.8357 | Counter-attack accuracy: 0.8357
2026-02-12 11:14:47,173 - ADV_Generation_eps_0.0_steps_100_Added_Noise_uniform_Eps_8.0_Tau_Type_normal_anchors_num_anchors_10 - INFO - Batch 141/3783: Clean accuracy 0.8369 | Adv accuracy: 0.8369 | Counter-attack accuracy: 0.8369
2026-02-12 11:14:47,493 - ADV_Generation_eps_0.0_steps_100_Added_Noise_uniform_Eps_8.0_Tau_Type_normal_anchors_num_anchors_10 - INFO - Batch 142/3783: Clean accuracy 0.8380 | Adv accuracy: 0.8380 | Counter-attack accuracy: 0.8380
2026-02-12 11:14:47,814 - ADV_Generation_eps_0.0_steps_100_Added_Noise_uniform_Eps_8.0_Tau_Type_normal_anchors_num_anchors_10 - INFO - Batch 143/3783: Clean accuracy 0.8392 | Adv accuracy: 0.8392 | Counter-attack accuracy: 0.8392
2026-02-12 11:14:48,135 - ADV_Generation_eps_0.0_steps_100_Added_Noise_uniform_Eps_8.0_Tau_Type_normal_anchors_num_anchors_10 - INFO - Batch 144/3783: Clean accuracy 0.8403 | Adv accuracy: 0.8403 | Counter-attack accuracy: 0.8403
2026-02-12 11:14:48,455 - ADV_Generation_eps_0.0_steps_100_Added_Noise_uniform_Eps_8.0_Tau_Type_normal_anchors_num_anchors_10 - INFO - Batch 145/3783: Clean accuracy 0.8414 | Adv accuracy: 0.8414 | Counter-attack accuracy: 0.8414
2026-02-12 11:14:48,776 - ADV_Generation_eps_0.0_steps_100_Added_Noise_uniform_Eps_8.0_Tau_Type_normal_anchors_num_anchors_10 - INFO - Batch 146/3783: Clean accuracy 0.8425 | Adv accuracy: 0.8425 | Counter-attack accuracy: 0.8425
2026-02-12 11:14:49,097 - ADV_Generation_eps_0.0_steps_100_Added_Noise_uniform_Eps_8.0_Tau_Type_normal_anchors_num_anchors_10 - INFO - Batch 147/3783: Clean accuracy 0.8435 | Adv accuracy: 0.8435 | Counter-attack accuracy: 0.8435
2026-02-12 11:14:49,417 - ADV_Generation_eps_0.0_steps_100_Added_Noise_uniform_Eps_8.0_Tau_Type_normal_anchors_num_anchors_10 - INFO - Batch 148/3783: Clean accuracy 0.8378 | Adv accuracy: 0.8378 | Counter-attack accuracy: 0.8378
2026-02-12 11:14:49,738 - ADV_Generation_eps_0.0_steps_100_Added_Noise_uniform_Eps_8.0_Tau_Type_normal_anchors_num_anchors_10 - INFO - Batch 149/3783: Clean accuracy 0.8389 | Adv accuracy: 0.8389 | Counter-attack accuracy: 0.8389
2026-02-12 11:14:50,059 - ADV_Generation_eps_0.0_steps_100_Added_Noise_uniform_Eps_8.0_Tau_Type_normal_anchors_num_anchors_10 - INFO - Batch 150/3783: Clean accuracy 0.8400 | Adv accuracy: 0.8400 | Counter-attack accuracy: 0.8400
2026-02-12 11:14:50,379 - ADV_Generation_eps_0.0_steps_100_Added_Noise_uniform_Eps_8.0_Tau_Type_normal_anchors_num_anchors_10 - INFO - Batch 151/3783: Clean accuracy 0.8411 | Adv accuracy: 0.8411 | Counter-attack accuracy: 0.8411
2026-02-12 11:14:50,700 - ADV_Generation_eps_0.0_steps_100_Added_Noise_uniform_Eps_8.0_Tau_Type_normal_anchors_num_anchors_10 - INFO - Batch 152/3783: Clean accuracy 0.8421 | Adv accuracy: 0.8421 | Counter-attack accuracy: 0.8421
2026-02-12 11:14:51,020 - ADV_Generation_eps_0.0_steps_100_Added_Noise_uniform_Eps_8.0_Tau_Type_normal_anchors_num_anchors_10 - INFO - Batch 153/3783: Clean accuracy 0.8366 | Adv accuracy: 0.8366 | Counter-attack accuracy: 0.8366
2026-02-12 11:14:51,341 - ADV_Generation_eps_0.0_steps_100_Added_Noise_uniform_Eps_8.0_Tau_Type_normal_anchors_num_anchors_10 - INFO - Batch 154/3783: Clean accuracy 0.8312 | Adv accuracy: 0.8312 | Counter-attack accuracy: 0.8312
2026-02-12 11:14:51,662 - ADV_Generation_eps_0.0_steps_100_Added_Noise_uniform_Eps_8.0_Tau_Type_normal_anchors_num_anchors_10 - INFO - Batch 155/3783: Clean accuracy 0.8258 | Adv accuracy: 0.8258 | Counter-attack accuracy: 0.8258
2026-02-12 11:14:51,982 - ADV_Generation_eps_0.0_steps_100_Added_Noise_uniform_Eps_8.0_Tau_Type_normal_anchors_num_anchors_10 - INFO - Batch 156/3783: Clean accuracy 0.8205 | Adv accuracy: 0.8205 | Counter-attack accuracy: 0.8205
2026-02-12 11:14:52,303 - ADV_Generation_eps_0.0_steps_100_Added_Noise_uniform_Eps_8.0_Tau_Type_normal_anchors_num_anchors_10 - INFO - Batch 157/3783: Clean accuracy 0.8153 | Adv accuracy: 0.8153 | Counter-attack accuracy: 0.8153
2026-02-12 11:14:52,624 - ADV_Generation_eps_0.0_steps_100_Added_Noise_uniform_Eps_8.0_Tau_Type_normal_anchors_num_anchors_10 - INFO - Batch 158/3783: Clean accuracy 0.8101 | Adv accuracy: 0.8101 | Counter-attack accuracy: 0.8101
2026-02-12 11:14:52,944 - ADV_Generation_eps_0.0_steps_100_Added_Noise_uniform_Eps_8.0_Tau_Type_normal_anchors_num_anchors_10 - INFO - Batch 159/3783: Clean accuracy 0.8113 | Adv accuracy: 0.8113 | Counter-attack accuracy: 0.8113
2026-02-12 11:14:53,265 - ADV_Generation_eps_0.0_steps_100_Added_Noise_uniform_Eps_8.0_Tau_Type_normal_anchors_num_anchors_10 - INFO - Batch 160/3783: Clean accuracy 0.8063 | Adv accuracy: 0.8063 | Counter-attack accuracy: 0.8063
2026-02-12 11:14:53,586 - ADV_Generation_eps_0.0_steps_100_Added_Noise_uniform_Eps_8.0_Tau_Type_normal_anchors_num_anchors_10 - INFO - Batch 161/3783: Clean accuracy 0.8012 | Adv accuracy: 0.8012 | Counter-attack accuracy: 0.8012
2026-02-12 11:14:53,906 - ADV_Generation_eps_0.0_steps_100_Added_Noise_uniform_Eps_8.0_Tau_Type_normal_anchors_num_anchors_10 - INFO - Batch 162/3783: Clean accuracy 0.7963 | Adv accuracy: 0.7963 | Counter-attack accuracy: 0.7963
2026-02-12 11:14:54,227 - ADV_Generation_eps_0.0_steps_100_Added_Noise_uniform_Eps_8.0_Tau_Type_normal_anchors_num_anchors_10 - INFO - Batch 163/3783: Clean accuracy 0.7914 | Adv accuracy: 0.7914 | Counter-attack accuracy: 0.7914
2026-02-12 11:14:54,548 - ADV_Generation_eps_0.0_steps_100_Added_Noise_uniform_Eps_8.0_Tau_Type_normal_anchors_num_anchors_10 - INFO - Batch 164/3783: Clean accuracy 0.7866 | Adv accuracy: 0.7866 | Counter-attack accuracy: 0.7866
2026-02-12 11:14:54,868 - ADV_Generation_eps_0.0_steps_100_Added_Noise_uniform_Eps_8.0_Tau_Type_normal_anchors_num_anchors_10 - INFO - Batch 165/3783: Clean accuracy 0.7818 | Adv accuracy: 0.7818 | Counter-attack accuracy: 0.7818
2026-02-12 11:14:55,189 - ADV_Generation_eps_0.0_steps_100_Added_Noise_uniform_Eps_8.0_Tau_Type_normal_anchors_num_anchors_10 - INFO - Batch 166/3783: Clean accuracy 0.7771 | Adv accuracy: 0.7771 | Counter-attack accuracy: 0.7771
2026-02-12 11:14:55,509 - ADV_Generation_eps_0.0_steps_100_Added_Noise_uniform_Eps_8.0_Tau_Type_normal_anchors_num_anchors_10 - INFO - Batch 167/3783: Clean accuracy 0.7725 | Adv accuracy: 0.7725 | Counter-attack accuracy: 0.7725
2026-02-12 11:14:55,830 - ADV_Generation_eps_0.0_steps_100_Added_Noise_uniform_Eps_8.0_Tau_Type_normal_anchors_num_anchors_10 - INFO - Batch 168/3783: Clean accuracy 0.7679 | Adv accuracy: 0.7679 | Counter-attack accuracy: 0.7679
2026-02-12 11:14:56,151 - ADV_Generation_eps_0.0_steps_100_Added_Noise_uniform_Eps_8.0_Tau_Type_normal_anchors_num_anchors_10 - INFO - Batch 169/3783: Clean accuracy 0.7633 | Adv accuracy: 0.7633 | Counter-attack accuracy: 0.7633
2026-02-12 11:14:56,471 - ADV_Generation_eps_0.0_steps_100_Added_Noise_uniform_Eps_8.0_Tau_Type_normal_anchors_num_anchors_10 - INFO - Batch 170/3783: Clean accuracy 0.7588 | Adv accuracy: 0.7588 | Counter-attack accuracy: 0.7588
2026-02-12 11:14:56,792 - ADV_Generation_eps_0.0_steps_100_Added_Noise_uniform_Eps_8.0_Tau_Type_normal_anchors_num_anchors_10 - INFO - Batch 171/3783: Clean accuracy 0.7544 | Adv accuracy: 0.7544 | Counter-attack accuracy: 0.7544
2026-02-12 11:14:57,113 - ADV_Generation_eps_0.0_steps_100_Added_Noise_uniform_Eps_8.0_Tau_Type_normal_anchors_num_anchors_10 - INFO - Batch 172/3783: Clean accuracy 0.7500 | Adv accuracy: 0.7500 | Counter-attack accuracy: 0.7500
2026-02-12 11:14:57,433 - ADV_Generation_eps_0.0_steps_100_Added_Noise_uniform_Eps_8.0_Tau_Type_normal_anchors_num_anchors_10 - INFO - Batch 173/3783: Clean accuracy 0.7457 | Adv accuracy: 0.7457 | Counter-attack accuracy: 0.7457
2026-02-12 11:14:57,754 - ADV_Generation_eps_0.0_steps_100_Added_Noise_uniform_Eps_8.0_Tau_Type_normal_anchors_num_anchors_10 - INFO - Batch 174/3783: Clean accuracy 0.7414 | Adv accuracy: 0.7414 | Counter-attack accuracy: 0.7414
2026-02-12 11:14:58,074 - ADV_Generation_eps_0.0_steps_100_Added_Noise_uniform_Eps_8.0_Tau_Type_normal_anchors_num_anchors_10 - INFO - Batch 175/3783: Clean accuracy 0.7371 | Adv accuracy: 0.7371 | Counter-attack accuracy: 0.7371
2026-02-12 11:14:58,395 - ADV_Generation_eps_0.0_steps_100_Added_Noise_uniform_Eps_8.0_Tau_Type_normal_anchors_num_anchors_10 - INFO - Batch 176/3783: Clean accuracy 0.7330 | Adv accuracy: 0.7330 | Counter-attack accuracy: 0.7330
2026-02-12 11:14:58,716 - ADV_Generation_eps_0.0_steps_100_Added_Noise_uniform_Eps_8.0_Tau_Type_normal_anchors_num_anchors_10 - INFO - Batch 177/3783: Clean accuracy 0.7288 | Adv accuracy: 0.7288 | Counter-attack accuracy: 0.7288
2026-02-12 11:14:59,036 - ADV_Generation_eps_0.0_steps_100_Added_Noise_uniform_Eps_8.0_Tau_Type_normal_anchors_num_anchors_10 - INFO - Batch 178/3783: Clean accuracy 0.7247 | Adv accuracy: 0.7247 | Counter-attack accuracy: 0.7247
2026-02-12 11:14:59,357 - ADV_Generation_eps_0.0_steps_100_Added_Noise_uniform_Eps_8.0_Tau_Type_normal_anchors_num_anchors_10 - INFO - Batch 179/3783: Clean accuracy 0.7207 | Adv accuracy: 0.7207 | Counter-attack accuracy: 0.7207
2026-02-12 11:14:59,678 - ADV_Generation_eps_0.0_steps_100_Added_Noise_uniform_Eps_8.0_Tau_Type_normal_anchors_num_anchors_10 - INFO - Batch 180/3783: Clean accuracy 0.7167 | Adv accuracy: 0.7167 | Counter-attack accuracy: 0.7167
2026-02-12 11:14:59,998 - ADV_Generation_eps_0.0_steps_100_Added_Noise_uniform_Eps_8.0_Tau_Type_normal_anchors_num_anchors_10 - INFO - Batch 181/3783: Clean accuracy 0.7127 | Adv accuracy: 0.7127 | Counter-attack accuracy: 0.7127
2026-02-12 11:15:00,319 - ADV_Generation_eps_0.0_steps_100_Added_Noise_uniform_Eps_8.0_Tau_Type_normal_anchors_num_anchors_10 - INFO - Batch 182/3783: Clean accuracy 0.7088 | Adv accuracy: 0.7088 | Counter-attack accuracy: 0.7088
2026-02-12 11:15:00,639 - ADV_Generation_eps_0.0_steps_100_Added_Noise_uniform_Eps_8.0_Tau_Type_normal_anchors_num_anchors_10 - INFO - Batch 183/3783: Clean accuracy 0.7049 | Adv accuracy: 0.7049 | Counter-attack accuracy: 0.7049
2026-02-12 11:15:00,960 - ADV_Generation_eps_0.0_steps_100_Added_Noise_uniform_Eps_8.0_Tau_Type_normal_anchors_num_anchors_10 - INFO - Batch 184/3783: Clean accuracy 0.7065 | Adv accuracy: 0.7065 | Counter-attack accuracy: 0.7065
2026-02-12 11:15:01,281 - ADV_Generation_eps_0.0_steps_100_Added_Noise_uniform_Eps_8.0_Tau_Type_normal_anchors_num_anchors_10 - INFO - Batch 185/3783: Clean accuracy 0.7081 | Adv accuracy: 0.7081 | Counter-attack accuracy: 0.7081
2026-02-12 11:15:01,601 - ADV_Generation_eps_0.0_steps_100_Added_Noise_uniform_Eps_8.0_Tau_Type_normal_anchors_num_anchors_10 - INFO - Batch 186/3783: Clean accuracy 0.7097 | Adv accuracy: 0.7097 | Counter-attack accuracy: 0.7097
2026-02-12 11:15:01,922 - ADV_Generation_eps_0.0_steps_100_Added_Noise_uniform_Eps_8.0_Tau_Type_normal_anchors_num_anchors_10 - INFO - Batch 187/3783: Clean accuracy 0.7112 | Adv accuracy: 0.7112 | Counter-attack accuracy: 0.7112
2026-02-12 11:15:02,243 - ADV_Generation_eps_0.0_steps_100_Added_Noise_uniform_Eps_8.0_Tau_Type_normal_anchors_num_anchors_10 - INFO - Batch 188/3783: Clean accuracy 0.7128 | Adv accuracy: 0.7128 | Counter-attack accuracy: 0.7128
2026-02-12 11:15:02,563 - ADV_Generation_eps_0.0_steps_100_Added_Noise_uniform_Eps_8.0_Tau_Type_normal_anchors_num_anchors_10 - INFO - Batch 189/3783: Clean accuracy 0.7143 | Adv accuracy: 0.7143 | Counter-attack accuracy: 0.7143
2026-02-12 11:15:02,884 - ADV_Generation_eps_0.0_steps_100_Added_Noise_uniform_Eps_8.0_Tau_Type_normal_anchors_num_anchors_10 - INFO - Batch 190/3783: Clean accuracy 0.7158 | Adv accuracy: 0.7158 | Counter-attack accuracy: 0.7158
2026-02-12 11:15:03,204 - ADV_Generation_eps_0.0_steps_100_Added_Noise_uniform_Eps_8.0_Tau_Type_normal_anchors_num_anchors_10 - INFO - Batch 191/3783: Clean accuracy 0.7173 | Adv accuracy: 0.7173 | Counter-attack accuracy: 0.7173
2026-02-12 11:15:03,525 - ADV_Generation_eps_0.0_steps_100_Added_Noise_uniform_Eps_8.0_Tau_Type_normal_anchors_num_anchors_10 - INFO - Batch 192/3783: Clean accuracy 0.7188 | Adv accuracy: 0.7188 | Counter-attack accuracy: 0.7188
2026-02-12 11:15:03,846 - ADV_Generation_eps_0.0_steps_100_Added_Noise_uniform_Eps_8.0_Tau_Type_normal_anchors_num_anchors_10 - INFO - Batch 193/3783: Clean accuracy 0.7202 | Adv accuracy: 0.7202 | Counter-attack accuracy: 0.7202
2026-02-12 11:15:04,167 - ADV_Generation_eps_0.0_steps_100_Added_Noise_uniform_Eps_8.0_Tau_Type_normal_anchors_num_anchors_10 - INFO - Batch 194/3783: Clean accuracy 0.7216 | Adv accuracy: 0.7216 | Counter-attack accuracy: 0.7216
2026-02-12 11:15:04,487 - ADV_Generation_eps_0.0_steps_100_Added_Noise_uniform_Eps_8.0_Tau_Type_normal_anchors_num_anchors_10 - INFO - Batch 195/3783: Clean accuracy 0.7231 | Adv accuracy: 0.7231 | Counter-attack accuracy: 0.7231
2026-02-12 11:15:04,808 - ADV_Generation_eps_0.0_steps_100_Added_Noise_uniform_Eps_8.0_Tau_Type_normal_anchors_num_anchors_10 - INFO - Batch 196/3783: Clean accuracy 0.7245 | Adv accuracy: 0.7245 | Counter-attack accuracy: 0.7245
2026-02-12 11:15:05,129 - ADV_Generation_eps_0.0_steps_100_Added_Noise_uniform_Eps_8.0_Tau_Type_normal_anchors_num_anchors_10 - INFO - Batch 197/3783: Clean accuracy 0.7259 | Adv accuracy: 0.7259 | Counter-attack accuracy: 0.7259
2026-02-12 11:15:05,449 - ADV_Generation_eps_0.0_steps_100_Added_Noise_uniform_Eps_8.0_Tau_Type_normal_anchors_num_anchors_10 - INFO - Batch 198/3783: Clean accuracy 0.7273 | Adv accuracy: 0.7273 | Counter-attack accuracy: 0.7273
2026-02-12 11:15:05,770 - ADV_Generation_eps_0.0_steps_100_Added_Noise_uniform_Eps_8.0_Tau_Type_normal_anchors_num_anchors_10 - INFO - Batch 199/3783: Clean accuracy 0.7286 | Adv accuracy: 0.7286 | Counter-attack accuracy: 0.7286
2026-02-12 11:15:06,090 - ADV_Generation_eps_0.0_steps_100_Added_Noise_uniform_Eps_8.0_Tau_Type_normal_anchors_num_anchors_10 - INFO - Batch 200/3783: Clean accuracy 0.7300 | Adv accuracy: 0.7300 | Counter-attack accuracy: 0.7300
2026-02-12 11:15:06,411 - ADV_Generation_eps_0.0_steps_100_Added_Noise_uniform_Eps_8.0_Tau_Type_normal_anchors_num_anchors_10 - INFO - Batch 201/3783: Clean accuracy 0.7313 | Adv accuracy: 0.7313 | Counter-attack accuracy: 0.7313
2026-02-12 11:15:06,732 - ADV_Generation_eps_0.0_steps_100_Added_Noise_uniform_Eps_8.0_Tau_Type_normal_anchors_num_anchors_10 - INFO - Batch 202/3783: Clean accuracy 0.7327 | Adv accuracy: 0.7327 | Counter-attack accuracy: 0.7327
2026-02-12 11:15:07,052 - ADV_Generation_eps_0.0_steps_100_Added_Noise_uniform_Eps_8.0_Tau_Type_normal_anchors_num_anchors_10 - INFO - Batch 203/3783: Clean accuracy 0.7340 | Adv accuracy: 0.7340 | Counter-attack accuracy: 0.7340
2026-02-12 11:15:07,373 - ADV_Generation_eps_0.0_steps_100_Added_Noise_uniform_Eps_8.0_Tau_Type_normal_anchors_num_anchors_10 - INFO - Batch 204/3783: Clean accuracy 0.7353 | Adv accuracy: 0.7353 | Counter-attack accuracy: 0.7353
2026-02-12 11:15:07,693 - ADV_Generation_eps_0.0_steps_100_Added_Noise_uniform_Eps_8.0_Tau_Type_normal_anchors_num_anchors_10 - INFO - Batch 205/3783: Clean accuracy 0.7317 | Adv accuracy: 0.7317 | Counter-attack accuracy: 0.7317
2026-02-12 11:15:08,014 - ADV_Generation_eps_0.0_steps_100_Added_Noise_uniform_Eps_8.0_Tau_Type_normal_anchors_num_anchors_10 - INFO - Batch 206/3783: Clean accuracy 0.7330 | Adv accuracy: 0.7330 | Counter-attack accuracy: 0.7330
2026-02-12 11:15:08,335 - ADV_Generation_eps_0.0_steps_100_Added_Noise_uniform_Eps_8.0_Tau_Type_normal_anchors_num_anchors_10 - INFO - Batch 207/3783: Clean accuracy 0.7343 | Adv accuracy: 0.7343 | Counter-attack accuracy: 0.7343
2026-02-12 11:15:08,655 - ADV_Generation_eps_0.0_steps_100_Added_Noise_uniform_Eps_8.0_Tau_Type_normal_anchors_num_anchors_10 - INFO - Batch 208/3783: Clean accuracy 0.7356 | Adv accuracy: 0.7356 | Counter-attack accuracy: 0.7356
2026-02-12 11:15:08,976 - ADV_Generation_eps_0.0_steps_100_Added_Noise_uniform_Eps_8.0_Tau_Type_normal_anchors_num_anchors_10 - INFO - Batch 209/3783: Clean accuracy 0.7368 | Adv accuracy: 0.7368 | Counter-attack accuracy: 0.7368
2026-02-12 11:15:09,296 - ADV_Generation_eps_0.0_steps_100_Added_Noise_uniform_Eps_8.0_Tau_Type_normal_anchors_num_anchors_10 - INFO - Batch 210/3783: Clean accuracy 0.7381 | Adv accuracy: 0.7381 | Counter-attack accuracy: 0.7381
2026-02-12 11:15:09,617 - ADV_Generation_eps_0.0_steps_100_Added_Noise_uniform_Eps_8.0_Tau_Type_normal_anchors_num_anchors_10 - INFO - Batch 211/3783: Clean accuracy 0.7393 | Adv accuracy: 0.7393 | Counter-attack accuracy: 0.7393
2026-02-12 11:15:09,937 - ADV_Generation_eps_0.0_steps_100_Added_Noise_uniform_Eps_8.0_Tau_Type_normal_anchors_num_anchors_10 - INFO - Batch 212/3783: Clean accuracy 0.7406 | Adv accuracy: 0.7406 | Counter-attack accuracy: 0.7406
2026-02-12 11:15:10,258 - ADV_Generation_eps_0.0_steps_100_Added_Noise_uniform_Eps_8.0_Tau_Type_normal_anchors_num_anchors_10 - INFO - Batch 213/3783: Clean accuracy 0.7418 | Adv accuracy: 0.7418 | Counter-attack accuracy: 0.7418
2026-02-12 11:15:10,578 - ADV_Generation_eps_0.0_steps_100_Added_Noise_uniform_Eps_8.0_Tau_Type_normal_anchors_num_anchors_10 - INFO - Batch 214/3783: Clean accuracy 0.7430 | Adv accuracy: 0.7430 | Counter-attack accuracy: 0.7430
2026-02-12 11:15:10,899 - ADV_Generation_eps_0.0_steps_100_Added_Noise_uniform_Eps_8.0_Tau_Type_normal_anchors_num_anchors_10 - INFO - Batch 215/3783: Clean accuracy 0.7442 | Adv accuracy: 0.7442 | Counter-attack accuracy: 0.7442
2026-02-12 11:15:11,219 - ADV_Generation_eps_0.0_steps_100_Added_Noise_uniform_Eps_8.0_Tau_Type_normal_anchors_num_anchors_10 - INFO - Batch 216/3783: Clean accuracy 0.7454 | Adv accuracy: 0.7454 | Counter-attack accuracy: 0.7454
2026-02-12 11:15:11,540 - ADV_Generation_eps_0.0_steps_100_Added_Noise_uniform_Eps_8.0_Tau_Type_normal_anchors_num_anchors_10 - INFO - Batch 217/3783: Clean accuracy 0.7419 | Adv accuracy: 0.7419 | Counter-attack accuracy: 0.7419
2026-02-12 11:15:11,860 - ADV_Generation_eps_0.0_steps_100_Added_Noise_uniform_Eps_8.0_Tau_Type_normal_anchors_num_anchors_10 - INFO - Batch 218/3783: Clean accuracy 0.7431 | Adv accuracy: 0.7431 | Counter-attack accuracy: 0.7431
2026-02-12 11:15:12,181 - ADV_Generation_eps_0.0_steps_100_Added_Noise_uniform_Eps_8.0_Tau_Type_normal_anchors_num_anchors_10 - INFO - Batch 219/3783: Clean accuracy 0.7397 | Adv accuracy: 0.7397 | Counter-attack accuracy: 0.7397
2026-02-12 11:15:12,502 - ADV_Generation_eps_0.0_steps_100_Added_Noise_uniform_Eps_8.0_Tau_Type_normal_anchors_num_anchors_10 - INFO - Batch 220/3783: Clean accuracy 0.7409 | Adv accuracy: 0.7409 | Counter-attack accuracy: 0.7409
2026-02-12 11:15:12,822 - ADV_Generation_eps_0.0_steps_100_Added_Noise_uniform_Eps_8.0_Tau_Type_normal_anchors_num_anchors_10 - INFO - Batch 221/3783: Clean accuracy 0.7421 | Adv accuracy: 0.7421 | Counter-attack accuracy: 0.7421
2026-02-12 11:15:13,143 - ADV_Generation_eps_0.0_steps_100_Added_Noise_uniform_Eps_8.0_Tau_Type_normal_anchors_num_anchors_10 - INFO - Batch 222/3783: Clean accuracy 0.7432 | Adv accuracy: 0.7432 | Counter-attack accuracy: 0.7432
2026-02-12 11:15:13,463 - ADV_Generation_eps_0.0_steps_100_Added_Noise_uniform_Eps_8.0_Tau_Type_normal_anchors_num_anchors_10 - INFO - Batch 223/3783: Clean accuracy 0.7444 | Adv accuracy: 0.7444 | Counter-attack accuracy: 0.7444
2026-02-12 11:15:13,784 - ADV_Generation_eps_0.0_steps_100_Added_Noise_uniform_Eps_8.0_Tau_Type_normal_anchors_num_anchors_10 - INFO - Batch 224/3783: Clean accuracy 0.7455 | Adv accuracy: 0.7455 | Counter-attack accuracy: 0.7455
2026-02-12 11:15:14,104 - ADV_Generation_eps_0.0_steps_100_Added_Noise_uniform_Eps_8.0_Tau_Type_normal_anchors_num_anchors_10 - INFO - Batch 225/3783: Clean accuracy 0.7467 | Adv accuracy: 0.7467 | Counter-attack accuracy: 0.7467
2026-02-12 11:15:14,425 - ADV_Generation_eps_0.0_steps_100_Added_Noise_uniform_Eps_8.0_Tau_Type_normal_anchors_num_anchors_10 - INFO - Batch 226/3783: Clean accuracy 0.7478 | Adv accuracy: 0.7478 | Counter-attack accuracy: 0.7478
2026-02-12 11:15:14,746 - ADV_Generation_eps_0.0_steps_100_Added_Noise_uniform_Eps_8.0_Tau_Type_normal_anchors_num_anchors_10 - INFO - Batch 227/3783: Clean accuracy 0.7445 | Adv accuracy: 0.7445 | Counter-attack accuracy: 0.7445
2026-02-12 11:15:15,066 - ADV_Generation_eps_0.0_steps_100_Added_Noise_uniform_Eps_8.0_Tau_Type_normal_anchors_num_anchors_10 - INFO - Batch 228/3783: Clean accuracy 0.7412 | Adv accuracy: 0.7412 | Counter-attack accuracy: 0.7412
2026-02-12 11:15:15,387 - ADV_Generation_eps_0.0_steps_100_Added_Noise_uniform_Eps_8.0_Tau_Type_normal_anchors_num_anchors_10 - INFO - Batch 229/3783: Clean accuracy 0.7380 | Adv accuracy: 0.7380 | Counter-attack accuracy: 0.7380
2026-02-12 11:15:15,707 - ADV_Generation_eps_0.0_steps_100_Added_Noise_uniform_Eps_8.0_Tau_Type_normal_anchors_num_anchors_10 - INFO - Batch 230/3783: Clean accuracy 0.7348 | Adv accuracy: 0.7348 | Counter-attack accuracy: 0.7348
2026-02-12 11:15:16,028 - ADV_Generation_eps_0.0_steps_100_Added_Noise_uniform_Eps_8.0_Tau_Type_normal_anchors_num_anchors_10 - INFO - Batch 231/3783: Clean accuracy 0.7316 | Adv accuracy: 0.7316 | Counter-attack accuracy: 0.7316
2026-02-12 11:15:16,348 - ADV_Generation_eps_0.0_steps_100_Added_Noise_uniform_Eps_8.0_Tau_Type_normal_anchors_num_anchors_10 - INFO - Batch 232/3783: Clean accuracy 0.7284 | Adv accuracy: 0.7284 | Counter-attack accuracy: 0.7284
2026-02-12 11:15:16,669 - ADV_Generation_eps_0.0_steps_100_Added_Noise_uniform_Eps_8.0_Tau_Type_normal_anchors_num_anchors_10 - INFO - Batch 233/3783: Clean accuracy 0.7296 | Adv accuracy: 0.7296 | Counter-attack accuracy: 0.7296
2026-02-12 11:15:16,990 - ADV_Generation_eps_0.0_steps_100_Added_Noise_uniform_Eps_8.0_Tau_Type_normal_anchors_num_anchors_10 - INFO - Batch 234/3783: Clean accuracy 0.7308 | Adv accuracy: 0.7308 | Counter-attack accuracy: 0.7308
2026-02-12 11:15:17,310 - ADV_Generation_eps_0.0_steps_100_Added_Noise_uniform_Eps_8.0_Tau_Type_normal_anchors_num_anchors_10 - INFO - Batch 235/3783: Clean accuracy 0.7319 | Adv accuracy: 0.7319 | Counter-attack accuracy: 0.7319
2026-02-12 11:15:17,631 - ADV_Generation_eps_0.0_steps_100_Added_Noise_uniform_Eps_8.0_Tau_Type_normal_anchors_num_anchors_10 - INFO - Batch 236/3783: Clean accuracy 0.7331 | Adv accuracy: 0.7331 | Counter-attack accuracy: 0.7331
2026-02-12 11:15:17,951 - ADV_Generation_eps_0.0_steps_100_Added_Noise_uniform_Eps_8.0_Tau_Type_normal_anchors_num_anchors_10 - INFO - Batch 237/3783: Clean accuracy 0.7342 | Adv accuracy: 0.7342 | Counter-attack accuracy: 0.7342
2026-02-12 11:15:18,272 - ADV_Generation_eps_0.0_steps_100_Added_Noise_uniform_Eps_8.0_Tau_Type_normal_anchors_num_anchors_10 - INFO - Batch 238/3783: Clean accuracy 0.7353 | Adv accuracy: 0.7353 | Counter-attack accuracy: 0.7353
2026-02-12 11:15:18,593 - ADV_Generation_eps_0.0_steps_100_Added_Noise_uniform_Eps_8.0_Tau_Type_normal_anchors_num_anchors_10 - INFO - Batch 239/3783: Clean accuracy 0.7364 | Adv accuracy: 0.7364 | Counter-attack accuracy: 0.7364
2026-02-12 11:15:18,913 - ADV_Generation_eps_0.0_steps_100_Added_Noise_uniform_Eps_8.0_Tau_Type_normal_anchors_num_anchors_10 - INFO - Batch 240/3783: Clean accuracy 0.7375 | Adv accuracy: 0.7375 | Counter-attack accuracy: 0.7375
2026-02-12 11:15:19,234 - ADV_Generation_eps_0.0_steps_100_Added_Noise_uniform_Eps_8.0_Tau_Type_normal_anchors_num_anchors_10 - INFO - Batch 241/3783: Clean accuracy 0.7386 | Adv accuracy: 0.7386 | Counter-attack accuracy: 0.7386
2026-02-12 11:15:19,554 - ADV_Generation_eps_0.0_steps_100_Added_Noise_uniform_Eps_8.0_Tau_Type_normal_anchors_num_anchors_10 - INFO - Batch 242/3783: Clean accuracy 0.7397 | Adv accuracy: 0.7397 | Counter-attack accuracy: 0.7397
2026-02-12 11:15:19,875 - ADV_Generation_eps_0.0_steps_100_Added_Noise_uniform_Eps_8.0_Tau_Type_normal_anchors_num_anchors_10 - INFO - Batch 243/3783: Clean accuracy 0.7407 | Adv accuracy: 0.7407 | Counter-attack accuracy: 0.7407
2026-02-12 11:15:20,195 - ADV_Generation_eps_0.0_steps_100_Added_Noise_uniform_Eps_8.0_Tau_Type_normal_anchors_num_anchors_10 - INFO - Batch 244/3783: Clean accuracy 0.7418 | Adv accuracy: 0.7418 | Counter-attack accuracy: 0.7418
2026-02-12 11:15:20,516 - ADV_Generation_eps_0.0_steps_100_Added_Noise_uniform_Eps_8.0_Tau_Type_normal_anchors_num_anchors_10 - INFO - Batch 245/3783: Clean accuracy 0.7429 | Adv accuracy: 0.7429 | Counter-attack accuracy: 0.7429
2026-02-12 11:15:20,837 - ADV_Generation_eps_0.0_steps_100_Added_Noise_uniform_Eps_8.0_Tau_Type_normal_anchors_num_anchors_10 - INFO - Batch 246/3783: Clean accuracy 0.7439 | Adv accuracy: 0.7439 | Counter-attack accuracy: 0.7439
2026-02-12 11:15:21,157 - ADV_Generation_eps_0.0_steps_100_Added_Noise_uniform_Eps_8.0_Tau_Type_normal_anchors_num_anchors_10 - INFO - Batch 247/3783: Clean accuracy 0.7449 | Adv accuracy: 0.7449 | Counter-attack accuracy: 0.7449
2026-02-12 11:15:21,478 - ADV_Generation_eps_0.0_steps_100_Added_Noise_uniform_Eps_8.0_Tau_Type_normal_anchors_num_anchors_10 - INFO - Batch 248/3783: Clean accuracy 0.7460 | Adv accuracy: 0.7460 | Counter-attack accuracy: 0.7460
2026-02-12 11:15:21,798 - ADV_Generation_eps_0.0_steps_100_Added_Noise_uniform_Eps_8.0_Tau_Type_normal_anchors_num_anchors_10 - INFO - Batch 249/3783: Clean accuracy 0.7470 | Adv accuracy: 0.7470 | Counter-attack accuracy: 0.7470
2026-02-12 11:15:22,119 - ADV_Generation_eps_0.0_steps_100_Added_Noise_uniform_Eps_8.0_Tau_Type_normal_anchors_num_anchors_10 - INFO - Batch 250/3783: Clean accuracy 0.7480 | Adv accuracy: 0.7480 | Counter-attack accuracy: 0.7480
2026-02-12 11:15:22,439 - ADV_Generation_eps_0.0_steps_100_Added_Noise_uniform_Eps_8.0_Tau_Type_normal_anchors_num_anchors_10 - INFO - Batch 251/3783: Clean accuracy 0.7490 | Adv accuracy: 0.7490 | Counter-attack accuracy: 0.7490
2026-02-12 11:15:22,760 - ADV_Generation_eps_0.0_steps_100_Added_Noise_uniform_Eps_8.0_Tau_Type_normal_anchors_num_anchors_10 - INFO - Batch 252/3783: Clean accuracy 0.7500 | Adv accuracy: 0.7500 | Counter-attack accuracy: 0.7500
2026-02-12 11:15:23,081 - ADV_Generation_eps_0.0_steps_100_Added_Noise_uniform_Eps_8.0_Tau_Type_normal_anchors_num_anchors_10 - INFO - Batch 253/3783: Clean accuracy 0.7510 | Adv accuracy: 0.7510 | Counter-attack accuracy: 0.7510
2026-02-12 11:15:23,401 - ADV_Generation_eps_0.0_steps_100_Added_Noise_uniform_Eps_8.0_Tau_Type_normal_anchors_num_anchors_10 - INFO - Batch 254/3783: Clean accuracy 0.7520 | Adv accuracy: 0.7520 | Counter-attack accuracy: 0.7520
2026-02-12 11:15:23,722 - ADV_Generation_eps_0.0_steps_100_Added_Noise_uniform_Eps_8.0_Tau_Type_normal_anchors_num_anchors_10 - INFO - Batch 255/3783: Clean accuracy 0.7529 | Adv accuracy: 0.7529 | Counter-attack accuracy: 0.7529
2026-02-12 11:15:24,042 - ADV_Generation_eps_0.0_steps_100_Added_Noise_uniform_Eps_8.0_Tau_Type_normal_anchors_num_anchors_10 - INFO - Batch 256/3783: Clean accuracy 0.7539 | Adv accuracy: 0.7539 | Counter-attack accuracy: 0.7539
2026-02-12 11:15:24,363 - ADV_Generation_eps_0.0_steps_100_Added_Noise_uniform_Eps_8.0_Tau_Type_normal_anchors_num_anchors_10 - INFO - Batch 257/3783: Clean accuracy 0.7549 | Adv accuracy: 0.7549 | Counter-attack accuracy: 0.7549
2026-02-12 11:15:24,684 - ADV_Generation_eps_0.0_steps_100_Added_Noise_uniform_Eps_8.0_Tau_Type_normal_anchors_num_anchors_10 - INFO - Batch 258/3783: Clean accuracy 0.7558 | Adv accuracy: 0.7558 | Counter-attack accuracy: 0.7558
2026-02-12 11:15:25,004 - ADV_Generation_eps_0.0_steps_100_Added_Noise_uniform_Eps_8.0_Tau_Type_normal_anchors_num_anchors_10 - INFO - Batch 259/3783: Clean accuracy 0.7568 | Adv accuracy: 0.7568 | Counter-attack accuracy: 0.7568
2026-02-12 11:15:25,325 - ADV_Generation_eps_0.0_steps_100_Added_Noise_uniform_Eps_8.0_Tau_Type_normal_anchors_num_anchors_10 - INFO - Batch 260/3783: Clean accuracy 0.7577 | Adv accuracy: 0.7577 | Counter-attack accuracy: 0.7577
2026-02-12 11:15:25,645 - ADV_Generation_eps_0.0_steps_100_Added_Noise_uniform_Eps_8.0_Tau_Type_normal_anchors_num_anchors_10 - INFO - Batch 261/3783: Clean accuracy 0.7586 | Adv accuracy: 0.7586 | Counter-attack accuracy: 0.7586
2026-02-12 11:15:25,966 - ADV_Generation_eps_0.0_steps_100_Added_Noise_uniform_Eps_8.0_Tau_Type_normal_anchors_num_anchors_10 - INFO - Batch 262/3783: Clean accuracy 0.7595 | Adv accuracy: 0.7595 | Counter-attack accuracy: 0.7595
2026-02-12 11:15:26,286 - ADV_Generation_eps_0.0_steps_100_Added_Noise_uniform_Eps_8.0_Tau_Type_normal_anchors_num_anchors_10 - INFO - Batch 263/3783: Clean accuracy 0.7605 | Adv accuracy: 0.7605 | Counter-attack accuracy: 0.7605
2026-02-12 11:15:26,607 - ADV_Generation_eps_0.0_steps_100_Added_Noise_uniform_Eps_8.0_Tau_Type_normal_anchors_num_anchors_10 - INFO - Batch 264/3783: Clean accuracy 0.7614 | Adv accuracy: 0.7614 | Counter-attack accuracy: 0.7614
2026-02-12 11:15:26,927 - ADV_Generation_eps_0.0_steps_100_Added_Noise_uniform_Eps_8.0_Tau_Type_normal_anchors_num_anchors_10 - INFO - Batch 265/3783: Clean accuracy 0.7623 | Adv accuracy: 0.7623 | Counter-attack accuracy: 0.7623
2026-02-12 11:15:27,248 - ADV_Generation_eps_0.0_steps_100_Added_Noise_uniform_Eps_8.0_Tau_Type_normal_anchors_num_anchors_10 - INFO - Batch 266/3783: Clean accuracy 0.7632 | Adv accuracy: 0.7632 | Counter-attack accuracy: 0.7632
2026-02-12 11:15:27,568 - ADV_Generation_eps_0.0_steps_100_Added_Noise_uniform_Eps_8.0_Tau_Type_normal_anchors_num_anchors_10 - INFO - Batch 267/3783: Clean accuracy 0.7640 | Adv accuracy: 0.7640 | Counter-attack accuracy: 0.7640
2026-02-12 11:15:27,889 - ADV_Generation_eps_0.0_steps_100_Added_Noise_uniform_Eps_8.0_Tau_Type_normal_anchors_num_anchors_10 - INFO - Batch 268/3783: Clean accuracy 0.7649 | Adv accuracy: 0.7649 | Counter-attack accuracy: 0.7649
2026-02-12 11:15:28,210 - ADV_Generation_eps_0.0_steps_100_Added_Noise_uniform_Eps_8.0_Tau_Type_normal_anchors_num_anchors_10 - INFO - Batch 269/3783: Clean accuracy 0.7658 | Adv accuracy: 0.7658 | Counter-attack accuracy: 0.7658
2026-02-12 11:15:28,530 - ADV_Generation_eps_0.0_steps_100_Added_Noise_uniform_Eps_8.0_Tau_Type_normal_anchors_num_anchors_10 - INFO - Batch 270/3783: Clean accuracy 0.7630 | Adv accuracy: 0.7630 | Counter-attack accuracy: 0.7630
2026-02-12 11:15:28,851 - ADV_Generation_eps_0.0_steps_100_Added_Noise_uniform_Eps_8.0_Tau_Type_normal_anchors_num_anchors_10 - INFO - Batch 271/3783: Clean accuracy 0.7601 | Adv accuracy: 0.7601 | Counter-attack accuracy: 0.7601
2026-02-12 11:15:29,171 - ADV_Generation_eps_0.0_steps_100_Added_Noise_uniform_Eps_8.0_Tau_Type_normal_anchors_num_anchors_10 - INFO - Batch 272/3783: Clean accuracy 0.7574 | Adv accuracy: 0.7574 | Counter-attack accuracy: 0.7574
2026-02-12 11:15:29,492 - ADV_Generation_eps_0.0_steps_100_Added_Noise_uniform_Eps_8.0_Tau_Type_normal_anchors_num_anchors_10 - INFO - Batch 273/3783: Clean accuracy 0.7546 | Adv accuracy: 0.7546 | Counter-attack accuracy: 0.7546
2026-02-12 11:15:29,812 - ADV_Generation_eps_0.0_steps_100_Added_Noise_uniform_Eps_8.0_Tau_Type_normal_anchors_num_anchors_10 - INFO - Batch 274/3783: Clean accuracy 0.7518 | Adv accuracy: 0.7518 | Counter-attack accuracy: 0.7518
2026-02-12 11:15:30,133 - ADV_Generation_eps_0.0_steps_100_Added_Noise_uniform_Eps_8.0_Tau_Type_normal_anchors_num_anchors_10 - INFO - Batch 275/3783: Clean accuracy 0.7491 | Adv accuracy: 0.7491 | Counter-attack accuracy: 0.7491
2026-02-12 11:15:30,453 - ADV_Generation_eps_0.0_steps_100_Added_Noise_uniform_Eps_8.0_Tau_Type_normal_anchors_num_anchors_10 - INFO - Batch 276/3783: Clean accuracy 0.7464 | Adv accuracy: 0.7464 | Counter-attack accuracy: 0.7464
2026-02-12 11:15:30,774 - ADV_Generation_eps_0.0_steps_100_Added_Noise_uniform_Eps_8.0_Tau_Type_normal_anchors_num_anchors_10 - INFO - Batch 277/3783: Clean accuracy 0.7437 | Adv accuracy: 0.7437 | Counter-attack accuracy: 0.7437
2026-02-12 11:15:31,094 - ADV_Generation_eps_0.0_steps_100_Added_Noise_uniform_Eps_8.0_Tau_Type_normal_anchors_num_anchors_10 - INFO - Batch 278/3783: Clean accuracy 0.7410 | Adv accuracy: 0.7410 | Counter-attack accuracy: 0.7410
2026-02-12 11:15:31,415 - ADV_Generation_eps_0.0_steps_100_Added_Noise_uniform_Eps_8.0_Tau_Type_normal_anchors_num_anchors_10 - INFO - Batch 279/3783: Clean accuracy 0.7384 | Adv accuracy: 0.7384 | Counter-attack accuracy: 0.7384
2026-02-12 11:15:31,735 - ADV_Generation_eps_0.0_steps_100_Added_Noise_uniform_Eps_8.0_Tau_Type_normal_anchors_num_anchors_10 - INFO - Batch 280/3783: Clean accuracy 0.7357 | Adv accuracy: 0.7357 | Counter-attack accuracy: 0.7357
2026-02-12 11:15:32,056 - ADV_Generation_eps_0.0_steps_100_Added_Noise_uniform_Eps_8.0_Tau_Type_normal_anchors_num_anchors_10 - INFO - Batch 281/3783: Clean accuracy 0.7331 | Adv accuracy: 0.7331 | Counter-attack accuracy: 0.7331
2026-02-12 11:15:32,376 - ADV_Generation_eps_0.0_steps_100_Added_Noise_uniform_Eps_8.0_Tau_Type_normal_anchors_num_anchors_10 - INFO - Batch 282/3783: Clean accuracy 0.7305 | Adv accuracy: 0.7305 | Counter-attack accuracy: 0.7305
2026-02-12 11:15:32,697 - ADV_Generation_eps_0.0_steps_100_Added_Noise_uniform_Eps_8.0_Tau_Type_normal_anchors_num_anchors_10 - INFO - Batch 283/3783: Clean accuracy 0.7279 | Adv accuracy: 0.7279 | Counter-attack accuracy: 0.7279
2026-02-12 11:15:33,018 - ADV_Generation_eps_0.0_steps_100_Added_Noise_uniform_Eps_8.0_Tau_Type_normal_anchors_num_anchors_10 - INFO - Batch 284/3783: Clean accuracy 0.7254 | Adv accuracy: 0.7254 | Counter-attack accuracy: 0.7254
2026-02-12 11:15:33,338 - ADV_Generation_eps_0.0_steps_100_Added_Noise_uniform_Eps_8.0_Tau_Type_normal_anchors_num_anchors_10 - INFO - Batch 285/3783: Clean accuracy 0.7228 | Adv accuracy: 0.7228 | Counter-attack accuracy: 0.7228
2026-02-12 11:15:33,659 - ADV_Generation_eps_0.0_steps_100_Added_Noise_uniform_Eps_8.0_Tau_Type_normal_anchors_num_anchors_10 - INFO - Batch 286/3783: Clean accuracy 0.7203 | Adv accuracy: 0.7203 | Counter-attack accuracy: 0.7203
2026-02-12 11:15:33,979 - ADV_Generation_eps_0.0_steps_100_Added_Noise_uniform_Eps_8.0_Tau_Type_normal_anchors_num_anchors_10 - INFO - Batch 287/3783: Clean accuracy 0.7178 | Adv accuracy: 0.7178 | Counter-attack accuracy: 0.7178
2026-02-12 11:15:34,300 - ADV_Generation_eps_0.0_steps_100_Added_Noise_uniform_Eps_8.0_Tau_Type_normal_anchors_num_anchors_10 - INFO - Batch 288/3783: Clean accuracy 0.7188 | Adv accuracy: 0.7188 | Counter-attack accuracy: 0.7188
2026-02-12 11:15:34,620 - ADV_Generation_eps_0.0_steps_100_Added_Noise_uniform_Eps_8.0_Tau_Type_normal_anchors_num_anchors_10 - INFO - Batch 289/3783: Clean accuracy 0.7163 | Adv accuracy: 0.7163 | Counter-attack accuracy: 0.7163
2026-02-12 11:15:34,941 - ADV_Generation_eps_0.0_steps_100_Added_Noise_uniform_Eps_8.0_Tau_Type_normal_anchors_num_anchors_10 - INFO - Batch 290/3783: Clean accuracy 0.7172 | Adv accuracy: 0.7172 | Counter-attack accuracy: 0.7172
