2025-07-10 19:57:53,730 - ADV_Generation_eps_4.0_steps_100_Purification_type_noisy_anchor_anchors_10_alpha_1.2_sigma_0.06_threshold_0.0 - INFO - ==========================================
data:/leonardo_work/EUHPC_R04_192/fmohamma/Adversarial_Robust_Clip/atpt_data/downstream_datasets
test_sets:DTD
dataset_mode:test
arch:vit_l_14_datacomp_1b
resolution:224
workers:4
no_pin_memory:False
batch_size:64
adv_bs:16
print_freq:20
gpu:0
no_cudnn_benchmark:False
n_ctx:4
ctx_init:a_photo_of_a
seed:0
output_dir:/leonardo_work/EUHPC_R04_192/fmohamma/Adversarial_Robust_Clip/atpt_data/vit_l_14_datacomp_1b/DTD
log_output_dir:/leonardo_work/EUHPC_R04_192/fmohamma/Adversarial_Robust_Clip/ATPT/Purify_Results/vit_l_14_datacomp_1b/DTD
eps:4.0
alpha:1.0
alpha_eps_ratio:4.0
steps:100
counter_attack:False
counter_attack_type:pgd
counter_attack_steps:2
counter_attack_eps:4.0
counter_attack_alpha:1.0
counter_attack_tau_thres:0.2
counter_attack_beta:2.0
counter_attack_weighted_perturbations:True
pgd_clip_pure_i_text_embeddings:null
pgd_counter_and_clipure_i_lamda:1.0
image_feature_purify:True
image_feature_purify_type:noisy_anchor
image_feature_purify_noisy_anchors:10
image_feature_purify_anchors_alpha:1.2
image_feature_purify_noisy_sigma:0.06
image_feature_purify_diff_threshold:0.0
lr:0.005
selection_p:0.1
tta_steps:1
top_k:20
softmax_temp:0.01
load_tecoa:

2025-07-10 19:57:53,731 - ADV_Generation_eps_4.0_steps_100_Purification_type_noisy_anchor_anchors_10_alpha_1.2_sigma_0.06_threshold_0.0 - INFO - Use GPU: 0 for training
2025-07-10 19:59:28,175 - ADV_Generation_eps_4.0_steps_100_Purification_type_noisy_anchor_anchors_10_alpha_1.2_sigma_0.06_threshold_0.0 - INFO - => Model created: visual backbone vit_l_14_datacomp_1b
2025-07-10 19:59:28,180 - ADV_Generation_eps_4.0_steps_100_Purification_type_noisy_anchor_anchors_10_alpha_1.2_sigma_0.06_threshold_0.0 - INFO - Number of test samples: 1692
2025-07-10 19:59:28,180 - ADV_Generation_eps_4.0_steps_100_Purification_type_noisy_anchor_anchors_10_alpha_1.2_sigma_0.06_threshold_0.0 - INFO - Evaluating dataset: DTD
2025-07-10 19:59:28,181 - ADV_Generation_eps_4.0_steps_100_Purification_type_noisy_anchor_anchors_10_alpha_1.2_sigma_0.06_threshold_0.0 - INFO - Starting evaluation with batch size: 64, selection percentage: 0.1
2025-07-10 19:59:28,182 - ADV_Generation_eps_4.0_steps_100_Purification_type_noisy_anchor_anchors_10_alpha_1.2_sigma_0.06_threshold_0.0 - INFO - Using PGD attack with epsilon: 0.015686, alpha: 0.003922, steps: 100
2025-07-10 19:59:28,183 - ADV_Generation_eps_4.0_steps_100_Purification_type_noisy_anchor_anchors_10_alpha_1.2_sigma_0.06_threshold_0.0 - INFO - Using directory for adversarial images: /leonardo_work/EUHPC_R04_192/fmohamma/Adversarial_Robust_Clip/atpt_data/vit_l_14_datacomp_1b/DTD/adv_images_eps_4.0_alpha_1.0_steps_100
2025-07-10 19:59:28,650 - ADV_Generation_eps_4.0_steps_100_Purification_type_noisy_anchor_anchors_10_alpha_1.2_sigma_0.06_threshold_0.0 - INFO - Batch:[0] Adversarial images for this batch already exist
2025-07-10 19:59:33,351 - ADV_Generation_eps_4.0_steps_100_Purification_type_noisy_anchor_anchors_10_alpha_1.2_sigma_0.06_threshold_0.0 - INFO - Batch 1/106: Clean orig accuracy 0.0000 | Clean purify accuracy 0.0000 | Adv orig accuracy: 0.0000 | Adv purify accuracy: 0.0000
2025-07-10 19:59:33,360 - ADV_Generation_eps_4.0_steps_100_Purification_type_noisy_anchor_anchors_10_alpha_1.2_sigma_0.06_threshold_0.0 - INFO - Batch:[1] Adversarial images for this batch already exist
2025-07-10 19:59:36,987 - ADV_Generation_eps_4.0_steps_100_Purification_type_noisy_anchor_anchors_10_alpha_1.2_sigma_0.06_threshold_0.0 - INFO - Batch 2/106: Clean orig accuracy 0.0000 | Clean purify accuracy 0.0000 | Adv orig accuracy: 0.0000 | Adv purify accuracy: 0.0000
2025-07-10 19:59:36,997 - ADV_Generation_eps_4.0_steps_100_Purification_type_noisy_anchor_anchors_10_alpha_1.2_sigma_0.06_threshold_0.0 - INFO - Batch:[2] Adversarial images for this batch already exist
2025-07-10 19:59:40,560 - ADV_Generation_eps_4.0_steps_100_Purification_type_noisy_anchor_anchors_10_alpha_1.2_sigma_0.06_threshold_0.0 - INFO - Batch 3/106: Clean orig accuracy 0.0417 | Clean purify accuracy 0.0000 | Adv orig accuracy: 0.0000 | Adv purify accuracy: 0.0625
2025-07-10 19:59:40,569 - ADV_Generation_eps_4.0_steps_100_Purification_type_noisy_anchor_anchors_10_alpha_1.2_sigma_0.06_threshold_0.0 - INFO - Batch:[3] Adversarial images for this batch already exist
2025-07-10 19:59:44,200 - ADV_Generation_eps_4.0_steps_100_Purification_type_noisy_anchor_anchors_10_alpha_1.2_sigma_0.06_threshold_0.0 - INFO - Batch 4/106: Clean orig accuracy 0.0469 | Clean purify accuracy 0.0000 | Adv orig accuracy: 0.0000 | Adv purify accuracy: 0.0938
2025-07-10 19:59:44,210 - ADV_Generation_eps_4.0_steps_100_Purification_type_noisy_anchor_anchors_10_alpha_1.2_sigma_0.06_threshold_0.0 - INFO - Batch:[4] Adversarial images for this batch already exist
2025-07-10 19:59:47,791 - ADV_Generation_eps_4.0_steps_100_Purification_type_noisy_anchor_anchors_10_alpha_1.2_sigma_0.06_threshold_0.0 - INFO - Batch 5/106: Clean orig accuracy 0.0625 | Clean purify accuracy 0.0125 | Adv orig accuracy: 0.0000 | Adv purify accuracy: 0.1500
2025-07-10 19:59:47,801 - ADV_Generation_eps_4.0_steps_100_Purification_type_noisy_anchor_anchors_10_alpha_1.2_sigma_0.06_threshold_0.0 - INFO - Batch:[5] Adversarial images for this batch already exist
2025-07-10 19:59:51,380 - ADV_Generation_eps_4.0_steps_100_Purification_type_noisy_anchor_anchors_10_alpha_1.2_sigma_0.06_threshold_0.0 - INFO - Batch 6/106: Clean orig accuracy 0.0833 | Clean purify accuracy 0.0521 | Adv orig accuracy: 0.0000 | Adv purify accuracy: 0.1979
2025-07-10 19:59:51,390 - ADV_Generation_eps_4.0_steps_100_Purification_type_noisy_anchor_anchors_10_alpha_1.2_sigma_0.06_threshold_0.0 - INFO - Batch:[6] Adversarial images for this batch already exist
2025-07-10 19:59:54,951 - ADV_Generation_eps_4.0_steps_100_Purification_type_noisy_anchor_anchors_10_alpha_1.2_sigma_0.06_threshold_0.0 - INFO - Batch 7/106: Clean orig accuracy 0.1429 | Clean purify accuracy 0.1161 | Adv orig accuracy: 0.0000 | Adv purify accuracy: 0.2500
2025-07-10 19:59:54,961 - ADV_Generation_eps_4.0_steps_100_Purification_type_noisy_anchor_anchors_10_alpha_1.2_sigma_0.06_threshold_0.0 - INFO - Batch:[7] Adversarial images for this batch already exist
2025-07-10 19:59:58,561 - ADV_Generation_eps_4.0_steps_100_Purification_type_noisy_anchor_anchors_10_alpha_1.2_sigma_0.06_threshold_0.0 - INFO - Batch 8/106: Clean orig accuracy 0.2422 | Clean purify accuracy 0.2109 | Adv orig accuracy: 0.0000 | Adv purify accuracy: 0.3281
2025-07-10 19:59:58,572 - ADV_Generation_eps_4.0_steps_100_Purification_type_noisy_anchor_anchors_10_alpha_1.2_sigma_0.06_threshold_0.0 - INFO - Batch:[8] Adversarial images for this batch already exist
2025-07-10 20:00:02,181 - ADV_Generation_eps_4.0_steps_100_Purification_type_noisy_anchor_anchors_10_alpha_1.2_sigma_0.06_threshold_0.0 - INFO - Batch 9/106: Clean orig accuracy 0.3264 | Clean purify accuracy 0.2917 | Adv orig accuracy: 0.0000 | Adv purify accuracy: 0.3889
2025-07-10 20:00:02,191 - ADV_Generation_eps_4.0_steps_100_Purification_type_noisy_anchor_anchors_10_alpha_1.2_sigma_0.06_threshold_0.0 - INFO - Batch:[9] Adversarial images for this batch already exist
2025-07-10 20:00:05,767 - ADV_Generation_eps_4.0_steps_100_Purification_type_noisy_anchor_anchors_10_alpha_1.2_sigma_0.06_threshold_0.0 - INFO - Batch 10/106: Clean orig accuracy 0.3625 | Clean purify accuracy 0.3125 | Adv orig accuracy: 0.0000 | Adv purify accuracy: 0.4250
2025-07-10 20:00:05,777 - ADV_Generation_eps_4.0_steps_100_Purification_type_noisy_anchor_anchors_10_alpha_1.2_sigma_0.06_threshold_0.0 - INFO - Batch:[10] Adversarial images for this batch already exist
2025-07-10 20:00:09,407 - ADV_Generation_eps_4.0_steps_100_Purification_type_noisy_anchor_anchors_10_alpha_1.2_sigma_0.06_threshold_0.0 - INFO - Batch 11/106: Clean orig accuracy 0.3580 | Clean purify accuracy 0.3125 | Adv orig accuracy: 0.0000 | Adv purify accuracy: 0.4432
2025-07-10 20:00:09,417 - ADV_Generation_eps_4.0_steps_100_Purification_type_noisy_anchor_anchors_10_alpha_1.2_sigma_0.06_threshold_0.0 - INFO - Batch:[11] Adversarial images for this batch already exist
2025-07-10 20:00:12,950 - ADV_Generation_eps_4.0_steps_100_Purification_type_noisy_anchor_anchors_10_alpha_1.2_sigma_0.06_threshold_0.0 - INFO - Batch 12/106: Clean orig accuracy 0.4062 | Clean purify accuracy 0.3646 | Adv orig accuracy: 0.0000 | Adv purify accuracy: 0.4844
2025-07-10 20:00:12,959 - ADV_Generation_eps_4.0_steps_100_Purification_type_noisy_anchor_anchors_10_alpha_1.2_sigma_0.06_threshold_0.0 - INFO - Batch:[12] Adversarial images for this batch already exist
2025-07-10 20:00:16,619 - ADV_Generation_eps_4.0_steps_100_Purification_type_noisy_anchor_anchors_10_alpha_1.2_sigma_0.06_threshold_0.0 - INFO - Batch 13/106: Clean orig accuracy 0.4519 | Clean purify accuracy 0.4135 | Adv orig accuracy: 0.0000 | Adv purify accuracy: 0.5240
2025-07-10 20:00:16,628 - ADV_Generation_eps_4.0_steps_100_Purification_type_noisy_anchor_anchors_10_alpha_1.2_sigma_0.06_threshold_0.0 - INFO - Batch:[13] Adversarial images for this batch already exist
2025-07-10 20:00:20,173 - ADV_Generation_eps_4.0_steps_100_Purification_type_noisy_anchor_anchors_10_alpha_1.2_sigma_0.06_threshold_0.0 - INFO - Batch 14/106: Clean orig accuracy 0.4866 | Clean purify accuracy 0.4509 | Adv orig accuracy: 0.0000 | Adv purify accuracy: 0.5580
2025-07-10 20:00:20,182 - ADV_Generation_eps_4.0_steps_100_Purification_type_noisy_anchor_anchors_10_alpha_1.2_sigma_0.06_threshold_0.0 - INFO - Batch:[14] Adversarial images for this batch already exist
2025-07-10 20:00:23,755 - ADV_Generation_eps_4.0_steps_100_Purification_type_noisy_anchor_anchors_10_alpha_1.2_sigma_0.06_threshold_0.0 - INFO - Batch 15/106: Clean orig accuracy 0.5125 | Clean purify accuracy 0.4792 | Adv orig accuracy: 0.0000 | Adv purify accuracy: 0.5792
2025-07-10 20:00:23,765 - ADV_Generation_eps_4.0_steps_100_Purification_type_noisy_anchor_anchors_10_alpha_1.2_sigma_0.06_threshold_0.0 - INFO - Batch:[15] Adversarial images for this batch already exist
2025-07-10 20:00:27,312 - ADV_Generation_eps_4.0_steps_100_Purification_type_noisy_anchor_anchors_10_alpha_1.2_sigma_0.06_threshold_0.0 - INFO - Batch 16/106: Clean orig accuracy 0.5273 | Clean purify accuracy 0.4805 | Adv orig accuracy: 0.0000 | Adv purify accuracy: 0.5938
2025-07-10 20:00:27,321 - ADV_Generation_eps_4.0_steps_100_Purification_type_noisy_anchor_anchors_10_alpha_1.2_sigma_0.06_threshold_0.0 - INFO - Batch:[16] Adversarial images for this batch already exist
2025-07-10 20:00:30,848 - ADV_Generation_eps_4.0_steps_100_Purification_type_noisy_anchor_anchors_10_alpha_1.2_sigma_0.06_threshold_0.0 - INFO - Batch 17/106: Clean orig accuracy 0.5368 | Clean purify accuracy 0.4963 | Adv orig accuracy: 0.0000 | Adv purify accuracy: 0.6066
2025-07-10 20:00:30,858 - ADV_Generation_eps_4.0_steps_100_Purification_type_noisy_anchor_anchors_10_alpha_1.2_sigma_0.06_threshold_0.0 - INFO - Batch:[17] Adversarial images for this batch already exist
2025-07-10 20:00:34,447 - ADV_Generation_eps_4.0_steps_100_Purification_type_noisy_anchor_anchors_10_alpha_1.2_sigma_0.06_threshold_0.0 - INFO - Batch 18/106: Clean orig accuracy 0.5590 | Clean purify accuracy 0.5069 | Adv orig accuracy: 0.0000 | Adv purify accuracy: 0.6181
2025-07-10 20:00:34,457 - ADV_Generation_eps_4.0_steps_100_Purification_type_noisy_anchor_anchors_10_alpha_1.2_sigma_0.06_threshold_0.0 - INFO - Batch:[18] Adversarial images for this batch already exist
2025-07-10 20:00:38,040 - ADV_Generation_eps_4.0_steps_100_Purification_type_noisy_anchor_anchors_10_alpha_1.2_sigma_0.06_threshold_0.0 - INFO - Batch 19/106: Clean orig accuracy 0.5592 | Clean purify accuracy 0.5263 | Adv orig accuracy: 0.0000 | Adv purify accuracy: 0.6283
2025-07-10 20:00:38,050 - ADV_Generation_eps_4.0_steps_100_Purification_type_noisy_anchor_anchors_10_alpha_1.2_sigma_0.06_threshold_0.0 - INFO - Batch:[19] Adversarial images for this batch already exist
2025-07-10 20:00:41,641 - ADV_Generation_eps_4.0_steps_100_Purification_type_noisy_anchor_anchors_10_alpha_1.2_sigma_0.06_threshold_0.0 - INFO - Batch 20/106: Clean orig accuracy 0.5687 | Clean purify accuracy 0.5281 | Adv orig accuracy: 0.0000 | Adv purify accuracy: 0.6312
2025-07-10 20:00:41,650 - ADV_Generation_eps_4.0_steps_100_Purification_type_noisy_anchor_anchors_10_alpha_1.2_sigma_0.06_threshold_0.0 - INFO - Batch:[20] Adversarial images for this batch already exist
2025-07-10 20:00:45,251 - ADV_Generation_eps_4.0_steps_100_Purification_type_noisy_anchor_anchors_10_alpha_1.2_sigma_0.06_threshold_0.0 - INFO - Batch 21/106: Clean orig accuracy 0.5804 | Clean purify accuracy 0.5327 | Adv orig accuracy: 0.0000 | Adv purify accuracy: 0.6399
2025-07-10 20:00:45,261 - ADV_Generation_eps_4.0_steps_100_Purification_type_noisy_anchor_anchors_10_alpha_1.2_sigma_0.06_threshold_0.0 - INFO - Batch:[21] Adversarial images for this batch already exist
2025-07-10 20:00:48,829 - ADV_Generation_eps_4.0_steps_100_Purification_type_noisy_anchor_anchors_10_alpha_1.2_sigma_0.06_threshold_0.0 - INFO - Batch 22/106: Clean orig accuracy 0.5966 | Clean purify accuracy 0.5483 | Adv orig accuracy: 0.0000 | Adv purify accuracy: 0.6534
2025-07-10 20:00:48,838 - ADV_Generation_eps_4.0_steps_100_Purification_type_noisy_anchor_anchors_10_alpha_1.2_sigma_0.06_threshold_0.0 - INFO - Batch:[22] Adversarial images for this batch already exist
2025-07-10 20:00:52,564 - ADV_Generation_eps_4.0_steps_100_Purification_type_noisy_anchor_anchors_10_alpha_1.2_sigma_0.06_threshold_0.0 - INFO - Batch 23/106: Clean orig accuracy 0.5924 | Clean purify accuracy 0.5489 | Adv orig accuracy: 0.0000 | Adv purify accuracy: 0.6630
2025-07-10 20:00:52,575 - ADV_Generation_eps_4.0_steps_100_Purification_type_noisy_anchor_anchors_10_alpha_1.2_sigma_0.06_threshold_0.0 - INFO - Batch:[23] Adversarial images for this batch already exist
2025-07-10 20:00:56,125 - ADV_Generation_eps_4.0_steps_100_Purification_type_noisy_anchor_anchors_10_alpha_1.2_sigma_0.06_threshold_0.0 - INFO - Batch 24/106: Clean orig accuracy 0.5729 | Clean purify accuracy 0.5391 | Adv orig accuracy: 0.0000 | Adv purify accuracy: 0.6667
2025-07-10 20:00:56,138 - ADV_Generation_eps_4.0_steps_100_Purification_type_noisy_anchor_anchors_10_alpha_1.2_sigma_0.06_threshold_0.0 - INFO - Batch:[24] Adversarial images for this batch already exist
2025-07-10 20:00:59,752 - ADV_Generation_eps_4.0_steps_100_Purification_type_noisy_anchor_anchors_10_alpha_1.2_sigma_0.06_threshold_0.0 - INFO - Batch 25/106: Clean orig accuracy 0.5625 | Clean purify accuracy 0.5325 | Adv orig accuracy: 0.0000 | Adv purify accuracy: 0.6750
2025-07-10 20:00:59,762 - ADV_Generation_eps_4.0_steps_100_Purification_type_noisy_anchor_anchors_10_alpha_1.2_sigma_0.06_threshold_0.0 - INFO - Batch:[25] Adversarial images for this batch already exist
2025-07-10 20:01:03,379 - ADV_Generation_eps_4.0_steps_100_Purification_type_noisy_anchor_anchors_10_alpha_1.2_sigma_0.06_threshold_0.0 - INFO - Batch 26/106: Clean orig accuracy 0.5721 | Clean purify accuracy 0.5409 | Adv orig accuracy: 0.0000 | Adv purify accuracy: 0.6851
2025-07-10 20:01:03,389 - ADV_Generation_eps_4.0_steps_100_Purification_type_noisy_anchor_anchors_10_alpha_1.2_sigma_0.06_threshold_0.0 - INFO - Batch:[26] Adversarial images for this batch already exist
2025-07-10 20:01:06,934 - ADV_Generation_eps_4.0_steps_100_Purification_type_noisy_anchor_anchors_10_alpha_1.2_sigma_0.06_threshold_0.0 - INFO - Batch 27/106: Clean orig accuracy 0.5856 | Clean purify accuracy 0.5509 | Adv orig accuracy: 0.0000 | Adv purify accuracy: 0.6944
2025-07-10 20:01:06,944 - ADV_Generation_eps_4.0_steps_100_Purification_type_noisy_anchor_anchors_10_alpha_1.2_sigma_0.06_threshold_0.0 - INFO - Batch:[27] Adversarial images for this batch already exist
2025-07-10 20:01:10,484 - ADV_Generation_eps_4.0_steps_100_Purification_type_noisy_anchor_anchors_10_alpha_1.2_sigma_0.06_threshold_0.0 - INFO - Batch 28/106: Clean orig accuracy 0.5759 | Clean purify accuracy 0.5402 | Adv orig accuracy: 0.0000 | Adv purify accuracy: 0.6875
2025-07-10 20:01:10,494 - ADV_Generation_eps_4.0_steps_100_Purification_type_noisy_anchor_anchors_10_alpha_1.2_sigma_0.06_threshold_0.0 - INFO - Batch:[28] Adversarial images for this batch already exist
2025-07-10 20:01:14,124 - ADV_Generation_eps_4.0_steps_100_Purification_type_noisy_anchor_anchors_10_alpha_1.2_sigma_0.06_threshold_0.0 - INFO - Batch 29/106: Clean orig accuracy 0.5711 | Clean purify accuracy 0.5431 | Adv orig accuracy: 0.0000 | Adv purify accuracy: 0.6940
2025-07-10 20:01:14,133 - ADV_Generation_eps_4.0_steps_100_Purification_type_noisy_anchor_anchors_10_alpha_1.2_sigma_0.06_threshold_0.0 - INFO - Batch:[29] Adversarial images for this batch already exist
2025-07-10 20:01:17,743 - ADV_Generation_eps_4.0_steps_100_Purification_type_noisy_anchor_anchors_10_alpha_1.2_sigma_0.06_threshold_0.0 - INFO - Batch 30/106: Clean orig accuracy 0.5750 | Clean purify accuracy 0.5479 | Adv orig accuracy: 0.0000 | Adv purify accuracy: 0.7000
2025-07-10 20:01:17,752 - ADV_Generation_eps_4.0_steps_100_Purification_type_noisy_anchor_anchors_10_alpha_1.2_sigma_0.06_threshold_0.0 - INFO - Batch:[30] Adversarial images for this batch already exist
2025-07-10 20:01:21,258 - ADV_Generation_eps_4.0_steps_100_Purification_type_noisy_anchor_anchors_10_alpha_1.2_sigma_0.06_threshold_0.0 - INFO - Batch 31/106: Clean orig accuracy 0.5766 | Clean purify accuracy 0.5464 | Adv orig accuracy: 0.0000 | Adv purify accuracy: 0.6996
2025-07-10 20:01:21,267 - ADV_Generation_eps_4.0_steps_100_Purification_type_noisy_anchor_anchors_10_alpha_1.2_sigma_0.06_threshold_0.0 - INFO - Batch:[31] Adversarial images for this batch already exist
2025-07-10 20:01:24,801 - ADV_Generation_eps_4.0_steps_100_Purification_type_noisy_anchor_anchors_10_alpha_1.2_sigma_0.06_threshold_0.0 - INFO - Batch 32/106: Clean orig accuracy 0.5645 | Clean purify accuracy 0.5352 | Adv orig accuracy: 0.0000 | Adv purify accuracy: 0.6992
2025-07-10 20:01:24,810 - ADV_Generation_eps_4.0_steps_100_Purification_type_noisy_anchor_anchors_10_alpha_1.2_sigma_0.06_threshold_0.0 - INFO - Batch:[32] Adversarial images for this batch already exist
2025-07-10 20:01:28,420 - ADV_Generation_eps_4.0_steps_100_Purification_type_noisy_anchor_anchors_10_alpha_1.2_sigma_0.06_threshold_0.0 - INFO - Batch 33/106: Clean orig accuracy 0.5568 | Clean purify accuracy 0.5303 | Adv orig accuracy: 0.0000 | Adv purify accuracy: 0.7045
2025-07-10 20:01:28,430 - ADV_Generation_eps_4.0_steps_100_Purification_type_noisy_anchor_anchors_10_alpha_1.2_sigma_0.06_threshold_0.0 - INFO - Batch:[33] Adversarial images for this batch already exist
2025-07-10 20:01:31,969 - ADV_Generation_eps_4.0_steps_100_Purification_type_noisy_anchor_anchors_10_alpha_1.2_sigma_0.06_threshold_0.0 - INFO - Batch 34/106: Clean orig accuracy 0.5588 | Clean purify accuracy 0.5276 | Adv orig accuracy: 0.0000 | Adv purify accuracy: 0.7077
2025-07-10 20:01:31,979 - ADV_Generation_eps_4.0_steps_100_Purification_type_noisy_anchor_anchors_10_alpha_1.2_sigma_0.06_threshold_0.0 - INFO - Batch:[34] Adversarial images for this batch already exist
2025-07-10 20:01:35,605 - ADV_Generation_eps_4.0_steps_100_Purification_type_noisy_anchor_anchors_10_alpha_1.2_sigma_0.06_threshold_0.0 - INFO - Batch 35/106: Clean orig accuracy 0.5625 | Clean purify accuracy 0.5250 | Adv orig accuracy: 0.0000 | Adv purify accuracy: 0.7143
2025-07-10 20:01:35,614 - ADV_Generation_eps_4.0_steps_100_Purification_type_noisy_anchor_anchors_10_alpha_1.2_sigma_0.06_threshold_0.0 - INFO - Batch:[35] Adversarial images for this batch already exist
2025-07-10 20:01:39,206 - ADV_Generation_eps_4.0_steps_100_Purification_type_noisy_anchor_anchors_10_alpha_1.2_sigma_0.06_threshold_0.0 - INFO - Batch 36/106: Clean orig accuracy 0.5642 | Clean purify accuracy 0.5208 | Adv orig accuracy: 0.0000 | Adv purify accuracy: 0.7188
2025-07-10 20:01:39,216 - ADV_Generation_eps_4.0_steps_100_Purification_type_noisy_anchor_anchors_10_alpha_1.2_sigma_0.06_threshold_0.0 - INFO - Batch:[36] Adversarial images for this batch already exist
2025-07-10 20:01:42,828 - ADV_Generation_eps_4.0_steps_100_Purification_type_noisy_anchor_anchors_10_alpha_1.2_sigma_0.06_threshold_0.0 - INFO - Batch 37/106: Clean orig accuracy 0.5625 | Clean purify accuracy 0.5186 | Adv orig accuracy: 0.0000 | Adv purify accuracy: 0.7179
2025-07-10 20:01:42,837 - ADV_Generation_eps_4.0_steps_100_Purification_type_noisy_anchor_anchors_10_alpha_1.2_sigma_0.06_threshold_0.0 - INFO - Batch:[37] Adversarial images for this batch already exist
2025-07-10 20:01:46,507 - ADV_Generation_eps_4.0_steps_100_Purification_type_noisy_anchor_anchors_10_alpha_1.2_sigma_0.06_threshold_0.0 - INFO - Batch 38/106: Clean orig accuracy 0.5609 | Clean purify accuracy 0.5181 | Adv orig accuracy: 0.0000 | Adv purify accuracy: 0.7138
2025-07-10 20:01:46,516 - ADV_Generation_eps_4.0_steps_100_Purification_type_noisy_anchor_anchors_10_alpha_1.2_sigma_0.06_threshold_0.0 - INFO - Batch:[38] Adversarial images for this batch already exist
2025-07-10 20:01:50,081 - ADV_Generation_eps_4.0_steps_100_Purification_type_noisy_anchor_anchors_10_alpha_1.2_sigma_0.06_threshold_0.0 - INFO - Batch 39/106: Clean orig accuracy 0.5593 | Clean purify accuracy 0.5128 | Adv orig accuracy: 0.0000 | Adv purify accuracy: 0.7099
2025-07-10 20:01:50,091 - ADV_Generation_eps_4.0_steps_100_Purification_type_noisy_anchor_anchors_10_alpha_1.2_sigma_0.06_threshold_0.0 - INFO - Batch:[39] Adversarial images for this batch already exist
2025-07-10 20:01:53,635 - ADV_Generation_eps_4.0_steps_100_Purification_type_noisy_anchor_anchors_10_alpha_1.2_sigma_0.06_threshold_0.0 - INFO - Batch 40/106: Clean orig accuracy 0.5625 | Clean purify accuracy 0.5109 | Adv orig accuracy: 0.0000 | Adv purify accuracy: 0.7063
2025-07-10 20:01:53,645 - ADV_Generation_eps_4.0_steps_100_Purification_type_noisy_anchor_anchors_10_alpha_1.2_sigma_0.06_threshold_0.0 - INFO - Batch:[40] Adversarial images for this batch already exist
2025-07-10 20:01:57,187 - ADV_Generation_eps_4.0_steps_100_Purification_type_noisy_anchor_anchors_10_alpha_1.2_sigma_0.06_threshold_0.0 - INFO - Batch 41/106: Clean orig accuracy 0.5610 | Clean purify accuracy 0.5046 | Adv orig accuracy: 0.0000 | Adv purify accuracy: 0.7058
2025-07-10 20:01:57,197 - ADV_Generation_eps_4.0_steps_100_Purification_type_noisy_anchor_anchors_10_alpha_1.2_sigma_0.06_threshold_0.0 - INFO - Batch:[41] Adversarial images for this batch already exist
2025-07-10 20:02:00,763 - ADV_Generation_eps_4.0_steps_100_Purification_type_noisy_anchor_anchors_10_alpha_1.2_sigma_0.06_threshold_0.0 - INFO - Batch 42/106: Clean orig accuracy 0.5580 | Clean purify accuracy 0.5015 | Adv orig accuracy: 0.0000 | Adv purify accuracy: 0.7068
2025-07-10 20:02:00,773 - ADV_Generation_eps_4.0_steps_100_Purification_type_noisy_anchor_anchors_10_alpha_1.2_sigma_0.06_threshold_0.0 - INFO - Batch:[42] Adversarial images for this batch already exist
2025-07-10 20:02:04,371 - ADV_Generation_eps_4.0_steps_100_Purification_type_noisy_anchor_anchors_10_alpha_1.2_sigma_0.06_threshold_0.0 - INFO - Batch 43/106: Clean orig accuracy 0.5567 | Clean purify accuracy 0.5000 | Adv orig accuracy: 0.0000 | Adv purify accuracy: 0.7078
2025-07-10 20:02:04,381 - ADV_Generation_eps_4.0_steps_100_Purification_type_noisy_anchor_anchors_10_alpha_1.2_sigma_0.06_threshold_0.0 - INFO - Batch:[43] Adversarial images for this batch already exist
2025-07-10 20:02:07,983 - ADV_Generation_eps_4.0_steps_100_Purification_type_noisy_anchor_anchors_10_alpha_1.2_sigma_0.06_threshold_0.0 - INFO - Batch 44/106: Clean orig accuracy 0.5625 | Clean purify accuracy 0.5028 | Adv orig accuracy: 0.0000 | Adv purify accuracy: 0.7116
2025-07-10 20:02:07,993 - ADV_Generation_eps_4.0_steps_100_Purification_type_noisy_anchor_anchors_10_alpha_1.2_sigma_0.06_threshold_0.0 - INFO - Batch:[44] Adversarial images for this batch already exist
2025-07-10 20:02:11,584 - ADV_Generation_eps_4.0_steps_100_Purification_type_noisy_anchor_anchors_10_alpha_1.2_sigma_0.06_threshold_0.0 - INFO - Batch 45/106: Clean orig accuracy 0.5667 | Clean purify accuracy 0.5097 | Adv orig accuracy: 0.0000 | Adv purify accuracy: 0.7139
2025-07-10 20:02:11,594 - ADV_Generation_eps_4.0_steps_100_Purification_type_noisy_anchor_anchors_10_alpha_1.2_sigma_0.06_threshold_0.0 - INFO - Batch:[45] Adversarial images for this batch already exist
2025-07-10 20:02:15,116 - ADV_Generation_eps_4.0_steps_100_Purification_type_noisy_anchor_anchors_10_alpha_1.2_sigma_0.06_threshold_0.0 - INFO - Batch 46/106: Clean orig accuracy 0.5747 | Clean purify accuracy 0.5190 | Adv orig accuracy: 0.0000 | Adv purify accuracy: 0.7174
2025-07-10 20:02:15,126 - ADV_Generation_eps_4.0_steps_100_Purification_type_noisy_anchor_anchors_10_alpha_1.2_sigma_0.06_threshold_0.0 - INFO - Batch:[46] Adversarial images for this batch already exist
2025-07-10 20:02:18,709 - ADV_Generation_eps_4.0_steps_100_Purification_type_noisy_anchor_anchors_10_alpha_1.2_sigma_0.06_threshold_0.0 - INFO - Batch 47/106: Clean orig accuracy 0.5838 | Clean purify accuracy 0.5293 | Adv orig accuracy: 0.0000 | Adv purify accuracy: 0.7234
2025-07-10 20:02:18,720 - ADV_Generation_eps_4.0_steps_100_Purification_type_noisy_anchor_anchors_10_alpha_1.2_sigma_0.06_threshold_0.0 - INFO - Batch:[47] Adversarial images for this batch already exist
2025-07-10 20:02:22,358 - ADV_Generation_eps_4.0_steps_100_Purification_type_noisy_anchor_anchors_10_alpha_1.2_sigma_0.06_threshold_0.0 - INFO - Batch 48/106: Clean orig accuracy 0.5898 | Clean purify accuracy 0.5352 | Adv orig accuracy: 0.0000 | Adv purify accuracy: 0.7253
2025-07-10 20:02:22,375 - ADV_Generation_eps_4.0_steps_100_Purification_type_noisy_anchor_anchors_10_alpha_1.2_sigma_0.06_threshold_0.0 - INFO - Batch:[48] Adversarial images for this batch already exist
2025-07-10 20:02:25,947 - ADV_Generation_eps_4.0_steps_100_Purification_type_noisy_anchor_anchors_10_alpha_1.2_sigma_0.06_threshold_0.0 - INFO - Batch 49/106: Clean orig accuracy 0.5957 | Clean purify accuracy 0.5395 | Adv orig accuracy: 0.0000 | Adv purify accuracy: 0.7283
2025-07-10 20:02:25,958 - ADV_Generation_eps_4.0_steps_100_Purification_type_noisy_anchor_anchors_10_alpha_1.2_sigma_0.06_threshold_0.0 - INFO - Batch:[49] Adversarial images for this batch already exist
2025-07-10 20:02:29,537 - ADV_Generation_eps_4.0_steps_100_Purification_type_noisy_anchor_anchors_10_alpha_1.2_sigma_0.06_threshold_0.0 - INFO - Batch 50/106: Clean orig accuracy 0.5887 | Clean purify accuracy 0.5325 | Adv orig accuracy: 0.0000 | Adv purify accuracy: 0.7250
2025-07-10 20:02:29,547 - ADV_Generation_eps_4.0_steps_100_Purification_type_noisy_anchor_anchors_10_alpha_1.2_sigma_0.06_threshold_0.0 - INFO - Batch:[50] Adversarial images for this batch already exist
2025-07-10 20:02:33,137 - ADV_Generation_eps_4.0_steps_100_Purification_type_noisy_anchor_anchors_10_alpha_1.2_sigma_0.06_threshold_0.0 - INFO - Batch 51/106: Clean orig accuracy 0.5858 | Clean purify accuracy 0.5294 | Adv orig accuracy: 0.0000 | Adv purify accuracy: 0.7267
2025-07-10 20:02:33,147 - ADV_Generation_eps_4.0_steps_100_Purification_type_noisy_anchor_anchors_10_alpha_1.2_sigma_0.06_threshold_0.0 - INFO - Batch:[51] Adversarial images for this batch already exist
2025-07-10 20:02:36,737 - ADV_Generation_eps_4.0_steps_100_Purification_type_noisy_anchor_anchors_10_alpha_1.2_sigma_0.06_threshold_0.0 - INFO - Batch 52/106: Clean orig accuracy 0.5817 | Clean purify accuracy 0.5240 | Adv orig accuracy: 0.0000 | Adv purify accuracy: 0.7260
2025-07-10 20:02:36,746 - ADV_Generation_eps_4.0_steps_100_Purification_type_noisy_anchor_anchors_10_alpha_1.2_sigma_0.06_threshold_0.0 - INFO - Batch:[52] Adversarial images for this batch already exist
2025-07-10 20:02:40,332 - ADV_Generation_eps_4.0_steps_100_Purification_type_noisy_anchor_anchors_10_alpha_1.2_sigma_0.06_threshold_0.0 - INFO - Batch 53/106: Clean orig accuracy 0.5861 | Clean purify accuracy 0.5200 | Adv orig accuracy: 0.0000 | Adv purify accuracy: 0.7229
2025-07-10 20:02:40,343 - ADV_Generation_eps_4.0_steps_100_Purification_type_noisy_anchor_anchors_10_alpha_1.2_sigma_0.06_threshold_0.0 - INFO - Batch:[53] Adversarial images for this batch already exist
2025-07-10 20:02:44,009 - ADV_Generation_eps_4.0_steps_100_Purification_type_noisy_anchor_anchors_10_alpha_1.2_sigma_0.06_threshold_0.0 - INFO - Batch 54/106: Clean orig accuracy 0.5914 | Clean purify accuracy 0.5185 | Adv orig accuracy: 0.0000 | Adv purify accuracy: 0.7222
2025-07-10 20:02:44,019 - ADV_Generation_eps_4.0_steps_100_Purification_type_noisy_anchor_anchors_10_alpha_1.2_sigma_0.06_threshold_0.0 - INFO - Batch:[54] Adversarial images for this batch already exist
2025-07-10 20:02:47,596 - ADV_Generation_eps_4.0_steps_100_Purification_type_noisy_anchor_anchors_10_alpha_1.2_sigma_0.06_threshold_0.0 - INFO - Batch 55/106: Clean orig accuracy 0.5818 | Clean purify accuracy 0.5091 | Adv orig accuracy: 0.0000 | Adv purify accuracy: 0.7091
2025-07-10 20:02:47,607 - ADV_Generation_eps_4.0_steps_100_Purification_type_noisy_anchor_anchors_10_alpha_1.2_sigma_0.06_threshold_0.0 - INFO - Batch:[55] Adversarial images for this batch already exist
2025-07-10 20:02:51,168 - ADV_Generation_eps_4.0_steps_100_Purification_type_noisy_anchor_anchors_10_alpha_1.2_sigma_0.06_threshold_0.0 - INFO - Batch 56/106: Clean orig accuracy 0.5714 | Clean purify accuracy 0.5000 | Adv orig accuracy: 0.0000 | Adv purify accuracy: 0.6987
2025-07-10 20:02:51,178 - ADV_Generation_eps_4.0_steps_100_Purification_type_noisy_anchor_anchors_10_alpha_1.2_sigma_0.06_threshold_0.0 - INFO - Batch:[56] Adversarial images for this batch already exist
2025-07-10 20:02:54,769 - ADV_Generation_eps_4.0_steps_100_Purification_type_noisy_anchor_anchors_10_alpha_1.2_sigma_0.06_threshold_0.0 - INFO - Batch 57/106: Clean orig accuracy 0.5647 | Clean purify accuracy 0.4945 | Adv orig accuracy: 0.0000 | Adv purify accuracy: 0.6941
2025-07-10 20:02:54,779 - ADV_Generation_eps_4.0_steps_100_Purification_type_noisy_anchor_anchors_10_alpha_1.2_sigma_0.06_threshold_0.0 - INFO - Batch:[57] Adversarial images for this batch already exist
2025-07-10 20:02:58,324 - ADV_Generation_eps_4.0_steps_100_Purification_type_noisy_anchor_anchors_10_alpha_1.2_sigma_0.06_threshold_0.0 - INFO - Batch 58/106: Clean orig accuracy 0.5593 | Clean purify accuracy 0.4903 | Adv orig accuracy: 0.0000 | Adv purify accuracy: 0.6886
2025-07-10 20:02:58,334 - ADV_Generation_eps_4.0_steps_100_Purification_type_noisy_anchor_anchors_10_alpha_1.2_sigma_0.06_threshold_0.0 - INFO - Batch:[58] Adversarial images for this batch already exist
2025-07-10 20:03:01,862 - ADV_Generation_eps_4.0_steps_100_Purification_type_noisy_anchor_anchors_10_alpha_1.2_sigma_0.06_threshold_0.0 - INFO - Batch 59/106: Clean orig accuracy 0.5593 | Clean purify accuracy 0.4936 | Adv orig accuracy: 0.0000 | Adv purify accuracy: 0.6896
2025-07-10 20:03:01,886 - ADV_Generation_eps_4.0_steps_100_Purification_type_noisy_anchor_anchors_10_alpha_1.2_sigma_0.06_threshold_0.0 - INFO - Batch:[59] Adversarial images for this batch already exist
2025-07-10 20:03:05,431 - ADV_Generation_eps_4.0_steps_100_Purification_type_noisy_anchor_anchors_10_alpha_1.2_sigma_0.06_threshold_0.0 - INFO - Batch 60/106: Clean orig accuracy 0.5667 | Clean purify accuracy 0.5021 | Adv orig accuracy: 0.0000 | Adv purify accuracy: 0.6948
2025-07-10 20:03:05,441 - ADV_Generation_eps_4.0_steps_100_Purification_type_noisy_anchor_anchors_10_alpha_1.2_sigma_0.06_threshold_0.0 - INFO - Batch:[60] Adversarial images for this batch already exist
2025-07-10 20:03:09,001 - ADV_Generation_eps_4.0_steps_100_Purification_type_noisy_anchor_anchors_10_alpha_1.2_sigma_0.06_threshold_0.0 - INFO - Batch 61/106: Clean orig accuracy 0.5738 | Clean purify accuracy 0.5092 | Adv orig accuracy: 0.0000 | Adv purify accuracy: 0.6988
2025-07-10 20:03:09,012 - ADV_Generation_eps_4.0_steps_100_Purification_type_noisy_anchor_anchors_10_alpha_1.2_sigma_0.06_threshold_0.0 - INFO - Batch:[61] Adversarial images for this batch already exist
2025-07-10 20:03:12,561 - ADV_Generation_eps_4.0_steps_100_Purification_type_noisy_anchor_anchors_10_alpha_1.2_sigma_0.06_threshold_0.0 - INFO - Batch 62/106: Clean orig accuracy 0.5806 | Clean purify accuracy 0.5151 | Adv orig accuracy: 0.0000 | Adv purify accuracy: 0.7016
2025-07-10 20:03:12,572 - ADV_Generation_eps_4.0_steps_100_Purification_type_noisy_anchor_anchors_10_alpha_1.2_sigma_0.06_threshold_0.0 - INFO - Batch:[62] Adversarial images for this batch already exist
2025-07-10 20:03:16,141 - ADV_Generation_eps_4.0_steps_100_Purification_type_noisy_anchor_anchors_10_alpha_1.2_sigma_0.06_threshold_0.0 - INFO - Batch 63/106: Clean orig accuracy 0.5873 | Clean purify accuracy 0.5218 | Adv orig accuracy: 0.0000 | Adv purify accuracy: 0.7063
2025-07-10 20:03:16,152 - ADV_Generation_eps_4.0_steps_100_Purification_type_noisy_anchor_anchors_10_alpha_1.2_sigma_0.06_threshold_0.0 - INFO - Batch:[63] Adversarial images for this batch already exist
2025-07-10 20:03:19,766 - ADV_Generation_eps_4.0_steps_100_Purification_type_noisy_anchor_anchors_10_alpha_1.2_sigma_0.06_threshold_0.0 - INFO - Batch 64/106: Clean orig accuracy 0.5811 | Clean purify accuracy 0.5166 | Adv orig accuracy: 0.0000 | Adv purify accuracy: 0.7012
2025-07-10 20:03:19,775 - ADV_Generation_eps_4.0_steps_100_Purification_type_noisy_anchor_anchors_10_alpha_1.2_sigma_0.06_threshold_0.0 - INFO - Batch:[64] Adversarial images for this batch already exist
2025-07-10 20:03:23,308 - ADV_Generation_eps_4.0_steps_100_Purification_type_noisy_anchor_anchors_10_alpha_1.2_sigma_0.06_threshold_0.0 - INFO - Batch 65/106: Clean orig accuracy 0.5760 | Clean purify accuracy 0.5106 | Adv orig accuracy: 0.0000 | Adv purify accuracy: 0.6981
2025-07-10 20:03:23,318 - ADV_Generation_eps_4.0_steps_100_Purification_type_noisy_anchor_anchors_10_alpha_1.2_sigma_0.06_threshold_0.0 - INFO - Batch:[65] Adversarial images for this batch already exist
2025-07-10 20:03:26,938 - ADV_Generation_eps_4.0_steps_100_Purification_type_noisy_anchor_anchors_10_alpha_1.2_sigma_0.06_threshold_0.0 - INFO - Batch 66/106: Clean orig accuracy 0.5786 | Clean purify accuracy 0.5114 | Adv orig accuracy: 0.0000 | Adv purify accuracy: 0.6979
2025-07-10 20:03:26,948 - ADV_Generation_eps_4.0_steps_100_Purification_type_noisy_anchor_anchors_10_alpha_1.2_sigma_0.06_threshold_0.0 - INFO - Batch:[66] Adversarial images for this batch already exist
2025-07-10 20:03:30,534 - ADV_Generation_eps_4.0_steps_100_Purification_type_noisy_anchor_anchors_10_alpha_1.2_sigma_0.06_threshold_0.0 - INFO - Batch 67/106: Clean orig accuracy 0.5840 | Clean purify accuracy 0.5159 | Adv orig accuracy: 0.0000 | Adv purify accuracy: 0.7015
2025-07-10 20:03:30,545 - ADV_Generation_eps_4.0_steps_100_Purification_type_noisy_anchor_anchors_10_alpha_1.2_sigma_0.06_threshold_0.0 - INFO - Batch:[67] Adversarial images for this batch already exist
2025-07-10 20:03:34,088 - ADV_Generation_eps_4.0_steps_100_Purification_type_noisy_anchor_anchors_10_alpha_1.2_sigma_0.06_threshold_0.0 - INFO - Batch 68/106: Clean orig accuracy 0.5882 | Clean purify accuracy 0.5202 | Adv orig accuracy: 0.0000 | Adv purify accuracy: 0.7050
2025-07-10 20:03:34,098 - ADV_Generation_eps_4.0_steps_100_Purification_type_noisy_anchor_anchors_10_alpha_1.2_sigma_0.06_threshold_0.0 - INFO - Batch:[68] Adversarial images for this batch already exist
2025-07-10 20:03:37,628 - ADV_Generation_eps_4.0_steps_100_Purification_type_noisy_anchor_anchors_10_alpha_1.2_sigma_0.06_threshold_0.0 - INFO - Batch 69/106: Clean orig accuracy 0.5924 | Clean purify accuracy 0.5245 | Adv orig accuracy: 0.0000 | Adv purify accuracy: 0.7074
2025-07-10 20:03:37,638 - ADV_Generation_eps_4.0_steps_100_Purification_type_noisy_anchor_anchors_10_alpha_1.2_sigma_0.06_threshold_0.0 - INFO - Batch:[69] Adversarial images for this batch already exist
2025-07-10 20:03:41,191 - ADV_Generation_eps_4.0_steps_100_Purification_type_noisy_anchor_anchors_10_alpha_1.2_sigma_0.06_threshold_0.0 - INFO - Batch 70/106: Clean orig accuracy 0.5964 | Clean purify accuracy 0.5295 | Adv orig accuracy: 0.0000 | Adv purify accuracy: 0.7098
2025-07-10 20:03:41,202 - ADV_Generation_eps_4.0_steps_100_Purification_type_noisy_anchor_anchors_10_alpha_1.2_sigma_0.06_threshold_0.0 - INFO - Batch:[70] Adversarial images for this batch already exist
2025-07-10 20:03:44,786 - ADV_Generation_eps_4.0_steps_100_Purification_type_noisy_anchor_anchors_10_alpha_1.2_sigma_0.06_threshold_0.0 - INFO - Batch 71/106: Clean orig accuracy 0.5977 | Clean purify accuracy 0.5308 | Adv orig accuracy: 0.0000 | Adv purify accuracy: 0.7086
2025-07-10 20:03:44,796 - ADV_Generation_eps_4.0_steps_100_Purification_type_noisy_anchor_anchors_10_alpha_1.2_sigma_0.06_threshold_0.0 - INFO - Batch:[71] Adversarial images for this batch already exist
2025-07-10 20:03:48,387 - ADV_Generation_eps_4.0_steps_100_Purification_type_noisy_anchor_anchors_10_alpha_1.2_sigma_0.06_threshold_0.0 - INFO - Batch 72/106: Clean orig accuracy 0.5981 | Clean purify accuracy 0.5295 | Adv orig accuracy: 0.0000 | Adv purify accuracy: 0.7057
2025-07-10 20:03:48,397 - ADV_Generation_eps_4.0_steps_100_Purification_type_noisy_anchor_anchors_10_alpha_1.2_sigma_0.06_threshold_0.0 - INFO - Batch:[72] Adversarial images for this batch already exist
2025-07-10 20:03:51,990 - ADV_Generation_eps_4.0_steps_100_Purification_type_noisy_anchor_anchors_10_alpha_1.2_sigma_0.06_threshold_0.0 - INFO - Batch 73/106: Clean orig accuracy 0.5959 | Clean purify accuracy 0.5265 | Adv orig accuracy: 0.0000 | Adv purify accuracy: 0.7029
2025-07-10 20:03:52,000 - ADV_Generation_eps_4.0_steps_100_Purification_type_noisy_anchor_anchors_10_alpha_1.2_sigma_0.06_threshold_0.0 - INFO - Batch:[73] Adversarial images for this batch already exist
2025-07-10 20:03:55,557 - ADV_Generation_eps_4.0_steps_100_Purification_type_noisy_anchor_anchors_10_alpha_1.2_sigma_0.06_threshold_0.0 - INFO - Batch 74/106: Clean orig accuracy 0.5946 | Clean purify accuracy 0.5236 | Adv orig accuracy: 0.0000 | Adv purify accuracy: 0.7027
2025-07-10 20:03:55,567 - ADV_Generation_eps_4.0_steps_100_Purification_type_noisy_anchor_anchors_10_alpha_1.2_sigma_0.06_threshold_0.0 - INFO - Batch:[74] Adversarial images for this batch already exist
2025-07-10 20:03:59,224 - ADV_Generation_eps_4.0_steps_100_Purification_type_noisy_anchor_anchors_10_alpha_1.2_sigma_0.06_threshold_0.0 - INFO - Batch 75/106: Clean orig accuracy 0.5967 | Clean purify accuracy 0.5242 | Adv orig accuracy: 0.0000 | Adv purify accuracy: 0.7042
2025-07-10 20:03:59,234 - ADV_Generation_eps_4.0_steps_100_Purification_type_noisy_anchor_anchors_10_alpha_1.2_sigma_0.06_threshold_0.0 - INFO - Batch:[75] Adversarial images for this batch already exist
2025-07-10 20:04:02,869 - ADV_Generation_eps_4.0_steps_100_Purification_type_noisy_anchor_anchors_10_alpha_1.2_sigma_0.06_threshold_0.0 - INFO - Batch 76/106: Clean orig accuracy 0.6003 | Clean purify accuracy 0.5255 | Adv orig accuracy: 0.0000 | Adv purify accuracy: 0.7048
2025-07-10 20:04:02,879 - ADV_Generation_eps_4.0_steps_100_Purification_type_noisy_anchor_anchors_10_alpha_1.2_sigma_0.06_threshold_0.0 - INFO - Batch:[76] Adversarial images for this batch already exist
2025-07-10 20:04:06,463 - ADV_Generation_eps_4.0_steps_100_Purification_type_noisy_anchor_anchors_10_alpha_1.2_sigma_0.06_threshold_0.0 - INFO - Batch 77/106: Clean orig accuracy 0.5998 | Clean purify accuracy 0.5260 | Adv orig accuracy: 0.0000 | Adv purify accuracy: 0.7054
2025-07-10 20:04:06,474 - ADV_Generation_eps_4.0_steps_100_Purification_type_noisy_anchor_anchors_10_alpha_1.2_sigma_0.06_threshold_0.0 - INFO - Batch:[77] Adversarial images for this batch already exist
2025-07-10 20:04:10,031 - ADV_Generation_eps_4.0_steps_100_Purification_type_noisy_anchor_anchors_10_alpha_1.2_sigma_0.06_threshold_0.0 - INFO - Batch 78/106: Clean orig accuracy 0.6026 | Clean purify accuracy 0.5272 | Adv orig accuracy: 0.0000 | Adv purify accuracy: 0.7067
2025-07-10 20:04:10,041 - ADV_Generation_eps_4.0_steps_100_Purification_type_noisy_anchor_anchors_10_alpha_1.2_sigma_0.06_threshold_0.0 - INFO - Batch:[78] Adversarial images for this batch already exist
2025-07-10 20:04:13,716 - ADV_Generation_eps_4.0_steps_100_Purification_type_noisy_anchor_anchors_10_alpha_1.2_sigma_0.06_threshold_0.0 - INFO - Batch 79/106: Clean orig accuracy 0.6044 | Clean purify accuracy 0.5277 | Adv orig accuracy: 0.0000 | Adv purify accuracy: 0.7097
2025-07-10 20:04:13,726 - ADV_Generation_eps_4.0_steps_100_Purification_type_noisy_anchor_anchors_10_alpha_1.2_sigma_0.06_threshold_0.0 - INFO - Batch:[79] Adversarial images for this batch already exist
2025-07-10 20:04:17,292 - ADV_Generation_eps_4.0_steps_100_Purification_type_noisy_anchor_anchors_10_alpha_1.2_sigma_0.06_threshold_0.0 - INFO - Batch 80/106: Clean orig accuracy 0.6047 | Clean purify accuracy 0.5297 | Adv orig accuracy: 0.0000 | Adv purify accuracy: 0.7102
2025-07-10 20:04:17,303 - ADV_Generation_eps_4.0_steps_100_Purification_type_noisy_anchor_anchors_10_alpha_1.2_sigma_0.06_threshold_0.0 - INFO - Batch:[80] Adversarial images for this batch already exist
2025-07-10 20:04:20,965 - ADV_Generation_eps_4.0_steps_100_Purification_type_noisy_anchor_anchors_10_alpha_1.2_sigma_0.06_threshold_0.0 - INFO - Batch 81/106: Clean orig accuracy 0.6049 | Clean purify accuracy 0.5309 | Adv orig accuracy: 0.0000 | Adv purify accuracy: 0.7106
2025-07-10 20:04:20,974 - ADV_Generation_eps_4.0_steps_100_Purification_type_noisy_anchor_anchors_10_alpha_1.2_sigma_0.06_threshold_0.0 - INFO - Batch:[81] Adversarial images for this batch already exist
2025-07-10 20:04:24,537 - ADV_Generation_eps_4.0_steps_100_Purification_type_noisy_anchor_anchors_10_alpha_1.2_sigma_0.06_threshold_0.0 - INFO - Batch 82/106: Clean orig accuracy 0.6037 | Clean purify accuracy 0.5305 | Adv orig accuracy: 0.0000 | Adv purify accuracy: 0.7081
2025-07-10 20:04:24,547 - ADV_Generation_eps_4.0_steps_100_Purification_type_noisy_anchor_anchors_10_alpha_1.2_sigma_0.06_threshold_0.0 - INFO - Batch:[82] Adversarial images for this batch already exist
2025-07-10 20:04:28,143 - ADV_Generation_eps_4.0_steps_100_Purification_type_noisy_anchor_anchors_10_alpha_1.2_sigma_0.06_threshold_0.0 - INFO - Batch 83/106: Clean orig accuracy 0.6009 | Clean purify accuracy 0.5271 | Adv orig accuracy: 0.0000 | Adv purify accuracy: 0.7056
2025-07-10 20:04:28,153 - ADV_Generation_eps_4.0_steps_100_Purification_type_noisy_anchor_anchors_10_alpha_1.2_sigma_0.06_threshold_0.0 - INFO - Batch:[83] Adversarial images for this batch already exist
2025-07-10 20:04:31,816 - ADV_Generation_eps_4.0_steps_100_Purification_type_noisy_anchor_anchors_10_alpha_1.2_sigma_0.06_threshold_0.0 - INFO - Batch 84/106: Clean orig accuracy 0.6027 | Clean purify accuracy 0.5268 | Adv orig accuracy: 0.0000 | Adv purify accuracy: 0.7083
2025-07-10 20:04:31,826 - ADV_Generation_eps_4.0_steps_100_Purification_type_noisy_anchor_anchors_10_alpha_1.2_sigma_0.06_threshold_0.0 - INFO - Batch:[84] Adversarial images for this batch already exist
2025-07-10 20:04:35,300 - ADV_Generation_eps_4.0_steps_100_Purification_type_noisy_anchor_anchors_10_alpha_1.2_sigma_0.06_threshold_0.0 - INFO - Batch 85/106: Clean orig accuracy 0.5993 | Clean purify accuracy 0.5250 | Adv orig accuracy: 0.0000 | Adv purify accuracy: 0.7096
2025-07-10 20:04:35,311 - ADV_Generation_eps_4.0_steps_100_Purification_type_noisy_anchor_anchors_10_alpha_1.2_sigma_0.06_threshold_0.0 - INFO - Batch:[85] Adversarial images for this batch already exist
2025-07-10 20:04:38,856 - ADV_Generation_eps_4.0_steps_100_Purification_type_noisy_anchor_anchors_10_alpha_1.2_sigma_0.06_threshold_0.0 - INFO - Batch 86/106: Clean orig accuracy 0.5988 | Clean purify accuracy 0.5254 | Adv orig accuracy: 0.0000 | Adv purify accuracy: 0.7100
2025-07-10 20:04:38,866 - ADV_Generation_eps_4.0_steps_100_Purification_type_noisy_anchor_anchors_10_alpha_1.2_sigma_0.06_threshold_0.0 - INFO - Batch:[86] Adversarial images for this batch already exist
2025-07-10 20:04:42,479 - ADV_Generation_eps_4.0_steps_100_Purification_type_noisy_anchor_anchors_10_alpha_1.2_sigma_0.06_threshold_0.0 - INFO - Batch 87/106: Clean orig accuracy 0.6027 | Clean purify accuracy 0.5302 | Adv orig accuracy: 0.0000 | Adv purify accuracy: 0.7134
2025-07-10 20:04:42,490 - ADV_Generation_eps_4.0_steps_100_Purification_type_noisy_anchor_anchors_10_alpha_1.2_sigma_0.06_threshold_0.0 - INFO - Batch:[87] Adversarial images for this batch already exist
2025-07-10 20:04:46,166 - ADV_Generation_eps_4.0_steps_100_Purification_type_noisy_anchor_anchors_10_alpha_1.2_sigma_0.06_threshold_0.0 - INFO - Batch 88/106: Clean orig accuracy 0.6030 | Clean purify accuracy 0.5327 | Adv orig accuracy: 0.0000 | Adv purify accuracy: 0.7152
2025-07-10 20:04:46,175 - ADV_Generation_eps_4.0_steps_100_Purification_type_noisy_anchor_anchors_10_alpha_1.2_sigma_0.06_threshold_0.0 - INFO - Batch:[88] Adversarial images for this batch already exist
2025-07-10 20:04:49,791 - ADV_Generation_eps_4.0_steps_100_Purification_type_noisy_anchor_anchors_10_alpha_1.2_sigma_0.06_threshold_0.0 - INFO - Batch 89/106: Clean orig accuracy 0.6060 | Clean purify accuracy 0.5344 | Adv orig accuracy: 0.0000 | Adv purify accuracy: 0.7163
2025-07-10 20:04:49,801 - ADV_Generation_eps_4.0_steps_100_Purification_type_noisy_anchor_anchors_10_alpha_1.2_sigma_0.06_threshold_0.0 - INFO - Batch:[89] Adversarial images for this batch already exist
2025-07-10 20:04:53,432 - ADV_Generation_eps_4.0_steps_100_Purification_type_noisy_anchor_anchors_10_alpha_1.2_sigma_0.06_threshold_0.0 - INFO - Batch 90/106: Clean orig accuracy 0.6104 | Clean purify accuracy 0.5396 | Adv orig accuracy: 0.0000 | Adv purify accuracy: 0.7194
2025-07-10 20:04:53,442 - ADV_Generation_eps_4.0_steps_100_Purification_type_noisy_anchor_anchors_10_alpha_1.2_sigma_0.06_threshold_0.0 - INFO - Batch:[90] Adversarial images for this batch already exist
2025-07-10 20:04:57,022 - ADV_Generation_eps_4.0_steps_100_Purification_type_noisy_anchor_anchors_10_alpha_1.2_sigma_0.06_threshold_0.0 - INFO - Batch 91/106: Clean orig accuracy 0.6140 | Clean purify accuracy 0.5419 | Adv orig accuracy: 0.0000 | Adv purify accuracy: 0.7205
2025-07-10 20:04:57,033 - ADV_Generation_eps_4.0_steps_100_Purification_type_noisy_anchor_anchors_10_alpha_1.2_sigma_0.06_threshold_0.0 - INFO - Batch:[91] Adversarial images for this batch already exist
2025-07-10 20:05:00,626 - ADV_Generation_eps_4.0_steps_100_Purification_type_noisy_anchor_anchors_10_alpha_1.2_sigma_0.06_threshold_0.0 - INFO - Batch 92/106: Clean orig accuracy 0.6162 | Clean purify accuracy 0.5435 | Adv orig accuracy: 0.0000 | Adv purify accuracy: 0.7235
2025-07-10 20:05:00,637 - ADV_Generation_eps_4.0_steps_100_Purification_type_noisy_anchor_anchors_10_alpha_1.2_sigma_0.06_threshold_0.0 - INFO - Batch:[92] Adversarial images for this batch already exist
2025-07-10 20:05:04,275 - ADV_Generation_eps_4.0_steps_100_Purification_type_noisy_anchor_anchors_10_alpha_1.2_sigma_0.06_threshold_0.0 - INFO - Batch 93/106: Clean orig accuracy 0.6176 | Clean purify accuracy 0.5444 | Adv orig accuracy: 0.0000 | Adv purify accuracy: 0.7245
2025-07-10 20:05:04,286 - ADV_Generation_eps_4.0_steps_100_Purification_type_noisy_anchor_anchors_10_alpha_1.2_sigma_0.06_threshold_0.0 - INFO - Batch:[93] Adversarial images for this batch already exist
2025-07-10 20:05:07,887 - ADV_Generation_eps_4.0_steps_100_Purification_type_noisy_anchor_anchors_10_alpha_1.2_sigma_0.06_threshold_0.0 - INFO - Batch 94/106: Clean orig accuracy 0.6197 | Clean purify accuracy 0.5459 | Adv orig accuracy: 0.0000 | Adv purify accuracy: 0.7254
2025-07-10 20:05:07,905 - ADV_Generation_eps_4.0_steps_100_Purification_type_noisy_anchor_anchors_10_alpha_1.2_sigma_0.06_threshold_0.0 - INFO - Batch:[94] Adversarial images for this batch already exist
2025-07-10 20:05:11,479 - ADV_Generation_eps_4.0_steps_100_Purification_type_noisy_anchor_anchors_10_alpha_1.2_sigma_0.06_threshold_0.0 - INFO - Batch 95/106: Clean orig accuracy 0.6197 | Clean purify accuracy 0.5467 | Adv orig accuracy: 0.0000 | Adv purify accuracy: 0.7237
2025-07-10 20:05:11,490 - ADV_Generation_eps_4.0_steps_100_Purification_type_noisy_anchor_anchors_10_alpha_1.2_sigma_0.06_threshold_0.0 - INFO - Batch:[95] Adversarial images for this batch already exist
2025-07-10 20:05:15,056 - ADV_Generation_eps_4.0_steps_100_Purification_type_noisy_anchor_anchors_10_alpha_1.2_sigma_0.06_threshold_0.0 - INFO - Batch 96/106: Clean orig accuracy 0.6159 | Clean purify accuracy 0.5436 | Adv orig accuracy: 0.0000 | Adv purify accuracy: 0.7214
2025-07-10 20:05:15,087 - ADV_Generation_eps_4.0_steps_100_Purification_type_noisy_anchor_anchors_10_alpha_1.2_sigma_0.06_threshold_0.0 - INFO - Batch:[96] Adversarial images for this batch already exist
2025-07-10 20:05:18,661 - ADV_Generation_eps_4.0_steps_100_Purification_type_noisy_anchor_anchors_10_alpha_1.2_sigma_0.06_threshold_0.0 - INFO - Batch 97/106: Clean orig accuracy 0.6147 | Clean purify accuracy 0.5419 | Adv orig accuracy: 0.0000 | Adv purify accuracy: 0.7210
2025-07-10 20:05:18,672 - ADV_Generation_eps_4.0_steps_100_Purification_type_noisy_anchor_anchors_10_alpha_1.2_sigma_0.06_threshold_0.0 - INFO - Batch:[97] Adversarial images for this batch already exist
2025-07-10 20:05:22,253 - ADV_Generation_eps_4.0_steps_100_Purification_type_noisy_anchor_anchors_10_alpha_1.2_sigma_0.06_threshold_0.0 - INFO - Batch 98/106: Clean orig accuracy 0.6167 | Clean purify accuracy 0.5434 | Adv orig accuracy: 0.0000 | Adv purify accuracy: 0.7219
2025-07-10 20:05:22,264 - ADV_Generation_eps_4.0_steps_100_Purification_type_noisy_anchor_anchors_10_alpha_1.2_sigma_0.06_threshold_0.0 - INFO - Batch:[98] Adversarial images for this batch already exist
2025-07-10 20:05:25,800 - ADV_Generation_eps_4.0_steps_100_Purification_type_noisy_anchor_anchors_10_alpha_1.2_sigma_0.06_threshold_0.0 - INFO - Batch 99/106: Clean orig accuracy 0.6181 | Clean purify accuracy 0.5442 | Adv orig accuracy: 0.0000 | Adv purify accuracy: 0.7216
2025-07-10 20:05:25,810 - ADV_Generation_eps_4.0_steps_100_Purification_type_noisy_anchor_anchors_10_alpha_1.2_sigma_0.06_threshold_0.0 - INFO - Batch:[99] Adversarial images for this batch already exist
2025-07-10 20:05:29,400 - ADV_Generation_eps_4.0_steps_100_Purification_type_noisy_anchor_anchors_10_alpha_1.2_sigma_0.06_threshold_0.0 - INFO - Batch 100/106: Clean orig accuracy 0.6212 | Clean purify accuracy 0.5469 | Adv orig accuracy: 0.0000 | Adv purify accuracy: 0.7238
2025-07-10 20:05:29,409 - ADV_Generation_eps_4.0_steps_100_Purification_type_noisy_anchor_anchors_10_alpha_1.2_sigma_0.06_threshold_0.0 - INFO - Batch:[100] Adversarial images for this batch already exist
2025-07-10 20:05:32,955 - ADV_Generation_eps_4.0_steps_100_Purification_type_noisy_anchor_anchors_10_alpha_1.2_sigma_0.06_threshold_0.0 - INFO - Batch 101/106: Clean orig accuracy 0.6238 | Clean purify accuracy 0.5483 | Adv orig accuracy: 0.0000 | Adv purify accuracy: 0.7259
2025-07-10 20:05:32,967 - ADV_Generation_eps_4.0_steps_100_Purification_type_noisy_anchor_anchors_10_alpha_1.2_sigma_0.06_threshold_0.0 - INFO - Batch:[101] Adversarial images for this batch already exist
2025-07-10 20:05:36,519 - ADV_Generation_eps_4.0_steps_100_Purification_type_noisy_anchor_anchors_10_alpha_1.2_sigma_0.06_threshold_0.0 - INFO - Batch 102/106: Clean orig accuracy 0.6225 | Clean purify accuracy 0.5453 | Adv orig accuracy: 0.0000 | Adv purify accuracy: 0.7255
2025-07-10 20:05:36,529 - ADV_Generation_eps_4.0_steps_100_Purification_type_noisy_anchor_anchors_10_alpha_1.2_sigma_0.06_threshold_0.0 - INFO - Batch:[102] Adversarial images for this batch already exist
2025-07-10 20:05:40,098 - ADV_Generation_eps_4.0_steps_100_Purification_type_noisy_anchor_anchors_10_alpha_1.2_sigma_0.06_threshold_0.0 - INFO - Batch 103/106: Clean orig accuracy 0.6220 | Clean purify accuracy 0.5425 | Adv orig accuracy: 0.0000 | Adv purify accuracy: 0.7245
2025-07-10 20:05:40,109 - ADV_Generation_eps_4.0_steps_100_Purification_type_noisy_anchor_anchors_10_alpha_1.2_sigma_0.06_threshold_0.0 - INFO - Batch:[103] Adversarial images for this batch already exist
2025-07-10 20:05:43,710 - ADV_Generation_eps_4.0_steps_100_Purification_type_noisy_anchor_anchors_10_alpha_1.2_sigma_0.06_threshold_0.0 - INFO - Batch 104/106: Clean orig accuracy 0.6232 | Clean purify accuracy 0.5415 | Adv orig accuracy: 0.0000 | Adv purify accuracy: 0.7260
2025-07-10 20:05:43,720 - ADV_Generation_eps_4.0_steps_100_Purification_type_noisy_anchor_anchors_10_alpha_1.2_sigma_0.06_threshold_0.0 - INFO - Batch:[104] Adversarial images for this batch already exist
2025-07-10 20:05:47,423 - ADV_Generation_eps_4.0_steps_100_Purification_type_noisy_anchor_anchors_10_alpha_1.2_sigma_0.06_threshold_0.0 - INFO - Batch 105/106: Clean orig accuracy 0.6262 | Clean purify accuracy 0.5452 | Adv orig accuracy: 0.0000 | Adv purify accuracy: 0.7280
2025-07-10 20:05:47,432 - ADV_Generation_eps_4.0_steps_100_Purification_type_noisy_anchor_anchors_10_alpha_1.2_sigma_0.06_threshold_0.0 - INFO - Batch:[105] Adversarial images for this batch already exist
2025-07-10 20:05:50,190 - ADV_Generation_eps_4.0_steps_100_Purification_type_noisy_anchor_anchors_10_alpha_1.2_sigma_0.06_threshold_0.0 - INFO - Batch 106/106: Clean orig accuracy 0.6288 | Clean purify accuracy 0.5485 | Adv orig accuracy: 0.0000 | Adv purify accuracy: 0.7299
2025-07-10 20:05:50,302 - ADV_Generation_eps_4.0_steps_100_Purification_type_noisy_anchor_anchors_10_alpha_1.2_sigma_0.06_threshold_0.0 - INFO - Final Clean orig accuracy: 0.6288 | Clean purify accuracy: 0.5485
2025-07-10 20:05:50,302 - ADV_Generation_eps_4.0_steps_100_Purification_type_noisy_anchor_anchors_10_alpha_1.2_sigma_0.06_threshold_0.0 - INFO - Final Adv orig accuracy: 0.0000 | Adv purify accuracy: 0.7299
2025-07-10 20:05:50,302 - ADV_Generation_eps_4.0_steps_100_Purification_type_noisy_anchor_anchors_10_alpha_1.2_sigma_0.06_threshold_0.0 - INFO - Diff_ratio_clean: 0.5126 | Diff_ratio_adv: 1.0687
2025-07-10 20:05:50,302 - ADV_Generation_eps_4.0_steps_100_Purification_type_noisy_anchor_anchors_10_alpha_1.2_sigma_0.06_threshold_0.0 - INFO - Adversarial image generation completed. Results
