2026-02-11 07:44:50,865 - ADV_Generation_eps_0.0_steps_0_Added_Noise_uniform_Eps_24.0_Tau_Type_normal_anchors_num_anchors_4 - INFO - ==========================================
data:/leonardo_work/EUHPC_R04_192/fmohamma/Adversarial_Robust_Clip/atpt_data/downstream_datasets
test_sets:Flower102
dataset_mode:test
arch:vit_l_14_datacomp_1b
resolution:224
transferability:False
source_model:fare4
workers:4
no_pin_memory:False
batch_size:1
adv_bs:1
print_freq:20
gpu:0
no_cudnn_benchmark:False
n_ctx:4
ctx_init:a_photo_of_a
seed:0
output_dir:/leonardo_work/EUHPC_R04_192/fmohamma/Adversarial_Robust_Clip/atpt_data/vit_l_14_datacomp_1b/Flower102
log_output_dir:/leonardo_work/EUHPC_R04_192/fmohamma/Adversarial_Robust_Clip/ATPT/Diffratio_ablation/vit_l_14_datacomp_1b/Flower102/ADV_Generation_eps_0.0_steps_0_Added_Noise_uniform_Eps_24.0_Tau_Type_normal_anchors_num_anchors_4
image_only_attack:False
image_only_attack_type:prm
image_predicted_label_attack:False
eps:0.0
alpha:0.0
alpha_eps_ratio:4.0
steps:0
counter_attack:True
counter_attack_type:pgd
counter_attack_steps:0
counter_attack_eps:24.0
counter_attack_alpha:1.0
counter_attack_tau_thres:0.2
counter_attack_beta:2.0
counter_attack_weighted_perturbations:True
counter_attack_init_noise:uniform
counter_attack_gaussian_sigma:0.03
counter_attack_noisy_tau_num_anchors:4
counter_attack_tau:normal_anchors
pgd_clip_pure_i_text_embeddings:null
pgd_counter_and_clipure_i_lamda:1.0
image_feature_purify:False
image_feature_purify_type:noisy_anchor
image_feature_purify_noisy_anchors:10
image_feature_purify_anchors_alpha:1.2
image_feature_purify_noisy_sigma:0.18
image_feature_purify_diff_threshold:0.0
image_feature_clipure_steps:10
image_feature_clipure_step_size:10.0
save_plots:False
lr:0.005
selection_p:0.1
tta_steps:1
top_k:20
softmax_temp:0.01
load_tecoa:

2026-02-11 07:44:50,866 - ADV_Generation_eps_0.0_steps_0_Added_Noise_uniform_Eps_24.0_Tau_Type_normal_anchors_num_anchors_4 - INFO - Use GPU: 0 for training
2026-02-11 07:45:49,209 - ADV_Generation_eps_0.0_steps_0_Added_Noise_uniform_Eps_24.0_Tau_Type_normal_anchors_num_anchors_4 - INFO - => Model created: visual backbone vit_l_14_datacomp_1b
2026-02-11 07:45:49,229 - ADV_Generation_eps_0.0_steps_0_Added_Noise_uniform_Eps_24.0_Tau_Type_normal_anchors_num_anchors_4 - INFO - Number of test samples: 2463
2026-02-11 07:45:49,230 - ADV_Generation_eps_0.0_steps_0_Added_Noise_uniform_Eps_24.0_Tau_Type_normal_anchors_num_anchors_4 - INFO - Evaluating dataset: Flower102
2026-02-11 07:45:49,231 - ADV_Generation_eps_0.0_steps_0_Added_Noise_uniform_Eps_24.0_Tau_Type_normal_anchors_num_anchors_4 - INFO - Starting evaluation with batch size: 1, selection percentage: 0.1
2026-02-11 07:45:49,231 - ADV_Generation_eps_0.0_steps_0_Added_Noise_uniform_Eps_24.0_Tau_Type_normal_anchors_num_anchors_4 - INFO - Using PGD attack with epsilon: 0.000000, alpha: 0.000000, steps: 0 image only attack False image only attack type  prm image predicted label attack False
2026-02-11 07:45:49,231 - ADV_Generation_eps_0.0_steps_0_Added_Noise_uniform_Eps_24.0_Tau_Type_normal_anchors_num_anchors_4 - INFO - Using counter-attack with epsilon: 24.000000, alpha: 1.000000, steps: 0
2026-02-11 07:45:49,231 - ADV_Generation_eps_0.0_steps_0_Added_Noise_uniform_Eps_24.0_Tau_Type_normal_anchors_num_anchors_4 - INFO - Adversarial examples will be loaded from /leonardo_work/EUHPC_R04_192/fmohamma/Adversarial_Robust_Clip/atpt_data/vit_l_14_datacomp_1b/Flower102/adv_images_eps_0.0_alpha_0.0_steps_0 and evaluated on vit_l_14_datacomp_1b
2026-02-11 07:45:49,232 - ADV_Generation_eps_0.0_steps_0_Added_Noise_uniform_Eps_24.0_Tau_Type_normal_anchors_num_anchors_4 - INFO - Using directory for adversarial images: /leonardo_work/EUHPC_R04_192/fmohamma/Adversarial_Robust_Clip/atpt_data/vit_l_14_datacomp_1b/Flower102/adv_images_eps_0.0_alpha_0.0_steps_0
2026-02-11 07:45:49,989 - ADV_Generation_eps_0.0_steps_0_Added_Noise_uniform_Eps_24.0_Tau_Type_normal_anchors_num_anchors_4 - INFO - Batch 1/2463: Clean accuracy 1.0000 | Adv accuracy: 1.0000 | Counter-attack accuracy: 1.0000
2026-02-11 07:45:50,250 - ADV_Generation_eps_0.0_steps_0_Added_Noise_uniform_Eps_24.0_Tau_Type_normal_anchors_num_anchors_4 - INFO - Batch 2/2463: Clean accuracy 1.0000 | Adv accuracy: 1.0000 | Counter-attack accuracy: 1.0000
2026-02-11 07:45:50,509 - ADV_Generation_eps_0.0_steps_0_Added_Noise_uniform_Eps_24.0_Tau_Type_normal_anchors_num_anchors_4 - INFO - Batch 3/2463: Clean accuracy 1.0000 | Adv accuracy: 1.0000 | Counter-attack accuracy: 1.0000
2026-02-11 07:45:50,768 - ADV_Generation_eps_0.0_steps_0_Added_Noise_uniform_Eps_24.0_Tau_Type_normal_anchors_num_anchors_4 - INFO - Batch 4/2463: Clean accuracy 1.0000 | Adv accuracy: 1.0000 | Counter-attack accuracy: 1.0000
2026-02-11 07:45:51,027 - ADV_Generation_eps_0.0_steps_0_Added_Noise_uniform_Eps_24.0_Tau_Type_normal_anchors_num_anchors_4 - INFO - Batch 5/2463: Clean accuracy 1.0000 | Adv accuracy: 1.0000 | Counter-attack accuracy: 1.0000
2026-02-11 07:45:51,286 - ADV_Generation_eps_0.0_steps_0_Added_Noise_uniform_Eps_24.0_Tau_Type_normal_anchors_num_anchors_4 - INFO - Batch 6/2463: Clean accuracy 1.0000 | Adv accuracy: 1.0000 | Counter-attack accuracy: 1.0000
2026-02-11 07:45:51,545 - ADV_Generation_eps_0.0_steps_0_Added_Noise_uniform_Eps_24.0_Tau_Type_normal_anchors_num_anchors_4 - INFO - Batch 7/2463: Clean accuracy 1.0000 | Adv accuracy: 1.0000 | Counter-attack accuracy: 1.0000
2026-02-11 07:45:51,804 - ADV_Generation_eps_0.0_steps_0_Added_Noise_uniform_Eps_24.0_Tau_Type_normal_anchors_num_anchors_4 - INFO - Batch 8/2463: Clean accuracy 1.0000 | Adv accuracy: 1.0000 | Counter-attack accuracy: 1.0000
2026-02-11 07:45:52,063 - ADV_Generation_eps_0.0_steps_0_Added_Noise_uniform_Eps_24.0_Tau_Type_normal_anchors_num_anchors_4 - INFO - Batch 9/2463: Clean accuracy 1.0000 | Adv accuracy: 1.0000 | Counter-attack accuracy: 1.0000
2026-02-11 07:45:52,321 - ADV_Generation_eps_0.0_steps_0_Added_Noise_uniform_Eps_24.0_Tau_Type_normal_anchors_num_anchors_4 - INFO - Batch 10/2463: Clean accuracy 1.0000 | Adv accuracy: 1.0000 | Counter-attack accuracy: 1.0000
2026-02-11 07:45:52,580 - ADV_Generation_eps_0.0_steps_0_Added_Noise_uniform_Eps_24.0_Tau_Type_normal_anchors_num_anchors_4 - INFO - Batch 11/2463: Clean accuracy 1.0000 | Adv accuracy: 1.0000 | Counter-attack accuracy: 1.0000
2026-02-11 07:45:52,839 - ADV_Generation_eps_0.0_steps_0_Added_Noise_uniform_Eps_24.0_Tau_Type_normal_anchors_num_anchors_4 - INFO - Batch 12/2463: Clean accuracy 1.0000 | Adv accuracy: 1.0000 | Counter-attack accuracy: 1.0000
2026-02-11 07:45:53,098 - ADV_Generation_eps_0.0_steps_0_Added_Noise_uniform_Eps_24.0_Tau_Type_normal_anchors_num_anchors_4 - INFO - Batch 13/2463: Clean accuracy 1.0000 | Adv accuracy: 1.0000 | Counter-attack accuracy: 1.0000
2026-02-11 07:45:53,357 - ADV_Generation_eps_0.0_steps_0_Added_Noise_uniform_Eps_24.0_Tau_Type_normal_anchors_num_anchors_4 - INFO - Batch 14/2463: Clean accuracy 1.0000 | Adv accuracy: 1.0000 | Counter-attack accuracy: 1.0000
2026-02-11 07:45:53,616 - ADV_Generation_eps_0.0_steps_0_Added_Noise_uniform_Eps_24.0_Tau_Type_normal_anchors_num_anchors_4 - INFO - Batch 15/2463: Clean accuracy 1.0000 | Adv accuracy: 1.0000 | Counter-attack accuracy: 1.0000
2026-02-11 07:45:53,881 - ADV_Generation_eps_0.0_steps_0_Added_Noise_uniform_Eps_24.0_Tau_Type_normal_anchors_num_anchors_4 - INFO - Batch 16/2463: Clean accuracy 1.0000 | Adv accuracy: 1.0000 | Counter-attack accuracy: 1.0000
2026-02-11 07:45:54,140 - ADV_Generation_eps_0.0_steps_0_Added_Noise_uniform_Eps_24.0_Tau_Type_normal_anchors_num_anchors_4 - INFO - Batch 17/2463: Clean accuracy 1.0000 | Adv accuracy: 1.0000 | Counter-attack accuracy: 1.0000
2026-02-11 07:45:54,399 - ADV_Generation_eps_0.0_steps_0_Added_Noise_uniform_Eps_24.0_Tau_Type_normal_anchors_num_anchors_4 - INFO - Batch 18/2463: Clean accuracy 1.0000 | Adv accuracy: 1.0000 | Counter-attack accuracy: 1.0000
2026-02-11 07:45:54,658 - ADV_Generation_eps_0.0_steps_0_Added_Noise_uniform_Eps_24.0_Tau_Type_normal_anchors_num_anchors_4 - INFO - Batch 19/2463: Clean accuracy 1.0000 | Adv accuracy: 1.0000 | Counter-attack accuracy: 1.0000
2026-02-11 07:45:54,917 - ADV_Generation_eps_0.0_steps_0_Added_Noise_uniform_Eps_24.0_Tau_Type_normal_anchors_num_anchors_4 - INFO - Batch 20/2463: Clean accuracy 1.0000 | Adv accuracy: 1.0000 | Counter-attack accuracy: 1.0000
2026-02-11 07:45:55,176 - ADV_Generation_eps_0.0_steps_0_Added_Noise_uniform_Eps_24.0_Tau_Type_normal_anchors_num_anchors_4 - INFO - Batch 21/2463: Clean accuracy 1.0000 | Adv accuracy: 1.0000 | Counter-attack accuracy: 1.0000
2026-02-11 07:45:55,435 - ADV_Generation_eps_0.0_steps_0_Added_Noise_uniform_Eps_24.0_Tau_Type_normal_anchors_num_anchors_4 - INFO - Batch 22/2463: Clean accuracy 1.0000 | Adv accuracy: 1.0000 | Counter-attack accuracy: 1.0000
2026-02-11 07:45:55,694 - ADV_Generation_eps_0.0_steps_0_Added_Noise_uniform_Eps_24.0_Tau_Type_normal_anchors_num_anchors_4 - INFO - Batch 23/2463: Clean accuracy 1.0000 | Adv accuracy: 1.0000 | Counter-attack accuracy: 1.0000
2026-02-11 07:45:55,954 - ADV_Generation_eps_0.0_steps_0_Added_Noise_uniform_Eps_24.0_Tau_Type_normal_anchors_num_anchors_4 - INFO - Batch 24/2463: Clean accuracy 1.0000 | Adv accuracy: 1.0000 | Counter-attack accuracy: 1.0000
2026-02-11 07:45:56,213 - ADV_Generation_eps_0.0_steps_0_Added_Noise_uniform_Eps_24.0_Tau_Type_normal_anchors_num_anchors_4 - INFO - Batch 25/2463: Clean accuracy 1.0000 | Adv accuracy: 1.0000 | Counter-attack accuracy: 1.0000
2026-02-11 07:45:56,472 - ADV_Generation_eps_0.0_steps_0_Added_Noise_uniform_Eps_24.0_Tau_Type_normal_anchors_num_anchors_4 - INFO - Batch 26/2463: Clean accuracy 1.0000 | Adv accuracy: 1.0000 | Counter-attack accuracy: 1.0000
2026-02-11 07:45:56,731 - ADV_Generation_eps_0.0_steps_0_Added_Noise_uniform_Eps_24.0_Tau_Type_normal_anchors_num_anchors_4 - INFO - Batch 27/2463: Clean accuracy 1.0000 | Adv accuracy: 1.0000 | Counter-attack accuracy: 1.0000
2026-02-11 07:45:56,990 - ADV_Generation_eps_0.0_steps_0_Added_Noise_uniform_Eps_24.0_Tau_Type_normal_anchors_num_anchors_4 - INFO - Batch 28/2463: Clean accuracy 1.0000 | Adv accuracy: 1.0000 | Counter-attack accuracy: 1.0000
2026-02-11 07:45:57,249 - ADV_Generation_eps_0.0_steps_0_Added_Noise_uniform_Eps_24.0_Tau_Type_normal_anchors_num_anchors_4 - INFO - Batch 29/2463: Clean accuracy 1.0000 | Adv accuracy: 1.0000 | Counter-attack accuracy: 1.0000
2026-02-11 07:45:57,508 - ADV_Generation_eps_0.0_steps_0_Added_Noise_uniform_Eps_24.0_Tau_Type_normal_anchors_num_anchors_4 - INFO - Batch 30/2463: Clean accuracy 1.0000 | Adv accuracy: 1.0000 | Counter-attack accuracy: 1.0000
2026-02-11 07:45:57,767 - ADV_Generation_eps_0.0_steps_0_Added_Noise_uniform_Eps_24.0_Tau_Type_normal_anchors_num_anchors_4 - INFO - Batch 31/2463: Clean accuracy 1.0000 | Adv accuracy: 1.0000 | Counter-attack accuracy: 1.0000
2026-02-11 07:45:58,026 - ADV_Generation_eps_0.0_steps_0_Added_Noise_uniform_Eps_24.0_Tau_Type_normal_anchors_num_anchors_4 - INFO - Batch 32/2463: Clean accuracy 1.0000 | Adv accuracy: 1.0000 | Counter-attack accuracy: 1.0000
2026-02-11 07:45:58,285 - ADV_Generation_eps_0.0_steps_0_Added_Noise_uniform_Eps_24.0_Tau_Type_normal_anchors_num_anchors_4 - INFO - Batch 33/2463: Clean accuracy 1.0000 | Adv accuracy: 1.0000 | Counter-attack accuracy: 1.0000
2026-02-11 07:45:58,544 - ADV_Generation_eps_0.0_steps_0_Added_Noise_uniform_Eps_24.0_Tau_Type_normal_anchors_num_anchors_4 - INFO - Batch 34/2463: Clean accuracy 1.0000 | Adv accuracy: 1.0000 | Counter-attack accuracy: 1.0000
2026-02-11 07:45:58,803 - ADV_Generation_eps_0.0_steps_0_Added_Noise_uniform_Eps_24.0_Tau_Type_normal_anchors_num_anchors_4 - INFO - Batch 35/2463: Clean accuracy 1.0000 | Adv accuracy: 1.0000 | Counter-attack accuracy: 1.0000
2026-02-11 07:45:59,062 - ADV_Generation_eps_0.0_steps_0_Added_Noise_uniform_Eps_24.0_Tau_Type_normal_anchors_num_anchors_4 - INFO - Batch 36/2463: Clean accuracy 1.0000 | Adv accuracy: 1.0000 | Counter-attack accuracy: 1.0000
2026-02-11 07:45:59,321 - ADV_Generation_eps_0.0_steps_0_Added_Noise_uniform_Eps_24.0_Tau_Type_normal_anchors_num_anchors_4 - INFO - Batch 37/2463: Clean accuracy 1.0000 | Adv accuracy: 1.0000 | Counter-attack accuracy: 1.0000
2026-02-11 07:45:59,580 - ADV_Generation_eps_0.0_steps_0_Added_Noise_uniform_Eps_24.0_Tau_Type_normal_anchors_num_anchors_4 - INFO - Batch 38/2463: Clean accuracy 1.0000 | Adv accuracy: 1.0000 | Counter-attack accuracy: 1.0000
2026-02-11 07:45:59,839 - ADV_Generation_eps_0.0_steps_0_Added_Noise_uniform_Eps_24.0_Tau_Type_normal_anchors_num_anchors_4 - INFO - Batch 39/2463: Clean accuracy 1.0000 | Adv accuracy: 1.0000 | Counter-attack accuracy: 1.0000
2026-02-11 07:46:00,098 - ADV_Generation_eps_0.0_steps_0_Added_Noise_uniform_Eps_24.0_Tau_Type_normal_anchors_num_anchors_4 - INFO - Batch 40/2463: Clean accuracy 1.0000 | Adv accuracy: 1.0000 | Counter-attack accuracy: 1.0000
2026-02-11 07:46:00,357 - ADV_Generation_eps_0.0_steps_0_Added_Noise_uniform_Eps_24.0_Tau_Type_normal_anchors_num_anchors_4 - INFO - Batch 41/2463: Clean accuracy 1.0000 | Adv accuracy: 1.0000 | Counter-attack accuracy: 1.0000
2026-02-11 07:46:00,616 - ADV_Generation_eps_0.0_steps_0_Added_Noise_uniform_Eps_24.0_Tau_Type_normal_anchors_num_anchors_4 - INFO - Batch 42/2463: Clean accuracy 1.0000 | Adv accuracy: 1.0000 | Counter-attack accuracy: 1.0000
2026-02-11 07:46:00,875 - ADV_Generation_eps_0.0_steps_0_Added_Noise_uniform_Eps_24.0_Tau_Type_normal_anchors_num_anchors_4 - INFO - Batch 43/2463: Clean accuracy 1.0000 | Adv accuracy: 1.0000 | Counter-attack accuracy: 1.0000
2026-02-11 07:46:01,134 - ADV_Generation_eps_0.0_steps_0_Added_Noise_uniform_Eps_24.0_Tau_Type_normal_anchors_num_anchors_4 - INFO - Batch 44/2463: Clean accuracy 1.0000 | Adv accuracy: 1.0000 | Counter-attack accuracy: 1.0000
2026-02-11 07:46:01,393 - ADV_Generation_eps_0.0_steps_0_Added_Noise_uniform_Eps_24.0_Tau_Type_normal_anchors_num_anchors_4 - INFO - Batch 45/2463: Clean accuracy 1.0000 | Adv accuracy: 1.0000 | Counter-attack accuracy: 1.0000
2026-02-11 07:46:01,652 - ADV_Generation_eps_0.0_steps_0_Added_Noise_uniform_Eps_24.0_Tau_Type_normal_anchors_num_anchors_4 - INFO - Batch 46/2463: Clean accuracy 1.0000 | Adv accuracy: 1.0000 | Counter-attack accuracy: 1.0000
2026-02-11 07:46:01,911 - ADV_Generation_eps_0.0_steps_0_Added_Noise_uniform_Eps_24.0_Tau_Type_normal_anchors_num_anchors_4 - INFO - Batch 47/2463: Clean accuracy 1.0000 | Adv accuracy: 1.0000 | Counter-attack accuracy: 1.0000
2026-02-11 07:46:02,170 - ADV_Generation_eps_0.0_steps_0_Added_Noise_uniform_Eps_24.0_Tau_Type_normal_anchors_num_anchors_4 - INFO - Batch 48/2463: Clean accuracy 1.0000 | Adv accuracy: 1.0000 | Counter-attack accuracy: 1.0000
2026-02-11 07:46:02,429 - ADV_Generation_eps_0.0_steps_0_Added_Noise_uniform_Eps_24.0_Tau_Type_normal_anchors_num_anchors_4 - INFO - Batch 49/2463: Clean accuracy 1.0000 | Adv accuracy: 1.0000 | Counter-attack accuracy: 1.0000
2026-02-11 07:46:02,688 - ADV_Generation_eps_0.0_steps_0_Added_Noise_uniform_Eps_24.0_Tau_Type_normal_anchors_num_anchors_4 - INFO - Batch 50/2463: Clean accuracy 1.0000 | Adv accuracy: 1.0000 | Counter-attack accuracy: 1.0000
2026-02-11 07:46:02,947 - ADV_Generation_eps_0.0_steps_0_Added_Noise_uniform_Eps_24.0_Tau_Type_normal_anchors_num_anchors_4 - INFO - Batch 51/2463: Clean accuracy 1.0000 | Adv accuracy: 1.0000 | Counter-attack accuracy: 1.0000
2026-02-11 07:46:03,206 - ADV_Generation_eps_0.0_steps_0_Added_Noise_uniform_Eps_24.0_Tau_Type_normal_anchors_num_anchors_4 - INFO - Batch 52/2463: Clean accuracy 1.0000 | Adv accuracy: 1.0000 | Counter-attack accuracy: 1.0000
2026-02-11 07:46:03,465 - ADV_Generation_eps_0.0_steps_0_Added_Noise_uniform_Eps_24.0_Tau_Type_normal_anchors_num_anchors_4 - INFO - Batch 53/2463: Clean accuracy 1.0000 | Adv accuracy: 1.0000 | Counter-attack accuracy: 1.0000
2026-02-11 07:46:03,724 - ADV_Generation_eps_0.0_steps_0_Added_Noise_uniform_Eps_24.0_Tau_Type_normal_anchors_num_anchors_4 - INFO - Batch 54/2463: Clean accuracy 1.0000 | Adv accuracy: 1.0000 | Counter-attack accuracy: 1.0000
2026-02-11 07:46:03,984 - ADV_Generation_eps_0.0_steps_0_Added_Noise_uniform_Eps_24.0_Tau_Type_normal_anchors_num_anchors_4 - INFO - Batch 55/2463: Clean accuracy 1.0000 | Adv accuracy: 1.0000 | Counter-attack accuracy: 1.0000
2026-02-11 07:46:04,243 - ADV_Generation_eps_0.0_steps_0_Added_Noise_uniform_Eps_24.0_Tau_Type_normal_anchors_num_anchors_4 - INFO - Batch 56/2463: Clean accuracy 1.0000 | Adv accuracy: 1.0000 | Counter-attack accuracy: 1.0000
2026-02-11 07:46:04,502 - ADV_Generation_eps_0.0_steps_0_Added_Noise_uniform_Eps_24.0_Tau_Type_normal_anchors_num_anchors_4 - INFO - Batch 57/2463: Clean accuracy 1.0000 | Adv accuracy: 1.0000 | Counter-attack accuracy: 1.0000
2026-02-11 07:46:04,761 - ADV_Generation_eps_0.0_steps_0_Added_Noise_uniform_Eps_24.0_Tau_Type_normal_anchors_num_anchors_4 - INFO - Batch 58/2463: Clean accuracy 1.0000 | Adv accuracy: 1.0000 | Counter-attack accuracy: 1.0000
2026-02-11 07:46:05,020 - ADV_Generation_eps_0.0_steps_0_Added_Noise_uniform_Eps_24.0_Tau_Type_normal_anchors_num_anchors_4 - INFO - Batch 59/2463: Clean accuracy 1.0000 | Adv accuracy: 1.0000 | Counter-attack accuracy: 1.0000
2026-02-11 07:46:05,279 - ADV_Generation_eps_0.0_steps_0_Added_Noise_uniform_Eps_24.0_Tau_Type_normal_anchors_num_anchors_4 - INFO - Batch 60/2463: Clean accuracy 1.0000 | Adv accuracy: 1.0000 | Counter-attack accuracy: 1.0000
2026-02-11 07:46:05,538 - ADV_Generation_eps_0.0_steps_0_Added_Noise_uniform_Eps_24.0_Tau_Type_normal_anchors_num_anchors_4 - INFO - Batch 61/2463: Clean accuracy 1.0000 | Adv accuracy: 1.0000 | Counter-attack accuracy: 1.0000
2026-02-11 07:46:05,797 - ADV_Generation_eps_0.0_steps_0_Added_Noise_uniform_Eps_24.0_Tau_Type_normal_anchors_num_anchors_4 - INFO - Batch 62/2463: Clean accuracy 1.0000 | Adv accuracy: 1.0000 | Counter-attack accuracy: 1.0000
2026-02-11 07:46:06,056 - ADV_Generation_eps_0.0_steps_0_Added_Noise_uniform_Eps_24.0_Tau_Type_normal_anchors_num_anchors_4 - INFO - Batch 63/2463: Clean accuracy 1.0000 | Adv accuracy: 1.0000 | Counter-attack accuracy: 1.0000
2026-02-11 07:46:06,315 - ADV_Generation_eps_0.0_steps_0_Added_Noise_uniform_Eps_24.0_Tau_Type_normal_anchors_num_anchors_4 - INFO - Batch 64/2463: Clean accuracy 1.0000 | Adv accuracy: 1.0000 | Counter-attack accuracy: 1.0000
2026-02-11 07:46:06,574 - ADV_Generation_eps_0.0_steps_0_Added_Noise_uniform_Eps_24.0_Tau_Type_normal_anchors_num_anchors_4 - INFO - Batch 65/2463: Clean accuracy 1.0000 | Adv accuracy: 1.0000 | Counter-attack accuracy: 1.0000
2026-02-11 07:46:06,833 - ADV_Generation_eps_0.0_steps_0_Added_Noise_uniform_Eps_24.0_Tau_Type_normal_anchors_num_anchors_4 - INFO - Batch 66/2463: Clean accuracy 1.0000 | Adv accuracy: 1.0000 | Counter-attack accuracy: 1.0000
2026-02-11 07:46:07,092 - ADV_Generation_eps_0.0_steps_0_Added_Noise_uniform_Eps_24.0_Tau_Type_normal_anchors_num_anchors_4 - INFO - Batch 67/2463: Clean accuracy 1.0000 | Adv accuracy: 1.0000 | Counter-attack accuracy: 1.0000
2026-02-11 07:46:07,351 - ADV_Generation_eps_0.0_steps_0_Added_Noise_uniform_Eps_24.0_Tau_Type_normal_anchors_num_anchors_4 - INFO - Batch 68/2463: Clean accuracy 1.0000 | Adv accuracy: 1.0000 | Counter-attack accuracy: 1.0000
2026-02-11 07:46:07,610 - ADV_Generation_eps_0.0_steps_0_Added_Noise_uniform_Eps_24.0_Tau_Type_normal_anchors_num_anchors_4 - INFO - Batch 69/2463: Clean accuracy 1.0000 | Adv accuracy: 1.0000 | Counter-attack accuracy: 1.0000
2026-02-11 07:46:07,869 - ADV_Generation_eps_0.0_steps_0_Added_Noise_uniform_Eps_24.0_Tau_Type_normal_anchors_num_anchors_4 - INFO - Batch 70/2463: Clean accuracy 1.0000 | Adv accuracy: 1.0000 | Counter-attack accuracy: 1.0000
2026-02-11 07:46:08,128 - ADV_Generation_eps_0.0_steps_0_Added_Noise_uniform_Eps_24.0_Tau_Type_normal_anchors_num_anchors_4 - INFO - Batch 71/2463: Clean accuracy 1.0000 | Adv accuracy: 1.0000 | Counter-attack accuracy: 1.0000
2026-02-11 07:46:08,387 - ADV_Generation_eps_0.0_steps_0_Added_Noise_uniform_Eps_24.0_Tau_Type_normal_anchors_num_anchors_4 - INFO - Batch 72/2463: Clean accuracy 1.0000 | Adv accuracy: 1.0000 | Counter-attack accuracy: 1.0000
2026-02-11 07:46:08,646 - ADV_Generation_eps_0.0_steps_0_Added_Noise_uniform_Eps_24.0_Tau_Type_normal_anchors_num_anchors_4 - INFO - Batch 73/2463: Clean accuracy 1.0000 | Adv accuracy: 1.0000 | Counter-attack accuracy: 1.0000
2026-02-11 07:46:08,905 - ADV_Generation_eps_0.0_steps_0_Added_Noise_uniform_Eps_24.0_Tau_Type_normal_anchors_num_anchors_4 - INFO - Batch 74/2463: Clean accuracy 1.0000 | Adv accuracy: 1.0000 | Counter-attack accuracy: 1.0000
2026-02-11 07:46:09,164 - ADV_Generation_eps_0.0_steps_0_Added_Noise_uniform_Eps_24.0_Tau_Type_normal_anchors_num_anchors_4 - INFO - Batch 75/2463: Clean accuracy 1.0000 | Adv accuracy: 1.0000 | Counter-attack accuracy: 1.0000
2026-02-11 07:46:09,423 - ADV_Generation_eps_0.0_steps_0_Added_Noise_uniform_Eps_24.0_Tau_Type_normal_anchors_num_anchors_4 - INFO - Batch 76/2463: Clean accuracy 1.0000 | Adv accuracy: 1.0000 | Counter-attack accuracy: 1.0000
2026-02-11 07:46:09,682 - ADV_Generation_eps_0.0_steps_0_Added_Noise_uniform_Eps_24.0_Tau_Type_normal_anchors_num_anchors_4 - INFO - Batch 77/2463: Clean accuracy 1.0000 | Adv accuracy: 1.0000 | Counter-attack accuracy: 1.0000
2026-02-11 07:46:09,941 - ADV_Generation_eps_0.0_steps_0_Added_Noise_uniform_Eps_24.0_Tau_Type_normal_anchors_num_anchors_4 - INFO - Batch 78/2463: Clean accuracy 1.0000 | Adv accuracy: 1.0000 | Counter-attack accuracy: 1.0000
2026-02-11 07:46:10,200 - ADV_Generation_eps_0.0_steps_0_Added_Noise_uniform_Eps_24.0_Tau_Type_normal_anchors_num_anchors_4 - INFO - Batch 79/2463: Clean accuracy 1.0000 | Adv accuracy: 1.0000 | Counter-attack accuracy: 1.0000
2026-02-11 07:46:10,459 - ADV_Generation_eps_0.0_steps_0_Added_Noise_uniform_Eps_24.0_Tau_Type_normal_anchors_num_anchors_4 - INFO - Batch 80/2463: Clean accuracy 1.0000 | Adv accuracy: 1.0000 | Counter-attack accuracy: 1.0000
2026-02-11 07:46:10,720 - ADV_Generation_eps_0.0_steps_0_Added_Noise_uniform_Eps_24.0_Tau_Type_normal_anchors_num_anchors_4 - INFO - Batch 81/2463: Clean accuracy 1.0000 | Adv accuracy: 1.0000 | Counter-attack accuracy: 1.0000
2026-02-11 07:46:10,979 - ADV_Generation_eps_0.0_steps_0_Added_Noise_uniform_Eps_24.0_Tau_Type_normal_anchors_num_anchors_4 - INFO - Batch 82/2463: Clean accuracy 1.0000 | Adv accuracy: 1.0000 | Counter-attack accuracy: 1.0000
2026-02-11 07:46:11,238 - ADV_Generation_eps_0.0_steps_0_Added_Noise_uniform_Eps_24.0_Tau_Type_normal_anchors_num_anchors_4 - INFO - Batch 83/2463: Clean accuracy 1.0000 | Adv accuracy: 1.0000 | Counter-attack accuracy: 1.0000
2026-02-11 07:46:11,497 - ADV_Generation_eps_0.0_steps_0_Added_Noise_uniform_Eps_24.0_Tau_Type_normal_anchors_num_anchors_4 - INFO - Batch 84/2463: Clean accuracy 1.0000 | Adv accuracy: 1.0000 | Counter-attack accuracy: 1.0000
2026-02-11 07:46:11,756 - ADV_Generation_eps_0.0_steps_0_Added_Noise_uniform_Eps_24.0_Tau_Type_normal_anchors_num_anchors_4 - INFO - Batch 85/2463: Clean accuracy 1.0000 | Adv accuracy: 1.0000 | Counter-attack accuracy: 0.9882
2026-02-11 07:46:12,015 - ADV_Generation_eps_0.0_steps_0_Added_Noise_uniform_Eps_24.0_Tau_Type_normal_anchors_num_anchors_4 - INFO - Batch 86/2463: Clean accuracy 1.0000 | Adv accuracy: 1.0000 | Counter-attack accuracy: 0.9884
2026-02-11 07:46:12,274 - ADV_Generation_eps_0.0_steps_0_Added_Noise_uniform_Eps_24.0_Tau_Type_normal_anchors_num_anchors_4 - INFO - Batch 87/2463: Clean accuracy 1.0000 | Adv accuracy: 1.0000 | Counter-attack accuracy: 0.9885
2026-02-11 07:46:12,533 - ADV_Generation_eps_0.0_steps_0_Added_Noise_uniform_Eps_24.0_Tau_Type_normal_anchors_num_anchors_4 - INFO - Batch 88/2463: Clean accuracy 1.0000 | Adv accuracy: 1.0000 | Counter-attack accuracy: 0.9886
2026-02-11 07:46:12,792 - ADV_Generation_eps_0.0_steps_0_Added_Noise_uniform_Eps_24.0_Tau_Type_normal_anchors_num_anchors_4 - INFO - Batch 89/2463: Clean accuracy 1.0000 | Adv accuracy: 1.0000 | Counter-attack accuracy: 0.9888
2026-02-11 07:46:13,051 - ADV_Generation_eps_0.0_steps_0_Added_Noise_uniform_Eps_24.0_Tau_Type_normal_anchors_num_anchors_4 - INFO - Batch 90/2463: Clean accuracy 1.0000 | Adv accuracy: 1.0000 | Counter-attack accuracy: 0.9889
2026-02-11 07:46:13,310 - ADV_Generation_eps_0.0_steps_0_Added_Noise_uniform_Eps_24.0_Tau_Type_normal_anchors_num_anchors_4 - INFO - Batch 91/2463: Clean accuracy 1.0000 | Adv accuracy: 1.0000 | Counter-attack accuracy: 0.9890
2026-02-11 07:46:13,569 - ADV_Generation_eps_0.0_steps_0_Added_Noise_uniform_Eps_24.0_Tau_Type_normal_anchors_num_anchors_4 - INFO - Batch 92/2463: Clean accuracy 1.0000 | Adv accuracy: 1.0000 | Counter-attack accuracy: 0.9891
2026-02-11 07:46:13,828 - ADV_Generation_eps_0.0_steps_0_Added_Noise_uniform_Eps_24.0_Tau_Type_normal_anchors_num_anchors_4 - INFO - Batch 93/2463: Clean accuracy 1.0000 | Adv accuracy: 1.0000 | Counter-attack accuracy: 0.9892
2026-02-11 07:46:14,086 - ADV_Generation_eps_0.0_steps_0_Added_Noise_uniform_Eps_24.0_Tau_Type_normal_anchors_num_anchors_4 - INFO - Batch 94/2463: Clean accuracy 1.0000 | Adv accuracy: 1.0000 | Counter-attack accuracy: 0.9894
2026-02-11 07:46:14,345 - ADV_Generation_eps_0.0_steps_0_Added_Noise_uniform_Eps_24.0_Tau_Type_normal_anchors_num_anchors_4 - INFO - Batch 95/2463: Clean accuracy 1.0000 | Adv accuracy: 1.0000 | Counter-attack accuracy: 0.9895
2026-02-11 07:46:14,605 - ADV_Generation_eps_0.0_steps_0_Added_Noise_uniform_Eps_24.0_Tau_Type_normal_anchors_num_anchors_4 - INFO - Batch 96/2463: Clean accuracy 1.0000 | Adv accuracy: 1.0000 | Counter-attack accuracy: 0.9896
2026-02-11 07:46:14,863 - ADV_Generation_eps_0.0_steps_0_Added_Noise_uniform_Eps_24.0_Tau_Type_normal_anchors_num_anchors_4 - INFO - Batch 97/2463: Clean accuracy 1.0000 | Adv accuracy: 1.0000 | Counter-attack accuracy: 0.9897
2026-02-11 07:46:15,122 - ADV_Generation_eps_0.0_steps_0_Added_Noise_uniform_Eps_24.0_Tau_Type_normal_anchors_num_anchors_4 - INFO - Batch 98/2463: Clean accuracy 1.0000 | Adv accuracy: 1.0000 | Counter-attack accuracy: 0.9898
2026-02-11 07:46:15,381 - ADV_Generation_eps_0.0_steps_0_Added_Noise_uniform_Eps_24.0_Tau_Type_normal_anchors_num_anchors_4 - INFO - Batch 99/2463: Clean accuracy 1.0000 | Adv accuracy: 1.0000 | Counter-attack accuracy: 0.9899
2026-02-11 07:46:15,640 - ADV_Generation_eps_0.0_steps_0_Added_Noise_uniform_Eps_24.0_Tau_Type_normal_anchors_num_anchors_4 - INFO - Batch 100/2463: Clean accuracy 1.0000 | Adv accuracy: 1.0000 | Counter-attack accuracy: 0.9900
2026-02-11 07:46:15,899 - ADV_Generation_eps_0.0_steps_0_Added_Noise_uniform_Eps_24.0_Tau_Type_normal_anchors_num_anchors_4 - INFO - Batch 101/2463: Clean accuracy 1.0000 | Adv accuracy: 1.0000 | Counter-attack accuracy: 0.9901
2026-02-11 07:46:16,158 - ADV_Generation_eps_0.0_steps_0_Added_Noise_uniform_Eps_24.0_Tau_Type_normal_anchors_num_anchors_4 - INFO - Batch 102/2463: Clean accuracy 1.0000 | Adv accuracy: 1.0000 | Counter-attack accuracy: 0.9902
2026-02-11 07:46:16,417 - ADV_Generation_eps_0.0_steps_0_Added_Noise_uniform_Eps_24.0_Tau_Type_normal_anchors_num_anchors_4 - INFO - Batch 103/2463: Clean accuracy 1.0000 | Adv accuracy: 1.0000 | Counter-attack accuracy: 0.9903
2026-02-11 07:46:16,676 - ADV_Generation_eps_0.0_steps_0_Added_Noise_uniform_Eps_24.0_Tau_Type_normal_anchors_num_anchors_4 - INFO - Batch 104/2463: Clean accuracy 1.0000 | Adv accuracy: 1.0000 | Counter-attack accuracy: 0.9904
2026-02-11 07:46:16,935 - ADV_Generation_eps_0.0_steps_0_Added_Noise_uniform_Eps_24.0_Tau_Type_normal_anchors_num_anchors_4 - INFO - Batch 105/2463: Clean accuracy 1.0000 | Adv accuracy: 1.0000 | Counter-attack accuracy: 0.9905
2026-02-11 07:46:17,194 - ADV_Generation_eps_0.0_steps_0_Added_Noise_uniform_Eps_24.0_Tau_Type_normal_anchors_num_anchors_4 - INFO - Batch 106/2463: Clean accuracy 1.0000 | Adv accuracy: 1.0000 | Counter-attack accuracy: 0.9906
2026-02-11 07:46:17,453 - ADV_Generation_eps_0.0_steps_0_Added_Noise_uniform_Eps_24.0_Tau_Type_normal_anchors_num_anchors_4 - INFO - Batch 107/2463: Clean accuracy 1.0000 | Adv accuracy: 1.0000 | Counter-attack accuracy: 0.9907
2026-02-11 07:46:17,712 - ADV_Generation_eps_0.0_steps_0_Added_Noise_uniform_Eps_24.0_Tau_Type_normal_anchors_num_anchors_4 - INFO - Batch 108/2463: Clean accuracy 1.0000 | Adv accuracy: 1.0000 | Counter-attack accuracy: 0.9907
2026-02-11 07:46:17,971 - ADV_Generation_eps_0.0_steps_0_Added_Noise_uniform_Eps_24.0_Tau_Type_normal_anchors_num_anchors_4 - INFO - Batch 109/2463: Clean accuracy 1.0000 | Adv accuracy: 1.0000 | Counter-attack accuracy: 0.9908
2026-02-11 07:46:18,230 - ADV_Generation_eps_0.0_steps_0_Added_Noise_uniform_Eps_24.0_Tau_Type_normal_anchors_num_anchors_4 - INFO - Batch 110/2463: Clean accuracy 1.0000 | Adv accuracy: 1.0000 | Counter-attack accuracy: 0.9909
2026-02-11 07:46:18,489 - ADV_Generation_eps_0.0_steps_0_Added_Noise_uniform_Eps_24.0_Tau_Type_normal_anchors_num_anchors_4 - INFO - Batch 111/2463: Clean accuracy 1.0000 | Adv accuracy: 1.0000 | Counter-attack accuracy: 0.9910
2026-02-11 07:46:18,748 - ADV_Generation_eps_0.0_steps_0_Added_Noise_uniform_Eps_24.0_Tau_Type_normal_anchors_num_anchors_4 - INFO - Batch 112/2463: Clean accuracy 1.0000 | Adv accuracy: 1.0000 | Counter-attack accuracy: 0.9911
2026-02-11 07:46:19,007 - ADV_Generation_eps_0.0_steps_0_Added_Noise_uniform_Eps_24.0_Tau_Type_normal_anchors_num_anchors_4 - INFO - Batch 113/2463: Clean accuracy 1.0000 | Adv accuracy: 1.0000 | Counter-attack accuracy: 0.9912
2026-02-11 07:46:19,266 - ADV_Generation_eps_0.0_steps_0_Added_Noise_uniform_Eps_24.0_Tau_Type_normal_anchors_num_anchors_4 - INFO - Batch 114/2463: Clean accuracy 1.0000 | Adv accuracy: 1.0000 | Counter-attack accuracy: 0.9912
2026-02-11 07:46:19,525 - ADV_Generation_eps_0.0_steps_0_Added_Noise_uniform_Eps_24.0_Tau_Type_normal_anchors_num_anchors_4 - INFO - Batch 115/2463: Clean accuracy 1.0000 | Adv accuracy: 1.0000 | Counter-attack accuracy: 0.9913
2026-02-11 07:46:19,784 - ADV_Generation_eps_0.0_steps_0_Added_Noise_uniform_Eps_24.0_Tau_Type_normal_anchors_num_anchors_4 - INFO - Batch 116/2463: Clean accuracy 1.0000 | Adv accuracy: 1.0000 | Counter-attack accuracy: 0.9914
2026-02-11 07:46:20,043 - ADV_Generation_eps_0.0_steps_0_Added_Noise_uniform_Eps_24.0_Tau_Type_normal_anchors_num_anchors_4 - INFO - Batch 117/2463: Clean accuracy 1.0000 | Adv accuracy: 1.0000 | Counter-attack accuracy: 0.9915
2026-02-11 07:46:20,302 - ADV_Generation_eps_0.0_steps_0_Added_Noise_uniform_Eps_24.0_Tau_Type_normal_anchors_num_anchors_4 - INFO - Batch 118/2463: Clean accuracy 1.0000 | Adv accuracy: 1.0000 | Counter-attack accuracy: 0.9915
2026-02-11 07:46:20,561 - ADV_Generation_eps_0.0_steps_0_Added_Noise_uniform_Eps_24.0_Tau_Type_normal_anchors_num_anchors_4 - INFO - Batch 119/2463: Clean accuracy 1.0000 | Adv accuracy: 1.0000 | Counter-attack accuracy: 0.9916
2026-02-11 07:46:20,820 - ADV_Generation_eps_0.0_steps_0_Added_Noise_uniform_Eps_24.0_Tau_Type_normal_anchors_num_anchors_4 - INFO - Batch 120/2463: Clean accuracy 1.0000 | Adv accuracy: 1.0000 | Counter-attack accuracy: 0.9917
2026-02-11 07:46:21,079 - ADV_Generation_eps_0.0_steps_0_Added_Noise_uniform_Eps_24.0_Tau_Type_normal_anchors_num_anchors_4 - INFO - Batch 121/2463: Clean accuracy 1.0000 | Adv accuracy: 1.0000 | Counter-attack accuracy: 0.9917
2026-02-11 07:46:21,338 - ADV_Generation_eps_0.0_steps_0_Added_Noise_uniform_Eps_24.0_Tau_Type_normal_anchors_num_anchors_4 - INFO - Batch 122/2463: Clean accuracy 1.0000 | Adv accuracy: 1.0000 | Counter-attack accuracy: 0.9918
2026-02-11 07:46:21,597 - ADV_Generation_eps_0.0_steps_0_Added_Noise_uniform_Eps_24.0_Tau_Type_normal_anchors_num_anchors_4 - INFO - Batch 123/2463: Clean accuracy 1.0000 | Adv accuracy: 1.0000 | Counter-attack accuracy: 0.9919
2026-02-11 07:46:21,856 - ADV_Generation_eps_0.0_steps_0_Added_Noise_uniform_Eps_24.0_Tau_Type_normal_anchors_num_anchors_4 - INFO - Batch 124/2463: Clean accuracy 1.0000 | Adv accuracy: 1.0000 | Counter-attack accuracy: 0.9919
2026-02-11 07:46:22,115 - ADV_Generation_eps_0.0_steps_0_Added_Noise_uniform_Eps_24.0_Tau_Type_normal_anchors_num_anchors_4 - INFO - Batch 125/2463: Clean accuracy 1.0000 | Adv accuracy: 1.0000 | Counter-attack accuracy: 0.9920
2026-02-11 07:46:22,374 - ADV_Generation_eps_0.0_steps_0_Added_Noise_uniform_Eps_24.0_Tau_Type_normal_anchors_num_anchors_4 - INFO - Batch 126/2463: Clean accuracy 1.0000 | Adv accuracy: 1.0000 | Counter-attack accuracy: 0.9921
2026-02-11 07:46:22,633 - ADV_Generation_eps_0.0_steps_0_Added_Noise_uniform_Eps_24.0_Tau_Type_normal_anchors_num_anchors_4 - INFO - Batch 127/2463: Clean accuracy 1.0000 | Adv accuracy: 1.0000 | Counter-attack accuracy: 0.9921
2026-02-11 07:46:22,892 - ADV_Generation_eps_0.0_steps_0_Added_Noise_uniform_Eps_24.0_Tau_Type_normal_anchors_num_anchors_4 - INFO - Batch 128/2463: Clean accuracy 1.0000 | Adv accuracy: 1.0000 | Counter-attack accuracy: 0.9922
2026-02-11 07:46:23,151 - ADV_Generation_eps_0.0_steps_0_Added_Noise_uniform_Eps_24.0_Tau_Type_normal_anchors_num_anchors_4 - INFO - Batch 129/2463: Clean accuracy 1.0000 | Adv accuracy: 1.0000 | Counter-attack accuracy: 0.9922
2026-02-11 07:46:23,410 - ADV_Generation_eps_0.0_steps_0_Added_Noise_uniform_Eps_24.0_Tau_Type_normal_anchors_num_anchors_4 - INFO - Batch 130/2463: Clean accuracy 1.0000 | Adv accuracy: 1.0000 | Counter-attack accuracy: 0.9923
2026-02-11 07:46:23,669 - ADV_Generation_eps_0.0_steps_0_Added_Noise_uniform_Eps_24.0_Tau_Type_normal_anchors_num_anchors_4 - INFO - Batch 131/2463: Clean accuracy 1.0000 | Adv accuracy: 1.0000 | Counter-attack accuracy: 0.9924
2026-02-11 07:46:23,928 - ADV_Generation_eps_0.0_steps_0_Added_Noise_uniform_Eps_24.0_Tau_Type_normal_anchors_num_anchors_4 - INFO - Batch 132/2463: Clean accuracy 1.0000 | Adv accuracy: 1.0000 | Counter-attack accuracy: 0.9924
2026-02-11 07:46:24,188 - ADV_Generation_eps_0.0_steps_0_Added_Noise_uniform_Eps_24.0_Tau_Type_normal_anchors_num_anchors_4 - INFO - Batch 133/2463: Clean accuracy 1.0000 | Adv accuracy: 1.0000 | Counter-attack accuracy: 0.9925
2026-02-11 07:46:24,447 - ADV_Generation_eps_0.0_steps_0_Added_Noise_uniform_Eps_24.0_Tau_Type_normal_anchors_num_anchors_4 - INFO - Batch 134/2463: Clean accuracy 1.0000 | Adv accuracy: 1.0000 | Counter-attack accuracy: 0.9925
2026-02-11 07:46:24,706 - ADV_Generation_eps_0.0_steps_0_Added_Noise_uniform_Eps_24.0_Tau_Type_normal_anchors_num_anchors_4 - INFO - Batch 135/2463: Clean accuracy 1.0000 | Adv accuracy: 1.0000 | Counter-attack accuracy: 0.9926
2026-02-11 07:46:24,965 - ADV_Generation_eps_0.0_steps_0_Added_Noise_uniform_Eps_24.0_Tau_Type_normal_anchors_num_anchors_4 - INFO - Batch 136/2463: Clean accuracy 1.0000 | Adv accuracy: 1.0000 | Counter-attack accuracy: 0.9853
2026-02-11 07:46:25,224 - ADV_Generation_eps_0.0_steps_0_Added_Noise_uniform_Eps_24.0_Tau_Type_normal_anchors_num_anchors_4 - INFO - Batch 137/2463: Clean accuracy 1.0000 | Adv accuracy: 1.0000 | Counter-attack accuracy: 0.9854
2026-02-11 07:46:25,483 - ADV_Generation_eps_0.0_steps_0_Added_Noise_uniform_Eps_24.0_Tau_Type_normal_anchors_num_anchors_4 - INFO - Batch 138/2463: Clean accuracy 1.0000 | Adv accuracy: 1.0000 | Counter-attack accuracy: 0.9855
2026-02-11 07:46:25,742 - ADV_Generation_eps_0.0_steps_0_Added_Noise_uniform_Eps_24.0_Tau_Type_normal_anchors_num_anchors_4 - INFO - Batch 139/2463: Clean accuracy 1.0000 | Adv accuracy: 1.0000 | Counter-attack accuracy: 0.9856
2026-02-11 07:46:26,001 - ADV_Generation_eps_0.0_steps_0_Added_Noise_uniform_Eps_24.0_Tau_Type_normal_anchors_num_anchors_4 - INFO - Batch 140/2463: Clean accuracy 1.0000 | Adv accuracy: 1.0000 | Counter-attack accuracy: 0.9857
2026-02-11 07:46:26,260 - ADV_Generation_eps_0.0_steps_0_Added_Noise_uniform_Eps_24.0_Tau_Type_normal_anchors_num_anchors_4 - INFO - Batch 141/2463: Clean accuracy 1.0000 | Adv accuracy: 1.0000 | Counter-attack accuracy: 0.9858
2026-02-11 07:46:26,519 - ADV_Generation_eps_0.0_steps_0_Added_Noise_uniform_Eps_24.0_Tau_Type_normal_anchors_num_anchors_4 - INFO - Batch 142/2463: Clean accuracy 1.0000 | Adv accuracy: 1.0000 | Counter-attack accuracy: 0.9859
2026-02-11 07:46:26,778 - ADV_Generation_eps_0.0_steps_0_Added_Noise_uniform_Eps_24.0_Tau_Type_normal_anchors_num_anchors_4 - INFO - Batch 143/2463: Clean accuracy 1.0000 | Adv accuracy: 1.0000 | Counter-attack accuracy: 0.9860
2026-02-11 07:46:27,037 - ADV_Generation_eps_0.0_steps_0_Added_Noise_uniform_Eps_24.0_Tau_Type_normal_anchors_num_anchors_4 - INFO - Batch 144/2463: Clean accuracy 1.0000 | Adv accuracy: 1.0000 | Counter-attack accuracy: 0.9861
2026-02-11 07:46:27,296 - ADV_Generation_eps_0.0_steps_0_Added_Noise_uniform_Eps_24.0_Tau_Type_normal_anchors_num_anchors_4 - INFO - Batch 145/2463: Clean accuracy 1.0000 | Adv accuracy: 1.0000 | Counter-attack accuracy: 0.9862
2026-02-11 07:46:27,555 - ADV_Generation_eps_0.0_steps_0_Added_Noise_uniform_Eps_24.0_Tau_Type_normal_anchors_num_anchors_4 - INFO - Batch 146/2463: Clean accuracy 1.0000 | Adv accuracy: 1.0000 | Counter-attack accuracy: 0.9863
2026-02-11 07:46:27,814 - ADV_Generation_eps_0.0_steps_0_Added_Noise_uniform_Eps_24.0_Tau_Type_normal_anchors_num_anchors_4 - INFO - Batch 147/2463: Clean accuracy 1.0000 | Adv accuracy: 1.0000 | Counter-attack accuracy: 0.9864
2026-02-11 07:46:28,073 - ADV_Generation_eps_0.0_steps_0_Added_Noise_uniform_Eps_24.0_Tau_Type_normal_anchors_num_anchors_4 - INFO - Batch 148/2463: Clean accuracy 1.0000 | Adv accuracy: 1.0000 | Counter-attack accuracy: 0.9865
2026-02-11 07:46:28,331 - ADV_Generation_eps_0.0_steps_0_Added_Noise_uniform_Eps_24.0_Tau_Type_normal_anchors_num_anchors_4 - INFO - Batch 149/2463: Clean accuracy 1.0000 | Adv accuracy: 1.0000 | Counter-attack accuracy: 0.9866
2026-02-11 07:46:28,590 - ADV_Generation_eps_0.0_steps_0_Added_Noise_uniform_Eps_24.0_Tau_Type_normal_anchors_num_anchors_4 - INFO - Batch 150/2463: Clean accuracy 1.0000 | Adv accuracy: 1.0000 | Counter-attack accuracy: 0.9867
2026-02-11 07:46:28,849 - ADV_Generation_eps_0.0_steps_0_Added_Noise_uniform_Eps_24.0_Tau_Type_normal_anchors_num_anchors_4 - INFO - Batch 151/2463: Clean accuracy 1.0000 | Adv accuracy: 1.0000 | Counter-attack accuracy: 0.9868
2026-02-11 07:46:29,108 - ADV_Generation_eps_0.0_steps_0_Added_Noise_uniform_Eps_24.0_Tau_Type_normal_anchors_num_anchors_4 - INFO - Batch 152/2463: Clean accuracy 1.0000 | Adv accuracy: 1.0000 | Counter-attack accuracy: 0.9868
2026-02-11 07:46:29,367 - ADV_Generation_eps_0.0_steps_0_Added_Noise_uniform_Eps_24.0_Tau_Type_normal_anchors_num_anchors_4 - INFO - Batch 153/2463: Clean accuracy 1.0000 | Adv accuracy: 1.0000 | Counter-attack accuracy: 0.9869
2026-02-11 07:46:29,626 - ADV_Generation_eps_0.0_steps_0_Added_Noise_uniform_Eps_24.0_Tau_Type_normal_anchors_num_anchors_4 - INFO - Batch 154/2463: Clean accuracy 1.0000 | Adv accuracy: 1.0000 | Counter-attack accuracy: 0.9870
2026-02-11 07:46:29,885 - ADV_Generation_eps_0.0_steps_0_Added_Noise_uniform_Eps_24.0_Tau_Type_normal_anchors_num_anchors_4 - INFO - Batch 155/2463: Clean accuracy 1.0000 | Adv accuracy: 1.0000 | Counter-attack accuracy: 0.9871
2026-02-11 07:46:30,144 - ADV_Generation_eps_0.0_steps_0_Added_Noise_uniform_Eps_24.0_Tau_Type_normal_anchors_num_anchors_4 - INFO - Batch 156/2463: Clean accuracy 1.0000 | Adv accuracy: 1.0000 | Counter-attack accuracy: 0.9872
2026-02-11 07:46:30,403 - ADV_Generation_eps_0.0_steps_0_Added_Noise_uniform_Eps_24.0_Tau_Type_normal_anchors_num_anchors_4 - INFO - Batch 157/2463: Clean accuracy 1.0000 | Adv accuracy: 1.0000 | Counter-attack accuracy: 0.9873
2026-02-11 07:46:30,662 - ADV_Generation_eps_0.0_steps_0_Added_Noise_uniform_Eps_24.0_Tau_Type_normal_anchors_num_anchors_4 - INFO - Batch 158/2463: Clean accuracy 1.0000 | Adv accuracy: 1.0000 | Counter-attack accuracy: 0.9873
2026-02-11 07:46:30,921 - ADV_Generation_eps_0.0_steps_0_Added_Noise_uniform_Eps_24.0_Tau_Type_normal_anchors_num_anchors_4 - INFO - Batch 159/2463: Clean accuracy 1.0000 | Adv accuracy: 1.0000 | Counter-attack accuracy: 0.9874
2026-02-11 07:46:31,180 - ADV_Generation_eps_0.0_steps_0_Added_Noise_uniform_Eps_24.0_Tau_Type_normal_anchors_num_anchors_4 - INFO - Batch 160/2463: Clean accuracy 1.0000 | Adv accuracy: 1.0000 | Counter-attack accuracy: 0.9875
2026-02-11 07:46:31,439 - ADV_Generation_eps_0.0_steps_0_Added_Noise_uniform_Eps_24.0_Tau_Type_normal_anchors_num_anchors_4 - INFO - Batch 161/2463: Clean accuracy 1.0000 | Adv accuracy: 1.0000 | Counter-attack accuracy: 0.9876
2026-02-11 07:46:31,698 - ADV_Generation_eps_0.0_steps_0_Added_Noise_uniform_Eps_24.0_Tau_Type_normal_anchors_num_anchors_4 - INFO - Batch 162/2463: Clean accuracy 1.0000 | Adv accuracy: 1.0000 | Counter-attack accuracy: 0.9877
2026-02-11 07:46:31,957 - ADV_Generation_eps_0.0_steps_0_Added_Noise_uniform_Eps_24.0_Tau_Type_normal_anchors_num_anchors_4 - INFO - Batch 163/2463: Clean accuracy 1.0000 | Adv accuracy: 1.0000 | Counter-attack accuracy: 0.9877
2026-02-11 07:46:32,216 - ADV_Generation_eps_0.0_steps_0_Added_Noise_uniform_Eps_24.0_Tau_Type_normal_anchors_num_anchors_4 - INFO - Batch 164/2463: Clean accuracy 1.0000 | Adv accuracy: 1.0000 | Counter-attack accuracy: 0.9878
2026-02-11 07:46:32,475 - ADV_Generation_eps_0.0_steps_0_Added_Noise_uniform_Eps_24.0_Tau_Type_normal_anchors_num_anchors_4 - INFO - Batch 165/2463: Clean accuracy 1.0000 | Adv accuracy: 1.0000 | Counter-attack accuracy: 0.9879
2026-02-11 07:46:32,734 - ADV_Generation_eps_0.0_steps_0_Added_Noise_uniform_Eps_24.0_Tau_Type_normal_anchors_num_anchors_4 - INFO - Batch 166/2463: Clean accuracy 1.0000 | Adv accuracy: 1.0000 | Counter-attack accuracy: 0.9880
2026-02-11 07:46:32,993 - ADV_Generation_eps_0.0_steps_0_Added_Noise_uniform_Eps_24.0_Tau_Type_normal_anchors_num_anchors_4 - INFO - Batch 167/2463: Clean accuracy 1.0000 | Adv accuracy: 1.0000 | Counter-attack accuracy: 0.9880
2026-02-11 07:46:33,252 - ADV_Generation_eps_0.0_steps_0_Added_Noise_uniform_Eps_24.0_Tau_Type_normal_anchors_num_anchors_4 - INFO - Batch 168/2463: Clean accuracy 1.0000 | Adv accuracy: 1.0000 | Counter-attack accuracy: 0.9881
2026-02-11 07:46:33,511 - ADV_Generation_eps_0.0_steps_0_Added_Noise_uniform_Eps_24.0_Tau_Type_normal_anchors_num_anchors_4 - INFO - Batch 169/2463: Clean accuracy 1.0000 | Adv accuracy: 1.0000 | Counter-attack accuracy: 0.9882
2026-02-11 07:46:33,770 - ADV_Generation_eps_0.0_steps_0_Added_Noise_uniform_Eps_24.0_Tau_Type_normal_anchors_num_anchors_4 - INFO - Batch 170/2463: Clean accuracy 1.0000 | Adv accuracy: 1.0000 | Counter-attack accuracy: 0.9882
2026-02-11 07:46:34,029 - ADV_Generation_eps_0.0_steps_0_Added_Noise_uniform_Eps_24.0_Tau_Type_normal_anchors_num_anchors_4 - INFO - Batch 171/2463: Clean accuracy 1.0000 | Adv accuracy: 1.0000 | Counter-attack accuracy: 0.9883
2026-02-11 07:46:34,294 - ADV_Generation_eps_0.0_steps_0_Added_Noise_uniform_Eps_24.0_Tau_Type_normal_anchors_num_anchors_4 - INFO - Batch 172/2463: Clean accuracy 1.0000 | Adv accuracy: 1.0000 | Counter-attack accuracy: 0.9884
2026-02-11 07:46:34,553 - ADV_Generation_eps_0.0_steps_0_Added_Noise_uniform_Eps_24.0_Tau_Type_normal_anchors_num_anchors_4 - INFO - Batch 173/2463: Clean accuracy 1.0000 | Adv accuracy: 1.0000 | Counter-attack accuracy: 0.9884
2026-02-11 07:46:34,812 - ADV_Generation_eps_0.0_steps_0_Added_Noise_uniform_Eps_24.0_Tau_Type_normal_anchors_num_anchors_4 - INFO - Batch 174/2463: Clean accuracy 1.0000 | Adv accuracy: 1.0000 | Counter-attack accuracy: 0.9885
2026-02-11 07:46:35,071 - ADV_Generation_eps_0.0_steps_0_Added_Noise_uniform_Eps_24.0_Tau_Type_normal_anchors_num_anchors_4 - INFO - Batch 175/2463: Clean accuracy 1.0000 | Adv accuracy: 1.0000 | Counter-attack accuracy: 0.9886
2026-02-11 07:46:35,330 - ADV_Generation_eps_0.0_steps_0_Added_Noise_uniform_Eps_24.0_Tau_Type_normal_anchors_num_anchors_4 - INFO - Batch 176/2463: Clean accuracy 1.0000 | Adv accuracy: 1.0000 | Counter-attack accuracy: 0.9886
2026-02-11 07:46:35,589 - ADV_Generation_eps_0.0_steps_0_Added_Noise_uniform_Eps_24.0_Tau_Type_normal_anchors_num_anchors_4 - INFO - Batch 177/2463: Clean accuracy 1.0000 | Adv accuracy: 1.0000 | Counter-attack accuracy: 0.9887
2026-02-11 07:46:35,848 - ADV_Generation_eps_0.0_steps_0_Added_Noise_uniform_Eps_24.0_Tau_Type_normal_anchors_num_anchors_4 - INFO - Batch 178/2463: Clean accuracy 1.0000 | Adv accuracy: 1.0000 | Counter-attack accuracy: 0.9888
2026-02-11 07:46:36,107 - ADV_Generation_eps_0.0_steps_0_Added_Noise_uniform_Eps_24.0_Tau_Type_normal_anchors_num_anchors_4 - INFO - Batch 179/2463: Clean accuracy 1.0000 | Adv accuracy: 1.0000 | Counter-attack accuracy: 0.9888
2026-02-11 07:46:36,366 - ADV_Generation_eps_0.0_steps_0_Added_Noise_uniform_Eps_24.0_Tau_Type_normal_anchors_num_anchors_4 - INFO - Batch 180/2463: Clean accuracy 0.9944 | Adv accuracy: 0.9944 | Counter-attack accuracy: 0.9833
2026-02-11 07:46:36,625 - ADV_Generation_eps_0.0_steps_0_Added_Noise_uniform_Eps_24.0_Tau_Type_normal_anchors_num_anchors_4 - INFO - Batch 181/2463: Clean accuracy 0.9890 | Adv accuracy: 0.9890 | Counter-attack accuracy: 0.9779
2026-02-11 07:46:36,884 - ADV_Generation_eps_0.0_steps_0_Added_Noise_uniform_Eps_24.0_Tau_Type_normal_anchors_num_anchors_4 - INFO - Batch 182/2463: Clean accuracy 0.9835 | Adv accuracy: 0.9835 | Counter-attack accuracy: 0.9725
2026-02-11 07:46:37,143 - ADV_Generation_eps_0.0_steps_0_Added_Noise_uniform_Eps_24.0_Tau_Type_normal_anchors_num_anchors_4 - INFO - Batch 183/2463: Clean accuracy 0.9781 | Adv accuracy: 0.9781 | Counter-attack accuracy: 0.9672
2026-02-11 07:46:37,402 - ADV_Generation_eps_0.0_steps_0_Added_Noise_uniform_Eps_24.0_Tau_Type_normal_anchors_num_anchors_4 - INFO - Batch 184/2463: Clean accuracy 0.9728 | Adv accuracy: 0.9728 | Counter-attack accuracy: 0.9620
2026-02-11 07:46:37,661 - ADV_Generation_eps_0.0_steps_0_Added_Noise_uniform_Eps_24.0_Tau_Type_normal_anchors_num_anchors_4 - INFO - Batch 185/2463: Clean accuracy 0.9676 | Adv accuracy: 0.9676 | Counter-attack accuracy: 0.9568
2026-02-11 07:46:37,920 - ADV_Generation_eps_0.0_steps_0_Added_Noise_uniform_Eps_24.0_Tau_Type_normal_anchors_num_anchors_4 - INFO - Batch 186/2463: Clean accuracy 0.9624 | Adv accuracy: 0.9624 | Counter-attack accuracy: 0.9516
2026-02-11 07:46:38,179 - ADV_Generation_eps_0.0_steps_0_Added_Noise_uniform_Eps_24.0_Tau_Type_normal_anchors_num_anchors_4 - INFO - Batch 187/2463: Clean accuracy 0.9572 | Adv accuracy: 0.9572 | Counter-attack accuracy: 0.9465
2026-02-11 07:46:38,438 - ADV_Generation_eps_0.0_steps_0_Added_Noise_uniform_Eps_24.0_Tau_Type_normal_anchors_num_anchors_4 - INFO - Batch 188/2463: Clean accuracy 0.9521 | Adv accuracy: 0.9521 | Counter-attack accuracy: 0.9415
2026-02-11 07:46:38,696 - ADV_Generation_eps_0.0_steps_0_Added_Noise_uniform_Eps_24.0_Tau_Type_normal_anchors_num_anchors_4 - INFO - Batch 189/2463: Clean accuracy 0.9471 | Adv accuracy: 0.9471 | Counter-attack accuracy: 0.9365
2026-02-11 07:46:38,955 - ADV_Generation_eps_0.0_steps_0_Added_Noise_uniform_Eps_24.0_Tau_Type_normal_anchors_num_anchors_4 - INFO - Batch 190/2463: Clean accuracy 0.9421 | Adv accuracy: 0.9421 | Counter-attack accuracy: 0.9316
2026-02-11 07:46:39,214 - ADV_Generation_eps_0.0_steps_0_Added_Noise_uniform_Eps_24.0_Tau_Type_normal_anchors_num_anchors_4 - INFO - Batch 191/2463: Clean accuracy 0.9372 | Adv accuracy: 0.9372 | Counter-attack accuracy: 0.9267
2026-02-11 07:46:39,473 - ADV_Generation_eps_0.0_steps_0_Added_Noise_uniform_Eps_24.0_Tau_Type_normal_anchors_num_anchors_4 - INFO - Batch 192/2463: Clean accuracy 0.9323 | Adv accuracy: 0.9323 | Counter-attack accuracy: 0.9219
2026-02-11 07:46:39,732 - ADV_Generation_eps_0.0_steps_0_Added_Noise_uniform_Eps_24.0_Tau_Type_normal_anchors_num_anchors_4 - INFO - Batch 193/2463: Clean accuracy 0.9275 | Adv accuracy: 0.9275 | Counter-attack accuracy: 0.9171
2026-02-11 07:46:39,991 - ADV_Generation_eps_0.0_steps_0_Added_Noise_uniform_Eps_24.0_Tau_Type_normal_anchors_num_anchors_4 - INFO - Batch 194/2463: Clean accuracy 0.9227 | Adv accuracy: 0.9227 | Counter-attack accuracy: 0.9124
2026-02-11 07:46:40,250 - ADV_Generation_eps_0.0_steps_0_Added_Noise_uniform_Eps_24.0_Tau_Type_normal_anchors_num_anchors_4 - INFO - Batch 195/2463: Clean accuracy 0.9179 | Adv accuracy: 0.9179 | Counter-attack accuracy: 0.9077
2026-02-11 07:46:40,509 - ADV_Generation_eps_0.0_steps_0_Added_Noise_uniform_Eps_24.0_Tau_Type_normal_anchors_num_anchors_4 - INFO - Batch 196/2463: Clean accuracy 0.9133 | Adv accuracy: 0.9133 | Counter-attack accuracy: 0.9031
2026-02-11 07:46:40,768 - ADV_Generation_eps_0.0_steps_0_Added_Noise_uniform_Eps_24.0_Tau_Type_normal_anchors_num_anchors_4 - INFO - Batch 197/2463: Clean accuracy 0.9086 | Adv accuracy: 0.9086 | Counter-attack accuracy: 0.8985
2026-02-11 07:46:41,027 - ADV_Generation_eps_0.0_steps_0_Added_Noise_uniform_Eps_24.0_Tau_Type_normal_anchors_num_anchors_4 - INFO - Batch 198/2463: Clean accuracy 0.9040 | Adv accuracy: 0.9040 | Counter-attack accuracy: 0.8939
2026-02-11 07:46:41,286 - ADV_Generation_eps_0.0_steps_0_Added_Noise_uniform_Eps_24.0_Tau_Type_normal_anchors_num_anchors_4 - INFO - Batch 199/2463: Clean accuracy 0.8995 | Adv accuracy: 0.8995 | Counter-attack accuracy: 0.8894
2026-02-11 07:46:41,544 - ADV_Generation_eps_0.0_steps_0_Added_Noise_uniform_Eps_24.0_Tau_Type_normal_anchors_num_anchors_4 - INFO - Batch 200/2463: Clean accuracy 0.8950 | Adv accuracy: 0.8950 | Counter-attack accuracy: 0.8850
2026-02-11 07:46:41,803 - ADV_Generation_eps_0.0_steps_0_Added_Noise_uniform_Eps_24.0_Tau_Type_normal_anchors_num_anchors_4 - INFO - Batch 201/2463: Clean accuracy 0.8905 | Adv accuracy: 0.8905 | Counter-attack accuracy: 0.8806
2026-02-11 07:46:42,062 - ADV_Generation_eps_0.0_steps_0_Added_Noise_uniform_Eps_24.0_Tau_Type_normal_anchors_num_anchors_4 - INFO - Batch 202/2463: Clean accuracy 0.8861 | Adv accuracy: 0.8861 | Counter-attack accuracy: 0.8762
2026-02-11 07:46:42,321 - ADV_Generation_eps_0.0_steps_0_Added_Noise_uniform_Eps_24.0_Tau_Type_normal_anchors_num_anchors_4 - INFO - Batch 203/2463: Clean accuracy 0.8818 | Adv accuracy: 0.8818 | Counter-attack accuracy: 0.8719
2026-02-11 07:46:42,580 - ADV_Generation_eps_0.0_steps_0_Added_Noise_uniform_Eps_24.0_Tau_Type_normal_anchors_num_anchors_4 - INFO - Batch 204/2463: Clean accuracy 0.8775 | Adv accuracy: 0.8775 | Counter-attack accuracy: 0.8676
2026-02-11 07:46:42,839 - ADV_Generation_eps_0.0_steps_0_Added_Noise_uniform_Eps_24.0_Tau_Type_normal_anchors_num_anchors_4 - INFO - Batch 205/2463: Clean accuracy 0.8732 | Adv accuracy: 0.8732 | Counter-attack accuracy: 0.8634
2026-02-11 07:46:43,098 - ADV_Generation_eps_0.0_steps_0_Added_Noise_uniform_Eps_24.0_Tau_Type_normal_anchors_num_anchors_4 - INFO - Batch 206/2463: Clean accuracy 0.8689 | Adv accuracy: 0.8689 | Counter-attack accuracy: 0.8592
2026-02-11 07:46:43,357 - ADV_Generation_eps_0.0_steps_0_Added_Noise_uniform_Eps_24.0_Tau_Type_normal_anchors_num_anchors_4 - INFO - Batch 207/2463: Clean accuracy 0.8647 | Adv accuracy: 0.8647 | Counter-attack accuracy: 0.8551
2026-02-11 07:46:43,616 - ADV_Generation_eps_0.0_steps_0_Added_Noise_uniform_Eps_24.0_Tau_Type_normal_anchors_num_anchors_4 - INFO - Batch 208/2463: Clean accuracy 0.8606 | Adv accuracy: 0.8606 | Counter-attack accuracy: 0.8510
2026-02-11 07:46:43,875 - ADV_Generation_eps_0.0_steps_0_Added_Noise_uniform_Eps_24.0_Tau_Type_normal_anchors_num_anchors_4 - INFO - Batch 209/2463: Clean accuracy 0.8565 | Adv accuracy: 0.8565 | Counter-attack accuracy: 0.8469
2026-02-11 07:46:44,134 - ADV_Generation_eps_0.0_steps_0_Added_Noise_uniform_Eps_24.0_Tau_Type_normal_anchors_num_anchors_4 - INFO - Batch 210/2463: Clean accuracy 0.8524 | Adv accuracy: 0.8524 | Counter-attack accuracy: 0.8429
2026-02-11 07:46:44,392 - ADV_Generation_eps_0.0_steps_0_Added_Noise_uniform_Eps_24.0_Tau_Type_normal_anchors_num_anchors_4 - INFO - Batch 211/2463: Clean accuracy 0.8483 | Adv accuracy: 0.8483 | Counter-attack accuracy: 0.8389
2026-02-11 07:46:44,651 - ADV_Generation_eps_0.0_steps_0_Added_Noise_uniform_Eps_24.0_Tau_Type_normal_anchors_num_anchors_4 - INFO - Batch 212/2463: Clean accuracy 0.8443 | Adv accuracy: 0.8443 | Counter-attack accuracy: 0.8349
2026-02-11 07:46:44,910 - ADV_Generation_eps_0.0_steps_0_Added_Noise_uniform_Eps_24.0_Tau_Type_normal_anchors_num_anchors_4 - INFO - Batch 213/2463: Clean accuracy 0.8404 | Adv accuracy: 0.8404 | Counter-attack accuracy: 0.8310
2026-02-11 07:46:45,169 - ADV_Generation_eps_0.0_steps_0_Added_Noise_uniform_Eps_24.0_Tau_Type_normal_anchors_num_anchors_4 - INFO - Batch 214/2463: Clean accuracy 0.8364 | Adv accuracy: 0.8364 | Counter-attack accuracy: 0.8271
2026-02-11 07:46:45,428 - ADV_Generation_eps_0.0_steps_0_Added_Noise_uniform_Eps_24.0_Tau_Type_normal_anchors_num_anchors_4 - INFO - Batch 215/2463: Clean accuracy 0.8326 | Adv accuracy: 0.8326 | Counter-attack accuracy: 0.8233
2026-02-11 07:46:45,687 - ADV_Generation_eps_0.0_steps_0_Added_Noise_uniform_Eps_24.0_Tau_Type_normal_anchors_num_anchors_4 - INFO - Batch 216/2463: Clean accuracy 0.8287 | Adv accuracy: 0.8287 | Counter-attack accuracy: 0.8194
2026-02-11 07:46:45,946 - ADV_Generation_eps_0.0_steps_0_Added_Noise_uniform_Eps_24.0_Tau_Type_normal_anchors_num_anchors_4 - INFO - Batch 217/2463: Clean accuracy 0.8249 | Adv accuracy: 0.8249 | Counter-attack accuracy: 0.8157
2026-02-11 07:46:46,205 - ADV_Generation_eps_0.0_steps_0_Added_Noise_uniform_Eps_24.0_Tau_Type_normal_anchors_num_anchors_4 - INFO - Batch 218/2463: Clean accuracy 0.8211 | Adv accuracy: 0.8211 | Counter-attack accuracy: 0.8119
2026-02-11 07:46:46,464 - ADV_Generation_eps_0.0_steps_0_Added_Noise_uniform_Eps_24.0_Tau_Type_normal_anchors_num_anchors_4 - INFO - Batch 219/2463: Clean accuracy 0.8174 | Adv accuracy: 0.8174 | Counter-attack accuracy: 0.8082
2026-02-11 07:46:46,723 - ADV_Generation_eps_0.0_steps_0_Added_Noise_uniform_Eps_24.0_Tau_Type_normal_anchors_num_anchors_4 - INFO - Batch 220/2463: Clean accuracy 0.8136 | Adv accuracy: 0.8136 | Counter-attack accuracy: 0.8045
2026-02-11 07:46:46,982 - ADV_Generation_eps_0.0_steps_0_Added_Noise_uniform_Eps_24.0_Tau_Type_normal_anchors_num_anchors_4 - INFO - Batch 221/2463: Clean accuracy 0.8100 | Adv accuracy: 0.8100 | Counter-attack accuracy: 0.8009
2026-02-11 07:46:47,241 - ADV_Generation_eps_0.0_steps_0_Added_Noise_uniform_Eps_24.0_Tau_Type_normal_anchors_num_anchors_4 - INFO - Batch 222/2463: Clean accuracy 0.8063 | Adv accuracy: 0.8063 | Counter-attack accuracy: 0.7973
2026-02-11 07:46:47,500 - ADV_Generation_eps_0.0_steps_0_Added_Noise_uniform_Eps_24.0_Tau_Type_normal_anchors_num_anchors_4 - INFO - Batch 223/2463: Clean accuracy 0.8027 | Adv accuracy: 0.8027 | Counter-attack accuracy: 0.7937
2026-02-11 07:46:47,758 - ADV_Generation_eps_0.0_steps_0_Added_Noise_uniform_Eps_24.0_Tau_Type_normal_anchors_num_anchors_4 - INFO - Batch 224/2463: Clean accuracy 0.7991 | Adv accuracy: 0.7991 | Counter-attack accuracy: 0.7902
2026-02-11 07:46:48,017 - ADV_Generation_eps_0.0_steps_0_Added_Noise_uniform_Eps_24.0_Tau_Type_normal_anchors_num_anchors_4 - INFO - Batch 225/2463: Clean accuracy 0.7956 | Adv accuracy: 0.7956 | Counter-attack accuracy: 0.7867
2026-02-11 07:46:48,276 - ADV_Generation_eps_0.0_steps_0_Added_Noise_uniform_Eps_24.0_Tau_Type_normal_anchors_num_anchors_4 - INFO - Batch 226/2463: Clean accuracy 0.7920 | Adv accuracy: 0.7920 | Counter-attack accuracy: 0.7832
2026-02-11 07:46:48,535 - ADV_Generation_eps_0.0_steps_0_Added_Noise_uniform_Eps_24.0_Tau_Type_normal_anchors_num_anchors_4 - INFO - Batch 227/2463: Clean accuracy 0.7885 | Adv accuracy: 0.7885 | Counter-attack accuracy: 0.7797
2026-02-11 07:46:48,794 - ADV_Generation_eps_0.0_steps_0_Added_Noise_uniform_Eps_24.0_Tau_Type_normal_anchors_num_anchors_4 - INFO - Batch 228/2463: Clean accuracy 0.7851 | Adv accuracy: 0.7851 | Counter-attack accuracy: 0.7763
2026-02-11 07:46:49,053 - ADV_Generation_eps_0.0_steps_0_Added_Noise_uniform_Eps_24.0_Tau_Type_normal_anchors_num_anchors_4 - INFO - Batch 229/2463: Clean accuracy 0.7817 | Adv accuracy: 0.7817 | Counter-attack accuracy: 0.7729
2026-02-11 07:46:49,312 - ADV_Generation_eps_0.0_steps_0_Added_Noise_uniform_Eps_24.0_Tau_Type_normal_anchors_num_anchors_4 - INFO - Batch 230/2463: Clean accuracy 0.7783 | Adv accuracy: 0.7783 | Counter-attack accuracy: 0.7696
2026-02-11 07:46:49,571 - ADV_Generation_eps_0.0_steps_0_Added_Noise_uniform_Eps_24.0_Tau_Type_normal_anchors_num_anchors_4 - INFO - Batch 231/2463: Clean accuracy 0.7749 | Adv accuracy: 0.7749 | Counter-attack accuracy: 0.7662
2026-02-11 07:46:49,830 - ADV_Generation_eps_0.0_steps_0_Added_Noise_uniform_Eps_24.0_Tau_Type_normal_anchors_num_anchors_4 - INFO - Batch 232/2463: Clean accuracy 0.7716 | Adv accuracy: 0.7716 | Counter-attack accuracy: 0.7629
2026-02-11 07:46:50,089 - ADV_Generation_eps_0.0_steps_0_Added_Noise_uniform_Eps_24.0_Tau_Type_normal_anchors_num_anchors_4 - INFO - Batch 233/2463: Clean accuracy 0.7682 | Adv accuracy: 0.7682 | Counter-attack accuracy: 0.7597
2026-02-11 07:46:50,348 - ADV_Generation_eps_0.0_steps_0_Added_Noise_uniform_Eps_24.0_Tau_Type_normal_anchors_num_anchors_4 - INFO - Batch 234/2463: Clean accuracy 0.7650 | Adv accuracy: 0.7650 | Counter-attack accuracy: 0.7564
2026-02-11 07:46:50,607 - ADV_Generation_eps_0.0_steps_0_Added_Noise_uniform_Eps_24.0_Tau_Type_normal_anchors_num_anchors_4 - INFO - Batch 235/2463: Clean accuracy 0.7660 | Adv accuracy: 0.7660 | Counter-attack accuracy: 0.7574
2026-02-11 07:46:50,866 - ADV_Generation_eps_0.0_steps_0_Added_Noise_uniform_Eps_24.0_Tau_Type_normal_anchors_num_anchors_4 - INFO - Batch 236/2463: Clean accuracy 0.7669 | Adv accuracy: 0.7669 | Counter-attack accuracy: 0.7585
2026-02-11 07:46:51,125 - ADV_Generation_eps_0.0_steps_0_Added_Noise_uniform_Eps_24.0_Tau_Type_normal_anchors_num_anchors_4 - INFO - Batch 237/2463: Clean accuracy 0.7679 | Adv accuracy: 0.7679 | Counter-attack accuracy: 0.7595
2026-02-11 07:46:51,383 - ADV_Generation_eps_0.0_steps_0_Added_Noise_uniform_Eps_24.0_Tau_Type_normal_anchors_num_anchors_4 - INFO - Batch 238/2463: Clean accuracy 0.7689 | Adv accuracy: 0.7689 | Counter-attack accuracy: 0.7605
2026-02-11 07:46:51,642 - ADV_Generation_eps_0.0_steps_0_Added_Noise_uniform_Eps_24.0_Tau_Type_normal_anchors_num_anchors_4 - INFO - Batch 239/2463: Clean accuracy 0.7699 | Adv accuracy: 0.7699 | Counter-attack accuracy: 0.7615
2026-02-11 07:46:51,901 - ADV_Generation_eps_0.0_steps_0_Added_Noise_uniform_Eps_24.0_Tau_Type_normal_anchors_num_anchors_4 - INFO - Batch 240/2463: Clean accuracy 0.7708 | Adv accuracy: 0.7708 | Counter-attack accuracy: 0.7625
2026-02-11 07:46:52,160 - ADV_Generation_eps_0.0_steps_0_Added_Noise_uniform_Eps_24.0_Tau_Type_normal_anchors_num_anchors_4 - INFO - Batch 241/2463: Clean accuracy 0.7718 | Adv accuracy: 0.7718 | Counter-attack accuracy: 0.7635
2026-02-11 07:46:52,419 - ADV_Generation_eps_0.0_steps_0_Added_Noise_uniform_Eps_24.0_Tau_Type_normal_anchors_num_anchors_4 - INFO - Batch 242/2463: Clean accuracy 0.7727 | Adv accuracy: 0.7727 | Counter-attack accuracy: 0.7645
2026-02-11 07:46:52,678 - ADV_Generation_eps_0.0_steps_0_Added_Noise_uniform_Eps_24.0_Tau_Type_normal_anchors_num_anchors_4 - INFO - Batch 243/2463: Clean accuracy 0.7737 | Adv accuracy: 0.7737 | Counter-attack accuracy: 0.7654
2026-02-11 07:46:52,937 - ADV_Generation_eps_0.0_steps_0_Added_Noise_uniform_Eps_24.0_Tau_Type_normal_anchors_num_anchors_4 - INFO - Batch 244/2463: Clean accuracy 0.7746 | Adv accuracy: 0.7746 | Counter-attack accuracy: 0.7664
2026-02-11 07:46:53,196 - ADV_Generation_eps_0.0_steps_0_Added_Noise_uniform_Eps_24.0_Tau_Type_normal_anchors_num_anchors_4 - INFO - Batch 245/2463: Clean accuracy 0.7755 | Adv accuracy: 0.7755 | Counter-attack accuracy: 0.7673
2026-02-11 07:46:53,455 - ADV_Generation_eps_0.0_steps_0_Added_Noise_uniform_Eps_24.0_Tau_Type_normal_anchors_num_anchors_4 - INFO - Batch 246/2463: Clean accuracy 0.7764 | Adv accuracy: 0.7764 | Counter-attack accuracy: 0.7683
2026-02-11 07:46:53,714 - ADV_Generation_eps_0.0_steps_0_Added_Noise_uniform_Eps_24.0_Tau_Type_normal_anchors_num_anchors_4 - INFO - Batch 247/2463: Clean accuracy 0.7773 | Adv accuracy: 0.7773 | Counter-attack accuracy: 0.7692
2026-02-11 07:46:53,972 - ADV_Generation_eps_0.0_steps_0_Added_Noise_uniform_Eps_24.0_Tau_Type_normal_anchors_num_anchors_4 - INFO - Batch 248/2463: Clean accuracy 0.7782 | Adv accuracy: 0.7782 | Counter-attack accuracy: 0.7702
2026-02-11 07:46:54,231 - ADV_Generation_eps_0.0_steps_0_Added_Noise_uniform_Eps_24.0_Tau_Type_normal_anchors_num_anchors_4 - INFO - Batch 249/2463: Clean accuracy 0.7791 | Adv accuracy: 0.7791 | Counter-attack accuracy: 0.7711
2026-02-11 07:46:54,490 - ADV_Generation_eps_0.0_steps_0_Added_Noise_uniform_Eps_24.0_Tau_Type_normal_anchors_num_anchors_4 - INFO - Batch 250/2463: Clean accuracy 0.7800 | Adv accuracy: 0.7800 | Counter-attack accuracy: 0.7720
