2026-02-02 12:42:23,116 - ADV_Generation_eps_4.0_steps_10_image_only_attack_prm_Added_Noise_gaussian_Sigma_0.24_Tau_Type_noisy - INFO - ==========================================
data:/leonardo_work/EUHPC_R04_192/fmohamma/Adversarial_Robust_Clip/atpt_data/downstream_datasets
test_sets:DTD
dataset_mode:test
arch:delta_clip_l14_224
resolution:224
transferability:False
source_model:fare4
workers:4
no_pin_memory:False
batch_size:1
adv_bs:1
print_freq:20
gpu:0
no_cudnn_benchmark:False
n_ctx:4
ctx_init:a_photo_of_a
seed:0
output_dir:/leonardo_work/EUHPC_R04_192/fmohamma/Adversarial_Robust_Clip/atpt_data/delta_clip_l14_224/DTD
log_output_dir:/leonardo_work/EUHPC_R04_192/fmohamma/Adversarial_Robust_Clip/ATPT/Diffratio_Adv_gen_Results/delta_clip_l14_224/DTD/ADV_Generation_eps_4.0_steps_10_image_only_attack_prm_Added_Noise_gaussian_Sigma_0.24_Tau_Type_noisy
image_only_attack:True
image_only_attack_type:prm
image_predicted_label_attack:False
eps:4.0
alpha:1.0
alpha_eps_ratio:4.0
steps:10
counter_attack:True
counter_attack_type:pgd
counter_attack_steps:0
counter_attack_eps:1.0
counter_attack_alpha:1.0
counter_attack_tau_thres:0.2
counter_attack_beta:2.0
counter_attack_weighted_perturbations:True
counter_attack_init_noise:gaussian
counter_attack_gaussian_sigma:0.24
counter_attack_noisy_tau_num_anchors:10
counter_attack_tau:noisy
pgd_clip_pure_i_text_embeddings:null
pgd_counter_and_clipure_i_lamda:1.0
image_feature_purify:False
image_feature_purify_type:noisy_anchor
image_feature_purify_noisy_anchors:10
image_feature_purify_anchors_alpha:1.2
image_feature_purify_noisy_sigma:0.18
image_feature_purify_diff_threshold:0.0
image_feature_clipure_steps:10
image_feature_clipure_step_size:10.0
save_plots:False
lr:0.005
selection_p:0.1
tta_steps:1
top_k:20
softmax_temp:0.01
load_tecoa:

2026-02-02 12:42:23,117 - ADV_Generation_eps_4.0_steps_10_image_only_attack_prm_Added_Noise_gaussian_Sigma_0.24_Tau_Type_noisy - INFO - Use GPU: 0 for training
2026-02-02 12:43:20,778 - ADV_Generation_eps_4.0_steps_10_image_only_attack_prm_Added_Noise_gaussian_Sigma_0.24_Tau_Type_noisy - INFO - => Model created: visual backbone delta_clip_l14_224
2026-02-02 12:43:20,787 - ADV_Generation_eps_4.0_steps_10_image_only_attack_prm_Added_Noise_gaussian_Sigma_0.24_Tau_Type_noisy - INFO - Number of test samples: 1692
2026-02-02 12:43:20,787 - ADV_Generation_eps_4.0_steps_10_image_only_attack_prm_Added_Noise_gaussian_Sigma_0.24_Tau_Type_noisy - INFO - Evaluating dataset: DTD
2026-02-02 12:43:20,788 - ADV_Generation_eps_4.0_steps_10_image_only_attack_prm_Added_Noise_gaussian_Sigma_0.24_Tau_Type_noisy - INFO - Starting evaluation with batch size: 1, selection percentage: 0.1
2026-02-02 12:43:20,788 - ADV_Generation_eps_4.0_steps_10_image_only_attack_prm_Added_Noise_gaussian_Sigma_0.24_Tau_Type_noisy - INFO - Using counter-attack with epsilon: 1.000000, alpha: 1.000000, steps: 0
2026-02-02 12:43:20,788 - ADV_Generation_eps_4.0_steps_10_image_only_attack_prm_Added_Noise_gaussian_Sigma_0.24_Tau_Type_noisy - INFO - Adversarial examples will be loaded from /leonardo_work/EUHPC_R04_192/fmohamma/Adversarial_Robust_Clip/atpt_data/delta_clip_l14_224/DTD/adv_images_eps_4.0_alpha_1.0_steps_10_image_only_attack_prm and evaluated on delta_clip_l14_224
2026-02-02 12:43:20,805 - ADV_Generation_eps_4.0_steps_10_image_only_attack_prm_Added_Noise_gaussian_Sigma_0.24_Tau_Type_noisy - INFO - Using directory for adversarial images: /leonardo_work/EUHPC_R04_192/fmohamma/Adversarial_Robust_Clip/atpt_data/delta_clip_l14_224/DTD/adv_images_eps_4.0_alpha_1.0_steps_10_image_only_attack_prm
2026-02-02 12:43:21,085 - ADV_Generation_eps_4.0_steps_10_image_only_attack_prm_Added_Noise_gaussian_Sigma_0.24_Tau_Type_noisy - INFO - Batch:[0] Adversarial images for this batch already exist
2026-02-02 12:43:31,561 - ADV_Generation_eps_4.0_steps_10_image_only_attack_prm_Added_Noise_gaussian_Sigma_0.24_Tau_Type_noisy - INFO - Batch 1/1692: Clean accuracy 0.0000 | Adv accuracy: 0.0000 | Counter-attack accuracy: 0.0000
2026-02-02 12:43:31,562 - ADV_Generation_eps_4.0_steps_10_image_only_attack_prm_Added_Noise_gaussian_Sigma_0.24_Tau_Type_noisy - INFO - Batch:[1] Adversarial images for this batch already exist
2026-02-02 12:43:31,829 - ADV_Generation_eps_4.0_steps_10_image_only_attack_prm_Added_Noise_gaussian_Sigma_0.24_Tau_Type_noisy - INFO - Batch 2/1692: Clean accuracy 0.0000 | Adv accuracy: 0.0000 | Counter-attack accuracy: 0.0000
2026-02-02 12:43:31,830 - ADV_Generation_eps_4.0_steps_10_image_only_attack_prm_Added_Noise_gaussian_Sigma_0.24_Tau_Type_noisy - INFO - Batch:[2] Adversarial images for this batch already exist
2026-02-02 12:43:32,104 - ADV_Generation_eps_4.0_steps_10_image_only_attack_prm_Added_Noise_gaussian_Sigma_0.24_Tau_Type_noisy - INFO - Batch 3/1692: Clean accuracy 0.0000 | Adv accuracy: 0.0000 | Counter-attack accuracy: 0.0000
2026-02-02 12:43:32,105 - ADV_Generation_eps_4.0_steps_10_image_only_attack_prm_Added_Noise_gaussian_Sigma_0.24_Tau_Type_noisy - INFO - Batch:[3] Adversarial images for this batch already exist
2026-02-02 12:43:32,368 - ADV_Generation_eps_4.0_steps_10_image_only_attack_prm_Added_Noise_gaussian_Sigma_0.24_Tau_Type_noisy - INFO - Batch 4/1692: Clean accuracy 0.0000 | Adv accuracy: 0.0000 | Counter-attack accuracy: 0.0000
2026-02-02 12:43:32,368 - ADV_Generation_eps_4.0_steps_10_image_only_attack_prm_Added_Noise_gaussian_Sigma_0.24_Tau_Type_noisy - INFO - Batch:[4] Adversarial images for this batch already exist
2026-02-02 12:43:32,646 - ADV_Generation_eps_4.0_steps_10_image_only_attack_prm_Added_Noise_gaussian_Sigma_0.24_Tau_Type_noisy - INFO - Batch 5/1692: Clean accuracy 0.0000 | Adv accuracy: 0.0000 | Counter-attack accuracy: 0.0000
2026-02-02 12:43:32,647 - ADV_Generation_eps_4.0_steps_10_image_only_attack_prm_Added_Noise_gaussian_Sigma_0.24_Tau_Type_noisy - INFO - Batch:[5] Adversarial images for this batch already exist
2026-02-02 12:43:32,950 - ADV_Generation_eps_4.0_steps_10_image_only_attack_prm_Added_Noise_gaussian_Sigma_0.24_Tau_Type_noisy - INFO - Batch 6/1692: Clean accuracy 0.0000 | Adv accuracy: 0.0000 | Counter-attack accuracy: 0.0000
2026-02-02 12:43:32,951 - ADV_Generation_eps_4.0_steps_10_image_only_attack_prm_Added_Noise_gaussian_Sigma_0.24_Tau_Type_noisy - INFO - Batch:[6] Adversarial images for this batch already exist
2026-02-02 12:43:33,219 - ADV_Generation_eps_4.0_steps_10_image_only_attack_prm_Added_Noise_gaussian_Sigma_0.24_Tau_Type_noisy - INFO - Batch 7/1692: Clean accuracy 0.0000 | Adv accuracy: 0.0000 | Counter-attack accuracy: 0.0000
2026-02-02 12:43:33,220 - ADV_Generation_eps_4.0_steps_10_image_only_attack_prm_Added_Noise_gaussian_Sigma_0.24_Tau_Type_noisy - INFO - Batch:[7] Adversarial images for this batch already exist
2026-02-02 12:43:33,495 - ADV_Generation_eps_4.0_steps_10_image_only_attack_prm_Added_Noise_gaussian_Sigma_0.24_Tau_Type_noisy - INFO - Batch 8/1692: Clean accuracy 0.0000 | Adv accuracy: 0.0000 | Counter-attack accuracy: 0.0000
2026-02-02 12:43:33,496 - ADV_Generation_eps_4.0_steps_10_image_only_attack_prm_Added_Noise_gaussian_Sigma_0.24_Tau_Type_noisy - INFO - Batch:[8] Adversarial images for this batch already exist
2026-02-02 12:43:33,766 - ADV_Generation_eps_4.0_steps_10_image_only_attack_prm_Added_Noise_gaussian_Sigma_0.24_Tau_Type_noisy - INFO - Batch 9/1692: Clean accuracy 0.0000 | Adv accuracy: 0.0000 | Counter-attack accuracy: 0.0000
2026-02-02 12:43:33,767 - ADV_Generation_eps_4.0_steps_10_image_only_attack_prm_Added_Noise_gaussian_Sigma_0.24_Tau_Type_noisy - INFO - Batch:[9] Adversarial images for this batch already exist
2026-02-02 12:43:34,033 - ADV_Generation_eps_4.0_steps_10_image_only_attack_prm_Added_Noise_gaussian_Sigma_0.24_Tau_Type_noisy - INFO - Batch 10/1692: Clean accuracy 0.0000 | Adv accuracy: 0.0000 | Counter-attack accuracy: 0.0000
2026-02-02 12:43:34,034 - ADV_Generation_eps_4.0_steps_10_image_only_attack_prm_Added_Noise_gaussian_Sigma_0.24_Tau_Type_noisy - INFO - Batch:[10] Adversarial images for this batch already exist
