2026-02-07 14:42:55,841 - ADV_Generation_eps_4.0_steps_100_Added_Noise_uniform_Eps_48.0_Tau_Type_normal_anchors - INFO - ==========================================
data:/leonardo_work/EUHPC_R04_192/fmohamma/Adversarial_Robust_Clip/atpt_data/downstream_datasets
test_sets:Pets
dataset_mode:test
arch:vit_l_14_datacomp_1b
resolution:224
transferability:False
source_model:fare4
workers:4
no_pin_memory:False
batch_size:1
adv_bs:1
print_freq:20
gpu:0
no_cudnn_benchmark:False
n_ctx:4
ctx_init:a_photo_of_a
seed:0
output_dir:/leonardo_work/EUHPC_R04_192/fmohamma/Adversarial_Robust_Clip/atpt_data/vit_l_14_datacomp_1b/Pets
log_output_dir:/leonardo_work/EUHPC_R04_192/fmohamma/Adversarial_Robust_Clip/ATPT/Diffratio_Adv_gen_Results/vit_l_14_datacomp_1b/Pets/ADV_Generation_eps_4.0_steps_100_Added_Noise_uniform_Eps_48.0_Tau_Type_normal_anchors
image_only_attack:False
image_only_attack_type:prm
image_predicted_label_attack:False
eps:4.0
alpha:1.0
alpha_eps_ratio:4.0
steps:100
counter_attack:True
counter_attack_type:pgd
counter_attack_steps:0
counter_attack_eps:48.0
counter_attack_alpha:1.0
counter_attack_tau_thres:0.2
counter_attack_beta:2.0
counter_attack_weighted_perturbations:True
counter_attack_init_noise:uniform
counter_attack_gaussian_sigma:0.03
counter_attack_noisy_tau_num_anchors:10
counter_attack_tau:normal_anchors
pgd_clip_pure_i_text_embeddings:null
pgd_counter_and_clipure_i_lamda:1.0
image_feature_purify:False
image_feature_purify_type:noisy_anchor
image_feature_purify_noisy_anchors:10
image_feature_purify_anchors_alpha:1.2
image_feature_purify_noisy_sigma:0.18
image_feature_purify_diff_threshold:0.0
image_feature_clipure_steps:10
image_feature_clipure_step_size:10.0
save_plots:False
lr:0.005
selection_p:0.1
tta_steps:1
top_k:20
softmax_temp:0.01
load_tecoa:

2026-02-07 14:42:55,842 - ADV_Generation_eps_4.0_steps_100_Added_Noise_uniform_Eps_48.0_Tau_Type_normal_anchors - INFO - Use GPU: 0 for training
2026-02-07 14:43:46,287 - ADV_Generation_eps_4.0_steps_100_Added_Noise_uniform_Eps_48.0_Tau_Type_normal_anchors - INFO - => Model created: visual backbone vit_l_14_datacomp_1b
2026-02-07 14:43:46,302 - ADV_Generation_eps_4.0_steps_100_Added_Noise_uniform_Eps_48.0_Tau_Type_normal_anchors - INFO - Number of test samples: 3669
2026-02-07 14:43:46,303 - ADV_Generation_eps_4.0_steps_100_Added_Noise_uniform_Eps_48.0_Tau_Type_normal_anchors - INFO - Evaluating dataset: Pets
2026-02-07 14:43:46,304 - ADV_Generation_eps_4.0_steps_100_Added_Noise_uniform_Eps_48.0_Tau_Type_normal_anchors - INFO - Starting evaluation with batch size: 1, selection percentage: 0.1
2026-02-07 14:43:46,304 - ADV_Generation_eps_4.0_steps_100_Added_Noise_uniform_Eps_48.0_Tau_Type_normal_anchors - INFO - Using counter-attack with epsilon: 48.000000, alpha: 1.000000, steps: 0
2026-02-07 14:43:46,304 - ADV_Generation_eps_4.0_steps_100_Added_Noise_uniform_Eps_48.0_Tau_Type_normal_anchors - INFO - Adversarial examples will be loaded from /leonardo_work/EUHPC_R04_192/fmohamma/Adversarial_Robust_Clip/atpt_data/vit_l_14_datacomp_1b/Pets/adv_images_eps_4.0_alpha_1.0_steps_100 and evaluated on vit_l_14_datacomp_1b
2026-02-07 14:43:46,305 - ADV_Generation_eps_4.0_steps_100_Added_Noise_uniform_Eps_48.0_Tau_Type_normal_anchors - INFO - Using directory for adversarial images: /leonardo_work/EUHPC_R04_192/fmohamma/Adversarial_Robust_Clip/atpt_data/vit_l_14_datacomp_1b/Pets/adv_images_eps_4.0_alpha_1.0_steps_100
2026-02-07 14:43:46,616 - ADV_Generation_eps_4.0_steps_100_Added_Noise_uniform_Eps_48.0_Tau_Type_normal_anchors - INFO - Batch:[0] Adversarial images for this batch already exist
