2026-02-12 10:44:25,278 - ADV_Generation_eps_4.0_steps_100_Added_Noise_uniform_Eps_8.0_Tau_Type_normal_anchors_num_anchors_10 - INFO - ==========================================
data:/leonardo_work/EUHPC_R04_192/fmohamma/Adversarial_Robust_Clip/atpt_data/downstream_datasets
test_sets:Pets
dataset_mode:test
arch:fare4
resolution:224
transferability:False
source_model:fare4
workers:4
no_pin_memory:False
batch_size:1
adv_bs:1
print_freq:20
gpu:0
no_cudnn_benchmark:False
n_ctx:4
ctx_init:a_photo_of_a
seed:0
output_dir:/leonardo_work/EUHPC_R04_192/fmohamma/Adversarial_Robust_Clip/atpt_data/fare4/Pets
log_output_dir:/leonardo_work/EUHPC_R04_192/fmohamma/Adversarial_Robust_Clip/ATPT/Diffratio_v3/fare4/Pets/ADV_Generation_eps_4.0_steps_100_Added_Noise_uniform_Eps_8.0_Tau_Type_normal_anchors_num_anchors_10
image_only_attack:False
image_only_attack_type:prm
image_predicted_label_attack:False
eps:4.0
alpha:1.0
alpha_eps_ratio:4.0
steps:100
counter_attack:True
counter_attack_type:pgd
counter_attack_steps:0
counter_attack_eps:8.0
counter_attack_alpha:1.0
counter_attack_tau_thres:0.2
counter_attack_beta:2.0
counter_attack_weighted_perturbations:True
counter_attack_init_noise:uniform
counter_attack_gaussian_sigma:0.03
counter_attack_noisy_tau_num_anchors:10
counter_attack_tau:normal_anchors
pgd_clip_pure_i_text_embeddings:null
pgd_counter_and_clipure_i_lamda:1.0
image_feature_purify:False
image_feature_purify_type:noisy_anchor
image_feature_purify_noisy_anchors:10
image_feature_purify_anchors_alpha:1.2
image_feature_purify_noisy_sigma:0.18
image_feature_purify_diff_threshold:0.0
image_feature_clipure_steps:10
image_feature_clipure_step_size:10.0
save_plots:False
lr:0.005
selection_p:0.1
tta_steps:1
top_k:20
softmax_temp:0.01
load_tecoa:

2026-02-12 10:44:25,279 - ADV_Generation_eps_4.0_steps_100_Added_Noise_uniform_Eps_8.0_Tau_Type_normal_anchors_num_anchors_10 - INFO - Use GPU: 0 for training
2026-02-12 10:45:45,642 - ADV_Generation_eps_4.0_steps_100_Added_Noise_uniform_Eps_8.0_Tau_Type_normal_anchors_num_anchors_10 - INFO - => Model created: visual backbone fare4
2026-02-12 10:45:45,665 - ADV_Generation_eps_4.0_steps_100_Added_Noise_uniform_Eps_8.0_Tau_Type_normal_anchors_num_anchors_10 - INFO - Number of test samples: 3669
2026-02-12 10:45:45,665 - ADV_Generation_eps_4.0_steps_100_Added_Noise_uniform_Eps_8.0_Tau_Type_normal_anchors_num_anchors_10 - INFO - Evaluating dataset: Pets
2026-02-12 10:45:45,666 - ADV_Generation_eps_4.0_steps_100_Added_Noise_uniform_Eps_8.0_Tau_Type_normal_anchors_num_anchors_10 - INFO - Starting evaluation with batch size: 1, selection percentage: 0.1
2026-02-12 10:45:45,666 - ADV_Generation_eps_4.0_steps_100_Added_Noise_uniform_Eps_8.0_Tau_Type_normal_anchors_num_anchors_10 - INFO - Using counter-attack with epsilon: 8.000000, alpha: 1.000000, steps: 0
2026-02-12 10:45:45,666 - ADV_Generation_eps_4.0_steps_100_Added_Noise_uniform_Eps_8.0_Tau_Type_normal_anchors_num_anchors_10 - INFO - Adversarial examples will be loaded from /leonardo_work/EUHPC_R04_192/fmohamma/Adversarial_Robust_Clip/atpt_data/fare4/Pets/adv_images_eps_4.0_alpha_1.0_steps_100 and evaluated on fare4
2026-02-12 10:45:45,668 - ADV_Generation_eps_4.0_steps_100_Added_Noise_uniform_Eps_8.0_Tau_Type_normal_anchors_num_anchors_10 - INFO - Using directory for adversarial images: /leonardo_work/EUHPC_R04_192/fmohamma/Adversarial_Robust_Clip/atpt_data/fare4/Pets/adv_images_eps_4.0_alpha_1.0_steps_100
2026-02-12 10:45:46,033 - ADV_Generation_eps_4.0_steps_100_Added_Noise_uniform_Eps_8.0_Tau_Type_normal_anchors_num_anchors_10 - INFO - Batch:[0] Adversarial images for this batch already exist
2026-02-12 10:45:46,631 - ADV_Generation_eps_4.0_steps_100_Added_Noise_uniform_Eps_8.0_Tau_Type_normal_anchors_num_anchors_10 - INFO - Batch 1/3669: Clean accuracy 0.0000 | Adv accuracy: 0.0000 | Counter-attack accuracy: 0.0000
2026-02-12 10:45:46,633 - ADV_Generation_eps_4.0_steps_100_Added_Noise_uniform_Eps_8.0_Tau_Type_normal_anchors_num_anchors_10 - INFO - Batch:[1] Adversarial images for this batch already exist
2026-02-12 10:45:46,936 - ADV_Generation_eps_4.0_steps_100_Added_Noise_uniform_Eps_8.0_Tau_Type_normal_anchors_num_anchors_10 - INFO - Batch 2/3669: Clean accuracy 0.5000 | Adv accuracy: 0.0000 | Counter-attack accuracy: 0.0000
2026-02-12 10:45:46,938 - ADV_Generation_eps_4.0_steps_100_Added_Noise_uniform_Eps_8.0_Tau_Type_normal_anchors_num_anchors_10 - INFO - Batch:[2] Adversarial images for this batch already exist
2026-02-12 10:45:47,219 - ADV_Generation_eps_4.0_steps_100_Added_Noise_uniform_Eps_8.0_Tau_Type_normal_anchors_num_anchors_10 - INFO - Batch 3/3669: Clean accuracy 0.6667 | Adv accuracy: 0.3333 | Counter-attack accuracy: 0.3333
2026-02-12 10:45:47,221 - ADV_Generation_eps_4.0_steps_100_Added_Noise_uniform_Eps_8.0_Tau_Type_normal_anchors_num_anchors_10 - INFO - Batch:[3] Adversarial images for this batch already exist
2026-02-12 10:45:47,547 - ADV_Generation_eps_4.0_steps_100_Added_Noise_uniform_Eps_8.0_Tau_Type_normal_anchors_num_anchors_10 - INFO - Batch 4/3669: Clean accuracy 0.5000 | Adv accuracy: 0.2500 | Counter-attack accuracy: 0.2500
2026-02-12 10:45:47,549 - ADV_Generation_eps_4.0_steps_100_Added_Noise_uniform_Eps_8.0_Tau_Type_normal_anchors_num_anchors_10 - INFO - Batch:[4] Adversarial images for this batch already exist
2026-02-12 10:45:47,857 - ADV_Generation_eps_4.0_steps_100_Added_Noise_uniform_Eps_8.0_Tau_Type_normal_anchors_num_anchors_10 - INFO - Batch 5/3669: Clean accuracy 0.4000 | Adv accuracy: 0.2000 | Counter-attack accuracy: 0.2000
2026-02-12 10:45:47,859 - ADV_Generation_eps_4.0_steps_100_Added_Noise_uniform_Eps_8.0_Tau_Type_normal_anchors_num_anchors_10 - INFO - Batch:[5] Adversarial images for this batch already exist
2026-02-12 10:45:48,240 - ADV_Generation_eps_4.0_steps_100_Added_Noise_uniform_Eps_8.0_Tau_Type_normal_anchors_num_anchors_10 - INFO - Batch 6/3669: Clean accuracy 0.3333 | Adv accuracy: 0.1667 | Counter-attack accuracy: 0.1667
2026-02-12 10:45:48,242 - ADV_Generation_eps_4.0_steps_100_Added_Noise_uniform_Eps_8.0_Tau_Type_normal_anchors_num_anchors_10 - INFO - Batch:[6] Adversarial images for this batch already exist
2026-02-12 10:45:48,526 - ADV_Generation_eps_4.0_steps_100_Added_Noise_uniform_Eps_8.0_Tau_Type_normal_anchors_num_anchors_10 - INFO - Batch 7/3669: Clean accuracy 0.2857 | Adv accuracy: 0.1429 | Counter-attack accuracy: 0.1429
2026-02-12 10:45:48,527 - ADV_Generation_eps_4.0_steps_100_Added_Noise_uniform_Eps_8.0_Tau_Type_normal_anchors_num_anchors_10 - INFO - Batch:[7] Adversarial images for this batch already exist
2026-02-12 10:45:49,288 - ADV_Generation_eps_4.0_steps_100_Added_Noise_uniform_Eps_8.0_Tau_Type_normal_anchors_num_anchors_10 - INFO - Batch 8/3669: Clean accuracy 0.3750 | Adv accuracy: 0.2500 | Counter-attack accuracy: 0.2500
2026-02-12 10:45:49,289 - ADV_Generation_eps_4.0_steps_100_Added_Noise_uniform_Eps_8.0_Tau_Type_normal_anchors_num_anchors_10 - INFO - Batch:[8] Adversarial images for this batch already exist
2026-02-12 10:45:49,752 - ADV_Generation_eps_4.0_steps_100_Added_Noise_uniform_Eps_8.0_Tau_Type_normal_anchors_num_anchors_10 - INFO - Batch 9/3669: Clean accuracy 0.3333 | Adv accuracy: 0.2222 | Counter-attack accuracy: 0.2222
2026-02-12 10:45:49,754 - ADV_Generation_eps_4.0_steps_100_Added_Noise_uniform_Eps_8.0_Tau_Type_normal_anchors_num_anchors_10 - INFO - Batch:[9] Adversarial images for this batch already exist
2026-02-12 10:45:50,133 - ADV_Generation_eps_4.0_steps_100_Added_Noise_uniform_Eps_8.0_Tau_Type_normal_anchors_num_anchors_10 - INFO - Batch 10/3669: Clean accuracy 0.4000 | Adv accuracy: 0.2000 | Counter-attack accuracy: 0.3000
2026-02-12 10:45:50,135 - ADV_Generation_eps_4.0_steps_100_Added_Noise_uniform_Eps_8.0_Tau_Type_normal_anchors_num_anchors_10 - INFO - Batch:[10] Adversarial images for this batch already exist
2026-02-12 10:45:50,500 - ADV_Generation_eps_4.0_steps_100_Added_Noise_uniform_Eps_8.0_Tau_Type_normal_anchors_num_anchors_10 - INFO - Batch 11/3669: Clean accuracy 0.3636 | Adv accuracy: 0.1818 | Counter-attack accuracy: 0.2727
2026-02-12 10:45:50,501 - ADV_Generation_eps_4.0_steps_100_Added_Noise_uniform_Eps_8.0_Tau_Type_normal_anchors_num_anchors_10 - INFO - Batch:[11] Adversarial images for this batch already exist
2026-02-12 10:45:50,777 - ADV_Generation_eps_4.0_steps_100_Added_Noise_uniform_Eps_8.0_Tau_Type_normal_anchors_num_anchors_10 - INFO - Batch 12/3669: Clean accuracy 0.4167 | Adv accuracy: 0.1667 | Counter-attack accuracy: 0.2500
2026-02-12 10:45:50,778 - ADV_Generation_eps_4.0_steps_100_Added_Noise_uniform_Eps_8.0_Tau_Type_normal_anchors_num_anchors_10 - INFO - Batch:[12] Adversarial images for this batch already exist
2026-02-12 10:45:51,186 - ADV_Generation_eps_4.0_steps_100_Added_Noise_uniform_Eps_8.0_Tau_Type_normal_anchors_num_anchors_10 - INFO - Batch 13/3669: Clean accuracy 0.4615 | Adv accuracy: 0.1538 | Counter-attack accuracy: 0.2308
2026-02-12 10:45:51,187 - ADV_Generation_eps_4.0_steps_100_Added_Noise_uniform_Eps_8.0_Tau_Type_normal_anchors_num_anchors_10 - INFO - Batch:[13] Adversarial images for this batch already exist
2026-02-12 10:45:51,478 - ADV_Generation_eps_4.0_steps_100_Added_Noise_uniform_Eps_8.0_Tau_Type_normal_anchors_num_anchors_10 - INFO - Batch 14/3669: Clean accuracy 0.4286 | Adv accuracy: 0.1429 | Counter-attack accuracy: 0.2143
2026-02-12 10:45:51,483 - ADV_Generation_eps_4.0_steps_100_Added_Noise_uniform_Eps_8.0_Tau_Type_normal_anchors_num_anchors_10 - INFO - Batch:[14] Adversarial images for this batch already exist
2026-02-12 10:45:52,077 - ADV_Generation_eps_4.0_steps_100_Added_Noise_uniform_Eps_8.0_Tau_Type_normal_anchors_num_anchors_10 - INFO - Batch 15/3669: Clean accuracy 0.4000 | Adv accuracy: 0.1333 | Counter-attack accuracy: 0.2000
2026-02-12 10:45:52,078 - ADV_Generation_eps_4.0_steps_100_Added_Noise_uniform_Eps_8.0_Tau_Type_normal_anchors_num_anchors_10 - INFO - Batch:[15] Adversarial images for this batch already exist
2026-02-12 10:45:52,655 - ADV_Generation_eps_4.0_steps_100_Added_Noise_uniform_Eps_8.0_Tau_Type_normal_anchors_num_anchors_10 - INFO - Batch 16/3669: Clean accuracy 0.4375 | Adv accuracy: 0.1250 | Counter-attack accuracy: 0.1875
2026-02-12 10:45:52,657 - ADV_Generation_eps_4.0_steps_100_Added_Noise_uniform_Eps_8.0_Tau_Type_normal_anchors_num_anchors_10 - INFO - Batch:[16] Adversarial images for this batch already exist
2026-02-12 10:45:53,199 - ADV_Generation_eps_4.0_steps_100_Added_Noise_uniform_Eps_8.0_Tau_Type_normal_anchors_num_anchors_10 - INFO - Batch 17/3669: Clean accuracy 0.4118 | Adv accuracy: 0.1176 | Counter-attack accuracy: 0.1765
2026-02-12 10:45:53,200 - ADV_Generation_eps_4.0_steps_100_Added_Noise_uniform_Eps_8.0_Tau_Type_normal_anchors_num_anchors_10 - INFO - Batch:[17] Adversarial images for this batch already exist
2026-02-12 10:45:53,586 - ADV_Generation_eps_4.0_steps_100_Added_Noise_uniform_Eps_8.0_Tau_Type_normal_anchors_num_anchors_10 - INFO - Batch 18/3669: Clean accuracy 0.4444 | Adv accuracy: 0.1111 | Counter-attack accuracy: 0.1667
2026-02-12 10:45:53,587 - ADV_Generation_eps_4.0_steps_100_Added_Noise_uniform_Eps_8.0_Tau_Type_normal_anchors_num_anchors_10 - INFO - Batch:[18] Adversarial images for this batch already exist
2026-02-12 10:45:53,865 - ADV_Generation_eps_4.0_steps_100_Added_Noise_uniform_Eps_8.0_Tau_Type_normal_anchors_num_anchors_10 - INFO - Batch 19/3669: Clean accuracy 0.4737 | Adv accuracy: 0.1053 | Counter-attack accuracy: 0.1579
2026-02-12 10:45:53,867 - ADV_Generation_eps_4.0_steps_100_Added_Noise_uniform_Eps_8.0_Tau_Type_normal_anchors_num_anchors_10 - INFO - Batch:[19] Adversarial images for this batch already exist
2026-02-12 10:45:54,281 - ADV_Generation_eps_4.0_steps_100_Added_Noise_uniform_Eps_8.0_Tau_Type_normal_anchors_num_anchors_10 - INFO - Batch 20/3669: Clean accuracy 0.5000 | Adv accuracy: 0.1000 | Counter-attack accuracy: 0.1500
2026-02-12 10:45:54,283 - ADV_Generation_eps_4.0_steps_100_Added_Noise_uniform_Eps_8.0_Tau_Type_normal_anchors_num_anchors_10 - INFO - Batch:[20] Adversarial images for this batch already exist
2026-02-12 10:45:54,578 - ADV_Generation_eps_4.0_steps_100_Added_Noise_uniform_Eps_8.0_Tau_Type_normal_anchors_num_anchors_10 - INFO - Batch 21/3669: Clean accuracy 0.4762 | Adv accuracy: 0.0952 | Counter-attack accuracy: 0.1429
2026-02-12 10:45:54,580 - ADV_Generation_eps_4.0_steps_100_Added_Noise_uniform_Eps_8.0_Tau_Type_normal_anchors_num_anchors_10 - INFO - Batch:[21] Adversarial images for this batch already exist
2026-02-12 10:45:55,143 - ADV_Generation_eps_4.0_steps_100_Added_Noise_uniform_Eps_8.0_Tau_Type_normal_anchors_num_anchors_10 - INFO - Batch 22/3669: Clean accuracy 0.5000 | Adv accuracy: 0.1364 | Counter-attack accuracy: 0.1818
2026-02-12 10:45:55,145 - ADV_Generation_eps_4.0_steps_100_Added_Noise_uniform_Eps_8.0_Tau_Type_normal_anchors_num_anchors_10 - INFO - Batch:[22] Adversarial images for this batch already exist
2026-02-12 10:45:55,420 - ADV_Generation_eps_4.0_steps_100_Added_Noise_uniform_Eps_8.0_Tau_Type_normal_anchors_num_anchors_10 - INFO - Batch 23/3669: Clean accuracy 0.5217 | Adv accuracy: 0.1739 | Counter-attack accuracy: 0.2174
2026-02-12 10:45:55,421 - ADV_Generation_eps_4.0_steps_100_Added_Noise_uniform_Eps_8.0_Tau_Type_normal_anchors_num_anchors_10 - INFO - Batch:[23] Adversarial images for this batch already exist
2026-02-12 10:45:55,960 - ADV_Generation_eps_4.0_steps_100_Added_Noise_uniform_Eps_8.0_Tau_Type_normal_anchors_num_anchors_10 - INFO - Batch 24/3669: Clean accuracy 0.5417 | Adv accuracy: 0.1667 | Counter-attack accuracy: 0.2500
2026-02-12 10:45:55,963 - ADV_Generation_eps_4.0_steps_100_Added_Noise_uniform_Eps_8.0_Tau_Type_normal_anchors_num_anchors_10 - INFO - Batch:[24] Adversarial images for this batch already exist
2026-02-12 10:45:56,813 - ADV_Generation_eps_4.0_steps_100_Added_Noise_uniform_Eps_8.0_Tau_Type_normal_anchors_num_anchors_10 - INFO - Batch 25/3669: Clean accuracy 0.5600 | Adv accuracy: 0.1600 | Counter-attack accuracy: 0.2400
2026-02-12 10:45:56,814 - ADV_Generation_eps_4.0_steps_100_Added_Noise_uniform_Eps_8.0_Tau_Type_normal_anchors_num_anchors_10 - INFO - Batch:[25] Adversarial images for this batch already exist
2026-02-12 10:45:57,086 - ADV_Generation_eps_4.0_steps_100_Added_Noise_uniform_Eps_8.0_Tau_Type_normal_anchors_num_anchors_10 - INFO - Batch 26/3669: Clean accuracy 0.5769 | Adv accuracy: 0.1538 | Counter-attack accuracy: 0.2308
2026-02-12 10:45:57,087 - ADV_Generation_eps_4.0_steps_100_Added_Noise_uniform_Eps_8.0_Tau_Type_normal_anchors_num_anchors_10 - INFO - Batch:[26] Adversarial images for this batch already exist
2026-02-12 10:45:57,399 - ADV_Generation_eps_4.0_steps_100_Added_Noise_uniform_Eps_8.0_Tau_Type_normal_anchors_num_anchors_10 - INFO - Batch 27/3669: Clean accuracy 0.5926 | Adv accuracy: 0.1481 | Counter-attack accuracy: 0.2222
2026-02-12 10:45:57,402 - ADV_Generation_eps_4.0_steps_100_Added_Noise_uniform_Eps_8.0_Tau_Type_normal_anchors_num_anchors_10 - INFO - Batch:[27] Adversarial images for this batch already exist
2026-02-12 10:45:57,686 - ADV_Generation_eps_4.0_steps_100_Added_Noise_uniform_Eps_8.0_Tau_Type_normal_anchors_num_anchors_10 - INFO - Batch 28/3669: Clean accuracy 0.5714 | Adv accuracy: 0.1429 | Counter-attack accuracy: 0.2143
2026-02-12 10:45:57,687 - ADV_Generation_eps_4.0_steps_100_Added_Noise_uniform_Eps_8.0_Tau_Type_normal_anchors_num_anchors_10 - INFO - Batch:[28] Adversarial images for this batch already exist
2026-02-12 10:45:58,236 - ADV_Generation_eps_4.0_steps_100_Added_Noise_uniform_Eps_8.0_Tau_Type_normal_anchors_num_anchors_10 - INFO - Batch 29/3669: Clean accuracy 0.5862 | Adv accuracy: 0.1379 | Counter-attack accuracy: 0.2069
2026-02-12 10:45:58,237 - ADV_Generation_eps_4.0_steps_100_Added_Noise_uniform_Eps_8.0_Tau_Type_normal_anchors_num_anchors_10 - INFO - Batch:[29] Adversarial images for this batch already exist
2026-02-12 10:45:58,592 - ADV_Generation_eps_4.0_steps_100_Added_Noise_uniform_Eps_8.0_Tau_Type_normal_anchors_num_anchors_10 - INFO - Batch 30/3669: Clean accuracy 0.6000 | Adv accuracy: 0.1333 | Counter-attack accuracy: 0.2000
2026-02-12 10:45:58,593 - ADV_Generation_eps_4.0_steps_100_Added_Noise_uniform_Eps_8.0_Tau_Type_normal_anchors_num_anchors_10 - INFO - Batch:[30] Adversarial images for this batch already exist
2026-02-12 10:45:58,869 - ADV_Generation_eps_4.0_steps_100_Added_Noise_uniform_Eps_8.0_Tau_Type_normal_anchors_num_anchors_10 - INFO - Batch 31/3669: Clean accuracy 0.6129 | Adv accuracy: 0.1290 | Counter-attack accuracy: 0.1935
2026-02-12 10:45:58,871 - ADV_Generation_eps_4.0_steps_100_Added_Noise_uniform_Eps_8.0_Tau_Type_normal_anchors_num_anchors_10 - INFO - Batch:[31] Adversarial images for this batch already exist
2026-02-12 10:45:59,505 - ADV_Generation_eps_4.0_steps_100_Added_Noise_uniform_Eps_8.0_Tau_Type_normal_anchors_num_anchors_10 - INFO - Batch 32/3669: Clean accuracy 0.6250 | Adv accuracy: 0.1562 | Counter-attack accuracy: 0.2188
2026-02-12 10:45:59,506 - ADV_Generation_eps_4.0_steps_100_Added_Noise_uniform_Eps_8.0_Tau_Type_normal_anchors_num_anchors_10 - INFO - Batch:[32] Adversarial images for this batch already exist
2026-02-12 10:45:59,776 - ADV_Generation_eps_4.0_steps_100_Added_Noise_uniform_Eps_8.0_Tau_Type_normal_anchors_num_anchors_10 - INFO - Batch 33/3669: Clean accuracy 0.6364 | Adv accuracy: 0.1515 | Counter-attack accuracy: 0.2121
2026-02-12 10:45:59,778 - ADV_Generation_eps_4.0_steps_100_Added_Noise_uniform_Eps_8.0_Tau_Type_normal_anchors_num_anchors_10 - INFO - Batch:[33] Adversarial images for this batch already exist
2026-02-12 10:46:00,509 - ADV_Generation_eps_4.0_steps_100_Added_Noise_uniform_Eps_8.0_Tau_Type_normal_anchors_num_anchors_10 - INFO - Batch 34/3669: Clean accuracy 0.6471 | Adv accuracy: 0.1471 | Counter-attack accuracy: 0.2059
2026-02-12 10:46:00,510 - ADV_Generation_eps_4.0_steps_100_Added_Noise_uniform_Eps_8.0_Tau_Type_normal_anchors_num_anchors_10 - INFO - Batch:[34] Adversarial images for this batch already exist
2026-02-12 10:46:00,934 - ADV_Generation_eps_4.0_steps_100_Added_Noise_uniform_Eps_8.0_Tau_Type_normal_anchors_num_anchors_10 - INFO - Batch 35/3669: Clean accuracy 0.6286 | Adv accuracy: 0.1429 | Counter-attack accuracy: 0.2000
2026-02-12 10:46:00,936 - ADV_Generation_eps_4.0_steps_100_Added_Noise_uniform_Eps_8.0_Tau_Type_normal_anchors_num_anchors_10 - INFO - Batch:[35] Adversarial images for this batch already exist
2026-02-12 10:46:01,693 - ADV_Generation_eps_4.0_steps_100_Added_Noise_uniform_Eps_8.0_Tau_Type_normal_anchors_num_anchors_10 - INFO - Batch 36/3669: Clean accuracy 0.6389 | Adv accuracy: 0.1389 | Counter-attack accuracy: 0.1944
2026-02-12 10:46:01,694 - ADV_Generation_eps_4.0_steps_100_Added_Noise_uniform_Eps_8.0_Tau_Type_normal_anchors_num_anchors_10 - INFO - Batch:[36] Adversarial images for this batch already exist
2026-02-12 10:46:01,993 - ADV_Generation_eps_4.0_steps_100_Added_Noise_uniform_Eps_8.0_Tau_Type_normal_anchors_num_anchors_10 - INFO - Batch 37/3669: Clean accuracy 0.6486 | Adv accuracy: 0.1351 | Counter-attack accuracy: 0.1892
2026-02-12 10:46:01,994 - ADV_Generation_eps_4.0_steps_100_Added_Noise_uniform_Eps_8.0_Tau_Type_normal_anchors_num_anchors_10 - INFO - Batch:[37] Adversarial images for this batch already exist
2026-02-12 10:46:02,328 - ADV_Generation_eps_4.0_steps_100_Added_Noise_uniform_Eps_8.0_Tau_Type_normal_anchors_num_anchors_10 - INFO - Batch 38/3669: Clean accuracy 0.6579 | Adv accuracy: 0.1579 | Counter-attack accuracy: 0.2105
2026-02-12 10:46:02,329 - ADV_Generation_eps_4.0_steps_100_Added_Noise_uniform_Eps_8.0_Tau_Type_normal_anchors_num_anchors_10 - INFO - Batch:[38] Adversarial images for this batch already exist
2026-02-12 10:46:02,613 - ADV_Generation_eps_4.0_steps_100_Added_Noise_uniform_Eps_8.0_Tau_Type_normal_anchors_num_anchors_10 - INFO - Batch 39/3669: Clean accuracy 0.6667 | Adv accuracy: 0.1538 | Counter-attack accuracy: 0.2051
2026-02-12 10:46:02,614 - ADV_Generation_eps_4.0_steps_100_Added_Noise_uniform_Eps_8.0_Tau_Type_normal_anchors_num_anchors_10 - INFO - Batch:[39] Adversarial images for this batch already exist
2026-02-12 10:46:02,910 - ADV_Generation_eps_4.0_steps_100_Added_Noise_uniform_Eps_8.0_Tau_Type_normal_anchors_num_anchors_10 - INFO - Batch 40/3669: Clean accuracy 0.6750 | Adv accuracy: 0.1500 | Counter-attack accuracy: 0.2000
2026-02-12 10:46:02,911 - ADV_Generation_eps_4.0_steps_100_Added_Noise_uniform_Eps_8.0_Tau_Type_normal_anchors_num_anchors_10 - INFO - Batch:[40] Adversarial images for this batch already exist
2026-02-12 10:46:03,255 - ADV_Generation_eps_4.0_steps_100_Added_Noise_uniform_Eps_8.0_Tau_Type_normal_anchors_num_anchors_10 - INFO - Batch 41/3669: Clean accuracy 0.6829 | Adv accuracy: 0.1463 | Counter-attack accuracy: 0.1951
2026-02-12 10:46:03,255 - ADV_Generation_eps_4.0_steps_100_Added_Noise_uniform_Eps_8.0_Tau_Type_normal_anchors_num_anchors_10 - INFO - Batch:[41] Adversarial images for this batch already exist
2026-02-12 10:46:03,538 - ADV_Generation_eps_4.0_steps_100_Added_Noise_uniform_Eps_8.0_Tau_Type_normal_anchors_num_anchors_10 - INFO - Batch 42/3669: Clean accuracy 0.6905 | Adv accuracy: 0.1429 | Counter-attack accuracy: 0.1905
2026-02-12 10:46:03,539 - ADV_Generation_eps_4.0_steps_100_Added_Noise_uniform_Eps_8.0_Tau_Type_normal_anchors_num_anchors_10 - INFO - Batch:[42] Adversarial images for this batch already exist
2026-02-12 10:46:03,818 - ADV_Generation_eps_4.0_steps_100_Added_Noise_uniform_Eps_8.0_Tau_Type_normal_anchors_num_anchors_10 - INFO - Batch 43/3669: Clean accuracy 0.6744 | Adv accuracy: 0.1395 | Counter-attack accuracy: 0.1860
2026-02-12 10:46:03,819 - ADV_Generation_eps_4.0_steps_100_Added_Noise_uniform_Eps_8.0_Tau_Type_normal_anchors_num_anchors_10 - INFO - Batch:[43] Adversarial images for this batch already exist
2026-02-12 10:46:04,123 - ADV_Generation_eps_4.0_steps_100_Added_Noise_uniform_Eps_8.0_Tau_Type_normal_anchors_num_anchors_10 - INFO - Batch 44/3669: Clean accuracy 0.6818 | Adv accuracy: 0.1364 | Counter-attack accuracy: 0.1818
2026-02-12 10:46:04,125 - ADV_Generation_eps_4.0_steps_100_Added_Noise_uniform_Eps_8.0_Tau_Type_normal_anchors_num_anchors_10 - INFO - Batch:[44] Adversarial images for this batch already exist
2026-02-12 10:46:04,392 - ADV_Generation_eps_4.0_steps_100_Added_Noise_uniform_Eps_8.0_Tau_Type_normal_anchors_num_anchors_10 - INFO - Batch 45/3669: Clean accuracy 0.6889 | Adv accuracy: 0.1333 | Counter-attack accuracy: 0.1778
2026-02-12 10:46:04,393 - ADV_Generation_eps_4.0_steps_100_Added_Noise_uniform_Eps_8.0_Tau_Type_normal_anchors_num_anchors_10 - INFO - Batch:[45] Adversarial images for this batch already exist
2026-02-12 10:46:04,666 - ADV_Generation_eps_4.0_steps_100_Added_Noise_uniform_Eps_8.0_Tau_Type_normal_anchors_num_anchors_10 - INFO - Batch 46/3669: Clean accuracy 0.6739 | Adv accuracy: 0.1304 | Counter-attack accuracy: 0.1739
2026-02-12 10:46:04,667 - ADV_Generation_eps_4.0_steps_100_Added_Noise_uniform_Eps_8.0_Tau_Type_normal_anchors_num_anchors_10 - INFO - Batch:[46] Adversarial images for this batch already exist
2026-02-12 10:46:04,943 - ADV_Generation_eps_4.0_steps_100_Added_Noise_uniform_Eps_8.0_Tau_Type_normal_anchors_num_anchors_10 - INFO - Batch 47/3669: Clean accuracy 0.6809 | Adv accuracy: 0.1277 | Counter-attack accuracy: 0.1702
2026-02-12 10:46:04,945 - ADV_Generation_eps_4.0_steps_100_Added_Noise_uniform_Eps_8.0_Tau_Type_normal_anchors_num_anchors_10 - INFO - Batch:[47] Adversarial images for this batch already exist
2026-02-12 10:46:05,226 - ADV_Generation_eps_4.0_steps_100_Added_Noise_uniform_Eps_8.0_Tau_Type_normal_anchors_num_anchors_10 - INFO - Batch 48/3669: Clean accuracy 0.6667 | Adv accuracy: 0.1250 | Counter-attack accuracy: 0.1667
2026-02-12 10:46:05,227 - ADV_Generation_eps_4.0_steps_100_Added_Noise_uniform_Eps_8.0_Tau_Type_normal_anchors_num_anchors_10 - INFO - Batch:[48] Adversarial images for this batch already exist
2026-02-12 10:46:05,502 - ADV_Generation_eps_4.0_steps_100_Added_Noise_uniform_Eps_8.0_Tau_Type_normal_anchors_num_anchors_10 - INFO - Batch 49/3669: Clean accuracy 0.6735 | Adv accuracy: 0.1224 | Counter-attack accuracy: 0.1633
2026-02-12 10:46:05,503 - ADV_Generation_eps_4.0_steps_100_Added_Noise_uniform_Eps_8.0_Tau_Type_normal_anchors_num_anchors_10 - INFO - Batch:[49] Adversarial images for this batch already exist
2026-02-12 10:46:05,810 - ADV_Generation_eps_4.0_steps_100_Added_Noise_uniform_Eps_8.0_Tau_Type_normal_anchors_num_anchors_10 - INFO - Batch 50/3669: Clean accuracy 0.6800 | Adv accuracy: 0.1200 | Counter-attack accuracy: 0.1600
2026-02-12 10:46:05,812 - ADV_Generation_eps_4.0_steps_100_Added_Noise_uniform_Eps_8.0_Tau_Type_normal_anchors_num_anchors_10 - INFO - Batch:[50] Adversarial images for this batch already exist
2026-02-12 10:46:06,085 - ADV_Generation_eps_4.0_steps_100_Added_Noise_uniform_Eps_8.0_Tau_Type_normal_anchors_num_anchors_10 - INFO - Batch 51/3669: Clean accuracy 0.6863 | Adv accuracy: 0.1176 | Counter-attack accuracy: 0.1569
2026-02-12 10:46:06,086 - ADV_Generation_eps_4.0_steps_100_Added_Noise_uniform_Eps_8.0_Tau_Type_normal_anchors_num_anchors_10 - INFO - Batch:[51] Adversarial images for this batch already exist
2026-02-12 10:46:06,433 - ADV_Generation_eps_4.0_steps_100_Added_Noise_uniform_Eps_8.0_Tau_Type_normal_anchors_num_anchors_10 - INFO - Batch 52/3669: Clean accuracy 0.6923 | Adv accuracy: 0.1154 | Counter-attack accuracy: 0.1538
2026-02-12 10:46:06,434 - ADV_Generation_eps_4.0_steps_100_Added_Noise_uniform_Eps_8.0_Tau_Type_normal_anchors_num_anchors_10 - INFO - Batch:[52] Adversarial images for this batch already exist
2026-02-12 10:46:06,716 - ADV_Generation_eps_4.0_steps_100_Added_Noise_uniform_Eps_8.0_Tau_Type_normal_anchors_num_anchors_10 - INFO - Batch 53/3669: Clean accuracy 0.6981 | Adv accuracy: 0.1132 | Counter-attack accuracy: 0.1509
2026-02-12 10:46:06,717 - ADV_Generation_eps_4.0_steps_100_Added_Noise_uniform_Eps_8.0_Tau_Type_normal_anchors_num_anchors_10 - INFO - Batch:[53] Adversarial images for this batch already exist
2026-02-12 10:46:07,039 - ADV_Generation_eps_4.0_steps_100_Added_Noise_uniform_Eps_8.0_Tau_Type_normal_anchors_num_anchors_10 - INFO - Batch 54/3669: Clean accuracy 0.7037 | Adv accuracy: 0.1111 | Counter-attack accuracy: 0.1481
2026-02-12 10:46:07,040 - ADV_Generation_eps_4.0_steps_100_Added_Noise_uniform_Eps_8.0_Tau_Type_normal_anchors_num_anchors_10 - INFO - Batch:[54] Adversarial images for this batch already exist
2026-02-12 10:46:07,320 - ADV_Generation_eps_4.0_steps_100_Added_Noise_uniform_Eps_8.0_Tau_Type_normal_anchors_num_anchors_10 - INFO - Batch 55/3669: Clean accuracy 0.7091 | Adv accuracy: 0.1091 | Counter-attack accuracy: 0.1455
2026-02-12 10:46:07,321 - ADV_Generation_eps_4.0_steps_100_Added_Noise_uniform_Eps_8.0_Tau_Type_normal_anchors_num_anchors_10 - INFO - Batch:[55] Adversarial images for this batch already exist
2026-02-12 10:46:07,632 - ADV_Generation_eps_4.0_steps_100_Added_Noise_uniform_Eps_8.0_Tau_Type_normal_anchors_num_anchors_10 - INFO - Batch 56/3669: Clean accuracy 0.6964 | Adv accuracy: 0.1071 | Counter-attack accuracy: 0.1429
2026-02-12 10:46:07,633 - ADV_Generation_eps_4.0_steps_100_Added_Noise_uniform_Eps_8.0_Tau_Type_normal_anchors_num_anchors_10 - INFO - Batch:[56] Adversarial images for this batch already exist
2026-02-12 10:46:07,904 - ADV_Generation_eps_4.0_steps_100_Added_Noise_uniform_Eps_8.0_Tau_Type_normal_anchors_num_anchors_10 - INFO - Batch 57/3669: Clean accuracy 0.7018 | Adv accuracy: 0.1053 | Counter-attack accuracy: 0.1404
2026-02-12 10:46:07,905 - ADV_Generation_eps_4.0_steps_100_Added_Noise_uniform_Eps_8.0_Tau_Type_normal_anchors_num_anchors_10 - INFO - Batch:[57] Adversarial images for this batch already exist
2026-02-12 10:46:08,187 - ADV_Generation_eps_4.0_steps_100_Added_Noise_uniform_Eps_8.0_Tau_Type_normal_anchors_num_anchors_10 - INFO - Batch 58/3669: Clean accuracy 0.7069 | Adv accuracy: 0.1034 | Counter-attack accuracy: 0.1379
2026-02-12 10:46:08,188 - ADV_Generation_eps_4.0_steps_100_Added_Noise_uniform_Eps_8.0_Tau_Type_normal_anchors_num_anchors_10 - INFO - Batch:[58] Adversarial images for this batch already exist
2026-02-12 10:46:08,463 - ADV_Generation_eps_4.0_steps_100_Added_Noise_uniform_Eps_8.0_Tau_Type_normal_anchors_num_anchors_10 - INFO - Batch 59/3669: Clean accuracy 0.7119 | Adv accuracy: 0.1017 | Counter-attack accuracy: 0.1356
2026-02-12 10:46:08,464 - ADV_Generation_eps_4.0_steps_100_Added_Noise_uniform_Eps_8.0_Tau_Type_normal_anchors_num_anchors_10 - INFO - Batch:[59] Adversarial images for this batch already exist
2026-02-12 10:46:08,748 - ADV_Generation_eps_4.0_steps_100_Added_Noise_uniform_Eps_8.0_Tau_Type_normal_anchors_num_anchors_10 - INFO - Batch 60/3669: Clean accuracy 0.7000 | Adv accuracy: 0.1000 | Counter-attack accuracy: 0.1333
2026-02-12 10:46:08,749 - ADV_Generation_eps_4.0_steps_100_Added_Noise_uniform_Eps_8.0_Tau_Type_normal_anchors_num_anchors_10 - INFO - Batch:[60] Adversarial images for this batch already exist
2026-02-12 10:46:09,021 - ADV_Generation_eps_4.0_steps_100_Added_Noise_uniform_Eps_8.0_Tau_Type_normal_anchors_num_anchors_10 - INFO - Batch 61/3669: Clean accuracy 0.7049 | Adv accuracy: 0.1148 | Counter-attack accuracy: 0.1475
2026-02-12 10:46:09,022 - ADV_Generation_eps_4.0_steps_100_Added_Noise_uniform_Eps_8.0_Tau_Type_normal_anchors_num_anchors_10 - INFO - Batch:[61] Adversarial images for this batch already exist
2026-02-12 10:46:09,294 - ADV_Generation_eps_4.0_steps_100_Added_Noise_uniform_Eps_8.0_Tau_Type_normal_anchors_num_anchors_10 - INFO - Batch 62/3669: Clean accuracy 0.7097 | Adv accuracy: 0.1290 | Counter-attack accuracy: 0.1613
2026-02-12 10:46:09,295 - ADV_Generation_eps_4.0_steps_100_Added_Noise_uniform_Eps_8.0_Tau_Type_normal_anchors_num_anchors_10 - INFO - Batch:[62] Adversarial images for this batch already exist
2026-02-12 10:46:09,573 - ADV_Generation_eps_4.0_steps_100_Added_Noise_uniform_Eps_8.0_Tau_Type_normal_anchors_num_anchors_10 - INFO - Batch 63/3669: Clean accuracy 0.6984 | Adv accuracy: 0.1270 | Counter-attack accuracy: 0.1587
2026-02-12 10:46:09,574 - ADV_Generation_eps_4.0_steps_100_Added_Noise_uniform_Eps_8.0_Tau_Type_normal_anchors_num_anchors_10 - INFO - Batch:[63] Adversarial images for this batch already exist
2026-02-12 10:46:09,841 - ADV_Generation_eps_4.0_steps_100_Added_Noise_uniform_Eps_8.0_Tau_Type_normal_anchors_num_anchors_10 - INFO - Batch 64/3669: Clean accuracy 0.7031 | Adv accuracy: 0.1250 | Counter-attack accuracy: 0.1562
2026-02-12 10:46:09,842 - ADV_Generation_eps_4.0_steps_100_Added_Noise_uniform_Eps_8.0_Tau_Type_normal_anchors_num_anchors_10 - INFO - Batch:[64] Adversarial images for this batch already exist
