2025-08-04 20:32:45,223 - ADV_Generation_eps_4.0_steps_100 - INFO - ==========================================
data:/leonardo_work/EUHPC_R04_192/fmohamma/Adversarial_Robust_Clip/atpt_data/downstream_datasets
test_sets:Pets
dataset_mode:test
arch:fare4
resolution:224
transferability:False
source_model:fare4
workers:4
no_pin_memory:False
batch_size:64
adv_bs:16
print_freq:20
gpu:0
no_cudnn_benchmark:False
n_ctx:4
ctx_init:a_photo_of_a
seed:0
output_dir:/leonardo_work/EUHPC_R04_192/fmohamma/Adversarial_Robust_Clip/atpt_data/fare4/Pets
log_output_dir:/leonardo_work/EUHPC_R04_192/fmohamma/Adversarial_Robust_Clip/ATPT/Final_Results/fare4/Pets
image_only_attack:False
image_only_attack_type:prm
image_predicted_label_attack:False
eps:4.0
alpha:1.0
alpha_eps_ratio:4.0
steps:100
counter_attack:False
counter_attack_type:pgd
counter_attack_steps:2
counter_attack_eps:4.0
counter_attack_alpha:1.0
counter_attack_tau_thres:0.2
counter_attack_beta:2.0
counter_attack_weighted_perturbations:True
pgd_clip_pure_i_text_embeddings:null
pgd_counter_and_clipure_i_lamda:1.0
image_feature_purify:False
image_feature_purify_type:noisy_anchor
image_feature_purify_noisy_anchors:10
image_feature_purify_anchors_alpha:1.2
image_feature_purify_noisy_sigma:0.18
image_feature_purify_diff_threshold:0.0
image_feature_clipure_steps:10
image_feature_clipure_step_size:10.0
save_plots:False
lr:0.005
selection_p:0.1
tta_steps:1
top_k:20
softmax_temp:0.01
load_tecoa:

2025-08-04 20:32:45,224 - ADV_Generation_eps_4.0_steps_100 - INFO - Use GPU: 0 for training
2025-08-04 20:34:25,980 - ADV_Generation_eps_4.0_steps_100 - INFO - => Model created: visual backbone fare4
2025-08-04 20:34:26,002 - ADV_Generation_eps_4.0_steps_100 - INFO - Number of test samples: 3669
2025-08-04 20:34:26,003 - ADV_Generation_eps_4.0_steps_100 - INFO - Evaluating dataset: Pets
2025-08-04 20:34:26,004 - ADV_Generation_eps_4.0_steps_100 - INFO - Starting evaluation with batch size: 64, selection percentage: 0.1
2025-08-04 20:34:26,004 - ADV_Generation_eps_4.0_steps_100 - INFO - Using PGD attack with epsilon: 0.015686, alpha: 0.003922, steps: 100 image only attack False image predicted label attack False
2025-08-04 20:34:26,005 - ADV_Generation_eps_4.0_steps_100 - INFO - Using directory for adversarial images: /leonardo_work/EUHPC_R04_192/fmohamma/Adversarial_Robust_Clip/atpt_data/fare4/Pets/adv_images_eps_4.0_alpha_1.0_steps_100
2025-08-04 20:34:26,656 - ADV_Generation_eps_4.0_steps_100 - INFO - Batch:[0] Adversarial images for this batch already exist
2025-08-04 20:34:27,601 - ADV_Generation_eps_4.0_steps_100 - INFO - Batch 1/230: Clean accuracy 0.4375 | Adv accuracy: 0.1250 
2025-08-04 20:34:27,632 - ADV_Generation_eps_4.0_steps_100 - INFO - Batch:[1] Adversarial images for this batch already exist
2025-08-04 20:34:28,259 - ADV_Generation_eps_4.0_steps_100 - INFO - Batch 2/230: Clean accuracy 0.6250 | Adv accuracy: 0.1562 
2025-08-04 20:34:28,272 - ADV_Generation_eps_4.0_steps_100 - INFO - Batch:[2] Adversarial images for this batch already exist
2025-08-04 20:34:28,936 - ADV_Generation_eps_4.0_steps_100 - INFO - Batch 3/230: Clean accuracy 0.6667 | Adv accuracy: 0.1250 
2025-08-04 20:34:28,947 - ADV_Generation_eps_4.0_steps_100 - INFO - Batch:[3] Adversarial images for this batch already exist
2025-08-04 20:34:29,569 - ADV_Generation_eps_4.0_steps_100 - INFO - Batch 4/230: Clean accuracy 0.7031 | Adv accuracy: 0.1250 
2025-08-04 20:34:29,579 - ADV_Generation_eps_4.0_steps_100 - INFO - Batch:[4] Adversarial images for this batch already exist
2025-08-04 20:34:30,275 - ADV_Generation_eps_4.0_steps_100 - INFO - Batch 5/230: Clean accuracy 0.7375 | Adv accuracy: 0.1375 
2025-08-04 20:34:30,286 - ADV_Generation_eps_4.0_steps_100 - INFO - Batch:[5] Adversarial images for this batch already exist
2025-08-04 20:34:30,903 - ADV_Generation_eps_4.0_steps_100 - INFO - Batch 6/230: Clean accuracy 0.7500 | Adv accuracy: 0.1250 
2025-08-04 20:34:30,913 - ADV_Generation_eps_4.0_steps_100 - INFO - Batch:[6] Adversarial images for this batch already exist
2025-08-04 20:34:31,559 - ADV_Generation_eps_4.0_steps_100 - INFO - Batch 7/230: Clean accuracy 0.7589 | Adv accuracy: 0.1250 
2025-08-04 20:34:31,569 - ADV_Generation_eps_4.0_steps_100 - INFO - Batch:[7] Adversarial images for this batch already exist
2025-08-04 20:34:32,320 - ADV_Generation_eps_4.0_steps_100 - INFO - Batch 8/230: Clean accuracy 0.7578 | Adv accuracy: 0.1484 
2025-08-04 20:34:32,330 - ADV_Generation_eps_4.0_steps_100 - INFO - Batch:[8] Adversarial images for this batch already exist
2025-08-04 20:34:32,998 - ADV_Generation_eps_4.0_steps_100 - INFO - Batch 9/230: Clean accuracy 0.7708 | Adv accuracy: 0.1667 
2025-08-04 20:34:33,008 - ADV_Generation_eps_4.0_steps_100 - INFO - Batch:[9] Adversarial images for this batch already exist
2025-08-04 20:34:33,665 - ADV_Generation_eps_4.0_steps_100 - INFO - Batch 10/230: Clean accuracy 0.7688 | Adv accuracy: 0.1625 
2025-08-04 20:34:33,674 - ADV_Generation_eps_4.0_steps_100 - INFO - Batch:[10] Adversarial images for this batch already exist
2025-08-04 20:34:34,331 - ADV_Generation_eps_4.0_steps_100 - INFO - Batch 11/230: Clean accuracy 0.7727 | Adv accuracy: 0.1761 
2025-08-04 20:34:34,340 - ADV_Generation_eps_4.0_steps_100 - INFO - Batch:[11] Adversarial images for this batch already exist
2025-08-04 20:34:35,006 - ADV_Generation_eps_4.0_steps_100 - INFO - Batch 12/230: Clean accuracy 0.7812 | Adv accuracy: 0.1875 
2025-08-04 20:34:35,016 - ADV_Generation_eps_4.0_steps_100 - INFO - Batch:[12] Adversarial images for this batch already exist
2025-08-04 20:34:35,631 - ADV_Generation_eps_4.0_steps_100 - INFO - Batch 13/230: Clean accuracy 0.7740 | Adv accuracy: 0.1875 
2025-08-04 20:34:35,641 - ADV_Generation_eps_4.0_steps_100 - INFO - Batch:[13] Adversarial images for this batch already exist
2025-08-04 20:34:36,349 - ADV_Generation_eps_4.0_steps_100 - INFO - Batch 14/230: Clean accuracy 0.7634 | Adv accuracy: 0.1830 
2025-08-04 20:34:36,358 - ADV_Generation_eps_4.0_steps_100 - INFO - Batch:[14] Adversarial images for this batch already exist
2025-08-04 20:34:37,022 - ADV_Generation_eps_4.0_steps_100 - INFO - Batch 15/230: Clean accuracy 0.7458 | Adv accuracy: 0.1750 
2025-08-04 20:34:37,031 - ADV_Generation_eps_4.0_steps_100 - INFO - Batch:[15] Adversarial images for this batch already exist
2025-08-04 20:34:37,852 - ADV_Generation_eps_4.0_steps_100 - INFO - Batch 16/230: Clean accuracy 0.7461 | Adv accuracy: 0.1680 
2025-08-04 20:34:37,861 - ADV_Generation_eps_4.0_steps_100 - INFO - Batch:[16] Adversarial images for this batch already exist
2025-08-04 20:34:38,542 - ADV_Generation_eps_4.0_steps_100 - INFO - Batch 17/230: Clean accuracy 0.7426 | Adv accuracy: 0.1801 
2025-08-04 20:34:38,551 - ADV_Generation_eps_4.0_steps_100 - INFO - Batch:[17] Adversarial images for this batch already exist
2025-08-04 20:34:39,221 - ADV_Generation_eps_4.0_steps_100 - INFO - Batch 18/230: Clean accuracy 0.7396 | Adv accuracy: 0.1771 
2025-08-04 20:34:39,230 - ADV_Generation_eps_4.0_steps_100 - INFO - Batch:[18] Adversarial images for this batch already exist
2025-08-04 20:34:39,913 - ADV_Generation_eps_4.0_steps_100 - INFO - Batch 19/230: Clean accuracy 0.7401 | Adv accuracy: 0.1842 
2025-08-04 20:34:39,922 - ADV_Generation_eps_4.0_steps_100 - INFO - Batch:[19] Adversarial images for this batch already exist
2025-08-04 20:34:40,566 - ADV_Generation_eps_4.0_steps_100 - INFO - Batch 20/230: Clean accuracy 0.7469 | Adv accuracy: 0.2125 
2025-08-04 20:34:40,589 - ADV_Generation_eps_4.0_steps_100 - INFO - Batch:[20] Adversarial images for this batch already exist
2025-08-04 20:34:41,217 - ADV_Generation_eps_4.0_steps_100 - INFO - Batch 21/230: Clean accuracy 0.7589 | Adv accuracy: 0.2411 
2025-08-04 20:34:41,234 - ADV_Generation_eps_4.0_steps_100 - INFO - Batch:[21] Adversarial images for this batch already exist
2025-08-04 20:34:41,904 - ADV_Generation_eps_4.0_steps_100 - INFO - Batch 22/230: Clean accuracy 0.7699 | Adv accuracy: 0.2699 
2025-08-04 20:34:41,912 - ADV_Generation_eps_4.0_steps_100 - INFO - Batch:[22] Adversarial images for this batch already exist
2025-08-04 20:34:42,517 - ADV_Generation_eps_4.0_steps_100 - INFO - Batch 23/230: Clean accuracy 0.7772 | Adv accuracy: 0.2935 
2025-08-04 20:34:42,540 - ADV_Generation_eps_4.0_steps_100 - INFO - Batch:[23] Adversarial images for this batch already exist
2025-08-04 20:34:43,273 - ADV_Generation_eps_4.0_steps_100 - INFO - Batch 24/230: Clean accuracy 0.7865 | Adv accuracy: 0.3177 
2025-08-04 20:34:43,282 - ADV_Generation_eps_4.0_steps_100 - INFO - Batch:[24] Adversarial images for this batch already exist
2025-08-04 20:34:43,956 - ADV_Generation_eps_4.0_steps_100 - INFO - Batch 25/230: Clean accuracy 0.7950 | Adv accuracy: 0.3375 
2025-08-04 20:34:43,968 - ADV_Generation_eps_4.0_steps_100 - INFO - Batch:[25] Adversarial images for this batch already exist
2025-08-04 20:34:44,700 - ADV_Generation_eps_4.0_steps_100 - INFO - Batch 26/230: Clean accuracy 0.7957 | Adv accuracy: 0.3389 
2025-08-04 20:34:44,709 - ADV_Generation_eps_4.0_steps_100 - INFO - Batch:[26] Adversarial images for this batch already exist
2025-08-04 20:34:45,378 - ADV_Generation_eps_4.0_steps_100 - INFO - Batch 27/230: Clean accuracy 0.8009 | Adv accuracy: 0.3449 
2025-08-04 20:34:45,387 - ADV_Generation_eps_4.0_steps_100 - INFO - Batch:[27] Adversarial images for this batch already exist
2025-08-04 20:34:46,032 - ADV_Generation_eps_4.0_steps_100 - INFO - Batch 28/230: Clean accuracy 0.8058 | Adv accuracy: 0.3504 
2025-08-04 20:34:46,041 - ADV_Generation_eps_4.0_steps_100 - INFO - Batch:[28] Adversarial images for this batch already exist
2025-08-04 20:34:46,761 - ADV_Generation_eps_4.0_steps_100 - INFO - Batch 29/230: Clean accuracy 0.8103 | Adv accuracy: 0.3556 
2025-08-04 20:34:46,772 - ADV_Generation_eps_4.0_steps_100 - INFO - Batch:[29] Adversarial images for this batch already exist
2025-08-04 20:34:47,490 - ADV_Generation_eps_4.0_steps_100 - INFO - Batch 30/230: Clean accuracy 0.8167 | Adv accuracy: 0.3688 
2025-08-04 20:34:47,499 - ADV_Generation_eps_4.0_steps_100 - INFO - Batch:[30] Adversarial images for this batch already exist
2025-08-04 20:34:48,187 - ADV_Generation_eps_4.0_steps_100 - INFO - Batch 31/230: Clean accuracy 0.8226 | Adv accuracy: 0.3710 
2025-08-04 20:34:48,196 - ADV_Generation_eps_4.0_steps_100 - INFO - Batch:[31] Adversarial images for this batch already exist
2025-08-04 20:34:48,953 - ADV_Generation_eps_4.0_steps_100 - INFO - Batch 32/230: Clean accuracy 0.8164 | Adv accuracy: 0.3613 
2025-08-04 20:34:48,962 - ADV_Generation_eps_4.0_steps_100 - INFO - Batch:[32] Adversarial images for this batch already exist
2025-08-04 20:34:49,905 - ADV_Generation_eps_4.0_steps_100 - INFO - Batch 33/230: Clean accuracy 0.7992 | Adv accuracy: 0.3523 
2025-08-04 20:34:49,914 - ADV_Generation_eps_4.0_steps_100 - INFO - Batch:[33] Adversarial images for this batch already exist
2025-08-04 20:34:50,598 - ADV_Generation_eps_4.0_steps_100 - INFO - Batch 34/230: Clean accuracy 0.7978 | Adv accuracy: 0.3474 
2025-08-04 20:34:50,606 - ADV_Generation_eps_4.0_steps_100 - INFO - Batch:[34] Adversarial images for this batch already exist
2025-08-04 20:34:51,338 - ADV_Generation_eps_4.0_steps_100 - INFO - Batch 35/230: Clean accuracy 0.7964 | Adv accuracy: 0.3429 
2025-08-04 20:34:51,347 - ADV_Generation_eps_4.0_steps_100 - INFO - Batch:[35] Adversarial images for this batch already exist
2025-08-04 20:34:52,023 - ADV_Generation_eps_4.0_steps_100 - INFO - Batch 36/230: Clean accuracy 0.7847 | Adv accuracy: 0.3333 
2025-08-04 20:34:52,032 - ADV_Generation_eps_4.0_steps_100 - INFO - Batch:[36] Adversarial images for this batch already exist
2025-08-04 20:34:52,700 - ADV_Generation_eps_4.0_steps_100 - INFO - Batch 37/230: Clean accuracy 0.7787 | Adv accuracy: 0.3243 
2025-08-04 20:34:52,710 - ADV_Generation_eps_4.0_steps_100 - INFO - Batch:[37] Adversarial images for this batch already exist
2025-08-04 20:34:53,339 - ADV_Generation_eps_4.0_steps_100 - INFO - Batch 38/230: Clean accuracy 0.7747 | Adv accuracy: 0.3158 
2025-08-04 20:34:53,349 - ADV_Generation_eps_4.0_steps_100 - INFO - Batch:[38] Adversarial images for this batch already exist
2025-08-04 20:34:54,084 - ADV_Generation_eps_4.0_steps_100 - INFO - Batch 39/230: Clean accuracy 0.7660 | Adv accuracy: 0.3077 
2025-08-04 20:34:54,094 - ADV_Generation_eps_4.0_steps_100 - INFO - Batch:[39] Adversarial images for this batch already exist
2025-08-04 20:34:54,787 - ADV_Generation_eps_4.0_steps_100 - INFO - Batch 40/230: Clean accuracy 0.7516 | Adv accuracy: 0.3000 
2025-08-04 20:34:54,796 - ADV_Generation_eps_4.0_steps_100 - INFO - Batch:[40] Adversarial images for this batch already exist
2025-08-04 20:34:55,623 - ADV_Generation_eps_4.0_steps_100 - INFO - Batch 41/230: Clean accuracy 0.7393 | Adv accuracy: 0.2927 
2025-08-04 20:34:55,632 - ADV_Generation_eps_4.0_steps_100 - INFO - Batch:[41] Adversarial images for this batch already exist
2025-08-04 20:34:56,427 - ADV_Generation_eps_4.0_steps_100 - INFO - Batch 42/230: Clean accuracy 0.7247 | Adv accuracy: 0.2857 
2025-08-04 20:34:56,436 - ADV_Generation_eps_4.0_steps_100 - INFO - Batch:[42] Adversarial images for this batch already exist
2025-08-04 20:34:57,090 - ADV_Generation_eps_4.0_steps_100 - INFO - Batch 43/230: Clean accuracy 0.7093 | Adv accuracy: 0.2791 
2025-08-04 20:34:57,098 - ADV_Generation_eps_4.0_steps_100 - INFO - Batch:[43] Adversarial images for this batch already exist
2025-08-04 20:34:57,792 - ADV_Generation_eps_4.0_steps_100 - INFO - Batch 44/230: Clean accuracy 0.7017 | Adv accuracy: 0.2741 
2025-08-04 20:34:57,801 - ADV_Generation_eps_4.0_steps_100 - INFO - Batch:[44] Adversarial images for this batch already exist
2025-08-04 20:34:58,579 - ADV_Generation_eps_4.0_steps_100 - INFO - Batch 45/230: Clean accuracy 0.7014 | Adv accuracy: 0.2708 
2025-08-04 20:34:58,587 - ADV_Generation_eps_4.0_steps_100 - INFO - Batch:[45] Adversarial images for this batch already exist
2025-08-04 20:34:59,222 - ADV_Generation_eps_4.0_steps_100 - INFO - Batch 46/230: Clean accuracy 0.7024 | Adv accuracy: 0.2690 
2025-08-04 20:34:59,239 - ADV_Generation_eps_4.0_steps_100 - INFO - Batch:[46] Adversarial images for this batch already exist
2025-08-04 20:34:59,937 - ADV_Generation_eps_4.0_steps_100 - INFO - Batch 47/230: Clean accuracy 0.7048 | Adv accuracy: 0.2699 
2025-08-04 20:34:59,946 - ADV_Generation_eps_4.0_steps_100 - INFO - Batch:[47] Adversarial images for this batch already exist
2025-08-04 20:35:00,651 - ADV_Generation_eps_4.0_steps_100 - INFO - Batch 48/230: Clean accuracy 0.7031 | Adv accuracy: 0.2669 
2025-08-04 20:35:00,660 - ADV_Generation_eps_4.0_steps_100 - INFO - Batch:[48] Adversarial images for this batch already exist
2025-08-04 20:35:01,358 - ADV_Generation_eps_4.0_steps_100 - INFO - Batch 49/230: Clean accuracy 0.7066 | Adv accuracy: 0.2640 
2025-08-04 20:35:01,380 - ADV_Generation_eps_4.0_steps_100 - INFO - Batch:[49] Adversarial images for this batch already exist
2025-08-04 20:35:02,027 - ADV_Generation_eps_4.0_steps_100 - INFO - Batch 50/230: Clean accuracy 0.7087 | Adv accuracy: 0.2662 
2025-08-04 20:35:02,036 - ADV_Generation_eps_4.0_steps_100 - INFO - Batch:[50] Adversarial images for this batch already exist
2025-08-04 20:35:02,747 - ADV_Generation_eps_4.0_steps_100 - INFO - Batch 51/230: Clean accuracy 0.7108 | Adv accuracy: 0.2684 
2025-08-04 20:35:02,756 - ADV_Generation_eps_4.0_steps_100 - INFO - Batch:[51] Adversarial images for this batch already exist
2025-08-04 20:35:03,434 - ADV_Generation_eps_4.0_steps_100 - INFO - Batch 52/230: Clean accuracy 0.7151 | Adv accuracy: 0.2752 
2025-08-04 20:35:03,443 - ADV_Generation_eps_4.0_steps_100 - INFO - Batch:[52] Adversarial images for this batch already exist
2025-08-04 20:35:04,069 - ADV_Generation_eps_4.0_steps_100 - INFO - Batch 53/230: Clean accuracy 0.7193 | Adv accuracy: 0.2807 
2025-08-04 20:35:04,079 - ADV_Generation_eps_4.0_steps_100 - INFO - Batch:[53] Adversarial images for this batch already exist
2025-08-04 20:35:04,726 - ADV_Generation_eps_4.0_steps_100 - INFO - Batch 54/230: Clean accuracy 0.7211 | Adv accuracy: 0.2801 
2025-08-04 20:35:04,735 - ADV_Generation_eps_4.0_steps_100 - INFO - Batch:[54] Adversarial images for this batch already exist
2025-08-04 20:35:05,330 - ADV_Generation_eps_4.0_steps_100 - INFO - Batch 55/230: Clean accuracy 0.7250 | Adv accuracy: 0.2841 
2025-08-04 20:35:05,339 - ADV_Generation_eps_4.0_steps_100 - INFO - Batch:[55] Adversarial images for this batch already exist
2025-08-04 20:35:06,019 - ADV_Generation_eps_4.0_steps_100 - INFO - Batch 56/230: Clean accuracy 0.7254 | Adv accuracy: 0.2812 
2025-08-04 20:35:06,028 - ADV_Generation_eps_4.0_steps_100 - INFO - Batch:[56] Adversarial images for this batch already exist
2025-08-04 20:35:06,657 - ADV_Generation_eps_4.0_steps_100 - INFO - Batch 57/230: Clean accuracy 0.7259 | Adv accuracy: 0.2785 
2025-08-04 20:35:06,665 - ADV_Generation_eps_4.0_steps_100 - INFO - Batch:[57] Adversarial images for this batch already exist
2025-08-04 20:35:07,350 - ADV_Generation_eps_4.0_steps_100 - INFO - Batch 58/230: Clean accuracy 0.7284 | Adv accuracy: 0.2748 
2025-08-04 20:35:07,359 - ADV_Generation_eps_4.0_steps_100 - INFO - Batch:[58] Adversarial images for this batch already exist
2025-08-04 20:35:08,083 - ADV_Generation_eps_4.0_steps_100 - INFO - Batch 59/230: Clean accuracy 0.7309 | Adv accuracy: 0.2712 
2025-08-04 20:35:08,092 - ADV_Generation_eps_4.0_steps_100 - INFO - Batch:[59] Adversarial images for this batch already exist
2025-08-04 20:35:08,724 - ADV_Generation_eps_4.0_steps_100 - INFO - Batch 60/230: Clean accuracy 0.7333 | Adv accuracy: 0.2687 
2025-08-04 20:35:08,733 - ADV_Generation_eps_4.0_steps_100 - INFO - Batch:[60] Adversarial images for this batch already exist
2025-08-04 20:35:09,403 - ADV_Generation_eps_4.0_steps_100 - INFO - Batch 61/230: Clean accuracy 0.7336 | Adv accuracy: 0.2654 
2025-08-04 20:35:09,412 - ADV_Generation_eps_4.0_steps_100 - INFO - Batch:[61] Adversarial images for this batch already exist
2025-08-04 20:35:10,282 - ADV_Generation_eps_4.0_steps_100 - INFO - Batch 62/230: Clean accuracy 0.7298 | Adv accuracy: 0.2641 
2025-08-04 20:35:10,291 - ADV_Generation_eps_4.0_steps_100 - INFO - Batch:[62] Adversarial images for this batch already exist
2025-08-04 20:35:11,055 - ADV_Generation_eps_4.0_steps_100 - INFO - Batch 63/230: Clean accuracy 0.7331 | Adv accuracy: 0.2688 
2025-08-04 20:35:11,065 - ADV_Generation_eps_4.0_steps_100 - INFO - Batch:[63] Adversarial images for this batch already exist
2025-08-04 20:35:11,688 - ADV_Generation_eps_4.0_steps_100 - INFO - Batch 64/230: Clean accuracy 0.7363 | Adv accuracy: 0.2764 
2025-08-04 20:35:11,697 - ADV_Generation_eps_4.0_steps_100 - INFO - Batch:[64] Adversarial images for this batch already exist
2025-08-04 20:35:12,353 - ADV_Generation_eps_4.0_steps_100 - INFO - Batch 65/230: Clean accuracy 0.7375 | Adv accuracy: 0.2827 
2025-08-04 20:35:12,380 - ADV_Generation_eps_4.0_steps_100 - INFO - Batch:[65] Adversarial images for this batch already exist
2025-08-04 20:35:13,099 - ADV_Generation_eps_4.0_steps_100 - INFO - Batch 66/230: Clean accuracy 0.7415 | Adv accuracy: 0.2907 
2025-08-04 20:35:13,108 - ADV_Generation_eps_4.0_steps_100 - INFO - Batch:[66] Adversarial images for this batch already exist
2025-08-04 20:35:13,770 - ADV_Generation_eps_4.0_steps_100 - INFO - Batch 67/230: Clean accuracy 0.7425 | Adv accuracy: 0.2910 
2025-08-04 20:35:13,779 - ADV_Generation_eps_4.0_steps_100 - INFO - Batch:[67] Adversarial images for this batch already exist
2025-08-04 20:35:14,415 - ADV_Generation_eps_4.0_steps_100 - INFO - Batch 68/230: Clean accuracy 0.7436 | Adv accuracy: 0.2950 
2025-08-04 20:35:14,423 - ADV_Generation_eps_4.0_steps_100 - INFO - Batch:[68] Adversarial images for this batch already exist
2025-08-04 20:35:15,080 - ADV_Generation_eps_4.0_steps_100 - INFO - Batch 69/230: Clean accuracy 0.7464 | Adv accuracy: 0.2971 
2025-08-04 20:35:15,089 - ADV_Generation_eps_4.0_steps_100 - INFO - Batch:[69] Adversarial images for this batch already exist
2025-08-04 20:35:15,785 - ADV_Generation_eps_4.0_steps_100 - INFO - Batch 70/230: Clean accuracy 0.7500 | Adv accuracy: 0.3009 
2025-08-04 20:35:15,794 - ADV_Generation_eps_4.0_steps_100 - INFO - Batch:[70] Adversarial images for this batch already exist
2025-08-04 20:35:16,498 - ADV_Generation_eps_4.0_steps_100 - INFO - Batch 71/230: Clean accuracy 0.7535 | Adv accuracy: 0.3055 
2025-08-04 20:35:16,513 - ADV_Generation_eps_4.0_steps_100 - INFO - Batch:[71] Adversarial images for this batch already exist
2025-08-04 20:35:17,134 - ADV_Generation_eps_4.0_steps_100 - INFO - Batch 72/230: Clean accuracy 0.7569 | Adv accuracy: 0.3108 
2025-08-04 20:35:17,143 - ADV_Generation_eps_4.0_steps_100 - INFO - Batch:[72] Adversarial images for this batch already exist
2025-08-04 20:35:17,804 - ADV_Generation_eps_4.0_steps_100 - INFO - Batch 73/230: Clean accuracy 0.7594 | Adv accuracy: 0.3168 
2025-08-04 20:35:17,814 - ADV_Generation_eps_4.0_steps_100 - INFO - Batch:[73] Adversarial images for this batch already exist
2025-08-04 20:35:18,509 - ADV_Generation_eps_4.0_steps_100 - INFO - Batch 74/230: Clean accuracy 0.7627 | Adv accuracy: 0.3235 
2025-08-04 20:35:18,519 - ADV_Generation_eps_4.0_steps_100 - INFO - Batch:[74] Adversarial images for this batch already exist
2025-08-04 20:35:19,207 - ADV_Generation_eps_4.0_steps_100 - INFO - Batch 75/230: Clean accuracy 0.7650 | Adv accuracy: 0.3192 
2025-08-04 20:35:19,216 - ADV_Generation_eps_4.0_steps_100 - INFO - Batch:[75] Adversarial images for this batch already exist
2025-08-04 20:35:19,920 - ADV_Generation_eps_4.0_steps_100 - INFO - Batch 76/230: Clean accuracy 0.7681 | Adv accuracy: 0.3166 
2025-08-04 20:35:19,951 - ADV_Generation_eps_4.0_steps_100 - INFO - Batch:[76] Adversarial images for this batch already exist
2025-08-04 20:35:20,624 - ADV_Generation_eps_4.0_steps_100 - INFO - Batch 77/230: Clean accuracy 0.7654 | Adv accuracy: 0.3133 
2025-08-04 20:35:20,648 - ADV_Generation_eps_4.0_steps_100 - INFO - Batch:[77] Adversarial images for this batch already exist
2025-08-04 20:35:21,320 - ADV_Generation_eps_4.0_steps_100 - INFO - Batch 78/230: Clean accuracy 0.7652 | Adv accuracy: 0.3093 
2025-08-04 20:35:21,329 - ADV_Generation_eps_4.0_steps_100 - INFO - Batch:[78] Adversarial images for this batch already exist
2025-08-04 20:35:22,057 - ADV_Generation_eps_4.0_steps_100 - INFO - Batch 79/230: Clean accuracy 0.7666 | Adv accuracy: 0.3078 
2025-08-04 20:35:22,066 - ADV_Generation_eps_4.0_steps_100 - INFO - Batch:[79] Adversarial images for this batch already exist
2025-08-04 20:35:22,790 - ADV_Generation_eps_4.0_steps_100 - INFO - Batch 80/230: Clean accuracy 0.7672 | Adv accuracy: 0.3039 
2025-08-04 20:35:22,799 - ADV_Generation_eps_4.0_steps_100 - INFO - Batch:[80] Adversarial images for this batch already exist
2025-08-04 20:35:23,447 - ADV_Generation_eps_4.0_steps_100 - INFO - Batch 81/230: Clean accuracy 0.7670 | Adv accuracy: 0.3025 
2025-08-04 20:35:23,455 - ADV_Generation_eps_4.0_steps_100 - INFO - Batch:[81] Adversarial images for this batch already exist
2025-08-04 20:35:24,087 - ADV_Generation_eps_4.0_steps_100 - INFO - Batch 82/230: Clean accuracy 0.7698 | Adv accuracy: 0.3049 
2025-08-04 20:35:24,098 - ADV_Generation_eps_4.0_steps_100 - INFO - Batch:[82] Adversarial images for this batch already exist
2025-08-04 20:35:24,826 - ADV_Generation_eps_4.0_steps_100 - INFO - Batch 83/230: Clean accuracy 0.7718 | Adv accuracy: 0.3042 
2025-08-04 20:35:24,835 - ADV_Generation_eps_4.0_steps_100 - INFO - Batch:[83] Adversarial images for this batch already exist
2025-08-04 20:35:25,477 - ADV_Generation_eps_4.0_steps_100 - INFO - Batch 84/230: Clean accuracy 0.7723 | Adv accuracy: 0.3058 
2025-08-04 20:35:25,486 - ADV_Generation_eps_4.0_steps_100 - INFO - Batch:[84] Adversarial images for this batch already exist
2025-08-04 20:35:26,114 - ADV_Generation_eps_4.0_steps_100 - INFO - Batch 85/230: Clean accuracy 0.7743 | Adv accuracy: 0.3066 
2025-08-04 20:35:26,123 - ADV_Generation_eps_4.0_steps_100 - INFO - Batch:[85] Adversarial images for this batch already exist
2025-08-04 20:35:26,759 - ADV_Generation_eps_4.0_steps_100 - INFO - Batch 86/230: Clean accuracy 0.7769 | Adv accuracy: 0.3081 
2025-08-04 20:35:26,768 - ADV_Generation_eps_4.0_steps_100 - INFO - Batch:[86] Adversarial images for this batch already exist
2025-08-04 20:35:27,637 - ADV_Generation_eps_4.0_steps_100 - INFO - Batch 87/230: Clean accuracy 0.7795 | Adv accuracy: 0.3132 
2025-08-04 20:35:27,646 - ADV_Generation_eps_4.0_steps_100 - INFO - Batch:[87] Adversarial images for this batch already exist
2025-08-04 20:35:28,446 - ADV_Generation_eps_4.0_steps_100 - INFO - Batch 88/230: Clean accuracy 0.7820 | Adv accuracy: 0.3182 
2025-08-04 20:35:28,455 - ADV_Generation_eps_4.0_steps_100 - INFO - Batch:[88] Adversarial images for this batch already exist
2025-08-04 20:35:29,227 - ADV_Generation_eps_4.0_steps_100 - INFO - Batch 89/230: Clean accuracy 0.7844 | Adv accuracy: 0.3244 
2025-08-04 20:35:29,241 - ADV_Generation_eps_4.0_steps_100 - INFO - Batch:[89] Adversarial images for this batch already exist
2025-08-04 20:35:29,917 - ADV_Generation_eps_4.0_steps_100 - INFO - Batch 90/230: Clean accuracy 0.7868 | Adv accuracy: 0.3312 
2025-08-04 20:35:29,926 - ADV_Generation_eps_4.0_steps_100 - INFO - Batch:[90] Adversarial images for this batch already exist
2025-08-04 20:35:30,787 - ADV_Generation_eps_4.0_steps_100 - INFO - Batch 91/230: Clean accuracy 0.7891 | Adv accuracy: 0.3386 
2025-08-04 20:35:30,802 - ADV_Generation_eps_4.0_steps_100 - INFO - Batch:[91] Adversarial images for this batch already exist
2025-08-04 20:35:31,570 - ADV_Generation_eps_4.0_steps_100 - INFO - Batch 92/230: Clean accuracy 0.7914 | Adv accuracy: 0.3451 
2025-08-04 20:35:31,579 - ADV_Generation_eps_4.0_steps_100 - INFO - Batch:[92] Adversarial images for this batch already exist
2025-08-04 20:35:32,425 - ADV_Generation_eps_4.0_steps_100 - INFO - Batch 93/230: Clean accuracy 0.7930 | Adv accuracy: 0.3501 
2025-08-04 20:35:32,434 - ADV_Generation_eps_4.0_steps_100 - INFO - Batch:[93] Adversarial images for this batch already exist
2025-08-04 20:35:33,069 - ADV_Generation_eps_4.0_steps_100 - INFO - Batch 94/230: Clean accuracy 0.7952 | Adv accuracy: 0.3524 
2025-08-04 20:35:33,078 - ADV_Generation_eps_4.0_steps_100 - INFO - Batch:[94] Adversarial images for this batch already exist
2025-08-04 20:35:33,702 - ADV_Generation_eps_4.0_steps_100 - INFO - Batch 95/230: Clean accuracy 0.7967 | Adv accuracy: 0.3553 
2025-08-04 20:35:33,710 - ADV_Generation_eps_4.0_steps_100 - INFO - Batch:[95] Adversarial images for this batch already exist
2025-08-04 20:35:34,386 - ADV_Generation_eps_4.0_steps_100 - INFO - Batch 96/230: Clean accuracy 0.7988 | Adv accuracy: 0.3581 
2025-08-04 20:35:34,396 - ADV_Generation_eps_4.0_steps_100 - INFO - Batch:[96] Adversarial images for this batch already exist
2025-08-04 20:35:35,110 - ADV_Generation_eps_4.0_steps_100 - INFO - Batch 97/230: Clean accuracy 0.8009 | Adv accuracy: 0.3621 
2025-08-04 20:35:35,119 - ADV_Generation_eps_4.0_steps_100 - INFO - Batch:[97] Adversarial images for this batch already exist
2025-08-04 20:35:35,740 - ADV_Generation_eps_4.0_steps_100 - INFO - Batch 98/230: Clean accuracy 0.8023 | Adv accuracy: 0.3635 
2025-08-04 20:35:35,750 - ADV_Generation_eps_4.0_steps_100 - INFO - Batch:[98] Adversarial images for this batch already exist
2025-08-04 20:35:36,400 - ADV_Generation_eps_4.0_steps_100 - INFO - Batch 99/230: Clean accuracy 0.8037 | Adv accuracy: 0.3649 
2025-08-04 20:35:36,409 - ADV_Generation_eps_4.0_steps_100 - INFO - Batch:[99] Adversarial images for this batch already exist
2025-08-04 20:35:37,057 - ADV_Generation_eps_4.0_steps_100 - INFO - Batch 100/230: Clean accuracy 0.8050 | Adv accuracy: 0.3656 
2025-08-04 20:35:37,067 - ADV_Generation_eps_4.0_steps_100 - INFO - Batch:[100] Adversarial images for this batch already exist
2025-08-04 20:35:37,740 - ADV_Generation_eps_4.0_steps_100 - INFO - Batch 101/230: Clean accuracy 0.8063 | Adv accuracy: 0.3670 
2025-08-04 20:35:37,749 - ADV_Generation_eps_4.0_steps_100 - INFO - Batch:[101] Adversarial images for this batch already exist
2025-08-04 20:35:38,404 - ADV_Generation_eps_4.0_steps_100 - INFO - Batch 102/230: Clean accuracy 0.8082 | Adv accuracy: 0.3676 
2025-08-04 20:35:38,414 - ADV_Generation_eps_4.0_steps_100 - INFO - Batch:[102] Adversarial images for this batch already exist
2025-08-04 20:35:39,119 - ADV_Generation_eps_4.0_steps_100 - INFO - Batch 103/230: Clean accuracy 0.8083 | Adv accuracy: 0.3671 
2025-08-04 20:35:39,187 - ADV_Generation_eps_4.0_steps_100 - INFO - Batch:[103] Adversarial images for this batch already exist
2025-08-04 20:35:39,802 - ADV_Generation_eps_4.0_steps_100 - INFO - Batch 104/230: Clean accuracy 0.8101 | Adv accuracy: 0.3696 
2025-08-04 20:35:39,909 - ADV_Generation_eps_4.0_steps_100 - INFO - Batch:[104] Adversarial images for this batch already exist
2025-08-04 20:35:40,761 - ADV_Generation_eps_4.0_steps_100 - INFO - Batch 105/230: Clean accuracy 0.8113 | Adv accuracy: 0.3726 
2025-08-04 20:35:40,778 - ADV_Generation_eps_4.0_steps_100 - INFO - Batch:[105] Adversarial images for this batch already exist
2025-08-04 20:35:41,408 - ADV_Generation_eps_4.0_steps_100 - INFO - Batch 106/230: Clean accuracy 0.8119 | Adv accuracy: 0.3768 
2025-08-04 20:35:41,417 - ADV_Generation_eps_4.0_steps_100 - INFO - Batch:[106] Adversarial images for this batch already exist
2025-08-04 20:35:42,033 - ADV_Generation_eps_4.0_steps_100 - INFO - Batch 107/230: Clean accuracy 0.8137 | Adv accuracy: 0.3808 
2025-08-04 20:35:42,042 - ADV_Generation_eps_4.0_steps_100 - INFO - Batch:[107] Adversarial images for this batch already exist
2025-08-04 20:35:42,832 - ADV_Generation_eps_4.0_steps_100 - INFO - Batch 108/230: Clean accuracy 0.8154 | Adv accuracy: 0.3866 
2025-08-04 20:35:42,848 - ADV_Generation_eps_4.0_steps_100 - INFO - Batch:[108] Adversarial images for this batch already exist
2025-08-04 20:35:43,523 - ADV_Generation_eps_4.0_steps_100 - INFO - Batch 109/230: Clean accuracy 0.8171 | Adv accuracy: 0.3916 
2025-08-04 20:35:43,531 - ADV_Generation_eps_4.0_steps_100 - INFO - Batch:[109] Adversarial images for this batch already exist
2025-08-04 20:35:44,174 - ADV_Generation_eps_4.0_steps_100 - INFO - Batch 110/230: Clean accuracy 0.8187 | Adv accuracy: 0.3960 
2025-08-04 20:35:44,202 - ADV_Generation_eps_4.0_steps_100 - INFO - Batch:[110] Adversarial images for this batch already exist
2025-08-04 20:35:45,095 - ADV_Generation_eps_4.0_steps_100 - INFO - Batch 111/230: Clean accuracy 0.8193 | Adv accuracy: 0.3964 
2025-08-04 20:35:45,103 - ADV_Generation_eps_4.0_steps_100 - INFO - Batch:[111] Adversarial images for this batch already exist
2025-08-04 20:35:45,856 - ADV_Generation_eps_4.0_steps_100 - INFO - Batch 112/230: Clean accuracy 0.8209 | Adv accuracy: 0.4007 
2025-08-04 20:35:45,866 - ADV_Generation_eps_4.0_steps_100 - INFO - Batch:[112] Adversarial images for this batch already exist
2025-08-04 20:35:46,549 - ADV_Generation_eps_4.0_steps_100 - INFO - Batch 113/230: Clean accuracy 0.8225 | Adv accuracy: 0.4049 
2025-08-04 20:35:46,560 - ADV_Generation_eps_4.0_steps_100 - INFO - Batch:[113] Adversarial images for this batch already exist
2025-08-04 20:35:47,308 - ADV_Generation_eps_4.0_steps_100 - INFO - Batch 114/230: Clean accuracy 0.8240 | Adv accuracy: 0.4090 
2025-08-04 20:35:47,318 - ADV_Generation_eps_4.0_steps_100 - INFO - Batch:[114] Adversarial images for this batch already exist
2025-08-04 20:35:47,945 - ADV_Generation_eps_4.0_steps_100 - INFO - Batch 115/230: Clean accuracy 0.8255 | Adv accuracy: 0.4136 
2025-08-04 20:35:47,955 - ADV_Generation_eps_4.0_steps_100 - INFO - Batch:[115] Adversarial images for this batch already exist
2025-08-04 20:35:48,649 - ADV_Generation_eps_4.0_steps_100 - INFO - Batch 116/230: Clean accuracy 0.8270 | Adv accuracy: 0.4170 
2025-08-04 20:35:48,658 - ADV_Generation_eps_4.0_steps_100 - INFO - Batch:[116] Adversarial images for this batch already exist
2025-08-04 20:35:49,344 - ADV_Generation_eps_4.0_steps_100 - INFO - Batch 117/230: Clean accuracy 0.8280 | Adv accuracy: 0.4204 
2025-08-04 20:35:49,353 - ADV_Generation_eps_4.0_steps_100 - INFO - Batch:[117] Adversarial images for this batch already exist
2025-08-04 20:35:50,004 - ADV_Generation_eps_4.0_steps_100 - INFO - Batch 118/230: Clean accuracy 0.8268 | Adv accuracy: 0.4227 
2025-08-04 20:35:50,013 - ADV_Generation_eps_4.0_steps_100 - INFO - Batch:[118] Adversarial images for this batch already exist
2025-08-04 20:35:50,729 - ADV_Generation_eps_4.0_steps_100 - INFO - Batch 119/230: Clean accuracy 0.8283 | Adv accuracy: 0.4254 
2025-08-04 20:35:50,739 - ADV_Generation_eps_4.0_steps_100 - INFO - Batch:[119] Adversarial images for this batch already exist
2025-08-04 20:35:51,508 - ADV_Generation_eps_4.0_steps_100 - INFO - Batch 120/230: Clean accuracy 0.8292 | Adv accuracy: 0.4271 
2025-08-04 20:35:51,518 - ADV_Generation_eps_4.0_steps_100 - INFO - Batch:[120] Adversarial images for this batch already exist
2025-08-04 20:35:52,420 - ADV_Generation_eps_4.0_steps_100 - INFO - Batch 121/230: Clean accuracy 0.8301 | Adv accuracy: 0.4272 
2025-08-04 20:35:52,429 - ADV_Generation_eps_4.0_steps_100 - INFO - Batch:[121] Adversarial images for this batch already exist
2025-08-04 20:35:53,057 - ADV_Generation_eps_4.0_steps_100 - INFO - Batch 122/230: Clean accuracy 0.8315 | Adv accuracy: 0.4298 
2025-08-04 20:35:53,067 - ADV_Generation_eps_4.0_steps_100 - INFO - Batch:[122] Adversarial images for this batch already exist
2025-08-04 20:35:53,713 - ADV_Generation_eps_4.0_steps_100 - INFO - Batch 123/230: Clean accuracy 0.8328 | Adv accuracy: 0.4299 
2025-08-04 20:35:53,722 - ADV_Generation_eps_4.0_steps_100 - INFO - Batch:[123] Adversarial images for this batch already exist
2025-08-04 20:35:54,429 - ADV_Generation_eps_4.0_steps_100 - INFO - Batch 124/230: Clean accuracy 0.8342 | Adv accuracy: 0.4309 
2025-08-04 20:35:54,445 - ADV_Generation_eps_4.0_steps_100 - INFO - Batch:[124] Adversarial images for this batch already exist
2025-08-04 20:35:55,085 - ADV_Generation_eps_4.0_steps_100 - INFO - Batch 125/230: Clean accuracy 0.8330 | Adv accuracy: 0.4290 
2025-08-04 20:35:55,094 - ADV_Generation_eps_4.0_steps_100 - INFO - Batch:[125] Adversarial images for this batch already exist
2025-08-04 20:35:55,976 - ADV_Generation_eps_4.0_steps_100 - INFO - Batch 126/230: Clean accuracy 0.8343 | Adv accuracy: 0.4291 
2025-08-04 20:35:55,985 - ADV_Generation_eps_4.0_steps_100 - INFO - Batch:[126] Adversarial images for this batch already exist
2025-08-04 20:35:56,708 - ADV_Generation_eps_4.0_steps_100 - INFO - Batch 127/230: Clean accuracy 0.8351 | Adv accuracy: 0.4281 
2025-08-04 20:35:56,717 - ADV_Generation_eps_4.0_steps_100 - INFO - Batch:[127] Adversarial images for this batch already exist
2025-08-04 20:35:57,400 - ADV_Generation_eps_4.0_steps_100 - INFO - Batch 128/230: Clean accuracy 0.8364 | Adv accuracy: 0.4282 
2025-08-04 20:35:57,410 - ADV_Generation_eps_4.0_steps_100 - INFO - Batch:[128] Adversarial images for this batch already exist
2025-08-04 20:35:58,076 - ADV_Generation_eps_4.0_steps_100 - INFO - Batch 129/230: Clean accuracy 0.8367 | Adv accuracy: 0.4278 
2025-08-04 20:35:58,085 - ADV_Generation_eps_4.0_steps_100 - INFO - Batch:[129] Adversarial images for this batch already exist
2025-08-04 20:35:58,770 - ADV_Generation_eps_4.0_steps_100 - INFO - Batch 130/230: Clean accuracy 0.8365 | Adv accuracy: 0.4255 
2025-08-04 20:35:58,779 - ADV_Generation_eps_4.0_steps_100 - INFO - Batch:[130] Adversarial images for this batch already exist
2025-08-04 20:35:59,440 - ADV_Generation_eps_4.0_steps_100 - INFO - Batch 131/230: Clean accuracy 0.8378 | Adv accuracy: 0.4275 
2025-08-04 20:35:59,455 - ADV_Generation_eps_4.0_steps_100 - INFO - Batch:[131] Adversarial images for this batch already exist
2025-08-04 20:36:00,118 - ADV_Generation_eps_4.0_steps_100 - INFO - Batch 132/230: Clean accuracy 0.8390 | Adv accuracy: 0.4313 
2025-08-04 20:36:00,127 - ADV_Generation_eps_4.0_steps_100 - INFO - Batch:[132] Adversarial images for this batch already exist
2025-08-04 20:36:00,850 - ADV_Generation_eps_4.0_steps_100 - INFO - Batch 133/230: Clean accuracy 0.8402 | Adv accuracy: 0.4342 
2025-08-04 20:36:00,859 - ADV_Generation_eps_4.0_steps_100 - INFO - Batch:[133] Adversarial images for this batch already exist
2025-08-04 20:36:01,661 - ADV_Generation_eps_4.0_steps_100 - INFO - Batch 134/230: Clean accuracy 0.8414 | Adv accuracy: 0.4375 
2025-08-04 20:36:01,670 - ADV_Generation_eps_4.0_steps_100 - INFO - Batch:[134] Adversarial images for this batch already exist
2025-08-04 20:36:02,306 - ADV_Generation_eps_4.0_steps_100 - INFO - Batch 135/230: Clean accuracy 0.8426 | Adv accuracy: 0.4407 
2025-08-04 20:36:02,316 - ADV_Generation_eps_4.0_steps_100 - INFO - Batch:[135] Adversarial images for this batch already exist
2025-08-04 20:36:03,004 - ADV_Generation_eps_4.0_steps_100 - INFO - Batch 136/230: Clean accuracy 0.8438 | Adv accuracy: 0.4426 
2025-08-04 20:36:03,013 - ADV_Generation_eps_4.0_steps_100 - INFO - Batch:[136] Adversarial images for this batch already exist
2025-08-04 20:36:03,660 - ADV_Generation_eps_4.0_steps_100 - INFO - Batch 137/230: Clean accuracy 0.8440 | Adv accuracy: 0.4430 
2025-08-04 20:36:03,669 - ADV_Generation_eps_4.0_steps_100 - INFO - Batch:[137] Adversarial images for this batch already exist
2025-08-04 20:36:04,473 - ADV_Generation_eps_4.0_steps_100 - INFO - Batch 138/230: Clean accuracy 0.8451 | Adv accuracy: 0.4447 
2025-08-04 20:36:04,482 - ADV_Generation_eps_4.0_steps_100 - INFO - Batch:[138] Adversarial images for this batch already exist
2025-08-04 20:36:05,278 - ADV_Generation_eps_4.0_steps_100 - INFO - Batch 139/230: Clean accuracy 0.8462 | Adv accuracy: 0.4460 
2025-08-04 20:36:05,288 - ADV_Generation_eps_4.0_steps_100 - INFO - Batch:[139] Adversarial images for this batch already exist
2025-08-04 20:36:05,952 - ADV_Generation_eps_4.0_steps_100 - INFO - Batch 140/230: Clean accuracy 0.8469 | Adv accuracy: 0.4487 
2025-08-04 20:36:05,961 - ADV_Generation_eps_4.0_steps_100 - INFO - Batch:[140] Adversarial images for this batch already exist
2025-08-04 20:36:06,605 - ADV_Generation_eps_4.0_steps_100 - INFO - Batch 141/230: Clean accuracy 0.8480 | Adv accuracy: 0.4504 
2025-08-04 20:36:06,613 - ADV_Generation_eps_4.0_steps_100 - INFO - Batch:[141] Adversarial images for this batch already exist
2025-08-04 20:36:07,350 - ADV_Generation_eps_4.0_steps_100 - INFO - Batch 142/230: Clean accuracy 0.8486 | Adv accuracy: 0.4520 
2025-08-04 20:36:07,359 - ADV_Generation_eps_4.0_steps_100 - INFO - Batch:[142] Adversarial images for this batch already exist
2025-08-04 20:36:08,037 - ADV_Generation_eps_4.0_steps_100 - INFO - Batch 143/230: Clean accuracy 0.8497 | Adv accuracy: 0.4519 
2025-08-04 20:36:08,046 - ADV_Generation_eps_4.0_steps_100 - INFO - Batch:[143] Adversarial images for this batch already exist
2025-08-04 20:36:08,703 - ADV_Generation_eps_4.0_steps_100 - INFO - Batch 144/230: Clean accuracy 0.8503 | Adv accuracy: 0.4540 
2025-08-04 20:36:08,712 - ADV_Generation_eps_4.0_steps_100 - INFO - Batch:[144] Adversarial images for this batch already exist
2025-08-04 20:36:09,428 - ADV_Generation_eps_4.0_steps_100 - INFO - Batch 145/230: Clean accuracy 0.8513 | Adv accuracy: 0.4560 
2025-08-04 20:36:09,437 - ADV_Generation_eps_4.0_steps_100 - INFO - Batch:[145] Adversarial images for this batch already exist
2025-08-04 20:36:10,105 - ADV_Generation_eps_4.0_steps_100 - INFO - Batch 146/230: Clean accuracy 0.8523 | Adv accuracy: 0.4572 
2025-08-04 20:36:10,114 - ADV_Generation_eps_4.0_steps_100 - INFO - Batch:[146] Adversarial images for this batch already exist
2025-08-04 20:36:10,764 - ADV_Generation_eps_4.0_steps_100 - INFO - Batch 147/230: Clean accuracy 0.8533 | Adv accuracy: 0.4596 
2025-08-04 20:36:10,773 - ADV_Generation_eps_4.0_steps_100 - INFO - Batch:[147] Adversarial images for this batch already exist
2025-08-04 20:36:11,422 - ADV_Generation_eps_4.0_steps_100 - INFO - Batch 148/230: Clean accuracy 0.8543 | Adv accuracy: 0.4616 
2025-08-04 20:36:11,431 - ADV_Generation_eps_4.0_steps_100 - INFO - Batch:[148] Adversarial images for this batch already exist
2025-08-04 20:36:12,200 - ADV_Generation_eps_4.0_steps_100 - INFO - Batch 149/230: Clean accuracy 0.8553 | Adv accuracy: 0.4635 
2025-08-04 20:36:12,209 - ADV_Generation_eps_4.0_steps_100 - INFO - Batch:[149] Adversarial images for this batch already exist
2025-08-04 20:36:12,867 - ADV_Generation_eps_4.0_steps_100 - INFO - Batch 150/230: Clean accuracy 0.8562 | Adv accuracy: 0.4646 
2025-08-04 20:36:12,876 - ADV_Generation_eps_4.0_steps_100 - INFO - Batch:[150] Adversarial images for this batch already exist
2025-08-04 20:36:13,579 - ADV_Generation_eps_4.0_steps_100 - INFO - Batch 151/230: Clean accuracy 0.8572 | Adv accuracy: 0.4656 
2025-08-04 20:36:13,589 - ADV_Generation_eps_4.0_steps_100 - INFO - Batch:[151] Adversarial images for this batch already exist
2025-08-04 20:36:14,298 - ADV_Generation_eps_4.0_steps_100 - INFO - Batch 152/230: Clean accuracy 0.8581 | Adv accuracy: 0.4671 
2025-08-04 20:36:14,308 - ADV_Generation_eps_4.0_steps_100 - INFO - Batch:[152] Adversarial images for this batch already exist
2025-08-04 20:36:14,951 - ADV_Generation_eps_4.0_steps_100 - INFO - Batch 153/230: Clean accuracy 0.8591 | Adv accuracy: 0.4702 
2025-08-04 20:36:14,960 - ADV_Generation_eps_4.0_steps_100 - INFO - Batch:[153] Adversarial images for this batch already exist
2025-08-04 20:36:15,677 - ADV_Generation_eps_4.0_steps_100 - INFO - Batch 154/230: Clean accuracy 0.8600 | Adv accuracy: 0.4720 
2025-08-04 20:36:15,686 - ADV_Generation_eps_4.0_steps_100 - INFO - Batch:[154] Adversarial images for this batch already exist
2025-08-04 20:36:16,502 - ADV_Generation_eps_4.0_steps_100 - INFO - Batch 155/230: Clean accuracy 0.8609 | Adv accuracy: 0.4746 
2025-08-04 20:36:16,511 - ADV_Generation_eps_4.0_steps_100 - INFO - Batch:[155] Adversarial images for this batch already exist
2025-08-04 20:36:17,247 - ADV_Generation_eps_4.0_steps_100 - INFO - Batch 156/230: Clean accuracy 0.8618 | Adv accuracy: 0.4772 
2025-08-04 20:36:17,263 - ADV_Generation_eps_4.0_steps_100 - INFO - Batch:[156] Adversarial images for this batch already exist
2025-08-04 20:36:17,913 - ADV_Generation_eps_4.0_steps_100 - INFO - Batch 157/230: Clean accuracy 0.8623 | Adv accuracy: 0.4797 
2025-08-04 20:36:17,922 - ADV_Generation_eps_4.0_steps_100 - INFO - Batch:[157] Adversarial images for this batch already exist
2025-08-04 20:36:18,543 - ADV_Generation_eps_4.0_steps_100 - INFO - Batch 158/230: Clean accuracy 0.8631 | Adv accuracy: 0.4826 
2025-08-04 20:36:18,555 - ADV_Generation_eps_4.0_steps_100 - INFO - Batch:[158] Adversarial images for this batch already exist
2025-08-04 20:36:19,283 - ADV_Generation_eps_4.0_steps_100 - INFO - Batch 159/230: Clean accuracy 0.8640 | Adv accuracy: 0.4858 
2025-08-04 20:36:19,292 - ADV_Generation_eps_4.0_steps_100 - INFO - Batch:[159] Adversarial images for this batch already exist
2025-08-04 20:36:19,886 - ADV_Generation_eps_4.0_steps_100 - INFO - Batch 160/230: Clean accuracy 0.8645 | Adv accuracy: 0.4879 
2025-08-04 20:36:19,895 - ADV_Generation_eps_4.0_steps_100 - INFO - Batch:[160] Adversarial images for this batch already exist
2025-08-04 20:36:20,542 - ADV_Generation_eps_4.0_steps_100 - INFO - Batch 161/230: Clean accuracy 0.8653 | Adv accuracy: 0.4911 
2025-08-04 20:36:20,551 - ADV_Generation_eps_4.0_steps_100 - INFO - Batch:[161] Adversarial images for this batch already exist
2025-08-04 20:36:21,295 - ADV_Generation_eps_4.0_steps_100 - INFO - Batch 162/230: Clean accuracy 0.8638 | Adv accuracy: 0.4900 
2025-08-04 20:36:21,307 - ADV_Generation_eps_4.0_steps_100 - INFO - Batch:[162] Adversarial images for this batch already exist
2025-08-04 20:36:22,003 - ADV_Generation_eps_4.0_steps_100 - INFO - Batch 163/230: Clean accuracy 0.8612 | Adv accuracy: 0.4870 
2025-08-04 20:36:22,012 - ADV_Generation_eps_4.0_steps_100 - INFO - Batch:[163] Adversarial images for this batch already exist
2025-08-04 20:36:22,681 - ADV_Generation_eps_4.0_steps_100 - INFO - Batch 164/230: Clean accuracy 0.8586 | Adv accuracy: 0.4840 
2025-08-04 20:36:22,690 - ADV_Generation_eps_4.0_steps_100 - INFO - Batch:[164] Adversarial images for this batch already exist
2025-08-04 20:36:23,393 - ADV_Generation_eps_4.0_steps_100 - INFO - Batch 165/230: Clean accuracy 0.8561 | Adv accuracy: 0.4811 
2025-08-04 20:36:23,402 - ADV_Generation_eps_4.0_steps_100 - INFO - Batch:[165] Adversarial images for this batch already exist
2025-08-04 20:36:24,048 - ADV_Generation_eps_4.0_steps_100 - INFO - Batch 166/230: Clean accuracy 0.8539 | Adv accuracy: 0.4793 
2025-08-04 20:36:24,056 - ADV_Generation_eps_4.0_steps_100 - INFO - Batch:[166] Adversarial images for this batch already exist
2025-08-04 20:36:24,720 - ADV_Generation_eps_4.0_steps_100 - INFO - Batch 167/230: Clean accuracy 0.8503 | Adv accuracy: 0.4764 
2025-08-04 20:36:24,730 - ADV_Generation_eps_4.0_steps_100 - INFO - Batch:[167] Adversarial images for this batch already exist
2025-08-04 20:36:25,383 - ADV_Generation_eps_4.0_steps_100 - INFO - Batch 168/230: Clean accuracy 0.8497 | Adv accuracy: 0.4743 
2025-08-04 20:36:25,392 - ADV_Generation_eps_4.0_steps_100 - INFO - Batch:[168] Adversarial images for this batch already exist
2025-08-04 20:36:26,014 - ADV_Generation_eps_4.0_steps_100 - INFO - Batch 169/230: Clean accuracy 0.8499 | Adv accuracy: 0.4719 
2025-08-04 20:36:26,023 - ADV_Generation_eps_4.0_steps_100 - INFO - Batch:[169] Adversarial images for this batch already exist
2025-08-04 20:36:26,678 - ADV_Generation_eps_4.0_steps_100 - INFO - Batch 170/230: Clean accuracy 0.8500 | Adv accuracy: 0.4695 
2025-08-04 20:36:26,687 - ADV_Generation_eps_4.0_steps_100 - INFO - Batch:[170] Adversarial images for this batch already exist
2025-08-04 20:36:27,347 - ADV_Generation_eps_4.0_steps_100 - INFO - Batch 171/230: Clean accuracy 0.8498 | Adv accuracy: 0.4667 
2025-08-04 20:36:27,357 - ADV_Generation_eps_4.0_steps_100 - INFO - Batch:[171] Adversarial images for this batch already exist
2025-08-04 20:36:28,002 - ADV_Generation_eps_4.0_steps_100 - INFO - Batch 172/230: Clean accuracy 0.8492 | Adv accuracy: 0.4640 
2025-08-04 20:36:28,011 - ADV_Generation_eps_4.0_steps_100 - INFO - Batch:[172] Adversarial images for this batch already exist
2025-08-04 20:36:28,675 - ADV_Generation_eps_4.0_steps_100 - INFO - Batch 173/230: Clean accuracy 0.8493 | Adv accuracy: 0.4621 
2025-08-04 20:36:28,684 - ADV_Generation_eps_4.0_steps_100 - INFO - Batch:[173] Adversarial images for this batch already exist
2025-08-04 20:36:29,379 - ADV_Generation_eps_4.0_steps_100 - INFO - Batch 174/230: Clean accuracy 0.8481 | Adv accuracy: 0.4605 
2025-08-04 20:36:29,389 - ADV_Generation_eps_4.0_steps_100 - INFO - Batch:[174] Adversarial images for this batch already exist
2025-08-04 20:36:30,097 - ADV_Generation_eps_4.0_steps_100 - INFO - Batch 175/230: Clean accuracy 0.8482 | Adv accuracy: 0.4611 
2025-08-04 20:36:30,105 - ADV_Generation_eps_4.0_steps_100 - INFO - Batch:[175] Adversarial images for this batch already exist
2025-08-04 20:36:30,871 - ADV_Generation_eps_4.0_steps_100 - INFO - Batch 176/230: Clean accuracy 0.8484 | Adv accuracy: 0.4624 
2025-08-04 20:36:30,880 - ADV_Generation_eps_4.0_steps_100 - INFO - Batch:[176] Adversarial images for this batch already exist
2025-08-04 20:36:31,570 - ADV_Generation_eps_4.0_steps_100 - INFO - Batch 177/230: Clean accuracy 0.8492 | Adv accuracy: 0.4650 
2025-08-04 20:36:31,578 - ADV_Generation_eps_4.0_steps_100 - INFO - Batch:[177] Adversarial images for this batch already exist
2025-08-04 20:36:32,222 - ADV_Generation_eps_4.0_steps_100 - INFO - Batch 178/230: Clean accuracy 0.8497 | Adv accuracy: 0.4670 
2025-08-04 20:36:32,231 - ADV_Generation_eps_4.0_steps_100 - INFO - Batch:[178] Adversarial images for this batch already exist
2025-08-04 20:36:32,913 - ADV_Generation_eps_4.0_steps_100 - INFO - Batch 179/230: Clean accuracy 0.8506 | Adv accuracy: 0.4693 
2025-08-04 20:36:33,013 - ADV_Generation_eps_4.0_steps_100 - INFO - Batch:[179] Adversarial images for this batch already exist
2025-08-04 20:36:33,673 - ADV_Generation_eps_4.0_steps_100 - INFO - Batch 180/230: Clean accuracy 0.8514 | Adv accuracy: 0.4719 
2025-08-04 20:36:33,683 - ADV_Generation_eps_4.0_steps_100 - INFO - Batch:[180] Adversarial images for this batch already exist
2025-08-04 20:36:34,479 - ADV_Generation_eps_4.0_steps_100 - INFO - Batch 181/230: Clean accuracy 0.8522 | Adv accuracy: 0.4741 
2025-08-04 20:36:34,488 - ADV_Generation_eps_4.0_steps_100 - INFO - Batch:[181] Adversarial images for this batch already exist
2025-08-04 20:36:35,178 - ADV_Generation_eps_4.0_steps_100 - INFO - Batch 182/230: Clean accuracy 0.8530 | Adv accuracy: 0.4766 
2025-08-04 20:36:35,196 - ADV_Generation_eps_4.0_steps_100 - INFO - Batch:[182] Adversarial images for this batch already exist
2025-08-04 20:36:35,834 - ADV_Generation_eps_4.0_steps_100 - INFO - Batch 183/230: Clean accuracy 0.8538 | Adv accuracy: 0.4788 
2025-08-04 20:36:35,843 - ADV_Generation_eps_4.0_steps_100 - INFO - Batch:[183] Adversarial images for this batch already exist
2025-08-04 20:36:36,728 - ADV_Generation_eps_4.0_steps_100 - INFO - Batch 184/230: Clean accuracy 0.8546 | Adv accuracy: 0.4806 
2025-08-04 20:36:36,737 - ADV_Generation_eps_4.0_steps_100 - INFO - Batch:[184] Adversarial images for this batch already exist
2025-08-04 20:36:37,390 - ADV_Generation_eps_4.0_steps_100 - INFO - Batch 185/230: Clean accuracy 0.8554 | Adv accuracy: 0.4831 
2025-08-04 20:36:37,400 - ADV_Generation_eps_4.0_steps_100 - INFO - Batch:[185] Adversarial images for this batch already exist
2025-08-04 20:36:38,102 - ADV_Generation_eps_4.0_steps_100 - INFO - Batch 186/230: Clean accuracy 0.8562 | Adv accuracy: 0.4845 
2025-08-04 20:36:38,111 - ADV_Generation_eps_4.0_steps_100 - INFO - Batch:[186] Adversarial images for this batch already exist
2025-08-04 20:36:38,740 - ADV_Generation_eps_4.0_steps_100 - INFO - Batch 187/230: Clean accuracy 0.8570 | Adv accuracy: 0.4863 
2025-08-04 20:36:38,755 - ADV_Generation_eps_4.0_steps_100 - INFO - Batch:[187] Adversarial images for this batch already exist
2025-08-04 20:36:39,532 - ADV_Generation_eps_4.0_steps_100 - INFO - Batch 188/230: Clean accuracy 0.8577 | Adv accuracy: 0.4887 
2025-08-04 20:36:39,541 - ADV_Generation_eps_4.0_steps_100 - INFO - Batch:[188] Adversarial images for this batch already exist
2025-08-04 20:36:40,163 - ADV_Generation_eps_4.0_steps_100 - INFO - Batch 189/230: Clean accuracy 0.8585 | Adv accuracy: 0.4907 
2025-08-04 20:36:40,172 - ADV_Generation_eps_4.0_steps_100 - INFO - Batch:[189] Adversarial images for this batch already exist
2025-08-04 20:36:41,084 - ADV_Generation_eps_4.0_steps_100 - INFO - Batch 190/230: Clean accuracy 0.8592 | Adv accuracy: 0.4934 
2025-08-04 20:36:41,093 - ADV_Generation_eps_4.0_steps_100 - INFO - Batch:[190] Adversarial images for this batch already exist
2025-08-04 20:36:41,783 - ADV_Generation_eps_4.0_steps_100 - INFO - Batch 191/230: Clean accuracy 0.8596 | Adv accuracy: 0.4944 
2025-08-04 20:36:41,800 - ADV_Generation_eps_4.0_steps_100 - INFO - Batch:[191] Adversarial images for this batch already exist
2025-08-04 20:36:42,454 - ADV_Generation_eps_4.0_steps_100 - INFO - Batch 192/230: Clean accuracy 0.8604 | Adv accuracy: 0.4964 
2025-08-04 20:36:42,505 - ADV_Generation_eps_4.0_steps_100 - INFO - Batch:[192] Adversarial images for this batch already exist
2025-08-04 20:36:43,237 - ADV_Generation_eps_4.0_steps_100 - INFO - Batch 193/230: Clean accuracy 0.8608 | Adv accuracy: 0.4974 
2025-08-04 20:36:43,246 - ADV_Generation_eps_4.0_steps_100 - INFO - Batch:[193] Adversarial images for this batch already exist
2025-08-04 20:36:43,918 - ADV_Generation_eps_4.0_steps_100 - INFO - Batch 194/230: Clean accuracy 0.8611 | Adv accuracy: 0.4987 
2025-08-04 20:36:43,943 - ADV_Generation_eps_4.0_steps_100 - INFO - Batch:[194] Adversarial images for this batch already exist
2025-08-04 20:36:44,624 - ADV_Generation_eps_4.0_steps_100 - INFO - Batch 195/230: Clean accuracy 0.8619 | Adv accuracy: 0.4990 
2025-08-04 20:36:44,634 - ADV_Generation_eps_4.0_steps_100 - INFO - Batch:[195] Adversarial images for this batch already exist
2025-08-04 20:36:45,432 - ADV_Generation_eps_4.0_steps_100 - INFO - Batch 196/230: Clean accuracy 0.8626 | Adv accuracy: 0.4990 
2025-08-04 20:36:45,441 - ADV_Generation_eps_4.0_steps_100 - INFO - Batch:[196] Adversarial images for this batch already exist
2025-08-04 20:36:46,185 - ADV_Generation_eps_4.0_steps_100 - INFO - Batch 197/230: Clean accuracy 0.8633 | Adv accuracy: 0.5003 
2025-08-04 20:36:46,195 - ADV_Generation_eps_4.0_steps_100 - INFO - Batch:[197] Adversarial images for this batch already exist
2025-08-04 20:36:46,865 - ADV_Generation_eps_4.0_steps_100 - INFO - Batch 198/230: Clean accuracy 0.8640 | Adv accuracy: 0.5016 
2025-08-04 20:36:46,875 - ADV_Generation_eps_4.0_steps_100 - INFO - Batch:[198] Adversarial images for this batch already exist
2025-08-04 20:36:47,540 - ADV_Generation_eps_4.0_steps_100 - INFO - Batch 199/230: Clean accuracy 0.8646 | Adv accuracy: 0.5028 
2025-08-04 20:36:47,550 - ADV_Generation_eps_4.0_steps_100 - INFO - Batch:[199] Adversarial images for this batch already exist
2025-08-04 20:36:48,218 - ADV_Generation_eps_4.0_steps_100 - INFO - Batch 200/230: Clean accuracy 0.8653 | Adv accuracy: 0.5041 
2025-08-04 20:36:48,227 - ADV_Generation_eps_4.0_steps_100 - INFO - Batch:[200] Adversarial images for this batch already exist
2025-08-04 20:36:48,923 - ADV_Generation_eps_4.0_steps_100 - INFO - Batch 201/230: Clean accuracy 0.8660 | Adv accuracy: 0.5056 
2025-08-04 20:36:49,004 - ADV_Generation_eps_4.0_steps_100 - INFO - Batch:[201] Adversarial images for this batch already exist
2025-08-04 20:36:49,764 - ADV_Generation_eps_4.0_steps_100 - INFO - Batch 202/230: Clean accuracy 0.8666 | Adv accuracy: 0.5080 
2025-08-04 20:36:49,773 - ADV_Generation_eps_4.0_steps_100 - INFO - Batch:[202] Adversarial images for this batch already exist
2025-08-04 20:36:50,426 - ADV_Generation_eps_4.0_steps_100 - INFO - Batch 203/230: Clean accuracy 0.8673 | Adv accuracy: 0.5092 
2025-08-04 20:36:50,435 - ADV_Generation_eps_4.0_steps_100 - INFO - Batch:[203] Adversarial images for this batch already exist
2025-08-04 20:36:51,144 - ADV_Generation_eps_4.0_steps_100 - INFO - Batch 204/230: Clean accuracy 0.8680 | Adv accuracy: 0.5113 
2025-08-04 20:36:51,153 - ADV_Generation_eps_4.0_steps_100 - INFO - Batch:[204] Adversarial images for this batch already exist
2025-08-04 20:36:51,883 - ADV_Generation_eps_4.0_steps_100 - INFO - Batch 205/230: Clean accuracy 0.8686 | Adv accuracy: 0.5137 
2025-08-04 20:36:51,893 - ADV_Generation_eps_4.0_steps_100 - INFO - Batch:[205] Adversarial images for this batch already exist
2025-08-04 20:36:52,592 - ADV_Generation_eps_4.0_steps_100 - INFO - Batch 206/230: Clean accuracy 0.8674 | Adv accuracy: 0.5115 
2025-08-04 20:36:52,602 - ADV_Generation_eps_4.0_steps_100 - INFO - Batch:[206] Adversarial images for this batch already exist
2025-08-04 20:36:53,257 - ADV_Generation_eps_4.0_steps_100 - INFO - Batch 207/230: Clean accuracy 0.8675 | Adv accuracy: 0.5097 
2025-08-04 20:36:53,266 - ADV_Generation_eps_4.0_steps_100 - INFO - Batch:[207] Adversarial images for this batch already exist
2025-08-04 20:36:53,902 - ADV_Generation_eps_4.0_steps_100 - INFO - Batch 208/230: Clean accuracy 0.8666 | Adv accuracy: 0.5075 
2025-08-04 20:36:53,912 - ADV_Generation_eps_4.0_steps_100 - INFO - Batch:[208] Adversarial images for this batch already exist
2025-08-04 20:36:54,594 - ADV_Generation_eps_4.0_steps_100 - INFO - Batch 209/230: Clean accuracy 0.8660 | Adv accuracy: 0.5054 
2025-08-04 20:36:54,602 - ADV_Generation_eps_4.0_steps_100 - INFO - Batch:[209] Adversarial images for this batch already exist
2025-08-04 20:36:55,277 - ADV_Generation_eps_4.0_steps_100 - INFO - Batch 210/230: Clean accuracy 0.8652 | Adv accuracy: 0.5039 
2025-08-04 20:36:55,286 - ADV_Generation_eps_4.0_steps_100 - INFO - Batch:[210] Adversarial images for this batch already exist
2025-08-04 20:36:55,934 - ADV_Generation_eps_4.0_steps_100 - INFO - Batch 211/230: Clean accuracy 0.8649 | Adv accuracy: 0.5024 
2025-08-04 20:36:55,943 - ADV_Generation_eps_4.0_steps_100 - INFO - Batch:[211] Adversarial images for this batch already exist
2025-08-04 20:36:56,690 - ADV_Generation_eps_4.0_steps_100 - INFO - Batch 212/230: Clean accuracy 0.8650 | Adv accuracy: 0.5024 
2025-08-04 20:36:56,699 - ADV_Generation_eps_4.0_steps_100 - INFO - Batch:[212] Adversarial images for this batch already exist
2025-08-04 20:36:57,446 - ADV_Generation_eps_4.0_steps_100 - INFO - Batch 213/230: Clean accuracy 0.8656 | Adv accuracy: 0.5032 
2025-08-04 20:36:57,472 - ADV_Generation_eps_4.0_steps_100 - INFO - Batch:[213] Adversarial images for this batch already exist
2025-08-04 20:36:58,187 - ADV_Generation_eps_4.0_steps_100 - INFO - Batch 214/230: Clean accuracy 0.8651 | Adv accuracy: 0.5020 
2025-08-04 20:36:58,196 - ADV_Generation_eps_4.0_steps_100 - INFO - Batch:[214] Adversarial images for this batch already exist
2025-08-04 20:36:58,822 - ADV_Generation_eps_4.0_steps_100 - INFO - Batch 215/230: Clean accuracy 0.8654 | Adv accuracy: 0.5023 
2025-08-04 20:36:58,831 - ADV_Generation_eps_4.0_steps_100 - INFO - Batch:[215] Adversarial images for this batch already exist
2025-08-04 20:36:59,620 - ADV_Generation_eps_4.0_steps_100 - INFO - Batch 216/230: Clean accuracy 0.8655 | Adv accuracy: 0.5026 
2025-08-04 20:36:59,629 - ADV_Generation_eps_4.0_steps_100 - INFO - Batch:[216] Adversarial images for this batch already exist
2025-08-04 20:37:00,314 - ADV_Generation_eps_4.0_steps_100 - INFO - Batch 217/230: Clean accuracy 0.8661 | Adv accuracy: 0.5023 
2025-08-04 20:37:00,333 - ADV_Generation_eps_4.0_steps_100 - INFO - Batch:[217] Adversarial images for this batch already exist
2025-08-04 20:37:00,965 - ADV_Generation_eps_4.0_steps_100 - INFO - Batch 218/230: Clean accuracy 0.8664 | Adv accuracy: 0.5032 
2025-08-04 20:37:00,974 - ADV_Generation_eps_4.0_steps_100 - INFO - Batch:[218] Adversarial images for this batch already exist
2025-08-04 20:37:01,626 - ADV_Generation_eps_4.0_steps_100 - INFO - Batch 219/230: Clean accuracy 0.8667 | Adv accuracy: 0.5031 
2025-08-04 20:37:01,635 - ADV_Generation_eps_4.0_steps_100 - INFO - Batch:[219] Adversarial images for this batch already exist
2025-08-04 20:37:02,356 - ADV_Generation_eps_4.0_steps_100 - INFO - Batch 220/230: Clean accuracy 0.8670 | Adv accuracy: 0.5045 
2025-08-04 20:37:02,366 - ADV_Generation_eps_4.0_steps_100 - INFO - Batch:[220] Adversarial images for this batch already exist
2025-08-04 20:37:03,038 - ADV_Generation_eps_4.0_steps_100 - INFO - Batch 221/230: Clean accuracy 0.8676 | Adv accuracy: 0.5048 
2025-08-04 20:37:03,047 - ADV_Generation_eps_4.0_steps_100 - INFO - Batch:[221] Adversarial images for this batch already exist
2025-08-04 20:37:03,898 - ADV_Generation_eps_4.0_steps_100 - INFO - Batch 222/230: Clean accuracy 0.8682 | Adv accuracy: 0.5059 
2025-08-04 20:37:03,907 - ADV_Generation_eps_4.0_steps_100 - INFO - Batch:[222] Adversarial images for this batch already exist
2025-08-04 20:37:04,591 - ADV_Generation_eps_4.0_steps_100 - INFO - Batch 223/230: Clean accuracy 0.8688 | Adv accuracy: 0.5067 
2025-08-04 20:37:04,600 - ADV_Generation_eps_4.0_steps_100 - INFO - Batch:[223] Adversarial images for this batch already exist
2025-08-04 20:37:05,511 - ADV_Generation_eps_4.0_steps_100 - INFO - Batch 224/230: Clean accuracy 0.8691 | Adv accuracy: 0.5075 
2025-08-04 20:37:05,520 - ADV_Generation_eps_4.0_steps_100 - INFO - Batch:[224] Adversarial images for this batch already exist
2025-08-04 20:37:06,149 - ADV_Generation_eps_4.0_steps_100 - INFO - Batch 225/230: Clean accuracy 0.8697 | Adv accuracy: 0.5094 
2025-08-04 20:37:06,158 - ADV_Generation_eps_4.0_steps_100 - INFO - Batch:[225] Adversarial images for this batch already exist
2025-08-04 20:37:06,794 - ADV_Generation_eps_4.0_steps_100 - INFO - Batch 226/230: Clean accuracy 0.8703 | Adv accuracy: 0.5108 
2025-08-04 20:37:06,802 - ADV_Generation_eps_4.0_steps_100 - INFO - Batch:[226] Adversarial images for this batch already exist
2025-08-04 20:37:07,483 - ADV_Generation_eps_4.0_steps_100 - INFO - Batch 227/230: Clean accuracy 0.8709 | Adv accuracy: 0.5121 
2025-08-04 20:37:07,491 - ADV_Generation_eps_4.0_steps_100 - INFO - Batch:[227] Adversarial images for this batch already exist
2025-08-04 20:37:08,116 - ADV_Generation_eps_4.0_steps_100 - INFO - Batch 228/230: Clean accuracy 0.8712 | Adv accuracy: 0.5132 
2025-08-04 20:37:08,134 - ADV_Generation_eps_4.0_steps_100 - INFO - Batch:[228] Adversarial images for this batch already exist
2025-08-04 20:37:08,784 - ADV_Generation_eps_4.0_steps_100 - INFO - Batch 229/230: Clean accuracy 0.8715 | Adv accuracy: 0.5139 
2025-08-04 20:37:08,789 - ADV_Generation_eps_4.0_steps_100 - INFO - Batch:[229] Adversarial images for this batch already exist
2025-08-04 20:37:09,138 - ADV_Generation_eps_4.0_steps_100 - INFO - Batch 230/230: Clean accuracy 0.8716 | Adv accuracy: 0.5138 
2025-08-04 20:37:09,190 - ADV_Generation_eps_4.0_steps_100 - INFO - Original accuracy: 0.8716
2025-08-04 20:37:09,190 - ADV_Generation_eps_4.0_steps_100 - INFO - Adversarial accuracy: 0.5138
2025-08-04 20:37:09,197 - ADV_Generation_eps_4.0_steps_100 - INFO - Adversarial image generation completed. Results
