2026-02-12 11:14:17,993 - ADV_Generation_eps_8.0_steps_100_Added_Noise_uniform_Eps_8.0_Tau_Type_normal_anchors_num_anchors_10 - INFO - ==========================================
data:/leonardo_work/EUHPC_R04_192/fmohamma/Adversarial_Robust_Clip/atpt_data/downstream_datasets
test_sets:eurosat
dataset_mode:test
arch:vit_l_14_datacomp_1b
resolution:224
transferability:False
source_model:fare4
workers:4
no_pin_memory:False
batch_size:1
adv_bs:1
print_freq:20
gpu:0
no_cudnn_benchmark:False
n_ctx:4
ctx_init:a_photo_of_a
seed:0
output_dir:/leonardo_work/EUHPC_R04_192/fmohamma/Adversarial_Robust_Clip/atpt_data/vit_l_14_datacomp_1b/eurosat
log_output_dir:/leonardo_work/EUHPC_R04_192/fmohamma/Adversarial_Robust_Clip/ATPT/Diffratio_v3/vit_l_14_datacomp_1b/eurosat/ADV_Generation_eps_8.0_steps_100_Added_Noise_uniform_Eps_8.0_Tau_Type_normal_anchors_num_anchors_10
image_only_attack:False
image_only_attack_type:prm
image_predicted_label_attack:False
eps:8.0
alpha:2.0
alpha_eps_ratio:4.0
steps:100
counter_attack:True
counter_attack_type:pgd
counter_attack_steps:0
counter_attack_eps:8.0
counter_attack_alpha:1.0
counter_attack_tau_thres:0.2
counter_attack_beta:2.0
counter_attack_weighted_perturbations:True
counter_attack_init_noise:uniform
counter_attack_gaussian_sigma:0.03
counter_attack_noisy_tau_num_anchors:10
counter_attack_tau:normal_anchors
pgd_clip_pure_i_text_embeddings:null
pgd_counter_and_clipure_i_lamda:1.0
image_feature_purify:False
image_feature_purify_type:noisy_anchor
image_feature_purify_noisy_anchors:10
image_feature_purify_anchors_alpha:1.2
image_feature_purify_noisy_sigma:0.18
image_feature_purify_diff_threshold:0.0
image_feature_clipure_steps:10
image_feature_clipure_step_size:10.0
save_plots:False
lr:0.005
selection_p:0.1
tta_steps:1
top_k:20
softmax_temp:0.01
load_tecoa:

2026-02-12 11:14:17,994 - ADV_Generation_eps_8.0_steps_100_Added_Noise_uniform_Eps_8.0_Tau_Type_normal_anchors_num_anchors_10 - INFO - Use GPU: 0 for training
2026-02-12 11:15:06,864 - ADV_Generation_eps_8.0_steps_100_Added_Noise_uniform_Eps_8.0_Tau_Type_normal_anchors_num_anchors_10 - INFO - => Model created: visual backbone vit_l_14_datacomp_1b
2026-02-12 11:15:06,918 - ADV_Generation_eps_8.0_steps_100_Added_Noise_uniform_Eps_8.0_Tau_Type_normal_anchors_num_anchors_10 - INFO - Number of test samples: 8100
2026-02-12 11:15:06,919 - ADV_Generation_eps_8.0_steps_100_Added_Noise_uniform_Eps_8.0_Tau_Type_normal_anchors_num_anchors_10 - INFO - Evaluating dataset: eurosat
2026-02-12 11:15:06,920 - ADV_Generation_eps_8.0_steps_100_Added_Noise_uniform_Eps_8.0_Tau_Type_normal_anchors_num_anchors_10 - INFO - Starting evaluation with batch size: 1, selection percentage: 0.1
2026-02-12 11:15:06,920 - ADV_Generation_eps_8.0_steps_100_Added_Noise_uniform_Eps_8.0_Tau_Type_normal_anchors_num_anchors_10 - INFO - Using counter-attack with epsilon: 8.000000, alpha: 1.000000, steps: 0
2026-02-12 11:15:06,920 - ADV_Generation_eps_8.0_steps_100_Added_Noise_uniform_Eps_8.0_Tau_Type_normal_anchors_num_anchors_10 - INFO - Adversarial examples will be loaded from /leonardo_work/EUHPC_R04_192/fmohamma/Adversarial_Robust_Clip/atpt_data/vit_l_14_datacomp_1b/eurosat/adv_images_eps_8.0_alpha_2.0_steps_100 and evaluated on vit_l_14_datacomp_1b
2026-02-12 11:15:06,921 - ADV_Generation_eps_8.0_steps_100_Added_Noise_uniform_Eps_8.0_Tau_Type_normal_anchors_num_anchors_10 - INFO - Using directory for adversarial images: /leonardo_work/EUHPC_R04_192/fmohamma/Adversarial_Robust_Clip/atpt_data/vit_l_14_datacomp_1b/eurosat/adv_images_eps_8.0_alpha_2.0_steps_100
2026-02-12 11:15:07,220 - ADV_Generation_eps_8.0_steps_100_Added_Noise_uniform_Eps_8.0_Tau_Type_normal_anchors_num_anchors_10 - INFO - Batch:[0] Adversarial images for this batch already exist
2026-02-12 11:15:07,757 - ADV_Generation_eps_8.0_steps_100_Added_Noise_uniform_Eps_8.0_Tau_Type_normal_anchors_num_anchors_10 - INFO - Batch 1/8100: Clean accuracy 1.0000 | Adv accuracy: 0.0000 | Counter-attack accuracy: 0.0000
2026-02-12 11:15:07,758 - ADV_Generation_eps_8.0_steps_100_Added_Noise_uniform_Eps_8.0_Tau_Type_normal_anchors_num_anchors_10 - INFO - Batch:[1] Adversarial images for this batch already exist
2026-02-12 11:15:07,965 - ADV_Generation_eps_8.0_steps_100_Added_Noise_uniform_Eps_8.0_Tau_Type_normal_anchors_num_anchors_10 - INFO - Batch 2/8100: Clean accuracy 0.5000 | Adv accuracy: 0.0000 | Counter-attack accuracy: 0.0000
2026-02-12 11:15:07,966 - ADV_Generation_eps_8.0_steps_100_Added_Noise_uniform_Eps_8.0_Tau_Type_normal_anchors_num_anchors_10 - INFO - Batch:[2] Adversarial images for this batch already exist
2026-02-12 11:15:08,229 - ADV_Generation_eps_8.0_steps_100_Added_Noise_uniform_Eps_8.0_Tau_Type_normal_anchors_num_anchors_10 - INFO - Batch 3/8100: Clean accuracy 0.3333 | Adv accuracy: 0.0000 | Counter-attack accuracy: 0.0000
2026-02-12 11:15:08,230 - ADV_Generation_eps_8.0_steps_100_Added_Noise_uniform_Eps_8.0_Tau_Type_normal_anchors_num_anchors_10 - INFO - Batch:[3] Adversarial images for this batch already exist
2026-02-12 11:15:08,441 - ADV_Generation_eps_8.0_steps_100_Added_Noise_uniform_Eps_8.0_Tau_Type_normal_anchors_num_anchors_10 - INFO - Batch 4/8100: Clean accuracy 0.2500 | Adv accuracy: 0.0000 | Counter-attack accuracy: 0.0000
2026-02-12 11:15:08,442 - ADV_Generation_eps_8.0_steps_100_Added_Noise_uniform_Eps_8.0_Tau_Type_normal_anchors_num_anchors_10 - INFO - Batch:[4] Adversarial images for this batch already exist
2026-02-12 11:15:08,654 - ADV_Generation_eps_8.0_steps_100_Added_Noise_uniform_Eps_8.0_Tau_Type_normal_anchors_num_anchors_10 - INFO - Batch 5/8100: Clean accuracy 0.2000 | Adv accuracy: 0.0000 | Counter-attack accuracy: 0.0000
2026-02-12 11:15:08,655 - ADV_Generation_eps_8.0_steps_100_Added_Noise_uniform_Eps_8.0_Tau_Type_normal_anchors_num_anchors_10 - INFO - Batch:[5] Adversarial images for this batch already exist
2026-02-12 11:15:08,871 - ADV_Generation_eps_8.0_steps_100_Added_Noise_uniform_Eps_8.0_Tau_Type_normal_anchors_num_anchors_10 - INFO - Batch 6/8100: Clean accuracy 0.1667 | Adv accuracy: 0.0000 | Counter-attack accuracy: 0.0000
2026-02-12 11:15:08,873 - ADV_Generation_eps_8.0_steps_100_Added_Noise_uniform_Eps_8.0_Tau_Type_normal_anchors_num_anchors_10 - INFO - Batch:[6] Adversarial images for this batch already exist
2026-02-12 11:15:09,087 - ADV_Generation_eps_8.0_steps_100_Added_Noise_uniform_Eps_8.0_Tau_Type_normal_anchors_num_anchors_10 - INFO - Batch 7/8100: Clean accuracy 0.2857 | Adv accuracy: 0.0000 | Counter-attack accuracy: 0.0000
2026-02-12 11:15:09,088 - ADV_Generation_eps_8.0_steps_100_Added_Noise_uniform_Eps_8.0_Tau_Type_normal_anchors_num_anchors_10 - INFO - Batch:[7] Adversarial images for this batch already exist
2026-02-12 11:15:09,300 - ADV_Generation_eps_8.0_steps_100_Added_Noise_uniform_Eps_8.0_Tau_Type_normal_anchors_num_anchors_10 - INFO - Batch 8/8100: Clean accuracy 0.2500 | Adv accuracy: 0.0000 | Counter-attack accuracy: 0.0000
2026-02-12 11:15:09,301 - ADV_Generation_eps_8.0_steps_100_Added_Noise_uniform_Eps_8.0_Tau_Type_normal_anchors_num_anchors_10 - INFO - Batch:[8] Adversarial images for this batch already exist
2026-02-12 11:15:09,507 - ADV_Generation_eps_8.0_steps_100_Added_Noise_uniform_Eps_8.0_Tau_Type_normal_anchors_num_anchors_10 - INFO - Batch 9/8100: Clean accuracy 0.3333 | Adv accuracy: 0.0000 | Counter-attack accuracy: 0.0000
2026-02-12 11:15:09,508 - ADV_Generation_eps_8.0_steps_100_Added_Noise_uniform_Eps_8.0_Tau_Type_normal_anchors_num_anchors_10 - INFO - Batch:[9] Adversarial images for this batch already exist
2026-02-12 11:15:09,724 - ADV_Generation_eps_8.0_steps_100_Added_Noise_uniform_Eps_8.0_Tau_Type_normal_anchors_num_anchors_10 - INFO - Batch 10/8100: Clean accuracy 0.3000 | Adv accuracy: 0.0000 | Counter-attack accuracy: 0.0000
2026-02-12 11:15:09,725 - ADV_Generation_eps_8.0_steps_100_Added_Noise_uniform_Eps_8.0_Tau_Type_normal_anchors_num_anchors_10 - INFO - Batch:[10] Adversarial images for this batch already exist
2026-02-12 11:15:09,931 - ADV_Generation_eps_8.0_steps_100_Added_Noise_uniform_Eps_8.0_Tau_Type_normal_anchors_num_anchors_10 - INFO - Batch 11/8100: Clean accuracy 0.2727 | Adv accuracy: 0.0000 | Counter-attack accuracy: 0.0000
2026-02-12 11:15:09,932 - ADV_Generation_eps_8.0_steps_100_Added_Noise_uniform_Eps_8.0_Tau_Type_normal_anchors_num_anchors_10 - INFO - Batch:[11] Adversarial images for this batch already exist
2026-02-12 11:15:10,153 - ADV_Generation_eps_8.0_steps_100_Added_Noise_uniform_Eps_8.0_Tau_Type_normal_anchors_num_anchors_10 - INFO - Batch 12/8100: Clean accuracy 0.2500 | Adv accuracy: 0.0000 | Counter-attack accuracy: 0.0000
2026-02-12 11:15:10,154 - ADV_Generation_eps_8.0_steps_100_Added_Noise_uniform_Eps_8.0_Tau_Type_normal_anchors_num_anchors_10 - INFO - Batch:[12] Adversarial images for this batch already exist
2026-02-12 11:15:10,356 - ADV_Generation_eps_8.0_steps_100_Added_Noise_uniform_Eps_8.0_Tau_Type_normal_anchors_num_anchors_10 - INFO - Batch 13/8100: Clean accuracy 0.3077 | Adv accuracy: 0.0000 | Counter-attack accuracy: 0.0000
2026-02-12 11:15:10,357 - ADV_Generation_eps_8.0_steps_100_Added_Noise_uniform_Eps_8.0_Tau_Type_normal_anchors_num_anchors_10 - INFO - Batch:[13] Adversarial images for this batch already exist
2026-02-12 11:15:10,571 - ADV_Generation_eps_8.0_steps_100_Added_Noise_uniform_Eps_8.0_Tau_Type_normal_anchors_num_anchors_10 - INFO - Batch 14/8100: Clean accuracy 0.2857 | Adv accuracy: 0.0000 | Counter-attack accuracy: 0.0000
2026-02-12 11:15:10,572 - ADV_Generation_eps_8.0_steps_100_Added_Noise_uniform_Eps_8.0_Tau_Type_normal_anchors_num_anchors_10 - INFO - Batch:[14] Adversarial images for this batch already exist
2026-02-12 11:15:10,773 - ADV_Generation_eps_8.0_steps_100_Added_Noise_uniform_Eps_8.0_Tau_Type_normal_anchors_num_anchors_10 - INFO - Batch 15/8100: Clean accuracy 0.2667 | Adv accuracy: 0.0000 | Counter-attack accuracy: 0.0000
2026-02-12 11:15:10,774 - ADV_Generation_eps_8.0_steps_100_Added_Noise_uniform_Eps_8.0_Tau_Type_normal_anchors_num_anchors_10 - INFO - Batch:[15] Adversarial images for this batch already exist
2026-02-12 11:15:10,987 - ADV_Generation_eps_8.0_steps_100_Added_Noise_uniform_Eps_8.0_Tau_Type_normal_anchors_num_anchors_10 - INFO - Batch 16/8100: Clean accuracy 0.2500 | Adv accuracy: 0.0000 | Counter-attack accuracy: 0.0000
2026-02-12 11:15:10,989 - ADV_Generation_eps_8.0_steps_100_Added_Noise_uniform_Eps_8.0_Tau_Type_normal_anchors_num_anchors_10 - INFO - Batch:[16] Adversarial images for this batch already exist
2026-02-12 11:15:11,194 - ADV_Generation_eps_8.0_steps_100_Added_Noise_uniform_Eps_8.0_Tau_Type_normal_anchors_num_anchors_10 - INFO - Batch 17/8100: Clean accuracy 0.2353 | Adv accuracy: 0.0000 | Counter-attack accuracy: 0.0000
2026-02-12 11:15:11,196 - ADV_Generation_eps_8.0_steps_100_Added_Noise_uniform_Eps_8.0_Tau_Type_normal_anchors_num_anchors_10 - INFO - Batch:[17] Adversarial images for this batch already exist
2026-02-12 11:15:11,401 - ADV_Generation_eps_8.0_steps_100_Added_Noise_uniform_Eps_8.0_Tau_Type_normal_anchors_num_anchors_10 - INFO - Batch 18/8100: Clean accuracy 0.2222 | Adv accuracy: 0.0000 | Counter-attack accuracy: 0.0000
2026-02-12 11:15:11,403 - ADV_Generation_eps_8.0_steps_100_Added_Noise_uniform_Eps_8.0_Tau_Type_normal_anchors_num_anchors_10 - INFO - Batch:[18] Adversarial images for this batch already exist
2026-02-12 11:15:11,616 - ADV_Generation_eps_8.0_steps_100_Added_Noise_uniform_Eps_8.0_Tau_Type_normal_anchors_num_anchors_10 - INFO - Batch 19/8100: Clean accuracy 0.2105 | Adv accuracy: 0.0000 | Counter-attack accuracy: 0.0000
2026-02-12 11:15:11,618 - ADV_Generation_eps_8.0_steps_100_Added_Noise_uniform_Eps_8.0_Tau_Type_normal_anchors_num_anchors_10 - INFO - Batch:[19] Adversarial images for this batch already exist
2026-02-12 11:15:11,824 - ADV_Generation_eps_8.0_steps_100_Added_Noise_uniform_Eps_8.0_Tau_Type_normal_anchors_num_anchors_10 - INFO - Batch 20/8100: Clean accuracy 0.2500 | Adv accuracy: 0.0000 | Counter-attack accuracy: 0.0000
2026-02-12 11:15:11,825 - ADV_Generation_eps_8.0_steps_100_Added_Noise_uniform_Eps_8.0_Tau_Type_normal_anchors_num_anchors_10 - INFO - Batch:[20] Adversarial images for this batch already exist
2026-02-12 11:15:12,040 - ADV_Generation_eps_8.0_steps_100_Added_Noise_uniform_Eps_8.0_Tau_Type_normal_anchors_num_anchors_10 - INFO - Batch 21/8100: Clean accuracy 0.2381 | Adv accuracy: 0.0000 | Counter-attack accuracy: 0.0000
2026-02-12 11:15:12,041 - ADV_Generation_eps_8.0_steps_100_Added_Noise_uniform_Eps_8.0_Tau_Type_normal_anchors_num_anchors_10 - INFO - Batch:[21] Adversarial images for this batch already exist
2026-02-12 11:15:12,246 - ADV_Generation_eps_8.0_steps_100_Added_Noise_uniform_Eps_8.0_Tau_Type_normal_anchors_num_anchors_10 - INFO - Batch 22/8100: Clean accuracy 0.2273 | Adv accuracy: 0.0000 | Counter-attack accuracy: 0.0000
2026-02-12 11:15:12,248 - ADV_Generation_eps_8.0_steps_100_Added_Noise_uniform_Eps_8.0_Tau_Type_normal_anchors_num_anchors_10 - INFO - Batch:[22] Adversarial images for this batch already exist
2026-02-12 11:15:12,453 - ADV_Generation_eps_8.0_steps_100_Added_Noise_uniform_Eps_8.0_Tau_Type_normal_anchors_num_anchors_10 - INFO - Batch 23/8100: Clean accuracy 0.2174 | Adv accuracy: 0.0000 | Counter-attack accuracy: 0.0000
2026-02-12 11:15:12,455 - ADV_Generation_eps_8.0_steps_100_Added_Noise_uniform_Eps_8.0_Tau_Type_normal_anchors_num_anchors_10 - INFO - Batch:[23] Adversarial images for this batch already exist
2026-02-12 11:15:12,662 - ADV_Generation_eps_8.0_steps_100_Added_Noise_uniform_Eps_8.0_Tau_Type_normal_anchors_num_anchors_10 - INFO - Batch 24/8100: Clean accuracy 0.2083 | Adv accuracy: 0.0000 | Counter-attack accuracy: 0.0000
2026-02-12 11:15:12,664 - ADV_Generation_eps_8.0_steps_100_Added_Noise_uniform_Eps_8.0_Tau_Type_normal_anchors_num_anchors_10 - INFO - Batch:[24] Adversarial images for this batch already exist
2026-02-12 11:15:12,869 - ADV_Generation_eps_8.0_steps_100_Added_Noise_uniform_Eps_8.0_Tau_Type_normal_anchors_num_anchors_10 - INFO - Batch 25/8100: Clean accuracy 0.2000 | Adv accuracy: 0.0000 | Counter-attack accuracy: 0.0000
2026-02-12 11:15:12,870 - ADV_Generation_eps_8.0_steps_100_Added_Noise_uniform_Eps_8.0_Tau_Type_normal_anchors_num_anchors_10 - INFO - Batch:[25] Adversarial images for this batch already exist
2026-02-12 11:15:13,072 - ADV_Generation_eps_8.0_steps_100_Added_Noise_uniform_Eps_8.0_Tau_Type_normal_anchors_num_anchors_10 - INFO - Batch 26/8100: Clean accuracy 0.1923 | Adv accuracy: 0.0000 | Counter-attack accuracy: 0.0000
2026-02-12 11:15:13,074 - ADV_Generation_eps_8.0_steps_100_Added_Noise_uniform_Eps_8.0_Tau_Type_normal_anchors_num_anchors_10 - INFO - Batch:[26] Adversarial images for this batch already exist
2026-02-12 11:15:13,286 - ADV_Generation_eps_8.0_steps_100_Added_Noise_uniform_Eps_8.0_Tau_Type_normal_anchors_num_anchors_10 - INFO - Batch 27/8100: Clean accuracy 0.1852 | Adv accuracy: 0.0000 | Counter-attack accuracy: 0.0000
2026-02-12 11:15:13,287 - ADV_Generation_eps_8.0_steps_100_Added_Noise_uniform_Eps_8.0_Tau_Type_normal_anchors_num_anchors_10 - INFO - Batch:[27] Adversarial images for this batch already exist
2026-02-12 11:15:13,497 - ADV_Generation_eps_8.0_steps_100_Added_Noise_uniform_Eps_8.0_Tau_Type_normal_anchors_num_anchors_10 - INFO - Batch 28/8100: Clean accuracy 0.2143 | Adv accuracy: 0.0000 | Counter-attack accuracy: 0.0000
2026-02-12 11:15:13,498 - ADV_Generation_eps_8.0_steps_100_Added_Noise_uniform_Eps_8.0_Tau_Type_normal_anchors_num_anchors_10 - INFO - Batch:[28] Adversarial images for this batch already exist
2026-02-12 11:15:13,712 - ADV_Generation_eps_8.0_steps_100_Added_Noise_uniform_Eps_8.0_Tau_Type_normal_anchors_num_anchors_10 - INFO - Batch 29/8100: Clean accuracy 0.2069 | Adv accuracy: 0.0000 | Counter-attack accuracy: 0.0000
2026-02-12 11:15:13,713 - ADV_Generation_eps_8.0_steps_100_Added_Noise_uniform_Eps_8.0_Tau_Type_normal_anchors_num_anchors_10 - INFO - Batch:[29] Adversarial images for this batch already exist
2026-02-12 11:15:13,918 - ADV_Generation_eps_8.0_steps_100_Added_Noise_uniform_Eps_8.0_Tau_Type_normal_anchors_num_anchors_10 - INFO - Batch 30/8100: Clean accuracy 0.2333 | Adv accuracy: 0.0000 | Counter-attack accuracy: 0.0000
2026-02-12 11:15:13,919 - ADV_Generation_eps_8.0_steps_100_Added_Noise_uniform_Eps_8.0_Tau_Type_normal_anchors_num_anchors_10 - INFO - Batch:[30] Adversarial images for this batch already exist
2026-02-12 11:15:14,121 - ADV_Generation_eps_8.0_steps_100_Added_Noise_uniform_Eps_8.0_Tau_Type_normal_anchors_num_anchors_10 - INFO - Batch 31/8100: Clean accuracy 0.2581 | Adv accuracy: 0.0000 | Counter-attack accuracy: 0.0000
2026-02-12 11:15:14,122 - ADV_Generation_eps_8.0_steps_100_Added_Noise_uniform_Eps_8.0_Tau_Type_normal_anchors_num_anchors_10 - INFO - Batch:[31] Adversarial images for this batch already exist
2026-02-12 11:15:14,324 - ADV_Generation_eps_8.0_steps_100_Added_Noise_uniform_Eps_8.0_Tau_Type_normal_anchors_num_anchors_10 - INFO - Batch 32/8100: Clean accuracy 0.2812 | Adv accuracy: 0.0000 | Counter-attack accuracy: 0.0000
2026-02-12 11:15:14,325 - ADV_Generation_eps_8.0_steps_100_Added_Noise_uniform_Eps_8.0_Tau_Type_normal_anchors_num_anchors_10 - INFO - Batch:[32] Adversarial images for this batch already exist
2026-02-12 11:15:14,531 - ADV_Generation_eps_8.0_steps_100_Added_Noise_uniform_Eps_8.0_Tau_Type_normal_anchors_num_anchors_10 - INFO - Batch 33/8100: Clean accuracy 0.3030 | Adv accuracy: 0.0000 | Counter-attack accuracy: 0.0000
2026-02-12 11:15:14,532 - ADV_Generation_eps_8.0_steps_100_Added_Noise_uniform_Eps_8.0_Tau_Type_normal_anchors_num_anchors_10 - INFO - Batch:[33] Adversarial images for this batch already exist
2026-02-12 11:15:14,738 - ADV_Generation_eps_8.0_steps_100_Added_Noise_uniform_Eps_8.0_Tau_Type_normal_anchors_num_anchors_10 - INFO - Batch 34/8100: Clean accuracy 0.3235 | Adv accuracy: 0.0000 | Counter-attack accuracy: 0.0000
2026-02-12 11:15:14,739 - ADV_Generation_eps_8.0_steps_100_Added_Noise_uniform_Eps_8.0_Tau_Type_normal_anchors_num_anchors_10 - INFO - Batch:[34] Adversarial images for this batch already exist
2026-02-12 11:15:14,952 - ADV_Generation_eps_8.0_steps_100_Added_Noise_uniform_Eps_8.0_Tau_Type_normal_anchors_num_anchors_10 - INFO - Batch 35/8100: Clean accuracy 0.3429 | Adv accuracy: 0.0000 | Counter-attack accuracy: 0.0000
2026-02-12 11:15:14,952 - ADV_Generation_eps_8.0_steps_100_Added_Noise_uniform_Eps_8.0_Tau_Type_normal_anchors_num_anchors_10 - INFO - Batch:[35] Adversarial images for this batch already exist
2026-02-12 11:15:15,164 - ADV_Generation_eps_8.0_steps_100_Added_Noise_uniform_Eps_8.0_Tau_Type_normal_anchors_num_anchors_10 - INFO - Batch 36/8100: Clean accuracy 0.3333 | Adv accuracy: 0.0000 | Counter-attack accuracy: 0.0000
2026-02-12 11:15:15,165 - ADV_Generation_eps_8.0_steps_100_Added_Noise_uniform_Eps_8.0_Tau_Type_normal_anchors_num_anchors_10 - INFO - Batch:[36] Adversarial images for this batch already exist
2026-02-12 11:15:15,406 - ADV_Generation_eps_8.0_steps_100_Added_Noise_uniform_Eps_8.0_Tau_Type_normal_anchors_num_anchors_10 - INFO - Batch 37/8100: Clean accuracy 0.3243 | Adv accuracy: 0.0000 | Counter-attack accuracy: 0.0000
2026-02-12 11:15:15,407 - ADV_Generation_eps_8.0_steps_100_Added_Noise_uniform_Eps_8.0_Tau_Type_normal_anchors_num_anchors_10 - INFO - Batch:[37] Adversarial images for this batch already exist
2026-02-12 11:15:15,615 - ADV_Generation_eps_8.0_steps_100_Added_Noise_uniform_Eps_8.0_Tau_Type_normal_anchors_num_anchors_10 - INFO - Batch 38/8100: Clean accuracy 0.3158 | Adv accuracy: 0.0000 | Counter-attack accuracy: 0.0000
2026-02-12 11:15:15,616 - ADV_Generation_eps_8.0_steps_100_Added_Noise_uniform_Eps_8.0_Tau_Type_normal_anchors_num_anchors_10 - INFO - Batch:[38] Adversarial images for this batch already exist
2026-02-12 11:15:15,827 - ADV_Generation_eps_8.0_steps_100_Added_Noise_uniform_Eps_8.0_Tau_Type_normal_anchors_num_anchors_10 - INFO - Batch 39/8100: Clean accuracy 0.3077 | Adv accuracy: 0.0000 | Counter-attack accuracy: 0.0000
2026-02-12 11:15:15,828 - ADV_Generation_eps_8.0_steps_100_Added_Noise_uniform_Eps_8.0_Tau_Type_normal_anchors_num_anchors_10 - INFO - Batch:[39] Adversarial images for this batch already exist
2026-02-12 11:15:16,029 - ADV_Generation_eps_8.0_steps_100_Added_Noise_uniform_Eps_8.0_Tau_Type_normal_anchors_num_anchors_10 - INFO - Batch 40/8100: Clean accuracy 0.3000 | Adv accuracy: 0.0000 | Counter-attack accuracy: 0.0000
2026-02-12 11:15:16,030 - ADV_Generation_eps_8.0_steps_100_Added_Noise_uniform_Eps_8.0_Tau_Type_normal_anchors_num_anchors_10 - INFO - Batch:[40] Adversarial images for this batch already exist
2026-02-12 11:15:16,242 - ADV_Generation_eps_8.0_steps_100_Added_Noise_uniform_Eps_8.0_Tau_Type_normal_anchors_num_anchors_10 - INFO - Batch 41/8100: Clean accuracy 0.3171 | Adv accuracy: 0.0000 | Counter-attack accuracy: 0.0000
2026-02-12 11:15:16,243 - ADV_Generation_eps_8.0_steps_100_Added_Noise_uniform_Eps_8.0_Tau_Type_normal_anchors_num_anchors_10 - INFO - Batch:[41] Adversarial images for this batch already exist
2026-02-12 11:15:16,460 - ADV_Generation_eps_8.0_steps_100_Added_Noise_uniform_Eps_8.0_Tau_Type_normal_anchors_num_anchors_10 - INFO - Batch 42/8100: Clean accuracy 0.3095 | Adv accuracy: 0.0000 | Counter-attack accuracy: 0.0000
2026-02-12 11:15:16,461 - ADV_Generation_eps_8.0_steps_100_Added_Noise_uniform_Eps_8.0_Tau_Type_normal_anchors_num_anchors_10 - INFO - Batch:[42] Adversarial images for this batch already exist
2026-02-12 11:15:16,679 - ADV_Generation_eps_8.0_steps_100_Added_Noise_uniform_Eps_8.0_Tau_Type_normal_anchors_num_anchors_10 - INFO - Batch 43/8100: Clean accuracy 0.3023 | Adv accuracy: 0.0000 | Counter-attack accuracy: 0.0000
2026-02-12 11:15:16,680 - ADV_Generation_eps_8.0_steps_100_Added_Noise_uniform_Eps_8.0_Tau_Type_normal_anchors_num_anchors_10 - INFO - Batch:[43] Adversarial images for this batch already exist
2026-02-12 11:15:16,892 - ADV_Generation_eps_8.0_steps_100_Added_Noise_uniform_Eps_8.0_Tau_Type_normal_anchors_num_anchors_10 - INFO - Batch 44/8100: Clean accuracy 0.3182 | Adv accuracy: 0.0000 | Counter-attack accuracy: 0.0000
2026-02-12 11:15:16,894 - ADV_Generation_eps_8.0_steps_100_Added_Noise_uniform_Eps_8.0_Tau_Type_normal_anchors_num_anchors_10 - INFO - Batch:[44] Adversarial images for this batch already exist
2026-02-12 11:15:17,100 - ADV_Generation_eps_8.0_steps_100_Added_Noise_uniform_Eps_8.0_Tau_Type_normal_anchors_num_anchors_10 - INFO - Batch 45/8100: Clean accuracy 0.3111 | Adv accuracy: 0.0000 | Counter-attack accuracy: 0.0000
2026-02-12 11:15:17,101 - ADV_Generation_eps_8.0_steps_100_Added_Noise_uniform_Eps_8.0_Tau_Type_normal_anchors_num_anchors_10 - INFO - Batch:[45] Adversarial images for this batch already exist
2026-02-12 11:15:17,322 - ADV_Generation_eps_8.0_steps_100_Added_Noise_uniform_Eps_8.0_Tau_Type_normal_anchors_num_anchors_10 - INFO - Batch 46/8100: Clean accuracy 0.3043 | Adv accuracy: 0.0000 | Counter-attack accuracy: 0.0000
2026-02-12 11:15:17,323 - ADV_Generation_eps_8.0_steps_100_Added_Noise_uniform_Eps_8.0_Tau_Type_normal_anchors_num_anchors_10 - INFO - Batch:[46] Adversarial images for this batch already exist
2026-02-12 11:15:17,528 - ADV_Generation_eps_8.0_steps_100_Added_Noise_uniform_Eps_8.0_Tau_Type_normal_anchors_num_anchors_10 - INFO - Batch 47/8100: Clean accuracy 0.2979 | Adv accuracy: 0.0000 | Counter-attack accuracy: 0.0000
2026-02-12 11:15:17,530 - ADV_Generation_eps_8.0_steps_100_Added_Noise_uniform_Eps_8.0_Tau_Type_normal_anchors_num_anchors_10 - INFO - Batch:[47] Adversarial images for this batch already exist
2026-02-12 11:15:17,752 - ADV_Generation_eps_8.0_steps_100_Added_Noise_uniform_Eps_8.0_Tau_Type_normal_anchors_num_anchors_10 - INFO - Batch 48/8100: Clean accuracy 0.3125 | Adv accuracy: 0.0000 | Counter-attack accuracy: 0.0000
2026-02-12 11:15:17,753 - ADV_Generation_eps_8.0_steps_100_Added_Noise_uniform_Eps_8.0_Tau_Type_normal_anchors_num_anchors_10 - INFO - Batch:[48] Adversarial images for this batch already exist
2026-02-12 11:15:17,989 - ADV_Generation_eps_8.0_steps_100_Added_Noise_uniform_Eps_8.0_Tau_Type_normal_anchors_num_anchors_10 - INFO - Batch 49/8100: Clean accuracy 0.3061 | Adv accuracy: 0.0000 | Counter-attack accuracy: 0.0000
2026-02-12 11:15:17,990 - ADV_Generation_eps_8.0_steps_100_Added_Noise_uniform_Eps_8.0_Tau_Type_normal_anchors_num_anchors_10 - INFO - Batch:[49] Adversarial images for this batch already exist
2026-02-12 11:15:18,207 - ADV_Generation_eps_8.0_steps_100_Added_Noise_uniform_Eps_8.0_Tau_Type_normal_anchors_num_anchors_10 - INFO - Batch 50/8100: Clean accuracy 0.3200 | Adv accuracy: 0.0000 | Counter-attack accuracy: 0.0000
2026-02-12 11:15:18,208 - ADV_Generation_eps_8.0_steps_100_Added_Noise_uniform_Eps_8.0_Tau_Type_normal_anchors_num_anchors_10 - INFO - Batch:[50] Adversarial images for this batch already exist
2026-02-12 11:15:18,414 - ADV_Generation_eps_8.0_steps_100_Added_Noise_uniform_Eps_8.0_Tau_Type_normal_anchors_num_anchors_10 - INFO - Batch 51/8100: Clean accuracy 0.3137 | Adv accuracy: 0.0000 | Counter-attack accuracy: 0.0000
2026-02-12 11:15:18,415 - ADV_Generation_eps_8.0_steps_100_Added_Noise_uniform_Eps_8.0_Tau_Type_normal_anchors_num_anchors_10 - INFO - Batch:[51] Adversarial images for this batch already exist
2026-02-12 11:15:18,629 - ADV_Generation_eps_8.0_steps_100_Added_Noise_uniform_Eps_8.0_Tau_Type_normal_anchors_num_anchors_10 - INFO - Batch 52/8100: Clean accuracy 0.3269 | Adv accuracy: 0.0000 | Counter-attack accuracy: 0.0000
2026-02-12 11:15:18,630 - ADV_Generation_eps_8.0_steps_100_Added_Noise_uniform_Eps_8.0_Tau_Type_normal_anchors_num_anchors_10 - INFO - Batch:[52] Adversarial images for this batch already exist
2026-02-12 11:15:18,836 - ADV_Generation_eps_8.0_steps_100_Added_Noise_uniform_Eps_8.0_Tau_Type_normal_anchors_num_anchors_10 - INFO - Batch 53/8100: Clean accuracy 0.3208 | Adv accuracy: 0.0000 | Counter-attack accuracy: 0.0000
2026-02-12 11:15:18,837 - ADV_Generation_eps_8.0_steps_100_Added_Noise_uniform_Eps_8.0_Tau_Type_normal_anchors_num_anchors_10 - INFO - Batch:[53] Adversarial images for this batch already exist
2026-02-12 11:15:19,046 - ADV_Generation_eps_8.0_steps_100_Added_Noise_uniform_Eps_8.0_Tau_Type_normal_anchors_num_anchors_10 - INFO - Batch 54/8100: Clean accuracy 0.3148 | Adv accuracy: 0.0000 | Counter-attack accuracy: 0.0000
2026-02-12 11:15:19,047 - ADV_Generation_eps_8.0_steps_100_Added_Noise_uniform_Eps_8.0_Tau_Type_normal_anchors_num_anchors_10 - INFO - Batch:[54] Adversarial images for this batch already exist
2026-02-12 11:15:19,257 - ADV_Generation_eps_8.0_steps_100_Added_Noise_uniform_Eps_8.0_Tau_Type_normal_anchors_num_anchors_10 - INFO - Batch 55/8100: Clean accuracy 0.3091 | Adv accuracy: 0.0000 | Counter-attack accuracy: 0.0000
2026-02-12 11:15:19,258 - ADV_Generation_eps_8.0_steps_100_Added_Noise_uniform_Eps_8.0_Tau_Type_normal_anchors_num_anchors_10 - INFO - Batch:[55] Adversarial images for this batch already exist
2026-02-12 11:15:19,478 - ADV_Generation_eps_8.0_steps_100_Added_Noise_uniform_Eps_8.0_Tau_Type_normal_anchors_num_anchors_10 - INFO - Batch 56/8100: Clean accuracy 0.3214 | Adv accuracy: 0.0000 | Counter-attack accuracy: 0.0000
2026-02-12 11:15:19,479 - ADV_Generation_eps_8.0_steps_100_Added_Noise_uniform_Eps_8.0_Tau_Type_normal_anchors_num_anchors_10 - INFO - Batch:[56] Adversarial images for this batch already exist
2026-02-12 11:15:19,682 - ADV_Generation_eps_8.0_steps_100_Added_Noise_uniform_Eps_8.0_Tau_Type_normal_anchors_num_anchors_10 - INFO - Batch 57/8100: Clean accuracy 0.3158 | Adv accuracy: 0.0000 | Counter-attack accuracy: 0.0000
2026-02-12 11:15:19,683 - ADV_Generation_eps_8.0_steps_100_Added_Noise_uniform_Eps_8.0_Tau_Type_normal_anchors_num_anchors_10 - INFO - Batch:[57] Adversarial images for this batch already exist
2026-02-12 11:15:19,889 - ADV_Generation_eps_8.0_steps_100_Added_Noise_uniform_Eps_8.0_Tau_Type_normal_anchors_num_anchors_10 - INFO - Batch 58/8100: Clean accuracy 0.3103 | Adv accuracy: 0.0000 | Counter-attack accuracy: 0.0000
2026-02-12 11:15:19,890 - ADV_Generation_eps_8.0_steps_100_Added_Noise_uniform_Eps_8.0_Tau_Type_normal_anchors_num_anchors_10 - INFO - Batch:[58] Adversarial images for this batch already exist
2026-02-12 11:15:20,098 - ADV_Generation_eps_8.0_steps_100_Added_Noise_uniform_Eps_8.0_Tau_Type_normal_anchors_num_anchors_10 - INFO - Batch 59/8100: Clean accuracy 0.3051 | Adv accuracy: 0.0000 | Counter-attack accuracy: 0.0000
2026-02-12 11:15:20,099 - ADV_Generation_eps_8.0_steps_100_Added_Noise_uniform_Eps_8.0_Tau_Type_normal_anchors_num_anchors_10 - INFO - Batch:[59] Adversarial images for this batch already exist
2026-02-12 11:15:20,307 - ADV_Generation_eps_8.0_steps_100_Added_Noise_uniform_Eps_8.0_Tau_Type_normal_anchors_num_anchors_10 - INFO - Batch 60/8100: Clean accuracy 0.3167 | Adv accuracy: 0.0000 | Counter-attack accuracy: 0.0000
2026-02-12 11:15:20,308 - ADV_Generation_eps_8.0_steps_100_Added_Noise_uniform_Eps_8.0_Tau_Type_normal_anchors_num_anchors_10 - INFO - Batch:[60] Adversarial images for this batch already exist
2026-02-12 11:15:20,526 - ADV_Generation_eps_8.0_steps_100_Added_Noise_uniform_Eps_8.0_Tau_Type_normal_anchors_num_anchors_10 - INFO - Batch 61/8100: Clean accuracy 0.3115 | Adv accuracy: 0.0000 | Counter-attack accuracy: 0.0000
2026-02-12 11:15:20,528 - ADV_Generation_eps_8.0_steps_100_Added_Noise_uniform_Eps_8.0_Tau_Type_normal_anchors_num_anchors_10 - INFO - Batch:[61] Adversarial images for this batch already exist
2026-02-12 11:15:20,730 - ADV_Generation_eps_8.0_steps_100_Added_Noise_uniform_Eps_8.0_Tau_Type_normal_anchors_num_anchors_10 - INFO - Batch 62/8100: Clean accuracy 0.3065 | Adv accuracy: 0.0000 | Counter-attack accuracy: 0.0000
2026-02-12 11:15:20,732 - ADV_Generation_eps_8.0_steps_100_Added_Noise_uniform_Eps_8.0_Tau_Type_normal_anchors_num_anchors_10 - INFO - Batch:[62] Adversarial images for this batch already exist
2026-02-12 11:15:20,944 - ADV_Generation_eps_8.0_steps_100_Added_Noise_uniform_Eps_8.0_Tau_Type_normal_anchors_num_anchors_10 - INFO - Batch 63/8100: Clean accuracy 0.3016 | Adv accuracy: 0.0000 | Counter-attack accuracy: 0.0000
2026-02-12 11:15:20,946 - ADV_Generation_eps_8.0_steps_100_Added_Noise_uniform_Eps_8.0_Tau_Type_normal_anchors_num_anchors_10 - INFO - Batch:[63] Adversarial images for this batch already exist
2026-02-12 11:15:21,151 - ADV_Generation_eps_8.0_steps_100_Added_Noise_uniform_Eps_8.0_Tau_Type_normal_anchors_num_anchors_10 - INFO - Batch 64/8100: Clean accuracy 0.3125 | Adv accuracy: 0.0000 | Counter-attack accuracy: 0.0000
2026-02-12 11:15:21,152 - ADV_Generation_eps_8.0_steps_100_Added_Noise_uniform_Eps_8.0_Tau_Type_normal_anchors_num_anchors_10 - INFO - Batch:[64] Adversarial images for this batch already exist
2026-02-12 11:15:21,357 - ADV_Generation_eps_8.0_steps_100_Added_Noise_uniform_Eps_8.0_Tau_Type_normal_anchors_num_anchors_10 - INFO - Batch 65/8100: Clean accuracy 0.3231 | Adv accuracy: 0.0000 | Counter-attack accuracy: 0.0000
2026-02-12 11:15:21,358 - ADV_Generation_eps_8.0_steps_100_Added_Noise_uniform_Eps_8.0_Tau_Type_normal_anchors_num_anchors_10 - INFO - Batch:[65] Adversarial images for this batch already exist
2026-02-12 11:15:21,564 - ADV_Generation_eps_8.0_steps_100_Added_Noise_uniform_Eps_8.0_Tau_Type_normal_anchors_num_anchors_10 - INFO - Batch 66/8100: Clean accuracy 0.3182 | Adv accuracy: 0.0000 | Counter-attack accuracy: 0.0000
2026-02-12 11:15:21,565 - ADV_Generation_eps_8.0_steps_100_Added_Noise_uniform_Eps_8.0_Tau_Type_normal_anchors_num_anchors_10 - INFO - Batch:[66] Adversarial images for this batch already exist
2026-02-12 11:15:21,782 - ADV_Generation_eps_8.0_steps_100_Added_Noise_uniform_Eps_8.0_Tau_Type_normal_anchors_num_anchors_10 - INFO - Batch 67/8100: Clean accuracy 0.3284 | Adv accuracy: 0.0000 | Counter-attack accuracy: 0.0000
2026-02-12 11:15:21,783 - ADV_Generation_eps_8.0_steps_100_Added_Noise_uniform_Eps_8.0_Tau_Type_normal_anchors_num_anchors_10 - INFO - Batch:[67] Adversarial images for this batch already exist
2026-02-12 11:15:21,989 - ADV_Generation_eps_8.0_steps_100_Added_Noise_uniform_Eps_8.0_Tau_Type_normal_anchors_num_anchors_10 - INFO - Batch 68/8100: Clean accuracy 0.3235 | Adv accuracy: 0.0000 | Counter-attack accuracy: 0.0000
2026-02-12 11:15:21,990 - ADV_Generation_eps_8.0_steps_100_Added_Noise_uniform_Eps_8.0_Tau_Type_normal_anchors_num_anchors_10 - INFO - Batch:[68] Adversarial images for this batch already exist
2026-02-12 11:15:22,223 - ADV_Generation_eps_8.0_steps_100_Added_Noise_uniform_Eps_8.0_Tau_Type_normal_anchors_num_anchors_10 - INFO - Batch 69/8100: Clean accuracy 0.3188 | Adv accuracy: 0.0000 | Counter-attack accuracy: 0.0000
2026-02-12 11:15:22,223 - ADV_Generation_eps_8.0_steps_100_Added_Noise_uniform_Eps_8.0_Tau_Type_normal_anchors_num_anchors_10 - INFO - Batch:[69] Adversarial images for this batch already exist
2026-02-12 11:15:22,438 - ADV_Generation_eps_8.0_steps_100_Added_Noise_uniform_Eps_8.0_Tau_Type_normal_anchors_num_anchors_10 - INFO - Batch 70/8100: Clean accuracy 0.3143 | Adv accuracy: 0.0000 | Counter-attack accuracy: 0.0000
2026-02-12 11:15:22,439 - ADV_Generation_eps_8.0_steps_100_Added_Noise_uniform_Eps_8.0_Tau_Type_normal_anchors_num_anchors_10 - INFO - Batch:[70] Adversarial images for this batch already exist
2026-02-12 11:15:22,654 - ADV_Generation_eps_8.0_steps_100_Added_Noise_uniform_Eps_8.0_Tau_Type_normal_anchors_num_anchors_10 - INFO - Batch 71/8100: Clean accuracy 0.3099 | Adv accuracy: 0.0000 | Counter-attack accuracy: 0.0000
2026-02-12 11:15:22,655 - ADV_Generation_eps_8.0_steps_100_Added_Noise_uniform_Eps_8.0_Tau_Type_normal_anchors_num_anchors_10 - INFO - Batch:[71] Adversarial images for this batch already exist
2026-02-12 11:15:22,861 - ADV_Generation_eps_8.0_steps_100_Added_Noise_uniform_Eps_8.0_Tau_Type_normal_anchors_num_anchors_10 - INFO - Batch 72/8100: Clean accuracy 0.3056 | Adv accuracy: 0.0000 | Counter-attack accuracy: 0.0000
2026-02-12 11:15:22,862 - ADV_Generation_eps_8.0_steps_100_Added_Noise_uniform_Eps_8.0_Tau_Type_normal_anchors_num_anchors_10 - INFO - Batch:[72] Adversarial images for this batch already exist
2026-02-12 11:15:23,067 - ADV_Generation_eps_8.0_steps_100_Added_Noise_uniform_Eps_8.0_Tau_Type_normal_anchors_num_anchors_10 - INFO - Batch 73/8100: Clean accuracy 0.3151 | Adv accuracy: 0.0000 | Counter-attack accuracy: 0.0000
2026-02-12 11:15:23,068 - ADV_Generation_eps_8.0_steps_100_Added_Noise_uniform_Eps_8.0_Tau_Type_normal_anchors_num_anchors_10 - INFO - Batch:[73] Adversarial images for this batch already exist
2026-02-12 11:15:23,269 - ADV_Generation_eps_8.0_steps_100_Added_Noise_uniform_Eps_8.0_Tau_Type_normal_anchors_num_anchors_10 - INFO - Batch 74/8100: Clean accuracy 0.3108 | Adv accuracy: 0.0000 | Counter-attack accuracy: 0.0000
2026-02-12 11:15:23,270 - ADV_Generation_eps_8.0_steps_100_Added_Noise_uniform_Eps_8.0_Tau_Type_normal_anchors_num_anchors_10 - INFO - Batch:[74] Adversarial images for this batch already exist
2026-02-12 11:15:23,479 - ADV_Generation_eps_8.0_steps_100_Added_Noise_uniform_Eps_8.0_Tau_Type_normal_anchors_num_anchors_10 - INFO - Batch 75/8100: Clean accuracy 0.3067 | Adv accuracy: 0.0000 | Counter-attack accuracy: 0.0000
2026-02-12 11:15:23,481 - ADV_Generation_eps_8.0_steps_100_Added_Noise_uniform_Eps_8.0_Tau_Type_normal_anchors_num_anchors_10 - INFO - Batch:[75] Adversarial images for this batch already exist
2026-02-12 11:15:23,692 - ADV_Generation_eps_8.0_steps_100_Added_Noise_uniform_Eps_8.0_Tau_Type_normal_anchors_num_anchors_10 - INFO - Batch 76/8100: Clean accuracy 0.3158 | Adv accuracy: 0.0000 | Counter-attack accuracy: 0.0000
2026-02-12 11:15:23,694 - ADV_Generation_eps_8.0_steps_100_Added_Noise_uniform_Eps_8.0_Tau_Type_normal_anchors_num_anchors_10 - INFO - Batch:[76] Adversarial images for this batch already exist
2026-02-12 11:15:23,899 - ADV_Generation_eps_8.0_steps_100_Added_Noise_uniform_Eps_8.0_Tau_Type_normal_anchors_num_anchors_10 - INFO - Batch 77/8100: Clean accuracy 0.3247 | Adv accuracy: 0.0000 | Counter-attack accuracy: 0.0000
2026-02-12 11:15:23,901 - ADV_Generation_eps_8.0_steps_100_Added_Noise_uniform_Eps_8.0_Tau_Type_normal_anchors_num_anchors_10 - INFO - Batch:[77] Adversarial images for this batch already exist
2026-02-12 11:15:24,153 - ADV_Generation_eps_8.0_steps_100_Added_Noise_uniform_Eps_8.0_Tau_Type_normal_anchors_num_anchors_10 - INFO - Batch 78/8100: Clean accuracy 0.3333 | Adv accuracy: 0.0000 | Counter-attack accuracy: 0.0000
2026-02-12 11:15:24,154 - ADV_Generation_eps_8.0_steps_100_Added_Noise_uniform_Eps_8.0_Tau_Type_normal_anchors_num_anchors_10 - INFO - Batch:[78] Adversarial images for this batch already exist
2026-02-12 11:15:24,356 - ADV_Generation_eps_8.0_steps_100_Added_Noise_uniform_Eps_8.0_Tau_Type_normal_anchors_num_anchors_10 - INFO - Batch 79/8100: Clean accuracy 0.3418 | Adv accuracy: 0.0000 | Counter-attack accuracy: 0.0000
2026-02-12 11:15:24,358 - ADV_Generation_eps_8.0_steps_100_Added_Noise_uniform_Eps_8.0_Tau_Type_normal_anchors_num_anchors_10 - INFO - Batch:[79] Adversarial images for this batch already exist
2026-02-12 11:15:24,566 - ADV_Generation_eps_8.0_steps_100_Added_Noise_uniform_Eps_8.0_Tau_Type_normal_anchors_num_anchors_10 - INFO - Batch 80/8100: Clean accuracy 0.3375 | Adv accuracy: 0.0000 | Counter-attack accuracy: 0.0000
2026-02-12 11:15:24,567 - ADV_Generation_eps_8.0_steps_100_Added_Noise_uniform_Eps_8.0_Tau_Type_normal_anchors_num_anchors_10 - INFO - Batch:[80] Adversarial images for this batch already exist
2026-02-12 11:15:24,772 - ADV_Generation_eps_8.0_steps_100_Added_Noise_uniform_Eps_8.0_Tau_Type_normal_anchors_num_anchors_10 - INFO - Batch 81/8100: Clean accuracy 0.3333 | Adv accuracy: 0.0000 | Counter-attack accuracy: 0.0000
2026-02-12 11:15:24,773 - ADV_Generation_eps_8.0_steps_100_Added_Noise_uniform_Eps_8.0_Tau_Type_normal_anchors_num_anchors_10 - INFO - Batch:[81] Adversarial images for this batch already exist
2026-02-12 11:15:24,990 - ADV_Generation_eps_8.0_steps_100_Added_Noise_uniform_Eps_8.0_Tau_Type_normal_anchors_num_anchors_10 - INFO - Batch 82/8100: Clean accuracy 0.3293 | Adv accuracy: 0.0000 | Counter-attack accuracy: 0.0000
2026-02-12 11:15:24,991 - ADV_Generation_eps_8.0_steps_100_Added_Noise_uniform_Eps_8.0_Tau_Type_normal_anchors_num_anchors_10 - INFO - Batch:[82] Adversarial images for this batch already exist
2026-02-12 11:15:25,196 - ADV_Generation_eps_8.0_steps_100_Added_Noise_uniform_Eps_8.0_Tau_Type_normal_anchors_num_anchors_10 - INFO - Batch 83/8100: Clean accuracy 0.3253 | Adv accuracy: 0.0000 | Counter-attack accuracy: 0.0000
2026-02-12 11:15:25,197 - ADV_Generation_eps_8.0_steps_100_Added_Noise_uniform_Eps_8.0_Tau_Type_normal_anchors_num_anchors_10 - INFO - Batch:[83] Adversarial images for this batch already exist
2026-02-12 11:15:25,400 - ADV_Generation_eps_8.0_steps_100_Added_Noise_uniform_Eps_8.0_Tau_Type_normal_anchors_num_anchors_10 - INFO - Batch 84/8100: Clean accuracy 0.3214 | Adv accuracy: 0.0000 | Counter-attack accuracy: 0.0000
2026-02-12 11:15:25,400 - ADV_Generation_eps_8.0_steps_100_Added_Noise_uniform_Eps_8.0_Tau_Type_normal_anchors_num_anchors_10 - INFO - Batch:[84] Adversarial images for this batch already exist
2026-02-12 11:15:25,606 - ADV_Generation_eps_8.0_steps_100_Added_Noise_uniform_Eps_8.0_Tau_Type_normal_anchors_num_anchors_10 - INFO - Batch 85/8100: Clean accuracy 0.3176 | Adv accuracy: 0.0000 | Counter-attack accuracy: 0.0000
2026-02-12 11:15:25,607 - ADV_Generation_eps_8.0_steps_100_Added_Noise_uniform_Eps_8.0_Tau_Type_normal_anchors_num_anchors_10 - INFO - Batch:[85] Adversarial images for this batch already exist
2026-02-12 11:15:25,809 - ADV_Generation_eps_8.0_steps_100_Added_Noise_uniform_Eps_8.0_Tau_Type_normal_anchors_num_anchors_10 - INFO - Batch 86/8100: Clean accuracy 0.3140 | Adv accuracy: 0.0000 | Counter-attack accuracy: 0.0000
2026-02-12 11:15:25,810 - ADV_Generation_eps_8.0_steps_100_Added_Noise_uniform_Eps_8.0_Tau_Type_normal_anchors_num_anchors_10 - INFO - Batch:[86] Adversarial images for this batch already exist
2026-02-12 11:15:26,016 - ADV_Generation_eps_8.0_steps_100_Added_Noise_uniform_Eps_8.0_Tau_Type_normal_anchors_num_anchors_10 - INFO - Batch 87/8100: Clean accuracy 0.3218 | Adv accuracy: 0.0000 | Counter-attack accuracy: 0.0000
2026-02-12 11:15:26,017 - ADV_Generation_eps_8.0_steps_100_Added_Noise_uniform_Eps_8.0_Tau_Type_normal_anchors_num_anchors_10 - INFO - Batch:[87] Adversarial images for this batch already exist
2026-02-12 11:15:26,219 - ADV_Generation_eps_8.0_steps_100_Added_Noise_uniform_Eps_8.0_Tau_Type_normal_anchors_num_anchors_10 - INFO - Batch 88/8100: Clean accuracy 0.3182 | Adv accuracy: 0.0000 | Counter-attack accuracy: 0.0000
2026-02-12 11:15:26,220 - ADV_Generation_eps_8.0_steps_100_Added_Noise_uniform_Eps_8.0_Tau_Type_normal_anchors_num_anchors_10 - INFO - Batch:[88] Adversarial images for this batch already exist
2026-02-12 11:15:26,434 - ADV_Generation_eps_8.0_steps_100_Added_Noise_uniform_Eps_8.0_Tau_Type_normal_anchors_num_anchors_10 - INFO - Batch 89/8100: Clean accuracy 0.3146 | Adv accuracy: 0.0000 | Counter-attack accuracy: 0.0000
2026-02-12 11:15:26,435 - ADV_Generation_eps_8.0_steps_100_Added_Noise_uniform_Eps_8.0_Tau_Type_normal_anchors_num_anchors_10 - INFO - Batch:[89] Adversarial images for this batch already exist
2026-02-12 11:15:26,637 - ADV_Generation_eps_8.0_steps_100_Added_Noise_uniform_Eps_8.0_Tau_Type_normal_anchors_num_anchors_10 - INFO - Batch 90/8100: Clean accuracy 0.3111 | Adv accuracy: 0.0000 | Counter-attack accuracy: 0.0000
2026-02-12 11:15:26,638 - ADV_Generation_eps_8.0_steps_100_Added_Noise_uniform_Eps_8.0_Tau_Type_normal_anchors_num_anchors_10 - INFO - Batch:[90] Adversarial images for this batch already exist
2026-02-12 11:15:26,841 - ADV_Generation_eps_8.0_steps_100_Added_Noise_uniform_Eps_8.0_Tau_Type_normal_anchors_num_anchors_10 - INFO - Batch 91/8100: Clean accuracy 0.3077 | Adv accuracy: 0.0000 | Counter-attack accuracy: 0.0000
2026-02-12 11:15:26,842 - ADV_Generation_eps_8.0_steps_100_Added_Noise_uniform_Eps_8.0_Tau_Type_normal_anchors_num_anchors_10 - INFO - Batch:[91] Adversarial images for this batch already exist
2026-02-12 11:15:27,053 - ADV_Generation_eps_8.0_steps_100_Added_Noise_uniform_Eps_8.0_Tau_Type_normal_anchors_num_anchors_10 - INFO - Batch 92/8100: Clean accuracy 0.3043 | Adv accuracy: 0.0000 | Counter-attack accuracy: 0.0000
2026-02-12 11:15:27,054 - ADV_Generation_eps_8.0_steps_100_Added_Noise_uniform_Eps_8.0_Tau_Type_normal_anchors_num_anchors_10 - INFO - Batch:[92] Adversarial images for this batch already exist
2026-02-12 11:15:27,271 - ADV_Generation_eps_8.0_steps_100_Added_Noise_uniform_Eps_8.0_Tau_Type_normal_anchors_num_anchors_10 - INFO - Batch 93/8100: Clean accuracy 0.3011 | Adv accuracy: 0.0000 | Counter-attack accuracy: 0.0000
2026-02-12 11:15:27,271 - ADV_Generation_eps_8.0_steps_100_Added_Noise_uniform_Eps_8.0_Tau_Type_normal_anchors_num_anchors_10 - INFO - Batch:[93] Adversarial images for this batch already exist
2026-02-12 11:15:27,485 - ADV_Generation_eps_8.0_steps_100_Added_Noise_uniform_Eps_8.0_Tau_Type_normal_anchors_num_anchors_10 - INFO - Batch 94/8100: Clean accuracy 0.2979 | Adv accuracy: 0.0000 | Counter-attack accuracy: 0.0000
2026-02-12 11:15:27,486 - ADV_Generation_eps_8.0_steps_100_Added_Noise_uniform_Eps_8.0_Tau_Type_normal_anchors_num_anchors_10 - INFO - Batch:[94] Adversarial images for this batch already exist
2026-02-12 11:15:27,688 - ADV_Generation_eps_8.0_steps_100_Added_Noise_uniform_Eps_8.0_Tau_Type_normal_anchors_num_anchors_10 - INFO - Batch 95/8100: Clean accuracy 0.2947 | Adv accuracy: 0.0000 | Counter-attack accuracy: 0.0000
2026-02-12 11:15:27,690 - ADV_Generation_eps_8.0_steps_100_Added_Noise_uniform_Eps_8.0_Tau_Type_normal_anchors_num_anchors_10 - INFO - Batch:[95] Adversarial images for this batch already exist
2026-02-12 11:15:27,903 - ADV_Generation_eps_8.0_steps_100_Added_Noise_uniform_Eps_8.0_Tau_Type_normal_anchors_num_anchors_10 - INFO - Batch 96/8100: Clean accuracy 0.2917 | Adv accuracy: 0.0000 | Counter-attack accuracy: 0.0000
2026-02-12 11:15:27,904 - ADV_Generation_eps_8.0_steps_100_Added_Noise_uniform_Eps_8.0_Tau_Type_normal_anchors_num_anchors_10 - INFO - Batch:[96] Adversarial images for this batch already exist
2026-02-12 11:15:28,112 - ADV_Generation_eps_8.0_steps_100_Added_Noise_uniform_Eps_8.0_Tau_Type_normal_anchors_num_anchors_10 - INFO - Batch 97/8100: Clean accuracy 0.2887 | Adv accuracy: 0.0000 | Counter-attack accuracy: 0.0000
2026-02-12 11:15:28,113 - ADV_Generation_eps_8.0_steps_100_Added_Noise_uniform_Eps_8.0_Tau_Type_normal_anchors_num_anchors_10 - INFO - Batch:[97] Adversarial images for this batch already exist
2026-02-12 11:15:28,316 - ADV_Generation_eps_8.0_steps_100_Added_Noise_uniform_Eps_8.0_Tau_Type_normal_anchors_num_anchors_10 - INFO - Batch 98/8100: Clean accuracy 0.2857 | Adv accuracy: 0.0000 | Counter-attack accuracy: 0.0000
2026-02-12 11:15:28,317 - ADV_Generation_eps_8.0_steps_100_Added_Noise_uniform_Eps_8.0_Tau_Type_normal_anchors_num_anchors_10 - INFO - Batch:[98] Adversarial images for this batch already exist
2026-02-12 11:15:28,522 - ADV_Generation_eps_8.0_steps_100_Added_Noise_uniform_Eps_8.0_Tau_Type_normal_anchors_num_anchors_10 - INFO - Batch 99/8100: Clean accuracy 0.2828 | Adv accuracy: 0.0000 | Counter-attack accuracy: 0.0000
2026-02-12 11:15:28,523 - ADV_Generation_eps_8.0_steps_100_Added_Noise_uniform_Eps_8.0_Tau_Type_normal_anchors_num_anchors_10 - INFO - Batch:[99] Adversarial images for this batch already exist
2026-02-12 11:15:28,729 - ADV_Generation_eps_8.0_steps_100_Added_Noise_uniform_Eps_8.0_Tau_Type_normal_anchors_num_anchors_10 - INFO - Batch 100/8100: Clean accuracy 0.2800 | Adv accuracy: 0.0000 | Counter-attack accuracy: 0.0000
2026-02-12 11:15:28,730 - ADV_Generation_eps_8.0_steps_100_Added_Noise_uniform_Eps_8.0_Tau_Type_normal_anchors_num_anchors_10 - INFO - Batch:[100] Adversarial images for this batch already exist
2026-02-12 11:15:28,941 - ADV_Generation_eps_8.0_steps_100_Added_Noise_uniform_Eps_8.0_Tau_Type_normal_anchors_num_anchors_10 - INFO - Batch 101/8100: Clean accuracy 0.2772 | Adv accuracy: 0.0000 | Counter-attack accuracy: 0.0000
2026-02-12 11:15:28,942 - ADV_Generation_eps_8.0_steps_100_Added_Noise_uniform_Eps_8.0_Tau_Type_normal_anchors_num_anchors_10 - INFO - Batch:[101] Adversarial images for this batch already exist
2026-02-12 11:15:29,145 - ADV_Generation_eps_8.0_steps_100_Added_Noise_uniform_Eps_8.0_Tau_Type_normal_anchors_num_anchors_10 - INFO - Batch 102/8100: Clean accuracy 0.2745 | Adv accuracy: 0.0000 | Counter-attack accuracy: 0.0000
2026-02-12 11:15:29,146 - ADV_Generation_eps_8.0_steps_100_Added_Noise_uniform_Eps_8.0_Tau_Type_normal_anchors_num_anchors_10 - INFO - Batch:[102] Adversarial images for this batch already exist
2026-02-12 11:15:29,348 - ADV_Generation_eps_8.0_steps_100_Added_Noise_uniform_Eps_8.0_Tau_Type_normal_anchors_num_anchors_10 - INFO - Batch 103/8100: Clean accuracy 0.2718 | Adv accuracy: 0.0000 | Counter-attack accuracy: 0.0000
2026-02-12 11:15:29,349 - ADV_Generation_eps_8.0_steps_100_Added_Noise_uniform_Eps_8.0_Tau_Type_normal_anchors_num_anchors_10 - INFO - Batch:[103] Adversarial images for this batch already exist
2026-02-12 11:15:29,551 - ADV_Generation_eps_8.0_steps_100_Added_Noise_uniform_Eps_8.0_Tau_Type_normal_anchors_num_anchors_10 - INFO - Batch 104/8100: Clean accuracy 0.2692 | Adv accuracy: 0.0000 | Counter-attack accuracy: 0.0000
2026-02-12 11:15:29,552 - ADV_Generation_eps_8.0_steps_100_Added_Noise_uniform_Eps_8.0_Tau_Type_normal_anchors_num_anchors_10 - INFO - Batch:[104] Adversarial images for this batch already exist
2026-02-12 11:15:29,757 - ADV_Generation_eps_8.0_steps_100_Added_Noise_uniform_Eps_8.0_Tau_Type_normal_anchors_num_anchors_10 - INFO - Batch 105/8100: Clean accuracy 0.2667 | Adv accuracy: 0.0000 | Counter-attack accuracy: 0.0000
2026-02-12 11:15:29,758 - ADV_Generation_eps_8.0_steps_100_Added_Noise_uniform_Eps_8.0_Tau_Type_normal_anchors_num_anchors_10 - INFO - Batch:[105] Adversarial images for this batch already exist
2026-02-12 11:15:29,964 - ADV_Generation_eps_8.0_steps_100_Added_Noise_uniform_Eps_8.0_Tau_Type_normal_anchors_num_anchors_10 - INFO - Batch 106/8100: Clean accuracy 0.2642 | Adv accuracy: 0.0000 | Counter-attack accuracy: 0.0000
2026-02-12 11:15:29,965 - ADV_Generation_eps_8.0_steps_100_Added_Noise_uniform_Eps_8.0_Tau_Type_normal_anchors_num_anchors_10 - INFO - Batch:[106] Adversarial images for this batch already exist
2026-02-12 11:15:30,177 - ADV_Generation_eps_8.0_steps_100_Added_Noise_uniform_Eps_8.0_Tau_Type_normal_anchors_num_anchors_10 - INFO - Batch 107/8100: Clean accuracy 0.2710 | Adv accuracy: 0.0000 | Counter-attack accuracy: 0.0000
2026-02-12 11:15:30,178 - ADV_Generation_eps_8.0_steps_100_Added_Noise_uniform_Eps_8.0_Tau_Type_normal_anchors_num_anchors_10 - INFO - Batch:[107] Adversarial images for this batch already exist
2026-02-12 11:15:30,384 - ADV_Generation_eps_8.0_steps_100_Added_Noise_uniform_Eps_8.0_Tau_Type_normal_anchors_num_anchors_10 - INFO - Batch 108/8100: Clean accuracy 0.2778 | Adv accuracy: 0.0000 | Counter-attack accuracy: 0.0000
2026-02-12 11:15:30,385 - ADV_Generation_eps_8.0_steps_100_Added_Noise_uniform_Eps_8.0_Tau_Type_normal_anchors_num_anchors_10 - INFO - Batch:[108] Adversarial images for this batch already exist
2026-02-12 11:15:30,590 - ADV_Generation_eps_8.0_steps_100_Added_Noise_uniform_Eps_8.0_Tau_Type_normal_anchors_num_anchors_10 - INFO - Batch 109/8100: Clean accuracy 0.2752 | Adv accuracy: 0.0000 | Counter-attack accuracy: 0.0000
2026-02-12 11:15:30,591 - ADV_Generation_eps_8.0_steps_100_Added_Noise_uniform_Eps_8.0_Tau_Type_normal_anchors_num_anchors_10 - INFO - Batch:[109] Adversarial images for this batch already exist
2026-02-12 11:15:30,806 - ADV_Generation_eps_8.0_steps_100_Added_Noise_uniform_Eps_8.0_Tau_Type_normal_anchors_num_anchors_10 - INFO - Batch 110/8100: Clean accuracy 0.2727 | Adv accuracy: 0.0000 | Counter-attack accuracy: 0.0000
2026-02-12 11:15:30,807 - ADV_Generation_eps_8.0_steps_100_Added_Noise_uniform_Eps_8.0_Tau_Type_normal_anchors_num_anchors_10 - INFO - Batch:[110] Adversarial images for this batch already exist
2026-02-12 11:15:31,012 - ADV_Generation_eps_8.0_steps_100_Added_Noise_uniform_Eps_8.0_Tau_Type_normal_anchors_num_anchors_10 - INFO - Batch 111/8100: Clean accuracy 0.2703 | Adv accuracy: 0.0000 | Counter-attack accuracy: 0.0000
2026-02-12 11:15:31,013 - ADV_Generation_eps_8.0_steps_100_Added_Noise_uniform_Eps_8.0_Tau_Type_normal_anchors_num_anchors_10 - INFO - Batch:[111] Adversarial images for this batch already exist
2026-02-12 11:15:31,219 - ADV_Generation_eps_8.0_steps_100_Added_Noise_uniform_Eps_8.0_Tau_Type_normal_anchors_num_anchors_10 - INFO - Batch 112/8100: Clean accuracy 0.2679 | Adv accuracy: 0.0000 | Counter-attack accuracy: 0.0000
2026-02-12 11:15:31,220 - ADV_Generation_eps_8.0_steps_100_Added_Noise_uniform_Eps_8.0_Tau_Type_normal_anchors_num_anchors_10 - INFO - Batch:[112] Adversarial images for this batch already exist
2026-02-12 11:15:31,426 - ADV_Generation_eps_8.0_steps_100_Added_Noise_uniform_Eps_8.0_Tau_Type_normal_anchors_num_anchors_10 - INFO - Batch 113/8100: Clean accuracy 0.2655 | Adv accuracy: 0.0000 | Counter-attack accuracy: 0.0000
2026-02-12 11:15:31,427 - ADV_Generation_eps_8.0_steps_100_Added_Noise_uniform_Eps_8.0_Tau_Type_normal_anchors_num_anchors_10 - INFO - Batch:[113] Adversarial images for this batch already exist
2026-02-12 11:15:31,628 - ADV_Generation_eps_8.0_steps_100_Added_Noise_uniform_Eps_8.0_Tau_Type_normal_anchors_num_anchors_10 - INFO - Batch 114/8100: Clean accuracy 0.2632 | Adv accuracy: 0.0000 | Counter-attack accuracy: 0.0000
2026-02-12 11:15:31,629 - ADV_Generation_eps_8.0_steps_100_Added_Noise_uniform_Eps_8.0_Tau_Type_normal_anchors_num_anchors_10 - INFO - Batch:[114] Adversarial images for this batch already exist
2026-02-12 11:15:31,834 - ADV_Generation_eps_8.0_steps_100_Added_Noise_uniform_Eps_8.0_Tau_Type_normal_anchors_num_anchors_10 - INFO - Batch 115/8100: Clean accuracy 0.2609 | Adv accuracy: 0.0000 | Counter-attack accuracy: 0.0000
2026-02-12 11:15:31,836 - ADV_Generation_eps_8.0_steps_100_Added_Noise_uniform_Eps_8.0_Tau_Type_normal_anchors_num_anchors_10 - INFO - Batch:[115] Adversarial images for this batch already exist
2026-02-12 11:15:32,041 - ADV_Generation_eps_8.0_steps_100_Added_Noise_uniform_Eps_8.0_Tau_Type_normal_anchors_num_anchors_10 - INFO - Batch 116/8100: Clean accuracy 0.2586 | Adv accuracy: 0.0000 | Counter-attack accuracy: 0.0000
2026-02-12 11:15:32,042 - ADV_Generation_eps_8.0_steps_100_Added_Noise_uniform_Eps_8.0_Tau_Type_normal_anchors_num_anchors_10 - INFO - Batch:[116] Adversarial images for this batch already exist
2026-02-12 11:15:32,247 - ADV_Generation_eps_8.0_steps_100_Added_Noise_uniform_Eps_8.0_Tau_Type_normal_anchors_num_anchors_10 - INFO - Batch 117/8100: Clean accuracy 0.2650 | Adv accuracy: 0.0000 | Counter-attack accuracy: 0.0000
2026-02-12 11:15:32,249 - ADV_Generation_eps_8.0_steps_100_Added_Noise_uniform_Eps_8.0_Tau_Type_normal_anchors_num_anchors_10 - INFO - Batch:[117] Adversarial images for this batch already exist
2026-02-12 11:15:32,454 - ADV_Generation_eps_8.0_steps_100_Added_Noise_uniform_Eps_8.0_Tau_Type_normal_anchors_num_anchors_10 - INFO - Batch 118/8100: Clean accuracy 0.2627 | Adv accuracy: 0.0000 | Counter-attack accuracy: 0.0000
2026-02-12 11:15:32,455 - ADV_Generation_eps_8.0_steps_100_Added_Noise_uniform_Eps_8.0_Tau_Type_normal_anchors_num_anchors_10 - INFO - Batch:[118] Adversarial images for this batch already exist
2026-02-12 11:15:32,661 - ADV_Generation_eps_8.0_steps_100_Added_Noise_uniform_Eps_8.0_Tau_Type_normal_anchors_num_anchors_10 - INFO - Batch 119/8100: Clean accuracy 0.2605 | Adv accuracy: 0.0000 | Counter-attack accuracy: 0.0000
2026-02-12 11:15:32,661 - ADV_Generation_eps_8.0_steps_100_Added_Noise_uniform_Eps_8.0_Tau_Type_normal_anchors_num_anchors_10 - INFO - Batch:[119] Adversarial images for this batch already exist
2026-02-12 11:15:32,867 - ADV_Generation_eps_8.0_steps_100_Added_Noise_uniform_Eps_8.0_Tau_Type_normal_anchors_num_anchors_10 - INFO - Batch 120/8100: Clean accuracy 0.2583 | Adv accuracy: 0.0000 | Counter-attack accuracy: 0.0000
2026-02-12 11:15:32,868 - ADV_Generation_eps_8.0_steps_100_Added_Noise_uniform_Eps_8.0_Tau_Type_normal_anchors_num_anchors_10 - INFO - Batch:[120] Adversarial images for this batch already exist
2026-02-12 11:15:33,073 - ADV_Generation_eps_8.0_steps_100_Added_Noise_uniform_Eps_8.0_Tau_Type_normal_anchors_num_anchors_10 - INFO - Batch 121/8100: Clean accuracy 0.2562 | Adv accuracy: 0.0000 | Counter-attack accuracy: 0.0000
2026-02-12 11:15:33,074 - ADV_Generation_eps_8.0_steps_100_Added_Noise_uniform_Eps_8.0_Tau_Type_normal_anchors_num_anchors_10 - INFO - Batch:[121] Adversarial images for this batch already exist
2026-02-12 11:15:33,280 - ADV_Generation_eps_8.0_steps_100_Added_Noise_uniform_Eps_8.0_Tau_Type_normal_anchors_num_anchors_10 - INFO - Batch 122/8100: Clean accuracy 0.2623 | Adv accuracy: 0.0000 | Counter-attack accuracy: 0.0000
2026-02-12 11:15:33,281 - ADV_Generation_eps_8.0_steps_100_Added_Noise_uniform_Eps_8.0_Tau_Type_normal_anchors_num_anchors_10 - INFO - Batch:[122] Adversarial images for this batch already exist
2026-02-12 11:15:33,486 - ADV_Generation_eps_8.0_steps_100_Added_Noise_uniform_Eps_8.0_Tau_Type_normal_anchors_num_anchors_10 - INFO - Batch 123/8100: Clean accuracy 0.2602 | Adv accuracy: 0.0000 | Counter-attack accuracy: 0.0000
2026-02-12 11:15:33,487 - ADV_Generation_eps_8.0_steps_100_Added_Noise_uniform_Eps_8.0_Tau_Type_normal_anchors_num_anchors_10 - INFO - Batch:[123] Adversarial images for this batch already exist
2026-02-12 11:15:33,692 - ADV_Generation_eps_8.0_steps_100_Added_Noise_uniform_Eps_8.0_Tau_Type_normal_anchors_num_anchors_10 - INFO - Batch 124/8100: Clean accuracy 0.2661 | Adv accuracy: 0.0000 | Counter-attack accuracy: 0.0000
2026-02-12 11:15:33,694 - ADV_Generation_eps_8.0_steps_100_Added_Noise_uniform_Eps_8.0_Tau_Type_normal_anchors_num_anchors_10 - INFO - Batch:[124] Adversarial images for this batch already exist
2026-02-12 11:15:33,899 - ADV_Generation_eps_8.0_steps_100_Added_Noise_uniform_Eps_8.0_Tau_Type_normal_anchors_num_anchors_10 - INFO - Batch 125/8100: Clean accuracy 0.2720 | Adv accuracy: 0.0000 | Counter-attack accuracy: 0.0000
2026-02-12 11:15:33,900 - ADV_Generation_eps_8.0_steps_100_Added_Noise_uniform_Eps_8.0_Tau_Type_normal_anchors_num_anchors_10 - INFO - Batch:[125] Adversarial images for this batch already exist
2026-02-12 11:15:34,106 - ADV_Generation_eps_8.0_steps_100_Added_Noise_uniform_Eps_8.0_Tau_Type_normal_anchors_num_anchors_10 - INFO - Batch 126/8100: Clean accuracy 0.2698 | Adv accuracy: 0.0000 | Counter-attack accuracy: 0.0000
2026-02-12 11:15:34,107 - ADV_Generation_eps_8.0_steps_100_Added_Noise_uniform_Eps_8.0_Tau_Type_normal_anchors_num_anchors_10 - INFO - Batch:[126] Adversarial images for this batch already exist
2026-02-12 11:15:34,313 - ADV_Generation_eps_8.0_steps_100_Added_Noise_uniform_Eps_8.0_Tau_Type_normal_anchors_num_anchors_10 - INFO - Batch 127/8100: Clean accuracy 0.2677 | Adv accuracy: 0.0000 | Counter-attack accuracy: 0.0000
2026-02-12 11:15:34,313 - ADV_Generation_eps_8.0_steps_100_Added_Noise_uniform_Eps_8.0_Tau_Type_normal_anchors_num_anchors_10 - INFO - Batch:[127] Adversarial images for this batch already exist
2026-02-12 11:15:34,519 - ADV_Generation_eps_8.0_steps_100_Added_Noise_uniform_Eps_8.0_Tau_Type_normal_anchors_num_anchors_10 - INFO - Batch 128/8100: Clean accuracy 0.2656 | Adv accuracy: 0.0000 | Counter-attack accuracy: 0.0000
2026-02-12 11:15:34,520 - ADV_Generation_eps_8.0_steps_100_Added_Noise_uniform_Eps_8.0_Tau_Type_normal_anchors_num_anchors_10 - INFO - Batch:[128] Adversarial images for this batch already exist
2026-02-12 11:15:34,726 - ADV_Generation_eps_8.0_steps_100_Added_Noise_uniform_Eps_8.0_Tau_Type_normal_anchors_num_anchors_10 - INFO - Batch 129/8100: Clean accuracy 0.2636 | Adv accuracy: 0.0000 | Counter-attack accuracy: 0.0000
2026-02-12 11:15:34,727 - ADV_Generation_eps_8.0_steps_100_Added_Noise_uniform_Eps_8.0_Tau_Type_normal_anchors_num_anchors_10 - INFO - Batch:[129] Adversarial images for this batch already exist
2026-02-12 11:15:34,932 - ADV_Generation_eps_8.0_steps_100_Added_Noise_uniform_Eps_8.0_Tau_Type_normal_anchors_num_anchors_10 - INFO - Batch 130/8100: Clean accuracy 0.2615 | Adv accuracy: 0.0000 | Counter-attack accuracy: 0.0000
2026-02-12 11:15:34,933 - ADV_Generation_eps_8.0_steps_100_Added_Noise_uniform_Eps_8.0_Tau_Type_normal_anchors_num_anchors_10 - INFO - Batch:[130] Adversarial images for this batch already exist
2026-02-12 11:15:35,139 - ADV_Generation_eps_8.0_steps_100_Added_Noise_uniform_Eps_8.0_Tau_Type_normal_anchors_num_anchors_10 - INFO - Batch 131/8100: Clean accuracy 0.2595 | Adv accuracy: 0.0000 | Counter-attack accuracy: 0.0000
2026-02-12 11:15:35,140 - ADV_Generation_eps_8.0_steps_100_Added_Noise_uniform_Eps_8.0_Tau_Type_normal_anchors_num_anchors_10 - INFO - Batch:[131] Adversarial images for this batch already exist
2026-02-12 11:15:35,345 - ADV_Generation_eps_8.0_steps_100_Added_Noise_uniform_Eps_8.0_Tau_Type_normal_anchors_num_anchors_10 - INFO - Batch 132/8100: Clean accuracy 0.2576 | Adv accuracy: 0.0000 | Counter-attack accuracy: 0.0000
2026-02-12 11:15:35,346 - ADV_Generation_eps_8.0_steps_100_Added_Noise_uniform_Eps_8.0_Tau_Type_normal_anchors_num_anchors_10 - INFO - Batch:[132] Adversarial images for this batch already exist
2026-02-12 11:15:35,561 - ADV_Generation_eps_8.0_steps_100_Added_Noise_uniform_Eps_8.0_Tau_Type_normal_anchors_num_anchors_10 - INFO - Batch 133/8100: Clean accuracy 0.2556 | Adv accuracy: 0.0000 | Counter-attack accuracy: 0.0000
2026-02-12 11:15:35,562 - ADV_Generation_eps_8.0_steps_100_Added_Noise_uniform_Eps_8.0_Tau_Type_normal_anchors_num_anchors_10 - INFO - Batch:[133] Adversarial images for this batch already exist
2026-02-12 11:15:35,767 - ADV_Generation_eps_8.0_steps_100_Added_Noise_uniform_Eps_8.0_Tau_Type_normal_anchors_num_anchors_10 - INFO - Batch 134/8100: Clean accuracy 0.2537 | Adv accuracy: 0.0000 | Counter-attack accuracy: 0.0000
2026-02-12 11:15:35,768 - ADV_Generation_eps_8.0_steps_100_Added_Noise_uniform_Eps_8.0_Tau_Type_normal_anchors_num_anchors_10 - INFO - Batch:[134] Adversarial images for this batch already exist
2026-02-12 11:15:35,974 - ADV_Generation_eps_8.0_steps_100_Added_Noise_uniform_Eps_8.0_Tau_Type_normal_anchors_num_anchors_10 - INFO - Batch 135/8100: Clean accuracy 0.2593 | Adv accuracy: 0.0000 | Counter-attack accuracy: 0.0000
2026-02-12 11:15:35,975 - ADV_Generation_eps_8.0_steps_100_Added_Noise_uniform_Eps_8.0_Tau_Type_normal_anchors_num_anchors_10 - INFO - Batch:[135] Adversarial images for this batch already exist
2026-02-12 11:15:36,193 - ADV_Generation_eps_8.0_steps_100_Added_Noise_uniform_Eps_8.0_Tau_Type_normal_anchors_num_anchors_10 - INFO - Batch 136/8100: Clean accuracy 0.2574 | Adv accuracy: 0.0000 | Counter-attack accuracy: 0.0000
2026-02-12 11:15:36,194 - ADV_Generation_eps_8.0_steps_100_Added_Noise_uniform_Eps_8.0_Tau_Type_normal_anchors_num_anchors_10 - INFO - Batch:[136] Adversarial images for this batch already exist
2026-02-12 11:15:36,400 - ADV_Generation_eps_8.0_steps_100_Added_Noise_uniform_Eps_8.0_Tau_Type_normal_anchors_num_anchors_10 - INFO - Batch 137/8100: Clean accuracy 0.2555 | Adv accuracy: 0.0000 | Counter-attack accuracy: 0.0000
2026-02-12 11:15:36,400 - ADV_Generation_eps_8.0_steps_100_Added_Noise_uniform_Eps_8.0_Tau_Type_normal_anchors_num_anchors_10 - INFO - Batch:[137] Adversarial images for this batch already exist
2026-02-12 11:15:36,603 - ADV_Generation_eps_8.0_steps_100_Added_Noise_uniform_Eps_8.0_Tau_Type_normal_anchors_num_anchors_10 - INFO - Batch 138/8100: Clean accuracy 0.2609 | Adv accuracy: 0.0000 | Counter-attack accuracy: 0.0000
2026-02-12 11:15:36,604 - ADV_Generation_eps_8.0_steps_100_Added_Noise_uniform_Eps_8.0_Tau_Type_normal_anchors_num_anchors_10 - INFO - Batch:[138] Adversarial images for this batch already exist
2026-02-12 11:15:36,809 - ADV_Generation_eps_8.0_steps_100_Added_Noise_uniform_Eps_8.0_Tau_Type_normal_anchors_num_anchors_10 - INFO - Batch 139/8100: Clean accuracy 0.2590 | Adv accuracy: 0.0000 | Counter-attack accuracy: 0.0000
2026-02-12 11:15:36,810 - ADV_Generation_eps_8.0_steps_100_Added_Noise_uniform_Eps_8.0_Tau_Type_normal_anchors_num_anchors_10 - INFO - Batch:[139] Adversarial images for this batch already exist
2026-02-12 11:15:37,013 - ADV_Generation_eps_8.0_steps_100_Added_Noise_uniform_Eps_8.0_Tau_Type_normal_anchors_num_anchors_10 - INFO - Batch 140/8100: Clean accuracy 0.2571 | Adv accuracy: 0.0000 | Counter-attack accuracy: 0.0000
2026-02-12 11:15:37,013 - ADV_Generation_eps_8.0_steps_100_Added_Noise_uniform_Eps_8.0_Tau_Type_normal_anchors_num_anchors_10 - INFO - Batch:[140] Adversarial images for this batch already exist
2026-02-12 11:15:37,219 - ADV_Generation_eps_8.0_steps_100_Added_Noise_uniform_Eps_8.0_Tau_Type_normal_anchors_num_anchors_10 - INFO - Batch 141/8100: Clean accuracy 0.2553 | Adv accuracy: 0.0000 | Counter-attack accuracy: 0.0000
2026-02-12 11:15:37,219 - ADV_Generation_eps_8.0_steps_100_Added_Noise_uniform_Eps_8.0_Tau_Type_normal_anchors_num_anchors_10 - INFO - Batch:[141] Adversarial images for this batch already exist
2026-02-12 11:15:37,431 - ADV_Generation_eps_8.0_steps_100_Added_Noise_uniform_Eps_8.0_Tau_Type_normal_anchors_num_anchors_10 - INFO - Batch 142/8100: Clean accuracy 0.2535 | Adv accuracy: 0.0000 | Counter-attack accuracy: 0.0000
2026-02-12 11:15:37,432 - ADV_Generation_eps_8.0_steps_100_Added_Noise_uniform_Eps_8.0_Tau_Type_normal_anchors_num_anchors_10 - INFO - Batch:[142] Adversarial images for this batch already exist
2026-02-12 11:15:37,638 - ADV_Generation_eps_8.0_steps_100_Added_Noise_uniform_Eps_8.0_Tau_Type_normal_anchors_num_anchors_10 - INFO - Batch 143/8100: Clean accuracy 0.2517 | Adv accuracy: 0.0000 | Counter-attack accuracy: 0.0000
2026-02-12 11:15:37,639 - ADV_Generation_eps_8.0_steps_100_Added_Noise_uniform_Eps_8.0_Tau_Type_normal_anchors_num_anchors_10 - INFO - Batch:[143] Adversarial images for this batch already exist
2026-02-12 11:15:37,856 - ADV_Generation_eps_8.0_steps_100_Added_Noise_uniform_Eps_8.0_Tau_Type_normal_anchors_num_anchors_10 - INFO - Batch 144/8100: Clean accuracy 0.2569 | Adv accuracy: 0.0000 | Counter-attack accuracy: 0.0000
2026-02-12 11:15:37,857 - ADV_Generation_eps_8.0_steps_100_Added_Noise_uniform_Eps_8.0_Tau_Type_normal_anchors_num_anchors_10 - INFO - Batch:[144] Adversarial images for this batch already exist
2026-02-12 11:15:38,059 - ADV_Generation_eps_8.0_steps_100_Added_Noise_uniform_Eps_8.0_Tau_Type_normal_anchors_num_anchors_10 - INFO - Batch 145/8100: Clean accuracy 0.2552 | Adv accuracy: 0.0000 | Counter-attack accuracy: 0.0000
2026-02-12 11:15:38,060 - ADV_Generation_eps_8.0_steps_100_Added_Noise_uniform_Eps_8.0_Tau_Type_normal_anchors_num_anchors_10 - INFO - Batch:[145] Adversarial images for this batch already exist
2026-02-12 11:15:38,274 - ADV_Generation_eps_8.0_steps_100_Added_Noise_uniform_Eps_8.0_Tau_Type_normal_anchors_num_anchors_10 - INFO - Batch 146/8100: Clean accuracy 0.2603 | Adv accuracy: 0.0000 | Counter-attack accuracy: 0.0000
2026-02-12 11:15:38,274 - ADV_Generation_eps_8.0_steps_100_Added_Noise_uniform_Eps_8.0_Tau_Type_normal_anchors_num_anchors_10 - INFO - Batch:[146] Adversarial images for this batch already exist
2026-02-12 11:15:38,487 - ADV_Generation_eps_8.0_steps_100_Added_Noise_uniform_Eps_8.0_Tau_Type_normal_anchors_num_anchors_10 - INFO - Batch 147/8100: Clean accuracy 0.2585 | Adv accuracy: 0.0000 | Counter-attack accuracy: 0.0000
2026-02-12 11:15:38,488 - ADV_Generation_eps_8.0_steps_100_Added_Noise_uniform_Eps_8.0_Tau_Type_normal_anchors_num_anchors_10 - INFO - Batch:[147] Adversarial images for this batch already exist
2026-02-12 11:15:38,689 - ADV_Generation_eps_8.0_steps_100_Added_Noise_uniform_Eps_8.0_Tau_Type_normal_anchors_num_anchors_10 - INFO - Batch 148/8100: Clean accuracy 0.2568 | Adv accuracy: 0.0000 | Counter-attack accuracy: 0.0000
2026-02-12 11:15:38,690 - ADV_Generation_eps_8.0_steps_100_Added_Noise_uniform_Eps_8.0_Tau_Type_normal_anchors_num_anchors_10 - INFO - Batch:[148] Adversarial images for this batch already exist
2026-02-12 11:15:38,904 - ADV_Generation_eps_8.0_steps_100_Added_Noise_uniform_Eps_8.0_Tau_Type_normal_anchors_num_anchors_10 - INFO - Batch 149/8100: Clean accuracy 0.2550 | Adv accuracy: 0.0000 | Counter-attack accuracy: 0.0000
2026-02-12 11:15:38,904 - ADV_Generation_eps_8.0_steps_100_Added_Noise_uniform_Eps_8.0_Tau_Type_normal_anchors_num_anchors_10 - INFO - Batch:[149] Adversarial images for this batch already exist
2026-02-12 11:15:39,107 - ADV_Generation_eps_8.0_steps_100_Added_Noise_uniform_Eps_8.0_Tau_Type_normal_anchors_num_anchors_10 - INFO - Batch 150/8100: Clean accuracy 0.2533 | Adv accuracy: 0.0000 | Counter-attack accuracy: 0.0000
2026-02-12 11:15:39,108 - ADV_Generation_eps_8.0_steps_100_Added_Noise_uniform_Eps_8.0_Tau_Type_normal_anchors_num_anchors_10 - INFO - Batch:[150] Adversarial images for this batch already exist
2026-02-12 11:15:39,310 - ADV_Generation_eps_8.0_steps_100_Added_Noise_uniform_Eps_8.0_Tau_Type_normal_anchors_num_anchors_10 - INFO - Batch 151/8100: Clean accuracy 0.2517 | Adv accuracy: 0.0000 | Counter-attack accuracy: 0.0000
2026-02-12 11:15:39,311 - ADV_Generation_eps_8.0_steps_100_Added_Noise_uniform_Eps_8.0_Tau_Type_normal_anchors_num_anchors_10 - INFO - Batch:[151] Adversarial images for this batch already exist
