2025-07-10 19:57:53,746 - ADV_Generation_eps_4.0_steps_100_Purification_type_noisy_anchor_anchors_10_alpha_1.2_sigma_0.06_threshold_0.0 - INFO - ==========================================
data:/leonardo_work/EUHPC_R04_192/fmohamma/Adversarial_Robust_Clip/atpt_data/downstream_datasets
test_sets:DTD
dataset_mode:test
arch:delta_clip_l14_224
resolution:224
workers:4
no_pin_memory:False
batch_size:64
adv_bs:16
print_freq:20
gpu:0
no_cudnn_benchmark:False
n_ctx:4
ctx_init:a_photo_of_a
seed:0
output_dir:/leonardo_work/EUHPC_R04_192/fmohamma/Adversarial_Robust_Clip/atpt_data/delta_clip_l14_224/DTD
log_output_dir:/leonardo_work/EUHPC_R04_192/fmohamma/Adversarial_Robust_Clip/ATPT/Purify_Results/delta_clip_l14_224/DTD
eps:4.0
alpha:1.0
alpha_eps_ratio:4.0
steps:100
counter_attack:False
counter_attack_type:pgd
counter_attack_steps:2
counter_attack_eps:4.0
counter_attack_alpha:1.0
counter_attack_tau_thres:0.2
counter_attack_beta:2.0
counter_attack_weighted_perturbations:True
pgd_clip_pure_i_text_embeddings:null
pgd_counter_and_clipure_i_lamda:1.0
image_feature_purify:True
image_feature_purify_type:noisy_anchor
image_feature_purify_noisy_anchors:10
image_feature_purify_anchors_alpha:1.2
image_feature_purify_noisy_sigma:0.06
image_feature_purify_diff_threshold:0.0
lr:0.005
selection_p:0.1
tta_steps:1
top_k:20
softmax_temp:0.01
load_tecoa:

2025-07-10 19:57:53,747 - ADV_Generation_eps_4.0_steps_100_Purification_type_noisy_anchor_anchors_10_alpha_1.2_sigma_0.06_threshold_0.0 - INFO - Use GPU: 0 for training
2025-07-10 19:59:52,549 - ADV_Generation_eps_4.0_steps_100_Purification_type_noisy_anchor_anchors_10_alpha_1.2_sigma_0.06_threshold_0.0 - INFO - => Model created: visual backbone delta_clip_l14_224
2025-07-10 19:59:52,556 - ADV_Generation_eps_4.0_steps_100_Purification_type_noisy_anchor_anchors_10_alpha_1.2_sigma_0.06_threshold_0.0 - INFO - Number of test samples: 1692
2025-07-10 19:59:52,556 - ADV_Generation_eps_4.0_steps_100_Purification_type_noisy_anchor_anchors_10_alpha_1.2_sigma_0.06_threshold_0.0 - INFO - Evaluating dataset: DTD
2025-07-10 19:59:52,557 - ADV_Generation_eps_4.0_steps_100_Purification_type_noisy_anchor_anchors_10_alpha_1.2_sigma_0.06_threshold_0.0 - INFO - Starting evaluation with batch size: 64, selection percentage: 0.1
2025-07-10 19:59:52,557 - ADV_Generation_eps_4.0_steps_100_Purification_type_noisy_anchor_anchors_10_alpha_1.2_sigma_0.06_threshold_0.0 - INFO - Using PGD attack with epsilon: 0.015686, alpha: 0.003922, steps: 100
2025-07-10 19:59:52,558 - ADV_Generation_eps_4.0_steps_100_Purification_type_noisy_anchor_anchors_10_alpha_1.2_sigma_0.06_threshold_0.0 - INFO - Using directory for adversarial images: /leonardo_work/EUHPC_R04_192/fmohamma/Adversarial_Robust_Clip/atpt_data/delta_clip_l14_224/DTD/adv_images_eps_4.0_alpha_1.0_steps_100
2025-07-10 19:59:52,980 - ADV_Generation_eps_4.0_steps_100_Purification_type_noisy_anchor_anchors_10_alpha_1.2_sigma_0.06_threshold_0.0 - INFO - Batch:[0] Adversarial images for this batch already exist
2025-07-10 19:59:57,583 - ADV_Generation_eps_4.0_steps_100_Purification_type_noisy_anchor_anchors_10_alpha_1.2_sigma_0.06_threshold_0.0 - INFO - Batch 1/106: Clean orig accuracy 0.0000 | Clean purify accuracy 0.0000 | Adv orig accuracy: 0.0000 | Adv purify accuracy: 0.0000
2025-07-10 19:59:57,592 - ADV_Generation_eps_4.0_steps_100_Purification_type_noisy_anchor_anchors_10_alpha_1.2_sigma_0.06_threshold_0.0 - INFO - Batch:[1] Adversarial images for this batch already exist
2025-07-10 20:00:01,139 - ADV_Generation_eps_4.0_steps_100_Purification_type_noisy_anchor_anchors_10_alpha_1.2_sigma_0.06_threshold_0.0 - INFO - Batch 2/106: Clean orig accuracy 0.0000 | Clean purify accuracy 0.0000 | Adv orig accuracy: 0.0000 | Adv purify accuracy: 0.0000
2025-07-10 20:00:01,157 - ADV_Generation_eps_4.0_steps_100_Purification_type_noisy_anchor_anchors_10_alpha_1.2_sigma_0.06_threshold_0.0 - INFO - Batch:[2] Adversarial images for this batch already exist
2025-07-10 20:00:04,669 - ADV_Generation_eps_4.0_steps_100_Purification_type_noisy_anchor_anchors_10_alpha_1.2_sigma_0.06_threshold_0.0 - INFO - Batch 3/106: Clean orig accuracy 0.0625 | Clean purify accuracy 0.0417 | Adv orig accuracy: 0.0000 | Adv purify accuracy: 0.0000
2025-07-10 20:00:04,679 - ADV_Generation_eps_4.0_steps_100_Purification_type_noisy_anchor_anchors_10_alpha_1.2_sigma_0.06_threshold_0.0 - INFO - Batch:[3] Adversarial images for this batch already exist
2025-07-10 20:00:08,266 - ADV_Generation_eps_4.0_steps_100_Purification_type_noisy_anchor_anchors_10_alpha_1.2_sigma_0.06_threshold_0.0 - INFO - Batch 4/106: Clean orig accuracy 0.0625 | Clean purify accuracy 0.0625 | Adv orig accuracy: 0.0000 | Adv purify accuracy: 0.0000
2025-07-10 20:00:08,275 - ADV_Generation_eps_4.0_steps_100_Purification_type_noisy_anchor_anchors_10_alpha_1.2_sigma_0.06_threshold_0.0 - INFO - Batch:[4] Adversarial images for this batch already exist
2025-07-10 20:00:11,921 - ADV_Generation_eps_4.0_steps_100_Purification_type_noisy_anchor_anchors_10_alpha_1.2_sigma_0.06_threshold_0.0 - INFO - Batch 5/106: Clean orig accuracy 0.1375 | Clean purify accuracy 0.1375 | Adv orig accuracy: 0.0750 | Adv purify accuracy: 0.0625
2025-07-10 20:00:11,931 - ADV_Generation_eps_4.0_steps_100_Purification_type_noisy_anchor_anchors_10_alpha_1.2_sigma_0.06_threshold_0.0 - INFO - Batch:[5] Adversarial images for this batch already exist
2025-07-10 20:00:15,440 - ADV_Generation_eps_4.0_steps_100_Purification_type_noisy_anchor_anchors_10_alpha_1.2_sigma_0.06_threshold_0.0 - INFO - Batch 6/106: Clean orig accuracy 0.1979 | Clean purify accuracy 0.1979 | Adv orig accuracy: 0.1458 | Adv purify accuracy: 0.1250
2025-07-10 20:00:15,450 - ADV_Generation_eps_4.0_steps_100_Purification_type_noisy_anchor_anchors_10_alpha_1.2_sigma_0.06_threshold_0.0 - INFO - Batch:[6] Adversarial images for this batch already exist
2025-07-10 20:00:19,045 - ADV_Generation_eps_4.0_steps_100_Purification_type_noisy_anchor_anchors_10_alpha_1.2_sigma_0.06_threshold_0.0 - INFO - Batch 7/106: Clean orig accuracy 0.2679 | Clean purify accuracy 0.2679 | Adv orig accuracy: 0.2054 | Adv purify accuracy: 0.1875
2025-07-10 20:00:19,054 - ADV_Generation_eps_4.0_steps_100_Purification_type_noisy_anchor_anchors_10_alpha_1.2_sigma_0.06_threshold_0.0 - INFO - Batch:[7] Adversarial images for this batch already exist
2025-07-10 20:00:22,622 - ADV_Generation_eps_4.0_steps_100_Purification_type_noisy_anchor_anchors_10_alpha_1.2_sigma_0.06_threshold_0.0 - INFO - Batch 8/106: Clean orig accuracy 0.3516 | Clean purify accuracy 0.3359 | Adv orig accuracy: 0.2734 | Adv purify accuracy: 0.2422
2025-07-10 20:00:22,631 - ADV_Generation_eps_4.0_steps_100_Purification_type_noisy_anchor_anchors_10_alpha_1.2_sigma_0.06_threshold_0.0 - INFO - Batch:[8] Adversarial images for this batch already exist
2025-07-10 20:00:26,125 - ADV_Generation_eps_4.0_steps_100_Purification_type_noisy_anchor_anchors_10_alpha_1.2_sigma_0.06_threshold_0.0 - INFO - Batch 9/106: Clean orig accuracy 0.4028 | Clean purify accuracy 0.3819 | Adv orig accuracy: 0.3125 | Adv purify accuracy: 0.2847
2025-07-10 20:00:26,134 - ADV_Generation_eps_4.0_steps_100_Purification_type_noisy_anchor_anchors_10_alpha_1.2_sigma_0.06_threshold_0.0 - INFO - Batch:[9] Adversarial images for this batch already exist
2025-07-10 20:00:29,638 - ADV_Generation_eps_4.0_steps_100_Purification_type_noisy_anchor_anchors_10_alpha_1.2_sigma_0.06_threshold_0.0 - INFO - Batch 10/106: Clean orig accuracy 0.3812 | Clean purify accuracy 0.3625 | Adv orig accuracy: 0.3000 | Adv purify accuracy: 0.2750
2025-07-10 20:00:29,647 - ADV_Generation_eps_4.0_steps_100_Purification_type_noisy_anchor_anchors_10_alpha_1.2_sigma_0.06_threshold_0.0 - INFO - Batch:[10] Adversarial images for this batch already exist
2025-07-10 20:00:33,216 - ADV_Generation_eps_4.0_steps_100_Purification_type_noisy_anchor_anchors_10_alpha_1.2_sigma_0.06_threshold_0.0 - INFO - Batch 11/106: Clean orig accuracy 0.3636 | Clean purify accuracy 0.3466 | Adv orig accuracy: 0.2841 | Adv purify accuracy: 0.2614
2025-07-10 20:00:33,225 - ADV_Generation_eps_4.0_steps_100_Purification_type_noisy_anchor_anchors_10_alpha_1.2_sigma_0.06_threshold_0.0 - INFO - Batch:[11] Adversarial images for this batch already exist
2025-07-10 20:00:36,711 - ADV_Generation_eps_4.0_steps_100_Purification_type_noisy_anchor_anchors_10_alpha_1.2_sigma_0.06_threshold_0.0 - INFO - Batch 12/106: Clean orig accuracy 0.4062 | Clean purify accuracy 0.3802 | Adv orig accuracy: 0.3125 | Adv purify accuracy: 0.2917
2025-07-10 20:00:36,720 - ADV_Generation_eps_4.0_steps_100_Purification_type_noisy_anchor_anchors_10_alpha_1.2_sigma_0.06_threshold_0.0 - INFO - Batch:[12] Adversarial images for this batch already exist
2025-07-10 20:00:40,264 - ADV_Generation_eps_4.0_steps_100_Purification_type_noisy_anchor_anchors_10_alpha_1.2_sigma_0.06_threshold_0.0 - INFO - Batch 13/106: Clean orig accuracy 0.4471 | Clean purify accuracy 0.4231 | Adv orig accuracy: 0.3606 | Adv purify accuracy: 0.3365
2025-07-10 20:00:40,274 - ADV_Generation_eps_4.0_steps_100_Purification_type_noisy_anchor_anchors_10_alpha_1.2_sigma_0.06_threshold_0.0 - INFO - Batch:[13] Adversarial images for this batch already exist
2025-07-10 20:00:43,774 - ADV_Generation_eps_4.0_steps_100_Purification_type_noisy_anchor_anchors_10_alpha_1.2_sigma_0.06_threshold_0.0 - INFO - Batch 14/106: Clean orig accuracy 0.4866 | Clean purify accuracy 0.4643 | Adv orig accuracy: 0.4018 | Adv purify accuracy: 0.3750
2025-07-10 20:00:43,783 - ADV_Generation_eps_4.0_steps_100_Purification_type_noisy_anchor_anchors_10_alpha_1.2_sigma_0.06_threshold_0.0 - INFO - Batch:[14] Adversarial images for this batch already exist
2025-07-10 20:00:47,326 - ADV_Generation_eps_4.0_steps_100_Purification_type_noisy_anchor_anchors_10_alpha_1.2_sigma_0.06_threshold_0.0 - INFO - Batch 15/106: Clean orig accuracy 0.5042 | Clean purify accuracy 0.4792 | Adv orig accuracy: 0.4167 | Adv purify accuracy: 0.3917
2025-07-10 20:00:47,335 - ADV_Generation_eps_4.0_steps_100_Purification_type_noisy_anchor_anchors_10_alpha_1.2_sigma_0.06_threshold_0.0 - INFO - Batch:[15] Adversarial images for this batch already exist
2025-07-10 20:00:50,944 - ADV_Generation_eps_4.0_steps_100_Purification_type_noisy_anchor_anchors_10_alpha_1.2_sigma_0.06_threshold_0.0 - INFO - Batch 16/106: Clean orig accuracy 0.5195 | Clean purify accuracy 0.4922 | Adv orig accuracy: 0.4141 | Adv purify accuracy: 0.3906
2025-07-10 20:00:50,953 - ADV_Generation_eps_4.0_steps_100_Purification_type_noisy_anchor_anchors_10_alpha_1.2_sigma_0.06_threshold_0.0 - INFO - Batch:[16] Adversarial images for this batch already exist
2025-07-10 20:00:54,628 - ADV_Generation_eps_4.0_steps_100_Purification_type_noisy_anchor_anchors_10_alpha_1.2_sigma_0.06_threshold_0.0 - INFO - Batch 17/106: Clean orig accuracy 0.5441 | Clean purify accuracy 0.5074 | Adv orig accuracy: 0.4265 | Adv purify accuracy: 0.4044
2025-07-10 20:00:54,636 - ADV_Generation_eps_4.0_steps_100_Purification_type_noisy_anchor_anchors_10_alpha_1.2_sigma_0.06_threshold_0.0 - INFO - Batch:[17] Adversarial images for this batch already exist
2025-07-10 20:00:58,210 - ADV_Generation_eps_4.0_steps_100_Purification_type_noisy_anchor_anchors_10_alpha_1.2_sigma_0.06_threshold_0.0 - INFO - Batch 18/106: Clean orig accuracy 0.5625 | Clean purify accuracy 0.5243 | Adv orig accuracy: 0.4479 | Adv purify accuracy: 0.4201
2025-07-10 20:00:58,219 - ADV_Generation_eps_4.0_steps_100_Purification_type_noisy_anchor_anchors_10_alpha_1.2_sigma_0.06_threshold_0.0 - INFO - Batch:[18] Adversarial images for this batch already exist
2025-07-10 20:01:01,744 - ADV_Generation_eps_4.0_steps_100_Purification_type_noisy_anchor_anchors_10_alpha_1.2_sigma_0.06_threshold_0.0 - INFO - Batch 19/106: Clean orig accuracy 0.5428 | Clean purify accuracy 0.5066 | Adv orig accuracy: 0.4243 | Adv purify accuracy: 0.4013
2025-07-10 20:01:01,754 - ADV_Generation_eps_4.0_steps_100_Purification_type_noisy_anchor_anchors_10_alpha_1.2_sigma_0.06_threshold_0.0 - INFO - Batch:[19] Adversarial images for this batch already exist
2025-07-10 20:01:05,271 - ADV_Generation_eps_4.0_steps_100_Purification_type_noisy_anchor_anchors_10_alpha_1.2_sigma_0.06_threshold_0.0 - INFO - Batch 20/106: Clean orig accuracy 0.5281 | Clean purify accuracy 0.4875 | Adv orig accuracy: 0.4094 | Adv purify accuracy: 0.3875
2025-07-10 20:01:05,280 - ADV_Generation_eps_4.0_steps_100_Purification_type_noisy_anchor_anchors_10_alpha_1.2_sigma_0.06_threshold_0.0 - INFO - Batch:[20] Adversarial images for this batch already exist
2025-07-10 20:01:08,882 - ADV_Generation_eps_4.0_steps_100_Purification_type_noisy_anchor_anchors_10_alpha_1.2_sigma_0.06_threshold_0.0 - INFO - Batch 21/106: Clean orig accuracy 0.5357 | Clean purify accuracy 0.4881 | Adv orig accuracy: 0.4107 | Adv purify accuracy: 0.3780
2025-07-10 20:01:08,892 - ADV_Generation_eps_4.0_steps_100_Purification_type_noisy_anchor_anchors_10_alpha_1.2_sigma_0.06_threshold_0.0 - INFO - Batch:[21] Adversarial images for this batch already exist
2025-07-10 20:01:12,434 - ADV_Generation_eps_4.0_steps_100_Purification_type_noisy_anchor_anchors_10_alpha_1.2_sigma_0.06_threshold_0.0 - INFO - Batch 22/106: Clean orig accuracy 0.5540 | Clean purify accuracy 0.4886 | Adv orig accuracy: 0.4062 | Adv purify accuracy: 0.3722
2025-07-10 20:01:12,443 - ADV_Generation_eps_4.0_steps_100_Purification_type_noisy_anchor_anchors_10_alpha_1.2_sigma_0.06_threshold_0.0 - INFO - Batch:[22] Adversarial images for this batch already exist
2025-07-10 20:01:15,938 - ADV_Generation_eps_4.0_steps_100_Purification_type_noisy_anchor_anchors_10_alpha_1.2_sigma_0.06_threshold_0.0 - INFO - Batch 23/106: Clean orig accuracy 0.5516 | Clean purify accuracy 0.4755 | Adv orig accuracy: 0.3940 | Adv purify accuracy: 0.3614
2025-07-10 20:01:15,947 - ADV_Generation_eps_4.0_steps_100_Purification_type_noisy_anchor_anchors_10_alpha_1.2_sigma_0.06_threshold_0.0 - INFO - Batch:[23] Adversarial images for this batch already exist
2025-07-10 20:01:19,429 - ADV_Generation_eps_4.0_steps_100_Purification_type_noisy_anchor_anchors_10_alpha_1.2_sigma_0.06_threshold_0.0 - INFO - Batch 24/106: Clean orig accuracy 0.5469 | Clean purify accuracy 0.4792 | Adv orig accuracy: 0.3880 | Adv purify accuracy: 0.3594
2025-07-10 20:01:19,438 - ADV_Generation_eps_4.0_steps_100_Purification_type_noisy_anchor_anchors_10_alpha_1.2_sigma_0.06_threshold_0.0 - INFO - Batch:[24] Adversarial images for this batch already exist
2025-07-10 20:01:22,901 - ADV_Generation_eps_4.0_steps_100_Purification_type_noisy_anchor_anchors_10_alpha_1.2_sigma_0.06_threshold_0.0 - INFO - Batch 25/106: Clean orig accuracy 0.5425 | Clean purify accuracy 0.4750 | Adv orig accuracy: 0.3850 | Adv purify accuracy: 0.3600
2025-07-10 20:01:22,911 - ADV_Generation_eps_4.0_steps_100_Purification_type_noisy_anchor_anchors_10_alpha_1.2_sigma_0.06_threshold_0.0 - INFO - Batch:[25] Adversarial images for this batch already exist
2025-07-10 20:01:26,398 - ADV_Generation_eps_4.0_steps_100_Purification_type_noisy_anchor_anchors_10_alpha_1.2_sigma_0.06_threshold_0.0 - INFO - Batch 26/106: Clean orig accuracy 0.5505 | Clean purify accuracy 0.4832 | Adv orig accuracy: 0.3870 | Adv purify accuracy: 0.3582
2025-07-10 20:01:26,407 - ADV_Generation_eps_4.0_steps_100_Purification_type_noisy_anchor_anchors_10_alpha_1.2_sigma_0.06_threshold_0.0 - INFO - Batch:[26] Adversarial images for this batch already exist
2025-07-10 20:01:30,024 - ADV_Generation_eps_4.0_steps_100_Purification_type_noisy_anchor_anchors_10_alpha_1.2_sigma_0.06_threshold_0.0 - INFO - Batch 27/106: Clean orig accuracy 0.5625 | Clean purify accuracy 0.4907 | Adv orig accuracy: 0.3889 | Adv purify accuracy: 0.3611
2025-07-10 20:01:30,034 - ADV_Generation_eps_4.0_steps_100_Purification_type_noisy_anchor_anchors_10_alpha_1.2_sigma_0.06_threshold_0.0 - INFO - Batch:[27] Adversarial images for this batch already exist
2025-07-10 20:01:33,584 - ADV_Generation_eps_4.0_steps_100_Purification_type_noisy_anchor_anchors_10_alpha_1.2_sigma_0.06_threshold_0.0 - INFO - Batch 28/106: Clean orig accuracy 0.5580 | Clean purify accuracy 0.4978 | Adv orig accuracy: 0.3817 | Adv purify accuracy: 0.3594
2025-07-10 20:01:33,594 - ADV_Generation_eps_4.0_steps_100_Purification_type_noisy_anchor_anchors_10_alpha_1.2_sigma_0.06_threshold_0.0 - INFO - Batch:[28] Adversarial images for this batch already exist
2025-07-10 20:01:37,130 - ADV_Generation_eps_4.0_steps_100_Purification_type_noisy_anchor_anchors_10_alpha_1.2_sigma_0.06_threshold_0.0 - INFO - Batch 29/106: Clean orig accuracy 0.5625 | Clean purify accuracy 0.5129 | Adv orig accuracy: 0.3772 | Adv purify accuracy: 0.3728
2025-07-10 20:01:37,139 - ADV_Generation_eps_4.0_steps_100_Purification_type_noisy_anchor_anchors_10_alpha_1.2_sigma_0.06_threshold_0.0 - INFO - Batch:[29] Adversarial images for this batch already exist
2025-07-10 20:01:40,676 - ADV_Generation_eps_4.0_steps_100_Purification_type_noisy_anchor_anchors_10_alpha_1.2_sigma_0.06_threshold_0.0 - INFO - Batch 30/106: Clean orig accuracy 0.5687 | Clean purify accuracy 0.5208 | Adv orig accuracy: 0.3771 | Adv purify accuracy: 0.3812
2025-07-10 20:01:40,686 - ADV_Generation_eps_4.0_steps_100_Purification_type_noisy_anchor_anchors_10_alpha_1.2_sigma_0.06_threshold_0.0 - INFO - Batch:[30] Adversarial images for this batch already exist
2025-07-10 20:01:44,211 - ADV_Generation_eps_4.0_steps_100_Purification_type_noisy_anchor_anchors_10_alpha_1.2_sigma_0.06_threshold_0.0 - INFO - Batch 31/106: Clean orig accuracy 0.5685 | Clean purify accuracy 0.5262 | Adv orig accuracy: 0.3770 | Adv purify accuracy: 0.3871
2025-07-10 20:01:44,222 - ADV_Generation_eps_4.0_steps_100_Purification_type_noisy_anchor_anchors_10_alpha_1.2_sigma_0.06_threshold_0.0 - INFO - Batch:[31] Adversarial images for this batch already exist
2025-07-10 20:01:47,757 - ADV_Generation_eps_4.0_steps_100_Purification_type_noisy_anchor_anchors_10_alpha_1.2_sigma_0.06_threshold_0.0 - INFO - Batch 32/106: Clean orig accuracy 0.5586 | Clean purify accuracy 0.5156 | Adv orig accuracy: 0.3672 | Adv purify accuracy: 0.3750
2025-07-10 20:01:47,766 - ADV_Generation_eps_4.0_steps_100_Purification_type_noisy_anchor_anchors_10_alpha_1.2_sigma_0.06_threshold_0.0 - INFO - Batch:[32] Adversarial images for this batch already exist
2025-07-10 20:01:51,343 - ADV_Generation_eps_4.0_steps_100_Purification_type_noisy_anchor_anchors_10_alpha_1.2_sigma_0.06_threshold_0.0 - INFO - Batch 33/106: Clean orig accuracy 0.5511 | Clean purify accuracy 0.5114 | Adv orig accuracy: 0.3598 | Adv purify accuracy: 0.3674
2025-07-10 20:01:51,353 - ADV_Generation_eps_4.0_steps_100_Purification_type_noisy_anchor_anchors_10_alpha_1.2_sigma_0.06_threshold_0.0 - INFO - Batch:[33] Adversarial images for this batch already exist
2025-07-10 20:01:54,857 - ADV_Generation_eps_4.0_steps_100_Purification_type_noisy_anchor_anchors_10_alpha_1.2_sigma_0.06_threshold_0.0 - INFO - Batch 34/106: Clean orig accuracy 0.5460 | Clean purify accuracy 0.5037 | Adv orig accuracy: 0.3529 | Adv purify accuracy: 0.3621
2025-07-10 20:01:54,866 - ADV_Generation_eps_4.0_steps_100_Purification_type_noisy_anchor_anchors_10_alpha_1.2_sigma_0.06_threshold_0.0 - INFO - Batch:[34] Adversarial images for this batch already exist
2025-07-10 20:01:58,373 - ADV_Generation_eps_4.0_steps_100_Purification_type_noisy_anchor_anchors_10_alpha_1.2_sigma_0.06_threshold_0.0 - INFO - Batch 35/106: Clean orig accuracy 0.5304 | Clean purify accuracy 0.4893 | Adv orig accuracy: 0.3429 | Adv purify accuracy: 0.3518
2025-07-10 20:01:58,383 - ADV_Generation_eps_4.0_steps_100_Purification_type_noisy_anchor_anchors_10_alpha_1.2_sigma_0.06_threshold_0.0 - INFO - Batch:[35] Adversarial images for this batch already exist
2025-07-10 20:02:01,916 - ADV_Generation_eps_4.0_steps_100_Purification_type_noisy_anchor_anchors_10_alpha_1.2_sigma_0.06_threshold_0.0 - INFO - Batch 36/106: Clean orig accuracy 0.5156 | Clean purify accuracy 0.4757 | Adv orig accuracy: 0.3333 | Adv purify accuracy: 0.3420
2025-07-10 20:02:01,926 - ADV_Generation_eps_4.0_steps_100_Purification_type_noisy_anchor_anchors_10_alpha_1.2_sigma_0.06_threshold_0.0 - INFO - Batch:[36] Adversarial images for this batch already exist
2025-07-10 20:02:05,479 - ADV_Generation_eps_4.0_steps_100_Purification_type_noisy_anchor_anchors_10_alpha_1.2_sigma_0.06_threshold_0.0 - INFO - Batch 37/106: Clean orig accuracy 0.5135 | Clean purify accuracy 0.4730 | Adv orig accuracy: 0.3345 | Adv purify accuracy: 0.3429
2025-07-10 20:02:05,488 - ADV_Generation_eps_4.0_steps_100_Purification_type_noisy_anchor_anchors_10_alpha_1.2_sigma_0.06_threshold_0.0 - INFO - Batch:[37] Adversarial images for this batch already exist
2025-07-10 20:02:08,982 - ADV_Generation_eps_4.0_steps_100_Purification_type_noisy_anchor_anchors_10_alpha_1.2_sigma_0.06_threshold_0.0 - INFO - Batch 38/106: Clean orig accuracy 0.5132 | Clean purify accuracy 0.4737 | Adv orig accuracy: 0.3388 | Adv purify accuracy: 0.3438
2025-07-10 20:02:08,991 - ADV_Generation_eps_4.0_steps_100_Purification_type_noisy_anchor_anchors_10_alpha_1.2_sigma_0.06_threshold_0.0 - INFO - Batch:[38] Adversarial images for this batch already exist
2025-07-10 20:02:12,561 - ADV_Generation_eps_4.0_steps_100_Purification_type_noisy_anchor_anchors_10_alpha_1.2_sigma_0.06_threshold_0.0 - INFO - Batch 39/106: Clean orig accuracy 0.5176 | Clean purify accuracy 0.4728 | Adv orig accuracy: 0.3397 | Adv purify accuracy: 0.3429
2025-07-10 20:02:12,571 - ADV_Generation_eps_4.0_steps_100_Purification_type_noisy_anchor_anchors_10_alpha_1.2_sigma_0.06_threshold_0.0 - INFO - Batch:[39] Adversarial images for this batch already exist
2025-07-10 20:02:16,085 - ADV_Generation_eps_4.0_steps_100_Purification_type_noisy_anchor_anchors_10_alpha_1.2_sigma_0.06_threshold_0.0 - INFO - Batch 40/106: Clean orig accuracy 0.5219 | Clean purify accuracy 0.4734 | Adv orig accuracy: 0.3453 | Adv purify accuracy: 0.3453
2025-07-10 20:02:16,094 - ADV_Generation_eps_4.0_steps_100_Purification_type_noisy_anchor_anchors_10_alpha_1.2_sigma_0.06_threshold_0.0 - INFO - Batch:[40] Adversarial images for this batch already exist
2025-07-10 20:02:19,685 - ADV_Generation_eps_4.0_steps_100_Purification_type_noisy_anchor_anchors_10_alpha_1.2_sigma_0.06_threshold_0.0 - INFO - Batch 41/106: Clean orig accuracy 0.5213 | Clean purify accuracy 0.4710 | Adv orig accuracy: 0.3430 | Adv purify accuracy: 0.3430
2025-07-10 20:02:19,694 - ADV_Generation_eps_4.0_steps_100_Purification_type_noisy_anchor_anchors_10_alpha_1.2_sigma_0.06_threshold_0.0 - INFO - Batch:[41] Adversarial images for this batch already exist
2025-07-10 20:02:23,207 - ADV_Generation_eps_4.0_steps_100_Purification_type_noisy_anchor_anchors_10_alpha_1.2_sigma_0.06_threshold_0.0 - INFO - Batch 42/106: Clean orig accuracy 0.5179 | Clean purify accuracy 0.4688 | Adv orig accuracy: 0.3423 | Adv purify accuracy: 0.3408
2025-07-10 20:02:23,216 - ADV_Generation_eps_4.0_steps_100_Purification_type_noisy_anchor_anchors_10_alpha_1.2_sigma_0.06_threshold_0.0 - INFO - Batch:[42] Adversarial images for this batch already exist
2025-07-10 20:02:26,666 - ADV_Generation_eps_4.0_steps_100_Purification_type_noisy_anchor_anchors_10_alpha_1.2_sigma_0.06_threshold_0.0 - INFO - Batch 43/106: Clean orig accuracy 0.5174 | Clean purify accuracy 0.4680 | Adv orig accuracy: 0.3445 | Adv purify accuracy: 0.3416
2025-07-10 20:02:26,675 - ADV_Generation_eps_4.0_steps_100_Purification_type_noisy_anchor_anchors_10_alpha_1.2_sigma_0.06_threshold_0.0 - INFO - Batch:[43] Adversarial images for this batch already exist
2025-07-10 20:02:30,191 - ADV_Generation_eps_4.0_steps_100_Purification_type_noisy_anchor_anchors_10_alpha_1.2_sigma_0.06_threshold_0.0 - INFO - Batch 44/106: Clean orig accuracy 0.5156 | Clean purify accuracy 0.4659 | Adv orig accuracy: 0.3409 | Adv purify accuracy: 0.3381
2025-07-10 20:02:30,200 - ADV_Generation_eps_4.0_steps_100_Purification_type_noisy_anchor_anchors_10_alpha_1.2_sigma_0.06_threshold_0.0 - INFO - Batch:[44] Adversarial images for this batch already exist
2025-07-10 20:02:33,836 - ADV_Generation_eps_4.0_steps_100_Purification_type_noisy_anchor_anchors_10_alpha_1.2_sigma_0.06_threshold_0.0 - INFO - Batch 45/106: Clean orig accuracy 0.5153 | Clean purify accuracy 0.4694 | Adv orig accuracy: 0.3403 | Adv purify accuracy: 0.3375
2025-07-10 20:02:33,846 - ADV_Generation_eps_4.0_steps_100_Purification_type_noisy_anchor_anchors_10_alpha_1.2_sigma_0.06_threshold_0.0 - INFO - Batch:[45] Adversarial images for this batch already exist
2025-07-10 20:02:37,375 - ADV_Generation_eps_4.0_steps_100_Purification_type_noisy_anchor_anchors_10_alpha_1.2_sigma_0.06_threshold_0.0 - INFO - Batch 46/106: Clean orig accuracy 0.5149 | Clean purify accuracy 0.4701 | Adv orig accuracy: 0.3383 | Adv purify accuracy: 0.3342
2025-07-10 20:02:37,385 - ADV_Generation_eps_4.0_steps_100_Purification_type_noisy_anchor_anchors_10_alpha_1.2_sigma_0.06_threshold_0.0 - INFO - Batch:[46] Adversarial images for this batch already exist
2025-07-10 20:02:41,022 - ADV_Generation_eps_4.0_steps_100_Purification_type_noisy_anchor_anchors_10_alpha_1.2_sigma_0.06_threshold_0.0 - INFO - Batch 47/106: Clean orig accuracy 0.5199 | Clean purify accuracy 0.4734 | Adv orig accuracy: 0.3431 | Adv purify accuracy: 0.3364
2025-07-10 20:02:41,031 - ADV_Generation_eps_4.0_steps_100_Purification_type_noisy_anchor_anchors_10_alpha_1.2_sigma_0.06_threshold_0.0 - INFO - Batch:[47] Adversarial images for this batch already exist
2025-07-10 20:02:44,640 - ADV_Generation_eps_4.0_steps_100_Purification_type_noisy_anchor_anchors_10_alpha_1.2_sigma_0.06_threshold_0.0 - INFO - Batch 48/106: Clean orig accuracy 0.5260 | Clean purify accuracy 0.4805 | Adv orig accuracy: 0.3529 | Adv purify accuracy: 0.3411
2025-07-10 20:02:44,664 - ADV_Generation_eps_4.0_steps_100_Purification_type_noisy_anchor_anchors_10_alpha_1.2_sigma_0.06_threshold_0.0 - INFO - Batch:[48] Adversarial images for this batch already exist
2025-07-10 20:02:48,256 - ADV_Generation_eps_4.0_steps_100_Purification_type_noisy_anchor_anchors_10_alpha_1.2_sigma_0.06_threshold_0.0 - INFO - Batch 49/106: Clean orig accuracy 0.5357 | Clean purify accuracy 0.4872 | Adv orig accuracy: 0.3622 | Adv purify accuracy: 0.3495
2025-07-10 20:02:48,265 - ADV_Generation_eps_4.0_steps_100_Purification_type_noisy_anchor_anchors_10_alpha_1.2_sigma_0.06_threshold_0.0 - INFO - Batch:[49] Adversarial images for this batch already exist
2025-07-10 20:02:51,822 - ADV_Generation_eps_4.0_steps_100_Purification_type_noisy_anchor_anchors_10_alpha_1.2_sigma_0.06_threshold_0.0 - INFO - Batch 50/106: Clean orig accuracy 0.5350 | Clean purify accuracy 0.4850 | Adv orig accuracy: 0.3625 | Adv purify accuracy: 0.3463
2025-07-10 20:02:51,832 - ADV_Generation_eps_4.0_steps_100_Purification_type_noisy_anchor_anchors_10_alpha_1.2_sigma_0.06_threshold_0.0 - INFO - Batch:[50] Adversarial images for this batch already exist
2025-07-10 20:02:55,404 - ADV_Generation_eps_4.0_steps_100_Purification_type_noisy_anchor_anchors_10_alpha_1.2_sigma_0.06_threshold_0.0 - INFO - Batch 51/106: Clean orig accuracy 0.5306 | Clean purify accuracy 0.4804 | Adv orig accuracy: 0.3603 | Adv purify accuracy: 0.3431
2025-07-10 20:02:55,416 - ADV_Generation_eps_4.0_steps_100_Purification_type_noisy_anchor_anchors_10_alpha_1.2_sigma_0.06_threshold_0.0 - INFO - Batch:[51] Adversarial images for this batch already exist
2025-07-10 20:02:58,974 - ADV_Generation_eps_4.0_steps_100_Purification_type_noisy_anchor_anchors_10_alpha_1.2_sigma_0.06_threshold_0.0 - INFO - Batch 52/106: Clean orig accuracy 0.5252 | Clean purify accuracy 0.4748 | Adv orig accuracy: 0.3558 | Adv purify accuracy: 0.3377
2025-07-10 20:02:58,984 - ADV_Generation_eps_4.0_steps_100_Purification_type_noisy_anchor_anchors_10_alpha_1.2_sigma_0.06_threshold_0.0 - INFO - Batch:[52] Adversarial images for this batch already exist
2025-07-10 20:03:02,569 - ADV_Generation_eps_4.0_steps_100_Purification_type_noisy_anchor_anchors_10_alpha_1.2_sigma_0.06_threshold_0.0 - INFO - Batch 53/106: Clean orig accuracy 0.5283 | Clean purify accuracy 0.4752 | Adv orig accuracy: 0.3526 | Adv purify accuracy: 0.3384
2025-07-10 20:03:02,578 - ADV_Generation_eps_4.0_steps_100_Purification_type_noisy_anchor_anchors_10_alpha_1.2_sigma_0.06_threshold_0.0 - INFO - Batch:[53] Adversarial images for this batch already exist
2025-07-10 20:03:06,154 - ADV_Generation_eps_4.0_steps_100_Purification_type_noisy_anchor_anchors_10_alpha_1.2_sigma_0.06_threshold_0.0 - INFO - Batch 54/106: Clean orig accuracy 0.5324 | Clean purify accuracy 0.4792 | Adv orig accuracy: 0.3542 | Adv purify accuracy: 0.3380
2025-07-10 20:03:06,163 - ADV_Generation_eps_4.0_steps_100_Purification_type_noisy_anchor_anchors_10_alpha_1.2_sigma_0.06_threshold_0.0 - INFO - Batch:[54] Adversarial images for this batch already exist
2025-07-10 20:03:09,665 - ADV_Generation_eps_4.0_steps_100_Purification_type_noisy_anchor_anchors_10_alpha_1.2_sigma_0.06_threshold_0.0 - INFO - Batch 55/106: Clean orig accuracy 0.5227 | Clean purify accuracy 0.4705 | Adv orig accuracy: 0.3477 | Adv purify accuracy: 0.3318
2025-07-10 20:03:09,675 - ADV_Generation_eps_4.0_steps_100_Purification_type_noisy_anchor_anchors_10_alpha_1.2_sigma_0.06_threshold_0.0 - INFO - Batch:[55] Adversarial images for this batch already exist
2025-07-10 20:03:13,225 - ADV_Generation_eps_4.0_steps_100_Purification_type_noisy_anchor_anchors_10_alpha_1.2_sigma_0.06_threshold_0.0 - INFO - Batch 56/106: Clean orig accuracy 0.5134 | Clean purify accuracy 0.4621 | Adv orig accuracy: 0.3415 | Adv purify accuracy: 0.3259
2025-07-10 20:03:13,234 - ADV_Generation_eps_4.0_steps_100_Purification_type_noisy_anchor_anchors_10_alpha_1.2_sigma_0.06_threshold_0.0 - INFO - Batch:[56] Adversarial images for this batch already exist
2025-07-10 20:03:16,875 - ADV_Generation_eps_4.0_steps_100_Purification_type_noisy_anchor_anchors_10_alpha_1.2_sigma_0.06_threshold_0.0 - INFO - Batch 57/106: Clean orig accuracy 0.5121 | Clean purify accuracy 0.4616 | Adv orig accuracy: 0.3432 | Adv purify accuracy: 0.3279
2025-07-10 20:03:16,887 - ADV_Generation_eps_4.0_steps_100_Purification_type_noisy_anchor_anchors_10_alpha_1.2_sigma_0.06_threshold_0.0 - INFO - Batch:[57] Adversarial images for this batch already exist
2025-07-10 20:03:20,417 - ADV_Generation_eps_4.0_steps_100_Purification_type_noisy_anchor_anchors_10_alpha_1.2_sigma_0.06_threshold_0.0 - INFO - Batch 58/106: Clean orig accuracy 0.5172 | Clean purify accuracy 0.4677 | Adv orig accuracy: 0.3502 | Adv purify accuracy: 0.3351
2025-07-10 20:03:20,426 - ADV_Generation_eps_4.0_steps_100_Purification_type_noisy_anchor_anchors_10_alpha_1.2_sigma_0.06_threshold_0.0 - INFO - Batch:[58] Adversarial images for this batch already exist
2025-07-10 20:03:24,049 - ADV_Generation_eps_4.0_steps_100_Purification_type_noisy_anchor_anchors_10_alpha_1.2_sigma_0.06_threshold_0.0 - INFO - Batch 59/106: Clean orig accuracy 0.5212 | Clean purify accuracy 0.4725 | Adv orig accuracy: 0.3570 | Adv purify accuracy: 0.3422
2025-07-10 20:03:24,058 - ADV_Generation_eps_4.0_steps_100_Purification_type_noisy_anchor_anchors_10_alpha_1.2_sigma_0.06_threshold_0.0 - INFO - Batch:[59] Adversarial images for this batch already exist
2025-07-10 20:03:27,673 - ADV_Generation_eps_4.0_steps_100_Purification_type_noisy_anchor_anchors_10_alpha_1.2_sigma_0.06_threshold_0.0 - INFO - Batch 60/106: Clean orig accuracy 0.5292 | Clean purify accuracy 0.4813 | Adv orig accuracy: 0.3667 | Adv purify accuracy: 0.3531
2025-07-10 20:03:27,684 - ADV_Generation_eps_4.0_steps_100_Purification_type_noisy_anchor_anchors_10_alpha_1.2_sigma_0.06_threshold_0.0 - INFO - Batch:[60] Adversarial images for this batch already exist
2025-07-10 20:03:31,274 - ADV_Generation_eps_4.0_steps_100_Purification_type_noisy_anchor_anchors_10_alpha_1.2_sigma_0.06_threshold_0.0 - INFO - Batch 61/106: Clean orig accuracy 0.5369 | Clean purify accuracy 0.4887 | Adv orig accuracy: 0.3760 | Adv purify accuracy: 0.3627
2025-07-10 20:03:31,284 - ADV_Generation_eps_4.0_steps_100_Purification_type_noisy_anchor_anchors_10_alpha_1.2_sigma_0.06_threshold_0.0 - INFO - Batch:[61] Adversarial images for this batch already exist
2025-07-10 20:03:34,835 - ADV_Generation_eps_4.0_steps_100_Purification_type_noisy_anchor_anchors_10_alpha_1.2_sigma_0.06_threshold_0.0 - INFO - Batch 62/106: Clean orig accuracy 0.5433 | Clean purify accuracy 0.4929 | Adv orig accuracy: 0.3821 | Adv purify accuracy: 0.3669
2025-07-10 20:03:34,845 - ADV_Generation_eps_4.0_steps_100_Purification_type_noisy_anchor_anchors_10_alpha_1.2_sigma_0.06_threshold_0.0 - INFO - Batch:[62] Adversarial images for this batch already exist
2025-07-10 20:03:38,463 - ADV_Generation_eps_4.0_steps_100_Purification_type_noisy_anchor_anchors_10_alpha_1.2_sigma_0.06_threshold_0.0 - INFO - Batch 63/106: Clean orig accuracy 0.5506 | Clean purify accuracy 0.5000 | Adv orig accuracy: 0.3889 | Adv purify accuracy: 0.3730
2025-07-10 20:03:38,472 - ADV_Generation_eps_4.0_steps_100_Purification_type_noisy_anchor_anchors_10_alpha_1.2_sigma_0.06_threshold_0.0 - INFO - Batch:[63] Adversarial images for this batch already exist
2025-07-10 20:03:42,014 - ADV_Generation_eps_4.0_steps_100_Purification_type_noisy_anchor_anchors_10_alpha_1.2_sigma_0.06_threshold_0.0 - INFO - Batch 64/106: Clean orig accuracy 0.5430 | Clean purify accuracy 0.4932 | Adv orig accuracy: 0.3828 | Adv purify accuracy: 0.3672
2025-07-10 20:03:42,023 - ADV_Generation_eps_4.0_steps_100_Purification_type_noisy_anchor_anchors_10_alpha_1.2_sigma_0.06_threshold_0.0 - INFO - Batch:[64] Adversarial images for this batch already exist
2025-07-10 20:03:45,552 - ADV_Generation_eps_4.0_steps_100_Purification_type_noisy_anchor_anchors_10_alpha_1.2_sigma_0.06_threshold_0.0 - INFO - Batch 65/106: Clean orig accuracy 0.5385 | Clean purify accuracy 0.4885 | Adv orig accuracy: 0.3779 | Adv purify accuracy: 0.3625
2025-07-10 20:03:45,638 - ADV_Generation_eps_4.0_steps_100_Purification_type_noisy_anchor_anchors_10_alpha_1.2_sigma_0.06_threshold_0.0 - INFO - Batch:[65] Adversarial images for this batch already exist
2025-07-10 20:03:49,240 - ADV_Generation_eps_4.0_steps_100_Purification_type_noisy_anchor_anchors_10_alpha_1.2_sigma_0.06_threshold_0.0 - INFO - Batch 66/106: Clean orig accuracy 0.5398 | Clean purify accuracy 0.4896 | Adv orig accuracy: 0.3807 | Adv purify accuracy: 0.3646
2025-07-10 20:03:49,249 - ADV_Generation_eps_4.0_steps_100_Purification_type_noisy_anchor_anchors_10_alpha_1.2_sigma_0.06_threshold_0.0 - INFO - Batch:[66] Adversarial images for this batch already exist
2025-07-10 20:03:52,732 - ADV_Generation_eps_4.0_steps_100_Purification_type_noisy_anchor_anchors_10_alpha_1.2_sigma_0.06_threshold_0.0 - INFO - Batch 67/106: Clean orig accuracy 0.5438 | Clean purify accuracy 0.4944 | Adv orig accuracy: 0.3871 | Adv purify accuracy: 0.3713
2025-07-10 20:03:52,742 - ADV_Generation_eps_4.0_steps_100_Purification_type_noisy_anchor_anchors_10_alpha_1.2_sigma_0.06_threshold_0.0 - INFO - Batch:[67] Adversarial images for this batch already exist
2025-07-10 20:03:56,363 - ADV_Generation_eps_4.0_steps_100_Purification_type_noisy_anchor_anchors_10_alpha_1.2_sigma_0.06_threshold_0.0 - INFO - Batch 68/106: Clean orig accuracy 0.5478 | Clean purify accuracy 0.4991 | Adv orig accuracy: 0.3925 | Adv purify accuracy: 0.3732
2025-07-10 20:03:56,372 - ADV_Generation_eps_4.0_steps_100_Purification_type_noisy_anchor_anchors_10_alpha_1.2_sigma_0.06_threshold_0.0 - INFO - Batch:[68] Adversarial images for this batch already exist
2025-07-10 20:03:59,970 - ADV_Generation_eps_4.0_steps_100_Purification_type_noisy_anchor_anchors_10_alpha_1.2_sigma_0.06_threshold_0.0 - INFO - Batch 69/106: Clean orig accuracy 0.5480 | Clean purify accuracy 0.4991 | Adv orig accuracy: 0.3949 | Adv purify accuracy: 0.3741
2025-07-10 20:03:59,979 - ADV_Generation_eps_4.0_steps_100_Purification_type_noisy_anchor_anchors_10_alpha_1.2_sigma_0.06_threshold_0.0 - INFO - Batch:[69] Adversarial images for this batch already exist
2025-07-10 20:04:03,485 - ADV_Generation_eps_4.0_steps_100_Purification_type_noisy_anchor_anchors_10_alpha_1.2_sigma_0.06_threshold_0.0 - INFO - Batch 70/106: Clean orig accuracy 0.5509 | Clean purify accuracy 0.5018 | Adv orig accuracy: 0.3973 | Adv purify accuracy: 0.3750
2025-07-10 20:04:03,497 - ADV_Generation_eps_4.0_steps_100_Purification_type_noisy_anchor_anchors_10_alpha_1.2_sigma_0.06_threshold_0.0 - INFO - Batch:[70] Adversarial images for this batch already exist
2025-07-10 20:04:07,049 - ADV_Generation_eps_4.0_steps_100_Purification_type_noisy_anchor_anchors_10_alpha_1.2_sigma_0.06_threshold_0.0 - INFO - Batch 71/106: Clean orig accuracy 0.5528 | Clean purify accuracy 0.5018 | Adv orig accuracy: 0.3935 | Adv purify accuracy: 0.3724
2025-07-10 20:04:07,060 - ADV_Generation_eps_4.0_steps_100_Purification_type_noisy_anchor_anchors_10_alpha_1.2_sigma_0.06_threshold_0.0 - INFO - Batch:[71] Adversarial images for this batch already exist
2025-07-10 20:04:10,613 - ADV_Generation_eps_4.0_steps_100_Purification_type_noisy_anchor_anchors_10_alpha_1.2_sigma_0.06_threshold_0.0 - INFO - Batch 72/106: Clean orig accuracy 0.5495 | Clean purify accuracy 0.4983 | Adv orig accuracy: 0.3906 | Adv purify accuracy: 0.3681
2025-07-10 20:04:10,622 - ADV_Generation_eps_4.0_steps_100_Purification_type_noisy_anchor_anchors_10_alpha_1.2_sigma_0.06_threshold_0.0 - INFO - Batch:[72] Adversarial images for this batch already exist
2025-07-10 20:04:14,132 - ADV_Generation_eps_4.0_steps_100_Purification_type_noisy_anchor_anchors_10_alpha_1.2_sigma_0.06_threshold_0.0 - INFO - Batch 73/106: Clean orig accuracy 0.5557 | Clean purify accuracy 0.5034 | Adv orig accuracy: 0.3964 | Adv purify accuracy: 0.3733
2025-07-10 20:04:14,142 - ADV_Generation_eps_4.0_steps_100_Purification_type_noisy_anchor_anchors_10_alpha_1.2_sigma_0.06_threshold_0.0 - INFO - Batch:[73] Adversarial images for this batch already exist
2025-07-10 20:04:17,675 - ADV_Generation_eps_4.0_steps_100_Purification_type_noisy_anchor_anchors_10_alpha_1.2_sigma_0.06_threshold_0.0 - INFO - Batch 74/106: Clean orig accuracy 0.5617 | Clean purify accuracy 0.5101 | Adv orig accuracy: 0.4029 | Adv purify accuracy: 0.3801
2025-07-10 20:04:17,686 - ADV_Generation_eps_4.0_steps_100_Purification_type_noisy_anchor_anchors_10_alpha_1.2_sigma_0.06_threshold_0.0 - INFO - Batch:[74] Adversarial images for this batch already exist
2025-07-10 20:04:21,176 - ADV_Generation_eps_4.0_steps_100_Purification_type_noisy_anchor_anchors_10_alpha_1.2_sigma_0.06_threshold_0.0 - INFO - Batch 75/106: Clean orig accuracy 0.5667 | Clean purify accuracy 0.5158 | Adv orig accuracy: 0.4042 | Adv purify accuracy: 0.3833
2025-07-10 20:04:21,185 - ADV_Generation_eps_4.0_steps_100_Purification_type_noisy_anchor_anchors_10_alpha_1.2_sigma_0.06_threshold_0.0 - INFO - Batch:[75] Adversarial images for this batch already exist
2025-07-10 20:04:24,728 - ADV_Generation_eps_4.0_steps_100_Purification_type_noisy_anchor_anchors_10_alpha_1.2_sigma_0.06_threshold_0.0 - INFO - Batch 76/106: Clean orig accuracy 0.5699 | Clean purify accuracy 0.5189 | Adv orig accuracy: 0.4038 | Adv purify accuracy: 0.3840
2025-07-10 20:04:24,737 - ADV_Generation_eps_4.0_steps_100_Purification_type_noisy_anchor_anchors_10_alpha_1.2_sigma_0.06_threshold_0.0 - INFO - Batch:[76] Adversarial images for this batch already exist
2025-07-10 20:04:28,325 - ADV_Generation_eps_4.0_steps_100_Purification_type_noisy_anchor_anchors_10_alpha_1.2_sigma_0.06_threshold_0.0 - INFO - Batch 77/106: Clean orig accuracy 0.5682 | Clean purify accuracy 0.5154 | Adv orig accuracy: 0.4010 | Adv purify accuracy: 0.3807
2025-07-10 20:04:28,334 - ADV_Generation_eps_4.0_steps_100_Purification_type_noisy_anchor_anchors_10_alpha_1.2_sigma_0.06_threshold_0.0 - INFO - Batch:[77] Adversarial images for this batch already exist
2025-07-10 20:04:31,876 - ADV_Generation_eps_4.0_steps_100_Purification_type_noisy_anchor_anchors_10_alpha_1.2_sigma_0.06_threshold_0.0 - INFO - Batch 78/106: Clean orig accuracy 0.5665 | Clean purify accuracy 0.5152 | Adv orig accuracy: 0.3966 | Adv purify accuracy: 0.3774
2025-07-10 20:04:31,885 - ADV_Generation_eps_4.0_steps_100_Purification_type_noisy_anchor_anchors_10_alpha_1.2_sigma_0.06_threshold_0.0 - INFO - Batch:[78] Adversarial images for this batch already exist
2025-07-10 20:04:35,468 - ADV_Generation_eps_4.0_steps_100_Purification_type_noisy_anchor_anchors_10_alpha_1.2_sigma_0.06_threshold_0.0 - INFO - Batch 79/106: Clean orig accuracy 0.5649 | Clean purify accuracy 0.5142 | Adv orig accuracy: 0.3956 | Adv purify accuracy: 0.3766
2025-07-10 20:04:35,485 - ADV_Generation_eps_4.0_steps_100_Purification_type_noisy_anchor_anchors_10_alpha_1.2_sigma_0.06_threshold_0.0 - INFO - Batch:[79] Adversarial images for this batch already exist
2025-07-10 20:04:39,052 - ADV_Generation_eps_4.0_steps_100_Purification_type_noisy_anchor_anchors_10_alpha_1.2_sigma_0.06_threshold_0.0 - INFO - Batch 80/106: Clean orig accuracy 0.5656 | Clean purify accuracy 0.5156 | Adv orig accuracy: 0.3969 | Adv purify accuracy: 0.3781
2025-07-10 20:04:39,062 - ADV_Generation_eps_4.0_steps_100_Purification_type_noisy_anchor_anchors_10_alpha_1.2_sigma_0.06_threshold_0.0 - INFO - Batch:[80] Adversarial images for this batch already exist
2025-07-10 20:04:42,640 - ADV_Generation_eps_4.0_steps_100_Purification_type_noisy_anchor_anchors_10_alpha_1.2_sigma_0.06_threshold_0.0 - INFO - Batch 81/106: Clean orig accuracy 0.5664 | Clean purify accuracy 0.5170 | Adv orig accuracy: 0.3997 | Adv purify accuracy: 0.3812
2025-07-10 20:04:42,658 - ADV_Generation_eps_4.0_steps_100_Purification_type_noisy_anchor_anchors_10_alpha_1.2_sigma_0.06_threshold_0.0 - INFO - Batch:[81] Adversarial images for this batch already exist
2025-07-10 20:04:46,178 - ADV_Generation_eps_4.0_steps_100_Purification_type_noisy_anchor_anchors_10_alpha_1.2_sigma_0.06_threshold_0.0 - INFO - Batch 82/106: Clean orig accuracy 0.5663 | Clean purify accuracy 0.5183 | Adv orig accuracy: 0.4009 | Adv purify accuracy: 0.3826
2025-07-10 20:04:46,187 - ADV_Generation_eps_4.0_steps_100_Purification_type_noisy_anchor_anchors_10_alpha_1.2_sigma_0.06_threshold_0.0 - INFO - Batch:[82] Adversarial images for this batch already exist
2025-07-10 20:04:49,701 - ADV_Generation_eps_4.0_steps_100_Purification_type_noisy_anchor_anchors_10_alpha_1.2_sigma_0.06_threshold_0.0 - INFO - Batch 83/106: Clean orig accuracy 0.5640 | Clean purify accuracy 0.5158 | Adv orig accuracy: 0.3976 | Adv purify accuracy: 0.3795
2025-07-10 20:04:49,712 - ADV_Generation_eps_4.0_steps_100_Purification_type_noisy_anchor_anchors_10_alpha_1.2_sigma_0.06_threshold_0.0 - INFO - Batch:[83] Adversarial images for this batch already exist
2025-07-10 20:04:53,264 - ADV_Generation_eps_4.0_steps_100_Purification_type_noisy_anchor_anchors_10_alpha_1.2_sigma_0.06_threshold_0.0 - INFO - Batch 84/106: Clean orig accuracy 0.5595 | Clean purify accuracy 0.5119 | Adv orig accuracy: 0.3943 | Adv purify accuracy: 0.3757
2025-07-10 20:04:53,282 - ADV_Generation_eps_4.0_steps_100_Purification_type_noisy_anchor_anchors_10_alpha_1.2_sigma_0.06_threshold_0.0 - INFO - Batch:[84] Adversarial images for this batch already exist
2025-07-10 20:04:56,874 - ADV_Generation_eps_4.0_steps_100_Purification_type_noisy_anchor_anchors_10_alpha_1.2_sigma_0.06_threshold_0.0 - INFO - Batch 85/106: Clean orig accuracy 0.5529 | Clean purify accuracy 0.5066 | Adv orig accuracy: 0.3897 | Adv purify accuracy: 0.3713
2025-07-10 20:04:56,884 - ADV_Generation_eps_4.0_steps_100_Purification_type_noisy_anchor_anchors_10_alpha_1.2_sigma_0.06_threshold_0.0 - INFO - Batch:[85] Adversarial images for this batch already exist
2025-07-10 20:05:00,459 - ADV_Generation_eps_4.0_steps_100_Purification_type_noisy_anchor_anchors_10_alpha_1.2_sigma_0.06_threshold_0.0 - INFO - Batch 86/106: Clean orig accuracy 0.5480 | Clean purify accuracy 0.5022 | Adv orig accuracy: 0.3852 | Adv purify accuracy: 0.3677
2025-07-10 20:05:00,468 - ADV_Generation_eps_4.0_steps_100_Purification_type_noisy_anchor_anchors_10_alpha_1.2_sigma_0.06_threshold_0.0 - INFO - Batch:[86] Adversarial images for this batch already exist
2025-07-10 20:05:04,077 - ADV_Generation_eps_4.0_steps_100_Purification_type_noisy_anchor_anchors_10_alpha_1.2_sigma_0.06_threshold_0.0 - INFO - Batch 87/106: Clean orig accuracy 0.5424 | Clean purify accuracy 0.4978 | Adv orig accuracy: 0.3815 | Adv purify accuracy: 0.3642
2025-07-10 20:05:04,086 - ADV_Generation_eps_4.0_steps_100_Purification_type_noisy_anchor_anchors_10_alpha_1.2_sigma_0.06_threshold_0.0 - INFO - Batch:[87] Adversarial images for this batch already exist
2025-07-10 20:05:07,594 - ADV_Generation_eps_4.0_steps_100_Purification_type_noisy_anchor_anchors_10_alpha_1.2_sigma_0.06_threshold_0.0 - INFO - Batch 88/106: Clean orig accuracy 0.5398 | Clean purify accuracy 0.4957 | Adv orig accuracy: 0.3786 | Adv purify accuracy: 0.3622
2025-07-10 20:05:07,603 - ADV_Generation_eps_4.0_steps_100_Purification_type_noisy_anchor_anchors_10_alpha_1.2_sigma_0.06_threshold_0.0 - INFO - Batch:[88] Adversarial images for this batch already exist
2025-07-10 20:05:11,186 - ADV_Generation_eps_4.0_steps_100_Purification_type_noisy_anchor_anchors_10_alpha_1.2_sigma_0.06_threshold_0.0 - INFO - Batch 89/106: Clean orig accuracy 0.5421 | Clean purify accuracy 0.4993 | Adv orig accuracy: 0.3820 | Adv purify accuracy: 0.3659
2025-07-10 20:05:11,196 - ADV_Generation_eps_4.0_steps_100_Purification_type_noisy_anchor_anchors_10_alpha_1.2_sigma_0.06_threshold_0.0 - INFO - Batch:[89] Adversarial images for this batch already exist
2025-07-10 20:05:14,802 - ADV_Generation_eps_4.0_steps_100_Purification_type_noisy_anchor_anchors_10_alpha_1.2_sigma_0.06_threshold_0.0 - INFO - Batch 90/106: Clean orig accuracy 0.5444 | Clean purify accuracy 0.5021 | Adv orig accuracy: 0.3854 | Adv purify accuracy: 0.3694
2025-07-10 20:05:14,812 - ADV_Generation_eps_4.0_steps_100_Purification_type_noisy_anchor_anchors_10_alpha_1.2_sigma_0.06_threshold_0.0 - INFO - Batch:[90] Adversarial images for this batch already exist
2025-07-10 20:05:18,401 - ADV_Generation_eps_4.0_steps_100_Purification_type_noisy_anchor_anchors_10_alpha_1.2_sigma_0.06_threshold_0.0 - INFO - Batch 91/106: Clean orig accuracy 0.5474 | Clean purify accuracy 0.5048 | Adv orig accuracy: 0.3894 | Adv purify accuracy: 0.3736
2025-07-10 20:05:18,411 - ADV_Generation_eps_4.0_steps_100_Purification_type_noisy_anchor_anchors_10_alpha_1.2_sigma_0.06_threshold_0.0 - INFO - Batch:[91] Adversarial images for this batch already exist
2025-07-10 20:05:22,087 - ADV_Generation_eps_4.0_steps_100_Purification_type_noisy_anchor_anchors_10_alpha_1.2_sigma_0.06_threshold_0.0 - INFO - Batch 92/106: Clean orig accuracy 0.5510 | Clean purify accuracy 0.5082 | Adv orig accuracy: 0.3933 | Adv purify accuracy: 0.3784
2025-07-10 20:05:22,097 - ADV_Generation_eps_4.0_steps_100_Purification_type_noisy_anchor_anchors_10_alpha_1.2_sigma_0.06_threshold_0.0 - INFO - Batch:[92] Adversarial images for this batch already exist
2025-07-10 20:05:25,580 - ADV_Generation_eps_4.0_steps_100_Purification_type_noisy_anchor_anchors_10_alpha_1.2_sigma_0.06_threshold_0.0 - INFO - Batch 93/106: Clean orig accuracy 0.5524 | Clean purify accuracy 0.5081 | Adv orig accuracy: 0.3945 | Adv purify accuracy: 0.3797
2025-07-10 20:05:25,589 - ADV_Generation_eps_4.0_steps_100_Purification_type_noisy_anchor_anchors_10_alpha_1.2_sigma_0.06_threshold_0.0 - INFO - Batch:[93] Adversarial images for this batch already exist
2025-07-10 20:05:29,164 - ADV_Generation_eps_4.0_steps_100_Purification_type_noisy_anchor_anchors_10_alpha_1.2_sigma_0.06_threshold_0.0 - INFO - Batch 94/106: Clean orig accuracy 0.5539 | Clean purify accuracy 0.5080 | Adv orig accuracy: 0.3943 | Adv purify accuracy: 0.3797
2025-07-10 20:05:29,174 - ADV_Generation_eps_4.0_steps_100_Purification_type_noisy_anchor_anchors_10_alpha_1.2_sigma_0.06_threshold_0.0 - INFO - Batch:[94] Adversarial images for this batch already exist
2025-07-10 20:05:32,695 - ADV_Generation_eps_4.0_steps_100_Purification_type_noisy_anchor_anchors_10_alpha_1.2_sigma_0.06_threshold_0.0 - INFO - Batch 95/106: Clean orig accuracy 0.5559 | Clean purify accuracy 0.5105 | Adv orig accuracy: 0.3961 | Adv purify accuracy: 0.3822
2025-07-10 20:05:32,705 - ADV_Generation_eps_4.0_steps_100_Purification_type_noisy_anchor_anchors_10_alpha_1.2_sigma_0.06_threshold_0.0 - INFO - Batch:[95] Adversarial images for this batch already exist
2025-07-10 20:05:36,197 - ADV_Generation_eps_4.0_steps_100_Purification_type_noisy_anchor_anchors_10_alpha_1.2_sigma_0.06_threshold_0.0 - INFO - Batch 96/106: Clean orig accuracy 0.5573 | Clean purify accuracy 0.5117 | Adv orig accuracy: 0.3965 | Adv purify accuracy: 0.3822
2025-07-10 20:05:36,206 - ADV_Generation_eps_4.0_steps_100_Purification_type_noisy_anchor_anchors_10_alpha_1.2_sigma_0.06_threshold_0.0 - INFO - Batch:[96] Adversarial images for this batch already exist
2025-07-10 20:05:39,692 - ADV_Generation_eps_4.0_steps_100_Purification_type_noisy_anchor_anchors_10_alpha_1.2_sigma_0.06_threshold_0.0 - INFO - Batch 97/106: Clean orig accuracy 0.5573 | Clean purify accuracy 0.5110 | Adv orig accuracy: 0.3950 | Adv purify accuracy: 0.3808
2025-07-10 20:05:39,701 - ADV_Generation_eps_4.0_steps_100_Purification_type_noisy_anchor_anchors_10_alpha_1.2_sigma_0.06_threshold_0.0 - INFO - Batch:[97] Adversarial images for this batch already exist
2025-07-10 20:05:43,237 - ADV_Generation_eps_4.0_steps_100_Purification_type_noisy_anchor_anchors_10_alpha_1.2_sigma_0.06_threshold_0.0 - INFO - Batch 98/106: Clean orig accuracy 0.5599 | Clean purify accuracy 0.5134 | Adv orig accuracy: 0.3986 | Adv purify accuracy: 0.3820
2025-07-10 20:05:43,246 - ADV_Generation_eps_4.0_steps_100_Purification_type_noisy_anchor_anchors_10_alpha_1.2_sigma_0.06_threshold_0.0 - INFO - Batch:[98] Adversarial images for this batch already exist
2025-07-10 20:05:46,786 - ADV_Generation_eps_4.0_steps_100_Purification_type_noisy_anchor_anchors_10_alpha_1.2_sigma_0.06_threshold_0.0 - INFO - Batch 99/106: Clean orig accuracy 0.5619 | Clean purify accuracy 0.5158 | Adv orig accuracy: 0.4003 | Adv purify accuracy: 0.3826
2025-07-10 20:05:46,796 - ADV_Generation_eps_4.0_steps_100_Purification_type_noisy_anchor_anchors_10_alpha_1.2_sigma_0.06_threshold_0.0 - INFO - Batch:[99] Adversarial images for this batch already exist
2025-07-10 20:05:50,393 - ADV_Generation_eps_4.0_steps_100_Purification_type_noisy_anchor_anchors_10_alpha_1.2_sigma_0.06_threshold_0.0 - INFO - Batch 100/106: Clean orig accuracy 0.5656 | Clean purify accuracy 0.5206 | Adv orig accuracy: 0.4037 | Adv purify accuracy: 0.3862
2025-07-10 20:05:50,402 - ADV_Generation_eps_4.0_steps_100_Purification_type_noisy_anchor_anchors_10_alpha_1.2_sigma_0.06_threshold_0.0 - INFO - Batch:[100] Adversarial images for this batch already exist
2025-07-10 20:05:53,918 - ADV_Generation_eps_4.0_steps_100_Purification_type_noisy_anchor_anchors_10_alpha_1.2_sigma_0.06_threshold_0.0 - INFO - Batch 101/106: Clean orig accuracy 0.5662 | Clean purify accuracy 0.5223 | Adv orig accuracy: 0.4053 | Adv purify accuracy: 0.3886
2025-07-10 20:05:53,927 - ADV_Generation_eps_4.0_steps_100_Purification_type_noisy_anchor_anchors_10_alpha_1.2_sigma_0.06_threshold_0.0 - INFO - Batch:[101] Adversarial images for this batch already exist
2025-07-10 20:05:57,479 - ADV_Generation_eps_4.0_steps_100_Purification_type_noisy_anchor_anchors_10_alpha_1.2_sigma_0.06_threshold_0.0 - INFO - Batch 102/106: Clean orig accuracy 0.5650 | Clean purify accuracy 0.5184 | Adv orig accuracy: 0.4026 | Adv purify accuracy: 0.3854
2025-07-10 20:05:57,489 - ADV_Generation_eps_4.0_steps_100_Purification_type_noisy_anchor_anchors_10_alpha_1.2_sigma_0.06_threshold_0.0 - INFO - Batch:[102] Adversarial images for this batch already exist
2025-07-10 20:06:01,083 - ADV_Generation_eps_4.0_steps_100_Purification_type_noisy_anchor_anchors_10_alpha_1.2_sigma_0.06_threshold_0.0 - INFO - Batch 103/106: Clean orig accuracy 0.5655 | Clean purify accuracy 0.5176 | Adv orig accuracy: 0.4011 | Adv purify accuracy: 0.3841
2025-07-10 20:06:01,093 - ADV_Generation_eps_4.0_steps_100_Purification_type_noisy_anchor_anchors_10_alpha_1.2_sigma_0.06_threshold_0.0 - INFO - Batch:[103] Adversarial images for this batch already exist
2025-07-10 20:06:04,644 - ADV_Generation_eps_4.0_steps_100_Purification_type_noisy_anchor_anchors_10_alpha_1.2_sigma_0.06_threshold_0.0 - INFO - Batch 104/106: Clean orig accuracy 0.5655 | Clean purify accuracy 0.5168 | Adv orig accuracy: 0.4014 | Adv purify accuracy: 0.3834
2025-07-10 20:06:04,653 - ADV_Generation_eps_4.0_steps_100_Purification_type_noisy_anchor_anchors_10_alpha_1.2_sigma_0.06_threshold_0.0 - INFO - Batch:[104] Adversarial images for this batch already exist
2025-07-10 20:06:08,114 - ADV_Generation_eps_4.0_steps_100_Purification_type_noisy_anchor_anchors_10_alpha_1.2_sigma_0.06_threshold_0.0 - INFO - Batch 105/106: Clean orig accuracy 0.5690 | Clean purify accuracy 0.5208 | Adv orig accuracy: 0.4065 | Adv purify accuracy: 0.3875
2025-07-10 20:06:08,123 - ADV_Generation_eps_4.0_steps_100_Purification_type_noisy_anchor_anchors_10_alpha_1.2_sigma_0.06_threshold_0.0 - INFO - Batch:[105] Adversarial images for this batch already exist
2025-07-10 20:06:10,847 - ADV_Generation_eps_4.0_steps_100_Purification_type_noisy_anchor_anchors_10_alpha_1.2_sigma_0.06_threshold_0.0 - INFO - Batch 106/106: Clean orig accuracy 0.5721 | Clean purify accuracy 0.5236 | Adv orig accuracy: 0.4102 | Adv purify accuracy: 0.3913
2025-07-10 20:06:10,946 - ADV_Generation_eps_4.0_steps_100_Purification_type_noisy_anchor_anchors_10_alpha_1.2_sigma_0.06_threshold_0.0 - INFO - Final Clean orig accuracy: 0.5721 | Clean purify accuracy: 0.5236
2025-07-10 20:06:10,946 - ADV_Generation_eps_4.0_steps_100_Purification_type_noisy_anchor_anchors_10_alpha_1.2_sigma_0.06_threshold_0.0 - INFO - Final Adv orig accuracy: 0.4102 | Adv purify accuracy: 0.3913
2025-07-10 20:06:10,946 - ADV_Generation_eps_4.0_steps_100_Purification_type_noisy_anchor_anchors_10_alpha_1.2_sigma_0.06_threshold_0.0 - INFO - Diff_ratio_clean: 0.1349 | Diff_ratio_adv: 0.1388
2025-07-10 20:06:10,946 - ADV_Generation_eps_4.0_steps_100_Purification_type_noisy_anchor_anchors_10_alpha_1.2_sigma_0.06_threshold_0.0 - INFO - Adversarial image generation completed. Results
