2025-07-10 20:06:30,606 - ADV_Generation_eps_4.0_steps_100_Purification_type_noisy_anchor_anchors_10_alpha_1.2_sigma_0.06_threshold_0.0 - INFO - ==========================================
data:/leonardo_work/EUHPC_R04_192/fmohamma/Adversarial_Robust_Clip/atpt_data/downstream_datasets
test_sets:Flower102
dataset_mode:test
arch:fare4
resolution:224
workers:4
no_pin_memory:False
batch_size:64
adv_bs:16
print_freq:20
gpu:0
no_cudnn_benchmark:False
n_ctx:4
ctx_init:a_photo_of_a
seed:0
output_dir:/leonardo_work/EUHPC_R04_192/fmohamma/Adversarial_Robust_Clip/atpt_data/fare4/Flower102
log_output_dir:/leonardo_work/EUHPC_R04_192/fmohamma/Adversarial_Robust_Clip/ATPT/Purify_Results/fare4/Flower102
eps:4.0
alpha:1.0
alpha_eps_ratio:4.0
steps:100
counter_attack:False
counter_attack_type:pgd
counter_attack_steps:2
counter_attack_eps:4.0
counter_attack_alpha:1.0
counter_attack_tau_thres:0.2
counter_attack_beta:2.0
counter_attack_weighted_perturbations:True
pgd_clip_pure_i_text_embeddings:null
pgd_counter_and_clipure_i_lamda:1.0
image_feature_purify:True
image_feature_purify_type:noisy_anchor
image_feature_purify_noisy_anchors:10
image_feature_purify_anchors_alpha:1.2
image_feature_purify_noisy_sigma:0.06
image_feature_purify_diff_threshold:0.0
lr:0.005
selection_p:0.1
tta_steps:1
top_k:20
softmax_temp:0.01
load_tecoa:

2025-07-10 20:06:30,607 - ADV_Generation_eps_4.0_steps_100_Purification_type_noisy_anchor_anchors_10_alpha_1.2_sigma_0.06_threshold_0.0 - INFO - Use GPU: 0 for training
2025-07-10 20:07:33,018 - ADV_Generation_eps_4.0_steps_100_Purification_type_noisy_anchor_anchors_10_alpha_1.2_sigma_0.06_threshold_0.0 - INFO - => Model created: visual backbone fare4
2025-07-10 20:07:33,034 - ADV_Generation_eps_4.0_steps_100_Purification_type_noisy_anchor_anchors_10_alpha_1.2_sigma_0.06_threshold_0.0 - INFO - Number of test samples: 2463
2025-07-10 20:07:33,034 - ADV_Generation_eps_4.0_steps_100_Purification_type_noisy_anchor_anchors_10_alpha_1.2_sigma_0.06_threshold_0.0 - INFO - Evaluating dataset: Flower102
2025-07-10 20:07:33,035 - ADV_Generation_eps_4.0_steps_100_Purification_type_noisy_anchor_anchors_10_alpha_1.2_sigma_0.06_threshold_0.0 - INFO - Starting evaluation with batch size: 64, selection percentage: 0.1
2025-07-10 20:07:33,035 - ADV_Generation_eps_4.0_steps_100_Purification_type_noisy_anchor_anchors_10_alpha_1.2_sigma_0.06_threshold_0.0 - INFO - Using PGD attack with epsilon: 0.015686, alpha: 0.003922, steps: 100
2025-07-10 20:07:33,037 - ADV_Generation_eps_4.0_steps_100_Purification_type_noisy_anchor_anchors_10_alpha_1.2_sigma_0.06_threshold_0.0 - INFO - Using directory for adversarial images: /leonardo_work/EUHPC_R04_192/fmohamma/Adversarial_Robust_Clip/atpt_data/fare4/Flower102/adv_images_eps_4.0_alpha_1.0_steps_100
2025-07-10 20:07:33,714 - ADV_Generation_eps_4.0_steps_100_Purification_type_noisy_anchor_anchors_10_alpha_1.2_sigma_0.06_threshold_0.0 - INFO - Batch:[0] Adversarial images for this batch already exist
2025-07-10 20:07:38,577 - ADV_Generation_eps_4.0_steps_100_Purification_type_noisy_anchor_anchors_10_alpha_1.2_sigma_0.06_threshold_0.0 - INFO - Batch 1/154: Clean orig accuracy 0.8125 | Clean purify accuracy 0.9375 | Adv orig accuracy: 0.2500 | Adv purify accuracy: 0.3125
2025-07-10 20:07:38,634 - ADV_Generation_eps_4.0_steps_100_Purification_type_noisy_anchor_anchors_10_alpha_1.2_sigma_0.06_threshold_0.0 - INFO - Batch:[1] Adversarial images for this batch already exist
2025-07-10 20:07:42,382 - ADV_Generation_eps_4.0_steps_100_Purification_type_noisy_anchor_anchors_10_alpha_1.2_sigma_0.06_threshold_0.0 - INFO - Batch 2/154: Clean orig accuracy 0.7500 | Clean purify accuracy 0.8438 | Adv orig accuracy: 0.1875 | Adv purify accuracy: 0.2188
2025-07-10 20:07:42,403 - ADV_Generation_eps_4.0_steps_100_Purification_type_noisy_anchor_anchors_10_alpha_1.2_sigma_0.06_threshold_0.0 - INFO - Batch:[2] Adversarial images for this batch already exist
2025-07-10 20:07:46,159 - ADV_Generation_eps_4.0_steps_100_Purification_type_noisy_anchor_anchors_10_alpha_1.2_sigma_0.06_threshold_0.0 - INFO - Batch 3/154: Clean orig accuracy 0.8125 | Clean purify accuracy 0.8542 | Adv orig accuracy: 0.1875 | Adv purify accuracy: 0.2083
2025-07-10 20:07:46,168 - ADV_Generation_eps_4.0_steps_100_Purification_type_noisy_anchor_anchors_10_alpha_1.2_sigma_0.06_threshold_0.0 - INFO - Batch:[3] Adversarial images for this batch already exist
2025-07-10 20:07:49,918 - ADV_Generation_eps_4.0_steps_100_Purification_type_noisy_anchor_anchors_10_alpha_1.2_sigma_0.06_threshold_0.0 - INFO - Batch 4/154: Clean orig accuracy 0.8594 | Clean purify accuracy 0.8906 | Adv orig accuracy: 0.1875 | Adv purify accuracy: 0.2500
2025-07-10 20:07:49,980 - ADV_Generation_eps_4.0_steps_100_Purification_type_noisy_anchor_anchors_10_alpha_1.2_sigma_0.06_threshold_0.0 - INFO - Batch:[4] Adversarial images for this batch already exist
2025-07-10 20:07:53,745 - ADV_Generation_eps_4.0_steps_100_Purification_type_noisy_anchor_anchors_10_alpha_1.2_sigma_0.06_threshold_0.0 - INFO - Batch 5/154: Clean orig accuracy 0.8625 | Clean purify accuracy 0.8750 | Adv orig accuracy: 0.1875 | Adv purify accuracy: 0.2500
2025-07-10 20:07:53,776 - ADV_Generation_eps_4.0_steps_100_Purification_type_noisy_anchor_anchors_10_alpha_1.2_sigma_0.06_threshold_0.0 - INFO - Batch:[5] Adversarial images for this batch already exist
2025-07-10 20:07:57,573 - ADV_Generation_eps_4.0_steps_100_Purification_type_noisy_anchor_anchors_10_alpha_1.2_sigma_0.06_threshold_0.0 - INFO - Batch 6/154: Clean orig accuracy 0.8646 | Clean purify accuracy 0.8750 | Adv orig accuracy: 0.1667 | Adv purify accuracy: 0.2396
2025-07-10 20:07:57,582 - ADV_Generation_eps_4.0_steps_100_Purification_type_noisy_anchor_anchors_10_alpha_1.2_sigma_0.06_threshold_0.0 - INFO - Batch:[6] Adversarial images for this batch already exist
2025-07-10 20:08:01,337 - ADV_Generation_eps_4.0_steps_100_Purification_type_noisy_anchor_anchors_10_alpha_1.2_sigma_0.06_threshold_0.0 - INFO - Batch 7/154: Clean orig accuracy 0.8661 | Clean purify accuracy 0.8571 | Adv orig accuracy: 0.1607 | Adv purify accuracy: 0.2232
2025-07-10 20:08:01,346 - ADV_Generation_eps_4.0_steps_100_Purification_type_noisy_anchor_anchors_10_alpha_1.2_sigma_0.06_threshold_0.0 - INFO - Batch:[7] Adversarial images for this batch already exist
2025-07-10 20:08:05,188 - ADV_Generation_eps_4.0_steps_100_Purification_type_noisy_anchor_anchors_10_alpha_1.2_sigma_0.06_threshold_0.0 - INFO - Batch 8/154: Clean orig accuracy 0.8672 | Clean purify accuracy 0.8594 | Adv orig accuracy: 0.1719 | Adv purify accuracy: 0.2500
2025-07-10 20:08:05,198 - ADV_Generation_eps_4.0_steps_100_Purification_type_noisy_anchor_anchors_10_alpha_1.2_sigma_0.06_threshold_0.0 - INFO - Batch:[8] Adversarial images for this batch already exist
2025-07-10 20:08:09,022 - ADV_Generation_eps_4.0_steps_100_Purification_type_noisy_anchor_anchors_10_alpha_1.2_sigma_0.06_threshold_0.0 - INFO - Batch 9/154: Clean orig accuracy 0.8750 | Clean purify accuracy 0.8472 | Adv orig accuracy: 0.1875 | Adv purify accuracy: 0.2431
2025-07-10 20:08:09,031 - ADV_Generation_eps_4.0_steps_100_Purification_type_noisy_anchor_anchors_10_alpha_1.2_sigma_0.06_threshold_0.0 - INFO - Batch:[9] Adversarial images for this batch already exist
2025-07-10 20:08:12,797 - ADV_Generation_eps_4.0_steps_100_Purification_type_noisy_anchor_anchors_10_alpha_1.2_sigma_0.06_threshold_0.0 - INFO - Batch 10/154: Clean orig accuracy 0.8625 | Clean purify accuracy 0.7750 | Adv orig accuracy: 0.1812 | Adv purify accuracy: 0.2250
2025-07-10 20:08:12,808 - ADV_Generation_eps_4.0_steps_100_Purification_type_noisy_anchor_anchors_10_alpha_1.2_sigma_0.06_threshold_0.0 - INFO - Batch:[10] Adversarial images for this batch already exist
2025-07-10 20:08:16,571 - ADV_Generation_eps_4.0_steps_100_Purification_type_noisy_anchor_anchors_10_alpha_1.2_sigma_0.06_threshold_0.0 - INFO - Batch 11/154: Clean orig accuracy 0.8352 | Clean purify accuracy 0.7159 | Adv orig accuracy: 0.1705 | Adv purify accuracy: 0.2045
2025-07-10 20:08:16,580 - ADV_Generation_eps_4.0_steps_100_Purification_type_noisy_anchor_anchors_10_alpha_1.2_sigma_0.06_threshold_0.0 - INFO - Batch:[11] Adversarial images for this batch already exist
2025-07-10 20:08:20,461 - ADV_Generation_eps_4.0_steps_100_Purification_type_noisy_anchor_anchors_10_alpha_1.2_sigma_0.06_threshold_0.0 - INFO - Batch 12/154: Clean orig accuracy 0.7760 | Clean purify accuracy 0.6615 | Adv orig accuracy: 0.1562 | Adv purify accuracy: 0.1875
2025-07-10 20:08:20,470 - ADV_Generation_eps_4.0_steps_100_Purification_type_noisy_anchor_anchors_10_alpha_1.2_sigma_0.06_threshold_0.0 - INFO - Batch:[12] Adversarial images for this batch already exist
2025-07-10 20:08:24,325 - ADV_Generation_eps_4.0_steps_100_Purification_type_noisy_anchor_anchors_10_alpha_1.2_sigma_0.06_threshold_0.0 - INFO - Batch 13/154: Clean orig accuracy 0.7163 | Clean purify accuracy 0.6106 | Adv orig accuracy: 0.1442 | Adv purify accuracy: 0.1731
2025-07-10 20:08:24,360 - ADV_Generation_eps_4.0_steps_100_Purification_type_noisy_anchor_anchors_10_alpha_1.2_sigma_0.06_threshold_0.0 - INFO - Batch:[13] Adversarial images for this batch already exist
2025-07-10 20:08:28,143 - ADV_Generation_eps_4.0_steps_100_Purification_type_noisy_anchor_anchors_10_alpha_1.2_sigma_0.06_threshold_0.0 - INFO - Batch 14/154: Clean orig accuracy 0.6652 | Clean purify accuracy 0.5670 | Adv orig accuracy: 0.1339 | Adv purify accuracy: 0.1607
2025-07-10 20:08:28,153 - ADV_Generation_eps_4.0_steps_100_Purification_type_noisy_anchor_anchors_10_alpha_1.2_sigma_0.06_threshold_0.0 - INFO - Batch:[14] Adversarial images for this batch already exist
2025-07-10 20:08:31,943 - ADV_Generation_eps_4.0_steps_100_Purification_type_noisy_anchor_anchors_10_alpha_1.2_sigma_0.06_threshold_0.0 - INFO - Batch 15/154: Clean orig accuracy 0.6292 | Clean purify accuracy 0.5375 | Adv orig accuracy: 0.1250 | Adv purify accuracy: 0.1500
2025-07-10 20:08:31,953 - ADV_Generation_eps_4.0_steps_100_Purification_type_noisy_anchor_anchors_10_alpha_1.2_sigma_0.06_threshold_0.0 - INFO - Batch:[15] Adversarial images for this batch already exist
2025-07-10 20:08:35,841 - ADV_Generation_eps_4.0_steps_100_Purification_type_noisy_anchor_anchors_10_alpha_1.2_sigma_0.06_threshold_0.0 - INFO - Batch 16/154: Clean orig accuracy 0.6133 | Clean purify accuracy 0.5039 | Adv orig accuracy: 0.1172 | Adv purify accuracy: 0.1406
2025-07-10 20:08:35,932 - ADV_Generation_eps_4.0_steps_100_Purification_type_noisy_anchor_anchors_10_alpha_1.2_sigma_0.06_threshold_0.0 - INFO - Batch:[16] Adversarial images for this batch already exist
2025-07-10 20:08:39,866 - ADV_Generation_eps_4.0_steps_100_Purification_type_noisy_anchor_anchors_10_alpha_1.2_sigma_0.06_threshold_0.0 - INFO - Batch 17/154: Clean orig accuracy 0.6029 | Clean purify accuracy 0.4853 | Adv orig accuracy: 0.1103 | Adv purify accuracy: 0.1324
2025-07-10 20:08:39,875 - ADV_Generation_eps_4.0_steps_100_Purification_type_noisy_anchor_anchors_10_alpha_1.2_sigma_0.06_threshold_0.0 - INFO - Batch:[17] Adversarial images for this batch already exist
2025-07-10 20:08:43,670 - ADV_Generation_eps_4.0_steps_100_Purification_type_noisy_anchor_anchors_10_alpha_1.2_sigma_0.06_threshold_0.0 - INFO - Batch 18/154: Clean orig accuracy 0.6007 | Clean purify accuracy 0.4826 | Adv orig accuracy: 0.1111 | Adv purify accuracy: 0.1319
2025-07-10 20:08:43,680 - ADV_Generation_eps_4.0_steps_100_Purification_type_noisy_anchor_anchors_10_alpha_1.2_sigma_0.06_threshold_0.0 - INFO - Batch:[18] Adversarial images for this batch already exist
2025-07-10 20:08:47,491 - ADV_Generation_eps_4.0_steps_100_Purification_type_noisy_anchor_anchors_10_alpha_1.2_sigma_0.06_threshold_0.0 - INFO - Batch 19/154: Clean orig accuracy 0.5724 | Clean purify accuracy 0.4572 | Adv orig accuracy: 0.1053 | Adv purify accuracy: 0.1250
2025-07-10 20:08:47,501 - ADV_Generation_eps_4.0_steps_100_Purification_type_noisy_anchor_anchors_10_alpha_1.2_sigma_0.06_threshold_0.0 - INFO - Batch:[19] Adversarial images for this batch already exist
2025-07-10 20:08:51,322 - ADV_Generation_eps_4.0_steps_100_Purification_type_noisy_anchor_anchors_10_alpha_1.2_sigma_0.06_threshold_0.0 - INFO - Batch 20/154: Clean orig accuracy 0.5500 | Clean purify accuracy 0.4375 | Adv orig accuracy: 0.1000 | Adv purify accuracy: 0.1187
2025-07-10 20:08:51,332 - ADV_Generation_eps_4.0_steps_100_Purification_type_noisy_anchor_anchors_10_alpha_1.2_sigma_0.06_threshold_0.0 - INFO - Batch:[20] Adversarial images for this batch already exist
2025-07-10 20:08:55,155 - ADV_Generation_eps_4.0_steps_100_Purification_type_noisy_anchor_anchors_10_alpha_1.2_sigma_0.06_threshold_0.0 - INFO - Batch 21/154: Clean orig accuracy 0.5268 | Clean purify accuracy 0.4167 | Adv orig accuracy: 0.0952 | Adv purify accuracy: 0.1131
2025-07-10 20:08:55,190 - ADV_Generation_eps_4.0_steps_100_Purification_type_noisy_anchor_anchors_10_alpha_1.2_sigma_0.06_threshold_0.0 - INFO - Batch:[21] Adversarial images for this batch already exist
2025-07-10 20:08:59,008 - ADV_Generation_eps_4.0_steps_100_Purification_type_noisy_anchor_anchors_10_alpha_1.2_sigma_0.06_threshold_0.0 - INFO - Batch 22/154: Clean orig accuracy 0.5256 | Clean purify accuracy 0.4091 | Adv orig accuracy: 0.0909 | Adv purify accuracy: 0.1080
2025-07-10 20:08:59,018 - ADV_Generation_eps_4.0_steps_100_Purification_type_noisy_anchor_anchors_10_alpha_1.2_sigma_0.06_threshold_0.0 - INFO - Batch:[22] Adversarial images for this batch already exist
2025-07-10 20:09:02,811 - ADV_Generation_eps_4.0_steps_100_Purification_type_noisy_anchor_anchors_10_alpha_1.2_sigma_0.06_threshold_0.0 - INFO - Batch 23/154: Clean orig accuracy 0.5272 | Clean purify accuracy 0.4130 | Adv orig accuracy: 0.0924 | Adv purify accuracy: 0.1060
2025-07-10 20:09:02,821 - ADV_Generation_eps_4.0_steps_100_Purification_type_noisy_anchor_anchors_10_alpha_1.2_sigma_0.06_threshold_0.0 - INFO - Batch:[23] Adversarial images for this batch already exist
2025-07-10 20:09:06,649 - ADV_Generation_eps_4.0_steps_100_Purification_type_noisy_anchor_anchors_10_alpha_1.2_sigma_0.06_threshold_0.0 - INFO - Batch 24/154: Clean orig accuracy 0.5391 | Clean purify accuracy 0.4219 | Adv orig accuracy: 0.0938 | Adv purify accuracy: 0.1068
2025-07-10 20:09:06,658 - ADV_Generation_eps_4.0_steps_100_Purification_type_noisy_anchor_anchors_10_alpha_1.2_sigma_0.06_threshold_0.0 - INFO - Batch:[24] Adversarial images for this batch already exist
2025-07-10 20:09:10,423 - ADV_Generation_eps_4.0_steps_100_Purification_type_noisy_anchor_anchors_10_alpha_1.2_sigma_0.06_threshold_0.0 - INFO - Batch 25/154: Clean orig accuracy 0.5500 | Clean purify accuracy 0.4275 | Adv orig accuracy: 0.0950 | Adv purify accuracy: 0.1125
2025-07-10 20:09:10,433 - ADV_Generation_eps_4.0_steps_100_Purification_type_noisy_anchor_anchors_10_alpha_1.2_sigma_0.06_threshold_0.0 - INFO - Batch:[25] Adversarial images for this batch already exist
2025-07-10 20:09:14,281 - ADV_Generation_eps_4.0_steps_100_Purification_type_noisy_anchor_anchors_10_alpha_1.2_sigma_0.06_threshold_0.0 - INFO - Batch 26/154: Clean orig accuracy 0.5433 | Clean purify accuracy 0.4255 | Adv orig accuracy: 0.0913 | Adv purify accuracy: 0.1082
2025-07-10 20:09:14,291 - ADV_Generation_eps_4.0_steps_100_Purification_type_noisy_anchor_anchors_10_alpha_1.2_sigma_0.06_threshold_0.0 - INFO - Batch:[26] Adversarial images for this batch already exist
2025-07-10 20:09:18,130 - ADV_Generation_eps_4.0_steps_100_Purification_type_noisy_anchor_anchors_10_alpha_1.2_sigma_0.06_threshold_0.0 - INFO - Batch 27/154: Clean orig accuracy 0.5324 | Clean purify accuracy 0.4236 | Adv orig accuracy: 0.0880 | Adv purify accuracy: 0.1042
2025-07-10 20:09:18,139 - ADV_Generation_eps_4.0_steps_100_Purification_type_noisy_anchor_anchors_10_alpha_1.2_sigma_0.06_threshold_0.0 - INFO - Batch:[27] Adversarial images for this batch already exist
2025-07-10 20:09:21,936 - ADV_Generation_eps_4.0_steps_100_Purification_type_noisy_anchor_anchors_10_alpha_1.2_sigma_0.06_threshold_0.0 - INFO - Batch 28/154: Clean orig accuracy 0.5179 | Clean purify accuracy 0.4174 | Adv orig accuracy: 0.0848 | Adv purify accuracy: 0.1027
2025-07-10 20:09:21,946 - ADV_Generation_eps_4.0_steps_100_Purification_type_noisy_anchor_anchors_10_alpha_1.2_sigma_0.06_threshold_0.0 - INFO - Batch:[28] Adversarial images for this batch already exist
2025-07-10 20:09:25,792 - ADV_Generation_eps_4.0_steps_100_Purification_type_noisy_anchor_anchors_10_alpha_1.2_sigma_0.06_threshold_0.0 - INFO - Batch 29/154: Clean orig accuracy 0.5151 | Clean purify accuracy 0.4224 | Adv orig accuracy: 0.0841 | Adv purify accuracy: 0.1078
2025-07-10 20:09:25,802 - ADV_Generation_eps_4.0_steps_100_Purification_type_noisy_anchor_anchors_10_alpha_1.2_sigma_0.06_threshold_0.0 - INFO - Batch:[29] Adversarial images for this batch already exist
2025-07-10 20:09:29,627 - ADV_Generation_eps_4.0_steps_100_Purification_type_noisy_anchor_anchors_10_alpha_1.2_sigma_0.06_threshold_0.0 - INFO - Batch 30/154: Clean orig accuracy 0.5167 | Clean purify accuracy 0.4292 | Adv orig accuracy: 0.0917 | Adv purify accuracy: 0.1146
2025-07-10 20:09:29,636 - ADV_Generation_eps_4.0_steps_100_Purification_type_noisy_anchor_anchors_10_alpha_1.2_sigma_0.06_threshold_0.0 - INFO - Batch:[30] Adversarial images for this batch already exist
2025-07-10 20:09:33,523 - ADV_Generation_eps_4.0_steps_100_Purification_type_noisy_anchor_anchors_10_alpha_1.2_sigma_0.06_threshold_0.0 - INFO - Batch 31/154: Clean orig accuracy 0.5302 | Clean purify accuracy 0.4456 | Adv orig accuracy: 0.1048 | Adv purify accuracy: 0.1331
2025-07-10 20:09:33,532 - ADV_Generation_eps_4.0_steps_100_Purification_type_noisy_anchor_anchors_10_alpha_1.2_sigma_0.06_threshold_0.0 - INFO - Batch:[31] Adversarial images for this batch already exist
2025-07-10 20:09:37,298 - ADV_Generation_eps_4.0_steps_100_Purification_type_noisy_anchor_anchors_10_alpha_1.2_sigma_0.06_threshold_0.0 - INFO - Batch 32/154: Clean orig accuracy 0.5430 | Clean purify accuracy 0.4629 | Adv orig accuracy: 0.1113 | Adv purify accuracy: 0.1504
2025-07-10 20:09:37,308 - ADV_Generation_eps_4.0_steps_100_Purification_type_noisy_anchor_anchors_10_alpha_1.2_sigma_0.06_threshold_0.0 - INFO - Batch:[32] Adversarial images for this batch already exist
2025-07-10 20:09:41,050 - ADV_Generation_eps_4.0_steps_100_Purification_type_noisy_anchor_anchors_10_alpha_1.2_sigma_0.06_threshold_0.0 - INFO - Batch 33/154: Clean orig accuracy 0.5549 | Clean purify accuracy 0.4773 | Adv orig accuracy: 0.1155 | Adv purify accuracy: 0.1648
2025-07-10 20:09:41,059 - ADV_Generation_eps_4.0_steps_100_Purification_type_noisy_anchor_anchors_10_alpha_1.2_sigma_0.06_threshold_0.0 - INFO - Batch:[33] Adversarial images for this batch already exist
2025-07-10 20:09:44,824 - ADV_Generation_eps_4.0_steps_100_Purification_type_noisy_anchor_anchors_10_alpha_1.2_sigma_0.06_threshold_0.0 - INFO - Batch 34/154: Clean orig accuracy 0.5588 | Clean purify accuracy 0.4890 | Adv orig accuracy: 0.1140 | Adv purify accuracy: 0.1710
2025-07-10 20:09:44,834 - ADV_Generation_eps_4.0_steps_100_Purification_type_noisy_anchor_anchors_10_alpha_1.2_sigma_0.06_threshold_0.0 - INFO - Batch:[34] Adversarial images for this batch already exist
2025-07-10 20:09:48,709 - ADV_Generation_eps_4.0_steps_100_Purification_type_noisy_anchor_anchors_10_alpha_1.2_sigma_0.06_threshold_0.0 - INFO - Batch 35/154: Clean orig accuracy 0.5607 | Clean purify accuracy 0.4929 | Adv orig accuracy: 0.1107 | Adv purify accuracy: 0.1732
2025-07-10 20:09:48,718 - ADV_Generation_eps_4.0_steps_100_Purification_type_noisy_anchor_anchors_10_alpha_1.2_sigma_0.06_threshold_0.0 - INFO - Batch:[35] Adversarial images for this batch already exist
2025-07-10 20:09:52,504 - ADV_Generation_eps_4.0_steps_100_Purification_type_noisy_anchor_anchors_10_alpha_1.2_sigma_0.06_threshold_0.0 - INFO - Batch 36/154: Clean orig accuracy 0.5556 | Clean purify accuracy 0.4896 | Adv orig accuracy: 0.1094 | Adv purify accuracy: 0.1701
2025-07-10 20:09:52,527 - ADV_Generation_eps_4.0_steps_100_Purification_type_noisy_anchor_anchors_10_alpha_1.2_sigma_0.06_threshold_0.0 - INFO - Batch:[36] Adversarial images for this batch already exist
2025-07-10 20:09:56,320 - ADV_Generation_eps_4.0_steps_100_Purification_type_noisy_anchor_anchors_10_alpha_1.2_sigma_0.06_threshold_0.0 - INFO - Batch 37/154: Clean orig accuracy 0.5625 | Clean purify accuracy 0.4966 | Adv orig accuracy: 0.1115 | Adv purify accuracy: 0.1723
2025-07-10 20:09:56,329 - ADV_Generation_eps_4.0_steps_100_Purification_type_noisy_anchor_anchors_10_alpha_1.2_sigma_0.06_threshold_0.0 - INFO - Batch:[37] Adversarial images for this batch already exist
2025-07-10 20:10:00,108 - ADV_Generation_eps_4.0_steps_100_Purification_type_noisy_anchor_anchors_10_alpha_1.2_sigma_0.06_threshold_0.0 - INFO - Batch 38/154: Clean orig accuracy 0.5609 | Clean purify accuracy 0.4967 | Adv orig accuracy: 0.1102 | Adv purify accuracy: 0.1694
2025-07-10 20:10:00,146 - ADV_Generation_eps_4.0_steps_100_Purification_type_noisy_anchor_anchors_10_alpha_1.2_sigma_0.06_threshold_0.0 - INFO - Batch:[38] Adversarial images for this batch already exist
2025-07-10 20:10:03,913 - ADV_Generation_eps_4.0_steps_100_Purification_type_noisy_anchor_anchors_10_alpha_1.2_sigma_0.06_threshold_0.0 - INFO - Batch 39/154: Clean orig accuracy 0.5657 | Clean purify accuracy 0.4968 | Adv orig accuracy: 0.1106 | Adv purify accuracy: 0.1683
2025-07-10 20:10:03,922 - ADV_Generation_eps_4.0_steps_100_Purification_type_noisy_anchor_anchors_10_alpha_1.2_sigma_0.06_threshold_0.0 - INFO - Batch:[39] Adversarial images for this batch already exist
2025-07-10 20:10:07,761 - ADV_Generation_eps_4.0_steps_100_Purification_type_noisy_anchor_anchors_10_alpha_1.2_sigma_0.06_threshold_0.0 - INFO - Batch 40/154: Clean orig accuracy 0.5703 | Clean purify accuracy 0.5000 | Adv orig accuracy: 0.1109 | Adv purify accuracy: 0.1656
2025-07-10 20:10:07,771 - ADV_Generation_eps_4.0_steps_100_Purification_type_noisy_anchor_anchors_10_alpha_1.2_sigma_0.06_threshold_0.0 - INFO - Batch:[40] Adversarial images for this batch already exist
2025-07-10 20:10:11,589 - ADV_Generation_eps_4.0_steps_100_Purification_type_noisy_anchor_anchors_10_alpha_1.2_sigma_0.06_threshold_0.0 - INFO - Batch 41/154: Clean orig accuracy 0.5655 | Clean purify accuracy 0.4954 | Adv orig accuracy: 0.1098 | Adv purify accuracy: 0.1631
2025-07-10 20:10:11,599 - ADV_Generation_eps_4.0_steps_100_Purification_type_noisy_anchor_anchors_10_alpha_1.2_sigma_0.06_threshold_0.0 - INFO - Batch:[41] Adversarial images for this batch already exist
2025-07-10 20:10:15,364 - ADV_Generation_eps_4.0_steps_100_Purification_type_noisy_anchor_anchors_10_alpha_1.2_sigma_0.06_threshold_0.0 - INFO - Batch 42/154: Clean orig accuracy 0.5536 | Clean purify accuracy 0.4851 | Adv orig accuracy: 0.1071 | Adv purify accuracy: 0.1592
2025-07-10 20:10:15,374 - ADV_Generation_eps_4.0_steps_100_Purification_type_noisy_anchor_anchors_10_alpha_1.2_sigma_0.06_threshold_0.0 - INFO - Batch:[42] Adversarial images for this batch already exist
2025-07-10 20:10:19,186 - ADV_Generation_eps_4.0_steps_100_Purification_type_noisy_anchor_anchors_10_alpha_1.2_sigma_0.06_threshold_0.0 - INFO - Batch 43/154: Clean orig accuracy 0.5494 | Clean purify accuracy 0.4826 | Adv orig accuracy: 0.1119 | Adv purify accuracy: 0.1613
2025-07-10 20:10:19,196 - ADV_Generation_eps_4.0_steps_100_Purification_type_noisy_anchor_anchors_10_alpha_1.2_sigma_0.06_threshold_0.0 - INFO - Batch:[43] Adversarial images for this batch already exist
2025-07-10 20:10:22,957 - ADV_Generation_eps_4.0_steps_100_Purification_type_noisy_anchor_anchors_10_alpha_1.2_sigma_0.06_threshold_0.0 - INFO - Batch 44/154: Clean orig accuracy 0.5597 | Clean purify accuracy 0.4929 | Adv orig accuracy: 0.1222 | Adv purify accuracy: 0.1690
2025-07-10 20:10:22,967 - ADV_Generation_eps_4.0_steps_100_Purification_type_noisy_anchor_anchors_10_alpha_1.2_sigma_0.06_threshold_0.0 - INFO - Batch:[44] Adversarial images for this batch already exist
2025-07-10 20:10:26,751 - ADV_Generation_eps_4.0_steps_100_Purification_type_noisy_anchor_anchors_10_alpha_1.2_sigma_0.06_threshold_0.0 - INFO - Batch 45/154: Clean orig accuracy 0.5681 | Clean purify accuracy 0.5028 | Adv orig accuracy: 0.1347 | Adv purify accuracy: 0.1792
2025-07-10 20:10:26,760 - ADV_Generation_eps_4.0_steps_100_Purification_type_noisy_anchor_anchors_10_alpha_1.2_sigma_0.06_threshold_0.0 - INFO - Batch:[45] Adversarial images for this batch already exist
2025-07-10 20:10:30,580 - ADV_Generation_eps_4.0_steps_100_Purification_type_noisy_anchor_anchors_10_alpha_1.2_sigma_0.06_threshold_0.0 - INFO - Batch 46/154: Clean orig accuracy 0.5571 | Clean purify accuracy 0.4918 | Adv orig accuracy: 0.1318 | Adv purify accuracy: 0.1753
2025-07-10 20:10:30,589 - ADV_Generation_eps_4.0_steps_100_Purification_type_noisy_anchor_anchors_10_alpha_1.2_sigma_0.06_threshold_0.0 - INFO - Batch:[46] Adversarial images for this batch already exist
2025-07-10 20:10:34,393 - ADV_Generation_eps_4.0_steps_100_Purification_type_noisy_anchor_anchors_10_alpha_1.2_sigma_0.06_threshold_0.0 - INFO - Batch 47/154: Clean orig accuracy 0.5452 | Clean purify accuracy 0.4814 | Adv orig accuracy: 0.1290 | Adv purify accuracy: 0.1715
2025-07-10 20:10:34,402 - ADV_Generation_eps_4.0_steps_100_Purification_type_noisy_anchor_anchors_10_alpha_1.2_sigma_0.06_threshold_0.0 - INFO - Batch:[47] Adversarial images for this batch already exist
2025-07-10 20:10:38,242 - ADV_Generation_eps_4.0_steps_100_Purification_type_noisy_anchor_anchors_10_alpha_1.2_sigma_0.06_threshold_0.0 - INFO - Batch 48/154: Clean orig accuracy 0.5417 | Clean purify accuracy 0.4740 | Adv orig accuracy: 0.1263 | Adv purify accuracy: 0.1693
2025-07-10 20:10:38,253 - ADV_Generation_eps_4.0_steps_100_Purification_type_noisy_anchor_anchors_10_alpha_1.2_sigma_0.06_threshold_0.0 - INFO - Batch:[48] Adversarial images for this batch already exist
2025-07-10 20:10:42,009 - ADV_Generation_eps_4.0_steps_100_Purification_type_noisy_anchor_anchors_10_alpha_1.2_sigma_0.06_threshold_0.0 - INFO - Batch 49/154: Clean orig accuracy 0.5408 | Clean purify accuracy 0.4707 | Adv orig accuracy: 0.1250 | Adv purify accuracy: 0.1658
2025-07-10 20:10:42,019 - ADV_Generation_eps_4.0_steps_100_Purification_type_noisy_anchor_anchors_10_alpha_1.2_sigma_0.06_threshold_0.0 - INFO - Batch:[49] Adversarial images for this batch already exist
2025-07-10 20:10:45,811 - ADV_Generation_eps_4.0_steps_100_Purification_type_noisy_anchor_anchors_10_alpha_1.2_sigma_0.06_threshold_0.0 - INFO - Batch 50/154: Clean orig accuracy 0.5400 | Clean purify accuracy 0.4675 | Adv orig accuracy: 0.1237 | Adv purify accuracy: 0.1625
2025-07-10 20:10:45,820 - ADV_Generation_eps_4.0_steps_100_Purification_type_noisy_anchor_anchors_10_alpha_1.2_sigma_0.06_threshold_0.0 - INFO - Batch:[50] Adversarial images for this batch already exist
2025-07-10 20:10:49,592 - ADV_Generation_eps_4.0_steps_100_Purification_type_noisy_anchor_anchors_10_alpha_1.2_sigma_0.06_threshold_0.0 - INFO - Batch 51/154: Clean orig accuracy 0.5441 | Clean purify accuracy 0.4681 | Adv orig accuracy: 0.1225 | Adv purify accuracy: 0.1593
2025-07-10 20:10:49,601 - ADV_Generation_eps_4.0_steps_100_Purification_type_noisy_anchor_anchors_10_alpha_1.2_sigma_0.06_threshold_0.0 - INFO - Batch:[51] Adversarial images for this batch already exist
2025-07-10 20:10:53,397 - ADV_Generation_eps_4.0_steps_100_Purification_type_noisy_anchor_anchors_10_alpha_1.2_sigma_0.06_threshold_0.0 - INFO - Batch 52/154: Clean orig accuracy 0.5493 | Clean purify accuracy 0.4700 | Adv orig accuracy: 0.1202 | Adv purify accuracy: 0.1575
2025-07-10 20:10:53,406 - ADV_Generation_eps_4.0_steps_100_Purification_type_noisy_anchor_anchors_10_alpha_1.2_sigma_0.06_threshold_0.0 - INFO - Batch:[52] Adversarial images for this batch already exist
2025-07-10 20:10:57,246 - ADV_Generation_eps_4.0_steps_100_Purification_type_noisy_anchor_anchors_10_alpha_1.2_sigma_0.06_threshold_0.0 - INFO - Batch 53/154: Clean orig accuracy 0.5531 | Clean purify accuracy 0.4717 | Adv orig accuracy: 0.1179 | Adv purify accuracy: 0.1545
2025-07-10 20:10:57,256 - ADV_Generation_eps_4.0_steps_100_Purification_type_noisy_anchor_anchors_10_alpha_1.2_sigma_0.06_threshold_0.0 - INFO - Batch:[53] Adversarial images for this batch already exist
2025-07-10 20:11:01,053 - ADV_Generation_eps_4.0_steps_100_Purification_type_noisy_anchor_anchors_10_alpha_1.2_sigma_0.06_threshold_0.0 - INFO - Batch 54/154: Clean orig accuracy 0.5463 | Clean purify accuracy 0.4641 | Adv orig accuracy: 0.1157 | Adv purify accuracy: 0.1516
2025-07-10 20:11:01,063 - ADV_Generation_eps_4.0_steps_100_Purification_type_noisy_anchor_anchors_10_alpha_1.2_sigma_0.06_threshold_0.0 - INFO - Batch:[54] Adversarial images for this batch already exist
2025-07-10 20:11:04,857 - ADV_Generation_eps_4.0_steps_100_Purification_type_noisy_anchor_anchors_10_alpha_1.2_sigma_0.06_threshold_0.0 - INFO - Batch 55/154: Clean orig accuracy 0.5364 | Clean purify accuracy 0.4557 | Adv orig accuracy: 0.1136 | Adv purify accuracy: 0.1489
2025-07-10 20:11:04,866 - ADV_Generation_eps_4.0_steps_100_Purification_type_noisy_anchor_anchors_10_alpha_1.2_sigma_0.06_threshold_0.0 - INFO - Batch:[55] Adversarial images for this batch already exist
2025-07-10 20:11:08,628 - ADV_Generation_eps_4.0_steps_100_Purification_type_noisy_anchor_anchors_10_alpha_1.2_sigma_0.06_threshold_0.0 - INFO - Batch 56/154: Clean orig accuracy 0.5301 | Clean purify accuracy 0.4509 | Adv orig accuracy: 0.1116 | Adv purify accuracy: 0.1462
2025-07-10 20:11:08,638 - ADV_Generation_eps_4.0_steps_100_Purification_type_noisy_anchor_anchors_10_alpha_1.2_sigma_0.06_threshold_0.0 - INFO - Batch:[56] Adversarial images for this batch already exist
2025-07-10 20:11:12,392 - ADV_Generation_eps_4.0_steps_100_Purification_type_noisy_anchor_anchors_10_alpha_1.2_sigma_0.06_threshold_0.0 - INFO - Batch 57/154: Clean orig accuracy 0.5274 | Clean purify accuracy 0.4452 | Adv orig accuracy: 0.1096 | Adv purify accuracy: 0.1436
2025-07-10 20:11:12,402 - ADV_Generation_eps_4.0_steps_100_Purification_type_noisy_anchor_anchors_10_alpha_1.2_sigma_0.06_threshold_0.0 - INFO - Batch:[57] Adversarial images for this batch already exist
2025-07-10 20:11:16,188 - ADV_Generation_eps_4.0_steps_100_Purification_type_noisy_anchor_anchors_10_alpha_1.2_sigma_0.06_threshold_0.0 - INFO - Batch 58/154: Clean orig accuracy 0.5312 | Clean purify accuracy 0.4440 | Adv orig accuracy: 0.1078 | Adv purify accuracy: 0.1422
2025-07-10 20:11:16,198 - ADV_Generation_eps_4.0_steps_100_Purification_type_noisy_anchor_anchors_10_alpha_1.2_sigma_0.06_threshold_0.0 - INFO - Batch:[58] Adversarial images for this batch already exist
2025-07-10 20:11:20,028 - ADV_Generation_eps_4.0_steps_100_Purification_type_noisy_anchor_anchors_10_alpha_1.2_sigma_0.06_threshold_0.0 - INFO - Batch 59/154: Clean orig accuracy 0.5360 | Clean purify accuracy 0.4449 | Adv orig accuracy: 0.1081 | Adv purify accuracy: 0.1441
2025-07-10 20:11:20,043 - ADV_Generation_eps_4.0_steps_100_Purification_type_noisy_anchor_anchors_10_alpha_1.2_sigma_0.06_threshold_0.0 - INFO - Batch:[59] Adversarial images for this batch already exist
2025-07-10 20:11:23,772 - ADV_Generation_eps_4.0_steps_100_Purification_type_noisy_anchor_anchors_10_alpha_1.2_sigma_0.06_threshold_0.0 - INFO - Batch 60/154: Clean orig accuracy 0.5427 | Clean purify accuracy 0.4521 | Adv orig accuracy: 0.1115 | Adv purify accuracy: 0.1458
2025-07-10 20:11:23,782 - ADV_Generation_eps_4.0_steps_100_Purification_type_noisy_anchor_anchors_10_alpha_1.2_sigma_0.06_threshold_0.0 - INFO - Batch:[60] Adversarial images for this batch already exist
2025-07-10 20:11:27,560 - ADV_Generation_eps_4.0_steps_100_Purification_type_noisy_anchor_anchors_10_alpha_1.2_sigma_0.06_threshold_0.0 - INFO - Batch 61/154: Clean orig accuracy 0.5492 | Clean purify accuracy 0.4600 | Adv orig accuracy: 0.1158 | Adv purify accuracy: 0.1486
2025-07-10 20:11:27,570 - ADV_Generation_eps_4.0_steps_100_Purification_type_noisy_anchor_anchors_10_alpha_1.2_sigma_0.06_threshold_0.0 - INFO - Batch:[61] Adversarial images for this batch already exist
2025-07-10 20:11:31,356 - ADV_Generation_eps_4.0_steps_100_Purification_type_noisy_anchor_anchors_10_alpha_1.2_sigma_0.06_threshold_0.0 - INFO - Batch 62/154: Clean orig accuracy 0.5484 | Clean purify accuracy 0.4577 | Adv orig accuracy: 0.1149 | Adv purify accuracy: 0.1472
2025-07-10 20:11:31,366 - ADV_Generation_eps_4.0_steps_100_Purification_type_noisy_anchor_anchors_10_alpha_1.2_sigma_0.06_threshold_0.0 - INFO - Batch:[62] Adversarial images for this batch already exist
2025-07-10 20:11:35,123 - ADV_Generation_eps_4.0_steps_100_Purification_type_noisy_anchor_anchors_10_alpha_1.2_sigma_0.06_threshold_0.0 - INFO - Batch 63/154: Clean orig accuracy 0.5446 | Clean purify accuracy 0.4544 | Adv orig accuracy: 0.1131 | Adv purify accuracy: 0.1448
2025-07-10 20:11:35,136 - ADV_Generation_eps_4.0_steps_100_Purification_type_noisy_anchor_anchors_10_alpha_1.2_sigma_0.06_threshold_0.0 - INFO - Batch:[63] Adversarial images for this batch already exist
2025-07-10 20:11:38,883 - ADV_Generation_eps_4.0_steps_100_Purification_type_noisy_anchor_anchors_10_alpha_1.2_sigma_0.06_threshold_0.0 - INFO - Batch 64/154: Clean orig accuracy 0.5498 | Clean purify accuracy 0.4590 | Adv orig accuracy: 0.1182 | Adv purify accuracy: 0.1475
2025-07-10 20:11:38,893 - ADV_Generation_eps_4.0_steps_100_Purification_type_noisy_anchor_anchors_10_alpha_1.2_sigma_0.06_threshold_0.0 - INFO - Batch:[64] Adversarial images for this batch already exist
2025-07-10 20:11:42,710 - ADV_Generation_eps_4.0_steps_100_Purification_type_noisy_anchor_anchors_10_alpha_1.2_sigma_0.06_threshold_0.0 - INFO - Batch 65/154: Clean orig accuracy 0.5548 | Clean purify accuracy 0.4635 | Adv orig accuracy: 0.1192 | Adv purify accuracy: 0.1462
2025-07-10 20:11:42,720 - ADV_Generation_eps_4.0_steps_100_Purification_type_noisy_anchor_anchors_10_alpha_1.2_sigma_0.06_threshold_0.0 - INFO - Batch:[65] Adversarial images for this batch already exist
2025-07-10 20:11:46,513 - ADV_Generation_eps_4.0_steps_100_Purification_type_noisy_anchor_anchors_10_alpha_1.2_sigma_0.06_threshold_0.0 - INFO - Batch 66/154: Clean orig accuracy 0.5587 | Clean purify accuracy 0.4669 | Adv orig accuracy: 0.1174 | Adv purify accuracy: 0.1439
2025-07-10 20:11:46,523 - ADV_Generation_eps_4.0_steps_100_Purification_type_noisy_anchor_anchors_10_alpha_1.2_sigma_0.06_threshold_0.0 - INFO - Batch:[66] Adversarial images for this batch already exist
2025-07-10 20:11:50,297 - ADV_Generation_eps_4.0_steps_100_Purification_type_noisy_anchor_anchors_10_alpha_1.2_sigma_0.06_threshold_0.0 - INFO - Batch 67/154: Clean orig accuracy 0.5560 | Clean purify accuracy 0.4608 | Adv orig accuracy: 0.1157 | Adv purify accuracy: 0.1418
2025-07-10 20:11:50,306 - ADV_Generation_eps_4.0_steps_100_Purification_type_noisy_anchor_anchors_10_alpha_1.2_sigma_0.06_threshold_0.0 - INFO - Batch:[67] Adversarial images for this batch already exist
2025-07-10 20:11:54,106 - ADV_Generation_eps_4.0_steps_100_Purification_type_noisy_anchor_anchors_10_alpha_1.2_sigma_0.06_threshold_0.0 - INFO - Batch 68/154: Clean orig accuracy 0.5478 | Clean purify accuracy 0.4540 | Adv orig accuracy: 0.1140 | Adv purify accuracy: 0.1397
2025-07-10 20:11:54,116 - ADV_Generation_eps_4.0_steps_100_Purification_type_noisy_anchor_anchors_10_alpha_1.2_sigma_0.06_threshold_0.0 - INFO - Batch:[68] Adversarial images for this batch already exist
2025-07-10 20:11:57,880 - ADV_Generation_eps_4.0_steps_100_Purification_type_noisy_anchor_anchors_10_alpha_1.2_sigma_0.06_threshold_0.0 - INFO - Batch 69/154: Clean orig accuracy 0.5507 | Clean purify accuracy 0.4583 | Adv orig accuracy: 0.1132 | Adv purify accuracy: 0.1377
2025-07-10 20:11:57,890 - ADV_Generation_eps_4.0_steps_100_Purification_type_noisy_anchor_anchors_10_alpha_1.2_sigma_0.06_threshold_0.0 - INFO - Batch:[69] Adversarial images for this batch already exist
2025-07-10 20:12:01,682 - ADV_Generation_eps_4.0_steps_100_Purification_type_noisy_anchor_anchors_10_alpha_1.2_sigma_0.06_threshold_0.0 - INFO - Batch 70/154: Clean orig accuracy 0.5536 | Clean purify accuracy 0.4598 | Adv orig accuracy: 0.1116 | Adv purify accuracy: 0.1357
2025-07-10 20:12:01,692 - ADV_Generation_eps_4.0_steps_100_Purification_type_noisy_anchor_anchors_10_alpha_1.2_sigma_0.06_threshold_0.0 - INFO - Batch:[70] Adversarial images for this batch already exist
2025-07-10 20:12:05,467 - ADV_Generation_eps_4.0_steps_100_Purification_type_noisy_anchor_anchors_10_alpha_1.2_sigma_0.06_threshold_0.0 - INFO - Batch 71/154: Clean orig accuracy 0.5537 | Clean purify accuracy 0.4586 | Adv orig accuracy: 0.1109 | Adv purify accuracy: 0.1356
2025-07-10 20:12:05,506 - ADV_Generation_eps_4.0_steps_100_Purification_type_noisy_anchor_anchors_10_alpha_1.2_sigma_0.06_threshold_0.0 - INFO - Batch:[71] Adversarial images for this batch already exist
2025-07-10 20:12:09,308 - ADV_Generation_eps_4.0_steps_100_Purification_type_noisy_anchor_anchors_10_alpha_1.2_sigma_0.06_threshold_0.0 - INFO - Batch 72/154: Clean orig accuracy 0.5495 | Clean purify accuracy 0.4592 | Adv orig accuracy: 0.1102 | Adv purify accuracy: 0.1345
2025-07-10 20:12:09,317 - ADV_Generation_eps_4.0_steps_100_Purification_type_noisy_anchor_anchors_10_alpha_1.2_sigma_0.06_threshold_0.0 - INFO - Batch:[72] Adversarial images for this batch already exist
2025-07-10 20:12:13,136 - ADV_Generation_eps_4.0_steps_100_Purification_type_noisy_anchor_anchors_10_alpha_1.2_sigma_0.06_threshold_0.0 - INFO - Batch 73/154: Clean orig accuracy 0.5454 | Clean purify accuracy 0.4632 | Adv orig accuracy: 0.1087 | Adv purify accuracy: 0.1361
2025-07-10 20:12:13,147 - ADV_Generation_eps_4.0_steps_100_Purification_type_noisy_anchor_anchors_10_alpha_1.2_sigma_0.06_threshold_0.0 - INFO - Batch:[73] Adversarial images for this batch already exist
2025-07-10 20:12:17,003 - ADV_Generation_eps_4.0_steps_100_Purification_type_noisy_anchor_anchors_10_alpha_1.2_sigma_0.06_threshold_0.0 - INFO - Batch 74/154: Clean orig accuracy 0.5422 | Clean purify accuracy 0.4637 | Adv orig accuracy: 0.1115 | Adv purify accuracy: 0.1385
2025-07-10 20:12:17,013 - ADV_Generation_eps_4.0_steps_100_Purification_type_noisy_anchor_anchors_10_alpha_1.2_sigma_0.06_threshold_0.0 - INFO - Batch:[74] Adversarial images for this batch already exist
2025-07-10 20:12:20,825 - ADV_Generation_eps_4.0_steps_100_Purification_type_noisy_anchor_anchors_10_alpha_1.2_sigma_0.06_threshold_0.0 - INFO - Batch 75/154: Clean orig accuracy 0.5483 | Clean purify accuracy 0.4708 | Adv orig accuracy: 0.1225 | Adv purify accuracy: 0.1500
2025-07-10 20:12:20,834 - ADV_Generation_eps_4.0_steps_100_Purification_type_noisy_anchor_anchors_10_alpha_1.2_sigma_0.06_threshold_0.0 - INFO - Batch:[75] Adversarial images for this batch already exist
2025-07-10 20:12:24,929 - ADV_Generation_eps_4.0_steps_100_Purification_type_noisy_anchor_anchors_10_alpha_1.2_sigma_0.06_threshold_0.0 - INFO - Batch 76/154: Clean orig accuracy 0.5477 | Clean purify accuracy 0.4712 | Adv orig accuracy: 0.1250 | Adv purify accuracy: 0.1530
2025-07-10 20:12:24,939 - ADV_Generation_eps_4.0_steps_100_Purification_type_noisy_anchor_anchors_10_alpha_1.2_sigma_0.06_threshold_0.0 - INFO - Batch:[76] Adversarial images for this batch already exist
2025-07-10 20:12:28,826 - ADV_Generation_eps_4.0_steps_100_Purification_type_noisy_anchor_anchors_10_alpha_1.2_sigma_0.06_threshold_0.0 - INFO - Batch 77/154: Clean orig accuracy 0.5446 | Clean purify accuracy 0.4692 | Adv orig accuracy: 0.1242 | Adv purify accuracy: 0.1534
2025-07-10 20:12:28,835 - ADV_Generation_eps_4.0_steps_100_Purification_type_noisy_anchor_anchors_10_alpha_1.2_sigma_0.06_threshold_0.0 - INFO - Batch:[77] Adversarial images for this batch already exist
2025-07-10 20:12:32,735 - ADV_Generation_eps_4.0_steps_100_Purification_type_noisy_anchor_anchors_10_alpha_1.2_sigma_0.06_threshold_0.0 - INFO - Batch 78/154: Clean orig accuracy 0.5497 | Clean purify accuracy 0.4752 | Adv orig accuracy: 0.1290 | Adv purify accuracy: 0.1595
2025-07-10 20:12:32,746 - ADV_Generation_eps_4.0_steps_100_Purification_type_noisy_anchor_anchors_10_alpha_1.2_sigma_0.06_threshold_0.0 - INFO - Batch:[78] Adversarial images for this batch already exist
2025-07-10 20:12:36,560 - ADV_Generation_eps_4.0_steps_100_Purification_type_noisy_anchor_anchors_10_alpha_1.2_sigma_0.06_threshold_0.0 - INFO - Batch 79/154: Clean orig accuracy 0.5538 | Clean purify accuracy 0.4802 | Adv orig accuracy: 0.1305 | Adv purify accuracy: 0.1638
2025-07-10 20:12:36,571 - ADV_Generation_eps_4.0_steps_100_Purification_type_noisy_anchor_anchors_10_alpha_1.2_sigma_0.06_threshold_0.0 - INFO - Batch:[79] Adversarial images for this batch already exist
2025-07-10 20:12:40,350 - ADV_Generation_eps_4.0_steps_100_Purification_type_noisy_anchor_anchors_10_alpha_1.2_sigma_0.06_threshold_0.0 - INFO - Batch 80/154: Clean orig accuracy 0.5578 | Clean purify accuracy 0.4852 | Adv orig accuracy: 0.1359 | Adv purify accuracy: 0.1688
2025-07-10 20:12:40,360 - ADV_Generation_eps_4.0_steps_100_Purification_type_noisy_anchor_anchors_10_alpha_1.2_sigma_0.06_threshold_0.0 - INFO - Batch:[80] Adversarial images for this batch already exist
2025-07-10 20:12:44,193 - ADV_Generation_eps_4.0_steps_100_Purification_type_noisy_anchor_anchors_10_alpha_1.2_sigma_0.06_threshold_0.0 - INFO - Batch 81/154: Clean orig accuracy 0.5571 | Clean purify accuracy 0.4807 | Adv orig accuracy: 0.1343 | Adv purify accuracy: 0.1667
2025-07-10 20:12:44,204 - ADV_Generation_eps_4.0_steps_100_Purification_type_noisy_anchor_anchors_10_alpha_1.2_sigma_0.06_threshold_0.0 - INFO - Batch:[81] Adversarial images for this batch already exist
2025-07-10 20:12:48,003 - ADV_Generation_eps_4.0_steps_100_Purification_type_noisy_anchor_anchors_10_alpha_1.2_sigma_0.06_threshold_0.0 - INFO - Batch 82/154: Clean orig accuracy 0.5541 | Clean purify accuracy 0.4771 | Adv orig accuracy: 0.1326 | Adv purify accuracy: 0.1646
2025-07-10 20:12:48,013 - ADV_Generation_eps_4.0_steps_100_Purification_type_noisy_anchor_anchors_10_alpha_1.2_sigma_0.06_threshold_0.0 - INFO - Batch:[82] Adversarial images for this batch already exist
2025-07-10 20:12:51,836 - ADV_Generation_eps_4.0_steps_100_Purification_type_noisy_anchor_anchors_10_alpha_1.2_sigma_0.06_threshold_0.0 - INFO - Batch 83/154: Clean orig accuracy 0.5497 | Clean purify accuracy 0.4729 | Adv orig accuracy: 0.1310 | Adv purify accuracy: 0.1627
2025-07-10 20:12:51,846 - ADV_Generation_eps_4.0_steps_100_Purification_type_noisy_anchor_anchors_10_alpha_1.2_sigma_0.06_threshold_0.0 - INFO - Batch:[83] Adversarial images for this batch already exist
2025-07-10 20:12:55,627 - ADV_Generation_eps_4.0_steps_100_Purification_type_noisy_anchor_anchors_10_alpha_1.2_sigma_0.06_threshold_0.0 - INFO - Batch 84/154: Clean orig accuracy 0.5476 | Clean purify accuracy 0.4702 | Adv orig accuracy: 0.1295 | Adv purify accuracy: 0.1615
2025-07-10 20:12:55,637 - ADV_Generation_eps_4.0_steps_100_Purification_type_noisy_anchor_anchors_10_alpha_1.2_sigma_0.06_threshold_0.0 - INFO - Batch:[84] Adversarial images for this batch already exist
2025-07-10 20:12:59,420 - ADV_Generation_eps_4.0_steps_100_Purification_type_noisy_anchor_anchors_10_alpha_1.2_sigma_0.06_threshold_0.0 - INFO - Batch 85/154: Clean orig accuracy 0.5500 | Clean purify accuracy 0.4735 | Adv orig accuracy: 0.1309 | Adv purify accuracy: 0.1618
2025-07-10 20:12:59,436 - ADV_Generation_eps_4.0_steps_100_Purification_type_noisy_anchor_anchors_10_alpha_1.2_sigma_0.06_threshold_0.0 - INFO - Batch:[85] Adversarial images for this batch already exist
2025-07-10 20:13:03,200 - ADV_Generation_eps_4.0_steps_100_Purification_type_noisy_anchor_anchors_10_alpha_1.2_sigma_0.06_threshold_0.0 - INFO - Batch 86/154: Clean orig accuracy 0.5545 | Clean purify accuracy 0.4775 | Adv orig accuracy: 0.1330 | Adv purify accuracy: 0.1635
2025-07-10 20:13:03,210 - ADV_Generation_eps_4.0_steps_100_Purification_type_noisy_anchor_anchors_10_alpha_1.2_sigma_0.06_threshold_0.0 - INFO - Batch:[86] Adversarial images for this batch already exist
2025-07-10 20:13:06,963 - ADV_Generation_eps_4.0_steps_100_Purification_type_noisy_anchor_anchors_10_alpha_1.2_sigma_0.06_threshold_0.0 - INFO - Batch 87/154: Clean orig accuracy 0.5539 | Clean purify accuracy 0.4777 | Adv orig accuracy: 0.1315 | Adv purify accuracy: 0.1624
2025-07-10 20:13:06,975 - ADV_Generation_eps_4.0_steps_100_Purification_type_noisy_anchor_anchors_10_alpha_1.2_sigma_0.06_threshold_0.0 - INFO - Batch:[87] Adversarial images for this batch already exist
2025-07-10 20:13:10,762 - ADV_Generation_eps_4.0_steps_100_Purification_type_noisy_anchor_anchors_10_alpha_1.2_sigma_0.06_threshold_0.0 - INFO - Batch 88/154: Clean orig accuracy 0.5561 | Clean purify accuracy 0.4787 | Adv orig accuracy: 0.1357 | Adv purify accuracy: 0.1626
2025-07-10 20:13:10,772 - ADV_Generation_eps_4.0_steps_100_Purification_type_noisy_anchor_anchors_10_alpha_1.2_sigma_0.06_threshold_0.0 - INFO - Batch:[88] Adversarial images for this batch already exist
2025-07-10 20:13:14,566 - ADV_Generation_eps_4.0_steps_100_Purification_type_noisy_anchor_anchors_10_alpha_1.2_sigma_0.06_threshold_0.0 - INFO - Batch 89/154: Clean orig accuracy 0.5548 | Clean purify accuracy 0.4754 | Adv orig accuracy: 0.1369 | Adv purify accuracy: 0.1615
2025-07-10 20:13:14,576 - ADV_Generation_eps_4.0_steps_100_Purification_type_noisy_anchor_anchors_10_alpha_1.2_sigma_0.06_threshold_0.0 - INFO - Batch:[89] Adversarial images for this batch already exist
2025-07-10 20:13:18,332 - ADV_Generation_eps_4.0_steps_100_Purification_type_noisy_anchor_anchors_10_alpha_1.2_sigma_0.06_threshold_0.0 - INFO - Batch 90/154: Clean orig accuracy 0.5493 | Clean purify accuracy 0.4708 | Adv orig accuracy: 0.1354 | Adv purify accuracy: 0.1597
2025-07-10 20:13:18,343 - ADV_Generation_eps_4.0_steps_100_Purification_type_noisy_anchor_anchors_10_alpha_1.2_sigma_0.06_threshold_0.0 - INFO - Batch:[90] Adversarial images for this batch already exist
2025-07-10 20:13:22,152 - ADV_Generation_eps_4.0_steps_100_Purification_type_noisy_anchor_anchors_10_alpha_1.2_sigma_0.06_threshold_0.0 - INFO - Batch 91/154: Clean orig accuracy 0.5488 | Clean purify accuracy 0.4712 | Adv orig accuracy: 0.1346 | Adv purify accuracy: 0.1580
2025-07-10 20:13:22,161 - ADV_Generation_eps_4.0_steps_100_Purification_type_noisy_anchor_anchors_10_alpha_1.2_sigma_0.06_threshold_0.0 - INFO - Batch:[91] Adversarial images for this batch already exist
2025-07-10 20:13:25,897 - ADV_Generation_eps_4.0_steps_100_Purification_type_noisy_anchor_anchors_10_alpha_1.2_sigma_0.06_threshold_0.0 - INFO - Batch 92/154: Clean orig accuracy 0.5489 | Clean purify accuracy 0.4728 | Adv orig accuracy: 0.1338 | Adv purify accuracy: 0.1562
2025-07-10 20:13:25,906 - ADV_Generation_eps_4.0_steps_100_Purification_type_noisy_anchor_anchors_10_alpha_1.2_sigma_0.06_threshold_0.0 - INFO - Batch:[92] Adversarial images for this batch already exist
2025-07-10 20:13:29,681 - ADV_Generation_eps_4.0_steps_100_Purification_type_noisy_anchor_anchors_10_alpha_1.2_sigma_0.06_threshold_0.0 - INFO - Batch 93/154: Clean orig accuracy 0.5484 | Clean purify accuracy 0.4724 | Adv orig accuracy: 0.1331 | Adv purify accuracy: 0.1552
2025-07-10 20:13:29,690 - ADV_Generation_eps_4.0_steps_100_Purification_type_noisy_anchor_anchors_10_alpha_1.2_sigma_0.06_threshold_0.0 - INFO - Batch:[93] Adversarial images for this batch already exist
2025-07-10 20:13:33,459 - ADV_Generation_eps_4.0_steps_100_Purification_type_noisy_anchor_anchors_10_alpha_1.2_sigma_0.06_threshold_0.0 - INFO - Batch 94/154: Clean orig accuracy 0.5485 | Clean purify accuracy 0.4727 | Adv orig accuracy: 0.1330 | Adv purify accuracy: 0.1556
2025-07-10 20:13:33,468 - ADV_Generation_eps_4.0_steps_100_Purification_type_noisy_anchor_anchors_10_alpha_1.2_sigma_0.06_threshold_0.0 - INFO - Batch:[94] Adversarial images for this batch already exist
2025-07-10 20:13:37,385 - ADV_Generation_eps_4.0_steps_100_Purification_type_noisy_anchor_anchors_10_alpha_1.2_sigma_0.06_threshold_0.0 - INFO - Batch 95/154: Clean orig accuracy 0.5507 | Clean purify accuracy 0.4763 | Adv orig accuracy: 0.1316 | Adv purify accuracy: 0.1559
2025-07-10 20:13:37,396 - ADV_Generation_eps_4.0_steps_100_Purification_type_noisy_anchor_anchors_10_alpha_1.2_sigma_0.06_threshold_0.0 - INFO - Batch:[95] Adversarial images for this batch already exist
2025-07-10 20:13:41,162 - ADV_Generation_eps_4.0_steps_100_Purification_type_noisy_anchor_anchors_10_alpha_1.2_sigma_0.06_threshold_0.0 - INFO - Batch 96/154: Clean orig accuracy 0.5527 | Clean purify accuracy 0.4798 | Adv orig accuracy: 0.1302 | Adv purify accuracy: 0.1543
2025-07-10 20:13:41,171 - ADV_Generation_eps_4.0_steps_100_Purification_type_noisy_anchor_anchors_10_alpha_1.2_sigma_0.06_threshold_0.0 - INFO - Batch:[96] Adversarial images for this batch already exist
2025-07-10 20:13:44,905 - ADV_Generation_eps_4.0_steps_100_Purification_type_noisy_anchor_anchors_10_alpha_1.2_sigma_0.06_threshold_0.0 - INFO - Batch 97/154: Clean orig accuracy 0.5509 | Clean purify accuracy 0.4800 | Adv orig accuracy: 0.1289 | Adv purify accuracy: 0.1534
2025-07-10 20:13:44,916 - ADV_Generation_eps_4.0_steps_100_Purification_type_noisy_anchor_anchors_10_alpha_1.2_sigma_0.06_threshold_0.0 - INFO - Batch:[97] Adversarial images for this batch already exist
2025-07-10 20:13:48,749 - ADV_Generation_eps_4.0_steps_100_Purification_type_noisy_anchor_anchors_10_alpha_1.2_sigma_0.06_threshold_0.0 - INFO - Batch 98/154: Clean orig accuracy 0.5491 | Clean purify accuracy 0.4770 | Adv orig accuracy: 0.1276 | Adv purify accuracy: 0.1518
2025-07-10 20:13:48,758 - ADV_Generation_eps_4.0_steps_100_Purification_type_noisy_anchor_anchors_10_alpha_1.2_sigma_0.06_threshold_0.0 - INFO - Batch:[98] Adversarial images for this batch already exist
2025-07-10 20:13:52,582 - ADV_Generation_eps_4.0_steps_100_Purification_type_noisy_anchor_anchors_10_alpha_1.2_sigma_0.06_threshold_0.0 - INFO - Batch 99/154: Clean orig accuracy 0.5480 | Clean purify accuracy 0.4735 | Adv orig accuracy: 0.1263 | Adv purify accuracy: 0.1503
2025-07-10 20:13:52,592 - ADV_Generation_eps_4.0_steps_100_Purification_type_noisy_anchor_anchors_10_alpha_1.2_sigma_0.06_threshold_0.0 - INFO - Batch:[99] Adversarial images for this batch already exist
2025-07-10 20:13:56,280 - ADV_Generation_eps_4.0_steps_100_Purification_type_noisy_anchor_anchors_10_alpha_1.2_sigma_0.06_threshold_0.0 - INFO - Batch 100/154: Clean orig accuracy 0.5450 | Clean purify accuracy 0.4700 | Adv orig accuracy: 0.1250 | Adv purify accuracy: 0.1487
2025-07-10 20:13:56,298 - ADV_Generation_eps_4.0_steps_100_Purification_type_noisy_anchor_anchors_10_alpha_1.2_sigma_0.06_threshold_0.0 - INFO - Batch:[100] Adversarial images for this batch already exist
2025-07-10 20:14:00,081 - ADV_Generation_eps_4.0_steps_100_Purification_type_noisy_anchor_anchors_10_alpha_1.2_sigma_0.06_threshold_0.0 - INFO - Batch 101/154: Clean orig accuracy 0.5415 | Clean purify accuracy 0.4672 | Adv orig accuracy: 0.1238 | Adv purify accuracy: 0.1473
2025-07-10 20:14:00,091 - ADV_Generation_eps_4.0_steps_100_Purification_type_noisy_anchor_anchors_10_alpha_1.2_sigma_0.06_threshold_0.0 - INFO - Batch:[101] Adversarial images for this batch already exist
2025-07-10 20:14:03,920 - ADV_Generation_eps_4.0_steps_100_Purification_type_noisy_anchor_anchors_10_alpha_1.2_sigma_0.06_threshold_0.0 - INFO - Batch 102/154: Clean orig accuracy 0.5453 | Clean purify accuracy 0.4688 | Adv orig accuracy: 0.1256 | Adv purify accuracy: 0.1489
2025-07-10 20:14:03,930 - ADV_Generation_eps_4.0_steps_100_Purification_type_noisy_anchor_anchors_10_alpha_1.2_sigma_0.06_threshold_0.0 - INFO - Batch:[102] Adversarial images for this batch already exist
2025-07-10 20:14:07,736 - ADV_Generation_eps_4.0_steps_100_Purification_type_noisy_anchor_anchors_10_alpha_1.2_sigma_0.06_threshold_0.0 - INFO - Batch 103/154: Clean orig accuracy 0.5485 | Clean purify accuracy 0.4727 | Adv orig accuracy: 0.1292 | Adv purify accuracy: 0.1541
2025-07-10 20:14:07,746 - ADV_Generation_eps_4.0_steps_100_Purification_type_noisy_anchor_anchors_10_alpha_1.2_sigma_0.06_threshold_0.0 - INFO - Batch:[103] Adversarial images for this batch already exist
2025-07-10 20:14:11,570 - ADV_Generation_eps_4.0_steps_100_Purification_type_noisy_anchor_anchors_10_alpha_1.2_sigma_0.06_threshold_0.0 - INFO - Batch 104/154: Clean orig accuracy 0.5499 | Clean purify accuracy 0.4700 | Adv orig accuracy: 0.1280 | Adv purify accuracy: 0.1526
2025-07-10 20:14:11,580 - ADV_Generation_eps_4.0_steps_100_Purification_type_noisy_anchor_anchors_10_alpha_1.2_sigma_0.06_threshold_0.0 - INFO - Batch:[104] Adversarial images for this batch already exist
2025-07-10 20:14:15,433 - ADV_Generation_eps_4.0_steps_100_Purification_type_noisy_anchor_anchors_10_alpha_1.2_sigma_0.06_threshold_0.0 - INFO - Batch 105/154: Clean orig accuracy 0.5536 | Clean purify accuracy 0.4744 | Adv orig accuracy: 0.1304 | Adv purify accuracy: 0.1571
2025-07-10 20:14:15,508 - ADV_Generation_eps_4.0_steps_100_Purification_type_noisy_anchor_anchors_10_alpha_1.2_sigma_0.06_threshold_0.0 - INFO - Batch:[105] Adversarial images for this batch already exist
2025-07-10 20:14:19,278 - ADV_Generation_eps_4.0_steps_100_Purification_type_noisy_anchor_anchors_10_alpha_1.2_sigma_0.06_threshold_0.0 - INFO - Batch 106/154: Clean orig accuracy 0.5560 | Clean purify accuracy 0.4764 | Adv orig accuracy: 0.1321 | Adv purify accuracy: 0.1580
2025-07-10 20:14:19,288 - ADV_Generation_eps_4.0_steps_100_Purification_type_noisy_anchor_anchors_10_alpha_1.2_sigma_0.06_threshold_0.0 - INFO - Batch:[106] Adversarial images for this batch already exist
2025-07-10 20:14:23,055 - ADV_Generation_eps_4.0_steps_100_Purification_type_noisy_anchor_anchors_10_alpha_1.2_sigma_0.06_threshold_0.0 - INFO - Batch 107/154: Clean orig accuracy 0.5555 | Clean purify accuracy 0.4743 | Adv orig accuracy: 0.1308 | Adv purify accuracy: 0.1565
2025-07-10 20:14:23,064 - ADV_Generation_eps_4.0_steps_100_Purification_type_noisy_anchor_anchors_10_alpha_1.2_sigma_0.06_threshold_0.0 - INFO - Batch:[107] Adversarial images for this batch already exist
2025-07-10 20:14:26,865 - ADV_Generation_eps_4.0_steps_100_Purification_type_noisy_anchor_anchors_10_alpha_1.2_sigma_0.06_threshold_0.0 - INFO - Batch 108/154: Clean orig accuracy 0.5584 | Clean purify accuracy 0.4757 | Adv orig accuracy: 0.1337 | Adv purify accuracy: 0.1580
2025-07-10 20:14:26,878 - ADV_Generation_eps_4.0_steps_100_Purification_type_noisy_anchor_anchors_10_alpha_1.2_sigma_0.06_threshold_0.0 - INFO - Batch:[108] Adversarial images for this batch already exist
2025-07-10 20:14:30,643 - ADV_Generation_eps_4.0_steps_100_Purification_type_noisy_anchor_anchors_10_alpha_1.2_sigma_0.06_threshold_0.0 - INFO - Batch 109/154: Clean orig accuracy 0.5573 | Clean purify accuracy 0.4748 | Adv orig accuracy: 0.1336 | Adv purify accuracy: 0.1565
2025-07-10 20:14:30,659 - ADV_Generation_eps_4.0_steps_100_Purification_type_noisy_anchor_anchors_10_alpha_1.2_sigma_0.06_threshold_0.0 - INFO - Batch:[109] Adversarial images for this batch already exist
2025-07-10 20:14:34,439 - ADV_Generation_eps_4.0_steps_100_Purification_type_noisy_anchor_anchors_10_alpha_1.2_sigma_0.06_threshold_0.0 - INFO - Batch 110/154: Clean orig accuracy 0.5528 | Clean purify accuracy 0.4705 | Adv orig accuracy: 0.1324 | Adv purify accuracy: 0.1551
2025-07-10 20:14:34,449 - ADV_Generation_eps_4.0_steps_100_Purification_type_noisy_anchor_anchors_10_alpha_1.2_sigma_0.06_threshold_0.0 - INFO - Batch:[110] Adversarial images for this batch already exist
2025-07-10 20:14:38,289 - ADV_Generation_eps_4.0_steps_100_Purification_type_noisy_anchor_anchors_10_alpha_1.2_sigma_0.06_threshold_0.0 - INFO - Batch 111/154: Clean orig accuracy 0.5541 | Clean purify accuracy 0.4724 | Adv orig accuracy: 0.1374 | Adv purify accuracy: 0.1599
2025-07-10 20:14:38,299 - ADV_Generation_eps_4.0_steps_100_Purification_type_noisy_anchor_anchors_10_alpha_1.2_sigma_0.06_threshold_0.0 - INFO - Batch:[111] Adversarial images for this batch already exist
2025-07-10 20:14:42,092 - ADV_Generation_eps_4.0_steps_100_Purification_type_noisy_anchor_anchors_10_alpha_1.2_sigma_0.06_threshold_0.0 - INFO - Batch 112/154: Clean orig accuracy 0.5536 | Clean purify accuracy 0.4727 | Adv orig accuracy: 0.1390 | Adv purify accuracy: 0.1613
2025-07-10 20:14:42,102 - ADV_Generation_eps_4.0_steps_100_Purification_type_noisy_anchor_anchors_10_alpha_1.2_sigma_0.06_threshold_0.0 - INFO - Batch:[112] Adversarial images for this batch already exist
2025-07-10 20:14:45,880 - ADV_Generation_eps_4.0_steps_100_Purification_type_noisy_anchor_anchors_10_alpha_1.2_sigma_0.06_threshold_0.0 - INFO - Batch 113/154: Clean orig accuracy 0.5559 | Clean purify accuracy 0.4729 | Adv orig accuracy: 0.1399 | Adv purify accuracy: 0.1598
2025-07-10 20:14:45,889 - ADV_Generation_eps_4.0_steps_100_Purification_type_noisy_anchor_anchors_10_alpha_1.2_sigma_0.06_threshold_0.0 - INFO - Batch:[113] Adversarial images for this batch already exist
2025-07-10 20:14:49,661 - ADV_Generation_eps_4.0_steps_100_Purification_type_noisy_anchor_anchors_10_alpha_1.2_sigma_0.06_threshold_0.0 - INFO - Batch 114/154: Clean orig accuracy 0.5532 | Clean purify accuracy 0.4704 | Adv orig accuracy: 0.1404 | Adv purify accuracy: 0.1590
2025-07-10 20:14:49,671 - ADV_Generation_eps_4.0_steps_100_Purification_type_noisy_anchor_anchors_10_alpha_1.2_sigma_0.06_threshold_0.0 - INFO - Batch:[114] Adversarial images for this batch already exist
2025-07-10 20:14:53,429 - ADV_Generation_eps_4.0_steps_100_Purification_type_noisy_anchor_anchors_10_alpha_1.2_sigma_0.06_threshold_0.0 - INFO - Batch 115/154: Clean orig accuracy 0.5554 | Clean purify accuracy 0.4734 | Adv orig accuracy: 0.1462 | Adv purify accuracy: 0.1647
2025-07-10 20:14:53,438 - ADV_Generation_eps_4.0_steps_100_Purification_type_noisy_anchor_anchors_10_alpha_1.2_sigma_0.06_threshold_0.0 - INFO - Batch:[115] Adversarial images for this batch already exist
2025-07-10 20:14:57,195 - ADV_Generation_eps_4.0_steps_100_Purification_type_noisy_anchor_anchors_10_alpha_1.2_sigma_0.06_threshold_0.0 - INFO - Batch 116/154: Clean orig accuracy 0.5512 | Clean purify accuracy 0.4698 | Adv orig accuracy: 0.1455 | Adv purify accuracy: 0.1638
2025-07-10 20:14:57,207 - ADV_Generation_eps_4.0_steps_100_Purification_type_noisy_anchor_anchors_10_alpha_1.2_sigma_0.06_threshold_0.0 - INFO - Batch:[116] Adversarial images for this batch already exist
2025-07-10 20:15:00,996 - ADV_Generation_eps_4.0_steps_100_Purification_type_noisy_anchor_anchors_10_alpha_1.2_sigma_0.06_threshold_0.0 - INFO - Batch 117/154: Clean orig accuracy 0.5465 | Clean purify accuracy 0.4663 | Adv orig accuracy: 0.1442 | Adv purify accuracy: 0.1624
2025-07-10 20:15:01,005 - ADV_Generation_eps_4.0_steps_100_Purification_type_noisy_anchor_anchors_10_alpha_1.2_sigma_0.06_threshold_0.0 - INFO - Batch:[117] Adversarial images for this batch already exist
2025-07-10 20:15:04,758 - ADV_Generation_eps_4.0_steps_100_Purification_type_noisy_anchor_anchors_10_alpha_1.2_sigma_0.06_threshold_0.0 - INFO - Batch 118/154: Clean orig accuracy 0.5503 | Clean purify accuracy 0.4703 | Adv orig accuracy: 0.1472 | Adv purify accuracy: 0.1637
2025-07-10 20:15:04,768 - ADV_Generation_eps_4.0_steps_100_Purification_type_noisy_anchor_anchors_10_alpha_1.2_sigma_0.06_threshold_0.0 - INFO - Batch:[118] Adversarial images for this batch already exist
2025-07-10 20:15:08,568 - ADV_Generation_eps_4.0_steps_100_Purification_type_noisy_anchor_anchors_10_alpha_1.2_sigma_0.06_threshold_0.0 - INFO - Batch 119/154: Clean orig accuracy 0.5515 | Clean purify accuracy 0.4690 | Adv orig accuracy: 0.1465 | Adv purify accuracy: 0.1628
2025-07-10 20:15:08,577 - ADV_Generation_eps_4.0_steps_100_Purification_type_noisy_anchor_anchors_10_alpha_1.2_sigma_0.06_threshold_0.0 - INFO - Batch:[119] Adversarial images for this batch already exist
2025-07-10 20:15:12,418 - ADV_Generation_eps_4.0_steps_100_Purification_type_noisy_anchor_anchors_10_alpha_1.2_sigma_0.06_threshold_0.0 - INFO - Batch 120/154: Clean orig accuracy 0.5542 | Clean purify accuracy 0.4719 | Adv orig accuracy: 0.1495 | Adv purify accuracy: 0.1646
2025-07-10 20:15:12,436 - ADV_Generation_eps_4.0_steps_100_Purification_type_noisy_anchor_anchors_10_alpha_1.2_sigma_0.06_threshold_0.0 - INFO - Batch:[120] Adversarial images for this batch already exist
2025-07-10 20:15:16,280 - ADV_Generation_eps_4.0_steps_100_Purification_type_noisy_anchor_anchors_10_alpha_1.2_sigma_0.06_threshold_0.0 - INFO - Batch 121/154: Clean orig accuracy 0.5573 | Clean purify accuracy 0.4757 | Adv orig accuracy: 0.1524 | Adv purify accuracy: 0.1674
2025-07-10 20:15:16,290 - ADV_Generation_eps_4.0_steps_100_Purification_type_noisy_anchor_anchors_10_alpha_1.2_sigma_0.06_threshold_0.0 - INFO - Batch:[121] Adversarial images for this batch already exist
2025-07-10 20:15:20,153 - ADV_Generation_eps_4.0_steps_100_Purification_type_noisy_anchor_anchors_10_alpha_1.2_sigma_0.06_threshold_0.0 - INFO - Batch 122/154: Clean orig accuracy 0.5599 | Clean purify accuracy 0.4795 | Adv orig accuracy: 0.1527 | Adv purify accuracy: 0.1696
2025-07-10 20:15:20,163 - ADV_Generation_eps_4.0_steps_100_Purification_type_noisy_anchor_anchors_10_alpha_1.2_sigma_0.06_threshold_0.0 - INFO - Batch:[122] Adversarial images for this batch already exist
2025-07-10 20:15:24,193 - ADV_Generation_eps_4.0_steps_100_Purification_type_noisy_anchor_anchors_10_alpha_1.2_sigma_0.06_threshold_0.0 - INFO - Batch 123/154: Clean orig accuracy 0.5605 | Clean purify accuracy 0.4817 | Adv orig accuracy: 0.1519 | Adv purify accuracy: 0.1687
2025-07-10 20:15:24,203 - ADV_Generation_eps_4.0_steps_100_Purification_type_noisy_anchor_anchors_10_alpha_1.2_sigma_0.06_threshold_0.0 - INFO - Batch:[123] Adversarial images for this batch already exist
2025-07-10 20:15:28,144 - ADV_Generation_eps_4.0_steps_100_Purification_type_noisy_anchor_anchors_10_alpha_1.2_sigma_0.06_threshold_0.0 - INFO - Batch 124/154: Clean orig accuracy 0.5635 | Clean purify accuracy 0.4839 | Adv orig accuracy: 0.1542 | Adv purify accuracy: 0.1719
2025-07-10 20:15:28,153 - ADV_Generation_eps_4.0_steps_100_Purification_type_noisy_anchor_anchors_10_alpha_1.2_sigma_0.06_threshold_0.0 - INFO - Batch:[124] Adversarial images for this batch already exist
2025-07-10 20:15:31,976 - ADV_Generation_eps_4.0_steps_100_Purification_type_noisy_anchor_anchors_10_alpha_1.2_sigma_0.06_threshold_0.0 - INFO - Batch 125/154: Clean orig accuracy 0.5665 | Clean purify accuracy 0.4875 | Adv orig accuracy: 0.1590 | Adv purify accuracy: 0.1755
2025-07-10 20:15:32,010 - ADV_Generation_eps_4.0_steps_100_Purification_type_noisy_anchor_anchors_10_alpha_1.2_sigma_0.06_threshold_0.0 - INFO - Batch:[125] Adversarial images for this batch already exist
2025-07-10 20:15:35,809 - ADV_Generation_eps_4.0_steps_100_Purification_type_noisy_anchor_anchors_10_alpha_1.2_sigma_0.06_threshold_0.0 - INFO - Batch 126/154: Clean orig accuracy 0.5665 | Clean purify accuracy 0.4876 | Adv orig accuracy: 0.1582 | Adv purify accuracy: 0.1741
2025-07-10 20:15:35,819 - ADV_Generation_eps_4.0_steps_100_Purification_type_noisy_anchor_anchors_10_alpha_1.2_sigma_0.06_threshold_0.0 - INFO - Batch:[126] Adversarial images for this batch already exist
2025-07-10 20:15:39,605 - ADV_Generation_eps_4.0_steps_100_Purification_type_noisy_anchor_anchors_10_alpha_1.2_sigma_0.06_threshold_0.0 - INFO - Batch 127/154: Clean orig accuracy 0.5659 | Clean purify accuracy 0.4877 | Adv orig accuracy: 0.1585 | Adv purify accuracy: 0.1732
2025-07-10 20:15:39,614 - ADV_Generation_eps_4.0_steps_100_Purification_type_noisy_anchor_anchors_10_alpha_1.2_sigma_0.06_threshold_0.0 - INFO - Batch:[127] Adversarial images for this batch already exist
2025-07-10 20:15:43,455 - ADV_Generation_eps_4.0_steps_100_Purification_type_noisy_anchor_anchors_10_alpha_1.2_sigma_0.06_threshold_0.0 - INFO - Batch 128/154: Clean orig accuracy 0.5693 | Clean purify accuracy 0.4907 | Adv orig accuracy: 0.1592 | Adv purify accuracy: 0.1748
2025-07-10 20:15:43,467 - ADV_Generation_eps_4.0_steps_100_Purification_type_noisy_anchor_anchors_10_alpha_1.2_sigma_0.06_threshold_0.0 - INFO - Batch:[128] Adversarial images for this batch already exist
2025-07-10 20:15:47,233 - ADV_Generation_eps_4.0_steps_100_Purification_type_noisy_anchor_anchors_10_alpha_1.2_sigma_0.06_threshold_0.0 - INFO - Batch 129/154: Clean orig accuracy 0.5703 | Clean purify accuracy 0.4913 | Adv orig accuracy: 0.1594 | Adv purify accuracy: 0.1759
2025-07-10 20:15:47,242 - ADV_Generation_eps_4.0_steps_100_Purification_type_noisy_anchor_anchors_10_alpha_1.2_sigma_0.06_threshold_0.0 - INFO - Batch:[129] Adversarial images for this batch already exist
2025-07-10 20:15:51,049 - ADV_Generation_eps_4.0_steps_100_Purification_type_noisy_anchor_anchors_10_alpha_1.2_sigma_0.06_threshold_0.0 - INFO - Batch 130/154: Clean orig accuracy 0.5707 | Clean purify accuracy 0.4923 | Adv orig accuracy: 0.1620 | Adv purify accuracy: 0.1788
2025-07-10 20:15:51,071 - ADV_Generation_eps_4.0_steps_100_Purification_type_noisy_anchor_anchors_10_alpha_1.2_sigma_0.06_threshold_0.0 - INFO - Batch:[130] Adversarial images for this batch already exist
2025-07-10 20:15:54,923 - ADV_Generation_eps_4.0_steps_100_Purification_type_noisy_anchor_anchors_10_alpha_1.2_sigma_0.06_threshold_0.0 - INFO - Batch 131/154: Clean orig accuracy 0.5692 | Clean purify accuracy 0.4905 | Adv orig accuracy: 0.1608 | Adv purify accuracy: 0.1775
2025-07-10 20:15:54,981 - ADV_Generation_eps_4.0_steps_100_Purification_type_noisy_anchor_anchors_10_alpha_1.2_sigma_0.06_threshold_0.0 - INFO - Batch:[131] Adversarial images for this batch already exist
2025-07-10 20:15:58,919 - ADV_Generation_eps_4.0_steps_100_Purification_type_noisy_anchor_anchors_10_alpha_1.2_sigma_0.06_threshold_0.0 - INFO - Batch 132/154: Clean orig accuracy 0.5696 | Clean purify accuracy 0.4910 | Adv orig accuracy: 0.1605 | Adv purify accuracy: 0.1771
2025-07-10 20:15:58,929 - ADV_Generation_eps_4.0_steps_100_Purification_type_noisy_anchor_anchors_10_alpha_1.2_sigma_0.06_threshold_0.0 - INFO - Batch:[132] Adversarial images for this batch already exist
2025-07-10 20:16:02,736 - ADV_Generation_eps_4.0_steps_100_Purification_type_noisy_anchor_anchors_10_alpha_1.2_sigma_0.06_threshold_0.0 - INFO - Batch 133/154: Clean orig accuracy 0.5700 | Clean purify accuracy 0.4920 | Adv orig accuracy: 0.1598 | Adv purify accuracy: 0.1767
2025-07-10 20:16:02,745 - ADV_Generation_eps_4.0_steps_100_Purification_type_noisy_anchor_anchors_10_alpha_1.2_sigma_0.06_threshold_0.0 - INFO - Batch:[133] Adversarial images for this batch already exist
2025-07-10 20:16:06,550 - ADV_Generation_eps_4.0_steps_100_Purification_type_noisy_anchor_anchors_10_alpha_1.2_sigma_0.06_threshold_0.0 - INFO - Batch 134/154: Clean orig accuracy 0.5690 | Clean purify accuracy 0.4907 | Adv orig accuracy: 0.1600 | Adv purify accuracy: 0.1763
2025-07-10 20:16:06,559 - ADV_Generation_eps_4.0_steps_100_Purification_type_noisy_anchor_anchors_10_alpha_1.2_sigma_0.06_threshold_0.0 - INFO - Batch:[134] Adversarial images for this batch already exist
2025-07-10 20:16:10,346 - ADV_Generation_eps_4.0_steps_100_Purification_type_noisy_anchor_anchors_10_alpha_1.2_sigma_0.06_threshold_0.0 - INFO - Batch 135/154: Clean orig accuracy 0.5718 | Clean purify accuracy 0.4921 | Adv orig accuracy: 0.1616 | Adv purify accuracy: 0.1778
2025-07-10 20:16:10,355 - ADV_Generation_eps_4.0_steps_100_Purification_type_noisy_anchor_anchors_10_alpha_1.2_sigma_0.06_threshold_0.0 - INFO - Batch:[135] Adversarial images for this batch already exist
2025-07-10 20:16:14,181 - ADV_Generation_eps_4.0_steps_100_Purification_type_noisy_anchor_anchors_10_alpha_1.2_sigma_0.06_threshold_0.0 - INFO - Batch 136/154: Clean orig accuracy 0.5694 | Clean purify accuracy 0.4903 | Adv orig accuracy: 0.1622 | Adv purify accuracy: 0.1778
2025-07-10 20:16:14,191 - ADV_Generation_eps_4.0_steps_100_Purification_type_noisy_anchor_anchors_10_alpha_1.2_sigma_0.06_threshold_0.0 - INFO - Batch:[136] Adversarial images for this batch already exist
2025-07-10 20:16:17,985 - ADV_Generation_eps_4.0_steps_100_Purification_type_noisy_anchor_anchors_10_alpha_1.2_sigma_0.06_threshold_0.0 - INFO - Batch 137/154: Clean orig accuracy 0.5703 | Clean purify accuracy 0.4909 | Adv orig accuracy: 0.1629 | Adv purify accuracy: 0.1779
2025-07-10 20:16:17,994 - ADV_Generation_eps_4.0_steps_100_Purification_type_noisy_anchor_anchors_10_alpha_1.2_sigma_0.06_threshold_0.0 - INFO - Batch:[137] Adversarial images for this batch already exist
2025-07-10 20:16:21,813 - ADV_Generation_eps_4.0_steps_100_Purification_type_noisy_anchor_anchors_10_alpha_1.2_sigma_0.06_threshold_0.0 - INFO - Batch 138/154: Clean orig accuracy 0.5711 | Clean purify accuracy 0.4896 | Adv orig accuracy: 0.1626 | Adv purify accuracy: 0.1771
2025-07-10 20:16:21,836 - ADV_Generation_eps_4.0_steps_100_Purification_type_noisy_anchor_anchors_10_alpha_1.2_sigma_0.06_threshold_0.0 - INFO - Batch:[138] Adversarial images for this batch already exist
2025-07-10 20:16:25,615 - ADV_Generation_eps_4.0_steps_100_Purification_type_noisy_anchor_anchors_10_alpha_1.2_sigma_0.06_threshold_0.0 - INFO - Batch 139/154: Clean orig accuracy 0.5737 | Clean purify accuracy 0.4910 | Adv orig accuracy: 0.1650 | Adv purify accuracy: 0.1772
2025-07-10 20:16:25,625 - ADV_Generation_eps_4.0_steps_100_Purification_type_noisy_anchor_anchors_10_alpha_1.2_sigma_0.06_threshold_0.0 - INFO - Batch:[139] Adversarial images for this batch already exist
2025-07-10 20:16:29,551 - ADV_Generation_eps_4.0_steps_100_Purification_type_noisy_anchor_anchors_10_alpha_1.2_sigma_0.06_threshold_0.0 - INFO - Batch 140/154: Clean orig accuracy 0.5705 | Clean purify accuracy 0.4879 | Adv orig accuracy: 0.1638 | Adv purify accuracy: 0.1759
2025-07-10 20:16:29,560 - ADV_Generation_eps_4.0_steps_100_Purification_type_noisy_anchor_anchors_10_alpha_1.2_sigma_0.06_threshold_0.0 - INFO - Batch:[140] Adversarial images for this batch already exist
2025-07-10 20:16:33,378 - ADV_Generation_eps_4.0_steps_100_Purification_type_noisy_anchor_anchors_10_alpha_1.2_sigma_0.06_threshold_0.0 - INFO - Batch 141/154: Clean orig accuracy 0.5727 | Clean purify accuracy 0.4911 | Adv orig accuracy: 0.1649 | Adv purify accuracy: 0.1773
2025-07-10 20:16:33,388 - ADV_Generation_eps_4.0_steps_100_Purification_type_noisy_anchor_anchors_10_alpha_1.2_sigma_0.06_threshold_0.0 - INFO - Batch:[141] Adversarial images for this batch already exist
2025-07-10 20:16:37,173 - ADV_Generation_eps_4.0_steps_100_Purification_type_noisy_anchor_anchors_10_alpha_1.2_sigma_0.06_threshold_0.0 - INFO - Batch 142/154: Clean orig accuracy 0.5748 | Clean purify accuracy 0.4934 | Adv orig accuracy: 0.1659 | Adv purify accuracy: 0.1783
2025-07-10 20:16:37,184 - ADV_Generation_eps_4.0_steps_100_Purification_type_noisy_anchor_anchors_10_alpha_1.2_sigma_0.06_threshold_0.0 - INFO - Batch:[142] Adversarial images for this batch already exist
2025-07-10 20:16:40,971 - ADV_Generation_eps_4.0_steps_100_Purification_type_noisy_anchor_anchors_10_alpha_1.2_sigma_0.06_threshold_0.0 - INFO - Batch 143/154: Clean orig accuracy 0.5778 | Clean purify accuracy 0.4965 | Adv orig accuracy: 0.1665 | Adv purify accuracy: 0.1805
2025-07-10 20:16:40,981 - ADV_Generation_eps_4.0_steps_100_Purification_type_noisy_anchor_anchors_10_alpha_1.2_sigma_0.06_threshold_0.0 - INFO - Batch:[143] Adversarial images for this batch already exist
2025-07-10 20:16:44,767 - ADV_Generation_eps_4.0_steps_100_Purification_type_noisy_anchor_anchors_10_alpha_1.2_sigma_0.06_threshold_0.0 - INFO - Batch 144/154: Clean orig accuracy 0.5747 | Clean purify accuracy 0.4939 | Adv orig accuracy: 0.1658 | Adv purify accuracy: 0.1797
2025-07-10 20:16:44,777 - ADV_Generation_eps_4.0_steps_100_Purification_type_noisy_anchor_anchors_10_alpha_1.2_sigma_0.06_threshold_0.0 - INFO - Batch:[144] Adversarial images for this batch already exist
2025-07-10 20:16:48,534 - ADV_Generation_eps_4.0_steps_100_Purification_type_noisy_anchor_anchors_10_alpha_1.2_sigma_0.06_threshold_0.0 - INFO - Batch 145/154: Clean orig accuracy 0.5728 | Clean purify accuracy 0.4927 | Adv orig accuracy: 0.1647 | Adv purify accuracy: 0.1784
2025-07-10 20:16:48,543 - ADV_Generation_eps_4.0_steps_100_Purification_type_noisy_anchor_anchors_10_alpha_1.2_sigma_0.06_threshold_0.0 - INFO - Batch:[145] Adversarial images for this batch already exist
2025-07-10 20:16:52,311 - ADV_Generation_eps_4.0_steps_100_Purification_type_noisy_anchor_anchors_10_alpha_1.2_sigma_0.06_threshold_0.0 - INFO - Batch 146/154: Clean orig accuracy 0.5728 | Clean purify accuracy 0.4923 | Adv orig accuracy: 0.1644 | Adv purify accuracy: 0.1781
2025-07-10 20:16:52,321 - ADV_Generation_eps_4.0_steps_100_Purification_type_noisy_anchor_anchors_10_alpha_1.2_sigma_0.06_threshold_0.0 - INFO - Batch:[146] Adversarial images for this batch already exist
2025-07-10 20:16:56,094 - ADV_Generation_eps_4.0_steps_100_Purification_type_noisy_anchor_anchors_10_alpha_1.2_sigma_0.06_threshold_0.0 - INFO - Batch 147/154: Clean orig accuracy 0.5731 | Clean purify accuracy 0.4936 | Adv orig accuracy: 0.1641 | Adv purify accuracy: 0.1786
2025-07-10 20:16:56,107 - ADV_Generation_eps_4.0_steps_100_Purification_type_noisy_anchor_anchors_10_alpha_1.2_sigma_0.06_threshold_0.0 - INFO - Batch:[147] Adversarial images for this batch already exist
2025-07-10 20:16:59,876 - ADV_Generation_eps_4.0_steps_100_Purification_type_noisy_anchor_anchors_10_alpha_1.2_sigma_0.06_threshold_0.0 - INFO - Batch 148/154: Clean orig accuracy 0.5701 | Clean purify accuracy 0.4911 | Adv orig accuracy: 0.1630 | Adv purify accuracy: 0.1778
2025-07-10 20:16:59,885 - ADV_Generation_eps_4.0_steps_100_Purification_type_noisy_anchor_anchors_10_alpha_1.2_sigma_0.06_threshold_0.0 - INFO - Batch:[148] Adversarial images for this batch already exist
2025-07-10 20:17:03,661 - ADV_Generation_eps_4.0_steps_100_Purification_type_noisy_anchor_anchors_10_alpha_1.2_sigma_0.06_threshold_0.0 - INFO - Batch 149/154: Clean orig accuracy 0.5667 | Clean purify accuracy 0.4878 | Adv orig accuracy: 0.1619 | Adv purify accuracy: 0.1766
2025-07-10 20:17:03,671 - ADV_Generation_eps_4.0_steps_100_Purification_type_noisy_anchor_anchors_10_alpha_1.2_sigma_0.06_threshold_0.0 - INFO - Batch:[149] Adversarial images for this batch already exist
2025-07-10 20:17:07,464 - ADV_Generation_eps_4.0_steps_100_Purification_type_noisy_anchor_anchors_10_alpha_1.2_sigma_0.06_threshold_0.0 - INFO - Batch 150/154: Clean orig accuracy 0.5637 | Clean purify accuracy 0.4858 | Adv orig accuracy: 0.1608 | Adv purify accuracy: 0.1754
2025-07-10 20:17:07,473 - ADV_Generation_eps_4.0_steps_100_Purification_type_noisy_anchor_anchors_10_alpha_1.2_sigma_0.06_threshold_0.0 - INFO - Batch:[150] Adversarial images for this batch already exist
2025-07-10 20:17:11,283 - ADV_Generation_eps_4.0_steps_100_Purification_type_noisy_anchor_anchors_10_alpha_1.2_sigma_0.06_threshold_0.0 - INFO - Batch 151/154: Clean orig accuracy 0.5629 | Clean purify accuracy 0.4843 | Adv orig accuracy: 0.1602 | Adv purify accuracy: 0.1747
2025-07-10 20:17:11,292 - ADV_Generation_eps_4.0_steps_100_Purification_type_noisy_anchor_anchors_10_alpha_1.2_sigma_0.06_threshold_0.0 - INFO - Batch:[151] Adversarial images for this batch already exist
2025-07-10 20:17:15,062 - ADV_Generation_eps_4.0_steps_100_Purification_type_noisy_anchor_anchors_10_alpha_1.2_sigma_0.06_threshold_0.0 - INFO - Batch 152/154: Clean orig accuracy 0.5641 | Clean purify accuracy 0.4860 | Adv orig accuracy: 0.1616 | Adv purify accuracy: 0.1772
2025-07-10 20:17:15,074 - ADV_Generation_eps_4.0_steps_100_Purification_type_noisy_anchor_anchors_10_alpha_1.2_sigma_0.06_threshold_0.0 - INFO - Batch:[152] Adversarial images for this batch already exist
2025-07-10 20:17:18,897 - ADV_Generation_eps_4.0_steps_100_Purification_type_noisy_anchor_anchors_10_alpha_1.2_sigma_0.06_threshold_0.0 - INFO - Batch 153/154: Clean orig accuracy 0.5633 | Clean purify accuracy 0.4841 | Adv orig accuracy: 0.1605 | Adv purify accuracy: 0.1761
2025-07-10 20:17:18,907 - ADV_Generation_eps_4.0_steps_100_Purification_type_noisy_anchor_anchors_10_alpha_1.2_sigma_0.06_threshold_0.0 - INFO - Batch:[153] Adversarial images for this batch already exist
2025-07-10 20:17:22,568 - ADV_Generation_eps_4.0_steps_100_Purification_type_noisy_anchor_anchors_10_alpha_1.2_sigma_0.06_threshold_0.0 - INFO - Batch 154/154: Clean orig accuracy 0.5639 | Clean purify accuracy 0.4844 | Adv orig accuracy: 0.1600 | Adv purify accuracy: 0.1758
2025-07-10 20:17:22,677 - ADV_Generation_eps_4.0_steps_100_Purification_type_noisy_anchor_anchors_10_alpha_1.2_sigma_0.06_threshold_0.0 - INFO - Final Clean orig accuracy: 0.5639 | Clean purify accuracy: 0.4844
2025-07-10 20:17:22,677 - ADV_Generation_eps_4.0_steps_100_Purification_type_noisy_anchor_anchors_10_alpha_1.2_sigma_0.06_threshold_0.0 - INFO - Final Adv orig accuracy: 0.1600 | Adv purify accuracy: 0.1758
2025-07-10 20:17:22,678 - ADV_Generation_eps_4.0_steps_100_Purification_type_noisy_anchor_anchors_10_alpha_1.2_sigma_0.06_threshold_0.0 - INFO - Diff_ratio_clean: 0.1390 | Diff_ratio_adv: 0.1424
2025-07-10 20:17:22,678 - ADV_Generation_eps_4.0_steps_100_Purification_type_noisy_anchor_anchors_10_alpha_1.2_sigma_0.06_threshold_0.0 - INFO - Adversarial image generation completed. Results
