2025-07-10 20:07:04,580 - ADV_Generation_eps_4.0_steps_100_Purification_type_noisy_anchor_anchors_10_alpha_1.2_sigma_0.18_threshold_0.0 - INFO - ==========================================
data:/leonardo_work/EUHPC_R04_192/fmohamma/Adversarial_Robust_Clip/atpt_data/downstream_datasets
test_sets:Flower102
dataset_mode:test
arch:fare4
resolution:224
workers:4
no_pin_memory:False
batch_size:64
adv_bs:16
print_freq:20
gpu:0
no_cudnn_benchmark:False
n_ctx:4
ctx_init:a_photo_of_a
seed:0
output_dir:/leonardo_work/EUHPC_R04_192/fmohamma/Adversarial_Robust_Clip/atpt_data/fare4/Flower102
log_output_dir:/leonardo_work/EUHPC_R04_192/fmohamma/Adversarial_Robust_Clip/ATPT/Purify_Results/fare4/Flower102
eps:4.0
alpha:1.0
alpha_eps_ratio:4.0
steps:100
counter_attack:False
counter_attack_type:pgd
counter_attack_steps:2
counter_attack_eps:4.0
counter_attack_alpha:1.0
counter_attack_tau_thres:0.2
counter_attack_beta:2.0
counter_attack_weighted_perturbations:True
pgd_clip_pure_i_text_embeddings:null
pgd_counter_and_clipure_i_lamda:1.0
image_feature_purify:True
image_feature_purify_type:noisy_anchor
image_feature_purify_noisy_anchors:10
image_feature_purify_anchors_alpha:1.2
image_feature_purify_noisy_sigma:0.18
image_feature_purify_diff_threshold:0.0
lr:0.005
selection_p:0.1
tta_steps:1
top_k:20
softmax_temp:0.01
load_tecoa:

2025-07-10 20:07:04,581 - ADV_Generation_eps_4.0_steps_100_Purification_type_noisy_anchor_anchors_10_alpha_1.2_sigma_0.18_threshold_0.0 - INFO - Use GPU: 0 for training
2025-07-10 20:08:06,454 - ADV_Generation_eps_4.0_steps_100_Purification_type_noisy_anchor_anchors_10_alpha_1.2_sigma_0.18_threshold_0.0 - INFO - => Model created: visual backbone fare4
2025-07-10 20:08:06,475 - ADV_Generation_eps_4.0_steps_100_Purification_type_noisy_anchor_anchors_10_alpha_1.2_sigma_0.18_threshold_0.0 - INFO - Number of test samples: 2463
2025-07-10 20:08:06,476 - ADV_Generation_eps_4.0_steps_100_Purification_type_noisy_anchor_anchors_10_alpha_1.2_sigma_0.18_threshold_0.0 - INFO - Evaluating dataset: Flower102
2025-07-10 20:08:06,477 - ADV_Generation_eps_4.0_steps_100_Purification_type_noisy_anchor_anchors_10_alpha_1.2_sigma_0.18_threshold_0.0 - INFO - Starting evaluation with batch size: 64, selection percentage: 0.1
2025-07-10 20:08:06,477 - ADV_Generation_eps_4.0_steps_100_Purification_type_noisy_anchor_anchors_10_alpha_1.2_sigma_0.18_threshold_0.0 - INFO - Using PGD attack with epsilon: 0.015686, alpha: 0.003922, steps: 100
2025-07-10 20:08:06,477 - ADV_Generation_eps_4.0_steps_100_Purification_type_noisy_anchor_anchors_10_alpha_1.2_sigma_0.18_threshold_0.0 - INFO - Using directory for adversarial images: /leonardo_work/EUHPC_R04_192/fmohamma/Adversarial_Robust_Clip/atpt_data/fare4/Flower102/adv_images_eps_4.0_alpha_1.0_steps_100
2025-07-10 20:08:07,260 - ADV_Generation_eps_4.0_steps_100_Purification_type_noisy_anchor_anchors_10_alpha_1.2_sigma_0.18_threshold_0.0 - INFO - Batch:[0] Adversarial images for this batch already exist
2025-07-10 20:08:12,111 - ADV_Generation_eps_4.0_steps_100_Purification_type_noisy_anchor_anchors_10_alpha_1.2_sigma_0.18_threshold_0.0 - INFO - Batch 1/154: Clean orig accuracy 0.8125 | Clean purify accuracy 0.3125 | Adv orig accuracy: 0.2500 | Adv purify accuracy: 0.3125
2025-07-10 20:08:12,120 - ADV_Generation_eps_4.0_steps_100_Purification_type_noisy_anchor_anchors_10_alpha_1.2_sigma_0.18_threshold_0.0 - INFO - Batch:[1] Adversarial images for this batch already exist
2025-07-10 20:08:15,894 - ADV_Generation_eps_4.0_steps_100_Purification_type_noisy_anchor_anchors_10_alpha_1.2_sigma_0.18_threshold_0.0 - INFO - Batch 2/154: Clean orig accuracy 0.7500 | Clean purify accuracy 0.2188 | Adv orig accuracy: 0.1875 | Adv purify accuracy: 0.1875
2025-07-10 20:08:15,904 - ADV_Generation_eps_4.0_steps_100_Purification_type_noisy_anchor_anchors_10_alpha_1.2_sigma_0.18_threshold_0.0 - INFO - Batch:[2] Adversarial images for this batch already exist
2025-07-10 20:08:19,669 - ADV_Generation_eps_4.0_steps_100_Purification_type_noisy_anchor_anchors_10_alpha_1.2_sigma_0.18_threshold_0.0 - INFO - Batch 3/154: Clean orig accuracy 0.8125 | Clean purify accuracy 0.2292 | Adv orig accuracy: 0.1875 | Adv purify accuracy: 0.1875
2025-07-10 20:08:19,679 - ADV_Generation_eps_4.0_steps_100_Purification_type_noisy_anchor_anchors_10_alpha_1.2_sigma_0.18_threshold_0.0 - INFO - Batch:[3] Adversarial images for this batch already exist
2025-07-10 20:08:23,428 - ADV_Generation_eps_4.0_steps_100_Purification_type_noisy_anchor_anchors_10_alpha_1.2_sigma_0.18_threshold_0.0 - INFO - Batch 4/154: Clean orig accuracy 0.8594 | Clean purify accuracy 0.3125 | Adv orig accuracy: 0.1875 | Adv purify accuracy: 0.2344
2025-07-10 20:08:23,438 - ADV_Generation_eps_4.0_steps_100_Purification_type_noisy_anchor_anchors_10_alpha_1.2_sigma_0.18_threshold_0.0 - INFO - Batch:[4] Adversarial images for this batch already exist
2025-07-10 20:08:27,236 - ADV_Generation_eps_4.0_steps_100_Purification_type_noisy_anchor_anchors_10_alpha_1.2_sigma_0.18_threshold_0.0 - INFO - Batch 5/154: Clean orig accuracy 0.8625 | Clean purify accuracy 0.2875 | Adv orig accuracy: 0.1875 | Adv purify accuracy: 0.1875
2025-07-10 20:08:27,246 - ADV_Generation_eps_4.0_steps_100_Purification_type_noisy_anchor_anchors_10_alpha_1.2_sigma_0.18_threshold_0.0 - INFO - Batch:[5] Adversarial images for this batch already exist
2025-07-10 20:08:31,095 - ADV_Generation_eps_4.0_steps_100_Purification_type_noisy_anchor_anchors_10_alpha_1.2_sigma_0.18_threshold_0.0 - INFO - Batch 6/154: Clean orig accuracy 0.8646 | Clean purify accuracy 0.2917 | Adv orig accuracy: 0.1667 | Adv purify accuracy: 0.1979
2025-07-10 20:08:31,104 - ADV_Generation_eps_4.0_steps_100_Purification_type_noisy_anchor_anchors_10_alpha_1.2_sigma_0.18_threshold_0.0 - INFO - Batch:[6] Adversarial images for this batch already exist
2025-07-10 20:08:34,861 - ADV_Generation_eps_4.0_steps_100_Purification_type_noisy_anchor_anchors_10_alpha_1.2_sigma_0.18_threshold_0.0 - INFO - Batch 7/154: Clean orig accuracy 0.8661 | Clean purify accuracy 0.3036 | Adv orig accuracy: 0.1607 | Adv purify accuracy: 0.2232
2025-07-10 20:08:34,871 - ADV_Generation_eps_4.0_steps_100_Purification_type_noisy_anchor_anchors_10_alpha_1.2_sigma_0.18_threshold_0.0 - INFO - Batch:[7] Adversarial images for this batch already exist
2025-07-10 20:08:38,698 - ADV_Generation_eps_4.0_steps_100_Purification_type_noisy_anchor_anchors_10_alpha_1.2_sigma_0.18_threshold_0.0 - INFO - Batch 8/154: Clean orig accuracy 0.8672 | Clean purify accuracy 0.2812 | Adv orig accuracy: 0.1719 | Adv purify accuracy: 0.2109
2025-07-10 20:08:38,709 - ADV_Generation_eps_4.0_steps_100_Purification_type_noisy_anchor_anchors_10_alpha_1.2_sigma_0.18_threshold_0.0 - INFO - Batch:[8] Adversarial images for this batch already exist
2025-07-10 20:08:42,521 - ADV_Generation_eps_4.0_steps_100_Purification_type_noisy_anchor_anchors_10_alpha_1.2_sigma_0.18_threshold_0.0 - INFO - Batch 9/154: Clean orig accuracy 0.8750 | Clean purify accuracy 0.2639 | Adv orig accuracy: 0.1875 | Adv purify accuracy: 0.2014
2025-07-10 20:08:42,532 - ADV_Generation_eps_4.0_steps_100_Purification_type_noisy_anchor_anchors_10_alpha_1.2_sigma_0.18_threshold_0.0 - INFO - Batch:[9] Adversarial images for this batch already exist
2025-07-10 20:08:46,348 - ADV_Generation_eps_4.0_steps_100_Purification_type_noisy_anchor_anchors_10_alpha_1.2_sigma_0.18_threshold_0.0 - INFO - Batch 10/154: Clean orig accuracy 0.8625 | Clean purify accuracy 0.2437 | Adv orig accuracy: 0.1812 | Adv purify accuracy: 0.1875
2025-07-10 20:08:46,359 - ADV_Generation_eps_4.0_steps_100_Purification_type_noisy_anchor_anchors_10_alpha_1.2_sigma_0.18_threshold_0.0 - INFO - Batch:[10] Adversarial images for this batch already exist
2025-07-10 20:08:50,128 - ADV_Generation_eps_4.0_steps_100_Purification_type_noisy_anchor_anchors_10_alpha_1.2_sigma_0.18_threshold_0.0 - INFO - Batch 11/154: Clean orig accuracy 0.8352 | Clean purify accuracy 0.2216 | Adv orig accuracy: 0.1705 | Adv purify accuracy: 0.1705
2025-07-10 20:08:50,138 - ADV_Generation_eps_4.0_steps_100_Purification_type_noisy_anchor_anchors_10_alpha_1.2_sigma_0.18_threshold_0.0 - INFO - Batch:[11] Adversarial images for this batch already exist
2025-07-10 20:08:53,927 - ADV_Generation_eps_4.0_steps_100_Purification_type_noisy_anchor_anchors_10_alpha_1.2_sigma_0.18_threshold_0.0 - INFO - Batch 12/154: Clean orig accuracy 0.7760 | Clean purify accuracy 0.2031 | Adv orig accuracy: 0.1562 | Adv purify accuracy: 0.1562
2025-07-10 20:08:53,938 - ADV_Generation_eps_4.0_steps_100_Purification_type_noisy_anchor_anchors_10_alpha_1.2_sigma_0.18_threshold_0.0 - INFO - Batch:[12] Adversarial images for this batch already exist
2025-07-10 20:08:57,716 - ADV_Generation_eps_4.0_steps_100_Purification_type_noisy_anchor_anchors_10_alpha_1.2_sigma_0.18_threshold_0.0 - INFO - Batch 13/154: Clean orig accuracy 0.7163 | Clean purify accuracy 0.1875 | Adv orig accuracy: 0.1442 | Adv purify accuracy: 0.1442
2025-07-10 20:08:57,725 - ADV_Generation_eps_4.0_steps_100_Purification_type_noisy_anchor_anchors_10_alpha_1.2_sigma_0.18_threshold_0.0 - INFO - Batch:[13] Adversarial images for this batch already exist
2025-07-10 20:09:01,517 - ADV_Generation_eps_4.0_steps_100_Purification_type_noisy_anchor_anchors_10_alpha_1.2_sigma_0.18_threshold_0.0 - INFO - Batch 14/154: Clean orig accuracy 0.6652 | Clean purify accuracy 0.1741 | Adv orig accuracy: 0.1339 | Adv purify accuracy: 0.1339
2025-07-10 20:09:01,528 - ADV_Generation_eps_4.0_steps_100_Purification_type_noisy_anchor_anchors_10_alpha_1.2_sigma_0.18_threshold_0.0 - INFO - Batch:[14] Adversarial images for this batch already exist
2025-07-10 20:09:05,314 - ADV_Generation_eps_4.0_steps_100_Purification_type_noisy_anchor_anchors_10_alpha_1.2_sigma_0.18_threshold_0.0 - INFO - Batch 15/154: Clean orig accuracy 0.6292 | Clean purify accuracy 0.1667 | Adv orig accuracy: 0.1250 | Adv purify accuracy: 0.1250
2025-07-10 20:09:05,323 - ADV_Generation_eps_4.0_steps_100_Purification_type_noisy_anchor_anchors_10_alpha_1.2_sigma_0.18_threshold_0.0 - INFO - Batch:[15] Adversarial images for this batch already exist
2025-07-10 20:09:09,195 - ADV_Generation_eps_4.0_steps_100_Purification_type_noisy_anchor_anchors_10_alpha_1.2_sigma_0.18_threshold_0.0 - INFO - Batch 16/154: Clean orig accuracy 0.6133 | Clean purify accuracy 0.1602 | Adv orig accuracy: 0.1172 | Adv purify accuracy: 0.1172
2025-07-10 20:09:09,206 - ADV_Generation_eps_4.0_steps_100_Purification_type_noisy_anchor_anchors_10_alpha_1.2_sigma_0.18_threshold_0.0 - INFO - Batch:[16] Adversarial images for this batch already exist
2025-07-10 20:09:13,057 - ADV_Generation_eps_4.0_steps_100_Purification_type_noisy_anchor_anchors_10_alpha_1.2_sigma_0.18_threshold_0.0 - INFO - Batch 17/154: Clean orig accuracy 0.6029 | Clean purify accuracy 0.1544 | Adv orig accuracy: 0.1103 | Adv purify accuracy: 0.1103
2025-07-10 20:09:13,067 - ADV_Generation_eps_4.0_steps_100_Purification_type_noisy_anchor_anchors_10_alpha_1.2_sigma_0.18_threshold_0.0 - INFO - Batch:[17] Adversarial images for this batch already exist
2025-07-10 20:09:16,903 - ADV_Generation_eps_4.0_steps_100_Purification_type_noisy_anchor_anchors_10_alpha_1.2_sigma_0.18_threshold_0.0 - INFO - Batch 18/154: Clean orig accuracy 0.6007 | Clean purify accuracy 0.1597 | Adv orig accuracy: 0.1111 | Adv purify accuracy: 0.1111
2025-07-10 20:09:16,913 - ADV_Generation_eps_4.0_steps_100_Purification_type_noisy_anchor_anchors_10_alpha_1.2_sigma_0.18_threshold_0.0 - INFO - Batch:[18] Adversarial images for this batch already exist
2025-07-10 20:09:20,713 - ADV_Generation_eps_4.0_steps_100_Purification_type_noisy_anchor_anchors_10_alpha_1.2_sigma_0.18_threshold_0.0 - INFO - Batch 19/154: Clean orig accuracy 0.5724 | Clean purify accuracy 0.1513 | Adv orig accuracy: 0.1053 | Adv purify accuracy: 0.1053
2025-07-10 20:09:20,723 - ADV_Generation_eps_4.0_steps_100_Purification_type_noisy_anchor_anchors_10_alpha_1.2_sigma_0.18_threshold_0.0 - INFO - Batch:[19] Adversarial images for this batch already exist
2025-07-10 20:09:24,621 - ADV_Generation_eps_4.0_steps_100_Purification_type_noisy_anchor_anchors_10_alpha_1.2_sigma_0.18_threshold_0.0 - INFO - Batch 20/154: Clean orig accuracy 0.5500 | Clean purify accuracy 0.1437 | Adv orig accuracy: 0.1000 | Adv purify accuracy: 0.1000
2025-07-10 20:09:24,635 - ADV_Generation_eps_4.0_steps_100_Purification_type_noisy_anchor_anchors_10_alpha_1.2_sigma_0.18_threshold_0.0 - INFO - Batch:[20] Adversarial images for this batch already exist
2025-07-10 20:09:28,475 - ADV_Generation_eps_4.0_steps_100_Purification_type_noisy_anchor_anchors_10_alpha_1.2_sigma_0.18_threshold_0.0 - INFO - Batch 21/154: Clean orig accuracy 0.5268 | Clean purify accuracy 0.1369 | Adv orig accuracy: 0.0952 | Adv purify accuracy: 0.0952
2025-07-10 20:09:28,484 - ADV_Generation_eps_4.0_steps_100_Purification_type_noisy_anchor_anchors_10_alpha_1.2_sigma_0.18_threshold_0.0 - INFO - Batch:[21] Adversarial images for this batch already exist
2025-07-10 20:09:32,275 - ADV_Generation_eps_4.0_steps_100_Purification_type_noisy_anchor_anchors_10_alpha_1.2_sigma_0.18_threshold_0.0 - INFO - Batch 22/154: Clean orig accuracy 0.5256 | Clean purify accuracy 0.1364 | Adv orig accuracy: 0.0909 | Adv purify accuracy: 0.0966
2025-07-10 20:09:32,285 - ADV_Generation_eps_4.0_steps_100_Purification_type_noisy_anchor_anchors_10_alpha_1.2_sigma_0.18_threshold_0.0 - INFO - Batch:[22] Adversarial images for this batch already exist
2025-07-10 20:09:36,177 - ADV_Generation_eps_4.0_steps_100_Purification_type_noisy_anchor_anchors_10_alpha_1.2_sigma_0.18_threshold_0.0 - INFO - Batch 23/154: Clean orig accuracy 0.5272 | Clean purify accuracy 0.1467 | Adv orig accuracy: 0.0924 | Adv purify accuracy: 0.0978
2025-07-10 20:09:36,186 - ADV_Generation_eps_4.0_steps_100_Purification_type_noisy_anchor_anchors_10_alpha_1.2_sigma_0.18_threshold_0.0 - INFO - Batch:[23] Adversarial images for this batch already exist
2025-07-10 20:09:39,939 - ADV_Generation_eps_4.0_steps_100_Purification_type_noisy_anchor_anchors_10_alpha_1.2_sigma_0.18_threshold_0.0 - INFO - Batch 24/154: Clean orig accuracy 0.5391 | Clean purify accuracy 0.1615 | Adv orig accuracy: 0.0938 | Adv purify accuracy: 0.1016
2025-07-10 20:09:39,949 - ADV_Generation_eps_4.0_steps_100_Purification_type_noisy_anchor_anchors_10_alpha_1.2_sigma_0.18_threshold_0.0 - INFO - Batch:[24] Adversarial images for this batch already exist
2025-07-10 20:09:43,739 - ADV_Generation_eps_4.0_steps_100_Purification_type_noisy_anchor_anchors_10_alpha_1.2_sigma_0.18_threshold_0.0 - INFO - Batch 25/154: Clean orig accuracy 0.5500 | Clean purify accuracy 0.1775 | Adv orig accuracy: 0.0950 | Adv purify accuracy: 0.1100
2025-07-10 20:09:43,748 - ADV_Generation_eps_4.0_steps_100_Purification_type_noisy_anchor_anchors_10_alpha_1.2_sigma_0.18_threshold_0.0 - INFO - Batch:[25] Adversarial images for this batch already exist
2025-07-10 20:09:47,539 - ADV_Generation_eps_4.0_steps_100_Purification_type_noisy_anchor_anchors_10_alpha_1.2_sigma_0.18_threshold_0.0 - INFO - Batch 26/154: Clean orig accuracy 0.5433 | Clean purify accuracy 0.1875 | Adv orig accuracy: 0.0913 | Adv purify accuracy: 0.1226
2025-07-10 20:09:47,549 - ADV_Generation_eps_4.0_steps_100_Purification_type_noisy_anchor_anchors_10_alpha_1.2_sigma_0.18_threshold_0.0 - INFO - Batch:[26] Adversarial images for this batch already exist
2025-07-10 20:09:51,358 - ADV_Generation_eps_4.0_steps_100_Purification_type_noisy_anchor_anchors_10_alpha_1.2_sigma_0.18_threshold_0.0 - INFO - Batch 27/154: Clean orig accuracy 0.5324 | Clean purify accuracy 0.1968 | Adv orig accuracy: 0.0880 | Adv purify accuracy: 0.1366
2025-07-10 20:09:51,368 - ADV_Generation_eps_4.0_steps_100_Purification_type_noisy_anchor_anchors_10_alpha_1.2_sigma_0.18_threshold_0.0 - INFO - Batch:[27] Adversarial images for this batch already exist
2025-07-10 20:09:55,148 - ADV_Generation_eps_4.0_steps_100_Purification_type_noisy_anchor_anchors_10_alpha_1.2_sigma_0.18_threshold_0.0 - INFO - Batch 28/154: Clean orig accuracy 0.5179 | Clean purify accuracy 0.1987 | Adv orig accuracy: 0.0848 | Adv purify accuracy: 0.1406
2025-07-10 20:09:55,158 - ADV_Generation_eps_4.0_steps_100_Purification_type_noisy_anchor_anchors_10_alpha_1.2_sigma_0.18_threshold_0.0 - INFO - Batch:[28] Adversarial images for this batch already exist
2025-07-10 20:09:58,961 - ADV_Generation_eps_4.0_steps_100_Purification_type_noisy_anchor_anchors_10_alpha_1.2_sigma_0.18_threshold_0.0 - INFO - Batch 29/154: Clean orig accuracy 0.5151 | Clean purify accuracy 0.2091 | Adv orig accuracy: 0.0841 | Adv purify accuracy: 0.1552
2025-07-10 20:09:58,970 - ADV_Generation_eps_4.0_steps_100_Purification_type_noisy_anchor_anchors_10_alpha_1.2_sigma_0.18_threshold_0.0 - INFO - Batch:[29] Adversarial images for this batch already exist
2025-07-10 20:10:02,768 - ADV_Generation_eps_4.0_steps_100_Purification_type_noisy_anchor_anchors_10_alpha_1.2_sigma_0.18_threshold_0.0 - INFO - Batch 30/154: Clean orig accuracy 0.5167 | Clean purify accuracy 0.2250 | Adv orig accuracy: 0.0917 | Adv purify accuracy: 0.1688
2025-07-10 20:10:02,778 - ADV_Generation_eps_4.0_steps_100_Purification_type_noisy_anchor_anchors_10_alpha_1.2_sigma_0.18_threshold_0.0 - INFO - Batch:[30] Adversarial images for this batch already exist
2025-07-10 20:10:06,544 - ADV_Generation_eps_4.0_steps_100_Purification_type_noisy_anchor_anchors_10_alpha_1.2_sigma_0.18_threshold_0.0 - INFO - Batch 31/154: Clean orig accuracy 0.5302 | Clean purify accuracy 0.2460 | Adv orig accuracy: 0.1048 | Adv purify accuracy: 0.1915
2025-07-10 20:10:06,555 - ADV_Generation_eps_4.0_steps_100_Purification_type_noisy_anchor_anchors_10_alpha_1.2_sigma_0.18_threshold_0.0 - INFO - Batch:[31] Adversarial images for this batch already exist
2025-07-10 20:10:10,320 - ADV_Generation_eps_4.0_steps_100_Purification_type_noisy_anchor_anchors_10_alpha_1.2_sigma_0.18_threshold_0.0 - INFO - Batch 32/154: Clean orig accuracy 0.5430 | Clean purify accuracy 0.2559 | Adv orig accuracy: 0.1113 | Adv purify accuracy: 0.2031
2025-07-10 20:10:10,330 - ADV_Generation_eps_4.0_steps_100_Purification_type_noisy_anchor_anchors_10_alpha_1.2_sigma_0.18_threshold_0.0 - INFO - Batch:[32] Adversarial images for this batch already exist
2025-07-10 20:10:14,144 - ADV_Generation_eps_4.0_steps_100_Purification_type_noisy_anchor_anchors_10_alpha_1.2_sigma_0.18_threshold_0.0 - INFO - Batch 33/154: Clean orig accuracy 0.5549 | Clean purify accuracy 0.2557 | Adv orig accuracy: 0.1155 | Adv purify accuracy: 0.1989
2025-07-10 20:10:14,154 - ADV_Generation_eps_4.0_steps_100_Purification_type_noisy_anchor_anchors_10_alpha_1.2_sigma_0.18_threshold_0.0 - INFO - Batch:[33] Adversarial images for this batch already exist
2025-07-10 20:10:17,970 - ADV_Generation_eps_4.0_steps_100_Purification_type_noisy_anchor_anchors_10_alpha_1.2_sigma_0.18_threshold_0.0 - INFO - Batch 34/154: Clean orig accuracy 0.5588 | Clean purify accuracy 0.2574 | Adv orig accuracy: 0.1140 | Adv purify accuracy: 0.2004
2025-07-10 20:10:17,981 - ADV_Generation_eps_4.0_steps_100_Purification_type_noisy_anchor_anchors_10_alpha_1.2_sigma_0.18_threshold_0.0 - INFO - Batch:[34] Adversarial images for this batch already exist
2025-07-10 20:10:21,782 - ADV_Generation_eps_4.0_steps_100_Purification_type_noisy_anchor_anchors_10_alpha_1.2_sigma_0.18_threshold_0.0 - INFO - Batch 35/154: Clean orig accuracy 0.5607 | Clean purify accuracy 0.2518 | Adv orig accuracy: 0.1107 | Adv purify accuracy: 0.1964
2025-07-10 20:10:21,792 - ADV_Generation_eps_4.0_steps_100_Purification_type_noisy_anchor_anchors_10_alpha_1.2_sigma_0.18_threshold_0.0 - INFO - Batch:[35] Adversarial images for this batch already exist
2025-07-10 20:10:25,571 - ADV_Generation_eps_4.0_steps_100_Purification_type_noisy_anchor_anchors_10_alpha_1.2_sigma_0.18_threshold_0.0 - INFO - Batch 36/154: Clean orig accuracy 0.5556 | Clean purify accuracy 0.2500 | Adv orig accuracy: 0.1094 | Adv purify accuracy: 0.1927
2025-07-10 20:10:25,581 - ADV_Generation_eps_4.0_steps_100_Purification_type_noisy_anchor_anchors_10_alpha_1.2_sigma_0.18_threshold_0.0 - INFO - Batch:[36] Adversarial images for this batch already exist
2025-07-10 20:10:29,436 - ADV_Generation_eps_4.0_steps_100_Purification_type_noisy_anchor_anchors_10_alpha_1.2_sigma_0.18_threshold_0.0 - INFO - Batch 37/154: Clean orig accuracy 0.5625 | Clean purify accuracy 0.2601 | Adv orig accuracy: 0.1115 | Adv purify accuracy: 0.2010
2025-07-10 20:10:29,446 - ADV_Generation_eps_4.0_steps_100_Purification_type_noisy_anchor_anchors_10_alpha_1.2_sigma_0.18_threshold_0.0 - INFO - Batch:[37] Adversarial images for this batch already exist
2025-07-10 20:10:33,193 - ADV_Generation_eps_4.0_steps_100_Purification_type_noisy_anchor_anchors_10_alpha_1.2_sigma_0.18_threshold_0.0 - INFO - Batch 38/154: Clean orig accuracy 0.5609 | Clean purify accuracy 0.2648 | Adv orig accuracy: 0.1102 | Adv purify accuracy: 0.2072
2025-07-10 20:10:33,204 - ADV_Generation_eps_4.0_steps_100_Purification_type_noisy_anchor_anchors_10_alpha_1.2_sigma_0.18_threshold_0.0 - INFO - Batch:[38] Adversarial images for this batch already exist
2025-07-10 20:10:37,060 - ADV_Generation_eps_4.0_steps_100_Purification_type_noisy_anchor_anchors_10_alpha_1.2_sigma_0.18_threshold_0.0 - INFO - Batch 39/154: Clean orig accuracy 0.5657 | Clean purify accuracy 0.2708 | Adv orig accuracy: 0.1106 | Adv purify accuracy: 0.2131
2025-07-10 20:10:37,073 - ADV_Generation_eps_4.0_steps_100_Purification_type_noisy_anchor_anchors_10_alpha_1.2_sigma_0.18_threshold_0.0 - INFO - Batch:[39] Adversarial images for this batch already exist
2025-07-10 20:10:40,877 - ADV_Generation_eps_4.0_steps_100_Purification_type_noisy_anchor_anchors_10_alpha_1.2_sigma_0.18_threshold_0.0 - INFO - Batch 40/154: Clean orig accuracy 0.5703 | Clean purify accuracy 0.2812 | Adv orig accuracy: 0.1109 | Adv purify accuracy: 0.2234
2025-07-10 20:10:40,887 - ADV_Generation_eps_4.0_steps_100_Purification_type_noisy_anchor_anchors_10_alpha_1.2_sigma_0.18_threshold_0.0 - INFO - Batch:[40] Adversarial images for this batch already exist
2025-07-10 20:10:44,669 - ADV_Generation_eps_4.0_steps_100_Purification_type_noisy_anchor_anchors_10_alpha_1.2_sigma_0.18_threshold_0.0 - INFO - Batch 41/154: Clean orig accuracy 0.5655 | Clean purify accuracy 0.2805 | Adv orig accuracy: 0.1098 | Adv purify accuracy: 0.2226
2025-07-10 20:10:44,679 - ADV_Generation_eps_4.0_steps_100_Purification_type_noisy_anchor_anchors_10_alpha_1.2_sigma_0.18_threshold_0.0 - INFO - Batch:[41] Adversarial images for this batch already exist
2025-07-10 20:10:48,497 - ADV_Generation_eps_4.0_steps_100_Purification_type_noisy_anchor_anchors_10_alpha_1.2_sigma_0.18_threshold_0.0 - INFO - Batch 42/154: Clean orig accuracy 0.5536 | Clean purify accuracy 0.2738 | Adv orig accuracy: 0.1071 | Adv purify accuracy: 0.2173
2025-07-10 20:10:48,507 - ADV_Generation_eps_4.0_steps_100_Purification_type_noisy_anchor_anchors_10_alpha_1.2_sigma_0.18_threshold_0.0 - INFO - Batch:[42] Adversarial images for this batch already exist
2025-07-10 20:10:52,318 - ADV_Generation_eps_4.0_steps_100_Purification_type_noisy_anchor_anchors_10_alpha_1.2_sigma_0.18_threshold_0.0 - INFO - Batch 43/154: Clean orig accuracy 0.5494 | Clean purify accuracy 0.2718 | Adv orig accuracy: 0.1119 | Adv purify accuracy: 0.2166
2025-07-10 20:10:52,328 - ADV_Generation_eps_4.0_steps_100_Purification_type_noisy_anchor_anchors_10_alpha_1.2_sigma_0.18_threshold_0.0 - INFO - Batch:[43] Adversarial images for this batch already exist
2025-07-10 20:10:56,145 - ADV_Generation_eps_4.0_steps_100_Purification_type_noisy_anchor_anchors_10_alpha_1.2_sigma_0.18_threshold_0.0 - INFO - Batch 44/154: Clean orig accuracy 0.5597 | Clean purify accuracy 0.2841 | Adv orig accuracy: 0.1222 | Adv purify accuracy: 0.2244
2025-07-10 20:10:56,155 - ADV_Generation_eps_4.0_steps_100_Purification_type_noisy_anchor_anchors_10_alpha_1.2_sigma_0.18_threshold_0.0 - INFO - Batch:[44] Adversarial images for this batch already exist
2025-07-10 20:10:59,961 - ADV_Generation_eps_4.0_steps_100_Purification_type_noisy_anchor_anchors_10_alpha_1.2_sigma_0.18_threshold_0.0 - INFO - Batch 45/154: Clean orig accuracy 0.5681 | Clean purify accuracy 0.2958 | Adv orig accuracy: 0.1347 | Adv purify accuracy: 0.2333
2025-07-10 20:10:59,970 - ADV_Generation_eps_4.0_steps_100_Purification_type_noisy_anchor_anchors_10_alpha_1.2_sigma_0.18_threshold_0.0 - INFO - Batch:[45] Adversarial images for this batch already exist
2025-07-10 20:11:03,782 - ADV_Generation_eps_4.0_steps_100_Purification_type_noisy_anchor_anchors_10_alpha_1.2_sigma_0.18_threshold_0.0 - INFO - Batch 46/154: Clean orig accuracy 0.5571 | Clean purify accuracy 0.2894 | Adv orig accuracy: 0.1318 | Adv purify accuracy: 0.2283
2025-07-10 20:11:03,793 - ADV_Generation_eps_4.0_steps_100_Purification_type_noisy_anchor_anchors_10_alpha_1.2_sigma_0.18_threshold_0.0 - INFO - Batch:[46] Adversarial images for this batch already exist
2025-07-10 20:11:07,574 - ADV_Generation_eps_4.0_steps_100_Purification_type_noisy_anchor_anchors_10_alpha_1.2_sigma_0.18_threshold_0.0 - INFO - Batch 47/154: Clean orig accuracy 0.5452 | Clean purify accuracy 0.2832 | Adv orig accuracy: 0.1290 | Adv purify accuracy: 0.2234
2025-07-10 20:11:07,584 - ADV_Generation_eps_4.0_steps_100_Purification_type_noisy_anchor_anchors_10_alpha_1.2_sigma_0.18_threshold_0.0 - INFO - Batch:[47] Adversarial images for this batch already exist
2025-07-10 20:11:11,325 - ADV_Generation_eps_4.0_steps_100_Purification_type_noisy_anchor_anchors_10_alpha_1.2_sigma_0.18_threshold_0.0 - INFO - Batch 48/154: Clean orig accuracy 0.5417 | Clean purify accuracy 0.2786 | Adv orig accuracy: 0.1263 | Adv purify accuracy: 0.2188
2025-07-10 20:11:11,335 - ADV_Generation_eps_4.0_steps_100_Purification_type_noisy_anchor_anchors_10_alpha_1.2_sigma_0.18_threshold_0.0 - INFO - Batch:[48] Adversarial images for this batch already exist
2025-07-10 20:11:15,108 - ADV_Generation_eps_4.0_steps_100_Purification_type_noisy_anchor_anchors_10_alpha_1.2_sigma_0.18_threshold_0.0 - INFO - Batch 49/154: Clean orig accuracy 0.5408 | Clean purify accuracy 0.2730 | Adv orig accuracy: 0.1250 | Adv purify accuracy: 0.2143
2025-07-10 20:11:15,118 - ADV_Generation_eps_4.0_steps_100_Purification_type_noisy_anchor_anchors_10_alpha_1.2_sigma_0.18_threshold_0.0 - INFO - Batch:[49] Adversarial images for this batch already exist
2025-07-10 20:11:18,964 - ADV_Generation_eps_4.0_steps_100_Purification_type_noisy_anchor_anchors_10_alpha_1.2_sigma_0.18_threshold_0.0 - INFO - Batch 50/154: Clean orig accuracy 0.5400 | Clean purify accuracy 0.2675 | Adv orig accuracy: 0.1237 | Adv purify accuracy: 0.2100
2025-07-10 20:11:18,974 - ADV_Generation_eps_4.0_steps_100_Purification_type_noisy_anchor_anchors_10_alpha_1.2_sigma_0.18_threshold_0.0 - INFO - Batch:[50] Adversarial images for this batch already exist
2025-07-10 20:11:22,767 - ADV_Generation_eps_4.0_steps_100_Purification_type_noisy_anchor_anchors_10_alpha_1.2_sigma_0.18_threshold_0.0 - INFO - Batch 51/154: Clean orig accuracy 0.5441 | Clean purify accuracy 0.2623 | Adv orig accuracy: 0.1225 | Adv purify accuracy: 0.2059
2025-07-10 20:11:22,777 - ADV_Generation_eps_4.0_steps_100_Purification_type_noisy_anchor_anchors_10_alpha_1.2_sigma_0.18_threshold_0.0 - INFO - Batch:[51] Adversarial images for this batch already exist
2025-07-10 20:11:26,535 - ADV_Generation_eps_4.0_steps_100_Purification_type_noisy_anchor_anchors_10_alpha_1.2_sigma_0.18_threshold_0.0 - INFO - Batch 52/154: Clean orig accuracy 0.5493 | Clean purify accuracy 0.2572 | Adv orig accuracy: 0.1202 | Adv purify accuracy: 0.2019
2025-07-10 20:11:26,546 - ADV_Generation_eps_4.0_steps_100_Purification_type_noisy_anchor_anchors_10_alpha_1.2_sigma_0.18_threshold_0.0 - INFO - Batch:[52] Adversarial images for this batch already exist
2025-07-10 20:11:30,317 - ADV_Generation_eps_4.0_steps_100_Purification_type_noisy_anchor_anchors_10_alpha_1.2_sigma_0.18_threshold_0.0 - INFO - Batch 53/154: Clean orig accuracy 0.5531 | Clean purify accuracy 0.2524 | Adv orig accuracy: 0.1179 | Adv purify accuracy: 0.1981
2025-07-10 20:11:30,327 - ADV_Generation_eps_4.0_steps_100_Purification_type_noisy_anchor_anchors_10_alpha_1.2_sigma_0.18_threshold_0.0 - INFO - Batch:[53] Adversarial images for this batch already exist
2025-07-10 20:11:34,224 - ADV_Generation_eps_4.0_steps_100_Purification_type_noisy_anchor_anchors_10_alpha_1.2_sigma_0.18_threshold_0.0 - INFO - Batch 54/154: Clean orig accuracy 0.5463 | Clean purify accuracy 0.2477 | Adv orig accuracy: 0.1157 | Adv purify accuracy: 0.1944
2025-07-10 20:11:34,235 - ADV_Generation_eps_4.0_steps_100_Purification_type_noisy_anchor_anchors_10_alpha_1.2_sigma_0.18_threshold_0.0 - INFO - Batch:[54] Adversarial images for this batch already exist
2025-07-10 20:11:38,102 - ADV_Generation_eps_4.0_steps_100_Purification_type_noisy_anchor_anchors_10_alpha_1.2_sigma_0.18_threshold_0.0 - INFO - Batch 55/154: Clean orig accuracy 0.5364 | Clean purify accuracy 0.2432 | Adv orig accuracy: 0.1136 | Adv purify accuracy: 0.1909
2025-07-10 20:11:38,112 - ADV_Generation_eps_4.0_steps_100_Purification_type_noisy_anchor_anchors_10_alpha_1.2_sigma_0.18_threshold_0.0 - INFO - Batch:[55] Adversarial images for this batch already exist
2025-07-10 20:11:41,977 - ADV_Generation_eps_4.0_steps_100_Purification_type_noisy_anchor_anchors_10_alpha_1.2_sigma_0.18_threshold_0.0 - INFO - Batch 56/154: Clean orig accuracy 0.5301 | Clean purify accuracy 0.2388 | Adv orig accuracy: 0.1116 | Adv purify accuracy: 0.1875
2025-07-10 20:11:41,987 - ADV_Generation_eps_4.0_steps_100_Purification_type_noisy_anchor_anchors_10_alpha_1.2_sigma_0.18_threshold_0.0 - INFO - Batch:[56] Adversarial images for this batch already exist
2025-07-10 20:11:45,753 - ADV_Generation_eps_4.0_steps_100_Purification_type_noisy_anchor_anchors_10_alpha_1.2_sigma_0.18_threshold_0.0 - INFO - Batch 57/154: Clean orig accuracy 0.5274 | Clean purify accuracy 0.2346 | Adv orig accuracy: 0.1096 | Adv purify accuracy: 0.1842
2025-07-10 20:11:45,763 - ADV_Generation_eps_4.0_steps_100_Purification_type_noisy_anchor_anchors_10_alpha_1.2_sigma_0.18_threshold_0.0 - INFO - Batch:[57] Adversarial images for this batch already exist
2025-07-10 20:11:49,528 - ADV_Generation_eps_4.0_steps_100_Purification_type_noisy_anchor_anchors_10_alpha_1.2_sigma_0.18_threshold_0.0 - INFO - Batch 58/154: Clean orig accuracy 0.5312 | Clean purify accuracy 0.2317 | Adv orig accuracy: 0.1078 | Adv purify accuracy: 0.1810
2025-07-10 20:11:49,539 - ADV_Generation_eps_4.0_steps_100_Purification_type_noisy_anchor_anchors_10_alpha_1.2_sigma_0.18_threshold_0.0 - INFO - Batch:[58] Adversarial images for this batch already exist
2025-07-10 20:11:53,359 - ADV_Generation_eps_4.0_steps_100_Purification_type_noisy_anchor_anchors_10_alpha_1.2_sigma_0.18_threshold_0.0 - INFO - Batch 59/154: Clean orig accuracy 0.5360 | Clean purify accuracy 0.2309 | Adv orig accuracy: 0.1081 | Adv purify accuracy: 0.1790
2025-07-10 20:11:53,369 - ADV_Generation_eps_4.0_steps_100_Purification_type_noisy_anchor_anchors_10_alpha_1.2_sigma_0.18_threshold_0.0 - INFO - Batch:[59] Adversarial images for this batch already exist
2025-07-10 20:11:57,124 - ADV_Generation_eps_4.0_steps_100_Purification_type_noisy_anchor_anchors_10_alpha_1.2_sigma_0.18_threshold_0.0 - INFO - Batch 60/154: Clean orig accuracy 0.5427 | Clean purify accuracy 0.2302 | Adv orig accuracy: 0.1115 | Adv purify accuracy: 0.1771
2025-07-10 20:11:57,133 - ADV_Generation_eps_4.0_steps_100_Purification_type_noisy_anchor_anchors_10_alpha_1.2_sigma_0.18_threshold_0.0 - INFO - Batch:[60] Adversarial images for this batch already exist
2025-07-10 20:12:00,956 - ADV_Generation_eps_4.0_steps_100_Purification_type_noisy_anchor_anchors_10_alpha_1.2_sigma_0.18_threshold_0.0 - INFO - Batch 61/154: Clean orig accuracy 0.5492 | Clean purify accuracy 0.2295 | Adv orig accuracy: 0.1158 | Adv purify accuracy: 0.1762
2025-07-10 20:12:00,966 - ADV_Generation_eps_4.0_steps_100_Purification_type_noisy_anchor_anchors_10_alpha_1.2_sigma_0.18_threshold_0.0 - INFO - Batch:[61] Adversarial images for this batch already exist
2025-07-10 20:12:04,742 - ADV_Generation_eps_4.0_steps_100_Purification_type_noisy_anchor_anchors_10_alpha_1.2_sigma_0.18_threshold_0.0 - INFO - Batch 62/154: Clean orig accuracy 0.5484 | Clean purify accuracy 0.2268 | Adv orig accuracy: 0.1149 | Adv purify accuracy: 0.1734
2025-07-10 20:12:04,752 - ADV_Generation_eps_4.0_steps_100_Purification_type_noisy_anchor_anchors_10_alpha_1.2_sigma_0.18_threshold_0.0 - INFO - Batch:[62] Adversarial images for this batch already exist
2025-07-10 20:12:08,535 - ADV_Generation_eps_4.0_steps_100_Purification_type_noisy_anchor_anchors_10_alpha_1.2_sigma_0.18_threshold_0.0 - INFO - Batch 63/154: Clean orig accuracy 0.5446 | Clean purify accuracy 0.2232 | Adv orig accuracy: 0.1131 | Adv purify accuracy: 0.1706
2025-07-10 20:12:08,545 - ADV_Generation_eps_4.0_steps_100_Purification_type_noisy_anchor_anchors_10_alpha_1.2_sigma_0.18_threshold_0.0 - INFO - Batch:[63] Adversarial images for this batch already exist
2025-07-10 20:12:12,310 - ADV_Generation_eps_4.0_steps_100_Purification_type_noisy_anchor_anchors_10_alpha_1.2_sigma_0.18_threshold_0.0 - INFO - Batch 64/154: Clean orig accuracy 0.5498 | Clean purify accuracy 0.2227 | Adv orig accuracy: 0.1182 | Adv purify accuracy: 0.1689
2025-07-10 20:12:12,320 - ADV_Generation_eps_4.0_steps_100_Purification_type_noisy_anchor_anchors_10_alpha_1.2_sigma_0.18_threshold_0.0 - INFO - Batch:[64] Adversarial images for this batch already exist
2025-07-10 20:12:16,109 - ADV_Generation_eps_4.0_steps_100_Purification_type_noisy_anchor_anchors_10_alpha_1.2_sigma_0.18_threshold_0.0 - INFO - Batch 65/154: Clean orig accuracy 0.5548 | Clean purify accuracy 0.2202 | Adv orig accuracy: 0.1192 | Adv purify accuracy: 0.1673
2025-07-10 20:12:16,119 - ADV_Generation_eps_4.0_steps_100_Purification_type_noisy_anchor_anchors_10_alpha_1.2_sigma_0.18_threshold_0.0 - INFO - Batch:[65] Adversarial images for this batch already exist
2025-07-10 20:12:19,962 - ADV_Generation_eps_4.0_steps_100_Purification_type_noisy_anchor_anchors_10_alpha_1.2_sigma_0.18_threshold_0.0 - INFO - Batch 66/154: Clean orig accuracy 0.5587 | Clean purify accuracy 0.2216 | Adv orig accuracy: 0.1174 | Adv purify accuracy: 0.1676
2025-07-10 20:12:19,972 - ADV_Generation_eps_4.0_steps_100_Purification_type_noisy_anchor_anchors_10_alpha_1.2_sigma_0.18_threshold_0.0 - INFO - Batch:[66] Adversarial images for this batch already exist
2025-07-10 20:12:23,804 - ADV_Generation_eps_4.0_steps_100_Purification_type_noisy_anchor_anchors_10_alpha_1.2_sigma_0.18_threshold_0.0 - INFO - Batch 67/154: Clean orig accuracy 0.5560 | Clean purify accuracy 0.2183 | Adv orig accuracy: 0.1157 | Adv purify accuracy: 0.1651
2025-07-10 20:12:23,813 - ADV_Generation_eps_4.0_steps_100_Purification_type_noisy_anchor_anchors_10_alpha_1.2_sigma_0.18_threshold_0.0 - INFO - Batch:[67] Adversarial images for this batch already exist
2025-07-10 20:12:27,619 - ADV_Generation_eps_4.0_steps_100_Purification_type_noisy_anchor_anchors_10_alpha_1.2_sigma_0.18_threshold_0.0 - INFO - Batch 68/154: Clean orig accuracy 0.5478 | Clean purify accuracy 0.2151 | Adv orig accuracy: 0.1140 | Adv purify accuracy: 0.1627
2025-07-10 20:12:27,628 - ADV_Generation_eps_4.0_steps_100_Purification_type_noisy_anchor_anchors_10_alpha_1.2_sigma_0.18_threshold_0.0 - INFO - Batch:[68] Adversarial images for this batch already exist
2025-07-10 20:12:31,447 - ADV_Generation_eps_4.0_steps_100_Purification_type_noisy_anchor_anchors_10_alpha_1.2_sigma_0.18_threshold_0.0 - INFO - Batch 69/154: Clean orig accuracy 0.5507 | Clean purify accuracy 0.2129 | Adv orig accuracy: 0.1132 | Adv purify accuracy: 0.1603
2025-07-10 20:12:31,457 - ADV_Generation_eps_4.0_steps_100_Purification_type_noisy_anchor_anchors_10_alpha_1.2_sigma_0.18_threshold_0.0 - INFO - Batch:[69] Adversarial images for this batch already exist
2025-07-10 20:12:35,297 - ADV_Generation_eps_4.0_steps_100_Purification_type_noisy_anchor_anchors_10_alpha_1.2_sigma_0.18_threshold_0.0 - INFO - Batch 70/154: Clean orig accuracy 0.5536 | Clean purify accuracy 0.2107 | Adv orig accuracy: 0.1116 | Adv purify accuracy: 0.1589
2025-07-10 20:12:35,308 - ADV_Generation_eps_4.0_steps_100_Purification_type_noisy_anchor_anchors_10_alpha_1.2_sigma_0.18_threshold_0.0 - INFO - Batch:[70] Adversarial images for this batch already exist
2025-07-10 20:12:39,106 - ADV_Generation_eps_4.0_steps_100_Purification_type_noisy_anchor_anchors_10_alpha_1.2_sigma_0.18_threshold_0.0 - INFO - Batch 71/154: Clean orig accuracy 0.5537 | Clean purify accuracy 0.2077 | Adv orig accuracy: 0.1109 | Adv purify accuracy: 0.1567
2025-07-10 20:12:39,116 - ADV_Generation_eps_4.0_steps_100_Purification_type_noisy_anchor_anchors_10_alpha_1.2_sigma_0.18_threshold_0.0 - INFO - Batch:[71] Adversarial images for this batch already exist
2025-07-10 20:12:42,888 - ADV_Generation_eps_4.0_steps_100_Purification_type_noisy_anchor_anchors_10_alpha_1.2_sigma_0.18_threshold_0.0 - INFO - Batch 72/154: Clean orig accuracy 0.5495 | Clean purify accuracy 0.2057 | Adv orig accuracy: 0.1102 | Adv purify accuracy: 0.1545
2025-07-10 20:12:42,899 - ADV_Generation_eps_4.0_steps_100_Purification_type_noisy_anchor_anchors_10_alpha_1.2_sigma_0.18_threshold_0.0 - INFO - Batch:[72] Adversarial images for this batch already exist
2025-07-10 20:12:46,684 - ADV_Generation_eps_4.0_steps_100_Purification_type_noisy_anchor_anchors_10_alpha_1.2_sigma_0.18_threshold_0.0 - INFO - Batch 73/154: Clean orig accuracy 0.5454 | Clean purify accuracy 0.2029 | Adv orig accuracy: 0.1087 | Adv purify accuracy: 0.1524
2025-07-10 20:12:46,694 - ADV_Generation_eps_4.0_steps_100_Purification_type_noisy_anchor_anchors_10_alpha_1.2_sigma_0.18_threshold_0.0 - INFO - Batch:[73] Adversarial images for this batch already exist
2025-07-10 20:12:50,493 - ADV_Generation_eps_4.0_steps_100_Purification_type_noisy_anchor_anchors_10_alpha_1.2_sigma_0.18_threshold_0.0 - INFO - Batch 74/154: Clean orig accuracy 0.5422 | Clean purify accuracy 0.2044 | Adv orig accuracy: 0.1115 | Adv purify accuracy: 0.1546
2025-07-10 20:12:50,503 - ADV_Generation_eps_4.0_steps_100_Purification_type_noisy_anchor_anchors_10_alpha_1.2_sigma_0.18_threshold_0.0 - INFO - Batch:[74] Adversarial images for this batch already exist
2025-07-10 20:12:54,370 - ADV_Generation_eps_4.0_steps_100_Purification_type_noisy_anchor_anchors_10_alpha_1.2_sigma_0.18_threshold_0.0 - INFO - Batch 75/154: Clean orig accuracy 0.5483 | Clean purify accuracy 0.2150 | Adv orig accuracy: 0.1225 | Adv purify accuracy: 0.1650
2025-07-10 20:12:54,381 - ADV_Generation_eps_4.0_steps_100_Purification_type_noisy_anchor_anchors_10_alpha_1.2_sigma_0.18_threshold_0.0 - INFO - Batch:[75] Adversarial images for this batch already exist
2025-07-10 20:12:58,196 - ADV_Generation_eps_4.0_steps_100_Purification_type_noisy_anchor_anchors_10_alpha_1.2_sigma_0.18_threshold_0.0 - INFO - Batch 76/154: Clean orig accuracy 0.5477 | Clean purify accuracy 0.2163 | Adv orig accuracy: 0.1250 | Adv purify accuracy: 0.1669
2025-07-10 20:12:58,206 - ADV_Generation_eps_4.0_steps_100_Purification_type_noisy_anchor_anchors_10_alpha_1.2_sigma_0.18_threshold_0.0 - INFO - Batch:[76] Adversarial images for this batch already exist
2025-07-10 20:13:01,978 - ADV_Generation_eps_4.0_steps_100_Purification_type_noisy_anchor_anchors_10_alpha_1.2_sigma_0.18_threshold_0.0 - INFO - Batch 77/154: Clean orig accuracy 0.5446 | Clean purify accuracy 0.2143 | Adv orig accuracy: 0.1242 | Adv purify accuracy: 0.1656
2025-07-10 20:13:01,987 - ADV_Generation_eps_4.0_steps_100_Purification_type_noisy_anchor_anchors_10_alpha_1.2_sigma_0.18_threshold_0.0 - INFO - Batch:[77] Adversarial images for this batch already exist
2025-07-10 20:13:05,837 - ADV_Generation_eps_4.0_steps_100_Purification_type_noisy_anchor_anchors_10_alpha_1.2_sigma_0.18_threshold_0.0 - INFO - Batch 78/154: Clean orig accuracy 0.5497 | Clean purify accuracy 0.2196 | Adv orig accuracy: 0.1290 | Adv purify accuracy: 0.1699
2025-07-10 20:13:05,848 - ADV_Generation_eps_4.0_steps_100_Purification_type_noisy_anchor_anchors_10_alpha_1.2_sigma_0.18_threshold_0.0 - INFO - Batch:[78] Adversarial images for this batch already exist
2025-07-10 20:13:09,611 - ADV_Generation_eps_4.0_steps_100_Purification_type_noisy_anchor_anchors_10_alpha_1.2_sigma_0.18_threshold_0.0 - INFO - Batch 79/154: Clean orig accuracy 0.5538 | Clean purify accuracy 0.2255 | Adv orig accuracy: 0.1305 | Adv purify accuracy: 0.1725
2025-07-10 20:13:09,621 - ADV_Generation_eps_4.0_steps_100_Purification_type_noisy_anchor_anchors_10_alpha_1.2_sigma_0.18_threshold_0.0 - INFO - Batch:[79] Adversarial images for this batch already exist
2025-07-10 20:13:13,522 - ADV_Generation_eps_4.0_steps_100_Purification_type_noisy_anchor_anchors_10_alpha_1.2_sigma_0.18_threshold_0.0 - INFO - Batch 80/154: Clean orig accuracy 0.5578 | Clean purify accuracy 0.2273 | Adv orig accuracy: 0.1359 | Adv purify accuracy: 0.1734
2025-07-10 20:13:13,532 - ADV_Generation_eps_4.0_steps_100_Purification_type_noisy_anchor_anchors_10_alpha_1.2_sigma_0.18_threshold_0.0 - INFO - Batch:[80] Adversarial images for this batch already exist
2025-07-10 20:13:17,295 - ADV_Generation_eps_4.0_steps_100_Purification_type_noisy_anchor_anchors_10_alpha_1.2_sigma_0.18_threshold_0.0 - INFO - Batch 81/154: Clean orig accuracy 0.5571 | Clean purify accuracy 0.2245 | Adv orig accuracy: 0.1343 | Adv purify accuracy: 0.1713
2025-07-10 20:13:17,305 - ADV_Generation_eps_4.0_steps_100_Purification_type_noisy_anchor_anchors_10_alpha_1.2_sigma_0.18_threshold_0.0 - INFO - Batch:[81] Adversarial images for this batch already exist
2025-07-10 20:13:21,094 - ADV_Generation_eps_4.0_steps_100_Purification_type_noisy_anchor_anchors_10_alpha_1.2_sigma_0.18_threshold_0.0 - INFO - Batch 82/154: Clean orig accuracy 0.5541 | Clean purify accuracy 0.2226 | Adv orig accuracy: 0.1326 | Adv purify accuracy: 0.1692
2025-07-10 20:13:21,103 - ADV_Generation_eps_4.0_steps_100_Purification_type_noisy_anchor_anchors_10_alpha_1.2_sigma_0.18_threshold_0.0 - INFO - Batch:[82] Adversarial images for this batch already exist
2025-07-10 20:13:24,933 - ADV_Generation_eps_4.0_steps_100_Purification_type_noisy_anchor_anchors_10_alpha_1.2_sigma_0.18_threshold_0.0 - INFO - Batch 83/154: Clean orig accuracy 0.5497 | Clean purify accuracy 0.2206 | Adv orig accuracy: 0.1310 | Adv purify accuracy: 0.1679
2025-07-10 20:13:24,943 - ADV_Generation_eps_4.0_steps_100_Purification_type_noisy_anchor_anchors_10_alpha_1.2_sigma_0.18_threshold_0.0 - INFO - Batch:[83] Adversarial images for this batch already exist
2025-07-10 20:13:28,714 - ADV_Generation_eps_4.0_steps_100_Purification_type_noisy_anchor_anchors_10_alpha_1.2_sigma_0.18_threshold_0.0 - INFO - Batch 84/154: Clean orig accuracy 0.5476 | Clean purify accuracy 0.2195 | Adv orig accuracy: 0.1295 | Adv purify accuracy: 0.1667
2025-07-10 20:13:28,724 - ADV_Generation_eps_4.0_steps_100_Purification_type_noisy_anchor_anchors_10_alpha_1.2_sigma_0.18_threshold_0.0 - INFO - Batch:[84] Adversarial images for this batch already exist
2025-07-10 20:13:32,584 - ADV_Generation_eps_4.0_steps_100_Purification_type_noisy_anchor_anchors_10_alpha_1.2_sigma_0.18_threshold_0.0 - INFO - Batch 85/154: Clean orig accuracy 0.5500 | Clean purify accuracy 0.2184 | Adv orig accuracy: 0.1309 | Adv purify accuracy: 0.1654
2025-07-10 20:13:32,595 - ADV_Generation_eps_4.0_steps_100_Purification_type_noisy_anchor_anchors_10_alpha_1.2_sigma_0.18_threshold_0.0 - INFO - Batch:[85] Adversarial images for this batch already exist
2025-07-10 20:13:36,394 - ADV_Generation_eps_4.0_steps_100_Purification_type_noisy_anchor_anchors_10_alpha_1.2_sigma_0.18_threshold_0.0 - INFO - Batch 86/154: Clean orig accuracy 0.5545 | Clean purify accuracy 0.2158 | Adv orig accuracy: 0.1330 | Adv purify accuracy: 0.1635
2025-07-10 20:13:36,403 - ADV_Generation_eps_4.0_steps_100_Purification_type_noisy_anchor_anchors_10_alpha_1.2_sigma_0.18_threshold_0.0 - INFO - Batch:[86] Adversarial images for this batch already exist
2025-07-10 20:13:40,172 - ADV_Generation_eps_4.0_steps_100_Purification_type_noisy_anchor_anchors_10_alpha_1.2_sigma_0.18_threshold_0.0 - INFO - Batch 87/154: Clean orig accuracy 0.5539 | Clean purify accuracy 0.2148 | Adv orig accuracy: 0.1315 | Adv purify accuracy: 0.1624
2025-07-10 20:13:40,183 - ADV_Generation_eps_4.0_steps_100_Purification_type_noisy_anchor_anchors_10_alpha_1.2_sigma_0.18_threshold_0.0 - INFO - Batch:[87] Adversarial images for this batch already exist
2025-07-10 20:13:44,053 - ADV_Generation_eps_4.0_steps_100_Purification_type_noisy_anchor_anchors_10_alpha_1.2_sigma_0.18_threshold_0.0 - INFO - Batch 88/154: Clean orig accuracy 0.5561 | Clean purify accuracy 0.2145 | Adv orig accuracy: 0.1357 | Adv purify accuracy: 0.1612
2025-07-10 20:13:44,063 - ADV_Generation_eps_4.0_steps_100_Purification_type_noisy_anchor_anchors_10_alpha_1.2_sigma_0.18_threshold_0.0 - INFO - Batch:[88] Adversarial images for this batch already exist
2025-07-10 20:13:47,907 - ADV_Generation_eps_4.0_steps_100_Purification_type_noisy_anchor_anchors_10_alpha_1.2_sigma_0.18_threshold_0.0 - INFO - Batch 89/154: Clean orig accuracy 0.5548 | Clean purify accuracy 0.2121 | Adv orig accuracy: 0.1369 | Adv purify accuracy: 0.1594
2025-07-10 20:13:47,917 - ADV_Generation_eps_4.0_steps_100_Purification_type_noisy_anchor_anchors_10_alpha_1.2_sigma_0.18_threshold_0.0 - INFO - Batch:[89] Adversarial images for this batch already exist
2025-07-10 20:13:51,726 - ADV_Generation_eps_4.0_steps_100_Purification_type_noisy_anchor_anchors_10_alpha_1.2_sigma_0.18_threshold_0.0 - INFO - Batch 90/154: Clean orig accuracy 0.5493 | Clean purify accuracy 0.2097 | Adv orig accuracy: 0.1354 | Adv purify accuracy: 0.1576
2025-07-10 20:13:51,736 - ADV_Generation_eps_4.0_steps_100_Purification_type_noisy_anchor_anchors_10_alpha_1.2_sigma_0.18_threshold_0.0 - INFO - Batch:[90] Adversarial images for this batch already exist
2025-07-10 20:13:55,590 - ADV_Generation_eps_4.0_steps_100_Purification_type_noisy_anchor_anchors_10_alpha_1.2_sigma_0.18_threshold_0.0 - INFO - Batch 91/154: Clean orig accuracy 0.5488 | Clean purify accuracy 0.2074 | Adv orig accuracy: 0.1346 | Adv purify accuracy: 0.1566
2025-07-10 20:13:55,599 - ADV_Generation_eps_4.0_steps_100_Purification_type_noisy_anchor_anchors_10_alpha_1.2_sigma_0.18_threshold_0.0 - INFO - Batch:[91] Adversarial images for this batch already exist
2025-07-10 20:13:59,404 - ADV_Generation_eps_4.0_steps_100_Purification_type_noisy_anchor_anchors_10_alpha_1.2_sigma_0.18_threshold_0.0 - INFO - Batch 92/154: Clean orig accuracy 0.5489 | Clean purify accuracy 0.2086 | Adv orig accuracy: 0.1338 | Adv purify accuracy: 0.1562
2025-07-10 20:13:59,414 - ADV_Generation_eps_4.0_steps_100_Purification_type_noisy_anchor_anchors_10_alpha_1.2_sigma_0.18_threshold_0.0 - INFO - Batch:[92] Adversarial images for this batch already exist
2025-07-10 20:14:03,158 - ADV_Generation_eps_4.0_steps_100_Purification_type_noisy_anchor_anchors_10_alpha_1.2_sigma_0.18_threshold_0.0 - INFO - Batch 93/154: Clean orig accuracy 0.5484 | Clean purify accuracy 0.2077 | Adv orig accuracy: 0.1331 | Adv purify accuracy: 0.1559
2025-07-10 20:14:03,169 - ADV_Generation_eps_4.0_steps_100_Purification_type_noisy_anchor_anchors_10_alpha_1.2_sigma_0.18_threshold_0.0 - INFO - Batch:[93] Adversarial images for this batch already exist
2025-07-10 20:14:07,054 - ADV_Generation_eps_4.0_steps_100_Purification_type_noisy_anchor_anchors_10_alpha_1.2_sigma_0.18_threshold_0.0 - INFO - Batch 94/154: Clean orig accuracy 0.5485 | Clean purify accuracy 0.2074 | Adv orig accuracy: 0.1330 | Adv purify accuracy: 0.1562
2025-07-10 20:14:07,064 - ADV_Generation_eps_4.0_steps_100_Purification_type_noisy_anchor_anchors_10_alpha_1.2_sigma_0.18_threshold_0.0 - INFO - Batch:[94] Adversarial images for this batch already exist
2025-07-10 20:14:10,950 - ADV_Generation_eps_4.0_steps_100_Purification_type_noisy_anchor_anchors_10_alpha_1.2_sigma_0.18_threshold_0.0 - INFO - Batch 95/154: Clean orig accuracy 0.5507 | Clean purify accuracy 0.2099 | Adv orig accuracy: 0.1316 | Adv purify accuracy: 0.1586
2025-07-10 20:14:10,960 - ADV_Generation_eps_4.0_steps_100_Purification_type_noisy_anchor_anchors_10_alpha_1.2_sigma_0.18_threshold_0.0 - INFO - Batch:[95] Adversarial images for this batch already exist
2025-07-10 20:14:14,722 - ADV_Generation_eps_4.0_steps_100_Purification_type_noisy_anchor_anchors_10_alpha_1.2_sigma_0.18_threshold_0.0 - INFO - Batch 96/154: Clean orig accuracy 0.5527 | Clean purify accuracy 0.2077 | Adv orig accuracy: 0.1302 | Adv purify accuracy: 0.1569
2025-07-10 20:14:14,732 - ADV_Generation_eps_4.0_steps_100_Purification_type_noisy_anchor_anchors_10_alpha_1.2_sigma_0.18_threshold_0.0 - INFO - Batch:[96] Adversarial images for this batch already exist
2025-07-10 20:14:18,480 - ADV_Generation_eps_4.0_steps_100_Purification_type_noisy_anchor_anchors_10_alpha_1.2_sigma_0.18_threshold_0.0 - INFO - Batch 97/154: Clean orig accuracy 0.5509 | Clean purify accuracy 0.2075 | Adv orig accuracy: 0.1289 | Adv purify accuracy: 0.1566
2025-07-10 20:14:18,490 - ADV_Generation_eps_4.0_steps_100_Purification_type_noisy_anchor_anchors_10_alpha_1.2_sigma_0.18_threshold_0.0 - INFO - Batch:[97] Adversarial images for this batch already exist
2025-07-10 20:14:22,271 - ADV_Generation_eps_4.0_steps_100_Purification_type_noisy_anchor_anchors_10_alpha_1.2_sigma_0.18_threshold_0.0 - INFO - Batch 98/154: Clean orig accuracy 0.5491 | Clean purify accuracy 0.2054 | Adv orig accuracy: 0.1276 | Adv purify accuracy: 0.1550
2025-07-10 20:14:22,281 - ADV_Generation_eps_4.0_steps_100_Purification_type_noisy_anchor_anchors_10_alpha_1.2_sigma_0.18_threshold_0.0 - INFO - Batch:[98] Adversarial images for this batch already exist
2025-07-10 20:14:26,147 - ADV_Generation_eps_4.0_steps_100_Purification_type_noisy_anchor_anchors_10_alpha_1.2_sigma_0.18_threshold_0.0 - INFO - Batch 99/154: Clean orig accuracy 0.5480 | Clean purify accuracy 0.2039 | Adv orig accuracy: 0.1263 | Adv purify accuracy: 0.1547
2025-07-10 20:14:26,157 - ADV_Generation_eps_4.0_steps_100_Purification_type_noisy_anchor_anchors_10_alpha_1.2_sigma_0.18_threshold_0.0 - INFO - Batch:[99] Adversarial images for this batch already exist
2025-07-10 20:14:29,990 - ADV_Generation_eps_4.0_steps_100_Purification_type_noisy_anchor_anchors_10_alpha_1.2_sigma_0.18_threshold_0.0 - INFO - Batch 100/154: Clean orig accuracy 0.5450 | Clean purify accuracy 0.2025 | Adv orig accuracy: 0.1250 | Adv purify accuracy: 0.1531
2025-07-10 20:14:30,000 - ADV_Generation_eps_4.0_steps_100_Purification_type_noisy_anchor_anchors_10_alpha_1.2_sigma_0.18_threshold_0.0 - INFO - Batch:[100] Adversarial images for this batch already exist
2025-07-10 20:14:33,857 - ADV_Generation_eps_4.0_steps_100_Purification_type_noisy_anchor_anchors_10_alpha_1.2_sigma_0.18_threshold_0.0 - INFO - Batch 101/154: Clean orig accuracy 0.5415 | Clean purify accuracy 0.2005 | Adv orig accuracy: 0.1238 | Adv purify accuracy: 0.1522
2025-07-10 20:14:33,867 - ADV_Generation_eps_4.0_steps_100_Purification_type_noisy_anchor_anchors_10_alpha_1.2_sigma_0.18_threshold_0.0 - INFO - Batch:[101] Adversarial images for this batch already exist
2025-07-10 20:14:37,799 - ADV_Generation_eps_4.0_steps_100_Purification_type_noisy_anchor_anchors_10_alpha_1.2_sigma_0.18_threshold_0.0 - INFO - Batch 102/154: Clean orig accuracy 0.5453 | Clean purify accuracy 0.2016 | Adv orig accuracy: 0.1256 | Adv purify accuracy: 0.1538
2025-07-10 20:14:37,808 - ADV_Generation_eps_4.0_steps_100_Purification_type_noisy_anchor_anchors_10_alpha_1.2_sigma_0.18_threshold_0.0 - INFO - Batch:[102] Adversarial images for this batch already exist
2025-07-10 20:14:41,567 - ADV_Generation_eps_4.0_steps_100_Purification_type_noisy_anchor_anchors_10_alpha_1.2_sigma_0.18_threshold_0.0 - INFO - Batch 103/154: Clean orig accuracy 0.5485 | Clean purify accuracy 0.2081 | Adv orig accuracy: 0.1292 | Adv purify accuracy: 0.1602
2025-07-10 20:14:41,578 - ADV_Generation_eps_4.0_steps_100_Purification_type_noisy_anchor_anchors_10_alpha_1.2_sigma_0.18_threshold_0.0 - INFO - Batch:[103] Adversarial images for this batch already exist
2025-07-10 20:14:45,335 - ADV_Generation_eps_4.0_steps_100_Purification_type_noisy_anchor_anchors_10_alpha_1.2_sigma_0.18_threshold_0.0 - INFO - Batch 104/154: Clean orig accuracy 0.5499 | Clean purify accuracy 0.2085 | Adv orig accuracy: 0.1280 | Adv purify accuracy: 0.1611
2025-07-10 20:14:45,348 - ADV_Generation_eps_4.0_steps_100_Purification_type_noisy_anchor_anchors_10_alpha_1.2_sigma_0.18_threshold_0.0 - INFO - Batch:[104] Adversarial images for this batch already exist
2025-07-10 20:14:49,263 - ADV_Generation_eps_4.0_steps_100_Purification_type_noisy_anchor_anchors_10_alpha_1.2_sigma_0.18_threshold_0.0 - INFO - Batch 105/154: Clean orig accuracy 0.5536 | Clean purify accuracy 0.2155 | Adv orig accuracy: 0.1304 | Adv purify accuracy: 0.1685
2025-07-10 20:14:49,274 - ADV_Generation_eps_4.0_steps_100_Purification_type_noisy_anchor_anchors_10_alpha_1.2_sigma_0.18_threshold_0.0 - INFO - Batch:[105] Adversarial images for this batch already exist
2025-07-10 20:14:53,076 - ADV_Generation_eps_4.0_steps_100_Purification_type_noisy_anchor_anchors_10_alpha_1.2_sigma_0.18_threshold_0.0 - INFO - Batch 106/154: Clean orig accuracy 0.5560 | Clean purify accuracy 0.2182 | Adv orig accuracy: 0.1321 | Adv purify accuracy: 0.1716
2025-07-10 20:14:53,085 - ADV_Generation_eps_4.0_steps_100_Purification_type_noisy_anchor_anchors_10_alpha_1.2_sigma_0.18_threshold_0.0 - INFO - Batch:[106] Adversarial images for this batch already exist
2025-07-10 20:14:56,888 - ADV_Generation_eps_4.0_steps_100_Purification_type_noisy_anchor_anchors_10_alpha_1.2_sigma_0.18_threshold_0.0 - INFO - Batch 107/154: Clean orig accuracy 0.5555 | Clean purify accuracy 0.2167 | Adv orig accuracy: 0.1308 | Adv purify accuracy: 0.1706
2025-07-10 20:14:56,898 - ADV_Generation_eps_4.0_steps_100_Purification_type_noisy_anchor_anchors_10_alpha_1.2_sigma_0.18_threshold_0.0 - INFO - Batch:[107] Adversarial images for this batch already exist
2025-07-10 20:15:00,690 - ADV_Generation_eps_4.0_steps_100_Purification_type_noisy_anchor_anchors_10_alpha_1.2_sigma_0.18_threshold_0.0 - INFO - Batch 108/154: Clean orig accuracy 0.5584 | Clean purify accuracy 0.2164 | Adv orig accuracy: 0.1337 | Adv purify accuracy: 0.1701
2025-07-10 20:15:00,700 - ADV_Generation_eps_4.0_steps_100_Purification_type_noisy_anchor_anchors_10_alpha_1.2_sigma_0.18_threshold_0.0 - INFO - Batch:[108] Adversarial images for this batch already exist
2025-07-10 20:15:04,517 - ADV_Generation_eps_4.0_steps_100_Purification_type_noisy_anchor_anchors_10_alpha_1.2_sigma_0.18_threshold_0.0 - INFO - Batch 109/154: Clean orig accuracy 0.5573 | Clean purify accuracy 0.2150 | Adv orig accuracy: 0.1336 | Adv purify accuracy: 0.1686
2025-07-10 20:15:04,526 - ADV_Generation_eps_4.0_steps_100_Purification_type_noisy_anchor_anchors_10_alpha_1.2_sigma_0.18_threshold_0.0 - INFO - Batch:[109] Adversarial images for this batch already exist
2025-07-10 20:15:08,296 - ADV_Generation_eps_4.0_steps_100_Purification_type_noisy_anchor_anchors_10_alpha_1.2_sigma_0.18_threshold_0.0 - INFO - Batch 110/154: Clean orig accuracy 0.5528 | Clean purify accuracy 0.2131 | Adv orig accuracy: 0.1324 | Adv purify accuracy: 0.1670
2025-07-10 20:15:08,308 - ADV_Generation_eps_4.0_steps_100_Purification_type_noisy_anchor_anchors_10_alpha_1.2_sigma_0.18_threshold_0.0 - INFO - Batch:[110] Adversarial images for this batch already exist
2025-07-10 20:15:12,213 - ADV_Generation_eps_4.0_steps_100_Purification_type_noisy_anchor_anchors_10_alpha_1.2_sigma_0.18_threshold_0.0 - INFO - Batch 111/154: Clean orig accuracy 0.5541 | Clean purify accuracy 0.2173 | Adv orig accuracy: 0.1374 | Adv purify accuracy: 0.1712
2025-07-10 20:15:12,223 - ADV_Generation_eps_4.0_steps_100_Purification_type_noisy_anchor_anchors_10_alpha_1.2_sigma_0.18_threshold_0.0 - INFO - Batch:[111] Adversarial images for this batch already exist
2025-07-10 20:15:16,007 - ADV_Generation_eps_4.0_steps_100_Purification_type_noisy_anchor_anchors_10_alpha_1.2_sigma_0.18_threshold_0.0 - INFO - Batch 112/154: Clean orig accuracy 0.5536 | Clean purify accuracy 0.2182 | Adv orig accuracy: 0.1390 | Adv purify accuracy: 0.1724
2025-07-10 20:15:16,018 - ADV_Generation_eps_4.0_steps_100_Purification_type_noisy_anchor_anchors_10_alpha_1.2_sigma_0.18_threshold_0.0 - INFO - Batch:[112] Adversarial images for this batch already exist
2025-07-10 20:15:19,832 - ADV_Generation_eps_4.0_steps_100_Purification_type_noisy_anchor_anchors_10_alpha_1.2_sigma_0.18_threshold_0.0 - INFO - Batch 113/154: Clean orig accuracy 0.5559 | Clean purify accuracy 0.2163 | Adv orig accuracy: 0.1399 | Adv purify accuracy: 0.1709
2025-07-10 20:15:19,845 - ADV_Generation_eps_4.0_steps_100_Purification_type_noisy_anchor_anchors_10_alpha_1.2_sigma_0.18_threshold_0.0 - INFO - Batch:[113] Adversarial images for this batch already exist
2025-07-10 20:15:23,861 - ADV_Generation_eps_4.0_steps_100_Purification_type_noisy_anchor_anchors_10_alpha_1.2_sigma_0.18_threshold_0.0 - INFO - Batch 114/154: Clean orig accuracy 0.5532 | Clean purify accuracy 0.2144 | Adv orig accuracy: 0.1404 | Adv purify accuracy: 0.1694
2025-07-10 20:15:23,872 - ADV_Generation_eps_4.0_steps_100_Purification_type_noisy_anchor_anchors_10_alpha_1.2_sigma_0.18_threshold_0.0 - INFO - Batch:[114] Adversarial images for this batch already exist
2025-07-10 20:15:27,668 - ADV_Generation_eps_4.0_steps_100_Purification_type_noisy_anchor_anchors_10_alpha_1.2_sigma_0.18_threshold_0.0 - INFO - Batch 115/154: Clean orig accuracy 0.5554 | Clean purify accuracy 0.2196 | Adv orig accuracy: 0.1462 | Adv purify accuracy: 0.1750
2025-07-10 20:15:27,679 - ADV_Generation_eps_4.0_steps_100_Purification_type_noisy_anchor_anchors_10_alpha_1.2_sigma_0.18_threshold_0.0 - INFO - Batch:[115] Adversarial images for this batch already exist
2025-07-10 20:15:31,441 - ADV_Generation_eps_4.0_steps_100_Purification_type_noisy_anchor_anchors_10_alpha_1.2_sigma_0.18_threshold_0.0 - INFO - Batch 116/154: Clean orig accuracy 0.5512 | Clean purify accuracy 0.2188 | Adv orig accuracy: 0.1455 | Adv purify accuracy: 0.1746
2025-07-10 20:15:31,451 - ADV_Generation_eps_4.0_steps_100_Purification_type_noisy_anchor_anchors_10_alpha_1.2_sigma_0.18_threshold_0.0 - INFO - Batch:[116] Adversarial images for this batch already exist
2025-07-10 20:15:35,202 - ADV_Generation_eps_4.0_steps_100_Purification_type_noisy_anchor_anchors_10_alpha_1.2_sigma_0.18_threshold_0.0 - INFO - Batch 117/154: Clean orig accuracy 0.5465 | Clean purify accuracy 0.2174 | Adv orig accuracy: 0.1442 | Adv purify accuracy: 0.1736
2025-07-10 20:15:35,213 - ADV_Generation_eps_4.0_steps_100_Purification_type_noisy_anchor_anchors_10_alpha_1.2_sigma_0.18_threshold_0.0 - INFO - Batch:[117] Adversarial images for this batch already exist
2025-07-10 20:15:39,055 - ADV_Generation_eps_4.0_steps_100_Purification_type_noisy_anchor_anchors_10_alpha_1.2_sigma_0.18_threshold_0.0 - INFO - Batch 118/154: Clean orig accuracy 0.5503 | Clean purify accuracy 0.2225 | Adv orig accuracy: 0.1472 | Adv purify accuracy: 0.1774
2025-07-10 20:15:39,065 - ADV_Generation_eps_4.0_steps_100_Purification_type_noisy_anchor_anchors_10_alpha_1.2_sigma_0.18_threshold_0.0 - INFO - Batch:[118] Adversarial images for this batch already exist
2025-07-10 20:15:42,867 - ADV_Generation_eps_4.0_steps_100_Purification_type_noisy_anchor_anchors_10_alpha_1.2_sigma_0.18_threshold_0.0 - INFO - Batch 119/154: Clean orig accuracy 0.5515 | Clean purify accuracy 0.2206 | Adv orig accuracy: 0.1465 | Adv purify accuracy: 0.1759
2025-07-10 20:15:42,878 - ADV_Generation_eps_4.0_steps_100_Purification_type_noisy_anchor_anchors_10_alpha_1.2_sigma_0.18_threshold_0.0 - INFO - Batch:[119] Adversarial images for this batch already exist
2025-07-10 20:15:46,680 - ADV_Generation_eps_4.0_steps_100_Purification_type_noisy_anchor_anchors_10_alpha_1.2_sigma_0.18_threshold_0.0 - INFO - Batch 120/154: Clean orig accuracy 0.5542 | Clean purify accuracy 0.2188 | Adv orig accuracy: 0.1495 | Adv purify accuracy: 0.1745
2025-07-10 20:15:46,690 - ADV_Generation_eps_4.0_steps_100_Purification_type_noisy_anchor_anchors_10_alpha_1.2_sigma_0.18_threshold_0.0 - INFO - Batch:[120] Adversarial images for this batch already exist
2025-07-10 20:15:50,521 - ADV_Generation_eps_4.0_steps_100_Purification_type_noisy_anchor_anchors_10_alpha_1.2_sigma_0.18_threshold_0.0 - INFO - Batch 121/154: Clean orig accuracy 0.5573 | Clean purify accuracy 0.2200 | Adv orig accuracy: 0.1524 | Adv purify accuracy: 0.1761
2025-07-10 20:15:50,530 - ADV_Generation_eps_4.0_steps_100_Purification_type_noisy_anchor_anchors_10_alpha_1.2_sigma_0.18_threshold_0.0 - INFO - Batch:[121] Adversarial images for this batch already exist
2025-07-10 20:15:54,304 - ADV_Generation_eps_4.0_steps_100_Purification_type_noisy_anchor_anchors_10_alpha_1.2_sigma_0.18_threshold_0.0 - INFO - Batch 122/154: Clean orig accuracy 0.5599 | Clean purify accuracy 0.2223 | Adv orig accuracy: 0.1527 | Adv purify accuracy: 0.1793
2025-07-10 20:15:54,314 - ADV_Generation_eps_4.0_steps_100_Purification_type_noisy_anchor_anchors_10_alpha_1.2_sigma_0.18_threshold_0.0 - INFO - Batch:[122] Adversarial images for this batch already exist
2025-07-10 20:15:58,135 - ADV_Generation_eps_4.0_steps_100_Purification_type_noisy_anchor_anchors_10_alpha_1.2_sigma_0.18_threshold_0.0 - INFO - Batch 123/154: Clean orig accuracy 0.5605 | Clean purify accuracy 0.2215 | Adv orig accuracy: 0.1519 | Adv purify accuracy: 0.1784
2025-07-10 20:15:58,146 - ADV_Generation_eps_4.0_steps_100_Purification_type_noisy_anchor_anchors_10_alpha_1.2_sigma_0.18_threshold_0.0 - INFO - Batch:[123] Adversarial images for this batch already exist
2025-07-10 20:16:02,001 - ADV_Generation_eps_4.0_steps_100_Purification_type_noisy_anchor_anchors_10_alpha_1.2_sigma_0.18_threshold_0.0 - INFO - Batch 124/154: Clean orig accuracy 0.5635 | Clean purify accuracy 0.2248 | Adv orig accuracy: 0.1542 | Adv purify accuracy: 0.1820
2025-07-10 20:16:02,011 - ADV_Generation_eps_4.0_steps_100_Purification_type_noisy_anchor_anchors_10_alpha_1.2_sigma_0.18_threshold_0.0 - INFO - Batch:[124] Adversarial images for this batch already exist
2025-07-10 20:16:05,781 - ADV_Generation_eps_4.0_steps_100_Purification_type_noisy_anchor_anchors_10_alpha_1.2_sigma_0.18_threshold_0.0 - INFO - Batch 125/154: Clean orig accuracy 0.5665 | Clean purify accuracy 0.2295 | Adv orig accuracy: 0.1590 | Adv purify accuracy: 0.1865
2025-07-10 20:16:05,790 - ADV_Generation_eps_4.0_steps_100_Purification_type_noisy_anchor_anchors_10_alpha_1.2_sigma_0.18_threshold_0.0 - INFO - Batch:[125] Adversarial images for this batch already exist
2025-07-10 20:16:09,584 - ADV_Generation_eps_4.0_steps_100_Purification_type_noisy_anchor_anchors_10_alpha_1.2_sigma_0.18_threshold_0.0 - INFO - Batch 126/154: Clean orig accuracy 0.5665 | Clean purify accuracy 0.2282 | Adv orig accuracy: 0.1582 | Adv purify accuracy: 0.1855
2025-07-10 20:16:09,594 - ADV_Generation_eps_4.0_steps_100_Purification_type_noisy_anchor_anchors_10_alpha_1.2_sigma_0.18_threshold_0.0 - INFO - Batch:[126] Adversarial images for this batch already exist
2025-07-10 20:16:13,417 - ADV_Generation_eps_4.0_steps_100_Purification_type_noisy_anchor_anchors_10_alpha_1.2_sigma_0.18_threshold_0.0 - INFO - Batch 127/154: Clean orig accuracy 0.5659 | Clean purify accuracy 0.2279 | Adv orig accuracy: 0.1585 | Adv purify accuracy: 0.1855
2025-07-10 20:16:13,427 - ADV_Generation_eps_4.0_steps_100_Purification_type_noisy_anchor_anchors_10_alpha_1.2_sigma_0.18_threshold_0.0 - INFO - Batch:[127] Adversarial images for this batch already exist
2025-07-10 20:16:17,255 - ADV_Generation_eps_4.0_steps_100_Purification_type_noisy_anchor_anchors_10_alpha_1.2_sigma_0.18_threshold_0.0 - INFO - Batch 128/154: Clean orig accuracy 0.5693 | Clean purify accuracy 0.2271 | Adv orig accuracy: 0.1592 | Adv purify accuracy: 0.1851
2025-07-10 20:16:17,265 - ADV_Generation_eps_4.0_steps_100_Purification_type_noisy_anchor_anchors_10_alpha_1.2_sigma_0.18_threshold_0.0 - INFO - Batch:[128] Adversarial images for this batch already exist
2025-07-10 20:16:21,003 - ADV_Generation_eps_4.0_steps_100_Purification_type_noisy_anchor_anchors_10_alpha_1.2_sigma_0.18_threshold_0.0 - INFO - Batch 129/154: Clean orig accuracy 0.5703 | Clean purify accuracy 0.2306 | Adv orig accuracy: 0.1594 | Adv purify accuracy: 0.1890
2025-07-10 20:16:21,012 - ADV_Generation_eps_4.0_steps_100_Purification_type_noisy_anchor_anchors_10_alpha_1.2_sigma_0.18_threshold_0.0 - INFO - Batch:[129] Adversarial images for this batch already exist
2025-07-10 20:16:24,771 - ADV_Generation_eps_4.0_steps_100_Purification_type_noisy_anchor_anchors_10_alpha_1.2_sigma_0.18_threshold_0.0 - INFO - Batch 130/154: Clean orig accuracy 0.5707 | Clean purify accuracy 0.2332 | Adv orig accuracy: 0.1620 | Adv purify accuracy: 0.1918
2025-07-10 20:16:24,781 - ADV_Generation_eps_4.0_steps_100_Purification_type_noisy_anchor_anchors_10_alpha_1.2_sigma_0.18_threshold_0.0 - INFO - Batch:[130] Adversarial images for this batch already exist
2025-07-10 20:16:28,552 - ADV_Generation_eps_4.0_steps_100_Purification_type_noisy_anchor_anchors_10_alpha_1.2_sigma_0.18_threshold_0.0 - INFO - Batch 131/154: Clean orig accuracy 0.5692 | Clean purify accuracy 0.2328 | Adv orig accuracy: 0.1608 | Adv purify accuracy: 0.1913
2025-07-10 20:16:28,562 - ADV_Generation_eps_4.0_steps_100_Purification_type_noisy_anchor_anchors_10_alpha_1.2_sigma_0.18_threshold_0.0 - INFO - Batch:[131] Adversarial images for this batch already exist
2025-07-10 20:16:32,422 - ADV_Generation_eps_4.0_steps_100_Purification_type_noisy_anchor_anchors_10_alpha_1.2_sigma_0.18_threshold_0.0 - INFO - Batch 132/154: Clean orig accuracy 0.5696 | Clean purify accuracy 0.2330 | Adv orig accuracy: 0.1605 | Adv purify accuracy: 0.1918
2025-07-10 20:16:32,433 - ADV_Generation_eps_4.0_steps_100_Purification_type_noisy_anchor_anchors_10_alpha_1.2_sigma_0.18_threshold_0.0 - INFO - Batch:[132] Adversarial images for this batch already exist
2025-07-10 20:16:36,206 - ADV_Generation_eps_4.0_steps_100_Purification_type_noisy_anchor_anchors_10_alpha_1.2_sigma_0.18_threshold_0.0 - INFO - Batch 133/154: Clean orig accuracy 0.5700 | Clean purify accuracy 0.2336 | Adv orig accuracy: 0.1598 | Adv purify accuracy: 0.1917
2025-07-10 20:16:36,216 - ADV_Generation_eps_4.0_steps_100_Purification_type_noisy_anchor_anchors_10_alpha_1.2_sigma_0.18_threshold_0.0 - INFO - Batch:[133] Adversarial images for this batch already exist
2025-07-10 20:16:40,107 - ADV_Generation_eps_4.0_steps_100_Purification_type_noisy_anchor_anchors_10_alpha_1.2_sigma_0.18_threshold_0.0 - INFO - Batch 134/154: Clean orig accuracy 0.5690 | Clean purify accuracy 0.2327 | Adv orig accuracy: 0.1600 | Adv purify accuracy: 0.1908
2025-07-10 20:16:40,117 - ADV_Generation_eps_4.0_steps_100_Purification_type_noisy_anchor_anchors_10_alpha_1.2_sigma_0.18_threshold_0.0 - INFO - Batch:[134] Adversarial images for this batch already exist
2025-07-10 20:16:43,916 - ADV_Generation_eps_4.0_steps_100_Purification_type_noisy_anchor_anchors_10_alpha_1.2_sigma_0.18_threshold_0.0 - INFO - Batch 135/154: Clean orig accuracy 0.5718 | Clean purify accuracy 0.2338 | Adv orig accuracy: 0.1616 | Adv purify accuracy: 0.1912
2025-07-10 20:16:43,925 - ADV_Generation_eps_4.0_steps_100_Purification_type_noisy_anchor_anchors_10_alpha_1.2_sigma_0.18_threshold_0.0 - INFO - Batch:[135] Adversarial images for this batch already exist
2025-07-10 20:16:47,746 - ADV_Generation_eps_4.0_steps_100_Purification_type_noisy_anchor_anchors_10_alpha_1.2_sigma_0.18_threshold_0.0 - INFO - Batch 136/154: Clean orig accuracy 0.5694 | Clean purify accuracy 0.2330 | Adv orig accuracy: 0.1622 | Adv purify accuracy: 0.1907
2025-07-10 20:16:47,757 - ADV_Generation_eps_4.0_steps_100_Purification_type_noisy_anchor_anchors_10_alpha_1.2_sigma_0.18_threshold_0.0 - INFO - Batch:[136] Adversarial images for this batch already exist
2025-07-10 20:16:51,491 - ADV_Generation_eps_4.0_steps_100_Purification_type_noisy_anchor_anchors_10_alpha_1.2_sigma_0.18_threshold_0.0 - INFO - Batch 137/154: Clean orig accuracy 0.5703 | Clean purify accuracy 0.2318 | Adv orig accuracy: 0.1629 | Adv purify accuracy: 0.1893
2025-07-10 20:16:51,501 - ADV_Generation_eps_4.0_steps_100_Purification_type_noisy_anchor_anchors_10_alpha_1.2_sigma_0.18_threshold_0.0 - INFO - Batch:[137] Adversarial images for this batch already exist
2025-07-10 20:16:55,413 - ADV_Generation_eps_4.0_steps_100_Purification_type_noisy_anchor_anchors_10_alpha_1.2_sigma_0.18_threshold_0.0 - INFO - Batch 138/154: Clean orig accuracy 0.5711 | Clean purify accuracy 0.2301 | Adv orig accuracy: 0.1626 | Adv purify accuracy: 0.1880
2025-07-10 20:16:55,423 - ADV_Generation_eps_4.0_steps_100_Purification_type_noisy_anchor_anchors_10_alpha_1.2_sigma_0.18_threshold_0.0 - INFO - Batch:[138] Adversarial images for this batch already exist
2025-07-10 20:16:59,223 - ADV_Generation_eps_4.0_steps_100_Purification_type_noisy_anchor_anchors_10_alpha_1.2_sigma_0.18_threshold_0.0 - INFO - Batch 139/154: Clean orig accuracy 0.5737 | Clean purify accuracy 0.2284 | Adv orig accuracy: 0.1650 | Adv purify accuracy: 0.1866
2025-07-10 20:16:59,233 - ADV_Generation_eps_4.0_steps_100_Purification_type_noisy_anchor_anchors_10_alpha_1.2_sigma_0.18_threshold_0.0 - INFO - Batch:[139] Adversarial images for this batch already exist
2025-07-10 20:17:03,055 - ADV_Generation_eps_4.0_steps_100_Purification_type_noisy_anchor_anchors_10_alpha_1.2_sigma_0.18_threshold_0.0 - INFO - Batch 140/154: Clean orig accuracy 0.5705 | Clean purify accuracy 0.2268 | Adv orig accuracy: 0.1638 | Adv purify accuracy: 0.1853
2025-07-10 20:17:03,066 - ADV_Generation_eps_4.0_steps_100_Purification_type_noisy_anchor_anchors_10_alpha_1.2_sigma_0.18_threshold_0.0 - INFO - Batch:[140] Adversarial images for this batch already exist
2025-07-10 20:17:06,870 - ADV_Generation_eps_4.0_steps_100_Purification_type_noisy_anchor_anchors_10_alpha_1.2_sigma_0.18_threshold_0.0 - INFO - Batch 141/154: Clean orig accuracy 0.5727 | Clean purify accuracy 0.2292 | Adv orig accuracy: 0.1649 | Adv purify accuracy: 0.1866
2025-07-10 20:17:06,880 - ADV_Generation_eps_4.0_steps_100_Purification_type_noisy_anchor_anchors_10_alpha_1.2_sigma_0.18_threshold_0.0 - INFO - Batch:[141] Adversarial images for this batch already exist
2025-07-10 20:17:10,622 - ADV_Generation_eps_4.0_steps_100_Purification_type_noisy_anchor_anchors_10_alpha_1.2_sigma_0.18_threshold_0.0 - INFO - Batch 142/154: Clean orig accuracy 0.5748 | Clean purify accuracy 0.2311 | Adv orig accuracy: 0.1659 | Adv purify accuracy: 0.1879
2025-07-10 20:17:10,632 - ADV_Generation_eps_4.0_steps_100_Purification_type_noisy_anchor_anchors_10_alpha_1.2_sigma_0.18_threshold_0.0 - INFO - Batch:[142] Adversarial images for this batch already exist
2025-07-10 20:17:14,459 - ADV_Generation_eps_4.0_steps_100_Purification_type_noisy_anchor_anchors_10_alpha_1.2_sigma_0.18_threshold_0.0 - INFO - Batch 143/154: Clean orig accuracy 0.5778 | Clean purify accuracy 0.2330 | Adv orig accuracy: 0.1665 | Adv purify accuracy: 0.1901
2025-07-10 20:17:14,469 - ADV_Generation_eps_4.0_steps_100_Purification_type_noisy_anchor_anchors_10_alpha_1.2_sigma_0.18_threshold_0.0 - INFO - Batch:[143] Adversarial images for this batch already exist
2025-07-10 20:17:18,272 - ADV_Generation_eps_4.0_steps_100_Purification_type_noisy_anchor_anchors_10_alpha_1.2_sigma_0.18_threshold_0.0 - INFO - Batch 144/154: Clean orig accuracy 0.5747 | Clean purify accuracy 0.2318 | Adv orig accuracy: 0.1658 | Adv purify accuracy: 0.1888
2025-07-10 20:17:18,282 - ADV_Generation_eps_4.0_steps_100_Purification_type_noisy_anchor_anchors_10_alpha_1.2_sigma_0.18_threshold_0.0 - INFO - Batch:[144] Adversarial images for this batch already exist
2025-07-10 20:17:22,091 - ADV_Generation_eps_4.0_steps_100_Purification_type_noisy_anchor_anchors_10_alpha_1.2_sigma_0.18_threshold_0.0 - INFO - Batch 145/154: Clean orig accuracy 0.5728 | Clean purify accuracy 0.2306 | Adv orig accuracy: 0.1647 | Adv purify accuracy: 0.1879
2025-07-10 20:17:22,101 - ADV_Generation_eps_4.0_steps_100_Purification_type_noisy_anchor_anchors_10_alpha_1.2_sigma_0.18_threshold_0.0 - INFO - Batch:[145] Adversarial images for this batch already exist
2025-07-10 20:17:25,972 - ADV_Generation_eps_4.0_steps_100_Purification_type_noisy_anchor_anchors_10_alpha_1.2_sigma_0.18_threshold_0.0 - INFO - Batch 146/154: Clean orig accuracy 0.5728 | Clean purify accuracy 0.2312 | Adv orig accuracy: 0.1644 | Adv purify accuracy: 0.1888
2025-07-10 20:17:25,983 - ADV_Generation_eps_4.0_steps_100_Purification_type_noisy_anchor_anchors_10_alpha_1.2_sigma_0.18_threshold_0.0 - INFO - Batch:[146] Adversarial images for this batch already exist
2025-07-10 20:17:29,802 - ADV_Generation_eps_4.0_steps_100_Purification_type_noisy_anchor_anchors_10_alpha_1.2_sigma_0.18_threshold_0.0 - INFO - Batch 147/154: Clean orig accuracy 0.5731 | Clean purify accuracy 0.2326 | Adv orig accuracy: 0.1641 | Adv purify accuracy: 0.1896
2025-07-10 20:17:29,812 - ADV_Generation_eps_4.0_steps_100_Purification_type_noisy_anchor_anchors_10_alpha_1.2_sigma_0.18_threshold_0.0 - INFO - Batch:[147] Adversarial images for this batch already exist
2025-07-10 20:17:33,617 - ADV_Generation_eps_4.0_steps_100_Purification_type_noisy_anchor_anchors_10_alpha_1.2_sigma_0.18_threshold_0.0 - INFO - Batch 148/154: Clean orig accuracy 0.5701 | Clean purify accuracy 0.2314 | Adv orig accuracy: 0.1630 | Adv purify accuracy: 0.1888
2025-07-10 20:17:33,627 - ADV_Generation_eps_4.0_steps_100_Purification_type_noisy_anchor_anchors_10_alpha_1.2_sigma_0.18_threshold_0.0 - INFO - Batch:[148] Adversarial images for this batch already exist
2025-07-10 20:17:37,371 - ADV_Generation_eps_4.0_steps_100_Purification_type_noisy_anchor_anchors_10_alpha_1.2_sigma_0.18_threshold_0.0 - INFO - Batch 149/154: Clean orig accuracy 0.5667 | Clean purify accuracy 0.2299 | Adv orig accuracy: 0.1619 | Adv purify accuracy: 0.1875
2025-07-10 20:17:37,381 - ADV_Generation_eps_4.0_steps_100_Purification_type_noisy_anchor_anchors_10_alpha_1.2_sigma_0.18_threshold_0.0 - INFO - Batch:[149] Adversarial images for this batch already exist
2025-07-10 20:17:41,296 - ADV_Generation_eps_4.0_steps_100_Purification_type_noisy_anchor_anchors_10_alpha_1.2_sigma_0.18_threshold_0.0 - INFO - Batch 150/154: Clean orig accuracy 0.5637 | Clean purify accuracy 0.2283 | Adv orig accuracy: 0.1608 | Adv purify accuracy: 0.1862
2025-07-10 20:17:41,307 - ADV_Generation_eps_4.0_steps_100_Purification_type_noisy_anchor_anchors_10_alpha_1.2_sigma_0.18_threshold_0.0 - INFO - Batch:[150] Adversarial images for this batch already exist
2025-07-10 20:17:45,113 - ADV_Generation_eps_4.0_steps_100_Purification_type_noisy_anchor_anchors_10_alpha_1.2_sigma_0.18_threshold_0.0 - INFO - Batch 151/154: Clean orig accuracy 0.5629 | Clean purify accuracy 0.2285 | Adv orig accuracy: 0.1602 | Adv purify accuracy: 0.1858
2025-07-10 20:17:45,124 - ADV_Generation_eps_4.0_steps_100_Purification_type_noisy_anchor_anchors_10_alpha_1.2_sigma_0.18_threshold_0.0 - INFO - Batch:[151] Adversarial images for this batch already exist
2025-07-10 20:17:48,923 - ADV_Generation_eps_4.0_steps_100_Purification_type_noisy_anchor_anchors_10_alpha_1.2_sigma_0.18_threshold_0.0 - INFO - Batch 152/154: Clean orig accuracy 0.5641 | Clean purify accuracy 0.2290 | Adv orig accuracy: 0.1616 | Adv purify accuracy: 0.1859
2025-07-10 20:17:48,934 - ADV_Generation_eps_4.0_steps_100_Purification_type_noisy_anchor_anchors_10_alpha_1.2_sigma_0.18_threshold_0.0 - INFO - Batch:[152] Adversarial images for this batch already exist
2025-07-10 20:17:52,716 - ADV_Generation_eps_4.0_steps_100_Purification_type_noisy_anchor_anchors_10_alpha_1.2_sigma_0.18_threshold_0.0 - INFO - Batch 153/154: Clean orig accuracy 0.5633 | Clean purify accuracy 0.2275 | Adv orig accuracy: 0.1605 | Adv purify accuracy: 0.1846
2025-07-10 20:17:52,727 - ADV_Generation_eps_4.0_steps_100_Purification_type_noisy_anchor_anchors_10_alpha_1.2_sigma_0.18_threshold_0.0 - INFO - Batch:[153] Adversarial images for this batch already exist
2025-07-10 20:17:56,397 - ADV_Generation_eps_4.0_steps_100_Purification_type_noisy_anchor_anchors_10_alpha_1.2_sigma_0.18_threshold_0.0 - INFO - Batch 154/154: Clean orig accuracy 0.5639 | Clean purify accuracy 0.2266 | Adv orig accuracy: 0.1600 | Adv purify accuracy: 0.1839
2025-07-10 20:17:56,505 - ADV_Generation_eps_4.0_steps_100_Purification_type_noisy_anchor_anchors_10_alpha_1.2_sigma_0.18_threshold_0.0 - INFO - Final Clean orig accuracy: 0.5639 | Clean purify accuracy: 0.2266
2025-07-10 20:17:56,505 - ADV_Generation_eps_4.0_steps_100_Purification_type_noisy_anchor_anchors_10_alpha_1.2_sigma_0.18_threshold_0.0 - INFO - Final Adv orig accuracy: 0.1600 | Adv purify accuracy: 0.1839
2025-07-10 20:17:56,505 - ADV_Generation_eps_4.0_steps_100_Purification_type_noisy_anchor_anchors_10_alpha_1.2_sigma_0.18_threshold_0.0 - INFO - Diff_ratio_clean: 0.5083 | Diff_ratio_adv: 0.5067
2025-07-10 20:17:56,505 - ADV_Generation_eps_4.0_steps_100_Purification_type_noisy_anchor_anchors_10_alpha_1.2_sigma_0.18_threshold_0.0 - INFO - Adversarial image generation completed. Results
