2026-02-12 09:03:34,584 - ADV_Generation_eps_0.0_steps_100_Added_Noise_gaussian_Sigma_0.01_Tau_Type_noisy_num_anchors_10 - INFO - ==========================================
data:/leonardo_work/EUHPC_R04_192/fmohamma/Adversarial_Robust_Clip/atpt_data/downstream_datasets
test_sets:Flower102
dataset_mode:test
arch:fare4
resolution:224
transferability:False
source_model:fare4
workers:4
no_pin_memory:False
batch_size:1
adv_bs:1
print_freq:20
gpu:0
no_cudnn_benchmark:False
n_ctx:4
ctx_init:a_photo_of_a
seed:0
output_dir:/leonardo_work/EUHPC_R04_192/fmohamma/Adversarial_Robust_Clip/atpt_data/fare4/Flower102
log_output_dir:/leonardo_work/EUHPC_R04_192/fmohamma/Adversarial_Robust_Clip/ATPT/Diffratio_v3/fare4/Flower102/ADV_Generation_eps_0.0_steps_100_Added_Noise_gaussian_Sigma_0.01_Tau_Type_noisy_num_anchors_10
image_only_attack:False
image_only_attack_type:prm
image_predicted_label_attack:False
eps:0.0
alpha:0.0
alpha_eps_ratio:4.0
steps:100
counter_attack:True
counter_attack_type:pgd
counter_attack_steps:0
counter_attack_eps:1.0
counter_attack_alpha:1.0
counter_attack_tau_thres:0.2
counter_attack_beta:2.0
counter_attack_weighted_perturbations:True
counter_attack_init_noise:gaussian
counter_attack_gaussian_sigma:0.01
counter_attack_noisy_tau_num_anchors:10
counter_attack_tau:noisy
pgd_clip_pure_i_text_embeddings:null
pgd_counter_and_clipure_i_lamda:1.0
image_feature_purify:False
image_feature_purify_type:noisy_anchor
image_feature_purify_noisy_anchors:10
image_feature_purify_anchors_alpha:1.2
image_feature_purify_noisy_sigma:0.18
image_feature_purify_diff_threshold:0.0
image_feature_clipure_steps:10
image_feature_clipure_step_size:10.0
save_plots:False
lr:0.005
selection_p:0.1
tta_steps:1
top_k:20
softmax_temp:0.01
load_tecoa:

2026-02-12 09:03:34,584 - ADV_Generation_eps_0.0_steps_100_Added_Noise_gaussian_Sigma_0.01_Tau_Type_noisy_num_anchors_10 - INFO - Use GPU: 0 for training
2026-02-12 09:04:39,145 - ADV_Generation_eps_0.0_steps_100_Added_Noise_gaussian_Sigma_0.01_Tau_Type_noisy_num_anchors_10 - INFO - => Model created: visual backbone fare4
2026-02-12 09:04:39,166 - ADV_Generation_eps_0.0_steps_100_Added_Noise_gaussian_Sigma_0.01_Tau_Type_noisy_num_anchors_10 - INFO - Number of test samples: 2463
2026-02-12 09:04:39,167 - ADV_Generation_eps_0.0_steps_100_Added_Noise_gaussian_Sigma_0.01_Tau_Type_noisy_num_anchors_10 - INFO - Evaluating dataset: Flower102
2026-02-12 09:04:39,168 - ADV_Generation_eps_0.0_steps_100_Added_Noise_gaussian_Sigma_0.01_Tau_Type_noisy_num_anchors_10 - INFO - Starting evaluation with batch size: 1, selection percentage: 0.1
2026-02-12 09:04:39,168 - ADV_Generation_eps_0.0_steps_100_Added_Noise_gaussian_Sigma_0.01_Tau_Type_noisy_num_anchors_10 - INFO - Using PGD attack with epsilon: 0.000000, alpha: 0.000000, steps: 100 image only attack False image only attack type  prm image predicted label attack False
2026-02-12 09:04:39,168 - ADV_Generation_eps_0.0_steps_100_Added_Noise_gaussian_Sigma_0.01_Tau_Type_noisy_num_anchors_10 - INFO - Using counter-attack with epsilon: 1.000000, alpha: 1.000000, steps: 0
2026-02-12 09:04:39,168 - ADV_Generation_eps_0.0_steps_100_Added_Noise_gaussian_Sigma_0.01_Tau_Type_noisy_num_anchors_10 - INFO - Adversarial examples will be loaded from /leonardo_work/EUHPC_R04_192/fmohamma/Adversarial_Robust_Clip/atpt_data/fare4/Flower102/adv_images_eps_0.0_alpha_0.0_steps_100 and evaluated on fare4
2026-02-12 09:04:39,169 - ADV_Generation_eps_0.0_steps_100_Added_Noise_gaussian_Sigma_0.01_Tau_Type_noisy_num_anchors_10 - INFO - Using directory for adversarial images: /leonardo_work/EUHPC_R04_192/fmohamma/Adversarial_Robust_Clip/atpt_data/fare4/Flower102/adv_images_eps_0.0_alpha_0.0_steps_100
2026-02-12 09:04:39,990 - ADV_Generation_eps_0.0_steps_100_Added_Noise_gaussian_Sigma_0.01_Tau_Type_noisy_num_anchors_10 - INFO - Batch 1/2463: Clean accuracy 1.0000 | Adv accuracy: 1.0000 | Counter-attack accuracy: 1.0000
2026-02-12 09:04:40,314 - ADV_Generation_eps_0.0_steps_100_Added_Noise_gaussian_Sigma_0.01_Tau_Type_noisy_num_anchors_10 - INFO - Batch 2/2463: Clean accuracy 0.5000 | Adv accuracy: 0.5000 | Counter-attack accuracy: 0.5000
2026-02-12 09:04:40,635 - ADV_Generation_eps_0.0_steps_100_Added_Noise_gaussian_Sigma_0.01_Tau_Type_noisy_num_anchors_10 - INFO - Batch 3/2463: Clean accuracy 0.6667 | Adv accuracy: 0.6667 | Counter-attack accuracy: 0.6667
2026-02-12 09:04:40,957 - ADV_Generation_eps_0.0_steps_100_Added_Noise_gaussian_Sigma_0.01_Tau_Type_noisy_num_anchors_10 - INFO - Batch 4/2463: Clean accuracy 0.7500 | Adv accuracy: 0.7500 | Counter-attack accuracy: 0.7500
2026-02-12 09:04:41,278 - ADV_Generation_eps_0.0_steps_100_Added_Noise_gaussian_Sigma_0.01_Tau_Type_noisy_num_anchors_10 - INFO - Batch 5/2463: Clean accuracy 0.8000 | Adv accuracy: 0.8000 | Counter-attack accuracy: 0.8000
2026-02-12 09:04:41,600 - ADV_Generation_eps_0.0_steps_100_Added_Noise_gaussian_Sigma_0.01_Tau_Type_noisy_num_anchors_10 - INFO - Batch 6/2463: Clean accuracy 0.6667 | Adv accuracy: 0.6667 | Counter-attack accuracy: 0.6667
2026-02-12 09:04:41,921 - ADV_Generation_eps_0.0_steps_100_Added_Noise_gaussian_Sigma_0.01_Tau_Type_noisy_num_anchors_10 - INFO - Batch 7/2463: Clean accuracy 0.5714 | Adv accuracy: 0.5714 | Counter-attack accuracy: 0.5714
2026-02-12 09:04:42,243 - ADV_Generation_eps_0.0_steps_100_Added_Noise_gaussian_Sigma_0.01_Tau_Type_noisy_num_anchors_10 - INFO - Batch 8/2463: Clean accuracy 0.6250 | Adv accuracy: 0.6250 | Counter-attack accuracy: 0.6250
2026-02-12 09:04:42,564 - ADV_Generation_eps_0.0_steps_100_Added_Noise_gaussian_Sigma_0.01_Tau_Type_noisy_num_anchors_10 - INFO - Batch 9/2463: Clean accuracy 0.6667 | Adv accuracy: 0.6667 | Counter-attack accuracy: 0.6667
2026-02-12 09:04:42,886 - ADV_Generation_eps_0.0_steps_100_Added_Noise_gaussian_Sigma_0.01_Tau_Type_noisy_num_anchors_10 - INFO - Batch 10/2463: Clean accuracy 0.7000 | Adv accuracy: 0.7000 | Counter-attack accuracy: 0.7000
2026-02-12 09:04:43,207 - ADV_Generation_eps_0.0_steps_100_Added_Noise_gaussian_Sigma_0.01_Tau_Type_noisy_num_anchors_10 - INFO - Batch 11/2463: Clean accuracy 0.7273 | Adv accuracy: 0.7273 | Counter-attack accuracy: 0.7273
2026-02-12 09:04:43,529 - ADV_Generation_eps_0.0_steps_100_Added_Noise_gaussian_Sigma_0.01_Tau_Type_noisy_num_anchors_10 - INFO - Batch 12/2463: Clean accuracy 0.7500 | Adv accuracy: 0.7500 | Counter-attack accuracy: 0.7500
2026-02-12 09:04:43,850 - ADV_Generation_eps_0.0_steps_100_Added_Noise_gaussian_Sigma_0.01_Tau_Type_noisy_num_anchors_10 - INFO - Batch 13/2463: Clean accuracy 0.7692 | Adv accuracy: 0.7692 | Counter-attack accuracy: 0.7692
2026-02-12 09:04:44,171 - ADV_Generation_eps_0.0_steps_100_Added_Noise_gaussian_Sigma_0.01_Tau_Type_noisy_num_anchors_10 - INFO - Batch 14/2463: Clean accuracy 0.7857 | Adv accuracy: 0.7857 | Counter-attack accuracy: 0.7857
2026-02-12 09:04:44,493 - ADV_Generation_eps_0.0_steps_100_Added_Noise_gaussian_Sigma_0.01_Tau_Type_noisy_num_anchors_10 - INFO - Batch 15/2463: Clean accuracy 0.8000 | Adv accuracy: 0.8000 | Counter-attack accuracy: 0.8000
2026-02-12 09:04:44,814 - ADV_Generation_eps_0.0_steps_100_Added_Noise_gaussian_Sigma_0.01_Tau_Type_noisy_num_anchors_10 - INFO - Batch 16/2463: Clean accuracy 0.8125 | Adv accuracy: 0.8125 | Counter-attack accuracy: 0.8125
2026-02-12 09:04:45,136 - ADV_Generation_eps_0.0_steps_100_Added_Noise_gaussian_Sigma_0.01_Tau_Type_noisy_num_anchors_10 - INFO - Batch 17/2463: Clean accuracy 0.8235 | Adv accuracy: 0.8235 | Counter-attack accuracy: 0.8235
2026-02-12 09:04:45,457 - ADV_Generation_eps_0.0_steps_100_Added_Noise_gaussian_Sigma_0.01_Tau_Type_noisy_num_anchors_10 - INFO - Batch 18/2463: Clean accuracy 0.8333 | Adv accuracy: 0.8333 | Counter-attack accuracy: 0.8333
2026-02-12 09:04:45,779 - ADV_Generation_eps_0.0_steps_100_Added_Noise_gaussian_Sigma_0.01_Tau_Type_noisy_num_anchors_10 - INFO - Batch 19/2463: Clean accuracy 0.7895 | Adv accuracy: 0.7895 | Counter-attack accuracy: 0.7895
2026-02-12 09:04:46,100 - ADV_Generation_eps_0.0_steps_100_Added_Noise_gaussian_Sigma_0.01_Tau_Type_noisy_num_anchors_10 - INFO - Batch 20/2463: Clean accuracy 0.7500 | Adv accuracy: 0.7500 | Counter-attack accuracy: 0.7500
2026-02-12 09:04:46,421 - ADV_Generation_eps_0.0_steps_100_Added_Noise_gaussian_Sigma_0.01_Tau_Type_noisy_num_anchors_10 - INFO - Batch 21/2463: Clean accuracy 0.7619 | Adv accuracy: 0.7619 | Counter-attack accuracy: 0.7619
2026-02-12 09:04:46,743 - ADV_Generation_eps_0.0_steps_100_Added_Noise_gaussian_Sigma_0.01_Tau_Type_noisy_num_anchors_10 - INFO - Batch 22/2463: Clean accuracy 0.7727 | Adv accuracy: 0.7727 | Counter-attack accuracy: 0.7727
2026-02-12 09:04:47,064 - ADV_Generation_eps_0.0_steps_100_Added_Noise_gaussian_Sigma_0.01_Tau_Type_noisy_num_anchors_10 - INFO - Batch 23/2463: Clean accuracy 0.7391 | Adv accuracy: 0.7391 | Counter-attack accuracy: 0.7391
2026-02-12 09:04:47,386 - ADV_Generation_eps_0.0_steps_100_Added_Noise_gaussian_Sigma_0.01_Tau_Type_noisy_num_anchors_10 - INFO - Batch 24/2463: Clean accuracy 0.7500 | Adv accuracy: 0.7500 | Counter-attack accuracy: 0.7500
2026-02-12 09:04:47,707 - ADV_Generation_eps_0.0_steps_100_Added_Noise_gaussian_Sigma_0.01_Tau_Type_noisy_num_anchors_10 - INFO - Batch 25/2463: Clean accuracy 0.7200 | Adv accuracy: 0.7200 | Counter-attack accuracy: 0.7200
2026-02-12 09:04:48,028 - ADV_Generation_eps_0.0_steps_100_Added_Noise_gaussian_Sigma_0.01_Tau_Type_noisy_num_anchors_10 - INFO - Batch 26/2463: Clean accuracy 0.7308 | Adv accuracy: 0.7308 | Counter-attack accuracy: 0.7308
2026-02-12 09:04:48,350 - ADV_Generation_eps_0.0_steps_100_Added_Noise_gaussian_Sigma_0.01_Tau_Type_noisy_num_anchors_10 - INFO - Batch 27/2463: Clean accuracy 0.7407 | Adv accuracy: 0.7407 | Counter-attack accuracy: 0.7407
2026-02-12 09:04:48,671 - ADV_Generation_eps_0.0_steps_100_Added_Noise_gaussian_Sigma_0.01_Tau_Type_noisy_num_anchors_10 - INFO - Batch 28/2463: Clean accuracy 0.7500 | Adv accuracy: 0.7500 | Counter-attack accuracy: 0.7500
2026-02-12 09:04:48,993 - ADV_Generation_eps_0.0_steps_100_Added_Noise_gaussian_Sigma_0.01_Tau_Type_noisy_num_anchors_10 - INFO - Batch 29/2463: Clean accuracy 0.7241 | Adv accuracy: 0.7241 | Counter-attack accuracy: 0.7586
2026-02-12 09:04:49,314 - ADV_Generation_eps_0.0_steps_100_Added_Noise_gaussian_Sigma_0.01_Tau_Type_noisy_num_anchors_10 - INFO - Batch 30/2463: Clean accuracy 0.7333 | Adv accuracy: 0.7333 | Counter-attack accuracy: 0.7667
2026-02-12 09:04:49,635 - ADV_Generation_eps_0.0_steps_100_Added_Noise_gaussian_Sigma_0.01_Tau_Type_noisy_num_anchors_10 - INFO - Batch 31/2463: Clean accuracy 0.7419 | Adv accuracy: 0.7419 | Counter-attack accuracy: 0.7742
2026-02-12 09:04:49,957 - ADV_Generation_eps_0.0_steps_100_Added_Noise_gaussian_Sigma_0.01_Tau_Type_noisy_num_anchors_10 - INFO - Batch 32/2463: Clean accuracy 0.7500 | Adv accuracy: 0.7500 | Counter-attack accuracy: 0.7812
2026-02-12 09:04:50,278 - ADV_Generation_eps_0.0_steps_100_Added_Noise_gaussian_Sigma_0.01_Tau_Type_noisy_num_anchors_10 - INFO - Batch 33/2463: Clean accuracy 0.7576 | Adv accuracy: 0.7576 | Counter-attack accuracy: 0.7879
2026-02-12 09:04:50,600 - ADV_Generation_eps_0.0_steps_100_Added_Noise_gaussian_Sigma_0.01_Tau_Type_noisy_num_anchors_10 - INFO - Batch 34/2463: Clean accuracy 0.7647 | Adv accuracy: 0.7647 | Counter-attack accuracy: 0.7941
2026-02-12 09:04:50,921 - ADV_Generation_eps_0.0_steps_100_Added_Noise_gaussian_Sigma_0.01_Tau_Type_noisy_num_anchors_10 - INFO - Batch 35/2463: Clean accuracy 0.7714 | Adv accuracy: 0.7714 | Counter-attack accuracy: 0.8000
2026-02-12 09:04:51,243 - ADV_Generation_eps_0.0_steps_100_Added_Noise_gaussian_Sigma_0.01_Tau_Type_noisy_num_anchors_10 - INFO - Batch 36/2463: Clean accuracy 0.7778 | Adv accuracy: 0.7778 | Counter-attack accuracy: 0.8056
2026-02-12 09:04:51,564 - ADV_Generation_eps_0.0_steps_100_Added_Noise_gaussian_Sigma_0.01_Tau_Type_noisy_num_anchors_10 - INFO - Batch 37/2463: Clean accuracy 0.7838 | Adv accuracy: 0.7838 | Counter-attack accuracy: 0.8108
2026-02-12 09:04:51,885 - ADV_Generation_eps_0.0_steps_100_Added_Noise_gaussian_Sigma_0.01_Tau_Type_noisy_num_anchors_10 - INFO - Batch 38/2463: Clean accuracy 0.7895 | Adv accuracy: 0.7895 | Counter-attack accuracy: 0.8158
2026-02-12 09:04:52,207 - ADV_Generation_eps_0.0_steps_100_Added_Noise_gaussian_Sigma_0.01_Tau_Type_noisy_num_anchors_10 - INFO - Batch 39/2463: Clean accuracy 0.7949 | Adv accuracy: 0.7949 | Counter-attack accuracy: 0.8205
2026-02-12 09:04:52,528 - ADV_Generation_eps_0.0_steps_100_Added_Noise_gaussian_Sigma_0.01_Tau_Type_noisy_num_anchors_10 - INFO - Batch 40/2463: Clean accuracy 0.8000 | Adv accuracy: 0.8000 | Counter-attack accuracy: 0.8250
2026-02-12 09:04:52,850 - ADV_Generation_eps_0.0_steps_100_Added_Noise_gaussian_Sigma_0.01_Tau_Type_noisy_num_anchors_10 - INFO - Batch 41/2463: Clean accuracy 0.8049 | Adv accuracy: 0.8049 | Counter-attack accuracy: 0.8293
2026-02-12 09:04:53,171 - ADV_Generation_eps_0.0_steps_100_Added_Noise_gaussian_Sigma_0.01_Tau_Type_noisy_num_anchors_10 - INFO - Batch 42/2463: Clean accuracy 0.8095 | Adv accuracy: 0.8095 | Counter-attack accuracy: 0.8333
2026-02-12 09:04:53,493 - ADV_Generation_eps_0.0_steps_100_Added_Noise_gaussian_Sigma_0.01_Tau_Type_noisy_num_anchors_10 - INFO - Batch 43/2463: Clean accuracy 0.8140 | Adv accuracy: 0.8140 | Counter-attack accuracy: 0.8372
2026-02-12 09:04:53,814 - ADV_Generation_eps_0.0_steps_100_Added_Noise_gaussian_Sigma_0.01_Tau_Type_noisy_num_anchors_10 - INFO - Batch 44/2463: Clean accuracy 0.7955 | Adv accuracy: 0.7955 | Counter-attack accuracy: 0.8409
2026-02-12 09:04:54,135 - ADV_Generation_eps_0.0_steps_100_Added_Noise_gaussian_Sigma_0.01_Tau_Type_noisy_num_anchors_10 - INFO - Batch 45/2463: Clean accuracy 0.8000 | Adv accuracy: 0.8000 | Counter-attack accuracy: 0.8444
2026-02-12 09:04:54,457 - ADV_Generation_eps_0.0_steps_100_Added_Noise_gaussian_Sigma_0.01_Tau_Type_noisy_num_anchors_10 - INFO - Batch 46/2463: Clean accuracy 0.8043 | Adv accuracy: 0.8043 | Counter-attack accuracy: 0.8478
2026-02-12 09:04:54,778 - ADV_Generation_eps_0.0_steps_100_Added_Noise_gaussian_Sigma_0.01_Tau_Type_noisy_num_anchors_10 - INFO - Batch 47/2463: Clean accuracy 0.8085 | Adv accuracy: 0.8085 | Counter-attack accuracy: 0.8511
2026-02-12 09:04:55,100 - ADV_Generation_eps_0.0_steps_100_Added_Noise_gaussian_Sigma_0.01_Tau_Type_noisy_num_anchors_10 - INFO - Batch 48/2463: Clean accuracy 0.8125 | Adv accuracy: 0.8125 | Counter-attack accuracy: 0.8542
2026-02-12 09:04:55,421 - ADV_Generation_eps_0.0_steps_100_Added_Noise_gaussian_Sigma_0.01_Tau_Type_noisy_num_anchors_10 - INFO - Batch 49/2463: Clean accuracy 0.8163 | Adv accuracy: 0.8163 | Counter-attack accuracy: 0.8571
2026-02-12 09:04:55,742 - ADV_Generation_eps_0.0_steps_100_Added_Noise_gaussian_Sigma_0.01_Tau_Type_noisy_num_anchors_10 - INFO - Batch 50/2463: Clean accuracy 0.8200 | Adv accuracy: 0.8200 | Counter-attack accuracy: 0.8600
2026-02-12 09:04:56,064 - ADV_Generation_eps_0.0_steps_100_Added_Noise_gaussian_Sigma_0.01_Tau_Type_noisy_num_anchors_10 - INFO - Batch 51/2463: Clean accuracy 0.8235 | Adv accuracy: 0.8235 | Counter-attack accuracy: 0.8627
2026-02-12 09:04:56,385 - ADV_Generation_eps_0.0_steps_100_Added_Noise_gaussian_Sigma_0.01_Tau_Type_noisy_num_anchors_10 - INFO - Batch 52/2463: Clean accuracy 0.8269 | Adv accuracy: 0.8269 | Counter-attack accuracy: 0.8654
2026-02-12 09:04:56,707 - ADV_Generation_eps_0.0_steps_100_Added_Noise_gaussian_Sigma_0.01_Tau_Type_noisy_num_anchors_10 - INFO - Batch 53/2463: Clean accuracy 0.8302 | Adv accuracy: 0.8302 | Counter-attack accuracy: 0.8679
2026-02-12 09:04:57,028 - ADV_Generation_eps_0.0_steps_100_Added_Noise_gaussian_Sigma_0.01_Tau_Type_noisy_num_anchors_10 - INFO - Batch 54/2463: Clean accuracy 0.8333 | Adv accuracy: 0.8333 | Counter-attack accuracy: 0.8704
2026-02-12 09:04:57,349 - ADV_Generation_eps_0.0_steps_100_Added_Noise_gaussian_Sigma_0.01_Tau_Type_noisy_num_anchors_10 - INFO - Batch 55/2463: Clean accuracy 0.8364 | Adv accuracy: 0.8364 | Counter-attack accuracy: 0.8727
2026-02-12 09:04:57,671 - ADV_Generation_eps_0.0_steps_100_Added_Noise_gaussian_Sigma_0.01_Tau_Type_noisy_num_anchors_10 - INFO - Batch 56/2463: Clean accuracy 0.8393 | Adv accuracy: 0.8393 | Counter-attack accuracy: 0.8750
2026-02-12 09:04:57,992 - ADV_Generation_eps_0.0_steps_100_Added_Noise_gaussian_Sigma_0.01_Tau_Type_noisy_num_anchors_10 - INFO - Batch 57/2463: Clean accuracy 0.8421 | Adv accuracy: 0.8421 | Counter-attack accuracy: 0.8772
2026-02-12 09:04:58,314 - ADV_Generation_eps_0.0_steps_100_Added_Noise_gaussian_Sigma_0.01_Tau_Type_noisy_num_anchors_10 - INFO - Batch 58/2463: Clean accuracy 0.8448 | Adv accuracy: 0.8448 | Counter-attack accuracy: 0.8793
2026-02-12 09:04:58,635 - ADV_Generation_eps_0.0_steps_100_Added_Noise_gaussian_Sigma_0.01_Tau_Type_noisy_num_anchors_10 - INFO - Batch 59/2463: Clean accuracy 0.8475 | Adv accuracy: 0.8475 | Counter-attack accuracy: 0.8814
2026-02-12 09:04:58,956 - ADV_Generation_eps_0.0_steps_100_Added_Noise_gaussian_Sigma_0.01_Tau_Type_noisy_num_anchors_10 - INFO - Batch 60/2463: Clean accuracy 0.8500 | Adv accuracy: 0.8500 | Counter-attack accuracy: 0.8833
2026-02-12 09:04:59,278 - ADV_Generation_eps_0.0_steps_100_Added_Noise_gaussian_Sigma_0.01_Tau_Type_noisy_num_anchors_10 - INFO - Batch 61/2463: Clean accuracy 0.8525 | Adv accuracy: 0.8525 | Counter-attack accuracy: 0.8852
2026-02-12 09:04:59,599 - ADV_Generation_eps_0.0_steps_100_Added_Noise_gaussian_Sigma_0.01_Tau_Type_noisy_num_anchors_10 - INFO - Batch 62/2463: Clean accuracy 0.8548 | Adv accuracy: 0.8548 | Counter-attack accuracy: 0.8871
2026-02-12 09:04:59,942 - ADV_Generation_eps_0.0_steps_100_Added_Noise_gaussian_Sigma_0.01_Tau_Type_noisy_num_anchors_10 - INFO - Batch 63/2463: Clean accuracy 0.8571 | Adv accuracy: 0.8571 | Counter-attack accuracy: 0.8889
2026-02-12 09:05:00,264 - ADV_Generation_eps_0.0_steps_100_Added_Noise_gaussian_Sigma_0.01_Tau_Type_noisy_num_anchors_10 - INFO - Batch 64/2463: Clean accuracy 0.8594 | Adv accuracy: 0.8594 | Counter-attack accuracy: 0.8906
2026-02-12 09:05:00,585 - ADV_Generation_eps_0.0_steps_100_Added_Noise_gaussian_Sigma_0.01_Tau_Type_noisy_num_anchors_10 - INFO - Batch 65/2463: Clean accuracy 0.8615 | Adv accuracy: 0.8615 | Counter-attack accuracy: 0.8923
2026-02-12 09:05:00,907 - ADV_Generation_eps_0.0_steps_100_Added_Noise_gaussian_Sigma_0.01_Tau_Type_noisy_num_anchors_10 - INFO - Batch 66/2463: Clean accuracy 0.8636 | Adv accuracy: 0.8636 | Counter-attack accuracy: 0.8939
2026-02-12 09:05:01,228 - ADV_Generation_eps_0.0_steps_100_Added_Noise_gaussian_Sigma_0.01_Tau_Type_noisy_num_anchors_10 - INFO - Batch 67/2463: Clean accuracy 0.8657 | Adv accuracy: 0.8657 | Counter-attack accuracy: 0.8955
2026-02-12 09:05:01,550 - ADV_Generation_eps_0.0_steps_100_Added_Noise_gaussian_Sigma_0.01_Tau_Type_noisy_num_anchors_10 - INFO - Batch 68/2463: Clean accuracy 0.8676 | Adv accuracy: 0.8676 | Counter-attack accuracy: 0.8971
2026-02-12 09:05:01,871 - ADV_Generation_eps_0.0_steps_100_Added_Noise_gaussian_Sigma_0.01_Tau_Type_noisy_num_anchors_10 - INFO - Batch 69/2463: Clean accuracy 0.8696 | Adv accuracy: 0.8696 | Counter-attack accuracy: 0.8986
2026-02-12 09:05:02,193 - ADV_Generation_eps_0.0_steps_100_Added_Noise_gaussian_Sigma_0.01_Tau_Type_noisy_num_anchors_10 - INFO - Batch 70/2463: Clean accuracy 0.8714 | Adv accuracy: 0.8714 | Counter-attack accuracy: 0.9000
2026-02-12 09:05:02,514 - ADV_Generation_eps_0.0_steps_100_Added_Noise_gaussian_Sigma_0.01_Tau_Type_noisy_num_anchors_10 - INFO - Batch 71/2463: Clean accuracy 0.8732 | Adv accuracy: 0.8732 | Counter-attack accuracy: 0.9014
2026-02-12 09:05:02,835 - ADV_Generation_eps_0.0_steps_100_Added_Noise_gaussian_Sigma_0.01_Tau_Type_noisy_num_anchors_10 - INFO - Batch 72/2463: Clean accuracy 0.8750 | Adv accuracy: 0.8750 | Counter-attack accuracy: 0.9028
2026-02-12 09:05:03,157 - ADV_Generation_eps_0.0_steps_100_Added_Noise_gaussian_Sigma_0.01_Tau_Type_noisy_num_anchors_10 - INFO - Batch 73/2463: Clean accuracy 0.8767 | Adv accuracy: 0.8767 | Counter-attack accuracy: 0.9041
2026-02-12 09:05:03,478 - ADV_Generation_eps_0.0_steps_100_Added_Noise_gaussian_Sigma_0.01_Tau_Type_noisy_num_anchors_10 - INFO - Batch 74/2463: Clean accuracy 0.8784 | Adv accuracy: 0.8784 | Counter-attack accuracy: 0.9054
2026-02-12 09:05:03,800 - ADV_Generation_eps_0.0_steps_100_Added_Noise_gaussian_Sigma_0.01_Tau_Type_noisy_num_anchors_10 - INFO - Batch 75/2463: Clean accuracy 0.8800 | Adv accuracy: 0.8800 | Counter-attack accuracy: 0.9067
2026-02-12 09:05:04,121 - ADV_Generation_eps_0.0_steps_100_Added_Noise_gaussian_Sigma_0.01_Tau_Type_noisy_num_anchors_10 - INFO - Batch 76/2463: Clean accuracy 0.8816 | Adv accuracy: 0.8816 | Counter-attack accuracy: 0.9079
2026-02-12 09:05:04,443 - ADV_Generation_eps_0.0_steps_100_Added_Noise_gaussian_Sigma_0.01_Tau_Type_noisy_num_anchors_10 - INFO - Batch 77/2463: Clean accuracy 0.8831 | Adv accuracy: 0.8831 | Counter-attack accuracy: 0.9091
2026-02-12 09:05:04,764 - ADV_Generation_eps_0.0_steps_100_Added_Noise_gaussian_Sigma_0.01_Tau_Type_noisy_num_anchors_10 - INFO - Batch 78/2463: Clean accuracy 0.8718 | Adv accuracy: 0.8718 | Counter-attack accuracy: 0.8974
2026-02-12 09:05:05,086 - ADV_Generation_eps_0.0_steps_100_Added_Noise_gaussian_Sigma_0.01_Tau_Type_noisy_num_anchors_10 - INFO - Batch 79/2463: Clean accuracy 0.8734 | Adv accuracy: 0.8734 | Counter-attack accuracy: 0.8861
2026-02-12 09:05:05,407 - ADV_Generation_eps_0.0_steps_100_Added_Noise_gaussian_Sigma_0.01_Tau_Type_noisy_num_anchors_10 - INFO - Batch 80/2463: Clean accuracy 0.8625 | Adv accuracy: 0.8625 | Counter-attack accuracy: 0.8750
2026-02-12 09:05:05,729 - ADV_Generation_eps_0.0_steps_100_Added_Noise_gaussian_Sigma_0.01_Tau_Type_noisy_num_anchors_10 - INFO - Batch 81/2463: Clean accuracy 0.8642 | Adv accuracy: 0.8642 | Counter-attack accuracy: 0.8765
2026-02-12 09:05:06,050 - ADV_Generation_eps_0.0_steps_100_Added_Noise_gaussian_Sigma_0.01_Tau_Type_noisy_num_anchors_10 - INFO - Batch 82/2463: Clean accuracy 0.8659 | Adv accuracy: 0.8659 | Counter-attack accuracy: 0.8780
2026-02-12 09:05:06,372 - ADV_Generation_eps_0.0_steps_100_Added_Noise_gaussian_Sigma_0.01_Tau_Type_noisy_num_anchors_10 - INFO - Batch 83/2463: Clean accuracy 0.8675 | Adv accuracy: 0.8675 | Counter-attack accuracy: 0.8795
2026-02-12 09:05:06,693 - ADV_Generation_eps_0.0_steps_100_Added_Noise_gaussian_Sigma_0.01_Tau_Type_noisy_num_anchors_10 - INFO - Batch 84/2463: Clean accuracy 0.8690 | Adv accuracy: 0.8690 | Counter-attack accuracy: 0.8810
2026-02-12 09:05:07,014 - ADV_Generation_eps_0.0_steps_100_Added_Noise_gaussian_Sigma_0.01_Tau_Type_noisy_num_anchors_10 - INFO - Batch 85/2463: Clean accuracy 0.8588 | Adv accuracy: 0.8588 | Counter-attack accuracy: 0.8706
2026-02-12 09:05:07,336 - ADV_Generation_eps_0.0_steps_100_Added_Noise_gaussian_Sigma_0.01_Tau_Type_noisy_num_anchors_10 - INFO - Batch 86/2463: Clean accuracy 0.8605 | Adv accuracy: 0.8605 | Counter-attack accuracy: 0.8721
2026-02-12 09:05:07,657 - ADV_Generation_eps_0.0_steps_100_Added_Noise_gaussian_Sigma_0.01_Tau_Type_noisy_num_anchors_10 - INFO - Batch 87/2463: Clean accuracy 0.8621 | Adv accuracy: 0.8621 | Counter-attack accuracy: 0.8736
2026-02-12 09:05:07,979 - ADV_Generation_eps_0.0_steps_100_Added_Noise_gaussian_Sigma_0.01_Tau_Type_noisy_num_anchors_10 - INFO - Batch 88/2463: Clean accuracy 0.8636 | Adv accuracy: 0.8636 | Counter-attack accuracy: 0.8750
2026-02-12 09:05:08,300 - ADV_Generation_eps_0.0_steps_100_Added_Noise_gaussian_Sigma_0.01_Tau_Type_noisy_num_anchors_10 - INFO - Batch 89/2463: Clean accuracy 0.8652 | Adv accuracy: 0.8652 | Counter-attack accuracy: 0.8764
2026-02-12 09:05:08,621 - ADV_Generation_eps_0.0_steps_100_Added_Noise_gaussian_Sigma_0.01_Tau_Type_noisy_num_anchors_10 - INFO - Batch 90/2463: Clean accuracy 0.8667 | Adv accuracy: 0.8667 | Counter-attack accuracy: 0.8778
2026-02-12 09:05:08,943 - ADV_Generation_eps_0.0_steps_100_Added_Noise_gaussian_Sigma_0.01_Tau_Type_noisy_num_anchors_10 - INFO - Batch 91/2463: Clean accuracy 0.8681 | Adv accuracy: 0.8681 | Counter-attack accuracy: 0.8791
2026-02-12 09:05:09,264 - ADV_Generation_eps_0.0_steps_100_Added_Noise_gaussian_Sigma_0.01_Tau_Type_noisy_num_anchors_10 - INFO - Batch 92/2463: Clean accuracy 0.8587 | Adv accuracy: 0.8587 | Counter-attack accuracy: 0.8696
2026-02-12 09:05:09,585 - ADV_Generation_eps_0.0_steps_100_Added_Noise_gaussian_Sigma_0.01_Tau_Type_noisy_num_anchors_10 - INFO - Batch 93/2463: Clean accuracy 0.8602 | Adv accuracy: 0.8602 | Counter-attack accuracy: 0.8710
2026-02-12 09:05:09,907 - ADV_Generation_eps_0.0_steps_100_Added_Noise_gaussian_Sigma_0.01_Tau_Type_noisy_num_anchors_10 - INFO - Batch 94/2463: Clean accuracy 0.8617 | Adv accuracy: 0.8617 | Counter-attack accuracy: 0.8723
2026-02-12 09:05:10,228 - ADV_Generation_eps_0.0_steps_100_Added_Noise_gaussian_Sigma_0.01_Tau_Type_noisy_num_anchors_10 - INFO - Batch 95/2463: Clean accuracy 0.8632 | Adv accuracy: 0.8632 | Counter-attack accuracy: 0.8737
2026-02-12 09:05:10,549 - ADV_Generation_eps_0.0_steps_100_Added_Noise_gaussian_Sigma_0.01_Tau_Type_noisy_num_anchors_10 - INFO - Batch 96/2463: Clean accuracy 0.8646 | Adv accuracy: 0.8646 | Counter-attack accuracy: 0.8750
2026-02-12 09:05:10,871 - ADV_Generation_eps_0.0_steps_100_Added_Noise_gaussian_Sigma_0.01_Tau_Type_noisy_num_anchors_10 - INFO - Batch 97/2463: Clean accuracy 0.8660 | Adv accuracy: 0.8660 | Counter-attack accuracy: 0.8763
2026-02-12 09:05:11,192 - ADV_Generation_eps_0.0_steps_100_Added_Noise_gaussian_Sigma_0.01_Tau_Type_noisy_num_anchors_10 - INFO - Batch 98/2463: Clean accuracy 0.8673 | Adv accuracy: 0.8673 | Counter-attack accuracy: 0.8776
2026-02-12 09:05:11,514 - ADV_Generation_eps_0.0_steps_100_Added_Noise_gaussian_Sigma_0.01_Tau_Type_noisy_num_anchors_10 - INFO - Batch 99/2463: Clean accuracy 0.8687 | Adv accuracy: 0.8687 | Counter-attack accuracy: 0.8788
2026-02-12 09:05:11,835 - ADV_Generation_eps_0.0_steps_100_Added_Noise_gaussian_Sigma_0.01_Tau_Type_noisy_num_anchors_10 - INFO - Batch 100/2463: Clean accuracy 0.8700 | Adv accuracy: 0.8700 | Counter-attack accuracy: 0.8800
2026-02-12 09:05:12,156 - ADV_Generation_eps_0.0_steps_100_Added_Noise_gaussian_Sigma_0.01_Tau_Type_noisy_num_anchors_10 - INFO - Batch 101/2463: Clean accuracy 0.8713 | Adv accuracy: 0.8713 | Counter-attack accuracy: 0.8812
2026-02-12 09:05:12,478 - ADV_Generation_eps_0.0_steps_100_Added_Noise_gaussian_Sigma_0.01_Tau_Type_noisy_num_anchors_10 - INFO - Batch 102/2463: Clean accuracy 0.8725 | Adv accuracy: 0.8725 | Counter-attack accuracy: 0.8824
2026-02-12 09:05:12,799 - ADV_Generation_eps_0.0_steps_100_Added_Noise_gaussian_Sigma_0.01_Tau_Type_noisy_num_anchors_10 - INFO - Batch 103/2463: Clean accuracy 0.8738 | Adv accuracy: 0.8738 | Counter-attack accuracy: 0.8835
2026-02-12 09:05:13,120 - ADV_Generation_eps_0.0_steps_100_Added_Noise_gaussian_Sigma_0.01_Tau_Type_noisy_num_anchors_10 - INFO - Batch 104/2463: Clean accuracy 0.8750 | Adv accuracy: 0.8750 | Counter-attack accuracy: 0.8846
2026-02-12 09:05:13,442 - ADV_Generation_eps_0.0_steps_100_Added_Noise_gaussian_Sigma_0.01_Tau_Type_noisy_num_anchors_10 - INFO - Batch 105/2463: Clean accuracy 0.8667 | Adv accuracy: 0.8667 | Counter-attack accuracy: 0.8762
2026-02-12 09:05:13,763 - ADV_Generation_eps_0.0_steps_100_Added_Noise_gaussian_Sigma_0.01_Tau_Type_noisy_num_anchors_10 - INFO - Batch 106/2463: Clean accuracy 0.8679 | Adv accuracy: 0.8679 | Counter-attack accuracy: 0.8774
2026-02-12 09:05:14,084 - ADV_Generation_eps_0.0_steps_100_Added_Noise_gaussian_Sigma_0.01_Tau_Type_noisy_num_anchors_10 - INFO - Batch 107/2463: Clean accuracy 0.8692 | Adv accuracy: 0.8692 | Counter-attack accuracy: 0.8785
2026-02-12 09:05:14,405 - ADV_Generation_eps_0.0_steps_100_Added_Noise_gaussian_Sigma_0.01_Tau_Type_noisy_num_anchors_10 - INFO - Batch 108/2463: Clean accuracy 0.8704 | Adv accuracy: 0.8704 | Counter-attack accuracy: 0.8796
2026-02-12 09:05:14,727 - ADV_Generation_eps_0.0_steps_100_Added_Noise_gaussian_Sigma_0.01_Tau_Type_noisy_num_anchors_10 - INFO - Batch 109/2463: Clean accuracy 0.8716 | Adv accuracy: 0.8716 | Counter-attack accuracy: 0.8807
2026-02-12 09:05:15,048 - ADV_Generation_eps_0.0_steps_100_Added_Noise_gaussian_Sigma_0.01_Tau_Type_noisy_num_anchors_10 - INFO - Batch 110/2463: Clean accuracy 0.8636 | Adv accuracy: 0.8636 | Counter-attack accuracy: 0.8727
2026-02-12 09:05:15,369 - ADV_Generation_eps_0.0_steps_100_Added_Noise_gaussian_Sigma_0.01_Tau_Type_noisy_num_anchors_10 - INFO - Batch 111/2463: Clean accuracy 0.8649 | Adv accuracy: 0.8649 | Counter-attack accuracy: 0.8739
2026-02-12 09:05:15,691 - ADV_Generation_eps_0.0_steps_100_Added_Noise_gaussian_Sigma_0.01_Tau_Type_noisy_num_anchors_10 - INFO - Batch 112/2463: Clean accuracy 0.8661 | Adv accuracy: 0.8661 | Counter-attack accuracy: 0.8750
2026-02-12 09:05:16,012 - ADV_Generation_eps_0.0_steps_100_Added_Noise_gaussian_Sigma_0.01_Tau_Type_noisy_num_anchors_10 - INFO - Batch 113/2463: Clean accuracy 0.8673 | Adv accuracy: 0.8673 | Counter-attack accuracy: 0.8761
2026-02-12 09:05:16,333 - ADV_Generation_eps_0.0_steps_100_Added_Noise_gaussian_Sigma_0.01_Tau_Type_noisy_num_anchors_10 - INFO - Batch 114/2463: Clean accuracy 0.8684 | Adv accuracy: 0.8684 | Counter-attack accuracy: 0.8772
2026-02-12 09:05:16,655 - ADV_Generation_eps_0.0_steps_100_Added_Noise_gaussian_Sigma_0.01_Tau_Type_noisy_num_anchors_10 - INFO - Batch 115/2463: Clean accuracy 0.8696 | Adv accuracy: 0.8696 | Counter-attack accuracy: 0.8783
2026-02-12 09:05:16,976 - ADV_Generation_eps_0.0_steps_100_Added_Noise_gaussian_Sigma_0.01_Tau_Type_noisy_num_anchors_10 - INFO - Batch 116/2463: Clean accuracy 0.8621 | Adv accuracy: 0.8621 | Counter-attack accuracy: 0.8707
2026-02-12 09:05:17,297 - ADV_Generation_eps_0.0_steps_100_Added_Noise_gaussian_Sigma_0.01_Tau_Type_noisy_num_anchors_10 - INFO - Batch 117/2463: Clean accuracy 0.8632 | Adv accuracy: 0.8632 | Counter-attack accuracy: 0.8718
2026-02-12 09:05:17,619 - ADV_Generation_eps_0.0_steps_100_Added_Noise_gaussian_Sigma_0.01_Tau_Type_noisy_num_anchors_10 - INFO - Batch 118/2463: Clean accuracy 0.8644 | Adv accuracy: 0.8644 | Counter-attack accuracy: 0.8729
2026-02-12 09:05:17,940 - ADV_Generation_eps_0.0_steps_100_Added_Noise_gaussian_Sigma_0.01_Tau_Type_noisy_num_anchors_10 - INFO - Batch 119/2463: Clean accuracy 0.8571 | Adv accuracy: 0.8571 | Counter-attack accuracy: 0.8655
2026-02-12 09:05:18,261 - ADV_Generation_eps_0.0_steps_100_Added_Noise_gaussian_Sigma_0.01_Tau_Type_noisy_num_anchors_10 - INFO - Batch 120/2463: Clean accuracy 0.8583 | Adv accuracy: 0.8583 | Counter-attack accuracy: 0.8667
2026-02-12 09:05:18,583 - ADV_Generation_eps_0.0_steps_100_Added_Noise_gaussian_Sigma_0.01_Tau_Type_noisy_num_anchors_10 - INFO - Batch 121/2463: Clean accuracy 0.8595 | Adv accuracy: 0.8595 | Counter-attack accuracy: 0.8678
2026-02-12 09:05:18,904 - ADV_Generation_eps_0.0_steps_100_Added_Noise_gaussian_Sigma_0.01_Tau_Type_noisy_num_anchors_10 - INFO - Batch 122/2463: Clean accuracy 0.8607 | Adv accuracy: 0.8607 | Counter-attack accuracy: 0.8689
2026-02-12 09:05:19,225 - ADV_Generation_eps_0.0_steps_100_Added_Noise_gaussian_Sigma_0.01_Tau_Type_noisy_num_anchors_10 - INFO - Batch 123/2463: Clean accuracy 0.8618 | Adv accuracy: 0.8618 | Counter-attack accuracy: 0.8699
2026-02-12 09:05:19,547 - ADV_Generation_eps_0.0_steps_100_Added_Noise_gaussian_Sigma_0.01_Tau_Type_noisy_num_anchors_10 - INFO - Batch 124/2463: Clean accuracy 0.8629 | Adv accuracy: 0.8629 | Counter-attack accuracy: 0.8710
2026-02-12 09:05:19,868 - ADV_Generation_eps_0.0_steps_100_Added_Noise_gaussian_Sigma_0.01_Tau_Type_noisy_num_anchors_10 - INFO - Batch 125/2463: Clean accuracy 0.8640 | Adv accuracy: 0.8640 | Counter-attack accuracy: 0.8720
2026-02-12 09:05:20,189 - ADV_Generation_eps_0.0_steps_100_Added_Noise_gaussian_Sigma_0.01_Tau_Type_noisy_num_anchors_10 - INFO - Batch 126/2463: Clean accuracy 0.8651 | Adv accuracy: 0.8651 | Counter-attack accuracy: 0.8730
2026-02-12 09:05:20,511 - ADV_Generation_eps_0.0_steps_100_Added_Noise_gaussian_Sigma_0.01_Tau_Type_noisy_num_anchors_10 - INFO - Batch 127/2463: Clean accuracy 0.8661 | Adv accuracy: 0.8661 | Counter-attack accuracy: 0.8740
2026-02-12 09:05:20,832 - ADV_Generation_eps_0.0_steps_100_Added_Noise_gaussian_Sigma_0.01_Tau_Type_noisy_num_anchors_10 - INFO - Batch 128/2463: Clean accuracy 0.8672 | Adv accuracy: 0.8672 | Counter-attack accuracy: 0.8750
2026-02-12 09:05:21,153 - ADV_Generation_eps_0.0_steps_100_Added_Noise_gaussian_Sigma_0.01_Tau_Type_noisy_num_anchors_10 - INFO - Batch 129/2463: Clean accuracy 0.8682 | Adv accuracy: 0.8682 | Counter-attack accuracy: 0.8760
2026-02-12 09:05:21,475 - ADV_Generation_eps_0.0_steps_100_Added_Noise_gaussian_Sigma_0.01_Tau_Type_noisy_num_anchors_10 - INFO - Batch 130/2463: Clean accuracy 0.8692 | Adv accuracy: 0.8692 | Counter-attack accuracy: 0.8769
2026-02-12 09:05:21,796 - ADV_Generation_eps_0.0_steps_100_Added_Noise_gaussian_Sigma_0.01_Tau_Type_noisy_num_anchors_10 - INFO - Batch 131/2463: Clean accuracy 0.8702 | Adv accuracy: 0.8702 | Counter-attack accuracy: 0.8779
2026-02-12 09:05:22,117 - ADV_Generation_eps_0.0_steps_100_Added_Noise_gaussian_Sigma_0.01_Tau_Type_noisy_num_anchors_10 - INFO - Batch 132/2463: Clean accuracy 0.8712 | Adv accuracy: 0.8712 | Counter-attack accuracy: 0.8788
2026-02-12 09:05:22,438 - ADV_Generation_eps_0.0_steps_100_Added_Noise_gaussian_Sigma_0.01_Tau_Type_noisy_num_anchors_10 - INFO - Batch 133/2463: Clean accuracy 0.8722 | Adv accuracy: 0.8722 | Counter-attack accuracy: 0.8797
2026-02-12 09:05:22,760 - ADV_Generation_eps_0.0_steps_100_Added_Noise_gaussian_Sigma_0.01_Tau_Type_noisy_num_anchors_10 - INFO - Batch 134/2463: Clean accuracy 0.8731 | Adv accuracy: 0.8731 | Counter-attack accuracy: 0.8806
2026-02-12 09:05:23,081 - ADV_Generation_eps_0.0_steps_100_Added_Noise_gaussian_Sigma_0.01_Tau_Type_noisy_num_anchors_10 - INFO - Batch 135/2463: Clean accuracy 0.8741 | Adv accuracy: 0.8741 | Counter-attack accuracy: 0.8815
2026-02-12 09:05:23,402 - ADV_Generation_eps_0.0_steps_100_Added_Noise_gaussian_Sigma_0.01_Tau_Type_noisy_num_anchors_10 - INFO - Batch 136/2463: Clean accuracy 0.8750 | Adv accuracy: 0.8750 | Counter-attack accuracy: 0.8824
2026-02-12 09:05:23,724 - ADV_Generation_eps_0.0_steps_100_Added_Noise_gaussian_Sigma_0.01_Tau_Type_noisy_num_anchors_10 - INFO - Batch 137/2463: Clean accuracy 0.8759 | Adv accuracy: 0.8759 | Counter-attack accuracy: 0.8832
2026-02-12 09:05:24,045 - ADV_Generation_eps_0.0_steps_100_Added_Noise_gaussian_Sigma_0.01_Tau_Type_noisy_num_anchors_10 - INFO - Batch 138/2463: Clean accuracy 0.8696 | Adv accuracy: 0.8696 | Counter-attack accuracy: 0.8768
2026-02-12 09:05:24,366 - ADV_Generation_eps_0.0_steps_100_Added_Noise_gaussian_Sigma_0.01_Tau_Type_noisy_num_anchors_10 - INFO - Batch 139/2463: Clean accuracy 0.8705 | Adv accuracy: 0.8705 | Counter-attack accuracy: 0.8777
2026-02-12 09:05:24,688 - ADV_Generation_eps_0.0_steps_100_Added_Noise_gaussian_Sigma_0.01_Tau_Type_noisy_num_anchors_10 - INFO - Batch 140/2463: Clean accuracy 0.8714 | Adv accuracy: 0.8714 | Counter-attack accuracy: 0.8786
2026-02-12 09:05:25,009 - ADV_Generation_eps_0.0_steps_100_Added_Noise_gaussian_Sigma_0.01_Tau_Type_noisy_num_anchors_10 - INFO - Batch 141/2463: Clean accuracy 0.8723 | Adv accuracy: 0.8723 | Counter-attack accuracy: 0.8794
2026-02-12 09:05:25,330 - ADV_Generation_eps_0.0_steps_100_Added_Noise_gaussian_Sigma_0.01_Tau_Type_noisy_num_anchors_10 - INFO - Batch 142/2463: Clean accuracy 0.8732 | Adv accuracy: 0.8732 | Counter-attack accuracy: 0.8803
2026-02-12 09:05:25,651 - ADV_Generation_eps_0.0_steps_100_Added_Noise_gaussian_Sigma_0.01_Tau_Type_noisy_num_anchors_10 - INFO - Batch 143/2463: Clean accuracy 0.8741 | Adv accuracy: 0.8741 | Counter-attack accuracy: 0.8811
2026-02-12 09:05:25,973 - ADV_Generation_eps_0.0_steps_100_Added_Noise_gaussian_Sigma_0.01_Tau_Type_noisy_num_anchors_10 - INFO - Batch 144/2463: Clean accuracy 0.8750 | Adv accuracy: 0.8750 | Counter-attack accuracy: 0.8819
2026-02-12 09:05:26,294 - ADV_Generation_eps_0.0_steps_100_Added_Noise_gaussian_Sigma_0.01_Tau_Type_noisy_num_anchors_10 - INFO - Batch 145/2463: Clean accuracy 0.8759 | Adv accuracy: 0.8759 | Counter-attack accuracy: 0.8828
2026-02-12 09:05:26,615 - ADV_Generation_eps_0.0_steps_100_Added_Noise_gaussian_Sigma_0.01_Tau_Type_noisy_num_anchors_10 - INFO - Batch 146/2463: Clean accuracy 0.8767 | Adv accuracy: 0.8767 | Counter-attack accuracy: 0.8836
2026-02-12 09:05:26,937 - ADV_Generation_eps_0.0_steps_100_Added_Noise_gaussian_Sigma_0.01_Tau_Type_noisy_num_anchors_10 - INFO - Batch 147/2463: Clean accuracy 0.8776 | Adv accuracy: 0.8776 | Counter-attack accuracy: 0.8844
2026-02-12 09:05:27,258 - ADV_Generation_eps_0.0_steps_100_Added_Noise_gaussian_Sigma_0.01_Tau_Type_noisy_num_anchors_10 - INFO - Batch 148/2463: Clean accuracy 0.8784 | Adv accuracy: 0.8784 | Counter-attack accuracy: 0.8784
2026-02-12 09:05:27,579 - ADV_Generation_eps_0.0_steps_100_Added_Noise_gaussian_Sigma_0.01_Tau_Type_noisy_num_anchors_10 - INFO - Batch 149/2463: Clean accuracy 0.8792 | Adv accuracy: 0.8792 | Counter-attack accuracy: 0.8792
2026-02-12 09:05:27,901 - ADV_Generation_eps_0.0_steps_100_Added_Noise_gaussian_Sigma_0.01_Tau_Type_noisy_num_anchors_10 - INFO - Batch 150/2463: Clean accuracy 0.8800 | Adv accuracy: 0.8800 | Counter-attack accuracy: 0.8800
2026-02-12 09:05:28,222 - ADV_Generation_eps_0.0_steps_100_Added_Noise_gaussian_Sigma_0.01_Tau_Type_noisy_num_anchors_10 - INFO - Batch 151/2463: Clean accuracy 0.8742 | Adv accuracy: 0.8742 | Counter-attack accuracy: 0.8742
2026-02-12 09:05:28,543 - ADV_Generation_eps_0.0_steps_100_Added_Noise_gaussian_Sigma_0.01_Tau_Type_noisy_num_anchors_10 - INFO - Batch 152/2463: Clean accuracy 0.8684 | Adv accuracy: 0.8684 | Counter-attack accuracy: 0.8684
2026-02-12 09:05:28,864 - ADV_Generation_eps_0.0_steps_100_Added_Noise_gaussian_Sigma_0.01_Tau_Type_noisy_num_anchors_10 - INFO - Batch 153/2463: Clean accuracy 0.8693 | Adv accuracy: 0.8693 | Counter-attack accuracy: 0.8693
2026-02-12 09:05:29,186 - ADV_Generation_eps_0.0_steps_100_Added_Noise_gaussian_Sigma_0.01_Tau_Type_noisy_num_anchors_10 - INFO - Batch 154/2463: Clean accuracy 0.8636 | Adv accuracy: 0.8636 | Counter-attack accuracy: 0.8636
2026-02-12 09:05:29,507 - ADV_Generation_eps_0.0_steps_100_Added_Noise_gaussian_Sigma_0.01_Tau_Type_noisy_num_anchors_10 - INFO - Batch 155/2463: Clean accuracy 0.8645 | Adv accuracy: 0.8645 | Counter-attack accuracy: 0.8645
2026-02-12 09:05:29,828 - ADV_Generation_eps_0.0_steps_100_Added_Noise_gaussian_Sigma_0.01_Tau_Type_noisy_num_anchors_10 - INFO - Batch 156/2463: Clean accuracy 0.8654 | Adv accuracy: 0.8654 | Counter-attack accuracy: 0.8654
2026-02-12 09:05:30,149 - ADV_Generation_eps_0.0_steps_100_Added_Noise_gaussian_Sigma_0.01_Tau_Type_noisy_num_anchors_10 - INFO - Batch 157/2463: Clean accuracy 0.8662 | Adv accuracy: 0.8662 | Counter-attack accuracy: 0.8662
2026-02-12 09:05:30,471 - ADV_Generation_eps_0.0_steps_100_Added_Noise_gaussian_Sigma_0.01_Tau_Type_noisy_num_anchors_10 - INFO - Batch 158/2463: Clean accuracy 0.8671 | Adv accuracy: 0.8671 | Counter-attack accuracy: 0.8671
2026-02-12 09:05:30,792 - ADV_Generation_eps_0.0_steps_100_Added_Noise_gaussian_Sigma_0.01_Tau_Type_noisy_num_anchors_10 - INFO - Batch 159/2463: Clean accuracy 0.8616 | Adv accuracy: 0.8616 | Counter-attack accuracy: 0.8616
2026-02-12 09:05:31,113 - ADV_Generation_eps_0.0_steps_100_Added_Noise_gaussian_Sigma_0.01_Tau_Type_noisy_num_anchors_10 - INFO - Batch 160/2463: Clean accuracy 0.8625 | Adv accuracy: 0.8625 | Counter-attack accuracy: 0.8625
2026-02-12 09:05:31,435 - ADV_Generation_eps_0.0_steps_100_Added_Noise_gaussian_Sigma_0.01_Tau_Type_noisy_num_anchors_10 - INFO - Batch 161/2463: Clean accuracy 0.8634 | Adv accuracy: 0.8634 | Counter-attack accuracy: 0.8634
2026-02-12 09:05:31,756 - ADV_Generation_eps_0.0_steps_100_Added_Noise_gaussian_Sigma_0.01_Tau_Type_noisy_num_anchors_10 - INFO - Batch 162/2463: Clean accuracy 0.8580 | Adv accuracy: 0.8580 | Counter-attack accuracy: 0.8580
2026-02-12 09:05:32,077 - ADV_Generation_eps_0.0_steps_100_Added_Noise_gaussian_Sigma_0.01_Tau_Type_noisy_num_anchors_10 - INFO - Batch 163/2463: Clean accuracy 0.8589 | Adv accuracy: 0.8589 | Counter-attack accuracy: 0.8589
2026-02-12 09:05:32,398 - ADV_Generation_eps_0.0_steps_100_Added_Noise_gaussian_Sigma_0.01_Tau_Type_noisy_num_anchors_10 - INFO - Batch 164/2463: Clean accuracy 0.8537 | Adv accuracy: 0.8537 | Counter-attack accuracy: 0.8537
2026-02-12 09:05:32,720 - ADV_Generation_eps_0.0_steps_100_Added_Noise_gaussian_Sigma_0.01_Tau_Type_noisy_num_anchors_10 - INFO - Batch 165/2463: Clean accuracy 0.8545 | Adv accuracy: 0.8545 | Counter-attack accuracy: 0.8545
2026-02-12 09:05:33,041 - ADV_Generation_eps_0.0_steps_100_Added_Noise_gaussian_Sigma_0.01_Tau_Type_noisy_num_anchors_10 - INFO - Batch 166/2463: Clean accuracy 0.8554 | Adv accuracy: 0.8554 | Counter-attack accuracy: 0.8554
2026-02-12 09:05:33,362 - ADV_Generation_eps_0.0_steps_100_Added_Noise_gaussian_Sigma_0.01_Tau_Type_noisy_num_anchors_10 - INFO - Batch 167/2463: Clean accuracy 0.8563 | Adv accuracy: 0.8563 | Counter-attack accuracy: 0.8563
2026-02-12 09:05:33,684 - ADV_Generation_eps_0.0_steps_100_Added_Noise_gaussian_Sigma_0.01_Tau_Type_noisy_num_anchors_10 - INFO - Batch 168/2463: Clean accuracy 0.8571 | Adv accuracy: 0.8571 | Counter-attack accuracy: 0.8571
2026-02-12 09:05:34,005 - ADV_Generation_eps_0.0_steps_100_Added_Noise_gaussian_Sigma_0.01_Tau_Type_noisy_num_anchors_10 - INFO - Batch 169/2463: Clean accuracy 0.8521 | Adv accuracy: 0.8521 | Counter-attack accuracy: 0.8521
