2025-07-10 21:19:24,616 - ADV_Generation_eps_4.0_steps_100_Purification_type_noisy_anchor_anchors_10_alpha_1.2_sigma_0.18_threshold_0.0 - INFO - ==========================================
data:/leonardo_work/EUHPC_R04_192/fmohamma/Adversarial_Robust_Clip/atpt_data/downstream_datasets
test_sets:Caltech101
dataset_mode:test
arch:delta_clip_l14_224
resolution:224
workers:4
no_pin_memory:False
batch_size:64
adv_bs:16
print_freq:20
gpu:0
no_cudnn_benchmark:False
n_ctx:4
ctx_init:a_photo_of_a
seed:0
output_dir:/leonardo_work/EUHPC_R04_192/fmohamma/Adversarial_Robust_Clip/atpt_data/delta_clip_l14_224/Caltech101
log_output_dir:/leonardo_work/EUHPC_R04_192/fmohamma/Adversarial_Robust_Clip/ATPT/Purify_Results/delta_clip_l14_224/Caltech101
eps:4.0
alpha:1.0
alpha_eps_ratio:4.0
steps:100
counter_attack:False
counter_attack_type:pgd
counter_attack_steps:2
counter_attack_eps:4.0
counter_attack_alpha:1.0
counter_attack_tau_thres:0.2
counter_attack_beta:2.0
counter_attack_weighted_perturbations:True
pgd_clip_pure_i_text_embeddings:null
pgd_counter_and_clipure_i_lamda:1.0
image_feature_purify:True
image_feature_purify_type:noisy_anchor
image_feature_purify_noisy_anchors:10
image_feature_purify_anchors_alpha:1.2
image_feature_purify_noisy_sigma:0.18
image_feature_purify_diff_threshold:0.0
lr:0.005
selection_p:0.1
tta_steps:1
top_k:20
softmax_temp:0.01
load_tecoa:

2025-07-10 21:19:24,617 - ADV_Generation_eps_4.0_steps_100_Purification_type_noisy_anchor_anchors_10_alpha_1.2_sigma_0.18_threshold_0.0 - INFO - Use GPU: 0 for training
2025-07-10 21:20:41,087 - ADV_Generation_eps_4.0_steps_100_Purification_type_noisy_anchor_anchors_10_alpha_1.2_sigma_0.18_threshold_0.0 - INFO - => Model created: visual backbone delta_clip_l14_224
2025-07-10 21:20:41,107 - ADV_Generation_eps_4.0_steps_100_Purification_type_noisy_anchor_anchors_10_alpha_1.2_sigma_0.18_threshold_0.0 - INFO - Number of test samples: 2465
2025-07-10 21:20:41,108 - ADV_Generation_eps_4.0_steps_100_Purification_type_noisy_anchor_anchors_10_alpha_1.2_sigma_0.18_threshold_0.0 - INFO - Evaluating dataset: Caltech101
2025-07-10 21:20:41,109 - ADV_Generation_eps_4.0_steps_100_Purification_type_noisy_anchor_anchors_10_alpha_1.2_sigma_0.18_threshold_0.0 - INFO - Starting evaluation with batch size: 64, selection percentage: 0.1
2025-07-10 21:20:41,109 - ADV_Generation_eps_4.0_steps_100_Purification_type_noisy_anchor_anchors_10_alpha_1.2_sigma_0.18_threshold_0.0 - INFO - Using PGD attack with epsilon: 0.015686, alpha: 0.003922, steps: 100
2025-07-10 21:20:41,110 - ADV_Generation_eps_4.0_steps_100_Purification_type_noisy_anchor_anchors_10_alpha_1.2_sigma_0.18_threshold_0.0 - INFO - Using directory for adversarial images: /leonardo_work/EUHPC_R04_192/fmohamma/Adversarial_Robust_Clip/atpt_data/delta_clip_l14_224/Caltech101/adv_images_eps_4.0_alpha_1.0_steps_100
2025-07-10 21:20:41,786 - ADV_Generation_eps_4.0_steps_100_Purification_type_noisy_anchor_anchors_10_alpha_1.2_sigma_0.18_threshold_0.0 - INFO - Batch:[0] Adversarial images for this batch already exist
2025-07-10 21:20:55,092 - ADV_Generation_eps_4.0_steps_100_Purification_type_noisy_anchor_anchors_10_alpha_1.2_sigma_0.18_threshold_0.0 - INFO - Batch 1/155: Clean orig accuracy 0.9375 | Clean purify accuracy 1.0000 | Adv orig accuracy: 0.6250 | Adv purify accuracy: 1.0000
2025-07-10 21:20:55,105 - ADV_Generation_eps_4.0_steps_100_Purification_type_noisy_anchor_anchors_10_alpha_1.2_sigma_0.18_threshold_0.0 - INFO - Batch:[1] Adversarial images for this batch already exist
2025-07-10 21:20:58,800 - ADV_Generation_eps_4.0_steps_100_Purification_type_noisy_anchor_anchors_10_alpha_1.2_sigma_0.18_threshold_0.0 - INFO - Batch 2/155: Clean orig accuracy 0.8125 | Clean purify accuracy 0.9688 | Adv orig accuracy: 0.5938 | Adv purify accuracy: 0.9688
2025-07-10 21:20:58,815 - ADV_Generation_eps_4.0_steps_100_Purification_type_noisy_anchor_anchors_10_alpha_1.2_sigma_0.18_threshold_0.0 - INFO - Batch:[2] Adversarial images for this batch already exist
2025-07-10 21:21:02,549 - ADV_Generation_eps_4.0_steps_100_Purification_type_noisy_anchor_anchors_10_alpha_1.2_sigma_0.18_threshold_0.0 - INFO - Batch 3/155: Clean orig accuracy 0.8333 | Clean purify accuracy 0.9583 | Adv orig accuracy: 0.5000 | Adv purify accuracy: 0.9583
2025-07-10 21:21:02,561 - ADV_Generation_eps_4.0_steps_100_Purification_type_noisy_anchor_anchors_10_alpha_1.2_sigma_0.18_threshold_0.0 - INFO - Batch:[3] Adversarial images for this batch already exist
2025-07-10 21:21:06,438 - ADV_Generation_eps_4.0_steps_100_Purification_type_noisy_anchor_anchors_10_alpha_1.2_sigma_0.18_threshold_0.0 - INFO - Batch 4/155: Clean orig accuracy 0.8438 | Clean purify accuracy 0.9531 | Adv orig accuracy: 0.4844 | Adv purify accuracy: 0.9531
2025-07-10 21:21:06,450 - ADV_Generation_eps_4.0_steps_100_Purification_type_noisy_anchor_anchors_10_alpha_1.2_sigma_0.18_threshold_0.0 - INFO - Batch:[4] Adversarial images for this batch already exist
2025-07-10 21:21:10,067 - ADV_Generation_eps_4.0_steps_100_Purification_type_noisy_anchor_anchors_10_alpha_1.2_sigma_0.18_threshold_0.0 - INFO - Batch 5/155: Clean orig accuracy 0.8375 | Clean purify accuracy 0.9375 | Adv orig accuracy: 0.5125 | Adv purify accuracy: 0.9375
2025-07-10 21:21:10,077 - ADV_Generation_eps_4.0_steps_100_Purification_type_noisy_anchor_anchors_10_alpha_1.2_sigma_0.18_threshold_0.0 - INFO - Batch:[5] Adversarial images for this batch already exist
2025-07-10 21:21:13,712 - ADV_Generation_eps_4.0_steps_100_Purification_type_noisy_anchor_anchors_10_alpha_1.2_sigma_0.18_threshold_0.0 - INFO - Batch 6/155: Clean orig accuracy 0.8333 | Clean purify accuracy 0.9479 | Adv orig accuracy: 0.5312 | Adv purify accuracy: 0.9375
2025-07-10 21:21:13,726 - ADV_Generation_eps_4.0_steps_100_Purification_type_noisy_anchor_anchors_10_alpha_1.2_sigma_0.18_threshold_0.0 - INFO - Batch:[6] Adversarial images for this batch already exist
2025-07-10 21:21:17,343 - ADV_Generation_eps_4.0_steps_100_Purification_type_noisy_anchor_anchors_10_alpha_1.2_sigma_0.18_threshold_0.0 - INFO - Batch 7/155: Clean orig accuracy 0.8482 | Clean purify accuracy 0.9554 | Adv orig accuracy: 0.5536 | Adv purify accuracy: 0.9464
2025-07-10 21:21:17,359 - ADV_Generation_eps_4.0_steps_100_Purification_type_noisy_anchor_anchors_10_alpha_1.2_sigma_0.18_threshold_0.0 - INFO - Batch:[7] Adversarial images for this batch already exist
2025-07-10 21:21:20,966 - ADV_Generation_eps_4.0_steps_100_Purification_type_noisy_anchor_anchors_10_alpha_1.2_sigma_0.18_threshold_0.0 - INFO - Batch 8/155: Clean orig accuracy 0.8516 | Clean purify accuracy 0.9531 | Adv orig accuracy: 0.5547 | Adv purify accuracy: 0.9453
2025-07-10 21:21:20,976 - ADV_Generation_eps_4.0_steps_100_Purification_type_noisy_anchor_anchors_10_alpha_1.2_sigma_0.18_threshold_0.0 - INFO - Batch:[8] Adversarial images for this batch already exist
2025-07-10 21:21:24,661 - ADV_Generation_eps_4.0_steps_100_Purification_type_noisy_anchor_anchors_10_alpha_1.2_sigma_0.18_threshold_0.0 - INFO - Batch 9/155: Clean orig accuracy 0.8681 | Clean purify accuracy 0.9444 | Adv orig accuracy: 0.5903 | Adv purify accuracy: 0.9306
2025-07-10 21:21:24,671 - ADV_Generation_eps_4.0_steps_100_Purification_type_noisy_anchor_anchors_10_alpha_1.2_sigma_0.18_threshold_0.0 - INFO - Batch:[9] Adversarial images for this batch already exist
2025-07-10 21:21:28,418 - ADV_Generation_eps_4.0_steps_100_Purification_type_noisy_anchor_anchors_10_alpha_1.2_sigma_0.18_threshold_0.0 - INFO - Batch 10/155: Clean orig accuracy 0.8812 | Clean purify accuracy 0.9500 | Adv orig accuracy: 0.6250 | Adv purify accuracy: 0.9375
2025-07-10 21:21:28,428 - ADV_Generation_eps_4.0_steps_100_Purification_type_noisy_anchor_anchors_10_alpha_1.2_sigma_0.18_threshold_0.0 - INFO - Batch:[10] Adversarial images for this batch already exist
2025-07-10 21:21:32,149 - ADV_Generation_eps_4.0_steps_100_Purification_type_noisy_anchor_anchors_10_alpha_1.2_sigma_0.18_threshold_0.0 - INFO - Batch 11/155: Clean orig accuracy 0.8920 | Clean purify accuracy 0.9489 | Adv orig accuracy: 0.6534 | Adv purify accuracy: 0.9375
2025-07-10 21:21:32,160 - ADV_Generation_eps_4.0_steps_100_Purification_type_noisy_anchor_anchors_10_alpha_1.2_sigma_0.18_threshold_0.0 - INFO - Batch:[11] Adversarial images for this batch already exist
2025-07-10 21:21:35,761 - ADV_Generation_eps_4.0_steps_100_Purification_type_noisy_anchor_anchors_10_alpha_1.2_sigma_0.18_threshold_0.0 - INFO - Batch 12/155: Clean orig accuracy 0.9010 | Clean purify accuracy 0.9531 | Adv orig accuracy: 0.6771 | Adv purify accuracy: 0.9427
2025-07-10 21:21:35,771 - ADV_Generation_eps_4.0_steps_100_Purification_type_noisy_anchor_anchors_10_alpha_1.2_sigma_0.18_threshold_0.0 - INFO - Batch:[12] Adversarial images for this batch already exist
2025-07-10 21:21:39,453 - ADV_Generation_eps_4.0_steps_100_Purification_type_noisy_anchor_anchors_10_alpha_1.2_sigma_0.18_threshold_0.0 - INFO - Batch 13/155: Clean orig accuracy 0.9087 | Clean purify accuracy 0.9567 | Adv orig accuracy: 0.7019 | Adv purify accuracy: 0.9471
2025-07-10 21:21:39,463 - ADV_Generation_eps_4.0_steps_100_Purification_type_noisy_anchor_anchors_10_alpha_1.2_sigma_0.18_threshold_0.0 - INFO - Batch:[13] Adversarial images for this batch already exist
2025-07-10 21:21:43,083 - ADV_Generation_eps_4.0_steps_100_Purification_type_noisy_anchor_anchors_10_alpha_1.2_sigma_0.18_threshold_0.0 - INFO - Batch 14/155: Clean orig accuracy 0.9152 | Clean purify accuracy 0.9598 | Adv orig accuracy: 0.7232 | Adv purify accuracy: 0.9509
2025-07-10 21:21:43,093 - ADV_Generation_eps_4.0_steps_100_Purification_type_noisy_anchor_anchors_10_alpha_1.2_sigma_0.18_threshold_0.0 - INFO - Batch:[14] Adversarial images for this batch already exist
2025-07-10 21:21:46,682 - ADV_Generation_eps_4.0_steps_100_Purification_type_noisy_anchor_anchors_10_alpha_1.2_sigma_0.18_threshold_0.0 - INFO - Batch 15/155: Clean orig accuracy 0.9208 | Clean purify accuracy 0.9625 | Adv orig accuracy: 0.7417 | Adv purify accuracy: 0.9542
2025-07-10 21:21:46,692 - ADV_Generation_eps_4.0_steps_100_Purification_type_noisy_anchor_anchors_10_alpha_1.2_sigma_0.18_threshold_0.0 - INFO - Batch:[15] Adversarial images for this batch already exist
2025-07-10 21:21:50,326 - ADV_Generation_eps_4.0_steps_100_Purification_type_noisy_anchor_anchors_10_alpha_1.2_sigma_0.18_threshold_0.0 - INFO - Batch 16/155: Clean orig accuracy 0.9258 | Clean purify accuracy 0.9648 | Adv orig accuracy: 0.7578 | Adv purify accuracy: 0.9570
2025-07-10 21:21:50,335 - ADV_Generation_eps_4.0_steps_100_Purification_type_noisy_anchor_anchors_10_alpha_1.2_sigma_0.18_threshold_0.0 - INFO - Batch:[16] Adversarial images for this batch already exist
2025-07-10 21:21:53,995 - ADV_Generation_eps_4.0_steps_100_Purification_type_noisy_anchor_anchors_10_alpha_1.2_sigma_0.18_threshold_0.0 - INFO - Batch 17/155: Clean orig accuracy 0.9301 | Clean purify accuracy 0.9669 | Adv orig accuracy: 0.7721 | Adv purify accuracy: 0.9596
2025-07-10 21:21:54,004 - ADV_Generation_eps_4.0_steps_100_Purification_type_noisy_anchor_anchors_10_alpha_1.2_sigma_0.18_threshold_0.0 - INFO - Batch:[17] Adversarial images for this batch already exist
2025-07-10 21:21:57,652 - ADV_Generation_eps_4.0_steps_100_Purification_type_noisy_anchor_anchors_10_alpha_1.2_sigma_0.18_threshold_0.0 - INFO - Batch 18/155: Clean orig accuracy 0.9340 | Clean purify accuracy 0.9688 | Adv orig accuracy: 0.7847 | Adv purify accuracy: 0.9618
2025-07-10 21:21:57,662 - ADV_Generation_eps_4.0_steps_100_Purification_type_noisy_anchor_anchors_10_alpha_1.2_sigma_0.18_threshold_0.0 - INFO - Batch:[18] Adversarial images for this batch already exist
2025-07-10 21:22:01,269 - ADV_Generation_eps_4.0_steps_100_Purification_type_noisy_anchor_anchors_10_alpha_1.2_sigma_0.18_threshold_0.0 - INFO - Batch 19/155: Clean orig accuracy 0.9375 | Clean purify accuracy 0.9704 | Adv orig accuracy: 0.7961 | Adv purify accuracy: 0.9638
2025-07-10 21:22:01,280 - ADV_Generation_eps_4.0_steps_100_Purification_type_noisy_anchor_anchors_10_alpha_1.2_sigma_0.18_threshold_0.0 - INFO - Batch:[19] Adversarial images for this batch already exist
2025-07-10 21:22:04,944 - ADV_Generation_eps_4.0_steps_100_Purification_type_noisy_anchor_anchors_10_alpha_1.2_sigma_0.18_threshold_0.0 - INFO - Batch 20/155: Clean orig accuracy 0.9406 | Clean purify accuracy 0.9719 | Adv orig accuracy: 0.8063 | Adv purify accuracy: 0.9656
2025-07-10 21:22:04,953 - ADV_Generation_eps_4.0_steps_100_Purification_type_noisy_anchor_anchors_10_alpha_1.2_sigma_0.18_threshold_0.0 - INFO - Batch:[20] Adversarial images for this batch already exist
2025-07-10 21:22:08,579 - ADV_Generation_eps_4.0_steps_100_Purification_type_noisy_anchor_anchors_10_alpha_1.2_sigma_0.18_threshold_0.0 - INFO - Batch 21/155: Clean orig accuracy 0.9435 | Clean purify accuracy 0.9732 | Adv orig accuracy: 0.8155 | Adv purify accuracy: 0.9673
2025-07-10 21:22:08,589 - ADV_Generation_eps_4.0_steps_100_Purification_type_noisy_anchor_anchors_10_alpha_1.2_sigma_0.18_threshold_0.0 - INFO - Batch:[21] Adversarial images for this batch already exist
2025-07-10 21:22:12,286 - ADV_Generation_eps_4.0_steps_100_Purification_type_noisy_anchor_anchors_10_alpha_1.2_sigma_0.18_threshold_0.0 - INFO - Batch 22/155: Clean orig accuracy 0.9460 | Clean purify accuracy 0.9744 | Adv orig accuracy: 0.8239 | Adv purify accuracy: 0.9688
2025-07-10 21:22:12,296 - ADV_Generation_eps_4.0_steps_100_Purification_type_noisy_anchor_anchors_10_alpha_1.2_sigma_0.18_threshold_0.0 - INFO - Batch:[22] Adversarial images for this batch already exist
2025-07-10 21:22:15,948 - ADV_Generation_eps_4.0_steps_100_Purification_type_noisy_anchor_anchors_10_alpha_1.2_sigma_0.18_threshold_0.0 - INFO - Batch 23/155: Clean orig accuracy 0.9484 | Clean purify accuracy 0.9755 | Adv orig accuracy: 0.8315 | Adv purify accuracy: 0.9701
2025-07-10 21:22:15,957 - ADV_Generation_eps_4.0_steps_100_Purification_type_noisy_anchor_anchors_10_alpha_1.2_sigma_0.18_threshold_0.0 - INFO - Batch:[23] Adversarial images for this batch already exist
2025-07-10 21:22:19,585 - ADV_Generation_eps_4.0_steps_100_Purification_type_noisy_anchor_anchors_10_alpha_1.2_sigma_0.18_threshold_0.0 - INFO - Batch 24/155: Clean orig accuracy 0.9505 | Clean purify accuracy 0.9766 | Adv orig accuracy: 0.8385 | Adv purify accuracy: 0.9714
2025-07-10 21:22:19,594 - ADV_Generation_eps_4.0_steps_100_Purification_type_noisy_anchor_anchors_10_alpha_1.2_sigma_0.18_threshold_0.0 - INFO - Batch:[24] Adversarial images for this batch already exist
2025-07-10 21:22:23,269 - ADV_Generation_eps_4.0_steps_100_Purification_type_noisy_anchor_anchors_10_alpha_1.2_sigma_0.18_threshold_0.0 - INFO - Batch 25/155: Clean orig accuracy 0.9525 | Clean purify accuracy 0.9775 | Adv orig accuracy: 0.8450 | Adv purify accuracy: 0.9725
2025-07-10 21:22:23,278 - ADV_Generation_eps_4.0_steps_100_Purification_type_noisy_anchor_anchors_10_alpha_1.2_sigma_0.18_threshold_0.0 - INFO - Batch:[25] Adversarial images for this batch already exist
2025-07-10 21:22:26,935 - ADV_Generation_eps_4.0_steps_100_Purification_type_noisy_anchor_anchors_10_alpha_1.2_sigma_0.18_threshold_0.0 - INFO - Batch 26/155: Clean orig accuracy 0.9543 | Clean purify accuracy 0.9784 | Adv orig accuracy: 0.8510 | Adv purify accuracy: 0.9736
2025-07-10 21:22:26,945 - ADV_Generation_eps_4.0_steps_100_Purification_type_noisy_anchor_anchors_10_alpha_1.2_sigma_0.18_threshold_0.0 - INFO - Batch:[26] Adversarial images for this batch already exist
2025-07-10 21:22:30,568 - ADV_Generation_eps_4.0_steps_100_Purification_type_noisy_anchor_anchors_10_alpha_1.2_sigma_0.18_threshold_0.0 - INFO - Batch 27/155: Clean orig accuracy 0.9560 | Clean purify accuracy 0.9792 | Adv orig accuracy: 0.8542 | Adv purify accuracy: 0.9722
2025-07-10 21:22:30,577 - ADV_Generation_eps_4.0_steps_100_Purification_type_noisy_anchor_anchors_10_alpha_1.2_sigma_0.18_threshold_0.0 - INFO - Batch:[27] Adversarial images for this batch already exist
2025-07-10 21:22:34,224 - ADV_Generation_eps_4.0_steps_100_Purification_type_noisy_anchor_anchors_10_alpha_1.2_sigma_0.18_threshold_0.0 - INFO - Batch 28/155: Clean orig accuracy 0.9576 | Clean purify accuracy 0.9777 | Adv orig accuracy: 0.8594 | Adv purify accuracy: 0.9710
2025-07-10 21:22:34,234 - ADV_Generation_eps_4.0_steps_100_Purification_type_noisy_anchor_anchors_10_alpha_1.2_sigma_0.18_threshold_0.0 - INFO - Batch:[28] Adversarial images for this batch already exist
2025-07-10 21:22:37,900 - ADV_Generation_eps_4.0_steps_100_Purification_type_noisy_anchor_anchors_10_alpha_1.2_sigma_0.18_threshold_0.0 - INFO - Batch 29/155: Clean orig accuracy 0.9591 | Clean purify accuracy 0.9784 | Adv orig accuracy: 0.8642 | Adv purify accuracy: 0.9698
2025-07-10 21:22:37,909 - ADV_Generation_eps_4.0_steps_100_Purification_type_noisy_anchor_anchors_10_alpha_1.2_sigma_0.18_threshold_0.0 - INFO - Batch:[29] Adversarial images for this batch already exist
2025-07-10 21:22:41,635 - ADV_Generation_eps_4.0_steps_100_Purification_type_noisy_anchor_anchors_10_alpha_1.2_sigma_0.18_threshold_0.0 - INFO - Batch 30/155: Clean orig accuracy 0.9604 | Clean purify accuracy 0.9771 | Adv orig accuracy: 0.8688 | Adv purify accuracy: 0.9688
2025-07-10 21:22:41,644 - ADV_Generation_eps_4.0_steps_100_Purification_type_noisy_anchor_anchors_10_alpha_1.2_sigma_0.18_threshold_0.0 - INFO - Batch:[30] Adversarial images for this batch already exist
2025-07-10 21:22:45,304 - ADV_Generation_eps_4.0_steps_100_Purification_type_noisy_anchor_anchors_10_alpha_1.2_sigma_0.18_threshold_0.0 - INFO - Batch 31/155: Clean orig accuracy 0.9617 | Clean purify accuracy 0.9758 | Adv orig accuracy: 0.8730 | Adv purify accuracy: 0.9698
2025-07-10 21:22:45,313 - ADV_Generation_eps_4.0_steps_100_Purification_type_noisy_anchor_anchors_10_alpha_1.2_sigma_0.18_threshold_0.0 - INFO - Batch:[31] Adversarial images for this batch already exist
2025-07-10 21:22:48,943 - ADV_Generation_eps_4.0_steps_100_Purification_type_noisy_anchor_anchors_10_alpha_1.2_sigma_0.18_threshold_0.0 - INFO - Batch 32/155: Clean orig accuracy 0.9629 | Clean purify accuracy 0.9766 | Adv orig accuracy: 0.8770 | Adv purify accuracy: 0.9688
2025-07-10 21:22:48,952 - ADV_Generation_eps_4.0_steps_100_Purification_type_noisy_anchor_anchors_10_alpha_1.2_sigma_0.18_threshold_0.0 - INFO - Batch:[32] Adversarial images for this batch already exist
2025-07-10 21:22:52,605 - ADV_Generation_eps_4.0_steps_100_Purification_type_noisy_anchor_anchors_10_alpha_1.2_sigma_0.18_threshold_0.0 - INFO - Batch 33/155: Clean orig accuracy 0.9640 | Clean purify accuracy 0.9754 | Adv orig accuracy: 0.8788 | Adv purify accuracy: 0.9678
2025-07-10 21:22:52,615 - ADV_Generation_eps_4.0_steps_100_Purification_type_noisy_anchor_anchors_10_alpha_1.2_sigma_0.18_threshold_0.0 - INFO - Batch:[33] Adversarial images for this batch already exist
2025-07-10 21:22:56,205 - ADV_Generation_eps_4.0_steps_100_Purification_type_noisy_anchor_anchors_10_alpha_1.2_sigma_0.18_threshold_0.0 - INFO - Batch 34/155: Clean orig accuracy 0.9651 | Clean purify accuracy 0.9761 | Adv orig accuracy: 0.8824 | Adv purify accuracy: 0.9688
2025-07-10 21:22:56,215 - ADV_Generation_eps_4.0_steps_100_Purification_type_noisy_anchor_anchors_10_alpha_1.2_sigma_0.18_threshold_0.0 - INFO - Batch:[34] Adversarial images for this batch already exist
2025-07-10 21:22:59,807 - ADV_Generation_eps_4.0_steps_100_Purification_type_noisy_anchor_anchors_10_alpha_1.2_sigma_0.18_threshold_0.0 - INFO - Batch 35/155: Clean orig accuracy 0.9661 | Clean purify accuracy 0.9768 | Adv orig accuracy: 0.8857 | Adv purify accuracy: 0.9696
2025-07-10 21:22:59,818 - ADV_Generation_eps_4.0_steps_100_Purification_type_noisy_anchor_anchors_10_alpha_1.2_sigma_0.18_threshold_0.0 - INFO - Batch:[35] Adversarial images for this batch already exist
2025-07-10 21:23:03,441 - ADV_Generation_eps_4.0_steps_100_Purification_type_noisy_anchor_anchors_10_alpha_1.2_sigma_0.18_threshold_0.0 - INFO - Batch 36/155: Clean orig accuracy 0.9670 | Clean purify accuracy 0.9757 | Adv orig accuracy: 0.8889 | Adv purify accuracy: 0.9688
2025-07-10 21:23:03,451 - ADV_Generation_eps_4.0_steps_100_Purification_type_noisy_anchor_anchors_10_alpha_1.2_sigma_0.18_threshold_0.0 - INFO - Batch:[36] Adversarial images for this batch already exist
2025-07-10 21:23:07,077 - ADV_Generation_eps_4.0_steps_100_Purification_type_noisy_anchor_anchors_10_alpha_1.2_sigma_0.18_threshold_0.0 - INFO - Batch 37/155: Clean orig accuracy 0.9679 | Clean purify accuracy 0.9764 | Adv orig accuracy: 0.8919 | Adv purify accuracy: 0.9696
2025-07-10 21:23:07,088 - ADV_Generation_eps_4.0_steps_100_Purification_type_noisy_anchor_anchors_10_alpha_1.2_sigma_0.18_threshold_0.0 - INFO - Batch:[37] Adversarial images for this batch already exist
2025-07-10 21:23:10,772 - ADV_Generation_eps_4.0_steps_100_Purification_type_noisy_anchor_anchors_10_alpha_1.2_sigma_0.18_threshold_0.0 - INFO - Batch 38/155: Clean orig accuracy 0.9688 | Clean purify accuracy 0.9770 | Adv orig accuracy: 0.8947 | Adv purify accuracy: 0.9704
2025-07-10 21:23:10,782 - ADV_Generation_eps_4.0_steps_100_Purification_type_noisy_anchor_anchors_10_alpha_1.2_sigma_0.18_threshold_0.0 - INFO - Batch:[38] Adversarial images for this batch already exist
2025-07-10 21:23:14,469 - ADV_Generation_eps_4.0_steps_100_Purification_type_noisy_anchor_anchors_10_alpha_1.2_sigma_0.18_threshold_0.0 - INFO - Batch 39/155: Clean orig accuracy 0.9696 | Clean purify accuracy 0.9776 | Adv orig accuracy: 0.8974 | Adv purify accuracy: 0.9712
2025-07-10 21:23:14,481 - ADV_Generation_eps_4.0_steps_100_Purification_type_noisy_anchor_anchors_10_alpha_1.2_sigma_0.18_threshold_0.0 - INFO - Batch:[39] Adversarial images for this batch already exist
2025-07-10 21:23:18,202 - ADV_Generation_eps_4.0_steps_100_Purification_type_noisy_anchor_anchors_10_alpha_1.2_sigma_0.18_threshold_0.0 - INFO - Batch 40/155: Clean orig accuracy 0.9703 | Clean purify accuracy 0.9781 | Adv orig accuracy: 0.9000 | Adv purify accuracy: 0.9719
2025-07-10 21:23:18,213 - ADV_Generation_eps_4.0_steps_100_Purification_type_noisy_anchor_anchors_10_alpha_1.2_sigma_0.18_threshold_0.0 - INFO - Batch:[40] Adversarial images for this batch already exist
2025-07-10 21:23:21,837 - ADV_Generation_eps_4.0_steps_100_Purification_type_noisy_anchor_anchors_10_alpha_1.2_sigma_0.18_threshold_0.0 - INFO - Batch 41/155: Clean orig accuracy 0.9710 | Clean purify accuracy 0.9787 | Adv orig accuracy: 0.9024 | Adv purify accuracy: 0.9726
2025-07-10 21:23:21,849 - ADV_Generation_eps_4.0_steps_100_Purification_type_noisy_anchor_anchors_10_alpha_1.2_sigma_0.18_threshold_0.0 - INFO - Batch:[41] Adversarial images for this batch already exist
2025-07-10 21:23:25,511 - ADV_Generation_eps_4.0_steps_100_Purification_type_noisy_anchor_anchors_10_alpha_1.2_sigma_0.18_threshold_0.0 - INFO - Batch 42/155: Clean orig accuracy 0.9717 | Clean purify accuracy 0.9792 | Adv orig accuracy: 0.9048 | Adv purify accuracy: 0.9732
2025-07-10 21:23:25,522 - ADV_Generation_eps_4.0_steps_100_Purification_type_noisy_anchor_anchors_10_alpha_1.2_sigma_0.18_threshold_0.0 - INFO - Batch:[42] Adversarial images for this batch already exist
2025-07-10 21:23:29,157 - ADV_Generation_eps_4.0_steps_100_Purification_type_noisy_anchor_anchors_10_alpha_1.2_sigma_0.18_threshold_0.0 - INFO - Batch 43/155: Clean orig accuracy 0.9724 | Clean purify accuracy 0.9782 | Adv orig accuracy: 0.9055 | Adv purify accuracy: 0.9724
2025-07-10 21:23:29,168 - ADV_Generation_eps_4.0_steps_100_Purification_type_noisy_anchor_anchors_10_alpha_1.2_sigma_0.18_threshold_0.0 - INFO - Batch:[43] Adversarial images for this batch already exist
2025-07-10 21:23:32,816 - ADV_Generation_eps_4.0_steps_100_Purification_type_noisy_anchor_anchors_10_alpha_1.2_sigma_0.18_threshold_0.0 - INFO - Batch 44/155: Clean orig accuracy 0.9730 | Clean purify accuracy 0.9730 | Adv orig accuracy: 0.9048 | Adv purify accuracy: 0.9673
2025-07-10 21:23:32,826 - ADV_Generation_eps_4.0_steps_100_Purification_type_noisy_anchor_anchors_10_alpha_1.2_sigma_0.18_threshold_0.0 - INFO - Batch:[44] Adversarial images for this batch already exist
2025-07-10 21:23:36,562 - ADV_Generation_eps_4.0_steps_100_Purification_type_noisy_anchor_anchors_10_alpha_1.2_sigma_0.18_threshold_0.0 - INFO - Batch 45/155: Clean orig accuracy 0.9722 | Clean purify accuracy 0.9667 | Adv orig accuracy: 0.9042 | Adv purify accuracy: 0.9611
2025-07-10 21:23:36,573 - ADV_Generation_eps_4.0_steps_100_Purification_type_noisy_anchor_anchors_10_alpha_1.2_sigma_0.18_threshold_0.0 - INFO - Batch:[45] Adversarial images for this batch already exist
2025-07-10 21:23:40,278 - ADV_Generation_eps_4.0_steps_100_Purification_type_noisy_anchor_anchors_10_alpha_1.2_sigma_0.18_threshold_0.0 - INFO - Batch 46/155: Clean orig accuracy 0.9728 | Clean purify accuracy 0.9606 | Adv orig accuracy: 0.9008 | Adv purify accuracy: 0.9552
2025-07-10 21:23:40,290 - ADV_Generation_eps_4.0_steps_100_Purification_type_noisy_anchor_anchors_10_alpha_1.2_sigma_0.18_threshold_0.0 - INFO - Batch:[46] Adversarial images for this batch already exist
2025-07-10 21:23:43,948 - ADV_Generation_eps_4.0_steps_100_Purification_type_noisy_anchor_anchors_10_alpha_1.2_sigma_0.18_threshold_0.0 - INFO - Batch 47/155: Clean orig accuracy 0.9721 | Clean purify accuracy 0.9521 | Adv orig accuracy: 0.8963 | Adv purify accuracy: 0.9468
2025-07-10 21:23:43,960 - ADV_Generation_eps_4.0_steps_100_Purification_type_noisy_anchor_anchors_10_alpha_1.2_sigma_0.18_threshold_0.0 - INFO - Batch:[47] Adversarial images for this batch already exist
2025-07-10 21:23:47,601 - ADV_Generation_eps_4.0_steps_100_Purification_type_noisy_anchor_anchors_10_alpha_1.2_sigma_0.18_threshold_0.0 - INFO - Batch 48/155: Clean orig accuracy 0.9714 | Clean purify accuracy 0.9505 | Adv orig accuracy: 0.8958 | Adv purify accuracy: 0.9453
2025-07-10 21:23:47,611 - ADV_Generation_eps_4.0_steps_100_Purification_type_noisy_anchor_anchors_10_alpha_1.2_sigma_0.18_threshold_0.0 - INFO - Batch:[48] Adversarial images for this batch already exist
2025-07-10 21:23:51,321 - ADV_Generation_eps_4.0_steps_100_Purification_type_noisy_anchor_anchors_10_alpha_1.2_sigma_0.18_threshold_0.0 - INFO - Batch 49/155: Clean orig accuracy 0.9719 | Clean purify accuracy 0.9515 | Adv orig accuracy: 0.8980 | Adv purify accuracy: 0.9464
2025-07-10 21:23:51,331 - ADV_Generation_eps_4.0_steps_100_Purification_type_noisy_anchor_anchors_10_alpha_1.2_sigma_0.18_threshold_0.0 - INFO - Batch:[49] Adversarial images for this batch already exist
2025-07-10 21:23:54,973 - ADV_Generation_eps_4.0_steps_100_Purification_type_noisy_anchor_anchors_10_alpha_1.2_sigma_0.18_threshold_0.0 - INFO - Batch 50/155: Clean orig accuracy 0.9725 | Clean purify accuracy 0.9513 | Adv orig accuracy: 0.9000 | Adv purify accuracy: 0.9463
2025-07-10 21:23:54,983 - ADV_Generation_eps_4.0_steps_100_Purification_type_noisy_anchor_anchors_10_alpha_1.2_sigma_0.18_threshold_0.0 - INFO - Batch:[50] Adversarial images for this batch already exist
2025-07-10 21:23:58,600 - ADV_Generation_eps_4.0_steps_100_Purification_type_noisy_anchor_anchors_10_alpha_1.2_sigma_0.18_threshold_0.0 - INFO - Batch 51/155: Clean orig accuracy 0.9730 | Clean purify accuracy 0.9522 | Adv orig accuracy: 0.9020 | Adv purify accuracy: 0.9473
2025-07-10 21:23:58,612 - ADV_Generation_eps_4.0_steps_100_Purification_type_noisy_anchor_anchors_10_alpha_1.2_sigma_0.18_threshold_0.0 - INFO - Batch:[51] Adversarial images for this batch already exist
2025-07-10 21:24:02,291 - ADV_Generation_eps_4.0_steps_100_Purification_type_noisy_anchor_anchors_10_alpha_1.2_sigma_0.18_threshold_0.0 - INFO - Batch 52/155: Clean orig accuracy 0.9736 | Clean purify accuracy 0.9531 | Adv orig accuracy: 0.9038 | Adv purify accuracy: 0.9483
2025-07-10 21:24:02,302 - ADV_Generation_eps_4.0_steps_100_Purification_type_noisy_anchor_anchors_10_alpha_1.2_sigma_0.18_threshold_0.0 - INFO - Batch:[52] Adversarial images for this batch already exist
2025-07-10 21:24:05,909 - ADV_Generation_eps_4.0_steps_100_Purification_type_noisy_anchor_anchors_10_alpha_1.2_sigma_0.18_threshold_0.0 - INFO - Batch 53/155: Clean orig accuracy 0.9741 | Clean purify accuracy 0.9540 | Adv orig accuracy: 0.9045 | Adv purify accuracy: 0.9493
2025-07-10 21:24:05,920 - ADV_Generation_eps_4.0_steps_100_Purification_type_noisy_anchor_anchors_10_alpha_1.2_sigma_0.18_threshold_0.0 - INFO - Batch:[53] Adversarial images for this batch already exist
2025-07-10 21:24:09,599 - ADV_Generation_eps_4.0_steps_100_Purification_type_noisy_anchor_anchors_10_alpha_1.2_sigma_0.18_threshold_0.0 - INFO - Batch 54/155: Clean orig accuracy 0.9745 | Clean purify accuracy 0.9549 | Adv orig accuracy: 0.9062 | Adv purify accuracy: 0.9502
2025-07-10 21:24:09,610 - ADV_Generation_eps_4.0_steps_100_Purification_type_noisy_anchor_anchors_10_alpha_1.2_sigma_0.18_threshold_0.0 - INFO - Batch:[54] Adversarial images for this batch already exist
2025-07-10 21:24:13,420 - ADV_Generation_eps_4.0_steps_100_Purification_type_noisy_anchor_anchors_10_alpha_1.2_sigma_0.18_threshold_0.0 - INFO - Batch 55/155: Clean orig accuracy 0.9750 | Clean purify accuracy 0.9557 | Adv orig accuracy: 0.9068 | Adv purify accuracy: 0.9511
2025-07-10 21:24:13,431 - ADV_Generation_eps_4.0_steps_100_Purification_type_noisy_anchor_anchors_10_alpha_1.2_sigma_0.18_threshold_0.0 - INFO - Batch:[55] Adversarial images for this batch already exist
2025-07-10 21:24:17,094 - ADV_Generation_eps_4.0_steps_100_Purification_type_noisy_anchor_anchors_10_alpha_1.2_sigma_0.18_threshold_0.0 - INFO - Batch 56/155: Clean orig accuracy 0.9754 | Clean purify accuracy 0.9565 | Adv orig accuracy: 0.9074 | Adv purify accuracy: 0.9520
2025-07-10 21:24:17,106 - ADV_Generation_eps_4.0_steps_100_Purification_type_noisy_anchor_anchors_10_alpha_1.2_sigma_0.18_threshold_0.0 - INFO - Batch:[56] Adversarial images for this batch already exist
2025-07-10 21:24:20,759 - ADV_Generation_eps_4.0_steps_100_Purification_type_noisy_anchor_anchors_10_alpha_1.2_sigma_0.18_threshold_0.0 - INFO - Batch 57/155: Clean orig accuracy 0.9759 | Clean purify accuracy 0.9572 | Adv orig accuracy: 0.9079 | Adv purify accuracy: 0.9529
2025-07-10 21:24:20,775 - ADV_Generation_eps_4.0_steps_100_Purification_type_noisy_anchor_anchors_10_alpha_1.2_sigma_0.18_threshold_0.0 - INFO - Batch:[57] Adversarial images for this batch already exist
2025-07-10 21:24:24,428 - ADV_Generation_eps_4.0_steps_100_Purification_type_noisy_anchor_anchors_10_alpha_1.2_sigma_0.18_threshold_0.0 - INFO - Batch 58/155: Clean orig accuracy 0.9763 | Clean purify accuracy 0.9558 | Adv orig accuracy: 0.9073 | Adv purify accuracy: 0.9515
2025-07-10 21:24:24,441 - ADV_Generation_eps_4.0_steps_100_Purification_type_noisy_anchor_anchors_10_alpha_1.2_sigma_0.18_threshold_0.0 - INFO - Batch:[58] Adversarial images for this batch already exist
2025-07-10 21:24:28,076 - ADV_Generation_eps_4.0_steps_100_Purification_type_noisy_anchor_anchors_10_alpha_1.2_sigma_0.18_threshold_0.0 - INFO - Batch 59/155: Clean orig accuracy 0.9767 | Clean purify accuracy 0.9566 | Adv orig accuracy: 0.9089 | Adv purify accuracy: 0.9523
2025-07-10 21:24:28,087 - ADV_Generation_eps_4.0_steps_100_Purification_type_noisy_anchor_anchors_10_alpha_1.2_sigma_0.18_threshold_0.0 - INFO - Batch:[59] Adversarial images for this batch already exist
2025-07-10 21:24:31,754 - ADV_Generation_eps_4.0_steps_100_Purification_type_noisy_anchor_anchors_10_alpha_1.2_sigma_0.18_threshold_0.0 - INFO - Batch 60/155: Clean orig accuracy 0.9771 | Clean purify accuracy 0.9573 | Adv orig accuracy: 0.9104 | Adv purify accuracy: 0.9531
2025-07-10 21:24:31,763 - ADV_Generation_eps_4.0_steps_100_Purification_type_noisy_anchor_anchors_10_alpha_1.2_sigma_0.18_threshold_0.0 - INFO - Batch:[60] Adversarial images for this batch already exist
2025-07-10 21:24:35,366 - ADV_Generation_eps_4.0_steps_100_Purification_type_noisy_anchor_anchors_10_alpha_1.2_sigma_0.18_threshold_0.0 - INFO - Batch 61/155: Clean orig accuracy 0.9775 | Clean purify accuracy 0.9539 | Adv orig accuracy: 0.9119 | Adv purify accuracy: 0.9498
2025-07-10 21:24:35,377 - ADV_Generation_eps_4.0_steps_100_Purification_type_noisy_anchor_anchors_10_alpha_1.2_sigma_0.18_threshold_0.0 - INFO - Batch:[61] Adversarial images for this batch already exist
2025-07-10 21:24:39,086 - ADV_Generation_eps_4.0_steps_100_Purification_type_noisy_anchor_anchors_10_alpha_1.2_sigma_0.18_threshold_0.0 - INFO - Batch 62/155: Clean orig accuracy 0.9778 | Clean purify accuracy 0.9546 | Adv orig accuracy: 0.9133 | Adv purify accuracy: 0.9506
2025-07-10 21:24:39,096 - ADV_Generation_eps_4.0_steps_100_Purification_type_noisy_anchor_anchors_10_alpha_1.2_sigma_0.18_threshold_0.0 - INFO - Batch:[62] Adversarial images for this batch already exist
2025-07-10 21:24:42,687 - ADV_Generation_eps_4.0_steps_100_Purification_type_noisy_anchor_anchors_10_alpha_1.2_sigma_0.18_threshold_0.0 - INFO - Batch 63/155: Clean orig accuracy 0.9762 | Clean purify accuracy 0.9544 | Adv orig accuracy: 0.9107 | Adv purify accuracy: 0.9484
2025-07-10 21:24:42,699 - ADV_Generation_eps_4.0_steps_100_Purification_type_noisy_anchor_anchors_10_alpha_1.2_sigma_0.18_threshold_0.0 - INFO - Batch:[63] Adversarial images for this batch already exist
2025-07-10 21:24:46,363 - ADV_Generation_eps_4.0_steps_100_Purification_type_noisy_anchor_anchors_10_alpha_1.2_sigma_0.18_threshold_0.0 - INFO - Batch 64/155: Clean orig accuracy 0.9766 | Clean purify accuracy 0.9551 | Adv orig accuracy: 0.9121 | Adv purify accuracy: 0.9492
2025-07-10 21:24:46,375 - ADV_Generation_eps_4.0_steps_100_Purification_type_noisy_anchor_anchors_10_alpha_1.2_sigma_0.18_threshold_0.0 - INFO - Batch:[64] Adversarial images for this batch already exist
2025-07-10 21:24:50,057 - ADV_Generation_eps_4.0_steps_100_Purification_type_noisy_anchor_anchors_10_alpha_1.2_sigma_0.18_threshold_0.0 - INFO - Batch 65/155: Clean orig accuracy 0.9769 | Clean purify accuracy 0.9558 | Adv orig accuracy: 0.9135 | Adv purify accuracy: 0.9500
2025-07-10 21:24:50,069 - ADV_Generation_eps_4.0_steps_100_Purification_type_noisy_anchor_anchors_10_alpha_1.2_sigma_0.18_threshold_0.0 - INFO - Batch:[65] Adversarial images for this batch already exist
2025-07-10 21:24:53,735 - ADV_Generation_eps_4.0_steps_100_Purification_type_noisy_anchor_anchors_10_alpha_1.2_sigma_0.18_threshold_0.0 - INFO - Batch 66/155: Clean orig accuracy 0.9754 | Clean purify accuracy 0.9470 | Adv orig accuracy: 0.9119 | Adv purify accuracy: 0.9413
2025-07-10 21:24:53,746 - ADV_Generation_eps_4.0_steps_100_Purification_type_noisy_anchor_anchors_10_alpha_1.2_sigma_0.18_threshold_0.0 - INFO - Batch:[66] Adversarial images for this batch already exist
2025-07-10 21:24:57,446 - ADV_Generation_eps_4.0_steps_100_Purification_type_noisy_anchor_anchors_10_alpha_1.2_sigma_0.18_threshold_0.0 - INFO - Batch 67/155: Clean orig accuracy 0.9757 | Clean purify accuracy 0.9478 | Adv orig accuracy: 0.9132 | Adv purify accuracy: 0.9403
2025-07-10 21:24:57,457 - ADV_Generation_eps_4.0_steps_100_Purification_type_noisy_anchor_anchors_10_alpha_1.2_sigma_0.18_threshold_0.0 - INFO - Batch:[67] Adversarial images for this batch already exist
2025-07-10 21:25:01,119 - ADV_Generation_eps_4.0_steps_100_Purification_type_noisy_anchor_anchors_10_alpha_1.2_sigma_0.18_threshold_0.0 - INFO - Batch 68/155: Clean orig accuracy 0.9752 | Clean purify accuracy 0.9430 | Adv orig accuracy: 0.9081 | Adv purify accuracy: 0.9347
2025-07-10 21:25:01,137 - ADV_Generation_eps_4.0_steps_100_Purification_type_noisy_anchor_anchors_10_alpha_1.2_sigma_0.18_threshold_0.0 - INFO - Batch:[68] Adversarial images for this batch already exist
2025-07-10 21:25:04,763 - ADV_Generation_eps_4.0_steps_100_Purification_type_noisy_anchor_anchors_10_alpha_1.2_sigma_0.18_threshold_0.0 - INFO - Batch 69/155: Clean orig accuracy 0.9719 | Clean purify accuracy 0.9393 | Adv orig accuracy: 0.9031 | Adv purify accuracy: 0.9303
2025-07-10 21:25:04,774 - ADV_Generation_eps_4.0_steps_100_Purification_type_noisy_anchor_anchors_10_alpha_1.2_sigma_0.18_threshold_0.0 - INFO - Batch:[69] Adversarial images for this batch already exist
2025-07-10 21:25:08,415 - ADV_Generation_eps_4.0_steps_100_Purification_type_noisy_anchor_anchors_10_alpha_1.2_sigma_0.18_threshold_0.0 - INFO - Batch 70/155: Clean orig accuracy 0.9634 | Clean purify accuracy 0.9304 | Adv orig accuracy: 0.8920 | Adv purify accuracy: 0.9205
2025-07-10 21:25:08,426 - ADV_Generation_eps_4.0_steps_100_Purification_type_noisy_anchor_anchors_10_alpha_1.2_sigma_0.18_threshold_0.0 - INFO - Batch:[70] Adversarial images for this batch already exist
2025-07-10 21:25:12,079 - ADV_Generation_eps_4.0_steps_100_Purification_type_noisy_anchor_anchors_10_alpha_1.2_sigma_0.18_threshold_0.0 - INFO - Batch 71/155: Clean orig accuracy 0.9630 | Clean purify accuracy 0.9261 | Adv orig accuracy: 0.8900 | Adv purify accuracy: 0.9146
2025-07-10 21:25:12,091 - ADV_Generation_eps_4.0_steps_100_Purification_type_noisy_anchor_anchors_10_alpha_1.2_sigma_0.18_threshold_0.0 - INFO - Batch:[71] Adversarial images for this batch already exist
2025-07-10 21:25:15,802 - ADV_Generation_eps_4.0_steps_100_Purification_type_noisy_anchor_anchors_10_alpha_1.2_sigma_0.18_threshold_0.0 - INFO - Batch 72/155: Clean orig accuracy 0.9566 | Clean purify accuracy 0.9149 | Adv orig accuracy: 0.8828 | Adv purify accuracy: 0.9036
2025-07-10 21:25:15,813 - ADV_Generation_eps_4.0_steps_100_Purification_type_noisy_anchor_anchors_10_alpha_1.2_sigma_0.18_threshold_0.0 - INFO - Batch:[72] Adversarial images for this batch already exist
2025-07-10 21:25:19,532 - ADV_Generation_eps_4.0_steps_100_Purification_type_noisy_anchor_anchors_10_alpha_1.2_sigma_0.18_threshold_0.0 - INFO - Batch 73/155: Clean orig accuracy 0.9555 | Clean purify accuracy 0.9152 | Adv orig accuracy: 0.8827 | Adv purify accuracy: 0.9041
2025-07-10 21:25:19,544 - ADV_Generation_eps_4.0_steps_100_Purification_type_noisy_anchor_anchors_10_alpha_1.2_sigma_0.18_threshold_0.0 - INFO - Batch:[73] Adversarial images for this batch already exist
2025-07-10 21:25:23,224 - ADV_Generation_eps_4.0_steps_100_Purification_type_noisy_anchor_anchors_10_alpha_1.2_sigma_0.18_threshold_0.0 - INFO - Batch 74/155: Clean orig accuracy 0.9561 | Clean purify accuracy 0.9164 | Adv orig accuracy: 0.8843 | Adv purify accuracy: 0.9046
2025-07-10 21:25:23,235 - ADV_Generation_eps_4.0_steps_100_Purification_type_noisy_anchor_anchors_10_alpha_1.2_sigma_0.18_threshold_0.0 - INFO - Batch:[74] Adversarial images for this batch already exist
2025-07-10 21:25:26,873 - ADV_Generation_eps_4.0_steps_100_Purification_type_noisy_anchor_anchors_10_alpha_1.2_sigma_0.18_threshold_0.0 - INFO - Batch 75/155: Clean orig accuracy 0.9567 | Clean purify accuracy 0.9175 | Adv orig accuracy: 0.8858 | Adv purify accuracy: 0.9050
2025-07-10 21:25:26,884 - ADV_Generation_eps_4.0_steps_100_Purification_type_noisy_anchor_anchors_10_alpha_1.2_sigma_0.18_threshold_0.0 - INFO - Batch:[75] Adversarial images for this batch already exist
2025-07-10 21:25:30,557 - ADV_Generation_eps_4.0_steps_100_Purification_type_noisy_anchor_anchors_10_alpha_1.2_sigma_0.18_threshold_0.0 - INFO - Batch 76/155: Clean orig accuracy 0.9572 | Clean purify accuracy 0.9186 | Adv orig accuracy: 0.8873 | Adv purify accuracy: 0.9046
2025-07-10 21:25:30,569 - ADV_Generation_eps_4.0_steps_100_Purification_type_noisy_anchor_anchors_10_alpha_1.2_sigma_0.18_threshold_0.0 - INFO - Batch:[76] Adversarial images for this batch already exist
2025-07-10 21:25:34,202 - ADV_Generation_eps_4.0_steps_100_Purification_type_noisy_anchor_anchors_10_alpha_1.2_sigma_0.18_threshold_0.0 - INFO - Batch 77/155: Clean orig accuracy 0.9578 | Clean purify accuracy 0.9196 | Adv orig accuracy: 0.8880 | Adv purify accuracy: 0.9042
2025-07-10 21:25:34,213 - ADV_Generation_eps_4.0_steps_100_Purification_type_noisy_anchor_anchors_10_alpha_1.2_sigma_0.18_threshold_0.0 - INFO - Batch:[77] Adversarial images for this batch already exist
2025-07-10 21:25:37,906 - ADV_Generation_eps_4.0_steps_100_Purification_type_noisy_anchor_anchors_10_alpha_1.2_sigma_0.18_threshold_0.0 - INFO - Batch 78/155: Clean orig accuracy 0.9583 | Clean purify accuracy 0.9199 | Adv orig accuracy: 0.8870 | Adv purify accuracy: 0.9038
2025-07-10 21:25:37,916 - ADV_Generation_eps_4.0_steps_100_Purification_type_noisy_anchor_anchors_10_alpha_1.2_sigma_0.18_threshold_0.0 - INFO - Batch:[78] Adversarial images for this batch already exist
2025-07-10 21:25:41,621 - ADV_Generation_eps_4.0_steps_100_Purification_type_noisy_anchor_anchors_10_alpha_1.2_sigma_0.18_threshold_0.0 - INFO - Batch 79/155: Clean orig accuracy 0.9581 | Clean purify accuracy 0.9209 | Adv orig accuracy: 0.8869 | Adv purify accuracy: 0.9051
2025-07-10 21:25:41,634 - ADV_Generation_eps_4.0_steps_100_Purification_type_noisy_anchor_anchors_10_alpha_1.2_sigma_0.18_threshold_0.0 - INFO - Batch:[79] Adversarial images for this batch already exist
2025-07-10 21:25:45,306 - ADV_Generation_eps_4.0_steps_100_Purification_type_noisy_anchor_anchors_10_alpha_1.2_sigma_0.18_threshold_0.0 - INFO - Batch 80/155: Clean orig accuracy 0.9586 | Clean purify accuracy 0.9211 | Adv orig accuracy: 0.8883 | Adv purify accuracy: 0.9039
2025-07-10 21:25:45,318 - ADV_Generation_eps_4.0_steps_100_Purification_type_noisy_anchor_anchors_10_alpha_1.2_sigma_0.18_threshold_0.0 - INFO - Batch:[80] Adversarial images for this batch already exist
2025-07-10 21:25:48,980 - ADV_Generation_eps_4.0_steps_100_Purification_type_noisy_anchor_anchors_10_alpha_1.2_sigma_0.18_threshold_0.0 - INFO - Batch 81/155: Clean orig accuracy 0.9591 | Clean purify accuracy 0.9205 | Adv orig accuracy: 0.8889 | Adv purify accuracy: 0.9035
2025-07-10 21:25:48,992 - ADV_Generation_eps_4.0_steps_100_Purification_type_noisy_anchor_anchors_10_alpha_1.2_sigma_0.18_threshold_0.0 - INFO - Batch:[81] Adversarial images for this batch already exist
2025-07-10 21:25:52,698 - ADV_Generation_eps_4.0_steps_100_Purification_type_noisy_anchor_anchors_10_alpha_1.2_sigma_0.18_threshold_0.0 - INFO - Batch 82/155: Clean orig accuracy 0.9596 | Clean purify accuracy 0.9184 | Adv orig accuracy: 0.8872 | Adv purify accuracy: 0.8994
2025-07-10 21:25:52,710 - ADV_Generation_eps_4.0_steps_100_Purification_type_noisy_anchor_anchors_10_alpha_1.2_sigma_0.18_threshold_0.0 - INFO - Batch:[82] Adversarial images for this batch already exist
2025-07-10 21:25:56,401 - ADV_Generation_eps_4.0_steps_100_Purification_type_noisy_anchor_anchors_10_alpha_1.2_sigma_0.18_threshold_0.0 - INFO - Batch 83/155: Clean orig accuracy 0.9601 | Clean purify accuracy 0.9187 | Adv orig accuracy: 0.8886 | Adv purify accuracy: 0.8998
2025-07-10 21:25:56,417 - ADV_Generation_eps_4.0_steps_100_Purification_type_noisy_anchor_anchors_10_alpha_1.2_sigma_0.18_threshold_0.0 - INFO - Batch:[83] Adversarial images for this batch already exist
2025-07-10 21:26:00,036 - ADV_Generation_eps_4.0_steps_100_Purification_type_noisy_anchor_anchors_10_alpha_1.2_sigma_0.18_threshold_0.0 - INFO - Batch 84/155: Clean orig accuracy 0.9606 | Clean purify accuracy 0.9196 | Adv orig accuracy: 0.8899 | Adv purify accuracy: 0.9010
2025-07-10 21:26:00,048 - ADV_Generation_eps_4.0_steps_100_Purification_type_noisy_anchor_anchors_10_alpha_1.2_sigma_0.18_threshold_0.0 - INFO - Batch:[84] Adversarial images for this batch already exist
2025-07-10 21:26:03,724 - ADV_Generation_eps_4.0_steps_100_Purification_type_noisy_anchor_anchors_10_alpha_1.2_sigma_0.18_threshold_0.0 - INFO - Batch 85/155: Clean orig accuracy 0.9603 | Clean purify accuracy 0.9199 | Adv orig accuracy: 0.8904 | Adv purify accuracy: 0.9015
2025-07-10 21:26:03,735 - ADV_Generation_eps_4.0_steps_100_Purification_type_noisy_anchor_anchors_10_alpha_1.2_sigma_0.18_threshold_0.0 - INFO - Batch:[85] Adversarial images for this batch already exist
2025-07-10 21:26:07,436 - ADV_Generation_eps_4.0_steps_100_Purification_type_noisy_anchor_anchors_10_alpha_1.2_sigma_0.18_threshold_0.0 - INFO - Batch 86/155: Clean orig accuracy 0.9608 | Clean purify accuracy 0.9201 | Adv orig accuracy: 0.8910 | Adv purify accuracy: 0.9019
2025-07-10 21:26:07,447 - ADV_Generation_eps_4.0_steps_100_Purification_type_noisy_anchor_anchors_10_alpha_1.2_sigma_0.18_threshold_0.0 - INFO - Batch:[86] Adversarial images for this batch already exist
2025-07-10 21:26:11,149 - ADV_Generation_eps_4.0_steps_100_Purification_type_noisy_anchor_anchors_10_alpha_1.2_sigma_0.18_threshold_0.0 - INFO - Batch 87/155: Clean orig accuracy 0.9576 | Clean purify accuracy 0.9167 | Adv orig accuracy: 0.8886 | Adv purify accuracy: 0.8987
2025-07-10 21:26:11,161 - ADV_Generation_eps_4.0_steps_100_Purification_type_noisy_anchor_anchors_10_alpha_1.2_sigma_0.18_threshold_0.0 - INFO - Batch:[87] Adversarial images for this batch already exist
2025-07-10 21:26:14,788 - ADV_Generation_eps_4.0_steps_100_Purification_type_noisy_anchor_anchors_10_alpha_1.2_sigma_0.18_threshold_0.0 - INFO - Batch 88/155: Clean orig accuracy 0.9531 | Clean purify accuracy 0.9119 | Adv orig accuracy: 0.8842 | Adv purify accuracy: 0.8942
2025-07-10 21:26:14,799 - ADV_Generation_eps_4.0_steps_100_Purification_type_noisy_anchor_anchors_10_alpha_1.2_sigma_0.18_threshold_0.0 - INFO - Batch:[88] Adversarial images for this batch already exist
2025-07-10 21:26:18,513 - ADV_Generation_eps_4.0_steps_100_Purification_type_noisy_anchor_anchors_10_alpha_1.2_sigma_0.18_threshold_0.0 - INFO - Batch 89/155: Clean orig accuracy 0.9529 | Clean purify accuracy 0.9108 | Adv orig accuracy: 0.8834 | Adv purify accuracy: 0.8933
2025-07-10 21:26:18,525 - ADV_Generation_eps_4.0_steps_100_Purification_type_noisy_anchor_anchors_10_alpha_1.2_sigma_0.18_threshold_0.0 - INFO - Batch:[89] Adversarial images for this batch already exist
2025-07-10 21:26:22,226 - ADV_Generation_eps_4.0_steps_100_Purification_type_noisy_anchor_anchors_10_alpha_1.2_sigma_0.18_threshold_0.0 - INFO - Batch 90/155: Clean orig accuracy 0.9535 | Clean purify accuracy 0.9111 | Adv orig accuracy: 0.8840 | Adv purify accuracy: 0.8938
2025-07-10 21:26:22,237 - ADV_Generation_eps_4.0_steps_100_Purification_type_noisy_anchor_anchors_10_alpha_1.2_sigma_0.18_threshold_0.0 - INFO - Batch:[90] Adversarial images for this batch already exist
2025-07-10 21:26:25,925 - ADV_Generation_eps_4.0_steps_100_Purification_type_noisy_anchor_anchors_10_alpha_1.2_sigma_0.18_threshold_0.0 - INFO - Batch 91/155: Clean orig accuracy 0.9540 | Clean purify accuracy 0.9121 | Adv orig accuracy: 0.8853 | Adv purify accuracy: 0.8949
2025-07-10 21:26:25,937 - ADV_Generation_eps_4.0_steps_100_Purification_type_noisy_anchor_anchors_10_alpha_1.2_sigma_0.18_threshold_0.0 - INFO - Batch:[91] Adversarial images for this batch already exist
2025-07-10 21:26:29,641 - ADV_Generation_eps_4.0_steps_100_Purification_type_noisy_anchor_anchors_10_alpha_1.2_sigma_0.18_threshold_0.0 - INFO - Batch 92/155: Clean orig accuracy 0.9545 | Clean purify accuracy 0.9124 | Adv orig accuracy: 0.8859 | Adv purify accuracy: 0.8947
2025-07-10 21:26:29,652 - ADV_Generation_eps_4.0_steps_100_Purification_type_noisy_anchor_anchors_10_alpha_1.2_sigma_0.18_threshold_0.0 - INFO - Batch:[92] Adversarial images for this batch already exist
2025-07-10 21:26:33,442 - ADV_Generation_eps_4.0_steps_100_Purification_type_noisy_anchor_anchors_10_alpha_1.2_sigma_0.18_threshold_0.0 - INFO - Batch 93/155: Clean orig accuracy 0.9550 | Clean purify accuracy 0.9113 | Adv orig accuracy: 0.8851 | Adv purify accuracy: 0.8931
2025-07-10 21:26:33,454 - ADV_Generation_eps_4.0_steps_100_Purification_type_noisy_anchor_anchors_10_alpha_1.2_sigma_0.18_threshold_0.0 - INFO - Batch:[93] Adversarial images for this batch already exist
2025-07-10 21:26:37,082 - ADV_Generation_eps_4.0_steps_100_Purification_type_noisy_anchor_anchors_10_alpha_1.2_sigma_0.18_threshold_0.0 - INFO - Batch 94/155: Clean orig accuracy 0.9555 | Clean purify accuracy 0.9116 | Adv orig accuracy: 0.8850 | Adv purify accuracy: 0.8936
2025-07-10 21:26:37,094 - ADV_Generation_eps_4.0_steps_100_Purification_type_noisy_anchor_anchors_10_alpha_1.2_sigma_0.18_threshold_0.0 - INFO - Batch:[94] Adversarial images for this batch already exist
2025-07-10 21:26:40,705 - ADV_Generation_eps_4.0_steps_100_Purification_type_noisy_anchor_anchors_10_alpha_1.2_sigma_0.18_threshold_0.0 - INFO - Batch 95/155: Clean orig accuracy 0.9559 | Clean purify accuracy 0.9105 | Adv orig accuracy: 0.8862 | Adv purify accuracy: 0.8928
2025-07-10 21:26:40,717 - ADV_Generation_eps_4.0_steps_100_Purification_type_noisy_anchor_anchors_10_alpha_1.2_sigma_0.18_threshold_0.0 - INFO - Batch:[95] Adversarial images for this batch already exist
2025-07-10 21:26:44,345 - ADV_Generation_eps_4.0_steps_100_Purification_type_noisy_anchor_anchors_10_alpha_1.2_sigma_0.18_threshold_0.0 - INFO - Batch 96/155: Clean orig accuracy 0.9557 | Clean purify accuracy 0.9089 | Adv orig accuracy: 0.8861 | Adv purify accuracy: 0.8913
2025-07-10 21:26:44,356 - ADV_Generation_eps_4.0_steps_100_Purification_type_noisy_anchor_anchors_10_alpha_1.2_sigma_0.18_threshold_0.0 - INFO - Batch:[96] Adversarial images for this batch already exist
2025-07-10 21:26:47,969 - ADV_Generation_eps_4.0_steps_100_Purification_type_noisy_anchor_anchors_10_alpha_1.2_sigma_0.18_threshold_0.0 - INFO - Batch 97/155: Clean orig accuracy 0.9562 | Clean purify accuracy 0.9091 | Adv orig accuracy: 0.8872 | Adv purify accuracy: 0.8911
2025-07-10 21:26:47,981 - ADV_Generation_eps_4.0_steps_100_Purification_type_noisy_anchor_anchors_10_alpha_1.2_sigma_0.18_threshold_0.0 - INFO - Batch:[97] Adversarial images for this batch already exist
2025-07-10 21:26:51,663 - ADV_Generation_eps_4.0_steps_100_Purification_type_noisy_anchor_anchors_10_alpha_1.2_sigma_0.18_threshold_0.0 - INFO - Batch 98/155: Clean orig accuracy 0.9566 | Clean purify accuracy 0.9075 | Adv orig accuracy: 0.8884 | Adv purify accuracy: 0.8897
2025-07-10 21:26:51,674 - ADV_Generation_eps_4.0_steps_100_Purification_type_noisy_anchor_anchors_10_alpha_1.2_sigma_0.18_threshold_0.0 - INFO - Batch:[98] Adversarial images for this batch already exist
2025-07-10 21:26:55,356 - ADV_Generation_eps_4.0_steps_100_Purification_type_noisy_anchor_anchors_10_alpha_1.2_sigma_0.18_threshold_0.0 - INFO - Batch 99/155: Clean orig accuracy 0.9571 | Clean purify accuracy 0.9078 | Adv orig accuracy: 0.8895 | Adv purify accuracy: 0.8902
2025-07-10 21:26:55,368 - ADV_Generation_eps_4.0_steps_100_Purification_type_noisy_anchor_anchors_10_alpha_1.2_sigma_0.18_threshold_0.0 - INFO - Batch:[99] Adversarial images for this batch already exist
2025-07-10 21:26:59,013 - ADV_Generation_eps_4.0_steps_100_Purification_type_noisy_anchor_anchors_10_alpha_1.2_sigma_0.18_threshold_0.0 - INFO - Batch 100/155: Clean orig accuracy 0.9575 | Clean purify accuracy 0.9087 | Adv orig accuracy: 0.8906 | Adv purify accuracy: 0.8912
2025-07-10 21:26:59,023 - ADV_Generation_eps_4.0_steps_100_Purification_type_noisy_anchor_anchors_10_alpha_1.2_sigma_0.18_threshold_0.0 - INFO - Batch:[100] Adversarial images for this batch already exist
2025-07-10 21:27:02,670 - ADV_Generation_eps_4.0_steps_100_Purification_type_noisy_anchor_anchors_10_alpha_1.2_sigma_0.18_threshold_0.0 - INFO - Batch 101/155: Clean orig accuracy 0.9579 | Clean purify accuracy 0.9090 | Adv orig accuracy: 0.8911 | Adv purify accuracy: 0.8917
2025-07-10 21:27:02,684 - ADV_Generation_eps_4.0_steps_100_Purification_type_noisy_anchor_anchors_10_alpha_1.2_sigma_0.18_threshold_0.0 - INFO - Batch:[101] Adversarial images for this batch already exist
2025-07-10 21:27:06,335 - ADV_Generation_eps_4.0_steps_100_Purification_type_noisy_anchor_anchors_10_alpha_1.2_sigma_0.18_threshold_0.0 - INFO - Batch 102/155: Clean orig accuracy 0.9559 | Clean purify accuracy 0.9062 | Adv orig accuracy: 0.8879 | Adv purify accuracy: 0.8885
2025-07-10 21:27:06,346 - ADV_Generation_eps_4.0_steps_100_Purification_type_noisy_anchor_anchors_10_alpha_1.2_sigma_0.18_threshold_0.0 - INFO - Batch:[102] Adversarial images for this batch already exist
2025-07-10 21:27:09,956 - ADV_Generation_eps_4.0_steps_100_Purification_type_noisy_anchor_anchors_10_alpha_1.2_sigma_0.18_threshold_0.0 - INFO - Batch 103/155: Clean orig accuracy 0.9490 | Clean purify accuracy 0.9011 | Adv orig accuracy: 0.8805 | Adv purify accuracy: 0.8817
2025-07-10 21:27:09,968 - ADV_Generation_eps_4.0_steps_100_Purification_type_noisy_anchor_anchors_10_alpha_1.2_sigma_0.18_threshold_0.0 - INFO - Batch:[103] Adversarial images for this batch already exist
2025-07-10 21:27:13,592 - ADV_Generation_eps_4.0_steps_100_Purification_type_noisy_anchor_anchors_10_alpha_1.2_sigma_0.18_threshold_0.0 - INFO - Batch 104/155: Clean orig accuracy 0.9447 | Clean purify accuracy 0.8978 | Adv orig accuracy: 0.8756 | Adv purify accuracy: 0.8786
2025-07-10 21:27:13,603 - ADV_Generation_eps_4.0_steps_100_Purification_type_noisy_anchor_anchors_10_alpha_1.2_sigma_0.18_threshold_0.0 - INFO - Batch:[104] Adversarial images for this batch already exist
2025-07-10 21:27:17,251 - ADV_Generation_eps_4.0_steps_100_Purification_type_noisy_anchor_anchors_10_alpha_1.2_sigma_0.18_threshold_0.0 - INFO - Batch 105/155: Clean orig accuracy 0.9452 | Clean purify accuracy 0.8976 | Adv orig accuracy: 0.8768 | Adv purify accuracy: 0.8786
2025-07-10 21:27:17,263 - ADV_Generation_eps_4.0_steps_100_Purification_type_noisy_anchor_anchors_10_alpha_1.2_sigma_0.18_threshold_0.0 - INFO - Batch:[105] Adversarial images for this batch already exist
2025-07-10 21:27:20,960 - ADV_Generation_eps_4.0_steps_100_Purification_type_noisy_anchor_anchors_10_alpha_1.2_sigma_0.18_threshold_0.0 - INFO - Batch 106/155: Clean orig accuracy 0.9458 | Clean purify accuracy 0.8986 | Adv orig accuracy: 0.8779 | Adv purify accuracy: 0.8797
2025-07-10 21:27:20,971 - ADV_Generation_eps_4.0_steps_100_Purification_type_noisy_anchor_anchors_10_alpha_1.2_sigma_0.18_threshold_0.0 - INFO - Batch:[106] Adversarial images for this batch already exist
2025-07-10 21:27:24,591 - ADV_Generation_eps_4.0_steps_100_Purification_type_noisy_anchor_anchors_10_alpha_1.2_sigma_0.18_threshold_0.0 - INFO - Batch 107/155: Clean orig accuracy 0.9463 | Clean purify accuracy 0.8984 | Adv orig accuracy: 0.8773 | Adv purify accuracy: 0.8797
2025-07-10 21:27:24,601 - ADV_Generation_eps_4.0_steps_100_Purification_type_noisy_anchor_anchors_10_alpha_1.2_sigma_0.18_threshold_0.0 - INFO - Batch:[107] Adversarial images for this batch already exist
2025-07-10 21:27:28,258 - ADV_Generation_eps_4.0_steps_100_Purification_type_noisy_anchor_anchors_10_alpha_1.2_sigma_0.18_threshold_0.0 - INFO - Batch 108/155: Clean orig accuracy 0.9468 | Clean purify accuracy 0.8987 | Adv orig accuracy: 0.8773 | Adv purify accuracy: 0.8802
2025-07-10 21:27:28,269 - ADV_Generation_eps_4.0_steps_100_Purification_type_noisy_anchor_anchors_10_alpha_1.2_sigma_0.18_threshold_0.0 - INFO - Batch:[108] Adversarial images for this batch already exist
2025-07-10 21:27:31,950 - ADV_Generation_eps_4.0_steps_100_Purification_type_noisy_anchor_anchors_10_alpha_1.2_sigma_0.18_threshold_0.0 - INFO - Batch 109/155: Clean orig accuracy 0.9444 | Clean purify accuracy 0.8956 | Adv orig accuracy: 0.8744 | Adv purify accuracy: 0.8773
2025-07-10 21:27:31,961 - ADV_Generation_eps_4.0_steps_100_Purification_type_noisy_anchor_anchors_10_alpha_1.2_sigma_0.18_threshold_0.0 - INFO - Batch:[109] Adversarial images for this batch already exist
2025-07-10 21:27:35,645 - ADV_Generation_eps_4.0_steps_100_Purification_type_noisy_anchor_anchors_10_alpha_1.2_sigma_0.18_threshold_0.0 - INFO - Batch 110/155: Clean orig accuracy 0.9426 | Clean purify accuracy 0.8949 | Adv orig accuracy: 0.8727 | Adv purify accuracy: 0.8767
2025-07-10 21:27:35,656 - ADV_Generation_eps_4.0_steps_100_Purification_type_noisy_anchor_anchors_10_alpha_1.2_sigma_0.18_threshold_0.0 - INFO - Batch:[110] Adversarial images for this batch already exist
2025-07-10 21:27:39,247 - ADV_Generation_eps_4.0_steps_100_Purification_type_noisy_anchor_anchors_10_alpha_1.2_sigma_0.18_threshold_0.0 - INFO - Batch 111/155: Clean orig accuracy 0.9426 | Clean purify accuracy 0.8953 | Adv orig accuracy: 0.8727 | Adv purify accuracy: 0.8767
2025-07-10 21:27:39,259 - ADV_Generation_eps_4.0_steps_100_Purification_type_noisy_anchor_anchors_10_alpha_1.2_sigma_0.18_threshold_0.0 - INFO - Batch:[111] Adversarial images for this batch already exist
2025-07-10 21:27:42,932 - ADV_Generation_eps_4.0_steps_100_Purification_type_noisy_anchor_anchors_10_alpha_1.2_sigma_0.18_threshold_0.0 - INFO - Batch 112/155: Clean orig accuracy 0.9420 | Clean purify accuracy 0.8951 | Adv orig accuracy: 0.8728 | Adv purify accuracy: 0.8767
2025-07-10 21:27:42,944 - ADV_Generation_eps_4.0_steps_100_Purification_type_noisy_anchor_anchors_10_alpha_1.2_sigma_0.18_threshold_0.0 - INFO - Batch:[112] Adversarial images for this batch already exist
2025-07-10 21:27:46,665 - ADV_Generation_eps_4.0_steps_100_Purification_type_noisy_anchor_anchors_10_alpha_1.2_sigma_0.18_threshold_0.0 - INFO - Batch 113/155: Clean orig accuracy 0.9425 | Clean purify accuracy 0.8960 | Adv orig accuracy: 0.8739 | Adv purify accuracy: 0.8778
2025-07-10 21:27:46,676 - ADV_Generation_eps_4.0_steps_100_Purification_type_noisy_anchor_anchors_10_alpha_1.2_sigma_0.18_threshold_0.0 - INFO - Batch:[113] Adversarial images for this batch already exist
2025-07-10 21:27:50,266 - ADV_Generation_eps_4.0_steps_100_Purification_type_noisy_anchor_anchors_10_alpha_1.2_sigma_0.18_threshold_0.0 - INFO - Batch 114/155: Clean orig accuracy 0.9430 | Clean purify accuracy 0.8947 | Adv orig accuracy: 0.8750 | Adv purify accuracy: 0.8766
2025-07-10 21:27:50,277 - ADV_Generation_eps_4.0_steps_100_Purification_type_noisy_anchor_anchors_10_alpha_1.2_sigma_0.18_threshold_0.0 - INFO - Batch:[114] Adversarial images for this batch already exist
2025-07-10 21:27:53,983 - ADV_Generation_eps_4.0_steps_100_Purification_type_noisy_anchor_anchors_10_alpha_1.2_sigma_0.18_threshold_0.0 - INFO - Batch 115/155: Clean orig accuracy 0.9429 | Clean purify accuracy 0.8913 | Adv orig accuracy: 0.8734 | Adv purify accuracy: 0.8734
2025-07-10 21:27:53,994 - ADV_Generation_eps_4.0_steps_100_Purification_type_noisy_anchor_anchors_10_alpha_1.2_sigma_0.18_threshold_0.0 - INFO - Batch:[115] Adversarial images for this batch already exist
2025-07-10 21:27:57,631 - ADV_Generation_eps_4.0_steps_100_Purification_type_noisy_anchor_anchors_10_alpha_1.2_sigma_0.18_threshold_0.0 - INFO - Batch 116/155: Clean orig accuracy 0.9434 | Clean purify accuracy 0.8906 | Adv orig accuracy: 0.8739 | Adv purify accuracy: 0.8728
2025-07-10 21:27:57,642 - ADV_Generation_eps_4.0_steps_100_Purification_type_noisy_anchor_anchors_10_alpha_1.2_sigma_0.18_threshold_0.0 - INFO - Batch:[116] Adversarial images for this batch already exist
2025-07-10 21:28:01,283 - ADV_Generation_eps_4.0_steps_100_Purification_type_noisy_anchor_anchors_10_alpha_1.2_sigma_0.18_threshold_0.0 - INFO - Batch 117/155: Clean orig accuracy 0.9439 | Clean purify accuracy 0.8905 | Adv orig accuracy: 0.8734 | Adv purify accuracy: 0.8723
2025-07-10 21:28:01,293 - ADV_Generation_eps_4.0_steps_100_Purification_type_noisy_anchor_anchors_10_alpha_1.2_sigma_0.18_threshold_0.0 - INFO - Batch:[117] Adversarial images for this batch already exist
2025-07-10 21:28:04,952 - ADV_Generation_eps_4.0_steps_100_Purification_type_noisy_anchor_anchors_10_alpha_1.2_sigma_0.18_threshold_0.0 - INFO - Batch 118/155: Clean orig accuracy 0.9444 | Clean purify accuracy 0.8914 | Adv orig accuracy: 0.8745 | Adv purify accuracy: 0.8734
2025-07-10 21:28:04,962 - ADV_Generation_eps_4.0_steps_100_Purification_type_noisy_anchor_anchors_10_alpha_1.2_sigma_0.18_threshold_0.0 - INFO - Batch:[118] Adversarial images for this batch already exist
2025-07-10 21:28:08,732 - ADV_Generation_eps_4.0_steps_100_Purification_type_noisy_anchor_anchors_10_alpha_1.2_sigma_0.18_threshold_0.0 - INFO - Batch 119/155: Clean orig accuracy 0.9449 | Clean purify accuracy 0.8918 | Adv orig accuracy: 0.8755 | Adv purify accuracy: 0.8734
2025-07-10 21:28:08,745 - ADV_Generation_eps_4.0_steps_100_Purification_type_noisy_anchor_anchors_10_alpha_1.2_sigma_0.18_threshold_0.0 - INFO - Batch:[119] Adversarial images for this batch already exist
2025-07-10 21:28:12,344 - ADV_Generation_eps_4.0_steps_100_Purification_type_noisy_anchor_anchors_10_alpha_1.2_sigma_0.18_threshold_0.0 - INFO - Batch 120/155: Clean orig accuracy 0.9453 | Clean purify accuracy 0.8927 | Adv orig accuracy: 0.8766 | Adv purify accuracy: 0.8740
2025-07-10 21:28:12,355 - ADV_Generation_eps_4.0_steps_100_Purification_type_noisy_anchor_anchors_10_alpha_1.2_sigma_0.18_threshold_0.0 - INFO - Batch:[120] Adversarial images for this batch already exist
2025-07-10 21:28:16,090 - ADV_Generation_eps_4.0_steps_100_Purification_type_noisy_anchor_anchors_10_alpha_1.2_sigma_0.18_threshold_0.0 - INFO - Batch 121/155: Clean orig accuracy 0.9458 | Clean purify accuracy 0.8936 | Adv orig accuracy: 0.8776 | Adv purify accuracy: 0.8750
2025-07-10 21:28:16,102 - ADV_Generation_eps_4.0_steps_100_Purification_type_noisy_anchor_anchors_10_alpha_1.2_sigma_0.18_threshold_0.0 - INFO - Batch:[121] Adversarial images for this batch already exist
2025-07-10 21:28:19,750 - ADV_Generation_eps_4.0_steps_100_Purification_type_noisy_anchor_anchors_10_alpha_1.2_sigma_0.18_threshold_0.0 - INFO - Batch 122/155: Clean orig accuracy 0.9457 | Clean purify accuracy 0.8899 | Adv orig accuracy: 0.8740 | Adv purify accuracy: 0.8714
2025-07-10 21:28:19,762 - ADV_Generation_eps_4.0_steps_100_Purification_type_noisy_anchor_anchors_10_alpha_1.2_sigma_0.18_threshold_0.0 - INFO - Batch:[122] Adversarial images for this batch already exist
2025-07-10 21:28:23,511 - ADV_Generation_eps_4.0_steps_100_Purification_type_noisy_anchor_anchors_10_alpha_1.2_sigma_0.18_threshold_0.0 - INFO - Batch 123/155: Clean orig accuracy 0.9461 | Clean purify accuracy 0.8908 | Adv orig accuracy: 0.8750 | Adv purify accuracy: 0.8725
2025-07-10 21:28:23,523 - ADV_Generation_eps_4.0_steps_100_Purification_type_noisy_anchor_anchors_10_alpha_1.2_sigma_0.18_threshold_0.0 - INFO - Batch:[123] Adversarial images for this batch already exist
2025-07-10 21:28:27,160 - ADV_Generation_eps_4.0_steps_100_Purification_type_noisy_anchor_anchors_10_alpha_1.2_sigma_0.18_threshold_0.0 - INFO - Batch 124/155: Clean orig accuracy 0.9466 | Clean purify accuracy 0.8916 | Adv orig accuracy: 0.8760 | Adv purify accuracy: 0.8735
2025-07-10 21:28:27,172 - ADV_Generation_eps_4.0_steps_100_Purification_type_noisy_anchor_anchors_10_alpha_1.2_sigma_0.18_threshold_0.0 - INFO - Batch:[124] Adversarial images for this batch already exist
2025-07-10 21:28:30,835 - ADV_Generation_eps_4.0_steps_100_Purification_type_noisy_anchor_anchors_10_alpha_1.2_sigma_0.18_threshold_0.0 - INFO - Batch 125/155: Clean orig accuracy 0.9470 | Clean purify accuracy 0.8925 | Adv orig accuracy: 0.8770 | Adv purify accuracy: 0.8745
2025-07-10 21:28:30,845 - ADV_Generation_eps_4.0_steps_100_Purification_type_noisy_anchor_anchors_10_alpha_1.2_sigma_0.18_threshold_0.0 - INFO - Batch:[125] Adversarial images for this batch already exist
2025-07-10 21:28:34,457 - ADV_Generation_eps_4.0_steps_100_Purification_type_noisy_anchor_anchors_10_alpha_1.2_sigma_0.18_threshold_0.0 - INFO - Batch 126/155: Clean orig accuracy 0.9474 | Clean purify accuracy 0.8929 | Adv orig accuracy: 0.8780 | Adv purify accuracy: 0.8750
2025-07-10 21:28:34,469 - ADV_Generation_eps_4.0_steps_100_Purification_type_noisy_anchor_anchors_10_alpha_1.2_sigma_0.18_threshold_0.0 - INFO - Batch:[126] Adversarial images for this batch already exist
2025-07-10 21:28:38,122 - ADV_Generation_eps_4.0_steps_100_Purification_type_noisy_anchor_anchors_10_alpha_1.2_sigma_0.18_threshold_0.0 - INFO - Batch 127/155: Clean orig accuracy 0.9478 | Clean purify accuracy 0.8937 | Adv orig accuracy: 0.8789 | Adv purify accuracy: 0.8760
2025-07-10 21:28:38,133 - ADV_Generation_eps_4.0_steps_100_Purification_type_noisy_anchor_anchors_10_alpha_1.2_sigma_0.18_threshold_0.0 - INFO - Batch:[127] Adversarial images for this batch already exist
2025-07-10 21:28:41,817 - ADV_Generation_eps_4.0_steps_100_Purification_type_noisy_anchor_anchors_10_alpha_1.2_sigma_0.18_threshold_0.0 - INFO - Batch 128/155: Clean orig accuracy 0.9482 | Clean purify accuracy 0.8945 | Adv orig accuracy: 0.8799 | Adv purify accuracy: 0.8770
2025-07-10 21:28:41,829 - ADV_Generation_eps_4.0_steps_100_Purification_type_noisy_anchor_anchors_10_alpha_1.2_sigma_0.18_threshold_0.0 - INFO - Batch:[128] Adversarial images for this batch already exist
2025-07-10 21:28:45,579 - ADV_Generation_eps_4.0_steps_100_Purification_type_noisy_anchor_anchors_10_alpha_1.2_sigma_0.18_threshold_0.0 - INFO - Batch 129/155: Clean orig accuracy 0.9482 | Clean purify accuracy 0.8949 | Adv orig accuracy: 0.8798 | Adv purify accuracy: 0.8769
2025-07-10 21:28:45,591 - ADV_Generation_eps_4.0_steps_100_Purification_type_noisy_anchor_anchors_10_alpha_1.2_sigma_0.18_threshold_0.0 - INFO - Batch:[129] Adversarial images for this batch already exist
2025-07-10 21:28:49,249 - ADV_Generation_eps_4.0_steps_100_Purification_type_noisy_anchor_anchors_10_alpha_1.2_sigma_0.18_threshold_0.0 - INFO - Batch 130/155: Clean orig accuracy 0.9486 | Clean purify accuracy 0.8952 | Adv orig accuracy: 0.8803 | Adv purify accuracy: 0.8769
2025-07-10 21:28:49,261 - ADV_Generation_eps_4.0_steps_100_Purification_type_noisy_anchor_anchors_10_alpha_1.2_sigma_0.18_threshold_0.0 - INFO - Batch:[130] Adversarial images for this batch already exist
2025-07-10 21:28:52,879 - ADV_Generation_eps_4.0_steps_100_Purification_type_noisy_anchor_anchors_10_alpha_1.2_sigma_0.18_threshold_0.0 - INFO - Batch 131/155: Clean orig accuracy 0.9490 | Clean purify accuracy 0.8946 | Adv orig accuracy: 0.8807 | Adv purify accuracy: 0.8760
2025-07-10 21:28:52,891 - ADV_Generation_eps_4.0_steps_100_Purification_type_noisy_anchor_anchors_10_alpha_1.2_sigma_0.18_threshold_0.0 - INFO - Batch:[131] Adversarial images for this batch already exist
2025-07-10 21:28:56,553 - ADV_Generation_eps_4.0_steps_100_Purification_type_noisy_anchor_anchors_10_alpha_1.2_sigma_0.18_threshold_0.0 - INFO - Batch 132/155: Clean orig accuracy 0.9493 | Clean purify accuracy 0.8954 | Adv orig accuracy: 0.8816 | Adv purify accuracy: 0.8769
2025-07-10 21:28:56,564 - ADV_Generation_eps_4.0_steps_100_Purification_type_noisy_anchor_anchors_10_alpha_1.2_sigma_0.18_threshold_0.0 - INFO - Batch:[132] Adversarial images for this batch already exist
2025-07-10 21:29:00,219 - ADV_Generation_eps_4.0_steps_100_Purification_type_noisy_anchor_anchors_10_alpha_1.2_sigma_0.18_threshold_0.0 - INFO - Batch 133/155: Clean orig accuracy 0.9497 | Clean purify accuracy 0.8961 | Adv orig accuracy: 0.8825 | Adv purify accuracy: 0.8778
2025-07-10 21:29:00,230 - ADV_Generation_eps_4.0_steps_100_Purification_type_noisy_anchor_anchors_10_alpha_1.2_sigma_0.18_threshold_0.0 - INFO - Batch:[133] Adversarial images for this batch already exist
2025-07-10 21:29:03,952 - ADV_Generation_eps_4.0_steps_100_Purification_type_noisy_anchor_anchors_10_alpha_1.2_sigma_0.18_threshold_0.0 - INFO - Batch 134/155: Clean orig accuracy 0.9501 | Clean purify accuracy 0.8969 | Adv orig accuracy: 0.8834 | Adv purify accuracy: 0.8787
2025-07-10 21:29:03,963 - ADV_Generation_eps_4.0_steps_100_Purification_type_noisy_anchor_anchors_10_alpha_1.2_sigma_0.18_threshold_0.0 - INFO - Batch:[134] Adversarial images for this batch already exist
2025-07-10 21:29:07,617 - ADV_Generation_eps_4.0_steps_100_Purification_type_noisy_anchor_anchors_10_alpha_1.2_sigma_0.18_threshold_0.0 - INFO - Batch 135/155: Clean orig accuracy 0.9505 | Clean purify accuracy 0.8968 | Adv orig accuracy: 0.8843 | Adv purify accuracy: 0.8787
2025-07-10 21:29:07,628 - ADV_Generation_eps_4.0_steps_100_Purification_type_noisy_anchor_anchors_10_alpha_1.2_sigma_0.18_threshold_0.0 - INFO - Batch:[135] Adversarial images for this batch already exist
2025-07-10 21:29:11,286 - ADV_Generation_eps_4.0_steps_100_Purification_type_noisy_anchor_anchors_10_alpha_1.2_sigma_0.18_threshold_0.0 - INFO - Batch 136/155: Clean orig accuracy 0.9508 | Clean purify accuracy 0.8975 | Adv orig accuracy: 0.8851 | Adv purify accuracy: 0.8796
2025-07-10 21:29:11,297 - ADV_Generation_eps_4.0_steps_100_Purification_type_noisy_anchor_anchors_10_alpha_1.2_sigma_0.18_threshold_0.0 - INFO - Batch:[136] Adversarial images for this batch already exist
2025-07-10 21:29:14,894 - ADV_Generation_eps_4.0_steps_100_Purification_type_noisy_anchor_anchors_10_alpha_1.2_sigma_0.18_threshold_0.0 - INFO - Batch 137/155: Clean orig accuracy 0.9512 | Clean purify accuracy 0.8978 | Adv orig accuracy: 0.8859 | Adv purify accuracy: 0.8800
2025-07-10 21:29:14,905 - ADV_Generation_eps_4.0_steps_100_Purification_type_noisy_anchor_anchors_10_alpha_1.2_sigma_0.18_threshold_0.0 - INFO - Batch:[137] Adversarial images for this batch already exist
2025-07-10 21:29:18,531 - ADV_Generation_eps_4.0_steps_100_Purification_type_noisy_anchor_anchors_10_alpha_1.2_sigma_0.18_threshold_0.0 - INFO - Batch 138/155: Clean orig accuracy 0.9515 | Clean purify accuracy 0.8986 | Adv orig accuracy: 0.8868 | Adv purify accuracy: 0.8809
2025-07-10 21:29:18,544 - ADV_Generation_eps_4.0_steps_100_Purification_type_noisy_anchor_anchors_10_alpha_1.2_sigma_0.18_threshold_0.0 - INFO - Batch:[138] Adversarial images for this batch already exist
2025-07-10 21:29:22,247 - ADV_Generation_eps_4.0_steps_100_Purification_type_noisy_anchor_anchors_10_alpha_1.2_sigma_0.18_threshold_0.0 - INFO - Batch 139/155: Clean orig accuracy 0.9519 | Clean purify accuracy 0.8993 | Adv orig accuracy: 0.8876 | Adv purify accuracy: 0.8813
2025-07-10 21:29:22,258 - ADV_Generation_eps_4.0_steps_100_Purification_type_noisy_anchor_anchors_10_alpha_1.2_sigma_0.18_threshold_0.0 - INFO - Batch:[139] Adversarial images for this batch already exist
2025-07-10 21:29:25,913 - ADV_Generation_eps_4.0_steps_100_Purification_type_noisy_anchor_anchors_10_alpha_1.2_sigma_0.18_threshold_0.0 - INFO - Batch 140/155: Clean orig accuracy 0.9522 | Clean purify accuracy 0.9000 | Adv orig accuracy: 0.8884 | Adv purify accuracy: 0.8821
2025-07-10 21:29:25,924 - ADV_Generation_eps_4.0_steps_100_Purification_type_noisy_anchor_anchors_10_alpha_1.2_sigma_0.18_threshold_0.0 - INFO - Batch:[140] Adversarial images for this batch already exist
2025-07-10 21:29:29,554 - ADV_Generation_eps_4.0_steps_100_Purification_type_noisy_anchor_anchors_10_alpha_1.2_sigma_0.18_threshold_0.0 - INFO - Batch 141/155: Clean orig accuracy 0.9526 | Clean purify accuracy 0.9007 | Adv orig accuracy: 0.8892 | Adv purify accuracy: 0.8825
2025-07-10 21:29:29,579 - ADV_Generation_eps_4.0_steps_100_Purification_type_noisy_anchor_anchors_10_alpha_1.2_sigma_0.18_threshold_0.0 - INFO - Batch:[141] Adversarial images for this batch already exist
2025-07-10 21:29:33,269 - ADV_Generation_eps_4.0_steps_100_Purification_type_noisy_anchor_anchors_10_alpha_1.2_sigma_0.18_threshold_0.0 - INFO - Batch 142/155: Clean orig accuracy 0.9529 | Clean purify accuracy 0.8983 | Adv orig accuracy: 0.8882 | Adv purify accuracy: 0.8803
2025-07-10 21:29:33,280 - ADV_Generation_eps_4.0_steps_100_Purification_type_noisy_anchor_anchors_10_alpha_1.2_sigma_0.18_threshold_0.0 - INFO - Batch:[142] Adversarial images for this batch already exist
2025-07-10 21:29:36,967 - ADV_Generation_eps_4.0_steps_100_Purification_type_noisy_anchor_anchors_10_alpha_1.2_sigma_0.18_threshold_0.0 - INFO - Batch 143/155: Clean orig accuracy 0.9515 | Clean purify accuracy 0.8934 | Adv orig accuracy: 0.8855 | Adv purify accuracy: 0.8750
2025-07-10 21:29:36,988 - ADV_Generation_eps_4.0_steps_100_Purification_type_noisy_anchor_anchors_10_alpha_1.2_sigma_0.18_threshold_0.0 - INFO - Batch:[143] Adversarial images for this batch already exist
2025-07-10 21:29:40,640 - ADV_Generation_eps_4.0_steps_100_Purification_type_noisy_anchor_anchors_10_alpha_1.2_sigma_0.18_threshold_0.0 - INFO - Batch 144/155: Clean orig accuracy 0.9518 | Clean purify accuracy 0.8941 | Adv orig accuracy: 0.8859 | Adv purify accuracy: 0.8754
2025-07-10 21:29:40,651 - ADV_Generation_eps_4.0_steps_100_Purification_type_noisy_anchor_anchors_10_alpha_1.2_sigma_0.18_threshold_0.0 - INFO - Batch:[144] Adversarial images for this batch already exist
2025-07-10 21:29:44,323 - ADV_Generation_eps_4.0_steps_100_Purification_type_noisy_anchor_anchors_10_alpha_1.2_sigma_0.18_threshold_0.0 - INFO - Batch 145/155: Clean orig accuracy 0.9522 | Clean purify accuracy 0.8948 | Adv orig accuracy: 0.8862 | Adv purify accuracy: 0.8763
2025-07-10 21:29:44,334 - ADV_Generation_eps_4.0_steps_100_Purification_type_noisy_anchor_anchors_10_alpha_1.2_sigma_0.18_threshold_0.0 - INFO - Batch:[145] Adversarial images for this batch already exist
2025-07-10 21:29:47,982 - ADV_Generation_eps_4.0_steps_100_Purification_type_noisy_anchor_anchors_10_alpha_1.2_sigma_0.18_threshold_0.0 - INFO - Batch 146/155: Clean orig accuracy 0.9525 | Clean purify accuracy 0.8955 | Adv orig accuracy: 0.8870 | Adv purify accuracy: 0.8771
2025-07-10 21:29:47,994 - ADV_Generation_eps_4.0_steps_100_Purification_type_noisy_anchor_anchors_10_alpha_1.2_sigma_0.18_threshold_0.0 - INFO - Batch:[146] Adversarial images for this batch already exist
2025-07-10 21:29:51,616 - ADV_Generation_eps_4.0_steps_100_Purification_type_noisy_anchor_anchors_10_alpha_1.2_sigma_0.18_threshold_0.0 - INFO - Batch 147/155: Clean orig accuracy 0.9528 | Clean purify accuracy 0.8958 | Adv orig accuracy: 0.8878 | Adv purify accuracy: 0.8771
2025-07-10 21:29:51,628 - ADV_Generation_eps_4.0_steps_100_Purification_type_noisy_anchor_anchors_10_alpha_1.2_sigma_0.18_threshold_0.0 - INFO - Batch:[147] Adversarial images for this batch already exist
2025-07-10 21:29:55,345 - ADV_Generation_eps_4.0_steps_100_Purification_type_noisy_anchor_anchors_10_alpha_1.2_sigma_0.18_threshold_0.0 - INFO - Batch 148/155: Clean orig accuracy 0.9531 | Clean purify accuracy 0.8965 | Adv orig accuracy: 0.8885 | Adv purify accuracy: 0.8780
2025-07-10 21:29:55,357 - ADV_Generation_eps_4.0_steps_100_Purification_type_noisy_anchor_anchors_10_alpha_1.2_sigma_0.18_threshold_0.0 - INFO - Batch:[148] Adversarial images for this batch already exist
2025-07-10 21:29:59,051 - ADV_Generation_eps_4.0_steps_100_Purification_type_noisy_anchor_anchors_10_alpha_1.2_sigma_0.18_threshold_0.0 - INFO - Batch 149/155: Clean orig accuracy 0.9530 | Clean purify accuracy 0.8968 | Adv orig accuracy: 0.8888 | Adv purify accuracy: 0.8779
2025-07-10 21:29:59,064 - ADV_Generation_eps_4.0_steps_100_Purification_type_noisy_anchor_anchors_10_alpha_1.2_sigma_0.18_threshold_0.0 - INFO - Batch:[149] Adversarial images for this batch already exist
2025-07-10 21:30:02,695 - ADV_Generation_eps_4.0_steps_100_Purification_type_noisy_anchor_anchors_10_alpha_1.2_sigma_0.18_threshold_0.0 - INFO - Batch 150/155: Clean orig accuracy 0.9529 | Clean purify accuracy 0.8962 | Adv orig accuracy: 0.8888 | Adv purify accuracy: 0.8775
2025-07-10 21:30:02,714 - ADV_Generation_eps_4.0_steps_100_Purification_type_noisy_anchor_anchors_10_alpha_1.2_sigma_0.18_threshold_0.0 - INFO - Batch:[150] Adversarial images for this batch already exist
2025-07-10 21:30:06,470 - ADV_Generation_eps_4.0_steps_100_Purification_type_noisy_anchor_anchors_10_alpha_1.2_sigma_0.18_threshold_0.0 - INFO - Batch 151/155: Clean orig accuracy 0.9528 | Clean purify accuracy 0.8940 | Adv orig accuracy: 0.8874 | Adv purify accuracy: 0.8754
2025-07-10 21:30:06,482 - ADV_Generation_eps_4.0_steps_100_Purification_type_noisy_anchor_anchors_10_alpha_1.2_sigma_0.18_threshold_0.0 - INFO - Batch:[151] Adversarial images for this batch already exist
2025-07-10 21:30:10,106 - ADV_Generation_eps_4.0_steps_100_Purification_type_noisy_anchor_anchors_10_alpha_1.2_sigma_0.18_threshold_0.0 - INFO - Batch 152/155: Clean orig accuracy 0.9527 | Clean purify accuracy 0.8935 | Adv orig accuracy: 0.8869 | Adv purify accuracy: 0.8750
2025-07-10 21:30:10,118 - ADV_Generation_eps_4.0_steps_100_Purification_type_noisy_anchor_anchors_10_alpha_1.2_sigma_0.18_threshold_0.0 - INFO - Batch:[152] Adversarial images for this batch already exist
2025-07-10 21:30:13,706 - ADV_Generation_eps_4.0_steps_100_Purification_type_noisy_anchor_anchors_10_alpha_1.2_sigma_0.18_threshold_0.0 - INFO - Batch 153/155: Clean orig accuracy 0.9530 | Clean purify accuracy 0.8942 | Adv orig accuracy: 0.8877 | Adv purify accuracy: 0.8758
2025-07-10 21:30:13,719 - ADV_Generation_eps_4.0_steps_100_Purification_type_noisy_anchor_anchors_10_alpha_1.2_sigma_0.18_threshold_0.0 - INFO - Batch:[153] Adversarial images for this batch already exist
2025-07-10 21:30:17,385 - ADV_Generation_eps_4.0_steps_100_Purification_type_noisy_anchor_anchors_10_alpha_1.2_sigma_0.18_threshold_0.0 - INFO - Batch 154/155: Clean orig accuracy 0.9533 | Clean purify accuracy 0.8949 | Adv orig accuracy: 0.8884 | Adv purify accuracy: 0.8766
2025-07-10 21:30:17,389 - ADV_Generation_eps_4.0_steps_100_Purification_type_noisy_anchor_anchors_10_alpha_1.2_sigma_0.18_threshold_0.0 - INFO - Batch:[154] Adversarial images for this batch already exist
2025-07-10 21:30:17,857 - ADV_Generation_eps_4.0_steps_100_Purification_type_noisy_anchor_anchors_10_alpha_1.2_sigma_0.18_threshold_0.0 - INFO - Batch 155/155: Clean orig accuracy 0.9533 | Clean purify accuracy 0.8949 | Adv orig accuracy: 0.8884 | Adv purify accuracy: 0.8767
2025-07-10 21:30:17,988 - ADV_Generation_eps_4.0_steps_100_Purification_type_noisy_anchor_anchors_10_alpha_1.2_sigma_0.18_threshold_0.0 - INFO - Final Clean orig accuracy: 0.9533 | Clean purify accuracy: 0.8949
2025-07-10 21:30:17,989 - ADV_Generation_eps_4.0_steps_100_Purification_type_noisy_anchor_anchors_10_alpha_1.2_sigma_0.18_threshold_0.0 - INFO - Final Adv orig accuracy: 0.8884 | Adv purify accuracy: 0.8767
2025-07-10 21:30:17,989 - ADV_Generation_eps_4.0_steps_100_Purification_type_noisy_anchor_anchors_10_alpha_1.2_sigma_0.18_threshold_0.0 - INFO - Diff_ratio_clean: 0.4519 | Diff_ratio_adv: 0.4459
2025-07-10 21:30:17,989 - ADV_Generation_eps_4.0_steps_100_Purification_type_noisy_anchor_anchors_10_alpha_1.2_sigma_0.18_threshold_0.0 - INFO - Adversarial image generation completed. Results
