2025-08-06 09:03:40,610 - ADV_Generation_eps_4.0_steps_100 - INFO - ==========================================
data:/leonardo_work/EUHPC_R04_192/fmohamma/Adversarial_Robust_Clip/atpt_data/downstream_datasets
test_sets:Aircraft
dataset_mode:test
arch:vit_l_14_datacomp_1b
resolution:224
transferability:False
source_model:fare4
workers:4
no_pin_memory:False
batch_size:64
adv_bs:16
print_freq:20
gpu:0
no_cudnn_benchmark:False
n_ctx:4
ctx_init:a_photo_of_a
seed:0
output_dir:/leonardo_work/EUHPC_R04_192/fmohamma/Adversarial_Robust_Clip/atpt_data/vit_l_14_datacomp_1b/Aircraft
log_output_dir:/leonardo_work/EUHPC_R04_192/fmohamma/Adversarial_Robust_Clip/ATPT/Final_Results/vit_l_14_datacomp_1b/Aircraft
image_only_attack:False
image_only_attack_type:prm
image_predicted_label_attack:False
eps:4.0
alpha:1.0
alpha_eps_ratio:4.0
steps:100
counter_attack:False
counter_attack_type:pgd
counter_attack_steps:2
counter_attack_eps:4.0
counter_attack_alpha:1.0
counter_attack_tau_thres:0.2
counter_attack_beta:2.0
counter_attack_weighted_perturbations:True
pgd_clip_pure_i_text_embeddings:null
pgd_counter_and_clipure_i_lamda:1.0
image_feature_purify:False
image_feature_purify_type:noisy_anchor
image_feature_purify_noisy_anchors:10
image_feature_purify_anchors_alpha:1.2
image_feature_purify_noisy_sigma:0.18
image_feature_purify_diff_threshold:0.0
image_feature_clipure_steps:10
image_feature_clipure_step_size:10.0
save_plots:False
lr:0.005
selection_p:0.1
tta_steps:1
top_k:20
softmax_temp:0.01
load_tecoa:

2025-08-06 09:03:40,611 - ADV_Generation_eps_4.0_steps_100 - INFO - Use GPU: 0 for training
2025-08-06 09:04:49,812 - ADV_Generation_eps_4.0_steps_100 - INFO - => Model created: visual backbone vit_l_14_datacomp_1b
2025-08-06 09:04:49,836 - ADV_Generation_eps_4.0_steps_100 - INFO - Number of test samples: 3333
2025-08-06 09:04:49,837 - ADV_Generation_eps_4.0_steps_100 - INFO - Evaluating dataset: Aircraft
2025-08-06 09:04:49,838 - ADV_Generation_eps_4.0_steps_100 - INFO - Starting evaluation with batch size: 64, selection percentage: 0.1
2025-08-06 09:04:49,838 - ADV_Generation_eps_4.0_steps_100 - INFO - Using PGD attack with epsilon: 0.015686, alpha: 0.003922, steps: 100 image only attack False image predicted label attack False
2025-08-06 09:04:49,840 - ADV_Generation_eps_4.0_steps_100 - INFO - Using directory for adversarial images: /leonardo_work/EUHPC_R04_192/fmohamma/Adversarial_Robust_Clip/atpt_data/vit_l_14_datacomp_1b/Aircraft/adv_images_eps_4.0_alpha_1.0_steps_100
2025-08-06 09:04:50,605 - ADV_Generation_eps_4.0_steps_100 - INFO - Batch:[0] Adversarial images for this batch already exist
2025-08-06 09:04:54,155 - ADV_Generation_eps_4.0_steps_100 - INFO - Batch 1/209: Clean accuracy 0.6250 | Adv accuracy: 0.0000 
2025-08-06 09:04:54,169 - ADV_Generation_eps_4.0_steps_100 - INFO - Batch:[1] Adversarial images for this batch already exist
2025-08-06 09:04:54,899 - ADV_Generation_eps_4.0_steps_100 - INFO - Batch 2/209: Clean accuracy 0.7188 | Adv accuracy: 0.0000 
2025-08-06 09:04:54,913 - ADV_Generation_eps_4.0_steps_100 - INFO - Batch:[2] Adversarial images for this batch already exist
2025-08-06 09:04:55,577 - ADV_Generation_eps_4.0_steps_100 - INFO - Batch 3/209: Clean accuracy 0.6875 | Adv accuracy: 0.0000 
2025-08-06 09:04:55,589 - ADV_Generation_eps_4.0_steps_100 - INFO - Batch:[3] Adversarial images for this batch already exist
2025-08-06 09:04:56,320 - ADV_Generation_eps_4.0_steps_100 - INFO - Batch 4/209: Clean accuracy 0.6719 | Adv accuracy: 0.0000 
2025-08-06 09:04:56,332 - ADV_Generation_eps_4.0_steps_100 - INFO - Batch:[4] Adversarial images for this batch already exist
2025-08-06 09:04:57,030 - ADV_Generation_eps_4.0_steps_100 - INFO - Batch 5/209: Clean accuracy 0.6750 | Adv accuracy: 0.0000 
2025-08-06 09:04:57,042 - ADV_Generation_eps_4.0_steps_100 - INFO - Batch:[5] Adversarial images for this batch already exist
2025-08-06 09:04:57,789 - ADV_Generation_eps_4.0_steps_100 - INFO - Batch 6/209: Clean accuracy 0.6667 | Adv accuracy: 0.0000 
2025-08-06 09:04:57,803 - ADV_Generation_eps_4.0_steps_100 - INFO - Batch:[6] Adversarial images for this batch already exist
2025-08-06 09:04:58,479 - ADV_Generation_eps_4.0_steps_100 - INFO - Batch 7/209: Clean accuracy 0.5982 | Adv accuracy: 0.0000 
2025-08-06 09:04:58,490 - ADV_Generation_eps_4.0_steps_100 - INFO - Batch:[7] Adversarial images for this batch already exist
2025-08-06 09:04:59,132 - ADV_Generation_eps_4.0_steps_100 - INFO - Batch 8/209: Clean accuracy 0.5234 | Adv accuracy: 0.0000 
2025-08-06 09:04:59,143 - ADV_Generation_eps_4.0_steps_100 - INFO - Batch:[8] Adversarial images for this batch already exist
2025-08-06 09:04:59,834 - ADV_Generation_eps_4.0_steps_100 - INFO - Batch 9/209: Clean accuracy 0.4792 | Adv accuracy: 0.0000 
2025-08-06 09:04:59,844 - ADV_Generation_eps_4.0_steps_100 - INFO - Batch:[9] Adversarial images for this batch already exist
2025-08-06 09:05:00,506 - ADV_Generation_eps_4.0_steps_100 - INFO - Batch 10/209: Clean accuracy 0.4437 | Adv accuracy: 0.0000 
2025-08-06 09:05:00,517 - ADV_Generation_eps_4.0_steps_100 - INFO - Batch:[10] Adversarial images for this batch already exist
2025-08-06 09:05:01,232 - ADV_Generation_eps_4.0_steps_100 - INFO - Batch 11/209: Clean accuracy 0.4034 | Adv accuracy: 0.0000 
2025-08-06 09:05:01,242 - ADV_Generation_eps_4.0_steps_100 - INFO - Batch:[11] Adversarial images for this batch already exist
2025-08-06 09:05:01,938 - ADV_Generation_eps_4.0_steps_100 - INFO - Batch 12/209: Clean accuracy 0.3698 | Adv accuracy: 0.0000 
2025-08-06 09:05:01,948 - ADV_Generation_eps_4.0_steps_100 - INFO - Batch:[12] Adversarial images for this batch already exist
2025-08-06 09:05:02,680 - ADV_Generation_eps_4.0_steps_100 - INFO - Batch 13/209: Clean accuracy 0.3413 | Adv accuracy: 0.0000 
2025-08-06 09:05:02,692 - ADV_Generation_eps_4.0_steps_100 - INFO - Batch:[13] Adversarial images for this batch already exist
2025-08-06 09:05:03,470 - ADV_Generation_eps_4.0_steps_100 - INFO - Batch 14/209: Clean accuracy 0.3170 | Adv accuracy: 0.0000 
2025-08-06 09:05:03,481 - ADV_Generation_eps_4.0_steps_100 - INFO - Batch:[14] Adversarial images for this batch already exist
2025-08-06 09:05:04,171 - ADV_Generation_eps_4.0_steps_100 - INFO - Batch 15/209: Clean accuracy 0.2958 | Adv accuracy: 0.0000 
2025-08-06 09:05:04,181 - ADV_Generation_eps_4.0_steps_100 - INFO - Batch:[15] Adversarial images for this batch already exist
2025-08-06 09:05:04,951 - ADV_Generation_eps_4.0_steps_100 - INFO - Batch 16/209: Clean accuracy 0.2773 | Adv accuracy: 0.0000 
2025-08-06 09:05:04,962 - ADV_Generation_eps_4.0_steps_100 - INFO - Batch:[16] Adversarial images for this batch already exist
2025-08-06 09:05:05,595 - ADV_Generation_eps_4.0_steps_100 - INFO - Batch 17/209: Clean accuracy 0.2647 | Adv accuracy: 0.0000 
2025-08-06 09:05:05,608 - ADV_Generation_eps_4.0_steps_100 - INFO - Batch:[17] Adversarial images for this batch already exist
2025-08-06 09:05:06,466 - ADV_Generation_eps_4.0_steps_100 - INFO - Batch 18/209: Clean accuracy 0.2674 | Adv accuracy: 0.0000 
2025-08-06 09:05:06,476 - ADV_Generation_eps_4.0_steps_100 - INFO - Batch:[18] Adversarial images for this batch already exist
2025-08-06 09:05:07,271 - ADV_Generation_eps_4.0_steps_100 - INFO - Batch 19/209: Clean accuracy 0.2697 | Adv accuracy: 0.0000 
2025-08-06 09:05:07,286 - ADV_Generation_eps_4.0_steps_100 - INFO - Batch:[19] Adversarial images for this batch already exist
2025-08-06 09:05:07,993 - ADV_Generation_eps_4.0_steps_100 - INFO - Batch 20/209: Clean accuracy 0.2625 | Adv accuracy: 0.0000 
2025-08-06 09:05:08,004 - ADV_Generation_eps_4.0_steps_100 - INFO - Batch:[20] Adversarial images for this batch already exist
2025-08-06 09:05:08,781 - ADV_Generation_eps_4.0_steps_100 - INFO - Batch 21/209: Clean accuracy 0.2530 | Adv accuracy: 0.0000 
2025-08-06 09:05:08,792 - ADV_Generation_eps_4.0_steps_100 - INFO - Batch:[21] Adversarial images for this batch already exist
2025-08-06 09:05:09,488 - ADV_Generation_eps_4.0_steps_100 - INFO - Batch 22/209: Clean accuracy 0.2784 | Adv accuracy: 0.0000 
2025-08-06 09:05:09,498 - ADV_Generation_eps_4.0_steps_100 - INFO - Batch:[22] Adversarial images for this batch already exist
2025-08-06 09:05:10,275 - ADV_Generation_eps_4.0_steps_100 - INFO - Batch 23/209: Clean accuracy 0.2853 | Adv accuracy: 0.0000 
2025-08-06 09:05:10,288 - ADV_Generation_eps_4.0_steps_100 - INFO - Batch:[23] Adversarial images for this batch already exist
2025-08-06 09:05:10,974 - ADV_Generation_eps_4.0_steps_100 - INFO - Batch 24/209: Clean accuracy 0.2891 | Adv accuracy: 0.0000 
2025-08-06 09:05:10,985 - ADV_Generation_eps_4.0_steps_100 - INFO - Batch:[24] Adversarial images for this batch already exist
2025-08-06 09:05:11,668 - ADV_Generation_eps_4.0_steps_100 - INFO - Batch 25/209: Clean accuracy 0.2775 | Adv accuracy: 0.0000 
2025-08-06 09:05:11,678 - ADV_Generation_eps_4.0_steps_100 - INFO - Batch:[25] Adversarial images for this batch already exist
2025-08-06 09:05:12,360 - ADV_Generation_eps_4.0_steps_100 - INFO - Batch 26/209: Clean accuracy 0.2716 | Adv accuracy: 0.0000 
2025-08-06 09:05:12,371 - ADV_Generation_eps_4.0_steps_100 - INFO - Batch:[26] Adversarial images for this batch already exist
2025-08-06 09:05:13,053 - ADV_Generation_eps_4.0_steps_100 - INFO - Batch 27/209: Clean accuracy 0.2639 | Adv accuracy: 0.0000 
2025-08-06 09:05:13,066 - ADV_Generation_eps_4.0_steps_100 - INFO - Batch:[27] Adversarial images for this batch already exist
2025-08-06 09:05:13,772 - ADV_Generation_eps_4.0_steps_100 - INFO - Batch 28/209: Clean accuracy 0.2567 | Adv accuracy: 0.0000 
2025-08-06 09:05:13,783 - ADV_Generation_eps_4.0_steps_100 - INFO - Batch:[28] Adversarial images for this batch already exist
2025-08-06 09:05:14,528 - ADV_Generation_eps_4.0_steps_100 - INFO - Batch 29/209: Clean accuracy 0.2522 | Adv accuracy: 0.0000 
2025-08-06 09:05:14,538 - ADV_Generation_eps_4.0_steps_100 - INFO - Batch:[29] Adversarial images for this batch already exist
2025-08-06 09:05:15,228 - ADV_Generation_eps_4.0_steps_100 - INFO - Batch 30/209: Clean accuracy 0.2562 | Adv accuracy: 0.0000 
2025-08-06 09:05:15,239 - ADV_Generation_eps_4.0_steps_100 - INFO - Batch:[30] Adversarial images for this batch already exist
2025-08-06 09:05:15,898 - ADV_Generation_eps_4.0_steps_100 - INFO - Batch 31/209: Clean accuracy 0.2601 | Adv accuracy: 0.0000 
2025-08-06 09:05:15,908 - ADV_Generation_eps_4.0_steps_100 - INFO - Batch:[31] Adversarial images for this batch already exist
2025-08-06 09:05:16,591 - ADV_Generation_eps_4.0_steps_100 - INFO - Batch 32/209: Clean accuracy 0.2773 | Adv accuracy: 0.0000 
2025-08-06 09:05:16,602 - ADV_Generation_eps_4.0_steps_100 - INFO - Batch:[32] Adversarial images for this batch already exist
2025-08-06 09:05:17,354 - ADV_Generation_eps_4.0_steps_100 - INFO - Batch 33/209: Clean accuracy 0.2803 | Adv accuracy: 0.0000 
2025-08-06 09:05:17,364 - ADV_Generation_eps_4.0_steps_100 - INFO - Batch:[33] Adversarial images for this batch already exist
2025-08-06 09:05:18,089 - ADV_Generation_eps_4.0_steps_100 - INFO - Batch 34/209: Clean accuracy 0.2868 | Adv accuracy: 0.0000 
2025-08-06 09:05:18,102 - ADV_Generation_eps_4.0_steps_100 - INFO - Batch:[34] Adversarial images for this batch already exist
2025-08-06 09:05:18,787 - ADV_Generation_eps_4.0_steps_100 - INFO - Batch 35/209: Clean accuracy 0.2929 | Adv accuracy: 0.0000 
2025-08-06 09:05:18,797 - ADV_Generation_eps_4.0_steps_100 - INFO - Batch:[35] Adversarial images for this batch already exist
2025-08-06 09:05:19,523 - ADV_Generation_eps_4.0_steps_100 - INFO - Batch 36/209: Clean accuracy 0.2969 | Adv accuracy: 0.0000 
2025-08-06 09:05:19,533 - ADV_Generation_eps_4.0_steps_100 - INFO - Batch:[36] Adversarial images for this batch already exist
2025-08-06 09:05:20,182 - ADV_Generation_eps_4.0_steps_100 - INFO - Batch 37/209: Clean accuracy 0.3007 | Adv accuracy: 0.0000 
2025-08-06 09:05:20,192 - ADV_Generation_eps_4.0_steps_100 - INFO - Batch:[37] Adversarial images for this batch already exist
2025-08-06 09:05:20,856 - ADV_Generation_eps_4.0_steps_100 - INFO - Batch 38/209: Clean accuracy 0.2961 | Adv accuracy: 0.0000 
2025-08-06 09:05:20,872 - ADV_Generation_eps_4.0_steps_100 - INFO - Batch:[38] Adversarial images for this batch already exist
2025-08-06 09:05:21,573 - ADV_Generation_eps_4.0_steps_100 - INFO - Batch 39/209: Clean accuracy 0.2885 | Adv accuracy: 0.0000 
2025-08-06 09:05:21,583 - ADV_Generation_eps_4.0_steps_100 - INFO - Batch:[39] Adversarial images for this batch already exist
2025-08-06 09:05:22,353 - ADV_Generation_eps_4.0_steps_100 - INFO - Batch 40/209: Clean accuracy 0.2891 | Adv accuracy: 0.0000 
2025-08-06 09:05:22,364 - ADV_Generation_eps_4.0_steps_100 - INFO - Batch:[40] Adversarial images for this batch already exist
2025-08-06 09:05:23,193 - ADV_Generation_eps_4.0_steps_100 - INFO - Batch 41/209: Clean accuracy 0.2942 | Adv accuracy: 0.0000 
2025-08-06 09:05:23,210 - ADV_Generation_eps_4.0_steps_100 - INFO - Batch:[41] Adversarial images for this batch already exist
2025-08-06 09:05:23,854 - ADV_Generation_eps_4.0_steps_100 - INFO - Batch 42/209: Clean accuracy 0.3006 | Adv accuracy: 0.0000 
2025-08-06 09:05:23,865 - ADV_Generation_eps_4.0_steps_100 - INFO - Batch:[42] Adversarial images for this batch already exist
2025-08-06 09:05:24,634 - ADV_Generation_eps_4.0_steps_100 - INFO - Batch 43/209: Clean accuracy 0.3081 | Adv accuracy: 0.0000 
2025-08-06 09:05:24,646 - ADV_Generation_eps_4.0_steps_100 - INFO - Batch:[43] Adversarial images for this batch already exist
2025-08-06 09:05:25,371 - ADV_Generation_eps_4.0_steps_100 - INFO - Batch 44/209: Clean accuracy 0.3139 | Adv accuracy: 0.0000 
2025-08-06 09:05:25,381 - ADV_Generation_eps_4.0_steps_100 - INFO - Batch:[44] Adversarial images for this batch already exist
2025-08-06 09:05:26,033 - ADV_Generation_eps_4.0_steps_100 - INFO - Batch 45/209: Clean accuracy 0.3194 | Adv accuracy: 0.0000 
2025-08-06 09:05:26,045 - ADV_Generation_eps_4.0_steps_100 - INFO - Batch:[45] Adversarial images for this batch already exist
2025-08-06 09:05:26,864 - ADV_Generation_eps_4.0_steps_100 - INFO - Batch 46/209: Clean accuracy 0.3234 | Adv accuracy: 0.0000 
2025-08-06 09:05:26,874 - ADV_Generation_eps_4.0_steps_100 - INFO - Batch:[46] Adversarial images for this batch already exist
2025-08-06 09:05:27,608 - ADV_Generation_eps_4.0_steps_100 - INFO - Batch 47/209: Clean accuracy 0.3231 | Adv accuracy: 0.0000 
2025-08-06 09:05:27,620 - ADV_Generation_eps_4.0_steps_100 - INFO - Batch:[47] Adversarial images for this batch already exist
2025-08-06 09:05:28,277 - ADV_Generation_eps_4.0_steps_100 - INFO - Batch 48/209: Clean accuracy 0.3255 | Adv accuracy: 0.0000 
2025-08-06 09:05:28,287 - ADV_Generation_eps_4.0_steps_100 - INFO - Batch:[48] Adversarial images for this batch already exist
2025-08-06 09:05:29,007 - ADV_Generation_eps_4.0_steps_100 - INFO - Batch 49/209: Clean accuracy 0.3355 | Adv accuracy: 0.0000 
2025-08-06 09:05:29,018 - ADV_Generation_eps_4.0_steps_100 - INFO - Batch:[49] Adversarial images for this batch already exist
2025-08-06 09:05:29,684 - ADV_Generation_eps_4.0_steps_100 - INFO - Batch 50/209: Clean accuracy 0.3400 | Adv accuracy: 0.0000 
2025-08-06 09:05:29,704 - ADV_Generation_eps_4.0_steps_100 - INFO - Batch:[50] Adversarial images for this batch already exist
2025-08-06 09:05:30,452 - ADV_Generation_eps_4.0_steps_100 - INFO - Batch 51/209: Clean accuracy 0.3382 | Adv accuracy: 0.0000 
2025-08-06 09:05:30,462 - ADV_Generation_eps_4.0_steps_100 - INFO - Batch:[51] Adversarial images for this batch already exist
2025-08-06 09:05:31,090 - ADV_Generation_eps_4.0_steps_100 - INFO - Batch 52/209: Clean accuracy 0.3389 | Adv accuracy: 0.0000 
2025-08-06 09:05:31,101 - ADV_Generation_eps_4.0_steps_100 - INFO - Batch:[52] Adversarial images for this batch already exist
2025-08-06 09:05:31,862 - ADV_Generation_eps_4.0_steps_100 - INFO - Batch 53/209: Clean accuracy 0.3337 | Adv accuracy: 0.0000 
2025-08-06 09:05:31,872 - ADV_Generation_eps_4.0_steps_100 - INFO - Batch:[53] Adversarial images for this batch already exist
2025-08-06 09:05:32,675 - ADV_Generation_eps_4.0_steps_100 - INFO - Batch 54/209: Clean accuracy 0.3310 | Adv accuracy: 0.0000 
2025-08-06 09:05:32,686 - ADV_Generation_eps_4.0_steps_100 - INFO - Batch:[54] Adversarial images for this batch already exist
2025-08-06 09:05:33,334 - ADV_Generation_eps_4.0_steps_100 - INFO - Batch 55/209: Clean accuracy 0.3386 | Adv accuracy: 0.0000 
2025-08-06 09:05:33,345 - ADV_Generation_eps_4.0_steps_100 - INFO - Batch:[55] Adversarial images for this batch already exist
2025-08-06 09:05:34,066 - ADV_Generation_eps_4.0_steps_100 - INFO - Batch 56/209: Clean accuracy 0.3493 | Adv accuracy: 0.0000 
2025-08-06 09:05:34,076 - ADV_Generation_eps_4.0_steps_100 - INFO - Batch:[56] Adversarial images for this batch already exist
2025-08-06 09:05:34,765 - ADV_Generation_eps_4.0_steps_100 - INFO - Batch 57/209: Clean accuracy 0.3520 | Adv accuracy: 0.0000 
2025-08-06 09:05:34,775 - ADV_Generation_eps_4.0_steps_100 - INFO - Batch:[57] Adversarial images for this batch already exist
2025-08-06 09:05:35,466 - ADV_Generation_eps_4.0_steps_100 - INFO - Batch 58/209: Clean accuracy 0.3545 | Adv accuracy: 0.0000 
2025-08-06 09:05:35,475 - ADV_Generation_eps_4.0_steps_100 - INFO - Batch:[58] Adversarial images for this batch already exist
2025-08-06 09:05:36,119 - ADV_Generation_eps_4.0_steps_100 - INFO - Batch 59/209: Clean accuracy 0.3549 | Adv accuracy: 0.0000 
2025-08-06 09:05:36,145 - ADV_Generation_eps_4.0_steps_100 - INFO - Batch:[59] Adversarial images for this batch already exist
2025-08-06 09:05:36,877 - ADV_Generation_eps_4.0_steps_100 - INFO - Batch 60/209: Clean accuracy 0.3531 | Adv accuracy: 0.0000 
2025-08-06 09:05:36,887 - ADV_Generation_eps_4.0_steps_100 - INFO - Batch:[60] Adversarial images for this batch already exist
2025-08-06 09:05:37,653 - ADV_Generation_eps_4.0_steps_100 - INFO - Batch 61/209: Clean accuracy 0.3525 | Adv accuracy: 0.0000 
2025-08-06 09:05:37,664 - ADV_Generation_eps_4.0_steps_100 - INFO - Batch:[61] Adversarial images for this batch already exist
2025-08-06 09:05:38,384 - ADV_Generation_eps_4.0_steps_100 - INFO - Batch 62/209: Clean accuracy 0.3538 | Adv accuracy: 0.0000 
2025-08-06 09:05:38,395 - ADV_Generation_eps_4.0_steps_100 - INFO - Batch:[62] Adversarial images for this batch already exist
2025-08-06 09:05:39,045 - ADV_Generation_eps_4.0_steps_100 - INFO - Batch 63/209: Clean accuracy 0.3512 | Adv accuracy: 0.0000 
2025-08-06 09:05:39,057 - ADV_Generation_eps_4.0_steps_100 - INFO - Batch:[63] Adversarial images for this batch already exist
2025-08-06 09:05:39,702 - ADV_Generation_eps_4.0_steps_100 - INFO - Batch 64/209: Clean accuracy 0.3457 | Adv accuracy: 0.0000 
2025-08-06 09:05:39,715 - ADV_Generation_eps_4.0_steps_100 - INFO - Batch:[64] Adversarial images for this batch already exist
2025-08-06 09:05:40,406 - ADV_Generation_eps_4.0_steps_100 - INFO - Batch 65/209: Clean accuracy 0.3462 | Adv accuracy: 0.0000 
2025-08-06 09:05:40,424 - ADV_Generation_eps_4.0_steps_100 - INFO - Batch:[65] Adversarial images for this batch already exist
2025-08-06 09:05:41,091 - ADV_Generation_eps_4.0_steps_100 - INFO - Batch 66/209: Clean accuracy 0.3494 | Adv accuracy: 0.0000 
2025-08-06 09:05:41,102 - ADV_Generation_eps_4.0_steps_100 - INFO - Batch:[66] Adversarial images for this batch already exist
2025-08-06 09:05:41,782 - ADV_Generation_eps_4.0_steps_100 - INFO - Batch 67/209: Clean accuracy 0.3498 | Adv accuracy: 0.0000 
2025-08-06 09:05:41,793 - ADV_Generation_eps_4.0_steps_100 - INFO - Batch:[67] Adversarial images for this batch already exist
2025-08-06 09:05:42,471 - ADV_Generation_eps_4.0_steps_100 - INFO - Batch 68/209: Clean accuracy 0.3548 | Adv accuracy: 0.0000 
2025-08-06 09:05:42,482 - ADV_Generation_eps_4.0_steps_100 - INFO - Batch:[68] Adversarial images for this batch already exist
2025-08-06 09:05:43,272 - ADV_Generation_eps_4.0_steps_100 - INFO - Batch 69/209: Clean accuracy 0.3605 | Adv accuracy: 0.0000 
2025-08-06 09:05:43,282 - ADV_Generation_eps_4.0_steps_100 - INFO - Batch:[69] Adversarial images for this batch already exist
2025-08-06 09:05:44,006 - ADV_Generation_eps_4.0_steps_100 - INFO - Batch 70/209: Clean accuracy 0.3679 | Adv accuracy: 0.0000 
2025-08-06 09:05:44,018 - ADV_Generation_eps_4.0_steps_100 - INFO - Batch:[70] Adversarial images for this batch already exist
2025-08-06 09:05:44,735 - ADV_Generation_eps_4.0_steps_100 - INFO - Batch 71/209: Clean accuracy 0.3706 | Adv accuracy: 0.0000 
2025-08-06 09:05:44,746 - ADV_Generation_eps_4.0_steps_100 - INFO - Batch:[71] Adversarial images for this batch already exist
2025-08-06 09:05:45,506 - ADV_Generation_eps_4.0_steps_100 - INFO - Batch 72/209: Clean accuracy 0.3741 | Adv accuracy: 0.0000 
2025-08-06 09:05:45,517 - ADV_Generation_eps_4.0_steps_100 - INFO - Batch:[72] Adversarial images for this batch already exist
2025-08-06 09:05:46,217 - ADV_Generation_eps_4.0_steps_100 - INFO - Batch 73/209: Clean accuracy 0.3784 | Adv accuracy: 0.0000 
2025-08-06 09:05:46,236 - ADV_Generation_eps_4.0_steps_100 - INFO - Batch:[73] Adversarial images for this batch already exist
2025-08-06 09:05:47,174 - ADV_Generation_eps_4.0_steps_100 - INFO - Batch 74/209: Clean accuracy 0.3851 | Adv accuracy: 0.0000 
2025-08-06 09:05:47,186 - ADV_Generation_eps_4.0_steps_100 - INFO - Batch:[74] Adversarial images for this batch already exist
2025-08-06 09:05:47,868 - ADV_Generation_eps_4.0_steps_100 - INFO - Batch 75/209: Clean accuracy 0.3908 | Adv accuracy: 0.0000 
2025-08-06 09:05:47,907 - ADV_Generation_eps_4.0_steps_100 - INFO - Batch:[75] Adversarial images for this batch already exist
2025-08-06 09:05:48,629 - ADV_Generation_eps_4.0_steps_100 - INFO - Batch 76/209: Clean accuracy 0.3890 | Adv accuracy: 0.0000 
2025-08-06 09:05:48,640 - ADV_Generation_eps_4.0_steps_100 - INFO - Batch:[76] Adversarial images for this batch already exist
2025-08-06 09:05:49,288 - ADV_Generation_eps_4.0_steps_100 - INFO - Batch 77/209: Clean accuracy 0.3904 | Adv accuracy: 0.0000 
2025-08-06 09:05:49,300 - ADV_Generation_eps_4.0_steps_100 - INFO - Batch:[77] Adversarial images for this batch already exist
2025-08-06 09:05:50,028 - ADV_Generation_eps_4.0_steps_100 - INFO - Batch 78/209: Clean accuracy 0.3870 | Adv accuracy: 0.0000 
2025-08-06 09:05:50,038 - ADV_Generation_eps_4.0_steps_100 - INFO - Batch:[78] Adversarial images for this batch already exist
2025-08-06 09:05:50,734 - ADV_Generation_eps_4.0_steps_100 - INFO - Batch 79/209: Clean accuracy 0.3837 | Adv accuracy: 0.0000 
2025-08-06 09:05:50,744 - ADV_Generation_eps_4.0_steps_100 - INFO - Batch:[79] Adversarial images for this batch already exist
2025-08-06 09:05:51,425 - ADV_Generation_eps_4.0_steps_100 - INFO - Batch 80/209: Clean accuracy 0.3836 | Adv accuracy: 0.0000 
2025-08-06 09:05:51,437 - ADV_Generation_eps_4.0_steps_100 - INFO - Batch:[80] Adversarial images for this batch already exist
2025-08-06 09:05:52,109 - ADV_Generation_eps_4.0_steps_100 - INFO - Batch 81/209: Clean accuracy 0.3858 | Adv accuracy: 0.0000 
2025-08-06 09:05:52,122 - ADV_Generation_eps_4.0_steps_100 - INFO - Batch:[81] Adversarial images for this batch already exist
2025-08-06 09:05:52,832 - ADV_Generation_eps_4.0_steps_100 - INFO - Batch 82/209: Clean accuracy 0.3872 | Adv accuracy: 0.0000 
2025-08-06 09:05:52,843 - ADV_Generation_eps_4.0_steps_100 - INFO - Batch:[82] Adversarial images for this batch already exist
2025-08-06 09:05:53,570 - ADV_Generation_eps_4.0_steps_100 - INFO - Batch 83/209: Clean accuracy 0.3855 | Adv accuracy: 0.0000 
2025-08-06 09:05:53,580 - ADV_Generation_eps_4.0_steps_100 - INFO - Batch:[83] Adversarial images for this batch already exist
2025-08-06 09:05:54,224 - ADV_Generation_eps_4.0_steps_100 - INFO - Batch 84/209: Clean accuracy 0.3862 | Adv accuracy: 0.0000 
2025-08-06 09:05:54,234 - ADV_Generation_eps_4.0_steps_100 - INFO - Batch:[84] Adversarial images for this batch already exist
2025-08-06 09:05:54,916 - ADV_Generation_eps_4.0_steps_100 - INFO - Batch 85/209: Clean accuracy 0.3904 | Adv accuracy: 0.0000 
2025-08-06 09:05:54,936 - ADV_Generation_eps_4.0_steps_100 - INFO - Batch:[85] Adversarial images for this batch already exist
2025-08-06 09:05:55,674 - ADV_Generation_eps_4.0_steps_100 - INFO - Batch 86/209: Clean accuracy 0.3895 | Adv accuracy: 0.0000 
2025-08-06 09:05:55,684 - ADV_Generation_eps_4.0_steps_100 - INFO - Batch:[86] Adversarial images for this batch already exist
2025-08-06 09:05:56,403 - ADV_Generation_eps_4.0_steps_100 - INFO - Batch 87/209: Clean accuracy 0.3879 | Adv accuracy: 0.0000 
2025-08-06 09:05:56,414 - ADV_Generation_eps_4.0_steps_100 - INFO - Batch:[87] Adversarial images for this batch already exist
2025-08-06 09:05:57,119 - ADV_Generation_eps_4.0_steps_100 - INFO - Batch 88/209: Clean accuracy 0.3899 | Adv accuracy: 0.0000 
2025-08-06 09:05:57,134 - ADV_Generation_eps_4.0_steps_100 - INFO - Batch:[88] Adversarial images for this batch already exist
2025-08-06 09:05:57,819 - ADV_Generation_eps_4.0_steps_100 - INFO - Batch 89/209: Clean accuracy 0.3954 | Adv accuracy: 0.0000 
2025-08-06 09:05:57,830 - ADV_Generation_eps_4.0_steps_100 - INFO - Batch:[89] Adversarial images for this batch already exist
2025-08-06 09:05:58,547 - ADV_Generation_eps_4.0_steps_100 - INFO - Batch 90/209: Clean accuracy 0.3965 | Adv accuracy: 0.0000 
2025-08-06 09:05:58,557 - ADV_Generation_eps_4.0_steps_100 - INFO - Batch:[90] Adversarial images for this batch already exist
2025-08-06 09:05:59,166 - ADV_Generation_eps_4.0_steps_100 - INFO - Batch 91/209: Clean accuracy 0.3935 | Adv accuracy: 0.0000 
2025-08-06 09:05:59,176 - ADV_Generation_eps_4.0_steps_100 - INFO - Batch:[91] Adversarial images for this batch already exist
2025-08-06 09:05:59,811 - ADV_Generation_eps_4.0_steps_100 - INFO - Batch 92/209: Clean accuracy 0.3913 | Adv accuracy: 0.0000 
2025-08-06 09:05:59,821 - ADV_Generation_eps_4.0_steps_100 - INFO - Batch:[92] Adversarial images for this batch already exist
2025-08-06 09:06:00,524 - ADV_Generation_eps_4.0_steps_100 - INFO - Batch 93/209: Clean accuracy 0.3911 | Adv accuracy: 0.0000 
2025-08-06 09:06:00,535 - ADV_Generation_eps_4.0_steps_100 - INFO - Batch:[93] Adversarial images for this batch already exist
2025-08-06 09:06:01,259 - ADV_Generation_eps_4.0_steps_100 - INFO - Batch 94/209: Clean accuracy 0.3930 | Adv accuracy: 0.0000 
2025-08-06 09:06:01,269 - ADV_Generation_eps_4.0_steps_100 - INFO - Batch:[94] Adversarial images for this batch already exist
2025-08-06 09:06:01,976 - ADV_Generation_eps_4.0_steps_100 - INFO - Batch 95/209: Clean accuracy 0.3901 | Adv accuracy: 0.0000 
2025-08-06 09:06:01,986 - ADV_Generation_eps_4.0_steps_100 - INFO - Batch:[95] Adversarial images for this batch already exist
2025-08-06 09:06:02,650 - ADV_Generation_eps_4.0_steps_100 - INFO - Batch 96/209: Clean accuracy 0.3874 | Adv accuracy: 0.0000 
2025-08-06 09:06:02,668 - ADV_Generation_eps_4.0_steps_100 - INFO - Batch:[96] Adversarial images for this batch already exist
2025-08-06 09:06:03,468 - ADV_Generation_eps_4.0_steps_100 - INFO - Batch 97/209: Clean accuracy 0.3847 | Adv accuracy: 0.0000 
2025-08-06 09:06:03,483 - ADV_Generation_eps_4.0_steps_100 - INFO - Batch:[97] Adversarial images for this batch already exist
2025-08-06 09:06:04,222 - ADV_Generation_eps_4.0_steps_100 - INFO - Batch 98/209: Clean accuracy 0.3820 | Adv accuracy: 0.0000 
2025-08-06 09:06:04,232 - ADV_Generation_eps_4.0_steps_100 - INFO - Batch:[98] Adversarial images for this batch already exist
2025-08-06 09:06:04,861 - ADV_Generation_eps_4.0_steps_100 - INFO - Batch 99/209: Clean accuracy 0.3883 | Adv accuracy: 0.0000 
2025-08-06 09:06:04,872 - ADV_Generation_eps_4.0_steps_100 - INFO - Batch:[99] Adversarial images for this batch already exist
2025-08-06 09:06:05,574 - ADV_Generation_eps_4.0_steps_100 - INFO - Batch 100/209: Clean accuracy 0.3944 | Adv accuracy: 0.0000 
2025-08-06 09:06:05,585 - ADV_Generation_eps_4.0_steps_100 - INFO - Batch:[100] Adversarial images for this batch already exist
2025-08-06 09:06:06,219 - ADV_Generation_eps_4.0_steps_100 - INFO - Batch 101/209: Clean accuracy 0.3998 | Adv accuracy: 0.0000 
2025-08-06 09:06:06,230 - ADV_Generation_eps_4.0_steps_100 - INFO - Batch:[101] Adversarial images for this batch already exist
2025-08-06 09:06:06,889 - ADV_Generation_eps_4.0_steps_100 - INFO - Batch 102/209: Clean accuracy 0.4032 | Adv accuracy: 0.0000 
2025-08-06 09:06:06,900 - ADV_Generation_eps_4.0_steps_100 - INFO - Batch:[102] Adversarial images for this batch already exist
2025-08-06 09:06:07,633 - ADV_Generation_eps_4.0_steps_100 - INFO - Batch 103/209: Clean accuracy 0.4059 | Adv accuracy: 0.0000 
2025-08-06 09:06:07,643 - ADV_Generation_eps_4.0_steps_100 - INFO - Batch:[103] Adversarial images for this batch already exist
2025-08-06 09:06:08,385 - ADV_Generation_eps_4.0_steps_100 - INFO - Batch 104/209: Clean accuracy 0.4093 | Adv accuracy: 0.0000 
2025-08-06 09:06:08,396 - ADV_Generation_eps_4.0_steps_100 - INFO - Batch:[104] Adversarial images for this batch already exist
2025-08-06 09:06:09,079 - ADV_Generation_eps_4.0_steps_100 - INFO - Batch 105/209: Clean accuracy 0.4119 | Adv accuracy: 0.0000 
2025-08-06 09:06:09,091 - ADV_Generation_eps_4.0_steps_100 - INFO - Batch:[105] Adversarial images for this batch already exist
2025-08-06 09:06:09,942 - ADV_Generation_eps_4.0_steps_100 - INFO - Batch 106/209: Clean accuracy 0.4145 | Adv accuracy: 0.0000 
2025-08-06 09:06:09,952 - ADV_Generation_eps_4.0_steps_100 - INFO - Batch:[106] Adversarial images for this batch already exist
2025-08-06 09:06:10,620 - ADV_Generation_eps_4.0_steps_100 - INFO - Batch 107/209: Clean accuracy 0.4182 | Adv accuracy: 0.0000 
2025-08-06 09:06:10,631 - ADV_Generation_eps_4.0_steps_100 - INFO - Batch:[107] Adversarial images for this batch already exist
2025-08-06 09:06:11,301 - ADV_Generation_eps_4.0_steps_100 - INFO - Batch 108/209: Clean accuracy 0.4219 | Adv accuracy: 0.0000 
2025-08-06 09:06:11,312 - ADV_Generation_eps_4.0_steps_100 - INFO - Batch:[108] Adversarial images for this batch already exist
2025-08-06 09:06:11,998 - ADV_Generation_eps_4.0_steps_100 - INFO - Batch 109/209: Clean accuracy 0.4209 | Adv accuracy: 0.0000 
2025-08-06 09:06:12,009 - ADV_Generation_eps_4.0_steps_100 - INFO - Batch:[109] Adversarial images for this batch already exist
2025-08-06 09:06:12,790 - ADV_Generation_eps_4.0_steps_100 - INFO - Batch 110/209: Clean accuracy 0.4176 | Adv accuracy: 0.0000 
2025-08-06 09:06:12,817 - ADV_Generation_eps_4.0_steps_100 - INFO - Batch:[110] Adversarial images for this batch already exist
2025-08-06 09:06:13,561 - ADV_Generation_eps_4.0_steps_100 - INFO - Batch 111/209: Clean accuracy 0.4172 | Adv accuracy: 0.0000 
2025-08-06 09:06:13,573 - ADV_Generation_eps_4.0_steps_100 - INFO - Batch:[111] Adversarial images for this batch already exist
2025-08-06 09:06:14,248 - ADV_Generation_eps_4.0_steps_100 - INFO - Batch 112/209: Clean accuracy 0.4213 | Adv accuracy: 0.0000 
2025-08-06 09:06:14,260 - ADV_Generation_eps_4.0_steps_100 - INFO - Batch:[112] Adversarial images for this batch already exist
2025-08-06 09:06:14,946 - ADV_Generation_eps_4.0_steps_100 - INFO - Batch 113/209: Clean accuracy 0.4237 | Adv accuracy: 0.0000 
2025-08-06 09:06:14,956 - ADV_Generation_eps_4.0_steps_100 - INFO - Batch:[113] Adversarial images for this batch already exist
2025-08-06 09:06:16,395 - ADV_Generation_eps_4.0_steps_100 - INFO - Batch 114/209: Clean accuracy 0.4249 | Adv accuracy: 0.0000 
2025-08-06 09:06:16,406 - ADV_Generation_eps_4.0_steps_100 - INFO - Batch:[114] Adversarial images for this batch already exist
2025-08-06 09:06:17,070 - ADV_Generation_eps_4.0_steps_100 - INFO - Batch 115/209: Clean accuracy 0.4272 | Adv accuracy: 0.0000 
2025-08-06 09:06:17,081 - ADV_Generation_eps_4.0_steps_100 - INFO - Batch:[115] Adversarial images for this batch already exist
2025-08-06 09:06:17,756 - ADV_Generation_eps_4.0_steps_100 - INFO - Batch 116/209: Clean accuracy 0.4273 | Adv accuracy: 0.0000 
2025-08-06 09:06:17,766 - ADV_Generation_eps_4.0_steps_100 - INFO - Batch:[116] Adversarial images for this batch already exist
2025-08-06 09:06:18,519 - ADV_Generation_eps_4.0_steps_100 - INFO - Batch 117/209: Clean accuracy 0.4279 | Adv accuracy: 0.0000 
2025-08-06 09:06:18,546 - ADV_Generation_eps_4.0_steps_100 - INFO - Batch:[117] Adversarial images for this batch already exist
2025-08-06 09:06:19,269 - ADV_Generation_eps_4.0_steps_100 - INFO - Batch 118/209: Clean accuracy 0.4296 | Adv accuracy: 0.0000 
2025-08-06 09:06:19,280 - ADV_Generation_eps_4.0_steps_100 - INFO - Batch:[118] Adversarial images for this batch already exist
2025-08-06 09:06:20,090 - ADV_Generation_eps_4.0_steps_100 - INFO - Batch 119/209: Clean accuracy 0.4296 | Adv accuracy: 0.0000 
2025-08-06 09:06:20,101 - ADV_Generation_eps_4.0_steps_100 - INFO - Batch:[119] Adversarial images for this batch already exist
2025-08-06 09:06:20,804 - ADV_Generation_eps_4.0_steps_100 - INFO - Batch 120/209: Clean accuracy 0.4333 | Adv accuracy: 0.0000 
2025-08-06 09:06:20,827 - ADV_Generation_eps_4.0_steps_100 - INFO - Batch:[120] Adversarial images for this batch already exist
2025-08-06 09:06:21,921 - ADV_Generation_eps_4.0_steps_100 - INFO - Batch 121/209: Clean accuracy 0.4344 | Adv accuracy: 0.0000 
2025-08-06 09:06:21,933 - ADV_Generation_eps_4.0_steps_100 - INFO - Batch:[121] Adversarial images for this batch already exist
2025-08-06 09:06:22,624 - ADV_Generation_eps_4.0_steps_100 - INFO - Batch 122/209: Clean accuracy 0.4308 | Adv accuracy: 0.0000 
2025-08-06 09:06:22,634 - ADV_Generation_eps_4.0_steps_100 - INFO - Batch:[122] Adversarial images for this batch already exist
2025-08-06 09:06:23,380 - ADV_Generation_eps_4.0_steps_100 - INFO - Batch 123/209: Clean accuracy 0.4273 | Adv accuracy: 0.0000 
2025-08-06 09:06:23,391 - ADV_Generation_eps_4.0_steps_100 - INFO - Batch:[123] Adversarial images for this batch already exist
2025-08-06 09:06:24,249 - ADV_Generation_eps_4.0_steps_100 - INFO - Batch 124/209: Clean accuracy 0.4264 | Adv accuracy: 0.0000 
2025-08-06 09:06:24,260 - ADV_Generation_eps_4.0_steps_100 - INFO - Batch:[124] Adversarial images for this batch already exist
2025-08-06 09:06:24,967 - ADV_Generation_eps_4.0_steps_100 - INFO - Batch 125/209: Clean accuracy 0.4270 | Adv accuracy: 0.0000 
2025-08-06 09:06:24,978 - ADV_Generation_eps_4.0_steps_100 - INFO - Batch:[125] Adversarial images for this batch already exist
2025-08-06 09:06:25,634 - ADV_Generation_eps_4.0_steps_100 - INFO - Batch 126/209: Clean accuracy 0.4246 | Adv accuracy: 0.0000 
2025-08-06 09:06:25,644 - ADV_Generation_eps_4.0_steps_100 - INFO - Batch:[126] Adversarial images for this batch already exist
2025-08-06 09:06:26,299 - ADV_Generation_eps_4.0_steps_100 - INFO - Batch 127/209: Clean accuracy 0.4222 | Adv accuracy: 0.0000 
2025-08-06 09:06:26,310 - ADV_Generation_eps_4.0_steps_100 - INFO - Batch:[127] Adversarial images for this batch already exist
2025-08-06 09:06:26,994 - ADV_Generation_eps_4.0_steps_100 - INFO - Batch 128/209: Clean accuracy 0.4229 | Adv accuracy: 0.0000 
2025-08-06 09:06:27,009 - ADV_Generation_eps_4.0_steps_100 - INFO - Batch:[128] Adversarial images for this batch already exist
2025-08-06 09:06:27,709 - ADV_Generation_eps_4.0_steps_100 - INFO - Batch 129/209: Clean accuracy 0.4234 | Adv accuracy: 0.0000 
2025-08-06 09:06:27,720 - ADV_Generation_eps_4.0_steps_100 - INFO - Batch:[129] Adversarial images for this batch already exist
2025-08-06 09:06:28,429 - ADV_Generation_eps_4.0_steps_100 - INFO - Batch 130/209: Clean accuracy 0.4212 | Adv accuracy: 0.0000 
2025-08-06 09:06:28,440 - ADV_Generation_eps_4.0_steps_100 - INFO - Batch:[130] Adversarial images for this batch already exist
2025-08-06 09:06:29,101 - ADV_Generation_eps_4.0_steps_100 - INFO - Batch 131/209: Clean accuracy 0.4179 | Adv accuracy: 0.0000 
2025-08-06 09:06:29,110 - ADV_Generation_eps_4.0_steps_100 - INFO - Batch:[131] Adversarial images for this batch already exist
2025-08-06 09:06:29,817 - ADV_Generation_eps_4.0_steps_100 - INFO - Batch 132/209: Clean accuracy 0.4176 | Adv accuracy: 0.0000 
2025-08-06 09:06:29,827 - ADV_Generation_eps_4.0_steps_100 - INFO - Batch:[132] Adversarial images for this batch already exist
2025-08-06 09:06:30,546 - ADV_Generation_eps_4.0_steps_100 - INFO - Batch 133/209: Clean accuracy 0.4164 | Adv accuracy: 0.0000 
2025-08-06 09:06:30,556 - ADV_Generation_eps_4.0_steps_100 - INFO - Batch:[133] Adversarial images for this batch already exist
2025-08-06 09:06:31,204 - ADV_Generation_eps_4.0_steps_100 - INFO - Batch 134/209: Clean accuracy 0.4156 | Adv accuracy: 0.0000 
2025-08-06 09:06:31,214 - ADV_Generation_eps_4.0_steps_100 - INFO - Batch:[134] Adversarial images for this batch already exist
2025-08-06 09:06:31,848 - ADV_Generation_eps_4.0_steps_100 - INFO - Batch 135/209: Clean accuracy 0.4125 | Adv accuracy: 0.0000 
2025-08-06 09:06:31,858 - ADV_Generation_eps_4.0_steps_100 - INFO - Batch:[135] Adversarial images for this batch already exist
2025-08-06 09:06:32,668 - ADV_Generation_eps_4.0_steps_100 - INFO - Batch 136/209: Clean accuracy 0.4104 | Adv accuracy: 0.0000 
2025-08-06 09:06:32,678 - ADV_Generation_eps_4.0_steps_100 - INFO - Batch:[136] Adversarial images for this batch already exist
2025-08-06 09:06:33,430 - ADV_Generation_eps_4.0_steps_100 - INFO - Batch 137/209: Clean accuracy 0.4074 | Adv accuracy: 0.0000 
2025-08-06 09:06:33,442 - ADV_Generation_eps_4.0_steps_100 - INFO - Batch:[137] Adversarial images for this batch already exist
2025-08-06 09:06:34,086 - ADV_Generation_eps_4.0_steps_100 - INFO - Batch 138/209: Clean accuracy 0.4049 | Adv accuracy: 0.0000 
2025-08-06 09:06:34,096 - ADV_Generation_eps_4.0_steps_100 - INFO - Batch:[138] Adversarial images for this batch already exist
2025-08-06 09:06:34,819 - ADV_Generation_eps_4.0_steps_100 - INFO - Batch 139/209: Clean accuracy 0.4020 | Adv accuracy: 0.0000 
2025-08-06 09:06:34,829 - ADV_Generation_eps_4.0_steps_100 - INFO - Batch:[139] Adversarial images for this batch already exist
2025-08-06 09:06:35,522 - ADV_Generation_eps_4.0_steps_100 - INFO - Batch 140/209: Clean accuracy 0.4004 | Adv accuracy: 0.0000 
2025-08-06 09:06:35,539 - ADV_Generation_eps_4.0_steps_100 - INFO - Batch:[140] Adversarial images for this batch already exist
2025-08-06 09:06:36,155 - ADV_Generation_eps_4.0_steps_100 - INFO - Batch 141/209: Clean accuracy 0.3998 | Adv accuracy: 0.0000 
2025-08-06 09:06:36,182 - ADV_Generation_eps_4.0_steps_100 - INFO - Batch:[141] Adversarial images for this batch already exist
2025-08-06 09:06:36,847 - ADV_Generation_eps_4.0_steps_100 - INFO - Batch 142/209: Clean accuracy 0.4005 | Adv accuracy: 0.0000 
2025-08-06 09:06:36,862 - ADV_Generation_eps_4.0_steps_100 - INFO - Batch:[142] Adversarial images for this batch already exist
2025-08-06 09:06:37,489 - ADV_Generation_eps_4.0_steps_100 - INFO - Batch 143/209: Clean accuracy 0.4003 | Adv accuracy: 0.0000 
2025-08-06 09:06:37,500 - ADV_Generation_eps_4.0_steps_100 - INFO - Batch:[143] Adversarial images for this batch already exist
2025-08-06 09:06:38,215 - ADV_Generation_eps_4.0_steps_100 - INFO - Batch 144/209: Clean accuracy 0.4015 | Adv accuracy: 0.0000 
2025-08-06 09:06:38,226 - ADV_Generation_eps_4.0_steps_100 - INFO - Batch:[144] Adversarial images for this batch already exist
2025-08-06 09:06:38,908 - ADV_Generation_eps_4.0_steps_100 - INFO - Batch 145/209: Clean accuracy 0.4022 | Adv accuracy: 0.0000 
2025-08-06 09:06:38,925 - ADV_Generation_eps_4.0_steps_100 - INFO - Batch:[145] Adversarial images for this batch already exist
2025-08-06 09:06:39,683 - ADV_Generation_eps_4.0_steps_100 - INFO - Batch 146/209: Clean accuracy 0.4011 | Adv accuracy: 0.0000 
2025-08-06 09:06:39,693 - ADV_Generation_eps_4.0_steps_100 - INFO - Batch:[146] Adversarial images for this batch already exist
2025-08-06 09:06:40,368 - ADV_Generation_eps_4.0_steps_100 - INFO - Batch 147/209: Clean accuracy 0.4014 | Adv accuracy: 0.0000 
2025-08-06 09:06:40,378 - ADV_Generation_eps_4.0_steps_100 - INFO - Batch:[147] Adversarial images for this batch already exist
2025-08-06 09:06:41,114 - ADV_Generation_eps_4.0_steps_100 - INFO - Batch 148/209: Clean accuracy 0.4016 | Adv accuracy: 0.0000 
2025-08-06 09:06:41,125 - ADV_Generation_eps_4.0_steps_100 - INFO - Batch:[148] Adversarial images for this batch already exist
2025-08-06 09:06:41,867 - ADV_Generation_eps_4.0_steps_100 - INFO - Batch 149/209: Clean accuracy 0.4056 | Adv accuracy: 0.0000 
2025-08-06 09:06:41,878 - ADV_Generation_eps_4.0_steps_100 - INFO - Batch:[149] Adversarial images for this batch already exist
2025-08-06 09:06:42,680 - ADV_Generation_eps_4.0_steps_100 - INFO - Batch 150/209: Clean accuracy 0.4096 | Adv accuracy: 0.0000 
2025-08-06 09:06:42,690 - ADV_Generation_eps_4.0_steps_100 - INFO - Batch:[150] Adversarial images for this batch already exist
2025-08-06 09:06:43,477 - ADV_Generation_eps_4.0_steps_100 - INFO - Batch 151/209: Clean accuracy 0.4135 | Adv accuracy: 0.0000 
2025-08-06 09:06:43,500 - ADV_Generation_eps_4.0_steps_100 - INFO - Batch:[151] Adversarial images for this batch already exist
2025-08-06 09:06:44,162 - ADV_Generation_eps_4.0_steps_100 - INFO - Batch 152/209: Clean accuracy 0.4174 | Adv accuracy: 0.0000 
2025-08-06 09:06:44,172 - ADV_Generation_eps_4.0_steps_100 - INFO - Batch:[152] Adversarial images for this batch already exist
2025-08-06 09:06:44,862 - ADV_Generation_eps_4.0_steps_100 - INFO - Batch 153/209: Clean accuracy 0.4212 | Adv accuracy: 0.0000 
2025-08-06 09:06:44,872 - ADV_Generation_eps_4.0_steps_100 - INFO - Batch:[153] Adversarial images for this batch already exist
2025-08-06 09:06:45,564 - ADV_Generation_eps_4.0_steps_100 - INFO - Batch 154/209: Clean accuracy 0.4249 | Adv accuracy: 0.0000 
2025-08-06 09:06:45,575 - ADV_Generation_eps_4.0_steps_100 - INFO - Batch:[154] Adversarial images for this batch already exist
2025-08-06 09:06:46,327 - ADV_Generation_eps_4.0_steps_100 - INFO - Batch 155/209: Clean accuracy 0.4278 | Adv accuracy: 0.0000 
2025-08-06 09:06:46,337 - ADV_Generation_eps_4.0_steps_100 - INFO - Batch:[155] Adversarial images for this batch already exist
2025-08-06 09:06:47,093 - ADV_Generation_eps_4.0_steps_100 - INFO - Batch 156/209: Clean accuracy 0.4303 | Adv accuracy: 0.0000 
2025-08-06 09:06:47,105 - ADV_Generation_eps_4.0_steps_100 - INFO - Batch:[156] Adversarial images for this batch already exist
2025-08-06 09:06:47,741 - ADV_Generation_eps_4.0_steps_100 - INFO - Batch 157/209: Clean accuracy 0.4331 | Adv accuracy: 0.0000 
2025-08-06 09:06:47,752 - ADV_Generation_eps_4.0_steps_100 - INFO - Batch:[157] Adversarial images for this batch already exist
2025-08-06 09:06:48,418 - ADV_Generation_eps_4.0_steps_100 - INFO - Batch 158/209: Clean accuracy 0.4359 | Adv accuracy: 0.0000 
2025-08-06 09:06:48,433 - ADV_Generation_eps_4.0_steps_100 - INFO - Batch:[158] Adversarial images for this batch already exist
2025-08-06 09:06:49,200 - ADV_Generation_eps_4.0_steps_100 - INFO - Batch 159/209: Clean accuracy 0.4367 | Adv accuracy: 0.0000 
2025-08-06 09:06:49,217 - ADV_Generation_eps_4.0_steps_100 - INFO - Batch:[159] Adversarial images for this batch already exist
2025-08-06 09:06:49,890 - ADV_Generation_eps_4.0_steps_100 - INFO - Batch 160/209: Clean accuracy 0.4367 | Adv accuracy: 0.0000 
2025-08-06 09:06:49,900 - ADV_Generation_eps_4.0_steps_100 - INFO - Batch:[160] Adversarial images for this batch already exist
2025-08-06 09:06:50,607 - ADV_Generation_eps_4.0_steps_100 - INFO - Batch 161/209: Clean accuracy 0.4363 | Adv accuracy: 0.0000 
2025-08-06 09:06:50,618 - ADV_Generation_eps_4.0_steps_100 - INFO - Batch:[161] Adversarial images for this batch already exist
2025-08-06 09:06:51,428 - ADV_Generation_eps_4.0_steps_100 - INFO - Batch 162/209: Clean accuracy 0.4387 | Adv accuracy: 0.0000 
2025-08-06 09:06:51,438 - ADV_Generation_eps_4.0_steps_100 - INFO - Batch:[162] Adversarial images for this batch already exist
2025-08-06 09:06:52,113 - ADV_Generation_eps_4.0_steps_100 - INFO - Batch 163/209: Clean accuracy 0.4402 | Adv accuracy: 0.0000 
2025-08-06 09:06:52,123 - ADV_Generation_eps_4.0_steps_100 - INFO - Batch:[163] Adversarial images for this batch already exist
2025-08-06 09:06:52,796 - ADV_Generation_eps_4.0_steps_100 - INFO - Batch 164/209: Clean accuracy 0.4402 | Adv accuracy: 0.0000 
2025-08-06 09:06:52,806 - ADV_Generation_eps_4.0_steps_100 - INFO - Batch:[164] Adversarial images for this batch already exist
2025-08-06 09:06:53,603 - ADV_Generation_eps_4.0_steps_100 - INFO - Batch 165/209: Clean accuracy 0.4409 | Adv accuracy: 0.0000 
2025-08-06 09:06:53,614 - ADV_Generation_eps_4.0_steps_100 - INFO - Batch:[165] Adversarial images for this batch already exist
2025-08-06 09:06:54,408 - ADV_Generation_eps_4.0_steps_100 - INFO - Batch 166/209: Clean accuracy 0.4435 | Adv accuracy: 0.0000 
2025-08-06 09:06:54,418 - ADV_Generation_eps_4.0_steps_100 - INFO - Batch:[166] Adversarial images for this batch already exist
2025-08-06 09:06:55,053 - ADV_Generation_eps_4.0_steps_100 - INFO - Batch 167/209: Clean accuracy 0.4450 | Adv accuracy: 0.0000 
2025-08-06 09:06:55,063 - ADV_Generation_eps_4.0_steps_100 - INFO - Batch:[167] Adversarial images for this batch already exist
2025-08-06 09:06:55,734 - ADV_Generation_eps_4.0_steps_100 - INFO - Batch 168/209: Clean accuracy 0.4442 | Adv accuracy: 0.0000 
2025-08-06 09:06:55,747 - ADV_Generation_eps_4.0_steps_100 - INFO - Batch:[168] Adversarial images for this batch already exist
2025-08-06 09:06:56,405 - ADV_Generation_eps_4.0_steps_100 - INFO - Batch 169/209: Clean accuracy 0.4430 | Adv accuracy: 0.0000 
2025-08-06 09:06:56,416 - ADV_Generation_eps_4.0_steps_100 - INFO - Batch:[169] Adversarial images for this batch already exist
2025-08-06 09:06:57,131 - ADV_Generation_eps_4.0_steps_100 - INFO - Batch 170/209: Clean accuracy 0.4456 | Adv accuracy: 0.0000 
2025-08-06 09:06:57,144 - ADV_Generation_eps_4.0_steps_100 - INFO - Batch:[170] Adversarial images for this batch already exist
2025-08-06 09:06:57,816 - ADV_Generation_eps_4.0_steps_100 - INFO - Batch 171/209: Clean accuracy 0.4481 | Adv accuracy: 0.0000 
2025-08-06 09:06:57,827 - ADV_Generation_eps_4.0_steps_100 - INFO - Batch:[171] Adversarial images for this batch already exist
2025-08-06 09:06:58,615 - ADV_Generation_eps_4.0_steps_100 - INFO - Batch 172/209: Clean accuracy 0.4513 | Adv accuracy: 0.0000 
2025-08-06 09:06:58,643 - ADV_Generation_eps_4.0_steps_100 - INFO - Batch:[172] Adversarial images for this batch already exist
2025-08-06 09:06:59,373 - ADV_Generation_eps_4.0_steps_100 - INFO - Batch 173/209: Clean accuracy 0.4545 | Adv accuracy: 0.0000 
2025-08-06 09:06:59,384 - ADV_Generation_eps_4.0_steps_100 - INFO - Batch:[173] Adversarial images for this batch already exist
2025-08-06 09:07:00,074 - ADV_Generation_eps_4.0_steps_100 - INFO - Batch 174/209: Clean accuracy 0.4573 | Adv accuracy: 0.0000 
2025-08-06 09:07:00,085 - ADV_Generation_eps_4.0_steps_100 - INFO - Batch:[174] Adversarial images for this batch already exist
2025-08-06 09:07:00,851 - ADV_Generation_eps_4.0_steps_100 - INFO - Batch 175/209: Clean accuracy 0.4600 | Adv accuracy: 0.0000 
2025-08-06 09:07:00,862 - ADV_Generation_eps_4.0_steps_100 - INFO - Batch:[175] Adversarial images for this batch already exist
2025-08-06 09:07:01,528 - ADV_Generation_eps_4.0_steps_100 - INFO - Batch 176/209: Clean accuracy 0.4599 | Adv accuracy: 0.0000 
2025-08-06 09:07:01,539 - ADV_Generation_eps_4.0_steps_100 - INFO - Batch:[176] Adversarial images for this batch already exist
2025-08-06 09:07:02,251 - ADV_Generation_eps_4.0_steps_100 - INFO - Batch 177/209: Clean accuracy 0.4608 | Adv accuracy: 0.0000 
2025-08-06 09:07:02,262 - ADV_Generation_eps_4.0_steps_100 - INFO - Batch:[177] Adversarial images for this batch already exist
2025-08-06 09:07:02,919 - ADV_Generation_eps_4.0_steps_100 - INFO - Batch 178/209: Clean accuracy 0.4628 | Adv accuracy: 0.0000 
2025-08-06 09:07:02,930 - ADV_Generation_eps_4.0_steps_100 - INFO - Batch:[178] Adversarial images for this batch already exist
2025-08-06 09:07:03,667 - ADV_Generation_eps_4.0_steps_100 - INFO - Batch 179/209: Clean accuracy 0.4640 | Adv accuracy: 0.0000 
2025-08-06 09:07:03,678 - ADV_Generation_eps_4.0_steps_100 - INFO - Batch:[179] Adversarial images for this batch already exist
2025-08-06 09:07:04,485 - ADV_Generation_eps_4.0_steps_100 - INFO - Batch 180/209: Clean accuracy 0.4628 | Adv accuracy: 0.0000 
2025-08-06 09:07:04,496 - ADV_Generation_eps_4.0_steps_100 - INFO - Batch:[180] Adversarial images for this batch already exist
2025-08-06 09:07:05,257 - ADV_Generation_eps_4.0_steps_100 - INFO - Batch 181/209: Clean accuracy 0.4606 | Adv accuracy: 0.0000 
2025-08-06 09:07:05,268 - ADV_Generation_eps_4.0_steps_100 - INFO - Batch:[181] Adversarial images for this batch already exist
2025-08-06 09:07:06,158 - ADV_Generation_eps_4.0_steps_100 - INFO - Batch 182/209: Clean accuracy 0.4602 | Adv accuracy: 0.0000 
2025-08-06 09:07:06,168 - ADV_Generation_eps_4.0_steps_100 - INFO - Batch:[182] Adversarial images for this batch already exist
2025-08-06 09:07:06,897 - ADV_Generation_eps_4.0_steps_100 - INFO - Batch 183/209: Clean accuracy 0.4614 | Adv accuracy: 0.0000 
2025-08-06 09:07:06,907 - ADV_Generation_eps_4.0_steps_100 - INFO - Batch:[183] Adversarial images for this batch already exist
2025-08-06 09:07:07,753 - ADV_Generation_eps_4.0_steps_100 - INFO - Batch 184/209: Clean accuracy 0.4596 | Adv accuracy: 0.0000 
2025-08-06 09:07:07,764 - ADV_Generation_eps_4.0_steps_100 - INFO - Batch:[184] Adversarial images for this batch already exist
2025-08-06 09:07:08,398 - ADV_Generation_eps_4.0_steps_100 - INFO - Batch 185/209: Clean accuracy 0.4571 | Adv accuracy: 0.0000 
2025-08-06 09:07:08,408 - ADV_Generation_eps_4.0_steps_100 - INFO - Batch:[185] Adversarial images for this batch already exist
2025-08-06 09:07:09,124 - ADV_Generation_eps_4.0_steps_100 - INFO - Batch 186/209: Clean accuracy 0.4546 | Adv accuracy: 0.0000 
2025-08-06 09:07:09,136 - ADV_Generation_eps_4.0_steps_100 - INFO - Batch:[186] Adversarial images for this batch already exist
2025-08-06 09:07:09,828 - ADV_Generation_eps_4.0_steps_100 - INFO - Batch 187/209: Clean accuracy 0.4522 | Adv accuracy: 0.0000 
2025-08-06 09:07:09,840 - ADV_Generation_eps_4.0_steps_100 - INFO - Batch:[187] Adversarial images for this batch already exist
2025-08-06 09:07:10,534 - ADV_Generation_eps_4.0_steps_100 - INFO - Batch 188/209: Clean accuracy 0.4498 | Adv accuracy: 0.0000 
2025-08-06 09:07:10,546 - ADV_Generation_eps_4.0_steps_100 - INFO - Batch:[188] Adversarial images for this batch already exist
2025-08-06 09:07:11,254 - ADV_Generation_eps_4.0_steps_100 - INFO - Batch 189/209: Clean accuracy 0.4474 | Adv accuracy: 0.0000 
2025-08-06 09:07:11,282 - ADV_Generation_eps_4.0_steps_100 - INFO - Batch:[189] Adversarial images for this batch already exist
2025-08-06 09:07:12,111 - ADV_Generation_eps_4.0_steps_100 - INFO - Batch 190/209: Clean accuracy 0.4474 | Adv accuracy: 0.0000 
2025-08-06 09:07:12,121 - ADV_Generation_eps_4.0_steps_100 - INFO - Batch:[190] Adversarial images for this batch already exist
2025-08-06 09:07:12,796 - ADV_Generation_eps_4.0_steps_100 - INFO - Batch 191/209: Clean accuracy 0.4503 | Adv accuracy: 0.0000 
2025-08-06 09:07:12,807 - ADV_Generation_eps_4.0_steps_100 - INFO - Batch:[191] Adversarial images for this batch already exist
2025-08-06 09:07:13,536 - ADV_Generation_eps_4.0_steps_100 - INFO - Batch 192/209: Clean accuracy 0.4512 | Adv accuracy: 0.0000 
2025-08-06 09:07:13,549 - ADV_Generation_eps_4.0_steps_100 - INFO - Batch:[192] Adversarial images for this batch already exist
2025-08-06 09:07:14,205 - ADV_Generation_eps_4.0_steps_100 - INFO - Batch 193/209: Clean accuracy 0.4498 | Adv accuracy: 0.0000 
2025-08-06 09:07:14,216 - ADV_Generation_eps_4.0_steps_100 - INFO - Batch:[193] Adversarial images for this batch already exist
2025-08-06 09:07:15,009 - ADV_Generation_eps_4.0_steps_100 - INFO - Batch 194/209: Clean accuracy 0.4481 | Adv accuracy: 0.0000 
2025-08-06 09:07:15,019 - ADV_Generation_eps_4.0_steps_100 - INFO - Batch:[194] Adversarial images for this batch already exist
2025-08-06 09:07:15,715 - ADV_Generation_eps_4.0_steps_100 - INFO - Batch 195/209: Clean accuracy 0.4494 | Adv accuracy: 0.0000 
2025-08-06 09:07:15,725 - ADV_Generation_eps_4.0_steps_100 - INFO - Batch:[195] Adversarial images for this batch already exist
2025-08-06 09:07:16,508 - ADV_Generation_eps_4.0_steps_100 - INFO - Batch 196/209: Clean accuracy 0.4493 | Adv accuracy: 0.0000 
2025-08-06 09:07:16,521 - ADV_Generation_eps_4.0_steps_100 - INFO - Batch:[196] Adversarial images for this batch already exist
2025-08-06 09:07:17,229 - ADV_Generation_eps_4.0_steps_100 - INFO - Batch 197/209: Clean accuracy 0.4496 | Adv accuracy: 0.0000 
2025-08-06 09:07:17,239 - ADV_Generation_eps_4.0_steps_100 - INFO - Batch:[197] Adversarial images for this batch already exist
2025-08-06 09:07:17,976 - ADV_Generation_eps_4.0_steps_100 - INFO - Batch 198/209: Clean accuracy 0.4501 | Adv accuracy: 0.0000 
2025-08-06 09:07:17,987 - ADV_Generation_eps_4.0_steps_100 - INFO - Batch:[198] Adversarial images for this batch already exist
2025-08-06 09:07:18,749 - ADV_Generation_eps_4.0_steps_100 - INFO - Batch 199/209: Clean accuracy 0.4529 | Adv accuracy: 0.0000 
2025-08-06 09:07:18,766 - ADV_Generation_eps_4.0_steps_100 - INFO - Batch:[199] Adversarial images for this batch already exist
2025-08-06 09:07:19,523 - ADV_Generation_eps_4.0_steps_100 - INFO - Batch 200/209: Clean accuracy 0.4550 | Adv accuracy: 0.0000 
2025-08-06 09:07:19,533 - ADV_Generation_eps_4.0_steps_100 - INFO - Batch:[200] Adversarial images for this batch already exist
2025-08-06 09:07:20,347 - ADV_Generation_eps_4.0_steps_100 - INFO - Batch 201/209: Clean accuracy 0.4527 | Adv accuracy: 0.0000 
2025-08-06 09:07:20,359 - ADV_Generation_eps_4.0_steps_100 - INFO - Batch:[201] Adversarial images for this batch already exist
2025-08-06 09:07:21,073 - ADV_Generation_eps_4.0_steps_100 - INFO - Batch 202/209: Clean accuracy 0.4514 | Adv accuracy: 0.0000 
2025-08-06 09:07:21,084 - ADV_Generation_eps_4.0_steps_100 - INFO - Batch:[202] Adversarial images for this batch already exist
2025-08-06 09:07:21,773 - ADV_Generation_eps_4.0_steps_100 - INFO - Batch 203/209: Clean accuracy 0.4520 | Adv accuracy: 0.0000 
2025-08-06 09:07:21,784 - ADV_Generation_eps_4.0_steps_100 - INFO - Batch:[203] Adversarial images for this batch already exist
2025-08-06 09:07:22,641 - ADV_Generation_eps_4.0_steps_100 - INFO - Batch 204/209: Clean accuracy 0.4537 | Adv accuracy: 0.0000 
2025-08-06 09:07:22,652 - ADV_Generation_eps_4.0_steps_100 - INFO - Batch:[204] Adversarial images for this batch already exist
2025-08-06 09:07:23,323 - ADV_Generation_eps_4.0_steps_100 - INFO - Batch 205/209: Clean accuracy 0.4534 | Adv accuracy: 0.0000 
2025-08-06 09:07:23,334 - ADV_Generation_eps_4.0_steps_100 - INFO - Batch:[205] Adversarial images for this batch already exist
2025-08-06 09:07:24,011 - ADV_Generation_eps_4.0_steps_100 - INFO - Batch 206/209: Clean accuracy 0.4524 | Adv accuracy: 0.0000 
2025-08-06 09:07:24,022 - ADV_Generation_eps_4.0_steps_100 - INFO - Batch:[206] Adversarial images for this batch already exist
2025-08-06 09:07:24,705 - ADV_Generation_eps_4.0_steps_100 - INFO - Batch 207/209: Clean accuracy 0.4523 | Adv accuracy: 0.0000 
2025-08-06 09:07:24,717 - ADV_Generation_eps_4.0_steps_100 - INFO - Batch:[207] Adversarial images for this batch already exist
2025-08-06 09:07:25,473 - ADV_Generation_eps_4.0_steps_100 - INFO - Batch 208/209: Clean accuracy 0.4522 | Adv accuracy: 0.0000 
2025-08-06 09:07:25,492 - ADV_Generation_eps_4.0_steps_100 - INFO - Batch:[208] Adversarial images for this batch already exist
2025-08-06 09:07:25,975 - ADV_Generation_eps_4.0_steps_100 - INFO - Batch 209/209: Clean accuracy 0.4515 | Adv accuracy: 0.0000 
2025-08-06 09:07:26,018 - ADV_Generation_eps_4.0_steps_100 - INFO - Original accuracy: 0.4515
2025-08-06 09:07:26,018 - ADV_Generation_eps_4.0_steps_100 - INFO - Adversarial accuracy: 0.0000
2025-08-06 09:07:26,028 - ADV_Generation_eps_4.0_steps_100 - INFO - Adversarial image generation completed. Results
