2025-08-04 19:33:02,367 - ADV_Generation_eps_4.0_steps_100 - INFO - ==========================================
data:/leonardo_work/EUHPC_R04_192/fmohamma/Adversarial_Robust_Clip/atpt_data/downstream_datasets
test_sets:UCF101
dataset_mode:test
arch:vit_l_14_datacomp_1b
resolution:224
transferability:False
source_model:fare4
workers:4
no_pin_memory:False
batch_size:64
adv_bs:16
print_freq:20
gpu:0
no_cudnn_benchmark:False
n_ctx:4
ctx_init:a_photo_of_a
seed:0
output_dir:/leonardo_work/EUHPC_R04_192/fmohamma/Adversarial_Robust_Clip/atpt_data/vit_l_14_datacomp_1b/UCF101
log_output_dir:/leonardo_work/EUHPC_R04_192/fmohamma/Adversarial_Robust_Clip/ATPT/Final_Results/vit_l_14_datacomp_1b/UCF101
image_only_attack:False
image_only_attack_type:prm
image_predicted_label_attack:False
eps:4.0
alpha:1.0
alpha_eps_ratio:4.0
steps:100
counter_attack:False
counter_attack_type:pgd
counter_attack_steps:2
counter_attack_eps:4.0
counter_attack_alpha:1.0
counter_attack_tau_thres:0.2
counter_attack_beta:2.0
counter_attack_weighted_perturbations:True
pgd_clip_pure_i_text_embeddings:null
pgd_counter_and_clipure_i_lamda:1.0
image_feature_purify:False
image_feature_purify_type:noisy_anchor
image_feature_purify_noisy_anchors:10
image_feature_purify_anchors_alpha:1.2
image_feature_purify_noisy_sigma:0.18
image_feature_purify_diff_threshold:0.0
image_feature_clipure_steps:10
image_feature_clipure_step_size:10.0
save_plots:False
lr:0.005
selection_p:0.1
tta_steps:1
top_k:20
softmax_temp:0.01
load_tecoa:

2025-08-04 19:33:02,368 - ADV_Generation_eps_4.0_steps_100 - INFO - Use GPU: 0 for training
2025-08-04 19:34:48,061 - ADV_Generation_eps_4.0_steps_100 - INFO - => Model created: visual backbone vit_l_14_datacomp_1b
2025-08-04 19:34:48,098 - ADV_Generation_eps_4.0_steps_100 - INFO - Number of test samples: 3783
2025-08-04 19:34:48,098 - ADV_Generation_eps_4.0_steps_100 - INFO - Evaluating dataset: UCF101
2025-08-04 19:34:48,099 - ADV_Generation_eps_4.0_steps_100 - INFO - Starting evaluation with batch size: 64, selection percentage: 0.1
2025-08-04 19:34:48,099 - ADV_Generation_eps_4.0_steps_100 - INFO - Using PGD attack with epsilon: 0.015686, alpha: 0.003922, steps: 100 image only attack False image predicted label attack False
2025-08-04 19:34:48,100 - ADV_Generation_eps_4.0_steps_100 - INFO - Using directory for adversarial images: /leonardo_work/EUHPC_R04_192/fmohamma/Adversarial_Robust_Clip/atpt_data/vit_l_14_datacomp_1b/UCF101/adv_images_eps_4.0_alpha_1.0_steps_100
2025-08-04 19:34:48,675 - ADV_Generation_eps_4.0_steps_100 - INFO - Batch:[0] Adversarial images for this batch already exist
2025-08-04 19:34:49,598 - ADV_Generation_eps_4.0_steps_100 - INFO - Batch 1/237: Clean accuracy 0.8125 | Adv accuracy: 0.0000 
2025-08-04 19:34:49,619 - ADV_Generation_eps_4.0_steps_100 - INFO - Batch:[1] Adversarial images for this batch already exist
2025-08-04 19:34:50,286 - ADV_Generation_eps_4.0_steps_100 - INFO - Batch 2/237: Clean accuracy 0.8750 | Adv accuracy: 0.0000 
2025-08-04 19:34:50,296 - ADV_Generation_eps_4.0_steps_100 - INFO - Batch:[2] Adversarial images for this batch already exist
2025-08-04 19:34:50,995 - ADV_Generation_eps_4.0_steps_100 - INFO - Batch 3/237: Clean accuracy 0.8958 | Adv accuracy: 0.0000 
2025-08-04 19:34:51,012 - ADV_Generation_eps_4.0_steps_100 - INFO - Batch:[3] Adversarial images for this batch already exist
2025-08-04 19:34:51,898 - ADV_Generation_eps_4.0_steps_100 - INFO - Batch 4/237: Clean accuracy 0.9062 | Adv accuracy: 0.0000 
2025-08-04 19:34:51,908 - ADV_Generation_eps_4.0_steps_100 - INFO - Batch:[4] Adversarial images for this batch already exist
2025-08-04 19:34:52,939 - ADV_Generation_eps_4.0_steps_100 - INFO - Batch 5/237: Clean accuracy 0.9250 | Adv accuracy: 0.0000 
2025-08-04 19:34:52,948 - ADV_Generation_eps_4.0_steps_100 - INFO - Batch:[5] Adversarial images for this batch already exist
2025-08-04 19:34:53,628 - ADV_Generation_eps_4.0_steps_100 - INFO - Batch 6/237: Clean accuracy 0.9167 | Adv accuracy: 0.0000 
2025-08-04 19:34:53,637 - ADV_Generation_eps_4.0_steps_100 - INFO - Batch:[6] Adversarial images for this batch already exist
2025-08-04 19:34:54,341 - ADV_Generation_eps_4.0_steps_100 - INFO - Batch 7/237: Clean accuracy 0.8929 | Adv accuracy: 0.0000 
2025-08-04 19:34:54,350 - ADV_Generation_eps_4.0_steps_100 - INFO - Batch:[7] Adversarial images for this batch already exist
2025-08-04 19:34:55,025 - ADV_Generation_eps_4.0_steps_100 - INFO - Batch 8/237: Clean accuracy 0.9062 | Adv accuracy: 0.0000 
2025-08-04 19:34:55,034 - ADV_Generation_eps_4.0_steps_100 - INFO - Batch:[8] Adversarial images for this batch already exist
2025-08-04 19:34:55,699 - ADV_Generation_eps_4.0_steps_100 - INFO - Batch 9/237: Clean accuracy 0.9167 | Adv accuracy: 0.0000 
2025-08-04 19:34:55,718 - ADV_Generation_eps_4.0_steps_100 - INFO - Batch:[9] Adversarial images for this batch already exist
2025-08-04 19:34:56,493 - ADV_Generation_eps_4.0_steps_100 - INFO - Batch 10/237: Clean accuracy 0.8875 | Adv accuracy: 0.0000 
2025-08-04 19:34:56,502 - ADV_Generation_eps_4.0_steps_100 - INFO - Batch:[10] Adversarial images for this batch already exist
2025-08-04 19:34:57,231 - ADV_Generation_eps_4.0_steps_100 - INFO - Batch 11/237: Clean accuracy 0.8182 | Adv accuracy: 0.0000 
2025-08-04 19:34:57,240 - ADV_Generation_eps_4.0_steps_100 - INFO - Batch:[11] Adversarial images for this batch already exist
2025-08-04 19:34:57,922 - ADV_Generation_eps_4.0_steps_100 - INFO - Batch 12/237: Clean accuracy 0.8073 | Adv accuracy: 0.0000 
2025-08-04 19:34:57,940 - ADV_Generation_eps_4.0_steps_100 - INFO - Batch:[12] Adversarial images for this batch already exist
2025-08-04 19:34:58,583 - ADV_Generation_eps_4.0_steps_100 - INFO - Batch 13/237: Clean accuracy 0.8173 | Adv accuracy: 0.0000 
2025-08-04 19:34:58,593 - ADV_Generation_eps_4.0_steps_100 - INFO - Batch:[13] Adversarial images for this batch already exist
2025-08-04 19:34:59,360 - ADV_Generation_eps_4.0_steps_100 - INFO - Batch 14/237: Clean accuracy 0.8304 | Adv accuracy: 0.0000 
2025-08-04 19:34:59,386 - ADV_Generation_eps_4.0_steps_100 - INFO - Batch:[14] Adversarial images for this batch already exist
2025-08-04 19:35:00,028 - ADV_Generation_eps_4.0_steps_100 - INFO - Batch 15/237: Clean accuracy 0.8083 | Adv accuracy: 0.0000 
2025-08-04 19:35:00,039 - ADV_Generation_eps_4.0_steps_100 - INFO - Batch:[15] Adversarial images for this batch already exist
2025-08-04 19:35:00,674 - ADV_Generation_eps_4.0_steps_100 - INFO - Batch 16/237: Clean accuracy 0.8203 | Adv accuracy: 0.0000 
2025-08-04 19:35:00,691 - ADV_Generation_eps_4.0_steps_100 - INFO - Batch:[16] Adversarial images for this batch already exist
2025-08-04 19:35:01,490 - ADV_Generation_eps_4.0_steps_100 - INFO - Batch 17/237: Clean accuracy 0.8199 | Adv accuracy: 0.0000 
2025-08-04 19:35:01,504 - ADV_Generation_eps_4.0_steps_100 - INFO - Batch:[17] Adversarial images for this batch already exist
2025-08-04 19:35:02,221 - ADV_Generation_eps_4.0_steps_100 - INFO - Batch 18/237: Clean accuracy 0.7743 | Adv accuracy: 0.0000 
2025-08-04 19:35:02,237 - ADV_Generation_eps_4.0_steps_100 - INFO - Batch:[18] Adversarial images for this batch already exist
2025-08-04 19:35:02,921 - ADV_Generation_eps_4.0_steps_100 - INFO - Batch 19/237: Clean accuracy 0.7336 | Adv accuracy: 0.0000 
2025-08-04 19:35:02,931 - ADV_Generation_eps_4.0_steps_100 - INFO - Batch:[19] Adversarial images for this batch already exist
2025-08-04 19:35:03,732 - ADV_Generation_eps_4.0_steps_100 - INFO - Batch 20/237: Clean accuracy 0.7438 | Adv accuracy: 0.0000 
2025-08-04 19:35:03,751 - ADV_Generation_eps_4.0_steps_100 - INFO - Batch:[20] Adversarial images for this batch already exist
2025-08-04 19:35:04,471 - ADV_Generation_eps_4.0_steps_100 - INFO - Batch 21/237: Clean accuracy 0.7530 | Adv accuracy: 0.0000 
2025-08-04 19:35:04,480 - ADV_Generation_eps_4.0_steps_100 - INFO - Batch:[21] Adversarial images for this batch already exist
2025-08-04 19:35:05,142 - ADV_Generation_eps_4.0_steps_100 - INFO - Batch 22/237: Clean accuracy 0.7642 | Adv accuracy: 0.0000 
2025-08-04 19:35:05,151 - ADV_Generation_eps_4.0_steps_100 - INFO - Batch:[22] Adversarial images for this batch already exist
2025-08-04 19:35:05,817 - ADV_Generation_eps_4.0_steps_100 - INFO - Batch 23/237: Clean accuracy 0.7745 | Adv accuracy: 0.0000 
2025-08-04 19:35:05,826 - ADV_Generation_eps_4.0_steps_100 - INFO - Batch:[23] Adversarial images for this batch already exist
2025-08-04 19:35:06,525 - ADV_Generation_eps_4.0_steps_100 - INFO - Batch 24/237: Clean accuracy 0.7708 | Adv accuracy: 0.0000 
2025-08-04 19:35:06,535 - ADV_Generation_eps_4.0_steps_100 - INFO - Batch:[24] Adversarial images for this batch already exist
2025-08-04 19:35:07,269 - ADV_Generation_eps_4.0_steps_100 - INFO - Batch 25/237: Clean accuracy 0.7775 | Adv accuracy: 0.0000 
2025-08-04 19:35:07,286 - ADV_Generation_eps_4.0_steps_100 - INFO - Batch:[25] Adversarial images for this batch already exist
2025-08-04 19:35:08,119 - ADV_Generation_eps_4.0_steps_100 - INFO - Batch 26/237: Clean accuracy 0.7861 | Adv accuracy: 0.0000 
2025-08-04 19:35:08,128 - ADV_Generation_eps_4.0_steps_100 - INFO - Batch:[26] Adversarial images for this batch already exist
2025-08-04 19:35:08,937 - ADV_Generation_eps_4.0_steps_100 - INFO - Batch 27/237: Clean accuracy 0.7940 | Adv accuracy: 0.0000 
2025-08-04 19:35:08,946 - ADV_Generation_eps_4.0_steps_100 - INFO - Batch:[27] Adversarial images for this batch already exist
2025-08-04 19:35:09,599 - ADV_Generation_eps_4.0_steps_100 - INFO - Batch 28/237: Clean accuracy 0.8013 | Adv accuracy: 0.0000 
2025-08-04 19:35:09,608 - ADV_Generation_eps_4.0_steps_100 - INFO - Batch:[28] Adversarial images for this batch already exist
2025-08-04 19:35:10,290 - ADV_Generation_eps_4.0_steps_100 - INFO - Batch 29/237: Clean accuracy 0.8082 | Adv accuracy: 0.0000 
2025-08-04 19:35:10,299 - ADV_Generation_eps_4.0_steps_100 - INFO - Batch:[29] Adversarial images for this batch already exist
2025-08-04 19:35:11,067 - ADV_Generation_eps_4.0_steps_100 - INFO - Batch 30/237: Clean accuracy 0.8083 | Adv accuracy: 0.0000 
2025-08-04 19:35:11,077 - ADV_Generation_eps_4.0_steps_100 - INFO - Batch:[30] Adversarial images for this batch already exist
2025-08-04 19:35:11,805 - ADV_Generation_eps_4.0_steps_100 - INFO - Batch 31/237: Clean accuracy 0.8125 | Adv accuracy: 0.0000 
2025-08-04 19:35:11,815 - ADV_Generation_eps_4.0_steps_100 - INFO - Batch:[31] Adversarial images for this batch already exist
2025-08-04 19:35:12,489 - ADV_Generation_eps_4.0_steps_100 - INFO - Batch 32/237: Clean accuracy 0.8125 | Adv accuracy: 0.0000 
2025-08-04 19:35:12,522 - ADV_Generation_eps_4.0_steps_100 - INFO - Batch:[32] Adversarial images for this batch already exist
2025-08-04 19:35:13,290 - ADV_Generation_eps_4.0_steps_100 - INFO - Batch 33/237: Clean accuracy 0.8182 | Adv accuracy: 0.0000 
2025-08-04 19:35:13,300 - ADV_Generation_eps_4.0_steps_100 - INFO - Batch:[33] Adversarial images for this batch already exist
2025-08-04 19:35:14,007 - ADV_Generation_eps_4.0_steps_100 - INFO - Batch 34/237: Clean accuracy 0.8143 | Adv accuracy: 0.0000 
2025-08-04 19:35:14,016 - ADV_Generation_eps_4.0_steps_100 - INFO - Batch:[34] Adversarial images for this batch already exist
2025-08-04 19:35:14,818 - ADV_Generation_eps_4.0_steps_100 - INFO - Batch 35/237: Clean accuracy 0.8000 | Adv accuracy: 0.0000 
2025-08-04 19:35:14,827 - ADV_Generation_eps_4.0_steps_100 - INFO - Batch:[35] Adversarial images for this batch already exist
2025-08-04 19:35:15,586 - ADV_Generation_eps_4.0_steps_100 - INFO - Batch 36/237: Clean accuracy 0.7951 | Adv accuracy: 0.0000 
2025-08-04 19:35:15,595 - ADV_Generation_eps_4.0_steps_100 - INFO - Batch:[36] Adversarial images for this batch already exist
2025-08-04 19:35:16,263 - ADV_Generation_eps_4.0_steps_100 - INFO - Batch 37/237: Clean accuracy 0.8007 | Adv accuracy: 0.0000 
2025-08-04 19:35:16,272 - ADV_Generation_eps_4.0_steps_100 - INFO - Batch:[37] Adversarial images for this batch already exist
2025-08-04 19:35:16,946 - ADV_Generation_eps_4.0_steps_100 - INFO - Batch 38/237: Clean accuracy 0.8059 | Adv accuracy: 0.0000 
2025-08-04 19:35:16,955 - ADV_Generation_eps_4.0_steps_100 - INFO - Batch:[38] Adversarial images for this batch already exist
2025-08-04 19:35:17,589 - ADV_Generation_eps_4.0_steps_100 - INFO - Batch 39/237: Clean accuracy 0.8013 | Adv accuracy: 0.0000 
2025-08-04 19:35:17,598 - ADV_Generation_eps_4.0_steps_100 - INFO - Batch:[39] Adversarial images for this batch already exist
2025-08-04 19:35:18,408 - ADV_Generation_eps_4.0_steps_100 - INFO - Batch 40/237: Clean accuracy 0.7937 | Adv accuracy: 0.0000 
2025-08-04 19:35:18,418 - ADV_Generation_eps_4.0_steps_100 - INFO - Batch:[40] Adversarial images for this batch already exist
2025-08-04 19:35:19,217 - ADV_Generation_eps_4.0_steps_100 - INFO - Batch 41/237: Clean accuracy 0.7835 | Adv accuracy: 0.0000 
2025-08-04 19:35:19,228 - ADV_Generation_eps_4.0_steps_100 - INFO - Batch:[41] Adversarial images for this batch already exist
2025-08-04 19:35:20,036 - ADV_Generation_eps_4.0_steps_100 - INFO - Batch 42/237: Clean accuracy 0.7872 | Adv accuracy: 0.0000 
2025-08-04 19:35:20,045 - ADV_Generation_eps_4.0_steps_100 - INFO - Batch:[42] Adversarial images for this batch already exist
2025-08-04 19:35:20,799 - ADV_Generation_eps_4.0_steps_100 - INFO - Batch 43/237: Clean accuracy 0.7703 | Adv accuracy: 0.0000 
2025-08-04 19:35:20,808 - ADV_Generation_eps_4.0_steps_100 - INFO - Batch:[43] Adversarial images for this batch already exist
2025-08-04 19:35:21,579 - ADV_Generation_eps_4.0_steps_100 - INFO - Batch 44/237: Clean accuracy 0.7599 | Adv accuracy: 0.0000 
2025-08-04 19:35:21,589 - ADV_Generation_eps_4.0_steps_100 - INFO - Batch:[44] Adversarial images for this batch already exist
2025-08-04 19:35:22,298 - ADV_Generation_eps_4.0_steps_100 - INFO - Batch 45/237: Clean accuracy 0.7528 | Adv accuracy: 0.0000 
2025-08-04 19:35:22,308 - ADV_Generation_eps_4.0_steps_100 - INFO - Batch:[45] Adversarial images for this batch already exist
2025-08-04 19:35:23,163 - ADV_Generation_eps_4.0_steps_100 - INFO - Batch 46/237: Clean accuracy 0.7459 | Adv accuracy: 0.0000 
2025-08-04 19:35:23,173 - ADV_Generation_eps_4.0_steps_100 - INFO - Batch:[46] Adversarial images for this batch already exist
2025-08-04 19:35:23,976 - ADV_Generation_eps_4.0_steps_100 - INFO - Batch 47/237: Clean accuracy 0.7513 | Adv accuracy: 0.0000 
2025-08-04 19:35:23,985 - ADV_Generation_eps_4.0_steps_100 - INFO - Batch:[47] Adversarial images for this batch already exist
2025-08-04 19:35:24,717 - ADV_Generation_eps_4.0_steps_100 - INFO - Batch 48/237: Clean accuracy 0.7565 | Adv accuracy: 0.0000 
2025-08-04 19:35:24,726 - ADV_Generation_eps_4.0_steps_100 - INFO - Batch:[48] Adversarial images for this batch already exist
2025-08-04 19:35:25,429 - ADV_Generation_eps_4.0_steps_100 - INFO - Batch 49/237: Clean accuracy 0.7615 | Adv accuracy: 0.0000 
2025-08-04 19:35:25,439 - ADV_Generation_eps_4.0_steps_100 - INFO - Batch:[49] Adversarial images for this batch already exist
2025-08-04 19:35:26,132 - ADV_Generation_eps_4.0_steps_100 - INFO - Batch 50/237: Clean accuracy 0.7650 | Adv accuracy: 0.0000 
2025-08-04 19:35:26,142 - ADV_Generation_eps_4.0_steps_100 - INFO - Batch:[50] Adversarial images for this batch already exist
2025-08-04 19:35:26,792 - ADV_Generation_eps_4.0_steps_100 - INFO - Batch 51/237: Clean accuracy 0.7659 | Adv accuracy: 0.0000 
2025-08-04 19:35:26,802 - ADV_Generation_eps_4.0_steps_100 - INFO - Batch:[51] Adversarial images for this batch already exist
2025-08-04 19:35:27,453 - ADV_Generation_eps_4.0_steps_100 - INFO - Batch 52/237: Clean accuracy 0.7644 | Adv accuracy: 0.0000 
2025-08-04 19:35:27,464 - ADV_Generation_eps_4.0_steps_100 - INFO - Batch:[52] Adversarial images for this batch already exist
2025-08-04 19:35:28,249 - ADV_Generation_eps_4.0_steps_100 - INFO - Batch 53/237: Clean accuracy 0.7547 | Adv accuracy: 0.0000 
2025-08-04 19:35:28,259 - ADV_Generation_eps_4.0_steps_100 - INFO - Batch:[53] Adversarial images for this batch already exist
2025-08-04 19:35:29,013 - ADV_Generation_eps_4.0_steps_100 - INFO - Batch 54/237: Clean accuracy 0.7512 | Adv accuracy: 0.0000 
2025-08-04 19:35:29,022 - ADV_Generation_eps_4.0_steps_100 - INFO - Batch:[54] Adversarial images for this batch already exist
2025-08-04 19:35:29,734 - ADV_Generation_eps_4.0_steps_100 - INFO - Batch 55/237: Clean accuracy 0.7432 | Adv accuracy: 0.0000 
2025-08-04 19:35:29,744 - ADV_Generation_eps_4.0_steps_100 - INFO - Batch:[55] Adversarial images for this batch already exist
2025-08-04 19:35:30,491 - ADV_Generation_eps_4.0_steps_100 - INFO - Batch 56/237: Clean accuracy 0.7411 | Adv accuracy: 0.0000 
2025-08-04 19:35:30,501 - ADV_Generation_eps_4.0_steps_100 - INFO - Batch:[56] Adversarial images for this batch already exist
2025-08-04 19:35:31,191 - ADV_Generation_eps_4.0_steps_100 - INFO - Batch 57/237: Clean accuracy 0.7368 | Adv accuracy: 0.0000 
2025-08-04 19:35:31,200 - ADV_Generation_eps_4.0_steps_100 - INFO - Batch:[57] Adversarial images for this batch already exist
2025-08-04 19:35:31,832 - ADV_Generation_eps_4.0_steps_100 - INFO - Batch 58/237: Clean accuracy 0.7403 | Adv accuracy: 0.0000 
2025-08-04 19:35:31,841 - ADV_Generation_eps_4.0_steps_100 - INFO - Batch:[58] Adversarial images for this batch already exist
2025-08-04 19:35:32,549 - ADV_Generation_eps_4.0_steps_100 - INFO - Batch 59/237: Clean accuracy 0.7447 | Adv accuracy: 0.0000 
2025-08-04 19:35:32,559 - ADV_Generation_eps_4.0_steps_100 - INFO - Batch:[59] Adversarial images for this batch already exist
2025-08-04 19:35:33,296 - ADV_Generation_eps_4.0_steps_100 - INFO - Batch 60/237: Clean accuracy 0.7490 | Adv accuracy: 0.0000 
2025-08-04 19:35:33,305 - ADV_Generation_eps_4.0_steps_100 - INFO - Batch:[60] Adversarial images for this batch already exist
2025-08-04 19:35:33,965 - ADV_Generation_eps_4.0_steps_100 - INFO - Batch 61/237: Clean accuracy 0.7449 | Adv accuracy: 0.0000 
2025-08-04 19:35:33,974 - ADV_Generation_eps_4.0_steps_100 - INFO - Batch:[61] Adversarial images for this batch already exist
2025-08-04 19:35:34,778 - ADV_Generation_eps_4.0_steps_100 - INFO - Batch 62/237: Clean accuracy 0.7409 | Adv accuracy: 0.0000 
2025-08-04 19:35:34,794 - ADV_Generation_eps_4.0_steps_100 - INFO - Batch:[62] Adversarial images for this batch already exist
2025-08-04 19:35:35,494 - ADV_Generation_eps_4.0_steps_100 - INFO - Batch 63/237: Clean accuracy 0.7440 | Adv accuracy: 0.0000 
2025-08-04 19:35:35,504 - ADV_Generation_eps_4.0_steps_100 - INFO - Batch:[63] Adversarial images for this batch already exist
2025-08-04 19:35:36,206 - ADV_Generation_eps_4.0_steps_100 - INFO - Batch 64/237: Clean accuracy 0.7461 | Adv accuracy: 0.0000 
2025-08-04 19:35:36,215 - ADV_Generation_eps_4.0_steps_100 - INFO - Batch:[64] Adversarial images for this batch already exist
2025-08-04 19:35:36,946 - ADV_Generation_eps_4.0_steps_100 - INFO - Batch 65/237: Clean accuracy 0.7442 | Adv accuracy: 0.0000 
2025-08-04 19:35:36,956 - ADV_Generation_eps_4.0_steps_100 - INFO - Batch:[65] Adversarial images for this batch already exist
2025-08-04 19:35:37,671 - ADV_Generation_eps_4.0_steps_100 - INFO - Batch 66/237: Clean accuracy 0.7472 | Adv accuracy: 0.0000 
2025-08-04 19:35:37,680 - ADV_Generation_eps_4.0_steps_100 - INFO - Batch:[66] Adversarial images for this batch already exist
2025-08-04 19:35:38,438 - ADV_Generation_eps_4.0_steps_100 - INFO - Batch 67/237: Clean accuracy 0.7435 | Adv accuracy: 0.0000 
2025-08-04 19:35:38,447 - ADV_Generation_eps_4.0_steps_100 - INFO - Batch:[67] Adversarial images for this batch already exist
2025-08-04 19:35:39,224 - ADV_Generation_eps_4.0_steps_100 - INFO - Batch 68/237: Clean accuracy 0.7463 | Adv accuracy: 0.0000 
2025-08-04 19:35:39,233 - ADV_Generation_eps_4.0_steps_100 - INFO - Batch:[68] Adversarial images for this batch already exist
2025-08-04 19:35:39,874 - ADV_Generation_eps_4.0_steps_100 - INFO - Batch 69/237: Clean accuracy 0.7500 | Adv accuracy: 0.0000 
2025-08-04 19:35:39,883 - ADV_Generation_eps_4.0_steps_100 - INFO - Batch:[69] Adversarial images for this batch already exist
2025-08-04 19:35:40,711 - ADV_Generation_eps_4.0_steps_100 - INFO - Batch 70/237: Clean accuracy 0.7509 | Adv accuracy: 0.0000 
2025-08-04 19:35:40,722 - ADV_Generation_eps_4.0_steps_100 - INFO - Batch:[70] Adversarial images for this batch already exist
2025-08-04 19:35:41,458 - ADV_Generation_eps_4.0_steps_100 - INFO - Batch 71/237: Clean accuracy 0.7544 | Adv accuracy: 0.0000 
2025-08-04 19:35:41,467 - ADV_Generation_eps_4.0_steps_100 - INFO - Batch:[71] Adversarial images for this batch already exist
2025-08-04 19:35:42,119 - ADV_Generation_eps_4.0_steps_100 - INFO - Batch 72/237: Clean accuracy 0.7552 | Adv accuracy: 0.0000 
2025-08-04 19:35:42,128 - ADV_Generation_eps_4.0_steps_100 - INFO - Batch:[72] Adversarial images for this batch already exist
2025-08-04 19:35:42,813 - ADV_Generation_eps_4.0_steps_100 - INFO - Batch 73/237: Clean accuracy 0.7534 | Adv accuracy: 0.0000 
2025-08-04 19:35:42,823 - ADV_Generation_eps_4.0_steps_100 - INFO - Batch:[73] Adversarial images for this batch already exist
2025-08-04 19:35:43,544 - ADV_Generation_eps_4.0_steps_100 - INFO - Batch 74/237: Clean accuracy 0.7534 | Adv accuracy: 0.0000 
2025-08-04 19:35:43,555 - ADV_Generation_eps_4.0_steps_100 - INFO - Batch:[74] Adversarial images for this batch already exist
2025-08-04 19:35:44,393 - ADV_Generation_eps_4.0_steps_100 - INFO - Batch 75/237: Clean accuracy 0.7458 | Adv accuracy: 0.0000 
2025-08-04 19:35:44,402 - ADV_Generation_eps_4.0_steps_100 - INFO - Batch:[75] Adversarial images for this batch already exist
2025-08-04 19:35:45,120 - ADV_Generation_eps_4.0_steps_100 - INFO - Batch 76/237: Clean accuracy 0.7434 | Adv accuracy: 0.0000 
2025-08-04 19:35:45,137 - ADV_Generation_eps_4.0_steps_100 - INFO - Batch:[76] Adversarial images for this batch already exist
2025-08-04 19:35:45,991 - ADV_Generation_eps_4.0_steps_100 - INFO - Batch 77/237: Clean accuracy 0.7403 | Adv accuracy: 0.0000 
2025-08-04 19:35:46,009 - ADV_Generation_eps_4.0_steps_100 - INFO - Batch:[77] Adversarial images for this batch already exist
2025-08-04 19:35:46,672 - ADV_Generation_eps_4.0_steps_100 - INFO - Batch 78/237: Clean accuracy 0.7428 | Adv accuracy: 0.0000 
2025-08-04 19:35:46,681 - ADV_Generation_eps_4.0_steps_100 - INFO - Batch:[78] Adversarial images for this batch already exist
2025-08-04 19:35:47,360 - ADV_Generation_eps_4.0_steps_100 - INFO - Batch 79/237: Clean accuracy 0.7460 | Adv accuracy: 0.0000 
2025-08-04 19:35:47,378 - ADV_Generation_eps_4.0_steps_100 - INFO - Batch:[79] Adversarial images for this batch already exist
2025-08-04 19:35:48,089 - ADV_Generation_eps_4.0_steps_100 - INFO - Batch 80/237: Clean accuracy 0.7445 | Adv accuracy: 0.0000 
2025-08-04 19:35:48,098 - ADV_Generation_eps_4.0_steps_100 - INFO - Batch:[80] Adversarial images for this batch already exist
2025-08-04 19:35:48,915 - ADV_Generation_eps_4.0_steps_100 - INFO - Batch 81/237: Clean accuracy 0.7454 | Adv accuracy: 0.0000 
2025-08-04 19:35:48,924 - ADV_Generation_eps_4.0_steps_100 - INFO - Batch:[81] Adversarial images for this batch already exist
2025-08-04 19:35:49,685 - ADV_Generation_eps_4.0_steps_100 - INFO - Batch 82/237: Clean accuracy 0.7409 | Adv accuracy: 0.0000 
2025-08-04 19:35:49,695 - ADV_Generation_eps_4.0_steps_100 - INFO - Batch:[82] Adversarial images for this batch already exist
2025-08-04 19:35:50,362 - ADV_Generation_eps_4.0_steps_100 - INFO - Batch 83/237: Clean accuracy 0.7387 | Adv accuracy: 0.0000 
2025-08-04 19:35:50,372 - ADV_Generation_eps_4.0_steps_100 - INFO - Batch:[83] Adversarial images for this batch already exist
2025-08-04 19:35:51,075 - ADV_Generation_eps_4.0_steps_100 - INFO - Batch 84/237: Clean accuracy 0.7374 | Adv accuracy: 0.0000 
2025-08-04 19:35:51,096 - ADV_Generation_eps_4.0_steps_100 - INFO - Batch:[84] Adversarial images for this batch already exist
2025-08-04 19:35:51,824 - ADV_Generation_eps_4.0_steps_100 - INFO - Batch 85/237: Clean accuracy 0.7324 | Adv accuracy: 0.0000 
2025-08-04 19:35:51,837 - ADV_Generation_eps_4.0_steps_100 - INFO - Batch:[85] Adversarial images for this batch already exist
2025-08-04 19:35:52,565 - ADV_Generation_eps_4.0_steps_100 - INFO - Batch 86/237: Clean accuracy 0.7275 | Adv accuracy: 0.0000 
2025-08-04 19:35:52,575 - ADV_Generation_eps_4.0_steps_100 - INFO - Batch:[86] Adversarial images for this batch already exist
2025-08-04 19:35:53,425 - ADV_Generation_eps_4.0_steps_100 - INFO - Batch 87/237: Clean accuracy 0.7306 | Adv accuracy: 0.0000 
2025-08-04 19:35:53,435 - ADV_Generation_eps_4.0_steps_100 - INFO - Batch:[87] Adversarial images for this batch already exist
2025-08-04 19:35:54,107 - ADV_Generation_eps_4.0_steps_100 - INFO - Batch 88/237: Clean accuracy 0.7315 | Adv accuracy: 0.0000 
2025-08-04 19:35:54,116 - ADV_Generation_eps_4.0_steps_100 - INFO - Batch:[88] Adversarial images for this batch already exist
2025-08-04 19:35:54,838 - ADV_Generation_eps_4.0_steps_100 - INFO - Batch 89/237: Clean accuracy 0.7268 | Adv accuracy: 0.0000 
2025-08-04 19:35:54,847 - ADV_Generation_eps_4.0_steps_100 - INFO - Batch:[89] Adversarial images for this batch already exist
2025-08-04 19:35:55,539 - ADV_Generation_eps_4.0_steps_100 - INFO - Batch 90/237: Clean accuracy 0.7222 | Adv accuracy: 0.0000 
2025-08-04 19:35:55,549 - ADV_Generation_eps_4.0_steps_100 - INFO - Batch:[90] Adversarial images for this batch already exist
2025-08-04 19:35:56,191 - ADV_Generation_eps_4.0_steps_100 - INFO - Batch 91/237: Clean accuracy 0.7198 | Adv accuracy: 0.0000 
2025-08-04 19:35:56,207 - ADV_Generation_eps_4.0_steps_100 - INFO - Batch:[91] Adversarial images for this batch already exist
2025-08-04 19:35:56,884 - ADV_Generation_eps_4.0_steps_100 - INFO - Batch 92/237: Clean accuracy 0.7167 | Adv accuracy: 0.0000 
2025-08-04 19:35:56,893 - ADV_Generation_eps_4.0_steps_100 - INFO - Batch:[92] Adversarial images for this batch already exist
2025-08-04 19:35:57,568 - ADV_Generation_eps_4.0_steps_100 - INFO - Batch 93/237: Clean accuracy 0.7124 | Adv accuracy: 0.0000 
2025-08-04 19:35:57,583 - ADV_Generation_eps_4.0_steps_100 - INFO - Batch:[93] Adversarial images for this batch already exist
2025-08-04 19:35:58,437 - ADV_Generation_eps_4.0_steps_100 - INFO - Batch 94/237: Clean accuracy 0.7068 | Adv accuracy: 0.0000 
2025-08-04 19:35:58,458 - ADV_Generation_eps_4.0_steps_100 - INFO - Batch:[94] Adversarial images for this batch already exist
2025-08-04 19:35:59,401 - ADV_Generation_eps_4.0_steps_100 - INFO - Batch 95/237: Clean accuracy 0.7033 | Adv accuracy: 0.0000 
2025-08-04 19:35:59,410 - ADV_Generation_eps_4.0_steps_100 - INFO - Batch:[95] Adversarial images for this batch already exist
2025-08-04 19:36:00,079 - ADV_Generation_eps_4.0_steps_100 - INFO - Batch 96/237: Clean accuracy 0.7064 | Adv accuracy: 0.0000 
2025-08-04 19:36:00,089 - ADV_Generation_eps_4.0_steps_100 - INFO - Batch:[96] Adversarial images for this batch already exist
2025-08-04 19:36:00,736 - ADV_Generation_eps_4.0_steps_100 - INFO - Batch 97/237: Clean accuracy 0.7094 | Adv accuracy: 0.0000 
2025-08-04 19:36:00,746 - ADV_Generation_eps_4.0_steps_100 - INFO - Batch:[97] Adversarial images for this batch already exist
2025-08-04 19:36:01,394 - ADV_Generation_eps_4.0_steps_100 - INFO - Batch 98/237: Clean accuracy 0.7124 | Adv accuracy: 0.0000 
2025-08-04 19:36:01,404 - ADV_Generation_eps_4.0_steps_100 - INFO - Batch:[98] Adversarial images for this batch already exist
2025-08-04 19:36:02,084 - ADV_Generation_eps_4.0_steps_100 - INFO - Batch 99/237: Clean accuracy 0.7153 | Adv accuracy: 0.0000 
2025-08-04 19:36:02,093 - ADV_Generation_eps_4.0_steps_100 - INFO - Batch:[99] Adversarial images for this batch already exist
2025-08-04 19:36:02,823 - ADV_Generation_eps_4.0_steps_100 - INFO - Batch 100/237: Clean accuracy 0.7181 | Adv accuracy: 0.0000 
2025-08-04 19:36:02,833 - ADV_Generation_eps_4.0_steps_100 - INFO - Batch:[100] Adversarial images for this batch already exist
2025-08-04 19:36:03,524 - ADV_Generation_eps_4.0_steps_100 - INFO - Batch 101/237: Clean accuracy 0.7191 | Adv accuracy: 0.0000 
2025-08-04 19:36:03,533 - ADV_Generation_eps_4.0_steps_100 - INFO - Batch:[101] Adversarial images for this batch already exist
2025-08-04 19:36:04,223 - ADV_Generation_eps_4.0_steps_100 - INFO - Batch 102/237: Clean accuracy 0.7169 | Adv accuracy: 0.0000 
2025-08-04 19:36:04,233 - ADV_Generation_eps_4.0_steps_100 - INFO - Batch:[102] Adversarial images for this batch already exist
2025-08-04 19:36:04,877 - ADV_Generation_eps_4.0_steps_100 - INFO - Batch 103/237: Clean accuracy 0.7197 | Adv accuracy: 0.0000 
2025-08-04 19:36:04,894 - ADV_Generation_eps_4.0_steps_100 - INFO - Batch:[103] Adversarial images for this batch already exist
2025-08-04 19:36:05,645 - ADV_Generation_eps_4.0_steps_100 - INFO - Batch 104/237: Clean accuracy 0.7224 | Adv accuracy: 0.0000 
2025-08-04 19:36:05,655 - ADV_Generation_eps_4.0_steps_100 - INFO - Batch:[104] Adversarial images for this batch already exist
2025-08-04 19:36:06,407 - ADV_Generation_eps_4.0_steps_100 - INFO - Batch 105/237: Clean accuracy 0.7250 | Adv accuracy: 0.0000 
2025-08-04 19:36:06,418 - ADV_Generation_eps_4.0_steps_100 - INFO - Batch:[105] Adversarial images for this batch already exist
2025-08-04 19:36:07,072 - ADV_Generation_eps_4.0_steps_100 - INFO - Batch 106/237: Clean accuracy 0.7217 | Adv accuracy: 0.0000 
2025-08-04 19:36:07,081 - ADV_Generation_eps_4.0_steps_100 - INFO - Batch:[106] Adversarial images for this batch already exist
2025-08-04 19:36:07,859 - ADV_Generation_eps_4.0_steps_100 - INFO - Batch 107/237: Clean accuracy 0.7179 | Adv accuracy: 0.0000 
2025-08-04 19:36:07,957 - ADV_Generation_eps_4.0_steps_100 - INFO - Batch:[107] Adversarial images for this batch already exist
2025-08-04 19:36:08,649 - ADV_Generation_eps_4.0_steps_100 - INFO - Batch 108/237: Clean accuracy 0.7112 | Adv accuracy: 0.0000 
2025-08-04 19:36:08,658 - ADV_Generation_eps_4.0_steps_100 - INFO - Batch:[108] Adversarial images for this batch already exist
2025-08-04 19:36:09,427 - ADV_Generation_eps_4.0_steps_100 - INFO - Batch 109/237: Clean accuracy 0.7047 | Adv accuracy: 0.0000 
2025-08-04 19:36:09,442 - ADV_Generation_eps_4.0_steps_100 - INFO - Batch:[109] Adversarial images for this batch already exist
2025-08-04 19:36:10,096 - ADV_Generation_eps_4.0_steps_100 - INFO - Batch 110/237: Clean accuracy 0.7006 | Adv accuracy: 0.0000 
2025-08-04 19:36:10,106 - ADV_Generation_eps_4.0_steps_100 - INFO - Batch:[110] Adversarial images for this batch already exist
2025-08-04 19:36:10,808 - ADV_Generation_eps_4.0_steps_100 - INFO - Batch 111/237: Clean accuracy 0.6954 | Adv accuracy: 0.0000 
2025-08-04 19:36:10,838 - ADV_Generation_eps_4.0_steps_100 - INFO - Batch:[111] Adversarial images for this batch already exist
2025-08-04 19:36:11,538 - ADV_Generation_eps_4.0_steps_100 - INFO - Batch 112/237: Clean accuracy 0.6948 | Adv accuracy: 0.0000 
2025-08-04 19:36:11,547 - ADV_Generation_eps_4.0_steps_100 - INFO - Batch:[112] Adversarial images for this batch already exist
2025-08-04 19:36:12,386 - ADV_Generation_eps_4.0_steps_100 - INFO - Batch 113/237: Clean accuracy 0.6908 | Adv accuracy: 0.0000 
2025-08-04 19:36:12,396 - ADV_Generation_eps_4.0_steps_100 - INFO - Batch:[113] Adversarial images for this batch already exist
2025-08-04 19:36:13,079 - ADV_Generation_eps_4.0_steps_100 - INFO - Batch 114/237: Clean accuracy 0.6875 | Adv accuracy: 0.0000 
2025-08-04 19:36:13,089 - ADV_Generation_eps_4.0_steps_100 - INFO - Batch:[114] Adversarial images for this batch already exist
2025-08-04 19:36:13,817 - ADV_Generation_eps_4.0_steps_100 - INFO - Batch 115/237: Clean accuracy 0.6886 | Adv accuracy: 0.0000 
2025-08-04 19:36:13,826 - ADV_Generation_eps_4.0_steps_100 - INFO - Batch:[115] Adversarial images for this batch already exist
2025-08-04 19:36:14,692 - ADV_Generation_eps_4.0_steps_100 - INFO - Batch 116/237: Clean accuracy 0.6897 | Adv accuracy: 0.0000 
2025-08-04 19:36:14,707 - ADV_Generation_eps_4.0_steps_100 - INFO - Batch:[116] Adversarial images for this batch already exist
2025-08-04 19:36:15,589 - ADV_Generation_eps_4.0_steps_100 - INFO - Batch 117/237: Clean accuracy 0.6918 | Adv accuracy: 0.0000 
2025-08-04 19:36:15,598 - ADV_Generation_eps_4.0_steps_100 - INFO - Batch:[117] Adversarial images for this batch already exist
2025-08-04 19:36:16,230 - ADV_Generation_eps_4.0_steps_100 - INFO - Batch 118/237: Clean accuracy 0.6944 | Adv accuracy: 0.0000 
2025-08-04 19:36:16,239 - ADV_Generation_eps_4.0_steps_100 - INFO - Batch:[118] Adversarial images for this batch already exist
2025-08-04 19:36:16,958 - ADV_Generation_eps_4.0_steps_100 - INFO - Batch 119/237: Clean accuracy 0.6970 | Adv accuracy: 0.0000 
2025-08-04 19:36:16,968 - ADV_Generation_eps_4.0_steps_100 - INFO - Batch:[119] Adversarial images for this batch already exist
2025-08-04 19:36:17,656 - ADV_Generation_eps_4.0_steps_100 - INFO - Batch 120/237: Clean accuracy 0.6974 | Adv accuracy: 0.0000 
2025-08-04 19:36:17,666 - ADV_Generation_eps_4.0_steps_100 - INFO - Batch:[120] Adversarial images for this batch already exist
2025-08-04 19:36:18,349 - ADV_Generation_eps_4.0_steps_100 - INFO - Batch 121/237: Clean accuracy 0.6963 | Adv accuracy: 0.0000 
2025-08-04 19:36:18,358 - ADV_Generation_eps_4.0_steps_100 - INFO - Batch:[121] Adversarial images for this batch already exist
2025-08-04 19:36:19,108 - ADV_Generation_eps_4.0_steps_100 - INFO - Batch 122/237: Clean accuracy 0.6952 | Adv accuracy: 0.0000 
2025-08-04 19:36:19,117 - ADV_Generation_eps_4.0_steps_100 - INFO - Batch:[122] Adversarial images for this batch already exist
2025-08-04 19:36:19,832 - ADV_Generation_eps_4.0_steps_100 - INFO - Batch 123/237: Clean accuracy 0.6931 | Adv accuracy: 0.0000 
2025-08-04 19:36:19,841 - ADV_Generation_eps_4.0_steps_100 - INFO - Batch:[123] Adversarial images for this batch already exist
2025-08-04 19:36:20,651 - ADV_Generation_eps_4.0_steps_100 - INFO - Batch 124/237: Clean accuracy 0.6941 | Adv accuracy: 0.0000 
2025-08-04 19:36:20,661 - ADV_Generation_eps_4.0_steps_100 - INFO - Batch:[124] Adversarial images for this batch already exist
2025-08-04 19:36:21,321 - ADV_Generation_eps_4.0_steps_100 - INFO - Batch 125/237: Clean accuracy 0.6965 | Adv accuracy: 0.0000 
2025-08-04 19:36:21,330 - ADV_Generation_eps_4.0_steps_100 - INFO - Batch:[125] Adversarial images for this batch already exist
2025-08-04 19:36:21,956 - ADV_Generation_eps_4.0_steps_100 - INFO - Batch 126/237: Clean accuracy 0.6989 | Adv accuracy: 0.0000 
2025-08-04 19:36:21,965 - ADV_Generation_eps_4.0_steps_100 - INFO - Batch:[126] Adversarial images for this batch already exist
2025-08-04 19:36:22,715 - ADV_Generation_eps_4.0_steps_100 - INFO - Batch 127/237: Clean accuracy 0.7008 | Adv accuracy: 0.0000 
2025-08-04 19:36:22,724 - ADV_Generation_eps_4.0_steps_100 - INFO - Batch:[127] Adversarial images for this batch already exist
2025-08-04 19:36:23,473 - ADV_Generation_eps_4.0_steps_100 - INFO - Batch 128/237: Clean accuracy 0.6987 | Adv accuracy: 0.0000 
2025-08-04 19:36:23,482 - ADV_Generation_eps_4.0_steps_100 - INFO - Batch:[128] Adversarial images for this batch already exist
2025-08-04 19:36:24,255 - ADV_Generation_eps_4.0_steps_100 - INFO - Batch 129/237: Clean accuracy 0.6986 | Adv accuracy: 0.0000 
2025-08-04 19:36:24,264 - ADV_Generation_eps_4.0_steps_100 - INFO - Batch:[129] Adversarial images for this batch already exist
2025-08-04 19:36:24,923 - ADV_Generation_eps_4.0_steps_100 - INFO - Batch 130/237: Clean accuracy 0.6995 | Adv accuracy: 0.0000 
2025-08-04 19:36:24,932 - ADV_Generation_eps_4.0_steps_100 - INFO - Batch:[130] Adversarial images for this batch already exist
2025-08-04 19:36:25,736 - ADV_Generation_eps_4.0_steps_100 - INFO - Batch 131/237: Clean accuracy 0.6956 | Adv accuracy: 0.0000 
2025-08-04 19:36:25,746 - ADV_Generation_eps_4.0_steps_100 - INFO - Batch:[131] Adversarial images for this batch already exist
2025-08-04 19:36:26,519 - ADV_Generation_eps_4.0_steps_100 - INFO - Batch 132/237: Clean accuracy 0.6922 | Adv accuracy: 0.0000 
2025-08-04 19:36:26,529 - ADV_Generation_eps_4.0_steps_100 - INFO - Batch:[132] Adversarial images for this batch already exist
2025-08-04 19:36:27,294 - ADV_Generation_eps_4.0_steps_100 - INFO - Batch 133/237: Clean accuracy 0.6875 | Adv accuracy: 0.0000 
2025-08-04 19:36:27,304 - ADV_Generation_eps_4.0_steps_100 - INFO - Batch:[133] Adversarial images for this batch already exist
2025-08-04 19:36:28,079 - ADV_Generation_eps_4.0_steps_100 - INFO - Batch 134/237: Clean accuracy 0.6824 | Adv accuracy: 0.0000 
2025-08-04 19:36:28,098 - ADV_Generation_eps_4.0_steps_100 - INFO - Batch:[134] Adversarial images for this batch already exist
2025-08-04 19:36:28,765 - ADV_Generation_eps_4.0_steps_100 - INFO - Batch 135/237: Clean accuracy 0.6796 | Adv accuracy: 0.0000 
2025-08-04 19:36:28,776 - ADV_Generation_eps_4.0_steps_100 - INFO - Batch:[135] Adversarial images for this batch already exist
2025-08-04 19:36:29,476 - ADV_Generation_eps_4.0_steps_100 - INFO - Batch 136/237: Clean accuracy 0.6792 | Adv accuracy: 0.0000 
2025-08-04 19:36:29,485 - ADV_Generation_eps_4.0_steps_100 - INFO - Batch:[136] Adversarial images for this batch already exist
2025-08-04 19:36:30,125 - ADV_Generation_eps_4.0_steps_100 - INFO - Batch 137/237: Clean accuracy 0.6784 | Adv accuracy: 0.0000 
2025-08-04 19:36:30,134 - ADV_Generation_eps_4.0_steps_100 - INFO - Batch:[137] Adversarial images for this batch already exist
2025-08-04 19:36:30,874 - ADV_Generation_eps_4.0_steps_100 - INFO - Batch 138/237: Clean accuracy 0.6807 | Adv accuracy: 0.0000 
2025-08-04 19:36:30,884 - ADV_Generation_eps_4.0_steps_100 - INFO - Batch:[138] Adversarial images for this batch already exist
2025-08-04 19:36:31,577 - ADV_Generation_eps_4.0_steps_100 - INFO - Batch 139/237: Clean accuracy 0.6830 | Adv accuracy: 0.0000 
2025-08-04 19:36:31,587 - ADV_Generation_eps_4.0_steps_100 - INFO - Batch:[139] Adversarial images for this batch already exist
2025-08-04 19:36:32,245 - ADV_Generation_eps_4.0_steps_100 - INFO - Batch 140/237: Clean accuracy 0.6817 | Adv accuracy: 0.0000 
2025-08-04 19:36:32,255 - ADV_Generation_eps_4.0_steps_100 - INFO - Batch:[140] Adversarial images for this batch already exist
2025-08-04 19:36:32,955 - ADV_Generation_eps_4.0_steps_100 - INFO - Batch 141/237: Clean accuracy 0.6769 | Adv accuracy: 0.0000 
2025-08-04 19:36:32,975 - ADV_Generation_eps_4.0_steps_100 - INFO - Batch:[141] Adversarial images for this batch already exist
2025-08-04 19:36:33,702 - ADV_Generation_eps_4.0_steps_100 - INFO - Batch 142/237: Clean accuracy 0.6725 | Adv accuracy: 0.0000 
2025-08-04 19:36:33,711 - ADV_Generation_eps_4.0_steps_100 - INFO - Batch:[142] Adversarial images for this batch already exist
2025-08-04 19:36:34,411 - ADV_Generation_eps_4.0_steps_100 - INFO - Batch 143/237: Clean accuracy 0.6748 | Adv accuracy: 0.0000 
2025-08-04 19:36:34,422 - ADV_Generation_eps_4.0_steps_100 - INFO - Batch:[143] Adversarial images for this batch already exist
2025-08-04 19:36:35,097 - ADV_Generation_eps_4.0_steps_100 - INFO - Batch 144/237: Clean accuracy 0.6771 | Adv accuracy: 0.0000 
2025-08-04 19:36:35,109 - ADV_Generation_eps_4.0_steps_100 - INFO - Batch:[144] Adversarial images for this batch already exist
2025-08-04 19:36:35,820 - ADV_Generation_eps_4.0_steps_100 - INFO - Batch 145/237: Clean accuracy 0.6793 | Adv accuracy: 0.0000 
2025-08-04 19:36:35,829 - ADV_Generation_eps_4.0_steps_100 - INFO - Batch:[145] Adversarial images for this batch already exist
2025-08-04 19:36:36,526 - ADV_Generation_eps_4.0_steps_100 - INFO - Batch 146/237: Clean accuracy 0.6815 | Adv accuracy: 0.0000 
2025-08-04 19:36:36,554 - ADV_Generation_eps_4.0_steps_100 - INFO - Batch:[146] Adversarial images for this batch already exist
2025-08-04 19:36:37,236 - ADV_Generation_eps_4.0_steps_100 - INFO - Batch 147/237: Clean accuracy 0.6837 | Adv accuracy: 0.0000 
2025-08-04 19:36:37,245 - ADV_Generation_eps_4.0_steps_100 - INFO - Batch:[147] Adversarial images for this batch already exist
2025-08-04 19:36:38,096 - ADV_Generation_eps_4.0_steps_100 - INFO - Batch 148/237: Clean accuracy 0.6858 | Adv accuracy: 0.0000 
2025-08-04 19:36:38,105 - ADV_Generation_eps_4.0_steps_100 - INFO - Batch:[148] Adversarial images for this batch already exist
2025-08-04 19:36:38,925 - ADV_Generation_eps_4.0_steps_100 - INFO - Batch 149/237: Clean accuracy 0.6879 | Adv accuracy: 0.0000 
2025-08-04 19:36:38,935 - ADV_Generation_eps_4.0_steps_100 - INFO - Batch:[149] Adversarial images for this batch already exist
2025-08-04 19:36:39,776 - ADV_Generation_eps_4.0_steps_100 - INFO - Batch 150/237: Clean accuracy 0.6900 | Adv accuracy: 0.0000 
2025-08-04 19:36:39,785 - ADV_Generation_eps_4.0_steps_100 - INFO - Batch:[150] Adversarial images for this batch already exist
2025-08-04 19:36:40,549 - ADV_Generation_eps_4.0_steps_100 - INFO - Batch 151/237: Clean accuracy 0.6908 | Adv accuracy: 0.0000 
2025-08-04 19:36:40,559 - ADV_Generation_eps_4.0_steps_100 - INFO - Batch:[151] Adversarial images for this batch already exist
2025-08-04 19:36:41,252 - ADV_Generation_eps_4.0_steps_100 - INFO - Batch 152/237: Clean accuracy 0.6924 | Adv accuracy: 0.0000 
2025-08-04 19:36:41,262 - ADV_Generation_eps_4.0_steps_100 - INFO - Batch:[152] Adversarial images for this batch already exist
2025-08-04 19:36:41,904 - ADV_Generation_eps_4.0_steps_100 - INFO - Batch 153/237: Clean accuracy 0.6944 | Adv accuracy: 0.0000 
2025-08-04 19:36:41,914 - ADV_Generation_eps_4.0_steps_100 - INFO - Batch:[153] Adversarial images for this batch already exist
2025-08-04 19:36:42,726 - ADV_Generation_eps_4.0_steps_100 - INFO - Batch 154/237: Clean accuracy 0.6964 | Adv accuracy: 0.0000 
2025-08-04 19:36:42,735 - ADV_Generation_eps_4.0_steps_100 - INFO - Batch:[154] Adversarial images for this batch already exist
2025-08-04 19:36:43,458 - ADV_Generation_eps_4.0_steps_100 - INFO - Batch 155/237: Clean accuracy 0.6984 | Adv accuracy: 0.0000 
2025-08-04 19:36:43,467 - ADV_Generation_eps_4.0_steps_100 - INFO - Batch:[155] Adversarial images for this batch already exist
2025-08-04 19:36:44,155 - ADV_Generation_eps_4.0_steps_100 - INFO - Batch 156/237: Clean accuracy 0.7003 | Adv accuracy: 0.0000 
2025-08-04 19:36:44,164 - ADV_Generation_eps_4.0_steps_100 - INFO - Batch:[156] Adversarial images for this batch already exist
2025-08-04 19:36:44,875 - ADV_Generation_eps_4.0_steps_100 - INFO - Batch 157/237: Clean accuracy 0.7010 | Adv accuracy: 0.0000 
2025-08-04 19:36:44,884 - ADV_Generation_eps_4.0_steps_100 - INFO - Batch:[157] Adversarial images for this batch already exist
2025-08-04 19:36:45,565 - ADV_Generation_eps_4.0_steps_100 - INFO - Batch 158/237: Clean accuracy 0.7029 | Adv accuracy: 0.0000 
2025-08-04 19:36:45,575 - ADV_Generation_eps_4.0_steps_100 - INFO - Batch:[158] Adversarial images for this batch already exist
2025-08-04 19:36:46,233 - ADV_Generation_eps_4.0_steps_100 - INFO - Batch 159/237: Clean accuracy 0.7048 | Adv accuracy: 0.0000 
2025-08-04 19:36:46,251 - ADV_Generation_eps_4.0_steps_100 - INFO - Batch:[159] Adversarial images for this batch already exist
2025-08-04 19:36:46,877 - ADV_Generation_eps_4.0_steps_100 - INFO - Batch 160/237: Clean accuracy 0.7004 | Adv accuracy: 0.0000 
2025-08-04 19:36:46,886 - ADV_Generation_eps_4.0_steps_100 - INFO - Batch:[160] Adversarial images for this batch already exist
2025-08-04 19:36:47,610 - ADV_Generation_eps_4.0_steps_100 - INFO - Batch 161/237: Clean accuracy 0.6984 | Adv accuracy: 0.0000 
2025-08-04 19:36:47,620 - ADV_Generation_eps_4.0_steps_100 - INFO - Batch:[161] Adversarial images for this batch already exist
2025-08-04 19:36:48,287 - ADV_Generation_eps_4.0_steps_100 - INFO - Batch 162/237: Clean accuracy 0.6975 | Adv accuracy: 0.0000 
2025-08-04 19:36:48,297 - ADV_Generation_eps_4.0_steps_100 - INFO - Batch:[162] Adversarial images for this batch already exist
2025-08-04 19:36:49,090 - ADV_Generation_eps_4.0_steps_100 - INFO - Batch 163/237: Clean accuracy 0.6982 | Adv accuracy: 0.0000 
2025-08-04 19:36:49,101 - ADV_Generation_eps_4.0_steps_100 - INFO - Batch:[163] Adversarial images for this batch already exist
2025-08-04 19:36:49,787 - ADV_Generation_eps_4.0_steps_100 - INFO - Batch 164/237: Clean accuracy 0.6966 | Adv accuracy: 0.0000 
2025-08-04 19:36:49,798 - ADV_Generation_eps_4.0_steps_100 - INFO - Batch:[164] Adversarial images for this batch already exist
2025-08-04 19:36:50,534 - ADV_Generation_eps_4.0_steps_100 - INFO - Batch 165/237: Clean accuracy 0.6981 | Adv accuracy: 0.0000 
2025-08-04 19:36:50,544 - ADV_Generation_eps_4.0_steps_100 - INFO - Batch:[165] Adversarial images for this batch already exist
2025-08-04 19:36:51,207 - ADV_Generation_eps_4.0_steps_100 - INFO - Batch 166/237: Clean accuracy 0.6962 | Adv accuracy: 0.0000 
2025-08-04 19:36:51,217 - ADV_Generation_eps_4.0_steps_100 - INFO - Batch:[166] Adversarial images for this batch already exist
2025-08-04 19:36:51,913 - ADV_Generation_eps_4.0_steps_100 - INFO - Batch 167/237: Clean accuracy 0.6957 | Adv accuracy: 0.0000 
2025-08-04 19:36:51,923 - ADV_Generation_eps_4.0_steps_100 - INFO - Batch:[167] Adversarial images for this batch already exist
2025-08-04 19:36:52,752 - ADV_Generation_eps_4.0_steps_100 - INFO - Batch 168/237: Clean accuracy 0.6946 | Adv accuracy: 0.0000 
2025-08-04 19:36:52,762 - ADV_Generation_eps_4.0_steps_100 - INFO - Batch:[168] Adversarial images for this batch already exist
2025-08-04 19:36:53,629 - ADV_Generation_eps_4.0_steps_100 - INFO - Batch 169/237: Clean accuracy 0.6960 | Adv accuracy: 0.0000 
2025-08-04 19:36:53,646 - ADV_Generation_eps_4.0_steps_100 - INFO - Batch:[169] Adversarial images for this batch already exist
2025-08-04 19:36:54,430 - ADV_Generation_eps_4.0_steps_100 - INFO - Batch 170/237: Clean accuracy 0.6971 | Adv accuracy: 0.0000 
2025-08-04 19:36:54,439 - ADV_Generation_eps_4.0_steps_100 - INFO - Batch:[170] Adversarial images for this batch already exist
2025-08-04 19:36:55,095 - ADV_Generation_eps_4.0_steps_100 - INFO - Batch 171/237: Clean accuracy 0.6981 | Adv accuracy: 0.0000 
2025-08-04 19:36:55,105 - ADV_Generation_eps_4.0_steps_100 - INFO - Batch:[171] Adversarial images for this batch already exist
2025-08-04 19:36:55,788 - ADV_Generation_eps_4.0_steps_100 - INFO - Batch 172/237: Clean accuracy 0.6999 | Adv accuracy: 0.0000 
2025-08-04 19:36:55,797 - ADV_Generation_eps_4.0_steps_100 - INFO - Batch:[172] Adversarial images for this batch already exist
2025-08-04 19:36:56,488 - ADV_Generation_eps_4.0_steps_100 - INFO - Batch 173/237: Clean accuracy 0.7016 | Adv accuracy: 0.0000 
2025-08-04 19:36:56,498 - ADV_Generation_eps_4.0_steps_100 - INFO - Batch:[173] Adversarial images for this batch already exist
2025-08-04 19:36:57,173 - ADV_Generation_eps_4.0_steps_100 - INFO - Batch 174/237: Clean accuracy 0.7033 | Adv accuracy: 0.0000 
2025-08-04 19:36:57,183 - ADV_Generation_eps_4.0_steps_100 - INFO - Batch:[174] Adversarial images for this batch already exist
2025-08-04 19:36:57,914 - ADV_Generation_eps_4.0_steps_100 - INFO - Batch 175/237: Clean accuracy 0.7018 | Adv accuracy: 0.0000 
2025-08-04 19:36:57,924 - ADV_Generation_eps_4.0_steps_100 - INFO - Batch:[175] Adversarial images for this batch already exist
2025-08-04 19:36:58,658 - ADV_Generation_eps_4.0_steps_100 - INFO - Batch 176/237: Clean accuracy 0.7003 | Adv accuracy: 0.0000 
2025-08-04 19:36:58,672 - ADV_Generation_eps_4.0_steps_100 - INFO - Batch:[176] Adversarial images for this batch already exist
2025-08-04 19:36:59,378 - ADV_Generation_eps_4.0_steps_100 - INFO - Batch 177/237: Clean accuracy 0.7009 | Adv accuracy: 0.0000 
2025-08-04 19:36:59,387 - ADV_Generation_eps_4.0_steps_100 - INFO - Batch:[177] Adversarial images for this batch already exist
2025-08-04 19:37:00,262 - ADV_Generation_eps_4.0_steps_100 - INFO - Batch 178/237: Clean accuracy 0.7026 | Adv accuracy: 0.0000 
2025-08-04 19:37:00,273 - ADV_Generation_eps_4.0_steps_100 - INFO - Batch:[178] Adversarial images for this batch already exist
2025-08-04 19:37:01,019 - ADV_Generation_eps_4.0_steps_100 - INFO - Batch 179/237: Clean accuracy 0.7025 | Adv accuracy: 0.0000 
2025-08-04 19:37:01,029 - ADV_Generation_eps_4.0_steps_100 - INFO - Batch:[179] Adversarial images for this batch already exist
2025-08-04 19:37:01,740 - ADV_Generation_eps_4.0_steps_100 - INFO - Batch 180/237: Clean accuracy 0.7024 | Adv accuracy: 0.0000 
2025-08-04 19:37:01,751 - ADV_Generation_eps_4.0_steps_100 - INFO - Batch:[180] Adversarial images for this batch already exist
2025-08-04 19:37:02,594 - ADV_Generation_eps_4.0_steps_100 - INFO - Batch 181/237: Clean accuracy 0.7023 | Adv accuracy: 0.0000 
2025-08-04 19:37:02,604 - ADV_Generation_eps_4.0_steps_100 - INFO - Batch:[181] Adversarial images for this batch already exist
2025-08-04 19:37:03,314 - ADV_Generation_eps_4.0_steps_100 - INFO - Batch 182/237: Clean accuracy 0.7040 | Adv accuracy: 0.0000 
2025-08-04 19:37:03,324 - ADV_Generation_eps_4.0_steps_100 - INFO - Batch:[182] Adversarial images for this batch already exist
2025-08-04 19:37:04,099 - ADV_Generation_eps_4.0_steps_100 - INFO - Batch 183/237: Clean accuracy 0.7053 | Adv accuracy: 0.0000 
2025-08-04 19:37:04,109 - ADV_Generation_eps_4.0_steps_100 - INFO - Batch:[183] Adversarial images for this batch already exist
2025-08-04 19:37:04,797 - ADV_Generation_eps_4.0_steps_100 - INFO - Batch 184/237: Clean accuracy 0.7038 | Adv accuracy: 0.0000 
2025-08-04 19:37:04,807 - ADV_Generation_eps_4.0_steps_100 - INFO - Batch:[184] Adversarial images for this batch already exist
2025-08-04 19:37:05,572 - ADV_Generation_eps_4.0_steps_100 - INFO - Batch 185/237: Clean accuracy 0.7000 | Adv accuracy: 0.0000 
2025-08-04 19:37:05,622 - ADV_Generation_eps_4.0_steps_100 - INFO - Batch:[185] Adversarial images for this batch already exist
2025-08-04 19:37:06,261 - ADV_Generation_eps_4.0_steps_100 - INFO - Batch 186/237: Clean accuracy 0.6962 | Adv accuracy: 0.0000 
2025-08-04 19:37:06,272 - ADV_Generation_eps_4.0_steps_100 - INFO - Batch:[186] Adversarial images for this batch already exist
2025-08-04 19:37:06,946 - ADV_Generation_eps_4.0_steps_100 - INFO - Batch 187/237: Clean accuracy 0.6942 | Adv accuracy: 0.0000 
2025-08-04 19:37:06,963 - ADV_Generation_eps_4.0_steps_100 - INFO - Batch:[187] Adversarial images for this batch already exist
2025-08-04 19:37:07,747 - ADV_Generation_eps_4.0_steps_100 - INFO - Batch 188/237: Clean accuracy 0.6958 | Adv accuracy: 0.0000 
2025-08-04 19:37:07,759 - ADV_Generation_eps_4.0_steps_100 - INFO - Batch:[188] Adversarial images for this batch already exist
2025-08-04 19:37:08,513 - ADV_Generation_eps_4.0_steps_100 - INFO - Batch 189/237: Clean accuracy 0.6974 | Adv accuracy: 0.0000 
2025-08-04 19:37:08,522 - ADV_Generation_eps_4.0_steps_100 - INFO - Batch:[189] Adversarial images for this batch already exist
2025-08-04 19:37:09,352 - ADV_Generation_eps_4.0_steps_100 - INFO - Batch 190/237: Clean accuracy 0.6987 | Adv accuracy: 0.0000 
2025-08-04 19:37:09,362 - ADV_Generation_eps_4.0_steps_100 - INFO - Batch:[190] Adversarial images for this batch already exist
2025-08-04 19:37:10,036 - ADV_Generation_eps_4.0_steps_100 - INFO - Batch 191/237: Clean accuracy 0.6993 | Adv accuracy: 0.0000 
2025-08-04 19:37:10,050 - ADV_Generation_eps_4.0_steps_100 - INFO - Batch:[191] Adversarial images for this batch already exist
2025-08-04 19:37:10,742 - ADV_Generation_eps_4.0_steps_100 - INFO - Batch 192/237: Clean accuracy 0.6995 | Adv accuracy: 0.0000 
2025-08-04 19:37:10,753 - ADV_Generation_eps_4.0_steps_100 - INFO - Batch:[192] Adversarial images for this batch already exist
2025-08-04 19:37:11,464 - ADV_Generation_eps_4.0_steps_100 - INFO - Batch 193/237: Clean accuracy 0.6992 | Adv accuracy: 0.0000 
2025-08-04 19:37:11,474 - ADV_Generation_eps_4.0_steps_100 - INFO - Batch:[193] Adversarial images for this batch already exist
2025-08-04 19:37:12,167 - ADV_Generation_eps_4.0_steps_100 - INFO - Batch 194/237: Clean accuracy 0.7007 | Adv accuracy: 0.0000 
2025-08-04 19:37:12,177 - ADV_Generation_eps_4.0_steps_100 - INFO - Batch:[194] Adversarial images for this batch already exist
2025-08-04 19:37:12,915 - ADV_Generation_eps_4.0_steps_100 - INFO - Batch 195/237: Clean accuracy 0.7019 | Adv accuracy: 0.0000 
2025-08-04 19:37:12,925 - ADV_Generation_eps_4.0_steps_100 - INFO - Batch:[195] Adversarial images for this batch already exist
2025-08-04 19:37:13,767 - ADV_Generation_eps_4.0_steps_100 - INFO - Batch 196/237: Clean accuracy 0.7018 | Adv accuracy: 0.0000 
2025-08-04 19:37:13,778 - ADV_Generation_eps_4.0_steps_100 - INFO - Batch:[196] Adversarial images for this batch already exist
2025-08-04 19:37:14,630 - ADV_Generation_eps_4.0_steps_100 - INFO - Batch 197/237: Clean accuracy 0.7024 | Adv accuracy: 0.0000 
2025-08-04 19:37:14,640 - ADV_Generation_eps_4.0_steps_100 - INFO - Batch:[197] Adversarial images for this batch already exist
2025-08-04 19:37:15,346 - ADV_Generation_eps_4.0_steps_100 - INFO - Batch 198/237: Clean accuracy 0.7039 | Adv accuracy: 0.0000 
2025-08-04 19:37:15,357 - ADV_Generation_eps_4.0_steps_100 - INFO - Batch:[198] Adversarial images for this batch already exist
2025-08-04 19:37:16,051 - ADV_Generation_eps_4.0_steps_100 - INFO - Batch 199/237: Clean accuracy 0.7054 | Adv accuracy: 0.0000 
2025-08-04 19:37:16,062 - ADV_Generation_eps_4.0_steps_100 - INFO - Batch:[199] Adversarial images for this batch already exist
2025-08-04 19:37:16,739 - ADV_Generation_eps_4.0_steps_100 - INFO - Batch 200/237: Clean accuracy 0.7063 | Adv accuracy: 0.0000 
2025-08-04 19:37:16,748 - ADV_Generation_eps_4.0_steps_100 - INFO - Batch:[200] Adversarial images for this batch already exist
2025-08-04 19:37:17,423 - ADV_Generation_eps_4.0_steps_100 - INFO - Batch 201/237: Clean accuracy 0.7027 | Adv accuracy: 0.0000 
2025-08-04 19:37:17,433 - ADV_Generation_eps_4.0_steps_100 - INFO - Batch:[201] Adversarial images for this batch already exist
2025-08-04 19:37:18,149 - ADV_Generation_eps_4.0_steps_100 - INFO - Batch 202/237: Clean accuracy 0.7008 | Adv accuracy: 0.0000 
2025-08-04 19:37:18,159 - ADV_Generation_eps_4.0_steps_100 - INFO - Batch:[202] Adversarial images for this batch already exist
2025-08-04 19:37:18,951 - ADV_Generation_eps_4.0_steps_100 - INFO - Batch 203/237: Clean accuracy 0.7023 | Adv accuracy: 0.0000 
2025-08-04 19:37:18,968 - ADV_Generation_eps_4.0_steps_100 - INFO - Batch:[203] Adversarial images for this batch already exist
2025-08-04 19:37:19,672 - ADV_Generation_eps_4.0_steps_100 - INFO - Batch 204/237: Clean accuracy 0.7037 | Adv accuracy: 0.0000 
2025-08-04 19:37:19,682 - ADV_Generation_eps_4.0_steps_100 - INFO - Batch:[204] Adversarial images for this batch already exist
2025-08-04 19:37:20,335 - ADV_Generation_eps_4.0_steps_100 - INFO - Batch 205/237: Clean accuracy 0.7052 | Adv accuracy: 0.0000 
2025-08-04 19:37:20,345 - ADV_Generation_eps_4.0_steps_100 - INFO - Batch:[205] Adversarial images for this batch already exist
2025-08-04 19:37:21,053 - ADV_Generation_eps_4.0_steps_100 - INFO - Batch 206/237: Clean accuracy 0.7066 | Adv accuracy: 0.0000 
2025-08-04 19:37:21,065 - ADV_Generation_eps_4.0_steps_100 - INFO - Batch:[206] Adversarial images for this batch already exist
2025-08-04 19:37:21,763 - ADV_Generation_eps_4.0_steps_100 - INFO - Batch 207/237: Clean accuracy 0.7059 | Adv accuracy: 0.0000 
2025-08-04 19:37:21,775 - ADV_Generation_eps_4.0_steps_100 - INFO - Batch:[207] Adversarial images for this batch already exist
2025-08-04 19:37:22,508 - ADV_Generation_eps_4.0_steps_100 - INFO - Batch 208/237: Clean accuracy 0.7070 | Adv accuracy: 0.0000 
2025-08-04 19:37:22,518 - ADV_Generation_eps_4.0_steps_100 - INFO - Batch:[208] Adversarial images for this batch already exist
2025-08-04 19:37:23,195 - ADV_Generation_eps_4.0_steps_100 - INFO - Batch 209/237: Clean accuracy 0.7084 | Adv accuracy: 0.0000 
2025-08-04 19:37:23,204 - ADV_Generation_eps_4.0_steps_100 - INFO - Batch:[209] Adversarial images for this batch already exist
2025-08-04 19:37:23,957 - ADV_Generation_eps_4.0_steps_100 - INFO - Batch 210/237: Clean accuracy 0.7098 | Adv accuracy: 0.0000 
2025-08-04 19:37:23,967 - ADV_Generation_eps_4.0_steps_100 - INFO - Batch:[210] Adversarial images for this batch already exist
2025-08-04 19:37:24,622 - ADV_Generation_eps_4.0_steps_100 - INFO - Batch 211/237: Clean accuracy 0.7112 | Adv accuracy: 0.0000 
2025-08-04 19:37:24,632 - ADV_Generation_eps_4.0_steps_100 - INFO - Batch:[211] Adversarial images for this batch already exist
2025-08-04 19:37:25,326 - ADV_Generation_eps_4.0_steps_100 - INFO - Batch 212/237: Clean accuracy 0.7126 | Adv accuracy: 0.0000 
2025-08-04 19:37:25,335 - ADV_Generation_eps_4.0_steps_100 - INFO - Batch:[212] Adversarial images for this batch already exist
2025-08-04 19:37:25,990 - ADV_Generation_eps_4.0_steps_100 - INFO - Batch 213/237: Clean accuracy 0.7139 | Adv accuracy: 0.0000 
2025-08-04 19:37:26,000 - ADV_Generation_eps_4.0_steps_100 - INFO - Batch:[213] Adversarial images for this batch already exist
2025-08-04 19:37:26,731 - ADV_Generation_eps_4.0_steps_100 - INFO - Batch 214/237: Clean accuracy 0.7144 | Adv accuracy: 0.0000 
2025-08-04 19:37:26,741 - ADV_Generation_eps_4.0_steps_100 - INFO - Batch:[214] Adversarial images for this batch already exist
2025-08-04 19:37:27,522 - ADV_Generation_eps_4.0_steps_100 - INFO - Batch 215/237: Clean accuracy 0.7157 | Adv accuracy: 0.0000 
2025-08-04 19:37:27,531 - ADV_Generation_eps_4.0_steps_100 - INFO - Batch:[215] Adversarial images for this batch already exist
2025-08-04 19:37:28,200 - ADV_Generation_eps_4.0_steps_100 - INFO - Batch 216/237: Clean accuracy 0.7164 | Adv accuracy: 0.0000 
2025-08-04 19:37:28,209 - ADV_Generation_eps_4.0_steps_100 - INFO - Batch:[216] Adversarial images for this batch already exist
2025-08-04 19:37:28,985 - ADV_Generation_eps_4.0_steps_100 - INFO - Batch 217/237: Clean accuracy 0.7154 | Adv accuracy: 0.0000 
2025-08-04 19:37:28,995 - ADV_Generation_eps_4.0_steps_100 - INFO - Batch:[217] Adversarial images for this batch already exist
2025-08-04 19:37:29,668 - ADV_Generation_eps_4.0_steps_100 - INFO - Batch 218/237: Clean accuracy 0.7153 | Adv accuracy: 0.0000 
2025-08-04 19:37:29,678 - ADV_Generation_eps_4.0_steps_100 - INFO - Batch:[218] Adversarial images for this batch already exist
2025-08-04 19:37:30,424 - ADV_Generation_eps_4.0_steps_100 - INFO - Batch 219/237: Clean accuracy 0.7163 | Adv accuracy: 0.0000 
2025-08-04 19:37:30,434 - ADV_Generation_eps_4.0_steps_100 - INFO - Batch:[219] Adversarial images for this batch already exist
2025-08-04 19:37:31,210 - ADV_Generation_eps_4.0_steps_100 - INFO - Batch 220/237: Clean accuracy 0.7170 | Adv accuracy: 0.0000 
2025-08-04 19:37:31,230 - ADV_Generation_eps_4.0_steps_100 - INFO - Batch:[220] Adversarial images for this batch already exist
2025-08-04 19:37:31,929 - ADV_Generation_eps_4.0_steps_100 - INFO - Batch 221/237: Clean accuracy 0.7183 | Adv accuracy: 0.0000 
2025-08-04 19:37:31,958 - ADV_Generation_eps_4.0_steps_100 - INFO - Batch:[221] Adversarial images for this batch already exist
2025-08-04 19:37:32,851 - ADV_Generation_eps_4.0_steps_100 - INFO - Batch 222/237: Clean accuracy 0.7193 | Adv accuracy: 0.0000 
2025-08-04 19:37:32,861 - ADV_Generation_eps_4.0_steps_100 - INFO - Batch:[222] Adversarial images for this batch already exist
2025-08-04 19:37:33,686 - ADV_Generation_eps_4.0_steps_100 - INFO - Batch 223/237: Clean accuracy 0.7206 | Adv accuracy: 0.0000 
2025-08-04 19:37:33,696 - ADV_Generation_eps_4.0_steps_100 - INFO - Batch:[223] Adversarial images for this batch already exist
2025-08-04 19:37:34,421 - ADV_Generation_eps_4.0_steps_100 - INFO - Batch 224/237: Clean accuracy 0.7213 | Adv accuracy: 0.0000 
2025-08-04 19:37:34,430 - ADV_Generation_eps_4.0_steps_100 - INFO - Batch:[224] Adversarial images for this batch already exist
2025-08-04 19:37:35,124 - ADV_Generation_eps_4.0_steps_100 - INFO - Batch 225/237: Clean accuracy 0.7211 | Adv accuracy: 0.0000 
2025-08-04 19:37:35,134 - ADV_Generation_eps_4.0_steps_100 - INFO - Batch:[225] Adversarial images for this batch already exist
2025-08-04 19:37:35,873 - ADV_Generation_eps_4.0_steps_100 - INFO - Batch 226/237: Clean accuracy 0.7218 | Adv accuracy: 0.0000 
2025-08-04 19:37:35,882 - ADV_Generation_eps_4.0_steps_100 - INFO - Batch:[226] Adversarial images for this batch already exist
2025-08-04 19:37:36,558 - ADV_Generation_eps_4.0_steps_100 - INFO - Batch 227/237: Clean accuracy 0.7225 | Adv accuracy: 0.0000 
2025-08-04 19:37:36,567 - ADV_Generation_eps_4.0_steps_100 - INFO - Batch:[227] Adversarial images for this batch already exist
2025-08-04 19:37:37,389 - ADV_Generation_eps_4.0_steps_100 - INFO - Batch 228/237: Clean accuracy 0.7231 | Adv accuracy: 0.0000 
2025-08-04 19:37:37,424 - ADV_Generation_eps_4.0_steps_100 - INFO - Batch:[228] Adversarial images for this batch already exist
2025-08-04 19:37:38,098 - ADV_Generation_eps_4.0_steps_100 - INFO - Batch 229/237: Clean accuracy 0.7230 | Adv accuracy: 0.0000 
2025-08-04 19:37:38,107 - ADV_Generation_eps_4.0_steps_100 - INFO - Batch:[229] Adversarial images for this batch already exist
2025-08-04 19:37:38,786 - ADV_Generation_eps_4.0_steps_100 - INFO - Batch 230/237: Clean accuracy 0.7236 | Adv accuracy: 0.0000 
2025-08-04 19:37:38,795 - ADV_Generation_eps_4.0_steps_100 - INFO - Batch:[230] Adversarial images for this batch already exist
2025-08-04 19:37:39,517 - ADV_Generation_eps_4.0_steps_100 - INFO - Batch 231/237: Clean accuracy 0.7238 | Adv accuracy: 0.0000 
2025-08-04 19:37:39,526 - ADV_Generation_eps_4.0_steps_100 - INFO - Batch:[231] Adversarial images for this batch already exist
2025-08-04 19:37:40,319 - ADV_Generation_eps_4.0_steps_100 - INFO - Batch 232/237: Clean accuracy 0.7247 | Adv accuracy: 0.0000 
2025-08-04 19:37:40,329 - ADV_Generation_eps_4.0_steps_100 - INFO - Batch:[232] Adversarial images for this batch already exist
2025-08-04 19:37:41,019 - ADV_Generation_eps_4.0_steps_100 - INFO - Batch 233/237: Clean accuracy 0.7253 | Adv accuracy: 0.0000 
2025-08-04 19:37:41,028 - ADV_Generation_eps_4.0_steps_100 - INFO - Batch:[233] Adversarial images for this batch already exist
2025-08-04 19:37:41,746 - ADV_Generation_eps_4.0_steps_100 - INFO - Batch 234/237: Clean accuracy 0.7265 | Adv accuracy: 0.0000 
2025-08-04 19:37:41,756 - ADV_Generation_eps_4.0_steps_100 - INFO - Batch:[234] Adversarial images for this batch already exist
2025-08-04 19:37:42,463 - ADV_Generation_eps_4.0_steps_100 - INFO - Batch 235/237: Clean accuracy 0.7263 | Adv accuracy: 0.0000 
2025-08-04 19:37:42,472 - ADV_Generation_eps_4.0_steps_100 - INFO - Batch:[235] Adversarial images for this batch already exist
2025-08-04 19:37:43,160 - ADV_Generation_eps_4.0_steps_100 - INFO - Batch 236/237: Clean accuracy 0.7248 | Adv accuracy: 0.0000 
2025-08-04 19:37:43,166 - ADV_Generation_eps_4.0_steps_100 - INFO - Batch:[236] Adversarial images for this batch already exist
2025-08-04 19:37:43,623 - ADV_Generation_eps_4.0_steps_100 - INFO - Batch 237/237: Clean accuracy 0.7243 | Adv accuracy: 0.0000 
2025-08-04 19:37:43,677 - ADV_Generation_eps_4.0_steps_100 - INFO - Original accuracy: 0.7243
2025-08-04 19:37:43,678 - ADV_Generation_eps_4.0_steps_100 - INFO - Adversarial accuracy: 0.0000
2025-08-04 19:37:43,678 - ADV_Generation_eps_4.0_steps_100 - INFO - Adversarial image generation completed. Results
