2025-07-10 20:06:16,499 - ADV_Generation_eps_4.0_steps_100_Purification_type_noisy_anchor_anchors_10_alpha_1.2_sigma_0.18_threshold_0.0 - INFO - ==========================================
data:/leonardo_work/EUHPC_R04_192/fmohamma/Adversarial_Robust_Clip/atpt_data/downstream_datasets
test_sets:Flower102
dataset_mode:test
arch:delta_clip_l14_224
resolution:224
workers:4
no_pin_memory:False
batch_size:64
adv_bs:16
print_freq:20
gpu:0
no_cudnn_benchmark:False
n_ctx:4
ctx_init:a_photo_of_a
seed:0
output_dir:/leonardo_work/EUHPC_R04_192/fmohamma/Adversarial_Robust_Clip/atpt_data/delta_clip_l14_224/Flower102
log_output_dir:/leonardo_work/EUHPC_R04_192/fmohamma/Adversarial_Robust_Clip/ATPT/Purify_Results/delta_clip_l14_224/Flower102
eps:4.0
alpha:1.0
alpha_eps_ratio:4.0
steps:100
counter_attack:False
counter_attack_type:pgd
counter_attack_steps:2
counter_attack_eps:4.0
counter_attack_alpha:1.0
counter_attack_tau_thres:0.2
counter_attack_beta:2.0
counter_attack_weighted_perturbations:True
pgd_clip_pure_i_text_embeddings:null
pgd_counter_and_clipure_i_lamda:1.0
image_feature_purify:True
image_feature_purify_type:noisy_anchor
image_feature_purify_noisy_anchors:10
image_feature_purify_anchors_alpha:1.2
image_feature_purify_noisy_sigma:0.18
image_feature_purify_diff_threshold:0.0
lr:0.005
selection_p:0.1
tta_steps:1
top_k:20
softmax_temp:0.01
load_tecoa:

2025-07-10 20:06:16,500 - ADV_Generation_eps_4.0_steps_100_Purification_type_noisy_anchor_anchors_10_alpha_1.2_sigma_0.18_threshold_0.0 - INFO - Use GPU: 0 for training
2025-07-10 20:07:21,704 - ADV_Generation_eps_4.0_steps_100_Purification_type_noisy_anchor_anchors_10_alpha_1.2_sigma_0.18_threshold_0.0 - INFO - => Model created: visual backbone delta_clip_l14_224
2025-07-10 20:07:21,723 - ADV_Generation_eps_4.0_steps_100_Purification_type_noisy_anchor_anchors_10_alpha_1.2_sigma_0.18_threshold_0.0 - INFO - Number of test samples: 2463
2025-07-10 20:07:21,724 - ADV_Generation_eps_4.0_steps_100_Purification_type_noisy_anchor_anchors_10_alpha_1.2_sigma_0.18_threshold_0.0 - INFO - Evaluating dataset: Flower102
2025-07-10 20:07:21,725 - ADV_Generation_eps_4.0_steps_100_Purification_type_noisy_anchor_anchors_10_alpha_1.2_sigma_0.18_threshold_0.0 - INFO - Starting evaluation with batch size: 64, selection percentage: 0.1
2025-07-10 20:07:21,725 - ADV_Generation_eps_4.0_steps_100_Purification_type_noisy_anchor_anchors_10_alpha_1.2_sigma_0.18_threshold_0.0 - INFO - Using PGD attack with epsilon: 0.015686, alpha: 0.003922, steps: 100
2025-07-10 20:07:21,726 - ADV_Generation_eps_4.0_steps_100_Purification_type_noisy_anchor_anchors_10_alpha_1.2_sigma_0.18_threshold_0.0 - INFO - Using directory for adversarial images: /leonardo_work/EUHPC_R04_192/fmohamma/Adversarial_Robust_Clip/atpt_data/delta_clip_l14_224/Flower102/adv_images_eps_4.0_alpha_1.0_steps_100
2025-07-10 20:07:22,299 - ADV_Generation_eps_4.0_steps_100_Purification_type_noisy_anchor_anchors_10_alpha_1.2_sigma_0.18_threshold_0.0 - INFO - Batch:[0] Adversarial images for this batch already exist
2025-07-10 20:07:26,911 - ADV_Generation_eps_4.0_steps_100_Purification_type_noisy_anchor_anchors_10_alpha_1.2_sigma_0.18_threshold_0.0 - INFO - Batch 1/154: Clean orig accuracy 1.0000 | Clean purify accuracy 0.9375 | Adv orig accuracy: 1.0000 | Adv purify accuracy: 0.9375
2025-07-10 20:07:26,919 - ADV_Generation_eps_4.0_steps_100_Purification_type_noisy_anchor_anchors_10_alpha_1.2_sigma_0.18_threshold_0.0 - INFO - Batch:[1] Adversarial images for this batch already exist
2025-07-10 20:07:30,329 - ADV_Generation_eps_4.0_steps_100_Purification_type_noisy_anchor_anchors_10_alpha_1.2_sigma_0.18_threshold_0.0 - INFO - Batch 2/154: Clean orig accuracy 1.0000 | Clean purify accuracy 0.9375 | Adv orig accuracy: 1.0000 | Adv purify accuracy: 0.9062
2025-07-10 20:07:30,338 - ADV_Generation_eps_4.0_steps_100_Purification_type_noisy_anchor_anchors_10_alpha_1.2_sigma_0.18_threshold_0.0 - INFO - Batch:[2] Adversarial images for this batch already exist
2025-07-10 20:07:33,788 - ADV_Generation_eps_4.0_steps_100_Purification_type_noisy_anchor_anchors_10_alpha_1.2_sigma_0.18_threshold_0.0 - INFO - Batch 3/154: Clean orig accuracy 1.0000 | Clean purify accuracy 0.9375 | Adv orig accuracy: 1.0000 | Adv purify accuracy: 0.8958
2025-07-10 20:07:33,797 - ADV_Generation_eps_4.0_steps_100_Purification_type_noisy_anchor_anchors_10_alpha_1.2_sigma_0.18_threshold_0.0 - INFO - Batch:[3] Adversarial images for this batch already exist
2025-07-10 20:07:37,295 - ADV_Generation_eps_4.0_steps_100_Purification_type_noisy_anchor_anchors_10_alpha_1.2_sigma_0.18_threshold_0.0 - INFO - Batch 4/154: Clean orig accuracy 1.0000 | Clean purify accuracy 0.9531 | Adv orig accuracy: 1.0000 | Adv purify accuracy: 0.9219
2025-07-10 20:07:37,309 - ADV_Generation_eps_4.0_steps_100_Purification_type_noisy_anchor_anchors_10_alpha_1.2_sigma_0.18_threshold_0.0 - INFO - Batch:[4] Adversarial images for this batch already exist
2025-07-10 20:07:40,819 - ADV_Generation_eps_4.0_steps_100_Purification_type_noisy_anchor_anchors_10_alpha_1.2_sigma_0.18_threshold_0.0 - INFO - Batch 5/154: Clean orig accuracy 1.0000 | Clean purify accuracy 0.9250 | Adv orig accuracy: 0.9875 | Adv purify accuracy: 0.8875
2025-07-10 20:07:40,827 - ADV_Generation_eps_4.0_steps_100_Purification_type_noisy_anchor_anchors_10_alpha_1.2_sigma_0.18_threshold_0.0 - INFO - Batch:[5] Adversarial images for this batch already exist
2025-07-10 20:07:44,303 - ADV_Generation_eps_4.0_steps_100_Purification_type_noisy_anchor_anchors_10_alpha_1.2_sigma_0.18_threshold_0.0 - INFO - Batch 6/154: Clean orig accuracy 1.0000 | Clean purify accuracy 0.8438 | Adv orig accuracy: 0.9688 | Adv purify accuracy: 0.7917
2025-07-10 20:07:44,311 - ADV_Generation_eps_4.0_steps_100_Purification_type_noisy_anchor_anchors_10_alpha_1.2_sigma_0.18_threshold_0.0 - INFO - Batch:[6] Adversarial images for this batch already exist
2025-07-10 20:07:47,855 - ADV_Generation_eps_4.0_steps_100_Purification_type_noisy_anchor_anchors_10_alpha_1.2_sigma_0.18_threshold_0.0 - INFO - Batch 7/154: Clean orig accuracy 1.0000 | Clean purify accuracy 0.7946 | Adv orig accuracy: 0.9643 | Adv purify accuracy: 0.7411
2025-07-10 20:07:47,863 - ADV_Generation_eps_4.0_steps_100_Purification_type_noisy_anchor_anchors_10_alpha_1.2_sigma_0.18_threshold_0.0 - INFO - Batch:[7] Adversarial images for this batch already exist
2025-07-10 20:07:51,356 - ADV_Generation_eps_4.0_steps_100_Purification_type_noisy_anchor_anchors_10_alpha_1.2_sigma_0.18_threshold_0.0 - INFO - Batch 8/154: Clean orig accuracy 1.0000 | Clean purify accuracy 0.7500 | Adv orig accuracy: 0.9609 | Adv purify accuracy: 0.6875
2025-07-10 20:07:51,364 - ADV_Generation_eps_4.0_steps_100_Purification_type_noisy_anchor_anchors_10_alpha_1.2_sigma_0.18_threshold_0.0 - INFO - Batch:[8] Adversarial images for this batch already exist
2025-07-10 20:07:54,795 - ADV_Generation_eps_4.0_steps_100_Purification_type_noisy_anchor_anchors_10_alpha_1.2_sigma_0.18_threshold_0.0 - INFO - Batch 9/154: Clean orig accuracy 0.9931 | Clean purify accuracy 0.7153 | Adv orig accuracy: 0.9375 | Adv purify accuracy: 0.6458
2025-07-10 20:07:54,806 - ADV_Generation_eps_4.0_steps_100_Purification_type_noisy_anchor_anchors_10_alpha_1.2_sigma_0.18_threshold_0.0 - INFO - Batch:[9] Adversarial images for this batch already exist
2025-07-10 20:07:58,249 - ADV_Generation_eps_4.0_steps_100_Purification_type_noisy_anchor_anchors_10_alpha_1.2_sigma_0.18_threshold_0.0 - INFO - Batch 10/154: Clean orig accuracy 0.9875 | Clean purify accuracy 0.6937 | Adv orig accuracy: 0.8938 | Adv purify accuracy: 0.6312
2025-07-10 20:07:58,263 - ADV_Generation_eps_4.0_steps_100_Purification_type_noisy_anchor_anchors_10_alpha_1.2_sigma_0.18_threshold_0.0 - INFO - Batch:[10] Adversarial images for this batch already exist
2025-07-10 20:08:01,698 - ADV_Generation_eps_4.0_steps_100_Purification_type_noisy_anchor_anchors_10_alpha_1.2_sigma_0.18_threshold_0.0 - INFO - Batch 11/154: Clean orig accuracy 0.9716 | Clean purify accuracy 0.6648 | Adv orig accuracy: 0.8523 | Adv purify accuracy: 0.6080
2025-07-10 20:08:01,706 - ADV_Generation_eps_4.0_steps_100_Purification_type_noisy_anchor_anchors_10_alpha_1.2_sigma_0.18_threshold_0.0 - INFO - Batch:[11] Adversarial images for this batch already exist
2025-07-10 20:08:05,114 - ADV_Generation_eps_4.0_steps_100_Purification_type_noisy_anchor_anchors_10_alpha_1.2_sigma_0.18_threshold_0.0 - INFO - Batch 12/154: Clean orig accuracy 0.9062 | Clean purify accuracy 0.6198 | Adv orig accuracy: 0.7917 | Adv purify accuracy: 0.5677
2025-07-10 20:08:05,122 - ADV_Generation_eps_4.0_steps_100_Purification_type_noisy_anchor_anchors_10_alpha_1.2_sigma_0.18_threshold_0.0 - INFO - Batch:[12] Adversarial images for this batch already exist
2025-07-10 20:08:08,599 - ADV_Generation_eps_4.0_steps_100_Purification_type_noisy_anchor_anchors_10_alpha_1.2_sigma_0.18_threshold_0.0 - INFO - Batch 13/154: Clean orig accuracy 0.8365 | Clean purify accuracy 0.5721 | Adv orig accuracy: 0.7308 | Adv purify accuracy: 0.5240
2025-07-10 20:08:08,608 - ADV_Generation_eps_4.0_steps_100_Purification_type_noisy_anchor_anchors_10_alpha_1.2_sigma_0.18_threshold_0.0 - INFO - Batch:[13] Adversarial images for this batch already exist
2025-07-10 20:08:12,033 - ADV_Generation_eps_4.0_steps_100_Purification_type_noisy_anchor_anchors_10_alpha_1.2_sigma_0.18_threshold_0.0 - INFO - Batch 14/154: Clean orig accuracy 0.7768 | Clean purify accuracy 0.5312 | Adv orig accuracy: 0.6786 | Adv purify accuracy: 0.4866
2025-07-10 20:08:12,045 - ADV_Generation_eps_4.0_steps_100_Purification_type_noisy_anchor_anchors_10_alpha_1.2_sigma_0.18_threshold_0.0 - INFO - Batch:[14] Adversarial images for this batch already exist
2025-07-10 20:08:15,517 - ADV_Generation_eps_4.0_steps_100_Purification_type_noisy_anchor_anchors_10_alpha_1.2_sigma_0.18_threshold_0.0 - INFO - Batch 15/154: Clean orig accuracy 0.7500 | Clean purify accuracy 0.5167 | Adv orig accuracy: 0.6583 | Adv purify accuracy: 0.4667
2025-07-10 20:08:15,531 - ADV_Generation_eps_4.0_steps_100_Purification_type_noisy_anchor_anchors_10_alpha_1.2_sigma_0.18_threshold_0.0 - INFO - Batch:[15] Adversarial images for this batch already exist
2025-07-10 20:08:18,958 - ADV_Generation_eps_4.0_steps_100_Purification_type_noisy_anchor_anchors_10_alpha_1.2_sigma_0.18_threshold_0.0 - INFO - Batch 16/154: Clean orig accuracy 0.7656 | Clean purify accuracy 0.5312 | Adv orig accuracy: 0.6758 | Adv purify accuracy: 0.4844
2025-07-10 20:08:18,967 - ADV_Generation_eps_4.0_steps_100_Purification_type_noisy_anchor_anchors_10_alpha_1.2_sigma_0.18_threshold_0.0 - INFO - Batch:[16] Adversarial images for this batch already exist
2025-07-10 20:08:22,440 - ADV_Generation_eps_4.0_steps_100_Purification_type_noisy_anchor_anchors_10_alpha_1.2_sigma_0.18_threshold_0.0 - INFO - Batch 17/154: Clean orig accuracy 0.7794 | Clean purify accuracy 0.5478 | Adv orig accuracy: 0.6949 | Adv purify accuracy: 0.4963
2025-07-10 20:08:22,448 - ADV_Generation_eps_4.0_steps_100_Purification_type_noisy_anchor_anchors_10_alpha_1.2_sigma_0.18_threshold_0.0 - INFO - Batch:[17] Adversarial images for this batch already exist
2025-07-10 20:08:25,857 - ADV_Generation_eps_4.0_steps_100_Purification_type_noisy_anchor_anchors_10_alpha_1.2_sigma_0.18_threshold_0.0 - INFO - Batch 18/154: Clean orig accuracy 0.7778 | Clean purify accuracy 0.5590 | Adv orig accuracy: 0.6979 | Adv purify accuracy: 0.5104
2025-07-10 20:08:25,865 - ADV_Generation_eps_4.0_steps_100_Purification_type_noisy_anchor_anchors_10_alpha_1.2_sigma_0.18_threshold_0.0 - INFO - Batch:[18] Adversarial images for this batch already exist
2025-07-10 20:08:29,275 - ADV_Generation_eps_4.0_steps_100_Purification_type_noisy_anchor_anchors_10_alpha_1.2_sigma_0.18_threshold_0.0 - INFO - Batch 19/154: Clean orig accuracy 0.7368 | Clean purify accuracy 0.5296 | Adv orig accuracy: 0.6612 | Adv purify accuracy: 0.4836
2025-07-10 20:08:29,284 - ADV_Generation_eps_4.0_steps_100_Purification_type_noisy_anchor_anchors_10_alpha_1.2_sigma_0.18_threshold_0.0 - INFO - Batch:[19] Adversarial images for this batch already exist
2025-07-10 20:08:32,727 - ADV_Generation_eps_4.0_steps_100_Purification_type_noisy_anchor_anchors_10_alpha_1.2_sigma_0.18_threshold_0.0 - INFO - Batch 20/154: Clean orig accuracy 0.7000 | Clean purify accuracy 0.5031 | Adv orig accuracy: 0.6281 | Adv purify accuracy: 0.4594
2025-07-10 20:08:32,740 - ADV_Generation_eps_4.0_steps_100_Purification_type_noisy_anchor_anchors_10_alpha_1.2_sigma_0.18_threshold_0.0 - INFO - Batch:[20] Adversarial images for this batch already exist
2025-07-10 20:08:36,161 - ADV_Generation_eps_4.0_steps_100_Purification_type_noisy_anchor_anchors_10_alpha_1.2_sigma_0.18_threshold_0.0 - INFO - Batch 21/154: Clean orig accuracy 0.6667 | Clean purify accuracy 0.4792 | Adv orig accuracy: 0.5982 | Adv purify accuracy: 0.4375
2025-07-10 20:08:36,171 - ADV_Generation_eps_4.0_steps_100_Purification_type_noisy_anchor_anchors_10_alpha_1.2_sigma_0.18_threshold_0.0 - INFO - Batch:[21] Adversarial images for this batch already exist
2025-07-10 20:08:39,585 - ADV_Generation_eps_4.0_steps_100_Purification_type_noisy_anchor_anchors_10_alpha_1.2_sigma_0.18_threshold_0.0 - INFO - Batch 22/154: Clean orig accuracy 0.6619 | Clean purify accuracy 0.4801 | Adv orig accuracy: 0.5909 | Adv purify accuracy: 0.4403
2025-07-10 20:08:39,594 - ADV_Generation_eps_4.0_steps_100_Purification_type_noisy_anchor_anchors_10_alpha_1.2_sigma_0.18_threshold_0.0 - INFO - Batch:[22] Adversarial images for this batch already exist
2025-07-10 20:08:43,087 - ADV_Generation_eps_4.0_steps_100_Purification_type_noisy_anchor_anchors_10_alpha_1.2_sigma_0.18_threshold_0.0 - INFO - Batch 23/154: Clean orig accuracy 0.6712 | Clean purify accuracy 0.5000 | Adv orig accuracy: 0.5951 | Adv purify accuracy: 0.4620
2025-07-10 20:08:43,095 - ADV_Generation_eps_4.0_steps_100_Purification_type_noisy_anchor_anchors_10_alpha_1.2_sigma_0.18_threshold_0.0 - INFO - Batch:[23] Adversarial images for this batch already exist
2025-07-10 20:08:46,521 - ADV_Generation_eps_4.0_steps_100_Purification_type_noisy_anchor_anchors_10_alpha_1.2_sigma_0.18_threshold_0.0 - INFO - Batch 24/154: Clean orig accuracy 0.6797 | Clean purify accuracy 0.5208 | Adv orig accuracy: 0.6042 | Adv purify accuracy: 0.4844
2025-07-10 20:08:46,530 - ADV_Generation_eps_4.0_steps_100_Purification_type_noisy_anchor_anchors_10_alpha_1.2_sigma_0.18_threshold_0.0 - INFO - Batch:[24] Adversarial images for this batch already exist
2025-07-10 20:08:49,943 - ADV_Generation_eps_4.0_steps_100_Purification_type_noisy_anchor_anchors_10_alpha_1.2_sigma_0.18_threshold_0.0 - INFO - Batch 25/154: Clean orig accuracy 0.6825 | Clean purify accuracy 0.5250 | Adv orig accuracy: 0.6025 | Adv purify accuracy: 0.4850
2025-07-10 20:08:49,952 - ADV_Generation_eps_4.0_steps_100_Purification_type_noisy_anchor_anchors_10_alpha_1.2_sigma_0.18_threshold_0.0 - INFO - Batch:[25] Adversarial images for this batch already exist
2025-07-10 20:08:53,425 - ADV_Generation_eps_4.0_steps_100_Purification_type_noisy_anchor_anchors_10_alpha_1.2_sigma_0.18_threshold_0.0 - INFO - Batch 26/154: Clean orig accuracy 0.6587 | Clean purify accuracy 0.5048 | Adv orig accuracy: 0.5793 | Adv purify accuracy: 0.4663
2025-07-10 20:08:53,437 - ADV_Generation_eps_4.0_steps_100_Purification_type_noisy_anchor_anchors_10_alpha_1.2_sigma_0.18_threshold_0.0 - INFO - Batch:[26] Adversarial images for this batch already exist
2025-07-10 20:08:56,838 - ADV_Generation_eps_4.0_steps_100_Purification_type_noisy_anchor_anchors_10_alpha_1.2_sigma_0.18_threshold_0.0 - INFO - Batch 27/154: Clean orig accuracy 0.6343 | Clean purify accuracy 0.4907 | Adv orig accuracy: 0.5602 | Adv purify accuracy: 0.4537
2025-07-10 20:08:56,846 - ADV_Generation_eps_4.0_steps_100_Purification_type_noisy_anchor_anchors_10_alpha_1.2_sigma_0.18_threshold_0.0 - INFO - Batch:[27] Adversarial images for this batch already exist
2025-07-10 20:09:00,260 - ADV_Generation_eps_4.0_steps_100_Purification_type_noisy_anchor_anchors_10_alpha_1.2_sigma_0.18_threshold_0.0 - INFO - Batch 28/154: Clean orig accuracy 0.6138 | Clean purify accuracy 0.4732 | Adv orig accuracy: 0.5402 | Adv purify accuracy: 0.4375
2025-07-10 20:09:00,269 - ADV_Generation_eps_4.0_steps_100_Purification_type_noisy_anchor_anchors_10_alpha_1.2_sigma_0.18_threshold_0.0 - INFO - Batch:[28] Adversarial images for this batch already exist
2025-07-10 20:09:03,858 - ADV_Generation_eps_4.0_steps_100_Purification_type_noisy_anchor_anchors_10_alpha_1.2_sigma_0.18_threshold_0.0 - INFO - Batch 29/154: Clean orig accuracy 0.5991 | Clean purify accuracy 0.4634 | Adv orig accuracy: 0.5237 | Adv purify accuracy: 0.4289
2025-07-10 20:09:03,900 - ADV_Generation_eps_4.0_steps_100_Purification_type_noisy_anchor_anchors_10_alpha_1.2_sigma_0.18_threshold_0.0 - INFO - Batch:[29] Adversarial images for this batch already exist
2025-07-10 20:09:07,630 - ADV_Generation_eps_4.0_steps_100_Purification_type_noisy_anchor_anchors_10_alpha_1.2_sigma_0.18_threshold_0.0 - INFO - Batch 30/154: Clean orig accuracy 0.6000 | Clean purify accuracy 0.4688 | Adv orig accuracy: 0.5250 | Adv purify accuracy: 0.4354
2025-07-10 20:09:07,640 - ADV_Generation_eps_4.0_steps_100_Purification_type_noisy_anchor_anchors_10_alpha_1.2_sigma_0.18_threshold_0.0 - INFO - Batch:[30] Adversarial images for this batch already exist
2025-07-10 20:09:11,250 - ADV_Generation_eps_4.0_steps_100_Purification_type_noisy_anchor_anchors_10_alpha_1.2_sigma_0.18_threshold_0.0 - INFO - Batch 31/154: Clean orig accuracy 0.6129 | Clean purify accuracy 0.4839 | Adv orig accuracy: 0.5403 | Adv purify accuracy: 0.4516
2025-07-10 20:09:11,263 - ADV_Generation_eps_4.0_steps_100_Purification_type_noisy_anchor_anchors_10_alpha_1.2_sigma_0.18_threshold_0.0 - INFO - Batch:[31] Adversarial images for this batch already exist
2025-07-10 20:09:14,957 - ADV_Generation_eps_4.0_steps_100_Purification_type_noisy_anchor_anchors_10_alpha_1.2_sigma_0.18_threshold_0.0 - INFO - Batch 32/154: Clean orig accuracy 0.6250 | Clean purify accuracy 0.4922 | Adv orig accuracy: 0.5527 | Adv purify accuracy: 0.4609
2025-07-10 20:09:14,988 - ADV_Generation_eps_4.0_steps_100_Purification_type_noisy_anchor_anchors_10_alpha_1.2_sigma_0.18_threshold_0.0 - INFO - Batch:[32] Adversarial images for this batch already exist
2025-07-10 20:09:18,702 - ADV_Generation_eps_4.0_steps_100_Purification_type_noisy_anchor_anchors_10_alpha_1.2_sigma_0.18_threshold_0.0 - INFO - Batch 33/154: Clean orig accuracy 0.6364 | Clean purify accuracy 0.4981 | Adv orig accuracy: 0.5644 | Adv purify accuracy: 0.4659
2025-07-10 20:09:18,711 - ADV_Generation_eps_4.0_steps_100_Purification_type_noisy_anchor_anchors_10_alpha_1.2_sigma_0.18_threshold_0.0 - INFO - Batch:[33] Adversarial images for this batch already exist
2025-07-10 20:09:22,336 - ADV_Generation_eps_4.0_steps_100_Purification_type_noisy_anchor_anchors_10_alpha_1.2_sigma_0.18_threshold_0.0 - INFO - Batch 34/154: Clean orig accuracy 0.6471 | Clean purify accuracy 0.5055 | Adv orig accuracy: 0.5772 | Adv purify accuracy: 0.4743
2025-07-10 20:09:22,345 - ADV_Generation_eps_4.0_steps_100_Purification_type_noisy_anchor_anchors_10_alpha_1.2_sigma_0.18_threshold_0.0 - INFO - Batch:[34] Adversarial images for this batch already exist
2025-07-10 20:09:25,949 - ADV_Generation_eps_4.0_steps_100_Purification_type_noisy_anchor_anchors_10_alpha_1.2_sigma_0.18_threshold_0.0 - INFO - Batch 35/154: Clean orig accuracy 0.6554 | Clean purify accuracy 0.5143 | Adv orig accuracy: 0.5875 | Adv purify accuracy: 0.4821
2025-07-10 20:09:25,958 - ADV_Generation_eps_4.0_steps_100_Purification_type_noisy_anchor_anchors_10_alpha_1.2_sigma_0.18_threshold_0.0 - INFO - Batch:[35] Adversarial images for this batch already exist
2025-07-10 20:09:29,637 - ADV_Generation_eps_4.0_steps_100_Purification_type_noisy_anchor_anchors_10_alpha_1.2_sigma_0.18_threshold_0.0 - INFO - Batch 36/154: Clean orig accuracy 0.6649 | Clean purify accuracy 0.5226 | Adv orig accuracy: 0.5955 | Adv purify accuracy: 0.4896
2025-07-10 20:09:29,653 - ADV_Generation_eps_4.0_steps_100_Purification_type_noisy_anchor_anchors_10_alpha_1.2_sigma_0.18_threshold_0.0 - INFO - Batch:[36] Adversarial images for this batch already exist
2025-07-10 20:09:33,341 - ADV_Generation_eps_4.0_steps_100_Purification_type_noisy_anchor_anchors_10_alpha_1.2_sigma_0.18_threshold_0.0 - INFO - Batch 37/154: Clean orig accuracy 0.6740 | Clean purify accuracy 0.5338 | Adv orig accuracy: 0.6064 | Adv purify accuracy: 0.5017
2025-07-10 20:09:33,379 - ADV_Generation_eps_4.0_steps_100_Purification_type_noisy_anchor_anchors_10_alpha_1.2_sigma_0.18_threshold_0.0 - INFO - Batch:[37] Adversarial images for this batch already exist
2025-07-10 20:09:37,001 - ADV_Generation_eps_4.0_steps_100_Purification_type_noisy_anchor_anchors_10_alpha_1.2_sigma_0.18_threshold_0.0 - INFO - Batch 38/154: Clean orig accuracy 0.6826 | Clean purify accuracy 0.5461 | Adv orig accuracy: 0.6168 | Adv purify accuracy: 0.5115
2025-07-10 20:09:37,011 - ADV_Generation_eps_4.0_steps_100_Purification_type_noisy_anchor_anchors_10_alpha_1.2_sigma_0.18_threshold_0.0 - INFO - Batch:[38] Adversarial images for this batch already exist
2025-07-10 20:09:40,656 - ADV_Generation_eps_4.0_steps_100_Purification_type_noisy_anchor_anchors_10_alpha_1.2_sigma_0.18_threshold_0.0 - INFO - Batch 39/154: Clean orig accuracy 0.6891 | Clean purify accuracy 0.5529 | Adv orig accuracy: 0.6218 | Adv purify accuracy: 0.5192
2025-07-10 20:09:40,665 - ADV_Generation_eps_4.0_steps_100_Purification_type_noisy_anchor_anchors_10_alpha_1.2_sigma_0.18_threshold_0.0 - INFO - Batch:[39] Adversarial images for this batch already exist
2025-07-10 20:09:44,420 - ADV_Generation_eps_4.0_steps_100_Purification_type_noisy_anchor_anchors_10_alpha_1.2_sigma_0.18_threshold_0.0 - INFO - Batch 40/154: Clean orig accuracy 0.6969 | Clean purify accuracy 0.5594 | Adv orig accuracy: 0.6312 | Adv purify accuracy: 0.5266
2025-07-10 20:09:44,430 - ADV_Generation_eps_4.0_steps_100_Purification_type_noisy_anchor_anchors_10_alpha_1.2_sigma_0.18_threshold_0.0 - INFO - Batch:[40] Adversarial images for this batch already exist
2025-07-10 20:09:48,036 - ADV_Generation_eps_4.0_steps_100_Purification_type_noisy_anchor_anchors_10_alpha_1.2_sigma_0.18_threshold_0.0 - INFO - Batch 41/154: Clean orig accuracy 0.6890 | Clean purify accuracy 0.5549 | Adv orig accuracy: 0.6250 | Adv purify accuracy: 0.5229
2025-07-10 20:09:48,044 - ADV_Generation_eps_4.0_steps_100_Purification_type_noisy_anchor_anchors_10_alpha_1.2_sigma_0.18_threshold_0.0 - INFO - Batch:[41] Adversarial images for this batch already exist
2025-07-10 20:09:51,723 - ADV_Generation_eps_4.0_steps_100_Purification_type_noisy_anchor_anchors_10_alpha_1.2_sigma_0.18_threshold_0.0 - INFO - Batch 42/154: Clean orig accuracy 0.6726 | Clean purify accuracy 0.5417 | Adv orig accuracy: 0.6101 | Adv purify accuracy: 0.5104
2025-07-10 20:09:51,733 - ADV_Generation_eps_4.0_steps_100_Purification_type_noisy_anchor_anchors_10_alpha_1.2_sigma_0.18_threshold_0.0 - INFO - Batch:[42] Adversarial images for this batch already exist
2025-07-10 20:09:55,472 - ADV_Generation_eps_4.0_steps_100_Purification_type_noisy_anchor_anchors_10_alpha_1.2_sigma_0.18_threshold_0.0 - INFO - Batch 43/154: Clean orig accuracy 0.6584 | Clean purify accuracy 0.5305 | Adv orig accuracy: 0.5974 | Adv purify accuracy: 0.5000
2025-07-10 20:09:55,481 - ADV_Generation_eps_4.0_steps_100_Purification_type_noisy_anchor_anchors_10_alpha_1.2_sigma_0.18_threshold_0.0 - INFO - Batch:[43] Adversarial images for this batch already exist
2025-07-10 20:09:59,091 - ADV_Generation_eps_4.0_steps_100_Purification_type_noisy_anchor_anchors_10_alpha_1.2_sigma_0.18_threshold_0.0 - INFO - Batch 44/154: Clean orig accuracy 0.6435 | Clean purify accuracy 0.5185 | Adv orig accuracy: 0.5838 | Adv purify accuracy: 0.4886
2025-07-10 20:09:59,100 - ADV_Generation_eps_4.0_steps_100_Purification_type_noisy_anchor_anchors_10_alpha_1.2_sigma_0.18_threshold_0.0 - INFO - Batch:[44] Adversarial images for this batch already exist
2025-07-10 20:10:02,922 - ADV_Generation_eps_4.0_steps_100_Purification_type_noisy_anchor_anchors_10_alpha_1.2_sigma_0.18_threshold_0.0 - INFO - Batch 45/154: Clean orig accuracy 0.6306 | Clean purify accuracy 0.5083 | Adv orig accuracy: 0.5708 | Adv purify accuracy: 0.4778
2025-07-10 20:10:02,937 - ADV_Generation_eps_4.0_steps_100_Purification_type_noisy_anchor_anchors_10_alpha_1.2_sigma_0.18_threshold_0.0 - INFO - Batch:[45] Adversarial images for this batch already exist
2025-07-10 20:10:06,624 - ADV_Generation_eps_4.0_steps_100_Purification_type_noisy_anchor_anchors_10_alpha_1.2_sigma_0.18_threshold_0.0 - INFO - Batch 46/154: Clean orig accuracy 0.6168 | Clean purify accuracy 0.4973 | Adv orig accuracy: 0.5584 | Adv purify accuracy: 0.4674
2025-07-10 20:10:06,634 - ADV_Generation_eps_4.0_steps_100_Purification_type_noisy_anchor_anchors_10_alpha_1.2_sigma_0.18_threshold_0.0 - INFO - Batch:[46] Adversarial images for this batch already exist
2025-07-10 20:10:10,256 - ADV_Generation_eps_4.0_steps_100_Purification_type_noisy_anchor_anchors_10_alpha_1.2_sigma_0.18_threshold_0.0 - INFO - Batch 47/154: Clean orig accuracy 0.6037 | Clean purify accuracy 0.4867 | Adv orig accuracy: 0.5465 | Adv purify accuracy: 0.4574
2025-07-10 20:10:10,266 - ADV_Generation_eps_4.0_steps_100_Purification_type_noisy_anchor_anchors_10_alpha_1.2_sigma_0.18_threshold_0.0 - INFO - Batch:[47] Adversarial images for this batch already exist
2025-07-10 20:10:13,940 - ADV_Generation_eps_4.0_steps_100_Purification_type_noisy_anchor_anchors_10_alpha_1.2_sigma_0.18_threshold_0.0 - INFO - Batch 48/154: Clean orig accuracy 0.6029 | Clean purify accuracy 0.4870 | Adv orig accuracy: 0.5456 | Adv purify accuracy: 0.4583
2025-07-10 20:10:13,978 - ADV_Generation_eps_4.0_steps_100_Purification_type_noisy_anchor_anchors_10_alpha_1.2_sigma_0.18_threshold_0.0 - INFO - Batch:[48] Adversarial images for this batch already exist
2025-07-10 20:10:17,683 - ADV_Generation_eps_4.0_steps_100_Purification_type_noisy_anchor_anchors_10_alpha_1.2_sigma_0.18_threshold_0.0 - INFO - Batch 49/154: Clean orig accuracy 0.6110 | Clean purify accuracy 0.4949 | Adv orig accuracy: 0.5536 | Adv purify accuracy: 0.4643
2025-07-10 20:10:17,693 - ADV_Generation_eps_4.0_steps_100_Purification_type_noisy_anchor_anchors_10_alpha_1.2_sigma_0.18_threshold_0.0 - INFO - Batch:[49] Adversarial images for this batch already exist
2025-07-10 20:10:21,337 - ADV_Generation_eps_4.0_steps_100_Purification_type_noisy_anchor_anchors_10_alpha_1.2_sigma_0.18_threshold_0.0 - INFO - Batch 50/154: Clean orig accuracy 0.6175 | Clean purify accuracy 0.4975 | Adv orig accuracy: 0.5613 | Adv purify accuracy: 0.4675
2025-07-10 20:10:21,347 - ADV_Generation_eps_4.0_steps_100_Purification_type_noisy_anchor_anchors_10_alpha_1.2_sigma_0.18_threshold_0.0 - INFO - Batch:[50] Adversarial images for this batch already exist
2025-07-10 20:10:24,973 - ADV_Generation_eps_4.0_steps_100_Purification_type_noisy_anchor_anchors_10_alpha_1.2_sigma_0.18_threshold_0.0 - INFO - Batch 51/154: Clean orig accuracy 0.6250 | Clean purify accuracy 0.5012 | Adv orig accuracy: 0.5686 | Adv purify accuracy: 0.4706
2025-07-10 20:10:24,988 - ADV_Generation_eps_4.0_steps_100_Purification_type_noisy_anchor_anchors_10_alpha_1.2_sigma_0.18_threshold_0.0 - INFO - Batch:[51] Adversarial images for this batch already exist
2025-07-10 20:10:28,625 - ADV_Generation_eps_4.0_steps_100_Purification_type_noisy_anchor_anchors_10_alpha_1.2_sigma_0.18_threshold_0.0 - INFO - Batch 52/154: Clean orig accuracy 0.6322 | Clean purify accuracy 0.4928 | Adv orig accuracy: 0.5709 | Adv purify accuracy: 0.4627
2025-07-10 20:10:28,635 - ADV_Generation_eps_4.0_steps_100_Purification_type_noisy_anchor_anchors_10_alpha_1.2_sigma_0.18_threshold_0.0 - INFO - Batch:[52] Adversarial images for this batch already exist
2025-07-10 20:10:32,281 - ADV_Generation_eps_4.0_steps_100_Purification_type_noisy_anchor_anchors_10_alpha_1.2_sigma_0.18_threshold_0.0 - INFO - Batch 53/154: Clean orig accuracy 0.6392 | Clean purify accuracy 0.4835 | Adv orig accuracy: 0.5778 | Adv purify accuracy: 0.4540
2025-07-10 20:10:32,292 - ADV_Generation_eps_4.0_steps_100_Purification_type_noisy_anchor_anchors_10_alpha_1.2_sigma_0.18_threshold_0.0 - INFO - Batch:[53] Adversarial images for this batch already exist
2025-07-10 20:10:35,928 - ADV_Generation_eps_4.0_steps_100_Purification_type_noisy_anchor_anchors_10_alpha_1.2_sigma_0.18_threshold_0.0 - INFO - Batch 54/154: Clean orig accuracy 0.6308 | Clean purify accuracy 0.4745 | Adv orig accuracy: 0.5706 | Adv purify accuracy: 0.4456
2025-07-10 20:10:35,938 - ADV_Generation_eps_4.0_steps_100_Purification_type_noisy_anchor_anchors_10_alpha_1.2_sigma_0.18_threshold_0.0 - INFO - Batch:[54] Adversarial images for this batch already exist
2025-07-10 20:10:39,558 - ADV_Generation_eps_4.0_steps_100_Purification_type_noisy_anchor_anchors_10_alpha_1.2_sigma_0.18_threshold_0.0 - INFO - Batch 55/154: Clean orig accuracy 0.6193 | Clean purify accuracy 0.4659 | Adv orig accuracy: 0.5602 | Adv purify accuracy: 0.4375
2025-07-10 20:10:39,568 - ADV_Generation_eps_4.0_steps_100_Purification_type_noisy_anchor_anchors_10_alpha_1.2_sigma_0.18_threshold_0.0 - INFO - Batch:[55] Adversarial images for this batch already exist
2025-07-10 20:10:43,171 - ADV_Generation_eps_4.0_steps_100_Purification_type_noisy_anchor_anchors_10_alpha_1.2_sigma_0.18_threshold_0.0 - INFO - Batch 56/154: Clean orig accuracy 0.6083 | Clean purify accuracy 0.4576 | Adv orig accuracy: 0.5502 | Adv purify accuracy: 0.4297
2025-07-10 20:10:43,186 - ADV_Generation_eps_4.0_steps_100_Purification_type_noisy_anchor_anchors_10_alpha_1.2_sigma_0.18_threshold_0.0 - INFO - Batch:[56] Adversarial images for this batch already exist
2025-07-10 20:10:46,866 - ADV_Generation_eps_4.0_steps_100_Purification_type_noisy_anchor_anchors_10_alpha_1.2_sigma_0.18_threshold_0.0 - INFO - Batch 57/154: Clean orig accuracy 0.6096 | Clean purify accuracy 0.4572 | Adv orig accuracy: 0.5493 | Adv purify accuracy: 0.4254
2025-07-10 20:10:46,884 - ADV_Generation_eps_4.0_steps_100_Purification_type_noisy_anchor_anchors_10_alpha_1.2_sigma_0.18_threshold_0.0 - INFO - Batch:[57] Adversarial images for this batch already exist
2025-07-10 20:10:50,527 - ADV_Generation_eps_4.0_steps_100_Purification_type_noisy_anchor_anchors_10_alpha_1.2_sigma_0.18_threshold_0.0 - INFO - Batch 58/154: Clean orig accuracy 0.6164 | Clean purify accuracy 0.4612 | Adv orig accuracy: 0.5517 | Adv purify accuracy: 0.4256
2025-07-10 20:10:50,537 - ADV_Generation_eps_4.0_steps_100_Purification_type_noisy_anchor_anchors_10_alpha_1.2_sigma_0.18_threshold_0.0 - INFO - Batch:[58] Adversarial images for this batch already exist
2025-07-10 20:10:54,126 - ADV_Generation_eps_4.0_steps_100_Purification_type_noisy_anchor_anchors_10_alpha_1.2_sigma_0.18_threshold_0.0 - INFO - Batch 59/154: Clean orig accuracy 0.6229 | Clean purify accuracy 0.4650 | Adv orig accuracy: 0.5572 | Adv purify accuracy: 0.4280
2025-07-10 20:10:54,136 - ADV_Generation_eps_4.0_steps_100_Purification_type_noisy_anchor_anchors_10_alpha_1.2_sigma_0.18_threshold_0.0 - INFO - Batch:[59] Adversarial images for this batch already exist
2025-07-10 20:10:57,759 - ADV_Generation_eps_4.0_steps_100_Purification_type_noisy_anchor_anchors_10_alpha_1.2_sigma_0.18_threshold_0.0 - INFO - Batch 60/154: Clean orig accuracy 0.6281 | Clean purify accuracy 0.4708 | Adv orig accuracy: 0.5604 | Adv purify accuracy: 0.4313
2025-07-10 20:10:57,769 - ADV_Generation_eps_4.0_steps_100_Purification_type_noisy_anchor_anchors_10_alpha_1.2_sigma_0.18_threshold_0.0 - INFO - Batch:[60] Adversarial images for this batch already exist
2025-07-10 20:11:01,374 - ADV_Generation_eps_4.0_steps_100_Purification_type_noisy_anchor_anchors_10_alpha_1.2_sigma_0.18_threshold_0.0 - INFO - Batch 61/154: Clean orig accuracy 0.6322 | Clean purify accuracy 0.4723 | Adv orig accuracy: 0.5605 | Adv purify accuracy: 0.4303
2025-07-10 20:11:01,389 - ADV_Generation_eps_4.0_steps_100_Purification_type_noisy_anchor_anchors_10_alpha_1.2_sigma_0.18_threshold_0.0 - INFO - Batch:[61] Adversarial images for this batch already exist
2025-07-10 20:11:05,062 - ADV_Generation_eps_4.0_steps_100_Purification_type_noisy_anchor_anchors_10_alpha_1.2_sigma_0.18_threshold_0.0 - INFO - Batch 62/154: Clean orig accuracy 0.6341 | Clean purify accuracy 0.4728 | Adv orig accuracy: 0.5615 | Adv purify accuracy: 0.4315
2025-07-10 20:11:05,077 - ADV_Generation_eps_4.0_steps_100_Purification_type_noisy_anchor_anchors_10_alpha_1.2_sigma_0.18_threshold_0.0 - INFO - Batch:[62] Adversarial images for this batch already exist
2025-07-10 20:11:08,769 - ADV_Generation_eps_4.0_steps_100_Purification_type_noisy_anchor_anchors_10_alpha_1.2_sigma_0.18_threshold_0.0 - INFO - Batch 63/154: Clean orig accuracy 0.6389 | Clean purify accuracy 0.4762 | Adv orig accuracy: 0.5635 | Adv purify accuracy: 0.4345
2025-07-10 20:11:08,779 - ADV_Generation_eps_4.0_steps_100_Purification_type_noisy_anchor_anchors_10_alpha_1.2_sigma_0.18_threshold_0.0 - INFO - Batch:[63] Adversarial images for this batch already exist
2025-07-10 20:11:12,447 - ADV_Generation_eps_4.0_steps_100_Purification_type_noisy_anchor_anchors_10_alpha_1.2_sigma_0.18_threshold_0.0 - INFO - Batch 64/154: Clean orig accuracy 0.6445 | Clean purify accuracy 0.4824 | Adv orig accuracy: 0.5684 | Adv purify accuracy: 0.4404
2025-07-10 20:11:12,457 - ADV_Generation_eps_4.0_steps_100_Purification_type_noisy_anchor_anchors_10_alpha_1.2_sigma_0.18_threshold_0.0 - INFO - Batch:[64] Adversarial images for this batch already exist
2025-07-10 20:11:16,125 - ADV_Generation_eps_4.0_steps_100_Purification_type_noisy_anchor_anchors_10_alpha_1.2_sigma_0.18_threshold_0.0 - INFO - Batch 65/154: Clean orig accuracy 0.6500 | Clean purify accuracy 0.4894 | Adv orig accuracy: 0.5740 | Adv purify accuracy: 0.4471
2025-07-10 20:11:16,135 - ADV_Generation_eps_4.0_steps_100_Purification_type_noisy_anchor_anchors_10_alpha_1.2_sigma_0.18_threshold_0.0 - INFO - Batch:[65] Adversarial images for this batch already exist
2025-07-10 20:11:19,799 - ADV_Generation_eps_4.0_steps_100_Purification_type_noisy_anchor_anchors_10_alpha_1.2_sigma_0.18_threshold_0.0 - INFO - Batch 66/154: Clean orig accuracy 0.6544 | Clean purify accuracy 0.4943 | Adv orig accuracy: 0.5767 | Adv purify accuracy: 0.4527
2025-07-10 20:11:19,814 - ADV_Generation_eps_4.0_steps_100_Purification_type_noisy_anchor_anchors_10_alpha_1.2_sigma_0.18_threshold_0.0 - INFO - Batch:[66] Adversarial images for this batch already exist
2025-07-10 20:11:23,461 - ADV_Generation_eps_4.0_steps_100_Purification_type_noisy_anchor_anchors_10_alpha_1.2_sigma_0.18_threshold_0.0 - INFO - Batch 67/154: Clean orig accuracy 0.6521 | Clean purify accuracy 0.4916 | Adv orig accuracy: 0.5737 | Adv purify accuracy: 0.4515
2025-07-10 20:11:23,475 - ADV_Generation_eps_4.0_steps_100_Purification_type_noisy_anchor_anchors_10_alpha_1.2_sigma_0.18_threshold_0.0 - INFO - Batch:[67] Adversarial images for this batch already exist
2025-07-10 20:11:27,116 - ADV_Generation_eps_4.0_steps_100_Purification_type_noisy_anchor_anchors_10_alpha_1.2_sigma_0.18_threshold_0.0 - INFO - Batch 68/154: Clean orig accuracy 0.6434 | Clean purify accuracy 0.4844 | Adv orig accuracy: 0.5653 | Adv purify accuracy: 0.4449
2025-07-10 20:11:27,126 - ADV_Generation_eps_4.0_steps_100_Purification_type_noisy_anchor_anchors_10_alpha_1.2_sigma_0.18_threshold_0.0 - INFO - Batch:[68] Adversarial images for this batch already exist
2025-07-10 20:11:30,756 - ADV_Generation_eps_4.0_steps_100_Purification_type_noisy_anchor_anchors_10_alpha_1.2_sigma_0.18_threshold_0.0 - INFO - Batch 69/154: Clean orig accuracy 0.6467 | Clean purify accuracy 0.4882 | Adv orig accuracy: 0.5688 | Adv purify accuracy: 0.4484
2025-07-10 20:11:30,765 - ADV_Generation_eps_4.0_steps_100_Purification_type_noisy_anchor_anchors_10_alpha_1.2_sigma_0.18_threshold_0.0 - INFO - Batch:[69] Adversarial images for this batch already exist
2025-07-10 20:11:34,396 - ADV_Generation_eps_4.0_steps_100_Purification_type_noisy_anchor_anchors_10_alpha_1.2_sigma_0.18_threshold_0.0 - INFO - Batch 70/154: Clean orig accuracy 0.6509 | Clean purify accuracy 0.4911 | Adv orig accuracy: 0.5714 | Adv purify accuracy: 0.4500
2025-07-10 20:11:34,412 - ADV_Generation_eps_4.0_steps_100_Purification_type_noisy_anchor_anchors_10_alpha_1.2_sigma_0.18_threshold_0.0 - INFO - Batch:[70] Adversarial images for this batch already exist
2025-07-10 20:11:38,090 - ADV_Generation_eps_4.0_steps_100_Purification_type_noisy_anchor_anchors_10_alpha_1.2_sigma_0.18_threshold_0.0 - INFO - Batch 71/154: Clean orig accuracy 0.6523 | Clean purify accuracy 0.4850 | Adv orig accuracy: 0.5713 | Adv purify accuracy: 0.4445
2025-07-10 20:11:38,130 - ADV_Generation_eps_4.0_steps_100_Purification_type_noisy_anchor_anchors_10_alpha_1.2_sigma_0.18_threshold_0.0 - INFO - Batch:[71] Adversarial images for this batch already exist
2025-07-10 20:11:41,831 - ADV_Generation_eps_4.0_steps_100_Purification_type_noisy_anchor_anchors_10_alpha_1.2_sigma_0.18_threshold_0.0 - INFO - Batch 72/154: Clean orig accuracy 0.6519 | Clean purify accuracy 0.4809 | Adv orig accuracy: 0.5694 | Adv purify accuracy: 0.4410
2025-07-10 20:11:41,855 - ADV_Generation_eps_4.0_steps_100_Purification_type_noisy_anchor_anchors_10_alpha_1.2_sigma_0.18_threshold_0.0 - INFO - Batch:[72] Adversarial images for this batch already exist
2025-07-10 20:11:45,509 - ADV_Generation_eps_4.0_steps_100_Purification_type_noisy_anchor_anchors_10_alpha_1.2_sigma_0.18_threshold_0.0 - INFO - Batch 73/154: Clean orig accuracy 0.6430 | Clean purify accuracy 0.4743 | Adv orig accuracy: 0.5616 | Adv purify accuracy: 0.4349
2025-07-10 20:11:45,519 - ADV_Generation_eps_4.0_steps_100_Purification_type_noisy_anchor_anchors_10_alpha_1.2_sigma_0.18_threshold_0.0 - INFO - Batch:[73] Adversarial images for this batch already exist
2025-07-10 20:11:49,247 - ADV_Generation_eps_4.0_steps_100_Purification_type_noisy_anchor_anchors_10_alpha_1.2_sigma_0.18_threshold_0.0 - INFO - Batch 74/154: Clean orig accuracy 0.6385 | Clean purify accuracy 0.4721 | Adv orig accuracy: 0.5583 | Adv purify accuracy: 0.4333
2025-07-10 20:11:49,257 - ADV_Generation_eps_4.0_steps_100_Purification_type_noisy_anchor_anchors_10_alpha_1.2_sigma_0.18_threshold_0.0 - INFO - Batch:[74] Adversarial images for this batch already exist
2025-07-10 20:11:52,952 - ADV_Generation_eps_4.0_steps_100_Purification_type_noisy_anchor_anchors_10_alpha_1.2_sigma_0.18_threshold_0.0 - INFO - Batch 75/154: Clean orig accuracy 0.6433 | Clean purify accuracy 0.4792 | Adv orig accuracy: 0.5642 | Adv purify accuracy: 0.4408
2025-07-10 20:11:52,961 - ADV_Generation_eps_4.0_steps_100_Purification_type_noisy_anchor_anchors_10_alpha_1.2_sigma_0.18_threshold_0.0 - INFO - Batch:[75] Adversarial images for this batch already exist
2025-07-10 20:11:56,655 - ADV_Generation_eps_4.0_steps_100_Purification_type_noisy_anchor_anchors_10_alpha_1.2_sigma_0.18_threshold_0.0 - INFO - Batch 76/154: Clean orig accuracy 0.6390 | Clean purify accuracy 0.4770 | Adv orig accuracy: 0.5609 | Adv purify accuracy: 0.4391
2025-07-10 20:11:56,679 - ADV_Generation_eps_4.0_steps_100_Purification_type_noisy_anchor_anchors_10_alpha_1.2_sigma_0.18_threshold_0.0 - INFO - Batch:[76] Adversarial images for this batch already exist
2025-07-10 20:12:00,348 - ADV_Generation_eps_4.0_steps_100_Purification_type_noisy_anchor_anchors_10_alpha_1.2_sigma_0.18_threshold_0.0 - INFO - Batch 77/154: Clean orig accuracy 0.6315 | Clean purify accuracy 0.4708 | Adv orig accuracy: 0.5536 | Adv purify accuracy: 0.4334
2025-07-10 20:12:00,362 - ADV_Generation_eps_4.0_steps_100_Purification_type_noisy_anchor_anchors_10_alpha_1.2_sigma_0.18_threshold_0.0 - INFO - Batch:[77] Adversarial images for this batch already exist
2025-07-10 20:12:04,070 - ADV_Generation_eps_4.0_steps_100_Purification_type_noisy_anchor_anchors_10_alpha_1.2_sigma_0.18_threshold_0.0 - INFO - Batch 78/154: Clean orig accuracy 0.6298 | Clean purify accuracy 0.4712 | Adv orig accuracy: 0.5497 | Adv purify accuracy: 0.4335
2025-07-10 20:12:04,080 - ADV_Generation_eps_4.0_steps_100_Purification_type_noisy_anchor_anchors_10_alpha_1.2_sigma_0.18_threshold_0.0 - INFO - Batch:[78] Adversarial images for this batch already exist
2025-07-10 20:12:07,755 - ADV_Generation_eps_4.0_steps_100_Purification_type_noisy_anchor_anchors_10_alpha_1.2_sigma_0.18_threshold_0.0 - INFO - Batch 79/154: Clean orig accuracy 0.6313 | Clean purify accuracy 0.4747 | Adv orig accuracy: 0.5506 | Adv purify accuracy: 0.4375
2025-07-10 20:12:07,765 - ADV_Generation_eps_4.0_steps_100_Purification_type_noisy_anchor_anchors_10_alpha_1.2_sigma_0.18_threshold_0.0 - INFO - Batch:[79] Adversarial images for this batch already exist
2025-07-10 20:12:11,405 - ADV_Generation_eps_4.0_steps_100_Purification_type_noisy_anchor_anchors_10_alpha_1.2_sigma_0.18_threshold_0.0 - INFO - Batch 80/154: Clean orig accuracy 0.6359 | Clean purify accuracy 0.4813 | Adv orig accuracy: 0.5563 | Adv purify accuracy: 0.4445
2025-07-10 20:12:11,415 - ADV_Generation_eps_4.0_steps_100_Purification_type_noisy_anchor_anchors_10_alpha_1.2_sigma_0.18_threshold_0.0 - INFO - Batch:[80] Adversarial images for this batch already exist
2025-07-10 20:12:15,060 - ADV_Generation_eps_4.0_steps_100_Purification_type_noisy_anchor_anchors_10_alpha_1.2_sigma_0.18_threshold_0.0 - INFO - Batch 81/154: Clean orig accuracy 0.6389 | Clean purify accuracy 0.4776 | Adv orig accuracy: 0.5579 | Adv purify accuracy: 0.4406
2025-07-10 20:12:15,070 - ADV_Generation_eps_4.0_steps_100_Purification_type_noisy_anchor_anchors_10_alpha_1.2_sigma_0.18_threshold_0.0 - INFO - Batch:[81] Adversarial images for this batch already exist
2025-07-10 20:12:18,775 - ADV_Generation_eps_4.0_steps_100_Purification_type_noisy_anchor_anchors_10_alpha_1.2_sigma_0.18_threshold_0.0 - INFO - Batch 82/154: Clean orig accuracy 0.6425 | Clean purify accuracy 0.4741 | Adv orig accuracy: 0.5595 | Adv purify accuracy: 0.4352
2025-07-10 20:12:18,790 - ADV_Generation_eps_4.0_steps_100_Purification_type_noisy_anchor_anchors_10_alpha_1.2_sigma_0.18_threshold_0.0 - INFO - Batch:[82] Adversarial images for this batch already exist
2025-07-10 20:12:22,401 - ADV_Generation_eps_4.0_steps_100_Purification_type_noisy_anchor_anchors_10_alpha_1.2_sigma_0.18_threshold_0.0 - INFO - Batch 83/154: Clean orig accuracy 0.6423 | Clean purify accuracy 0.4684 | Adv orig accuracy: 0.5580 | Adv purify accuracy: 0.4300
2025-07-10 20:12:22,411 - ADV_Generation_eps_4.0_steps_100_Purification_type_noisy_anchor_anchors_10_alpha_1.2_sigma_0.18_threshold_0.0 - INFO - Batch:[83] Adversarial images for this batch already exist
2025-07-10 20:12:26,085 - ADV_Generation_eps_4.0_steps_100_Purification_type_noisy_anchor_anchors_10_alpha_1.2_sigma_0.18_threshold_0.0 - INFO - Batch 84/154: Clean orig accuracy 0.6406 | Clean purify accuracy 0.4635 | Adv orig accuracy: 0.5543 | Adv purify accuracy: 0.4256
2025-07-10 20:12:26,122 - ADV_Generation_eps_4.0_steps_100_Purification_type_noisy_anchor_anchors_10_alpha_1.2_sigma_0.18_threshold_0.0 - INFO - Batch:[84] Adversarial images for this batch already exist
2025-07-10 20:12:29,782 - ADV_Generation_eps_4.0_steps_100_Purification_type_noisy_anchor_anchors_10_alpha_1.2_sigma_0.18_threshold_0.0 - INFO - Batch 85/154: Clean orig accuracy 0.6419 | Clean purify accuracy 0.4618 | Adv orig accuracy: 0.5537 | Adv purify accuracy: 0.4243
2025-07-10 20:12:29,792 - ADV_Generation_eps_4.0_steps_100_Purification_type_noisy_anchor_anchors_10_alpha_1.2_sigma_0.18_threshold_0.0 - INFO - Batch:[85] Adversarial images for this batch already exist
2025-07-10 20:12:33,471 - ADV_Generation_eps_4.0_steps_100_Purification_type_noisy_anchor_anchors_10_alpha_1.2_sigma_0.18_threshold_0.0 - INFO - Batch 86/154: Clean orig accuracy 0.6461 | Clean purify accuracy 0.4651 | Adv orig accuracy: 0.5589 | Adv purify accuracy: 0.4266
2025-07-10 20:12:33,481 - ADV_Generation_eps_4.0_steps_100_Purification_type_noisy_anchor_anchors_10_alpha_1.2_sigma_0.18_threshold_0.0 - INFO - Batch:[86] Adversarial images for this batch already exist
2025-07-10 20:12:37,090 - ADV_Generation_eps_4.0_steps_100_Purification_type_noisy_anchor_anchors_10_alpha_1.2_sigma_0.18_threshold_0.0 - INFO - Batch 87/154: Clean orig accuracy 0.6501 | Clean purify accuracy 0.4648 | Adv orig accuracy: 0.5632 | Adv purify accuracy: 0.4267
2025-07-10 20:12:37,102 - ADV_Generation_eps_4.0_steps_100_Purification_type_noisy_anchor_anchors_10_alpha_1.2_sigma_0.18_threshold_0.0 - INFO - Batch:[87] Adversarial images for this batch already exist
2025-07-10 20:12:40,729 - ADV_Generation_eps_4.0_steps_100_Purification_type_noisy_anchor_anchors_10_alpha_1.2_sigma_0.18_threshold_0.0 - INFO - Batch 88/154: Clean orig accuracy 0.6534 | Clean purify accuracy 0.4652 | Adv orig accuracy: 0.5661 | Adv purify accuracy: 0.4261
2025-07-10 20:12:40,738 - ADV_Generation_eps_4.0_steps_100_Purification_type_noisy_anchor_anchors_10_alpha_1.2_sigma_0.18_threshold_0.0 - INFO - Batch:[88] Adversarial images for this batch already exist
2025-07-10 20:12:44,355 - ADV_Generation_eps_4.0_steps_100_Purification_type_noisy_anchor_anchors_10_alpha_1.2_sigma_0.18_threshold_0.0 - INFO - Batch 89/154: Clean orig accuracy 0.6517 | Clean purify accuracy 0.4607 | Adv orig accuracy: 0.5653 | Adv purify accuracy: 0.4221
2025-07-10 20:12:44,365 - ADV_Generation_eps_4.0_steps_100_Purification_type_noisy_anchor_anchors_10_alpha_1.2_sigma_0.18_threshold_0.0 - INFO - Batch:[89] Adversarial images for this batch already exist
2025-07-10 20:12:48,050 - ADV_Generation_eps_4.0_steps_100_Purification_type_noisy_anchor_anchors_10_alpha_1.2_sigma_0.18_threshold_0.0 - INFO - Batch 90/154: Clean orig accuracy 0.6444 | Clean purify accuracy 0.4556 | Adv orig accuracy: 0.5590 | Adv purify accuracy: 0.4174
2025-07-10 20:12:48,060 - ADV_Generation_eps_4.0_steps_100_Purification_type_noisy_anchor_anchors_10_alpha_1.2_sigma_0.18_threshold_0.0 - INFO - Batch:[90] Adversarial images for this batch already exist
2025-07-10 20:12:51,801 - ADV_Generation_eps_4.0_steps_100_Purification_type_noisy_anchor_anchors_10_alpha_1.2_sigma_0.18_threshold_0.0 - INFO - Batch 91/154: Clean orig accuracy 0.6380 | Clean purify accuracy 0.4512 | Adv orig accuracy: 0.5536 | Adv purify accuracy: 0.4128
2025-07-10 20:12:51,810 - ADV_Generation_eps_4.0_steps_100_Purification_type_noisy_anchor_anchors_10_alpha_1.2_sigma_0.18_threshold_0.0 - INFO - Batch:[91] Adversarial images for this batch already exist
2025-07-10 20:12:55,467 - ADV_Generation_eps_4.0_steps_100_Purification_type_noisy_anchor_anchors_10_alpha_1.2_sigma_0.18_threshold_0.0 - INFO - Batch 92/154: Clean orig accuracy 0.6420 | Clean purify accuracy 0.4531 | Adv orig accuracy: 0.5577 | Adv purify accuracy: 0.4137
2025-07-10 20:12:55,483 - ADV_Generation_eps_4.0_steps_100_Purification_type_noisy_anchor_anchors_10_alpha_1.2_sigma_0.18_threshold_0.0 - INFO - Batch:[92] Adversarial images for this batch already exist
2025-07-10 20:12:59,178 - ADV_Generation_eps_4.0_steps_100_Purification_type_noisy_anchor_anchors_10_alpha_1.2_sigma_0.18_threshold_0.0 - INFO - Batch 93/154: Clean orig accuracy 0.6458 | Clean purify accuracy 0.4570 | Adv orig accuracy: 0.5612 | Adv purify accuracy: 0.4173
2025-07-10 20:12:59,189 - ADV_Generation_eps_4.0_steps_100_Purification_type_noisy_anchor_anchors_10_alpha_1.2_sigma_0.18_threshold_0.0 - INFO - Batch:[93] Adversarial images for this batch already exist
2025-07-10 20:13:02,821 - ADV_Generation_eps_4.0_steps_100_Purification_type_noisy_anchor_anchors_10_alpha_1.2_sigma_0.18_threshold_0.0 - INFO - Batch 94/154: Clean orig accuracy 0.6443 | Clean purify accuracy 0.4594 | Adv orig accuracy: 0.5598 | Adv purify accuracy: 0.4195
2025-07-10 20:13:02,831 - ADV_Generation_eps_4.0_steps_100_Purification_type_noisy_anchor_anchors_10_alpha_1.2_sigma_0.18_threshold_0.0 - INFO - Batch:[94] Adversarial images for this batch already exist
2025-07-10 20:13:06,503 - ADV_Generation_eps_4.0_steps_100_Purification_type_noisy_anchor_anchors_10_alpha_1.2_sigma_0.18_threshold_0.0 - INFO - Batch 95/154: Clean orig accuracy 0.6395 | Clean purify accuracy 0.4605 | Adv orig accuracy: 0.5539 | Adv purify accuracy: 0.4217
2025-07-10 20:13:06,512 - ADV_Generation_eps_4.0_steps_100_Purification_type_noisy_anchor_anchors_10_alpha_1.2_sigma_0.18_threshold_0.0 - INFO - Batch:[95] Adversarial images for this batch already exist
2025-07-10 20:13:10,168 - ADV_Generation_eps_4.0_steps_100_Purification_type_noisy_anchor_anchors_10_alpha_1.2_sigma_0.18_threshold_0.0 - INFO - Batch 96/154: Clean orig accuracy 0.6367 | Clean purify accuracy 0.4557 | Adv orig accuracy: 0.5488 | Adv purify accuracy: 0.4173
2025-07-10 20:13:10,203 - ADV_Generation_eps_4.0_steps_100_Purification_type_noisy_anchor_anchors_10_alpha_1.2_sigma_0.18_threshold_0.0 - INFO - Batch:[96] Adversarial images for this batch already exist
2025-07-10 20:13:13,837 - ADV_Generation_eps_4.0_steps_100_Purification_type_noisy_anchor_anchors_10_alpha_1.2_sigma_0.18_threshold_0.0 - INFO - Batch 97/154: Clean orig accuracy 0.6302 | Clean purify accuracy 0.4510 | Adv orig accuracy: 0.5432 | Adv purify accuracy: 0.4130
2025-07-10 20:13:13,851 - ADV_Generation_eps_4.0_steps_100_Purification_type_noisy_anchor_anchors_10_alpha_1.2_sigma_0.18_threshold_0.0 - INFO - Batch:[97] Adversarial images for this batch already exist
2025-07-10 20:13:17,589 - ADV_Generation_eps_4.0_steps_100_Purification_type_noisy_anchor_anchors_10_alpha_1.2_sigma_0.18_threshold_0.0 - INFO - Batch 98/154: Clean orig accuracy 0.6250 | Clean purify accuracy 0.4464 | Adv orig accuracy: 0.5376 | Adv purify accuracy: 0.4088
2025-07-10 20:13:17,599 - ADV_Generation_eps_4.0_steps_100_Purification_type_noisy_anchor_anchors_10_alpha_1.2_sigma_0.18_threshold_0.0 - INFO - Batch:[98] Adversarial images for this batch already exist
2025-07-10 20:13:21,297 - ADV_Generation_eps_4.0_steps_100_Purification_type_noisy_anchor_anchors_10_alpha_1.2_sigma_0.18_threshold_0.0 - INFO - Batch 99/154: Clean orig accuracy 0.6212 | Clean purify accuracy 0.4419 | Adv orig accuracy: 0.5328 | Adv purify accuracy: 0.4047
2025-07-10 20:13:21,307 - ADV_Generation_eps_4.0_steps_100_Purification_type_noisy_anchor_anchors_10_alpha_1.2_sigma_0.18_threshold_0.0 - INFO - Batch:[99] Adversarial images for this batch already exist
2025-07-10 20:13:24,925 - ADV_Generation_eps_4.0_steps_100_Purification_type_noisy_anchor_anchors_10_alpha_1.2_sigma_0.18_threshold_0.0 - INFO - Batch 100/154: Clean orig accuracy 0.6156 | Clean purify accuracy 0.4375 | Adv orig accuracy: 0.5275 | Adv purify accuracy: 0.4006
2025-07-10 20:13:24,935 - ADV_Generation_eps_4.0_steps_100_Purification_type_noisy_anchor_anchors_10_alpha_1.2_sigma_0.18_threshold_0.0 - INFO - Batch:[100] Adversarial images for this batch already exist
2025-07-10 20:13:28,593 - ADV_Generation_eps_4.0_steps_100_Purification_type_noisy_anchor_anchors_10_alpha_1.2_sigma_0.18_threshold_0.0 - INFO - Batch 101/154: Clean orig accuracy 0.6095 | Clean purify accuracy 0.4332 | Adv orig accuracy: 0.5223 | Adv purify accuracy: 0.3967
2025-07-10 20:13:28,618 - ADV_Generation_eps_4.0_steps_100_Purification_type_noisy_anchor_anchors_10_alpha_1.2_sigma_0.18_threshold_0.0 - INFO - Batch:[101] Adversarial images for this batch already exist
2025-07-10 20:13:32,247 - ADV_Generation_eps_4.0_steps_100_Purification_type_noisy_anchor_anchors_10_alpha_1.2_sigma_0.18_threshold_0.0 - INFO - Batch 102/154: Clean orig accuracy 0.6103 | Clean purify accuracy 0.4320 | Adv orig accuracy: 0.5196 | Adv purify accuracy: 0.3958
2025-07-10 20:13:32,263 - ADV_Generation_eps_4.0_steps_100_Purification_type_noisy_anchor_anchors_10_alpha_1.2_sigma_0.18_threshold_0.0 - INFO - Batch:[102] Adversarial images for this batch already exist
2025-07-10 20:13:35,952 - ADV_Generation_eps_4.0_steps_100_Purification_type_noisy_anchor_anchors_10_alpha_1.2_sigma_0.18_threshold_0.0 - INFO - Batch 103/154: Clean orig accuracy 0.6141 | Clean purify accuracy 0.4375 | Adv orig accuracy: 0.5243 | Adv purify accuracy: 0.4017
2025-07-10 20:13:35,962 - ADV_Generation_eps_4.0_steps_100_Purification_type_noisy_anchor_anchors_10_alpha_1.2_sigma_0.18_threshold_0.0 - INFO - Batch:[103] Adversarial images for this batch already exist
2025-07-10 20:13:39,589 - ADV_Generation_eps_4.0_steps_100_Purification_type_noisy_anchor_anchors_10_alpha_1.2_sigma_0.18_threshold_0.0 - INFO - Batch 104/154: Clean orig accuracy 0.6172 | Clean purify accuracy 0.4399 | Adv orig accuracy: 0.5270 | Adv purify accuracy: 0.4032
2025-07-10 20:13:39,600 - ADV_Generation_eps_4.0_steps_100_Purification_type_noisy_anchor_anchors_10_alpha_1.2_sigma_0.18_threshold_0.0 - INFO - Batch:[104] Adversarial images for this batch already exist
2025-07-10 20:13:43,225 - ADV_Generation_eps_4.0_steps_100_Purification_type_noisy_anchor_anchors_10_alpha_1.2_sigma_0.18_threshold_0.0 - INFO - Batch 105/154: Clean orig accuracy 0.6196 | Clean purify accuracy 0.4369 | Adv orig accuracy: 0.5298 | Adv purify accuracy: 0.4006
2025-07-10 20:13:43,234 - ADV_Generation_eps_4.0_steps_100_Purification_type_noisy_anchor_anchors_10_alpha_1.2_sigma_0.18_threshold_0.0 - INFO - Batch:[105] Adversarial images for this batch already exist
2025-07-10 20:13:46,888 - ADV_Generation_eps_4.0_steps_100_Purification_type_noisy_anchor_anchors_10_alpha_1.2_sigma_0.18_threshold_0.0 - INFO - Batch 106/154: Clean orig accuracy 0.6221 | Clean purify accuracy 0.4363 | Adv orig accuracy: 0.5312 | Adv purify accuracy: 0.3992
2025-07-10 20:13:46,898 - ADV_Generation_eps_4.0_steps_100_Purification_type_noisy_anchor_anchors_10_alpha_1.2_sigma_0.18_threshold_0.0 - INFO - Batch:[106] Adversarial images for this batch already exist
2025-07-10 20:13:50,606 - ADV_Generation_eps_4.0_steps_100_Purification_type_noisy_anchor_anchors_10_alpha_1.2_sigma_0.18_threshold_0.0 - INFO - Batch 107/154: Clean orig accuracy 0.6227 | Clean purify accuracy 0.4340 | Adv orig accuracy: 0.5298 | Adv purify accuracy: 0.3972
2025-07-10 20:13:50,620 - ADV_Generation_eps_4.0_steps_100_Purification_type_noisy_anchor_anchors_10_alpha_1.2_sigma_0.18_threshold_0.0 - INFO - Batch:[107] Adversarial images for this batch already exist
2025-07-10 20:13:54,318 - ADV_Generation_eps_4.0_steps_100_Purification_type_noisy_anchor_anchors_10_alpha_1.2_sigma_0.18_threshold_0.0 - INFO - Batch 108/154: Clean orig accuracy 0.6250 | Clean purify accuracy 0.4369 | Adv orig accuracy: 0.5330 | Adv purify accuracy: 0.3999
2025-07-10 20:13:54,328 - ADV_Generation_eps_4.0_steps_100_Purification_type_noisy_anchor_anchors_10_alpha_1.2_sigma_0.18_threshold_0.0 - INFO - Batch:[108] Adversarial images for this batch already exist
2025-07-10 20:13:57,954 - ADV_Generation_eps_4.0_steps_100_Purification_type_noisy_anchor_anchors_10_alpha_1.2_sigma_0.18_threshold_0.0 - INFO - Batch 109/154: Clean orig accuracy 0.6284 | Clean purify accuracy 0.4404 | Adv orig accuracy: 0.5361 | Adv purify accuracy: 0.4037
2025-07-10 20:13:57,988 - ADV_Generation_eps_4.0_steps_100_Purification_type_noisy_anchor_anchors_10_alpha_1.2_sigma_0.18_threshold_0.0 - INFO - Batch:[109] Adversarial images for this batch already exist
2025-07-10 20:14:01,683 - ADV_Generation_eps_4.0_steps_100_Purification_type_noisy_anchor_anchors_10_alpha_1.2_sigma_0.18_threshold_0.0 - INFO - Batch 110/154: Clean orig accuracy 0.6256 | Clean purify accuracy 0.4375 | Adv orig accuracy: 0.5335 | Adv purify accuracy: 0.4011
2025-07-10 20:14:01,696 - ADV_Generation_eps_4.0_steps_100_Purification_type_noisy_anchor_anchors_10_alpha_1.2_sigma_0.18_threshold_0.0 - INFO - Batch:[110] Adversarial images for this batch already exist
2025-07-10 20:14:05,341 - ADV_Generation_eps_4.0_steps_100_Purification_type_noisy_anchor_anchors_10_alpha_1.2_sigma_0.18_threshold_0.0 - INFO - Batch 111/154: Clean orig accuracy 0.6261 | Clean purify accuracy 0.4398 | Adv orig accuracy: 0.5349 | Adv purify accuracy: 0.4037
2025-07-10 20:14:05,350 - ADV_Generation_eps_4.0_steps_100_Purification_type_noisy_anchor_anchors_10_alpha_1.2_sigma_0.18_threshold_0.0 - INFO - Batch:[111] Adversarial images for this batch already exist
2025-07-10 20:14:09,079 - ADV_Generation_eps_4.0_steps_100_Purification_type_noisy_anchor_anchors_10_alpha_1.2_sigma_0.18_threshold_0.0 - INFO - Batch 112/154: Clean orig accuracy 0.6283 | Clean purify accuracy 0.4436 | Adv orig accuracy: 0.5379 | Adv purify accuracy: 0.4079
2025-07-10 20:14:09,094 - ADV_Generation_eps_4.0_steps_100_Purification_type_noisy_anchor_anchors_10_alpha_1.2_sigma_0.18_threshold_0.0 - INFO - Batch:[112] Adversarial images for this batch already exist
2025-07-10 20:14:12,733 - ADV_Generation_eps_4.0_steps_100_Purification_type_noisy_anchor_anchors_10_alpha_1.2_sigma_0.18_threshold_0.0 - INFO - Batch 113/154: Clean orig accuracy 0.6256 | Clean purify accuracy 0.4419 | Adv orig accuracy: 0.5360 | Adv purify accuracy: 0.4060
2025-07-10 20:14:12,743 - ADV_Generation_eps_4.0_steps_100_Purification_type_noisy_anchor_anchors_10_alpha_1.2_sigma_0.18_threshold_0.0 - INFO - Batch:[113] Adversarial images for this batch already exist
2025-07-10 20:14:16,440 - ADV_Generation_eps_4.0_steps_100_Purification_type_noisy_anchor_anchors_10_alpha_1.2_sigma_0.18_threshold_0.0 - INFO - Batch 114/154: Clean orig accuracy 0.6206 | Clean purify accuracy 0.4380 | Adv orig accuracy: 0.5312 | Adv purify accuracy: 0.4024
2025-07-10 20:14:16,450 - ADV_Generation_eps_4.0_steps_100_Purification_type_noisy_anchor_anchors_10_alpha_1.2_sigma_0.18_threshold_0.0 - INFO - Batch:[114] Adversarial images for this batch already exist
2025-07-10 20:14:20,109 - ADV_Generation_eps_4.0_steps_100_Purification_type_noisy_anchor_anchors_10_alpha_1.2_sigma_0.18_threshold_0.0 - INFO - Batch 115/154: Clean orig accuracy 0.6223 | Clean purify accuracy 0.4402 | Adv orig accuracy: 0.5337 | Adv purify accuracy: 0.4033
2025-07-10 20:14:20,119 - ADV_Generation_eps_4.0_steps_100_Purification_type_noisy_anchor_anchors_10_alpha_1.2_sigma_0.18_threshold_0.0 - INFO - Batch:[115] Adversarial images for this batch already exist
2025-07-10 20:14:23,726 - ADV_Generation_eps_4.0_steps_100_Purification_type_noisy_anchor_anchors_10_alpha_1.2_sigma_0.18_threshold_0.0 - INFO - Batch 116/154: Clean orig accuracy 0.6175 | Clean purify accuracy 0.4370 | Adv orig accuracy: 0.5296 | Adv purify accuracy: 0.4003
2025-07-10 20:14:23,736 - ADV_Generation_eps_4.0_steps_100_Purification_type_noisy_anchor_anchors_10_alpha_1.2_sigma_0.18_threshold_0.0 - INFO - Batch:[116] Adversarial images for this batch already exist
2025-07-10 20:14:27,344 - ADV_Generation_eps_4.0_steps_100_Purification_type_noisy_anchor_anchors_10_alpha_1.2_sigma_0.18_threshold_0.0 - INFO - Batch 117/154: Clean orig accuracy 0.6170 | Clean purify accuracy 0.4332 | Adv orig accuracy: 0.5272 | Adv purify accuracy: 0.3969
2025-07-10 20:14:27,359 - ADV_Generation_eps_4.0_steps_100_Purification_type_noisy_anchor_anchors_10_alpha_1.2_sigma_0.18_threshold_0.0 - INFO - Batch:[117] Adversarial images for this batch already exist
2025-07-10 20:14:30,995 - ADV_Generation_eps_4.0_steps_100_Purification_type_noisy_anchor_anchors_10_alpha_1.2_sigma_0.18_threshold_0.0 - INFO - Batch 118/154: Clean orig accuracy 0.6197 | Clean purify accuracy 0.4375 | Adv orig accuracy: 0.5307 | Adv purify accuracy: 0.4015
2025-07-10 20:14:31,005 - ADV_Generation_eps_4.0_steps_100_Purification_type_noisy_anchor_anchors_10_alpha_1.2_sigma_0.18_threshold_0.0 - INFO - Batch:[118] Adversarial images for this batch already exist
2025-07-10 20:14:34,605 - ADV_Generation_eps_4.0_steps_100_Purification_type_noisy_anchor_anchors_10_alpha_1.2_sigma_0.18_threshold_0.0 - INFO - Batch 119/154: Clean orig accuracy 0.6155 | Clean purify accuracy 0.4338 | Adv orig accuracy: 0.5273 | Adv purify accuracy: 0.3981
2025-07-10 20:14:34,615 - ADV_Generation_eps_4.0_steps_100_Purification_type_noisy_anchor_anchors_10_alpha_1.2_sigma_0.18_threshold_0.0 - INFO - Batch:[119] Adversarial images for this batch already exist
2025-07-10 20:14:38,281 - ADV_Generation_eps_4.0_steps_100_Purification_type_noisy_anchor_anchors_10_alpha_1.2_sigma_0.18_threshold_0.0 - INFO - Batch 120/154: Clean orig accuracy 0.6188 | Clean purify accuracy 0.4380 | Adv orig accuracy: 0.5312 | Adv purify accuracy: 0.4026
2025-07-10 20:14:38,291 - ADV_Generation_eps_4.0_steps_100_Purification_type_noisy_anchor_anchors_10_alpha_1.2_sigma_0.18_threshold_0.0 - INFO - Batch:[120] Adversarial images for this batch already exist
2025-07-10 20:14:41,934 - ADV_Generation_eps_4.0_steps_100_Purification_type_noisy_anchor_anchors_10_alpha_1.2_sigma_0.18_threshold_0.0 - INFO - Batch 121/154: Clean orig accuracy 0.6219 | Clean purify accuracy 0.4421 | Adv orig accuracy: 0.5351 | Adv purify accuracy: 0.4070
2025-07-10 20:14:41,969 - ADV_Generation_eps_4.0_steps_100_Purification_type_noisy_anchor_anchors_10_alpha_1.2_sigma_0.18_threshold_0.0 - INFO - Batch:[121] Adversarial images for this batch already exist
2025-07-10 20:14:45,582 - ADV_Generation_eps_4.0_steps_100_Purification_type_noisy_anchor_anchors_10_alpha_1.2_sigma_0.18_threshold_0.0 - INFO - Batch 122/154: Clean orig accuracy 0.6235 | Clean purify accuracy 0.4436 | Adv orig accuracy: 0.5364 | Adv purify accuracy: 0.4083
2025-07-10 20:14:45,598 - ADV_Generation_eps_4.0_steps_100_Purification_type_noisy_anchor_anchors_10_alpha_1.2_sigma_0.18_threshold_0.0 - INFO - Batch:[122] Adversarial images for this batch already exist
2025-07-10 20:14:49,248 - ADV_Generation_eps_4.0_steps_100_Purification_type_noisy_anchor_anchors_10_alpha_1.2_sigma_0.18_threshold_0.0 - INFO - Batch 123/154: Clean orig accuracy 0.6245 | Clean purify accuracy 0.4411 | Adv orig accuracy: 0.5361 | Adv purify accuracy: 0.4055
2025-07-10 20:14:49,281 - ADV_Generation_eps_4.0_steps_100_Purification_type_noisy_anchor_anchors_10_alpha_1.2_sigma_0.18_threshold_0.0 - INFO - Batch:[123] Adversarial images for this batch already exist
2025-07-10 20:14:52,906 - ADV_Generation_eps_4.0_steps_100_Purification_type_noisy_anchor_anchors_10_alpha_1.2_sigma_0.18_threshold_0.0 - INFO - Batch 124/154: Clean orig accuracy 0.6260 | Clean purify accuracy 0.4430 | Adv orig accuracy: 0.5378 | Adv purify accuracy: 0.4073
2025-07-10 20:14:52,916 - ADV_Generation_eps_4.0_steps_100_Purification_type_noisy_anchor_anchors_10_alpha_1.2_sigma_0.18_threshold_0.0 - INFO - Batch:[124] Adversarial images for this batch already exist
2025-07-10 20:14:56,511 - ADV_Generation_eps_4.0_steps_100_Purification_type_noisy_anchor_anchors_10_alpha_1.2_sigma_0.18_threshold_0.0 - INFO - Batch 125/154: Clean orig accuracy 0.6285 | Clean purify accuracy 0.4470 | Adv orig accuracy: 0.5410 | Adv purify accuracy: 0.4115
2025-07-10 20:14:56,521 - ADV_Generation_eps_4.0_steps_100_Purification_type_noisy_anchor_anchors_10_alpha_1.2_sigma_0.18_threshold_0.0 - INFO - Batch:[125] Adversarial images for this batch already exist
2025-07-10 20:15:00,154 - ADV_Generation_eps_4.0_steps_100_Purification_type_noisy_anchor_anchors_10_alpha_1.2_sigma_0.18_threshold_0.0 - INFO - Batch 126/154: Clean orig accuracy 0.6275 | Clean purify accuracy 0.4469 | Adv orig accuracy: 0.5407 | Adv purify accuracy: 0.4117
2025-07-10 20:15:00,165 - ADV_Generation_eps_4.0_steps_100_Purification_type_noisy_anchor_anchors_10_alpha_1.2_sigma_0.18_threshold_0.0 - INFO - Batch:[126] Adversarial images for this batch already exist
2025-07-10 20:15:03,859 - ADV_Generation_eps_4.0_steps_100_Purification_type_noisy_anchor_anchors_10_alpha_1.2_sigma_0.18_threshold_0.0 - INFO - Batch 127/154: Clean orig accuracy 0.6265 | Clean purify accuracy 0.4464 | Adv orig accuracy: 0.5399 | Adv purify accuracy: 0.4114
2025-07-10 20:15:03,873 - ADV_Generation_eps_4.0_steps_100_Purification_type_noisy_anchor_anchors_10_alpha_1.2_sigma_0.18_threshold_0.0 - INFO - Batch:[127] Adversarial images for this batch already exist
2025-07-10 20:15:07,436 - ADV_Generation_eps_4.0_steps_100_Purification_type_noisy_anchor_anchors_10_alpha_1.2_sigma_0.18_threshold_0.0 - INFO - Batch 128/154: Clean orig accuracy 0.6279 | Clean purify accuracy 0.4443 | Adv orig accuracy: 0.5391 | Adv purify accuracy: 0.4092
2025-07-10 20:15:07,446 - ADV_Generation_eps_4.0_steps_100_Purification_type_noisy_anchor_anchors_10_alpha_1.2_sigma_0.18_threshold_0.0 - INFO - Batch:[128] Adversarial images for this batch already exist
2025-07-10 20:15:11,086 - ADV_Generation_eps_4.0_steps_100_Purification_type_noisy_anchor_anchors_10_alpha_1.2_sigma_0.18_threshold_0.0 - INFO - Batch 129/154: Clean orig accuracy 0.6308 | Clean purify accuracy 0.4482 | Adv orig accuracy: 0.5402 | Adv purify accuracy: 0.4133
2025-07-10 20:15:11,096 - ADV_Generation_eps_4.0_steps_100_Purification_type_noisy_anchor_anchors_10_alpha_1.2_sigma_0.18_threshold_0.0 - INFO - Batch:[129] Adversarial images for this batch already exist
2025-07-10 20:15:14,751 - ADV_Generation_eps_4.0_steps_100_Purification_type_noisy_anchor_anchors_10_alpha_1.2_sigma_0.18_threshold_0.0 - INFO - Batch 130/154: Clean orig accuracy 0.6308 | Clean purify accuracy 0.4486 | Adv orig accuracy: 0.5409 | Adv purify accuracy: 0.4135
2025-07-10 20:15:14,761 - ADV_Generation_eps_4.0_steps_100_Purification_type_noisy_anchor_anchors_10_alpha_1.2_sigma_0.18_threshold_0.0 - INFO - Batch:[130] Adversarial images for this batch already exist
2025-07-10 20:15:18,399 - ADV_Generation_eps_4.0_steps_100_Purification_type_noisy_anchor_anchors_10_alpha_1.2_sigma_0.18_threshold_0.0 - INFO - Batch 131/154: Clean orig accuracy 0.6293 | Clean purify accuracy 0.4451 | Adv orig accuracy: 0.5386 | Adv purify accuracy: 0.4103
2025-07-10 20:15:18,410 - ADV_Generation_eps_4.0_steps_100_Purification_type_noisy_anchor_anchors_10_alpha_1.2_sigma_0.18_threshold_0.0 - INFO - Batch:[131] Adversarial images for this batch already exist
2025-07-10 20:15:22,139 - ADV_Generation_eps_4.0_steps_100_Purification_type_noisy_anchor_anchors_10_alpha_1.2_sigma_0.18_threshold_0.0 - INFO - Batch 132/154: Clean orig accuracy 0.6293 | Clean purify accuracy 0.4460 | Adv orig accuracy: 0.5369 | Adv purify accuracy: 0.4110
2025-07-10 20:15:22,149 - ADV_Generation_eps_4.0_steps_100_Purification_type_noisy_anchor_anchors_10_alpha_1.2_sigma_0.18_threshold_0.0 - INFO - Batch:[132] Adversarial images for this batch already exist
2025-07-10 20:15:25,859 - ADV_Generation_eps_4.0_steps_100_Purification_type_noisy_anchor_anchors_10_alpha_1.2_sigma_0.18_threshold_0.0 - INFO - Batch 133/154: Clean orig accuracy 0.6311 | Clean purify accuracy 0.4445 | Adv orig accuracy: 0.5357 | Adv purify accuracy: 0.4093
2025-07-10 20:15:25,875 - ADV_Generation_eps_4.0_steps_100_Purification_type_noisy_anchor_anchors_10_alpha_1.2_sigma_0.18_threshold_0.0 - INFO - Batch:[133] Adversarial images for this batch already exist
2025-07-10 20:15:29,513 - ADV_Generation_eps_4.0_steps_100_Purification_type_noisy_anchor_anchors_10_alpha_1.2_sigma_0.18_threshold_0.0 - INFO - Batch 134/154: Clean orig accuracy 0.6325 | Clean purify accuracy 0.4436 | Adv orig accuracy: 0.5354 | Adv purify accuracy: 0.4086
2025-07-10 20:15:29,523 - ADV_Generation_eps_4.0_steps_100_Purification_type_noisy_anchor_anchors_10_alpha_1.2_sigma_0.18_threshold_0.0 - INFO - Batch:[134] Adversarial images for this batch already exist
2025-07-10 20:15:33,305 - ADV_Generation_eps_4.0_steps_100_Purification_type_noisy_anchor_anchors_10_alpha_1.2_sigma_0.18_threshold_0.0 - INFO - Batch 135/154: Clean orig accuracy 0.6343 | Clean purify accuracy 0.4472 | Adv orig accuracy: 0.5366 | Adv purify accuracy: 0.4116
2025-07-10 20:15:33,315 - ADV_Generation_eps_4.0_steps_100_Purification_type_noisy_anchor_anchors_10_alpha_1.2_sigma_0.18_threshold_0.0 - INFO - Batch:[135] Adversarial images for this batch already exist
2025-07-10 20:15:37,011 - ADV_Generation_eps_4.0_steps_100_Purification_type_noisy_anchor_anchors_10_alpha_1.2_sigma_0.18_threshold_0.0 - INFO - Batch 136/154: Clean orig accuracy 0.6319 | Clean purify accuracy 0.4458 | Adv orig accuracy: 0.5340 | Adv purify accuracy: 0.4099
2025-07-10 20:15:37,021 - ADV_Generation_eps_4.0_steps_100_Purification_type_noisy_anchor_anchors_10_alpha_1.2_sigma_0.18_threshold_0.0 - INFO - Batch:[136] Adversarial images for this batch already exist
2025-07-10 20:15:40,789 - ADV_Generation_eps_4.0_steps_100_Purification_type_noisy_anchor_anchors_10_alpha_1.2_sigma_0.18_threshold_0.0 - INFO - Batch 137/154: Clean orig accuracy 0.6337 | Clean purify accuracy 0.4480 | Adv orig accuracy: 0.5360 | Adv purify accuracy: 0.4120
2025-07-10 20:15:40,799 - ADV_Generation_eps_4.0_steps_100_Purification_type_noisy_anchor_anchors_10_alpha_1.2_sigma_0.18_threshold_0.0 - INFO - Batch:[137] Adversarial images for this batch already exist
2025-07-10 20:15:44,511 - ADV_Generation_eps_4.0_steps_100_Purification_type_noisy_anchor_anchors_10_alpha_1.2_sigma_0.18_threshold_0.0 - INFO - Batch 138/154: Clean orig accuracy 0.6363 | Clean purify accuracy 0.4511 | Adv orig accuracy: 0.5389 | Adv purify accuracy: 0.4153
2025-07-10 20:15:44,526 - ADV_Generation_eps_4.0_steps_100_Purification_type_noisy_anchor_anchors_10_alpha_1.2_sigma_0.18_threshold_0.0 - INFO - Batch:[138] Adversarial images for this batch already exist
2025-07-10 20:15:48,168 - ADV_Generation_eps_4.0_steps_100_Purification_type_noisy_anchor_anchors_10_alpha_1.2_sigma_0.18_threshold_0.0 - INFO - Batch 139/154: Clean orig accuracy 0.6389 | Clean purify accuracy 0.4532 | Adv orig accuracy: 0.5423 | Adv purify accuracy: 0.4173
2025-07-10 20:15:48,178 - ADV_Generation_eps_4.0_steps_100_Purification_type_noisy_anchor_anchors_10_alpha_1.2_sigma_0.18_threshold_0.0 - INFO - Batch:[139] Adversarial images for this batch already exist
2025-07-10 20:15:51,814 - ADV_Generation_eps_4.0_steps_100_Purification_type_noisy_anchor_anchors_10_alpha_1.2_sigma_0.18_threshold_0.0 - INFO - Batch 140/154: Clean orig accuracy 0.6406 | Clean purify accuracy 0.4509 | Adv orig accuracy: 0.5415 | Adv purify accuracy: 0.4147
2025-07-10 20:15:51,824 - ADV_Generation_eps_4.0_steps_100_Purification_type_noisy_anchor_anchors_10_alpha_1.2_sigma_0.18_threshold_0.0 - INFO - Batch:[140] Adversarial images for this batch already exist
2025-07-10 20:15:55,478 - ADV_Generation_eps_4.0_steps_100_Purification_type_noisy_anchor_anchors_10_alpha_1.2_sigma_0.18_threshold_0.0 - INFO - Batch 141/154: Clean orig accuracy 0.6432 | Clean purify accuracy 0.4539 | Adv orig accuracy: 0.5443 | Adv purify accuracy: 0.4180
2025-07-10 20:15:55,488 - ADV_Generation_eps_4.0_steps_100_Purification_type_noisy_anchor_anchors_10_alpha_1.2_sigma_0.18_threshold_0.0 - INFO - Batch:[141] Adversarial images for this batch already exist
2025-07-10 20:15:59,091 - ADV_Generation_eps_4.0_steps_100_Purification_type_noisy_anchor_anchors_10_alpha_1.2_sigma_0.18_threshold_0.0 - INFO - Batch 142/154: Clean orig accuracy 0.6457 | Clean purify accuracy 0.4573 | Adv orig accuracy: 0.5471 | Adv purify accuracy: 0.4212
2025-07-10 20:15:59,101 - ADV_Generation_eps_4.0_steps_100_Purification_type_noisy_anchor_anchors_10_alpha_1.2_sigma_0.18_threshold_0.0 - INFO - Batch:[142] Adversarial images for this batch already exist
2025-07-10 20:16:02,809 - ADV_Generation_eps_4.0_steps_100_Purification_type_noisy_anchor_anchors_10_alpha_1.2_sigma_0.18_threshold_0.0 - INFO - Batch 143/154: Clean orig accuracy 0.6482 | Clean purify accuracy 0.4607 | Adv orig accuracy: 0.5503 | Adv purify accuracy: 0.4244
2025-07-10 20:16:02,823 - ADV_Generation_eps_4.0_steps_100_Purification_type_noisy_anchor_anchors_10_alpha_1.2_sigma_0.18_threshold_0.0 - INFO - Batch:[143] Adversarial images for this batch already exist
2025-07-10 20:16:06,477 - ADV_Generation_eps_4.0_steps_100_Purification_type_noisy_anchor_anchors_10_alpha_1.2_sigma_0.18_threshold_0.0 - INFO - Batch 144/154: Clean orig accuracy 0.6484 | Clean purify accuracy 0.4614 | Adv orig accuracy: 0.5495 | Adv purify accuracy: 0.4253
2025-07-10 20:16:06,492 - ADV_Generation_eps_4.0_steps_100_Purification_type_noisy_anchor_anchors_10_alpha_1.2_sigma_0.18_threshold_0.0 - INFO - Batch:[144] Adversarial images for this batch already exist
2025-07-10 20:16:10,164 - ADV_Generation_eps_4.0_steps_100_Purification_type_noisy_anchor_anchors_10_alpha_1.2_sigma_0.18_threshold_0.0 - INFO - Batch 145/154: Clean orig accuracy 0.6500 | Clean purify accuracy 0.4634 | Adv orig accuracy: 0.5500 | Adv purify accuracy: 0.4276
2025-07-10 20:16:10,174 - ADV_Generation_eps_4.0_steps_100_Purification_type_noisy_anchor_anchors_10_alpha_1.2_sigma_0.18_threshold_0.0 - INFO - Batch:[145] Adversarial images for this batch already exist
2025-07-10 20:16:13,856 - ADV_Generation_eps_4.0_steps_100_Purification_type_noisy_anchor_anchors_10_alpha_1.2_sigma_0.18_threshold_0.0 - INFO - Batch 146/154: Clean orig accuracy 0.6511 | Clean purify accuracy 0.4623 | Adv orig accuracy: 0.5514 | Adv purify accuracy: 0.4259
2025-07-10 20:16:13,866 - ADV_Generation_eps_4.0_steps_100_Purification_type_noisy_anchor_anchors_10_alpha_1.2_sigma_0.18_threshold_0.0 - INFO - Batch:[146] Adversarial images for this batch already exist
2025-07-10 20:16:17,491 - ADV_Generation_eps_4.0_steps_100_Purification_type_noisy_anchor_anchors_10_alpha_1.2_sigma_0.18_threshold_0.0 - INFO - Batch 147/154: Clean orig accuracy 0.6535 | Clean purify accuracy 0.4622 | Adv orig accuracy: 0.5531 | Adv purify accuracy: 0.4247
2025-07-10 20:16:17,517 - ADV_Generation_eps_4.0_steps_100_Purification_type_noisy_anchor_anchors_10_alpha_1.2_sigma_0.18_threshold_0.0 - INFO - Batch:[147] Adversarial images for this batch already exist
2025-07-10 20:16:21,160 - ADV_Generation_eps_4.0_steps_100_Purification_type_noisy_anchor_anchors_10_alpha_1.2_sigma_0.18_threshold_0.0 - INFO - Batch 148/154: Clean orig accuracy 0.6499 | Clean purify accuracy 0.4595 | Adv orig accuracy: 0.5503 | Adv purify accuracy: 0.4223
2025-07-10 20:16:21,174 - ADV_Generation_eps_4.0_steps_100_Purification_type_noisy_anchor_anchors_10_alpha_1.2_sigma_0.18_threshold_0.0 - INFO - Batch:[148] Adversarial images for this batch already exist
2025-07-10 20:16:24,791 - ADV_Generation_eps_4.0_steps_100_Purification_type_noisy_anchor_anchors_10_alpha_1.2_sigma_0.18_threshold_0.0 - INFO - Batch 149/154: Clean orig accuracy 0.6477 | Clean purify accuracy 0.4589 | Adv orig accuracy: 0.5474 | Adv purify accuracy: 0.4220
2025-07-10 20:16:24,804 - ADV_Generation_eps_4.0_steps_100_Purification_type_noisy_anchor_anchors_10_alpha_1.2_sigma_0.18_threshold_0.0 - INFO - Batch:[149] Adversarial images for this batch already exist
2025-07-10 20:16:28,383 - ADV_Generation_eps_4.0_steps_100_Purification_type_noisy_anchor_anchors_10_alpha_1.2_sigma_0.18_threshold_0.0 - INFO - Batch 150/154: Clean orig accuracy 0.6446 | Clean purify accuracy 0.4583 | Adv orig accuracy: 0.5442 | Adv purify accuracy: 0.4208
2025-07-10 20:16:28,393 - ADV_Generation_eps_4.0_steps_100_Purification_type_noisy_anchor_anchors_10_alpha_1.2_sigma_0.18_threshold_0.0 - INFO - Batch:[150] Adversarial images for this batch already exist
2025-07-10 20:16:32,004 - ADV_Generation_eps_4.0_steps_100_Purification_type_noisy_anchor_anchors_10_alpha_1.2_sigma_0.18_threshold_0.0 - INFO - Batch 151/154: Clean orig accuracy 0.6469 | Clean purify accuracy 0.4574 | Adv orig accuracy: 0.5447 | Adv purify accuracy: 0.4197
2025-07-10 20:16:32,014 - ADV_Generation_eps_4.0_steps_100_Purification_type_noisy_anchor_anchors_10_alpha_1.2_sigma_0.18_threshold_0.0 - INFO - Batch:[151] Adversarial images for this batch already exist
2025-07-10 20:16:35,657 - ADV_Generation_eps_4.0_steps_100_Purification_type_noisy_anchor_anchors_10_alpha_1.2_sigma_0.18_threshold_0.0 - INFO - Batch 152/154: Clean orig accuracy 0.6484 | Clean purify accuracy 0.4601 | Adv orig accuracy: 0.5461 | Adv purify accuracy: 0.4219
2025-07-10 20:16:35,667 - ADV_Generation_eps_4.0_steps_100_Purification_type_noisy_anchor_anchors_10_alpha_1.2_sigma_0.18_threshold_0.0 - INFO - Batch:[152] Adversarial images for this batch already exist
2025-07-10 20:16:39,409 - ADV_Generation_eps_4.0_steps_100_Purification_type_noisy_anchor_anchors_10_alpha_1.2_sigma_0.18_threshold_0.0 - INFO - Batch 153/154: Clean orig accuracy 0.6471 | Clean purify accuracy 0.4575 | Adv orig accuracy: 0.5433 | Adv purify accuracy: 0.4195
2025-07-10 20:16:39,418 - ADV_Generation_eps_4.0_steps_100_Purification_type_noisy_anchor_anchors_10_alpha_1.2_sigma_0.18_threshold_0.0 - INFO - Batch:[153] Adversarial images for this batch already exist
2025-07-10 20:16:42,906 - ADV_Generation_eps_4.0_steps_100_Purification_type_noisy_anchor_anchors_10_alpha_1.2_sigma_0.18_threshold_0.0 - INFO - Batch 154/154: Clean orig accuracy 0.6476 | Clean purify accuracy 0.4572 | Adv orig accuracy: 0.5412 | Adv purify accuracy: 0.4190
2025-07-10 20:16:43,035 - ADV_Generation_eps_4.0_steps_100_Purification_type_noisy_anchor_anchors_10_alpha_1.2_sigma_0.18_threshold_0.0 - INFO - Final Clean orig accuracy: 0.6476 | Clean purify accuracy: 0.4572
2025-07-10 20:16:43,035 - ADV_Generation_eps_4.0_steps_100_Purification_type_noisy_anchor_anchors_10_alpha_1.2_sigma_0.18_threshold_0.0 - INFO - Final Adv orig accuracy: 0.5412 | Adv purify accuracy: 0.4190
2025-07-10 20:16:43,035 - ADV_Generation_eps_4.0_steps_100_Purification_type_noisy_anchor_anchors_10_alpha_1.2_sigma_0.18_threshold_0.0 - INFO - Diff_ratio_clean: 0.4775 | Diff_ratio_adv: 0.4755
2025-07-10 20:16:43,035 - ADV_Generation_eps_4.0_steps_100_Purification_type_noisy_anchor_anchors_10_alpha_1.2_sigma_0.18_threshold_0.0 - INFO - Adversarial image generation completed. Results
