2025-07-10 20:06:21,236 - ADV_Generation_eps_4.0_steps_100_Purification_type_noisy_anchor_anchors_10_alpha_1.2_sigma_0.06_threshold_0.0 - INFO - ==========================================
data:/leonardo_work/EUHPC_R04_192/fmohamma/Adversarial_Robust_Clip/atpt_data/downstream_datasets
test_sets:Flower102
dataset_mode:test
arch:delta_clip_l14_224
resolution:224
workers:4
no_pin_memory:False
batch_size:64
adv_bs:16
print_freq:20
gpu:0
no_cudnn_benchmark:False
n_ctx:4
ctx_init:a_photo_of_a
seed:0
output_dir:/leonardo_work/EUHPC_R04_192/fmohamma/Adversarial_Robust_Clip/atpt_data/delta_clip_l14_224/Flower102
log_output_dir:/leonardo_work/EUHPC_R04_192/fmohamma/Adversarial_Robust_Clip/ATPT/Purify_Results/delta_clip_l14_224/Flower102
eps:4.0
alpha:1.0
alpha_eps_ratio:4.0
steps:100
counter_attack:False
counter_attack_type:pgd
counter_attack_steps:2
counter_attack_eps:4.0
counter_attack_alpha:1.0
counter_attack_tau_thres:0.2
counter_attack_beta:2.0
counter_attack_weighted_perturbations:True
pgd_clip_pure_i_text_embeddings:null
pgd_counter_and_clipure_i_lamda:1.0
image_feature_purify:True
image_feature_purify_type:noisy_anchor
image_feature_purify_noisy_anchors:10
image_feature_purify_anchors_alpha:1.2
image_feature_purify_noisy_sigma:0.06
image_feature_purify_diff_threshold:0.0
lr:0.005
selection_p:0.1
tta_steps:1
top_k:20
softmax_temp:0.01
load_tecoa:

2025-07-10 20:06:21,237 - ADV_Generation_eps_4.0_steps_100_Purification_type_noisy_anchor_anchors_10_alpha_1.2_sigma_0.06_threshold_0.0 - INFO - Use GPU: 0 for training
2025-07-10 20:08:00,718 - ADV_Generation_eps_4.0_steps_100_Purification_type_noisy_anchor_anchors_10_alpha_1.2_sigma_0.06_threshold_0.0 - INFO - => Model created: visual backbone delta_clip_l14_224
2025-07-10 20:08:00,724 - ADV_Generation_eps_4.0_steps_100_Purification_type_noisy_anchor_anchors_10_alpha_1.2_sigma_0.06_threshold_0.0 - INFO - Number of test samples: 2463
2025-07-10 20:08:00,725 - ADV_Generation_eps_4.0_steps_100_Purification_type_noisy_anchor_anchors_10_alpha_1.2_sigma_0.06_threshold_0.0 - INFO - Evaluating dataset: Flower102
2025-07-10 20:08:00,726 - ADV_Generation_eps_4.0_steps_100_Purification_type_noisy_anchor_anchors_10_alpha_1.2_sigma_0.06_threshold_0.0 - INFO - Starting evaluation with batch size: 64, selection percentage: 0.1
2025-07-10 20:08:00,726 - ADV_Generation_eps_4.0_steps_100_Purification_type_noisy_anchor_anchors_10_alpha_1.2_sigma_0.06_threshold_0.0 - INFO - Using PGD attack with epsilon: 0.015686, alpha: 0.003922, steps: 100
2025-07-10 20:08:00,727 - ADV_Generation_eps_4.0_steps_100_Purification_type_noisy_anchor_anchors_10_alpha_1.2_sigma_0.06_threshold_0.0 - INFO - Using directory for adversarial images: /leonardo_work/EUHPC_R04_192/fmohamma/Adversarial_Robust_Clip/atpt_data/delta_clip_l14_224/Flower102/adv_images_eps_4.0_alpha_1.0_steps_100
2025-07-10 20:08:01,165 - ADV_Generation_eps_4.0_steps_100_Purification_type_noisy_anchor_anchors_10_alpha_1.2_sigma_0.06_threshold_0.0 - INFO - Batch:[0] Adversarial images for this batch already exist
2025-07-10 20:08:05,936 - ADV_Generation_eps_4.0_steps_100_Purification_type_noisy_anchor_anchors_10_alpha_1.2_sigma_0.06_threshold_0.0 - INFO - Batch 1/154: Clean orig accuracy 1.0000 | Clean purify accuracy 1.0000 | Adv orig accuracy: 1.0000 | Adv purify accuracy: 1.0000
2025-07-10 20:08:05,945 - ADV_Generation_eps_4.0_steps_100_Purification_type_noisy_anchor_anchors_10_alpha_1.2_sigma_0.06_threshold_0.0 - INFO - Batch:[1] Adversarial images for this batch already exist
2025-07-10 20:08:09,620 - ADV_Generation_eps_4.0_steps_100_Purification_type_noisy_anchor_anchors_10_alpha_1.2_sigma_0.06_threshold_0.0 - INFO - Batch 2/154: Clean orig accuracy 1.0000 | Clean purify accuracy 1.0000 | Adv orig accuracy: 1.0000 | Adv purify accuracy: 1.0000
2025-07-10 20:08:09,629 - ADV_Generation_eps_4.0_steps_100_Purification_type_noisy_anchor_anchors_10_alpha_1.2_sigma_0.06_threshold_0.0 - INFO - Batch:[2] Adversarial images for this batch already exist
2025-07-10 20:08:13,238 - ADV_Generation_eps_4.0_steps_100_Purification_type_noisy_anchor_anchors_10_alpha_1.2_sigma_0.06_threshold_0.0 - INFO - Batch 3/154: Clean orig accuracy 1.0000 | Clean purify accuracy 1.0000 | Adv orig accuracy: 1.0000 | Adv purify accuracy: 1.0000
2025-07-10 20:08:13,248 - ADV_Generation_eps_4.0_steps_100_Purification_type_noisy_anchor_anchors_10_alpha_1.2_sigma_0.06_threshold_0.0 - INFO - Batch:[3] Adversarial images for this batch already exist
2025-07-10 20:08:16,958 - ADV_Generation_eps_4.0_steps_100_Purification_type_noisy_anchor_anchors_10_alpha_1.2_sigma_0.06_threshold_0.0 - INFO - Batch 4/154: Clean orig accuracy 1.0000 | Clean purify accuracy 1.0000 | Adv orig accuracy: 1.0000 | Adv purify accuracy: 1.0000
2025-07-10 20:08:16,967 - ADV_Generation_eps_4.0_steps_100_Purification_type_noisy_anchor_anchors_10_alpha_1.2_sigma_0.06_threshold_0.0 - INFO - Batch:[4] Adversarial images for this batch already exist
2025-07-10 20:08:20,591 - ADV_Generation_eps_4.0_steps_100_Purification_type_noisy_anchor_anchors_10_alpha_1.2_sigma_0.06_threshold_0.0 - INFO - Batch 5/154: Clean orig accuracy 1.0000 | Clean purify accuracy 1.0000 | Adv orig accuracy: 0.9875 | Adv purify accuracy: 0.9875
2025-07-10 20:08:20,600 - ADV_Generation_eps_4.0_steps_100_Purification_type_noisy_anchor_anchors_10_alpha_1.2_sigma_0.06_threshold_0.0 - INFO - Batch:[5] Adversarial images for this batch already exist
2025-07-10 20:08:24,414 - ADV_Generation_eps_4.0_steps_100_Purification_type_noisy_anchor_anchors_10_alpha_1.2_sigma_0.06_threshold_0.0 - INFO - Batch 6/154: Clean orig accuracy 1.0000 | Clean purify accuracy 0.9896 | Adv orig accuracy: 0.9688 | Adv purify accuracy: 0.9688
2025-07-10 20:08:24,424 - ADV_Generation_eps_4.0_steps_100_Purification_type_noisy_anchor_anchors_10_alpha_1.2_sigma_0.06_threshold_0.0 - INFO - Batch:[6] Adversarial images for this batch already exist
2025-07-10 20:08:28,058 - ADV_Generation_eps_4.0_steps_100_Purification_type_noisy_anchor_anchors_10_alpha_1.2_sigma_0.06_threshold_0.0 - INFO - Batch 7/154: Clean orig accuracy 1.0000 | Clean purify accuracy 0.9911 | Adv orig accuracy: 0.9643 | Adv purify accuracy: 0.9643
2025-07-10 20:08:28,067 - ADV_Generation_eps_4.0_steps_100_Purification_type_noisy_anchor_anchors_10_alpha_1.2_sigma_0.06_threshold_0.0 - INFO - Batch:[7] Adversarial images for this batch already exist
2025-07-10 20:08:31,744 - ADV_Generation_eps_4.0_steps_100_Purification_type_noisy_anchor_anchors_10_alpha_1.2_sigma_0.06_threshold_0.0 - INFO - Batch 8/154: Clean orig accuracy 1.0000 | Clean purify accuracy 0.9844 | Adv orig accuracy: 0.9609 | Adv purify accuracy: 0.9531
2025-07-10 20:08:31,754 - ADV_Generation_eps_4.0_steps_100_Purification_type_noisy_anchor_anchors_10_alpha_1.2_sigma_0.06_threshold_0.0 - INFO - Batch:[8] Adversarial images for this batch already exist
2025-07-10 20:08:35,340 - ADV_Generation_eps_4.0_steps_100_Purification_type_noisy_anchor_anchors_10_alpha_1.2_sigma_0.06_threshold_0.0 - INFO - Batch 9/154: Clean orig accuracy 0.9931 | Clean purify accuracy 0.9792 | Adv orig accuracy: 0.9375 | Adv purify accuracy: 0.9375
2025-07-10 20:08:35,350 - ADV_Generation_eps_4.0_steps_100_Purification_type_noisy_anchor_anchors_10_alpha_1.2_sigma_0.06_threshold_0.0 - INFO - Batch:[9] Adversarial images for this batch already exist
2025-07-10 20:08:38,991 - ADV_Generation_eps_4.0_steps_100_Purification_type_noisy_anchor_anchors_10_alpha_1.2_sigma_0.06_threshold_0.0 - INFO - Batch 10/154: Clean orig accuracy 0.9875 | Clean purify accuracy 0.9750 | Adv orig accuracy: 0.8938 | Adv purify accuracy: 0.8938
2025-07-10 20:08:39,001 - ADV_Generation_eps_4.0_steps_100_Purification_type_noisy_anchor_anchors_10_alpha_1.2_sigma_0.06_threshold_0.0 - INFO - Batch:[10] Adversarial images for this batch already exist
2025-07-10 20:08:42,642 - ADV_Generation_eps_4.0_steps_100_Purification_type_noisy_anchor_anchors_10_alpha_1.2_sigma_0.06_threshold_0.0 - INFO - Batch 11/154: Clean orig accuracy 0.9716 | Clean purify accuracy 0.9659 | Adv orig accuracy: 0.8523 | Adv purify accuracy: 0.8523
2025-07-10 20:08:42,651 - ADV_Generation_eps_4.0_steps_100_Purification_type_noisy_anchor_anchors_10_alpha_1.2_sigma_0.06_threshold_0.0 - INFO - Batch:[11] Adversarial images for this batch already exist
2025-07-10 20:08:46,371 - ADV_Generation_eps_4.0_steps_100_Purification_type_noisy_anchor_anchors_10_alpha_1.2_sigma_0.06_threshold_0.0 - INFO - Batch 12/154: Clean orig accuracy 0.9062 | Clean purify accuracy 0.9010 | Adv orig accuracy: 0.7917 | Adv purify accuracy: 0.7917
2025-07-10 20:08:46,381 - ADV_Generation_eps_4.0_steps_100_Purification_type_noisy_anchor_anchors_10_alpha_1.2_sigma_0.06_threshold_0.0 - INFO - Batch:[12] Adversarial images for this batch already exist
2025-07-10 20:08:50,002 - ADV_Generation_eps_4.0_steps_100_Purification_type_noisy_anchor_anchors_10_alpha_1.2_sigma_0.06_threshold_0.0 - INFO - Batch 13/154: Clean orig accuracy 0.8365 | Clean purify accuracy 0.8317 | Adv orig accuracy: 0.7308 | Adv purify accuracy: 0.7308
2025-07-10 20:08:50,011 - ADV_Generation_eps_4.0_steps_100_Purification_type_noisy_anchor_anchors_10_alpha_1.2_sigma_0.06_threshold_0.0 - INFO - Batch:[13] Adversarial images for this batch already exist
2025-07-10 20:08:53,656 - ADV_Generation_eps_4.0_steps_100_Purification_type_noisy_anchor_anchors_10_alpha_1.2_sigma_0.06_threshold_0.0 - INFO - Batch 14/154: Clean orig accuracy 0.7768 | Clean purify accuracy 0.7723 | Adv orig accuracy: 0.6786 | Adv purify accuracy: 0.6786
2025-07-10 20:08:53,666 - ADV_Generation_eps_4.0_steps_100_Purification_type_noisy_anchor_anchors_10_alpha_1.2_sigma_0.06_threshold_0.0 - INFO - Batch:[14] Adversarial images for this batch already exist
2025-07-10 20:08:57,264 - ADV_Generation_eps_4.0_steps_100_Purification_type_noisy_anchor_anchors_10_alpha_1.2_sigma_0.06_threshold_0.0 - INFO - Batch 15/154: Clean orig accuracy 0.7500 | Clean purify accuracy 0.7458 | Adv orig accuracy: 0.6583 | Adv purify accuracy: 0.6583
2025-07-10 20:08:57,274 - ADV_Generation_eps_4.0_steps_100_Purification_type_noisy_anchor_anchors_10_alpha_1.2_sigma_0.06_threshold_0.0 - INFO - Batch:[15] Adversarial images for this batch already exist
2025-07-10 20:09:00,909 - ADV_Generation_eps_4.0_steps_100_Purification_type_noisy_anchor_anchors_10_alpha_1.2_sigma_0.06_threshold_0.0 - INFO - Batch 16/154: Clean orig accuracy 0.7656 | Clean purify accuracy 0.7617 | Adv orig accuracy: 0.6758 | Adv purify accuracy: 0.6758
2025-07-10 20:09:00,918 - ADV_Generation_eps_4.0_steps_100_Purification_type_noisy_anchor_anchors_10_alpha_1.2_sigma_0.06_threshold_0.0 - INFO - Batch:[16] Adversarial images for this batch already exist
2025-07-10 20:09:04,571 - ADV_Generation_eps_4.0_steps_100_Purification_type_noisy_anchor_anchors_10_alpha_1.2_sigma_0.06_threshold_0.0 - INFO - Batch 17/154: Clean orig accuracy 0.7794 | Clean purify accuracy 0.7757 | Adv orig accuracy: 0.6949 | Adv purify accuracy: 0.6912
2025-07-10 20:09:04,580 - ADV_Generation_eps_4.0_steps_100_Purification_type_noisy_anchor_anchors_10_alpha_1.2_sigma_0.06_threshold_0.0 - INFO - Batch:[17] Adversarial images for this batch already exist
2025-07-10 20:09:08,221 - ADV_Generation_eps_4.0_steps_100_Purification_type_noisy_anchor_anchors_10_alpha_1.2_sigma_0.06_threshold_0.0 - INFO - Batch 18/154: Clean orig accuracy 0.7778 | Clean purify accuracy 0.7743 | Adv orig accuracy: 0.6979 | Adv purify accuracy: 0.6944
2025-07-10 20:09:08,230 - ADV_Generation_eps_4.0_steps_100_Purification_type_noisy_anchor_anchors_10_alpha_1.2_sigma_0.06_threshold_0.0 - INFO - Batch:[18] Adversarial images for this batch already exist
2025-07-10 20:09:11,917 - ADV_Generation_eps_4.0_steps_100_Purification_type_noisy_anchor_anchors_10_alpha_1.2_sigma_0.06_threshold_0.0 - INFO - Batch 19/154: Clean orig accuracy 0.7368 | Clean purify accuracy 0.7336 | Adv orig accuracy: 0.6612 | Adv purify accuracy: 0.6579
2025-07-10 20:09:11,926 - ADV_Generation_eps_4.0_steps_100_Purification_type_noisy_anchor_anchors_10_alpha_1.2_sigma_0.06_threshold_0.0 - INFO - Batch:[19] Adversarial images for this batch already exist
2025-07-10 20:09:15,542 - ADV_Generation_eps_4.0_steps_100_Purification_type_noisy_anchor_anchors_10_alpha_1.2_sigma_0.06_threshold_0.0 - INFO - Batch 20/154: Clean orig accuracy 0.7000 | Clean purify accuracy 0.6969 | Adv orig accuracy: 0.6281 | Adv purify accuracy: 0.6250
2025-07-10 20:09:15,552 - ADV_Generation_eps_4.0_steps_100_Purification_type_noisy_anchor_anchors_10_alpha_1.2_sigma_0.06_threshold_0.0 - INFO - Batch:[20] Adversarial images for this batch already exist
2025-07-10 20:09:19,193 - ADV_Generation_eps_4.0_steps_100_Purification_type_noisy_anchor_anchors_10_alpha_1.2_sigma_0.06_threshold_0.0 - INFO - Batch 21/154: Clean orig accuracy 0.6667 | Clean purify accuracy 0.6637 | Adv orig accuracy: 0.5982 | Adv purify accuracy: 0.5952
2025-07-10 20:09:19,202 - ADV_Generation_eps_4.0_steps_100_Purification_type_noisy_anchor_anchors_10_alpha_1.2_sigma_0.06_threshold_0.0 - INFO - Batch:[21] Adversarial images for this batch already exist
2025-07-10 20:09:22,846 - ADV_Generation_eps_4.0_steps_100_Purification_type_noisy_anchor_anchors_10_alpha_1.2_sigma_0.06_threshold_0.0 - INFO - Batch 22/154: Clean orig accuracy 0.6619 | Clean purify accuracy 0.6591 | Adv orig accuracy: 0.5909 | Adv purify accuracy: 0.5938
2025-07-10 20:09:22,856 - ADV_Generation_eps_4.0_steps_100_Purification_type_noisy_anchor_anchors_10_alpha_1.2_sigma_0.06_threshold_0.0 - INFO - Batch:[22] Adversarial images for this batch already exist
2025-07-10 20:09:26,586 - ADV_Generation_eps_4.0_steps_100_Purification_type_noisy_anchor_anchors_10_alpha_1.2_sigma_0.06_threshold_0.0 - INFO - Batch 23/154: Clean orig accuracy 0.6712 | Clean purify accuracy 0.6739 | Adv orig accuracy: 0.5951 | Adv purify accuracy: 0.6005
2025-07-10 20:09:26,596 - ADV_Generation_eps_4.0_steps_100_Purification_type_noisy_anchor_anchors_10_alpha_1.2_sigma_0.06_threshold_0.0 - INFO - Batch:[23] Adversarial images for this batch already exist
2025-07-10 20:09:30,236 - ADV_Generation_eps_4.0_steps_100_Purification_type_noisy_anchor_anchors_10_alpha_1.2_sigma_0.06_threshold_0.0 - INFO - Batch 24/154: Clean orig accuracy 0.6797 | Clean purify accuracy 0.6875 | Adv orig accuracy: 0.6042 | Adv purify accuracy: 0.6120
2025-07-10 20:09:30,246 - ADV_Generation_eps_4.0_steps_100_Purification_type_noisy_anchor_anchors_10_alpha_1.2_sigma_0.06_threshold_0.0 - INFO - Batch:[24] Adversarial images for this batch already exist
2025-07-10 20:09:33,946 - ADV_Generation_eps_4.0_steps_100_Purification_type_noisy_anchor_anchors_10_alpha_1.2_sigma_0.06_threshold_0.0 - INFO - Batch 25/154: Clean orig accuracy 0.6825 | Clean purify accuracy 0.6875 | Adv orig accuracy: 0.6025 | Adv purify accuracy: 0.6100
2025-07-10 20:09:33,956 - ADV_Generation_eps_4.0_steps_100_Purification_type_noisy_anchor_anchors_10_alpha_1.2_sigma_0.06_threshold_0.0 - INFO - Batch:[25] Adversarial images for this batch already exist
2025-07-10 20:09:37,596 - ADV_Generation_eps_4.0_steps_100_Purification_type_noisy_anchor_anchors_10_alpha_1.2_sigma_0.06_threshold_0.0 - INFO - Batch 26/154: Clean orig accuracy 0.6587 | Clean purify accuracy 0.6659 | Adv orig accuracy: 0.5793 | Adv purify accuracy: 0.5865
2025-07-10 20:09:37,606 - ADV_Generation_eps_4.0_steps_100_Purification_type_noisy_anchor_anchors_10_alpha_1.2_sigma_0.06_threshold_0.0 - INFO - Batch:[26] Adversarial images for this batch already exist
2025-07-10 20:09:41,218 - ADV_Generation_eps_4.0_steps_100_Purification_type_noisy_anchor_anchors_10_alpha_1.2_sigma_0.06_threshold_0.0 - INFO - Batch 27/154: Clean orig accuracy 0.6343 | Clean purify accuracy 0.6435 | Adv orig accuracy: 0.5602 | Adv purify accuracy: 0.5671
2025-07-10 20:09:41,227 - ADV_Generation_eps_4.0_steps_100_Purification_type_noisy_anchor_anchors_10_alpha_1.2_sigma_0.06_threshold_0.0 - INFO - Batch:[27] Adversarial images for this batch already exist
2025-07-10 20:09:44,902 - ADV_Generation_eps_4.0_steps_100_Purification_type_noisy_anchor_anchors_10_alpha_1.2_sigma_0.06_threshold_0.0 - INFO - Batch 28/154: Clean orig accuracy 0.6138 | Clean purify accuracy 0.6228 | Adv orig accuracy: 0.5402 | Adv purify accuracy: 0.5469
2025-07-10 20:09:44,912 - ADV_Generation_eps_4.0_steps_100_Purification_type_noisy_anchor_anchors_10_alpha_1.2_sigma_0.06_threshold_0.0 - INFO - Batch:[28] Adversarial images for this batch already exist
2025-07-10 20:09:48,542 - ADV_Generation_eps_4.0_steps_100_Purification_type_noisy_anchor_anchors_10_alpha_1.2_sigma_0.06_threshold_0.0 - INFO - Batch 29/154: Clean orig accuracy 0.5991 | Clean purify accuracy 0.6078 | Adv orig accuracy: 0.5237 | Adv purify accuracy: 0.5302
2025-07-10 20:09:48,551 - ADV_Generation_eps_4.0_steps_100_Purification_type_noisy_anchor_anchors_10_alpha_1.2_sigma_0.06_threshold_0.0 - INFO - Batch:[29] Adversarial images for this batch already exist
2025-07-10 20:09:52,217 - ADV_Generation_eps_4.0_steps_100_Purification_type_noisy_anchor_anchors_10_alpha_1.2_sigma_0.06_threshold_0.0 - INFO - Batch 30/154: Clean orig accuracy 0.6000 | Clean purify accuracy 0.6083 | Adv orig accuracy: 0.5250 | Adv purify accuracy: 0.5333
2025-07-10 20:09:52,227 - ADV_Generation_eps_4.0_steps_100_Purification_type_noisy_anchor_anchors_10_alpha_1.2_sigma_0.06_threshold_0.0 - INFO - Batch:[30] Adversarial images for this batch already exist
2025-07-10 20:09:55,833 - ADV_Generation_eps_4.0_steps_100_Purification_type_noisy_anchor_anchors_10_alpha_1.2_sigma_0.06_threshold_0.0 - INFO - Batch 31/154: Clean orig accuracy 0.6129 | Clean purify accuracy 0.6210 | Adv orig accuracy: 0.5403 | Adv purify accuracy: 0.5484
2025-07-10 20:09:55,842 - ADV_Generation_eps_4.0_steps_100_Purification_type_noisy_anchor_anchors_10_alpha_1.2_sigma_0.06_threshold_0.0 - INFO - Batch:[31] Adversarial images for this batch already exist
2025-07-10 20:09:59,555 - ADV_Generation_eps_4.0_steps_100_Purification_type_noisy_anchor_anchors_10_alpha_1.2_sigma_0.06_threshold_0.0 - INFO - Batch 32/154: Clean orig accuracy 0.6250 | Clean purify accuracy 0.6328 | Adv orig accuracy: 0.5527 | Adv purify accuracy: 0.5605
2025-07-10 20:09:59,565 - ADV_Generation_eps_4.0_steps_100_Purification_type_noisy_anchor_anchors_10_alpha_1.2_sigma_0.06_threshold_0.0 - INFO - Batch:[32] Adversarial images for this batch already exist
2025-07-10 20:10:03,293 - ADV_Generation_eps_4.0_steps_100_Purification_type_noisy_anchor_anchors_10_alpha_1.2_sigma_0.06_threshold_0.0 - INFO - Batch 33/154: Clean orig accuracy 0.6364 | Clean purify accuracy 0.6439 | Adv orig accuracy: 0.5644 | Adv purify accuracy: 0.5701
2025-07-10 20:10:03,304 - ADV_Generation_eps_4.0_steps_100_Purification_type_noisy_anchor_anchors_10_alpha_1.2_sigma_0.06_threshold_0.0 - INFO - Batch:[33] Adversarial images for this batch already exist
2025-07-10 20:10:06,928 - ADV_Generation_eps_4.0_steps_100_Purification_type_noisy_anchor_anchors_10_alpha_1.2_sigma_0.06_threshold_0.0 - INFO - Batch 34/154: Clean orig accuracy 0.6471 | Clean purify accuracy 0.6544 | Adv orig accuracy: 0.5772 | Adv purify accuracy: 0.5827
2025-07-10 20:10:06,937 - ADV_Generation_eps_4.0_steps_100_Purification_type_noisy_anchor_anchors_10_alpha_1.2_sigma_0.06_threshold_0.0 - INFO - Batch:[34] Adversarial images for this batch already exist
2025-07-10 20:10:10,565 - ADV_Generation_eps_4.0_steps_100_Purification_type_noisy_anchor_anchors_10_alpha_1.2_sigma_0.06_threshold_0.0 - INFO - Batch 35/154: Clean orig accuracy 0.6554 | Clean purify accuracy 0.6625 | Adv orig accuracy: 0.5875 | Adv purify accuracy: 0.5911
2025-07-10 20:10:10,574 - ADV_Generation_eps_4.0_steps_100_Purification_type_noisy_anchor_anchors_10_alpha_1.2_sigma_0.06_threshold_0.0 - INFO - Batch:[35] Adversarial images for this batch already exist
2025-07-10 20:10:14,238 - ADV_Generation_eps_4.0_steps_100_Purification_type_noisy_anchor_anchors_10_alpha_1.2_sigma_0.06_threshold_0.0 - INFO - Batch 36/154: Clean orig accuracy 0.6649 | Clean purify accuracy 0.6701 | Adv orig accuracy: 0.5955 | Adv purify accuracy: 0.5990
2025-07-10 20:10:14,248 - ADV_Generation_eps_4.0_steps_100_Purification_type_noisy_anchor_anchors_10_alpha_1.2_sigma_0.06_threshold_0.0 - INFO - Batch:[36] Adversarial images for this batch already exist
2025-07-10 20:10:17,940 - ADV_Generation_eps_4.0_steps_100_Purification_type_noisy_anchor_anchors_10_alpha_1.2_sigma_0.06_threshold_0.0 - INFO - Batch 37/154: Clean orig accuracy 0.6740 | Clean purify accuracy 0.6791 | Adv orig accuracy: 0.6064 | Adv purify accuracy: 0.6098
2025-07-10 20:10:17,951 - ADV_Generation_eps_4.0_steps_100_Purification_type_noisy_anchor_anchors_10_alpha_1.2_sigma_0.06_threshold_0.0 - INFO - Batch:[37] Adversarial images for this batch already exist
2025-07-10 20:10:21,625 - ADV_Generation_eps_4.0_steps_100_Purification_type_noisy_anchor_anchors_10_alpha_1.2_sigma_0.06_threshold_0.0 - INFO - Batch 38/154: Clean orig accuracy 0.6826 | Clean purify accuracy 0.6875 | Adv orig accuracy: 0.6168 | Adv purify accuracy: 0.6201
2025-07-10 20:10:21,634 - ADV_Generation_eps_4.0_steps_100_Purification_type_noisy_anchor_anchors_10_alpha_1.2_sigma_0.06_threshold_0.0 - INFO - Batch:[38] Adversarial images for this batch already exist
2025-07-10 20:10:25,332 - ADV_Generation_eps_4.0_steps_100_Purification_type_noisy_anchor_anchors_10_alpha_1.2_sigma_0.06_threshold_0.0 - INFO - Batch 39/154: Clean orig accuracy 0.6891 | Clean purify accuracy 0.6939 | Adv orig accuracy: 0.6218 | Adv purify accuracy: 0.6282
2025-07-10 20:10:25,343 - ADV_Generation_eps_4.0_steps_100_Purification_type_noisy_anchor_anchors_10_alpha_1.2_sigma_0.06_threshold_0.0 - INFO - Batch:[39] Adversarial images for this batch already exist
2025-07-10 20:10:28,982 - ADV_Generation_eps_4.0_steps_100_Purification_type_noisy_anchor_anchors_10_alpha_1.2_sigma_0.06_threshold_0.0 - INFO - Batch 40/154: Clean orig accuracy 0.6969 | Clean purify accuracy 0.7016 | Adv orig accuracy: 0.6312 | Adv purify accuracy: 0.6375
2025-07-10 20:10:28,992 - ADV_Generation_eps_4.0_steps_100_Purification_type_noisy_anchor_anchors_10_alpha_1.2_sigma_0.06_threshold_0.0 - INFO - Batch:[40] Adversarial images for this batch already exist
2025-07-10 20:10:32,667 - ADV_Generation_eps_4.0_steps_100_Purification_type_noisy_anchor_anchors_10_alpha_1.2_sigma_0.06_threshold_0.0 - INFO - Batch 41/154: Clean orig accuracy 0.6890 | Clean purify accuracy 0.6936 | Adv orig accuracy: 0.6250 | Adv purify accuracy: 0.6311
2025-07-10 20:10:32,677 - ADV_Generation_eps_4.0_steps_100_Purification_type_noisy_anchor_anchors_10_alpha_1.2_sigma_0.06_threshold_0.0 - INFO - Batch:[41] Adversarial images for this batch already exist
2025-07-10 20:10:36,276 - ADV_Generation_eps_4.0_steps_100_Purification_type_noisy_anchor_anchors_10_alpha_1.2_sigma_0.06_threshold_0.0 - INFO - Batch 42/154: Clean orig accuracy 0.6726 | Clean purify accuracy 0.6771 | Adv orig accuracy: 0.6101 | Adv purify accuracy: 0.6161
2025-07-10 20:10:36,287 - ADV_Generation_eps_4.0_steps_100_Purification_type_noisy_anchor_anchors_10_alpha_1.2_sigma_0.06_threshold_0.0 - INFO - Batch:[42] Adversarial images for this batch already exist
2025-07-10 20:10:39,967 - ADV_Generation_eps_4.0_steps_100_Purification_type_noisy_anchor_anchors_10_alpha_1.2_sigma_0.06_threshold_0.0 - INFO - Batch 43/154: Clean orig accuracy 0.6584 | Clean purify accuracy 0.6628 | Adv orig accuracy: 0.5974 | Adv purify accuracy: 0.6032
2025-07-10 20:10:39,977 - ADV_Generation_eps_4.0_steps_100_Purification_type_noisy_anchor_anchors_10_alpha_1.2_sigma_0.06_threshold_0.0 - INFO - Batch:[43] Adversarial images for this batch already exist
2025-07-10 20:10:43,686 - ADV_Generation_eps_4.0_steps_100_Purification_type_noisy_anchor_anchors_10_alpha_1.2_sigma_0.06_threshold_0.0 - INFO - Batch 44/154: Clean orig accuracy 0.6435 | Clean purify accuracy 0.6477 | Adv orig accuracy: 0.5838 | Adv purify accuracy: 0.5895
2025-07-10 20:10:43,698 - ADV_Generation_eps_4.0_steps_100_Purification_type_noisy_anchor_anchors_10_alpha_1.2_sigma_0.06_threshold_0.0 - INFO - Batch:[44] Adversarial images for this batch already exist
2025-07-10 20:10:47,343 - ADV_Generation_eps_4.0_steps_100_Purification_type_noisy_anchor_anchors_10_alpha_1.2_sigma_0.06_threshold_0.0 - INFO - Batch 45/154: Clean orig accuracy 0.6306 | Clean purify accuracy 0.6347 | Adv orig accuracy: 0.5708 | Adv purify accuracy: 0.5764
2025-07-10 20:10:47,352 - ADV_Generation_eps_4.0_steps_100_Purification_type_noisy_anchor_anchors_10_alpha_1.2_sigma_0.06_threshold_0.0 - INFO - Batch:[45] Adversarial images for this batch already exist
2025-07-10 20:10:51,119 - ADV_Generation_eps_4.0_steps_100_Purification_type_noisy_anchor_anchors_10_alpha_1.2_sigma_0.06_threshold_0.0 - INFO - Batch 46/154: Clean orig accuracy 0.6168 | Clean purify accuracy 0.6209 | Adv orig accuracy: 0.5584 | Adv purify accuracy: 0.5639
2025-07-10 20:10:51,129 - ADV_Generation_eps_4.0_steps_100_Purification_type_noisy_anchor_anchors_10_alpha_1.2_sigma_0.06_threshold_0.0 - INFO - Batch:[46] Adversarial images for this batch already exist
2025-07-10 20:10:54,864 - ADV_Generation_eps_4.0_steps_100_Purification_type_noisy_anchor_anchors_10_alpha_1.2_sigma_0.06_threshold_0.0 - INFO - Batch 47/154: Clean orig accuracy 0.6037 | Clean purify accuracy 0.6077 | Adv orig accuracy: 0.5465 | Adv purify accuracy: 0.5519
2025-07-10 20:10:54,874 - ADV_Generation_eps_4.0_steps_100_Purification_type_noisy_anchor_anchors_10_alpha_1.2_sigma_0.06_threshold_0.0 - INFO - Batch:[47] Adversarial images for this batch already exist
2025-07-10 20:10:58,657 - ADV_Generation_eps_4.0_steps_100_Purification_type_noisy_anchor_anchors_10_alpha_1.2_sigma_0.06_threshold_0.0 - INFO - Batch 48/154: Clean orig accuracy 0.6029 | Clean purify accuracy 0.6068 | Adv orig accuracy: 0.5456 | Adv purify accuracy: 0.5508
2025-07-10 20:10:58,667 - ADV_Generation_eps_4.0_steps_100_Purification_type_noisy_anchor_anchors_10_alpha_1.2_sigma_0.06_threshold_0.0 - INFO - Batch:[48] Adversarial images for this batch already exist
2025-07-10 20:11:02,359 - ADV_Generation_eps_4.0_steps_100_Purification_type_noisy_anchor_anchors_10_alpha_1.2_sigma_0.06_threshold_0.0 - INFO - Batch 49/154: Clean orig accuracy 0.6110 | Clean purify accuracy 0.6148 | Adv orig accuracy: 0.5536 | Adv purify accuracy: 0.5587
2025-07-10 20:11:02,370 - ADV_Generation_eps_4.0_steps_100_Purification_type_noisy_anchor_anchors_10_alpha_1.2_sigma_0.06_threshold_0.0 - INFO - Batch:[49] Adversarial images for this batch already exist
2025-07-10 20:11:06,026 - ADV_Generation_eps_4.0_steps_100_Purification_type_noisy_anchor_anchors_10_alpha_1.2_sigma_0.06_threshold_0.0 - INFO - Batch 50/154: Clean orig accuracy 0.6175 | Clean purify accuracy 0.6212 | Adv orig accuracy: 0.5613 | Adv purify accuracy: 0.5650
2025-07-10 20:11:06,035 - ADV_Generation_eps_4.0_steps_100_Purification_type_noisy_anchor_anchors_10_alpha_1.2_sigma_0.06_threshold_0.0 - INFO - Batch:[50] Adversarial images for this batch already exist
2025-07-10 20:11:09,642 - ADV_Generation_eps_4.0_steps_100_Purification_type_noisy_anchor_anchors_10_alpha_1.2_sigma_0.06_threshold_0.0 - INFO - Batch 51/154: Clean orig accuracy 0.6250 | Clean purify accuracy 0.6275 | Adv orig accuracy: 0.5686 | Adv purify accuracy: 0.5711
2025-07-10 20:11:09,651 - ADV_Generation_eps_4.0_steps_100_Purification_type_noisy_anchor_anchors_10_alpha_1.2_sigma_0.06_threshold_0.0 - INFO - Batch:[51] Adversarial images for this batch already exist
2025-07-10 20:11:13,250 - ADV_Generation_eps_4.0_steps_100_Purification_type_noisy_anchor_anchors_10_alpha_1.2_sigma_0.06_threshold_0.0 - INFO - Batch 52/154: Clean orig accuracy 0.6322 | Clean purify accuracy 0.6262 | Adv orig accuracy: 0.5709 | Adv purify accuracy: 0.5649
2025-07-10 20:11:13,259 - ADV_Generation_eps_4.0_steps_100_Purification_type_noisy_anchor_anchors_10_alpha_1.2_sigma_0.06_threshold_0.0 - INFO - Batch:[52] Adversarial images for this batch already exist
2025-07-10 20:11:16,973 - ADV_Generation_eps_4.0_steps_100_Purification_type_noisy_anchor_anchors_10_alpha_1.2_sigma_0.06_threshold_0.0 - INFO - Batch 53/154: Clean orig accuracy 0.6392 | Clean purify accuracy 0.6297 | Adv orig accuracy: 0.5778 | Adv purify accuracy: 0.5566
2025-07-10 20:11:16,982 - ADV_Generation_eps_4.0_steps_100_Purification_type_noisy_anchor_anchors_10_alpha_1.2_sigma_0.06_threshold_0.0 - INFO - Batch:[53] Adversarial images for this batch already exist
2025-07-10 20:11:20,626 - ADV_Generation_eps_4.0_steps_100_Purification_type_noisy_anchor_anchors_10_alpha_1.2_sigma_0.06_threshold_0.0 - INFO - Batch 54/154: Clean orig accuracy 0.6308 | Clean purify accuracy 0.6192 | Adv orig accuracy: 0.5706 | Adv purify accuracy: 0.5463
2025-07-10 20:11:20,636 - ADV_Generation_eps_4.0_steps_100_Purification_type_noisy_anchor_anchors_10_alpha_1.2_sigma_0.06_threshold_0.0 - INFO - Batch:[54] Adversarial images for this batch already exist
2025-07-10 20:11:24,249 - ADV_Generation_eps_4.0_steps_100_Purification_type_noisy_anchor_anchors_10_alpha_1.2_sigma_0.06_threshold_0.0 - INFO - Batch 55/154: Clean orig accuracy 0.6193 | Clean purify accuracy 0.6080 | Adv orig accuracy: 0.5602 | Adv purify accuracy: 0.5364
2025-07-10 20:11:24,258 - ADV_Generation_eps_4.0_steps_100_Purification_type_noisy_anchor_anchors_10_alpha_1.2_sigma_0.06_threshold_0.0 - INFO - Batch:[55] Adversarial images for this batch already exist
2025-07-10 20:11:27,884 - ADV_Generation_eps_4.0_steps_100_Purification_type_noisy_anchor_anchors_10_alpha_1.2_sigma_0.06_threshold_0.0 - INFO - Batch 56/154: Clean orig accuracy 0.6083 | Clean purify accuracy 0.5971 | Adv orig accuracy: 0.5502 | Adv purify accuracy: 0.5268
2025-07-10 20:11:27,893 - ADV_Generation_eps_4.0_steps_100_Purification_type_noisy_anchor_anchors_10_alpha_1.2_sigma_0.06_threshold_0.0 - INFO - Batch:[56] Adversarial images for this batch already exist
2025-07-10 20:11:31,548 - ADV_Generation_eps_4.0_steps_100_Purification_type_noisy_anchor_anchors_10_alpha_1.2_sigma_0.06_threshold_0.0 - INFO - Batch 57/154: Clean orig accuracy 0.6096 | Clean purify accuracy 0.5987 | Adv orig accuracy: 0.5493 | Adv purify accuracy: 0.5252
2025-07-10 20:11:31,557 - ADV_Generation_eps_4.0_steps_100_Purification_type_noisy_anchor_anchors_10_alpha_1.2_sigma_0.06_threshold_0.0 - INFO - Batch:[57] Adversarial images for this batch already exist
2025-07-10 20:11:35,227 - ADV_Generation_eps_4.0_steps_100_Purification_type_noisy_anchor_anchors_10_alpha_1.2_sigma_0.06_threshold_0.0 - INFO - Batch 58/154: Clean orig accuracy 0.6164 | Clean purify accuracy 0.6034 | Adv orig accuracy: 0.5517 | Adv purify accuracy: 0.5259
2025-07-10 20:11:35,239 - ADV_Generation_eps_4.0_steps_100_Purification_type_noisy_anchor_anchors_10_alpha_1.2_sigma_0.06_threshold_0.0 - INFO - Batch:[58] Adversarial images for this batch already exist
2025-07-10 20:11:38,859 - ADV_Generation_eps_4.0_steps_100_Purification_type_noisy_anchor_anchors_10_alpha_1.2_sigma_0.06_threshold_0.0 - INFO - Batch 59/154: Clean orig accuracy 0.6229 | Clean purify accuracy 0.6102 | Adv orig accuracy: 0.5572 | Adv purify accuracy: 0.5307
2025-07-10 20:11:38,869 - ADV_Generation_eps_4.0_steps_100_Purification_type_noisy_anchor_anchors_10_alpha_1.2_sigma_0.06_threshold_0.0 - INFO - Batch:[59] Adversarial images for this batch already exist
2025-07-10 20:11:42,469 - ADV_Generation_eps_4.0_steps_100_Purification_type_noisy_anchor_anchors_10_alpha_1.2_sigma_0.06_threshold_0.0 - INFO - Batch 60/154: Clean orig accuracy 0.6281 | Clean purify accuracy 0.6146 | Adv orig accuracy: 0.5604 | Adv purify accuracy: 0.5354
2025-07-10 20:11:42,479 - ADV_Generation_eps_4.0_steps_100_Purification_type_noisy_anchor_anchors_10_alpha_1.2_sigma_0.06_threshold_0.0 - INFO - Batch:[60] Adversarial images for this batch already exist
2025-07-10 20:11:46,124 - ADV_Generation_eps_4.0_steps_100_Purification_type_noisy_anchor_anchors_10_alpha_1.2_sigma_0.06_threshold_0.0 - INFO - Batch 61/154: Clean orig accuracy 0.6322 | Clean purify accuracy 0.6178 | Adv orig accuracy: 0.5605 | Adv purify accuracy: 0.5338
2025-07-10 20:11:46,134 - ADV_Generation_eps_4.0_steps_100_Purification_type_noisy_anchor_anchors_10_alpha_1.2_sigma_0.06_threshold_0.0 - INFO - Batch:[61] Adversarial images for this batch already exist
2025-07-10 20:11:49,748 - ADV_Generation_eps_4.0_steps_100_Purification_type_noisy_anchor_anchors_10_alpha_1.2_sigma_0.06_threshold_0.0 - INFO - Batch 62/154: Clean orig accuracy 0.6341 | Clean purify accuracy 0.6190 | Adv orig accuracy: 0.5615 | Adv purify accuracy: 0.5363
2025-07-10 20:11:49,759 - ADV_Generation_eps_4.0_steps_100_Purification_type_noisy_anchor_anchors_10_alpha_1.2_sigma_0.06_threshold_0.0 - INFO - Batch:[62] Adversarial images for this batch already exist
2025-07-10 20:11:53,448 - ADV_Generation_eps_4.0_steps_100_Purification_type_noisy_anchor_anchors_10_alpha_1.2_sigma_0.06_threshold_0.0 - INFO - Batch 63/154: Clean orig accuracy 0.6389 | Clean purify accuracy 0.6240 | Adv orig accuracy: 0.5635 | Adv purify accuracy: 0.5407
2025-07-10 20:11:53,458 - ADV_Generation_eps_4.0_steps_100_Purification_type_noisy_anchor_anchors_10_alpha_1.2_sigma_0.06_threshold_0.0 - INFO - Batch:[63] Adversarial images for this batch already exist
2025-07-10 20:11:57,130 - ADV_Generation_eps_4.0_steps_100_Purification_type_noisy_anchor_anchors_10_alpha_1.2_sigma_0.06_threshold_0.0 - INFO - Batch 64/154: Clean orig accuracy 0.6445 | Clean purify accuracy 0.6289 | Adv orig accuracy: 0.5684 | Adv purify accuracy: 0.5469
2025-07-10 20:11:57,147 - ADV_Generation_eps_4.0_steps_100_Purification_type_noisy_anchor_anchors_10_alpha_1.2_sigma_0.06_threshold_0.0 - INFO - Batch:[64] Adversarial images for this batch already exist
2025-07-10 20:12:00,779 - ADV_Generation_eps_4.0_steps_100_Purification_type_noisy_anchor_anchors_10_alpha_1.2_sigma_0.06_threshold_0.0 - INFO - Batch 65/154: Clean orig accuracy 0.6500 | Clean purify accuracy 0.6346 | Adv orig accuracy: 0.5740 | Adv purify accuracy: 0.5529
2025-07-10 20:12:00,788 - ADV_Generation_eps_4.0_steps_100_Purification_type_noisy_anchor_anchors_10_alpha_1.2_sigma_0.06_threshold_0.0 - INFO - Batch:[65] Adversarial images for this batch already exist
2025-07-10 20:12:04,563 - ADV_Generation_eps_4.0_steps_100_Purification_type_noisy_anchor_anchors_10_alpha_1.2_sigma_0.06_threshold_0.0 - INFO - Batch 66/154: Clean orig accuracy 0.6544 | Clean purify accuracy 0.6383 | Adv orig accuracy: 0.5767 | Adv purify accuracy: 0.5568
2025-07-10 20:12:04,572 - ADV_Generation_eps_4.0_steps_100_Purification_type_noisy_anchor_anchors_10_alpha_1.2_sigma_0.06_threshold_0.0 - INFO - Batch:[66] Adversarial images for this batch already exist
2025-07-10 20:12:08,236 - ADV_Generation_eps_4.0_steps_100_Purification_type_noisy_anchor_anchors_10_alpha_1.2_sigma_0.06_threshold_0.0 - INFO - Batch 67/154: Clean orig accuracy 0.6521 | Clean purify accuracy 0.6362 | Adv orig accuracy: 0.5737 | Adv purify accuracy: 0.5541
2025-07-10 20:12:08,245 - ADV_Generation_eps_4.0_steps_100_Purification_type_noisy_anchor_anchors_10_alpha_1.2_sigma_0.06_threshold_0.0 - INFO - Batch:[67] Adversarial images for this batch already exist
2025-07-10 20:12:11,885 - ADV_Generation_eps_4.0_steps_100_Purification_type_noisy_anchor_anchors_10_alpha_1.2_sigma_0.06_threshold_0.0 - INFO - Batch 68/154: Clean orig accuracy 0.6434 | Clean purify accuracy 0.6296 | Adv orig accuracy: 0.5653 | Adv purify accuracy: 0.5460
2025-07-10 20:12:11,895 - ADV_Generation_eps_4.0_steps_100_Purification_type_noisy_anchor_anchors_10_alpha_1.2_sigma_0.06_threshold_0.0 - INFO - Batch:[68] Adversarial images for this batch already exist
2025-07-10 20:12:15,571 - ADV_Generation_eps_4.0_steps_100_Purification_type_noisy_anchor_anchors_10_alpha_1.2_sigma_0.06_threshold_0.0 - INFO - Batch 69/154: Clean orig accuracy 0.6467 | Clean purify accuracy 0.6322 | Adv orig accuracy: 0.5688 | Adv purify accuracy: 0.5489
2025-07-10 20:12:15,581 - ADV_Generation_eps_4.0_steps_100_Purification_type_noisy_anchor_anchors_10_alpha_1.2_sigma_0.06_threshold_0.0 - INFO - Batch:[69] Adversarial images for this batch already exist
2025-07-10 20:12:19,271 - ADV_Generation_eps_4.0_steps_100_Purification_type_noisy_anchor_anchors_10_alpha_1.2_sigma_0.06_threshold_0.0 - INFO - Batch 70/154: Clean orig accuracy 0.6509 | Clean purify accuracy 0.6357 | Adv orig accuracy: 0.5714 | Adv purify accuracy: 0.5527
2025-07-10 20:12:19,281 - ADV_Generation_eps_4.0_steps_100_Purification_type_noisy_anchor_anchors_10_alpha_1.2_sigma_0.06_threshold_0.0 - INFO - Batch:[70] Adversarial images for this batch already exist
2025-07-10 20:12:22,989 - ADV_Generation_eps_4.0_steps_100_Purification_type_noisy_anchor_anchors_10_alpha_1.2_sigma_0.06_threshold_0.0 - INFO - Batch 71/154: Clean orig accuracy 0.6523 | Clean purify accuracy 0.6373 | Adv orig accuracy: 0.5713 | Adv purify accuracy: 0.5502
2025-07-10 20:12:22,998 - ADV_Generation_eps_4.0_steps_100_Purification_type_noisy_anchor_anchors_10_alpha_1.2_sigma_0.06_threshold_0.0 - INFO - Batch:[71] Adversarial images for this batch already exist
2025-07-10 20:12:26,717 - ADV_Generation_eps_4.0_steps_100_Purification_type_noisy_anchor_anchors_10_alpha_1.2_sigma_0.06_threshold_0.0 - INFO - Batch 72/154: Clean orig accuracy 0.6519 | Clean purify accuracy 0.6354 | Adv orig accuracy: 0.5694 | Adv purify accuracy: 0.5460
2025-07-10 20:12:26,727 - ADV_Generation_eps_4.0_steps_100_Purification_type_noisy_anchor_anchors_10_alpha_1.2_sigma_0.06_threshold_0.0 - INFO - Batch:[72] Adversarial images for this batch already exist
2025-07-10 20:12:30,352 - ADV_Generation_eps_4.0_steps_100_Purification_type_noisy_anchor_anchors_10_alpha_1.2_sigma_0.06_threshold_0.0 - INFO - Batch 73/154: Clean orig accuracy 0.6430 | Clean purify accuracy 0.6267 | Adv orig accuracy: 0.5616 | Adv purify accuracy: 0.5385
2025-07-10 20:12:30,362 - ADV_Generation_eps_4.0_steps_100_Purification_type_noisy_anchor_anchors_10_alpha_1.2_sigma_0.06_threshold_0.0 - INFO - Batch:[73] Adversarial images for this batch already exist
2025-07-10 20:12:34,007 - ADV_Generation_eps_4.0_steps_100_Purification_type_noisy_anchor_anchors_10_alpha_1.2_sigma_0.06_threshold_0.0 - INFO - Batch 74/154: Clean orig accuracy 0.6385 | Clean purify accuracy 0.6225 | Adv orig accuracy: 0.5583 | Adv purify accuracy: 0.5355
2025-07-10 20:12:34,017 - ADV_Generation_eps_4.0_steps_100_Purification_type_noisy_anchor_anchors_10_alpha_1.2_sigma_0.06_threshold_0.0 - INFO - Batch:[74] Adversarial images for this batch already exist
2025-07-10 20:12:37,643 - ADV_Generation_eps_4.0_steps_100_Purification_type_noisy_anchor_anchors_10_alpha_1.2_sigma_0.06_threshold_0.0 - INFO - Batch 75/154: Clean orig accuracy 0.6433 | Clean purify accuracy 0.6275 | Adv orig accuracy: 0.5642 | Adv purify accuracy: 0.5417
2025-07-10 20:12:37,652 - ADV_Generation_eps_4.0_steps_100_Purification_type_noisy_anchor_anchors_10_alpha_1.2_sigma_0.06_threshold_0.0 - INFO - Batch:[75] Adversarial images for this batch already exist
2025-07-10 20:12:41,229 - ADV_Generation_eps_4.0_steps_100_Purification_type_noisy_anchor_anchors_10_alpha_1.2_sigma_0.06_threshold_0.0 - INFO - Batch 76/154: Clean orig accuracy 0.6390 | Clean purify accuracy 0.6234 | Adv orig accuracy: 0.5609 | Adv purify accuracy: 0.5387
2025-07-10 20:12:41,239 - ADV_Generation_eps_4.0_steps_100_Purification_type_noisy_anchor_anchors_10_alpha_1.2_sigma_0.06_threshold_0.0 - INFO - Batch:[76] Adversarial images for this batch already exist
2025-07-10 20:12:44,851 - ADV_Generation_eps_4.0_steps_100_Purification_type_noisy_anchor_anchors_10_alpha_1.2_sigma_0.06_threshold_0.0 - INFO - Batch 77/154: Clean orig accuracy 0.6315 | Clean purify accuracy 0.6153 | Adv orig accuracy: 0.5536 | Adv purify accuracy: 0.5317
2025-07-10 20:12:44,860 - ADV_Generation_eps_4.0_steps_100_Purification_type_noisy_anchor_anchors_10_alpha_1.2_sigma_0.06_threshold_0.0 - INFO - Batch:[77] Adversarial images for this batch already exist
2025-07-10 20:12:48,453 - ADV_Generation_eps_4.0_steps_100_Purification_type_noisy_anchor_anchors_10_alpha_1.2_sigma_0.06_threshold_0.0 - INFO - Batch 78/154: Clean orig accuracy 0.6298 | Clean purify accuracy 0.6138 | Adv orig accuracy: 0.5497 | Adv purify accuracy: 0.5288
2025-07-10 20:12:48,463 - ADV_Generation_eps_4.0_steps_100_Purification_type_noisy_anchor_anchors_10_alpha_1.2_sigma_0.06_threshold_0.0 - INFO - Batch:[78] Adversarial images for this batch already exist
2025-07-10 20:12:52,113 - ADV_Generation_eps_4.0_steps_100_Purification_type_noisy_anchor_anchors_10_alpha_1.2_sigma_0.06_threshold_0.0 - INFO - Batch 79/154: Clean orig accuracy 0.6313 | Clean purify accuracy 0.6155 | Adv orig accuracy: 0.5506 | Adv purify accuracy: 0.5301
2025-07-10 20:12:52,122 - ADV_Generation_eps_4.0_steps_100_Purification_type_noisy_anchor_anchors_10_alpha_1.2_sigma_0.06_threshold_0.0 - INFO - Batch:[79] Adversarial images for this batch already exist
2025-07-10 20:12:55,763 - ADV_Generation_eps_4.0_steps_100_Purification_type_noisy_anchor_anchors_10_alpha_1.2_sigma_0.06_threshold_0.0 - INFO - Batch 80/154: Clean orig accuracy 0.6359 | Clean purify accuracy 0.6203 | Adv orig accuracy: 0.5563 | Adv purify accuracy: 0.5359
2025-07-10 20:12:55,772 - ADV_Generation_eps_4.0_steps_100_Purification_type_noisy_anchor_anchors_10_alpha_1.2_sigma_0.06_threshold_0.0 - INFO - Batch:[80] Adversarial images for this batch already exist
2025-07-10 20:12:59,487 - ADV_Generation_eps_4.0_steps_100_Purification_type_noisy_anchor_anchors_10_alpha_1.2_sigma_0.06_threshold_0.0 - INFO - Batch 81/154: Clean orig accuracy 0.6389 | Clean purify accuracy 0.6235 | Adv orig accuracy: 0.5579 | Adv purify accuracy: 0.5340
2025-07-10 20:12:59,496 - ADV_Generation_eps_4.0_steps_100_Purification_type_noisy_anchor_anchors_10_alpha_1.2_sigma_0.06_threshold_0.0 - INFO - Batch:[81] Adversarial images for this batch already exist
2025-07-10 20:13:03,111 - ADV_Generation_eps_4.0_steps_100_Purification_type_noisy_anchor_anchors_10_alpha_1.2_sigma_0.06_threshold_0.0 - INFO - Batch 82/154: Clean orig accuracy 0.6425 | Clean purify accuracy 0.6242 | Adv orig accuracy: 0.5595 | Adv purify accuracy: 0.5343
2025-07-10 20:13:03,121 - ADV_Generation_eps_4.0_steps_100_Purification_type_noisy_anchor_anchors_10_alpha_1.2_sigma_0.06_threshold_0.0 - INFO - Batch:[82] Adversarial images for this batch already exist
2025-07-10 20:13:06,750 - ADV_Generation_eps_4.0_steps_100_Purification_type_noisy_anchor_anchors_10_alpha_1.2_sigma_0.06_threshold_0.0 - INFO - Batch 83/154: Clean orig accuracy 0.6423 | Clean purify accuracy 0.6227 | Adv orig accuracy: 0.5580 | Adv purify accuracy: 0.5324
2025-07-10 20:13:06,763 - ADV_Generation_eps_4.0_steps_100_Purification_type_noisy_anchor_anchors_10_alpha_1.2_sigma_0.06_threshold_0.0 - INFO - Batch:[83] Adversarial images for this batch already exist
2025-07-10 20:13:10,522 - ADV_Generation_eps_4.0_steps_100_Purification_type_noisy_anchor_anchors_10_alpha_1.2_sigma_0.06_threshold_0.0 - INFO - Batch 84/154: Clean orig accuracy 0.6406 | Clean purify accuracy 0.6213 | Adv orig accuracy: 0.5543 | Adv purify accuracy: 0.5275
2025-07-10 20:13:10,532 - ADV_Generation_eps_4.0_steps_100_Purification_type_noisy_anchor_anchors_10_alpha_1.2_sigma_0.06_threshold_0.0 - INFO - Batch:[84] Adversarial images for this batch already exist
2025-07-10 20:13:14,233 - ADV_Generation_eps_4.0_steps_100_Purification_type_noisy_anchor_anchors_10_alpha_1.2_sigma_0.06_threshold_0.0 - INFO - Batch 85/154: Clean orig accuracy 0.6419 | Clean purify accuracy 0.6221 | Adv orig accuracy: 0.5537 | Adv purify accuracy: 0.5279
2025-07-10 20:13:14,243 - ADV_Generation_eps_4.0_steps_100_Purification_type_noisy_anchor_anchors_10_alpha_1.2_sigma_0.06_threshold_0.0 - INFO - Batch:[85] Adversarial images for this batch already exist
2025-07-10 20:13:17,866 - ADV_Generation_eps_4.0_steps_100_Purification_type_noisy_anchor_anchors_10_alpha_1.2_sigma_0.06_threshold_0.0 - INFO - Batch 86/154: Clean orig accuracy 0.6461 | Clean purify accuracy 0.6265 | Adv orig accuracy: 0.5589 | Adv purify accuracy: 0.5334
2025-07-10 20:13:17,876 - ADV_Generation_eps_4.0_steps_100_Purification_type_noisy_anchor_anchors_10_alpha_1.2_sigma_0.06_threshold_0.0 - INFO - Batch:[86] Adversarial images for this batch already exist
2025-07-10 20:13:21,525 - ADV_Generation_eps_4.0_steps_100_Purification_type_noisy_anchor_anchors_10_alpha_1.2_sigma_0.06_threshold_0.0 - INFO - Batch 87/154: Clean orig accuracy 0.6501 | Clean purify accuracy 0.6307 | Adv orig accuracy: 0.5632 | Adv purify accuracy: 0.5388
2025-07-10 20:13:21,534 - ADV_Generation_eps_4.0_steps_100_Purification_type_noisy_anchor_anchors_10_alpha_1.2_sigma_0.06_threshold_0.0 - INFO - Batch:[87] Adversarial images for this batch already exist
2025-07-10 20:13:25,140 - ADV_Generation_eps_4.0_steps_100_Purification_type_noisy_anchor_anchors_10_alpha_1.2_sigma_0.06_threshold_0.0 - INFO - Batch 88/154: Clean orig accuracy 0.6534 | Clean purify accuracy 0.6342 | Adv orig accuracy: 0.5661 | Adv purify accuracy: 0.5405
2025-07-10 20:13:25,150 - ADV_Generation_eps_4.0_steps_100_Purification_type_noisy_anchor_anchors_10_alpha_1.2_sigma_0.06_threshold_0.0 - INFO - Batch:[88] Adversarial images for this batch already exist
2025-07-10 20:13:28,763 - ADV_Generation_eps_4.0_steps_100_Purification_type_noisy_anchor_anchors_10_alpha_1.2_sigma_0.06_threshold_0.0 - INFO - Batch 89/154: Clean orig accuracy 0.6517 | Clean purify accuracy 0.6327 | Adv orig accuracy: 0.5653 | Adv purify accuracy: 0.5393
2025-07-10 20:13:28,772 - ADV_Generation_eps_4.0_steps_100_Purification_type_noisy_anchor_anchors_10_alpha_1.2_sigma_0.06_threshold_0.0 - INFO - Batch:[89] Adversarial images for this batch already exist
2025-07-10 20:13:32,401 - ADV_Generation_eps_4.0_steps_100_Purification_type_noisy_anchor_anchors_10_alpha_1.2_sigma_0.06_threshold_0.0 - INFO - Batch 90/154: Clean orig accuracy 0.6444 | Clean purify accuracy 0.6257 | Adv orig accuracy: 0.5590 | Adv purify accuracy: 0.5333
2025-07-10 20:13:32,411 - ADV_Generation_eps_4.0_steps_100_Purification_type_noisy_anchor_anchors_10_alpha_1.2_sigma_0.06_threshold_0.0 - INFO - Batch:[90] Adversarial images for this batch already exist
2025-07-10 20:13:36,067 - ADV_Generation_eps_4.0_steps_100_Purification_type_noisy_anchor_anchors_10_alpha_1.2_sigma_0.06_threshold_0.0 - INFO - Batch 91/154: Clean orig accuracy 0.6380 | Clean purify accuracy 0.6195 | Adv orig accuracy: 0.5536 | Adv purify accuracy: 0.5282
2025-07-10 20:13:36,076 - ADV_Generation_eps_4.0_steps_100_Purification_type_noisy_anchor_anchors_10_alpha_1.2_sigma_0.06_threshold_0.0 - INFO - Batch:[91] Adversarial images for this batch already exist
2025-07-10 20:13:39,743 - ADV_Generation_eps_4.0_steps_100_Purification_type_noisy_anchor_anchors_10_alpha_1.2_sigma_0.06_threshold_0.0 - INFO - Batch 92/154: Clean orig accuracy 0.6420 | Clean purify accuracy 0.6236 | Adv orig accuracy: 0.5577 | Adv purify accuracy: 0.5319
2025-07-10 20:13:39,753 - ADV_Generation_eps_4.0_steps_100_Purification_type_noisy_anchor_anchors_10_alpha_1.2_sigma_0.06_threshold_0.0 - INFO - Batch:[92] Adversarial images for this batch already exist
2025-07-10 20:13:43,408 - ADV_Generation_eps_4.0_steps_100_Purification_type_noisy_anchor_anchors_10_alpha_1.2_sigma_0.06_threshold_0.0 - INFO - Batch 93/154: Clean orig accuracy 0.6458 | Clean purify accuracy 0.6270 | Adv orig accuracy: 0.5612 | Adv purify accuracy: 0.5356
2025-07-10 20:13:43,418 - ADV_Generation_eps_4.0_steps_100_Purification_type_noisy_anchor_anchors_10_alpha_1.2_sigma_0.06_threshold_0.0 - INFO - Batch:[93] Adversarial images for this batch already exist
2025-07-10 20:13:47,097 - ADV_Generation_eps_4.0_steps_100_Purification_type_noisy_anchor_anchors_10_alpha_1.2_sigma_0.06_threshold_0.0 - INFO - Batch 94/154: Clean orig accuracy 0.6443 | Clean purify accuracy 0.6257 | Adv orig accuracy: 0.5598 | Adv purify accuracy: 0.5352
2025-07-10 20:13:47,107 - ADV_Generation_eps_4.0_steps_100_Purification_type_noisy_anchor_anchors_10_alpha_1.2_sigma_0.06_threshold_0.0 - INFO - Batch:[94] Adversarial images for this batch already exist
2025-07-10 20:13:50,695 - ADV_Generation_eps_4.0_steps_100_Purification_type_noisy_anchor_anchors_10_alpha_1.2_sigma_0.06_threshold_0.0 - INFO - Batch 95/154: Clean orig accuracy 0.6395 | Clean purify accuracy 0.6237 | Adv orig accuracy: 0.5539 | Adv purify accuracy: 0.5309
2025-07-10 20:13:50,705 - ADV_Generation_eps_4.0_steps_100_Purification_type_noisy_anchor_anchors_10_alpha_1.2_sigma_0.06_threshold_0.0 - INFO - Batch:[95] Adversarial images for this batch already exist
2025-07-10 20:13:54,334 - ADV_Generation_eps_4.0_steps_100_Purification_type_noisy_anchor_anchors_10_alpha_1.2_sigma_0.06_threshold_0.0 - INFO - Batch 96/154: Clean orig accuracy 0.6367 | Clean purify accuracy 0.6198 | Adv orig accuracy: 0.5488 | Adv purify accuracy: 0.5254
2025-07-10 20:13:54,344 - ADV_Generation_eps_4.0_steps_100_Purification_type_noisy_anchor_anchors_10_alpha_1.2_sigma_0.06_threshold_0.0 - INFO - Batch:[96] Adversarial images for this batch already exist
2025-07-10 20:13:57,928 - ADV_Generation_eps_4.0_steps_100_Purification_type_noisy_anchor_anchors_10_alpha_1.2_sigma_0.06_threshold_0.0 - INFO - Batch 97/154: Clean orig accuracy 0.6302 | Clean purify accuracy 0.6134 | Adv orig accuracy: 0.5432 | Adv purify accuracy: 0.5200
2025-07-10 20:13:57,938 - ADV_Generation_eps_4.0_steps_100_Purification_type_noisy_anchor_anchors_10_alpha_1.2_sigma_0.06_threshold_0.0 - INFO - Batch:[97] Adversarial images for this batch already exist
2025-07-10 20:14:01,635 - ADV_Generation_eps_4.0_steps_100_Purification_type_noisy_anchor_anchors_10_alpha_1.2_sigma_0.06_threshold_0.0 - INFO - Batch 98/154: Clean orig accuracy 0.6250 | Clean purify accuracy 0.6078 | Adv orig accuracy: 0.5376 | Adv purify accuracy: 0.5147
2025-07-10 20:14:01,645 - ADV_Generation_eps_4.0_steps_100_Purification_type_noisy_anchor_anchors_10_alpha_1.2_sigma_0.06_threshold_0.0 - INFO - Batch:[98] Adversarial images for this batch already exist
2025-07-10 20:14:05,263 - ADV_Generation_eps_4.0_steps_100_Purification_type_noisy_anchor_anchors_10_alpha_1.2_sigma_0.06_threshold_0.0 - INFO - Batch 99/154: Clean orig accuracy 0.6212 | Clean purify accuracy 0.6042 | Adv orig accuracy: 0.5328 | Adv purify accuracy: 0.5095
2025-07-10 20:14:05,272 - ADV_Generation_eps_4.0_steps_100_Purification_type_noisy_anchor_anchors_10_alpha_1.2_sigma_0.06_threshold_0.0 - INFO - Batch:[99] Adversarial images for this batch already exist
2025-07-10 20:14:08,910 - ADV_Generation_eps_4.0_steps_100_Purification_type_noisy_anchor_anchors_10_alpha_1.2_sigma_0.06_threshold_0.0 - INFO - Batch 100/154: Clean orig accuracy 0.6156 | Clean purify accuracy 0.5988 | Adv orig accuracy: 0.5275 | Adv purify accuracy: 0.5044
2025-07-10 20:14:08,920 - ADV_Generation_eps_4.0_steps_100_Purification_type_noisy_anchor_anchors_10_alpha_1.2_sigma_0.06_threshold_0.0 - INFO - Batch:[100] Adversarial images for this batch already exist
2025-07-10 20:14:12,554 - ADV_Generation_eps_4.0_steps_100_Purification_type_noisy_anchor_anchors_10_alpha_1.2_sigma_0.06_threshold_0.0 - INFO - Batch 101/154: Clean orig accuracy 0.6095 | Clean purify accuracy 0.5928 | Adv orig accuracy: 0.5223 | Adv purify accuracy: 0.4994
2025-07-10 20:14:12,564 - ADV_Generation_eps_4.0_steps_100_Purification_type_noisy_anchor_anchors_10_alpha_1.2_sigma_0.06_threshold_0.0 - INFO - Batch:[101] Adversarial images for this batch already exist
2025-07-10 20:14:16,170 - ADV_Generation_eps_4.0_steps_100_Purification_type_noisy_anchor_anchors_10_alpha_1.2_sigma_0.06_threshold_0.0 - INFO - Batch 102/154: Clean orig accuracy 0.6103 | Clean purify accuracy 0.5931 | Adv orig accuracy: 0.5196 | Adv purify accuracy: 0.4975
2025-07-10 20:14:16,180 - ADV_Generation_eps_4.0_steps_100_Purification_type_noisy_anchor_anchors_10_alpha_1.2_sigma_0.06_threshold_0.0 - INFO - Batch:[102] Adversarial images for this batch already exist
2025-07-10 20:14:19,810 - ADV_Generation_eps_4.0_steps_100_Purification_type_noisy_anchor_anchors_10_alpha_1.2_sigma_0.06_threshold_0.0 - INFO - Batch 103/154: Clean orig accuracy 0.6141 | Clean purify accuracy 0.5971 | Adv orig accuracy: 0.5243 | Adv purify accuracy: 0.5024
2025-07-10 20:14:19,820 - ADV_Generation_eps_4.0_steps_100_Purification_type_noisy_anchor_anchors_10_alpha_1.2_sigma_0.06_threshold_0.0 - INFO - Batch:[103] Adversarial images for this batch already exist
2025-07-10 20:14:23,407 - ADV_Generation_eps_4.0_steps_100_Purification_type_noisy_anchor_anchors_10_alpha_1.2_sigma_0.06_threshold_0.0 - INFO - Batch 104/154: Clean orig accuracy 0.6172 | Clean purify accuracy 0.6004 | Adv orig accuracy: 0.5270 | Adv purify accuracy: 0.5036
2025-07-10 20:14:23,417 - ADV_Generation_eps_4.0_steps_100_Purification_type_noisy_anchor_anchors_10_alpha_1.2_sigma_0.06_threshold_0.0 - INFO - Batch:[104] Adversarial images for this batch already exist
2025-07-10 20:14:27,197 - ADV_Generation_eps_4.0_steps_100_Purification_type_noisy_anchor_anchors_10_alpha_1.2_sigma_0.06_threshold_0.0 - INFO - Batch 105/154: Clean orig accuracy 0.6196 | Clean purify accuracy 0.6012 | Adv orig accuracy: 0.5298 | Adv purify accuracy: 0.5042
2025-07-10 20:14:27,206 - ADV_Generation_eps_4.0_steps_100_Purification_type_noisy_anchor_anchors_10_alpha_1.2_sigma_0.06_threshold_0.0 - INFO - Batch:[105] Adversarial images for this batch already exist
2025-07-10 20:14:30,871 - ADV_Generation_eps_4.0_steps_100_Purification_type_noisy_anchor_anchors_10_alpha_1.2_sigma_0.06_threshold_0.0 - INFO - Batch 106/154: Clean orig accuracy 0.6221 | Clean purify accuracy 0.6032 | Adv orig accuracy: 0.5312 | Adv purify accuracy: 0.5041
2025-07-10 20:14:30,881 - ADV_Generation_eps_4.0_steps_100_Purification_type_noisy_anchor_anchors_10_alpha_1.2_sigma_0.06_threshold_0.0 - INFO - Batch:[106] Adversarial images for this batch already exist
2025-07-10 20:14:34,561 - ADV_Generation_eps_4.0_steps_100_Purification_type_noisy_anchor_anchors_10_alpha_1.2_sigma_0.06_threshold_0.0 - INFO - Batch 107/154: Clean orig accuracy 0.6227 | Clean purify accuracy 0.6028 | Adv orig accuracy: 0.5298 | Adv purify accuracy: 0.5029
2025-07-10 20:14:34,571 - ADV_Generation_eps_4.0_steps_100_Purification_type_noisy_anchor_anchors_10_alpha_1.2_sigma_0.06_threshold_0.0 - INFO - Batch:[107] Adversarial images for this batch already exist
2025-07-10 20:14:38,150 - ADV_Generation_eps_4.0_steps_100_Purification_type_noisy_anchor_anchors_10_alpha_1.2_sigma_0.06_threshold_0.0 - INFO - Batch 108/154: Clean orig accuracy 0.6250 | Clean purify accuracy 0.6053 | Adv orig accuracy: 0.5330 | Adv purify accuracy: 0.5052
2025-07-10 20:14:38,160 - ADV_Generation_eps_4.0_steps_100_Purification_type_noisy_anchor_anchors_10_alpha_1.2_sigma_0.06_threshold_0.0 - INFO - Batch:[108] Adversarial images for this batch already exist
2025-07-10 20:14:41,804 - ADV_Generation_eps_4.0_steps_100_Purification_type_noisy_anchor_anchors_10_alpha_1.2_sigma_0.06_threshold_0.0 - INFO - Batch 109/154: Clean orig accuracy 0.6284 | Clean purify accuracy 0.6089 | Adv orig accuracy: 0.5361 | Adv purify accuracy: 0.5086
2025-07-10 20:14:41,814 - ADV_Generation_eps_4.0_steps_100_Purification_type_noisy_anchor_anchors_10_alpha_1.2_sigma_0.06_threshold_0.0 - INFO - Batch:[109] Adversarial images for this batch already exist
2025-07-10 20:14:45,449 - ADV_Generation_eps_4.0_steps_100_Purification_type_noisy_anchor_anchors_10_alpha_1.2_sigma_0.06_threshold_0.0 - INFO - Batch 110/154: Clean orig accuracy 0.6256 | Clean purify accuracy 0.6062 | Adv orig accuracy: 0.5335 | Adv purify accuracy: 0.5062
2025-07-10 20:14:45,463 - ADV_Generation_eps_4.0_steps_100_Purification_type_noisy_anchor_anchors_10_alpha_1.2_sigma_0.06_threshold_0.0 - INFO - Batch:[110] Adversarial images for this batch already exist
2025-07-10 20:14:49,112 - ADV_Generation_eps_4.0_steps_100_Purification_type_noisy_anchor_anchors_10_alpha_1.2_sigma_0.06_threshold_0.0 - INFO - Batch 111/154: Clean orig accuracy 0.6261 | Clean purify accuracy 0.6070 | Adv orig accuracy: 0.5349 | Adv purify accuracy: 0.5079
2025-07-10 20:14:49,121 - ADV_Generation_eps_4.0_steps_100_Purification_type_noisy_anchor_anchors_10_alpha_1.2_sigma_0.06_threshold_0.0 - INFO - Batch:[111] Adversarial images for this batch already exist
2025-07-10 20:14:52,737 - ADV_Generation_eps_4.0_steps_100_Purification_type_noisy_anchor_anchors_10_alpha_1.2_sigma_0.06_threshold_0.0 - INFO - Batch 112/154: Clean orig accuracy 0.6283 | Clean purify accuracy 0.6094 | Adv orig accuracy: 0.5379 | Adv purify accuracy: 0.5112
2025-07-10 20:14:52,746 - ADV_Generation_eps_4.0_steps_100_Purification_type_noisy_anchor_anchors_10_alpha_1.2_sigma_0.06_threshold_0.0 - INFO - Batch:[112] Adversarial images for this batch already exist
2025-07-10 20:14:56,367 - ADV_Generation_eps_4.0_steps_100_Purification_type_noisy_anchor_anchors_10_alpha_1.2_sigma_0.06_threshold_0.0 - INFO - Batch 113/154: Clean orig accuracy 0.6256 | Clean purify accuracy 0.6067 | Adv orig accuracy: 0.5360 | Adv purify accuracy: 0.5088
2025-07-10 20:14:56,376 - ADV_Generation_eps_4.0_steps_100_Purification_type_noisy_anchor_anchors_10_alpha_1.2_sigma_0.06_threshold_0.0 - INFO - Batch:[113] Adversarial images for this batch already exist
2025-07-10 20:15:00,076 - ADV_Generation_eps_4.0_steps_100_Purification_type_noisy_anchor_anchors_10_alpha_1.2_sigma_0.06_threshold_0.0 - INFO - Batch 114/154: Clean orig accuracy 0.6206 | Clean purify accuracy 0.6020 | Adv orig accuracy: 0.5312 | Adv purify accuracy: 0.5044
2025-07-10 20:15:00,085 - ADV_Generation_eps_4.0_steps_100_Purification_type_noisy_anchor_anchors_10_alpha_1.2_sigma_0.06_threshold_0.0 - INFO - Batch:[114] Adversarial images for this batch already exist
2025-07-10 20:15:03,758 - ADV_Generation_eps_4.0_steps_100_Purification_type_noisy_anchor_anchors_10_alpha_1.2_sigma_0.06_threshold_0.0 - INFO - Batch 115/154: Clean orig accuracy 0.6223 | Clean purify accuracy 0.6038 | Adv orig accuracy: 0.5337 | Adv purify accuracy: 0.5071
2025-07-10 20:15:03,769 - ADV_Generation_eps_4.0_steps_100_Purification_type_noisy_anchor_anchors_10_alpha_1.2_sigma_0.06_threshold_0.0 - INFO - Batch:[115] Adversarial images for this batch already exist
2025-07-10 20:15:07,459 - ADV_Generation_eps_4.0_steps_100_Purification_type_noisy_anchor_anchors_10_alpha_1.2_sigma_0.06_threshold_0.0 - INFO - Batch 116/154: Clean orig accuracy 0.6175 | Clean purify accuracy 0.5991 | Adv orig accuracy: 0.5296 | Adv purify accuracy: 0.5032
2025-07-10 20:15:07,468 - ADV_Generation_eps_4.0_steps_100_Purification_type_noisy_anchor_anchors_10_alpha_1.2_sigma_0.06_threshold_0.0 - INFO - Batch:[116] Adversarial images for this batch already exist
2025-07-10 20:15:11,065 - ADV_Generation_eps_4.0_steps_100_Purification_type_noisy_anchor_anchors_10_alpha_1.2_sigma_0.06_threshold_0.0 - INFO - Batch 117/154: Clean orig accuracy 0.6170 | Clean purify accuracy 0.5983 | Adv orig accuracy: 0.5272 | Adv purify accuracy: 0.4995
2025-07-10 20:15:11,075 - ADV_Generation_eps_4.0_steps_100_Purification_type_noisy_anchor_anchors_10_alpha_1.2_sigma_0.06_threshold_0.0 - INFO - Batch:[117] Adversarial images for this batch already exist
2025-07-10 20:15:14,723 - ADV_Generation_eps_4.0_steps_100_Purification_type_noisy_anchor_anchors_10_alpha_1.2_sigma_0.06_threshold_0.0 - INFO - Batch 118/154: Clean orig accuracy 0.6197 | Clean purify accuracy 0.6012 | Adv orig accuracy: 0.5307 | Adv purify accuracy: 0.5026
2025-07-10 20:15:14,733 - ADV_Generation_eps_4.0_steps_100_Purification_type_noisy_anchor_anchors_10_alpha_1.2_sigma_0.06_threshold_0.0 - INFO - Batch:[118] Adversarial images for this batch already exist
2025-07-10 20:15:18,345 - ADV_Generation_eps_4.0_steps_100_Purification_type_noisy_anchor_anchors_10_alpha_1.2_sigma_0.06_threshold_0.0 - INFO - Batch 119/154: Clean orig accuracy 0.6155 | Clean purify accuracy 0.5972 | Adv orig accuracy: 0.5273 | Adv purify accuracy: 0.4995
2025-07-10 20:15:18,355 - ADV_Generation_eps_4.0_steps_100_Purification_type_noisy_anchor_anchors_10_alpha_1.2_sigma_0.06_threshold_0.0 - INFO - Batch:[119] Adversarial images for this batch already exist
2025-07-10 20:15:22,095 - ADV_Generation_eps_4.0_steps_100_Purification_type_noisy_anchor_anchors_10_alpha_1.2_sigma_0.06_threshold_0.0 - INFO - Batch 120/154: Clean orig accuracy 0.6188 | Clean purify accuracy 0.6005 | Adv orig accuracy: 0.5312 | Adv purify accuracy: 0.5036
2025-07-10 20:15:22,104 - ADV_Generation_eps_4.0_steps_100_Purification_type_noisy_anchor_anchors_10_alpha_1.2_sigma_0.06_threshold_0.0 - INFO - Batch:[120] Adversarial images for this batch already exist
2025-07-10 20:15:25,834 - ADV_Generation_eps_4.0_steps_100_Purification_type_noisy_anchor_anchors_10_alpha_1.2_sigma_0.06_threshold_0.0 - INFO - Batch 121/154: Clean orig accuracy 0.6219 | Clean purify accuracy 0.6038 | Adv orig accuracy: 0.5351 | Adv purify accuracy: 0.5077
2025-07-10 20:15:25,845 - ADV_Generation_eps_4.0_steps_100_Purification_type_noisy_anchor_anchors_10_alpha_1.2_sigma_0.06_threshold_0.0 - INFO - Batch:[121] Adversarial images for this batch already exist
2025-07-10 20:15:29,482 - ADV_Generation_eps_4.0_steps_100_Purification_type_noisy_anchor_anchors_10_alpha_1.2_sigma_0.06_threshold_0.0 - INFO - Batch 122/154: Clean orig accuracy 0.6235 | Clean purify accuracy 0.6066 | Adv orig accuracy: 0.5364 | Adv purify accuracy: 0.5092
2025-07-10 20:15:29,492 - ADV_Generation_eps_4.0_steps_100_Purification_type_noisy_anchor_anchors_10_alpha_1.2_sigma_0.06_threshold_0.0 - INFO - Batch:[122] Adversarial images for this batch already exist
2025-07-10 20:15:33,142 - ADV_Generation_eps_4.0_steps_100_Purification_type_noisy_anchor_anchors_10_alpha_1.2_sigma_0.06_threshold_0.0 - INFO - Batch 123/154: Clean orig accuracy 0.6245 | Clean purify accuracy 0.6077 | Adv orig accuracy: 0.5361 | Adv purify accuracy: 0.5091
2025-07-10 20:15:33,151 - ADV_Generation_eps_4.0_steps_100_Purification_type_noisy_anchor_anchors_10_alpha_1.2_sigma_0.06_threshold_0.0 - INFO - Batch:[123] Adversarial images for this batch already exist
2025-07-10 20:15:37,364 - ADV_Generation_eps_4.0_steps_100_Purification_type_noisy_anchor_anchors_10_alpha_1.2_sigma_0.06_threshold_0.0 - INFO - Batch 124/154: Clean orig accuracy 0.6260 | Clean purify accuracy 0.6099 | Adv orig accuracy: 0.5378 | Adv purify accuracy: 0.5111
2025-07-10 20:15:37,373 - ADV_Generation_eps_4.0_steps_100_Purification_type_noisy_anchor_anchors_10_alpha_1.2_sigma_0.06_threshold_0.0 - INFO - Batch:[124] Adversarial images for this batch already exist
2025-07-10 20:15:41,053 - ADV_Generation_eps_4.0_steps_100_Purification_type_noisy_anchor_anchors_10_alpha_1.2_sigma_0.06_threshold_0.0 - INFO - Batch 125/154: Clean orig accuracy 0.6285 | Clean purify accuracy 0.6125 | Adv orig accuracy: 0.5410 | Adv purify accuracy: 0.5145
2025-07-10 20:15:41,063 - ADV_Generation_eps_4.0_steps_100_Purification_type_noisy_anchor_anchors_10_alpha_1.2_sigma_0.06_threshold_0.0 - INFO - Batch:[125] Adversarial images for this batch already exist
2025-07-10 20:15:44,702 - ADV_Generation_eps_4.0_steps_100_Purification_type_noisy_anchor_anchors_10_alpha_1.2_sigma_0.06_threshold_0.0 - INFO - Batch 126/154: Clean orig accuracy 0.6275 | Clean purify accuracy 0.6116 | Adv orig accuracy: 0.5407 | Adv purify accuracy: 0.5144
2025-07-10 20:15:44,713 - ADV_Generation_eps_4.0_steps_100_Purification_type_noisy_anchor_anchors_10_alpha_1.2_sigma_0.06_threshold_0.0 - INFO - Batch:[126] Adversarial images for this batch already exist
2025-07-10 20:15:48,346 - ADV_Generation_eps_4.0_steps_100_Purification_type_noisy_anchor_anchors_10_alpha_1.2_sigma_0.06_threshold_0.0 - INFO - Batch 127/154: Clean orig accuracy 0.6265 | Clean purify accuracy 0.6107 | Adv orig accuracy: 0.5399 | Adv purify accuracy: 0.5138
2025-07-10 20:15:48,356 - ADV_Generation_eps_4.0_steps_100_Purification_type_noisy_anchor_anchors_10_alpha_1.2_sigma_0.06_threshold_0.0 - INFO - Batch:[127] Adversarial images for this batch already exist
2025-07-10 20:15:52,006 - ADV_Generation_eps_4.0_steps_100_Purification_type_noisy_anchor_anchors_10_alpha_1.2_sigma_0.06_threshold_0.0 - INFO - Batch 128/154: Clean orig accuracy 0.6279 | Clean purify accuracy 0.6113 | Adv orig accuracy: 0.5391 | Adv purify accuracy: 0.5122
2025-07-10 20:15:52,016 - ADV_Generation_eps_4.0_steps_100_Purification_type_noisy_anchor_anchors_10_alpha_1.2_sigma_0.06_threshold_0.0 - INFO - Batch:[128] Adversarial images for this batch already exist
2025-07-10 20:15:55,774 - ADV_Generation_eps_4.0_steps_100_Purification_type_noisy_anchor_anchors_10_alpha_1.2_sigma_0.06_threshold_0.0 - INFO - Batch 129/154: Clean orig accuracy 0.6308 | Clean purify accuracy 0.6143 | Adv orig accuracy: 0.5402 | Adv purify accuracy: 0.5145
2025-07-10 20:15:55,784 - ADV_Generation_eps_4.0_steps_100_Purification_type_noisy_anchor_anchors_10_alpha_1.2_sigma_0.06_threshold_0.0 - INFO - Batch:[129] Adversarial images for this batch already exist
2025-07-10 20:15:59,406 - ADV_Generation_eps_4.0_steps_100_Purification_type_noisy_anchor_anchors_10_alpha_1.2_sigma_0.06_threshold_0.0 - INFO - Batch 130/154: Clean orig accuracy 0.6308 | Clean purify accuracy 0.6144 | Adv orig accuracy: 0.5409 | Adv purify accuracy: 0.5154
2025-07-10 20:15:59,415 - ADV_Generation_eps_4.0_steps_100_Purification_type_noisy_anchor_anchors_10_alpha_1.2_sigma_0.06_threshold_0.0 - INFO - Batch:[130] Adversarial images for this batch already exist
2025-07-10 20:16:03,060 - ADV_Generation_eps_4.0_steps_100_Purification_type_noisy_anchor_anchors_10_alpha_1.2_sigma_0.06_threshold_0.0 - INFO - Batch 131/154: Clean orig accuracy 0.6293 | Clean purify accuracy 0.6131 | Adv orig accuracy: 0.5386 | Adv purify accuracy: 0.5119
2025-07-10 20:16:03,070 - ADV_Generation_eps_4.0_steps_100_Purification_type_noisy_anchor_anchors_10_alpha_1.2_sigma_0.06_threshold_0.0 - INFO - Batch:[131] Adversarial images for this batch already exist
2025-07-10 20:16:06,729 - ADV_Generation_eps_4.0_steps_100_Purification_type_noisy_anchor_anchors_10_alpha_1.2_sigma_0.06_threshold_0.0 - INFO - Batch 132/154: Clean orig accuracy 0.6293 | Clean purify accuracy 0.6122 | Adv orig accuracy: 0.5369 | Adv purify accuracy: 0.5104
2025-07-10 20:16:06,739 - ADV_Generation_eps_4.0_steps_100_Purification_type_noisy_anchor_anchors_10_alpha_1.2_sigma_0.06_threshold_0.0 - INFO - Batch:[132] Adversarial images for this batch already exist
2025-07-10 20:16:10,329 - ADV_Generation_eps_4.0_steps_100_Purification_type_noisy_anchor_anchors_10_alpha_1.2_sigma_0.06_threshold_0.0 - INFO - Batch 133/154: Clean orig accuracy 0.6311 | Clean purify accuracy 0.6137 | Adv orig accuracy: 0.5357 | Adv purify accuracy: 0.5085
2025-07-10 20:16:10,338 - ADV_Generation_eps_4.0_steps_100_Purification_type_noisy_anchor_anchors_10_alpha_1.2_sigma_0.06_threshold_0.0 - INFO - Batch:[133] Adversarial images for this batch already exist
2025-07-10 20:16:14,000 - ADV_Generation_eps_4.0_steps_100_Purification_type_noisy_anchor_anchors_10_alpha_1.2_sigma_0.06_threshold_0.0 - INFO - Batch 134/154: Clean orig accuracy 0.6325 | Clean purify accuracy 0.6143 | Adv orig accuracy: 0.5354 | Adv purify accuracy: 0.5079
2025-07-10 20:16:14,010 - ADV_Generation_eps_4.0_steps_100_Purification_type_noisy_anchor_anchors_10_alpha_1.2_sigma_0.06_threshold_0.0 - INFO - Batch:[134] Adversarial images for this batch already exist
2025-07-10 20:16:17,647 - ADV_Generation_eps_4.0_steps_100_Purification_type_noisy_anchor_anchors_10_alpha_1.2_sigma_0.06_threshold_0.0 - INFO - Batch 135/154: Clean orig accuracy 0.6343 | Clean purify accuracy 0.6162 | Adv orig accuracy: 0.5366 | Adv purify accuracy: 0.5097
2025-07-10 20:16:17,657 - ADV_Generation_eps_4.0_steps_100_Purification_type_noisy_anchor_anchors_10_alpha_1.2_sigma_0.06_threshold_0.0 - INFO - Batch:[135] Adversarial images for this batch already exist
2025-07-10 20:16:21,285 - ADV_Generation_eps_4.0_steps_100_Purification_type_noisy_anchor_anchors_10_alpha_1.2_sigma_0.06_threshold_0.0 - INFO - Batch 136/154: Clean orig accuracy 0.6319 | Clean purify accuracy 0.6140 | Adv orig accuracy: 0.5340 | Adv purify accuracy: 0.5074
2025-07-10 20:16:21,297 - ADV_Generation_eps_4.0_steps_100_Purification_type_noisy_anchor_anchors_10_alpha_1.2_sigma_0.06_threshold_0.0 - INFO - Batch:[136] Adversarial images for this batch already exist
2025-07-10 20:16:24,938 - ADV_Generation_eps_4.0_steps_100_Purification_type_noisy_anchor_anchors_10_alpha_1.2_sigma_0.06_threshold_0.0 - INFO - Batch 137/154: Clean orig accuracy 0.6337 | Clean purify accuracy 0.6159 | Adv orig accuracy: 0.5360 | Adv purify accuracy: 0.5096
2025-07-10 20:16:24,948 - ADV_Generation_eps_4.0_steps_100_Purification_type_noisy_anchor_anchors_10_alpha_1.2_sigma_0.06_threshold_0.0 - INFO - Batch:[137] Adversarial images for this batch already exist
2025-07-10 20:16:28,612 - ADV_Generation_eps_4.0_steps_100_Purification_type_noisy_anchor_anchors_10_alpha_1.2_sigma_0.06_threshold_0.0 - INFO - Batch 138/154: Clean orig accuracy 0.6363 | Clean purify accuracy 0.6187 | Adv orig accuracy: 0.5389 | Adv purify accuracy: 0.5131
2025-07-10 20:16:28,622 - ADV_Generation_eps_4.0_steps_100_Purification_type_noisy_anchor_anchors_10_alpha_1.2_sigma_0.06_threshold_0.0 - INFO - Batch:[138] Adversarial images for this batch already exist
2025-07-10 20:16:32,259 - ADV_Generation_eps_4.0_steps_100_Purification_type_noisy_anchor_anchors_10_alpha_1.2_sigma_0.06_threshold_0.0 - INFO - Batch 139/154: Clean orig accuracy 0.6389 | Clean purify accuracy 0.6214 | Adv orig accuracy: 0.5423 | Adv purify accuracy: 0.5157
2025-07-10 20:16:32,269 - ADV_Generation_eps_4.0_steps_100_Purification_type_noisy_anchor_anchors_10_alpha_1.2_sigma_0.06_threshold_0.0 - INFO - Batch:[139] Adversarial images for this batch already exist
2025-07-10 20:16:36,002 - ADV_Generation_eps_4.0_steps_100_Purification_type_noisy_anchor_anchors_10_alpha_1.2_sigma_0.06_threshold_0.0 - INFO - Batch 140/154: Clean orig accuracy 0.6406 | Clean purify accuracy 0.6214 | Adv orig accuracy: 0.5415 | Adv purify accuracy: 0.5147
2025-07-10 20:16:36,012 - ADV_Generation_eps_4.0_steps_100_Purification_type_noisy_anchor_anchors_10_alpha_1.2_sigma_0.06_threshold_0.0 - INFO - Batch:[140] Adversarial images for this batch already exist
2025-07-10 20:16:39,699 - ADV_Generation_eps_4.0_steps_100_Purification_type_noisy_anchor_anchors_10_alpha_1.2_sigma_0.06_threshold_0.0 - INFO - Batch 141/154: Clean orig accuracy 0.6432 | Clean purify accuracy 0.6241 | Adv orig accuracy: 0.5443 | Adv purify accuracy: 0.5173
2025-07-10 20:16:39,709 - ADV_Generation_eps_4.0_steps_100_Purification_type_noisy_anchor_anchors_10_alpha_1.2_sigma_0.06_threshold_0.0 - INFO - Batch:[141] Adversarial images for this batch already exist
2025-07-10 20:16:43,358 - ADV_Generation_eps_4.0_steps_100_Purification_type_noisy_anchor_anchors_10_alpha_1.2_sigma_0.06_threshold_0.0 - INFO - Batch 142/154: Clean orig accuracy 0.6457 | Clean purify accuracy 0.6268 | Adv orig accuracy: 0.5471 | Adv purify accuracy: 0.5202
2025-07-10 20:16:43,368 - ADV_Generation_eps_4.0_steps_100_Purification_type_noisy_anchor_anchors_10_alpha_1.2_sigma_0.06_threshold_0.0 - INFO - Batch:[142] Adversarial images for this batch already exist
2025-07-10 20:16:47,027 - ADV_Generation_eps_4.0_steps_100_Purification_type_noisy_anchor_anchors_10_alpha_1.2_sigma_0.06_threshold_0.0 - INFO - Batch 143/154: Clean orig accuracy 0.6482 | Clean purify accuracy 0.6294 | Adv orig accuracy: 0.5503 | Adv purify accuracy: 0.5236
2025-07-10 20:16:47,037 - ADV_Generation_eps_4.0_steps_100_Purification_type_noisy_anchor_anchors_10_alpha_1.2_sigma_0.06_threshold_0.0 - INFO - Batch:[143] Adversarial images for this batch already exist
2025-07-10 20:16:50,715 - ADV_Generation_eps_4.0_steps_100_Purification_type_noisy_anchor_anchors_10_alpha_1.2_sigma_0.06_threshold_0.0 - INFO - Batch 144/154: Clean orig accuracy 0.6484 | Clean purify accuracy 0.6298 | Adv orig accuracy: 0.5495 | Adv purify accuracy: 0.5234
2025-07-10 20:16:50,725 - ADV_Generation_eps_4.0_steps_100_Purification_type_noisy_anchor_anchors_10_alpha_1.2_sigma_0.06_threshold_0.0 - INFO - Batch:[144] Adversarial images for this batch already exist
2025-07-10 20:16:54,408 - ADV_Generation_eps_4.0_steps_100_Purification_type_noisy_anchor_anchors_10_alpha_1.2_sigma_0.06_threshold_0.0 - INFO - Batch 145/154: Clean orig accuracy 0.6500 | Clean purify accuracy 0.6319 | Adv orig accuracy: 0.5500 | Adv purify accuracy: 0.5241
2025-07-10 20:16:54,418 - ADV_Generation_eps_4.0_steps_100_Purification_type_noisy_anchor_anchors_10_alpha_1.2_sigma_0.06_threshold_0.0 - INFO - Batch:[145] Adversarial images for this batch already exist
2025-07-10 20:16:58,033 - ADV_Generation_eps_4.0_steps_100_Purification_type_noisy_anchor_anchors_10_alpha_1.2_sigma_0.06_threshold_0.0 - INFO - Batch 146/154: Clean orig accuracy 0.6511 | Clean purify accuracy 0.6331 | Adv orig accuracy: 0.5514 | Adv purify accuracy: 0.5253
2025-07-10 20:16:58,042 - ADV_Generation_eps_4.0_steps_100_Purification_type_noisy_anchor_anchors_10_alpha_1.2_sigma_0.06_threshold_0.0 - INFO - Batch:[146] Adversarial images for this batch already exist
2025-07-10 20:17:01,683 - ADV_Generation_eps_4.0_steps_100_Purification_type_noisy_anchor_anchors_10_alpha_1.2_sigma_0.06_threshold_0.0 - INFO - Batch 147/154: Clean orig accuracy 0.6535 | Clean purify accuracy 0.6356 | Adv orig accuracy: 0.5531 | Adv purify accuracy: 0.5272
2025-07-10 20:17:01,692 - ADV_Generation_eps_4.0_steps_100_Purification_type_noisy_anchor_anchors_10_alpha_1.2_sigma_0.06_threshold_0.0 - INFO - Batch:[147] Adversarial images for this batch already exist
2025-07-10 20:17:05,444 - ADV_Generation_eps_4.0_steps_100_Purification_type_noisy_anchor_anchors_10_alpha_1.2_sigma_0.06_threshold_0.0 - INFO - Batch 148/154: Clean orig accuracy 0.6499 | Clean purify accuracy 0.6322 | Adv orig accuracy: 0.5503 | Adv purify accuracy: 0.5245
2025-07-10 20:17:05,453 - ADV_Generation_eps_4.0_steps_100_Purification_type_noisy_anchor_anchors_10_alpha_1.2_sigma_0.06_threshold_0.0 - INFO - Batch:[148] Adversarial images for this batch already exist
2025-07-10 20:17:09,067 - ADV_Generation_eps_4.0_steps_100_Purification_type_noisy_anchor_anchors_10_alpha_1.2_sigma_0.06_threshold_0.0 - INFO - Batch 149/154: Clean orig accuracy 0.6477 | Clean purify accuracy 0.6305 | Adv orig accuracy: 0.5474 | Adv purify accuracy: 0.5227
2025-07-10 20:17:09,076 - ADV_Generation_eps_4.0_steps_100_Purification_type_noisy_anchor_anchors_10_alpha_1.2_sigma_0.06_threshold_0.0 - INFO - Batch:[149] Adversarial images for this batch already exist
2025-07-10 20:17:12,733 - ADV_Generation_eps_4.0_steps_100_Purification_type_noisy_anchor_anchors_10_alpha_1.2_sigma_0.06_threshold_0.0 - INFO - Batch 150/154: Clean orig accuracy 0.6446 | Clean purify accuracy 0.6288 | Adv orig accuracy: 0.5442 | Adv purify accuracy: 0.5200
2025-07-10 20:17:12,743 - ADV_Generation_eps_4.0_steps_100_Purification_type_noisy_anchor_anchors_10_alpha_1.2_sigma_0.06_threshold_0.0 - INFO - Batch:[150] Adversarial images for this batch already exist
2025-07-10 20:17:16,396 - ADV_Generation_eps_4.0_steps_100_Purification_type_noisy_anchor_anchors_10_alpha_1.2_sigma_0.06_threshold_0.0 - INFO - Batch 151/154: Clean orig accuracy 0.6469 | Clean purify accuracy 0.6312 | Adv orig accuracy: 0.5447 | Adv purify accuracy: 0.5203
2025-07-10 20:17:16,405 - ADV_Generation_eps_4.0_steps_100_Purification_type_noisy_anchor_anchors_10_alpha_1.2_sigma_0.06_threshold_0.0 - INFO - Batch:[151] Adversarial images for this batch already exist
2025-07-10 20:17:20,101 - ADV_Generation_eps_4.0_steps_100_Purification_type_noisy_anchor_anchors_10_alpha_1.2_sigma_0.06_threshold_0.0 - INFO - Batch 152/154: Clean orig accuracy 0.6484 | Clean purify accuracy 0.6328 | Adv orig accuracy: 0.5461 | Adv purify accuracy: 0.5218
2025-07-10 20:17:20,111 - ADV_Generation_eps_4.0_steps_100_Purification_type_noisy_anchor_anchors_10_alpha_1.2_sigma_0.06_threshold_0.0 - INFO - Batch:[152] Adversarial images for this batch already exist
2025-07-10 20:17:23,840 - ADV_Generation_eps_4.0_steps_100_Purification_type_noisy_anchor_anchors_10_alpha_1.2_sigma_0.06_threshold_0.0 - INFO - Batch 153/154: Clean orig accuracy 0.6471 | Clean purify accuracy 0.6311 | Adv orig accuracy: 0.5433 | Adv purify accuracy: 0.5192
2025-07-10 20:17:23,849 - ADV_Generation_eps_4.0_steps_100_Purification_type_noisy_anchor_anchors_10_alpha_1.2_sigma_0.06_threshold_0.0 - INFO - Batch:[153] Adversarial images for this batch already exist
2025-07-10 20:17:27,331 - ADV_Generation_eps_4.0_steps_100_Purification_type_noisy_anchor_anchors_10_alpha_1.2_sigma_0.06_threshold_0.0 - INFO - Batch 154/154: Clean orig accuracy 0.6476 | Clean purify accuracy 0.6322 | Adv orig accuracy: 0.5412 | Adv purify accuracy: 0.5177
2025-07-10 20:17:27,420 - ADV_Generation_eps_4.0_steps_100_Purification_type_noisy_anchor_anchors_10_alpha_1.2_sigma_0.06_threshold_0.0 - INFO - Final Clean orig accuracy: 0.6476 | Clean purify accuracy: 0.6322
2025-07-10 20:17:27,420 - ADV_Generation_eps_4.0_steps_100_Purification_type_noisy_anchor_anchors_10_alpha_1.2_sigma_0.06_threshold_0.0 - INFO - Final Adv orig accuracy: 0.5412 | Adv purify accuracy: 0.5177
2025-07-10 20:17:27,420 - ADV_Generation_eps_4.0_steps_100_Purification_type_noisy_anchor_anchors_10_alpha_1.2_sigma_0.06_threshold_0.0 - INFO - Diff_ratio_clean: 0.1401 | Diff_ratio_adv: 0.1479
2025-07-10 20:17:27,420 - ADV_Generation_eps_4.0_steps_100_Purification_type_noisy_anchor_anchors_10_alpha_1.2_sigma_0.06_threshold_0.0 - INFO - Adversarial image generation completed. Results
