2025-07-10 20:06:03,709 - ADV_Generation_eps_4.0_steps_100_Purification_type_noisy_anchor_anchors_10_alpha_1.2_sigma_0.12_threshold_0.0 - INFO - ==========================================
data:/leonardo_work/EUHPC_R04_192/fmohamma/Adversarial_Robust_Clip/atpt_data/downstream_datasets
test_sets:Flower102
dataset_mode:test
arch:ViT-L/14
resolution:224
workers:4
no_pin_memory:False
batch_size:64
adv_bs:16
print_freq:20
gpu:0
no_cudnn_benchmark:False
n_ctx:4
ctx_init:a_photo_of_a
seed:0
output_dir:/leonardo_work/EUHPC_R04_192/fmohamma/Adversarial_Robust_Clip/atpt_data/ViT-L/14/Flower102
log_output_dir:/leonardo_work/EUHPC_R04_192/fmohamma/Adversarial_Robust_Clip/ATPT/Purify_Results/ViT-L/14/Flower102
eps:4.0
alpha:1.0
alpha_eps_ratio:4.0
steps:100
counter_attack:False
counter_attack_type:pgd
counter_attack_steps:2
counter_attack_eps:4.0
counter_attack_alpha:1.0
counter_attack_tau_thres:0.2
counter_attack_beta:2.0
counter_attack_weighted_perturbations:True
pgd_clip_pure_i_text_embeddings:null
pgd_counter_and_clipure_i_lamda:1.0
image_feature_purify:True
image_feature_purify_type:noisy_anchor
image_feature_purify_noisy_anchors:10
image_feature_purify_anchors_alpha:1.2
image_feature_purify_noisy_sigma:0.12
image_feature_purify_diff_threshold:0.0
lr:0.005
selection_p:0.1
tta_steps:1
top_k:20
softmax_temp:0.01
load_tecoa:

2025-07-10 20:06:03,710 - ADV_Generation_eps_4.0_steps_100_Purification_type_noisy_anchor_anchors_10_alpha_1.2_sigma_0.12_threshold_0.0 - INFO - Use GPU: 0 for training
2025-07-10 20:06:19,067 - ADV_Generation_eps_4.0_steps_100_Purification_type_noisy_anchor_anchors_10_alpha_1.2_sigma_0.12_threshold_0.0 - INFO - => Model created: visual backbone ViT-L/14
2025-07-10 20:06:19,076 - ADV_Generation_eps_4.0_steps_100_Purification_type_noisy_anchor_anchors_10_alpha_1.2_sigma_0.12_threshold_0.0 - INFO - Number of test samples: 2463
2025-07-10 20:06:19,076 - ADV_Generation_eps_4.0_steps_100_Purification_type_noisy_anchor_anchors_10_alpha_1.2_sigma_0.12_threshold_0.0 - INFO - Evaluating dataset: Flower102
2025-07-10 20:06:19,077 - ADV_Generation_eps_4.0_steps_100_Purification_type_noisy_anchor_anchors_10_alpha_1.2_sigma_0.12_threshold_0.0 - INFO - Starting evaluation with batch size: 64, selection percentage: 0.1
2025-07-10 20:06:19,077 - ADV_Generation_eps_4.0_steps_100_Purification_type_noisy_anchor_anchors_10_alpha_1.2_sigma_0.12_threshold_0.0 - INFO - Using PGD attack with epsilon: 0.015686, alpha: 0.003922, steps: 100
2025-07-10 20:06:19,078 - ADV_Generation_eps_4.0_steps_100_Purification_type_noisy_anchor_anchors_10_alpha_1.2_sigma_0.12_threshold_0.0 - INFO - Using directory for adversarial images: /leonardo_work/EUHPC_R04_192/fmohamma/Adversarial_Robust_Clip/atpt_data/ViT-L/14/Flower102/adv_images_eps_4.0_alpha_1.0_steps_100
2025-07-10 20:06:19,712 - ADV_Generation_eps_4.0_steps_100_Purification_type_noisy_anchor_anchors_10_alpha_1.2_sigma_0.12_threshold_0.0 - INFO - Batch:[0] Adversarial images for this batch already exist
2025-07-10 20:06:24,621 - ADV_Generation_eps_4.0_steps_100_Purification_type_noisy_anchor_anchors_10_alpha_1.2_sigma_0.12_threshold_0.0 - INFO - Batch 1/154: Clean orig accuracy 1.0000 | Clean purify accuracy 1.0000 | Adv orig accuracy: 0.0000 | Adv purify accuracy: 1.0000
2025-07-10 20:06:24,630 - ADV_Generation_eps_4.0_steps_100_Purification_type_noisy_anchor_anchors_10_alpha_1.2_sigma_0.12_threshold_0.0 - INFO - Batch:[1] Adversarial images for this batch already exist
2025-07-10 20:06:28,283 - ADV_Generation_eps_4.0_steps_100_Purification_type_noisy_anchor_anchors_10_alpha_1.2_sigma_0.12_threshold_0.0 - INFO - Batch 2/154: Clean orig accuracy 1.0000 | Clean purify accuracy 0.9688 | Adv orig accuracy: 0.0000 | Adv purify accuracy: 1.0000
2025-07-10 20:06:28,293 - ADV_Generation_eps_4.0_steps_100_Purification_type_noisy_anchor_anchors_10_alpha_1.2_sigma_0.12_threshold_0.0 - INFO - Batch:[2] Adversarial images for this batch already exist
2025-07-10 20:06:31,947 - ADV_Generation_eps_4.0_steps_100_Purification_type_noisy_anchor_anchors_10_alpha_1.2_sigma_0.12_threshold_0.0 - INFO - Batch 3/154: Clean orig accuracy 1.0000 | Clean purify accuracy 0.9792 | Adv orig accuracy: 0.0000 | Adv purify accuracy: 1.0000
2025-07-10 20:06:31,958 - ADV_Generation_eps_4.0_steps_100_Purification_type_noisy_anchor_anchors_10_alpha_1.2_sigma_0.12_threshold_0.0 - INFO - Batch:[3] Adversarial images for this batch already exist
2025-07-10 20:06:35,602 - ADV_Generation_eps_4.0_steps_100_Purification_type_noisy_anchor_anchors_10_alpha_1.2_sigma_0.12_threshold_0.0 - INFO - Batch 4/154: Clean orig accuracy 1.0000 | Clean purify accuracy 0.9688 | Adv orig accuracy: 0.0000 | Adv purify accuracy: 1.0000
2025-07-10 20:06:35,614 - ADV_Generation_eps_4.0_steps_100_Purification_type_noisy_anchor_anchors_10_alpha_1.2_sigma_0.12_threshold_0.0 - INFO - Batch:[4] Adversarial images for this batch already exist
2025-07-10 20:06:39,262 - ADV_Generation_eps_4.0_steps_100_Purification_type_noisy_anchor_anchors_10_alpha_1.2_sigma_0.12_threshold_0.0 - INFO - Batch 5/154: Clean orig accuracy 1.0000 | Clean purify accuracy 0.9250 | Adv orig accuracy: 0.0000 | Adv purify accuracy: 1.0000
2025-07-10 20:06:39,272 - ADV_Generation_eps_4.0_steps_100_Purification_type_noisy_anchor_anchors_10_alpha_1.2_sigma_0.12_threshold_0.0 - INFO - Batch:[5] Adversarial images for this batch already exist
2025-07-10 20:06:42,915 - ADV_Generation_eps_4.0_steps_100_Purification_type_noisy_anchor_anchors_10_alpha_1.2_sigma_0.12_threshold_0.0 - INFO - Batch 6/154: Clean orig accuracy 0.9896 | Clean purify accuracy 0.8958 | Adv orig accuracy: 0.0000 | Adv purify accuracy: 0.9896
2025-07-10 20:06:42,926 - ADV_Generation_eps_4.0_steps_100_Purification_type_noisy_anchor_anchors_10_alpha_1.2_sigma_0.12_threshold_0.0 - INFO - Batch:[6] Adversarial images for this batch already exist
2025-07-10 20:06:46,559 - ADV_Generation_eps_4.0_steps_100_Purification_type_noisy_anchor_anchors_10_alpha_1.2_sigma_0.12_threshold_0.0 - INFO - Batch 7/154: Clean orig accuracy 0.9821 | Clean purify accuracy 0.8750 | Adv orig accuracy: 0.0000 | Adv purify accuracy: 0.9911
2025-07-10 20:06:46,570 - ADV_Generation_eps_4.0_steps_100_Purification_type_noisy_anchor_anchors_10_alpha_1.2_sigma_0.12_threshold_0.0 - INFO - Batch:[7] Adversarial images for this batch already exist
2025-07-10 20:06:50,364 - ADV_Generation_eps_4.0_steps_100_Purification_type_noisy_anchor_anchors_10_alpha_1.2_sigma_0.12_threshold_0.0 - INFO - Batch 8/154: Clean orig accuracy 0.9844 | Clean purify accuracy 0.8516 | Adv orig accuracy: 0.0000 | Adv purify accuracy: 0.9922
2025-07-10 20:06:50,374 - ADV_Generation_eps_4.0_steps_100_Purification_type_noisy_anchor_anchors_10_alpha_1.2_sigma_0.12_threshold_0.0 - INFO - Batch:[8] Adversarial images for this batch already exist
2025-07-10 20:06:54,295 - ADV_Generation_eps_4.0_steps_100_Purification_type_noisy_anchor_anchors_10_alpha_1.2_sigma_0.12_threshold_0.0 - INFO - Batch 9/154: Clean orig accuracy 0.9861 | Clean purify accuracy 0.8611 | Adv orig accuracy: 0.0000 | Adv purify accuracy: 0.9931
2025-07-10 20:06:54,320 - ADV_Generation_eps_4.0_steps_100_Purification_type_noisy_anchor_anchors_10_alpha_1.2_sigma_0.12_threshold_0.0 - INFO - Batch:[9] Adversarial images for this batch already exist
2025-07-10 20:06:58,216 - ADV_Generation_eps_4.0_steps_100_Purification_type_noisy_anchor_anchors_10_alpha_1.2_sigma_0.12_threshold_0.0 - INFO - Batch 10/154: Clean orig accuracy 0.9750 | Clean purify accuracy 0.8438 | Adv orig accuracy: 0.0000 | Adv purify accuracy: 0.9938
2025-07-10 20:06:58,227 - ADV_Generation_eps_4.0_steps_100_Purification_type_noisy_anchor_anchors_10_alpha_1.2_sigma_0.12_threshold_0.0 - INFO - Batch:[10] Adversarial images for this batch already exist
2025-07-10 20:07:02,122 - ADV_Generation_eps_4.0_steps_100_Purification_type_noisy_anchor_anchors_10_alpha_1.2_sigma_0.12_threshold_0.0 - INFO - Batch 11/154: Clean orig accuracy 0.9716 | Clean purify accuracy 0.8352 | Adv orig accuracy: 0.0000 | Adv purify accuracy: 0.9943
2025-07-10 20:07:02,173 - ADV_Generation_eps_4.0_steps_100_Purification_type_noisy_anchor_anchors_10_alpha_1.2_sigma_0.12_threshold_0.0 - INFO - Batch:[11] Adversarial images for this batch already exist
2025-07-10 20:07:06,097 - ADV_Generation_eps_4.0_steps_100_Purification_type_noisy_anchor_anchors_10_alpha_1.2_sigma_0.12_threshold_0.0 - INFO - Batch 12/154: Clean orig accuracy 0.9062 | Clean purify accuracy 0.7760 | Adv orig accuracy: 0.0000 | Adv purify accuracy: 0.9323
2025-07-10 20:07:06,126 - ADV_Generation_eps_4.0_steps_100_Purification_type_noisy_anchor_anchors_10_alpha_1.2_sigma_0.12_threshold_0.0 - INFO - Batch:[12] Adversarial images for this batch already exist
2025-07-10 20:07:10,006 - ADV_Generation_eps_4.0_steps_100_Purification_type_noisy_anchor_anchors_10_alpha_1.2_sigma_0.12_threshold_0.0 - INFO - Batch 13/154: Clean orig accuracy 0.8365 | Clean purify accuracy 0.7163 | Adv orig accuracy: 0.0000 | Adv purify accuracy: 0.8606
2025-07-10 20:07:10,016 - ADV_Generation_eps_4.0_steps_100_Purification_type_noisy_anchor_anchors_10_alpha_1.2_sigma_0.12_threshold_0.0 - INFO - Batch:[13] Adversarial images for this batch already exist
2025-07-10 20:07:14,103 - ADV_Generation_eps_4.0_steps_100_Purification_type_noisy_anchor_anchors_10_alpha_1.2_sigma_0.12_threshold_0.0 - INFO - Batch 14/154: Clean orig accuracy 0.7768 | Clean purify accuracy 0.6652 | Adv orig accuracy: 0.0000 | Adv purify accuracy: 0.8036
2025-07-10 20:07:14,113 - ADV_Generation_eps_4.0_steps_100_Purification_type_noisy_anchor_anchors_10_alpha_1.2_sigma_0.12_threshold_0.0 - INFO - Batch:[14] Adversarial images for this batch already exist
2025-07-10 20:07:18,010 - ADV_Generation_eps_4.0_steps_100_Purification_type_noisy_anchor_anchors_10_alpha_1.2_sigma_0.12_threshold_0.0 - INFO - Batch 15/154: Clean orig accuracy 0.7500 | Clean purify accuracy 0.6458 | Adv orig accuracy: 0.0000 | Adv purify accuracy: 0.7750
2025-07-10 20:07:18,019 - ADV_Generation_eps_4.0_steps_100_Purification_type_noisy_anchor_anchors_10_alpha_1.2_sigma_0.12_threshold_0.0 - INFO - Batch:[15] Adversarial images for this batch already exist
2025-07-10 20:07:21,885 - ADV_Generation_eps_4.0_steps_100_Purification_type_noisy_anchor_anchors_10_alpha_1.2_sigma_0.12_threshold_0.0 - INFO - Batch 16/154: Clean orig accuracy 0.7656 | Clean purify accuracy 0.6680 | Adv orig accuracy: 0.0000 | Adv purify accuracy: 0.7891
2025-07-10 20:07:21,924 - ADV_Generation_eps_4.0_steps_100_Purification_type_noisy_anchor_anchors_10_alpha_1.2_sigma_0.12_threshold_0.0 - INFO - Batch:[16] Adversarial images for this batch already exist
2025-07-10 20:07:25,797 - ADV_Generation_eps_4.0_steps_100_Purification_type_noisy_anchor_anchors_10_alpha_1.2_sigma_0.12_threshold_0.0 - INFO - Batch 17/154: Clean orig accuracy 0.7794 | Clean purify accuracy 0.6838 | Adv orig accuracy: 0.0000 | Adv purify accuracy: 0.8015
2025-07-10 20:07:25,807 - ADV_Generation_eps_4.0_steps_100_Purification_type_noisy_anchor_anchors_10_alpha_1.2_sigma_0.12_threshold_0.0 - INFO - Batch:[17] Adversarial images for this batch already exist
2025-07-10 20:07:29,763 - ADV_Generation_eps_4.0_steps_100_Purification_type_noisy_anchor_anchors_10_alpha_1.2_sigma_0.12_threshold_0.0 - INFO - Batch 18/154: Clean orig accuracy 0.7778 | Clean purify accuracy 0.6875 | Adv orig accuracy: 0.0000 | Adv purify accuracy: 0.8021
2025-07-10 20:07:29,774 - ADV_Generation_eps_4.0_steps_100_Purification_type_noisy_anchor_anchors_10_alpha_1.2_sigma_0.12_threshold_0.0 - INFO - Batch:[18] Adversarial images for this batch already exist
2025-07-10 20:07:33,627 - ADV_Generation_eps_4.0_steps_100_Purification_type_noisy_anchor_anchors_10_alpha_1.2_sigma_0.12_threshold_0.0 - INFO - Batch 19/154: Clean orig accuracy 0.7368 | Clean purify accuracy 0.6513 | Adv orig accuracy: 0.0000 | Adv purify accuracy: 0.7895
2025-07-10 20:07:33,637 - ADV_Generation_eps_4.0_steps_100_Purification_type_noisy_anchor_anchors_10_alpha_1.2_sigma_0.12_threshold_0.0 - INFO - Batch:[19] Adversarial images for this batch already exist
2025-07-10 20:07:37,498 - ADV_Generation_eps_4.0_steps_100_Purification_type_noisy_anchor_anchors_10_alpha_1.2_sigma_0.12_threshold_0.0 - INFO - Batch 20/154: Clean orig accuracy 0.7063 | Clean purify accuracy 0.6188 | Adv orig accuracy: 0.0000 | Adv purify accuracy: 0.7781
2025-07-10 20:07:37,508 - ADV_Generation_eps_4.0_steps_100_Purification_type_noisy_anchor_anchors_10_alpha_1.2_sigma_0.12_threshold_0.0 - INFO - Batch:[20] Adversarial images for this batch already exist
2025-07-10 20:07:41,344 - ADV_Generation_eps_4.0_steps_100_Purification_type_noisy_anchor_anchors_10_alpha_1.2_sigma_0.12_threshold_0.0 - INFO - Batch 21/154: Clean orig accuracy 0.6815 | Clean purify accuracy 0.5893 | Adv orig accuracy: 0.0000 | Adv purify accuracy: 0.7738
2025-07-10 20:07:41,354 - ADV_Generation_eps_4.0_steps_100_Purification_type_noisy_anchor_anchors_10_alpha_1.2_sigma_0.12_threshold_0.0 - INFO - Batch:[21] Adversarial images for this batch already exist
2025-07-10 20:07:45,253 - ADV_Generation_eps_4.0_steps_100_Purification_type_noisy_anchor_anchors_10_alpha_1.2_sigma_0.12_threshold_0.0 - INFO - Batch 22/154: Clean orig accuracy 0.6790 | Clean purify accuracy 0.5881 | Adv orig accuracy: 0.0000 | Adv purify accuracy: 0.7812
2025-07-10 20:07:45,263 - ADV_Generation_eps_4.0_steps_100_Purification_type_noisy_anchor_anchors_10_alpha_1.2_sigma_0.12_threshold_0.0 - INFO - Batch:[22] Adversarial images for this batch already exist
2025-07-10 20:07:49,092 - ADV_Generation_eps_4.0_steps_100_Purification_type_noisy_anchor_anchors_10_alpha_1.2_sigma_0.12_threshold_0.0 - INFO - Batch 23/154: Clean orig accuracy 0.6902 | Clean purify accuracy 0.5978 | Adv orig accuracy: 0.0000 | Adv purify accuracy: 0.7908
2025-07-10 20:07:49,102 - ADV_Generation_eps_4.0_steps_100_Purification_type_noisy_anchor_anchors_10_alpha_1.2_sigma_0.12_threshold_0.0 - INFO - Batch:[23] Adversarial images for this batch already exist
2025-07-10 20:07:53,023 - ADV_Generation_eps_4.0_steps_100_Purification_type_noisy_anchor_anchors_10_alpha_1.2_sigma_0.12_threshold_0.0 - INFO - Batch 24/154: Clean orig accuracy 0.7005 | Clean purify accuracy 0.6094 | Adv orig accuracy: 0.0000 | Adv purify accuracy: 0.7995
2025-07-10 20:07:53,033 - ADV_Generation_eps_4.0_steps_100_Purification_type_noisy_anchor_anchors_10_alpha_1.2_sigma_0.12_threshold_0.0 - INFO - Batch:[24] Adversarial images for this batch already exist
2025-07-10 20:07:56,898 - ADV_Generation_eps_4.0_steps_100_Purification_type_noisy_anchor_anchors_10_alpha_1.2_sigma_0.12_threshold_0.0 - INFO - Batch 25/154: Clean orig accuracy 0.7100 | Clean purify accuracy 0.6225 | Adv orig accuracy: 0.0000 | Adv purify accuracy: 0.8075
2025-07-10 20:07:56,908 - ADV_Generation_eps_4.0_steps_100_Purification_type_noisy_anchor_anchors_10_alpha_1.2_sigma_0.12_threshold_0.0 - INFO - Batch:[25] Adversarial images for this batch already exist
2025-07-10 20:08:00,763 - ADV_Generation_eps_4.0_steps_100_Purification_type_noisy_anchor_anchors_10_alpha_1.2_sigma_0.12_threshold_0.0 - INFO - Batch 26/154: Clean orig accuracy 0.6971 | Clean purify accuracy 0.6250 | Adv orig accuracy: 0.0000 | Adv purify accuracy: 0.8149
2025-07-10 20:08:00,774 - ADV_Generation_eps_4.0_steps_100_Purification_type_noisy_anchor_anchors_10_alpha_1.2_sigma_0.12_threshold_0.0 - INFO - Batch:[26] Adversarial images for this batch already exist
2025-07-10 20:08:04,597 - ADV_Generation_eps_4.0_steps_100_Purification_type_noisy_anchor_anchors_10_alpha_1.2_sigma_0.12_threshold_0.0 - INFO - Batch 27/154: Clean orig accuracy 0.6852 | Clean purify accuracy 0.6296 | Adv orig accuracy: 0.0000 | Adv purify accuracy: 0.8148
2025-07-10 20:08:04,607 - ADV_Generation_eps_4.0_steps_100_Purification_type_noisy_anchor_anchors_10_alpha_1.2_sigma_0.12_threshold_0.0 - INFO - Batch:[27] Adversarial images for this batch already exist
2025-07-10 20:08:08,460 - ADV_Generation_eps_4.0_steps_100_Purification_type_noisy_anchor_anchors_10_alpha_1.2_sigma_0.12_threshold_0.0 - INFO - Batch 28/154: Clean orig accuracy 0.6674 | Clean purify accuracy 0.6339 | Adv orig accuracy: 0.0000 | Adv purify accuracy: 0.8192
2025-07-10 20:08:08,470 - ADV_Generation_eps_4.0_steps_100_Purification_type_noisy_anchor_anchors_10_alpha_1.2_sigma_0.12_threshold_0.0 - INFO - Batch:[28] Adversarial images for this batch already exist
2025-07-10 20:08:12,321 - ADV_Generation_eps_4.0_steps_100_Purification_type_noisy_anchor_anchors_10_alpha_1.2_sigma_0.12_threshold_0.0 - INFO - Batch 29/154: Clean orig accuracy 0.6681 | Clean purify accuracy 0.6444 | Adv orig accuracy: 0.0000 | Adv purify accuracy: 0.8254
2025-07-10 20:08:12,332 - ADV_Generation_eps_4.0_steps_100_Purification_type_noisy_anchor_anchors_10_alpha_1.2_sigma_0.12_threshold_0.0 - INFO - Batch:[29] Adversarial images for this batch already exist
2025-07-10 20:08:16,212 - ADV_Generation_eps_4.0_steps_100_Purification_type_noisy_anchor_anchors_10_alpha_1.2_sigma_0.12_threshold_0.0 - INFO - Batch 30/154: Clean orig accuracy 0.6708 | Clean purify accuracy 0.6479 | Adv orig accuracy: 0.0000 | Adv purify accuracy: 0.8292
2025-07-10 20:08:16,229 - ADV_Generation_eps_4.0_steps_100_Purification_type_noisy_anchor_anchors_10_alpha_1.2_sigma_0.12_threshold_0.0 - INFO - Batch:[30] Adversarial images for this batch already exist
2025-07-10 20:08:20,106 - ADV_Generation_eps_4.0_steps_100_Purification_type_noisy_anchor_anchors_10_alpha_1.2_sigma_0.12_threshold_0.0 - INFO - Batch 31/154: Clean orig accuracy 0.6815 | Clean purify accuracy 0.6593 | Adv orig accuracy: 0.0000 | Adv purify accuracy: 0.8347
2025-07-10 20:08:20,116 - ADV_Generation_eps_4.0_steps_100_Purification_type_noisy_anchor_anchors_10_alpha_1.2_sigma_0.12_threshold_0.0 - INFO - Batch:[31] Adversarial images for this batch already exist
2025-07-10 20:08:24,044 - ADV_Generation_eps_4.0_steps_100_Purification_type_noisy_anchor_anchors_10_alpha_1.2_sigma_0.12_threshold_0.0 - INFO - Batch 32/154: Clean orig accuracy 0.6914 | Clean purify accuracy 0.6680 | Adv orig accuracy: 0.0000 | Adv purify accuracy: 0.8398
2025-07-10 20:08:24,054 - ADV_Generation_eps_4.0_steps_100_Purification_type_noisy_anchor_anchors_10_alpha_1.2_sigma_0.12_threshold_0.0 - INFO - Batch:[32] Adversarial images for this batch already exist
2025-07-10 20:08:27,931 - ADV_Generation_eps_4.0_steps_100_Purification_type_noisy_anchor_anchors_10_alpha_1.2_sigma_0.12_threshold_0.0 - INFO - Batch 33/154: Clean orig accuracy 0.7008 | Clean purify accuracy 0.6780 | Adv orig accuracy: 0.0000 | Adv purify accuracy: 0.8447
2025-07-10 20:08:27,942 - ADV_Generation_eps_4.0_steps_100_Purification_type_noisy_anchor_anchors_10_alpha_1.2_sigma_0.12_threshold_0.0 - INFO - Batch:[33] Adversarial images for this batch already exist
2025-07-10 20:08:31,781 - ADV_Generation_eps_4.0_steps_100_Purification_type_noisy_anchor_anchors_10_alpha_1.2_sigma_0.12_threshold_0.0 - INFO - Batch 34/154: Clean orig accuracy 0.7096 | Clean purify accuracy 0.6857 | Adv orig accuracy: 0.0000 | Adv purify accuracy: 0.8493
2025-07-10 20:08:31,792 - ADV_Generation_eps_4.0_steps_100_Purification_type_noisy_anchor_anchors_10_alpha_1.2_sigma_0.12_threshold_0.0 - INFO - Batch:[34] Adversarial images for this batch already exist
2025-07-10 20:08:35,676 - ADV_Generation_eps_4.0_steps_100_Purification_type_noisy_anchor_anchors_10_alpha_1.2_sigma_0.12_threshold_0.0 - INFO - Batch 35/154: Clean orig accuracy 0.7161 | Clean purify accuracy 0.6929 | Adv orig accuracy: 0.0000 | Adv purify accuracy: 0.8536
2025-07-10 20:08:35,696 - ADV_Generation_eps_4.0_steps_100_Purification_type_noisy_anchor_anchors_10_alpha_1.2_sigma_0.12_threshold_0.0 - INFO - Batch:[35] Adversarial images for this batch already exist
2025-07-10 20:08:39,570 - ADV_Generation_eps_4.0_steps_100_Purification_type_noisy_anchor_anchors_10_alpha_1.2_sigma_0.12_threshold_0.0 - INFO - Batch 36/154: Clean orig accuracy 0.7222 | Clean purify accuracy 0.6997 | Adv orig accuracy: 0.0000 | Adv purify accuracy: 0.8576
2025-07-10 20:08:39,625 - ADV_Generation_eps_4.0_steps_100_Purification_type_noisy_anchor_anchors_10_alpha_1.2_sigma_0.12_threshold_0.0 - INFO - Batch:[36] Adversarial images for this batch already exist
2025-07-10 20:08:43,605 - ADV_Generation_eps_4.0_steps_100_Purification_type_noisy_anchor_anchors_10_alpha_1.2_sigma_0.12_threshold_0.0 - INFO - Batch 37/154: Clean orig accuracy 0.7280 | Clean purify accuracy 0.7078 | Adv orig accuracy: 0.0000 | Adv purify accuracy: 0.8615
2025-07-10 20:08:43,615 - ADV_Generation_eps_4.0_steps_100_Purification_type_noisy_anchor_anchors_10_alpha_1.2_sigma_0.12_threshold_0.0 - INFO - Batch:[37] Adversarial images for this batch already exist
2025-07-10 20:08:47,390 - ADV_Generation_eps_4.0_steps_100_Purification_type_noisy_anchor_anchors_10_alpha_1.2_sigma_0.12_threshold_0.0 - INFO - Batch 38/154: Clean orig accuracy 0.7352 | Clean purify accuracy 0.7138 | Adv orig accuracy: 0.0000 | Adv purify accuracy: 0.8651
2025-07-10 20:08:47,404 - ADV_Generation_eps_4.0_steps_100_Purification_type_noisy_anchor_anchors_10_alpha_1.2_sigma_0.12_threshold_0.0 - INFO - Batch:[38] Adversarial images for this batch already exist
2025-07-10 20:08:51,253 - ADV_Generation_eps_4.0_steps_100_Purification_type_noisy_anchor_anchors_10_alpha_1.2_sigma_0.12_threshold_0.0 - INFO - Batch 39/154: Clean orig accuracy 0.7420 | Clean purify accuracy 0.7196 | Adv orig accuracy: 0.0000 | Adv purify accuracy: 0.8686
2025-07-10 20:08:51,269 - ADV_Generation_eps_4.0_steps_100_Purification_type_noisy_anchor_anchors_10_alpha_1.2_sigma_0.12_threshold_0.0 - INFO - Batch:[39] Adversarial images for this batch already exist
2025-07-10 20:08:55,252 - ADV_Generation_eps_4.0_steps_100_Purification_type_noisy_anchor_anchors_10_alpha_1.2_sigma_0.12_threshold_0.0 - INFO - Batch 40/154: Clean orig accuracy 0.7484 | Clean purify accuracy 0.7266 | Adv orig accuracy: 0.0000 | Adv purify accuracy: 0.8719
2025-07-10 20:08:55,264 - ADV_Generation_eps_4.0_steps_100_Purification_type_noisy_anchor_anchors_10_alpha_1.2_sigma_0.12_threshold_0.0 - INFO - Batch:[40] Adversarial images for this batch already exist
2025-07-10 20:08:59,213 - ADV_Generation_eps_4.0_steps_100_Purification_type_noisy_anchor_anchors_10_alpha_1.2_sigma_0.12_threshold_0.0 - INFO - Batch 41/154: Clean orig accuracy 0.7439 | Clean purify accuracy 0.7180 | Adv orig accuracy: 0.0000 | Adv purify accuracy: 0.8735
2025-07-10 20:08:59,224 - ADV_Generation_eps_4.0_steps_100_Purification_type_noisy_anchor_anchors_10_alpha_1.2_sigma_0.12_threshold_0.0 - INFO - Batch:[41] Adversarial images for this batch already exist
2025-07-10 20:09:03,066 - ADV_Generation_eps_4.0_steps_100_Purification_type_noisy_anchor_anchors_10_alpha_1.2_sigma_0.12_threshold_0.0 - INFO - Batch 42/154: Clean orig accuracy 0.7321 | Clean purify accuracy 0.7054 | Adv orig accuracy: 0.0000 | Adv purify accuracy: 0.8765
2025-07-10 20:09:03,095 - ADV_Generation_eps_4.0_steps_100_Purification_type_noisy_anchor_anchors_10_alpha_1.2_sigma_0.12_threshold_0.0 - INFO - Batch:[42] Adversarial images for this batch already exist
2025-07-10 20:09:07,074 - ADV_Generation_eps_4.0_steps_100_Purification_type_noisy_anchor_anchors_10_alpha_1.2_sigma_0.12_threshold_0.0 - INFO - Batch 43/154: Clean orig accuracy 0.7267 | Clean purify accuracy 0.6991 | Adv orig accuracy: 0.0000 | Adv purify accuracy: 0.8765
2025-07-10 20:09:07,086 - ADV_Generation_eps_4.0_steps_100_Purification_type_noisy_anchor_anchors_10_alpha_1.2_sigma_0.12_threshold_0.0 - INFO - Batch:[43] Adversarial images for this batch already exist
2025-07-10 20:09:10,994 - ADV_Generation_eps_4.0_steps_100_Purification_type_noisy_anchor_anchors_10_alpha_1.2_sigma_0.12_threshold_0.0 - INFO - Batch 44/154: Clean orig accuracy 0.7330 | Clean purify accuracy 0.7045 | Adv orig accuracy: 0.0000 | Adv purify accuracy: 0.8793
2025-07-10 20:09:11,004 - ADV_Generation_eps_4.0_steps_100_Purification_type_noisy_anchor_anchors_10_alpha_1.2_sigma_0.12_threshold_0.0 - INFO - Batch:[44] Adversarial images for this batch already exist
2025-07-10 20:09:14,901 - ADV_Generation_eps_4.0_steps_100_Purification_type_noisy_anchor_anchors_10_alpha_1.2_sigma_0.12_threshold_0.0 - INFO - Batch 45/154: Clean orig accuracy 0.7389 | Clean purify accuracy 0.7097 | Adv orig accuracy: 0.0000 | Adv purify accuracy: 0.8819
2025-07-10 20:09:14,911 - ADV_Generation_eps_4.0_steps_100_Purification_type_noisy_anchor_anchors_10_alpha_1.2_sigma_0.12_threshold_0.0 - INFO - Batch:[45] Adversarial images for this batch already exist
2025-07-10 20:09:18,777 - ADV_Generation_eps_4.0_steps_100_Purification_type_noisy_anchor_anchors_10_alpha_1.2_sigma_0.12_threshold_0.0 - INFO - Batch 46/154: Clean orig accuracy 0.7228 | Clean purify accuracy 0.6943 | Adv orig accuracy: 0.0000 | Adv purify accuracy: 0.8696
2025-07-10 20:09:18,787 - ADV_Generation_eps_4.0_steps_100_Purification_type_noisy_anchor_anchors_10_alpha_1.2_sigma_0.12_threshold_0.0 - INFO - Batch:[46] Adversarial images for this batch already exist
2025-07-10 20:09:22,634 - ADV_Generation_eps_4.0_steps_100_Purification_type_noisy_anchor_anchors_10_alpha_1.2_sigma_0.12_threshold_0.0 - INFO - Batch 47/154: Clean orig accuracy 0.7074 | Clean purify accuracy 0.6795 | Adv orig accuracy: 0.0000 | Adv purify accuracy: 0.8551
2025-07-10 20:09:22,680 - ADV_Generation_eps_4.0_steps_100_Purification_type_noisy_anchor_anchors_10_alpha_1.2_sigma_0.12_threshold_0.0 - INFO - Batch:[47] Adversarial images for this batch already exist
2025-07-10 20:09:26,626 - ADV_Generation_eps_4.0_steps_100_Purification_type_noisy_anchor_anchors_10_alpha_1.2_sigma_0.12_threshold_0.0 - INFO - Batch 48/154: Clean orig accuracy 0.7031 | Clean purify accuracy 0.6732 | Adv orig accuracy: 0.0000 | Adv purify accuracy: 0.8503
2025-07-10 20:09:26,637 - ADV_Generation_eps_4.0_steps_100_Purification_type_noisy_anchor_anchors_10_alpha_1.2_sigma_0.12_threshold_0.0 - INFO - Batch:[48] Adversarial images for this batch already exist
2025-07-10 20:09:30,507 - ADV_Generation_eps_4.0_steps_100_Purification_type_noisy_anchor_anchors_10_alpha_1.2_sigma_0.12_threshold_0.0 - INFO - Batch 49/154: Clean orig accuracy 0.7079 | Clean purify accuracy 0.6735 | Adv orig accuracy: 0.0000 | Adv purify accuracy: 0.8533
2025-07-10 20:09:30,518 - ADV_Generation_eps_4.0_steps_100_Purification_type_noisy_anchor_anchors_10_alpha_1.2_sigma_0.12_threshold_0.0 - INFO - Batch:[49] Adversarial images for this batch already exist
2025-07-10 20:09:34,432 - ADV_Generation_eps_4.0_steps_100_Purification_type_noisy_anchor_anchors_10_alpha_1.2_sigma_0.12_threshold_0.0 - INFO - Batch 50/154: Clean orig accuracy 0.7113 | Clean purify accuracy 0.6700 | Adv orig accuracy: 0.0000 | Adv purify accuracy: 0.8550
2025-07-10 20:09:34,443 - ADV_Generation_eps_4.0_steps_100_Purification_type_noisy_anchor_anchors_10_alpha_1.2_sigma_0.12_threshold_0.0 - INFO - Batch:[50] Adversarial images for this batch already exist
2025-07-10 20:09:38,346 - ADV_Generation_eps_4.0_steps_100_Purification_type_noisy_anchor_anchors_10_alpha_1.2_sigma_0.12_threshold_0.0 - INFO - Batch 51/154: Clean orig accuracy 0.7169 | Clean purify accuracy 0.6740 | Adv orig accuracy: 0.0000 | Adv purify accuracy: 0.8578
2025-07-10 20:09:38,364 - ADV_Generation_eps_4.0_steps_100_Purification_type_noisy_anchor_anchors_10_alpha_1.2_sigma_0.12_threshold_0.0 - INFO - Batch:[51] Adversarial images for this batch already exist
2025-07-10 20:09:42,304 - ADV_Generation_eps_4.0_steps_100_Purification_type_noisy_anchor_anchors_10_alpha_1.2_sigma_0.12_threshold_0.0 - INFO - Batch 52/154: Clean orig accuracy 0.7103 | Clean purify accuracy 0.6791 | Adv orig accuracy: 0.0000 | Adv purify accuracy: 0.8606
2025-07-10 20:09:42,314 - ADV_Generation_eps_4.0_steps_100_Purification_type_noisy_anchor_anchors_10_alpha_1.2_sigma_0.12_threshold_0.0 - INFO - Batch:[52] Adversarial images for this batch already exist
2025-07-10 20:09:46,238 - ADV_Generation_eps_4.0_steps_100_Purification_type_noisy_anchor_anchors_10_alpha_1.2_sigma_0.12_threshold_0.0 - INFO - Batch 53/154: Clean orig accuracy 0.7075 | Clean purify accuracy 0.6840 | Adv orig accuracy: 0.0000 | Adv purify accuracy: 0.8632
2025-07-10 20:09:46,249 - ADV_Generation_eps_4.0_steps_100_Purification_type_noisy_anchor_anchors_10_alpha_1.2_sigma_0.12_threshold_0.0 - INFO - Batch:[53] Adversarial images for this batch already exist
2025-07-10 20:09:50,222 - ADV_Generation_eps_4.0_steps_100_Purification_type_noisy_anchor_anchors_10_alpha_1.2_sigma_0.12_threshold_0.0 - INFO - Batch 54/154: Clean orig accuracy 0.6956 | Clean purify accuracy 0.6748 | Adv orig accuracy: 0.0000 | Adv purify accuracy: 0.8507
2025-07-10 20:09:50,232 - ADV_Generation_eps_4.0_steps_100_Purification_type_noisy_anchor_anchors_10_alpha_1.2_sigma_0.12_threshold_0.0 - INFO - Batch:[54] Adversarial images for this batch already exist
2025-07-10 20:09:54,100 - ADV_Generation_eps_4.0_steps_100_Purification_type_noisy_anchor_anchors_10_alpha_1.2_sigma_0.12_threshold_0.0 - INFO - Batch 55/154: Clean orig accuracy 0.6830 | Clean purify accuracy 0.6625 | Adv orig accuracy: 0.0000 | Adv purify accuracy: 0.8352
2025-07-10 20:09:54,110 - ADV_Generation_eps_4.0_steps_100_Purification_type_noisy_anchor_anchors_10_alpha_1.2_sigma_0.12_threshold_0.0 - INFO - Batch:[55] Adversarial images for this batch already exist
2025-07-10 20:09:57,982 - ADV_Generation_eps_4.0_steps_100_Purification_type_noisy_anchor_anchors_10_alpha_1.2_sigma_0.12_threshold_0.0 - INFO - Batch 56/154: Clean orig accuracy 0.6775 | Clean purify accuracy 0.6529 | Adv orig accuracy: 0.0000 | Adv purify accuracy: 0.8292
2025-07-10 20:09:57,992 - ADV_Generation_eps_4.0_steps_100_Purification_type_noisy_anchor_anchors_10_alpha_1.2_sigma_0.12_threshold_0.0 - INFO - Batch:[56] Adversarial images for this batch already exist
2025-07-10 20:10:01,867 - ADV_Generation_eps_4.0_steps_100_Purification_type_noisy_anchor_anchors_10_alpha_1.2_sigma_0.12_threshold_0.0 - INFO - Batch 57/154: Clean orig accuracy 0.6743 | Clean purify accuracy 0.6535 | Adv orig accuracy: 0.0000 | Adv purify accuracy: 0.8322
2025-07-10 20:10:01,878 - ADV_Generation_eps_4.0_steps_100_Purification_type_noisy_anchor_anchors_10_alpha_1.2_sigma_0.12_threshold_0.0 - INFO - Batch:[57] Adversarial images for this batch already exist
2025-07-10 20:10:05,771 - ADV_Generation_eps_4.0_steps_100_Purification_type_noisy_anchor_anchors_10_alpha_1.2_sigma_0.12_threshold_0.0 - INFO - Batch 58/154: Clean orig accuracy 0.6756 | Clean purify accuracy 0.6584 | Adv orig accuracy: 0.0000 | Adv purify accuracy: 0.8351
2025-07-10 20:10:05,781 - ADV_Generation_eps_4.0_steps_100_Purification_type_noisy_anchor_anchors_10_alpha_1.2_sigma_0.12_threshold_0.0 - INFO - Batch:[58] Adversarial images for this batch already exist
2025-07-10 20:10:09,656 - ADV_Generation_eps_4.0_steps_100_Purification_type_noisy_anchor_anchors_10_alpha_1.2_sigma_0.12_threshold_0.0 - INFO - Batch 59/154: Clean orig accuracy 0.6769 | Clean purify accuracy 0.6642 | Adv orig accuracy: 0.0000 | Adv purify accuracy: 0.8379
2025-07-10 20:10:09,667 - ADV_Generation_eps_4.0_steps_100_Purification_type_noisy_anchor_anchors_10_alpha_1.2_sigma_0.12_threshold_0.0 - INFO - Batch:[59] Adversarial images for this batch already exist
2025-07-10 20:10:13,601 - ADV_Generation_eps_4.0_steps_100_Purification_type_noisy_anchor_anchors_10_alpha_1.2_sigma_0.12_threshold_0.0 - INFO - Batch 60/154: Clean orig accuracy 0.6823 | Clean purify accuracy 0.6698 | Adv orig accuracy: 0.0000 | Adv purify accuracy: 0.8406
2025-07-10 20:10:13,612 - ADV_Generation_eps_4.0_steps_100_Purification_type_noisy_anchor_anchors_10_alpha_1.2_sigma_0.12_threshold_0.0 - INFO - Batch:[60] Adversarial images for this batch already exist
2025-07-10 20:10:17,540 - ADV_Generation_eps_4.0_steps_100_Purification_type_noisy_anchor_anchors_10_alpha_1.2_sigma_0.12_threshold_0.0 - INFO - Batch 61/154: Clean orig accuracy 0.6875 | Clean purify accuracy 0.6742 | Adv orig accuracy: 0.0000 | Adv purify accuracy: 0.8432
2025-07-10 20:10:17,550 - ADV_Generation_eps_4.0_steps_100_Purification_type_noisy_anchor_anchors_10_alpha_1.2_sigma_0.12_threshold_0.0 - INFO - Batch:[61] Adversarial images for this batch already exist
2025-07-10 20:10:21,442 - ADV_Generation_eps_4.0_steps_100_Purification_type_noisy_anchor_anchors_10_alpha_1.2_sigma_0.12_threshold_0.0 - INFO - Batch 62/154: Clean orig accuracy 0.6925 | Clean purify accuracy 0.6774 | Adv orig accuracy: 0.0000 | Adv purify accuracy: 0.8458
2025-07-10 20:10:21,453 - ADV_Generation_eps_4.0_steps_100_Purification_type_noisy_anchor_anchors_10_alpha_1.2_sigma_0.12_threshold_0.0 - INFO - Batch:[62] Adversarial images for this batch already exist
2025-07-10 20:10:25,369 - ADV_Generation_eps_4.0_steps_100_Purification_type_noisy_anchor_anchors_10_alpha_1.2_sigma_0.12_threshold_0.0 - INFO - Batch 63/154: Clean orig accuracy 0.6964 | Clean purify accuracy 0.6825 | Adv orig accuracy: 0.0000 | Adv purify accuracy: 0.8482
2025-07-10 20:10:25,379 - ADV_Generation_eps_4.0_steps_100_Purification_type_noisy_anchor_anchors_10_alpha_1.2_sigma_0.12_threshold_0.0 - INFO - Batch:[63] Adversarial images for this batch already exist
2025-07-10 20:10:29,248 - ADV_Generation_eps_4.0_steps_100_Purification_type_noisy_anchor_anchors_10_alpha_1.2_sigma_0.12_threshold_0.0 - INFO - Batch 64/154: Clean orig accuracy 0.7012 | Clean purify accuracy 0.6865 | Adv orig accuracy: 0.0000 | Adv purify accuracy: 0.8506
2025-07-10 20:10:29,260 - ADV_Generation_eps_4.0_steps_100_Purification_type_noisy_anchor_anchors_10_alpha_1.2_sigma_0.12_threshold_0.0 - INFO - Batch:[64] Adversarial images for this batch already exist
2025-07-10 20:10:33,104 - ADV_Generation_eps_4.0_steps_100_Purification_type_noisy_anchor_anchors_10_alpha_1.2_sigma_0.12_threshold_0.0 - INFO - Batch 65/154: Clean orig accuracy 0.7058 | Clean purify accuracy 0.6913 | Adv orig accuracy: 0.0000 | Adv purify accuracy: 0.8529
2025-07-10 20:10:33,116 - ADV_Generation_eps_4.0_steps_100_Purification_type_noisy_anchor_anchors_10_alpha_1.2_sigma_0.12_threshold_0.0 - INFO - Batch:[65] Adversarial images for this batch already exist
2025-07-10 20:10:36,965 - ADV_Generation_eps_4.0_steps_100_Purification_type_noisy_anchor_anchors_10_alpha_1.2_sigma_0.12_threshold_0.0 - INFO - Batch 66/154: Clean orig accuracy 0.7093 | Clean purify accuracy 0.6951 | Adv orig accuracy: 0.0000 | Adv purify accuracy: 0.8542
2025-07-10 20:10:36,976 - ADV_Generation_eps_4.0_steps_100_Purification_type_noisy_anchor_anchors_10_alpha_1.2_sigma_0.12_threshold_0.0 - INFO - Batch:[66] Adversarial images for this batch already exist
2025-07-10 20:10:40,830 - ADV_Generation_eps_4.0_steps_100_Purification_type_noisy_anchor_anchors_10_alpha_1.2_sigma_0.12_threshold_0.0 - INFO - Batch 67/154: Clean orig accuracy 0.7108 | Clean purify accuracy 0.6922 | Adv orig accuracy: 0.0000 | Adv purify accuracy: 0.8545
2025-07-10 20:10:40,840 - ADV_Generation_eps_4.0_steps_100_Purification_type_noisy_anchor_anchors_10_alpha_1.2_sigma_0.12_threshold_0.0 - INFO - Batch:[67] Adversarial images for this batch already exist
2025-07-10 20:10:44,709 - ADV_Generation_eps_4.0_steps_100_Purification_type_noisy_anchor_anchors_10_alpha_1.2_sigma_0.12_threshold_0.0 - INFO - Batch 68/154: Clean orig accuracy 0.7059 | Clean purify accuracy 0.6847 | Adv orig accuracy: 0.0000 | Adv purify accuracy: 0.8566
2025-07-10 20:10:44,719 - ADV_Generation_eps_4.0_steps_100_Purification_type_noisy_anchor_anchors_10_alpha_1.2_sigma_0.12_threshold_0.0 - INFO - Batch:[68] Adversarial images for this batch already exist
2025-07-10 20:10:48,634 - ADV_Generation_eps_4.0_steps_100_Purification_type_noisy_anchor_anchors_10_alpha_1.2_sigma_0.12_threshold_0.0 - INFO - Batch 69/154: Clean orig accuracy 0.7101 | Clean purify accuracy 0.6884 | Adv orig accuracy: 0.0000 | Adv purify accuracy: 0.8587
2025-07-10 20:10:48,644 - ADV_Generation_eps_4.0_steps_100_Purification_type_noisy_anchor_anchors_10_alpha_1.2_sigma_0.12_threshold_0.0 - INFO - Batch:[69] Adversarial images for this batch already exist
2025-07-10 20:10:52,519 - ADV_Generation_eps_4.0_steps_100_Purification_type_noisy_anchor_anchors_10_alpha_1.2_sigma_0.12_threshold_0.0 - INFO - Batch 70/154: Clean orig accuracy 0.7143 | Clean purify accuracy 0.6902 | Adv orig accuracy: 0.0000 | Adv purify accuracy: 0.8598
2025-07-10 20:10:52,529 - ADV_Generation_eps_4.0_steps_100_Purification_type_noisy_anchor_anchors_10_alpha_1.2_sigma_0.12_threshold_0.0 - INFO - Batch:[70] Adversarial images for this batch already exist
2025-07-10 20:10:56,372 - ADV_Generation_eps_4.0_steps_100_Purification_type_noisy_anchor_anchors_10_alpha_1.2_sigma_0.12_threshold_0.0 - INFO - Batch 71/154: Clean orig accuracy 0.7165 | Clean purify accuracy 0.6910 | Adv orig accuracy: 0.0000 | Adv purify accuracy: 0.8618
2025-07-10 20:10:56,382 - ADV_Generation_eps_4.0_steps_100_Purification_type_noisy_anchor_anchors_10_alpha_1.2_sigma_0.12_threshold_0.0 - INFO - Batch:[71] Adversarial images for this batch already exist
2025-07-10 20:11:00,219 - ADV_Generation_eps_4.0_steps_100_Purification_type_noisy_anchor_anchors_10_alpha_1.2_sigma_0.12_threshold_0.0 - INFO - Batch 72/154: Clean orig accuracy 0.7153 | Clean purify accuracy 0.6901 | Adv orig accuracy: 0.0000 | Adv purify accuracy: 0.8594
2025-07-10 20:11:00,231 - ADV_Generation_eps_4.0_steps_100_Purification_type_noisy_anchor_anchors_10_alpha_1.2_sigma_0.12_threshold_0.0 - INFO - Batch:[72] Adversarial images for this batch already exist
2025-07-10 20:11:04,218 - ADV_Generation_eps_4.0_steps_100_Purification_type_noisy_anchor_anchors_10_alpha_1.2_sigma_0.12_threshold_0.0 - INFO - Batch 73/154: Clean orig accuracy 0.7055 | Clean purify accuracy 0.6807 | Adv orig accuracy: 0.0000 | Adv purify accuracy: 0.8536
2025-07-10 20:11:04,228 - ADV_Generation_eps_4.0_steps_100_Purification_type_noisy_anchor_anchors_10_alpha_1.2_sigma_0.12_threshold_0.0 - INFO - Batch:[73] Adversarial images for this batch already exist
2025-07-10 20:11:08,089 - ADV_Generation_eps_4.0_steps_100_Purification_type_noisy_anchor_anchors_10_alpha_1.2_sigma_0.12_threshold_0.0 - INFO - Batch 74/154: Clean orig accuracy 0.7002 | Clean purify accuracy 0.6757 | Adv orig accuracy: 0.0000 | Adv purify accuracy: 0.8463
2025-07-10 20:11:08,099 - ADV_Generation_eps_4.0_steps_100_Purification_type_noisy_anchor_anchors_10_alpha_1.2_sigma_0.12_threshold_0.0 - INFO - Batch:[74] Adversarial images for this batch already exist
2025-07-10 20:11:11,970 - ADV_Generation_eps_4.0_steps_100_Purification_type_noisy_anchor_anchors_10_alpha_1.2_sigma_0.12_threshold_0.0 - INFO - Batch 75/154: Clean orig accuracy 0.7042 | Clean purify accuracy 0.6800 | Adv orig accuracy: 0.0000 | Adv purify accuracy: 0.8483
2025-07-10 20:11:11,980 - ADV_Generation_eps_4.0_steps_100_Purification_type_noisy_anchor_anchors_10_alpha_1.2_sigma_0.12_threshold_0.0 - INFO - Batch:[75] Adversarial images for this batch already exist
2025-07-10 20:11:15,820 - ADV_Generation_eps_4.0_steps_100_Purification_type_noisy_anchor_anchors_10_alpha_1.2_sigma_0.12_threshold_0.0 - INFO - Batch 76/154: Clean orig accuracy 0.7072 | Clean purify accuracy 0.6809 | Adv orig accuracy: 0.0000 | Adv purify accuracy: 0.8503
2025-07-10 20:11:15,830 - ADV_Generation_eps_4.0_steps_100_Purification_type_noisy_anchor_anchors_10_alpha_1.2_sigma_0.12_threshold_0.0 - INFO - Batch:[76] Adversarial images for this batch already exist
2025-07-10 20:11:19,731 - ADV_Generation_eps_4.0_steps_100_Purification_type_noisy_anchor_anchors_10_alpha_1.2_sigma_0.12_threshold_0.0 - INFO - Batch 77/154: Clean orig accuracy 0.7070 | Clean purify accuracy 0.6769 | Adv orig accuracy: 0.0000 | Adv purify accuracy: 0.8523
2025-07-10 20:11:19,741 - ADV_Generation_eps_4.0_steps_100_Purification_type_noisy_anchor_anchors_10_alpha_1.2_sigma_0.12_threshold_0.0 - INFO - Batch:[77] Adversarial images for this batch already exist
2025-07-10 20:11:23,584 - ADV_Generation_eps_4.0_steps_100_Purification_type_noisy_anchor_anchors_10_alpha_1.2_sigma_0.12_threshold_0.0 - INFO - Batch 78/154: Clean orig accuracy 0.7107 | Clean purify accuracy 0.6747 | Adv orig accuracy: 0.0000 | Adv purify accuracy: 0.8534
2025-07-10 20:11:23,594 - ADV_Generation_eps_4.0_steps_100_Purification_type_noisy_anchor_anchors_10_alpha_1.2_sigma_0.12_threshold_0.0 - INFO - Batch:[78] Adversarial images for this batch already exist
2025-07-10 20:11:27,548 - ADV_Generation_eps_4.0_steps_100_Purification_type_noisy_anchor_anchors_10_alpha_1.2_sigma_0.12_threshold_0.0 - INFO - Batch 79/154: Clean orig accuracy 0.7144 | Clean purify accuracy 0.6741 | Adv orig accuracy: 0.0000 | Adv purify accuracy: 0.8552
2025-07-10 20:11:27,558 - ADV_Generation_eps_4.0_steps_100_Purification_type_noisy_anchor_anchors_10_alpha_1.2_sigma_0.12_threshold_0.0 - INFO - Batch:[79] Adversarial images for this batch already exist
2025-07-10 20:11:31,315 - ADV_Generation_eps_4.0_steps_100_Purification_type_noisy_anchor_anchors_10_alpha_1.2_sigma_0.12_threshold_0.0 - INFO - Batch 80/154: Clean orig accuracy 0.7180 | Clean purify accuracy 0.6758 | Adv orig accuracy: 0.0000 | Adv purify accuracy: 0.8570
2025-07-10 20:11:31,325 - ADV_Generation_eps_4.0_steps_100_Purification_type_noisy_anchor_anchors_10_alpha_1.2_sigma_0.12_threshold_0.0 - INFO - Batch:[80] Adversarial images for this batch already exist
2025-07-10 20:11:35,189 - ADV_Generation_eps_4.0_steps_100_Purification_type_noisy_anchor_anchors_10_alpha_1.2_sigma_0.12_threshold_0.0 - INFO - Batch 81/154: Clean orig accuracy 0.7215 | Clean purify accuracy 0.6775 | Adv orig accuracy: 0.0000 | Adv purify accuracy: 0.8588
2025-07-10 20:11:35,199 - ADV_Generation_eps_4.0_steps_100_Purification_type_noisy_anchor_anchors_10_alpha_1.2_sigma_0.12_threshold_0.0 - INFO - Batch:[81] Adversarial images for this batch already exist
2025-07-10 20:11:39,147 - ADV_Generation_eps_4.0_steps_100_Purification_type_noisy_anchor_anchors_10_alpha_1.2_sigma_0.12_threshold_0.0 - INFO - Batch 82/154: Clean orig accuracy 0.7248 | Clean purify accuracy 0.6799 | Adv orig accuracy: 0.0000 | Adv purify accuracy: 0.8605
2025-07-10 20:11:39,168 - ADV_Generation_eps_4.0_steps_100_Purification_type_noisy_anchor_anchors_10_alpha_1.2_sigma_0.12_threshold_0.0 - INFO - Batch:[82] Adversarial images for this batch already exist
2025-07-10 20:11:42,998 - ADV_Generation_eps_4.0_steps_100_Purification_type_noisy_anchor_anchors_10_alpha_1.2_sigma_0.12_threshold_0.0 - INFO - Batch 83/154: Clean orig accuracy 0.7282 | Clean purify accuracy 0.6830 | Adv orig accuracy: 0.0000 | Adv purify accuracy: 0.8622
2025-07-10 20:11:43,008 - ADV_Generation_eps_4.0_steps_100_Purification_type_noisy_anchor_anchors_10_alpha_1.2_sigma_0.12_threshold_0.0 - INFO - Batch:[83] Adversarial images for this batch already exist
2025-07-10 20:11:46,880 - ADV_Generation_eps_4.0_steps_100_Purification_type_noisy_anchor_anchors_10_alpha_1.2_sigma_0.12_threshold_0.0 - INFO - Batch 84/154: Clean orig accuracy 0.7307 | Clean purify accuracy 0.6830 | Adv orig accuracy: 0.0000 | Adv purify accuracy: 0.8638
2025-07-10 20:11:46,890 - ADV_Generation_eps_4.0_steps_100_Purification_type_noisy_anchor_anchors_10_alpha_1.2_sigma_0.12_threshold_0.0 - INFO - Batch:[84] Adversarial images for this batch already exist
2025-07-10 20:11:50,764 - ADV_Generation_eps_4.0_steps_100_Purification_type_noisy_anchor_anchors_10_alpha_1.2_sigma_0.12_threshold_0.0 - INFO - Batch 85/154: Clean orig accuracy 0.7338 | Clean purify accuracy 0.6838 | Adv orig accuracy: 0.0000 | Adv purify accuracy: 0.8654
2025-07-10 20:11:50,774 - ADV_Generation_eps_4.0_steps_100_Purification_type_noisy_anchor_anchors_10_alpha_1.2_sigma_0.12_threshold_0.0 - INFO - Batch:[85] Adversarial images for this batch already exist
2025-07-10 20:11:54,634 - ADV_Generation_eps_4.0_steps_100_Purification_type_noisy_anchor_anchors_10_alpha_1.2_sigma_0.12_threshold_0.0 - INFO - Batch 86/154: Clean orig accuracy 0.7355 | Clean purify accuracy 0.6846 | Adv orig accuracy: 0.0000 | Adv purify accuracy: 0.8670
2025-07-10 20:11:54,644 - ADV_Generation_eps_4.0_steps_100_Purification_type_noisy_anchor_anchors_10_alpha_1.2_sigma_0.12_threshold_0.0 - INFO - Batch:[86] Adversarial images for this batch already exist
2025-07-10 20:11:58,515 - ADV_Generation_eps_4.0_steps_100_Purification_type_noisy_anchor_anchors_10_alpha_1.2_sigma_0.12_threshold_0.0 - INFO - Batch 87/154: Clean orig accuracy 0.7385 | Clean purify accuracy 0.6861 | Adv orig accuracy: 0.0000 | Adv purify accuracy: 0.8678
2025-07-10 20:11:58,526 - ADV_Generation_eps_4.0_steps_100_Purification_type_noisy_anchor_anchors_10_alpha_1.2_sigma_0.12_threshold_0.0 - INFO - Batch:[87] Adversarial images for this batch already exist
2025-07-10 20:12:02,387 - ADV_Generation_eps_4.0_steps_100_Purification_type_noisy_anchor_anchors_10_alpha_1.2_sigma_0.12_threshold_0.0 - INFO - Batch 88/154: Clean orig accuracy 0.7401 | Clean purify accuracy 0.6847 | Adv orig accuracy: 0.0000 | Adv purify accuracy: 0.8686
2025-07-10 20:12:02,398 - ADV_Generation_eps_4.0_steps_100_Purification_type_noisy_anchor_anchors_10_alpha_1.2_sigma_0.12_threshold_0.0 - INFO - Batch:[88] Adversarial images for this batch already exist
2025-07-10 20:12:06,302 - ADV_Generation_eps_4.0_steps_100_Purification_type_noisy_anchor_anchors_10_alpha_1.2_sigma_0.12_threshold_0.0 - INFO - Batch 89/154: Clean orig accuracy 0.7360 | Clean purify accuracy 0.6784 | Adv orig accuracy: 0.0000 | Adv purify accuracy: 0.8659
2025-07-10 20:12:06,339 - ADV_Generation_eps_4.0_steps_100_Purification_type_noisy_anchor_anchors_10_alpha_1.2_sigma_0.12_threshold_0.0 - INFO - Batch:[89] Adversarial images for this batch already exist
2025-07-10 20:12:10,267 - ADV_Generation_eps_4.0_steps_100_Purification_type_noisy_anchor_anchors_10_alpha_1.2_sigma_0.12_threshold_0.0 - INFO - Batch 90/154: Clean orig accuracy 0.7292 | Clean purify accuracy 0.6715 | Adv orig accuracy: 0.0000 | Adv purify accuracy: 0.8590
2025-07-10 20:12:10,277 - ADV_Generation_eps_4.0_steps_100_Purification_type_noisy_anchor_anchors_10_alpha_1.2_sigma_0.12_threshold_0.0 - INFO - Batch:[90] Adversarial images for this batch already exist
2025-07-10 20:12:14,165 - ADV_Generation_eps_4.0_steps_100_Purification_type_noisy_anchor_anchors_10_alpha_1.2_sigma_0.12_threshold_0.0 - INFO - Batch 91/154: Clean orig accuracy 0.7315 | Clean purify accuracy 0.6696 | Adv orig accuracy: 0.0000 | Adv purify accuracy: 0.8606
2025-07-10 20:12:14,174 - ADV_Generation_eps_4.0_steps_100_Purification_type_noisy_anchor_anchors_10_alpha_1.2_sigma_0.12_threshold_0.0 - INFO - Batch:[91] Adversarial images for this batch already exist
2025-07-10 20:12:18,131 - ADV_Generation_eps_4.0_steps_100_Purification_type_noisy_anchor_anchors_10_alpha_1.2_sigma_0.12_threshold_0.0 - INFO - Batch 92/154: Clean orig accuracy 0.7344 | Clean purify accuracy 0.6726 | Adv orig accuracy: 0.0000 | Adv purify accuracy: 0.8621
2025-07-10 20:12:18,141 - ADV_Generation_eps_4.0_steps_100_Purification_type_noisy_anchor_anchors_10_alpha_1.2_sigma_0.12_threshold_0.0 - INFO - Batch:[92] Adversarial images for this batch already exist
2025-07-10 20:12:22,053 - ADV_Generation_eps_4.0_steps_100_Purification_type_noisy_anchor_anchors_10_alpha_1.2_sigma_0.12_threshold_0.0 - INFO - Batch 93/154: Clean orig accuracy 0.7359 | Clean purify accuracy 0.6741 | Adv orig accuracy: 0.0000 | Adv purify accuracy: 0.8636
2025-07-10 20:12:22,063 - ADV_Generation_eps_4.0_steps_100_Purification_type_noisy_anchor_anchors_10_alpha_1.2_sigma_0.12_threshold_0.0 - INFO - Batch:[93] Adversarial images for this batch already exist
2025-07-10 20:12:26,019 - ADV_Generation_eps_4.0_steps_100_Purification_type_noisy_anchor_anchors_10_alpha_1.2_sigma_0.12_threshold_0.0 - INFO - Batch 94/154: Clean orig accuracy 0.7354 | Clean purify accuracy 0.6735 | Adv orig accuracy: 0.0000 | Adv purify accuracy: 0.8637
2025-07-10 20:12:26,029 - ADV_Generation_eps_4.0_steps_100_Purification_type_noisy_anchor_anchors_10_alpha_1.2_sigma_0.12_threshold_0.0 - INFO - Batch:[94] Adversarial images for this batch already exist
2025-07-10 20:12:29,871 - ADV_Generation_eps_4.0_steps_100_Purification_type_noisy_anchor_anchors_10_alpha_1.2_sigma_0.12_threshold_0.0 - INFO - Batch 95/154: Clean orig accuracy 0.7329 | Clean purify accuracy 0.6757 | Adv orig accuracy: 0.0000 | Adv purify accuracy: 0.8638
2025-07-10 20:12:29,881 - ADV_Generation_eps_4.0_steps_100_Purification_type_noisy_anchor_anchors_10_alpha_1.2_sigma_0.12_threshold_0.0 - INFO - Batch:[95] Adversarial images for this batch already exist
2025-07-10 20:12:33,772 - ADV_Generation_eps_4.0_steps_100_Purification_type_noisy_anchor_anchors_10_alpha_1.2_sigma_0.12_threshold_0.0 - INFO - Batch 96/154: Clean orig accuracy 0.7357 | Clean purify accuracy 0.6738 | Adv orig accuracy: 0.0000 | Adv purify accuracy: 0.8652
2025-07-10 20:12:33,782 - ADV_Generation_eps_4.0_steps_100_Purification_type_noisy_anchor_anchors_10_alpha_1.2_sigma_0.12_threshold_0.0 - INFO - Batch:[96] Adversarial images for this batch already exist
2025-07-10 20:12:37,646 - ADV_Generation_eps_4.0_steps_100_Purification_type_noisy_anchor_anchors_10_alpha_1.2_sigma_0.12_threshold_0.0 - INFO - Batch 97/154: Clean orig accuracy 0.7384 | Clean purify accuracy 0.6753 | Adv orig accuracy: 0.0000 | Adv purify accuracy: 0.8666
2025-07-10 20:12:37,656 - ADV_Generation_eps_4.0_steps_100_Purification_type_noisy_anchor_anchors_10_alpha_1.2_sigma_0.12_threshold_0.0 - INFO - Batch:[97] Adversarial images for this batch already exist
2025-07-10 20:12:41,568 - ADV_Generation_eps_4.0_steps_100_Purification_type_noisy_anchor_anchors_10_alpha_1.2_sigma_0.12_threshold_0.0 - INFO - Batch 98/154: Clean orig accuracy 0.7353 | Clean purify accuracy 0.6709 | Adv orig accuracy: 0.0000 | Adv purify accuracy: 0.8673
2025-07-10 20:12:41,580 - ADV_Generation_eps_4.0_steps_100_Purification_type_noisy_anchor_anchors_10_alpha_1.2_sigma_0.12_threshold_0.0 - INFO - Batch:[98] Adversarial images for this batch already exist
2025-07-10 20:12:45,554 - ADV_Generation_eps_4.0_steps_100_Purification_type_noisy_anchor_anchors_10_alpha_1.2_sigma_0.12_threshold_0.0 - INFO - Batch 99/154: Clean orig accuracy 0.7361 | Clean purify accuracy 0.6698 | Adv orig accuracy: 0.0000 | Adv purify accuracy: 0.8681
2025-07-10 20:12:45,596 - ADV_Generation_eps_4.0_steps_100_Purification_type_noisy_anchor_anchors_10_alpha_1.2_sigma_0.12_threshold_0.0 - INFO - Batch:[99] Adversarial images for this batch already exist
2025-07-10 20:12:49,450 - ADV_Generation_eps_4.0_steps_100_Purification_type_noisy_anchor_anchors_10_alpha_1.2_sigma_0.12_threshold_0.0 - INFO - Batch 100/154: Clean orig accuracy 0.7388 | Clean purify accuracy 0.6694 | Adv orig accuracy: 0.0000 | Adv purify accuracy: 0.8694
2025-07-10 20:12:49,471 - ADV_Generation_eps_4.0_steps_100_Purification_type_noisy_anchor_anchors_10_alpha_1.2_sigma_0.12_threshold_0.0 - INFO - Batch:[100] Adversarial images for this batch already exist
2025-07-10 20:12:53,311 - ADV_Generation_eps_4.0_steps_100_Purification_type_noisy_anchor_anchors_10_alpha_1.2_sigma_0.12_threshold_0.0 - INFO - Batch 101/154: Clean orig accuracy 0.7407 | Clean purify accuracy 0.6658 | Adv orig accuracy: 0.0000 | Adv purify accuracy: 0.8700
2025-07-10 20:12:53,322 - ADV_Generation_eps_4.0_steps_100_Purification_type_noisy_anchor_anchors_10_alpha_1.2_sigma_0.12_threshold_0.0 - INFO - Batch:[101] Adversarial images for this batch already exist
2025-07-10 20:12:57,207 - ADV_Generation_eps_4.0_steps_100_Purification_type_noisy_anchor_anchors_10_alpha_1.2_sigma_0.12_threshold_0.0 - INFO - Batch 102/154: Clean orig accuracy 0.7433 | Clean purify accuracy 0.6673 | Adv orig accuracy: 0.0000 | Adv purify accuracy: 0.8713
2025-07-10 20:12:57,217 - ADV_Generation_eps_4.0_steps_100_Purification_type_noisy_anchor_anchors_10_alpha_1.2_sigma_0.12_threshold_0.0 - INFO - Batch:[102] Adversarial images for this batch already exist
2025-07-10 20:13:01,170 - ADV_Generation_eps_4.0_steps_100_Purification_type_noisy_anchor_anchors_10_alpha_1.2_sigma_0.12_threshold_0.0 - INFO - Batch 103/154: Clean orig accuracy 0.7458 | Clean purify accuracy 0.6687 | Adv orig accuracy: 0.0000 | Adv purify accuracy: 0.8720
2025-07-10 20:13:01,181 - ADV_Generation_eps_4.0_steps_100_Purification_type_noisy_anchor_anchors_10_alpha_1.2_sigma_0.12_threshold_0.0 - INFO - Batch:[103] Adversarial images for this batch already exist
2025-07-10 20:13:05,113 - ADV_Generation_eps_4.0_steps_100_Purification_type_noisy_anchor_anchors_10_alpha_1.2_sigma_0.12_threshold_0.0 - INFO - Batch 104/154: Clean orig accuracy 0.7482 | Clean purify accuracy 0.6713 | Adv orig accuracy: 0.0000 | Adv purify accuracy: 0.8732
2025-07-10 20:13:05,124 - ADV_Generation_eps_4.0_steps_100_Purification_type_noisy_anchor_anchors_10_alpha_1.2_sigma_0.12_threshold_0.0 - INFO - Batch:[104] Adversarial images for this batch already exist
2025-07-10 20:13:09,008 - ADV_Generation_eps_4.0_steps_100_Purification_type_noisy_anchor_anchors_10_alpha_1.2_sigma_0.12_threshold_0.0 - INFO - Batch 105/154: Clean orig accuracy 0.7506 | Clean purify accuracy 0.6744 | Adv orig accuracy: 0.0000 | Adv purify accuracy: 0.8744
2025-07-10 20:13:09,018 - ADV_Generation_eps_4.0_steps_100_Purification_type_noisy_anchor_anchors_10_alpha_1.2_sigma_0.12_threshold_0.0 - INFO - Batch:[105] Adversarial images for this batch already exist
2025-07-10 20:13:13,041 - ADV_Generation_eps_4.0_steps_100_Purification_type_noisy_anchor_anchors_10_alpha_1.2_sigma_0.12_threshold_0.0 - INFO - Batch 106/154: Clean orig accuracy 0.7524 | Clean purify accuracy 0.6775 | Adv orig accuracy: 0.0000 | Adv purify accuracy: 0.8756
2025-07-10 20:13:13,052 - ADV_Generation_eps_4.0_steps_100_Purification_type_noisy_anchor_anchors_10_alpha_1.2_sigma_0.12_threshold_0.0 - INFO - Batch:[106] Adversarial images for this batch already exist
2025-07-10 20:13:16,992 - ADV_Generation_eps_4.0_steps_100_Purification_type_noisy_anchor_anchors_10_alpha_1.2_sigma_0.12_threshold_0.0 - INFO - Batch 107/154: Clean orig accuracy 0.7541 | Clean purify accuracy 0.6752 | Adv orig accuracy: 0.0000 | Adv purify accuracy: 0.8750
2025-07-10 20:13:17,002 - ADV_Generation_eps_4.0_steps_100_Purification_type_noisy_anchor_anchors_10_alpha_1.2_sigma_0.12_threshold_0.0 - INFO - Batch:[107] Adversarial images for this batch already exist
2025-07-10 20:13:20,846 - ADV_Generation_eps_4.0_steps_100_Purification_type_noisy_anchor_anchors_10_alpha_1.2_sigma_0.12_threshold_0.0 - INFO - Batch 108/154: Clean orig accuracy 0.7552 | Clean purify accuracy 0.6771 | Adv orig accuracy: 0.0000 | Adv purify accuracy: 0.8756
2025-07-10 20:13:20,856 - ADV_Generation_eps_4.0_steps_100_Purification_type_noisy_anchor_anchors_10_alpha_1.2_sigma_0.12_threshold_0.0 - INFO - Batch:[108] Adversarial images for this batch already exist
2025-07-10 20:13:24,759 - ADV_Generation_eps_4.0_steps_100_Purification_type_noisy_anchor_anchors_10_alpha_1.2_sigma_0.12_threshold_0.0 - INFO - Batch 109/154: Clean orig accuracy 0.7575 | Clean purify accuracy 0.6766 | Adv orig accuracy: 0.0000 | Adv purify accuracy: 0.8767
2025-07-10 20:13:24,769 - ADV_Generation_eps_4.0_steps_100_Purification_type_noisy_anchor_anchors_10_alpha_1.2_sigma_0.12_threshold_0.0 - INFO - Batch:[109] Adversarial images for this batch already exist
2025-07-10 20:13:28,647 - ADV_Generation_eps_4.0_steps_100_Purification_type_noisy_anchor_anchors_10_alpha_1.2_sigma_0.12_threshold_0.0 - INFO - Batch 110/154: Clean orig accuracy 0.7528 | Clean purify accuracy 0.6722 | Adv orig accuracy: 0.0000 | Adv purify accuracy: 0.8733
2025-07-10 20:13:28,657 - ADV_Generation_eps_4.0_steps_100_Purification_type_noisy_anchor_anchors_10_alpha_1.2_sigma_0.12_threshold_0.0 - INFO - Batch:[110] Adversarial images for this batch already exist
2025-07-10 20:13:32,588 - ADV_Generation_eps_4.0_steps_100_Purification_type_noisy_anchor_anchors_10_alpha_1.2_sigma_0.12_threshold_0.0 - INFO - Batch 111/154: Clean orig accuracy 0.7523 | Clean purify accuracy 0.6723 | Adv orig accuracy: 0.0000 | Adv purify accuracy: 0.8722
2025-07-10 20:13:32,597 - ADV_Generation_eps_4.0_steps_100_Purification_type_noisy_anchor_anchors_10_alpha_1.2_sigma_0.12_threshold_0.0 - INFO - Batch:[111] Adversarial images for this batch already exist
2025-07-10 20:13:36,551 - ADV_Generation_eps_4.0_steps_100_Purification_type_noisy_anchor_anchors_10_alpha_1.2_sigma_0.12_threshold_0.0 - INFO - Batch 112/154: Clean orig accuracy 0.7539 | Clean purify accuracy 0.6741 | Adv orig accuracy: 0.0000 | Adv purify accuracy: 0.8733
2025-07-10 20:13:36,561 - ADV_Generation_eps_4.0_steps_100_Purification_type_noisy_anchor_anchors_10_alpha_1.2_sigma_0.12_threshold_0.0 - INFO - Batch:[112] Adversarial images for this batch already exist
2025-07-10 20:13:40,500 - ADV_Generation_eps_4.0_steps_100_Purification_type_noisy_anchor_anchors_10_alpha_1.2_sigma_0.12_threshold_0.0 - INFO - Batch 113/154: Clean orig accuracy 0.7555 | Clean purify accuracy 0.6737 | Adv orig accuracy: 0.0000 | Adv purify accuracy: 0.8744
2025-07-10 20:13:40,510 - ADV_Generation_eps_4.0_steps_100_Purification_type_noisy_anchor_anchors_10_alpha_1.2_sigma_0.12_threshold_0.0 - INFO - Batch:[113] Adversarial images for this batch already exist
2025-07-10 20:13:44,333 - ADV_Generation_eps_4.0_steps_100_Purification_type_noisy_anchor_anchors_10_alpha_1.2_sigma_0.12_threshold_0.0 - INFO - Batch 114/154: Clean orig accuracy 0.7516 | Clean purify accuracy 0.6689 | Adv orig accuracy: 0.0000 | Adv purify accuracy: 0.8695
2025-07-10 20:13:44,344 - ADV_Generation_eps_4.0_steps_100_Purification_type_noisy_anchor_anchors_10_alpha_1.2_sigma_0.12_threshold_0.0 - INFO - Batch:[114] Adversarial images for this batch already exist
2025-07-10 20:13:48,202 - ADV_Generation_eps_4.0_steps_100_Purification_type_noisy_anchor_anchors_10_alpha_1.2_sigma_0.12_threshold_0.0 - INFO - Batch 115/154: Clean orig accuracy 0.7522 | Clean purify accuracy 0.6701 | Adv orig accuracy: 0.0000 | Adv purify accuracy: 0.8690
2025-07-10 20:13:48,213 - ADV_Generation_eps_4.0_steps_100_Purification_type_noisy_anchor_anchors_10_alpha_1.2_sigma_0.12_threshold_0.0 - INFO - Batch:[115] Adversarial images for this batch already exist
2025-07-10 20:13:52,094 - ADV_Generation_eps_4.0_steps_100_Purification_type_noisy_anchor_anchors_10_alpha_1.2_sigma_0.12_threshold_0.0 - INFO - Batch 116/154: Clean orig accuracy 0.7462 | Clean purify accuracy 0.6649 | Adv orig accuracy: 0.0000 | Adv purify accuracy: 0.8664
2025-07-10 20:13:52,105 - ADV_Generation_eps_4.0_steps_100_Purification_type_noisy_anchor_anchors_10_alpha_1.2_sigma_0.12_threshold_0.0 - INFO - Batch:[116] Adversarial images for this batch already exist
2025-07-10 20:13:55,940 - ADV_Generation_eps_4.0_steps_100_Purification_type_noisy_anchor_anchors_10_alpha_1.2_sigma_0.12_threshold_0.0 - INFO - Batch 117/154: Clean orig accuracy 0.7415 | Clean purify accuracy 0.6613 | Adv orig accuracy: 0.0000 | Adv purify accuracy: 0.8654
2025-07-10 20:13:55,950 - ADV_Generation_eps_4.0_steps_100_Purification_type_noisy_anchor_anchors_10_alpha_1.2_sigma_0.12_threshold_0.0 - INFO - Batch:[117] Adversarial images for this batch already exist
2025-07-10 20:13:59,800 - ADV_Generation_eps_4.0_steps_100_Purification_type_noisy_anchor_anchors_10_alpha_1.2_sigma_0.12_threshold_0.0 - INFO - Batch 118/154: Clean orig accuracy 0.7431 | Clean purify accuracy 0.6626 | Adv orig accuracy: 0.0000 | Adv purify accuracy: 0.8665
2025-07-10 20:13:59,810 - ADV_Generation_eps_4.0_steps_100_Purification_type_noisy_anchor_anchors_10_alpha_1.2_sigma_0.12_threshold_0.0 - INFO - Batch:[118] Adversarial images for this batch already exist
2025-07-10 20:14:03,768 - ADV_Generation_eps_4.0_steps_100_Purification_type_noisy_anchor_anchors_10_alpha_1.2_sigma_0.12_threshold_0.0 - INFO - Batch 119/154: Clean orig accuracy 0.7442 | Clean purify accuracy 0.6602 | Adv orig accuracy: 0.0000 | Adv purify accuracy: 0.8676
2025-07-10 20:14:03,778 - ADV_Generation_eps_4.0_steps_100_Purification_type_noisy_anchor_anchors_10_alpha_1.2_sigma_0.12_threshold_0.0 - INFO - Batch:[119] Adversarial images for this batch already exist
2025-07-10 20:14:07,537 - ADV_Generation_eps_4.0_steps_100_Purification_type_noisy_anchor_anchors_10_alpha_1.2_sigma_0.12_threshold_0.0 - INFO - Batch 120/154: Clean orig accuracy 0.7464 | Clean purify accuracy 0.6625 | Adv orig accuracy: 0.0000 | Adv purify accuracy: 0.8688
2025-07-10 20:14:07,547 - ADV_Generation_eps_4.0_steps_100_Purification_type_noisy_anchor_anchors_10_alpha_1.2_sigma_0.12_threshold_0.0 - INFO - Batch:[120] Adversarial images for this batch already exist
2025-07-10 20:14:11,441 - ADV_Generation_eps_4.0_steps_100_Purification_type_noisy_anchor_anchors_10_alpha_1.2_sigma_0.12_threshold_0.0 - INFO - Batch 121/154: Clean orig accuracy 0.7485 | Clean purify accuracy 0.6653 | Adv orig accuracy: 0.0000 | Adv purify accuracy: 0.8698
2025-07-10 20:14:11,452 - ADV_Generation_eps_4.0_steps_100_Purification_type_noisy_anchor_anchors_10_alpha_1.2_sigma_0.12_threshold_0.0 - INFO - Batch:[121] Adversarial images for this batch already exist
2025-07-10 20:14:15,317 - ADV_Generation_eps_4.0_steps_100_Purification_type_noisy_anchor_anchors_10_alpha_1.2_sigma_0.12_threshold_0.0 - INFO - Batch 122/154: Clean orig accuracy 0.7505 | Clean purify accuracy 0.6680 | Adv orig accuracy: 0.0000 | Adv purify accuracy: 0.8709
2025-07-10 20:14:15,327 - ADV_Generation_eps_4.0_steps_100_Purification_type_noisy_anchor_anchors_10_alpha_1.2_sigma_0.12_threshold_0.0 - INFO - Batch:[122] Adversarial images for this batch already exist
2025-07-10 20:14:19,211 - ADV_Generation_eps_4.0_steps_100_Purification_type_noisy_anchor_anchors_10_alpha_1.2_sigma_0.12_threshold_0.0 - INFO - Batch 123/154: Clean orig accuracy 0.7520 | Clean purify accuracy 0.6692 | Adv orig accuracy: 0.0000 | Adv purify accuracy: 0.8720
2025-07-10 20:14:19,221 - ADV_Generation_eps_4.0_steps_100_Purification_type_noisy_anchor_anchors_10_alpha_1.2_sigma_0.12_threshold_0.0 - INFO - Batch:[123] Adversarial images for this batch already exist
2025-07-10 20:14:23,096 - ADV_Generation_eps_4.0_steps_100_Purification_type_noisy_anchor_anchors_10_alpha_1.2_sigma_0.12_threshold_0.0 - INFO - Batch 124/154: Clean orig accuracy 0.7540 | Clean purify accuracy 0.6714 | Adv orig accuracy: 0.0000 | Adv purify accuracy: 0.8730
2025-07-10 20:14:23,106 - ADV_Generation_eps_4.0_steps_100_Purification_type_noisy_anchor_anchors_10_alpha_1.2_sigma_0.12_threshold_0.0 - INFO - Batch:[124] Adversarial images for this batch already exist
2025-07-10 20:14:27,004 - ADV_Generation_eps_4.0_steps_100_Purification_type_noisy_anchor_anchors_10_alpha_1.2_sigma_0.12_threshold_0.0 - INFO - Batch 125/154: Clean orig accuracy 0.7555 | Clean purify accuracy 0.6735 | Adv orig accuracy: 0.0000 | Adv purify accuracy: 0.8735
2025-07-10 20:14:27,048 - ADV_Generation_eps_4.0_steps_100_Purification_type_noisy_anchor_anchors_10_alpha_1.2_sigma_0.12_threshold_0.0 - INFO - Batch:[125] Adversarial images for this batch already exist
2025-07-10 20:14:30,901 - ADV_Generation_eps_4.0_steps_100_Purification_type_noisy_anchor_anchors_10_alpha_1.2_sigma_0.12_threshold_0.0 - INFO - Batch 126/154: Clean orig accuracy 0.7560 | Clean purify accuracy 0.6726 | Adv orig accuracy: 0.0000 | Adv purify accuracy: 0.8745
2025-07-10 20:14:30,913 - ADV_Generation_eps_4.0_steps_100_Purification_type_noisy_anchor_anchors_10_alpha_1.2_sigma_0.12_threshold_0.0 - INFO - Batch:[126] Adversarial images for this batch already exist
2025-07-10 20:14:34,856 - ADV_Generation_eps_4.0_steps_100_Purification_type_noisy_anchor_anchors_10_alpha_1.2_sigma_0.12_threshold_0.0 - INFO - Batch 127/154: Clean orig accuracy 0.7559 | Clean purify accuracy 0.6727 | Adv orig accuracy: 0.0000 | Adv purify accuracy: 0.8755
2025-07-10 20:14:34,866 - ADV_Generation_eps_4.0_steps_100_Purification_type_noisy_anchor_anchors_10_alpha_1.2_sigma_0.12_threshold_0.0 - INFO - Batch:[127] Adversarial images for this batch already exist
2025-07-10 20:14:38,731 - ADV_Generation_eps_4.0_steps_100_Purification_type_noisy_anchor_anchors_10_alpha_1.2_sigma_0.12_threshold_0.0 - INFO - Batch 128/154: Clean orig accuracy 0.7578 | Clean purify accuracy 0.6753 | Adv orig accuracy: 0.0000 | Adv purify accuracy: 0.8765
2025-07-10 20:14:38,742 - ADV_Generation_eps_4.0_steps_100_Purification_type_noisy_anchor_anchors_10_alpha_1.2_sigma_0.12_threshold_0.0 - INFO - Batch:[128] Adversarial images for this batch already exist
2025-07-10 20:14:42,650 - ADV_Generation_eps_4.0_steps_100_Purification_type_noisy_anchor_anchors_10_alpha_1.2_sigma_0.12_threshold_0.0 - INFO - Batch 129/154: Clean orig accuracy 0.7578 | Clean purify accuracy 0.6754 | Adv orig accuracy: 0.0000 | Adv purify accuracy: 0.8774
2025-07-10 20:14:42,661 - ADV_Generation_eps_4.0_steps_100_Purification_type_noisy_anchor_anchors_10_alpha_1.2_sigma_0.12_threshold_0.0 - INFO - Batch:[129] Adversarial images for this batch already exist
2025-07-10 20:14:46,597 - ADV_Generation_eps_4.0_steps_100_Purification_type_noisy_anchor_anchors_10_alpha_1.2_sigma_0.12_threshold_0.0 - INFO - Batch 130/154: Clean orig accuracy 0.7567 | Clean purify accuracy 0.6750 | Adv orig accuracy: 0.0000 | Adv purify accuracy: 0.8755
2025-07-10 20:14:46,607 - ADV_Generation_eps_4.0_steps_100_Purification_type_noisy_anchor_anchors_10_alpha_1.2_sigma_0.12_threshold_0.0 - INFO - Batch:[130] Adversarial images for this batch already exist
2025-07-10 20:14:50,470 - ADV_Generation_eps_4.0_steps_100_Purification_type_noisy_anchor_anchors_10_alpha_1.2_sigma_0.12_threshold_0.0 - INFO - Batch 131/154: Clean orig accuracy 0.7557 | Clean purify accuracy 0.6737 | Adv orig accuracy: 0.0000 | Adv purify accuracy: 0.8736
2025-07-10 20:14:50,480 - ADV_Generation_eps_4.0_steps_100_Purification_type_noisy_anchor_anchors_10_alpha_1.2_sigma_0.12_threshold_0.0 - INFO - Batch:[131] Adversarial images for this batch already exist
2025-07-10 20:14:54,411 - ADV_Generation_eps_4.0_steps_100_Purification_type_noisy_anchor_anchors_10_alpha_1.2_sigma_0.12_threshold_0.0 - INFO - Batch 132/154: Clean orig accuracy 0.7562 | Clean purify accuracy 0.6714 | Adv orig accuracy: 0.0000 | Adv purify accuracy: 0.8745
2025-07-10 20:14:54,422 - ADV_Generation_eps_4.0_steps_100_Purification_type_noisy_anchor_anchors_10_alpha_1.2_sigma_0.12_threshold_0.0 - INFO - Batch:[132] Adversarial images for this batch already exist
2025-07-10 20:14:58,288 - ADV_Generation_eps_4.0_steps_100_Purification_type_noisy_anchor_anchors_10_alpha_1.2_sigma_0.12_threshold_0.0 - INFO - Batch 133/154: Clean orig accuracy 0.7570 | Clean purify accuracy 0.6692 | Adv orig accuracy: 0.0000 | Adv purify accuracy: 0.8755
2025-07-10 20:14:58,297 - ADV_Generation_eps_4.0_steps_100_Purification_type_noisy_anchor_anchors_10_alpha_1.2_sigma_0.12_threshold_0.0 - INFO - Batch:[133] Adversarial images for this batch already exist
2025-07-10 20:15:02,139 - ADV_Generation_eps_4.0_steps_100_Purification_type_noisy_anchor_anchors_10_alpha_1.2_sigma_0.12_threshold_0.0 - INFO - Batch 134/154: Clean orig accuracy 0.7556 | Clean purify accuracy 0.6670 | Adv orig accuracy: 0.0000 | Adv purify accuracy: 0.8755
2025-07-10 20:15:02,150 - ADV_Generation_eps_4.0_steps_100_Purification_type_noisy_anchor_anchors_10_alpha_1.2_sigma_0.12_threshold_0.0 - INFO - Batch:[134] Adversarial images for this batch already exist
2025-07-10 20:15:06,087 - ADV_Generation_eps_4.0_steps_100_Purification_type_noisy_anchor_anchors_10_alpha_1.2_sigma_0.12_threshold_0.0 - INFO - Batch 135/154: Clean orig accuracy 0.7569 | Clean purify accuracy 0.6694 | Adv orig accuracy: 0.0000 | Adv purify accuracy: 0.8764
2025-07-10 20:15:06,097 - ADV_Generation_eps_4.0_steps_100_Purification_type_noisy_anchor_anchors_10_alpha_1.2_sigma_0.12_threshold_0.0 - INFO - Batch:[135] Adversarial images for this batch already exist
2025-07-10 20:15:10,003 - ADV_Generation_eps_4.0_steps_100_Purification_type_noisy_anchor_anchors_10_alpha_1.2_sigma_0.12_threshold_0.0 - INFO - Batch 136/154: Clean orig accuracy 0.7541 | Clean purify accuracy 0.6673 | Adv orig accuracy: 0.0000 | Adv purify accuracy: 0.8727
2025-07-10 20:15:10,013 - ADV_Generation_eps_4.0_steps_100_Purification_type_noisy_anchor_anchors_10_alpha_1.2_sigma_0.12_threshold_0.0 - INFO - Batch:[136] Adversarial images for this batch already exist
2025-07-10 20:15:13,906 - ADV_Generation_eps_4.0_steps_100_Purification_type_noisy_anchor_anchors_10_alpha_1.2_sigma_0.12_threshold_0.0 - INFO - Batch 137/154: Clean orig accuracy 0.7550 | Clean purify accuracy 0.6688 | Adv orig accuracy: 0.0000 | Adv purify accuracy: 0.8727
2025-07-10 20:15:13,917 - ADV_Generation_eps_4.0_steps_100_Purification_type_noisy_anchor_anchors_10_alpha_1.2_sigma_0.12_threshold_0.0 - INFO - Batch:[137] Adversarial images for this batch already exist
2025-07-10 20:15:17,842 - ADV_Generation_eps_4.0_steps_100_Purification_type_noisy_anchor_anchors_10_alpha_1.2_sigma_0.12_threshold_0.0 - INFO - Batch 138/154: Clean orig accuracy 0.7563 | Clean purify accuracy 0.6680 | Adv orig accuracy: 0.0000 | Adv purify accuracy: 0.8732
2025-07-10 20:15:17,853 - ADV_Generation_eps_4.0_steps_100_Purification_type_noisy_anchor_anchors_10_alpha_1.2_sigma_0.12_threshold_0.0 - INFO - Batch:[138] Adversarial images for this batch already exist
2025-07-10 20:15:21,794 - ADV_Generation_eps_4.0_steps_100_Purification_type_noisy_anchor_anchors_10_alpha_1.2_sigma_0.12_threshold_0.0 - INFO - Batch 139/154: Clean orig accuracy 0.7581 | Clean purify accuracy 0.6700 | Adv orig accuracy: 0.0000 | Adv purify accuracy: 0.8741
2025-07-10 20:15:21,803 - ADV_Generation_eps_4.0_steps_100_Purification_type_noisy_anchor_anchors_10_alpha_1.2_sigma_0.12_threshold_0.0 - INFO - Batch:[139] Adversarial images for this batch already exist
2025-07-10 20:15:25,712 - ADV_Generation_eps_4.0_steps_100_Purification_type_noisy_anchor_anchors_10_alpha_1.2_sigma_0.12_threshold_0.0 - INFO - Batch 140/154: Clean orig accuracy 0.7585 | Clean purify accuracy 0.6701 | Adv orig accuracy: 0.0000 | Adv purify accuracy: 0.8750
2025-07-10 20:15:25,753 - ADV_Generation_eps_4.0_steps_100_Purification_type_noisy_anchor_anchors_10_alpha_1.2_sigma_0.12_threshold_0.0 - INFO - Batch:[140] Adversarial images for this batch already exist
2025-07-10 20:15:29,673 - ADV_Generation_eps_4.0_steps_100_Purification_type_noisy_anchor_anchors_10_alpha_1.2_sigma_0.12_threshold_0.0 - INFO - Batch 141/154: Clean orig accuracy 0.7598 | Clean purify accuracy 0.6724 | Adv orig accuracy: 0.0000 | Adv purify accuracy: 0.8759
2025-07-10 20:15:29,683 - ADV_Generation_eps_4.0_steps_100_Purification_type_noisy_anchor_anchors_10_alpha_1.2_sigma_0.12_threshold_0.0 - INFO - Batch:[141] Adversarial images for this batch already exist
2025-07-10 20:15:33,636 - ADV_Generation_eps_4.0_steps_100_Purification_type_noisy_anchor_anchors_10_alpha_1.2_sigma_0.12_threshold_0.0 - INFO - Batch 142/154: Clean orig accuracy 0.7614 | Clean purify accuracy 0.6743 | Adv orig accuracy: 0.0000 | Adv purify accuracy: 0.8768
2025-07-10 20:15:33,646 - ADV_Generation_eps_4.0_steps_100_Purification_type_noisy_anchor_anchors_10_alpha_1.2_sigma_0.12_threshold_0.0 - INFO - Batch:[142] Adversarial images for this batch already exist
2025-07-10 20:15:37,672 - ADV_Generation_eps_4.0_steps_100_Purification_type_noisy_anchor_anchors_10_alpha_1.2_sigma_0.12_threshold_0.0 - INFO - Batch 143/154: Clean orig accuracy 0.7631 | Clean purify accuracy 0.6766 | Adv orig accuracy: 0.0000 | Adv purify accuracy: 0.8776
2025-07-10 20:15:37,682 - ADV_Generation_eps_4.0_steps_100_Purification_type_noisy_anchor_anchors_10_alpha_1.2_sigma_0.12_threshold_0.0 - INFO - Batch:[143] Adversarial images for this batch already exist
2025-07-10 20:15:41,510 - ADV_Generation_eps_4.0_steps_100_Purification_type_noisy_anchor_anchors_10_alpha_1.2_sigma_0.12_threshold_0.0 - INFO - Batch 144/154: Clean orig accuracy 0.7643 | Clean purify accuracy 0.6762 | Adv orig accuracy: 0.0000 | Adv purify accuracy: 0.8776
2025-07-10 20:15:41,520 - ADV_Generation_eps_4.0_steps_100_Purification_type_noisy_anchor_anchors_10_alpha_1.2_sigma_0.12_threshold_0.0 - INFO - Batch:[144] Adversarial images for this batch already exist
2025-07-10 20:15:45,387 - ADV_Generation_eps_4.0_steps_100_Purification_type_noisy_anchor_anchors_10_alpha_1.2_sigma_0.12_threshold_0.0 - INFO - Batch 145/154: Clean orig accuracy 0.7659 | Clean purify accuracy 0.6767 | Adv orig accuracy: 0.0000 | Adv purify accuracy: 0.8784
2025-07-10 20:15:45,397 - ADV_Generation_eps_4.0_steps_100_Purification_type_noisy_anchor_anchors_10_alpha_1.2_sigma_0.12_threshold_0.0 - INFO - Batch:[145] Adversarial images for this batch already exist
2025-07-10 20:15:49,293 - ADV_Generation_eps_4.0_steps_100_Purification_type_noisy_anchor_anchors_10_alpha_1.2_sigma_0.12_threshold_0.0 - INFO - Batch 146/154: Clean orig accuracy 0.7663 | Clean purify accuracy 0.6772 | Adv orig accuracy: 0.0000 | Adv purify accuracy: 0.8789
2025-07-10 20:15:49,303 - ADV_Generation_eps_4.0_steps_100_Purification_type_noisy_anchor_anchors_10_alpha_1.2_sigma_0.12_threshold_0.0 - INFO - Batch:[146] Adversarial images for this batch already exist
2025-07-10 20:15:53,183 - ADV_Generation_eps_4.0_steps_100_Purification_type_noisy_anchor_anchors_10_alpha_1.2_sigma_0.12_threshold_0.0 - INFO - Batch 147/154: Clean orig accuracy 0.7674 | Clean purify accuracy 0.6790 | Adv orig accuracy: 0.0000 | Adv purify accuracy: 0.8793
2025-07-10 20:15:53,193 - ADV_Generation_eps_4.0_steps_100_Purification_type_noisy_anchor_anchors_10_alpha_1.2_sigma_0.12_threshold_0.0 - INFO - Batch:[147] Adversarial images for this batch already exist
2025-07-10 20:15:57,114 - ADV_Generation_eps_4.0_steps_100_Purification_type_noisy_anchor_anchors_10_alpha_1.2_sigma_0.12_threshold_0.0 - INFO - Batch 148/154: Clean orig accuracy 0.7631 | Clean purify accuracy 0.6753 | Adv orig accuracy: 0.0000 | Adv purify accuracy: 0.8750
2025-07-10 20:15:57,124 - ADV_Generation_eps_4.0_steps_100_Purification_type_noisy_anchor_anchors_10_alpha_1.2_sigma_0.12_threshold_0.0 - INFO - Batch:[148] Adversarial images for this batch already exist
2025-07-10 20:16:01,014 - ADV_Generation_eps_4.0_steps_100_Purification_type_noisy_anchor_anchors_10_alpha_1.2_sigma_0.12_threshold_0.0 - INFO - Batch 149/154: Clean orig accuracy 0.7605 | Clean purify accuracy 0.6716 | Adv orig accuracy: 0.0000 | Adv purify accuracy: 0.8737
2025-07-10 20:16:01,025 - ADV_Generation_eps_4.0_steps_100_Purification_type_noisy_anchor_anchors_10_alpha_1.2_sigma_0.12_threshold_0.0 - INFO - Batch:[149] Adversarial images for this batch already exist
2025-07-10 20:16:04,922 - ADV_Generation_eps_4.0_steps_100_Purification_type_noisy_anchor_anchors_10_alpha_1.2_sigma_0.12_threshold_0.0 - INFO - Batch 150/154: Clean orig accuracy 0.7596 | Clean purify accuracy 0.6708 | Adv orig accuracy: 0.0000 | Adv purify accuracy: 0.8746
2025-07-10 20:16:04,933 - ADV_Generation_eps_4.0_steps_100_Purification_type_noisy_anchor_anchors_10_alpha_1.2_sigma_0.12_threshold_0.0 - INFO - Batch:[150] Adversarial images for this batch already exist
2025-07-10 20:16:08,929 - ADV_Generation_eps_4.0_steps_100_Purification_type_noisy_anchor_anchors_10_alpha_1.2_sigma_0.12_threshold_0.0 - INFO - Batch 151/154: Clean orig accuracy 0.7603 | Clean purify accuracy 0.6709 | Adv orig accuracy: 0.0000 | Adv purify accuracy: 0.8754
2025-07-10 20:16:08,940 - ADV_Generation_eps_4.0_steps_100_Purification_type_noisy_anchor_anchors_10_alpha_1.2_sigma_0.12_threshold_0.0 - INFO - Batch:[151] Adversarial images for this batch already exist
2025-07-10 20:16:12,853 - ADV_Generation_eps_4.0_steps_100_Purification_type_noisy_anchor_anchors_10_alpha_1.2_sigma_0.12_threshold_0.0 - INFO - Batch 152/154: Clean orig accuracy 0.7619 | Clean purify accuracy 0.6719 | Adv orig accuracy: 0.0000 | Adv purify accuracy: 0.8762
2025-07-10 20:16:12,872 - ADV_Generation_eps_4.0_steps_100_Purification_type_noisy_anchor_anchors_10_alpha_1.2_sigma_0.12_threshold_0.0 - INFO - Batch:[152] Adversarial images for this batch already exist
2025-07-10 20:16:16,802 - ADV_Generation_eps_4.0_steps_100_Purification_type_noisy_anchor_anchors_10_alpha_1.2_sigma_0.12_threshold_0.0 - INFO - Batch 153/154: Clean orig accuracy 0.7627 | Clean purify accuracy 0.6720 | Adv orig accuracy: 0.0000 | Adv purify accuracy: 0.8770
2025-07-10 20:16:16,811 - ADV_Generation_eps_4.0_steps_100_Purification_type_noisy_anchor_anchors_10_alpha_1.2_sigma_0.12_threshold_0.0 - INFO - Batch:[153] Adversarial images for this batch already exist
2025-07-10 20:16:20,406 - ADV_Generation_eps_4.0_steps_100_Purification_type_noisy_anchor_anchors_10_alpha_1.2_sigma_0.12_threshold_0.0 - INFO - Batch 154/154: Clean orig accuracy 0.7621 | Clean purify accuracy 0.6732 | Adv orig accuracy: 0.0000 | Adv purify accuracy: 0.8778
2025-07-10 20:16:20,555 - ADV_Generation_eps_4.0_steps_100_Purification_type_noisy_anchor_anchors_10_alpha_1.2_sigma_0.12_threshold_0.0 - INFO - Final Clean orig accuracy: 0.7621 | Clean purify accuracy: 0.6732
2025-07-10 20:16:20,555 - ADV_Generation_eps_4.0_steps_100_Purification_type_noisy_anchor_anchors_10_alpha_1.2_sigma_0.12_threshold_0.0 - INFO - Final Adv orig accuracy: 0.0000 | Adv purify accuracy: 0.8778
2025-07-10 20:16:20,555 - ADV_Generation_eps_4.0_steps_100_Purification_type_noisy_anchor_anchors_10_alpha_1.2_sigma_0.12_threshold_0.0 - INFO - Diff_ratio_clean: 0.5538 | Diff_ratio_adv: 1.1133
2025-07-10 20:16:20,555 - ADV_Generation_eps_4.0_steps_100_Purification_type_noisy_anchor_anchors_10_alpha_1.2_sigma_0.12_threshold_0.0 - INFO - Adversarial image generation completed. Results
