2025-07-10 20:06:02,669 - ADV_Generation_eps_4.0_steps_100_Purification_type_noisy_anchor_anchors_10_alpha_1.2_sigma_0.18_threshold_0.0 - INFO - ==========================================
data:/leonardo_work/EUHPC_R04_192/fmohamma/Adversarial_Robust_Clip/atpt_data/downstream_datasets
test_sets:Flower102
dataset_mode:test
arch:ViT-L/14
resolution:224
workers:4
no_pin_memory:False
batch_size:64
adv_bs:16
print_freq:20
gpu:0
no_cudnn_benchmark:False
n_ctx:4
ctx_init:a_photo_of_a
seed:0
output_dir:/leonardo_work/EUHPC_R04_192/fmohamma/Adversarial_Robust_Clip/atpt_data/ViT-L/14/Flower102
log_output_dir:/leonardo_work/EUHPC_R04_192/fmohamma/Adversarial_Robust_Clip/ATPT/Purify_Results/ViT-L/14/Flower102
eps:4.0
alpha:1.0
alpha_eps_ratio:4.0
steps:100
counter_attack:False
counter_attack_type:pgd
counter_attack_steps:2
counter_attack_eps:4.0
counter_attack_alpha:1.0
counter_attack_tau_thres:0.2
counter_attack_beta:2.0
counter_attack_weighted_perturbations:True
pgd_clip_pure_i_text_embeddings:null
pgd_counter_and_clipure_i_lamda:1.0
image_feature_purify:True
image_feature_purify_type:noisy_anchor
image_feature_purify_noisy_anchors:10
image_feature_purify_anchors_alpha:1.2
image_feature_purify_noisy_sigma:0.18
image_feature_purify_diff_threshold:0.0
lr:0.005
selection_p:0.1
tta_steps:1
top_k:20
softmax_temp:0.01
load_tecoa:

2025-07-10 20:06:02,670 - ADV_Generation_eps_4.0_steps_100_Purification_type_noisy_anchor_anchors_10_alpha_1.2_sigma_0.18_threshold_0.0 - INFO - Use GPU: 0 for training
2025-07-10 20:06:16,960 - ADV_Generation_eps_4.0_steps_100_Purification_type_noisy_anchor_anchors_10_alpha_1.2_sigma_0.18_threshold_0.0 - INFO - => Model created: visual backbone ViT-L/14
2025-07-10 20:06:16,981 - ADV_Generation_eps_4.0_steps_100_Purification_type_noisy_anchor_anchors_10_alpha_1.2_sigma_0.18_threshold_0.0 - INFO - Number of test samples: 2463
2025-07-10 20:06:16,981 - ADV_Generation_eps_4.0_steps_100_Purification_type_noisy_anchor_anchors_10_alpha_1.2_sigma_0.18_threshold_0.0 - INFO - Evaluating dataset: Flower102
2025-07-10 20:06:16,982 - ADV_Generation_eps_4.0_steps_100_Purification_type_noisy_anchor_anchors_10_alpha_1.2_sigma_0.18_threshold_0.0 - INFO - Starting evaluation with batch size: 64, selection percentage: 0.1
2025-07-10 20:06:16,982 - ADV_Generation_eps_4.0_steps_100_Purification_type_noisy_anchor_anchors_10_alpha_1.2_sigma_0.18_threshold_0.0 - INFO - Using PGD attack with epsilon: 0.015686, alpha: 0.003922, steps: 100
2025-07-10 20:06:16,983 - ADV_Generation_eps_4.0_steps_100_Purification_type_noisy_anchor_anchors_10_alpha_1.2_sigma_0.18_threshold_0.0 - INFO - Using directory for adversarial images: /leonardo_work/EUHPC_R04_192/fmohamma/Adversarial_Robust_Clip/atpt_data/ViT-L/14/Flower102/adv_images_eps_4.0_alpha_1.0_steps_100
2025-07-10 20:06:17,792 - ADV_Generation_eps_4.0_steps_100_Purification_type_noisy_anchor_anchors_10_alpha_1.2_sigma_0.18_threshold_0.0 - INFO - Batch:[0] Adversarial images for this batch already exist
2025-07-10 20:06:22,855 - ADV_Generation_eps_4.0_steps_100_Purification_type_noisy_anchor_anchors_10_alpha_1.2_sigma_0.18_threshold_0.0 - INFO - Batch 1/154: Clean orig accuracy 1.0000 | Clean purify accuracy 0.9375 | Adv orig accuracy: 0.0000 | Adv purify accuracy: 1.0000
2025-07-10 20:06:22,902 - ADV_Generation_eps_4.0_steps_100_Purification_type_noisy_anchor_anchors_10_alpha_1.2_sigma_0.18_threshold_0.0 - INFO - Batch:[1] Adversarial images for this batch already exist
2025-07-10 20:06:26,804 - ADV_Generation_eps_4.0_steps_100_Purification_type_noisy_anchor_anchors_10_alpha_1.2_sigma_0.18_threshold_0.0 - INFO - Batch 2/154: Clean orig accuracy 1.0000 | Clean purify accuracy 0.9062 | Adv orig accuracy: 0.0000 | Adv purify accuracy: 1.0000
2025-07-10 20:06:26,848 - ADV_Generation_eps_4.0_steps_100_Purification_type_noisy_anchor_anchors_10_alpha_1.2_sigma_0.18_threshold_0.0 - INFO - Batch:[2] Adversarial images for this batch already exist
2025-07-10 20:06:30,733 - ADV_Generation_eps_4.0_steps_100_Purification_type_noisy_anchor_anchors_10_alpha_1.2_sigma_0.18_threshold_0.0 - INFO - Batch 3/154: Clean orig accuracy 1.0000 | Clean purify accuracy 0.9167 | Adv orig accuracy: 0.0000 | Adv purify accuracy: 1.0000
2025-07-10 20:06:30,767 - ADV_Generation_eps_4.0_steps_100_Purification_type_noisy_anchor_anchors_10_alpha_1.2_sigma_0.18_threshold_0.0 - INFO - Batch:[3] Adversarial images for this batch already exist
2025-07-10 20:06:34,693 - ADV_Generation_eps_4.0_steps_100_Purification_type_noisy_anchor_anchors_10_alpha_1.2_sigma_0.18_threshold_0.0 - INFO - Batch 4/154: Clean orig accuracy 1.0000 | Clean purify accuracy 0.9219 | Adv orig accuracy: 0.0000 | Adv purify accuracy: 1.0000
2025-07-10 20:06:34,745 - ADV_Generation_eps_4.0_steps_100_Purification_type_noisy_anchor_anchors_10_alpha_1.2_sigma_0.18_threshold_0.0 - INFO - Batch:[4] Adversarial images for this batch already exist
2025-07-10 20:06:38,693 - ADV_Generation_eps_4.0_steps_100_Purification_type_noisy_anchor_anchors_10_alpha_1.2_sigma_0.18_threshold_0.0 - INFO - Batch 5/154: Clean orig accuracy 1.0000 | Clean purify accuracy 0.8750 | Adv orig accuracy: 0.0000 | Adv purify accuracy: 1.0000
2025-07-10 20:06:38,703 - ADV_Generation_eps_4.0_steps_100_Purification_type_noisy_anchor_anchors_10_alpha_1.2_sigma_0.18_threshold_0.0 - INFO - Batch:[5] Adversarial images for this batch already exist
2025-07-10 20:06:42,548 - ADV_Generation_eps_4.0_steps_100_Purification_type_noisy_anchor_anchors_10_alpha_1.2_sigma_0.18_threshold_0.0 - INFO - Batch 6/154: Clean orig accuracy 0.9896 | Clean purify accuracy 0.7708 | Adv orig accuracy: 0.0000 | Adv purify accuracy: 0.9896
2025-07-10 20:06:42,559 - ADV_Generation_eps_4.0_steps_100_Purification_type_noisy_anchor_anchors_10_alpha_1.2_sigma_0.18_threshold_0.0 - INFO - Batch:[6] Adversarial images for this batch already exist
2025-07-10 20:06:46,482 - ADV_Generation_eps_4.0_steps_100_Purification_type_noisy_anchor_anchors_10_alpha_1.2_sigma_0.18_threshold_0.0 - INFO - Batch 7/154: Clean orig accuracy 0.9821 | Clean purify accuracy 0.6786 | Adv orig accuracy: 0.0000 | Adv purify accuracy: 0.9911
2025-07-10 20:06:46,492 - ADV_Generation_eps_4.0_steps_100_Purification_type_noisy_anchor_anchors_10_alpha_1.2_sigma_0.18_threshold_0.0 - INFO - Batch:[7] Adversarial images for this batch already exist
2025-07-10 20:06:50,353 - ADV_Generation_eps_4.0_steps_100_Purification_type_noisy_anchor_anchors_10_alpha_1.2_sigma_0.18_threshold_0.0 - INFO - Batch 8/154: Clean orig accuracy 0.9844 | Clean purify accuracy 0.6406 | Adv orig accuracy: 0.0000 | Adv purify accuracy: 0.9844
2025-07-10 20:06:50,364 - ADV_Generation_eps_4.0_steps_100_Purification_type_noisy_anchor_anchors_10_alpha_1.2_sigma_0.18_threshold_0.0 - INFO - Batch:[8] Adversarial images for this batch already exist
2025-07-10 20:06:54,272 - ADV_Generation_eps_4.0_steps_100_Purification_type_noisy_anchor_anchors_10_alpha_1.2_sigma_0.18_threshold_0.0 - INFO - Batch 9/154: Clean orig accuracy 0.9861 | Clean purify accuracy 0.6597 | Adv orig accuracy: 0.0000 | Adv purify accuracy: 0.9861
2025-07-10 20:06:54,304 - ADV_Generation_eps_4.0_steps_100_Purification_type_noisy_anchor_anchors_10_alpha_1.2_sigma_0.18_threshold_0.0 - INFO - Batch:[9] Adversarial images for this batch already exist
2025-07-10 20:06:58,196 - ADV_Generation_eps_4.0_steps_100_Purification_type_noisy_anchor_anchors_10_alpha_1.2_sigma_0.18_threshold_0.0 - INFO - Batch 10/154: Clean orig accuracy 0.9750 | Clean purify accuracy 0.6500 | Adv orig accuracy: 0.0000 | Adv purify accuracy: 0.9875
2025-07-10 20:06:58,207 - ADV_Generation_eps_4.0_steps_100_Purification_type_noisy_anchor_anchors_10_alpha_1.2_sigma_0.18_threshold_0.0 - INFO - Batch:[10] Adversarial images for this batch already exist
2025-07-10 20:07:02,102 - ADV_Generation_eps_4.0_steps_100_Purification_type_noisy_anchor_anchors_10_alpha_1.2_sigma_0.18_threshold_0.0 - INFO - Batch 11/154: Clean orig accuracy 0.9716 | Clean purify accuracy 0.6477 | Adv orig accuracy: 0.0000 | Adv purify accuracy: 0.9886
2025-07-10 20:07:02,157 - ADV_Generation_eps_4.0_steps_100_Purification_type_noisy_anchor_anchors_10_alpha_1.2_sigma_0.18_threshold_0.0 - INFO - Batch:[11] Adversarial images for this batch already exist
2025-07-10 20:07:06,123 - ADV_Generation_eps_4.0_steps_100_Purification_type_noisy_anchor_anchors_10_alpha_1.2_sigma_0.18_threshold_0.0 - INFO - Batch 12/154: Clean orig accuracy 0.9062 | Clean purify accuracy 0.5990 | Adv orig accuracy: 0.0000 | Adv purify accuracy: 0.9271
2025-07-10 20:07:06,133 - ADV_Generation_eps_4.0_steps_100_Purification_type_noisy_anchor_anchors_10_alpha_1.2_sigma_0.18_threshold_0.0 - INFO - Batch:[12] Adversarial images for this batch already exist
2025-07-10 20:07:09,986 - ADV_Generation_eps_4.0_steps_100_Purification_type_noisy_anchor_anchors_10_alpha_1.2_sigma_0.18_threshold_0.0 - INFO - Batch 13/154: Clean orig accuracy 0.8365 | Clean purify accuracy 0.5529 | Adv orig accuracy: 0.0000 | Adv purify accuracy: 0.8558
2025-07-10 20:07:09,997 - ADV_Generation_eps_4.0_steps_100_Purification_type_noisy_anchor_anchors_10_alpha_1.2_sigma_0.18_threshold_0.0 - INFO - Batch:[13] Adversarial images for this batch already exist
2025-07-10 20:07:14,084 - ADV_Generation_eps_4.0_steps_100_Purification_type_noisy_anchor_anchors_10_alpha_1.2_sigma_0.18_threshold_0.0 - INFO - Batch 14/154: Clean orig accuracy 0.7768 | Clean purify accuracy 0.5134 | Adv orig accuracy: 0.0000 | Adv purify accuracy: 0.7991
2025-07-10 20:07:14,095 - ADV_Generation_eps_4.0_steps_100_Purification_type_noisy_anchor_anchors_10_alpha_1.2_sigma_0.18_threshold_0.0 - INFO - Batch:[14] Adversarial images for this batch already exist
2025-07-10 20:07:17,990 - ADV_Generation_eps_4.0_steps_100_Purification_type_noisy_anchor_anchors_10_alpha_1.2_sigma_0.18_threshold_0.0 - INFO - Batch 15/154: Clean orig accuracy 0.7500 | Clean purify accuracy 0.5042 | Adv orig accuracy: 0.0000 | Adv purify accuracy: 0.7708
2025-07-10 20:07:18,001 - ADV_Generation_eps_4.0_steps_100_Purification_type_noisy_anchor_anchors_10_alpha_1.2_sigma_0.18_threshold_0.0 - INFO - Batch:[15] Adversarial images for this batch already exist
2025-07-10 20:07:21,871 - ADV_Generation_eps_4.0_steps_100_Purification_type_noisy_anchor_anchors_10_alpha_1.2_sigma_0.18_threshold_0.0 - INFO - Batch 16/154: Clean orig accuracy 0.7656 | Clean purify accuracy 0.5273 | Adv orig accuracy: 0.0000 | Adv purify accuracy: 0.7852
2025-07-10 20:07:21,908 - ADV_Generation_eps_4.0_steps_100_Purification_type_noisy_anchor_anchors_10_alpha_1.2_sigma_0.18_threshold_0.0 - INFO - Batch:[16] Adversarial images for this batch already exist
2025-07-10 20:07:25,777 - ADV_Generation_eps_4.0_steps_100_Purification_type_noisy_anchor_anchors_10_alpha_1.2_sigma_0.18_threshold_0.0 - INFO - Batch 17/154: Clean orig accuracy 0.7794 | Clean purify accuracy 0.5515 | Adv orig accuracy: 0.0000 | Adv purify accuracy: 0.7978
2025-07-10 20:07:25,788 - ADV_Generation_eps_4.0_steps_100_Purification_type_noisy_anchor_anchors_10_alpha_1.2_sigma_0.18_threshold_0.0 - INFO - Batch:[17] Adversarial images for this batch already exist
2025-07-10 20:07:29,744 - ADV_Generation_eps_4.0_steps_100_Purification_type_noisy_anchor_anchors_10_alpha_1.2_sigma_0.18_threshold_0.0 - INFO - Batch 18/154: Clean orig accuracy 0.7778 | Clean purify accuracy 0.5625 | Adv orig accuracy: 0.0000 | Adv purify accuracy: 0.7986
2025-07-10 20:07:29,755 - ADV_Generation_eps_4.0_steps_100_Purification_type_noisy_anchor_anchors_10_alpha_1.2_sigma_0.18_threshold_0.0 - INFO - Batch:[18] Adversarial images for this batch already exist
2025-07-10 20:07:33,607 - ADV_Generation_eps_4.0_steps_100_Purification_type_noisy_anchor_anchors_10_alpha_1.2_sigma_0.18_threshold_0.0 - INFO - Batch 19/154: Clean orig accuracy 0.7368 | Clean purify accuracy 0.5329 | Adv orig accuracy: 0.0000 | Adv purify accuracy: 0.7796
2025-07-10 20:07:33,619 - ADV_Generation_eps_4.0_steps_100_Purification_type_noisy_anchor_anchors_10_alpha_1.2_sigma_0.18_threshold_0.0 - INFO - Batch:[19] Adversarial images for this batch already exist
2025-07-10 20:07:37,478 - ADV_Generation_eps_4.0_steps_100_Purification_type_noisy_anchor_anchors_10_alpha_1.2_sigma_0.18_threshold_0.0 - INFO - Batch 20/154: Clean orig accuracy 0.7063 | Clean purify accuracy 0.5062 | Adv orig accuracy: 0.0000 | Adv purify accuracy: 0.7719
2025-07-10 20:07:37,489 - ADV_Generation_eps_4.0_steps_100_Purification_type_noisy_anchor_anchors_10_alpha_1.2_sigma_0.18_threshold_0.0 - INFO - Batch:[20] Adversarial images for this batch already exist
2025-07-10 20:07:41,338 - ADV_Generation_eps_4.0_steps_100_Purification_type_noisy_anchor_anchors_10_alpha_1.2_sigma_0.18_threshold_0.0 - INFO - Batch 21/154: Clean orig accuracy 0.6815 | Clean purify accuracy 0.4821 | Adv orig accuracy: 0.0000 | Adv purify accuracy: 0.7649
2025-07-10 20:07:41,349 - ADV_Generation_eps_4.0_steps_100_Purification_type_noisy_anchor_anchors_10_alpha_1.2_sigma_0.18_threshold_0.0 - INFO - Batch:[21] Adversarial images for this batch already exist
2025-07-10 20:07:45,231 - ADV_Generation_eps_4.0_steps_100_Purification_type_noisy_anchor_anchors_10_alpha_1.2_sigma_0.18_threshold_0.0 - INFO - Batch 22/154: Clean orig accuracy 0.6790 | Clean purify accuracy 0.4858 | Adv orig accuracy: 0.0000 | Adv purify accuracy: 0.7642
2025-07-10 20:07:45,243 - ADV_Generation_eps_4.0_steps_100_Purification_type_noisy_anchor_anchors_10_alpha_1.2_sigma_0.18_threshold_0.0 - INFO - Batch:[22] Adversarial images for this batch already exist
2025-07-10 20:07:49,082 - ADV_Generation_eps_4.0_steps_100_Purification_type_noisy_anchor_anchors_10_alpha_1.2_sigma_0.18_threshold_0.0 - INFO - Batch 23/154: Clean orig accuracy 0.6902 | Clean purify accuracy 0.5027 | Adv orig accuracy: 0.0000 | Adv purify accuracy: 0.7745
2025-07-10 20:07:49,092 - ADV_Generation_eps_4.0_steps_100_Purification_type_noisy_anchor_anchors_10_alpha_1.2_sigma_0.18_threshold_0.0 - INFO - Batch:[23] Adversarial images for this batch already exist
2025-07-10 20:07:53,003 - ADV_Generation_eps_4.0_steps_100_Purification_type_noisy_anchor_anchors_10_alpha_1.2_sigma_0.18_threshold_0.0 - INFO - Batch 24/154: Clean orig accuracy 0.7005 | Clean purify accuracy 0.5234 | Adv orig accuracy: 0.0000 | Adv purify accuracy: 0.7839
2025-07-10 20:07:53,015 - ADV_Generation_eps_4.0_steps_100_Purification_type_noisy_anchor_anchors_10_alpha_1.2_sigma_0.18_threshold_0.0 - INFO - Batch:[24] Adversarial images for this batch already exist
2025-07-10 20:07:56,879 - ADV_Generation_eps_4.0_steps_100_Purification_type_noisy_anchor_anchors_10_alpha_1.2_sigma_0.18_threshold_0.0 - INFO - Batch 25/154: Clean orig accuracy 0.7100 | Clean purify accuracy 0.5375 | Adv orig accuracy: 0.0000 | Adv purify accuracy: 0.7925
2025-07-10 20:07:56,890 - ADV_Generation_eps_4.0_steps_100_Purification_type_noisy_anchor_anchors_10_alpha_1.2_sigma_0.18_threshold_0.0 - INFO - Batch:[25] Adversarial images for this batch already exist
2025-07-10 20:08:00,744 - ADV_Generation_eps_4.0_steps_100_Purification_type_noisy_anchor_anchors_10_alpha_1.2_sigma_0.18_threshold_0.0 - INFO - Batch 26/154: Clean orig accuracy 0.6971 | Clean purify accuracy 0.5457 | Adv orig accuracy: 0.0000 | Adv purify accuracy: 0.8005
2025-07-10 20:08:00,755 - ADV_Generation_eps_4.0_steps_100_Purification_type_noisy_anchor_anchors_10_alpha_1.2_sigma_0.18_threshold_0.0 - INFO - Batch:[26] Adversarial images for this batch already exist
2025-07-10 20:08:04,577 - ADV_Generation_eps_4.0_steps_100_Purification_type_noisy_anchor_anchors_10_alpha_1.2_sigma_0.18_threshold_0.0 - INFO - Batch 27/154: Clean orig accuracy 0.6852 | Clean purify accuracy 0.5509 | Adv orig accuracy: 0.0000 | Adv purify accuracy: 0.8079
2025-07-10 20:08:04,588 - ADV_Generation_eps_4.0_steps_100_Purification_type_noisy_anchor_anchors_10_alpha_1.2_sigma_0.18_threshold_0.0 - INFO - Batch:[27] Adversarial images for this batch already exist
2025-07-10 20:08:08,440 - ADV_Generation_eps_4.0_steps_100_Purification_type_noisy_anchor_anchors_10_alpha_1.2_sigma_0.18_threshold_0.0 - INFO - Batch 28/154: Clean orig accuracy 0.6674 | Clean purify accuracy 0.5513 | Adv orig accuracy: 0.0000 | Adv purify accuracy: 0.8125
2025-07-10 20:08:08,452 - ADV_Generation_eps_4.0_steps_100_Purification_type_noisy_anchor_anchors_10_alpha_1.2_sigma_0.18_threshold_0.0 - INFO - Batch:[28] Adversarial images for this batch already exist
2025-07-10 20:08:12,363 - ADV_Generation_eps_4.0_steps_100_Purification_type_noisy_anchor_anchors_10_alpha_1.2_sigma_0.18_threshold_0.0 - INFO - Batch 29/154: Clean orig accuracy 0.6681 | Clean purify accuracy 0.5582 | Adv orig accuracy: 0.0000 | Adv purify accuracy: 0.8190
2025-07-10 20:08:12,374 - ADV_Generation_eps_4.0_steps_100_Purification_type_noisy_anchor_anchors_10_alpha_1.2_sigma_0.18_threshold_0.0 - INFO - Batch:[29] Adversarial images for this batch already exist
2025-07-10 20:08:16,240 - ADV_Generation_eps_4.0_steps_100_Purification_type_noisy_anchor_anchors_10_alpha_1.2_sigma_0.18_threshold_0.0 - INFO - Batch 30/154: Clean orig accuracy 0.6708 | Clean purify accuracy 0.5667 | Adv orig accuracy: 0.0000 | Adv purify accuracy: 0.8250
2025-07-10 20:08:16,251 - ADV_Generation_eps_4.0_steps_100_Purification_type_noisy_anchor_anchors_10_alpha_1.2_sigma_0.18_threshold_0.0 - INFO - Batch:[30] Adversarial images for this batch already exist
2025-07-10 20:08:20,086 - ADV_Generation_eps_4.0_steps_100_Purification_type_noisy_anchor_anchors_10_alpha_1.2_sigma_0.18_threshold_0.0 - INFO - Batch 31/154: Clean orig accuracy 0.6815 | Clean purify accuracy 0.5806 | Adv orig accuracy: 0.0000 | Adv purify accuracy: 0.8306
2025-07-10 20:08:20,098 - ADV_Generation_eps_4.0_steps_100_Purification_type_noisy_anchor_anchors_10_alpha_1.2_sigma_0.18_threshold_0.0 - INFO - Batch:[31] Adversarial images for this batch already exist
2025-07-10 20:08:24,024 - ADV_Generation_eps_4.0_steps_100_Purification_type_noisy_anchor_anchors_10_alpha_1.2_sigma_0.18_threshold_0.0 - INFO - Batch 32/154: Clean orig accuracy 0.6914 | Clean purify accuracy 0.5918 | Adv orig accuracy: 0.0000 | Adv purify accuracy: 0.8340
2025-07-10 20:08:24,037 - ADV_Generation_eps_4.0_steps_100_Purification_type_noisy_anchor_anchors_10_alpha_1.2_sigma_0.18_threshold_0.0 - INFO - Batch:[32] Adversarial images for this batch already exist
2025-07-10 20:08:27,912 - ADV_Generation_eps_4.0_steps_100_Purification_type_noisy_anchor_anchors_10_alpha_1.2_sigma_0.18_threshold_0.0 - INFO - Batch 33/154: Clean orig accuracy 0.7008 | Clean purify accuracy 0.6023 | Adv orig accuracy: 0.0000 | Adv purify accuracy: 0.8390
2025-07-10 20:08:27,924 - ADV_Generation_eps_4.0_steps_100_Purification_type_noisy_anchor_anchors_10_alpha_1.2_sigma_0.18_threshold_0.0 - INFO - Batch:[33] Adversarial images for this batch already exist
2025-07-10 20:08:31,763 - ADV_Generation_eps_4.0_steps_100_Purification_type_noisy_anchor_anchors_10_alpha_1.2_sigma_0.18_threshold_0.0 - INFO - Batch 34/154: Clean orig accuracy 0.7096 | Clean purify accuracy 0.6066 | Adv orig accuracy: 0.0000 | Adv purify accuracy: 0.8438
2025-07-10 20:08:31,775 - ADV_Generation_eps_4.0_steps_100_Purification_type_noisy_anchor_anchors_10_alpha_1.2_sigma_0.18_threshold_0.0 - INFO - Batch:[34] Adversarial images for this batch already exist
2025-07-10 20:08:35,749 - ADV_Generation_eps_4.0_steps_100_Purification_type_noisy_anchor_anchors_10_alpha_1.2_sigma_0.18_threshold_0.0 - INFO - Batch 35/154: Clean orig accuracy 0.7161 | Clean purify accuracy 0.6071 | Adv orig accuracy: 0.0000 | Adv purify accuracy: 0.8464
2025-07-10 20:08:35,760 - ADV_Generation_eps_4.0_steps_100_Purification_type_noisy_anchor_anchors_10_alpha_1.2_sigma_0.18_threshold_0.0 - INFO - Batch:[35] Adversarial images for this batch already exist
2025-07-10 20:08:39,551 - ADV_Generation_eps_4.0_steps_100_Purification_type_noisy_anchor_anchors_10_alpha_1.2_sigma_0.18_threshold_0.0 - INFO - Batch 36/154: Clean orig accuracy 0.7222 | Clean purify accuracy 0.6094 | Adv orig accuracy: 0.0000 | Adv purify accuracy: 0.8507
2025-07-10 20:08:39,610 - ADV_Generation_eps_4.0_steps_100_Purification_type_noisy_anchor_anchors_10_alpha_1.2_sigma_0.18_threshold_0.0 - INFO - Batch:[36] Adversarial images for this batch already exist
2025-07-10 20:08:43,524 - ADV_Generation_eps_4.0_steps_100_Purification_type_noisy_anchor_anchors_10_alpha_1.2_sigma_0.18_threshold_0.0 - INFO - Batch 37/154: Clean orig accuracy 0.7280 | Clean purify accuracy 0.6199 | Adv orig accuracy: 0.0000 | Adv purify accuracy: 0.8547
2025-07-10 20:08:43,535 - ADV_Generation_eps_4.0_steps_100_Purification_type_noisy_anchor_anchors_10_alpha_1.2_sigma_0.18_threshold_0.0 - INFO - Batch:[37] Adversarial images for this batch already exist
2025-07-10 20:08:47,371 - ADV_Generation_eps_4.0_steps_100_Purification_type_noisy_anchor_anchors_10_alpha_1.2_sigma_0.18_threshold_0.0 - INFO - Batch 38/154: Clean orig accuracy 0.7352 | Clean purify accuracy 0.6266 | Adv orig accuracy: 0.0000 | Adv purify accuracy: 0.8586
2025-07-10 20:08:47,388 - ADV_Generation_eps_4.0_steps_100_Purification_type_noisy_anchor_anchors_10_alpha_1.2_sigma_0.18_threshold_0.0 - INFO - Batch:[38] Adversarial images for this batch already exist
2025-07-10 20:08:51,234 - ADV_Generation_eps_4.0_steps_100_Purification_type_noisy_anchor_anchors_10_alpha_1.2_sigma_0.18_threshold_0.0 - INFO - Batch 39/154: Clean orig accuracy 0.7420 | Clean purify accuracy 0.6330 | Adv orig accuracy: 0.0000 | Adv purify accuracy: 0.8622
2025-07-10 20:08:51,244 - ADV_Generation_eps_4.0_steps_100_Purification_type_noisy_anchor_anchors_10_alpha_1.2_sigma_0.18_threshold_0.0 - INFO - Batch:[39] Adversarial images for this batch already exist
2025-07-10 20:08:55,239 - ADV_Generation_eps_4.0_steps_100_Purification_type_noisy_anchor_anchors_10_alpha_1.2_sigma_0.18_threshold_0.0 - INFO - Batch 40/154: Clean orig accuracy 0.7484 | Clean purify accuracy 0.6406 | Adv orig accuracy: 0.0000 | Adv purify accuracy: 0.8656
2025-07-10 20:08:55,250 - ADV_Generation_eps_4.0_steps_100_Purification_type_noisy_anchor_anchors_10_alpha_1.2_sigma_0.18_threshold_0.0 - INFO - Batch:[40] Adversarial images for this batch already exist
2025-07-10 20:08:59,143 - ADV_Generation_eps_4.0_steps_100_Purification_type_noisy_anchor_anchors_10_alpha_1.2_sigma_0.18_threshold_0.0 - INFO - Batch 41/154: Clean orig accuracy 0.7439 | Clean purify accuracy 0.6341 | Adv orig accuracy: 0.0000 | Adv purify accuracy: 0.8643
2025-07-10 20:08:59,155 - ADV_Generation_eps_4.0_steps_100_Purification_type_noisy_anchor_anchors_10_alpha_1.2_sigma_0.18_threshold_0.0 - INFO - Batch:[41] Adversarial images for this batch already exist
2025-07-10 20:09:03,043 - ADV_Generation_eps_4.0_steps_100_Purification_type_noisy_anchor_anchors_10_alpha_1.2_sigma_0.18_threshold_0.0 - INFO - Batch 42/154: Clean orig accuracy 0.7321 | Clean purify accuracy 0.6190 | Adv orig accuracy: 0.0000 | Adv purify accuracy: 0.8661
2025-07-10 20:09:03,079 - ADV_Generation_eps_4.0_steps_100_Purification_type_noisy_anchor_anchors_10_alpha_1.2_sigma_0.18_threshold_0.0 - INFO - Batch:[42] Adversarial images for this batch already exist
2025-07-10 20:09:07,059 - ADV_Generation_eps_4.0_steps_100_Purification_type_noisy_anchor_anchors_10_alpha_1.2_sigma_0.18_threshold_0.0 - INFO - Batch 43/154: Clean orig accuracy 0.7267 | Clean purify accuracy 0.6134 | Adv orig accuracy: 0.0000 | Adv purify accuracy: 0.8648
2025-07-10 20:09:07,070 - ADV_Generation_eps_4.0_steps_100_Purification_type_noisy_anchor_anchors_10_alpha_1.2_sigma_0.18_threshold_0.0 - INFO - Batch:[43] Adversarial images for this batch already exist
2025-07-10 20:09:10,973 - ADV_Generation_eps_4.0_steps_100_Purification_type_noisy_anchor_anchors_10_alpha_1.2_sigma_0.18_threshold_0.0 - INFO - Batch 44/154: Clean orig accuracy 0.7330 | Clean purify accuracy 0.6222 | Adv orig accuracy: 0.0000 | Adv purify accuracy: 0.8679
2025-07-10 20:09:10,985 - ADV_Generation_eps_4.0_steps_100_Purification_type_noisy_anchor_anchors_10_alpha_1.2_sigma_0.18_threshold_0.0 - INFO - Batch:[44] Adversarial images for this batch already exist
2025-07-10 20:09:14,942 - ADV_Generation_eps_4.0_steps_100_Purification_type_noisy_anchor_anchors_10_alpha_1.2_sigma_0.18_threshold_0.0 - INFO - Batch 45/154: Clean orig accuracy 0.7389 | Clean purify accuracy 0.6292 | Adv orig accuracy: 0.0000 | Adv purify accuracy: 0.8708
2025-07-10 20:09:14,952 - ADV_Generation_eps_4.0_steps_100_Purification_type_noisy_anchor_anchors_10_alpha_1.2_sigma_0.18_threshold_0.0 - INFO - Batch:[45] Adversarial images for this batch already exist
2025-07-10 20:09:18,739 - ADV_Generation_eps_4.0_steps_100_Purification_type_noisy_anchor_anchors_10_alpha_1.2_sigma_0.18_threshold_0.0 - INFO - Batch 46/154: Clean orig accuracy 0.7228 | Clean purify accuracy 0.6155 | Adv orig accuracy: 0.0000 | Adv purify accuracy: 0.8587
2025-07-10 20:09:18,750 - ADV_Generation_eps_4.0_steps_100_Purification_type_noisy_anchor_anchors_10_alpha_1.2_sigma_0.18_threshold_0.0 - INFO - Batch:[46] Adversarial images for this batch already exist
2025-07-10 20:09:22,615 - ADV_Generation_eps_4.0_steps_100_Purification_type_noisy_anchor_anchors_10_alpha_1.2_sigma_0.18_threshold_0.0 - INFO - Batch 47/154: Clean orig accuracy 0.7074 | Clean purify accuracy 0.6024 | Adv orig accuracy: 0.0000 | Adv purify accuracy: 0.8444
2025-07-10 20:09:22,664 - ADV_Generation_eps_4.0_steps_100_Purification_type_noisy_anchor_anchors_10_alpha_1.2_sigma_0.18_threshold_0.0 - INFO - Batch:[47] Adversarial images for this batch already exist
2025-07-10 20:09:26,606 - ADV_Generation_eps_4.0_steps_100_Purification_type_noisy_anchor_anchors_10_alpha_1.2_sigma_0.18_threshold_0.0 - INFO - Batch 48/154: Clean orig accuracy 0.7031 | Clean purify accuracy 0.5924 | Adv orig accuracy: 0.0000 | Adv purify accuracy: 0.8359
2025-07-10 20:09:26,618 - ADV_Generation_eps_4.0_steps_100_Purification_type_noisy_anchor_anchors_10_alpha_1.2_sigma_0.18_threshold_0.0 - INFO - Batch:[48] Adversarial images for this batch already exist
2025-07-10 20:09:30,530 - ADV_Generation_eps_4.0_steps_100_Purification_type_noisy_anchor_anchors_10_alpha_1.2_sigma_0.18_threshold_0.0 - INFO - Batch 49/154: Clean orig accuracy 0.7079 | Clean purify accuracy 0.5842 | Adv orig accuracy: 0.0000 | Adv purify accuracy: 0.8342
2025-07-10 20:09:30,540 - ADV_Generation_eps_4.0_steps_100_Purification_type_noisy_anchor_anchors_10_alpha_1.2_sigma_0.18_threshold_0.0 - INFO - Batch:[49] Adversarial images for this batch already exist
2025-07-10 20:09:34,404 - ADV_Generation_eps_4.0_steps_100_Purification_type_noisy_anchor_anchors_10_alpha_1.2_sigma_0.18_threshold_0.0 - INFO - Batch 50/154: Clean orig accuracy 0.7113 | Clean purify accuracy 0.5787 | Adv orig accuracy: 0.0000 | Adv purify accuracy: 0.8350
2025-07-10 20:09:34,415 - ADV_Generation_eps_4.0_steps_100_Purification_type_noisy_anchor_anchors_10_alpha_1.2_sigma_0.18_threshold_0.0 - INFO - Batch:[50] Adversarial images for this batch already exist
2025-07-10 20:09:38,327 - ADV_Generation_eps_4.0_steps_100_Purification_type_noisy_anchor_anchors_10_alpha_1.2_sigma_0.18_threshold_0.0 - INFO - Batch 51/154: Clean orig accuracy 0.7169 | Clean purify accuracy 0.5784 | Adv orig accuracy: 0.0000 | Adv purify accuracy: 0.8382
2025-07-10 20:09:38,348 - ADV_Generation_eps_4.0_steps_100_Purification_type_noisy_anchor_anchors_10_alpha_1.2_sigma_0.18_threshold_0.0 - INFO - Batch:[51] Adversarial images for this batch already exist
2025-07-10 20:09:42,284 - ADV_Generation_eps_4.0_steps_100_Purification_type_noisy_anchor_anchors_10_alpha_1.2_sigma_0.18_threshold_0.0 - INFO - Batch 52/154: Clean orig accuracy 0.7103 | Clean purify accuracy 0.5793 | Adv orig accuracy: 0.0000 | Adv purify accuracy: 0.8413
2025-07-10 20:09:42,296 - ADV_Generation_eps_4.0_steps_100_Purification_type_noisy_anchor_anchors_10_alpha_1.2_sigma_0.18_threshold_0.0 - INFO - Batch:[52] Adversarial images for this batch already exist
2025-07-10 20:09:46,223 - ADV_Generation_eps_4.0_steps_100_Purification_type_noisy_anchor_anchors_10_alpha_1.2_sigma_0.18_threshold_0.0 - INFO - Batch 53/154: Clean orig accuracy 0.7075 | Clean purify accuracy 0.5825 | Adv orig accuracy: 0.0000 | Adv purify accuracy: 0.8443
2025-07-10 20:09:46,233 - ADV_Generation_eps_4.0_steps_100_Purification_type_noisy_anchor_anchors_10_alpha_1.2_sigma_0.18_threshold_0.0 - INFO - Batch:[53] Adversarial images for this batch already exist
2025-07-10 20:09:50,202 - ADV_Generation_eps_4.0_steps_100_Purification_type_noisy_anchor_anchors_10_alpha_1.2_sigma_0.18_threshold_0.0 - INFO - Batch 54/154: Clean orig accuracy 0.6956 | Clean purify accuracy 0.5752 | Adv orig accuracy: 0.0000 | Adv purify accuracy: 0.8322
2025-07-10 20:09:50,213 - ADV_Generation_eps_4.0_steps_100_Purification_type_noisy_anchor_anchors_10_alpha_1.2_sigma_0.18_threshold_0.0 - INFO - Batch:[54] Adversarial images for this batch already exist
2025-07-10 20:09:54,082 - ADV_Generation_eps_4.0_steps_100_Purification_type_noisy_anchor_anchors_10_alpha_1.2_sigma_0.18_threshold_0.0 - INFO - Batch 55/154: Clean orig accuracy 0.6830 | Clean purify accuracy 0.5648 | Adv orig accuracy: 0.0000 | Adv purify accuracy: 0.8170
2025-07-10 20:09:54,093 - ADV_Generation_eps_4.0_steps_100_Purification_type_noisy_anchor_anchors_10_alpha_1.2_sigma_0.18_threshold_0.0 - INFO - Batch:[55] Adversarial images for this batch already exist
2025-07-10 20:09:57,964 - ADV_Generation_eps_4.0_steps_100_Purification_type_noisy_anchor_anchors_10_alpha_1.2_sigma_0.18_threshold_0.0 - INFO - Batch 56/154: Clean orig accuracy 0.6775 | Clean purify accuracy 0.5547 | Adv orig accuracy: 0.0000 | Adv purify accuracy: 0.8092
2025-07-10 20:09:57,975 - ADV_Generation_eps_4.0_steps_100_Purification_type_noisy_anchor_anchors_10_alpha_1.2_sigma_0.18_threshold_0.0 - INFO - Batch:[56] Adversarial images for this batch already exist
2025-07-10 20:10:01,848 - ADV_Generation_eps_4.0_steps_100_Purification_type_noisy_anchor_anchors_10_alpha_1.2_sigma_0.18_threshold_0.0 - INFO - Batch 57/154: Clean orig accuracy 0.6743 | Clean purify accuracy 0.5526 | Adv orig accuracy: 0.0000 | Adv purify accuracy: 0.8103
2025-07-10 20:10:01,859 - ADV_Generation_eps_4.0_steps_100_Purification_type_noisy_anchor_anchors_10_alpha_1.2_sigma_0.18_threshold_0.0 - INFO - Batch:[57] Adversarial images for this batch already exist
2025-07-10 20:10:05,752 - ADV_Generation_eps_4.0_steps_100_Purification_type_noisy_anchor_anchors_10_alpha_1.2_sigma_0.18_threshold_0.0 - INFO - Batch 58/154: Clean orig accuracy 0.6756 | Clean purify accuracy 0.5560 | Adv orig accuracy: 0.0000 | Adv purify accuracy: 0.8136
2025-07-10 20:10:05,764 - ADV_Generation_eps_4.0_steps_100_Purification_type_noisy_anchor_anchors_10_alpha_1.2_sigma_0.18_threshold_0.0 - INFO - Batch:[58] Adversarial images for this batch already exist
2025-07-10 20:10:09,662 - ADV_Generation_eps_4.0_steps_100_Purification_type_noisy_anchor_anchors_10_alpha_1.2_sigma_0.18_threshold_0.0 - INFO - Batch 59/154: Clean orig accuracy 0.6769 | Clean purify accuracy 0.5625 | Adv orig accuracy: 0.0000 | Adv purify accuracy: 0.8167
2025-07-10 20:10:09,672 - ADV_Generation_eps_4.0_steps_100_Purification_type_noisy_anchor_anchors_10_alpha_1.2_sigma_0.18_threshold_0.0 - INFO - Batch:[59] Adversarial images for this batch already exist
2025-07-10 20:10:13,669 - ADV_Generation_eps_4.0_steps_100_Purification_type_noisy_anchor_anchors_10_alpha_1.2_sigma_0.18_threshold_0.0 - INFO - Batch 60/154: Clean orig accuracy 0.6823 | Clean purify accuracy 0.5687 | Adv orig accuracy: 0.0000 | Adv purify accuracy: 0.8198
2025-07-10 20:10:13,680 - ADV_Generation_eps_4.0_steps_100_Purification_type_noisy_anchor_anchors_10_alpha_1.2_sigma_0.18_threshold_0.0 - INFO - Batch:[60] Adversarial images for this batch already exist
2025-07-10 20:10:17,520 - ADV_Generation_eps_4.0_steps_100_Purification_type_noisy_anchor_anchors_10_alpha_1.2_sigma_0.18_threshold_0.0 - INFO - Batch 61/154: Clean orig accuracy 0.6875 | Clean purify accuracy 0.5717 | Adv orig accuracy: 0.0000 | Adv purify accuracy: 0.8227
2025-07-10 20:10:17,532 - ADV_Generation_eps_4.0_steps_100_Purification_type_noisy_anchor_anchors_10_alpha_1.2_sigma_0.18_threshold_0.0 - INFO - Batch:[61] Adversarial images for this batch already exist
2025-07-10 20:10:21,427 - ADV_Generation_eps_4.0_steps_100_Purification_type_noisy_anchor_anchors_10_alpha_1.2_sigma_0.18_threshold_0.0 - INFO - Batch 62/154: Clean orig accuracy 0.6925 | Clean purify accuracy 0.5746 | Adv orig accuracy: 0.0000 | Adv purify accuracy: 0.8256
2025-07-10 20:10:21,437 - ADV_Generation_eps_4.0_steps_100_Purification_type_noisy_anchor_anchors_10_alpha_1.2_sigma_0.18_threshold_0.0 - INFO - Batch:[62] Adversarial images for this batch already exist
2025-07-10 20:10:25,345 - ADV_Generation_eps_4.0_steps_100_Purification_type_noisy_anchor_anchors_10_alpha_1.2_sigma_0.18_threshold_0.0 - INFO - Batch 63/154: Clean orig accuracy 0.6964 | Clean purify accuracy 0.5794 | Adv orig accuracy: 0.0000 | Adv purify accuracy: 0.8284
2025-07-10 20:10:25,356 - ADV_Generation_eps_4.0_steps_100_Purification_type_noisy_anchor_anchors_10_alpha_1.2_sigma_0.18_threshold_0.0 - INFO - Batch:[63] Adversarial images for this batch already exist
2025-07-10 20:10:29,229 - ADV_Generation_eps_4.0_steps_100_Purification_type_noisy_anchor_anchors_10_alpha_1.2_sigma_0.18_threshold_0.0 - INFO - Batch 64/154: Clean orig accuracy 0.7012 | Clean purify accuracy 0.5850 | Adv orig accuracy: 0.0000 | Adv purify accuracy: 0.8301
2025-07-10 20:10:29,241 - ADV_Generation_eps_4.0_steps_100_Purification_type_noisy_anchor_anchors_10_alpha_1.2_sigma_0.18_threshold_0.0 - INFO - Batch:[64] Adversarial images for this batch already exist
2025-07-10 20:10:33,151 - ADV_Generation_eps_4.0_steps_100_Purification_type_noisy_anchor_anchors_10_alpha_1.2_sigma_0.18_threshold_0.0 - INFO - Batch 65/154: Clean orig accuracy 0.7058 | Clean purify accuracy 0.5894 | Adv orig accuracy: 0.0000 | Adv purify accuracy: 0.8327
2025-07-10 20:10:33,163 - ADV_Generation_eps_4.0_steps_100_Purification_type_noisy_anchor_anchors_10_alpha_1.2_sigma_0.18_threshold_0.0 - INFO - Batch:[65] Adversarial images for this batch already exist
2025-07-10 20:10:36,946 - ADV_Generation_eps_4.0_steps_100_Purification_type_noisy_anchor_anchors_10_alpha_1.2_sigma_0.18_threshold_0.0 - INFO - Batch 66/154: Clean orig accuracy 0.7093 | Clean purify accuracy 0.5947 | Adv orig accuracy: 0.0000 | Adv purify accuracy: 0.8343
2025-07-10 20:10:36,957 - ADV_Generation_eps_4.0_steps_100_Purification_type_noisy_anchor_anchors_10_alpha_1.2_sigma_0.18_threshold_0.0 - INFO - Batch:[66] Adversarial images for this batch already exist
2025-07-10 20:10:40,810 - ADV_Generation_eps_4.0_steps_100_Purification_type_noisy_anchor_anchors_10_alpha_1.2_sigma_0.18_threshold_0.0 - INFO - Batch 67/154: Clean orig accuracy 0.7108 | Clean purify accuracy 0.5933 | Adv orig accuracy: 0.0000 | Adv purify accuracy: 0.8349
2025-07-10 20:10:40,821 - ADV_Generation_eps_4.0_steps_100_Purification_type_noisy_anchor_anchors_10_alpha_1.2_sigma_0.18_threshold_0.0 - INFO - Batch:[67] Adversarial images for this batch already exist
2025-07-10 20:10:44,689 - ADV_Generation_eps_4.0_steps_100_Purification_type_noisy_anchor_anchors_10_alpha_1.2_sigma_0.18_threshold_0.0 - INFO - Batch 68/154: Clean orig accuracy 0.7059 | Clean purify accuracy 0.5855 | Adv orig accuracy: 0.0000 | Adv purify accuracy: 0.8364
2025-07-10 20:10:44,700 - ADV_Generation_eps_4.0_steps_100_Purification_type_noisy_anchor_anchors_10_alpha_1.2_sigma_0.18_threshold_0.0 - INFO - Batch:[68] Adversarial images for this batch already exist
2025-07-10 20:10:48,615 - ADV_Generation_eps_4.0_steps_100_Purification_type_noisy_anchor_anchors_10_alpha_1.2_sigma_0.18_threshold_0.0 - INFO - Batch 69/154: Clean orig accuracy 0.7101 | Clean purify accuracy 0.5897 | Adv orig accuracy: 0.0000 | Adv purify accuracy: 0.8379
2025-07-10 20:10:48,626 - ADV_Generation_eps_4.0_steps_100_Purification_type_noisy_anchor_anchors_10_alpha_1.2_sigma_0.18_threshold_0.0 - INFO - Batch:[69] Adversarial images for this batch already exist
2025-07-10 20:10:52,499 - ADV_Generation_eps_4.0_steps_100_Purification_type_noisy_anchor_anchors_10_alpha_1.2_sigma_0.18_threshold_0.0 - INFO - Batch 70/154: Clean orig accuracy 0.7143 | Clean purify accuracy 0.5893 | Adv orig accuracy: 0.0000 | Adv purify accuracy: 0.8402
2025-07-10 20:10:52,511 - ADV_Generation_eps_4.0_steps_100_Purification_type_noisy_anchor_anchors_10_alpha_1.2_sigma_0.18_threshold_0.0 - INFO - Batch:[70] Adversarial images for this batch already exist
2025-07-10 20:10:56,352 - ADV_Generation_eps_4.0_steps_100_Purification_type_noisy_anchor_anchors_10_alpha_1.2_sigma_0.18_threshold_0.0 - INFO - Batch 71/154: Clean orig accuracy 0.7165 | Clean purify accuracy 0.5871 | Adv orig accuracy: 0.0000 | Adv purify accuracy: 0.8424
2025-07-10 20:10:56,363 - ADV_Generation_eps_4.0_steps_100_Purification_type_noisy_anchor_anchors_10_alpha_1.2_sigma_0.18_threshold_0.0 - INFO - Batch:[71] Adversarial images for this batch already exist
2025-07-10 20:11:00,244 - ADV_Generation_eps_4.0_steps_100_Purification_type_noisy_anchor_anchors_10_alpha_1.2_sigma_0.18_threshold_0.0 - INFO - Batch 72/154: Clean orig accuracy 0.7153 | Clean purify accuracy 0.5885 | Adv orig accuracy: 0.0000 | Adv purify accuracy: 0.8403
2025-07-10 20:11:00,255 - ADV_Generation_eps_4.0_steps_100_Purification_type_noisy_anchor_anchors_10_alpha_1.2_sigma_0.18_threshold_0.0 - INFO - Batch:[72] Adversarial images for this batch already exist
2025-07-10 20:11:04,199 - ADV_Generation_eps_4.0_steps_100_Purification_type_noisy_anchor_anchors_10_alpha_1.2_sigma_0.18_threshold_0.0 - INFO - Batch 73/154: Clean orig accuracy 0.7055 | Clean purify accuracy 0.5805 | Adv orig accuracy: 0.0000 | Adv purify accuracy: 0.8305
2025-07-10 20:11:04,210 - ADV_Generation_eps_4.0_steps_100_Purification_type_noisy_anchor_anchors_10_alpha_1.2_sigma_0.18_threshold_0.0 - INFO - Batch:[73] Adversarial images for this batch already exist
2025-07-10 20:11:08,132 - ADV_Generation_eps_4.0_steps_100_Purification_type_noisy_anchor_anchors_10_alpha_1.2_sigma_0.18_threshold_0.0 - INFO - Batch 74/154: Clean orig accuracy 0.7002 | Clean purify accuracy 0.5769 | Adv orig accuracy: 0.0000 | Adv purify accuracy: 0.8235
2025-07-10 20:11:08,144 - ADV_Generation_eps_4.0_steps_100_Purification_type_noisy_anchor_anchors_10_alpha_1.2_sigma_0.18_threshold_0.0 - INFO - Batch:[74] Adversarial images for this batch already exist
2025-07-10 20:11:11,950 - ADV_Generation_eps_4.0_steps_100_Purification_type_noisy_anchor_anchors_10_alpha_1.2_sigma_0.18_threshold_0.0 - INFO - Batch 75/154: Clean orig accuracy 0.7042 | Clean purify accuracy 0.5825 | Adv orig accuracy: 0.0000 | Adv purify accuracy: 0.8258
2025-07-10 20:11:11,961 - ADV_Generation_eps_4.0_steps_100_Purification_type_noisy_anchor_anchors_10_alpha_1.2_sigma_0.18_threshold_0.0 - INFO - Batch:[75] Adversarial images for this batch already exist
2025-07-10 20:11:15,807 - ADV_Generation_eps_4.0_steps_100_Purification_type_noisy_anchor_anchors_10_alpha_1.2_sigma_0.18_threshold_0.0 - INFO - Batch 76/154: Clean orig accuracy 0.7072 | Clean purify accuracy 0.5822 | Adv orig accuracy: 0.0000 | Adv purify accuracy: 0.8281
2025-07-10 20:11:15,817 - ADV_Generation_eps_4.0_steps_100_Purification_type_noisy_anchor_anchors_10_alpha_1.2_sigma_0.18_threshold_0.0 - INFO - Batch:[76] Adversarial images for this batch already exist
2025-07-10 20:11:19,712 - ADV_Generation_eps_4.0_steps_100_Purification_type_noisy_anchor_anchors_10_alpha_1.2_sigma_0.18_threshold_0.0 - INFO - Batch 77/154: Clean orig accuracy 0.7070 | Clean purify accuracy 0.5795 | Adv orig accuracy: 0.0000 | Adv purify accuracy: 0.8287
2025-07-10 20:11:19,723 - ADV_Generation_eps_4.0_steps_100_Purification_type_noisy_anchor_anchors_10_alpha_1.2_sigma_0.18_threshold_0.0 - INFO - Batch:[77] Adversarial images for this batch already exist
2025-07-10 20:11:23,565 - ADV_Generation_eps_4.0_steps_100_Purification_type_noisy_anchor_anchors_10_alpha_1.2_sigma_0.18_threshold_0.0 - INFO - Batch 78/154: Clean orig accuracy 0.7107 | Clean purify accuracy 0.5785 | Adv orig accuracy: 0.0000 | Adv purify accuracy: 0.8301
2025-07-10 20:11:23,578 - ADV_Generation_eps_4.0_steps_100_Purification_type_noisy_anchor_anchors_10_alpha_1.2_sigma_0.18_threshold_0.0 - INFO - Batch:[78] Adversarial images for this batch already exist
2025-07-10 20:11:27,481 - ADV_Generation_eps_4.0_steps_100_Purification_type_noisy_anchor_anchors_10_alpha_1.2_sigma_0.18_threshold_0.0 - INFO - Batch 79/154: Clean orig accuracy 0.7144 | Clean purify accuracy 0.5783 | Adv orig accuracy: 0.0000 | Adv purify accuracy: 0.8323
2025-07-10 20:11:27,491 - ADV_Generation_eps_4.0_steps_100_Purification_type_noisy_anchor_anchors_10_alpha_1.2_sigma_0.18_threshold_0.0 - INFO - Batch:[79] Adversarial images for this batch already exist
2025-07-10 20:11:31,295 - ADV_Generation_eps_4.0_steps_100_Purification_type_noisy_anchor_anchors_10_alpha_1.2_sigma_0.18_threshold_0.0 - INFO - Batch 80/154: Clean orig accuracy 0.7180 | Clean purify accuracy 0.5820 | Adv orig accuracy: 0.0000 | Adv purify accuracy: 0.8344
2025-07-10 20:11:31,307 - ADV_Generation_eps_4.0_steps_100_Purification_type_noisy_anchor_anchors_10_alpha_1.2_sigma_0.18_threshold_0.0 - INFO - Batch:[80] Adversarial images for this batch already exist
2025-07-10 20:11:35,169 - ADV_Generation_eps_4.0_steps_100_Purification_type_noisy_anchor_anchors_10_alpha_1.2_sigma_0.18_threshold_0.0 - INFO - Batch 81/154: Clean orig accuracy 0.7215 | Clean purify accuracy 0.5826 | Adv orig accuracy: 0.0000 | Adv purify accuracy: 0.8364
2025-07-10 20:11:35,181 - ADV_Generation_eps_4.0_steps_100_Purification_type_noisy_anchor_anchors_10_alpha_1.2_sigma_0.18_threshold_0.0 - INFO - Batch:[81] Adversarial images for this batch already exist
2025-07-10 20:11:39,128 - ADV_Generation_eps_4.0_steps_100_Purification_type_noisy_anchor_anchors_10_alpha_1.2_sigma_0.18_threshold_0.0 - INFO - Batch 82/154: Clean orig accuracy 0.7248 | Clean purify accuracy 0.5831 | Adv orig accuracy: 0.0000 | Adv purify accuracy: 0.8384
2025-07-10 20:11:39,153 - ADV_Generation_eps_4.0_steps_100_Purification_type_noisy_anchor_anchors_10_alpha_1.2_sigma_0.18_threshold_0.0 - INFO - Batch:[82] Adversarial images for this batch already exist
2025-07-10 20:11:42,981 - ADV_Generation_eps_4.0_steps_100_Purification_type_noisy_anchor_anchors_10_alpha_1.2_sigma_0.18_threshold_0.0 - INFO - Batch 83/154: Clean orig accuracy 0.7282 | Clean purify accuracy 0.5858 | Adv orig accuracy: 0.0000 | Adv purify accuracy: 0.8404
2025-07-10 20:11:42,992 - ADV_Generation_eps_4.0_steps_100_Purification_type_noisy_anchor_anchors_10_alpha_1.2_sigma_0.18_threshold_0.0 - INFO - Batch:[83] Adversarial images for this batch already exist
2025-07-10 20:11:46,856 - ADV_Generation_eps_4.0_steps_100_Purification_type_noisy_anchor_anchors_10_alpha_1.2_sigma_0.18_threshold_0.0 - INFO - Batch 84/154: Clean orig accuracy 0.7307 | Clean purify accuracy 0.5856 | Adv orig accuracy: 0.0000 | Adv purify accuracy: 0.8415
2025-07-10 20:11:46,868 - ADV_Generation_eps_4.0_steps_100_Purification_type_noisy_anchor_anchors_10_alpha_1.2_sigma_0.18_threshold_0.0 - INFO - Batch:[84] Adversarial images for this batch already exist
2025-07-10 20:11:50,744 - ADV_Generation_eps_4.0_steps_100_Purification_type_noisy_anchor_anchors_10_alpha_1.2_sigma_0.18_threshold_0.0 - INFO - Batch 85/154: Clean orig accuracy 0.7338 | Clean purify accuracy 0.5868 | Adv orig accuracy: 0.0000 | Adv purify accuracy: 0.8434
2025-07-10 20:11:50,755 - ADV_Generation_eps_4.0_steps_100_Purification_type_noisy_anchor_anchors_10_alpha_1.2_sigma_0.18_threshold_0.0 - INFO - Batch:[85] Adversarial images for this batch already exist
2025-07-10 20:11:54,614 - ADV_Generation_eps_4.0_steps_100_Purification_type_noisy_anchor_anchors_10_alpha_1.2_sigma_0.18_threshold_0.0 - INFO - Batch 86/154: Clean orig accuracy 0.7355 | Clean purify accuracy 0.5865 | Adv orig accuracy: 0.0000 | Adv purify accuracy: 0.8452
2025-07-10 20:11:54,626 - ADV_Generation_eps_4.0_steps_100_Purification_type_noisy_anchor_anchors_10_alpha_1.2_sigma_0.18_threshold_0.0 - INFO - Batch:[86] Adversarial images for this batch already exist
2025-07-10 20:11:58,554 - ADV_Generation_eps_4.0_steps_100_Purification_type_noisy_anchor_anchors_10_alpha_1.2_sigma_0.18_threshold_0.0 - INFO - Batch 87/154: Clean orig accuracy 0.7385 | Clean purify accuracy 0.5848 | Adv orig accuracy: 0.0000 | Adv purify accuracy: 0.8470
2025-07-10 20:11:58,566 - ADV_Generation_eps_4.0_steps_100_Purification_type_noisy_anchor_anchors_10_alpha_1.2_sigma_0.18_threshold_0.0 - INFO - Batch:[87] Adversarial images for this batch already exist
2025-07-10 20:12:02,366 - ADV_Generation_eps_4.0_steps_100_Purification_type_noisy_anchor_anchors_10_alpha_1.2_sigma_0.18_threshold_0.0 - INFO - Batch 88/154: Clean orig accuracy 0.7401 | Clean purify accuracy 0.5817 | Adv orig accuracy: 0.0000 | Adv purify accuracy: 0.8480
2025-07-10 20:12:02,378 - ADV_Generation_eps_4.0_steps_100_Purification_type_noisy_anchor_anchors_10_alpha_1.2_sigma_0.18_threshold_0.0 - INFO - Batch:[88] Adversarial images for this batch already exist
2025-07-10 20:12:06,328 - ADV_Generation_eps_4.0_steps_100_Purification_type_noisy_anchor_anchors_10_alpha_1.2_sigma_0.18_threshold_0.0 - INFO - Batch 89/154: Clean orig accuracy 0.7360 | Clean purify accuracy 0.5758 | Adv orig accuracy: 0.0000 | Adv purify accuracy: 0.8455
2025-07-10 20:12:06,338 - ADV_Generation_eps_4.0_steps_100_Purification_type_noisy_anchor_anchors_10_alpha_1.2_sigma_0.18_threshold_0.0 - INFO - Batch:[89] Adversarial images for this batch already exist
2025-07-10 20:12:10,246 - ADV_Generation_eps_4.0_steps_100_Purification_type_noisy_anchor_anchors_10_alpha_1.2_sigma_0.18_threshold_0.0 - INFO - Batch 90/154: Clean orig accuracy 0.7292 | Clean purify accuracy 0.5694 | Adv orig accuracy: 0.0000 | Adv purify accuracy: 0.8389
2025-07-10 20:12:10,258 - ADV_Generation_eps_4.0_steps_100_Purification_type_noisy_anchor_anchors_10_alpha_1.2_sigma_0.18_threshold_0.0 - INFO - Batch:[90] Adversarial images for this batch already exist
2025-07-10 20:12:14,145 - ADV_Generation_eps_4.0_steps_100_Purification_type_noisy_anchor_anchors_10_alpha_1.2_sigma_0.18_threshold_0.0 - INFO - Batch 91/154: Clean orig accuracy 0.7315 | Clean purify accuracy 0.5659 | Adv orig accuracy: 0.0000 | Adv purify accuracy: 0.8393
2025-07-10 20:12:14,156 - ADV_Generation_eps_4.0_steps_100_Purification_type_noisy_anchor_anchors_10_alpha_1.2_sigma_0.18_threshold_0.0 - INFO - Batch:[91] Adversarial images for this batch already exist
2025-07-10 20:12:18,069 - ADV_Generation_eps_4.0_steps_100_Purification_type_noisy_anchor_anchors_10_alpha_1.2_sigma_0.18_threshold_0.0 - INFO - Batch 92/154: Clean orig accuracy 0.7344 | Clean purify accuracy 0.5679 | Adv orig accuracy: 0.0000 | Adv purify accuracy: 0.8410
2025-07-10 20:12:18,080 - ADV_Generation_eps_4.0_steps_100_Purification_type_noisy_anchor_anchors_10_alpha_1.2_sigma_0.18_threshold_0.0 - INFO - Batch:[92] Adversarial images for this batch already exist
2025-07-10 20:12:22,033 - ADV_Generation_eps_4.0_steps_100_Purification_type_noisy_anchor_anchors_10_alpha_1.2_sigma_0.18_threshold_0.0 - INFO - Batch 93/154: Clean orig accuracy 0.7359 | Clean purify accuracy 0.5692 | Adv orig accuracy: 0.0000 | Adv purify accuracy: 0.8427
2025-07-10 20:12:22,044 - ADV_Generation_eps_4.0_steps_100_Purification_type_noisy_anchor_anchors_10_alpha_1.2_sigma_0.18_threshold_0.0 - INFO - Batch:[93] Adversarial images for this batch already exist
2025-07-10 20:12:25,999 - ADV_Generation_eps_4.0_steps_100_Purification_type_noisy_anchor_anchors_10_alpha_1.2_sigma_0.18_threshold_0.0 - INFO - Batch 94/154: Clean orig accuracy 0.7354 | Clean purify accuracy 0.5685 | Adv orig accuracy: 0.0000 | Adv purify accuracy: 0.8438
2025-07-10 20:12:26,010 - ADV_Generation_eps_4.0_steps_100_Purification_type_noisy_anchor_anchors_10_alpha_1.2_sigma_0.18_threshold_0.0 - INFO - Batch:[94] Adversarial images for this batch already exist
2025-07-10 20:12:29,851 - ADV_Generation_eps_4.0_steps_100_Purification_type_noisy_anchor_anchors_10_alpha_1.2_sigma_0.18_threshold_0.0 - INFO - Batch 95/154: Clean orig accuracy 0.7329 | Clean purify accuracy 0.5704 | Adv orig accuracy: 0.0000 | Adv purify accuracy: 0.8454
2025-07-10 20:12:29,862 - ADV_Generation_eps_4.0_steps_100_Purification_type_noisy_anchor_anchors_10_alpha_1.2_sigma_0.18_threshold_0.0 - INFO - Batch:[95] Adversarial images for this batch already exist
2025-07-10 20:12:33,752 - ADV_Generation_eps_4.0_steps_100_Purification_type_noisy_anchor_anchors_10_alpha_1.2_sigma_0.18_threshold_0.0 - INFO - Batch 96/154: Clean orig accuracy 0.7357 | Clean purify accuracy 0.5690 | Adv orig accuracy: 0.0000 | Adv purify accuracy: 0.8470
2025-07-10 20:12:33,763 - ADV_Generation_eps_4.0_steps_100_Purification_type_noisy_anchor_anchors_10_alpha_1.2_sigma_0.18_threshold_0.0 - INFO - Batch:[96] Adversarial images for this batch already exist
2025-07-10 20:12:37,623 - ADV_Generation_eps_4.0_steps_100_Purification_type_noisy_anchor_anchors_10_alpha_1.2_sigma_0.18_threshold_0.0 - INFO - Batch 97/154: Clean orig accuracy 0.7384 | Clean purify accuracy 0.5709 | Adv orig accuracy: 0.0000 | Adv purify accuracy: 0.8486
2025-07-10 20:12:37,634 - ADV_Generation_eps_4.0_steps_100_Purification_type_noisy_anchor_anchors_10_alpha_1.2_sigma_0.18_threshold_0.0 - INFO - Batch:[97] Adversarial images for this batch already exist
2025-07-10 20:12:41,622 - ADV_Generation_eps_4.0_steps_100_Purification_type_noisy_anchor_anchors_10_alpha_1.2_sigma_0.18_threshold_0.0 - INFO - Batch 98/154: Clean orig accuracy 0.7353 | Clean purify accuracy 0.5670 | Adv orig accuracy: 0.0000 | Adv purify accuracy: 0.8489
2025-07-10 20:12:41,632 - ADV_Generation_eps_4.0_steps_100_Purification_type_noisy_anchor_anchors_10_alpha_1.2_sigma_0.18_threshold_0.0 - INFO - Batch:[98] Adversarial images for this batch already exist
2025-07-10 20:12:45,535 - ADV_Generation_eps_4.0_steps_100_Purification_type_noisy_anchor_anchors_10_alpha_1.2_sigma_0.18_threshold_0.0 - INFO - Batch 99/154: Clean orig accuracy 0.7361 | Clean purify accuracy 0.5657 | Adv orig accuracy: 0.0000 | Adv purify accuracy: 0.8497
2025-07-10 20:12:45,580 - ADV_Generation_eps_4.0_steps_100_Purification_type_noisy_anchor_anchors_10_alpha_1.2_sigma_0.18_threshold_0.0 - INFO - Batch:[99] Adversarial images for this batch already exist
2025-07-10 20:12:49,431 - ADV_Generation_eps_4.0_steps_100_Purification_type_noisy_anchor_anchors_10_alpha_1.2_sigma_0.18_threshold_0.0 - INFO - Batch 100/154: Clean orig accuracy 0.7388 | Clean purify accuracy 0.5606 | Adv orig accuracy: 0.0000 | Adv purify accuracy: 0.8512
2025-07-10 20:12:49,455 - ADV_Generation_eps_4.0_steps_100_Purification_type_noisy_anchor_anchors_10_alpha_1.2_sigma_0.18_threshold_0.0 - INFO - Batch:[100] Adversarial images for this batch already exist
2025-07-10 20:12:53,350 - ADV_Generation_eps_4.0_steps_100_Purification_type_noisy_anchor_anchors_10_alpha_1.2_sigma_0.18_threshold_0.0 - INFO - Batch 101/154: Clean orig accuracy 0.7407 | Clean purify accuracy 0.5575 | Adv orig accuracy: 0.0000 | Adv purify accuracy: 0.8521
2025-07-10 20:12:53,359 - ADV_Generation_eps_4.0_steps_100_Purification_type_noisy_anchor_anchors_10_alpha_1.2_sigma_0.18_threshold_0.0 - INFO - Batch:[101] Adversarial images for this batch already exist
2025-07-10 20:12:57,188 - ADV_Generation_eps_4.0_steps_100_Purification_type_noisy_anchor_anchors_10_alpha_1.2_sigma_0.18_threshold_0.0 - INFO - Batch 102/154: Clean orig accuracy 0.7433 | Clean purify accuracy 0.5594 | Adv orig accuracy: 0.0000 | Adv purify accuracy: 0.8529
2025-07-10 20:12:57,199 - ADV_Generation_eps_4.0_steps_100_Purification_type_noisy_anchor_anchors_10_alpha_1.2_sigma_0.18_threshold_0.0 - INFO - Batch:[102] Adversarial images for this batch already exist
2025-07-10 20:13:01,151 - ADV_Generation_eps_4.0_steps_100_Purification_type_noisy_anchor_anchors_10_alpha_1.2_sigma_0.18_threshold_0.0 - INFO - Batch 103/154: Clean orig accuracy 0.7458 | Clean purify accuracy 0.5625 | Adv orig accuracy: 0.0000 | Adv purify accuracy: 0.8538
2025-07-10 20:13:01,162 - ADV_Generation_eps_4.0_steps_100_Purification_type_noisy_anchor_anchors_10_alpha_1.2_sigma_0.18_threshold_0.0 - INFO - Batch:[103] Adversarial images for this batch already exist
2025-07-10 20:13:05,092 - ADV_Generation_eps_4.0_steps_100_Purification_type_noisy_anchor_anchors_10_alpha_1.2_sigma_0.18_threshold_0.0 - INFO - Batch 104/154: Clean orig accuracy 0.7482 | Clean purify accuracy 0.5637 | Adv orig accuracy: 0.0000 | Adv purify accuracy: 0.8540
2025-07-10 20:13:05,105 - ADV_Generation_eps_4.0_steps_100_Purification_type_noisy_anchor_anchors_10_alpha_1.2_sigma_0.18_threshold_0.0 - INFO - Batch:[104] Adversarial images for this batch already exist
2025-07-10 20:13:08,988 - ADV_Generation_eps_4.0_steps_100_Purification_type_noisy_anchor_anchors_10_alpha_1.2_sigma_0.18_threshold_0.0 - INFO - Batch 105/154: Clean orig accuracy 0.7506 | Clean purify accuracy 0.5673 | Adv orig accuracy: 0.0000 | Adv purify accuracy: 0.8554
2025-07-10 20:13:08,999 - ADV_Generation_eps_4.0_steps_100_Purification_type_noisy_anchor_anchors_10_alpha_1.2_sigma_0.18_threshold_0.0 - INFO - Batch:[105] Adversarial images for this batch already exist
2025-07-10 20:13:13,069 - ADV_Generation_eps_4.0_steps_100_Purification_type_noisy_anchor_anchors_10_alpha_1.2_sigma_0.18_threshold_0.0 - INFO - Batch 106/154: Clean orig accuracy 0.7524 | Clean purify accuracy 0.5702 | Adv orig accuracy: 0.0000 | Adv purify accuracy: 0.8567
2025-07-10 20:13:13,080 - ADV_Generation_eps_4.0_steps_100_Purification_type_noisy_anchor_anchors_10_alpha_1.2_sigma_0.18_threshold_0.0 - INFO - Batch:[106] Adversarial images for this batch already exist
2025-07-10 20:13:16,972 - ADV_Generation_eps_4.0_steps_100_Purification_type_noisy_anchor_anchors_10_alpha_1.2_sigma_0.18_threshold_0.0 - INFO - Batch 107/154: Clean orig accuracy 0.7541 | Clean purify accuracy 0.5672 | Adv orig accuracy: 0.0000 | Adv purify accuracy: 0.8540
2025-07-10 20:13:16,983 - ADV_Generation_eps_4.0_steps_100_Purification_type_noisy_anchor_anchors_10_alpha_1.2_sigma_0.18_threshold_0.0 - INFO - Batch:[107] Adversarial images for this batch already exist
2025-07-10 20:13:20,821 - ADV_Generation_eps_4.0_steps_100_Purification_type_noisy_anchor_anchors_10_alpha_1.2_sigma_0.18_threshold_0.0 - INFO - Batch 108/154: Clean orig accuracy 0.7552 | Clean purify accuracy 0.5700 | Adv orig accuracy: 0.0000 | Adv purify accuracy: 0.8547
2025-07-10 20:13:20,833 - ADV_Generation_eps_4.0_steps_100_Purification_type_noisy_anchor_anchors_10_alpha_1.2_sigma_0.18_threshold_0.0 - INFO - Batch:[108] Adversarial images for this batch already exist
2025-07-10 20:13:24,726 - ADV_Generation_eps_4.0_steps_100_Purification_type_noisy_anchor_anchors_10_alpha_1.2_sigma_0.18_threshold_0.0 - INFO - Batch 109/154: Clean orig accuracy 0.7575 | Clean purify accuracy 0.5682 | Adv orig accuracy: 0.0000 | Adv purify accuracy: 0.8561
2025-07-10 20:13:24,737 - ADV_Generation_eps_4.0_steps_100_Purification_type_noisy_anchor_anchors_10_alpha_1.2_sigma_0.18_threshold_0.0 - INFO - Batch:[109] Adversarial images for this batch already exist
2025-07-10 20:13:28,627 - ADV_Generation_eps_4.0_steps_100_Purification_type_noisy_anchor_anchors_10_alpha_1.2_sigma_0.18_threshold_0.0 - INFO - Batch 110/154: Clean orig accuracy 0.7528 | Clean purify accuracy 0.5642 | Adv orig accuracy: 0.0000 | Adv purify accuracy: 0.8528
2025-07-10 20:13:28,639 - ADV_Generation_eps_4.0_steps_100_Purification_type_noisy_anchor_anchors_10_alpha_1.2_sigma_0.18_threshold_0.0 - INFO - Batch:[110] Adversarial images for this batch already exist
2025-07-10 20:13:32,568 - ADV_Generation_eps_4.0_steps_100_Purification_type_noisy_anchor_anchors_10_alpha_1.2_sigma_0.18_threshold_0.0 - INFO - Batch 111/154: Clean orig accuracy 0.7523 | Clean purify accuracy 0.5653 | Adv orig accuracy: 0.0000 | Adv purify accuracy: 0.8519
2025-07-10 20:13:32,579 - ADV_Generation_eps_4.0_steps_100_Purification_type_noisy_anchor_anchors_10_alpha_1.2_sigma_0.18_threshold_0.0 - INFO - Batch:[111] Adversarial images for this batch already exist
2025-07-10 20:13:36,531 - ADV_Generation_eps_4.0_steps_100_Purification_type_noisy_anchor_anchors_10_alpha_1.2_sigma_0.18_threshold_0.0 - INFO - Batch 112/154: Clean orig accuracy 0.7539 | Clean purify accuracy 0.5675 | Adv orig accuracy: 0.0000 | Adv purify accuracy: 0.8527
2025-07-10 20:13:36,542 - ADV_Generation_eps_4.0_steps_100_Purification_type_noisy_anchor_anchors_10_alpha_1.2_sigma_0.18_threshold_0.0 - INFO - Batch:[112] Adversarial images for this batch already exist
2025-07-10 20:13:40,481 - ADV_Generation_eps_4.0_steps_100_Purification_type_noisy_anchor_anchors_10_alpha_1.2_sigma_0.18_threshold_0.0 - INFO - Batch 113/154: Clean orig accuracy 0.7555 | Clean purify accuracy 0.5669 | Adv orig accuracy: 0.0000 | Adv purify accuracy: 0.8540
2025-07-10 20:13:40,492 - ADV_Generation_eps_4.0_steps_100_Purification_type_noisy_anchor_anchors_10_alpha_1.2_sigma_0.18_threshold_0.0 - INFO - Batch:[113] Adversarial images for this batch already exist
2025-07-10 20:13:44,334 - ADV_Generation_eps_4.0_steps_100_Purification_type_noisy_anchor_anchors_10_alpha_1.2_sigma_0.18_threshold_0.0 - INFO - Batch 114/154: Clean orig accuracy 0.7516 | Clean purify accuracy 0.5630 | Adv orig accuracy: 0.0000 | Adv purify accuracy: 0.8492
2025-07-10 20:13:44,345 - ADV_Generation_eps_4.0_steps_100_Purification_type_noisy_anchor_anchors_10_alpha_1.2_sigma_0.18_threshold_0.0 - INFO - Batch:[114] Adversarial images for this batch already exist
2025-07-10 20:13:48,190 - ADV_Generation_eps_4.0_steps_100_Purification_type_noisy_anchor_anchors_10_alpha_1.2_sigma_0.18_threshold_0.0 - INFO - Batch 115/154: Clean orig accuracy 0.7522 | Clean purify accuracy 0.5652 | Adv orig accuracy: 0.0000 | Adv purify accuracy: 0.8489
2025-07-10 20:13:48,201 - ADV_Generation_eps_4.0_steps_100_Purification_type_noisy_anchor_anchors_10_alpha_1.2_sigma_0.18_threshold_0.0 - INFO - Batch:[115] Adversarial images for this batch already exist
2025-07-10 20:13:52,079 - ADV_Generation_eps_4.0_steps_100_Purification_type_noisy_anchor_anchors_10_alpha_1.2_sigma_0.18_threshold_0.0 - INFO - Batch 116/154: Clean orig accuracy 0.7462 | Clean purify accuracy 0.5609 | Adv orig accuracy: 0.0000 | Adv purify accuracy: 0.8448
2025-07-10 20:13:52,089 - ADV_Generation_eps_4.0_steps_100_Purification_type_noisy_anchor_anchors_10_alpha_1.2_sigma_0.18_threshold_0.0 - INFO - Batch:[116] Adversarial images for this batch already exist
2025-07-10 20:13:55,921 - ADV_Generation_eps_4.0_steps_100_Purification_type_noisy_anchor_anchors_10_alpha_1.2_sigma_0.18_threshold_0.0 - INFO - Batch 117/154: Clean orig accuracy 0.7415 | Clean purify accuracy 0.5572 | Adv orig accuracy: 0.0000 | Adv purify accuracy: 0.8440
2025-07-10 20:13:55,933 - ADV_Generation_eps_4.0_steps_100_Purification_type_noisy_anchor_anchors_10_alpha_1.2_sigma_0.18_threshold_0.0 - INFO - Batch:[117] Adversarial images for this batch already exist
2025-07-10 20:13:59,780 - ADV_Generation_eps_4.0_steps_100_Purification_type_noisy_anchor_anchors_10_alpha_1.2_sigma_0.18_threshold_0.0 - INFO - Batch 118/154: Clean orig accuracy 0.7431 | Clean purify accuracy 0.5551 | Adv orig accuracy: 0.0000 | Adv purify accuracy: 0.8453
2025-07-10 20:13:59,792 - ADV_Generation_eps_4.0_steps_100_Purification_type_noisy_anchor_anchors_10_alpha_1.2_sigma_0.18_threshold_0.0 - INFO - Batch:[118] Adversarial images for this batch already exist
2025-07-10 20:14:03,639 - ADV_Generation_eps_4.0_steps_100_Purification_type_noisy_anchor_anchors_10_alpha_1.2_sigma_0.18_threshold_0.0 - INFO - Batch 119/154: Clean orig accuracy 0.7442 | Clean purify accuracy 0.5515 | Adv orig accuracy: 0.0000 | Adv purify accuracy: 0.8466
2025-07-10 20:14:03,651 - ADV_Generation_eps_4.0_steps_100_Purification_type_noisy_anchor_anchors_10_alpha_1.2_sigma_0.18_threshold_0.0 - INFO - Batch:[119] Adversarial images for this batch already exist
2025-07-10 20:14:07,517 - ADV_Generation_eps_4.0_steps_100_Purification_type_noisy_anchor_anchors_10_alpha_1.2_sigma_0.18_threshold_0.0 - INFO - Batch 120/154: Clean orig accuracy 0.7464 | Clean purify accuracy 0.5536 | Adv orig accuracy: 0.0000 | Adv purify accuracy: 0.8479
2025-07-10 20:14:07,529 - ADV_Generation_eps_4.0_steps_100_Purification_type_noisy_anchor_anchors_10_alpha_1.2_sigma_0.18_threshold_0.0 - INFO - Batch:[120] Adversarial images for this batch already exist
2025-07-10 20:14:11,424 - ADV_Generation_eps_4.0_steps_100_Purification_type_noisy_anchor_anchors_10_alpha_1.2_sigma_0.18_threshold_0.0 - INFO - Batch 121/154: Clean orig accuracy 0.7485 | Clean purify accuracy 0.5563 | Adv orig accuracy: 0.0000 | Adv purify accuracy: 0.8492
2025-07-10 20:14:11,436 - ADV_Generation_eps_4.0_steps_100_Purification_type_noisy_anchor_anchors_10_alpha_1.2_sigma_0.18_threshold_0.0 - INFO - Batch:[121] Adversarial images for this batch already exist
2025-07-10 20:14:15,345 - ADV_Generation_eps_4.0_steps_100_Purification_type_noisy_anchor_anchors_10_alpha_1.2_sigma_0.18_threshold_0.0 - INFO - Batch 122/154: Clean orig accuracy 0.7505 | Clean purify accuracy 0.5599 | Adv orig accuracy: 0.0000 | Adv purify accuracy: 0.8504
2025-07-10 20:14:15,355 - ADV_Generation_eps_4.0_steps_100_Purification_type_noisy_anchor_anchors_10_alpha_1.2_sigma_0.18_threshold_0.0 - INFO - Batch:[122] Adversarial images for this batch already exist
2025-07-10 20:14:19,192 - ADV_Generation_eps_4.0_steps_100_Purification_type_noisy_anchor_anchors_10_alpha_1.2_sigma_0.18_threshold_0.0 - INFO - Batch 123/154: Clean orig accuracy 0.7520 | Clean purify accuracy 0.5595 | Adv orig accuracy: 0.0000 | Adv purify accuracy: 0.8511
2025-07-10 20:14:19,203 - ADV_Generation_eps_4.0_steps_100_Purification_type_noisy_anchor_anchors_10_alpha_1.2_sigma_0.18_threshold_0.0 - INFO - Batch:[123] Adversarial images for this batch already exist
2025-07-10 20:14:23,076 - ADV_Generation_eps_4.0_steps_100_Purification_type_noisy_anchor_anchors_10_alpha_1.2_sigma_0.18_threshold_0.0 - INFO - Batch 124/154: Clean orig accuracy 0.7540 | Clean purify accuracy 0.5615 | Adv orig accuracy: 0.0000 | Adv purify accuracy: 0.8518
2025-07-10 20:14:23,087 - ADV_Generation_eps_4.0_steps_100_Purification_type_noisy_anchor_anchors_10_alpha_1.2_sigma_0.18_threshold_0.0 - INFO - Batch:[124] Adversarial images for this batch already exist
2025-07-10 20:14:26,984 - ADV_Generation_eps_4.0_steps_100_Purification_type_noisy_anchor_anchors_10_alpha_1.2_sigma_0.18_threshold_0.0 - INFO - Batch 125/154: Clean orig accuracy 0.7555 | Clean purify accuracy 0.5645 | Adv orig accuracy: 0.0000 | Adv purify accuracy: 0.8525
2025-07-10 20:14:27,032 - ADV_Generation_eps_4.0_steps_100_Purification_type_noisy_anchor_anchors_10_alpha_1.2_sigma_0.18_threshold_0.0 - INFO - Batch:[125] Adversarial images for this batch already exist
2025-07-10 20:14:30,965 - ADV_Generation_eps_4.0_steps_100_Purification_type_noisy_anchor_anchors_10_alpha_1.2_sigma_0.18_threshold_0.0 - INFO - Batch 126/154: Clean orig accuracy 0.7560 | Clean purify accuracy 0.5630 | Adv orig accuracy: 0.0000 | Adv purify accuracy: 0.8527
2025-07-10 20:14:30,976 - ADV_Generation_eps_4.0_steps_100_Purification_type_noisy_anchor_anchors_10_alpha_1.2_sigma_0.18_threshold_0.0 - INFO - Batch:[126] Adversarial images for this batch already exist
2025-07-10 20:14:34,836 - ADV_Generation_eps_4.0_steps_100_Purification_type_noisy_anchor_anchors_10_alpha_1.2_sigma_0.18_threshold_0.0 - INFO - Batch 127/154: Clean orig accuracy 0.7559 | Clean purify accuracy 0.5625 | Adv orig accuracy: 0.0000 | Adv purify accuracy: 0.8538
2025-07-10 20:14:34,847 - ADV_Generation_eps_4.0_steps_100_Purification_type_noisy_anchor_anchors_10_alpha_1.2_sigma_0.18_threshold_0.0 - INFO - Batch:[127] Adversarial images for this batch already exist
2025-07-10 20:14:38,708 - ADV_Generation_eps_4.0_steps_100_Purification_type_noisy_anchor_anchors_10_alpha_1.2_sigma_0.18_threshold_0.0 - INFO - Batch 128/154: Clean orig accuracy 0.7578 | Clean purify accuracy 0.5645 | Adv orig accuracy: 0.0000 | Adv purify accuracy: 0.8550
2025-07-10 20:14:38,719 - ADV_Generation_eps_4.0_steps_100_Purification_type_noisy_anchor_anchors_10_alpha_1.2_sigma_0.18_threshold_0.0 - INFO - Batch:[128] Adversarial images for this batch already exist
2025-07-10 20:14:42,625 - ADV_Generation_eps_4.0_steps_100_Purification_type_noisy_anchor_anchors_10_alpha_1.2_sigma_0.18_threshold_0.0 - INFO - Batch 129/154: Clean orig accuracy 0.7578 | Clean purify accuracy 0.5664 | Adv orig accuracy: 0.0000 | Adv purify accuracy: 0.8561
2025-07-10 20:14:42,636 - ADV_Generation_eps_4.0_steps_100_Purification_type_noisy_anchor_anchors_10_alpha_1.2_sigma_0.18_threshold_0.0 - INFO - Batch:[129] Adversarial images for this batch already exist
2025-07-10 20:14:46,578 - ADV_Generation_eps_4.0_steps_100_Purification_type_noisy_anchor_anchors_10_alpha_1.2_sigma_0.18_threshold_0.0 - INFO - Batch 130/154: Clean orig accuracy 0.7567 | Clean purify accuracy 0.5659 | Adv orig accuracy: 0.0000 | Adv purify accuracy: 0.8543
2025-07-10 20:14:46,588 - ADV_Generation_eps_4.0_steps_100_Purification_type_noisy_anchor_anchors_10_alpha_1.2_sigma_0.18_threshold_0.0 - INFO - Batch:[130] Adversarial images for this batch already exist
2025-07-10 20:14:50,446 - ADV_Generation_eps_4.0_steps_100_Purification_type_noisy_anchor_anchors_10_alpha_1.2_sigma_0.18_threshold_0.0 - INFO - Batch 131/154: Clean orig accuracy 0.7557 | Clean purify accuracy 0.5649 | Adv orig accuracy: 0.0000 | Adv purify accuracy: 0.8526
2025-07-10 20:14:50,457 - ADV_Generation_eps_4.0_steps_100_Purification_type_noisy_anchor_anchors_10_alpha_1.2_sigma_0.18_threshold_0.0 - INFO - Batch:[131] Adversarial images for this batch already exist
2025-07-10 20:14:54,465 - ADV_Generation_eps_4.0_steps_100_Purification_type_noisy_anchor_anchors_10_alpha_1.2_sigma_0.18_threshold_0.0 - INFO - Batch 132/154: Clean orig accuracy 0.7562 | Clean purify accuracy 0.5634 | Adv orig accuracy: 0.0000 | Adv purify accuracy: 0.8537
2025-07-10 20:14:54,475 - ADV_Generation_eps_4.0_steps_100_Purification_type_noisy_anchor_anchors_10_alpha_1.2_sigma_0.18_threshold_0.0 - INFO - Batch:[132] Adversarial images for this batch already exist
2025-07-10 20:14:58,268 - ADV_Generation_eps_4.0_steps_100_Purification_type_noisy_anchor_anchors_10_alpha_1.2_sigma_0.18_threshold_0.0 - INFO - Batch 133/154: Clean orig accuracy 0.7570 | Clean purify accuracy 0.5611 | Adv orig accuracy: 0.0000 | Adv purify accuracy: 0.8548
2025-07-10 20:14:58,280 - ADV_Generation_eps_4.0_steps_100_Purification_type_noisy_anchor_anchors_10_alpha_1.2_sigma_0.18_threshold_0.0 - INFO - Batch:[133] Adversarial images for this batch already exist
2025-07-10 20:15:02,119 - ADV_Generation_eps_4.0_steps_100_Purification_type_noisy_anchor_anchors_10_alpha_1.2_sigma_0.18_threshold_0.0 - INFO - Batch 134/154: Clean orig accuracy 0.7556 | Clean purify accuracy 0.5592 | Adv orig accuracy: 0.0000 | Adv purify accuracy: 0.8549
2025-07-10 20:15:02,131 - ADV_Generation_eps_4.0_steps_100_Purification_type_noisy_anchor_anchors_10_alpha_1.2_sigma_0.18_threshold_0.0 - INFO - Batch:[134] Adversarial images for this batch already exist
2025-07-10 20:15:06,067 - ADV_Generation_eps_4.0_steps_100_Purification_type_noisy_anchor_anchors_10_alpha_1.2_sigma_0.18_threshold_0.0 - INFO - Batch 135/154: Clean orig accuracy 0.7569 | Clean purify accuracy 0.5625 | Adv orig accuracy: 0.0000 | Adv purify accuracy: 0.8560
2025-07-10 20:15:06,078 - ADV_Generation_eps_4.0_steps_100_Purification_type_noisy_anchor_anchors_10_alpha_1.2_sigma_0.18_threshold_0.0 - INFO - Batch:[135] Adversarial images for this batch already exist
2025-07-10 20:15:09,983 - ADV_Generation_eps_4.0_steps_100_Purification_type_noisy_anchor_anchors_10_alpha_1.2_sigma_0.18_threshold_0.0 - INFO - Batch 136/154: Clean orig accuracy 0.7541 | Clean purify accuracy 0.5607 | Adv orig accuracy: 0.0000 | Adv purify accuracy: 0.8525
2025-07-10 20:15:09,995 - ADV_Generation_eps_4.0_steps_100_Purification_type_noisy_anchor_anchors_10_alpha_1.2_sigma_0.18_threshold_0.0 - INFO - Batch:[136] Adversarial images for this batch already exist
2025-07-10 20:15:13,890 - ADV_Generation_eps_4.0_steps_100_Purification_type_noisy_anchor_anchors_10_alpha_1.2_sigma_0.18_threshold_0.0 - INFO - Batch 137/154: Clean orig accuracy 0.7550 | Clean purify accuracy 0.5625 | Adv orig accuracy: 0.0000 | Adv purify accuracy: 0.8526
2025-07-10 20:15:13,901 - ADV_Generation_eps_4.0_steps_100_Purification_type_noisy_anchor_anchors_10_alpha_1.2_sigma_0.18_threshold_0.0 - INFO - Batch:[137] Adversarial images for this batch already exist
2025-07-10 20:15:17,835 - ADV_Generation_eps_4.0_steps_100_Purification_type_noisy_anchor_anchors_10_alpha_1.2_sigma_0.18_threshold_0.0 - INFO - Batch 138/154: Clean orig accuracy 0.7563 | Clean purify accuracy 0.5602 | Adv orig accuracy: 0.0000 | Adv purify accuracy: 0.8533
2025-07-10 20:15:17,849 - ADV_Generation_eps_4.0_steps_100_Purification_type_noisy_anchor_anchors_10_alpha_1.2_sigma_0.18_threshold_0.0 - INFO - Batch:[138] Adversarial images for this batch already exist
2025-07-10 20:15:21,773 - ADV_Generation_eps_4.0_steps_100_Purification_type_noisy_anchor_anchors_10_alpha_1.2_sigma_0.18_threshold_0.0 - INFO - Batch 139/154: Clean orig accuracy 0.7581 | Clean purify accuracy 0.5612 | Adv orig accuracy: 0.0000 | Adv purify accuracy: 0.8543
2025-07-10 20:15:21,785 - ADV_Generation_eps_4.0_steps_100_Purification_type_noisy_anchor_anchors_10_alpha_1.2_sigma_0.18_threshold_0.0 - INFO - Batch:[139] Adversarial images for this batch already exist
2025-07-10 20:15:25,693 - ADV_Generation_eps_4.0_steps_100_Purification_type_noisy_anchor_anchors_10_alpha_1.2_sigma_0.18_threshold_0.0 - INFO - Batch 140/154: Clean orig accuracy 0.7585 | Clean purify accuracy 0.5607 | Adv orig accuracy: 0.0000 | Adv purify accuracy: 0.8554
2025-07-10 20:15:25,738 - ADV_Generation_eps_4.0_steps_100_Purification_type_noisy_anchor_anchors_10_alpha_1.2_sigma_0.18_threshold_0.0 - INFO - Batch:[140] Adversarial images for this batch already exist
2025-07-10 20:15:29,654 - ADV_Generation_eps_4.0_steps_100_Purification_type_noisy_anchor_anchors_10_alpha_1.2_sigma_0.18_threshold_0.0 - INFO - Batch 141/154: Clean orig accuracy 0.7598 | Clean purify accuracy 0.5638 | Adv orig accuracy: 0.0000 | Adv purify accuracy: 0.8564
2025-07-10 20:15:29,665 - ADV_Generation_eps_4.0_steps_100_Purification_type_noisy_anchor_anchors_10_alpha_1.2_sigma_0.18_threshold_0.0 - INFO - Batch:[141] Adversarial images for this batch already exist
2025-07-10 20:15:33,617 - ADV_Generation_eps_4.0_steps_100_Purification_type_noisy_anchor_anchors_10_alpha_1.2_sigma_0.18_threshold_0.0 - INFO - Batch 142/154: Clean orig accuracy 0.7614 | Clean purify accuracy 0.5669 | Adv orig accuracy: 0.0000 | Adv purify accuracy: 0.8574
2025-07-10 20:15:33,628 - ADV_Generation_eps_4.0_steps_100_Purification_type_noisy_anchor_anchors_10_alpha_1.2_sigma_0.18_threshold_0.0 - INFO - Batch:[142] Adversarial images for this batch already exist
2025-07-10 20:15:37,652 - ADV_Generation_eps_4.0_steps_100_Purification_type_noisy_anchor_anchors_10_alpha_1.2_sigma_0.18_threshold_0.0 - INFO - Batch 143/154: Clean orig accuracy 0.7631 | Clean purify accuracy 0.5699 | Adv orig accuracy: 0.0000 | Adv purify accuracy: 0.8584
2025-07-10 20:15:37,664 - ADV_Generation_eps_4.0_steps_100_Purification_type_noisy_anchor_anchors_10_alpha_1.2_sigma_0.18_threshold_0.0 - INFO - Batch:[143] Adversarial images for this batch already exist
2025-07-10 20:15:41,490 - ADV_Generation_eps_4.0_steps_100_Purification_type_noisy_anchor_anchors_10_alpha_1.2_sigma_0.18_threshold_0.0 - INFO - Batch 144/154: Clean orig accuracy 0.7643 | Clean purify accuracy 0.5681 | Adv orig accuracy: 0.0000 | Adv purify accuracy: 0.8594
2025-07-10 20:15:41,502 - ADV_Generation_eps_4.0_steps_100_Purification_type_noisy_anchor_anchors_10_alpha_1.2_sigma_0.18_threshold_0.0 - INFO - Batch:[144] Adversarial images for this batch already exist
2025-07-10 20:15:45,367 - ADV_Generation_eps_4.0_steps_100_Purification_type_noisy_anchor_anchors_10_alpha_1.2_sigma_0.18_threshold_0.0 - INFO - Batch 145/154: Clean orig accuracy 0.7659 | Clean purify accuracy 0.5677 | Adv orig accuracy: 0.0000 | Adv purify accuracy: 0.8599
2025-07-10 20:15:45,378 - ADV_Generation_eps_4.0_steps_100_Purification_type_noisy_anchor_anchors_10_alpha_1.2_sigma_0.18_threshold_0.0 - INFO - Batch:[145] Adversarial images for this batch already exist
2025-07-10 20:15:49,273 - ADV_Generation_eps_4.0_steps_100_Purification_type_noisy_anchor_anchors_10_alpha_1.2_sigma_0.18_threshold_0.0 - INFO - Batch 146/154: Clean orig accuracy 0.7663 | Clean purify accuracy 0.5676 | Adv orig accuracy: 0.0000 | Adv purify accuracy: 0.8604
2025-07-10 20:15:49,284 - ADV_Generation_eps_4.0_steps_100_Purification_type_noisy_anchor_anchors_10_alpha_1.2_sigma_0.18_threshold_0.0 - INFO - Batch:[146] Adversarial images for this batch already exist
2025-07-10 20:15:53,163 - ADV_Generation_eps_4.0_steps_100_Purification_type_noisy_anchor_anchors_10_alpha_1.2_sigma_0.18_threshold_0.0 - INFO - Batch 147/154: Clean orig accuracy 0.7674 | Clean purify accuracy 0.5693 | Adv orig accuracy: 0.0000 | Adv purify accuracy: 0.8610
2025-07-10 20:15:53,175 - ADV_Generation_eps_4.0_steps_100_Purification_type_noisy_anchor_anchors_10_alpha_1.2_sigma_0.18_threshold_0.0 - INFO - Batch:[147] Adversarial images for this batch already exist
2025-07-10 20:15:57,093 - ADV_Generation_eps_4.0_steps_100_Purification_type_noisy_anchor_anchors_10_alpha_1.2_sigma_0.18_threshold_0.0 - INFO - Batch 148/154: Clean orig accuracy 0.7631 | Clean purify accuracy 0.5663 | Adv orig accuracy: 0.0000 | Adv purify accuracy: 0.8577
2025-07-10 20:15:57,105 - ADV_Generation_eps_4.0_steps_100_Purification_type_noisy_anchor_anchors_10_alpha_1.2_sigma_0.18_threshold_0.0 - INFO - Batch:[148] Adversarial images for this batch already exist
2025-07-10 20:16:00,998 - ADV_Generation_eps_4.0_steps_100_Purification_type_noisy_anchor_anchors_10_alpha_1.2_sigma_0.18_threshold_0.0 - INFO - Batch 149/154: Clean orig accuracy 0.7605 | Clean purify accuracy 0.5629 | Adv orig accuracy: 0.0000 | Adv purify accuracy: 0.8561
2025-07-10 20:16:01,009 - ADV_Generation_eps_4.0_steps_100_Purification_type_noisy_anchor_anchors_10_alpha_1.2_sigma_0.18_threshold_0.0 - INFO - Batch:[149] Adversarial images for this batch already exist
2025-07-10 20:16:04,979 - ADV_Generation_eps_4.0_steps_100_Purification_type_noisy_anchor_anchors_10_alpha_1.2_sigma_0.18_threshold_0.0 - INFO - Batch 150/154: Clean orig accuracy 0.7596 | Clean purify accuracy 0.5613 | Adv orig accuracy: 0.0000 | Adv purify accuracy: 0.8571
2025-07-10 20:16:04,990 - ADV_Generation_eps_4.0_steps_100_Purification_type_noisy_anchor_anchors_10_alpha_1.2_sigma_0.18_threshold_0.0 - INFO - Batch:[150] Adversarial images for this batch already exist
2025-07-10 20:16:08,906 - ADV_Generation_eps_4.0_steps_100_Purification_type_noisy_anchor_anchors_10_alpha_1.2_sigma_0.18_threshold_0.0 - INFO - Batch 151/154: Clean orig accuracy 0.7603 | Clean purify accuracy 0.5617 | Adv orig accuracy: 0.0000 | Adv purify accuracy: 0.8580
2025-07-10 20:16:08,917 - ADV_Generation_eps_4.0_steps_100_Purification_type_noisy_anchor_anchors_10_alpha_1.2_sigma_0.18_threshold_0.0 - INFO - Batch:[151] Adversarial images for this batch already exist
2025-07-10 20:16:12,834 - ADV_Generation_eps_4.0_steps_100_Purification_type_noisy_anchor_anchors_10_alpha_1.2_sigma_0.18_threshold_0.0 - INFO - Batch 152/154: Clean orig accuracy 0.7619 | Clean purify accuracy 0.5629 | Adv orig accuracy: 0.0000 | Adv purify accuracy: 0.8590
2025-07-10 20:16:12,856 - ADV_Generation_eps_4.0_steps_100_Purification_type_noisy_anchor_anchors_10_alpha_1.2_sigma_0.18_threshold_0.0 - INFO - Batch:[152] Adversarial images for this batch already exist
2025-07-10 20:16:16,697 - ADV_Generation_eps_4.0_steps_100_Purification_type_noisy_anchor_anchors_10_alpha_1.2_sigma_0.18_threshold_0.0 - INFO - Batch 153/154: Clean orig accuracy 0.7627 | Clean purify accuracy 0.5625 | Adv orig accuracy: 0.0000 | Adv purify accuracy: 0.8599
2025-07-10 20:16:16,708 - ADV_Generation_eps_4.0_steps_100_Purification_type_noisy_anchor_anchors_10_alpha_1.2_sigma_0.18_threshold_0.0 - INFO - Batch:[153] Adversarial images for this batch already exist
2025-07-10 20:16:20,390 - ADV_Generation_eps_4.0_steps_100_Purification_type_noisy_anchor_anchors_10_alpha_1.2_sigma_0.18_threshold_0.0 - INFO - Batch 154/154: Clean orig accuracy 0.7621 | Clean purify accuracy 0.5627 | Adv orig accuracy: 0.0000 | Adv purify accuracy: 0.8607
2025-07-10 20:16:20,512 - ADV_Generation_eps_4.0_steps_100_Purification_type_noisy_anchor_anchors_10_alpha_1.2_sigma_0.18_threshold_0.0 - INFO - Final Clean orig accuracy: 0.7621 | Clean purify accuracy: 0.5627
2025-07-10 20:16:20,512 - ADV_Generation_eps_4.0_steps_100_Purification_type_noisy_anchor_anchors_10_alpha_1.2_sigma_0.18_threshold_0.0 - INFO - Final Adv orig accuracy: 0.0000 | Adv purify accuracy: 0.8607
2025-07-10 20:16:20,512 - ADV_Generation_eps_4.0_steps_100_Purification_type_noisy_anchor_anchors_10_alpha_1.2_sigma_0.18_threshold_0.0 - INFO - Diff_ratio_clean: 0.6367 | Diff_ratio_adv: 1.1284
2025-07-10 20:16:20,512 - ADV_Generation_eps_4.0_steps_100_Purification_type_noisy_anchor_anchors_10_alpha_1.2_sigma_0.18_threshold_0.0 - INFO - Adversarial image generation completed. Results
