2026-02-12 17:55:17,124 - ADV_Generation_eps_0.0_steps_100_Added_Noise_uniform_Eps_32.0_Tau_Type_normal_anchors_num_anchors_10 - INFO - ==========================================
data:/leonardo_work/EUHPC_R04_192/fmohamma/Adversarial_Robust_Clip/atpt_data/downstream_datasets
test_sets:Aircraft
dataset_mode:test
arch:ViT-L/14
resolution:224
transferability:False
source_model:fare4
workers:4
no_pin_memory:False
batch_size:1
adv_bs:1
print_freq:20
gpu:0
no_cudnn_benchmark:False
n_ctx:4
ctx_init:a_photo_of_a
seed:0
output_dir:/leonardo_work/EUHPC_R04_192/fmohamma/Adversarial_Robust_Clip/atpt_data/ViT-L/14/Aircraft
log_output_dir:/leonardo_work/EUHPC_R04_192/fmohamma/Adversarial_Robust_Clip/ATPT/Diffratio_v3/ViT-L/14/Aircraft/ADV_Generation_eps_0.0_steps_100_Added_Noise_uniform_Eps_32.0_Tau_Type_normal_anchors_num_anchors_10
image_only_attack:False
image_only_attack_type:prm
image_predicted_label_attack:False
eps:0.0
alpha:0.0
alpha_eps_ratio:4.0
steps:100
counter_attack:True
counter_attack_type:pgd
counter_attack_steps:0
counter_attack_eps:32.0
counter_attack_alpha:1.0
counter_attack_tau_thres:0.2
counter_attack_beta:2.0
counter_attack_weighted_perturbations:True
counter_attack_init_noise:uniform
counter_attack_gaussian_sigma:0.03
counter_attack_noisy_tau_num_anchors:10
counter_attack_tau:normal_anchors
pgd_clip_pure_i_text_embeddings:null
pgd_counter_and_clipure_i_lamda:1.0
image_feature_purify:False
image_feature_purify_type:noisy_anchor
image_feature_purify_noisy_anchors:10
image_feature_purify_anchors_alpha:1.2
image_feature_purify_noisy_sigma:0.18
image_feature_purify_diff_threshold:0.0
image_feature_clipure_steps:10
image_feature_clipure_step_size:10.0
save_plots:False
lr:0.005
selection_p:0.1
tta_steps:1
top_k:20
softmax_temp:0.01
load_tecoa:

2026-02-12 17:55:17,125 - ADV_Generation_eps_0.0_steps_100_Added_Noise_uniform_Eps_32.0_Tau_Type_normal_anchors_num_anchors_10 - INFO - Use GPU: 0 for training
2026-02-12 17:55:27,991 - ADV_Generation_eps_0.0_steps_100_Added_Noise_uniform_Eps_32.0_Tau_Type_normal_anchors_num_anchors_10 - INFO - => Model created: visual backbone ViT-L/14
2026-02-12 17:55:28,030 - ADV_Generation_eps_0.0_steps_100_Added_Noise_uniform_Eps_32.0_Tau_Type_normal_anchors_num_anchors_10 - INFO - Number of test samples: 3333
2026-02-12 17:55:28,030 - ADV_Generation_eps_0.0_steps_100_Added_Noise_uniform_Eps_32.0_Tau_Type_normal_anchors_num_anchors_10 - INFO - Evaluating dataset: Aircraft
2026-02-12 17:55:28,031 - ADV_Generation_eps_0.0_steps_100_Added_Noise_uniform_Eps_32.0_Tau_Type_normal_anchors_num_anchors_10 - INFO - Starting evaluation with batch size: 1, selection percentage: 0.1
2026-02-12 17:55:28,031 - ADV_Generation_eps_0.0_steps_100_Added_Noise_uniform_Eps_32.0_Tau_Type_normal_anchors_num_anchors_10 - INFO - Using PGD attack with epsilon: 0.000000, alpha: 0.000000, steps: 100 image only attack False image only attack type  prm image predicted label attack False
2026-02-12 17:55:28,031 - ADV_Generation_eps_0.0_steps_100_Added_Noise_uniform_Eps_32.0_Tau_Type_normal_anchors_num_anchors_10 - INFO - Using counter-attack with epsilon: 32.000000, alpha: 1.000000, steps: 0
2026-02-12 17:55:28,031 - ADV_Generation_eps_0.0_steps_100_Added_Noise_uniform_Eps_32.0_Tau_Type_normal_anchors_num_anchors_10 - INFO - Adversarial examples will be loaded from /leonardo_work/EUHPC_R04_192/fmohamma/Adversarial_Robust_Clip/atpt_data/ViT-L/14/Aircraft/adv_images_eps_0.0_alpha_0.0_steps_100 and evaluated on ViT-L/14
2026-02-12 17:55:28,032 - ADV_Generation_eps_0.0_steps_100_Added_Noise_uniform_Eps_32.0_Tau_Type_normal_anchors_num_anchors_10 - INFO - Using directory for adversarial images: /leonardo_work/EUHPC_R04_192/fmohamma/Adversarial_Robust_Clip/atpt_data/ViT-L/14/Aircraft/adv_images_eps_0.0_alpha_0.0_steps_100
2026-02-12 17:55:28,878 - ADV_Generation_eps_0.0_steps_100_Added_Noise_uniform_Eps_32.0_Tau_Type_normal_anchors_num_anchors_10 - INFO - Batch 1/3333: Clean accuracy 1.0000 | Adv accuracy: 1.0000 | Counter-attack accuracy: 1.0000
2026-02-12 17:55:29,196 - ADV_Generation_eps_0.0_steps_100_Added_Noise_uniform_Eps_32.0_Tau_Type_normal_anchors_num_anchors_10 - INFO - Batch 2/3333: Clean accuracy 0.5000 | Adv accuracy: 0.5000 | Counter-attack accuracy: 0.5000
2026-02-12 17:55:29,514 - ADV_Generation_eps_0.0_steps_100_Added_Noise_uniform_Eps_32.0_Tau_Type_normal_anchors_num_anchors_10 - INFO - Batch 3/3333: Clean accuracy 0.3333 | Adv accuracy: 0.3333 | Counter-attack accuracy: 0.3333
2026-02-12 17:55:29,833 - ADV_Generation_eps_0.0_steps_100_Added_Noise_uniform_Eps_32.0_Tau_Type_normal_anchors_num_anchors_10 - INFO - Batch 4/3333: Clean accuracy 0.2500 | Adv accuracy: 0.2500 | Counter-attack accuracy: 0.2500
2026-02-12 17:55:30,151 - ADV_Generation_eps_0.0_steps_100_Added_Noise_uniform_Eps_32.0_Tau_Type_normal_anchors_num_anchors_10 - INFO - Batch 5/3333: Clean accuracy 0.2000 | Adv accuracy: 0.2000 | Counter-attack accuracy: 0.2000
2026-02-12 17:55:30,469 - ADV_Generation_eps_0.0_steps_100_Added_Noise_uniform_Eps_32.0_Tau_Type_normal_anchors_num_anchors_10 - INFO - Batch 6/3333: Clean accuracy 0.1667 | Adv accuracy: 0.1667 | Counter-attack accuracy: 0.1667
2026-02-12 17:55:30,787 - ADV_Generation_eps_0.0_steps_100_Added_Noise_uniform_Eps_32.0_Tau_Type_normal_anchors_num_anchors_10 - INFO - Batch 7/3333: Clean accuracy 0.2857 | Adv accuracy: 0.2857 | Counter-attack accuracy: 0.2857
2026-02-12 17:55:31,106 - ADV_Generation_eps_0.0_steps_100_Added_Noise_uniform_Eps_32.0_Tau_Type_normal_anchors_num_anchors_10 - INFO - Batch 8/3333: Clean accuracy 0.3750 | Adv accuracy: 0.3750 | Counter-attack accuracy: 0.2500
2026-02-12 17:55:31,424 - ADV_Generation_eps_0.0_steps_100_Added_Noise_uniform_Eps_32.0_Tau_Type_normal_anchors_num_anchors_10 - INFO - Batch 9/3333: Clean accuracy 0.3333 | Adv accuracy: 0.3333 | Counter-attack accuracy: 0.2222
2026-02-12 17:55:31,742 - ADV_Generation_eps_0.0_steps_100_Added_Noise_uniform_Eps_32.0_Tau_Type_normal_anchors_num_anchors_10 - INFO - Batch 10/3333: Clean accuracy 0.3000 | Adv accuracy: 0.3000 | Counter-attack accuracy: 0.2000
2026-02-12 17:55:32,060 - ADV_Generation_eps_0.0_steps_100_Added_Noise_uniform_Eps_32.0_Tau_Type_normal_anchors_num_anchors_10 - INFO - Batch 11/3333: Clean accuracy 0.2727 | Adv accuracy: 0.2727 | Counter-attack accuracy: 0.1818
2026-02-12 17:55:32,378 - ADV_Generation_eps_0.0_steps_100_Added_Noise_uniform_Eps_32.0_Tau_Type_normal_anchors_num_anchors_10 - INFO - Batch 12/3333: Clean accuracy 0.3333 | Adv accuracy: 0.3333 | Counter-attack accuracy: 0.1667
2026-02-12 17:55:32,696 - ADV_Generation_eps_0.0_steps_100_Added_Noise_uniform_Eps_32.0_Tau_Type_normal_anchors_num_anchors_10 - INFO - Batch 13/3333: Clean accuracy 0.3077 | Adv accuracy: 0.3077 | Counter-attack accuracy: 0.1538
2026-02-12 17:55:33,014 - ADV_Generation_eps_0.0_steps_100_Added_Noise_uniform_Eps_32.0_Tau_Type_normal_anchors_num_anchors_10 - INFO - Batch 14/3333: Clean accuracy 0.2857 | Adv accuracy: 0.2857 | Counter-attack accuracy: 0.1429
2026-02-12 17:55:33,333 - ADV_Generation_eps_0.0_steps_100_Added_Noise_uniform_Eps_32.0_Tau_Type_normal_anchors_num_anchors_10 - INFO - Batch 15/3333: Clean accuracy 0.3333 | Adv accuracy: 0.3333 | Counter-attack accuracy: 0.1333
2026-02-12 17:55:33,651 - ADV_Generation_eps_0.0_steps_100_Added_Noise_uniform_Eps_32.0_Tau_Type_normal_anchors_num_anchors_10 - INFO - Batch 16/3333: Clean accuracy 0.3750 | Adv accuracy: 0.3750 | Counter-attack accuracy: 0.1875
2026-02-12 17:55:33,969 - ADV_Generation_eps_0.0_steps_100_Added_Noise_uniform_Eps_32.0_Tau_Type_normal_anchors_num_anchors_10 - INFO - Batch 17/3333: Clean accuracy 0.3529 | Adv accuracy: 0.3529 | Counter-attack accuracy: 0.1765
2026-02-12 17:55:34,287 - ADV_Generation_eps_0.0_steps_100_Added_Noise_uniform_Eps_32.0_Tau_Type_normal_anchors_num_anchors_10 - INFO - Batch 18/3333: Clean accuracy 0.3333 | Adv accuracy: 0.3333 | Counter-attack accuracy: 0.1667
2026-02-12 17:55:34,605 - ADV_Generation_eps_0.0_steps_100_Added_Noise_uniform_Eps_32.0_Tau_Type_normal_anchors_num_anchors_10 - INFO - Batch 19/3333: Clean accuracy 0.3684 | Adv accuracy: 0.3684 | Counter-attack accuracy: 0.1579
2026-02-12 17:55:34,923 - ADV_Generation_eps_0.0_steps_100_Added_Noise_uniform_Eps_32.0_Tau_Type_normal_anchors_num_anchors_10 - INFO - Batch 20/3333: Clean accuracy 0.3500 | Adv accuracy: 0.3500 | Counter-attack accuracy: 0.1500
2026-02-12 17:55:35,241 - ADV_Generation_eps_0.0_steps_100_Added_Noise_uniform_Eps_32.0_Tau_Type_normal_anchors_num_anchors_10 - INFO - Batch 21/3333: Clean accuracy 0.3333 | Adv accuracy: 0.3333 | Counter-attack accuracy: 0.1429
2026-02-12 17:55:35,560 - ADV_Generation_eps_0.0_steps_100_Added_Noise_uniform_Eps_32.0_Tau_Type_normal_anchors_num_anchors_10 - INFO - Batch 22/3333: Clean accuracy 0.3182 | Adv accuracy: 0.3182 | Counter-attack accuracy: 0.1364
2026-02-12 17:55:35,878 - ADV_Generation_eps_0.0_steps_100_Added_Noise_uniform_Eps_32.0_Tau_Type_normal_anchors_num_anchors_10 - INFO - Batch 23/3333: Clean accuracy 0.3478 | Adv accuracy: 0.3478 | Counter-attack accuracy: 0.1304
2026-02-12 17:55:36,196 - ADV_Generation_eps_0.0_steps_100_Added_Noise_uniform_Eps_32.0_Tau_Type_normal_anchors_num_anchors_10 - INFO - Batch 24/3333: Clean accuracy 0.3333 | Adv accuracy: 0.3333 | Counter-attack accuracy: 0.1250
2026-02-12 17:55:36,514 - ADV_Generation_eps_0.0_steps_100_Added_Noise_uniform_Eps_32.0_Tau_Type_normal_anchors_num_anchors_10 - INFO - Batch 25/3333: Clean accuracy 0.3200 | Adv accuracy: 0.3200 | Counter-attack accuracy: 0.1200
2026-02-12 17:55:36,833 - ADV_Generation_eps_0.0_steps_100_Added_Noise_uniform_Eps_32.0_Tau_Type_normal_anchors_num_anchors_10 - INFO - Batch 26/3333: Clean accuracy 0.3077 | Adv accuracy: 0.3077 | Counter-attack accuracy: 0.1154
2026-02-12 17:55:37,151 - ADV_Generation_eps_0.0_steps_100_Added_Noise_uniform_Eps_32.0_Tau_Type_normal_anchors_num_anchors_10 - INFO - Batch 27/3333: Clean accuracy 0.3333 | Adv accuracy: 0.3333 | Counter-attack accuracy: 0.1111
2026-02-12 17:55:37,469 - ADV_Generation_eps_0.0_steps_100_Added_Noise_uniform_Eps_32.0_Tau_Type_normal_anchors_num_anchors_10 - INFO - Batch 28/3333: Clean accuracy 0.3571 | Adv accuracy: 0.3571 | Counter-attack accuracy: 0.1071
2026-02-12 17:55:37,787 - ADV_Generation_eps_0.0_steps_100_Added_Noise_uniform_Eps_32.0_Tau_Type_normal_anchors_num_anchors_10 - INFO - Batch 29/3333: Clean accuracy 0.3448 | Adv accuracy: 0.3448 | Counter-attack accuracy: 0.1034
2026-02-12 17:55:38,105 - ADV_Generation_eps_0.0_steps_100_Added_Noise_uniform_Eps_32.0_Tau_Type_normal_anchors_num_anchors_10 - INFO - Batch 30/3333: Clean accuracy 0.3333 | Adv accuracy: 0.3333 | Counter-attack accuracy: 0.1000
2026-02-12 17:55:38,424 - ADV_Generation_eps_0.0_steps_100_Added_Noise_uniform_Eps_32.0_Tau_Type_normal_anchors_num_anchors_10 - INFO - Batch 31/3333: Clean accuracy 0.3226 | Adv accuracy: 0.3226 | Counter-attack accuracy: 0.0968
2026-02-12 17:55:38,742 - ADV_Generation_eps_0.0_steps_100_Added_Noise_uniform_Eps_32.0_Tau_Type_normal_anchors_num_anchors_10 - INFO - Batch 32/3333: Clean accuracy 0.3438 | Adv accuracy: 0.3438 | Counter-attack accuracy: 0.0938
2026-02-12 17:55:39,060 - ADV_Generation_eps_0.0_steps_100_Added_Noise_uniform_Eps_32.0_Tau_Type_normal_anchors_num_anchors_10 - INFO - Batch 33/3333: Clean accuracy 0.3636 | Adv accuracy: 0.3636 | Counter-attack accuracy: 0.0909
2026-02-12 17:55:39,378 - ADV_Generation_eps_0.0_steps_100_Added_Noise_uniform_Eps_32.0_Tau_Type_normal_anchors_num_anchors_10 - INFO - Batch 34/3333: Clean accuracy 0.3824 | Adv accuracy: 0.3824 | Counter-attack accuracy: 0.1176
2026-02-12 17:55:39,696 - ADV_Generation_eps_0.0_steps_100_Added_Noise_uniform_Eps_32.0_Tau_Type_normal_anchors_num_anchors_10 - INFO - Batch 35/3333: Clean accuracy 0.3714 | Adv accuracy: 0.3714 | Counter-attack accuracy: 0.1143
2026-02-12 17:55:40,014 - ADV_Generation_eps_0.0_steps_100_Added_Noise_uniform_Eps_32.0_Tau_Type_normal_anchors_num_anchors_10 - INFO - Batch 36/3333: Clean accuracy 0.3611 | Adv accuracy: 0.3611 | Counter-attack accuracy: 0.1111
2026-02-12 17:55:40,332 - ADV_Generation_eps_0.0_steps_100_Added_Noise_uniform_Eps_32.0_Tau_Type_normal_anchors_num_anchors_10 - INFO - Batch 37/3333: Clean accuracy 0.3514 | Adv accuracy: 0.3514 | Counter-attack accuracy: 0.1081
2026-02-12 17:55:40,651 - ADV_Generation_eps_0.0_steps_100_Added_Noise_uniform_Eps_32.0_Tau_Type_normal_anchors_num_anchors_10 - INFO - Batch 38/3333: Clean accuracy 0.3421 | Adv accuracy: 0.3421 | Counter-attack accuracy: 0.1053
2026-02-12 17:55:40,969 - ADV_Generation_eps_0.0_steps_100_Added_Noise_uniform_Eps_32.0_Tau_Type_normal_anchors_num_anchors_10 - INFO - Batch 39/3333: Clean accuracy 0.3590 | Adv accuracy: 0.3590 | Counter-attack accuracy: 0.1026
2026-02-12 17:55:41,287 - ADV_Generation_eps_0.0_steps_100_Added_Noise_uniform_Eps_32.0_Tau_Type_normal_anchors_num_anchors_10 - INFO - Batch 40/3333: Clean accuracy 0.3500 | Adv accuracy: 0.3500 | Counter-attack accuracy: 0.1000
2026-02-12 17:55:41,605 - ADV_Generation_eps_0.0_steps_100_Added_Noise_uniform_Eps_32.0_Tau_Type_normal_anchors_num_anchors_10 - INFO - Batch 41/3333: Clean accuracy 0.3415 | Adv accuracy: 0.3415 | Counter-attack accuracy: 0.0976
2026-02-12 17:55:41,923 - ADV_Generation_eps_0.0_steps_100_Added_Noise_uniform_Eps_32.0_Tau_Type_normal_anchors_num_anchors_10 - INFO - Batch 42/3333: Clean accuracy 0.3571 | Adv accuracy: 0.3571 | Counter-attack accuracy: 0.0952
2026-02-12 17:55:42,241 - ADV_Generation_eps_0.0_steps_100_Added_Noise_uniform_Eps_32.0_Tau_Type_normal_anchors_num_anchors_10 - INFO - Batch 43/3333: Clean accuracy 0.3721 | Adv accuracy: 0.3721 | Counter-attack accuracy: 0.0930
2026-02-12 17:55:42,560 - ADV_Generation_eps_0.0_steps_100_Added_Noise_uniform_Eps_32.0_Tau_Type_normal_anchors_num_anchors_10 - INFO - Batch 44/3333: Clean accuracy 0.3864 | Adv accuracy: 0.3864 | Counter-attack accuracy: 0.1136
2026-02-12 17:55:42,878 - ADV_Generation_eps_0.0_steps_100_Added_Noise_uniform_Eps_32.0_Tau_Type_normal_anchors_num_anchors_10 - INFO - Batch 45/3333: Clean accuracy 0.3778 | Adv accuracy: 0.3778 | Counter-attack accuracy: 0.1333
2026-02-12 17:55:43,196 - ADV_Generation_eps_0.0_steps_100_Added_Noise_uniform_Eps_32.0_Tau_Type_normal_anchors_num_anchors_10 - INFO - Batch 46/3333: Clean accuracy 0.3696 | Adv accuracy: 0.3696 | Counter-attack accuracy: 0.1304
2026-02-12 17:55:43,514 - ADV_Generation_eps_0.0_steps_100_Added_Noise_uniform_Eps_32.0_Tau_Type_normal_anchors_num_anchors_10 - INFO - Batch 47/3333: Clean accuracy 0.3830 | Adv accuracy: 0.3830 | Counter-attack accuracy: 0.1489
2026-02-12 17:55:43,832 - ADV_Generation_eps_0.0_steps_100_Added_Noise_uniform_Eps_32.0_Tau_Type_normal_anchors_num_anchors_10 - INFO - Batch 48/3333: Clean accuracy 0.3958 | Adv accuracy: 0.3958 | Counter-attack accuracy: 0.1667
2026-02-12 17:55:44,151 - ADV_Generation_eps_0.0_steps_100_Added_Noise_uniform_Eps_32.0_Tau_Type_normal_anchors_num_anchors_10 - INFO - Batch 49/3333: Clean accuracy 0.4082 | Adv accuracy: 0.4082 | Counter-attack accuracy: 0.1837
2026-02-12 17:55:44,469 - ADV_Generation_eps_0.0_steps_100_Added_Noise_uniform_Eps_32.0_Tau_Type_normal_anchors_num_anchors_10 - INFO - Batch 50/3333: Clean accuracy 0.4000 | Adv accuracy: 0.4000 | Counter-attack accuracy: 0.1800
2026-02-12 17:55:44,787 - ADV_Generation_eps_0.0_steps_100_Added_Noise_uniform_Eps_32.0_Tau_Type_normal_anchors_num_anchors_10 - INFO - Batch 51/3333: Clean accuracy 0.3922 | Adv accuracy: 0.3922 | Counter-attack accuracy: 0.1765
2026-02-12 17:55:45,105 - ADV_Generation_eps_0.0_steps_100_Added_Noise_uniform_Eps_32.0_Tau_Type_normal_anchors_num_anchors_10 - INFO - Batch 52/3333: Clean accuracy 0.4038 | Adv accuracy: 0.4038 | Counter-attack accuracy: 0.1731
2026-02-12 17:55:45,423 - ADV_Generation_eps_0.0_steps_100_Added_Noise_uniform_Eps_32.0_Tau_Type_normal_anchors_num_anchors_10 - INFO - Batch 53/3333: Clean accuracy 0.4151 | Adv accuracy: 0.4151 | Counter-attack accuracy: 0.1698
2026-02-12 17:55:45,742 - ADV_Generation_eps_0.0_steps_100_Added_Noise_uniform_Eps_32.0_Tau_Type_normal_anchors_num_anchors_10 - INFO - Batch 54/3333: Clean accuracy 0.4259 | Adv accuracy: 0.4259 | Counter-attack accuracy: 0.1667
2026-02-12 17:55:46,060 - ADV_Generation_eps_0.0_steps_100_Added_Noise_uniform_Eps_32.0_Tau_Type_normal_anchors_num_anchors_10 - INFO - Batch 55/3333: Clean accuracy 0.4182 | Adv accuracy: 0.4182 | Counter-attack accuracy: 0.1636
2026-02-12 17:55:46,378 - ADV_Generation_eps_0.0_steps_100_Added_Noise_uniform_Eps_32.0_Tau_Type_normal_anchors_num_anchors_10 - INFO - Batch 56/3333: Clean accuracy 0.4286 | Adv accuracy: 0.4286 | Counter-attack accuracy: 0.1607
2026-02-12 17:55:46,696 - ADV_Generation_eps_0.0_steps_100_Added_Noise_uniform_Eps_32.0_Tau_Type_normal_anchors_num_anchors_10 - INFO - Batch 57/3333: Clean accuracy 0.4211 | Adv accuracy: 0.4211 | Counter-attack accuracy: 0.1579
2026-02-12 17:55:47,014 - ADV_Generation_eps_0.0_steps_100_Added_Noise_uniform_Eps_32.0_Tau_Type_normal_anchors_num_anchors_10 - INFO - Batch 58/3333: Clean accuracy 0.4310 | Adv accuracy: 0.4310 | Counter-attack accuracy: 0.1552
2026-02-12 17:55:47,332 - ADV_Generation_eps_0.0_steps_100_Added_Noise_uniform_Eps_32.0_Tau_Type_normal_anchors_num_anchors_10 - INFO - Batch 59/3333: Clean accuracy 0.4237 | Adv accuracy: 0.4237 | Counter-attack accuracy: 0.1525
2026-02-12 17:55:47,650 - ADV_Generation_eps_0.0_steps_100_Added_Noise_uniform_Eps_32.0_Tau_Type_normal_anchors_num_anchors_10 - INFO - Batch 60/3333: Clean accuracy 0.4167 | Adv accuracy: 0.4167 | Counter-attack accuracy: 0.1500
2026-02-12 17:55:47,969 - ADV_Generation_eps_0.0_steps_100_Added_Noise_uniform_Eps_32.0_Tau_Type_normal_anchors_num_anchors_10 - INFO - Batch 61/3333: Clean accuracy 0.4098 | Adv accuracy: 0.4098 | Counter-attack accuracy: 0.1475
2026-02-12 17:55:48,287 - ADV_Generation_eps_0.0_steps_100_Added_Noise_uniform_Eps_32.0_Tau_Type_normal_anchors_num_anchors_10 - INFO - Batch 62/3333: Clean accuracy 0.4194 | Adv accuracy: 0.4194 | Counter-attack accuracy: 0.1613
2026-02-12 17:55:48,605 - ADV_Generation_eps_0.0_steps_100_Added_Noise_uniform_Eps_32.0_Tau_Type_normal_anchors_num_anchors_10 - INFO - Batch 63/3333: Clean accuracy 0.4286 | Adv accuracy: 0.4286 | Counter-attack accuracy: 0.1746
2026-02-12 17:55:48,923 - ADV_Generation_eps_0.0_steps_100_Added_Noise_uniform_Eps_32.0_Tau_Type_normal_anchors_num_anchors_10 - INFO - Batch 64/3333: Clean accuracy 0.4375 | Adv accuracy: 0.4375 | Counter-attack accuracy: 0.1719
2026-02-12 17:55:49,241 - ADV_Generation_eps_0.0_steps_100_Added_Noise_uniform_Eps_32.0_Tau_Type_normal_anchors_num_anchors_10 - INFO - Batch 65/3333: Clean accuracy 0.4308 | Adv accuracy: 0.4308 | Counter-attack accuracy: 0.1692
2026-02-12 17:55:49,559 - ADV_Generation_eps_0.0_steps_100_Added_Noise_uniform_Eps_32.0_Tau_Type_normal_anchors_num_anchors_10 - INFO - Batch 66/3333: Clean accuracy 0.4242 | Adv accuracy: 0.4242 | Counter-attack accuracy: 0.1667
2026-02-12 17:55:49,877 - ADV_Generation_eps_0.0_steps_100_Added_Noise_uniform_Eps_32.0_Tau_Type_normal_anchors_num_anchors_10 - INFO - Batch 67/3333: Clean accuracy 0.4179 | Adv accuracy: 0.4179 | Counter-attack accuracy: 0.1642
2026-02-12 17:55:50,195 - ADV_Generation_eps_0.0_steps_100_Added_Noise_uniform_Eps_32.0_Tau_Type_normal_anchors_num_anchors_10 - INFO - Batch 68/3333: Clean accuracy 0.4118 | Adv accuracy: 0.4118 | Counter-attack accuracy: 0.1618
2026-02-12 17:55:50,513 - ADV_Generation_eps_0.0_steps_100_Added_Noise_uniform_Eps_32.0_Tau_Type_normal_anchors_num_anchors_10 - INFO - Batch 69/3333: Clean accuracy 0.4058 | Adv accuracy: 0.4058 | Counter-attack accuracy: 0.1594
2026-02-12 17:55:50,831 - ADV_Generation_eps_0.0_steps_100_Added_Noise_uniform_Eps_32.0_Tau_Type_normal_anchors_num_anchors_10 - INFO - Batch 70/3333: Clean accuracy 0.4000 | Adv accuracy: 0.4000 | Counter-attack accuracy: 0.1571
2026-02-12 17:55:51,149 - ADV_Generation_eps_0.0_steps_100_Added_Noise_uniform_Eps_32.0_Tau_Type_normal_anchors_num_anchors_10 - INFO - Batch 71/3333: Clean accuracy 0.3944 | Adv accuracy: 0.3944 | Counter-attack accuracy: 0.1549
2026-02-12 17:55:51,467 - ADV_Generation_eps_0.0_steps_100_Added_Noise_uniform_Eps_32.0_Tau_Type_normal_anchors_num_anchors_10 - INFO - Batch 72/3333: Clean accuracy 0.3889 | Adv accuracy: 0.3889 | Counter-attack accuracy: 0.1667
2026-02-12 17:55:51,786 - ADV_Generation_eps_0.0_steps_100_Added_Noise_uniform_Eps_32.0_Tau_Type_normal_anchors_num_anchors_10 - INFO - Batch 73/3333: Clean accuracy 0.3836 | Adv accuracy: 0.3836 | Counter-attack accuracy: 0.1644
2026-02-12 17:55:52,104 - ADV_Generation_eps_0.0_steps_100_Added_Noise_uniform_Eps_32.0_Tau_Type_normal_anchors_num_anchors_10 - INFO - Batch 74/3333: Clean accuracy 0.3784 | Adv accuracy: 0.3784 | Counter-attack accuracy: 0.1622
2026-02-12 17:55:52,422 - ADV_Generation_eps_0.0_steps_100_Added_Noise_uniform_Eps_32.0_Tau_Type_normal_anchors_num_anchors_10 - INFO - Batch 75/3333: Clean accuracy 0.3733 | Adv accuracy: 0.3733 | Counter-attack accuracy: 0.1600
2026-02-12 17:55:52,740 - ADV_Generation_eps_0.0_steps_100_Added_Noise_uniform_Eps_32.0_Tau_Type_normal_anchors_num_anchors_10 - INFO - Batch 76/3333: Clean accuracy 0.3684 | Adv accuracy: 0.3684 | Counter-attack accuracy: 0.1579
2026-02-12 17:55:53,058 - ADV_Generation_eps_0.0_steps_100_Added_Noise_uniform_Eps_32.0_Tau_Type_normal_anchors_num_anchors_10 - INFO - Batch 77/3333: Clean accuracy 0.3636 | Adv accuracy: 0.3636 | Counter-attack accuracy: 0.1558
2026-02-12 17:55:53,376 - ADV_Generation_eps_0.0_steps_100_Added_Noise_uniform_Eps_32.0_Tau_Type_normal_anchors_num_anchors_10 - INFO - Batch 78/3333: Clean accuracy 0.3590 | Adv accuracy: 0.3590 | Counter-attack accuracy: 0.1667
2026-02-12 17:55:53,694 - ADV_Generation_eps_0.0_steps_100_Added_Noise_uniform_Eps_32.0_Tau_Type_normal_anchors_num_anchors_10 - INFO - Batch 79/3333: Clean accuracy 0.3544 | Adv accuracy: 0.3544 | Counter-attack accuracy: 0.1646
2026-02-12 17:55:54,012 - ADV_Generation_eps_0.0_steps_100_Added_Noise_uniform_Eps_32.0_Tau_Type_normal_anchors_num_anchors_10 - INFO - Batch 80/3333: Clean accuracy 0.3500 | Adv accuracy: 0.3500 | Counter-attack accuracy: 0.1750
2026-02-12 17:55:54,330 - ADV_Generation_eps_0.0_steps_100_Added_Noise_uniform_Eps_32.0_Tau_Type_normal_anchors_num_anchors_10 - INFO - Batch 81/3333: Clean accuracy 0.3457 | Adv accuracy: 0.3457 | Counter-attack accuracy: 0.1728
2026-02-12 17:55:54,648 - ADV_Generation_eps_0.0_steps_100_Added_Noise_uniform_Eps_32.0_Tau_Type_normal_anchors_num_anchors_10 - INFO - Batch 82/3333: Clean accuracy 0.3415 | Adv accuracy: 0.3415 | Counter-attack accuracy: 0.1707
2026-02-12 17:55:54,966 - ADV_Generation_eps_0.0_steps_100_Added_Noise_uniform_Eps_32.0_Tau_Type_normal_anchors_num_anchors_10 - INFO - Batch 83/3333: Clean accuracy 0.3373 | Adv accuracy: 0.3373 | Counter-attack accuracy: 0.1687
2026-02-12 17:55:55,284 - ADV_Generation_eps_0.0_steps_100_Added_Noise_uniform_Eps_32.0_Tau_Type_normal_anchors_num_anchors_10 - INFO - Batch 84/3333: Clean accuracy 0.3333 | Adv accuracy: 0.3333 | Counter-attack accuracy: 0.1667
2026-02-12 17:55:55,603 - ADV_Generation_eps_0.0_steps_100_Added_Noise_uniform_Eps_32.0_Tau_Type_normal_anchors_num_anchors_10 - INFO - Batch 85/3333: Clean accuracy 0.3294 | Adv accuracy: 0.3294 | Counter-attack accuracy: 0.1647
2026-02-12 17:55:55,921 - ADV_Generation_eps_0.0_steps_100_Added_Noise_uniform_Eps_32.0_Tau_Type_normal_anchors_num_anchors_10 - INFO - Batch 86/3333: Clean accuracy 0.3256 | Adv accuracy: 0.3256 | Counter-attack accuracy: 0.1628
2026-02-12 17:55:56,239 - ADV_Generation_eps_0.0_steps_100_Added_Noise_uniform_Eps_32.0_Tau_Type_normal_anchors_num_anchors_10 - INFO - Batch 87/3333: Clean accuracy 0.3218 | Adv accuracy: 0.3218 | Counter-attack accuracy: 0.1609
2026-02-12 17:55:56,557 - ADV_Generation_eps_0.0_steps_100_Added_Noise_uniform_Eps_32.0_Tau_Type_normal_anchors_num_anchors_10 - INFO - Batch 88/3333: Clean accuracy 0.3182 | Adv accuracy: 0.3182 | Counter-attack accuracy: 0.1591
2026-02-12 17:55:56,875 - ADV_Generation_eps_0.0_steps_100_Added_Noise_uniform_Eps_32.0_Tau_Type_normal_anchors_num_anchors_10 - INFO - Batch 89/3333: Clean accuracy 0.3146 | Adv accuracy: 0.3146 | Counter-attack accuracy: 0.1685
2026-02-12 17:55:57,193 - ADV_Generation_eps_0.0_steps_100_Added_Noise_uniform_Eps_32.0_Tau_Type_normal_anchors_num_anchors_10 - INFO - Batch 90/3333: Clean accuracy 0.3111 | Adv accuracy: 0.3111 | Counter-attack accuracy: 0.1667
2026-02-12 17:55:57,512 - ADV_Generation_eps_0.0_steps_100_Added_Noise_uniform_Eps_32.0_Tau_Type_normal_anchors_num_anchors_10 - INFO - Batch 91/3333: Clean accuracy 0.3077 | Adv accuracy: 0.3077 | Counter-attack accuracy: 0.1648
2026-02-12 17:55:57,831 - ADV_Generation_eps_0.0_steps_100_Added_Noise_uniform_Eps_32.0_Tau_Type_normal_anchors_num_anchors_10 - INFO - Batch 92/3333: Clean accuracy 0.3043 | Adv accuracy: 0.3043 | Counter-attack accuracy: 0.1630
2026-02-12 17:55:58,149 - ADV_Generation_eps_0.0_steps_100_Added_Noise_uniform_Eps_32.0_Tau_Type_normal_anchors_num_anchors_10 - INFO - Batch 93/3333: Clean accuracy 0.3011 | Adv accuracy: 0.3011 | Counter-attack accuracy: 0.1613
2026-02-12 17:55:58,467 - ADV_Generation_eps_0.0_steps_100_Added_Noise_uniform_Eps_32.0_Tau_Type_normal_anchors_num_anchors_10 - INFO - Batch 94/3333: Clean accuracy 0.2979 | Adv accuracy: 0.2979 | Counter-attack accuracy: 0.1596
2026-02-12 17:55:58,785 - ADV_Generation_eps_0.0_steps_100_Added_Noise_uniform_Eps_32.0_Tau_Type_normal_anchors_num_anchors_10 - INFO - Batch 95/3333: Clean accuracy 0.2947 | Adv accuracy: 0.2947 | Counter-attack accuracy: 0.1579
2026-02-12 17:55:59,103 - ADV_Generation_eps_0.0_steps_100_Added_Noise_uniform_Eps_32.0_Tau_Type_normal_anchors_num_anchors_10 - INFO - Batch 96/3333: Clean accuracy 0.2917 | Adv accuracy: 0.2917 | Counter-attack accuracy: 0.1562
2026-02-12 17:55:59,421 - ADV_Generation_eps_0.0_steps_100_Added_Noise_uniform_Eps_32.0_Tau_Type_normal_anchors_num_anchors_10 - INFO - Batch 97/3333: Clean accuracy 0.2887 | Adv accuracy: 0.2887 | Counter-attack accuracy: 0.1546
2026-02-12 17:55:59,739 - ADV_Generation_eps_0.0_steps_100_Added_Noise_uniform_Eps_32.0_Tau_Type_normal_anchors_num_anchors_10 - INFO - Batch 98/3333: Clean accuracy 0.2857 | Adv accuracy: 0.2857 | Counter-attack accuracy: 0.1531
2026-02-12 17:56:00,058 - ADV_Generation_eps_0.0_steps_100_Added_Noise_uniform_Eps_32.0_Tau_Type_normal_anchors_num_anchors_10 - INFO - Batch 99/3333: Clean accuracy 0.2828 | Adv accuracy: 0.2828 | Counter-attack accuracy: 0.1515
2026-02-12 17:56:00,376 - ADV_Generation_eps_0.0_steps_100_Added_Noise_uniform_Eps_32.0_Tau_Type_normal_anchors_num_anchors_10 - INFO - Batch 100/3333: Clean accuracy 0.2800 | Adv accuracy: 0.2800 | Counter-attack accuracy: 0.1500
2026-02-12 17:56:00,694 - ADV_Generation_eps_0.0_steps_100_Added_Noise_uniform_Eps_32.0_Tau_Type_normal_anchors_num_anchors_10 - INFO - Batch 101/3333: Clean accuracy 0.2772 | Adv accuracy: 0.2772 | Counter-attack accuracy: 0.1485
2026-02-12 17:56:01,012 - ADV_Generation_eps_0.0_steps_100_Added_Noise_uniform_Eps_32.0_Tau_Type_normal_anchors_num_anchors_10 - INFO - Batch 102/3333: Clean accuracy 0.2745 | Adv accuracy: 0.2745 | Counter-attack accuracy: 0.1471
2026-02-12 17:56:01,330 - ADV_Generation_eps_0.0_steps_100_Added_Noise_uniform_Eps_32.0_Tau_Type_normal_anchors_num_anchors_10 - INFO - Batch 103/3333: Clean accuracy 0.2718 | Adv accuracy: 0.2718 | Counter-attack accuracy: 0.1456
2026-02-12 17:56:01,648 - ADV_Generation_eps_0.0_steps_100_Added_Noise_uniform_Eps_32.0_Tau_Type_normal_anchors_num_anchors_10 - INFO - Batch 104/3333: Clean accuracy 0.2692 | Adv accuracy: 0.2692 | Counter-attack accuracy: 0.1442
2026-02-12 17:56:01,966 - ADV_Generation_eps_0.0_steps_100_Added_Noise_uniform_Eps_32.0_Tau_Type_normal_anchors_num_anchors_10 - INFO - Batch 105/3333: Clean accuracy 0.2667 | Adv accuracy: 0.2667 | Counter-attack accuracy: 0.1429
2026-02-12 17:56:02,284 - ADV_Generation_eps_0.0_steps_100_Added_Noise_uniform_Eps_32.0_Tau_Type_normal_anchors_num_anchors_10 - INFO - Batch 106/3333: Clean accuracy 0.2642 | Adv accuracy: 0.2642 | Counter-attack accuracy: 0.1415
2026-02-12 17:56:02,602 - ADV_Generation_eps_0.0_steps_100_Added_Noise_uniform_Eps_32.0_Tau_Type_normal_anchors_num_anchors_10 - INFO - Batch 107/3333: Clean accuracy 0.2617 | Adv accuracy: 0.2617 | Counter-attack accuracy: 0.1402
2026-02-12 17:56:02,921 - ADV_Generation_eps_0.0_steps_100_Added_Noise_uniform_Eps_32.0_Tau_Type_normal_anchors_num_anchors_10 - INFO - Batch 108/3333: Clean accuracy 0.2593 | Adv accuracy: 0.2593 | Counter-attack accuracy: 0.1389
2026-02-12 17:56:03,239 - ADV_Generation_eps_0.0_steps_100_Added_Noise_uniform_Eps_32.0_Tau_Type_normal_anchors_num_anchors_10 - INFO - Batch 109/3333: Clean accuracy 0.2569 | Adv accuracy: 0.2569 | Counter-attack accuracy: 0.1376
2026-02-12 17:56:03,557 - ADV_Generation_eps_0.0_steps_100_Added_Noise_uniform_Eps_32.0_Tau_Type_normal_anchors_num_anchors_10 - INFO - Batch 110/3333: Clean accuracy 0.2545 | Adv accuracy: 0.2545 | Counter-attack accuracy: 0.1364
2026-02-12 17:56:03,875 - ADV_Generation_eps_0.0_steps_100_Added_Noise_uniform_Eps_32.0_Tau_Type_normal_anchors_num_anchors_10 - INFO - Batch 111/3333: Clean accuracy 0.2523 | Adv accuracy: 0.2523 | Counter-attack accuracy: 0.1351
2026-02-12 17:56:04,193 - ADV_Generation_eps_0.0_steps_100_Added_Noise_uniform_Eps_32.0_Tau_Type_normal_anchors_num_anchors_10 - INFO - Batch 112/3333: Clean accuracy 0.2500 | Adv accuracy: 0.2500 | Counter-attack accuracy: 0.1339
2026-02-12 17:56:04,511 - ADV_Generation_eps_0.0_steps_100_Added_Noise_uniform_Eps_32.0_Tau_Type_normal_anchors_num_anchors_10 - INFO - Batch 113/3333: Clean accuracy 0.2478 | Adv accuracy: 0.2478 | Counter-attack accuracy: 0.1327
2026-02-12 17:56:04,830 - ADV_Generation_eps_0.0_steps_100_Added_Noise_uniform_Eps_32.0_Tau_Type_normal_anchors_num_anchors_10 - INFO - Batch 114/3333: Clean accuracy 0.2456 | Adv accuracy: 0.2456 | Counter-attack accuracy: 0.1316
2026-02-12 17:56:05,148 - ADV_Generation_eps_0.0_steps_100_Added_Noise_uniform_Eps_32.0_Tau_Type_normal_anchors_num_anchors_10 - INFO - Batch 115/3333: Clean accuracy 0.2435 | Adv accuracy: 0.2435 | Counter-attack accuracy: 0.1304
2026-02-12 17:56:05,466 - ADV_Generation_eps_0.0_steps_100_Added_Noise_uniform_Eps_32.0_Tau_Type_normal_anchors_num_anchors_10 - INFO - Batch 116/3333: Clean accuracy 0.2414 | Adv accuracy: 0.2414 | Counter-attack accuracy: 0.1293
2026-02-12 17:56:05,784 - ADV_Generation_eps_0.0_steps_100_Added_Noise_uniform_Eps_32.0_Tau_Type_normal_anchors_num_anchors_10 - INFO - Batch 117/3333: Clean accuracy 0.2393 | Adv accuracy: 0.2393 | Counter-attack accuracy: 0.1282
2026-02-12 17:56:06,102 - ADV_Generation_eps_0.0_steps_100_Added_Noise_uniform_Eps_32.0_Tau_Type_normal_anchors_num_anchors_10 - INFO - Batch 118/3333: Clean accuracy 0.2373 | Adv accuracy: 0.2373 | Counter-attack accuracy: 0.1271
2026-02-12 17:56:06,420 - ADV_Generation_eps_0.0_steps_100_Added_Noise_uniform_Eps_32.0_Tau_Type_normal_anchors_num_anchors_10 - INFO - Batch 119/3333: Clean accuracy 0.2353 | Adv accuracy: 0.2353 | Counter-attack accuracy: 0.1261
2026-02-12 17:56:06,738 - ADV_Generation_eps_0.0_steps_100_Added_Noise_uniform_Eps_32.0_Tau_Type_normal_anchors_num_anchors_10 - INFO - Batch 120/3333: Clean accuracy 0.2333 | Adv accuracy: 0.2333 | Counter-attack accuracy: 0.1250
2026-02-12 17:56:07,057 - ADV_Generation_eps_0.0_steps_100_Added_Noise_uniform_Eps_32.0_Tau_Type_normal_anchors_num_anchors_10 - INFO - Batch 121/3333: Clean accuracy 0.2314 | Adv accuracy: 0.2314 | Counter-attack accuracy: 0.1240
2026-02-12 17:56:07,375 - ADV_Generation_eps_0.0_steps_100_Added_Noise_uniform_Eps_32.0_Tau_Type_normal_anchors_num_anchors_10 - INFO - Batch 122/3333: Clean accuracy 0.2295 | Adv accuracy: 0.2295 | Counter-attack accuracy: 0.1230
2026-02-12 17:56:07,693 - ADV_Generation_eps_0.0_steps_100_Added_Noise_uniform_Eps_32.0_Tau_Type_normal_anchors_num_anchors_10 - INFO - Batch 123/3333: Clean accuracy 0.2276 | Adv accuracy: 0.2276 | Counter-attack accuracy: 0.1220
2026-02-12 17:56:08,011 - ADV_Generation_eps_0.0_steps_100_Added_Noise_uniform_Eps_32.0_Tau_Type_normal_anchors_num_anchors_10 - INFO - Batch 124/3333: Clean accuracy 0.2258 | Adv accuracy: 0.2258 | Counter-attack accuracy: 0.1210
2026-02-12 17:56:08,329 - ADV_Generation_eps_0.0_steps_100_Added_Noise_uniform_Eps_32.0_Tau_Type_normal_anchors_num_anchors_10 - INFO - Batch 125/3333: Clean accuracy 0.2240 | Adv accuracy: 0.2240 | Counter-attack accuracy: 0.1200
2026-02-12 17:56:08,647 - ADV_Generation_eps_0.0_steps_100_Added_Noise_uniform_Eps_32.0_Tau_Type_normal_anchors_num_anchors_10 - INFO - Batch 126/3333: Clean accuracy 0.2222 | Adv accuracy: 0.2222 | Counter-attack accuracy: 0.1190
2026-02-12 17:56:08,966 - ADV_Generation_eps_0.0_steps_100_Added_Noise_uniform_Eps_32.0_Tau_Type_normal_anchors_num_anchors_10 - INFO - Batch 127/3333: Clean accuracy 0.2205 | Adv accuracy: 0.2205 | Counter-attack accuracy: 0.1181
2026-02-12 17:56:09,284 - ADV_Generation_eps_0.0_steps_100_Added_Noise_uniform_Eps_32.0_Tau_Type_normal_anchors_num_anchors_10 - INFO - Batch 128/3333: Clean accuracy 0.2188 | Adv accuracy: 0.2188 | Counter-attack accuracy: 0.1172
2026-02-12 17:56:09,602 - ADV_Generation_eps_0.0_steps_100_Added_Noise_uniform_Eps_32.0_Tau_Type_normal_anchors_num_anchors_10 - INFO - Batch 129/3333: Clean accuracy 0.2171 | Adv accuracy: 0.2171 | Counter-attack accuracy: 0.1163
2026-02-12 17:56:09,920 - ADV_Generation_eps_0.0_steps_100_Added_Noise_uniform_Eps_32.0_Tau_Type_normal_anchors_num_anchors_10 - INFO - Batch 130/3333: Clean accuracy 0.2154 | Adv accuracy: 0.2154 | Counter-attack accuracy: 0.1154
2026-02-12 17:56:10,238 - ADV_Generation_eps_0.0_steps_100_Added_Noise_uniform_Eps_32.0_Tau_Type_normal_anchors_num_anchors_10 - INFO - Batch 131/3333: Clean accuracy 0.2137 | Adv accuracy: 0.2137 | Counter-attack accuracy: 0.1145
2026-02-12 17:56:10,556 - ADV_Generation_eps_0.0_steps_100_Added_Noise_uniform_Eps_32.0_Tau_Type_normal_anchors_num_anchors_10 - INFO - Batch 132/3333: Clean accuracy 0.2121 | Adv accuracy: 0.2121 | Counter-attack accuracy: 0.1136
2026-02-12 17:56:10,875 - ADV_Generation_eps_0.0_steps_100_Added_Noise_uniform_Eps_32.0_Tau_Type_normal_anchors_num_anchors_10 - INFO - Batch 133/3333: Clean accuracy 0.2105 | Adv accuracy: 0.2105 | Counter-attack accuracy: 0.1128
2026-02-12 17:56:11,193 - ADV_Generation_eps_0.0_steps_100_Added_Noise_uniform_Eps_32.0_Tau_Type_normal_anchors_num_anchors_10 - INFO - Batch 134/3333: Clean accuracy 0.2090 | Adv accuracy: 0.2090 | Counter-attack accuracy: 0.1119
2026-02-12 17:56:11,511 - ADV_Generation_eps_0.0_steps_100_Added_Noise_uniform_Eps_32.0_Tau_Type_normal_anchors_num_anchors_10 - INFO - Batch 135/3333: Clean accuracy 0.2074 | Adv accuracy: 0.2074 | Counter-attack accuracy: 0.1111
2026-02-12 17:56:11,829 - ADV_Generation_eps_0.0_steps_100_Added_Noise_uniform_Eps_32.0_Tau_Type_normal_anchors_num_anchors_10 - INFO - Batch 136/3333: Clean accuracy 0.2059 | Adv accuracy: 0.2059 | Counter-attack accuracy: 0.1103
2026-02-12 17:56:12,147 - ADV_Generation_eps_0.0_steps_100_Added_Noise_uniform_Eps_32.0_Tau_Type_normal_anchors_num_anchors_10 - INFO - Batch 137/3333: Clean accuracy 0.2044 | Adv accuracy: 0.2044 | Counter-attack accuracy: 0.1095
2026-02-12 17:56:12,466 - ADV_Generation_eps_0.0_steps_100_Added_Noise_uniform_Eps_32.0_Tau_Type_normal_anchors_num_anchors_10 - INFO - Batch 138/3333: Clean accuracy 0.2029 | Adv accuracy: 0.2029 | Counter-attack accuracy: 0.1087
2026-02-12 17:56:12,784 - ADV_Generation_eps_0.0_steps_100_Added_Noise_uniform_Eps_32.0_Tau_Type_normal_anchors_num_anchors_10 - INFO - Batch 139/3333: Clean accuracy 0.2014 | Adv accuracy: 0.2014 | Counter-attack accuracy: 0.1079
2026-02-12 17:56:13,102 - ADV_Generation_eps_0.0_steps_100_Added_Noise_uniform_Eps_32.0_Tau_Type_normal_anchors_num_anchors_10 - INFO - Batch 140/3333: Clean accuracy 0.2000 | Adv accuracy: 0.2000 | Counter-attack accuracy: 0.1071
2026-02-12 17:56:13,420 - ADV_Generation_eps_0.0_steps_100_Added_Noise_uniform_Eps_32.0_Tau_Type_normal_anchors_num_anchors_10 - INFO - Batch 141/3333: Clean accuracy 0.1986 | Adv accuracy: 0.1986 | Counter-attack accuracy: 0.1064
2026-02-12 17:56:13,738 - ADV_Generation_eps_0.0_steps_100_Added_Noise_uniform_Eps_32.0_Tau_Type_normal_anchors_num_anchors_10 - INFO - Batch 142/3333: Clean accuracy 0.1972 | Adv accuracy: 0.1972 | Counter-attack accuracy: 0.1056
2026-02-12 17:56:14,056 - ADV_Generation_eps_0.0_steps_100_Added_Noise_uniform_Eps_32.0_Tau_Type_normal_anchors_num_anchors_10 - INFO - Batch 143/3333: Clean accuracy 0.1958 | Adv accuracy: 0.1958 | Counter-attack accuracy: 0.1049
2026-02-12 17:56:14,374 - ADV_Generation_eps_0.0_steps_100_Added_Noise_uniform_Eps_32.0_Tau_Type_normal_anchors_num_anchors_10 - INFO - Batch 144/3333: Clean accuracy 0.1944 | Adv accuracy: 0.1944 | Counter-attack accuracy: 0.1042
2026-02-12 17:56:14,692 - ADV_Generation_eps_0.0_steps_100_Added_Noise_uniform_Eps_32.0_Tau_Type_normal_anchors_num_anchors_10 - INFO - Batch 145/3333: Clean accuracy 0.1931 | Adv accuracy: 0.1931 | Counter-attack accuracy: 0.1034
2026-02-12 17:56:15,010 - ADV_Generation_eps_0.0_steps_100_Added_Noise_uniform_Eps_32.0_Tau_Type_normal_anchors_num_anchors_10 - INFO - Batch 146/3333: Clean accuracy 0.1918 | Adv accuracy: 0.1918 | Counter-attack accuracy: 0.1027
2026-02-12 17:56:15,329 - ADV_Generation_eps_0.0_steps_100_Added_Noise_uniform_Eps_32.0_Tau_Type_normal_anchors_num_anchors_10 - INFO - Batch 147/3333: Clean accuracy 0.1905 | Adv accuracy: 0.1905 | Counter-attack accuracy: 0.1020
2026-02-12 17:56:15,647 - ADV_Generation_eps_0.0_steps_100_Added_Noise_uniform_Eps_32.0_Tau_Type_normal_anchors_num_anchors_10 - INFO - Batch 148/3333: Clean accuracy 0.1892 | Adv accuracy: 0.1892 | Counter-attack accuracy: 0.1014
2026-02-12 17:56:15,965 - ADV_Generation_eps_0.0_steps_100_Added_Noise_uniform_Eps_32.0_Tau_Type_normal_anchors_num_anchors_10 - INFO - Batch 149/3333: Clean accuracy 0.1879 | Adv accuracy: 0.1879 | Counter-attack accuracy: 0.1007
2026-02-12 17:56:16,283 - ADV_Generation_eps_0.0_steps_100_Added_Noise_uniform_Eps_32.0_Tau_Type_normal_anchors_num_anchors_10 - INFO - Batch 150/3333: Clean accuracy 0.1867 | Adv accuracy: 0.1867 | Counter-attack accuracy: 0.1000
2026-02-12 17:56:16,601 - ADV_Generation_eps_0.0_steps_100_Added_Noise_uniform_Eps_32.0_Tau_Type_normal_anchors_num_anchors_10 - INFO - Batch 151/3333: Clean accuracy 0.1854 | Adv accuracy: 0.1854 | Counter-attack accuracy: 0.0993
2026-02-12 17:56:16,919 - ADV_Generation_eps_0.0_steps_100_Added_Noise_uniform_Eps_32.0_Tau_Type_normal_anchors_num_anchors_10 - INFO - Batch 152/3333: Clean accuracy 0.1842 | Adv accuracy: 0.1842 | Counter-attack accuracy: 0.0987
2026-02-12 17:56:17,238 - ADV_Generation_eps_0.0_steps_100_Added_Noise_uniform_Eps_32.0_Tau_Type_normal_anchors_num_anchors_10 - INFO - Batch 153/3333: Clean accuracy 0.1830 | Adv accuracy: 0.1830 | Counter-attack accuracy: 0.0980
2026-02-12 17:56:17,556 - ADV_Generation_eps_0.0_steps_100_Added_Noise_uniform_Eps_32.0_Tau_Type_normal_anchors_num_anchors_10 - INFO - Batch 154/3333: Clean accuracy 0.1818 | Adv accuracy: 0.1818 | Counter-attack accuracy: 0.0974
2026-02-12 17:56:17,874 - ADV_Generation_eps_0.0_steps_100_Added_Noise_uniform_Eps_32.0_Tau_Type_normal_anchors_num_anchors_10 - INFO - Batch 155/3333: Clean accuracy 0.1806 | Adv accuracy: 0.1806 | Counter-attack accuracy: 0.0968
2026-02-12 17:56:18,192 - ADV_Generation_eps_0.0_steps_100_Added_Noise_uniform_Eps_32.0_Tau_Type_normal_anchors_num_anchors_10 - INFO - Batch 156/3333: Clean accuracy 0.1795 | Adv accuracy: 0.1795 | Counter-attack accuracy: 0.0962
2026-02-12 17:56:18,510 - ADV_Generation_eps_0.0_steps_100_Added_Noise_uniform_Eps_32.0_Tau_Type_normal_anchors_num_anchors_10 - INFO - Batch 157/3333: Clean accuracy 0.1783 | Adv accuracy: 0.1783 | Counter-attack accuracy: 0.0955
2026-02-12 17:56:18,828 - ADV_Generation_eps_0.0_steps_100_Added_Noise_uniform_Eps_32.0_Tau_Type_normal_anchors_num_anchors_10 - INFO - Batch 158/3333: Clean accuracy 0.1772 | Adv accuracy: 0.1772 | Counter-attack accuracy: 0.0949
2026-02-12 17:56:19,146 - ADV_Generation_eps_0.0_steps_100_Added_Noise_uniform_Eps_32.0_Tau_Type_normal_anchors_num_anchors_10 - INFO - Batch 159/3333: Clean accuracy 0.1761 | Adv accuracy: 0.1761 | Counter-attack accuracy: 0.0943
2026-02-12 17:56:19,464 - ADV_Generation_eps_0.0_steps_100_Added_Noise_uniform_Eps_32.0_Tau_Type_normal_anchors_num_anchors_10 - INFO - Batch 160/3333: Clean accuracy 0.1750 | Adv accuracy: 0.1750 | Counter-attack accuracy: 0.0938
2026-02-12 17:56:19,782 - ADV_Generation_eps_0.0_steps_100_Added_Noise_uniform_Eps_32.0_Tau_Type_normal_anchors_num_anchors_10 - INFO - Batch 161/3333: Clean accuracy 0.1739 | Adv accuracy: 0.1739 | Counter-attack accuracy: 0.0932
2026-02-12 17:56:20,100 - ADV_Generation_eps_0.0_steps_100_Added_Noise_uniform_Eps_32.0_Tau_Type_normal_anchors_num_anchors_10 - INFO - Batch 162/3333: Clean accuracy 0.1728 | Adv accuracy: 0.1728 | Counter-attack accuracy: 0.0926
2026-02-12 17:56:20,418 - ADV_Generation_eps_0.0_steps_100_Added_Noise_uniform_Eps_32.0_Tau_Type_normal_anchors_num_anchors_10 - INFO - Batch 163/3333: Clean accuracy 0.1718 | Adv accuracy: 0.1718 | Counter-attack accuracy: 0.0920
2026-02-12 17:56:20,737 - ADV_Generation_eps_0.0_steps_100_Added_Noise_uniform_Eps_32.0_Tau_Type_normal_anchors_num_anchors_10 - INFO - Batch 164/3333: Clean accuracy 0.1707 | Adv accuracy: 0.1707 | Counter-attack accuracy: 0.0915
2026-02-12 17:56:21,055 - ADV_Generation_eps_0.0_steps_100_Added_Noise_uniform_Eps_32.0_Tau_Type_normal_anchors_num_anchors_10 - INFO - Batch 165/3333: Clean accuracy 0.1697 | Adv accuracy: 0.1697 | Counter-attack accuracy: 0.0909
2026-02-12 17:56:21,373 - ADV_Generation_eps_0.0_steps_100_Added_Noise_uniform_Eps_32.0_Tau_Type_normal_anchors_num_anchors_10 - INFO - Batch 166/3333: Clean accuracy 0.1687 | Adv accuracy: 0.1687 | Counter-attack accuracy: 0.0904
2026-02-12 17:56:21,691 - ADV_Generation_eps_0.0_steps_100_Added_Noise_uniform_Eps_32.0_Tau_Type_normal_anchors_num_anchors_10 - INFO - Batch 167/3333: Clean accuracy 0.1677 | Adv accuracy: 0.1677 | Counter-attack accuracy: 0.0898
2026-02-12 17:56:22,009 - ADV_Generation_eps_0.0_steps_100_Added_Noise_uniform_Eps_32.0_Tau_Type_normal_anchors_num_anchors_10 - INFO - Batch 168/3333: Clean accuracy 0.1667 | Adv accuracy: 0.1667 | Counter-attack accuracy: 0.0893
