2026-02-12 11:13:18,800 - ADV_Generation_eps_4.0_steps_100_Added_Noise_uniform_Eps_4.0_Tau_Type_normal_anchors_num_anchors_10 - INFO - ==========================================
data:/leonardo_work/EUHPC_R04_192/fmohamma/Adversarial_Robust_Clip/atpt_data/downstream_datasets
test_sets:UCF101
dataset_mode:test
arch:fare4
resolution:224
transferability:False
source_model:fare4
workers:4
no_pin_memory:False
batch_size:1
adv_bs:1
print_freq:20
gpu:0
no_cudnn_benchmark:False
n_ctx:4
ctx_init:a_photo_of_a
seed:0
output_dir:/leonardo_work/EUHPC_R04_192/fmohamma/Adversarial_Robust_Clip/atpt_data/fare4/UCF101
log_output_dir:/leonardo_work/EUHPC_R04_192/fmohamma/Adversarial_Robust_Clip/ATPT/Diffratio_v3/fare4/UCF101/ADV_Generation_eps_4.0_steps_100_Added_Noise_uniform_Eps_4.0_Tau_Type_normal_anchors_num_anchors_10
image_only_attack:False
image_only_attack_type:prm
image_predicted_label_attack:False
eps:4.0
alpha:1.0
alpha_eps_ratio:4.0
steps:100
counter_attack:True
counter_attack_type:pgd
counter_attack_steps:0
counter_attack_eps:4.0
counter_attack_alpha:1.0
counter_attack_tau_thres:0.2
counter_attack_beta:2.0
counter_attack_weighted_perturbations:True
counter_attack_init_noise:uniform
counter_attack_gaussian_sigma:0.03
counter_attack_noisy_tau_num_anchors:10
counter_attack_tau:normal_anchors
pgd_clip_pure_i_text_embeddings:null
pgd_counter_and_clipure_i_lamda:1.0
image_feature_purify:False
image_feature_purify_type:noisy_anchor
image_feature_purify_noisy_anchors:10
image_feature_purify_anchors_alpha:1.2
image_feature_purify_noisy_sigma:0.18
image_feature_purify_diff_threshold:0.0
image_feature_clipure_steps:10
image_feature_clipure_step_size:10.0
save_plots:False
lr:0.005
selection_p:0.1
tta_steps:1
top_k:20
softmax_temp:0.01
load_tecoa:

2026-02-12 11:13:18,801 - ADV_Generation_eps_4.0_steps_100_Added_Noise_uniform_Eps_4.0_Tau_Type_normal_anchors_num_anchors_10 - INFO - Use GPU: 0 for training
2026-02-12 11:14:18,520 - ADV_Generation_eps_4.0_steps_100_Added_Noise_uniform_Eps_4.0_Tau_Type_normal_anchors_num_anchors_10 - INFO - => Model created: visual backbone fare4
2026-02-12 11:14:18,546 - ADV_Generation_eps_4.0_steps_100_Added_Noise_uniform_Eps_4.0_Tau_Type_normal_anchors_num_anchors_10 - INFO - Number of test samples: 3783
2026-02-12 11:14:18,546 - ADV_Generation_eps_4.0_steps_100_Added_Noise_uniform_Eps_4.0_Tau_Type_normal_anchors_num_anchors_10 - INFO - Evaluating dataset: UCF101
2026-02-12 11:14:18,547 - ADV_Generation_eps_4.0_steps_100_Added_Noise_uniform_Eps_4.0_Tau_Type_normal_anchors_num_anchors_10 - INFO - Starting evaluation with batch size: 1, selection percentage: 0.1
2026-02-12 11:14:18,547 - ADV_Generation_eps_4.0_steps_100_Added_Noise_uniform_Eps_4.0_Tau_Type_normal_anchors_num_anchors_10 - INFO - Using counter-attack with epsilon: 4.000000, alpha: 1.000000, steps: 0
2026-02-12 11:14:18,548 - ADV_Generation_eps_4.0_steps_100_Added_Noise_uniform_Eps_4.0_Tau_Type_normal_anchors_num_anchors_10 - INFO - Adversarial examples will be loaded from /leonardo_work/EUHPC_R04_192/fmohamma/Adversarial_Robust_Clip/atpt_data/fare4/UCF101/adv_images_eps_4.0_alpha_1.0_steps_100 and evaluated on fare4
2026-02-12 11:14:18,548 - ADV_Generation_eps_4.0_steps_100_Added_Noise_uniform_Eps_4.0_Tau_Type_normal_anchors_num_anchors_10 - INFO - Using directory for adversarial images: /leonardo_work/EUHPC_R04_192/fmohamma/Adversarial_Robust_Clip/atpt_data/fare4/UCF101/adv_images_eps_4.0_alpha_1.0_steps_100
2026-02-12 11:14:18,826 - ADV_Generation_eps_4.0_steps_100_Added_Noise_uniform_Eps_4.0_Tau_Type_normal_anchors_num_anchors_10 - INFO - Batch:[0] Adversarial images for this batch already exist
2026-02-12 11:14:19,392 - ADV_Generation_eps_4.0_steps_100_Added_Noise_uniform_Eps_4.0_Tau_Type_normal_anchors_num_anchors_10 - INFO - Batch 1/3783: Clean accuracy 0.0000 | Adv accuracy: 0.0000 | Counter-attack accuracy: 0.0000
2026-02-12 11:14:19,394 - ADV_Generation_eps_4.0_steps_100_Added_Noise_uniform_Eps_4.0_Tau_Type_normal_anchors_num_anchors_10 - INFO - Batch:[1] Adversarial images for this batch already exist
2026-02-12 11:14:19,739 - ADV_Generation_eps_4.0_steps_100_Added_Noise_uniform_Eps_4.0_Tau_Type_normal_anchors_num_anchors_10 - INFO - Batch 2/3783: Clean accuracy 0.5000 | Adv accuracy: 0.0000 | Counter-attack accuracy: 0.0000
2026-02-12 11:14:19,741 - ADV_Generation_eps_4.0_steps_100_Added_Noise_uniform_Eps_4.0_Tau_Type_normal_anchors_num_anchors_10 - INFO - Batch:[2] Adversarial images for this batch already exist
2026-02-12 11:14:20,079 - ADV_Generation_eps_4.0_steps_100_Added_Noise_uniform_Eps_4.0_Tau_Type_normal_anchors_num_anchors_10 - INFO - Batch 3/3783: Clean accuracy 0.6667 | Adv accuracy: 0.3333 | Counter-attack accuracy: 0.3333
2026-02-12 11:14:20,080 - ADV_Generation_eps_4.0_steps_100_Added_Noise_uniform_Eps_4.0_Tau_Type_normal_anchors_num_anchors_10 - INFO - Batch:[3] Adversarial images for this batch already exist
2026-02-12 11:14:20,426 - ADV_Generation_eps_4.0_steps_100_Added_Noise_uniform_Eps_4.0_Tau_Type_normal_anchors_num_anchors_10 - INFO - Batch 4/3783: Clean accuracy 0.7500 | Adv accuracy: 0.5000 | Counter-attack accuracy: 0.5000
2026-02-12 11:14:20,427 - ADV_Generation_eps_4.0_steps_100_Added_Noise_uniform_Eps_4.0_Tau_Type_normal_anchors_num_anchors_10 - INFO - Batch:[4] Adversarial images for this batch already exist
2026-02-12 11:14:20,773 - ADV_Generation_eps_4.0_steps_100_Added_Noise_uniform_Eps_4.0_Tau_Type_normal_anchors_num_anchors_10 - INFO - Batch 5/3783: Clean accuracy 0.8000 | Adv accuracy: 0.6000 | Counter-attack accuracy: 0.6000
2026-02-12 11:14:20,775 - ADV_Generation_eps_4.0_steps_100_Added_Noise_uniform_Eps_4.0_Tau_Type_normal_anchors_num_anchors_10 - INFO - Batch:[5] Adversarial images for this batch already exist
2026-02-12 11:14:21,114 - ADV_Generation_eps_4.0_steps_100_Added_Noise_uniform_Eps_4.0_Tau_Type_normal_anchors_num_anchors_10 - INFO - Batch 6/3783: Clean accuracy 0.8333 | Adv accuracy: 0.6667 | Counter-attack accuracy: 0.6667
2026-02-12 11:14:21,115 - ADV_Generation_eps_4.0_steps_100_Added_Noise_uniform_Eps_4.0_Tau_Type_normal_anchors_num_anchors_10 - INFO - Batch:[6] Adversarial images for this batch already exist
2026-02-12 11:14:21,455 - ADV_Generation_eps_4.0_steps_100_Added_Noise_uniform_Eps_4.0_Tau_Type_normal_anchors_num_anchors_10 - INFO - Batch 7/3783: Clean accuracy 0.8571 | Adv accuracy: 0.5714 | Counter-attack accuracy: 0.5714
2026-02-12 11:14:21,456 - ADV_Generation_eps_4.0_steps_100_Added_Noise_uniform_Eps_4.0_Tau_Type_normal_anchors_num_anchors_10 - INFO - Batch:[7] Adversarial images for this batch already exist
2026-02-12 11:14:21,805 - ADV_Generation_eps_4.0_steps_100_Added_Noise_uniform_Eps_4.0_Tau_Type_normal_anchors_num_anchors_10 - INFO - Batch 8/3783: Clean accuracy 0.8750 | Adv accuracy: 0.5000 | Counter-attack accuracy: 0.5000
2026-02-12 11:14:21,805 - ADV_Generation_eps_4.0_steps_100_Added_Noise_uniform_Eps_4.0_Tau_Type_normal_anchors_num_anchors_10 - INFO - Batch:[8] Adversarial images for this batch already exist
2026-02-12 11:14:22,144 - ADV_Generation_eps_4.0_steps_100_Added_Noise_uniform_Eps_4.0_Tau_Type_normal_anchors_num_anchors_10 - INFO - Batch 9/3783: Clean accuracy 0.8889 | Adv accuracy: 0.4444 | Counter-attack accuracy: 0.4444
2026-02-12 11:14:22,145 - ADV_Generation_eps_4.0_steps_100_Added_Noise_uniform_Eps_4.0_Tau_Type_normal_anchors_num_anchors_10 - INFO - Batch:[9] Adversarial images for this batch already exist
2026-02-12 11:14:22,492 - ADV_Generation_eps_4.0_steps_100_Added_Noise_uniform_Eps_4.0_Tau_Type_normal_anchors_num_anchors_10 - INFO - Batch 10/3783: Clean accuracy 0.9000 | Adv accuracy: 0.4000 | Counter-attack accuracy: 0.4000
2026-02-12 11:14:22,493 - ADV_Generation_eps_4.0_steps_100_Added_Noise_uniform_Eps_4.0_Tau_Type_normal_anchors_num_anchors_10 - INFO - Batch:[10] Adversarial images for this batch already exist
2026-02-12 11:14:22,862 - ADV_Generation_eps_4.0_steps_100_Added_Noise_uniform_Eps_4.0_Tau_Type_normal_anchors_num_anchors_10 - INFO - Batch 11/3783: Clean accuracy 0.9091 | Adv accuracy: 0.4545 | Counter-attack accuracy: 0.4545
2026-02-12 11:14:22,863 - ADV_Generation_eps_4.0_steps_100_Added_Noise_uniform_Eps_4.0_Tau_Type_normal_anchors_num_anchors_10 - INFO - Batch:[11] Adversarial images for this batch already exist
2026-02-12 11:14:23,200 - ADV_Generation_eps_4.0_steps_100_Added_Noise_uniform_Eps_4.0_Tau_Type_normal_anchors_num_anchors_10 - INFO - Batch 12/3783: Clean accuracy 0.9167 | Adv accuracy: 0.5000 | Counter-attack accuracy: 0.5000
2026-02-12 11:14:23,202 - ADV_Generation_eps_4.0_steps_100_Added_Noise_uniform_Eps_4.0_Tau_Type_normal_anchors_num_anchors_10 - INFO - Batch:[12] Adversarial images for this batch already exist
2026-02-12 11:14:23,543 - ADV_Generation_eps_4.0_steps_100_Added_Noise_uniform_Eps_4.0_Tau_Type_normal_anchors_num_anchors_10 - INFO - Batch 13/3783: Clean accuracy 0.9231 | Adv accuracy: 0.5385 | Counter-attack accuracy: 0.5385
2026-02-12 11:14:23,545 - ADV_Generation_eps_4.0_steps_100_Added_Noise_uniform_Eps_4.0_Tau_Type_normal_anchors_num_anchors_10 - INFO - Batch:[13] Adversarial images for this batch already exist
2026-02-12 11:14:23,888 - ADV_Generation_eps_4.0_steps_100_Added_Noise_uniform_Eps_4.0_Tau_Type_normal_anchors_num_anchors_10 - INFO - Batch 14/3783: Clean accuracy 0.9286 | Adv accuracy: 0.5000 | Counter-attack accuracy: 0.5000
2026-02-12 11:14:23,889 - ADV_Generation_eps_4.0_steps_100_Added_Noise_uniform_Eps_4.0_Tau_Type_normal_anchors_num_anchors_10 - INFO - Batch:[14] Adversarial images for this batch already exist
2026-02-12 11:14:24,233 - ADV_Generation_eps_4.0_steps_100_Added_Noise_uniform_Eps_4.0_Tau_Type_normal_anchors_num_anchors_10 - INFO - Batch 15/3783: Clean accuracy 0.9333 | Adv accuracy: 0.5333 | Counter-attack accuracy: 0.5333
2026-02-12 11:14:24,235 - ADV_Generation_eps_4.0_steps_100_Added_Noise_uniform_Eps_4.0_Tau_Type_normal_anchors_num_anchors_10 - INFO - Batch:[15] Adversarial images for this batch already exist
2026-02-12 11:14:24,574 - ADV_Generation_eps_4.0_steps_100_Added_Noise_uniform_Eps_4.0_Tau_Type_normal_anchors_num_anchors_10 - INFO - Batch 16/3783: Clean accuracy 0.9375 | Adv accuracy: 0.5000 | Counter-attack accuracy: 0.5000
2026-02-12 11:14:24,575 - ADV_Generation_eps_4.0_steps_100_Added_Noise_uniform_Eps_4.0_Tau_Type_normal_anchors_num_anchors_10 - INFO - Batch:[16] Adversarial images for this batch already exist
2026-02-12 11:14:24,922 - ADV_Generation_eps_4.0_steps_100_Added_Noise_uniform_Eps_4.0_Tau_Type_normal_anchors_num_anchors_10 - INFO - Batch 17/3783: Clean accuracy 0.9412 | Adv accuracy: 0.5294 | Counter-attack accuracy: 0.5294
2026-02-12 11:14:24,923 - ADV_Generation_eps_4.0_steps_100_Added_Noise_uniform_Eps_4.0_Tau_Type_normal_anchors_num_anchors_10 - INFO - Batch:[17] Adversarial images for this batch already exist
2026-02-12 11:14:25,276 - ADV_Generation_eps_4.0_steps_100_Added_Noise_uniform_Eps_4.0_Tau_Type_normal_anchors_num_anchors_10 - INFO - Batch 18/3783: Clean accuracy 0.9444 | Adv accuracy: 0.5000 | Counter-attack accuracy: 0.5000
2026-02-12 11:14:25,277 - ADV_Generation_eps_4.0_steps_100_Added_Noise_uniform_Eps_4.0_Tau_Type_normal_anchors_num_anchors_10 - INFO - Batch:[18] Adversarial images for this batch already exist
2026-02-12 11:14:25,623 - ADV_Generation_eps_4.0_steps_100_Added_Noise_uniform_Eps_4.0_Tau_Type_normal_anchors_num_anchors_10 - INFO - Batch 19/3783: Clean accuracy 0.9474 | Adv accuracy: 0.4737 | Counter-attack accuracy: 0.4737
2026-02-12 11:14:25,624 - ADV_Generation_eps_4.0_steps_100_Added_Noise_uniform_Eps_4.0_Tau_Type_normal_anchors_num_anchors_10 - INFO - Batch:[19] Adversarial images for this batch already exist
2026-02-12 11:14:25,970 - ADV_Generation_eps_4.0_steps_100_Added_Noise_uniform_Eps_4.0_Tau_Type_normal_anchors_num_anchors_10 - INFO - Batch 20/3783: Clean accuracy 0.9500 | Adv accuracy: 0.4500 | Counter-attack accuracy: 0.4500
2026-02-12 11:14:25,971 - ADV_Generation_eps_4.0_steps_100_Added_Noise_uniform_Eps_4.0_Tau_Type_normal_anchors_num_anchors_10 - INFO - Batch:[20] Adversarial images for this batch already exist
2026-02-12 11:14:26,311 - ADV_Generation_eps_4.0_steps_100_Added_Noise_uniform_Eps_4.0_Tau_Type_normal_anchors_num_anchors_10 - INFO - Batch 21/3783: Clean accuracy 0.9524 | Adv accuracy: 0.4762 | Counter-attack accuracy: 0.4762
2026-02-12 11:14:26,312 - ADV_Generation_eps_4.0_steps_100_Added_Noise_uniform_Eps_4.0_Tau_Type_normal_anchors_num_anchors_10 - INFO - Batch:[21] Adversarial images for this batch already exist
2026-02-12 11:14:26,715 - ADV_Generation_eps_4.0_steps_100_Added_Noise_uniform_Eps_4.0_Tau_Type_normal_anchors_num_anchors_10 - INFO - Batch 22/3783: Clean accuracy 0.9545 | Adv accuracy: 0.4545 | Counter-attack accuracy: 0.4545
2026-02-12 11:14:26,716 - ADV_Generation_eps_4.0_steps_100_Added_Noise_uniform_Eps_4.0_Tau_Type_normal_anchors_num_anchors_10 - INFO - Batch:[22] Adversarial images for this batch already exist
2026-02-12 11:14:27,190 - ADV_Generation_eps_4.0_steps_100_Added_Noise_uniform_Eps_4.0_Tau_Type_normal_anchors_num_anchors_10 - INFO - Batch 23/3783: Clean accuracy 0.9565 | Adv accuracy: 0.4783 | Counter-attack accuracy: 0.4783
2026-02-12 11:14:27,191 - ADV_Generation_eps_4.0_steps_100_Added_Noise_uniform_Eps_4.0_Tau_Type_normal_anchors_num_anchors_10 - INFO - Batch:[23] Adversarial images for this batch already exist
2026-02-12 11:14:27,528 - ADV_Generation_eps_4.0_steps_100_Added_Noise_uniform_Eps_4.0_Tau_Type_normal_anchors_num_anchors_10 - INFO - Batch 24/3783: Clean accuracy 0.9583 | Adv accuracy: 0.4583 | Counter-attack accuracy: 0.4583
2026-02-12 11:14:27,529 - ADV_Generation_eps_4.0_steps_100_Added_Noise_uniform_Eps_4.0_Tau_Type_normal_anchors_num_anchors_10 - INFO - Batch:[24] Adversarial images for this batch already exist
2026-02-12 11:14:27,868 - ADV_Generation_eps_4.0_steps_100_Added_Noise_uniform_Eps_4.0_Tau_Type_normal_anchors_num_anchors_10 - INFO - Batch 25/3783: Clean accuracy 0.9200 | Adv accuracy: 0.4400 | Counter-attack accuracy: 0.4400
2026-02-12 11:14:27,869 - ADV_Generation_eps_4.0_steps_100_Added_Noise_uniform_Eps_4.0_Tau_Type_normal_anchors_num_anchors_10 - INFO - Batch:[25] Adversarial images for this batch already exist
2026-02-12 11:14:28,206 - ADV_Generation_eps_4.0_steps_100_Added_Noise_uniform_Eps_4.0_Tau_Type_normal_anchors_num_anchors_10 - INFO - Batch 26/3783: Clean accuracy 0.9231 | Adv accuracy: 0.4231 | Counter-attack accuracy: 0.4231
2026-02-12 11:14:28,207 - ADV_Generation_eps_4.0_steps_100_Added_Noise_uniform_Eps_4.0_Tau_Type_normal_anchors_num_anchors_10 - INFO - Batch:[26] Adversarial images for this batch already exist
2026-02-12 11:14:28,547 - ADV_Generation_eps_4.0_steps_100_Added_Noise_uniform_Eps_4.0_Tau_Type_normal_anchors_num_anchors_10 - INFO - Batch 27/3783: Clean accuracy 0.9259 | Adv accuracy: 0.4444 | Counter-attack accuracy: 0.4444
2026-02-12 11:14:28,548 - ADV_Generation_eps_4.0_steps_100_Added_Noise_uniform_Eps_4.0_Tau_Type_normal_anchors_num_anchors_10 - INFO - Batch:[27] Adversarial images for this batch already exist
2026-02-12 11:14:28,894 - ADV_Generation_eps_4.0_steps_100_Added_Noise_uniform_Eps_4.0_Tau_Type_normal_anchors_num_anchors_10 - INFO - Batch 28/3783: Clean accuracy 0.9286 | Adv accuracy: 0.4286 | Counter-attack accuracy: 0.4286
2026-02-12 11:14:28,895 - ADV_Generation_eps_4.0_steps_100_Added_Noise_uniform_Eps_4.0_Tau_Type_normal_anchors_num_anchors_10 - INFO - Batch:[28] Adversarial images for this batch already exist
2026-02-12 11:14:29,236 - ADV_Generation_eps_4.0_steps_100_Added_Noise_uniform_Eps_4.0_Tau_Type_normal_anchors_num_anchors_10 - INFO - Batch 29/3783: Clean accuracy 0.9310 | Adv accuracy: 0.4483 | Counter-attack accuracy: 0.4483
2026-02-12 11:14:29,237 - ADV_Generation_eps_4.0_steps_100_Added_Noise_uniform_Eps_4.0_Tau_Type_normal_anchors_num_anchors_10 - INFO - Batch:[29] Adversarial images for this batch already exist
2026-02-12 11:14:29,576 - ADV_Generation_eps_4.0_steps_100_Added_Noise_uniform_Eps_4.0_Tau_Type_normal_anchors_num_anchors_10 - INFO - Batch 30/3783: Clean accuracy 0.9333 | Adv accuracy: 0.4333 | Counter-attack accuracy: 0.4333
2026-02-12 11:14:29,577 - ADV_Generation_eps_4.0_steps_100_Added_Noise_uniform_Eps_4.0_Tau_Type_normal_anchors_num_anchors_10 - INFO - Batch:[30] Adversarial images for this batch already exist
2026-02-12 11:14:29,953 - ADV_Generation_eps_4.0_steps_100_Added_Noise_uniform_Eps_4.0_Tau_Type_normal_anchors_num_anchors_10 - INFO - Batch 31/3783: Clean accuracy 0.9355 | Adv accuracy: 0.4516 | Counter-attack accuracy: 0.4516
2026-02-12 11:14:29,955 - ADV_Generation_eps_4.0_steps_100_Added_Noise_uniform_Eps_4.0_Tau_Type_normal_anchors_num_anchors_10 - INFO - Batch:[31] Adversarial images for this batch already exist
2026-02-12 11:14:30,298 - ADV_Generation_eps_4.0_steps_100_Added_Noise_uniform_Eps_4.0_Tau_Type_normal_anchors_num_anchors_10 - INFO - Batch 32/3783: Clean accuracy 0.9375 | Adv accuracy: 0.4688 | Counter-attack accuracy: 0.4688
2026-02-12 11:14:30,299 - ADV_Generation_eps_4.0_steps_100_Added_Noise_uniform_Eps_4.0_Tau_Type_normal_anchors_num_anchors_10 - INFO - Batch:[32] Adversarial images for this batch already exist
2026-02-12 11:14:30,643 - ADV_Generation_eps_4.0_steps_100_Added_Noise_uniform_Eps_4.0_Tau_Type_normal_anchors_num_anchors_10 - INFO - Batch 33/3783: Clean accuracy 0.9394 | Adv accuracy: 0.4545 | Counter-attack accuracy: 0.4545
2026-02-12 11:14:30,644 - ADV_Generation_eps_4.0_steps_100_Added_Noise_uniform_Eps_4.0_Tau_Type_normal_anchors_num_anchors_10 - INFO - Batch:[33] Adversarial images for this batch already exist
2026-02-12 11:14:30,986 - ADV_Generation_eps_4.0_steps_100_Added_Noise_uniform_Eps_4.0_Tau_Type_normal_anchors_num_anchors_10 - INFO - Batch 34/3783: Clean accuracy 0.9412 | Adv accuracy: 0.4706 | Counter-attack accuracy: 0.4706
2026-02-12 11:14:30,988 - ADV_Generation_eps_4.0_steps_100_Added_Noise_uniform_Eps_4.0_Tau_Type_normal_anchors_num_anchors_10 - INFO - Batch:[34] Adversarial images for this batch already exist
2026-02-12 11:14:31,332 - ADV_Generation_eps_4.0_steps_100_Added_Noise_uniform_Eps_4.0_Tau_Type_normal_anchors_num_anchors_10 - INFO - Batch 35/3783: Clean accuracy 0.9429 | Adv accuracy: 0.4857 | Counter-attack accuracy: 0.4857
2026-02-12 11:14:31,333 - ADV_Generation_eps_4.0_steps_100_Added_Noise_uniform_Eps_4.0_Tau_Type_normal_anchors_num_anchors_10 - INFO - Batch:[35] Adversarial images for this batch already exist
2026-02-12 11:14:31,675 - ADV_Generation_eps_4.0_steps_100_Added_Noise_uniform_Eps_4.0_Tau_Type_normal_anchors_num_anchors_10 - INFO - Batch 36/3783: Clean accuracy 0.9444 | Adv accuracy: 0.4722 | Counter-attack accuracy: 0.4722
2026-02-12 11:14:31,676 - ADV_Generation_eps_4.0_steps_100_Added_Noise_uniform_Eps_4.0_Tau_Type_normal_anchors_num_anchors_10 - INFO - Batch:[36] Adversarial images for this batch already exist
2026-02-12 11:14:32,019 - ADV_Generation_eps_4.0_steps_100_Added_Noise_uniform_Eps_4.0_Tau_Type_normal_anchors_num_anchors_10 - INFO - Batch 37/3783: Clean accuracy 0.9459 | Adv accuracy: 0.4865 | Counter-attack accuracy: 0.4865
2026-02-12 11:14:32,020 - ADV_Generation_eps_4.0_steps_100_Added_Noise_uniform_Eps_4.0_Tau_Type_normal_anchors_num_anchors_10 - INFO - Batch:[37] Adversarial images for this batch already exist
2026-02-12 11:14:32,359 - ADV_Generation_eps_4.0_steps_100_Added_Noise_uniform_Eps_4.0_Tau_Type_normal_anchors_num_anchors_10 - INFO - Batch 38/3783: Clean accuracy 0.9474 | Adv accuracy: 0.4737 | Counter-attack accuracy: 0.4737
2026-02-12 11:14:32,361 - ADV_Generation_eps_4.0_steps_100_Added_Noise_uniform_Eps_4.0_Tau_Type_normal_anchors_num_anchors_10 - INFO - Batch:[38] Adversarial images for this batch already exist
2026-02-12 11:14:32,728 - ADV_Generation_eps_4.0_steps_100_Added_Noise_uniform_Eps_4.0_Tau_Type_normal_anchors_num_anchors_10 - INFO - Batch 39/3783: Clean accuracy 0.9487 | Adv accuracy: 0.4615 | Counter-attack accuracy: 0.4615
2026-02-12 11:14:32,730 - ADV_Generation_eps_4.0_steps_100_Added_Noise_uniform_Eps_4.0_Tau_Type_normal_anchors_num_anchors_10 - INFO - Batch:[39] Adversarial images for this batch already exist
2026-02-12 11:14:33,069 - ADV_Generation_eps_4.0_steps_100_Added_Noise_uniform_Eps_4.0_Tau_Type_normal_anchors_num_anchors_10 - INFO - Batch 40/3783: Clean accuracy 0.9500 | Adv accuracy: 0.4750 | Counter-attack accuracy: 0.4750
2026-02-12 11:14:33,070 - ADV_Generation_eps_4.0_steps_100_Added_Noise_uniform_Eps_4.0_Tau_Type_normal_anchors_num_anchors_10 - INFO - Batch:[40] Adversarial images for this batch already exist
2026-02-12 11:14:33,407 - ADV_Generation_eps_4.0_steps_100_Added_Noise_uniform_Eps_4.0_Tau_Type_normal_anchors_num_anchors_10 - INFO - Batch 41/3783: Clean accuracy 0.9512 | Adv accuracy: 0.4878 | Counter-attack accuracy: 0.4878
2026-02-12 11:14:33,408 - ADV_Generation_eps_4.0_steps_100_Added_Noise_uniform_Eps_4.0_Tau_Type_normal_anchors_num_anchors_10 - INFO - Batch:[41] Adversarial images for this batch already exist
2026-02-12 11:14:33,744 - ADV_Generation_eps_4.0_steps_100_Added_Noise_uniform_Eps_4.0_Tau_Type_normal_anchors_num_anchors_10 - INFO - Batch 42/3783: Clean accuracy 0.9524 | Adv accuracy: 0.5000 | Counter-attack accuracy: 0.5000
2026-02-12 11:14:33,746 - ADV_Generation_eps_4.0_steps_100_Added_Noise_uniform_Eps_4.0_Tau_Type_normal_anchors_num_anchors_10 - INFO - Batch:[42] Adversarial images for this batch already exist
2026-02-12 11:14:34,087 - ADV_Generation_eps_4.0_steps_100_Added_Noise_uniform_Eps_4.0_Tau_Type_normal_anchors_num_anchors_10 - INFO - Batch 43/3783: Clean accuracy 0.9535 | Adv accuracy: 0.4884 | Counter-attack accuracy: 0.4884
2026-02-12 11:14:34,088 - ADV_Generation_eps_4.0_steps_100_Added_Noise_uniform_Eps_4.0_Tau_Type_normal_anchors_num_anchors_10 - INFO - Batch:[43] Adversarial images for this batch already exist
2026-02-12 11:14:34,426 - ADV_Generation_eps_4.0_steps_100_Added_Noise_uniform_Eps_4.0_Tau_Type_normal_anchors_num_anchors_10 - INFO - Batch 44/3783: Clean accuracy 0.9545 | Adv accuracy: 0.4773 | Counter-attack accuracy: 0.4773
2026-02-12 11:14:34,428 - ADV_Generation_eps_4.0_steps_100_Added_Noise_uniform_Eps_4.0_Tau_Type_normal_anchors_num_anchors_10 - INFO - Batch:[44] Adversarial images for this batch already exist
2026-02-12 11:14:34,769 - ADV_Generation_eps_4.0_steps_100_Added_Noise_uniform_Eps_4.0_Tau_Type_normal_anchors_num_anchors_10 - INFO - Batch 45/3783: Clean accuracy 0.9333 | Adv accuracy: 0.4667 | Counter-attack accuracy: 0.4667
2026-02-12 11:14:34,770 - ADV_Generation_eps_4.0_steps_100_Added_Noise_uniform_Eps_4.0_Tau_Type_normal_anchors_num_anchors_10 - INFO - Batch:[45] Adversarial images for this batch already exist
2026-02-12 11:14:35,131 - ADV_Generation_eps_4.0_steps_100_Added_Noise_uniform_Eps_4.0_Tau_Type_normal_anchors_num_anchors_10 - INFO - Batch 46/3783: Clean accuracy 0.9348 | Adv accuracy: 0.4565 | Counter-attack accuracy: 0.4565
2026-02-12 11:14:35,132 - ADV_Generation_eps_4.0_steps_100_Added_Noise_uniform_Eps_4.0_Tau_Type_normal_anchors_num_anchors_10 - INFO - Batch:[46] Adversarial images for this batch already exist
2026-02-12 11:14:35,476 - ADV_Generation_eps_4.0_steps_100_Added_Noise_uniform_Eps_4.0_Tau_Type_normal_anchors_num_anchors_10 - INFO - Batch 47/3783: Clean accuracy 0.9149 | Adv accuracy: 0.4468 | Counter-attack accuracy: 0.4468
2026-02-12 11:14:35,477 - ADV_Generation_eps_4.0_steps_100_Added_Noise_uniform_Eps_4.0_Tau_Type_normal_anchors_num_anchors_10 - INFO - Batch:[47] Adversarial images for this batch already exist
2026-02-12 11:14:35,818 - ADV_Generation_eps_4.0_steps_100_Added_Noise_uniform_Eps_4.0_Tau_Type_normal_anchors_num_anchors_10 - INFO - Batch 48/3783: Clean accuracy 0.9167 | Adv accuracy: 0.4375 | Counter-attack accuracy: 0.4375
2026-02-12 11:14:35,819 - ADV_Generation_eps_4.0_steps_100_Added_Noise_uniform_Eps_4.0_Tau_Type_normal_anchors_num_anchors_10 - INFO - Batch:[48] Adversarial images for this batch already exist
2026-02-12 11:14:36,157 - ADV_Generation_eps_4.0_steps_100_Added_Noise_uniform_Eps_4.0_Tau_Type_normal_anchors_num_anchors_10 - INFO - Batch 49/3783: Clean accuracy 0.9184 | Adv accuracy: 0.4286 | Counter-attack accuracy: 0.4286
2026-02-12 11:14:36,158 - ADV_Generation_eps_4.0_steps_100_Added_Noise_uniform_Eps_4.0_Tau_Type_normal_anchors_num_anchors_10 - INFO - Batch:[49] Adversarial images for this batch already exist
2026-02-12 11:14:36,498 - ADV_Generation_eps_4.0_steps_100_Added_Noise_uniform_Eps_4.0_Tau_Type_normal_anchors_num_anchors_10 - INFO - Batch 50/3783: Clean accuracy 0.9000 | Adv accuracy: 0.4200 | Counter-attack accuracy: 0.4200
2026-02-12 11:14:36,499 - ADV_Generation_eps_4.0_steps_100_Added_Noise_uniform_Eps_4.0_Tau_Type_normal_anchors_num_anchors_10 - INFO - Batch:[50] Adversarial images for this batch already exist
2026-02-12 11:14:36,837 - ADV_Generation_eps_4.0_steps_100_Added_Noise_uniform_Eps_4.0_Tau_Type_normal_anchors_num_anchors_10 - INFO - Batch 51/3783: Clean accuracy 0.8824 | Adv accuracy: 0.4118 | Counter-attack accuracy: 0.4118
2026-02-12 11:14:36,838 - ADV_Generation_eps_4.0_steps_100_Added_Noise_uniform_Eps_4.0_Tau_Type_normal_anchors_num_anchors_10 - INFO - Batch:[51] Adversarial images for this batch already exist
2026-02-12 11:14:37,225 - ADV_Generation_eps_4.0_steps_100_Added_Noise_uniform_Eps_4.0_Tau_Type_normal_anchors_num_anchors_10 - INFO - Batch 52/3783: Clean accuracy 0.8654 | Adv accuracy: 0.4038 | Counter-attack accuracy: 0.4038
2026-02-12 11:14:37,226 - ADV_Generation_eps_4.0_steps_100_Added_Noise_uniform_Eps_4.0_Tau_Type_normal_anchors_num_anchors_10 - INFO - Batch:[52] Adversarial images for this batch already exist
2026-02-12 11:14:37,568 - ADV_Generation_eps_4.0_steps_100_Added_Noise_uniform_Eps_4.0_Tau_Type_normal_anchors_num_anchors_10 - INFO - Batch 53/3783: Clean accuracy 0.8491 | Adv accuracy: 0.3962 | Counter-attack accuracy: 0.3962
2026-02-12 11:14:37,570 - ADV_Generation_eps_4.0_steps_100_Added_Noise_uniform_Eps_4.0_Tau_Type_normal_anchors_num_anchors_10 - INFO - Batch:[53] Adversarial images for this batch already exist
2026-02-12 11:14:37,911 - ADV_Generation_eps_4.0_steps_100_Added_Noise_uniform_Eps_4.0_Tau_Type_normal_anchors_num_anchors_10 - INFO - Batch 54/3783: Clean accuracy 0.8519 | Adv accuracy: 0.3889 | Counter-attack accuracy: 0.3889
2026-02-12 11:14:37,913 - ADV_Generation_eps_4.0_steps_100_Added_Noise_uniform_Eps_4.0_Tau_Type_normal_anchors_num_anchors_10 - INFO - Batch:[54] Adversarial images for this batch already exist
2026-02-12 11:14:38,255 - ADV_Generation_eps_4.0_steps_100_Added_Noise_uniform_Eps_4.0_Tau_Type_normal_anchors_num_anchors_10 - INFO - Batch 55/3783: Clean accuracy 0.8545 | Adv accuracy: 0.3818 | Counter-attack accuracy: 0.3818
2026-02-12 11:14:38,256 - ADV_Generation_eps_4.0_steps_100_Added_Noise_uniform_Eps_4.0_Tau_Type_normal_anchors_num_anchors_10 - INFO - Batch:[55] Adversarial images for this batch already exist
2026-02-12 11:14:38,598 - ADV_Generation_eps_4.0_steps_100_Added_Noise_uniform_Eps_4.0_Tau_Type_normal_anchors_num_anchors_10 - INFO - Batch 56/3783: Clean accuracy 0.8571 | Adv accuracy: 0.3750 | Counter-attack accuracy: 0.3750
2026-02-12 11:14:38,599 - ADV_Generation_eps_4.0_steps_100_Added_Noise_uniform_Eps_4.0_Tau_Type_normal_anchors_num_anchors_10 - INFO - Batch:[56] Adversarial images for this batch already exist
2026-02-12 11:14:38,948 - ADV_Generation_eps_4.0_steps_100_Added_Noise_uniform_Eps_4.0_Tau_Type_normal_anchors_num_anchors_10 - INFO - Batch 57/3783: Clean accuracy 0.8421 | Adv accuracy: 0.3684 | Counter-attack accuracy: 0.3684
2026-02-12 11:14:38,949 - ADV_Generation_eps_4.0_steps_100_Added_Noise_uniform_Eps_4.0_Tau_Type_normal_anchors_num_anchors_10 - INFO - Batch:[57] Adversarial images for this batch already exist
2026-02-12 11:14:39,290 - ADV_Generation_eps_4.0_steps_100_Added_Noise_uniform_Eps_4.0_Tau_Type_normal_anchors_num_anchors_10 - INFO - Batch 58/3783: Clean accuracy 0.8276 | Adv accuracy: 0.3621 | Counter-attack accuracy: 0.3621
2026-02-12 11:14:39,291 - ADV_Generation_eps_4.0_steps_100_Added_Noise_uniform_Eps_4.0_Tau_Type_normal_anchors_num_anchors_10 - INFO - Batch:[58] Adversarial images for this batch already exist
2026-02-12 11:14:39,634 - ADV_Generation_eps_4.0_steps_100_Added_Noise_uniform_Eps_4.0_Tau_Type_normal_anchors_num_anchors_10 - INFO - Batch 59/3783: Clean accuracy 0.8305 | Adv accuracy: 0.3559 | Counter-attack accuracy: 0.3559
2026-02-12 11:14:39,635 - ADV_Generation_eps_4.0_steps_100_Added_Noise_uniform_Eps_4.0_Tau_Type_normal_anchors_num_anchors_10 - INFO - Batch:[59] Adversarial images for this batch already exist
2026-02-12 11:14:39,977 - ADV_Generation_eps_4.0_steps_100_Added_Noise_uniform_Eps_4.0_Tau_Type_normal_anchors_num_anchors_10 - INFO - Batch 60/3783: Clean accuracy 0.8333 | Adv accuracy: 0.3500 | Counter-attack accuracy: 0.3500
2026-02-12 11:14:39,978 - ADV_Generation_eps_4.0_steps_100_Added_Noise_uniform_Eps_4.0_Tau_Type_normal_anchors_num_anchors_10 - INFO - Batch:[60] Adversarial images for this batch already exist
2026-02-12 11:14:40,320 - ADV_Generation_eps_4.0_steps_100_Added_Noise_uniform_Eps_4.0_Tau_Type_normal_anchors_num_anchors_10 - INFO - Batch 61/3783: Clean accuracy 0.8361 | Adv accuracy: 0.3607 | Counter-attack accuracy: 0.3607
2026-02-12 11:14:40,321 - ADV_Generation_eps_4.0_steps_100_Added_Noise_uniform_Eps_4.0_Tau_Type_normal_anchors_num_anchors_10 - INFO - Batch:[61] Adversarial images for this batch already exist
2026-02-12 11:14:40,664 - ADV_Generation_eps_4.0_steps_100_Added_Noise_uniform_Eps_4.0_Tau_Type_normal_anchors_num_anchors_10 - INFO - Batch 62/3783: Clean accuracy 0.8387 | Adv accuracy: 0.3548 | Counter-attack accuracy: 0.3548
2026-02-12 11:14:40,665 - ADV_Generation_eps_4.0_steps_100_Added_Noise_uniform_Eps_4.0_Tau_Type_normal_anchors_num_anchors_10 - INFO - Batch:[62] Adversarial images for this batch already exist
2026-02-12 11:14:41,026 - ADV_Generation_eps_4.0_steps_100_Added_Noise_uniform_Eps_4.0_Tau_Type_normal_anchors_num_anchors_10 - INFO - Batch 63/3783: Clean accuracy 0.8413 | Adv accuracy: 0.3651 | Counter-attack accuracy: 0.3651
2026-02-12 11:14:41,027 - ADV_Generation_eps_4.0_steps_100_Added_Noise_uniform_Eps_4.0_Tau_Type_normal_anchors_num_anchors_10 - INFO - Batch:[63] Adversarial images for this batch already exist
2026-02-12 11:14:41,375 - ADV_Generation_eps_4.0_steps_100_Added_Noise_uniform_Eps_4.0_Tau_Type_normal_anchors_num_anchors_10 - INFO - Batch 64/3783: Clean accuracy 0.8438 | Adv accuracy: 0.3594 | Counter-attack accuracy: 0.3594
2026-02-12 11:14:41,377 - ADV_Generation_eps_4.0_steps_100_Added_Noise_uniform_Eps_4.0_Tau_Type_normal_anchors_num_anchors_10 - INFO - Batch:[64] Adversarial images for this batch already exist
2026-02-12 11:14:41,718 - ADV_Generation_eps_4.0_steps_100_Added_Noise_uniform_Eps_4.0_Tau_Type_normal_anchors_num_anchors_10 - INFO - Batch 65/3783: Clean accuracy 0.8462 | Adv accuracy: 0.3538 | Counter-attack accuracy: 0.3538
2026-02-12 11:14:41,719 - ADV_Generation_eps_4.0_steps_100_Added_Noise_uniform_Eps_4.0_Tau_Type_normal_anchors_num_anchors_10 - INFO - Batch:[65] Adversarial images for this batch already exist
2026-02-12 11:14:42,055 - ADV_Generation_eps_4.0_steps_100_Added_Noise_uniform_Eps_4.0_Tau_Type_normal_anchors_num_anchors_10 - INFO - Batch 66/3783: Clean accuracy 0.8485 | Adv accuracy: 0.3485 | Counter-attack accuracy: 0.3485
2026-02-12 11:14:42,056 - ADV_Generation_eps_4.0_steps_100_Added_Noise_uniform_Eps_4.0_Tau_Type_normal_anchors_num_anchors_10 - INFO - Batch:[66] Adversarial images for this batch already exist
2026-02-12 11:14:42,429 - ADV_Generation_eps_4.0_steps_100_Added_Noise_uniform_Eps_4.0_Tau_Type_normal_anchors_num_anchors_10 - INFO - Batch 67/3783: Clean accuracy 0.8358 | Adv accuracy: 0.3433 | Counter-attack accuracy: 0.3433
2026-02-12 11:14:42,431 - ADV_Generation_eps_4.0_steps_100_Added_Noise_uniform_Eps_4.0_Tau_Type_normal_anchors_num_anchors_10 - INFO - Batch:[67] Adversarial images for this batch already exist
2026-02-12 11:14:42,777 - ADV_Generation_eps_4.0_steps_100_Added_Noise_uniform_Eps_4.0_Tau_Type_normal_anchors_num_anchors_10 - INFO - Batch 68/3783: Clean accuracy 0.8235 | Adv accuracy: 0.3382 | Counter-attack accuracy: 0.3382
2026-02-12 11:14:42,778 - ADV_Generation_eps_4.0_steps_100_Added_Noise_uniform_Eps_4.0_Tau_Type_normal_anchors_num_anchors_10 - INFO - Batch:[68] Adversarial images for this batch already exist
2026-02-12 11:14:43,115 - ADV_Generation_eps_4.0_steps_100_Added_Noise_uniform_Eps_4.0_Tau_Type_normal_anchors_num_anchors_10 - INFO - Batch 69/3783: Clean accuracy 0.8261 | Adv accuracy: 0.3333 | Counter-attack accuracy: 0.3333
2026-02-12 11:14:43,116 - ADV_Generation_eps_4.0_steps_100_Added_Noise_uniform_Eps_4.0_Tau_Type_normal_anchors_num_anchors_10 - INFO - Batch:[69] Adversarial images for this batch already exist
2026-02-12 11:14:43,458 - ADV_Generation_eps_4.0_steps_100_Added_Noise_uniform_Eps_4.0_Tau_Type_normal_anchors_num_anchors_10 - INFO - Batch 70/3783: Clean accuracy 0.8286 | Adv accuracy: 0.3286 | Counter-attack accuracy: 0.3286
2026-02-12 11:14:43,459 - ADV_Generation_eps_4.0_steps_100_Added_Noise_uniform_Eps_4.0_Tau_Type_normal_anchors_num_anchors_10 - INFO - Batch:[70] Adversarial images for this batch already exist
2026-02-12 11:14:43,800 - ADV_Generation_eps_4.0_steps_100_Added_Noise_uniform_Eps_4.0_Tau_Type_normal_anchors_num_anchors_10 - INFO - Batch 71/3783: Clean accuracy 0.8310 | Adv accuracy: 0.3380 | Counter-attack accuracy: 0.3380
2026-02-12 11:14:43,801 - ADV_Generation_eps_4.0_steps_100_Added_Noise_uniform_Eps_4.0_Tau_Type_normal_anchors_num_anchors_10 - INFO - Batch:[71] Adversarial images for this batch already exist
2026-02-12 11:14:44,135 - ADV_Generation_eps_4.0_steps_100_Added_Noise_uniform_Eps_4.0_Tau_Type_normal_anchors_num_anchors_10 - INFO - Batch 72/3783: Clean accuracy 0.8333 | Adv accuracy: 0.3333 | Counter-attack accuracy: 0.3333
2026-02-12 11:14:44,136 - ADV_Generation_eps_4.0_steps_100_Added_Noise_uniform_Eps_4.0_Tau_Type_normal_anchors_num_anchors_10 - INFO - Batch:[72] Adversarial images for this batch already exist
2026-02-12 11:14:44,478 - ADV_Generation_eps_4.0_steps_100_Added_Noise_uniform_Eps_4.0_Tau_Type_normal_anchors_num_anchors_10 - INFO - Batch 73/3783: Clean accuracy 0.8356 | Adv accuracy: 0.3288 | Counter-attack accuracy: 0.3288
2026-02-12 11:14:44,479 - ADV_Generation_eps_4.0_steps_100_Added_Noise_uniform_Eps_4.0_Tau_Type_normal_anchors_num_anchors_10 - INFO - Batch:[73] Adversarial images for this batch already exist
2026-02-12 11:14:44,819 - ADV_Generation_eps_4.0_steps_100_Added_Noise_uniform_Eps_4.0_Tau_Type_normal_anchors_num_anchors_10 - INFO - Batch 74/3783: Clean accuracy 0.8243 | Adv accuracy: 0.3243 | Counter-attack accuracy: 0.3243
2026-02-12 11:14:44,821 - ADV_Generation_eps_4.0_steps_100_Added_Noise_uniform_Eps_4.0_Tau_Type_normal_anchors_num_anchors_10 - INFO - Batch:[74] Adversarial images for this batch already exist
2026-02-12 11:14:45,161 - ADV_Generation_eps_4.0_steps_100_Added_Noise_uniform_Eps_4.0_Tau_Type_normal_anchors_num_anchors_10 - INFO - Batch 75/3783: Clean accuracy 0.8267 | Adv accuracy: 0.3200 | Counter-attack accuracy: 0.3200
2026-02-12 11:14:45,162 - ADV_Generation_eps_4.0_steps_100_Added_Noise_uniform_Eps_4.0_Tau_Type_normal_anchors_num_anchors_10 - INFO - Batch:[75] Adversarial images for this batch already exist
2026-02-12 11:14:45,503 - ADV_Generation_eps_4.0_steps_100_Added_Noise_uniform_Eps_4.0_Tau_Type_normal_anchors_num_anchors_10 - INFO - Batch 76/3783: Clean accuracy 0.8289 | Adv accuracy: 0.3158 | Counter-attack accuracy: 0.3158
2026-02-12 11:14:45,504 - ADV_Generation_eps_4.0_steps_100_Added_Noise_uniform_Eps_4.0_Tau_Type_normal_anchors_num_anchors_10 - INFO - Batch:[76] Adversarial images for this batch already exist
2026-02-12 11:14:45,851 - ADV_Generation_eps_4.0_steps_100_Added_Noise_uniform_Eps_4.0_Tau_Type_normal_anchors_num_anchors_10 - INFO - Batch 77/3783: Clean accuracy 0.8312 | Adv accuracy: 0.3117 | Counter-attack accuracy: 0.3117
2026-02-12 11:14:45,852 - ADV_Generation_eps_4.0_steps_100_Added_Noise_uniform_Eps_4.0_Tau_Type_normal_anchors_num_anchors_10 - INFO - Batch:[77] Adversarial images for this batch already exist
2026-02-12 11:14:46,230 - ADV_Generation_eps_4.0_steps_100_Added_Noise_uniform_Eps_4.0_Tau_Type_normal_anchors_num_anchors_10 - INFO - Batch 78/3783: Clean accuracy 0.8333 | Adv accuracy: 0.3205 | Counter-attack accuracy: 0.3205
2026-02-12 11:14:46,231 - ADV_Generation_eps_4.0_steps_100_Added_Noise_uniform_Eps_4.0_Tau_Type_normal_anchors_num_anchors_10 - INFO - Batch:[78] Adversarial images for this batch already exist
2026-02-12 11:14:46,574 - ADV_Generation_eps_4.0_steps_100_Added_Noise_uniform_Eps_4.0_Tau_Type_normal_anchors_num_anchors_10 - INFO - Batch 79/3783: Clean accuracy 0.8354 | Adv accuracy: 0.3291 | Counter-attack accuracy: 0.3291
2026-02-12 11:14:46,575 - ADV_Generation_eps_4.0_steps_100_Added_Noise_uniform_Eps_4.0_Tau_Type_normal_anchors_num_anchors_10 - INFO - Batch:[79] Adversarial images for this batch already exist
2026-02-12 11:14:46,924 - ADV_Generation_eps_4.0_steps_100_Added_Noise_uniform_Eps_4.0_Tau_Type_normal_anchors_num_anchors_10 - INFO - Batch 80/3783: Clean accuracy 0.8375 | Adv accuracy: 0.3375 | Counter-attack accuracy: 0.3375
2026-02-12 11:14:46,925 - ADV_Generation_eps_4.0_steps_100_Added_Noise_uniform_Eps_4.0_Tau_Type_normal_anchors_num_anchors_10 - INFO - Batch:[80] Adversarial images for this batch already exist
2026-02-12 11:14:47,268 - ADV_Generation_eps_4.0_steps_100_Added_Noise_uniform_Eps_4.0_Tau_Type_normal_anchors_num_anchors_10 - INFO - Batch 81/3783: Clean accuracy 0.8272 | Adv accuracy: 0.3333 | Counter-attack accuracy: 0.3333
2026-02-12 11:14:47,269 - ADV_Generation_eps_4.0_steps_100_Added_Noise_uniform_Eps_4.0_Tau_Type_normal_anchors_num_anchors_10 - INFO - Batch:[81] Adversarial images for this batch already exist
2026-02-12 11:14:47,608 - ADV_Generation_eps_4.0_steps_100_Added_Noise_uniform_Eps_4.0_Tau_Type_normal_anchors_num_anchors_10 - INFO - Batch 82/3783: Clean accuracy 0.8293 | Adv accuracy: 0.3293 | Counter-attack accuracy: 0.3293
2026-02-12 11:14:47,610 - ADV_Generation_eps_4.0_steps_100_Added_Noise_uniform_Eps_4.0_Tau_Type_normal_anchors_num_anchors_10 - INFO - Batch:[82] Adversarial images for this batch already exist
2026-02-12 11:14:47,957 - ADV_Generation_eps_4.0_steps_100_Added_Noise_uniform_Eps_4.0_Tau_Type_normal_anchors_num_anchors_10 - INFO - Batch 83/3783: Clean accuracy 0.8313 | Adv accuracy: 0.3373 | Counter-attack accuracy: 0.3373
2026-02-12 11:14:47,958 - ADV_Generation_eps_4.0_steps_100_Added_Noise_uniform_Eps_4.0_Tau_Type_normal_anchors_num_anchors_10 - INFO - Batch:[83] Adversarial images for this batch already exist
2026-02-12 11:14:48,307 - ADV_Generation_eps_4.0_steps_100_Added_Noise_uniform_Eps_4.0_Tau_Type_normal_anchors_num_anchors_10 - INFO - Batch 84/3783: Clean accuracy 0.8333 | Adv accuracy: 0.3333 | Counter-attack accuracy: 0.3333
2026-02-12 11:14:48,308 - ADV_Generation_eps_4.0_steps_100_Added_Noise_uniform_Eps_4.0_Tau_Type_normal_anchors_num_anchors_10 - INFO - Batch:[84] Adversarial images for this batch already exist
2026-02-12 11:14:48,650 - ADV_Generation_eps_4.0_steps_100_Added_Noise_uniform_Eps_4.0_Tau_Type_normal_anchors_num_anchors_10 - INFO - Batch 85/3783: Clean accuracy 0.8235 | Adv accuracy: 0.3294 | Counter-attack accuracy: 0.3294
2026-02-12 11:14:48,651 - ADV_Generation_eps_4.0_steps_100_Added_Noise_uniform_Eps_4.0_Tau_Type_normal_anchors_num_anchors_10 - INFO - Batch:[85] Adversarial images for this batch already exist
2026-02-12 11:14:48,991 - ADV_Generation_eps_4.0_steps_100_Added_Noise_uniform_Eps_4.0_Tau_Type_normal_anchors_num_anchors_10 - INFO - Batch 86/3783: Clean accuracy 0.8256 | Adv accuracy: 0.3256 | Counter-attack accuracy: 0.3256
2026-02-12 11:14:48,992 - ADV_Generation_eps_4.0_steps_100_Added_Noise_uniform_Eps_4.0_Tau_Type_normal_anchors_num_anchors_10 - INFO - Batch:[86] Adversarial images for this batch already exist
2026-02-12 11:14:49,339 - ADV_Generation_eps_4.0_steps_100_Added_Noise_uniform_Eps_4.0_Tau_Type_normal_anchors_num_anchors_10 - INFO - Batch 87/3783: Clean accuracy 0.8276 | Adv accuracy: 0.3218 | Counter-attack accuracy: 0.3218
2026-02-12 11:14:49,340 - ADV_Generation_eps_4.0_steps_100_Added_Noise_uniform_Eps_4.0_Tau_Type_normal_anchors_num_anchors_10 - INFO - Batch:[87] Adversarial images for this batch already exist
2026-02-12 11:14:49,677 - ADV_Generation_eps_4.0_steps_100_Added_Noise_uniform_Eps_4.0_Tau_Type_normal_anchors_num_anchors_10 - INFO - Batch 88/3783: Clean accuracy 0.8295 | Adv accuracy: 0.3182 | Counter-attack accuracy: 0.3182
2026-02-12 11:14:49,678 - ADV_Generation_eps_4.0_steps_100_Added_Noise_uniform_Eps_4.0_Tau_Type_normal_anchors_num_anchors_10 - INFO - Batch:[88] Adversarial images for this batch already exist
2026-02-12 11:14:50,022 - ADV_Generation_eps_4.0_steps_100_Added_Noise_uniform_Eps_4.0_Tau_Type_normal_anchors_num_anchors_10 - INFO - Batch 89/3783: Clean accuracy 0.8315 | Adv accuracy: 0.3146 | Counter-attack accuracy: 0.3146
2026-02-12 11:14:50,023 - ADV_Generation_eps_4.0_steps_100_Added_Noise_uniform_Eps_4.0_Tau_Type_normal_anchors_num_anchors_10 - INFO - Batch:[89] Adversarial images for this batch already exist
2026-02-12 11:14:50,359 - ADV_Generation_eps_4.0_steps_100_Added_Noise_uniform_Eps_4.0_Tau_Type_normal_anchors_num_anchors_10 - INFO - Batch 90/3783: Clean accuracy 0.8333 | Adv accuracy: 0.3111 | Counter-attack accuracy: 0.3111
2026-02-12 11:14:50,360 - ADV_Generation_eps_4.0_steps_100_Added_Noise_uniform_Eps_4.0_Tau_Type_normal_anchors_num_anchors_10 - INFO - Batch:[90] Adversarial images for this batch already exist
2026-02-12 11:14:50,692 - ADV_Generation_eps_4.0_steps_100_Added_Noise_uniform_Eps_4.0_Tau_Type_normal_anchors_num_anchors_10 - INFO - Batch 91/3783: Clean accuracy 0.8352 | Adv accuracy: 0.3077 | Counter-attack accuracy: 0.3077
2026-02-12 11:14:50,694 - ADV_Generation_eps_4.0_steps_100_Added_Noise_uniform_Eps_4.0_Tau_Type_normal_anchors_num_anchors_10 - INFO - Batch:[91] Adversarial images for this batch already exist
2026-02-12 11:14:51,034 - ADV_Generation_eps_4.0_steps_100_Added_Noise_uniform_Eps_4.0_Tau_Type_normal_anchors_num_anchors_10 - INFO - Batch 92/3783: Clean accuracy 0.8370 | Adv accuracy: 0.3152 | Counter-attack accuracy: 0.3152
2026-02-12 11:14:51,036 - ADV_Generation_eps_4.0_steps_100_Added_Noise_uniform_Eps_4.0_Tau_Type_normal_anchors_num_anchors_10 - INFO - Batch:[92] Adversarial images for this batch already exist
2026-02-12 11:14:51,377 - ADV_Generation_eps_4.0_steps_100_Added_Noise_uniform_Eps_4.0_Tau_Type_normal_anchors_num_anchors_10 - INFO - Batch 93/3783: Clean accuracy 0.8387 | Adv accuracy: 0.3226 | Counter-attack accuracy: 0.3226
2026-02-12 11:14:51,378 - ADV_Generation_eps_4.0_steps_100_Added_Noise_uniform_Eps_4.0_Tau_Type_normal_anchors_num_anchors_10 - INFO - Batch:[93] Adversarial images for this batch already exist
2026-02-12 11:14:51,730 - ADV_Generation_eps_4.0_steps_100_Added_Noise_uniform_Eps_4.0_Tau_Type_normal_anchors_num_anchors_10 - INFO - Batch 94/3783: Clean accuracy 0.8404 | Adv accuracy: 0.3191 | Counter-attack accuracy: 0.3191
2026-02-12 11:14:51,731 - ADV_Generation_eps_4.0_steps_100_Added_Noise_uniform_Eps_4.0_Tau_Type_normal_anchors_num_anchors_10 - INFO - Batch:[94] Adversarial images for this batch already exist
2026-02-12 11:14:52,066 - ADV_Generation_eps_4.0_steps_100_Added_Noise_uniform_Eps_4.0_Tau_Type_normal_anchors_num_anchors_10 - INFO - Batch 95/3783: Clean accuracy 0.8421 | Adv accuracy: 0.3263 | Counter-attack accuracy: 0.3263
2026-02-12 11:14:52,068 - ADV_Generation_eps_4.0_steps_100_Added_Noise_uniform_Eps_4.0_Tau_Type_normal_anchors_num_anchors_10 - INFO - Batch:[95] Adversarial images for this batch already exist
2026-02-12 11:14:52,404 - ADV_Generation_eps_4.0_steps_100_Added_Noise_uniform_Eps_4.0_Tau_Type_normal_anchors_num_anchors_10 - INFO - Batch 96/3783: Clean accuracy 0.8438 | Adv accuracy: 0.3229 | Counter-attack accuracy: 0.3229
2026-02-12 11:14:52,405 - ADV_Generation_eps_4.0_steps_100_Added_Noise_uniform_Eps_4.0_Tau_Type_normal_anchors_num_anchors_10 - INFO - Batch:[96] Adversarial images for this batch already exist
2026-02-12 11:14:52,741 - ADV_Generation_eps_4.0_steps_100_Added_Noise_uniform_Eps_4.0_Tau_Type_normal_anchors_num_anchors_10 - INFO - Batch 97/3783: Clean accuracy 0.8454 | Adv accuracy: 0.3299 | Counter-attack accuracy: 0.3299
2026-02-12 11:14:52,742 - ADV_Generation_eps_4.0_steps_100_Added_Noise_uniform_Eps_4.0_Tau_Type_normal_anchors_num_anchors_10 - INFO - Batch:[97] Adversarial images for this batch already exist
2026-02-12 11:14:53,078 - ADV_Generation_eps_4.0_steps_100_Added_Noise_uniform_Eps_4.0_Tau_Type_normal_anchors_num_anchors_10 - INFO - Batch 98/3783: Clean accuracy 0.8469 | Adv accuracy: 0.3265 | Counter-attack accuracy: 0.3265
2026-02-12 11:14:53,079 - ADV_Generation_eps_4.0_steps_100_Added_Noise_uniform_Eps_4.0_Tau_Type_normal_anchors_num_anchors_10 - INFO - Batch:[98] Adversarial images for this batch already exist
2026-02-12 11:14:53,413 - ADV_Generation_eps_4.0_steps_100_Added_Noise_uniform_Eps_4.0_Tau_Type_normal_anchors_num_anchors_10 - INFO - Batch 99/3783: Clean accuracy 0.8485 | Adv accuracy: 0.3333 | Counter-attack accuracy: 0.3333
2026-02-12 11:14:53,414 - ADV_Generation_eps_4.0_steps_100_Added_Noise_uniform_Eps_4.0_Tau_Type_normal_anchors_num_anchors_10 - INFO - Batch:[99] Adversarial images for this batch already exist
2026-02-12 11:14:53,752 - ADV_Generation_eps_4.0_steps_100_Added_Noise_uniform_Eps_4.0_Tau_Type_normal_anchors_num_anchors_10 - INFO - Batch 100/3783: Clean accuracy 0.8400 | Adv accuracy: 0.3300 | Counter-attack accuracy: 0.3300
2026-02-12 11:14:53,753 - ADV_Generation_eps_4.0_steps_100_Added_Noise_uniform_Eps_4.0_Tau_Type_normal_anchors_num_anchors_10 - INFO - Batch:[100] Adversarial images for this batch already exist
2026-02-12 11:14:54,093 - ADV_Generation_eps_4.0_steps_100_Added_Noise_uniform_Eps_4.0_Tau_Type_normal_anchors_num_anchors_10 - INFO - Batch 101/3783: Clean accuracy 0.8416 | Adv accuracy: 0.3267 | Counter-attack accuracy: 0.3267
2026-02-12 11:14:54,095 - ADV_Generation_eps_4.0_steps_100_Added_Noise_uniform_Eps_4.0_Tau_Type_normal_anchors_num_anchors_10 - INFO - Batch:[101] Adversarial images for this batch already exist
2026-02-12 11:14:54,473 - ADV_Generation_eps_4.0_steps_100_Added_Noise_uniform_Eps_4.0_Tau_Type_normal_anchors_num_anchors_10 - INFO - Batch 102/3783: Clean accuracy 0.8333 | Adv accuracy: 0.3235 | Counter-attack accuracy: 0.3235
2026-02-12 11:14:54,474 - ADV_Generation_eps_4.0_steps_100_Added_Noise_uniform_Eps_4.0_Tau_Type_normal_anchors_num_anchors_10 - INFO - Batch:[102] Adversarial images for this batch already exist
2026-02-12 11:14:54,810 - ADV_Generation_eps_4.0_steps_100_Added_Noise_uniform_Eps_4.0_Tau_Type_normal_anchors_num_anchors_10 - INFO - Batch 103/3783: Clean accuracy 0.8252 | Adv accuracy: 0.3204 | Counter-attack accuracy: 0.3204
2026-02-12 11:14:54,811 - ADV_Generation_eps_4.0_steps_100_Added_Noise_uniform_Eps_4.0_Tau_Type_normal_anchors_num_anchors_10 - INFO - Batch:[103] Adversarial images for this batch already exist
2026-02-12 11:14:55,140 - ADV_Generation_eps_4.0_steps_100_Added_Noise_uniform_Eps_4.0_Tau_Type_normal_anchors_num_anchors_10 - INFO - Batch 104/3783: Clean accuracy 0.8173 | Adv accuracy: 0.3173 | Counter-attack accuracy: 0.3173
2026-02-12 11:14:55,141 - ADV_Generation_eps_4.0_steps_100_Added_Noise_uniform_Eps_4.0_Tau_Type_normal_anchors_num_anchors_10 - INFO - Batch:[104] Adversarial images for this batch already exist
2026-02-12 11:14:55,478 - ADV_Generation_eps_4.0_steps_100_Added_Noise_uniform_Eps_4.0_Tau_Type_normal_anchors_num_anchors_10 - INFO - Batch 105/3783: Clean accuracy 0.8095 | Adv accuracy: 0.3143 | Counter-attack accuracy: 0.3143
2026-02-12 11:14:55,479 - ADV_Generation_eps_4.0_steps_100_Added_Noise_uniform_Eps_4.0_Tau_Type_normal_anchors_num_anchors_10 - INFO - Batch:[105] Adversarial images for this batch already exist
2026-02-12 11:14:55,817 - ADV_Generation_eps_4.0_steps_100_Added_Noise_uniform_Eps_4.0_Tau_Type_normal_anchors_num_anchors_10 - INFO - Batch 106/3783: Clean accuracy 0.8019 | Adv accuracy: 0.3113 | Counter-attack accuracy: 0.3113
2026-02-12 11:14:55,819 - ADV_Generation_eps_4.0_steps_100_Added_Noise_uniform_Eps_4.0_Tau_Type_normal_anchors_num_anchors_10 - INFO - Batch:[106] Adversarial images for this batch already exist
2026-02-12 11:14:56,151 - ADV_Generation_eps_4.0_steps_100_Added_Noise_uniform_Eps_4.0_Tau_Type_normal_anchors_num_anchors_10 - INFO - Batch 107/3783: Clean accuracy 0.8037 | Adv accuracy: 0.3178 | Counter-attack accuracy: 0.3178
2026-02-12 11:14:56,153 - ADV_Generation_eps_4.0_steps_100_Added_Noise_uniform_Eps_4.0_Tau_Type_normal_anchors_num_anchors_10 - INFO - Batch:[107] Adversarial images for this batch already exist
2026-02-12 11:14:56,494 - ADV_Generation_eps_4.0_steps_100_Added_Noise_uniform_Eps_4.0_Tau_Type_normal_anchors_num_anchors_10 - INFO - Batch 108/3783: Clean accuracy 0.8056 | Adv accuracy: 0.3241 | Counter-attack accuracy: 0.3241
2026-02-12 11:14:56,496 - ADV_Generation_eps_4.0_steps_100_Added_Noise_uniform_Eps_4.0_Tau_Type_normal_anchors_num_anchors_10 - INFO - Batch:[108] Adversarial images for this batch already exist
2026-02-12 11:14:56,836 - ADV_Generation_eps_4.0_steps_100_Added_Noise_uniform_Eps_4.0_Tau_Type_normal_anchors_num_anchors_10 - INFO - Batch 109/3783: Clean accuracy 0.8073 | Adv accuracy: 0.3211 | Counter-attack accuracy: 0.3211
2026-02-12 11:14:56,838 - ADV_Generation_eps_4.0_steps_100_Added_Noise_uniform_Eps_4.0_Tau_Type_normal_anchors_num_anchors_10 - INFO - Batch:[109] Adversarial images for this batch already exist
2026-02-12 11:14:57,174 - ADV_Generation_eps_4.0_steps_100_Added_Noise_uniform_Eps_4.0_Tau_Type_normal_anchors_num_anchors_10 - INFO - Batch 110/3783: Clean accuracy 0.8091 | Adv accuracy: 0.3182 | Counter-attack accuracy: 0.3182
2026-02-12 11:14:57,175 - ADV_Generation_eps_4.0_steps_100_Added_Noise_uniform_Eps_4.0_Tau_Type_normal_anchors_num_anchors_10 - INFO - Batch:[110] Adversarial images for this batch already exist
2026-02-12 11:14:57,516 - ADV_Generation_eps_4.0_steps_100_Added_Noise_uniform_Eps_4.0_Tau_Type_normal_anchors_num_anchors_10 - INFO - Batch 111/3783: Clean accuracy 0.8108 | Adv accuracy: 0.3243 | Counter-attack accuracy: 0.3243
2026-02-12 11:14:57,517 - ADV_Generation_eps_4.0_steps_100_Added_Noise_uniform_Eps_4.0_Tau_Type_normal_anchors_num_anchors_10 - INFO - Batch:[111] Adversarial images for this batch already exist
2026-02-12 11:14:57,848 - ADV_Generation_eps_4.0_steps_100_Added_Noise_uniform_Eps_4.0_Tau_Type_normal_anchors_num_anchors_10 - INFO - Batch 112/3783: Clean accuracy 0.8125 | Adv accuracy: 0.3214 | Counter-attack accuracy: 0.3214
2026-02-12 11:14:57,849 - ADV_Generation_eps_4.0_steps_100_Added_Noise_uniform_Eps_4.0_Tau_Type_normal_anchors_num_anchors_10 - INFO - Batch:[112] Adversarial images for this batch already exist
2026-02-12 11:14:58,194 - ADV_Generation_eps_4.0_steps_100_Added_Noise_uniform_Eps_4.0_Tau_Type_normal_anchors_num_anchors_10 - INFO - Batch 113/3783: Clean accuracy 0.8142 | Adv accuracy: 0.3186 | Counter-attack accuracy: 0.3186
2026-02-12 11:14:58,196 - ADV_Generation_eps_4.0_steps_100_Added_Noise_uniform_Eps_4.0_Tau_Type_normal_anchors_num_anchors_10 - INFO - Batch:[113] Adversarial images for this batch already exist
2026-02-12 11:14:58,539 - ADV_Generation_eps_4.0_steps_100_Added_Noise_uniform_Eps_4.0_Tau_Type_normal_anchors_num_anchors_10 - INFO - Batch 114/3783: Clean accuracy 0.8158 | Adv accuracy: 0.3158 | Counter-attack accuracy: 0.3158
2026-02-12 11:14:58,540 - ADV_Generation_eps_4.0_steps_100_Added_Noise_uniform_Eps_4.0_Tau_Type_normal_anchors_num_anchors_10 - INFO - Batch:[114] Adversarial images for this batch already exist
2026-02-12 11:14:58,881 - ADV_Generation_eps_4.0_steps_100_Added_Noise_uniform_Eps_4.0_Tau_Type_normal_anchors_num_anchors_10 - INFO - Batch 115/3783: Clean accuracy 0.8174 | Adv accuracy: 0.3217 | Counter-attack accuracy: 0.3217
2026-02-12 11:14:58,882 - ADV_Generation_eps_4.0_steps_100_Added_Noise_uniform_Eps_4.0_Tau_Type_normal_anchors_num_anchors_10 - INFO - Batch:[115] Adversarial images for this batch already exist
2026-02-12 11:14:59,221 - ADV_Generation_eps_4.0_steps_100_Added_Noise_uniform_Eps_4.0_Tau_Type_normal_anchors_num_anchors_10 - INFO - Batch 116/3783: Clean accuracy 0.8190 | Adv accuracy: 0.3190 | Counter-attack accuracy: 0.3190
2026-02-12 11:14:59,222 - ADV_Generation_eps_4.0_steps_100_Added_Noise_uniform_Eps_4.0_Tau_Type_normal_anchors_num_anchors_10 - INFO - Batch:[116] Adversarial images for this batch already exist
2026-02-12 11:14:59,565 - ADV_Generation_eps_4.0_steps_100_Added_Noise_uniform_Eps_4.0_Tau_Type_normal_anchors_num_anchors_10 - INFO - Batch 117/3783: Clean accuracy 0.8205 | Adv accuracy: 0.3162 | Counter-attack accuracy: 0.3162
2026-02-12 11:14:59,566 - ADV_Generation_eps_4.0_steps_100_Added_Noise_uniform_Eps_4.0_Tau_Type_normal_anchors_num_anchors_10 - INFO - Batch:[117] Adversarial images for this batch already exist
2026-02-12 11:14:59,907 - ADV_Generation_eps_4.0_steps_100_Added_Noise_uniform_Eps_4.0_Tau_Type_normal_anchors_num_anchors_10 - INFO - Batch 118/3783: Clean accuracy 0.8220 | Adv accuracy: 0.3220 | Counter-attack accuracy: 0.3220
2026-02-12 11:14:59,908 - ADV_Generation_eps_4.0_steps_100_Added_Noise_uniform_Eps_4.0_Tau_Type_normal_anchors_num_anchors_10 - INFO - Batch:[118] Adversarial images for this batch already exist
2026-02-12 11:15:00,245 - ADV_Generation_eps_4.0_steps_100_Added_Noise_uniform_Eps_4.0_Tau_Type_normal_anchors_num_anchors_10 - INFO - Batch 119/3783: Clean accuracy 0.8235 | Adv accuracy: 0.3277 | Counter-attack accuracy: 0.3277
2026-02-12 11:15:00,246 - ADV_Generation_eps_4.0_steps_100_Added_Noise_uniform_Eps_4.0_Tau_Type_normal_anchors_num_anchors_10 - INFO - Batch:[119] Adversarial images for this batch already exist
2026-02-12 11:15:00,588 - ADV_Generation_eps_4.0_steps_100_Added_Noise_uniform_Eps_4.0_Tau_Type_normal_anchors_num_anchors_10 - INFO - Batch 120/3783: Clean accuracy 0.8167 | Adv accuracy: 0.3250 | Counter-attack accuracy: 0.3250
2026-02-12 11:15:00,589 - ADV_Generation_eps_4.0_steps_100_Added_Noise_uniform_Eps_4.0_Tau_Type_normal_anchors_num_anchors_10 - INFO - Batch:[120] Adversarial images for this batch already exist
2026-02-12 11:15:00,941 - ADV_Generation_eps_4.0_steps_100_Added_Noise_uniform_Eps_4.0_Tau_Type_normal_anchors_num_anchors_10 - INFO - Batch 121/3783: Clean accuracy 0.8182 | Adv accuracy: 0.3223 | Counter-attack accuracy: 0.3223
2026-02-12 11:15:00,942 - ADV_Generation_eps_4.0_steps_100_Added_Noise_uniform_Eps_4.0_Tau_Type_normal_anchors_num_anchors_10 - INFO - Batch:[121] Adversarial images for this batch already exist
2026-02-12 11:15:01,283 - ADV_Generation_eps_4.0_steps_100_Added_Noise_uniform_Eps_4.0_Tau_Type_normal_anchors_num_anchors_10 - INFO - Batch 122/3783: Clean accuracy 0.8115 | Adv accuracy: 0.3197 | Counter-attack accuracy: 0.3197
2026-02-12 11:15:01,284 - ADV_Generation_eps_4.0_steps_100_Added_Noise_uniform_Eps_4.0_Tau_Type_normal_anchors_num_anchors_10 - INFO - Batch:[122] Adversarial images for this batch already exist
2026-02-12 11:15:01,628 - ADV_Generation_eps_4.0_steps_100_Added_Noise_uniform_Eps_4.0_Tau_Type_normal_anchors_num_anchors_10 - INFO - Batch 123/3783: Clean accuracy 0.8130 | Adv accuracy: 0.3171 | Counter-attack accuracy: 0.3171
2026-02-12 11:15:01,629 - ADV_Generation_eps_4.0_steps_100_Added_Noise_uniform_Eps_4.0_Tau_Type_normal_anchors_num_anchors_10 - INFO - Batch:[123] Adversarial images for this batch already exist
2026-02-12 11:15:01,974 - ADV_Generation_eps_4.0_steps_100_Added_Noise_uniform_Eps_4.0_Tau_Type_normal_anchors_num_anchors_10 - INFO - Batch 124/3783: Clean accuracy 0.8145 | Adv accuracy: 0.3145 | Counter-attack accuracy: 0.3145
2026-02-12 11:15:01,975 - ADV_Generation_eps_4.0_steps_100_Added_Noise_uniform_Eps_4.0_Tau_Type_normal_anchors_num_anchors_10 - INFO - Batch:[124] Adversarial images for this batch already exist
2026-02-12 11:15:02,317 - ADV_Generation_eps_4.0_steps_100_Added_Noise_uniform_Eps_4.0_Tau_Type_normal_anchors_num_anchors_10 - INFO - Batch 125/3783: Clean accuracy 0.8160 | Adv accuracy: 0.3120 | Counter-attack accuracy: 0.3120
2026-02-12 11:15:02,318 - ADV_Generation_eps_4.0_steps_100_Added_Noise_uniform_Eps_4.0_Tau_Type_normal_anchors_num_anchors_10 - INFO - Batch:[125] Adversarial images for this batch already exist
2026-02-12 11:15:02,664 - ADV_Generation_eps_4.0_steps_100_Added_Noise_uniform_Eps_4.0_Tau_Type_normal_anchors_num_anchors_10 - INFO - Batch 126/3783: Clean accuracy 0.8175 | Adv accuracy: 0.3175 | Counter-attack accuracy: 0.3175
2026-02-12 11:15:02,665 - ADV_Generation_eps_4.0_steps_100_Added_Noise_uniform_Eps_4.0_Tau_Type_normal_anchors_num_anchors_10 - INFO - Batch:[126] Adversarial images for this batch already exist
2026-02-12 11:15:03,002 - ADV_Generation_eps_4.0_steps_100_Added_Noise_uniform_Eps_4.0_Tau_Type_normal_anchors_num_anchors_10 - INFO - Batch 127/3783: Clean accuracy 0.8189 | Adv accuracy: 0.3150 | Counter-attack accuracy: 0.3150
2026-02-12 11:15:03,003 - ADV_Generation_eps_4.0_steps_100_Added_Noise_uniform_Eps_4.0_Tau_Type_normal_anchors_num_anchors_10 - INFO - Batch:[127] Adversarial images for this batch already exist
2026-02-12 11:15:03,344 - ADV_Generation_eps_4.0_steps_100_Added_Noise_uniform_Eps_4.0_Tau_Type_normal_anchors_num_anchors_10 - INFO - Batch 128/3783: Clean accuracy 0.8203 | Adv accuracy: 0.3125 | Counter-attack accuracy: 0.3125
2026-02-12 11:15:03,345 - ADV_Generation_eps_4.0_steps_100_Added_Noise_uniform_Eps_4.0_Tau_Type_normal_anchors_num_anchors_10 - INFO - Batch:[128] Adversarial images for this batch already exist
2026-02-12 11:15:03,682 - ADV_Generation_eps_4.0_steps_100_Added_Noise_uniform_Eps_4.0_Tau_Type_normal_anchors_num_anchors_10 - INFO - Batch 129/3783: Clean accuracy 0.8217 | Adv accuracy: 0.3101 | Counter-attack accuracy: 0.3101
2026-02-12 11:15:03,684 - ADV_Generation_eps_4.0_steps_100_Added_Noise_uniform_Eps_4.0_Tau_Type_normal_anchors_num_anchors_10 - INFO - Batch:[129] Adversarial images for this batch already exist
2026-02-12 11:15:04,025 - ADV_Generation_eps_4.0_steps_100_Added_Noise_uniform_Eps_4.0_Tau_Type_normal_anchors_num_anchors_10 - INFO - Batch 130/3783: Clean accuracy 0.8231 | Adv accuracy: 0.3077 | Counter-attack accuracy: 0.3077
2026-02-12 11:15:04,026 - ADV_Generation_eps_4.0_steps_100_Added_Noise_uniform_Eps_4.0_Tau_Type_normal_anchors_num_anchors_10 - INFO - Batch:[130] Adversarial images for this batch already exist
2026-02-12 11:15:04,374 - ADV_Generation_eps_4.0_steps_100_Added_Noise_uniform_Eps_4.0_Tau_Type_normal_anchors_num_anchors_10 - INFO - Batch 131/3783: Clean accuracy 0.8244 | Adv accuracy: 0.3053 | Counter-attack accuracy: 0.3053
2026-02-12 11:15:04,375 - ADV_Generation_eps_4.0_steps_100_Added_Noise_uniform_Eps_4.0_Tau_Type_normal_anchors_num_anchors_10 - INFO - Batch:[131] Adversarial images for this batch already exist
2026-02-12 11:15:04,718 - ADV_Generation_eps_4.0_steps_100_Added_Noise_uniform_Eps_4.0_Tau_Type_normal_anchors_num_anchors_10 - INFO - Batch 132/3783: Clean accuracy 0.8258 | Adv accuracy: 0.3106 | Counter-attack accuracy: 0.3106
2026-02-12 11:15:04,718 - ADV_Generation_eps_4.0_steps_100_Added_Noise_uniform_Eps_4.0_Tau_Type_normal_anchors_num_anchors_10 - INFO - Batch:[132] Adversarial images for this batch already exist
2026-02-12 11:15:05,062 - ADV_Generation_eps_4.0_steps_100_Added_Noise_uniform_Eps_4.0_Tau_Type_normal_anchors_num_anchors_10 - INFO - Batch 133/3783: Clean accuracy 0.8271 | Adv accuracy: 0.3083 | Counter-attack accuracy: 0.3083
2026-02-12 11:15:05,063 - ADV_Generation_eps_4.0_steps_100_Added_Noise_uniform_Eps_4.0_Tau_Type_normal_anchors_num_anchors_10 - INFO - Batch:[133] Adversarial images for this batch already exist
2026-02-12 11:15:05,403 - ADV_Generation_eps_4.0_steps_100_Added_Noise_uniform_Eps_4.0_Tau_Type_normal_anchors_num_anchors_10 - INFO - Batch 134/3783: Clean accuracy 0.8284 | Adv accuracy: 0.3134 | Counter-attack accuracy: 0.3134
2026-02-12 11:15:05,404 - ADV_Generation_eps_4.0_steps_100_Added_Noise_uniform_Eps_4.0_Tau_Type_normal_anchors_num_anchors_10 - INFO - Batch:[134] Adversarial images for this batch already exist
2026-02-12 11:15:05,749 - ADV_Generation_eps_4.0_steps_100_Added_Noise_uniform_Eps_4.0_Tau_Type_normal_anchors_num_anchors_10 - INFO - Batch 135/3783: Clean accuracy 0.8296 | Adv accuracy: 0.3111 | Counter-attack accuracy: 0.3111
2026-02-12 11:15:05,750 - ADV_Generation_eps_4.0_steps_100_Added_Noise_uniform_Eps_4.0_Tau_Type_normal_anchors_num_anchors_10 - INFO - Batch:[135] Adversarial images for this batch already exist
2026-02-12 11:15:06,082 - ADV_Generation_eps_4.0_steps_100_Added_Noise_uniform_Eps_4.0_Tau_Type_normal_anchors_num_anchors_10 - INFO - Batch 136/3783: Clean accuracy 0.8309 | Adv accuracy: 0.3088 | Counter-attack accuracy: 0.3088
2026-02-12 11:15:06,083 - ADV_Generation_eps_4.0_steps_100_Added_Noise_uniform_Eps_4.0_Tau_Type_normal_anchors_num_anchors_10 - INFO - Batch:[136] Adversarial images for this batch already exist
2026-02-12 11:15:06,424 - ADV_Generation_eps_4.0_steps_100_Added_Noise_uniform_Eps_4.0_Tau_Type_normal_anchors_num_anchors_10 - INFO - Batch 137/3783: Clean accuracy 0.8321 | Adv accuracy: 0.3066 | Counter-attack accuracy: 0.3066
2026-02-12 11:15:06,425 - ADV_Generation_eps_4.0_steps_100_Added_Noise_uniform_Eps_4.0_Tau_Type_normal_anchors_num_anchors_10 - INFO - Batch:[137] Adversarial images for this batch already exist
2026-02-12 11:15:06,776 - ADV_Generation_eps_4.0_steps_100_Added_Noise_uniform_Eps_4.0_Tau_Type_normal_anchors_num_anchors_10 - INFO - Batch 138/3783: Clean accuracy 0.8333 | Adv accuracy: 0.3116 | Counter-attack accuracy: 0.3116
2026-02-12 11:15:06,778 - ADV_Generation_eps_4.0_steps_100_Added_Noise_uniform_Eps_4.0_Tau_Type_normal_anchors_num_anchors_10 - INFO - Batch:[138] Adversarial images for this batch already exist
2026-02-12 11:15:07,141 - ADV_Generation_eps_4.0_steps_100_Added_Noise_uniform_Eps_4.0_Tau_Type_normal_anchors_num_anchors_10 - INFO - Batch 139/3783: Clean accuracy 0.8345 | Adv accuracy: 0.3165 | Counter-attack accuracy: 0.3165
2026-02-12 11:15:07,142 - ADV_Generation_eps_4.0_steps_100_Added_Noise_uniform_Eps_4.0_Tau_Type_normal_anchors_num_anchors_10 - INFO - Batch:[139] Adversarial images for this batch already exist
2026-02-12 11:15:07,478 - ADV_Generation_eps_4.0_steps_100_Added_Noise_uniform_Eps_4.0_Tau_Type_normal_anchors_num_anchors_10 - INFO - Batch 140/3783: Clean accuracy 0.8357 | Adv accuracy: 0.3143 | Counter-attack accuracy: 0.3143
2026-02-12 11:15:07,479 - ADV_Generation_eps_4.0_steps_100_Added_Noise_uniform_Eps_4.0_Tau_Type_normal_anchors_num_anchors_10 - INFO - Batch:[140] Adversarial images for this batch already exist
2026-02-12 11:15:07,820 - ADV_Generation_eps_4.0_steps_100_Added_Noise_uniform_Eps_4.0_Tau_Type_normal_anchors_num_anchors_10 - INFO - Batch 141/3783: Clean accuracy 0.8369 | Adv accuracy: 0.3121 | Counter-attack accuracy: 0.3121
2026-02-12 11:15:07,821 - ADV_Generation_eps_4.0_steps_100_Added_Noise_uniform_Eps_4.0_Tau_Type_normal_anchors_num_anchors_10 - INFO - Batch:[141] Adversarial images for this batch already exist
2026-02-12 11:15:08,163 - ADV_Generation_eps_4.0_steps_100_Added_Noise_uniform_Eps_4.0_Tau_Type_normal_anchors_num_anchors_10 - INFO - Batch 142/3783: Clean accuracy 0.8380 | Adv accuracy: 0.3099 | Counter-attack accuracy: 0.3099
2026-02-12 11:15:08,164 - ADV_Generation_eps_4.0_steps_100_Added_Noise_uniform_Eps_4.0_Tau_Type_normal_anchors_num_anchors_10 - INFO - Batch:[142] Adversarial images for this batch already exist
2026-02-12 11:15:08,501 - ADV_Generation_eps_4.0_steps_100_Added_Noise_uniform_Eps_4.0_Tau_Type_normal_anchors_num_anchors_10 - INFO - Batch 143/3783: Clean accuracy 0.8392 | Adv accuracy: 0.3077 | Counter-attack accuracy: 0.3077
2026-02-12 11:15:08,502 - ADV_Generation_eps_4.0_steps_100_Added_Noise_uniform_Eps_4.0_Tau_Type_normal_anchors_num_anchors_10 - INFO - Batch:[143] Adversarial images for this batch already exist
2026-02-12 11:15:08,840 - ADV_Generation_eps_4.0_steps_100_Added_Noise_uniform_Eps_4.0_Tau_Type_normal_anchors_num_anchors_10 - INFO - Batch 144/3783: Clean accuracy 0.8403 | Adv accuracy: 0.3056 | Counter-attack accuracy: 0.3056
2026-02-12 11:15:08,841 - ADV_Generation_eps_4.0_steps_100_Added_Noise_uniform_Eps_4.0_Tau_Type_normal_anchors_num_anchors_10 - INFO - Batch:[144] Adversarial images for this batch already exist
2026-02-12 11:15:09,181 - ADV_Generation_eps_4.0_steps_100_Added_Noise_uniform_Eps_4.0_Tau_Type_normal_anchors_num_anchors_10 - INFO - Batch 145/3783: Clean accuracy 0.8414 | Adv accuracy: 0.3103 | Counter-attack accuracy: 0.3103
2026-02-12 11:15:09,181 - ADV_Generation_eps_4.0_steps_100_Added_Noise_uniform_Eps_4.0_Tau_Type_normal_anchors_num_anchors_10 - INFO - Batch:[145] Adversarial images for this batch already exist
2026-02-12 11:15:09,523 - ADV_Generation_eps_4.0_steps_100_Added_Noise_uniform_Eps_4.0_Tau_Type_normal_anchors_num_anchors_10 - INFO - Batch 146/3783: Clean accuracy 0.8425 | Adv accuracy: 0.3151 | Counter-attack accuracy: 0.3151
2026-02-12 11:15:09,525 - ADV_Generation_eps_4.0_steps_100_Added_Noise_uniform_Eps_4.0_Tau_Type_normal_anchors_num_anchors_10 - INFO - Batch:[146] Adversarial images for this batch already exist
2026-02-12 11:15:09,874 - ADV_Generation_eps_4.0_steps_100_Added_Noise_uniform_Eps_4.0_Tau_Type_normal_anchors_num_anchors_10 - INFO - Batch 147/3783: Clean accuracy 0.8435 | Adv accuracy: 0.3129 | Counter-attack accuracy: 0.3129
2026-02-12 11:15:09,875 - ADV_Generation_eps_4.0_steps_100_Added_Noise_uniform_Eps_4.0_Tau_Type_normal_anchors_num_anchors_10 - INFO - Batch:[147] Adversarial images for this batch already exist
2026-02-12 11:15:10,216 - ADV_Generation_eps_4.0_steps_100_Added_Noise_uniform_Eps_4.0_Tau_Type_normal_anchors_num_anchors_10 - INFO - Batch 148/3783: Clean accuracy 0.8378 | Adv accuracy: 0.3108 | Counter-attack accuracy: 0.3108
2026-02-12 11:15:10,217 - ADV_Generation_eps_4.0_steps_100_Added_Noise_uniform_Eps_4.0_Tau_Type_normal_anchors_num_anchors_10 - INFO - Batch:[148] Adversarial images for this batch already exist
2026-02-12 11:15:10,559 - ADV_Generation_eps_4.0_steps_100_Added_Noise_uniform_Eps_4.0_Tau_Type_normal_anchors_num_anchors_10 - INFO - Batch 149/3783: Clean accuracy 0.8389 | Adv accuracy: 0.3087 | Counter-attack accuracy: 0.3087
2026-02-12 11:15:10,560 - ADV_Generation_eps_4.0_steps_100_Added_Noise_uniform_Eps_4.0_Tau_Type_normal_anchors_num_anchors_10 - INFO - Batch:[149] Adversarial images for this batch already exist
2026-02-12 11:15:10,905 - ADV_Generation_eps_4.0_steps_100_Added_Noise_uniform_Eps_4.0_Tau_Type_normal_anchors_num_anchors_10 - INFO - Batch 150/3783: Clean accuracy 0.8400 | Adv accuracy: 0.3067 | Counter-attack accuracy: 0.3067
2026-02-12 11:15:10,906 - ADV_Generation_eps_4.0_steps_100_Added_Noise_uniform_Eps_4.0_Tau_Type_normal_anchors_num_anchors_10 - INFO - Batch:[150] Adversarial images for this batch already exist
2026-02-12 11:15:11,244 - ADV_Generation_eps_4.0_steps_100_Added_Noise_uniform_Eps_4.0_Tau_Type_normal_anchors_num_anchors_10 - INFO - Batch 151/3783: Clean accuracy 0.8411 | Adv accuracy: 0.3046 | Counter-attack accuracy: 0.3046
2026-02-12 11:15:11,245 - ADV_Generation_eps_4.0_steps_100_Added_Noise_uniform_Eps_4.0_Tau_Type_normal_anchors_num_anchors_10 - INFO - Batch:[151] Adversarial images for this batch already exist
2026-02-12 11:15:11,588 - ADV_Generation_eps_4.0_steps_100_Added_Noise_uniform_Eps_4.0_Tau_Type_normal_anchors_num_anchors_10 - INFO - Batch 152/3783: Clean accuracy 0.8421 | Adv accuracy: 0.3026 | Counter-attack accuracy: 0.3026
2026-02-12 11:15:11,590 - ADV_Generation_eps_4.0_steps_100_Added_Noise_uniform_Eps_4.0_Tau_Type_normal_anchors_num_anchors_10 - INFO - Batch:[152] Adversarial images for this batch already exist
2026-02-12 11:15:11,930 - ADV_Generation_eps_4.0_steps_100_Added_Noise_uniform_Eps_4.0_Tau_Type_normal_anchors_num_anchors_10 - INFO - Batch 153/3783: Clean accuracy 0.8366 | Adv accuracy: 0.3007 | Counter-attack accuracy: 0.3007
2026-02-12 11:15:11,931 - ADV_Generation_eps_4.0_steps_100_Added_Noise_uniform_Eps_4.0_Tau_Type_normal_anchors_num_anchors_10 - INFO - Batch:[153] Adversarial images for this batch already exist
2026-02-12 11:15:12,267 - ADV_Generation_eps_4.0_steps_100_Added_Noise_uniform_Eps_4.0_Tau_Type_normal_anchors_num_anchors_10 - INFO - Batch 154/3783: Clean accuracy 0.8312 | Adv accuracy: 0.2987 | Counter-attack accuracy: 0.2987
2026-02-12 11:15:12,268 - ADV_Generation_eps_4.0_steps_100_Added_Noise_uniform_Eps_4.0_Tau_Type_normal_anchors_num_anchors_10 - INFO - Batch:[154] Adversarial images for this batch already exist
2026-02-12 11:15:12,608 - ADV_Generation_eps_4.0_steps_100_Added_Noise_uniform_Eps_4.0_Tau_Type_normal_anchors_num_anchors_10 - INFO - Batch 155/3783: Clean accuracy 0.8258 | Adv accuracy: 0.2968 | Counter-attack accuracy: 0.2968
2026-02-12 11:15:12,609 - ADV_Generation_eps_4.0_steps_100_Added_Noise_uniform_Eps_4.0_Tau_Type_normal_anchors_num_anchors_10 - INFO - Batch:[155] Adversarial images for this batch already exist
2026-02-12 11:15:12,946 - ADV_Generation_eps_4.0_steps_100_Added_Noise_uniform_Eps_4.0_Tau_Type_normal_anchors_num_anchors_10 - INFO - Batch 156/3783: Clean accuracy 0.8205 | Adv accuracy: 0.2949 | Counter-attack accuracy: 0.2949
2026-02-12 11:15:12,947 - ADV_Generation_eps_4.0_steps_100_Added_Noise_uniform_Eps_4.0_Tau_Type_normal_anchors_num_anchors_10 - INFO - Batch:[156] Adversarial images for this batch already exist
2026-02-12 11:15:13,285 - ADV_Generation_eps_4.0_steps_100_Added_Noise_uniform_Eps_4.0_Tau_Type_normal_anchors_num_anchors_10 - INFO - Batch 157/3783: Clean accuracy 0.8153 | Adv accuracy: 0.2930 | Counter-attack accuracy: 0.2930
2026-02-12 11:15:13,286 - ADV_Generation_eps_4.0_steps_100_Added_Noise_uniform_Eps_4.0_Tau_Type_normal_anchors_num_anchors_10 - INFO - Batch:[157] Adversarial images for this batch already exist
2026-02-12 11:15:13,627 - ADV_Generation_eps_4.0_steps_100_Added_Noise_uniform_Eps_4.0_Tau_Type_normal_anchors_num_anchors_10 - INFO - Batch 158/3783: Clean accuracy 0.8101 | Adv accuracy: 0.2911 | Counter-attack accuracy: 0.2911
2026-02-12 11:15:13,628 - ADV_Generation_eps_4.0_steps_100_Added_Noise_uniform_Eps_4.0_Tau_Type_normal_anchors_num_anchors_10 - INFO - Batch:[158] Adversarial images for this batch already exist
2026-02-12 11:15:13,968 - ADV_Generation_eps_4.0_steps_100_Added_Noise_uniform_Eps_4.0_Tau_Type_normal_anchors_num_anchors_10 - INFO - Batch 159/3783: Clean accuracy 0.8113 | Adv accuracy: 0.2893 | Counter-attack accuracy: 0.2893
2026-02-12 11:15:13,969 - ADV_Generation_eps_4.0_steps_100_Added_Noise_uniform_Eps_4.0_Tau_Type_normal_anchors_num_anchors_10 - INFO - Batch:[159] Adversarial images for this batch already exist
2026-02-12 11:15:14,307 - ADV_Generation_eps_4.0_steps_100_Added_Noise_uniform_Eps_4.0_Tau_Type_normal_anchors_num_anchors_10 - INFO - Batch 160/3783: Clean accuracy 0.8063 | Adv accuracy: 0.2875 | Counter-attack accuracy: 0.2875
2026-02-12 11:15:14,309 - ADV_Generation_eps_4.0_steps_100_Added_Noise_uniform_Eps_4.0_Tau_Type_normal_anchors_num_anchors_10 - INFO - Batch:[160] Adversarial images for this batch already exist
2026-02-12 11:15:14,650 - ADV_Generation_eps_4.0_steps_100_Added_Noise_uniform_Eps_4.0_Tau_Type_normal_anchors_num_anchors_10 - INFO - Batch 161/3783: Clean accuracy 0.8012 | Adv accuracy: 0.2857 | Counter-attack accuracy: 0.2857
2026-02-12 11:15:14,651 - ADV_Generation_eps_4.0_steps_100_Added_Noise_uniform_Eps_4.0_Tau_Type_normal_anchors_num_anchors_10 - INFO - Batch:[161] Adversarial images for this batch already exist
2026-02-12 11:15:14,994 - ADV_Generation_eps_4.0_steps_100_Added_Noise_uniform_Eps_4.0_Tau_Type_normal_anchors_num_anchors_10 - INFO - Batch 162/3783: Clean accuracy 0.7963 | Adv accuracy: 0.2840 | Counter-attack accuracy: 0.2840
2026-02-12 11:15:14,995 - ADV_Generation_eps_4.0_steps_100_Added_Noise_uniform_Eps_4.0_Tau_Type_normal_anchors_num_anchors_10 - INFO - Batch:[162] Adversarial images for this batch already exist
2026-02-12 11:15:15,345 - ADV_Generation_eps_4.0_steps_100_Added_Noise_uniform_Eps_4.0_Tau_Type_normal_anchors_num_anchors_10 - INFO - Batch 163/3783: Clean accuracy 0.7914 | Adv accuracy: 0.2822 | Counter-attack accuracy: 0.2822
2026-02-12 11:15:15,346 - ADV_Generation_eps_4.0_steps_100_Added_Noise_uniform_Eps_4.0_Tau_Type_normal_anchors_num_anchors_10 - INFO - Batch:[163] Adversarial images for this batch already exist
2026-02-12 11:15:15,688 - ADV_Generation_eps_4.0_steps_100_Added_Noise_uniform_Eps_4.0_Tau_Type_normal_anchors_num_anchors_10 - INFO - Batch 164/3783: Clean accuracy 0.7866 | Adv accuracy: 0.2805 | Counter-attack accuracy: 0.2805
2026-02-12 11:15:15,689 - ADV_Generation_eps_4.0_steps_100_Added_Noise_uniform_Eps_4.0_Tau_Type_normal_anchors_num_anchors_10 - INFO - Batch:[164] Adversarial images for this batch already exist
2026-02-12 11:15:16,029 - ADV_Generation_eps_4.0_steps_100_Added_Noise_uniform_Eps_4.0_Tau_Type_normal_anchors_num_anchors_10 - INFO - Batch 165/3783: Clean accuracy 0.7818 | Adv accuracy: 0.2788 | Counter-attack accuracy: 0.2788
2026-02-12 11:15:16,030 - ADV_Generation_eps_4.0_steps_100_Added_Noise_uniform_Eps_4.0_Tau_Type_normal_anchors_num_anchors_10 - INFO - Batch:[165] Adversarial images for this batch already exist
2026-02-12 11:15:16,375 - ADV_Generation_eps_4.0_steps_100_Added_Noise_uniform_Eps_4.0_Tau_Type_normal_anchors_num_anchors_10 - INFO - Batch 166/3783: Clean accuracy 0.7771 | Adv accuracy: 0.2771 | Counter-attack accuracy: 0.2771
2026-02-12 11:15:16,377 - ADV_Generation_eps_4.0_steps_100_Added_Noise_uniform_Eps_4.0_Tau_Type_normal_anchors_num_anchors_10 - INFO - Batch:[166] Adversarial images for this batch already exist
2026-02-12 11:15:16,747 - ADV_Generation_eps_4.0_steps_100_Added_Noise_uniform_Eps_4.0_Tau_Type_normal_anchors_num_anchors_10 - INFO - Batch 167/3783: Clean accuracy 0.7725 | Adv accuracy: 0.2754 | Counter-attack accuracy: 0.2754
2026-02-12 11:15:16,748 - ADV_Generation_eps_4.0_steps_100_Added_Noise_uniform_Eps_4.0_Tau_Type_normal_anchors_num_anchors_10 - INFO - Batch:[167] Adversarial images for this batch already exist
2026-02-12 11:15:17,131 - ADV_Generation_eps_4.0_steps_100_Added_Noise_uniform_Eps_4.0_Tau_Type_normal_anchors_num_anchors_10 - INFO - Batch 168/3783: Clean accuracy 0.7679 | Adv accuracy: 0.2738 | Counter-attack accuracy: 0.2738
2026-02-12 11:15:17,132 - ADV_Generation_eps_4.0_steps_100_Added_Noise_uniform_Eps_4.0_Tau_Type_normal_anchors_num_anchors_10 - INFO - Batch:[168] Adversarial images for this batch already exist
2026-02-12 11:15:17,469 - ADV_Generation_eps_4.0_steps_100_Added_Noise_uniform_Eps_4.0_Tau_Type_normal_anchors_num_anchors_10 - INFO - Batch 169/3783: Clean accuracy 0.7633 | Adv accuracy: 0.2722 | Counter-attack accuracy: 0.2722
2026-02-12 11:15:17,470 - ADV_Generation_eps_4.0_steps_100_Added_Noise_uniform_Eps_4.0_Tau_Type_normal_anchors_num_anchors_10 - INFO - Batch:[169] Adversarial images for this batch already exist
2026-02-12 11:15:17,813 - ADV_Generation_eps_4.0_steps_100_Added_Noise_uniform_Eps_4.0_Tau_Type_normal_anchors_num_anchors_10 - INFO - Batch 170/3783: Clean accuracy 0.7588 | Adv accuracy: 0.2706 | Counter-attack accuracy: 0.2706
2026-02-12 11:15:17,815 - ADV_Generation_eps_4.0_steps_100_Added_Noise_uniform_Eps_4.0_Tau_Type_normal_anchors_num_anchors_10 - INFO - Batch:[170] Adversarial images for this batch already exist
2026-02-12 11:15:18,150 - ADV_Generation_eps_4.0_steps_100_Added_Noise_uniform_Eps_4.0_Tau_Type_normal_anchors_num_anchors_10 - INFO - Batch 171/3783: Clean accuracy 0.7544 | Adv accuracy: 0.2690 | Counter-attack accuracy: 0.2690
2026-02-12 11:15:18,151 - ADV_Generation_eps_4.0_steps_100_Added_Noise_uniform_Eps_4.0_Tau_Type_normal_anchors_num_anchors_10 - INFO - Batch:[171] Adversarial images for this batch already exist
2026-02-12 11:15:18,492 - ADV_Generation_eps_4.0_steps_100_Added_Noise_uniform_Eps_4.0_Tau_Type_normal_anchors_num_anchors_10 - INFO - Batch 172/3783: Clean accuracy 0.7500 | Adv accuracy: 0.2674 | Counter-attack accuracy: 0.2674
2026-02-12 11:15:18,493 - ADV_Generation_eps_4.0_steps_100_Added_Noise_uniform_Eps_4.0_Tau_Type_normal_anchors_num_anchors_10 - INFO - Batch:[172] Adversarial images for this batch already exist
2026-02-12 11:15:18,845 - ADV_Generation_eps_4.0_steps_100_Added_Noise_uniform_Eps_4.0_Tau_Type_normal_anchors_num_anchors_10 - INFO - Batch 173/3783: Clean accuracy 0.7457 | Adv accuracy: 0.2659 | Counter-attack accuracy: 0.2659
2026-02-12 11:15:18,845 - ADV_Generation_eps_4.0_steps_100_Added_Noise_uniform_Eps_4.0_Tau_Type_normal_anchors_num_anchors_10 - INFO - Batch:[173] Adversarial images for this batch already exist
2026-02-12 11:15:19,213 - ADV_Generation_eps_4.0_steps_100_Added_Noise_uniform_Eps_4.0_Tau_Type_normal_anchors_num_anchors_10 - INFO - Batch 174/3783: Clean accuracy 0.7414 | Adv accuracy: 0.2644 | Counter-attack accuracy: 0.2644
2026-02-12 11:15:19,214 - ADV_Generation_eps_4.0_steps_100_Added_Noise_uniform_Eps_4.0_Tau_Type_normal_anchors_num_anchors_10 - INFO - Batch:[174] Adversarial images for this batch already exist
2026-02-12 11:15:19,558 - ADV_Generation_eps_4.0_steps_100_Added_Noise_uniform_Eps_4.0_Tau_Type_normal_anchors_num_anchors_10 - INFO - Batch 175/3783: Clean accuracy 0.7371 | Adv accuracy: 0.2629 | Counter-attack accuracy: 0.2629
2026-02-12 11:15:19,559 - ADV_Generation_eps_4.0_steps_100_Added_Noise_uniform_Eps_4.0_Tau_Type_normal_anchors_num_anchors_10 - INFO - Batch:[175] Adversarial images for this batch already exist
2026-02-12 11:15:19,901 - ADV_Generation_eps_4.0_steps_100_Added_Noise_uniform_Eps_4.0_Tau_Type_normal_anchors_num_anchors_10 - INFO - Batch 176/3783: Clean accuracy 0.7330 | Adv accuracy: 0.2614 | Counter-attack accuracy: 0.2614
2026-02-12 11:15:19,902 - ADV_Generation_eps_4.0_steps_100_Added_Noise_uniform_Eps_4.0_Tau_Type_normal_anchors_num_anchors_10 - INFO - Batch:[176] Adversarial images for this batch already exist
2026-02-12 11:15:20,241 - ADV_Generation_eps_4.0_steps_100_Added_Noise_uniform_Eps_4.0_Tau_Type_normal_anchors_num_anchors_10 - INFO - Batch 177/3783: Clean accuracy 0.7288 | Adv accuracy: 0.2599 | Counter-attack accuracy: 0.2599
2026-02-12 11:15:20,242 - ADV_Generation_eps_4.0_steps_100_Added_Noise_uniform_Eps_4.0_Tau_Type_normal_anchors_num_anchors_10 - INFO - Batch:[177] Adversarial images for this batch already exist
2026-02-12 11:15:20,579 - ADV_Generation_eps_4.0_steps_100_Added_Noise_uniform_Eps_4.0_Tau_Type_normal_anchors_num_anchors_10 - INFO - Batch 178/3783: Clean accuracy 0.7247 | Adv accuracy: 0.2584 | Counter-attack accuracy: 0.2584
2026-02-12 11:15:20,580 - ADV_Generation_eps_4.0_steps_100_Added_Noise_uniform_Eps_4.0_Tau_Type_normal_anchors_num_anchors_10 - INFO - Batch:[178] Adversarial images for this batch already exist
2026-02-12 11:15:20,920 - ADV_Generation_eps_4.0_steps_100_Added_Noise_uniform_Eps_4.0_Tau_Type_normal_anchors_num_anchors_10 - INFO - Batch 179/3783: Clean accuracy 0.7207 | Adv accuracy: 0.2570 | Counter-attack accuracy: 0.2570
2026-02-12 11:15:20,921 - ADV_Generation_eps_4.0_steps_100_Added_Noise_uniform_Eps_4.0_Tau_Type_normal_anchors_num_anchors_10 - INFO - Batch:[179] Adversarial images for this batch already exist
2026-02-12 11:15:21,268 - ADV_Generation_eps_4.0_steps_100_Added_Noise_uniform_Eps_4.0_Tau_Type_normal_anchors_num_anchors_10 - INFO - Batch 180/3783: Clean accuracy 0.7167 | Adv accuracy: 0.2556 | Counter-attack accuracy: 0.2556
2026-02-12 11:15:21,269 - ADV_Generation_eps_4.0_steps_100_Added_Noise_uniform_Eps_4.0_Tau_Type_normal_anchors_num_anchors_10 - INFO - Batch:[180] Adversarial images for this batch already exist
2026-02-12 11:15:21,608 - ADV_Generation_eps_4.0_steps_100_Added_Noise_uniform_Eps_4.0_Tau_Type_normal_anchors_num_anchors_10 - INFO - Batch 181/3783: Clean accuracy 0.7127 | Adv accuracy: 0.2541 | Counter-attack accuracy: 0.2541
2026-02-12 11:15:21,609 - ADV_Generation_eps_4.0_steps_100_Added_Noise_uniform_Eps_4.0_Tau_Type_normal_anchors_num_anchors_10 - INFO - Batch:[181] Adversarial images for this batch already exist
2026-02-12 11:15:21,965 - ADV_Generation_eps_4.0_steps_100_Added_Noise_uniform_Eps_4.0_Tau_Type_normal_anchors_num_anchors_10 - INFO - Batch 182/3783: Clean accuracy 0.7088 | Adv accuracy: 0.2527 | Counter-attack accuracy: 0.2527
2026-02-12 11:15:21,966 - ADV_Generation_eps_4.0_steps_100_Added_Noise_uniform_Eps_4.0_Tau_Type_normal_anchors_num_anchors_10 - INFO - Batch:[182] Adversarial images for this batch already exist
2026-02-12 11:15:22,304 - ADV_Generation_eps_4.0_steps_100_Added_Noise_uniform_Eps_4.0_Tau_Type_normal_anchors_num_anchors_10 - INFO - Batch 183/3783: Clean accuracy 0.7049 | Adv accuracy: 0.2514 | Counter-attack accuracy: 0.2514
2026-02-12 11:15:22,305 - ADV_Generation_eps_4.0_steps_100_Added_Noise_uniform_Eps_4.0_Tau_Type_normal_anchors_num_anchors_10 - INFO - Batch:[183] Adversarial images for this batch already exist
2026-02-12 11:15:22,638 - ADV_Generation_eps_4.0_steps_100_Added_Noise_uniform_Eps_4.0_Tau_Type_normal_anchors_num_anchors_10 - INFO - Batch 184/3783: Clean accuracy 0.7065 | Adv accuracy: 0.2554 | Counter-attack accuracy: 0.2554
2026-02-12 11:15:22,639 - ADV_Generation_eps_4.0_steps_100_Added_Noise_uniform_Eps_4.0_Tau_Type_normal_anchors_num_anchors_10 - INFO - Batch:[184] Adversarial images for this batch already exist
2026-02-12 11:15:22,979 - ADV_Generation_eps_4.0_steps_100_Added_Noise_uniform_Eps_4.0_Tau_Type_normal_anchors_num_anchors_10 - INFO - Batch 185/3783: Clean accuracy 0.7081 | Adv accuracy: 0.2595 | Counter-attack accuracy: 0.2595
2026-02-12 11:15:22,980 - ADV_Generation_eps_4.0_steps_100_Added_Noise_uniform_Eps_4.0_Tau_Type_normal_anchors_num_anchors_10 - INFO - Batch:[185] Adversarial images for this batch already exist
2026-02-12 11:15:23,320 - ADV_Generation_eps_4.0_steps_100_Added_Noise_uniform_Eps_4.0_Tau_Type_normal_anchors_num_anchors_10 - INFO - Batch 186/3783: Clean accuracy 0.7097 | Adv accuracy: 0.2634 | Counter-attack accuracy: 0.2581
2026-02-12 11:15:23,321 - ADV_Generation_eps_4.0_steps_100_Added_Noise_uniform_Eps_4.0_Tau_Type_normal_anchors_num_anchors_10 - INFO - Batch:[186] Adversarial images for this batch already exist
2026-02-12 11:15:23,664 - ADV_Generation_eps_4.0_steps_100_Added_Noise_uniform_Eps_4.0_Tau_Type_normal_anchors_num_anchors_10 - INFO - Batch 187/3783: Clean accuracy 0.7112 | Adv accuracy: 0.2620 | Counter-attack accuracy: 0.2567
2026-02-12 11:15:23,665 - ADV_Generation_eps_4.0_steps_100_Added_Noise_uniform_Eps_4.0_Tau_Type_normal_anchors_num_anchors_10 - INFO - Batch:[187] Adversarial images for this batch already exist
2026-02-12 11:15:24,010 - ADV_Generation_eps_4.0_steps_100_Added_Noise_uniform_Eps_4.0_Tau_Type_normal_anchors_num_anchors_10 - INFO - Batch 188/3783: Clean accuracy 0.7128 | Adv accuracy: 0.2660 | Counter-attack accuracy: 0.2606
2026-02-12 11:15:24,011 - ADV_Generation_eps_4.0_steps_100_Added_Noise_uniform_Eps_4.0_Tau_Type_normal_anchors_num_anchors_10 - INFO - Batch:[188] Adversarial images for this batch already exist
2026-02-12 11:15:24,385 - ADV_Generation_eps_4.0_steps_100_Added_Noise_uniform_Eps_4.0_Tau_Type_normal_anchors_num_anchors_10 - INFO - Batch 189/3783: Clean accuracy 0.7143 | Adv accuracy: 0.2698 | Counter-attack accuracy: 0.2646
2026-02-12 11:15:24,386 - ADV_Generation_eps_4.0_steps_100_Added_Noise_uniform_Eps_4.0_Tau_Type_normal_anchors_num_anchors_10 - INFO - Batch:[189] Adversarial images for this batch already exist
2026-02-12 11:15:24,726 - ADV_Generation_eps_4.0_steps_100_Added_Noise_uniform_Eps_4.0_Tau_Type_normal_anchors_num_anchors_10 - INFO - Batch 190/3783: Clean accuracy 0.7158 | Adv accuracy: 0.2737 | Counter-attack accuracy: 0.2684
2026-02-12 11:15:24,727 - ADV_Generation_eps_4.0_steps_100_Added_Noise_uniform_Eps_4.0_Tau_Type_normal_anchors_num_anchors_10 - INFO - Batch:[190] Adversarial images for this batch already exist
2026-02-12 11:15:25,067 - ADV_Generation_eps_4.0_steps_100_Added_Noise_uniform_Eps_4.0_Tau_Type_normal_anchors_num_anchors_10 - INFO - Batch 191/3783: Clean accuracy 0.7173 | Adv accuracy: 0.2723 | Counter-attack accuracy: 0.2670
2026-02-12 11:15:25,068 - ADV_Generation_eps_4.0_steps_100_Added_Noise_uniform_Eps_4.0_Tau_Type_normal_anchors_num_anchors_10 - INFO - Batch:[191] Adversarial images for this batch already exist
2026-02-12 11:15:25,408 - ADV_Generation_eps_4.0_steps_100_Added_Noise_uniform_Eps_4.0_Tau_Type_normal_anchors_num_anchors_10 - INFO - Batch 192/3783: Clean accuracy 0.7188 | Adv accuracy: 0.2708 | Counter-attack accuracy: 0.2656
2026-02-12 11:15:25,409 - ADV_Generation_eps_4.0_steps_100_Added_Noise_uniform_Eps_4.0_Tau_Type_normal_anchors_num_anchors_10 - INFO - Batch:[192] Adversarial images for this batch already exist
2026-02-12 11:15:25,748 - ADV_Generation_eps_4.0_steps_100_Added_Noise_uniform_Eps_4.0_Tau_Type_normal_anchors_num_anchors_10 - INFO - Batch 193/3783: Clean accuracy 0.7202 | Adv accuracy: 0.2746 | Counter-attack accuracy: 0.2694
2026-02-12 11:15:25,749 - ADV_Generation_eps_4.0_steps_100_Added_Noise_uniform_Eps_4.0_Tau_Type_normal_anchors_num_anchors_10 - INFO - Batch:[193] Adversarial images for this batch already exist
2026-02-12 11:15:26,113 - ADV_Generation_eps_4.0_steps_100_Added_Noise_uniform_Eps_4.0_Tau_Type_normal_anchors_num_anchors_10 - INFO - Batch 194/3783: Clean accuracy 0.7216 | Adv accuracy: 0.2784 | Counter-attack accuracy: 0.2732
2026-02-12 11:15:26,114 - ADV_Generation_eps_4.0_steps_100_Added_Noise_uniform_Eps_4.0_Tau_Type_normal_anchors_num_anchors_10 - INFO - Batch:[194] Adversarial images for this batch already exist
2026-02-12 11:15:26,498 - ADV_Generation_eps_4.0_steps_100_Added_Noise_uniform_Eps_4.0_Tau_Type_normal_anchors_num_anchors_10 - INFO - Batch 195/3783: Clean accuracy 0.7231 | Adv accuracy: 0.2821 | Counter-attack accuracy: 0.2769
2026-02-12 11:15:26,499 - ADV_Generation_eps_4.0_steps_100_Added_Noise_uniform_Eps_4.0_Tau_Type_normal_anchors_num_anchors_10 - INFO - Batch:[195] Adversarial images for this batch already exist
2026-02-12 11:15:26,839 - ADV_Generation_eps_4.0_steps_100_Added_Noise_uniform_Eps_4.0_Tau_Type_normal_anchors_num_anchors_10 - INFO - Batch 196/3783: Clean accuracy 0.7245 | Adv accuracy: 0.2857 | Counter-attack accuracy: 0.2806
2026-02-12 11:15:26,840 - ADV_Generation_eps_4.0_steps_100_Added_Noise_uniform_Eps_4.0_Tau_Type_normal_anchors_num_anchors_10 - INFO - Batch:[196] Adversarial images for this batch already exist
2026-02-12 11:15:27,179 - ADV_Generation_eps_4.0_steps_100_Added_Noise_uniform_Eps_4.0_Tau_Type_normal_anchors_num_anchors_10 - INFO - Batch 197/3783: Clean accuracy 0.7259 | Adv accuracy: 0.2893 | Counter-attack accuracy: 0.2843
2026-02-12 11:15:27,180 - ADV_Generation_eps_4.0_steps_100_Added_Noise_uniform_Eps_4.0_Tau_Type_normal_anchors_num_anchors_10 - INFO - Batch:[197] Adversarial images for this batch already exist
2026-02-12 11:15:27,569 - ADV_Generation_eps_4.0_steps_100_Added_Noise_uniform_Eps_4.0_Tau_Type_normal_anchors_num_anchors_10 - INFO - Batch 198/3783: Clean accuracy 0.7273 | Adv accuracy: 0.2879 | Counter-attack accuracy: 0.2828
2026-02-12 11:15:27,570 - ADV_Generation_eps_4.0_steps_100_Added_Noise_uniform_Eps_4.0_Tau_Type_normal_anchors_num_anchors_10 - INFO - Batch:[198] Adversarial images for this batch already exist
2026-02-12 11:15:27,913 - ADV_Generation_eps_4.0_steps_100_Added_Noise_uniform_Eps_4.0_Tau_Type_normal_anchors_num_anchors_10 - INFO - Batch 199/3783: Clean accuracy 0.7286 | Adv accuracy: 0.2864 | Counter-attack accuracy: 0.2814
2026-02-12 11:15:27,914 - ADV_Generation_eps_4.0_steps_100_Added_Noise_uniform_Eps_4.0_Tau_Type_normal_anchors_num_anchors_10 - INFO - Batch:[199] Adversarial images for this batch already exist
2026-02-12 11:15:28,303 - ADV_Generation_eps_4.0_steps_100_Added_Noise_uniform_Eps_4.0_Tau_Type_normal_anchors_num_anchors_10 - INFO - Batch 200/3783: Clean accuracy 0.7300 | Adv accuracy: 0.2850 | Counter-attack accuracy: 0.2800
2026-02-12 11:15:28,304 - ADV_Generation_eps_4.0_steps_100_Added_Noise_uniform_Eps_4.0_Tau_Type_normal_anchors_num_anchors_10 - INFO - Batch:[200] Adversarial images for this batch already exist
2026-02-12 11:15:28,643 - ADV_Generation_eps_4.0_steps_100_Added_Noise_uniform_Eps_4.0_Tau_Type_normal_anchors_num_anchors_10 - INFO - Batch 201/3783: Clean accuracy 0.7313 | Adv accuracy: 0.2836 | Counter-attack accuracy: 0.2786
2026-02-12 11:15:28,644 - ADV_Generation_eps_4.0_steps_100_Added_Noise_uniform_Eps_4.0_Tau_Type_normal_anchors_num_anchors_10 - INFO - Batch:[201] Adversarial images for this batch already exist
2026-02-12 11:15:28,980 - ADV_Generation_eps_4.0_steps_100_Added_Noise_uniform_Eps_4.0_Tau_Type_normal_anchors_num_anchors_10 - INFO - Batch 202/3783: Clean accuracy 0.7327 | Adv accuracy: 0.2822 | Counter-attack accuracy: 0.2772
2026-02-12 11:15:28,981 - ADV_Generation_eps_4.0_steps_100_Added_Noise_uniform_Eps_4.0_Tau_Type_normal_anchors_num_anchors_10 - INFO - Batch:[202] Adversarial images for this batch already exist
2026-02-12 11:15:29,324 - ADV_Generation_eps_4.0_steps_100_Added_Noise_uniform_Eps_4.0_Tau_Type_normal_anchors_num_anchors_10 - INFO - Batch 203/3783: Clean accuracy 0.7340 | Adv accuracy: 0.2808 | Counter-attack accuracy: 0.2759
2026-02-12 11:15:29,325 - ADV_Generation_eps_4.0_steps_100_Added_Noise_uniform_Eps_4.0_Tau_Type_normal_anchors_num_anchors_10 - INFO - Batch:[203] Adversarial images for this batch already exist
2026-02-12 11:15:29,666 - ADV_Generation_eps_4.0_steps_100_Added_Noise_uniform_Eps_4.0_Tau_Type_normal_anchors_num_anchors_10 - INFO - Batch 204/3783: Clean accuracy 0.7353 | Adv accuracy: 0.2794 | Counter-attack accuracy: 0.2745
2026-02-12 11:15:29,667 - ADV_Generation_eps_4.0_steps_100_Added_Noise_uniform_Eps_4.0_Tau_Type_normal_anchors_num_anchors_10 - INFO - Batch:[204] Adversarial images for this batch already exist
2026-02-12 11:15:30,008 - ADV_Generation_eps_4.0_steps_100_Added_Noise_uniform_Eps_4.0_Tau_Type_normal_anchors_num_anchors_10 - INFO - Batch 205/3783: Clean accuracy 0.7317 | Adv accuracy: 0.2780 | Counter-attack accuracy: 0.2732
2026-02-12 11:15:30,009 - ADV_Generation_eps_4.0_steps_100_Added_Noise_uniform_Eps_4.0_Tau_Type_normal_anchors_num_anchors_10 - INFO - Batch:[205] Adversarial images for this batch already exist
2026-02-12 11:15:30,349 - ADV_Generation_eps_4.0_steps_100_Added_Noise_uniform_Eps_4.0_Tau_Type_normal_anchors_num_anchors_10 - INFO - Batch 206/3783: Clean accuracy 0.7330 | Adv accuracy: 0.2816 | Counter-attack accuracy: 0.2767
2026-02-12 11:15:30,350 - ADV_Generation_eps_4.0_steps_100_Added_Noise_uniform_Eps_4.0_Tau_Type_normal_anchors_num_anchors_10 - INFO - Batch:[206] Adversarial images for this batch already exist
2026-02-12 11:15:30,717 - ADV_Generation_eps_4.0_steps_100_Added_Noise_uniform_Eps_4.0_Tau_Type_normal_anchors_num_anchors_10 - INFO - Batch 207/3783: Clean accuracy 0.7343 | Adv accuracy: 0.2850 | Counter-attack accuracy: 0.2802
2026-02-12 11:15:30,718 - ADV_Generation_eps_4.0_steps_100_Added_Noise_uniform_Eps_4.0_Tau_Type_normal_anchors_num_anchors_10 - INFO - Batch:[207] Adversarial images for this batch already exist
2026-02-12 11:15:31,074 - ADV_Generation_eps_4.0_steps_100_Added_Noise_uniform_Eps_4.0_Tau_Type_normal_anchors_num_anchors_10 - INFO - Batch 208/3783: Clean accuracy 0.7356 | Adv accuracy: 0.2885 | Counter-attack accuracy: 0.2837
2026-02-12 11:15:31,075 - ADV_Generation_eps_4.0_steps_100_Added_Noise_uniform_Eps_4.0_Tau_Type_normal_anchors_num_anchors_10 - INFO - Batch:[208] Adversarial images for this batch already exist
2026-02-12 11:15:31,417 - ADV_Generation_eps_4.0_steps_100_Added_Noise_uniform_Eps_4.0_Tau_Type_normal_anchors_num_anchors_10 - INFO - Batch 209/3783: Clean accuracy 0.7368 | Adv accuracy: 0.2871 | Counter-attack accuracy: 0.2823
2026-02-12 11:15:31,418 - ADV_Generation_eps_4.0_steps_100_Added_Noise_uniform_Eps_4.0_Tau_Type_normal_anchors_num_anchors_10 - INFO - Batch:[209] Adversarial images for this batch already exist
2026-02-12 11:15:31,759 - ADV_Generation_eps_4.0_steps_100_Added_Noise_uniform_Eps_4.0_Tau_Type_normal_anchors_num_anchors_10 - INFO - Batch 210/3783: Clean accuracy 0.7381 | Adv accuracy: 0.2857 | Counter-attack accuracy: 0.2810
2026-02-12 11:15:31,760 - ADV_Generation_eps_4.0_steps_100_Added_Noise_uniform_Eps_4.0_Tau_Type_normal_anchors_num_anchors_10 - INFO - Batch:[210] Adversarial images for this batch already exist
2026-02-12 11:15:32,103 - ADV_Generation_eps_4.0_steps_100_Added_Noise_uniform_Eps_4.0_Tau_Type_normal_anchors_num_anchors_10 - INFO - Batch 211/3783: Clean accuracy 0.7393 | Adv accuracy: 0.2844 | Counter-attack accuracy: 0.2796
2026-02-12 11:15:32,104 - ADV_Generation_eps_4.0_steps_100_Added_Noise_uniform_Eps_4.0_Tau_Type_normal_anchors_num_anchors_10 - INFO - Batch:[211] Adversarial images for this batch already exist
2026-02-12 11:15:32,465 - ADV_Generation_eps_4.0_steps_100_Added_Noise_uniform_Eps_4.0_Tau_Type_normal_anchors_num_anchors_10 - INFO - Batch 212/3783: Clean accuracy 0.7406 | Adv accuracy: 0.2830 | Counter-attack accuracy: 0.2783
2026-02-12 11:15:32,466 - ADV_Generation_eps_4.0_steps_100_Added_Noise_uniform_Eps_4.0_Tau_Type_normal_anchors_num_anchors_10 - INFO - Batch:[212] Adversarial images for this batch already exist
2026-02-12 11:15:32,809 - ADV_Generation_eps_4.0_steps_100_Added_Noise_uniform_Eps_4.0_Tau_Type_normal_anchors_num_anchors_10 - INFO - Batch 213/3783: Clean accuracy 0.7418 | Adv accuracy: 0.2817 | Counter-attack accuracy: 0.2770
2026-02-12 11:15:32,810 - ADV_Generation_eps_4.0_steps_100_Added_Noise_uniform_Eps_4.0_Tau_Type_normal_anchors_num_anchors_10 - INFO - Batch:[213] Adversarial images for this batch already exist
2026-02-12 11:15:33,157 - ADV_Generation_eps_4.0_steps_100_Added_Noise_uniform_Eps_4.0_Tau_Type_normal_anchors_num_anchors_10 - INFO - Batch 214/3783: Clean accuracy 0.7430 | Adv accuracy: 0.2850 | Counter-attack accuracy: 0.2804
2026-02-12 11:15:33,158 - ADV_Generation_eps_4.0_steps_100_Added_Noise_uniform_Eps_4.0_Tau_Type_normal_anchors_num_anchors_10 - INFO - Batch:[214] Adversarial images for this batch already exist
2026-02-12 11:15:33,499 - ADV_Generation_eps_4.0_steps_100_Added_Noise_uniform_Eps_4.0_Tau_Type_normal_anchors_num_anchors_10 - INFO - Batch 215/3783: Clean accuracy 0.7442 | Adv accuracy: 0.2884 | Counter-attack accuracy: 0.2837
2026-02-12 11:15:33,501 - ADV_Generation_eps_4.0_steps_100_Added_Noise_uniform_Eps_4.0_Tau_Type_normal_anchors_num_anchors_10 - INFO - Batch:[215] Adversarial images for this batch already exist
2026-02-12 11:15:33,854 - ADV_Generation_eps_4.0_steps_100_Added_Noise_uniform_Eps_4.0_Tau_Type_normal_anchors_num_anchors_10 - INFO - Batch 216/3783: Clean accuracy 0.7454 | Adv accuracy: 0.2917 | Counter-attack accuracy: 0.2870
2026-02-12 11:15:33,855 - ADV_Generation_eps_4.0_steps_100_Added_Noise_uniform_Eps_4.0_Tau_Type_normal_anchors_num_anchors_10 - INFO - Batch:[216] Adversarial images for this batch already exist
2026-02-12 11:15:34,199 - ADV_Generation_eps_4.0_steps_100_Added_Noise_uniform_Eps_4.0_Tau_Type_normal_anchors_num_anchors_10 - INFO - Batch 217/3783: Clean accuracy 0.7419 | Adv accuracy: 0.2903 | Counter-attack accuracy: 0.2857
2026-02-12 11:15:34,201 - ADV_Generation_eps_4.0_steps_100_Added_Noise_uniform_Eps_4.0_Tau_Type_normal_anchors_num_anchors_10 - INFO - Batch:[217] Adversarial images for this batch already exist
2026-02-12 11:15:34,543 - ADV_Generation_eps_4.0_steps_100_Added_Noise_uniform_Eps_4.0_Tau_Type_normal_anchors_num_anchors_10 - INFO - Batch 218/3783: Clean accuracy 0.7431 | Adv accuracy: 0.2890 | Counter-attack accuracy: 0.2844
2026-02-12 11:15:34,545 - ADV_Generation_eps_4.0_steps_100_Added_Noise_uniform_Eps_4.0_Tau_Type_normal_anchors_num_anchors_10 - INFO - Batch:[218] Adversarial images for this batch already exist
2026-02-12 11:15:34,885 - ADV_Generation_eps_4.0_steps_100_Added_Noise_uniform_Eps_4.0_Tau_Type_normal_anchors_num_anchors_10 - INFO - Batch 219/3783: Clean accuracy 0.7397 | Adv accuracy: 0.2877 | Counter-attack accuracy: 0.2831
2026-02-12 11:15:34,886 - ADV_Generation_eps_4.0_steps_100_Added_Noise_uniform_Eps_4.0_Tau_Type_normal_anchors_num_anchors_10 - INFO - Batch:[219] Adversarial images for this batch already exist
