2026-02-05 16:40:40,259 - ADV_Generation_eps_1.0_steps_100_Added_Noise_uniform_Eps_4.0_Tau_Type_normal_anchors - INFO - ==========================================
data:/leonardo_work/EUHPC_R04_192/fmohamma/Adversarial_Robust_Clip/atpt_data/downstream_datasets
test_sets:eurosat
dataset_mode:test
arch:ViT-L/14
resolution:224
transferability:False
source_model:fare4
workers:4
no_pin_memory:False
batch_size:1
adv_bs:1
print_freq:20
gpu:0
no_cudnn_benchmark:False
n_ctx:4
ctx_init:a_photo_of_a
seed:0
output_dir:/leonardo_work/EUHPC_R04_192/fmohamma/Adversarial_Robust_Clip/atpt_data/ViT-L/14/eurosat
log_output_dir:/leonardo_work/EUHPC_R04_192/fmohamma/Adversarial_Robust_Clip/ATPT/Diffratio_Adv_gen_Results/ViT-L/14/eurosat/ADV_Generation_eps_1.0_steps_100_Added_Noise_uniform_Eps_4.0_Tau_Type_normal_anchors
image_only_attack:False
image_only_attack_type:prm
image_predicted_label_attack:False
eps:1.0
alpha:0.25
alpha_eps_ratio:4.0
steps:100
counter_attack:True
counter_attack_type:pgd
counter_attack_steps:0
counter_attack_eps:4.0
counter_attack_alpha:1.0
counter_attack_tau_thres:0.2
counter_attack_beta:2.0
counter_attack_weighted_perturbations:True
counter_attack_init_noise:uniform
counter_attack_gaussian_sigma:0.03
counter_attack_noisy_tau_num_anchors:10
counter_attack_tau:normal_anchors
pgd_clip_pure_i_text_embeddings:null
pgd_counter_and_clipure_i_lamda:1.0
image_feature_purify:False
image_feature_purify_type:noisy_anchor
image_feature_purify_noisy_anchors:10
image_feature_purify_anchors_alpha:1.2
image_feature_purify_noisy_sigma:0.18
image_feature_purify_diff_threshold:0.0
image_feature_clipure_steps:10
image_feature_clipure_step_size:10.0
save_plots:False
lr:0.005
selection_p:0.1
tta_steps:1
top_k:20
softmax_temp:0.01
load_tecoa:

2026-02-05 16:40:40,260 - ADV_Generation_eps_1.0_steps_100_Added_Noise_uniform_Eps_4.0_Tau_Type_normal_anchors - INFO - Use GPU: 0 for training
2026-02-05 16:40:51,205 - ADV_Generation_eps_1.0_steps_100_Added_Noise_uniform_Eps_4.0_Tau_Type_normal_anchors - INFO - => Model created: visual backbone ViT-L/14
2026-02-05 16:40:51,239 - ADV_Generation_eps_1.0_steps_100_Added_Noise_uniform_Eps_4.0_Tau_Type_normal_anchors - INFO - Number of test samples: 8100
2026-02-05 16:40:51,240 - ADV_Generation_eps_1.0_steps_100_Added_Noise_uniform_Eps_4.0_Tau_Type_normal_anchors - INFO - Evaluating dataset: eurosat
2026-02-05 16:40:51,241 - ADV_Generation_eps_1.0_steps_100_Added_Noise_uniform_Eps_4.0_Tau_Type_normal_anchors - INFO - Starting evaluation with batch size: 1, selection percentage: 0.1
2026-02-05 16:40:51,241 - ADV_Generation_eps_1.0_steps_100_Added_Noise_uniform_Eps_4.0_Tau_Type_normal_anchors - INFO - Using counter-attack with epsilon: 4.000000, alpha: 1.000000, steps: 0
2026-02-05 16:40:51,241 - ADV_Generation_eps_1.0_steps_100_Added_Noise_uniform_Eps_4.0_Tau_Type_normal_anchors - INFO - Adversarial examples will be loaded from /leonardo_work/EUHPC_R04_192/fmohamma/Adversarial_Robust_Clip/atpt_data/ViT-L/14/eurosat/adv_images_eps_1.0_alpha_0.25_steps_100 and evaluated on ViT-L/14
2026-02-05 16:40:51,242 - ADV_Generation_eps_1.0_steps_100_Added_Noise_uniform_Eps_4.0_Tau_Type_normal_anchors - INFO - Using directory for adversarial images: /leonardo_work/EUHPC_R04_192/fmohamma/Adversarial_Robust_Clip/atpt_data/ViT-L/14/eurosat/adv_images_eps_1.0_alpha_0.25_steps_100
2026-02-05 16:40:51,566 - ADV_Generation_eps_1.0_steps_100_Added_Noise_uniform_Eps_4.0_Tau_Type_normal_anchors - INFO - Batch:[0] Adversarial images for this batch already exist
2026-02-05 16:40:52,036 - ADV_Generation_eps_1.0_steps_100_Added_Noise_uniform_Eps_4.0_Tau_Type_normal_anchors - INFO - Batch 1/8100: Clean accuracy 0.0000 | Adv accuracy: 0.0000 | Counter-attack accuracy: 0.0000
2026-02-05 16:40:52,037 - ADV_Generation_eps_1.0_steps_100_Added_Noise_uniform_Eps_4.0_Tau_Type_normal_anchors - INFO - Batch:[1] Adversarial images for this batch already exist
2026-02-05 16:40:52,260 - ADV_Generation_eps_1.0_steps_100_Added_Noise_uniform_Eps_4.0_Tau_Type_normal_anchors - INFO - Batch 2/8100: Clean accuracy 0.0000 | Adv accuracy: 0.0000 | Counter-attack accuracy: 0.0000
2026-02-05 16:40:52,261 - ADV_Generation_eps_1.0_steps_100_Added_Noise_uniform_Eps_4.0_Tau_Type_normal_anchors - INFO - Batch:[2] Adversarial images for this batch already exist
2026-02-05 16:40:52,479 - ADV_Generation_eps_1.0_steps_100_Added_Noise_uniform_Eps_4.0_Tau_Type_normal_anchors - INFO - Batch 3/8100: Clean accuracy 0.0000 | Adv accuracy: 0.0000 | Counter-attack accuracy: 0.0000
2026-02-05 16:40:52,480 - ADV_Generation_eps_1.0_steps_100_Added_Noise_uniform_Eps_4.0_Tau_Type_normal_anchors - INFO - Batch:[3] Adversarial images for this batch already exist
2026-02-05 16:40:52,696 - ADV_Generation_eps_1.0_steps_100_Added_Noise_uniform_Eps_4.0_Tau_Type_normal_anchors - INFO - Batch 4/8100: Clean accuracy 0.0000 | Adv accuracy: 0.0000 | Counter-attack accuracy: 0.0000
2026-02-05 16:40:52,697 - ADV_Generation_eps_1.0_steps_100_Added_Noise_uniform_Eps_4.0_Tau_Type_normal_anchors - INFO - Batch:[4] Adversarial images for this batch already exist
2026-02-05 16:40:52,918 - ADV_Generation_eps_1.0_steps_100_Added_Noise_uniform_Eps_4.0_Tau_Type_normal_anchors - INFO - Batch 5/8100: Clean accuracy 0.0000 | Adv accuracy: 0.0000 | Counter-attack accuracy: 0.0000
2026-02-05 16:40:52,919 - ADV_Generation_eps_1.0_steps_100_Added_Noise_uniform_Eps_4.0_Tau_Type_normal_anchors - INFO - Batch:[5] Adversarial images for this batch already exist
2026-02-05 16:40:53,123 - ADV_Generation_eps_1.0_steps_100_Added_Noise_uniform_Eps_4.0_Tau_Type_normal_anchors - INFO - Batch 6/8100: Clean accuracy 0.0000 | Adv accuracy: 0.0000 | Counter-attack accuracy: 0.0000
2026-02-05 16:40:53,125 - ADV_Generation_eps_1.0_steps_100_Added_Noise_uniform_Eps_4.0_Tau_Type_normal_anchors - INFO - Batch:[6] Adversarial images for this batch already exist
2026-02-05 16:40:53,355 - ADV_Generation_eps_1.0_steps_100_Added_Noise_uniform_Eps_4.0_Tau_Type_normal_anchors - INFO - Batch 7/8100: Clean accuracy 0.0000 | Adv accuracy: 0.0000 | Counter-attack accuracy: 0.0000
2026-02-05 16:40:53,356 - ADV_Generation_eps_1.0_steps_100_Added_Noise_uniform_Eps_4.0_Tau_Type_normal_anchors - INFO - Batch:[7] Adversarial images for this batch already exist
2026-02-05 16:40:53,571 - ADV_Generation_eps_1.0_steps_100_Added_Noise_uniform_Eps_4.0_Tau_Type_normal_anchors - INFO - Batch 8/8100: Clean accuracy 0.0000 | Adv accuracy: 0.0000 | Counter-attack accuracy: 0.0000
2026-02-05 16:40:53,572 - ADV_Generation_eps_1.0_steps_100_Added_Noise_uniform_Eps_4.0_Tau_Type_normal_anchors - INFO - Batch:[8] Adversarial images for this batch already exist
2026-02-05 16:40:53,859 - ADV_Generation_eps_1.0_steps_100_Added_Noise_uniform_Eps_4.0_Tau_Type_normal_anchors - INFO - Batch 9/8100: Clean accuracy 0.0000 | Adv accuracy: 0.0000 | Counter-attack accuracy: 0.0000
2026-02-05 16:40:53,861 - ADV_Generation_eps_1.0_steps_100_Added_Noise_uniform_Eps_4.0_Tau_Type_normal_anchors - INFO - Batch:[9] Adversarial images for this batch already exist
2026-02-05 16:40:54,125 - ADV_Generation_eps_1.0_steps_100_Added_Noise_uniform_Eps_4.0_Tau_Type_normal_anchors - INFO - Batch 10/8100: Clean accuracy 0.0000 | Adv accuracy: 0.0000 | Counter-attack accuracy: 0.0000
2026-02-05 16:40:54,129 - ADV_Generation_eps_1.0_steps_100_Added_Noise_uniform_Eps_4.0_Tau_Type_normal_anchors - INFO - Batch:[10] Adversarial images for this batch already exist
2026-02-05 16:40:54,355 - ADV_Generation_eps_1.0_steps_100_Added_Noise_uniform_Eps_4.0_Tau_Type_normal_anchors - INFO - Batch 11/8100: Clean accuracy 0.0000 | Adv accuracy: 0.0000 | Counter-attack accuracy: 0.0000
2026-02-05 16:40:54,355 - ADV_Generation_eps_1.0_steps_100_Added_Noise_uniform_Eps_4.0_Tau_Type_normal_anchors - INFO - Batch:[11] Adversarial images for this batch already exist
2026-02-05 16:40:54,576 - ADV_Generation_eps_1.0_steps_100_Added_Noise_uniform_Eps_4.0_Tau_Type_normal_anchors - INFO - Batch 12/8100: Clean accuracy 0.0000 | Adv accuracy: 0.0000 | Counter-attack accuracy: 0.0000
2026-02-05 16:40:54,577 - ADV_Generation_eps_1.0_steps_100_Added_Noise_uniform_Eps_4.0_Tau_Type_normal_anchors - INFO - Batch:[12] Adversarial images for this batch already exist
2026-02-05 16:40:54,794 - ADV_Generation_eps_1.0_steps_100_Added_Noise_uniform_Eps_4.0_Tau_Type_normal_anchors - INFO - Batch 13/8100: Clean accuracy 0.0000 | Adv accuracy: 0.0000 | Counter-attack accuracy: 0.0000
2026-02-05 16:40:54,795 - ADV_Generation_eps_1.0_steps_100_Added_Noise_uniform_Eps_4.0_Tau_Type_normal_anchors - INFO - Batch:[13] Adversarial images for this batch already exist
2026-02-05 16:40:55,022 - ADV_Generation_eps_1.0_steps_100_Added_Noise_uniform_Eps_4.0_Tau_Type_normal_anchors - INFO - Batch 14/8100: Clean accuracy 0.0000 | Adv accuracy: 0.0000 | Counter-attack accuracy: 0.0000
2026-02-05 16:40:55,023 - ADV_Generation_eps_1.0_steps_100_Added_Noise_uniform_Eps_4.0_Tau_Type_normal_anchors - INFO - Batch:[14] Adversarial images for this batch already exist
2026-02-05 16:40:55,241 - ADV_Generation_eps_1.0_steps_100_Added_Noise_uniform_Eps_4.0_Tau_Type_normal_anchors - INFO - Batch 15/8100: Clean accuracy 0.0000 | Adv accuracy: 0.0000 | Counter-attack accuracy: 0.0000
2026-02-05 16:40:55,243 - ADV_Generation_eps_1.0_steps_100_Added_Noise_uniform_Eps_4.0_Tau_Type_normal_anchors - INFO - Batch:[15] Adversarial images for this batch already exist
2026-02-05 16:40:55,464 - ADV_Generation_eps_1.0_steps_100_Added_Noise_uniform_Eps_4.0_Tau_Type_normal_anchors - INFO - Batch 16/8100: Clean accuracy 0.0000 | Adv accuracy: 0.0000 | Counter-attack accuracy: 0.0000
2026-02-05 16:40:55,464 - ADV_Generation_eps_1.0_steps_100_Added_Noise_uniform_Eps_4.0_Tau_Type_normal_anchors - INFO - Batch:[16] Adversarial images for this batch already exist
2026-02-05 16:40:55,698 - ADV_Generation_eps_1.0_steps_100_Added_Noise_uniform_Eps_4.0_Tau_Type_normal_anchors - INFO - Batch 17/8100: Clean accuracy 0.0000 | Adv accuracy: 0.0000 | Counter-attack accuracy: 0.0000
2026-02-05 16:40:55,698 - ADV_Generation_eps_1.0_steps_100_Added_Noise_uniform_Eps_4.0_Tau_Type_normal_anchors - INFO - Batch:[17] Adversarial images for this batch already exist
2026-02-05 16:40:55,918 - ADV_Generation_eps_1.0_steps_100_Added_Noise_uniform_Eps_4.0_Tau_Type_normal_anchors - INFO - Batch 18/8100: Clean accuracy 0.0000 | Adv accuracy: 0.0000 | Counter-attack accuracy: 0.0000
2026-02-05 16:40:55,919 - ADV_Generation_eps_1.0_steps_100_Added_Noise_uniform_Eps_4.0_Tau_Type_normal_anchors - INFO - Batch:[18] Adversarial images for this batch already exist
2026-02-05 16:40:56,141 - ADV_Generation_eps_1.0_steps_100_Added_Noise_uniform_Eps_4.0_Tau_Type_normal_anchors - INFO - Batch 19/8100: Clean accuracy 0.0000 | Adv accuracy: 0.0000 | Counter-attack accuracy: 0.0000
2026-02-05 16:40:56,141 - ADV_Generation_eps_1.0_steps_100_Added_Noise_uniform_Eps_4.0_Tau_Type_normal_anchors - INFO - Batch:[19] Adversarial images for this batch already exist
2026-02-05 16:40:56,354 - ADV_Generation_eps_1.0_steps_100_Added_Noise_uniform_Eps_4.0_Tau_Type_normal_anchors - INFO - Batch 20/8100: Clean accuracy 0.0000 | Adv accuracy: 0.0000 | Counter-attack accuracy: 0.0000
2026-02-05 16:40:56,355 - ADV_Generation_eps_1.0_steps_100_Added_Noise_uniform_Eps_4.0_Tau_Type_normal_anchors - INFO - Batch:[20] Adversarial images for this batch already exist
2026-02-05 16:40:56,575 - ADV_Generation_eps_1.0_steps_100_Added_Noise_uniform_Eps_4.0_Tau_Type_normal_anchors - INFO - Batch 21/8100: Clean accuracy 0.0000 | Adv accuracy: 0.0000 | Counter-attack accuracy: 0.0000
2026-02-05 16:40:56,576 - ADV_Generation_eps_1.0_steps_100_Added_Noise_uniform_Eps_4.0_Tau_Type_normal_anchors - INFO - Batch:[21] Adversarial images for this batch already exist
2026-02-05 16:40:56,794 - ADV_Generation_eps_1.0_steps_100_Added_Noise_uniform_Eps_4.0_Tau_Type_normal_anchors - INFO - Batch 22/8100: Clean accuracy 0.0000 | Adv accuracy: 0.0000 | Counter-attack accuracy: 0.0000
2026-02-05 16:40:56,795 - ADV_Generation_eps_1.0_steps_100_Added_Noise_uniform_Eps_4.0_Tau_Type_normal_anchors - INFO - Batch:[22] Adversarial images for this batch already exist
2026-02-05 16:40:57,013 - ADV_Generation_eps_1.0_steps_100_Added_Noise_uniform_Eps_4.0_Tau_Type_normal_anchors - INFO - Batch 23/8100: Clean accuracy 0.0000 | Adv accuracy: 0.0000 | Counter-attack accuracy: 0.0000
2026-02-05 16:40:57,014 - ADV_Generation_eps_1.0_steps_100_Added_Noise_uniform_Eps_4.0_Tau_Type_normal_anchors - INFO - Batch:[23] Adversarial images for this batch already exist
2026-02-05 16:40:57,233 - ADV_Generation_eps_1.0_steps_100_Added_Noise_uniform_Eps_4.0_Tau_Type_normal_anchors - INFO - Batch 24/8100: Clean accuracy 0.0000 | Adv accuracy: 0.0000 | Counter-attack accuracy: 0.0000
2026-02-05 16:40:57,234 - ADV_Generation_eps_1.0_steps_100_Added_Noise_uniform_Eps_4.0_Tau_Type_normal_anchors - INFO - Batch:[24] Adversarial images for this batch already exist
2026-02-05 16:40:57,448 - ADV_Generation_eps_1.0_steps_100_Added_Noise_uniform_Eps_4.0_Tau_Type_normal_anchors - INFO - Batch 25/8100: Clean accuracy 0.0000 | Adv accuracy: 0.0000 | Counter-attack accuracy: 0.0000
2026-02-05 16:40:57,449 - ADV_Generation_eps_1.0_steps_100_Added_Noise_uniform_Eps_4.0_Tau_Type_normal_anchors - INFO - Batch:[25] Adversarial images for this batch already exist
2026-02-05 16:40:57,670 - ADV_Generation_eps_1.0_steps_100_Added_Noise_uniform_Eps_4.0_Tau_Type_normal_anchors - INFO - Batch 26/8100: Clean accuracy 0.0000 | Adv accuracy: 0.0000 | Counter-attack accuracy: 0.0000
2026-02-05 16:40:57,672 - ADV_Generation_eps_1.0_steps_100_Added_Noise_uniform_Eps_4.0_Tau_Type_normal_anchors - INFO - Batch:[26] Adversarial images for this batch already exist
2026-02-05 16:40:57,890 - ADV_Generation_eps_1.0_steps_100_Added_Noise_uniform_Eps_4.0_Tau_Type_normal_anchors - INFO - Batch 27/8100: Clean accuracy 0.0000 | Adv accuracy: 0.0000 | Counter-attack accuracy: 0.0000
2026-02-05 16:40:57,891 - ADV_Generation_eps_1.0_steps_100_Added_Noise_uniform_Eps_4.0_Tau_Type_normal_anchors - INFO - Batch:[27] Adversarial images for this batch already exist
2026-02-05 16:40:58,137 - ADV_Generation_eps_1.0_steps_100_Added_Noise_uniform_Eps_4.0_Tau_Type_normal_anchors - INFO - Batch 28/8100: Clean accuracy 0.0000 | Adv accuracy: 0.0000 | Counter-attack accuracy: 0.0000
2026-02-05 16:40:58,139 - ADV_Generation_eps_1.0_steps_100_Added_Noise_uniform_Eps_4.0_Tau_Type_normal_anchors - INFO - Batch:[28] Adversarial images for this batch already exist
2026-02-05 16:40:58,364 - ADV_Generation_eps_1.0_steps_100_Added_Noise_uniform_Eps_4.0_Tau_Type_normal_anchors - INFO - Batch 29/8100: Clean accuracy 0.0000 | Adv accuracy: 0.0000 | Counter-attack accuracy: 0.0000
2026-02-05 16:40:58,365 - ADV_Generation_eps_1.0_steps_100_Added_Noise_uniform_Eps_4.0_Tau_Type_normal_anchors - INFO - Batch:[29] Adversarial images for this batch already exist
2026-02-05 16:40:58,581 - ADV_Generation_eps_1.0_steps_100_Added_Noise_uniform_Eps_4.0_Tau_Type_normal_anchors - INFO - Batch 30/8100: Clean accuracy 0.0000 | Adv accuracy: 0.0000 | Counter-attack accuracy: 0.0000
2026-02-05 16:40:58,582 - ADV_Generation_eps_1.0_steps_100_Added_Noise_uniform_Eps_4.0_Tau_Type_normal_anchors - INFO - Batch:[30] Adversarial images for this batch already exist
2026-02-05 16:40:58,799 - ADV_Generation_eps_1.0_steps_100_Added_Noise_uniform_Eps_4.0_Tau_Type_normal_anchors - INFO - Batch 31/8100: Clean accuracy 0.0000 | Adv accuracy: 0.0000 | Counter-attack accuracy: 0.0000
2026-02-05 16:40:58,802 - ADV_Generation_eps_1.0_steps_100_Added_Noise_uniform_Eps_4.0_Tau_Type_normal_anchors - INFO - Batch:[31] Adversarial images for this batch already exist
2026-02-05 16:40:59,017 - ADV_Generation_eps_1.0_steps_100_Added_Noise_uniform_Eps_4.0_Tau_Type_normal_anchors - INFO - Batch 32/8100: Clean accuracy 0.0000 | Adv accuracy: 0.0000 | Counter-attack accuracy: 0.0000
2026-02-05 16:40:59,018 - ADV_Generation_eps_1.0_steps_100_Added_Noise_uniform_Eps_4.0_Tau_Type_normal_anchors - INFO - Batch:[32] Adversarial images for this batch already exist
2026-02-05 16:40:59,246 - ADV_Generation_eps_1.0_steps_100_Added_Noise_uniform_Eps_4.0_Tau_Type_normal_anchors - INFO - Batch 33/8100: Clean accuracy 0.0000 | Adv accuracy: 0.0000 | Counter-attack accuracy: 0.0000
2026-02-05 16:40:59,246 - ADV_Generation_eps_1.0_steps_100_Added_Noise_uniform_Eps_4.0_Tau_Type_normal_anchors - INFO - Batch:[33] Adversarial images for this batch already exist
2026-02-05 16:40:59,469 - ADV_Generation_eps_1.0_steps_100_Added_Noise_uniform_Eps_4.0_Tau_Type_normal_anchors - INFO - Batch 34/8100: Clean accuracy 0.0000 | Adv accuracy: 0.0000 | Counter-attack accuracy: 0.0000
2026-02-05 16:40:59,472 - ADV_Generation_eps_1.0_steps_100_Added_Noise_uniform_Eps_4.0_Tau_Type_normal_anchors - INFO - Batch:[34] Adversarial images for this batch already exist
2026-02-05 16:40:59,694 - ADV_Generation_eps_1.0_steps_100_Added_Noise_uniform_Eps_4.0_Tau_Type_normal_anchors - INFO - Batch 35/8100: Clean accuracy 0.0000 | Adv accuracy: 0.0000 | Counter-attack accuracy: 0.0000
2026-02-05 16:40:59,696 - ADV_Generation_eps_1.0_steps_100_Added_Noise_uniform_Eps_4.0_Tau_Type_normal_anchors - INFO - Batch:[35] Adversarial images for this batch already exist
2026-02-05 16:40:59,945 - ADV_Generation_eps_1.0_steps_100_Added_Noise_uniform_Eps_4.0_Tau_Type_normal_anchors - INFO - Batch 36/8100: Clean accuracy 0.0000 | Adv accuracy: 0.0000 | Counter-attack accuracy: 0.0000
2026-02-05 16:40:59,946 - ADV_Generation_eps_1.0_steps_100_Added_Noise_uniform_Eps_4.0_Tau_Type_normal_anchors - INFO - Batch:[36] Adversarial images for this batch already exist
2026-02-05 16:41:00,164 - ADV_Generation_eps_1.0_steps_100_Added_Noise_uniform_Eps_4.0_Tau_Type_normal_anchors - INFO - Batch 37/8100: Clean accuracy 0.0000 | Adv accuracy: 0.0000 | Counter-attack accuracy: 0.0000
2026-02-05 16:41:00,165 - ADV_Generation_eps_1.0_steps_100_Added_Noise_uniform_Eps_4.0_Tau_Type_normal_anchors - INFO - Batch:[37] Adversarial images for this batch already exist
2026-02-05 16:41:00,376 - ADV_Generation_eps_1.0_steps_100_Added_Noise_uniform_Eps_4.0_Tau_Type_normal_anchors - INFO - Batch 38/8100: Clean accuracy 0.0000 | Adv accuracy: 0.0000 | Counter-attack accuracy: 0.0000
2026-02-05 16:41:00,380 - ADV_Generation_eps_1.0_steps_100_Added_Noise_uniform_Eps_4.0_Tau_Type_normal_anchors - INFO - Batch:[38] Adversarial images for this batch already exist
2026-02-05 16:41:00,597 - ADV_Generation_eps_1.0_steps_100_Added_Noise_uniform_Eps_4.0_Tau_Type_normal_anchors - INFO - Batch 39/8100: Clean accuracy 0.0000 | Adv accuracy: 0.0000 | Counter-attack accuracy: 0.0000
2026-02-05 16:41:00,600 - ADV_Generation_eps_1.0_steps_100_Added_Noise_uniform_Eps_4.0_Tau_Type_normal_anchors - INFO - Batch:[39] Adversarial images for this batch already exist
2026-02-05 16:41:00,816 - ADV_Generation_eps_1.0_steps_100_Added_Noise_uniform_Eps_4.0_Tau_Type_normal_anchors - INFO - Batch 40/8100: Clean accuracy 0.0000 | Adv accuracy: 0.0000 | Counter-attack accuracy: 0.0000
2026-02-05 16:41:00,817 - ADV_Generation_eps_1.0_steps_100_Added_Noise_uniform_Eps_4.0_Tau_Type_normal_anchors - INFO - Batch:[40] Adversarial images for this batch already exist
2026-02-05 16:41:01,050 - ADV_Generation_eps_1.0_steps_100_Added_Noise_uniform_Eps_4.0_Tau_Type_normal_anchors - INFO - Batch 41/8100: Clean accuracy 0.0000 | Adv accuracy: 0.0000 | Counter-attack accuracy: 0.0000
2026-02-05 16:41:01,050 - ADV_Generation_eps_1.0_steps_100_Added_Noise_uniform_Eps_4.0_Tau_Type_normal_anchors - INFO - Batch:[41] Adversarial images for this batch already exist
2026-02-05 16:41:01,261 - ADV_Generation_eps_1.0_steps_100_Added_Noise_uniform_Eps_4.0_Tau_Type_normal_anchors - INFO - Batch 42/8100: Clean accuracy 0.0000 | Adv accuracy: 0.0000 | Counter-attack accuracy: 0.0000
2026-02-05 16:41:01,263 - ADV_Generation_eps_1.0_steps_100_Added_Noise_uniform_Eps_4.0_Tau_Type_normal_anchors - INFO - Batch:[42] Adversarial images for this batch already exist
2026-02-05 16:41:01,486 - ADV_Generation_eps_1.0_steps_100_Added_Noise_uniform_Eps_4.0_Tau_Type_normal_anchors - INFO - Batch 43/8100: Clean accuracy 0.0000 | Adv accuracy: 0.0000 | Counter-attack accuracy: 0.0000
2026-02-05 16:41:01,489 - ADV_Generation_eps_1.0_steps_100_Added_Noise_uniform_Eps_4.0_Tau_Type_normal_anchors - INFO - Batch:[43] Adversarial images for this batch already exist
2026-02-05 16:41:01,705 - ADV_Generation_eps_1.0_steps_100_Added_Noise_uniform_Eps_4.0_Tau_Type_normal_anchors - INFO - Batch 44/8100: Clean accuracy 0.0000 | Adv accuracy: 0.0000 | Counter-attack accuracy: 0.0000
2026-02-05 16:41:01,708 - ADV_Generation_eps_1.0_steps_100_Added_Noise_uniform_Eps_4.0_Tau_Type_normal_anchors - INFO - Batch:[44] Adversarial images for this batch already exist
2026-02-05 16:41:01,920 - ADV_Generation_eps_1.0_steps_100_Added_Noise_uniform_Eps_4.0_Tau_Type_normal_anchors - INFO - Batch 45/8100: Clean accuracy 0.0000 | Adv accuracy: 0.0000 | Counter-attack accuracy: 0.0000
2026-02-05 16:41:01,920 - ADV_Generation_eps_1.0_steps_100_Added_Noise_uniform_Eps_4.0_Tau_Type_normal_anchors - INFO - Batch:[45] Adversarial images for this batch already exist
2026-02-05 16:41:02,143 - ADV_Generation_eps_1.0_steps_100_Added_Noise_uniform_Eps_4.0_Tau_Type_normal_anchors - INFO - Batch 46/8100: Clean accuracy 0.0000 | Adv accuracy: 0.0000 | Counter-attack accuracy: 0.0000
2026-02-05 16:41:02,144 - ADV_Generation_eps_1.0_steps_100_Added_Noise_uniform_Eps_4.0_Tau_Type_normal_anchors - INFO - Batch:[46] Adversarial images for this batch already exist
2026-02-05 16:41:02,372 - ADV_Generation_eps_1.0_steps_100_Added_Noise_uniform_Eps_4.0_Tau_Type_normal_anchors - INFO - Batch 47/8100: Clean accuracy 0.0000 | Adv accuracy: 0.0000 | Counter-attack accuracy: 0.0000
2026-02-05 16:41:02,373 - ADV_Generation_eps_1.0_steps_100_Added_Noise_uniform_Eps_4.0_Tau_Type_normal_anchors - INFO - Batch:[47] Adversarial images for this batch already exist
2026-02-05 16:41:02,590 - ADV_Generation_eps_1.0_steps_100_Added_Noise_uniform_Eps_4.0_Tau_Type_normal_anchors - INFO - Batch 48/8100: Clean accuracy 0.0000 | Adv accuracy: 0.0000 | Counter-attack accuracy: 0.0000
2026-02-05 16:41:02,590 - ADV_Generation_eps_1.0_steps_100_Added_Noise_uniform_Eps_4.0_Tau_Type_normal_anchors - INFO - Batch:[48] Adversarial images for this batch already exist
2026-02-05 16:41:02,801 - ADV_Generation_eps_1.0_steps_100_Added_Noise_uniform_Eps_4.0_Tau_Type_normal_anchors - INFO - Batch 49/8100: Clean accuracy 0.0000 | Adv accuracy: 0.0000 | Counter-attack accuracy: 0.0000
2026-02-05 16:41:02,803 - ADV_Generation_eps_1.0_steps_100_Added_Noise_uniform_Eps_4.0_Tau_Type_normal_anchors - INFO - Batch:[49] Adversarial images for this batch already exist
2026-02-05 16:41:03,031 - ADV_Generation_eps_1.0_steps_100_Added_Noise_uniform_Eps_4.0_Tau_Type_normal_anchors - INFO - Batch 50/8100: Clean accuracy 0.0000 | Adv accuracy: 0.0000 | Counter-attack accuracy: 0.0000
2026-02-05 16:41:03,032 - ADV_Generation_eps_1.0_steps_100_Added_Noise_uniform_Eps_4.0_Tau_Type_normal_anchors - INFO - Batch:[50] Adversarial images for this batch already exist
2026-02-05 16:41:03,248 - ADV_Generation_eps_1.0_steps_100_Added_Noise_uniform_Eps_4.0_Tau_Type_normal_anchors - INFO - Batch 51/8100: Clean accuracy 0.0000 | Adv accuracy: 0.0000 | Counter-attack accuracy: 0.0000
2026-02-05 16:41:03,249 - ADV_Generation_eps_1.0_steps_100_Added_Noise_uniform_Eps_4.0_Tau_Type_normal_anchors - INFO - Batch:[51] Adversarial images for this batch already exist
2026-02-05 16:41:03,471 - ADV_Generation_eps_1.0_steps_100_Added_Noise_uniform_Eps_4.0_Tau_Type_normal_anchors - INFO - Batch 52/8100: Clean accuracy 0.0000 | Adv accuracy: 0.0000 | Counter-attack accuracy: 0.0000
2026-02-05 16:41:03,471 - ADV_Generation_eps_1.0_steps_100_Added_Noise_uniform_Eps_4.0_Tau_Type_normal_anchors - INFO - Batch:[52] Adversarial images for this batch already exist
2026-02-05 16:41:03,687 - ADV_Generation_eps_1.0_steps_100_Added_Noise_uniform_Eps_4.0_Tau_Type_normal_anchors - INFO - Batch 53/8100: Clean accuracy 0.0000 | Adv accuracy: 0.0000 | Counter-attack accuracy: 0.0000
2026-02-05 16:41:03,688 - ADV_Generation_eps_1.0_steps_100_Added_Noise_uniform_Eps_4.0_Tau_Type_normal_anchors - INFO - Batch:[53] Adversarial images for this batch already exist
2026-02-05 16:41:03,908 - ADV_Generation_eps_1.0_steps_100_Added_Noise_uniform_Eps_4.0_Tau_Type_normal_anchors - INFO - Batch 54/8100: Clean accuracy 0.0000 | Adv accuracy: 0.0000 | Counter-attack accuracy: 0.0000
2026-02-05 16:41:03,910 - ADV_Generation_eps_1.0_steps_100_Added_Noise_uniform_Eps_4.0_Tau_Type_normal_anchors - INFO - Batch:[54] Adversarial images for this batch already exist
2026-02-05 16:41:04,130 - ADV_Generation_eps_1.0_steps_100_Added_Noise_uniform_Eps_4.0_Tau_Type_normal_anchors - INFO - Batch 55/8100: Clean accuracy 0.0000 | Adv accuracy: 0.0000 | Counter-attack accuracy: 0.0000
2026-02-05 16:41:04,131 - ADV_Generation_eps_1.0_steps_100_Added_Noise_uniform_Eps_4.0_Tau_Type_normal_anchors - INFO - Batch:[55] Adversarial images for this batch already exist
2026-02-05 16:41:04,348 - ADV_Generation_eps_1.0_steps_100_Added_Noise_uniform_Eps_4.0_Tau_Type_normal_anchors - INFO - Batch 56/8100: Clean accuracy 0.0000 | Adv accuracy: 0.0000 | Counter-attack accuracy: 0.0000
2026-02-05 16:41:04,349 - ADV_Generation_eps_1.0_steps_100_Added_Noise_uniform_Eps_4.0_Tau_Type_normal_anchors - INFO - Batch:[56] Adversarial images for this batch already exist
2026-02-05 16:41:04,572 - ADV_Generation_eps_1.0_steps_100_Added_Noise_uniform_Eps_4.0_Tau_Type_normal_anchors - INFO - Batch 57/8100: Clean accuracy 0.0000 | Adv accuracy: 0.0000 | Counter-attack accuracy: 0.0000
2026-02-05 16:41:04,573 - ADV_Generation_eps_1.0_steps_100_Added_Noise_uniform_Eps_4.0_Tau_Type_normal_anchors - INFO - Batch:[57] Adversarial images for this batch already exist
2026-02-05 16:41:04,790 - ADV_Generation_eps_1.0_steps_100_Added_Noise_uniform_Eps_4.0_Tau_Type_normal_anchors - INFO - Batch 58/8100: Clean accuracy 0.0000 | Adv accuracy: 0.0000 | Counter-attack accuracy: 0.0000
2026-02-05 16:41:04,793 - ADV_Generation_eps_1.0_steps_100_Added_Noise_uniform_Eps_4.0_Tau_Type_normal_anchors - INFO - Batch:[58] Adversarial images for this batch already exist
2026-02-05 16:41:05,016 - ADV_Generation_eps_1.0_steps_100_Added_Noise_uniform_Eps_4.0_Tau_Type_normal_anchors - INFO - Batch 59/8100: Clean accuracy 0.0000 | Adv accuracy: 0.0000 | Counter-attack accuracy: 0.0000
2026-02-05 16:41:05,017 - ADV_Generation_eps_1.0_steps_100_Added_Noise_uniform_Eps_4.0_Tau_Type_normal_anchors - INFO - Batch:[59] Adversarial images for this batch already exist
2026-02-05 16:41:05,232 - ADV_Generation_eps_1.0_steps_100_Added_Noise_uniform_Eps_4.0_Tau_Type_normal_anchors - INFO - Batch 60/8100: Clean accuracy 0.0000 | Adv accuracy: 0.0000 | Counter-attack accuracy: 0.0000
2026-02-05 16:41:05,234 - ADV_Generation_eps_1.0_steps_100_Added_Noise_uniform_Eps_4.0_Tau_Type_normal_anchors - INFO - Batch:[60] Adversarial images for this batch already exist
2026-02-05 16:41:05,451 - ADV_Generation_eps_1.0_steps_100_Added_Noise_uniform_Eps_4.0_Tau_Type_normal_anchors - INFO - Batch 61/8100: Clean accuracy 0.0000 | Adv accuracy: 0.0000 | Counter-attack accuracy: 0.0000
2026-02-05 16:41:05,453 - ADV_Generation_eps_1.0_steps_100_Added_Noise_uniform_Eps_4.0_Tau_Type_normal_anchors - INFO - Batch:[61] Adversarial images for this batch already exist
2026-02-05 16:41:05,674 - ADV_Generation_eps_1.0_steps_100_Added_Noise_uniform_Eps_4.0_Tau_Type_normal_anchors - INFO - Batch 62/8100: Clean accuracy 0.0000 | Adv accuracy: 0.0000 | Counter-attack accuracy: 0.0000
2026-02-05 16:41:05,675 - ADV_Generation_eps_1.0_steps_100_Added_Noise_uniform_Eps_4.0_Tau_Type_normal_anchors - INFO - Batch:[62] Adversarial images for this batch already exist
2026-02-05 16:41:05,896 - ADV_Generation_eps_1.0_steps_100_Added_Noise_uniform_Eps_4.0_Tau_Type_normal_anchors - INFO - Batch 63/8100: Clean accuracy 0.0000 | Adv accuracy: 0.0000 | Counter-attack accuracy: 0.0000
2026-02-05 16:41:05,899 - ADV_Generation_eps_1.0_steps_100_Added_Noise_uniform_Eps_4.0_Tau_Type_normal_anchors - INFO - Batch:[63] Adversarial images for this batch already exist
2026-02-05 16:41:06,138 - ADV_Generation_eps_1.0_steps_100_Added_Noise_uniform_Eps_4.0_Tau_Type_normal_anchors - INFO - Batch 64/8100: Clean accuracy 0.0000 | Adv accuracy: 0.0000 | Counter-attack accuracy: 0.0000
2026-02-05 16:41:06,139 - ADV_Generation_eps_1.0_steps_100_Added_Noise_uniform_Eps_4.0_Tau_Type_normal_anchors - INFO - Batch:[64] Adversarial images for this batch already exist
2026-02-05 16:41:06,357 - ADV_Generation_eps_1.0_steps_100_Added_Noise_uniform_Eps_4.0_Tau_Type_normal_anchors - INFO - Batch 65/8100: Clean accuracy 0.0000 | Adv accuracy: 0.0000 | Counter-attack accuracy: 0.0000
2026-02-05 16:41:06,358 - ADV_Generation_eps_1.0_steps_100_Added_Noise_uniform_Eps_4.0_Tau_Type_normal_anchors - INFO - Batch:[65] Adversarial images for this batch already exist
2026-02-05 16:41:06,580 - ADV_Generation_eps_1.0_steps_100_Added_Noise_uniform_Eps_4.0_Tau_Type_normal_anchors - INFO - Batch 66/8100: Clean accuracy 0.0000 | Adv accuracy: 0.0000 | Counter-attack accuracy: 0.0000
2026-02-05 16:41:06,582 - ADV_Generation_eps_1.0_steps_100_Added_Noise_uniform_Eps_4.0_Tau_Type_normal_anchors - INFO - Batch:[66] Adversarial images for this batch already exist
2026-02-05 16:41:06,814 - ADV_Generation_eps_1.0_steps_100_Added_Noise_uniform_Eps_4.0_Tau_Type_normal_anchors - INFO - Batch 67/8100: Clean accuracy 0.0000 | Adv accuracy: 0.0000 | Counter-attack accuracy: 0.0000
2026-02-05 16:41:06,816 - ADV_Generation_eps_1.0_steps_100_Added_Noise_uniform_Eps_4.0_Tau_Type_normal_anchors - INFO - Batch:[67] Adversarial images for this batch already exist
2026-02-05 16:41:07,035 - ADV_Generation_eps_1.0_steps_100_Added_Noise_uniform_Eps_4.0_Tau_Type_normal_anchors - INFO - Batch 68/8100: Clean accuracy 0.0000 | Adv accuracy: 0.0000 | Counter-attack accuracy: 0.0000
2026-02-05 16:41:07,037 - ADV_Generation_eps_1.0_steps_100_Added_Noise_uniform_Eps_4.0_Tau_Type_normal_anchors - INFO - Batch:[68] Adversarial images for this batch already exist
2026-02-05 16:41:07,271 - ADV_Generation_eps_1.0_steps_100_Added_Noise_uniform_Eps_4.0_Tau_Type_normal_anchors - INFO - Batch 69/8100: Clean accuracy 0.0000 | Adv accuracy: 0.0000 | Counter-attack accuracy: 0.0000
2026-02-05 16:41:07,272 - ADV_Generation_eps_1.0_steps_100_Added_Noise_uniform_Eps_4.0_Tau_Type_normal_anchors - INFO - Batch:[69] Adversarial images for this batch already exist
2026-02-05 16:41:07,496 - ADV_Generation_eps_1.0_steps_100_Added_Noise_uniform_Eps_4.0_Tau_Type_normal_anchors - INFO - Batch 70/8100: Clean accuracy 0.0000 | Adv accuracy: 0.0000 | Counter-attack accuracy: 0.0000
2026-02-05 16:41:07,497 - ADV_Generation_eps_1.0_steps_100_Added_Noise_uniform_Eps_4.0_Tau_Type_normal_anchors - INFO - Batch:[70] Adversarial images for this batch already exist
2026-02-05 16:41:07,723 - ADV_Generation_eps_1.0_steps_100_Added_Noise_uniform_Eps_4.0_Tau_Type_normal_anchors - INFO - Batch 71/8100: Clean accuracy 0.0000 | Adv accuracy: 0.0000 | Counter-attack accuracy: 0.0000
2026-02-05 16:41:07,723 - ADV_Generation_eps_1.0_steps_100_Added_Noise_uniform_Eps_4.0_Tau_Type_normal_anchors - INFO - Batch:[71] Adversarial images for this batch already exist
2026-02-05 16:41:07,943 - ADV_Generation_eps_1.0_steps_100_Added_Noise_uniform_Eps_4.0_Tau_Type_normal_anchors - INFO - Batch 72/8100: Clean accuracy 0.0000 | Adv accuracy: 0.0000 | Counter-attack accuracy: 0.0000
2026-02-05 16:41:07,945 - ADV_Generation_eps_1.0_steps_100_Added_Noise_uniform_Eps_4.0_Tau_Type_normal_anchors - INFO - Batch:[72] Adversarial images for this batch already exist
2026-02-05 16:41:08,170 - ADV_Generation_eps_1.0_steps_100_Added_Noise_uniform_Eps_4.0_Tau_Type_normal_anchors - INFO - Batch 73/8100: Clean accuracy 0.0000 | Adv accuracy: 0.0000 | Counter-attack accuracy: 0.0000
2026-02-05 16:41:08,172 - ADV_Generation_eps_1.0_steps_100_Added_Noise_uniform_Eps_4.0_Tau_Type_normal_anchors - INFO - Batch:[73] Adversarial images for this batch already exist
2026-02-05 16:41:08,398 - ADV_Generation_eps_1.0_steps_100_Added_Noise_uniform_Eps_4.0_Tau_Type_normal_anchors - INFO - Batch 74/8100: Clean accuracy 0.0000 | Adv accuracy: 0.0000 | Counter-attack accuracy: 0.0000
2026-02-05 16:41:08,399 - ADV_Generation_eps_1.0_steps_100_Added_Noise_uniform_Eps_4.0_Tau_Type_normal_anchors - INFO - Batch:[74] Adversarial images for this batch already exist
2026-02-05 16:41:08,627 - ADV_Generation_eps_1.0_steps_100_Added_Noise_uniform_Eps_4.0_Tau_Type_normal_anchors - INFO - Batch 75/8100: Clean accuracy 0.0000 | Adv accuracy: 0.0000 | Counter-attack accuracy: 0.0000
2026-02-05 16:41:08,629 - ADV_Generation_eps_1.0_steps_100_Added_Noise_uniform_Eps_4.0_Tau_Type_normal_anchors - INFO - Batch:[75] Adversarial images for this batch already exist
2026-02-05 16:41:08,849 - ADV_Generation_eps_1.0_steps_100_Added_Noise_uniform_Eps_4.0_Tau_Type_normal_anchors - INFO - Batch 76/8100: Clean accuracy 0.0000 | Adv accuracy: 0.0000 | Counter-attack accuracy: 0.0000
2026-02-05 16:41:08,849 - ADV_Generation_eps_1.0_steps_100_Added_Noise_uniform_Eps_4.0_Tau_Type_normal_anchors - INFO - Batch:[76] Adversarial images for this batch already exist
2026-02-05 16:41:09,064 - ADV_Generation_eps_1.0_steps_100_Added_Noise_uniform_Eps_4.0_Tau_Type_normal_anchors - INFO - Batch 77/8100: Clean accuracy 0.0000 | Adv accuracy: 0.0000 | Counter-attack accuracy: 0.0000
2026-02-05 16:41:09,065 - ADV_Generation_eps_1.0_steps_100_Added_Noise_uniform_Eps_4.0_Tau_Type_normal_anchors - INFO - Batch:[77] Adversarial images for this batch already exist
2026-02-05 16:41:09,282 - ADV_Generation_eps_1.0_steps_100_Added_Noise_uniform_Eps_4.0_Tau_Type_normal_anchors - INFO - Batch 78/8100: Clean accuracy 0.0000 | Adv accuracy: 0.0000 | Counter-attack accuracy: 0.0000
2026-02-05 16:41:09,286 - ADV_Generation_eps_1.0_steps_100_Added_Noise_uniform_Eps_4.0_Tau_Type_normal_anchors - INFO - Batch:[78] Adversarial images for this batch already exist
2026-02-05 16:41:09,506 - ADV_Generation_eps_1.0_steps_100_Added_Noise_uniform_Eps_4.0_Tau_Type_normal_anchors - INFO - Batch 79/8100: Clean accuracy 0.0000 | Adv accuracy: 0.0000 | Counter-attack accuracy: 0.0000
2026-02-05 16:41:09,506 - ADV_Generation_eps_1.0_steps_100_Added_Noise_uniform_Eps_4.0_Tau_Type_normal_anchors - INFO - Batch:[79] Adversarial images for this batch already exist
2026-02-05 16:41:09,726 - ADV_Generation_eps_1.0_steps_100_Added_Noise_uniform_Eps_4.0_Tau_Type_normal_anchors - INFO - Batch 80/8100: Clean accuracy 0.0000 | Adv accuracy: 0.0000 | Counter-attack accuracy: 0.0000
2026-02-05 16:41:09,727 - ADV_Generation_eps_1.0_steps_100_Added_Noise_uniform_Eps_4.0_Tau_Type_normal_anchors - INFO - Batch:[80] Adversarial images for this batch already exist
2026-02-05 16:41:09,949 - ADV_Generation_eps_1.0_steps_100_Added_Noise_uniform_Eps_4.0_Tau_Type_normal_anchors - INFO - Batch 81/8100: Clean accuracy 0.0000 | Adv accuracy: 0.0000 | Counter-attack accuracy: 0.0000
2026-02-05 16:41:09,949 - ADV_Generation_eps_1.0_steps_100_Added_Noise_uniform_Eps_4.0_Tau_Type_normal_anchors - INFO - Batch:[81] Adversarial images for this batch already exist
2026-02-05 16:41:10,179 - ADV_Generation_eps_1.0_steps_100_Added_Noise_uniform_Eps_4.0_Tau_Type_normal_anchors - INFO - Batch 82/8100: Clean accuracy 0.0000 | Adv accuracy: 0.0000 | Counter-attack accuracy: 0.0000
2026-02-05 16:41:10,179 - ADV_Generation_eps_1.0_steps_100_Added_Noise_uniform_Eps_4.0_Tau_Type_normal_anchors - INFO - Batch:[82] Adversarial images for this batch already exist
2026-02-05 16:41:10,403 - ADV_Generation_eps_1.0_steps_100_Added_Noise_uniform_Eps_4.0_Tau_Type_normal_anchors - INFO - Batch 83/8100: Clean accuracy 0.0000 | Adv accuracy: 0.0000 | Counter-attack accuracy: 0.0000
2026-02-05 16:41:10,404 - ADV_Generation_eps_1.0_steps_100_Added_Noise_uniform_Eps_4.0_Tau_Type_normal_anchors - INFO - Batch:[83] Adversarial images for this batch already exist
2026-02-05 16:41:10,624 - ADV_Generation_eps_1.0_steps_100_Added_Noise_uniform_Eps_4.0_Tau_Type_normal_anchors - INFO - Batch 84/8100: Clean accuracy 0.0000 | Adv accuracy: 0.0000 | Counter-attack accuracy: 0.0000
2026-02-05 16:41:10,626 - ADV_Generation_eps_1.0_steps_100_Added_Noise_uniform_Eps_4.0_Tau_Type_normal_anchors - INFO - Batch:[84] Adversarial images for this batch already exist
2026-02-05 16:41:10,847 - ADV_Generation_eps_1.0_steps_100_Added_Noise_uniform_Eps_4.0_Tau_Type_normal_anchors - INFO - Batch 85/8100: Clean accuracy 0.0000 | Adv accuracy: 0.0000 | Counter-attack accuracy: 0.0000
2026-02-05 16:41:10,849 - ADV_Generation_eps_1.0_steps_100_Added_Noise_uniform_Eps_4.0_Tau_Type_normal_anchors - INFO - Batch:[85] Adversarial images for this batch already exist
2026-02-05 16:41:11,068 - ADV_Generation_eps_1.0_steps_100_Added_Noise_uniform_Eps_4.0_Tau_Type_normal_anchors - INFO - Batch 86/8100: Clean accuracy 0.0000 | Adv accuracy: 0.0000 | Counter-attack accuracy: 0.0000
2026-02-05 16:41:11,069 - ADV_Generation_eps_1.0_steps_100_Added_Noise_uniform_Eps_4.0_Tau_Type_normal_anchors - INFO - Batch:[86] Adversarial images for this batch already exist
2026-02-05 16:41:11,290 - ADV_Generation_eps_1.0_steps_100_Added_Noise_uniform_Eps_4.0_Tau_Type_normal_anchors - INFO - Batch 87/8100: Clean accuracy 0.0000 | Adv accuracy: 0.0000 | Counter-attack accuracy: 0.0000
2026-02-05 16:41:11,291 - ADV_Generation_eps_1.0_steps_100_Added_Noise_uniform_Eps_4.0_Tau_Type_normal_anchors - INFO - Batch:[87] Adversarial images for this batch already exist
2026-02-05 16:41:11,507 - ADV_Generation_eps_1.0_steps_100_Added_Noise_uniform_Eps_4.0_Tau_Type_normal_anchors - INFO - Batch 88/8100: Clean accuracy 0.0000 | Adv accuracy: 0.0000 | Counter-attack accuracy: 0.0000
2026-02-05 16:41:11,509 - ADV_Generation_eps_1.0_steps_100_Added_Noise_uniform_Eps_4.0_Tau_Type_normal_anchors - INFO - Batch:[88] Adversarial images for this batch already exist
2026-02-05 16:41:11,755 - ADV_Generation_eps_1.0_steps_100_Added_Noise_uniform_Eps_4.0_Tau_Type_normal_anchors - INFO - Batch 89/8100: Clean accuracy 0.0000 | Adv accuracy: 0.0000 | Counter-attack accuracy: 0.0000
2026-02-05 16:41:11,756 - ADV_Generation_eps_1.0_steps_100_Added_Noise_uniform_Eps_4.0_Tau_Type_normal_anchors - INFO - Batch:[89] Adversarial images for this batch already exist
2026-02-05 16:41:11,975 - ADV_Generation_eps_1.0_steps_100_Added_Noise_uniform_Eps_4.0_Tau_Type_normal_anchors - INFO - Batch 90/8100: Clean accuracy 0.0000 | Adv accuracy: 0.0000 | Counter-attack accuracy: 0.0000
2026-02-05 16:41:11,979 - ADV_Generation_eps_1.0_steps_100_Added_Noise_uniform_Eps_4.0_Tau_Type_normal_anchors - INFO - Batch:[90] Adversarial images for this batch already exist
2026-02-05 16:41:12,199 - ADV_Generation_eps_1.0_steps_100_Added_Noise_uniform_Eps_4.0_Tau_Type_normal_anchors - INFO - Batch 91/8100: Clean accuracy 0.0000 | Adv accuracy: 0.0000 | Counter-attack accuracy: 0.0000
2026-02-05 16:41:12,201 - ADV_Generation_eps_1.0_steps_100_Added_Noise_uniform_Eps_4.0_Tau_Type_normal_anchors - INFO - Batch:[91] Adversarial images for this batch already exist
2026-02-05 16:41:12,417 - ADV_Generation_eps_1.0_steps_100_Added_Noise_uniform_Eps_4.0_Tau_Type_normal_anchors - INFO - Batch 92/8100: Clean accuracy 0.0000 | Adv accuracy: 0.0000 | Counter-attack accuracy: 0.0000
2026-02-05 16:41:12,418 - ADV_Generation_eps_1.0_steps_100_Added_Noise_uniform_Eps_4.0_Tau_Type_normal_anchors - INFO - Batch:[92] Adversarial images for this batch already exist
2026-02-05 16:41:12,636 - ADV_Generation_eps_1.0_steps_100_Added_Noise_uniform_Eps_4.0_Tau_Type_normal_anchors - INFO - Batch 93/8100: Clean accuracy 0.0000 | Adv accuracy: 0.0000 | Counter-attack accuracy: 0.0000
2026-02-05 16:41:12,640 - ADV_Generation_eps_1.0_steps_100_Added_Noise_uniform_Eps_4.0_Tau_Type_normal_anchors - INFO - Batch:[93] Adversarial images for this batch already exist
2026-02-05 16:41:12,861 - ADV_Generation_eps_1.0_steps_100_Added_Noise_uniform_Eps_4.0_Tau_Type_normal_anchors - INFO - Batch 94/8100: Clean accuracy 0.0000 | Adv accuracy: 0.0000 | Counter-attack accuracy: 0.0000
2026-02-05 16:41:12,863 - ADV_Generation_eps_1.0_steps_100_Added_Noise_uniform_Eps_4.0_Tau_Type_normal_anchors - INFO - Batch:[94] Adversarial images for this batch already exist
2026-02-05 16:41:13,097 - ADV_Generation_eps_1.0_steps_100_Added_Noise_uniform_Eps_4.0_Tau_Type_normal_anchors - INFO - Batch 95/8100: Clean accuracy 0.0000 | Adv accuracy: 0.0000 | Counter-attack accuracy: 0.0000
2026-02-05 16:41:13,098 - ADV_Generation_eps_1.0_steps_100_Added_Noise_uniform_Eps_4.0_Tau_Type_normal_anchors - INFO - Batch:[95] Adversarial images for this batch already exist
2026-02-05 16:41:13,333 - ADV_Generation_eps_1.0_steps_100_Added_Noise_uniform_Eps_4.0_Tau_Type_normal_anchors - INFO - Batch 96/8100: Clean accuracy 0.0000 | Adv accuracy: 0.0000 | Counter-attack accuracy: 0.0000
2026-02-05 16:41:13,335 - ADV_Generation_eps_1.0_steps_100_Added_Noise_uniform_Eps_4.0_Tau_Type_normal_anchors - INFO - Batch:[96] Adversarial images for this batch already exist
2026-02-05 16:41:13,559 - ADV_Generation_eps_1.0_steps_100_Added_Noise_uniform_Eps_4.0_Tau_Type_normal_anchors - INFO - Batch 97/8100: Clean accuracy 0.0000 | Adv accuracy: 0.0000 | Counter-attack accuracy: 0.0000
2026-02-05 16:41:13,560 - ADV_Generation_eps_1.0_steps_100_Added_Noise_uniform_Eps_4.0_Tau_Type_normal_anchors - INFO - Batch:[97] Adversarial images for this batch already exist
2026-02-05 16:41:13,780 - ADV_Generation_eps_1.0_steps_100_Added_Noise_uniform_Eps_4.0_Tau_Type_normal_anchors - INFO - Batch 98/8100: Clean accuracy 0.0000 | Adv accuracy: 0.0000 | Counter-attack accuracy: 0.0000
2026-02-05 16:41:13,783 - ADV_Generation_eps_1.0_steps_100_Added_Noise_uniform_Eps_4.0_Tau_Type_normal_anchors - INFO - Batch:[98] Adversarial images for this batch already exist
2026-02-05 16:41:14,000 - ADV_Generation_eps_1.0_steps_100_Added_Noise_uniform_Eps_4.0_Tau_Type_normal_anchors - INFO - Batch 99/8100: Clean accuracy 0.0000 | Adv accuracy: 0.0000 | Counter-attack accuracy: 0.0000
2026-02-05 16:41:14,002 - ADV_Generation_eps_1.0_steps_100_Added_Noise_uniform_Eps_4.0_Tau_Type_normal_anchors - INFO - Batch:[99] Adversarial images for this batch already exist
2026-02-05 16:41:14,238 - ADV_Generation_eps_1.0_steps_100_Added_Noise_uniform_Eps_4.0_Tau_Type_normal_anchors - INFO - Batch 100/8100: Clean accuracy 0.0000 | Adv accuracy: 0.0000 | Counter-attack accuracy: 0.0000
2026-02-05 16:41:14,239 - ADV_Generation_eps_1.0_steps_100_Added_Noise_uniform_Eps_4.0_Tau_Type_normal_anchors - INFO - Batch:[100] Adversarial images for this batch already exist
2026-02-05 16:41:14,457 - ADV_Generation_eps_1.0_steps_100_Added_Noise_uniform_Eps_4.0_Tau_Type_normal_anchors - INFO - Batch 101/8100: Clean accuracy 0.0000 | Adv accuracy: 0.0000 | Counter-attack accuracy: 0.0000
2026-02-05 16:41:14,458 - ADV_Generation_eps_1.0_steps_100_Added_Noise_uniform_Eps_4.0_Tau_Type_normal_anchors - INFO - Batch:[101] Adversarial images for this batch already exist
2026-02-05 16:41:14,701 - ADV_Generation_eps_1.0_steps_100_Added_Noise_uniform_Eps_4.0_Tau_Type_normal_anchors - INFO - Batch 102/8100: Clean accuracy 0.0000 | Adv accuracy: 0.0000 | Counter-attack accuracy: 0.0000
2026-02-05 16:41:14,703 - ADV_Generation_eps_1.0_steps_100_Added_Noise_uniform_Eps_4.0_Tau_Type_normal_anchors - INFO - Batch:[102] Adversarial images for this batch already exist
2026-02-05 16:41:14,923 - ADV_Generation_eps_1.0_steps_100_Added_Noise_uniform_Eps_4.0_Tau_Type_normal_anchors - INFO - Batch 103/8100: Clean accuracy 0.0000 | Adv accuracy: 0.0000 | Counter-attack accuracy: 0.0000
2026-02-05 16:41:14,925 - ADV_Generation_eps_1.0_steps_100_Added_Noise_uniform_Eps_4.0_Tau_Type_normal_anchors - INFO - Batch:[103] Adversarial images for this batch already exist
2026-02-05 16:41:15,145 - ADV_Generation_eps_1.0_steps_100_Added_Noise_uniform_Eps_4.0_Tau_Type_normal_anchors - INFO - Batch 104/8100: Clean accuracy 0.0000 | Adv accuracy: 0.0000 | Counter-attack accuracy: 0.0000
2026-02-05 16:41:15,147 - ADV_Generation_eps_1.0_steps_100_Added_Noise_uniform_Eps_4.0_Tau_Type_normal_anchors - INFO - Batch:[104] Adversarial images for this batch already exist
2026-02-05 16:41:15,364 - ADV_Generation_eps_1.0_steps_100_Added_Noise_uniform_Eps_4.0_Tau_Type_normal_anchors - INFO - Batch 105/8100: Clean accuracy 0.0000 | Adv accuracy: 0.0000 | Counter-attack accuracy: 0.0000
2026-02-05 16:41:15,367 - ADV_Generation_eps_1.0_steps_100_Added_Noise_uniform_Eps_4.0_Tau_Type_normal_anchors - INFO - Batch:[105] Adversarial images for this batch already exist
2026-02-05 16:41:15,593 - ADV_Generation_eps_1.0_steps_100_Added_Noise_uniform_Eps_4.0_Tau_Type_normal_anchors - INFO - Batch 106/8100: Clean accuracy 0.0000 | Adv accuracy: 0.0000 | Counter-attack accuracy: 0.0000
2026-02-05 16:41:15,593 - ADV_Generation_eps_1.0_steps_100_Added_Noise_uniform_Eps_4.0_Tau_Type_normal_anchors - INFO - Batch:[106] Adversarial images for this batch already exist
2026-02-05 16:41:15,811 - ADV_Generation_eps_1.0_steps_100_Added_Noise_uniform_Eps_4.0_Tau_Type_normal_anchors - INFO - Batch 107/8100: Clean accuracy 0.0000 | Adv accuracy: 0.0000 | Counter-attack accuracy: 0.0000
2026-02-05 16:41:15,815 - ADV_Generation_eps_1.0_steps_100_Added_Noise_uniform_Eps_4.0_Tau_Type_normal_anchors - INFO - Batch:[107] Adversarial images for this batch already exist
2026-02-05 16:41:16,034 - ADV_Generation_eps_1.0_steps_100_Added_Noise_uniform_Eps_4.0_Tau_Type_normal_anchors - INFO - Batch 108/8100: Clean accuracy 0.0000 | Adv accuracy: 0.0000 | Counter-attack accuracy: 0.0000
2026-02-05 16:41:16,037 - ADV_Generation_eps_1.0_steps_100_Added_Noise_uniform_Eps_4.0_Tau_Type_normal_anchors - INFO - Batch:[108] Adversarial images for this batch already exist
2026-02-05 16:41:16,257 - ADV_Generation_eps_1.0_steps_100_Added_Noise_uniform_Eps_4.0_Tau_Type_normal_anchors - INFO - Batch 109/8100: Clean accuracy 0.0000 | Adv accuracy: 0.0000 | Counter-attack accuracy: 0.0000
2026-02-05 16:41:16,259 - ADV_Generation_eps_1.0_steps_100_Added_Noise_uniform_Eps_4.0_Tau_Type_normal_anchors - INFO - Batch:[109] Adversarial images for this batch already exist
2026-02-05 16:41:16,479 - ADV_Generation_eps_1.0_steps_100_Added_Noise_uniform_Eps_4.0_Tau_Type_normal_anchors - INFO - Batch 110/8100: Clean accuracy 0.0000 | Adv accuracy: 0.0000 | Counter-attack accuracy: 0.0000
2026-02-05 16:41:16,480 - ADV_Generation_eps_1.0_steps_100_Added_Noise_uniform_Eps_4.0_Tau_Type_normal_anchors - INFO - Batch:[110] Adversarial images for this batch already exist
2026-02-05 16:41:16,696 - ADV_Generation_eps_1.0_steps_100_Added_Noise_uniform_Eps_4.0_Tau_Type_normal_anchors - INFO - Batch 111/8100: Clean accuracy 0.0000 | Adv accuracy: 0.0000 | Counter-attack accuracy: 0.0000
2026-02-05 16:41:16,697 - ADV_Generation_eps_1.0_steps_100_Added_Noise_uniform_Eps_4.0_Tau_Type_normal_anchors - INFO - Batch:[111] Adversarial images for this batch already exist
2026-02-05 16:41:16,907 - ADV_Generation_eps_1.0_steps_100_Added_Noise_uniform_Eps_4.0_Tau_Type_normal_anchors - INFO - Batch 112/8100: Clean accuracy 0.0000 | Adv accuracy: 0.0000 | Counter-attack accuracy: 0.0000
2026-02-05 16:41:16,908 - ADV_Generation_eps_1.0_steps_100_Added_Noise_uniform_Eps_4.0_Tau_Type_normal_anchors - INFO - Batch:[112] Adversarial images for this batch already exist
2026-02-05 16:41:17,124 - ADV_Generation_eps_1.0_steps_100_Added_Noise_uniform_Eps_4.0_Tau_Type_normal_anchors - INFO - Batch 113/8100: Clean accuracy 0.0000 | Adv accuracy: 0.0000 | Counter-attack accuracy: 0.0000
2026-02-05 16:41:17,127 - ADV_Generation_eps_1.0_steps_100_Added_Noise_uniform_Eps_4.0_Tau_Type_normal_anchors - INFO - Batch:[113] Adversarial images for this batch already exist
2026-02-05 16:41:17,377 - ADV_Generation_eps_1.0_steps_100_Added_Noise_uniform_Eps_4.0_Tau_Type_normal_anchors - INFO - Batch 114/8100: Clean accuracy 0.0000 | Adv accuracy: 0.0000 | Counter-attack accuracy: 0.0000
2026-02-05 16:41:17,378 - ADV_Generation_eps_1.0_steps_100_Added_Noise_uniform_Eps_4.0_Tau_Type_normal_anchors - INFO - Batch:[114] Adversarial images for this batch already exist
2026-02-05 16:41:17,616 - ADV_Generation_eps_1.0_steps_100_Added_Noise_uniform_Eps_4.0_Tau_Type_normal_anchors - INFO - Batch 115/8100: Clean accuracy 0.0000 | Adv accuracy: 0.0000 | Counter-attack accuracy: 0.0000
2026-02-05 16:41:17,617 - ADV_Generation_eps_1.0_steps_100_Added_Noise_uniform_Eps_4.0_Tau_Type_normal_anchors - INFO - Batch:[115] Adversarial images for this batch already exist
2026-02-05 16:41:17,868 - ADV_Generation_eps_1.0_steps_100_Added_Noise_uniform_Eps_4.0_Tau_Type_normal_anchors - INFO - Batch 116/8100: Clean accuracy 0.0000 | Adv accuracy: 0.0000 | Counter-attack accuracy: 0.0000
2026-02-05 16:41:17,871 - ADV_Generation_eps_1.0_steps_100_Added_Noise_uniform_Eps_4.0_Tau_Type_normal_anchors - INFO - Batch:[116] Adversarial images for this batch already exist
2026-02-05 16:41:18,104 - ADV_Generation_eps_1.0_steps_100_Added_Noise_uniform_Eps_4.0_Tau_Type_normal_anchors - INFO - Batch 117/8100: Clean accuracy 0.0000 | Adv accuracy: 0.0000 | Counter-attack accuracy: 0.0000
2026-02-05 16:41:18,105 - ADV_Generation_eps_1.0_steps_100_Added_Noise_uniform_Eps_4.0_Tau_Type_normal_anchors - INFO - Batch:[117] Adversarial images for this batch already exist
2026-02-05 16:41:18,334 - ADV_Generation_eps_1.0_steps_100_Added_Noise_uniform_Eps_4.0_Tau_Type_normal_anchors - INFO - Batch 118/8100: Clean accuracy 0.0000 | Adv accuracy: 0.0000 | Counter-attack accuracy: 0.0000
2026-02-05 16:41:18,336 - ADV_Generation_eps_1.0_steps_100_Added_Noise_uniform_Eps_4.0_Tau_Type_normal_anchors - INFO - Batch:[118] Adversarial images for this batch already exist
2026-02-05 16:41:18,557 - ADV_Generation_eps_1.0_steps_100_Added_Noise_uniform_Eps_4.0_Tau_Type_normal_anchors - INFO - Batch 119/8100: Clean accuracy 0.0000 | Adv accuracy: 0.0000 | Counter-attack accuracy: 0.0000
2026-02-05 16:41:18,560 - ADV_Generation_eps_1.0_steps_100_Added_Noise_uniform_Eps_4.0_Tau_Type_normal_anchors - INFO - Batch:[119] Adversarial images for this batch already exist
2026-02-05 16:41:18,863 - ADV_Generation_eps_1.0_steps_100_Added_Noise_uniform_Eps_4.0_Tau_Type_normal_anchors - INFO - Batch 120/8100: Clean accuracy 0.0000 | Adv accuracy: 0.0000 | Counter-attack accuracy: 0.0000
2026-02-05 16:41:18,865 - ADV_Generation_eps_1.0_steps_100_Added_Noise_uniform_Eps_4.0_Tau_Type_normal_anchors - INFO - Batch:[120] Adversarial images for this batch already exist
2026-02-05 16:41:19,093 - ADV_Generation_eps_1.0_steps_100_Added_Noise_uniform_Eps_4.0_Tau_Type_normal_anchors - INFO - Batch 121/8100: Clean accuracy 0.0000 | Adv accuracy: 0.0000 | Counter-attack accuracy: 0.0000
2026-02-05 16:41:19,093 - ADV_Generation_eps_1.0_steps_100_Added_Noise_uniform_Eps_4.0_Tau_Type_normal_anchors - INFO - Batch:[121] Adversarial images for this batch already exist
2026-02-05 16:41:19,323 - ADV_Generation_eps_1.0_steps_100_Added_Noise_uniform_Eps_4.0_Tau_Type_normal_anchors - INFO - Batch 122/8100: Clean accuracy 0.0000 | Adv accuracy: 0.0000 | Counter-attack accuracy: 0.0000
2026-02-05 16:41:19,323 - ADV_Generation_eps_1.0_steps_100_Added_Noise_uniform_Eps_4.0_Tau_Type_normal_anchors - INFO - Batch:[122] Adversarial images for this batch already exist
2026-02-05 16:41:19,546 - ADV_Generation_eps_1.0_steps_100_Added_Noise_uniform_Eps_4.0_Tau_Type_normal_anchors - INFO - Batch 123/8100: Clean accuracy 0.0000 | Adv accuracy: 0.0000 | Counter-attack accuracy: 0.0000
2026-02-05 16:41:19,547 - ADV_Generation_eps_1.0_steps_100_Added_Noise_uniform_Eps_4.0_Tau_Type_normal_anchors - INFO - Batch:[123] Adversarial images for this batch already exist
2026-02-05 16:41:19,769 - ADV_Generation_eps_1.0_steps_100_Added_Noise_uniform_Eps_4.0_Tau_Type_normal_anchors - INFO - Batch 124/8100: Clean accuracy 0.0000 | Adv accuracy: 0.0000 | Counter-attack accuracy: 0.0000
2026-02-05 16:41:19,770 - ADV_Generation_eps_1.0_steps_100_Added_Noise_uniform_Eps_4.0_Tau_Type_normal_anchors - INFO - Batch:[124] Adversarial images for this batch already exist
2026-02-05 16:41:19,987 - ADV_Generation_eps_1.0_steps_100_Added_Noise_uniform_Eps_4.0_Tau_Type_normal_anchors - INFO - Batch 125/8100: Clean accuracy 0.0000 | Adv accuracy: 0.0000 | Counter-attack accuracy: 0.0000
2026-02-05 16:41:19,988 - ADV_Generation_eps_1.0_steps_100_Added_Noise_uniform_Eps_4.0_Tau_Type_normal_anchors - INFO - Batch:[125] Adversarial images for this batch already exist
2026-02-05 16:41:20,212 - ADV_Generation_eps_1.0_steps_100_Added_Noise_uniform_Eps_4.0_Tau_Type_normal_anchors - INFO - Batch 126/8100: Clean accuracy 0.0000 | Adv accuracy: 0.0000 | Counter-attack accuracy: 0.0000
2026-02-05 16:41:20,214 - ADV_Generation_eps_1.0_steps_100_Added_Noise_uniform_Eps_4.0_Tau_Type_normal_anchors - INFO - Batch:[126] Adversarial images for this batch already exist
2026-02-05 16:41:20,429 - ADV_Generation_eps_1.0_steps_100_Added_Noise_uniform_Eps_4.0_Tau_Type_normal_anchors - INFO - Batch 127/8100: Clean accuracy 0.0000 | Adv accuracy: 0.0000 | Counter-attack accuracy: 0.0000
2026-02-05 16:41:20,431 - ADV_Generation_eps_1.0_steps_100_Added_Noise_uniform_Eps_4.0_Tau_Type_normal_anchors - INFO - Batch:[127] Adversarial images for this batch already exist
2026-02-05 16:41:20,649 - ADV_Generation_eps_1.0_steps_100_Added_Noise_uniform_Eps_4.0_Tau_Type_normal_anchors - INFO - Batch 128/8100: Clean accuracy 0.0000 | Adv accuracy: 0.0000 | Counter-attack accuracy: 0.0000
2026-02-05 16:41:20,652 - ADV_Generation_eps_1.0_steps_100_Added_Noise_uniform_Eps_4.0_Tau_Type_normal_anchors - INFO - Batch:[128] Adversarial images for this batch already exist
2026-02-05 16:41:20,886 - ADV_Generation_eps_1.0_steps_100_Added_Noise_uniform_Eps_4.0_Tau_Type_normal_anchors - INFO - Batch 129/8100: Clean accuracy 0.0000 | Adv accuracy: 0.0000 | Counter-attack accuracy: 0.0000
2026-02-05 16:41:20,886 - ADV_Generation_eps_1.0_steps_100_Added_Noise_uniform_Eps_4.0_Tau_Type_normal_anchors - INFO - Batch:[129] Adversarial images for this batch already exist
2026-02-05 16:41:21,108 - ADV_Generation_eps_1.0_steps_100_Added_Noise_uniform_Eps_4.0_Tau_Type_normal_anchors - INFO - Batch 130/8100: Clean accuracy 0.0000 | Adv accuracy: 0.0000 | Counter-attack accuracy: 0.0000
2026-02-05 16:41:21,109 - ADV_Generation_eps_1.0_steps_100_Added_Noise_uniform_Eps_4.0_Tau_Type_normal_anchors - INFO - Batch:[130] Adversarial images for this batch already exist
2026-02-05 16:41:21,332 - ADV_Generation_eps_1.0_steps_100_Added_Noise_uniform_Eps_4.0_Tau_Type_normal_anchors - INFO - Batch 131/8100: Clean accuracy 0.0000 | Adv accuracy: 0.0000 | Counter-attack accuracy: 0.0000
2026-02-05 16:41:21,332 - ADV_Generation_eps_1.0_steps_100_Added_Noise_uniform_Eps_4.0_Tau_Type_normal_anchors - INFO - Batch:[131] Adversarial images for this batch already exist
2026-02-05 16:41:21,548 - ADV_Generation_eps_1.0_steps_100_Added_Noise_uniform_Eps_4.0_Tau_Type_normal_anchors - INFO - Batch 132/8100: Clean accuracy 0.0000 | Adv accuracy: 0.0000 | Counter-attack accuracy: 0.0000
2026-02-05 16:41:21,548 - ADV_Generation_eps_1.0_steps_100_Added_Noise_uniform_Eps_4.0_Tau_Type_normal_anchors - INFO - Batch:[132] Adversarial images for this batch already exist
2026-02-05 16:41:21,767 - ADV_Generation_eps_1.0_steps_100_Added_Noise_uniform_Eps_4.0_Tau_Type_normal_anchors - INFO - Batch 133/8100: Clean accuracy 0.0000 | Adv accuracy: 0.0000 | Counter-attack accuracy: 0.0000
2026-02-05 16:41:21,768 - ADV_Generation_eps_1.0_steps_100_Added_Noise_uniform_Eps_4.0_Tau_Type_normal_anchors - INFO - Batch:[133] Adversarial images for this batch already exist
2026-02-05 16:41:21,983 - ADV_Generation_eps_1.0_steps_100_Added_Noise_uniform_Eps_4.0_Tau_Type_normal_anchors - INFO - Batch 134/8100: Clean accuracy 0.0000 | Adv accuracy: 0.0000 | Counter-attack accuracy: 0.0000
2026-02-05 16:41:21,985 - ADV_Generation_eps_1.0_steps_100_Added_Noise_uniform_Eps_4.0_Tau_Type_normal_anchors - INFO - Batch:[134] Adversarial images for this batch already exist
2026-02-05 16:41:22,199 - ADV_Generation_eps_1.0_steps_100_Added_Noise_uniform_Eps_4.0_Tau_Type_normal_anchors - INFO - Batch 135/8100: Clean accuracy 0.0000 | Adv accuracy: 0.0000 | Counter-attack accuracy: 0.0000
2026-02-05 16:41:22,200 - ADV_Generation_eps_1.0_steps_100_Added_Noise_uniform_Eps_4.0_Tau_Type_normal_anchors - INFO - Batch:[135] Adversarial images for this batch already exist
2026-02-05 16:41:22,421 - ADV_Generation_eps_1.0_steps_100_Added_Noise_uniform_Eps_4.0_Tau_Type_normal_anchors - INFO - Batch 136/8100: Clean accuracy 0.0000 | Adv accuracy: 0.0000 | Counter-attack accuracy: 0.0000
2026-02-05 16:41:22,421 - ADV_Generation_eps_1.0_steps_100_Added_Noise_uniform_Eps_4.0_Tau_Type_normal_anchors - INFO - Batch:[136] Adversarial images for this batch already exist
2026-02-05 16:41:22,638 - ADV_Generation_eps_1.0_steps_100_Added_Noise_uniform_Eps_4.0_Tau_Type_normal_anchors - INFO - Batch 137/8100: Clean accuracy 0.0000 | Adv accuracy: 0.0000 | Counter-attack accuracy: 0.0000
2026-02-05 16:41:22,639 - ADV_Generation_eps_1.0_steps_100_Added_Noise_uniform_Eps_4.0_Tau_Type_normal_anchors - INFO - Batch:[137] Adversarial images for this batch already exist
2026-02-05 16:41:22,860 - ADV_Generation_eps_1.0_steps_100_Added_Noise_uniform_Eps_4.0_Tau_Type_normal_anchors - INFO - Batch 138/8100: Clean accuracy 0.0000 | Adv accuracy: 0.0000 | Counter-attack accuracy: 0.0000
2026-02-05 16:41:22,861 - ADV_Generation_eps_1.0_steps_100_Added_Noise_uniform_Eps_4.0_Tau_Type_normal_anchors - INFO - Batch:[138] Adversarial images for this batch already exist
2026-02-05 16:41:23,083 - ADV_Generation_eps_1.0_steps_100_Added_Noise_uniform_Eps_4.0_Tau_Type_normal_anchors - INFO - Batch 139/8100: Clean accuracy 0.0000 | Adv accuracy: 0.0000 | Counter-attack accuracy: 0.0000
2026-02-05 16:41:23,083 - ADV_Generation_eps_1.0_steps_100_Added_Noise_uniform_Eps_4.0_Tau_Type_normal_anchors - INFO - Batch:[139] Adversarial images for this batch already exist
2026-02-05 16:41:23,304 - ADV_Generation_eps_1.0_steps_100_Added_Noise_uniform_Eps_4.0_Tau_Type_normal_anchors - INFO - Batch 140/8100: Clean accuracy 0.0000 | Adv accuracy: 0.0000 | Counter-attack accuracy: 0.0000
2026-02-05 16:41:23,304 - ADV_Generation_eps_1.0_steps_100_Added_Noise_uniform_Eps_4.0_Tau_Type_normal_anchors - INFO - Batch:[140] Adversarial images for this batch already exist
2026-02-05 16:41:23,524 - ADV_Generation_eps_1.0_steps_100_Added_Noise_uniform_Eps_4.0_Tau_Type_normal_anchors - INFO - Batch 141/8100: Clean accuracy 0.0000 | Adv accuracy: 0.0000 | Counter-attack accuracy: 0.0000
2026-02-05 16:41:23,524 - ADV_Generation_eps_1.0_steps_100_Added_Noise_uniform_Eps_4.0_Tau_Type_normal_anchors - INFO - Batch:[141] Adversarial images for this batch already exist
2026-02-05 16:41:23,735 - ADV_Generation_eps_1.0_steps_100_Added_Noise_uniform_Eps_4.0_Tau_Type_normal_anchors - INFO - Batch 142/8100: Clean accuracy 0.0000 | Adv accuracy: 0.0000 | Counter-attack accuracy: 0.0000
2026-02-05 16:41:23,735 - ADV_Generation_eps_1.0_steps_100_Added_Noise_uniform_Eps_4.0_Tau_Type_normal_anchors - INFO - Batch:[142] Adversarial images for this batch already exist
2026-02-05 16:41:23,948 - ADV_Generation_eps_1.0_steps_100_Added_Noise_uniform_Eps_4.0_Tau_Type_normal_anchors - INFO - Batch 143/8100: Clean accuracy 0.0000 | Adv accuracy: 0.0000 | Counter-attack accuracy: 0.0000
2026-02-05 16:41:23,949 - ADV_Generation_eps_1.0_steps_100_Added_Noise_uniform_Eps_4.0_Tau_Type_normal_anchors - INFO - Batch:[143] Adversarial images for this batch already exist
2026-02-05 16:41:24,161 - ADV_Generation_eps_1.0_steps_100_Added_Noise_uniform_Eps_4.0_Tau_Type_normal_anchors - INFO - Batch 144/8100: Clean accuracy 0.0000 | Adv accuracy: 0.0000 | Counter-attack accuracy: 0.0000
2026-02-05 16:41:24,164 - ADV_Generation_eps_1.0_steps_100_Added_Noise_uniform_Eps_4.0_Tau_Type_normal_anchors - INFO - Batch:[144] Adversarial images for this batch already exist
2026-02-05 16:41:24,382 - ADV_Generation_eps_1.0_steps_100_Added_Noise_uniform_Eps_4.0_Tau_Type_normal_anchors - INFO - Batch 145/8100: Clean accuracy 0.0000 | Adv accuracy: 0.0000 | Counter-attack accuracy: 0.0000
2026-02-05 16:41:24,383 - ADV_Generation_eps_1.0_steps_100_Added_Noise_uniform_Eps_4.0_Tau_Type_normal_anchors - INFO - Batch:[145] Adversarial images for this batch already exist
2026-02-05 16:41:24,620 - ADV_Generation_eps_1.0_steps_100_Added_Noise_uniform_Eps_4.0_Tau_Type_normal_anchors - INFO - Batch 146/8100: Clean accuracy 0.0000 | Adv accuracy: 0.0000 | Counter-attack accuracy: 0.0000
2026-02-05 16:41:24,621 - ADV_Generation_eps_1.0_steps_100_Added_Noise_uniform_Eps_4.0_Tau_Type_normal_anchors - INFO - Batch:[146] Adversarial images for this batch already exist
2026-02-05 16:41:24,839 - ADV_Generation_eps_1.0_steps_100_Added_Noise_uniform_Eps_4.0_Tau_Type_normal_anchors - INFO - Batch 147/8100: Clean accuracy 0.0000 | Adv accuracy: 0.0000 | Counter-attack accuracy: 0.0000
2026-02-05 16:41:24,844 - ADV_Generation_eps_1.0_steps_100_Added_Noise_uniform_Eps_4.0_Tau_Type_normal_anchors - INFO - Batch:[147] Adversarial images for this batch already exist
2026-02-05 16:41:25,057 - ADV_Generation_eps_1.0_steps_100_Added_Noise_uniform_Eps_4.0_Tau_Type_normal_anchors - INFO - Batch 148/8100: Clean accuracy 0.0000 | Adv accuracy: 0.0000 | Counter-attack accuracy: 0.0000
2026-02-05 16:41:25,058 - ADV_Generation_eps_1.0_steps_100_Added_Noise_uniform_Eps_4.0_Tau_Type_normal_anchors - INFO - Batch:[148] Adversarial images for this batch already exist
2026-02-05 16:41:25,279 - ADV_Generation_eps_1.0_steps_100_Added_Noise_uniform_Eps_4.0_Tau_Type_normal_anchors - INFO - Batch 149/8100: Clean accuracy 0.0000 | Adv accuracy: 0.0000 | Counter-attack accuracy: 0.0000
2026-02-05 16:41:25,279 - ADV_Generation_eps_1.0_steps_100_Added_Noise_uniform_Eps_4.0_Tau_Type_normal_anchors - INFO - Batch:[149] Adversarial images for this batch already exist
2026-02-05 16:41:25,495 - ADV_Generation_eps_1.0_steps_100_Added_Noise_uniform_Eps_4.0_Tau_Type_normal_anchors - INFO - Batch 150/8100: Clean accuracy 0.0000 | Adv accuracy: 0.0000 | Counter-attack accuracy: 0.0000
2026-02-05 16:41:25,496 - ADV_Generation_eps_1.0_steps_100_Added_Noise_uniform_Eps_4.0_Tau_Type_normal_anchors - INFO - Batch:[150] Adversarial images for this batch already exist
2026-02-05 16:41:25,733 - ADV_Generation_eps_1.0_steps_100_Added_Noise_uniform_Eps_4.0_Tau_Type_normal_anchors - INFO - Batch 151/8100: Clean accuracy 0.0000 | Adv accuracy: 0.0000 | Counter-attack accuracy: 0.0000
2026-02-05 16:41:25,733 - ADV_Generation_eps_1.0_steps_100_Added_Noise_uniform_Eps_4.0_Tau_Type_normal_anchors - INFO - Batch:[151] Adversarial images for this batch already exist
2026-02-05 16:41:25,962 - ADV_Generation_eps_1.0_steps_100_Added_Noise_uniform_Eps_4.0_Tau_Type_normal_anchors - INFO - Batch 152/8100: Clean accuracy 0.0000 | Adv accuracy: 0.0000 | Counter-attack accuracy: 0.0000
2026-02-05 16:41:25,963 - ADV_Generation_eps_1.0_steps_100_Added_Noise_uniform_Eps_4.0_Tau_Type_normal_anchors - INFO - Batch:[152] Adversarial images for this batch already exist
2026-02-05 16:41:26,183 - ADV_Generation_eps_1.0_steps_100_Added_Noise_uniform_Eps_4.0_Tau_Type_normal_anchors - INFO - Batch 153/8100: Clean accuracy 0.0000 | Adv accuracy: 0.0000 | Counter-attack accuracy: 0.0000
2026-02-05 16:41:26,183 - ADV_Generation_eps_1.0_steps_100_Added_Noise_uniform_Eps_4.0_Tau_Type_normal_anchors - INFO - Batch:[153] Adversarial images for this batch already exist
2026-02-05 16:41:26,409 - ADV_Generation_eps_1.0_steps_100_Added_Noise_uniform_Eps_4.0_Tau_Type_normal_anchors - INFO - Batch 154/8100: Clean accuracy 0.0000 | Adv accuracy: 0.0000 | Counter-attack accuracy: 0.0000
2026-02-05 16:41:26,411 - ADV_Generation_eps_1.0_steps_100_Added_Noise_uniform_Eps_4.0_Tau_Type_normal_anchors - INFO - Batch:[154] Adversarial images for this batch already exist
2026-02-05 16:41:26,625 - ADV_Generation_eps_1.0_steps_100_Added_Noise_uniform_Eps_4.0_Tau_Type_normal_anchors - INFO - Batch 155/8100: Clean accuracy 0.0000 | Adv accuracy: 0.0000 | Counter-attack accuracy: 0.0000
2026-02-05 16:41:26,627 - ADV_Generation_eps_1.0_steps_100_Added_Noise_uniform_Eps_4.0_Tau_Type_normal_anchors - INFO - Batch:[155] Adversarial images for this batch already exist
2026-02-05 16:41:26,843 - ADV_Generation_eps_1.0_steps_100_Added_Noise_uniform_Eps_4.0_Tau_Type_normal_anchors - INFO - Batch 156/8100: Clean accuracy 0.0000 | Adv accuracy: 0.0000 | Counter-attack accuracy: 0.0000
2026-02-05 16:41:26,845 - ADV_Generation_eps_1.0_steps_100_Added_Noise_uniform_Eps_4.0_Tau_Type_normal_anchors - INFO - Batch:[156] Adversarial images for this batch already exist
2026-02-05 16:41:27,067 - ADV_Generation_eps_1.0_steps_100_Added_Noise_uniform_Eps_4.0_Tau_Type_normal_anchors - INFO - Batch 157/8100: Clean accuracy 0.0000 | Adv accuracy: 0.0000 | Counter-attack accuracy: 0.0000
2026-02-05 16:41:27,067 - ADV_Generation_eps_1.0_steps_100_Added_Noise_uniform_Eps_4.0_Tau_Type_normal_anchors - INFO - Batch:[157] Adversarial images for this batch already exist
2026-02-05 16:41:27,289 - ADV_Generation_eps_1.0_steps_100_Added_Noise_uniform_Eps_4.0_Tau_Type_normal_anchors - INFO - Batch 158/8100: Clean accuracy 0.0000 | Adv accuracy: 0.0000 | Counter-attack accuracy: 0.0000
2026-02-05 16:41:27,289 - ADV_Generation_eps_1.0_steps_100_Added_Noise_uniform_Eps_4.0_Tau_Type_normal_anchors - INFO - Batch:[158] Adversarial images for this batch already exist
2026-02-05 16:41:27,508 - ADV_Generation_eps_1.0_steps_100_Added_Noise_uniform_Eps_4.0_Tau_Type_normal_anchors - INFO - Batch 159/8100: Clean accuracy 0.0000 | Adv accuracy: 0.0000 | Counter-attack accuracy: 0.0000
2026-02-05 16:41:27,509 - ADV_Generation_eps_1.0_steps_100_Added_Noise_uniform_Eps_4.0_Tau_Type_normal_anchors - INFO - Batch:[159] Adversarial images for this batch already exist
2026-02-05 16:41:27,731 - ADV_Generation_eps_1.0_steps_100_Added_Noise_uniform_Eps_4.0_Tau_Type_normal_anchors - INFO - Batch 160/8100: Clean accuracy 0.0000 | Adv accuracy: 0.0000 | Counter-attack accuracy: 0.0000
2026-02-05 16:41:27,732 - ADV_Generation_eps_1.0_steps_100_Added_Noise_uniform_Eps_4.0_Tau_Type_normal_anchors - INFO - Batch:[160] Adversarial images for this batch already exist
2026-02-05 16:41:27,952 - ADV_Generation_eps_1.0_steps_100_Added_Noise_uniform_Eps_4.0_Tau_Type_normal_anchors - INFO - Batch 161/8100: Clean accuracy 0.0000 | Adv accuracy: 0.0000 | Counter-attack accuracy: 0.0000
2026-02-05 16:41:27,954 - ADV_Generation_eps_1.0_steps_100_Added_Noise_uniform_Eps_4.0_Tau_Type_normal_anchors - INFO - Batch:[161] Adversarial images for this batch already exist
2026-02-05 16:41:28,182 - ADV_Generation_eps_1.0_steps_100_Added_Noise_uniform_Eps_4.0_Tau_Type_normal_anchors - INFO - Batch 162/8100: Clean accuracy 0.0000 | Adv accuracy: 0.0000 | Counter-attack accuracy: 0.0000
2026-02-05 16:41:28,184 - ADV_Generation_eps_1.0_steps_100_Added_Noise_uniform_Eps_4.0_Tau_Type_normal_anchors - INFO - Batch:[162] Adversarial images for this batch already exist
2026-02-05 16:41:28,446 - ADV_Generation_eps_1.0_steps_100_Added_Noise_uniform_Eps_4.0_Tau_Type_normal_anchors - INFO - Batch 163/8100: Clean accuracy 0.0000 | Adv accuracy: 0.0000 | Counter-attack accuracy: 0.0000
2026-02-05 16:41:28,446 - ADV_Generation_eps_1.0_steps_100_Added_Noise_uniform_Eps_4.0_Tau_Type_normal_anchors - INFO - Batch:[163] Adversarial images for this batch already exist
2026-02-05 16:41:28,680 - ADV_Generation_eps_1.0_steps_100_Added_Noise_uniform_Eps_4.0_Tau_Type_normal_anchors - INFO - Batch 164/8100: Clean accuracy 0.0000 | Adv accuracy: 0.0000 | Counter-attack accuracy: 0.0000
2026-02-05 16:41:28,681 - ADV_Generation_eps_1.0_steps_100_Added_Noise_uniform_Eps_4.0_Tau_Type_normal_anchors - INFO - Batch:[164] Adversarial images for this batch already exist
2026-02-05 16:41:28,902 - ADV_Generation_eps_1.0_steps_100_Added_Noise_uniform_Eps_4.0_Tau_Type_normal_anchors - INFO - Batch 165/8100: Clean accuracy 0.0000 | Adv accuracy: 0.0000 | Counter-attack accuracy: 0.0000
2026-02-05 16:41:28,902 - ADV_Generation_eps_1.0_steps_100_Added_Noise_uniform_Eps_4.0_Tau_Type_normal_anchors - INFO - Batch:[165] Adversarial images for this batch already exist
2026-02-05 16:41:29,115 - ADV_Generation_eps_1.0_steps_100_Added_Noise_uniform_Eps_4.0_Tau_Type_normal_anchors - INFO - Batch 166/8100: Clean accuracy 0.0000 | Adv accuracy: 0.0000 | Counter-attack accuracy: 0.0000
2026-02-05 16:41:29,115 - ADV_Generation_eps_1.0_steps_100_Added_Noise_uniform_Eps_4.0_Tau_Type_normal_anchors - INFO - Batch:[166] Adversarial images for this batch already exist
2026-02-05 16:41:29,332 - ADV_Generation_eps_1.0_steps_100_Added_Noise_uniform_Eps_4.0_Tau_Type_normal_anchors - INFO - Batch 167/8100: Clean accuracy 0.0000 | Adv accuracy: 0.0000 | Counter-attack accuracy: 0.0000
2026-02-05 16:41:29,332 - ADV_Generation_eps_1.0_steps_100_Added_Noise_uniform_Eps_4.0_Tau_Type_normal_anchors - INFO - Batch:[167] Adversarial images for this batch already exist
2026-02-05 16:41:29,547 - ADV_Generation_eps_1.0_steps_100_Added_Noise_uniform_Eps_4.0_Tau_Type_normal_anchors - INFO - Batch 168/8100: Clean accuracy 0.0000 | Adv accuracy: 0.0000 | Counter-attack accuracy: 0.0000
2026-02-05 16:41:29,549 - ADV_Generation_eps_1.0_steps_100_Added_Noise_uniform_Eps_4.0_Tau_Type_normal_anchors - INFO - Batch:[168] Adversarial images for this batch already exist
2026-02-05 16:41:29,794 - ADV_Generation_eps_1.0_steps_100_Added_Noise_uniform_Eps_4.0_Tau_Type_normal_anchors - INFO - Batch 169/8100: Clean accuracy 0.0000 | Adv accuracy: 0.0000 | Counter-attack accuracy: 0.0000
2026-02-05 16:41:29,794 - ADV_Generation_eps_1.0_steps_100_Added_Noise_uniform_Eps_4.0_Tau_Type_normal_anchors - INFO - Batch:[169] Adversarial images for this batch already exist
2026-02-05 16:41:30,009 - ADV_Generation_eps_1.0_steps_100_Added_Noise_uniform_Eps_4.0_Tau_Type_normal_anchors - INFO - Batch 170/8100: Clean accuracy 0.0000 | Adv accuracy: 0.0000 | Counter-attack accuracy: 0.0000
2026-02-05 16:41:30,009 - ADV_Generation_eps_1.0_steps_100_Added_Noise_uniform_Eps_4.0_Tau_Type_normal_anchors - INFO - Batch:[170] Adversarial images for this batch already exist
2026-02-05 16:41:30,227 - ADV_Generation_eps_1.0_steps_100_Added_Noise_uniform_Eps_4.0_Tau_Type_normal_anchors - INFO - Batch 171/8100: Clean accuracy 0.0000 | Adv accuracy: 0.0000 | Counter-attack accuracy: 0.0000
2026-02-05 16:41:30,227 - ADV_Generation_eps_1.0_steps_100_Added_Noise_uniform_Eps_4.0_Tau_Type_normal_anchors - INFO - Batch:[171] Adversarial images for this batch already exist
2026-02-05 16:41:30,442 - ADV_Generation_eps_1.0_steps_100_Added_Noise_uniform_Eps_4.0_Tau_Type_normal_anchors - INFO - Batch 172/8100: Clean accuracy 0.0000 | Adv accuracy: 0.0000 | Counter-attack accuracy: 0.0000
2026-02-05 16:41:30,443 - ADV_Generation_eps_1.0_steps_100_Added_Noise_uniform_Eps_4.0_Tau_Type_normal_anchors - INFO - Batch:[172] Adversarial images for this batch already exist
2026-02-05 16:41:30,661 - ADV_Generation_eps_1.0_steps_100_Added_Noise_uniform_Eps_4.0_Tau_Type_normal_anchors - INFO - Batch 173/8100: Clean accuracy 0.0000 | Adv accuracy: 0.0000 | Counter-attack accuracy: 0.0000
2026-02-05 16:41:30,662 - ADV_Generation_eps_1.0_steps_100_Added_Noise_uniform_Eps_4.0_Tau_Type_normal_anchors - INFO - Batch:[173] Adversarial images for this batch already exist
2026-02-05 16:41:30,882 - ADV_Generation_eps_1.0_steps_100_Added_Noise_uniform_Eps_4.0_Tau_Type_normal_anchors - INFO - Batch 174/8100: Clean accuracy 0.0000 | Adv accuracy: 0.0000 | Counter-attack accuracy: 0.0000
2026-02-05 16:41:30,883 - ADV_Generation_eps_1.0_steps_100_Added_Noise_uniform_Eps_4.0_Tau_Type_normal_anchors - INFO - Batch:[174] Adversarial images for this batch already exist
2026-02-05 16:41:31,119 - ADV_Generation_eps_1.0_steps_100_Added_Noise_uniform_Eps_4.0_Tau_Type_normal_anchors - INFO - Batch 175/8100: Clean accuracy 0.0000 | Adv accuracy: 0.0000 | Counter-attack accuracy: 0.0000
2026-02-05 16:41:31,120 - ADV_Generation_eps_1.0_steps_100_Added_Noise_uniform_Eps_4.0_Tau_Type_normal_anchors - INFO - Batch:[175] Adversarial images for this batch already exist
2026-02-05 16:41:31,364 - ADV_Generation_eps_1.0_steps_100_Added_Noise_uniform_Eps_4.0_Tau_Type_normal_anchors - INFO - Batch 176/8100: Clean accuracy 0.0000 | Adv accuracy: 0.0000 | Counter-attack accuracy: 0.0000
2026-02-05 16:41:31,364 - ADV_Generation_eps_1.0_steps_100_Added_Noise_uniform_Eps_4.0_Tau_Type_normal_anchors - INFO - Batch:[176] Adversarial images for this batch already exist
2026-02-05 16:41:31,584 - ADV_Generation_eps_1.0_steps_100_Added_Noise_uniform_Eps_4.0_Tau_Type_normal_anchors - INFO - Batch 177/8100: Clean accuracy 0.0000 | Adv accuracy: 0.0000 | Counter-attack accuracy: 0.0000
2026-02-05 16:41:31,585 - ADV_Generation_eps_1.0_steps_100_Added_Noise_uniform_Eps_4.0_Tau_Type_normal_anchors - INFO - Batch:[177] Adversarial images for this batch already exist
2026-02-05 16:41:31,813 - ADV_Generation_eps_1.0_steps_100_Added_Noise_uniform_Eps_4.0_Tau_Type_normal_anchors - INFO - Batch 178/8100: Clean accuracy 0.0000 | Adv accuracy: 0.0000 | Counter-attack accuracy: 0.0000
2026-02-05 16:41:31,813 - ADV_Generation_eps_1.0_steps_100_Added_Noise_uniform_Eps_4.0_Tau_Type_normal_anchors - INFO - Batch:[178] Adversarial images for this batch already exist
2026-02-05 16:41:32,056 - ADV_Generation_eps_1.0_steps_100_Added_Noise_uniform_Eps_4.0_Tau_Type_normal_anchors - INFO - Batch 179/8100: Clean accuracy 0.0000 | Adv accuracy: 0.0000 | Counter-attack accuracy: 0.0000
2026-02-05 16:41:32,057 - ADV_Generation_eps_1.0_steps_100_Added_Noise_uniform_Eps_4.0_Tau_Type_normal_anchors - INFO - Batch:[179] Adversarial images for this batch already exist
2026-02-05 16:41:32,285 - ADV_Generation_eps_1.0_steps_100_Added_Noise_uniform_Eps_4.0_Tau_Type_normal_anchors - INFO - Batch 180/8100: Clean accuracy 0.0000 | Adv accuracy: 0.0000 | Counter-attack accuracy: 0.0000
2026-02-05 16:41:32,289 - ADV_Generation_eps_1.0_steps_100_Added_Noise_uniform_Eps_4.0_Tau_Type_normal_anchors - INFO - Batch:[180] Adversarial images for this batch already exist
2026-02-05 16:41:32,518 - ADV_Generation_eps_1.0_steps_100_Added_Noise_uniform_Eps_4.0_Tau_Type_normal_anchors - INFO - Batch 181/8100: Clean accuracy 0.0000 | Adv accuracy: 0.0000 | Counter-attack accuracy: 0.0000
2026-02-05 16:41:32,518 - ADV_Generation_eps_1.0_steps_100_Added_Noise_uniform_Eps_4.0_Tau_Type_normal_anchors - INFO - Batch:[181] Adversarial images for this batch already exist
2026-02-05 16:41:32,741 - ADV_Generation_eps_1.0_steps_100_Added_Noise_uniform_Eps_4.0_Tau_Type_normal_anchors - INFO - Batch 182/8100: Clean accuracy 0.0000 | Adv accuracy: 0.0000 | Counter-attack accuracy: 0.0000
2026-02-05 16:41:32,741 - ADV_Generation_eps_1.0_steps_100_Added_Noise_uniform_Eps_4.0_Tau_Type_normal_anchors - INFO - Batch:[182] Adversarial images for this batch already exist
2026-02-05 16:41:32,966 - ADV_Generation_eps_1.0_steps_100_Added_Noise_uniform_Eps_4.0_Tau_Type_normal_anchors - INFO - Batch 183/8100: Clean accuracy 0.0000 | Adv accuracy: 0.0000 | Counter-attack accuracy: 0.0000
2026-02-05 16:41:32,966 - ADV_Generation_eps_1.0_steps_100_Added_Noise_uniform_Eps_4.0_Tau_Type_normal_anchors - INFO - Batch:[183] Adversarial images for this batch already exist
2026-02-05 16:41:33,186 - ADV_Generation_eps_1.0_steps_100_Added_Noise_uniform_Eps_4.0_Tau_Type_normal_anchors - INFO - Batch 184/8100: Clean accuracy 0.0000 | Adv accuracy: 0.0000 | Counter-attack accuracy: 0.0000
2026-02-05 16:41:33,187 - ADV_Generation_eps_1.0_steps_100_Added_Noise_uniform_Eps_4.0_Tau_Type_normal_anchors - INFO - Batch:[184] Adversarial images for this batch already exist
2026-02-05 16:41:33,403 - ADV_Generation_eps_1.0_steps_100_Added_Noise_uniform_Eps_4.0_Tau_Type_normal_anchors - INFO - Batch 185/8100: Clean accuracy 0.0000 | Adv accuracy: 0.0000 | Counter-attack accuracy: 0.0000
2026-02-05 16:41:33,404 - ADV_Generation_eps_1.0_steps_100_Added_Noise_uniform_Eps_4.0_Tau_Type_normal_anchors - INFO - Batch:[185] Adversarial images for this batch already exist
2026-02-05 16:41:33,624 - ADV_Generation_eps_1.0_steps_100_Added_Noise_uniform_Eps_4.0_Tau_Type_normal_anchors - INFO - Batch 186/8100: Clean accuracy 0.0000 | Adv accuracy: 0.0000 | Counter-attack accuracy: 0.0000
2026-02-05 16:41:33,626 - ADV_Generation_eps_1.0_steps_100_Added_Noise_uniform_Eps_4.0_Tau_Type_normal_anchors - INFO - Batch:[186] Adversarial images for this batch already exist
2026-02-05 16:41:33,851 - ADV_Generation_eps_1.0_steps_100_Added_Noise_uniform_Eps_4.0_Tau_Type_normal_anchors - INFO - Batch 187/8100: Clean accuracy 0.0000 | Adv accuracy: 0.0000 | Counter-attack accuracy: 0.0000
2026-02-05 16:41:33,851 - ADV_Generation_eps_1.0_steps_100_Added_Noise_uniform_Eps_4.0_Tau_Type_normal_anchors - INFO - Batch:[187] Adversarial images for this batch already exist
2026-02-05 16:41:34,067 - ADV_Generation_eps_1.0_steps_100_Added_Noise_uniform_Eps_4.0_Tau_Type_normal_anchors - INFO - Batch 188/8100: Clean accuracy 0.0000 | Adv accuracy: 0.0000 | Counter-attack accuracy: 0.0000
2026-02-05 16:41:34,067 - ADV_Generation_eps_1.0_steps_100_Added_Noise_uniform_Eps_4.0_Tau_Type_normal_anchors - INFO - Batch:[188] Adversarial images for this batch already exist
2026-02-05 16:41:34,285 - ADV_Generation_eps_1.0_steps_100_Added_Noise_uniform_Eps_4.0_Tau_Type_normal_anchors - INFO - Batch 189/8100: Clean accuracy 0.0000 | Adv accuracy: 0.0000 | Counter-attack accuracy: 0.0000
2026-02-05 16:41:34,285 - ADV_Generation_eps_1.0_steps_100_Added_Noise_uniform_Eps_4.0_Tau_Type_normal_anchors - INFO - Batch:[189] Adversarial images for this batch already exist
2026-02-05 16:41:34,560 - ADV_Generation_eps_1.0_steps_100_Added_Noise_uniform_Eps_4.0_Tau_Type_normal_anchors - INFO - Batch 190/8100: Clean accuracy 0.0000 | Adv accuracy: 0.0000 | Counter-attack accuracy: 0.0000
2026-02-05 16:41:34,562 - ADV_Generation_eps_1.0_steps_100_Added_Noise_uniform_Eps_4.0_Tau_Type_normal_anchors - INFO - Batch:[190] Adversarial images for this batch already exist
2026-02-05 16:41:34,782 - ADV_Generation_eps_1.0_steps_100_Added_Noise_uniform_Eps_4.0_Tau_Type_normal_anchors - INFO - Batch 191/8100: Clean accuracy 0.0000 | Adv accuracy: 0.0000 | Counter-attack accuracy: 0.0000
2026-02-05 16:41:34,782 - ADV_Generation_eps_1.0_steps_100_Added_Noise_uniform_Eps_4.0_Tau_Type_normal_anchors - INFO - Batch:[191] Adversarial images for this batch already exist
2026-02-05 16:41:35,009 - ADV_Generation_eps_1.0_steps_100_Added_Noise_uniform_Eps_4.0_Tau_Type_normal_anchors - INFO - Batch 192/8100: Clean accuracy 0.0000 | Adv accuracy: 0.0000 | Counter-attack accuracy: 0.0000
2026-02-05 16:41:35,010 - ADV_Generation_eps_1.0_steps_100_Added_Noise_uniform_Eps_4.0_Tau_Type_normal_anchors - INFO - Batch:[192] Adversarial images for this batch already exist
2026-02-05 16:41:35,242 - ADV_Generation_eps_1.0_steps_100_Added_Noise_uniform_Eps_4.0_Tau_Type_normal_anchors - INFO - Batch 193/8100: Clean accuracy 0.0000 | Adv accuracy: 0.0000 | Counter-attack accuracy: 0.0000
2026-02-05 16:41:35,245 - ADV_Generation_eps_1.0_steps_100_Added_Noise_uniform_Eps_4.0_Tau_Type_normal_anchors - INFO - Batch:[193] Adversarial images for this batch already exist
2026-02-05 16:41:35,463 - ADV_Generation_eps_1.0_steps_100_Added_Noise_uniform_Eps_4.0_Tau_Type_normal_anchors - INFO - Batch 194/8100: Clean accuracy 0.0000 | Adv accuracy: 0.0000 | Counter-attack accuracy: 0.0000
2026-02-05 16:41:35,464 - ADV_Generation_eps_1.0_steps_100_Added_Noise_uniform_Eps_4.0_Tau_Type_normal_anchors - INFO - Batch:[194] Adversarial images for this batch already exist
2026-02-05 16:41:35,684 - ADV_Generation_eps_1.0_steps_100_Added_Noise_uniform_Eps_4.0_Tau_Type_normal_anchors - INFO - Batch 195/8100: Clean accuracy 0.0000 | Adv accuracy: 0.0000 | Counter-attack accuracy: 0.0000
2026-02-05 16:41:35,685 - ADV_Generation_eps_1.0_steps_100_Added_Noise_uniform_Eps_4.0_Tau_Type_normal_anchors - INFO - Batch:[195] Adversarial images for this batch already exist
2026-02-05 16:41:35,910 - ADV_Generation_eps_1.0_steps_100_Added_Noise_uniform_Eps_4.0_Tau_Type_normal_anchors - INFO - Batch 196/8100: Clean accuracy 0.0000 | Adv accuracy: 0.0000 | Counter-attack accuracy: 0.0000
2026-02-05 16:41:35,913 - ADV_Generation_eps_1.0_steps_100_Added_Noise_uniform_Eps_4.0_Tau_Type_normal_anchors - INFO - Batch:[196] Adversarial images for this batch already exist
2026-02-05 16:41:36,129 - ADV_Generation_eps_1.0_steps_100_Added_Noise_uniform_Eps_4.0_Tau_Type_normal_anchors - INFO - Batch 197/8100: Clean accuracy 0.0000 | Adv accuracy: 0.0000 | Counter-attack accuracy: 0.0000
2026-02-05 16:41:36,133 - ADV_Generation_eps_1.0_steps_100_Added_Noise_uniform_Eps_4.0_Tau_Type_normal_anchors - INFO - Batch:[197] Adversarial images for this batch already exist
2026-02-05 16:41:36,354 - ADV_Generation_eps_1.0_steps_100_Added_Noise_uniform_Eps_4.0_Tau_Type_normal_anchors - INFO - Batch 198/8100: Clean accuracy 0.0000 | Adv accuracy: 0.0000 | Counter-attack accuracy: 0.0000
2026-02-05 16:41:36,354 - ADV_Generation_eps_1.0_steps_100_Added_Noise_uniform_Eps_4.0_Tau_Type_normal_anchors - INFO - Batch:[198] Adversarial images for this batch already exist
2026-02-05 16:41:36,579 - ADV_Generation_eps_1.0_steps_100_Added_Noise_uniform_Eps_4.0_Tau_Type_normal_anchors - INFO - Batch 199/8100: Clean accuracy 0.0000 | Adv accuracy: 0.0000 | Counter-attack accuracy: 0.0000
2026-02-05 16:41:36,582 - ADV_Generation_eps_1.0_steps_100_Added_Noise_uniform_Eps_4.0_Tau_Type_normal_anchors - INFO - Batch:[199] Adversarial images for this batch already exist
2026-02-05 16:41:36,798 - ADV_Generation_eps_1.0_steps_100_Added_Noise_uniform_Eps_4.0_Tau_Type_normal_anchors - INFO - Batch 200/8100: Clean accuracy 0.0000 | Adv accuracy: 0.0000 | Counter-attack accuracy: 0.0000
2026-02-05 16:41:36,800 - ADV_Generation_eps_1.0_steps_100_Added_Noise_uniform_Eps_4.0_Tau_Type_normal_anchors - INFO - Batch:[200] Adversarial images for this batch already exist
2026-02-05 16:41:37,017 - ADV_Generation_eps_1.0_steps_100_Added_Noise_uniform_Eps_4.0_Tau_Type_normal_anchors - INFO - Batch 201/8100: Clean accuracy 0.0000 | Adv accuracy: 0.0000 | Counter-attack accuracy: 0.0000
2026-02-05 16:41:37,019 - ADV_Generation_eps_1.0_steps_100_Added_Noise_uniform_Eps_4.0_Tau_Type_normal_anchors - INFO - Batch:[201] Adversarial images for this batch already exist
2026-02-05 16:41:37,238 - ADV_Generation_eps_1.0_steps_100_Added_Noise_uniform_Eps_4.0_Tau_Type_normal_anchors - INFO - Batch 202/8100: Clean accuracy 0.0000 | Adv accuracy: 0.0000 | Counter-attack accuracy: 0.0000
2026-02-05 16:41:37,239 - ADV_Generation_eps_1.0_steps_100_Added_Noise_uniform_Eps_4.0_Tau_Type_normal_anchors - INFO - Batch:[202] Adversarial images for this batch already exist
2026-02-05 16:41:37,459 - ADV_Generation_eps_1.0_steps_100_Added_Noise_uniform_Eps_4.0_Tau_Type_normal_anchors - INFO - Batch 203/8100: Clean accuracy 0.0000 | Adv accuracy: 0.0000 | Counter-attack accuracy: 0.0000
2026-02-05 16:41:37,460 - ADV_Generation_eps_1.0_steps_100_Added_Noise_uniform_Eps_4.0_Tau_Type_normal_anchors - INFO - Batch:[203] Adversarial images for this batch already exist
2026-02-05 16:41:37,684 - ADV_Generation_eps_1.0_steps_100_Added_Noise_uniform_Eps_4.0_Tau_Type_normal_anchors - INFO - Batch 204/8100: Clean accuracy 0.0000 | Adv accuracy: 0.0000 | Counter-attack accuracy: 0.0000
2026-02-05 16:41:37,686 - ADV_Generation_eps_1.0_steps_100_Added_Noise_uniform_Eps_4.0_Tau_Type_normal_anchors - INFO - Batch:[204] Adversarial images for this batch already exist
2026-02-05 16:41:37,915 - ADV_Generation_eps_1.0_steps_100_Added_Noise_uniform_Eps_4.0_Tau_Type_normal_anchors - INFO - Batch 205/8100: Clean accuracy 0.0000 | Adv accuracy: 0.0000 | Counter-attack accuracy: 0.0000
2026-02-05 16:41:37,915 - ADV_Generation_eps_1.0_steps_100_Added_Noise_uniform_Eps_4.0_Tau_Type_normal_anchors - INFO - Batch:[205] Adversarial images for this batch already exist
2026-02-05 16:41:38,131 - ADV_Generation_eps_1.0_steps_100_Added_Noise_uniform_Eps_4.0_Tau_Type_normal_anchors - INFO - Batch 206/8100: Clean accuracy 0.0000 | Adv accuracy: 0.0000 | Counter-attack accuracy: 0.0000
2026-02-05 16:41:38,134 - ADV_Generation_eps_1.0_steps_100_Added_Noise_uniform_Eps_4.0_Tau_Type_normal_anchors - INFO - Batch:[206] Adversarial images for this batch already exist
2026-02-05 16:41:38,359 - ADV_Generation_eps_1.0_steps_100_Added_Noise_uniform_Eps_4.0_Tau_Type_normal_anchors - INFO - Batch 207/8100: Clean accuracy 0.0000 | Adv accuracy: 0.0000 | Counter-attack accuracy: 0.0000
2026-02-05 16:41:38,360 - ADV_Generation_eps_1.0_steps_100_Added_Noise_uniform_Eps_4.0_Tau_Type_normal_anchors - INFO - Batch:[207] Adversarial images for this batch already exist
2026-02-05 16:41:38,580 - ADV_Generation_eps_1.0_steps_100_Added_Noise_uniform_Eps_4.0_Tau_Type_normal_anchors - INFO - Batch 208/8100: Clean accuracy 0.0000 | Adv accuracy: 0.0000 | Counter-attack accuracy: 0.0000
2026-02-05 16:41:38,582 - ADV_Generation_eps_1.0_steps_100_Added_Noise_uniform_Eps_4.0_Tau_Type_normal_anchors - INFO - Batch:[208] Adversarial images for this batch already exist
2026-02-05 16:41:38,797 - ADV_Generation_eps_1.0_steps_100_Added_Noise_uniform_Eps_4.0_Tau_Type_normal_anchors - INFO - Batch 209/8100: Clean accuracy 0.0000 | Adv accuracy: 0.0000 | Counter-attack accuracy: 0.0000
2026-02-05 16:41:38,798 - ADV_Generation_eps_1.0_steps_100_Added_Noise_uniform_Eps_4.0_Tau_Type_normal_anchors - INFO - Batch:[209] Adversarial images for this batch already exist
2026-02-05 16:41:39,016 - ADV_Generation_eps_1.0_steps_100_Added_Noise_uniform_Eps_4.0_Tau_Type_normal_anchors - INFO - Batch 210/8100: Clean accuracy 0.0000 | Adv accuracy: 0.0000 | Counter-attack accuracy: 0.0000
2026-02-05 16:41:39,017 - ADV_Generation_eps_1.0_steps_100_Added_Noise_uniform_Eps_4.0_Tau_Type_normal_anchors - INFO - Batch:[210] Adversarial images for this batch already exist
2026-02-05 16:41:39,286 - ADV_Generation_eps_1.0_steps_100_Added_Noise_uniform_Eps_4.0_Tau_Type_normal_anchors - INFO - Batch 211/8100: Clean accuracy 0.0000 | Adv accuracy: 0.0000 | Counter-attack accuracy: 0.0000
2026-02-05 16:41:39,288 - ADV_Generation_eps_1.0_steps_100_Added_Noise_uniform_Eps_4.0_Tau_Type_normal_anchors - INFO - Batch:[211] Adversarial images for this batch already exist
2026-02-05 16:41:39,505 - ADV_Generation_eps_1.0_steps_100_Added_Noise_uniform_Eps_4.0_Tau_Type_normal_anchors - INFO - Batch 212/8100: Clean accuracy 0.0000 | Adv accuracy: 0.0000 | Counter-attack accuracy: 0.0000
2026-02-05 16:41:39,506 - ADV_Generation_eps_1.0_steps_100_Added_Noise_uniform_Eps_4.0_Tau_Type_normal_anchors - INFO - Batch:[212] Adversarial images for this batch already exist
2026-02-05 16:41:39,724 - ADV_Generation_eps_1.0_steps_100_Added_Noise_uniform_Eps_4.0_Tau_Type_normal_anchors - INFO - Batch 213/8100: Clean accuracy 0.0000 | Adv accuracy: 0.0000 | Counter-attack accuracy: 0.0000
2026-02-05 16:41:39,726 - ADV_Generation_eps_1.0_steps_100_Added_Noise_uniform_Eps_4.0_Tau_Type_normal_anchors - INFO - Batch:[213] Adversarial images for this batch already exist
2026-02-05 16:41:39,974 - ADV_Generation_eps_1.0_steps_100_Added_Noise_uniform_Eps_4.0_Tau_Type_normal_anchors - INFO - Batch 214/8100: Clean accuracy 0.0000 | Adv accuracy: 0.0000 | Counter-attack accuracy: 0.0000
2026-02-05 16:41:39,975 - ADV_Generation_eps_1.0_steps_100_Added_Noise_uniform_Eps_4.0_Tau_Type_normal_anchors - INFO - Batch:[214] Adversarial images for this batch already exist
2026-02-05 16:41:40,192 - ADV_Generation_eps_1.0_steps_100_Added_Noise_uniform_Eps_4.0_Tau_Type_normal_anchors - INFO - Batch 215/8100: Clean accuracy 0.0000 | Adv accuracy: 0.0000 | Counter-attack accuracy: 0.0000
2026-02-05 16:41:40,193 - ADV_Generation_eps_1.0_steps_100_Added_Noise_uniform_Eps_4.0_Tau_Type_normal_anchors - INFO - Batch:[215] Adversarial images for this batch already exist
2026-02-05 16:41:40,419 - ADV_Generation_eps_1.0_steps_100_Added_Noise_uniform_Eps_4.0_Tau_Type_normal_anchors - INFO - Batch 216/8100: Clean accuracy 0.0000 | Adv accuracy: 0.0000 | Counter-attack accuracy: 0.0000
2026-02-05 16:41:40,420 - ADV_Generation_eps_1.0_steps_100_Added_Noise_uniform_Eps_4.0_Tau_Type_normal_anchors - INFO - Batch:[216] Adversarial images for this batch already exist
2026-02-05 16:41:40,640 - ADV_Generation_eps_1.0_steps_100_Added_Noise_uniform_Eps_4.0_Tau_Type_normal_anchors - INFO - Batch 217/8100: Clean accuracy 0.0000 | Adv accuracy: 0.0000 | Counter-attack accuracy: 0.0000
2026-02-05 16:41:40,641 - ADV_Generation_eps_1.0_steps_100_Added_Noise_uniform_Eps_4.0_Tau_Type_normal_anchors - INFO - Batch:[217] Adversarial images for this batch already exist
2026-02-05 16:41:40,856 - ADV_Generation_eps_1.0_steps_100_Added_Noise_uniform_Eps_4.0_Tau_Type_normal_anchors - INFO - Batch 218/8100: Clean accuracy 0.0000 | Adv accuracy: 0.0000 | Counter-attack accuracy: 0.0000
2026-02-05 16:41:40,857 - ADV_Generation_eps_1.0_steps_100_Added_Noise_uniform_Eps_4.0_Tau_Type_normal_anchors - INFO - Batch:[218] Adversarial images for this batch already exist
2026-02-05 16:41:41,075 - ADV_Generation_eps_1.0_steps_100_Added_Noise_uniform_Eps_4.0_Tau_Type_normal_anchors - INFO - Batch 219/8100: Clean accuracy 0.0000 | Adv accuracy: 0.0000 | Counter-attack accuracy: 0.0000
2026-02-05 16:41:41,075 - ADV_Generation_eps_1.0_steps_100_Added_Noise_uniform_Eps_4.0_Tau_Type_normal_anchors - INFO - Batch:[219] Adversarial images for this batch already exist
2026-02-05 16:41:41,318 - ADV_Generation_eps_1.0_steps_100_Added_Noise_uniform_Eps_4.0_Tau_Type_normal_anchors - INFO - Batch 220/8100: Clean accuracy 0.0000 | Adv accuracy: 0.0000 | Counter-attack accuracy: 0.0000
2026-02-05 16:41:41,319 - ADV_Generation_eps_1.0_steps_100_Added_Noise_uniform_Eps_4.0_Tau_Type_normal_anchors - INFO - Batch:[220] Adversarial images for this batch already exist
