2026-02-03 11:03:19,713 - ADV_Generation_eps_8.0_steps_100_image_only_attack_prm_Added_Noise_gaussian_Sigma_0.24_Tau_Type_noisy - INFO - ==========================================
data:/leonardo_work/EUHPC_R04_192/fmohamma/Adversarial_Robust_Clip/atpt_data/downstream_datasets
test_sets:Pets
dataset_mode:test
arch:delta_clip_l14_224
resolution:224
transferability:False
source_model:fare4
workers:4
no_pin_memory:False
batch_size:1
adv_bs:1
print_freq:20
gpu:0
no_cudnn_benchmark:False
n_ctx:4
ctx_init:a_photo_of_a
seed:0
output_dir:/leonardo_work/EUHPC_R04_192/fmohamma/Adversarial_Robust_Clip/atpt_data/delta_clip_l14_224/Pets
log_output_dir:/leonardo_work/EUHPC_R04_192/fmohamma/Adversarial_Robust_Clip/ATPT/Diffratio_Adv_gen_Results/delta_clip_l14_224/Pets/ADV_Generation_eps_8.0_steps_100_image_only_attack_prm_Added_Noise_gaussian_Sigma_0.24_Tau_Type_noisy
image_only_attack:True
image_only_attack_type:prm
image_predicted_label_attack:False
eps:8.0
alpha:2.0
alpha_eps_ratio:4.0
steps:100
counter_attack:True
counter_attack_type:pgd
counter_attack_steps:0
counter_attack_eps:1.0
counter_attack_alpha:1.0
counter_attack_tau_thres:0.2
counter_attack_beta:2.0
counter_attack_weighted_perturbations:True
counter_attack_init_noise:gaussian
counter_attack_gaussian_sigma:0.24
counter_attack_noisy_tau_num_anchors:10
counter_attack_tau:noisy
pgd_clip_pure_i_text_embeddings:null
pgd_counter_and_clipure_i_lamda:1.0
image_feature_purify:False
image_feature_purify_type:noisy_anchor
image_feature_purify_noisy_anchors:10
image_feature_purify_anchors_alpha:1.2
image_feature_purify_noisy_sigma:0.18
image_feature_purify_diff_threshold:0.0
image_feature_clipure_steps:10
image_feature_clipure_step_size:10.0
save_plots:False
lr:0.005
selection_p:0.1
tta_steps:1
top_k:20
softmax_temp:0.01
load_tecoa:

2026-02-03 11:03:19,714 - ADV_Generation_eps_8.0_steps_100_image_only_attack_prm_Added_Noise_gaussian_Sigma_0.24_Tau_Type_noisy - INFO - Use GPU: 0 for training
2026-02-03 11:04:18,335 - ADV_Generation_eps_8.0_steps_100_image_only_attack_prm_Added_Noise_gaussian_Sigma_0.24_Tau_Type_noisy - INFO - => Model created: visual backbone delta_clip_l14_224
2026-02-03 11:04:18,359 - ADV_Generation_eps_8.0_steps_100_image_only_attack_prm_Added_Noise_gaussian_Sigma_0.24_Tau_Type_noisy - INFO - Number of test samples: 3669
2026-02-03 11:04:18,359 - ADV_Generation_eps_8.0_steps_100_image_only_attack_prm_Added_Noise_gaussian_Sigma_0.24_Tau_Type_noisy - INFO - Evaluating dataset: Pets
2026-02-03 11:04:18,360 - ADV_Generation_eps_8.0_steps_100_image_only_attack_prm_Added_Noise_gaussian_Sigma_0.24_Tau_Type_noisy - INFO - Starting evaluation with batch size: 1, selection percentage: 0.1
2026-02-03 11:04:18,361 - ADV_Generation_eps_8.0_steps_100_image_only_attack_prm_Added_Noise_gaussian_Sigma_0.24_Tau_Type_noisy - INFO - Using counter-attack with epsilon: 1.000000, alpha: 1.000000, steps: 0
2026-02-03 11:04:18,361 - ADV_Generation_eps_8.0_steps_100_image_only_attack_prm_Added_Noise_gaussian_Sigma_0.24_Tau_Type_noisy - INFO - Adversarial examples will be loaded from /leonardo_work/EUHPC_R04_192/fmohamma/Adversarial_Robust_Clip/atpt_data/delta_clip_l14_224/Pets/adv_images_eps_8.0_alpha_2.0_steps_100_image_only_attack_prm and evaluated on delta_clip_l14_224
2026-02-03 11:04:18,362 - ADV_Generation_eps_8.0_steps_100_image_only_attack_prm_Added_Noise_gaussian_Sigma_0.24_Tau_Type_noisy - INFO - Using directory for adversarial images: /leonardo_work/EUHPC_R04_192/fmohamma/Adversarial_Robust_Clip/atpt_data/delta_clip_l14_224/Pets/adv_images_eps_8.0_alpha_2.0_steps_100_image_only_attack_prm
2026-02-03 11:04:18,669 - ADV_Generation_eps_8.0_steps_100_image_only_attack_prm_Added_Noise_gaussian_Sigma_0.24_Tau_Type_noisy - INFO - Batch:[0] Adversarial images for this batch already exist
2026-02-03 11:04:19,157 - ADV_Generation_eps_8.0_steps_100_image_only_attack_prm_Added_Noise_gaussian_Sigma_0.24_Tau_Type_noisy - INFO - Batch 1/3669: Clean accuracy 1.0000 | Adv accuracy: 1.0000 | Counter-attack accuracy: 0.0000
2026-02-03 11:04:19,159 - ADV_Generation_eps_8.0_steps_100_image_only_attack_prm_Added_Noise_gaussian_Sigma_0.24_Tau_Type_noisy - INFO - Batch:[1] Adversarial images for this batch already exist
2026-02-03 11:04:19,424 - ADV_Generation_eps_8.0_steps_100_image_only_attack_prm_Added_Noise_gaussian_Sigma_0.24_Tau_Type_noisy - INFO - Batch 2/3669: Clean accuracy 0.5000 | Adv accuracy: 1.0000 | Counter-attack accuracy: 0.0000
2026-02-03 11:04:19,426 - ADV_Generation_eps_8.0_steps_100_image_only_attack_prm_Added_Noise_gaussian_Sigma_0.24_Tau_Type_noisy - INFO - Batch:[2] Adversarial images for this batch already exist
2026-02-03 11:04:19,693 - ADV_Generation_eps_8.0_steps_100_image_only_attack_prm_Added_Noise_gaussian_Sigma_0.24_Tau_Type_noisy - INFO - Batch 3/3669: Clean accuracy 0.6667 | Adv accuracy: 1.0000 | Counter-attack accuracy: 0.0000
2026-02-03 11:04:19,694 - ADV_Generation_eps_8.0_steps_100_image_only_attack_prm_Added_Noise_gaussian_Sigma_0.24_Tau_Type_noisy - INFO - Batch:[3] Adversarial images for this batch already exist
2026-02-03 11:04:19,988 - ADV_Generation_eps_8.0_steps_100_image_only_attack_prm_Added_Noise_gaussian_Sigma_0.24_Tau_Type_noisy - INFO - Batch 4/3669: Clean accuracy 0.5000 | Adv accuracy: 0.7500 | Counter-attack accuracy: 0.2500
2026-02-03 11:04:19,990 - ADV_Generation_eps_8.0_steps_100_image_only_attack_prm_Added_Noise_gaussian_Sigma_0.24_Tau_Type_noisy - INFO - Batch:[4] Adversarial images for this batch already exist
2026-02-03 11:04:20,262 - ADV_Generation_eps_8.0_steps_100_image_only_attack_prm_Added_Noise_gaussian_Sigma_0.24_Tau_Type_noisy - INFO - Batch 5/3669: Clean accuracy 0.4000 | Adv accuracy: 0.6000 | Counter-attack accuracy: 0.2000
2026-02-03 11:04:20,264 - ADV_Generation_eps_8.0_steps_100_image_only_attack_prm_Added_Noise_gaussian_Sigma_0.24_Tau_Type_noisy - INFO - Batch:[5] Adversarial images for this batch already exist
2026-02-03 11:04:20,532 - ADV_Generation_eps_8.0_steps_100_image_only_attack_prm_Added_Noise_gaussian_Sigma_0.24_Tau_Type_noisy - INFO - Batch 6/3669: Clean accuracy 0.3333 | Adv accuracy: 0.6667 | Counter-attack accuracy: 0.1667
2026-02-03 11:04:20,533 - ADV_Generation_eps_8.0_steps_100_image_only_attack_prm_Added_Noise_gaussian_Sigma_0.24_Tau_Type_noisy - INFO - Batch:[6] Adversarial images for this batch already exist
2026-02-03 11:04:20,824 - ADV_Generation_eps_8.0_steps_100_image_only_attack_prm_Added_Noise_gaussian_Sigma_0.24_Tau_Type_noisy - INFO - Batch 7/3669: Clean accuracy 0.4286 | Adv accuracy: 0.5714 | Counter-attack accuracy: 0.1429
2026-02-03 11:04:20,826 - ADV_Generation_eps_8.0_steps_100_image_only_attack_prm_Added_Noise_gaussian_Sigma_0.24_Tau_Type_noisy - INFO - Batch:[7] Adversarial images for this batch already exist
2026-02-03 11:04:21,126 - ADV_Generation_eps_8.0_steps_100_image_only_attack_prm_Added_Noise_gaussian_Sigma_0.24_Tau_Type_noisy - INFO - Batch 8/3669: Clean accuracy 0.5000 | Adv accuracy: 0.6250 | Counter-attack accuracy: 0.2500
2026-02-03 11:04:21,128 - ADV_Generation_eps_8.0_steps_100_image_only_attack_prm_Added_Noise_gaussian_Sigma_0.24_Tau_Type_noisy - INFO - Batch:[8] Adversarial images for this batch already exist
2026-02-03 11:04:21,391 - ADV_Generation_eps_8.0_steps_100_image_only_attack_prm_Added_Noise_gaussian_Sigma_0.24_Tau_Type_noisy - INFO - Batch 9/3669: Clean accuracy 0.4444 | Adv accuracy: 0.5556 | Counter-attack accuracy: 0.2222
2026-02-03 11:04:21,393 - ADV_Generation_eps_8.0_steps_100_image_only_attack_prm_Added_Noise_gaussian_Sigma_0.24_Tau_Type_noisy - INFO - Batch:[9] Adversarial images for this batch already exist
2026-02-03 11:04:21,664 - ADV_Generation_eps_8.0_steps_100_image_only_attack_prm_Added_Noise_gaussian_Sigma_0.24_Tau_Type_noisy - INFO - Batch 10/3669: Clean accuracy 0.5000 | Adv accuracy: 0.6000 | Counter-attack accuracy: 0.3000
2026-02-03 11:04:21,666 - ADV_Generation_eps_8.0_steps_100_image_only_attack_prm_Added_Noise_gaussian_Sigma_0.24_Tau_Type_noisy - INFO - Batch:[10] Adversarial images for this batch already exist
2026-02-03 11:04:21,932 - ADV_Generation_eps_8.0_steps_100_image_only_attack_prm_Added_Noise_gaussian_Sigma_0.24_Tau_Type_noisy - INFO - Batch 11/3669: Clean accuracy 0.4545 | Adv accuracy: 0.5455 | Counter-attack accuracy: 0.2727
2026-02-03 11:04:21,933 - ADV_Generation_eps_8.0_steps_100_image_only_attack_prm_Added_Noise_gaussian_Sigma_0.24_Tau_Type_noisy - INFO - Batch:[11] Adversarial images for this batch already exist
2026-02-03 11:04:22,210 - ADV_Generation_eps_8.0_steps_100_image_only_attack_prm_Added_Noise_gaussian_Sigma_0.24_Tau_Type_noisy - INFO - Batch 12/3669: Clean accuracy 0.5000 | Adv accuracy: 0.5833 | Counter-attack accuracy: 0.2500
2026-02-03 11:04:22,211 - ADV_Generation_eps_8.0_steps_100_image_only_attack_prm_Added_Noise_gaussian_Sigma_0.24_Tau_Type_noisy - INFO - Batch:[12] Adversarial images for this batch already exist
2026-02-03 11:04:22,479 - ADV_Generation_eps_8.0_steps_100_image_only_attack_prm_Added_Noise_gaussian_Sigma_0.24_Tau_Type_noisy - INFO - Batch 13/3669: Clean accuracy 0.5385 | Adv accuracy: 0.6154 | Counter-attack accuracy: 0.2308
2026-02-03 11:04:22,480 - ADV_Generation_eps_8.0_steps_100_image_only_attack_prm_Added_Noise_gaussian_Sigma_0.24_Tau_Type_noisy - INFO - Batch:[13] Adversarial images for this batch already exist
2026-02-03 11:04:22,746 - ADV_Generation_eps_8.0_steps_100_image_only_attack_prm_Added_Noise_gaussian_Sigma_0.24_Tau_Type_noisy - INFO - Batch 14/3669: Clean accuracy 0.5000 | Adv accuracy: 0.5714 | Counter-attack accuracy: 0.2143
2026-02-03 11:04:22,747 - ADV_Generation_eps_8.0_steps_100_image_only_attack_prm_Added_Noise_gaussian_Sigma_0.24_Tau_Type_noisy - INFO - Batch:[14] Adversarial images for this batch already exist
2026-02-03 11:04:23,036 - ADV_Generation_eps_8.0_steps_100_image_only_attack_prm_Added_Noise_gaussian_Sigma_0.24_Tau_Type_noisy - INFO - Batch 15/3669: Clean accuracy 0.4667 | Adv accuracy: 0.5333 | Counter-attack accuracy: 0.2000
2026-02-03 11:04:23,037 - ADV_Generation_eps_8.0_steps_100_image_only_attack_prm_Added_Noise_gaussian_Sigma_0.24_Tau_Type_noisy - INFO - Batch:[15] Adversarial images for this batch already exist
2026-02-03 11:04:23,315 - ADV_Generation_eps_8.0_steps_100_image_only_attack_prm_Added_Noise_gaussian_Sigma_0.24_Tau_Type_noisy - INFO - Batch 16/3669: Clean accuracy 0.5000 | Adv accuracy: 0.5625 | Counter-attack accuracy: 0.2500
2026-02-03 11:04:23,316 - ADV_Generation_eps_8.0_steps_100_image_only_attack_prm_Added_Noise_gaussian_Sigma_0.24_Tau_Type_noisy - INFO - Batch:[16] Adversarial images for this batch already exist
2026-02-03 11:04:23,582 - ADV_Generation_eps_8.0_steps_100_image_only_attack_prm_Added_Noise_gaussian_Sigma_0.24_Tau_Type_noisy - INFO - Batch 17/3669: Clean accuracy 0.4706 | Adv accuracy: 0.5294 | Counter-attack accuracy: 0.2353
2026-02-03 11:04:23,584 - ADV_Generation_eps_8.0_steps_100_image_only_attack_prm_Added_Noise_gaussian_Sigma_0.24_Tau_Type_noisy - INFO - Batch:[17] Adversarial images for this batch already exist
2026-02-03 11:04:23,863 - ADV_Generation_eps_8.0_steps_100_image_only_attack_prm_Added_Noise_gaussian_Sigma_0.24_Tau_Type_noisy - INFO - Batch 18/3669: Clean accuracy 0.5000 | Adv accuracy: 0.5556 | Counter-attack accuracy: 0.2778
2026-02-03 11:04:23,864 - ADV_Generation_eps_8.0_steps_100_image_only_attack_prm_Added_Noise_gaussian_Sigma_0.24_Tau_Type_noisy - INFO - Batch:[18] Adversarial images for this batch already exist
2026-02-03 11:04:24,132 - ADV_Generation_eps_8.0_steps_100_image_only_attack_prm_Added_Noise_gaussian_Sigma_0.24_Tau_Type_noisy - INFO - Batch 19/3669: Clean accuracy 0.5263 | Adv accuracy: 0.5789 | Counter-attack accuracy: 0.2632
2026-02-03 11:04:24,134 - ADV_Generation_eps_8.0_steps_100_image_only_attack_prm_Added_Noise_gaussian_Sigma_0.24_Tau_Type_noisy - INFO - Batch:[19] Adversarial images for this batch already exist
2026-02-03 11:04:24,408 - ADV_Generation_eps_8.0_steps_100_image_only_attack_prm_Added_Noise_gaussian_Sigma_0.24_Tau_Type_noisy - INFO - Batch 20/3669: Clean accuracy 0.5000 | Adv accuracy: 0.6000 | Counter-attack accuracy: 0.2500
2026-02-03 11:04:24,409 - ADV_Generation_eps_8.0_steps_100_image_only_attack_prm_Added_Noise_gaussian_Sigma_0.24_Tau_Type_noisy - INFO - Batch:[20] Adversarial images for this batch already exist
2026-02-03 11:04:24,715 - ADV_Generation_eps_8.0_steps_100_image_only_attack_prm_Added_Noise_gaussian_Sigma_0.24_Tau_Type_noisy - INFO - Batch 21/3669: Clean accuracy 0.4762 | Adv accuracy: 0.5714 | Counter-attack accuracy: 0.2857
2026-02-03 11:04:24,716 - ADV_Generation_eps_8.0_steps_100_image_only_attack_prm_Added_Noise_gaussian_Sigma_0.24_Tau_Type_noisy - INFO - Batch:[21] Adversarial images for this batch already exist
2026-02-03 11:04:24,986 - ADV_Generation_eps_8.0_steps_100_image_only_attack_prm_Added_Noise_gaussian_Sigma_0.24_Tau_Type_noisy - INFO - Batch 22/3669: Clean accuracy 0.5000 | Adv accuracy: 0.5909 | Counter-attack accuracy: 0.3182
2026-02-03 11:04:24,988 - ADV_Generation_eps_8.0_steps_100_image_only_attack_prm_Added_Noise_gaussian_Sigma_0.24_Tau_Type_noisy - INFO - Batch:[22] Adversarial images for this batch already exist
2026-02-03 11:04:25,255 - ADV_Generation_eps_8.0_steps_100_image_only_attack_prm_Added_Noise_gaussian_Sigma_0.24_Tau_Type_noisy - INFO - Batch 23/3669: Clean accuracy 0.5217 | Adv accuracy: 0.6087 | Counter-attack accuracy: 0.3043
2026-02-03 11:04:25,257 - ADV_Generation_eps_8.0_steps_100_image_only_attack_prm_Added_Noise_gaussian_Sigma_0.24_Tau_Type_noisy - INFO - Batch:[23] Adversarial images for this batch already exist
2026-02-03 11:04:25,520 - ADV_Generation_eps_8.0_steps_100_image_only_attack_prm_Added_Noise_gaussian_Sigma_0.24_Tau_Type_noisy - INFO - Batch 24/3669: Clean accuracy 0.5417 | Adv accuracy: 0.6250 | Counter-attack accuracy: 0.3333
2026-02-03 11:04:25,522 - ADV_Generation_eps_8.0_steps_100_image_only_attack_prm_Added_Noise_gaussian_Sigma_0.24_Tau_Type_noisy - INFO - Batch:[24] Adversarial images for this batch already exist
2026-02-03 11:04:25,788 - ADV_Generation_eps_8.0_steps_100_image_only_attack_prm_Added_Noise_gaussian_Sigma_0.24_Tau_Type_noisy - INFO - Batch 25/3669: Clean accuracy 0.5200 | Adv accuracy: 0.6400 | Counter-attack accuracy: 0.3200
2026-02-03 11:04:25,790 - ADV_Generation_eps_8.0_steps_100_image_only_attack_prm_Added_Noise_gaussian_Sigma_0.24_Tau_Type_noisy - INFO - Batch:[25] Adversarial images for this batch already exist
2026-02-03 11:04:26,056 - ADV_Generation_eps_8.0_steps_100_image_only_attack_prm_Added_Noise_gaussian_Sigma_0.24_Tau_Type_noisy - INFO - Batch 26/3669: Clean accuracy 0.5385 | Adv accuracy: 0.6538 | Counter-attack accuracy: 0.3077
2026-02-03 11:04:26,058 - ADV_Generation_eps_8.0_steps_100_image_only_attack_prm_Added_Noise_gaussian_Sigma_0.24_Tau_Type_noisy - INFO - Batch:[26] Adversarial images for this batch already exist
2026-02-03 11:04:26,322 - ADV_Generation_eps_8.0_steps_100_image_only_attack_prm_Added_Noise_gaussian_Sigma_0.24_Tau_Type_noisy - INFO - Batch 27/3669: Clean accuracy 0.5556 | Adv accuracy: 0.6296 | Counter-attack accuracy: 0.2963
2026-02-03 11:04:26,325 - ADV_Generation_eps_8.0_steps_100_image_only_attack_prm_Added_Noise_gaussian_Sigma_0.24_Tau_Type_noisy - INFO - Batch:[27] Adversarial images for this batch already exist
2026-02-03 11:04:26,595 - ADV_Generation_eps_8.0_steps_100_image_only_attack_prm_Added_Noise_gaussian_Sigma_0.24_Tau_Type_noisy - INFO - Batch 28/3669: Clean accuracy 0.5357 | Adv accuracy: 0.6071 | Counter-attack accuracy: 0.2857
2026-02-03 11:04:26,596 - ADV_Generation_eps_8.0_steps_100_image_only_attack_prm_Added_Noise_gaussian_Sigma_0.24_Tau_Type_noisy - INFO - Batch:[28] Adversarial images for this batch already exist
2026-02-03 11:04:26,882 - ADV_Generation_eps_8.0_steps_100_image_only_attack_prm_Added_Noise_gaussian_Sigma_0.24_Tau_Type_noisy - INFO - Batch 29/3669: Clean accuracy 0.5172 | Adv accuracy: 0.5862 | Counter-attack accuracy: 0.2759
2026-02-03 11:04:26,883 - ADV_Generation_eps_8.0_steps_100_image_only_attack_prm_Added_Noise_gaussian_Sigma_0.24_Tau_Type_noisy - INFO - Batch:[29] Adversarial images for this batch already exist
2026-02-03 11:04:27,152 - ADV_Generation_eps_8.0_steps_100_image_only_attack_prm_Added_Noise_gaussian_Sigma_0.24_Tau_Type_noisy - INFO - Batch 30/3669: Clean accuracy 0.5000 | Adv accuracy: 0.5667 | Counter-attack accuracy: 0.2667
2026-02-03 11:04:27,153 - ADV_Generation_eps_8.0_steps_100_image_only_attack_prm_Added_Noise_gaussian_Sigma_0.24_Tau_Type_noisy - INFO - Batch:[30] Adversarial images for this batch already exist
2026-02-03 11:04:27,421 - ADV_Generation_eps_8.0_steps_100_image_only_attack_prm_Added_Noise_gaussian_Sigma_0.24_Tau_Type_noisy - INFO - Batch 31/3669: Clean accuracy 0.4839 | Adv accuracy: 0.5484 | Counter-attack accuracy: 0.2581
2026-02-03 11:04:27,423 - ADV_Generation_eps_8.0_steps_100_image_only_attack_prm_Added_Noise_gaussian_Sigma_0.24_Tau_Type_noisy - INFO - Batch:[31] Adversarial images for this batch already exist
2026-02-03 11:04:27,692 - ADV_Generation_eps_8.0_steps_100_image_only_attack_prm_Added_Noise_gaussian_Sigma_0.24_Tau_Type_noisy - INFO - Batch 32/3669: Clean accuracy 0.5000 | Adv accuracy: 0.5625 | Counter-attack accuracy: 0.2812
2026-02-03 11:04:27,695 - ADV_Generation_eps_8.0_steps_100_image_only_attack_prm_Added_Noise_gaussian_Sigma_0.24_Tau_Type_noisy - INFO - Batch:[32] Adversarial images for this batch already exist
2026-02-03 11:04:27,980 - ADV_Generation_eps_8.0_steps_100_image_only_attack_prm_Added_Noise_gaussian_Sigma_0.24_Tau_Type_noisy - INFO - Batch 33/3669: Clean accuracy 0.4848 | Adv accuracy: 0.5455 | Counter-attack accuracy: 0.2727
2026-02-03 11:04:27,982 - ADV_Generation_eps_8.0_steps_100_image_only_attack_prm_Added_Noise_gaussian_Sigma_0.24_Tau_Type_noisy - INFO - Batch:[33] Adversarial images for this batch already exist
2026-02-03 11:04:28,248 - ADV_Generation_eps_8.0_steps_100_image_only_attack_prm_Added_Noise_gaussian_Sigma_0.24_Tau_Type_noisy - INFO - Batch 34/3669: Clean accuracy 0.5000 | Adv accuracy: 0.5588 | Counter-attack accuracy: 0.2941
2026-02-03 11:04:28,249 - ADV_Generation_eps_8.0_steps_100_image_only_attack_prm_Added_Noise_gaussian_Sigma_0.24_Tau_Type_noisy - INFO - Batch:[34] Adversarial images for this batch already exist
2026-02-03 11:04:28,511 - ADV_Generation_eps_8.0_steps_100_image_only_attack_prm_Added_Noise_gaussian_Sigma_0.24_Tau_Type_noisy - INFO - Batch 35/3669: Clean accuracy 0.4857 | Adv accuracy: 0.5429 | Counter-attack accuracy: 0.2857
2026-02-03 11:04:28,512 - ADV_Generation_eps_8.0_steps_100_image_only_attack_prm_Added_Noise_gaussian_Sigma_0.24_Tau_Type_noisy - INFO - Batch:[35] Adversarial images for this batch already exist
2026-02-03 11:04:28,781 - ADV_Generation_eps_8.0_steps_100_image_only_attack_prm_Added_Noise_gaussian_Sigma_0.24_Tau_Type_noisy - INFO - Batch 36/3669: Clean accuracy 0.4722 | Adv accuracy: 0.5278 | Counter-attack accuracy: 0.2778
2026-02-03 11:04:28,782 - ADV_Generation_eps_8.0_steps_100_image_only_attack_prm_Added_Noise_gaussian_Sigma_0.24_Tau_Type_noisy - INFO - Batch:[36] Adversarial images for this batch already exist
2026-02-03 11:04:29,046 - ADV_Generation_eps_8.0_steps_100_image_only_attack_prm_Added_Noise_gaussian_Sigma_0.24_Tau_Type_noisy - INFO - Batch 37/3669: Clean accuracy 0.4865 | Adv accuracy: 0.5405 | Counter-attack accuracy: 0.2973
2026-02-03 11:04:29,047 - ADV_Generation_eps_8.0_steps_100_image_only_attack_prm_Added_Noise_gaussian_Sigma_0.24_Tau_Type_noisy - INFO - Batch:[37] Adversarial images for this batch already exist
2026-02-03 11:04:29,314 - ADV_Generation_eps_8.0_steps_100_image_only_attack_prm_Added_Noise_gaussian_Sigma_0.24_Tau_Type_noisy - INFO - Batch 38/3669: Clean accuracy 0.5000 | Adv accuracy: 0.5526 | Counter-attack accuracy: 0.3158
2026-02-03 11:04:29,316 - ADV_Generation_eps_8.0_steps_100_image_only_attack_prm_Added_Noise_gaussian_Sigma_0.24_Tau_Type_noisy - INFO - Batch:[38] Adversarial images for this batch already exist
2026-02-03 11:04:29,601 - ADV_Generation_eps_8.0_steps_100_image_only_attack_prm_Added_Noise_gaussian_Sigma_0.24_Tau_Type_noisy - INFO - Batch 39/3669: Clean accuracy 0.4872 | Adv accuracy: 0.5385 | Counter-attack accuracy: 0.3077
2026-02-03 11:04:29,603 - ADV_Generation_eps_8.0_steps_100_image_only_attack_prm_Added_Noise_gaussian_Sigma_0.24_Tau_Type_noisy - INFO - Batch:[39] Adversarial images for this batch already exist
2026-02-03 11:04:29,875 - ADV_Generation_eps_8.0_steps_100_image_only_attack_prm_Added_Noise_gaussian_Sigma_0.24_Tau_Type_noisy - INFO - Batch 40/3669: Clean accuracy 0.4750 | Adv accuracy: 0.5250 | Counter-attack accuracy: 0.3000
2026-02-03 11:04:29,876 - ADV_Generation_eps_8.0_steps_100_image_only_attack_prm_Added_Noise_gaussian_Sigma_0.24_Tau_Type_noisy - INFO - Batch:[40] Adversarial images for this batch already exist
2026-02-03 11:04:30,152 - ADV_Generation_eps_8.0_steps_100_image_only_attack_prm_Added_Noise_gaussian_Sigma_0.24_Tau_Type_noisy - INFO - Batch 41/3669: Clean accuracy 0.4634 | Adv accuracy: 0.5366 | Counter-attack accuracy: 0.2927
2026-02-03 11:04:30,154 - ADV_Generation_eps_8.0_steps_100_image_only_attack_prm_Added_Noise_gaussian_Sigma_0.24_Tau_Type_noisy - INFO - Batch:[41] Adversarial images for this batch already exist
2026-02-03 11:04:30,422 - ADV_Generation_eps_8.0_steps_100_image_only_attack_prm_Added_Noise_gaussian_Sigma_0.24_Tau_Type_noisy - INFO - Batch 42/3669: Clean accuracy 0.4762 | Adv accuracy: 0.5238 | Counter-attack accuracy: 0.2857
2026-02-03 11:04:30,425 - ADV_Generation_eps_8.0_steps_100_image_only_attack_prm_Added_Noise_gaussian_Sigma_0.24_Tau_Type_noisy - INFO - Batch:[42] Adversarial images for this batch already exist
2026-02-03 11:04:30,698 - ADV_Generation_eps_8.0_steps_100_image_only_attack_prm_Added_Noise_gaussian_Sigma_0.24_Tau_Type_noisy - INFO - Batch 43/3669: Clean accuracy 0.4651 | Adv accuracy: 0.5116 | Counter-attack accuracy: 0.2791
2026-02-03 11:04:30,700 - ADV_Generation_eps_8.0_steps_100_image_only_attack_prm_Added_Noise_gaussian_Sigma_0.24_Tau_Type_noisy - INFO - Batch:[43] Adversarial images for this batch already exist
