2025-08-04 19:33:02,363 - ADV_Generation_eps_4.0_steps_100 - INFO - ==========================================
data:/leonardo_work/EUHPC_R04_192/fmohamma/Adversarial_Robust_Clip/atpt_data/downstream_datasets
test_sets:Caltech101
dataset_mode:test
arch:vit_l_14_datacomp_1b
resolution:224
transferability:False
source_model:fare4
workers:4
no_pin_memory:False
batch_size:64
adv_bs:16
print_freq:20
gpu:0
no_cudnn_benchmark:False
n_ctx:4
ctx_init:a_photo_of_a
seed:0
output_dir:/leonardo_work/EUHPC_R04_192/fmohamma/Adversarial_Robust_Clip/atpt_data/vit_l_14_datacomp_1b/Caltech101
log_output_dir:/leonardo_work/EUHPC_R04_192/fmohamma/Adversarial_Robust_Clip/ATPT/Final_Results/vit_l_14_datacomp_1b/Caltech101
image_only_attack:False
image_only_attack_type:prm
image_predicted_label_attack:False
eps:4.0
alpha:1.0
alpha_eps_ratio:4.0
steps:100
counter_attack:False
counter_attack_type:pgd
counter_attack_steps:2
counter_attack_eps:4.0
counter_attack_alpha:1.0
counter_attack_tau_thres:0.2
counter_attack_beta:2.0
counter_attack_weighted_perturbations:True
pgd_clip_pure_i_text_embeddings:null
pgd_counter_and_clipure_i_lamda:1.0
image_feature_purify:False
image_feature_purify_type:noisy_anchor
image_feature_purify_noisy_anchors:10
image_feature_purify_anchors_alpha:1.2
image_feature_purify_noisy_sigma:0.18
image_feature_purify_diff_threshold:0.0
image_feature_clipure_steps:10
image_feature_clipure_step_size:10.0
save_plots:False
lr:0.005
selection_p:0.1
tta_steps:1
top_k:20
softmax_temp:0.01
load_tecoa:

2025-08-04 19:33:02,364 - ADV_Generation_eps_4.0_steps_100 - INFO - Use GPU: 0 for training
2025-08-04 19:34:47,859 - ADV_Generation_eps_4.0_steps_100 - INFO - => Model created: visual backbone vit_l_14_datacomp_1b
2025-08-04 19:34:47,887 - ADV_Generation_eps_4.0_steps_100 - INFO - Number of test samples: 2465
2025-08-04 19:34:47,888 - ADV_Generation_eps_4.0_steps_100 - INFO - Evaluating dataset: Caltech101
2025-08-04 19:34:47,889 - ADV_Generation_eps_4.0_steps_100 - INFO - Starting evaluation with batch size: 64, selection percentage: 0.1
2025-08-04 19:34:47,889 - ADV_Generation_eps_4.0_steps_100 - INFO - Using PGD attack with epsilon: 0.015686, alpha: 0.003922, steps: 100 image only attack False image predicted label attack False
2025-08-04 19:34:47,890 - ADV_Generation_eps_4.0_steps_100 - INFO - Using directory for adversarial images: /leonardo_work/EUHPC_R04_192/fmohamma/Adversarial_Robust_Clip/atpt_data/vit_l_14_datacomp_1b/Caltech101/adv_images_eps_4.0_alpha_1.0_steps_100
2025-08-04 19:34:48,441 - ADV_Generation_eps_4.0_steps_100 - INFO - Batch:[0] Adversarial images for this batch already exist
2025-08-04 19:34:49,482 - ADV_Generation_eps_4.0_steps_100 - INFO - Batch 1/155: Clean accuracy 1.0000 | Adv accuracy: 0.0000 
2025-08-04 19:34:49,492 - ADV_Generation_eps_4.0_steps_100 - INFO - Batch:[1] Adversarial images for this batch already exist
2025-08-04 19:34:50,141 - ADV_Generation_eps_4.0_steps_100 - INFO - Batch 2/155: Clean accuracy 1.0000 | Adv accuracy: 0.0000 
2025-08-04 19:34:50,152 - ADV_Generation_eps_4.0_steps_100 - INFO - Batch:[2] Adversarial images for this batch already exist
2025-08-04 19:34:50,931 - ADV_Generation_eps_4.0_steps_100 - INFO - Batch 3/155: Clean accuracy 1.0000 | Adv accuracy: 0.0000 
2025-08-04 19:34:50,940 - ADV_Generation_eps_4.0_steps_100 - INFO - Batch:[3] Adversarial images for this batch already exist
2025-08-04 19:34:51,610 - ADV_Generation_eps_4.0_steps_100 - INFO - Batch 4/155: Clean accuracy 1.0000 | Adv accuracy: 0.0000 
2025-08-04 19:34:51,619 - ADV_Generation_eps_4.0_steps_100 - INFO - Batch:[4] Adversarial images for this batch already exist
2025-08-04 19:34:52,342 - ADV_Generation_eps_4.0_steps_100 - INFO - Batch 5/155: Clean accuracy 1.0000 | Adv accuracy: 0.0000 
2025-08-04 19:34:52,351 - ADV_Generation_eps_4.0_steps_100 - INFO - Batch:[5] Adversarial images for this batch already exist
2025-08-04 19:34:53,044 - ADV_Generation_eps_4.0_steps_100 - INFO - Batch 6/155: Clean accuracy 1.0000 | Adv accuracy: 0.0000 
2025-08-04 19:34:53,053 - ADV_Generation_eps_4.0_steps_100 - INFO - Batch:[6] Adversarial images for this batch already exist
2025-08-04 19:34:53,794 - ADV_Generation_eps_4.0_steps_100 - INFO - Batch 7/155: Clean accuracy 1.0000 | Adv accuracy: 0.0000 
2025-08-04 19:34:53,802 - ADV_Generation_eps_4.0_steps_100 - INFO - Batch:[7] Adversarial images for this batch already exist
2025-08-04 19:34:54,464 - ADV_Generation_eps_4.0_steps_100 - INFO - Batch 8/155: Clean accuracy 1.0000 | Adv accuracy: 0.0000 
2025-08-04 19:34:54,474 - ADV_Generation_eps_4.0_steps_100 - INFO - Batch:[8] Adversarial images for this batch already exist
2025-08-04 19:34:55,183 - ADV_Generation_eps_4.0_steps_100 - INFO - Batch 9/155: Clean accuracy 0.9931 | Adv accuracy: 0.0000 
2025-08-04 19:34:55,191 - ADV_Generation_eps_4.0_steps_100 - INFO - Batch:[9] Adversarial images for this batch already exist
2025-08-04 19:34:55,848 - ADV_Generation_eps_4.0_steps_100 - INFO - Batch 10/155: Clean accuracy 0.9875 | Adv accuracy: 0.0000 
2025-08-04 19:34:55,856 - ADV_Generation_eps_4.0_steps_100 - INFO - Batch:[10] Adversarial images for this batch already exist
2025-08-04 19:34:56,588 - ADV_Generation_eps_4.0_steps_100 - INFO - Batch 11/155: Clean accuracy 0.9773 | Adv accuracy: 0.0000 
2025-08-04 19:34:56,597 - ADV_Generation_eps_4.0_steps_100 - INFO - Batch:[11] Adversarial images for this batch already exist
2025-08-04 19:34:57,333 - ADV_Generation_eps_4.0_steps_100 - INFO - Batch 12/155: Clean accuracy 0.9688 | Adv accuracy: 0.0000 
2025-08-04 19:34:57,341 - ADV_Generation_eps_4.0_steps_100 - INFO - Batch:[12] Adversarial images for this batch already exist
2025-08-04 19:34:57,981 - ADV_Generation_eps_4.0_steps_100 - INFO - Batch 13/155: Clean accuracy 0.9712 | Adv accuracy: 0.0000 
2025-08-04 19:34:57,989 - ADV_Generation_eps_4.0_steps_100 - INFO - Batch:[13] Adversarial images for this batch already exist
2025-08-04 19:34:58,799 - ADV_Generation_eps_4.0_steps_100 - INFO - Batch 14/155: Clean accuracy 0.9732 | Adv accuracy: 0.0000 
2025-08-04 19:34:58,807 - ADV_Generation_eps_4.0_steps_100 - INFO - Batch:[14] Adversarial images for this batch already exist
2025-08-04 19:34:59,516 - ADV_Generation_eps_4.0_steps_100 - INFO - Batch 15/155: Clean accuracy 0.9750 | Adv accuracy: 0.0000 
2025-08-04 19:34:59,524 - ADV_Generation_eps_4.0_steps_100 - INFO - Batch:[15] Adversarial images for this batch already exist
2025-08-04 19:35:00,208 - ADV_Generation_eps_4.0_steps_100 - INFO - Batch 16/155: Clean accuracy 0.9766 | Adv accuracy: 0.0000 
2025-08-04 19:35:00,216 - ADV_Generation_eps_4.0_steps_100 - INFO - Batch:[16] Adversarial images for this batch already exist
2025-08-04 19:35:00,896 - ADV_Generation_eps_4.0_steps_100 - INFO - Batch 17/155: Clean accuracy 0.9779 | Adv accuracy: 0.0000 
2025-08-04 19:35:00,905 - ADV_Generation_eps_4.0_steps_100 - INFO - Batch:[17] Adversarial images for this batch already exist
2025-08-04 19:35:01,653 - ADV_Generation_eps_4.0_steps_100 - INFO - Batch 18/155: Clean accuracy 0.9792 | Adv accuracy: 0.0000 
2025-08-04 19:35:01,662 - ADV_Generation_eps_4.0_steps_100 - INFO - Batch:[18] Adversarial images for this batch already exist
2025-08-04 19:35:02,389 - ADV_Generation_eps_4.0_steps_100 - INFO - Batch 19/155: Clean accuracy 0.9803 | Adv accuracy: 0.0000 
2025-08-04 19:35:02,399 - ADV_Generation_eps_4.0_steps_100 - INFO - Batch:[19] Adversarial images for this batch already exist
2025-08-04 19:35:03,042 - ADV_Generation_eps_4.0_steps_100 - INFO - Batch 20/155: Clean accuracy 0.9812 | Adv accuracy: 0.0000 
2025-08-04 19:35:03,050 - ADV_Generation_eps_4.0_steps_100 - INFO - Batch:[20] Adversarial images for this batch already exist
2025-08-04 19:35:03,801 - ADV_Generation_eps_4.0_steps_100 - INFO - Batch 21/155: Clean accuracy 0.9821 | Adv accuracy: 0.0000 
2025-08-04 19:35:03,810 - ADV_Generation_eps_4.0_steps_100 - INFO - Batch:[21] Adversarial images for this batch already exist
2025-08-04 19:35:04,456 - ADV_Generation_eps_4.0_steps_100 - INFO - Batch 22/155: Clean accuracy 0.9830 | Adv accuracy: 0.0000 
2025-08-04 19:35:04,464 - ADV_Generation_eps_4.0_steps_100 - INFO - Batch:[22] Adversarial images for this batch already exist
2025-08-04 19:35:05,108 - ADV_Generation_eps_4.0_steps_100 - INFO - Batch 23/155: Clean accuracy 0.9837 | Adv accuracy: 0.0000 
2025-08-04 19:35:05,116 - ADV_Generation_eps_4.0_steps_100 - INFO - Batch:[23] Adversarial images for this batch already exist
2025-08-04 19:35:05,780 - ADV_Generation_eps_4.0_steps_100 - INFO - Batch 24/155: Clean accuracy 0.9844 | Adv accuracy: 0.0000 
2025-08-04 19:35:05,788 - ADV_Generation_eps_4.0_steps_100 - INFO - Batch:[24] Adversarial images for this batch already exist
2025-08-04 19:35:06,520 - ADV_Generation_eps_4.0_steps_100 - INFO - Batch 25/155: Clean accuracy 0.9850 | Adv accuracy: 0.0000 
2025-08-04 19:35:06,529 - ADV_Generation_eps_4.0_steps_100 - INFO - Batch:[25] Adversarial images for this batch already exist
2025-08-04 19:35:07,249 - ADV_Generation_eps_4.0_steps_100 - INFO - Batch 26/155: Clean accuracy 0.9856 | Adv accuracy: 0.0000 
2025-08-04 19:35:07,274 - ADV_Generation_eps_4.0_steps_100 - INFO - Batch:[26] Adversarial images for this batch already exist
2025-08-04 19:35:08,092 - ADV_Generation_eps_4.0_steps_100 - INFO - Batch 27/155: Clean accuracy 0.9861 | Adv accuracy: 0.0000 
2025-08-04 19:35:08,101 - ADV_Generation_eps_4.0_steps_100 - INFO - Batch:[27] Adversarial images for this batch already exist
2025-08-04 19:35:08,966 - ADV_Generation_eps_4.0_steps_100 - INFO - Batch 28/155: Clean accuracy 0.9866 | Adv accuracy: 0.0000 
2025-08-04 19:35:08,974 - ADV_Generation_eps_4.0_steps_100 - INFO - Batch:[28] Adversarial images for this batch already exist
2025-08-04 19:35:09,664 - ADV_Generation_eps_4.0_steps_100 - INFO - Batch 29/155: Clean accuracy 0.9871 | Adv accuracy: 0.0000 
2025-08-04 19:35:09,672 - ADV_Generation_eps_4.0_steps_100 - INFO - Batch:[29] Adversarial images for this batch already exist
2025-08-04 19:35:10,335 - ADV_Generation_eps_4.0_steps_100 - INFO - Batch 30/155: Clean accuracy 0.9875 | Adv accuracy: 0.0000 
2025-08-04 19:35:10,343 - ADV_Generation_eps_4.0_steps_100 - INFO - Batch:[30] Adversarial images for this batch already exist
2025-08-04 19:35:11,117 - ADV_Generation_eps_4.0_steps_100 - INFO - Batch 31/155: Clean accuracy 0.9879 | Adv accuracy: 0.0000 
2025-08-04 19:35:11,125 - ADV_Generation_eps_4.0_steps_100 - INFO - Batch:[31] Adversarial images for this batch already exist
2025-08-04 19:35:11,818 - ADV_Generation_eps_4.0_steps_100 - INFO - Batch 32/155: Clean accuracy 0.9883 | Adv accuracy: 0.0000 
2025-08-04 19:35:11,826 - ADV_Generation_eps_4.0_steps_100 - INFO - Batch:[32] Adversarial images for this batch already exist
2025-08-04 19:35:12,722 - ADV_Generation_eps_4.0_steps_100 - INFO - Batch 33/155: Clean accuracy 0.9886 | Adv accuracy: 0.0000 
2025-08-04 19:35:12,730 - ADV_Generation_eps_4.0_steps_100 - INFO - Batch:[33] Adversarial images for this batch already exist
2025-08-04 19:35:13,423 - ADV_Generation_eps_4.0_steps_100 - INFO - Batch 34/155: Clean accuracy 0.9890 | Adv accuracy: 0.0000 
2025-08-04 19:35:13,431 - ADV_Generation_eps_4.0_steps_100 - INFO - Batch:[34] Adversarial images for this batch already exist
2025-08-04 19:35:14,074 - ADV_Generation_eps_4.0_steps_100 - INFO - Batch 35/155: Clean accuracy 0.9893 | Adv accuracy: 0.0000 
2025-08-04 19:35:14,082 - ADV_Generation_eps_4.0_steps_100 - INFO - Batch:[35] Adversarial images for this batch already exist
2025-08-04 19:35:14,869 - ADV_Generation_eps_4.0_steps_100 - INFO - Batch 36/155: Clean accuracy 0.9896 | Adv accuracy: 0.0000 
2025-08-04 19:35:14,877 - ADV_Generation_eps_4.0_steps_100 - INFO - Batch:[36] Adversarial images for this batch already exist
2025-08-04 19:35:15,527 - ADV_Generation_eps_4.0_steps_100 - INFO - Batch 37/155: Clean accuracy 0.9899 | Adv accuracy: 0.0000 
2025-08-04 19:35:15,534 - ADV_Generation_eps_4.0_steps_100 - INFO - Batch:[37] Adversarial images for this batch already exist
2025-08-04 19:35:16,311 - ADV_Generation_eps_4.0_steps_100 - INFO - Batch 38/155: Clean accuracy 0.9901 | Adv accuracy: 0.0000 
2025-08-04 19:35:16,319 - ADV_Generation_eps_4.0_steps_100 - INFO - Batch:[38] Adversarial images for this batch already exist
2025-08-04 19:35:16,962 - ADV_Generation_eps_4.0_steps_100 - INFO - Batch 39/155: Clean accuracy 0.9904 | Adv accuracy: 0.0000 
2025-08-04 19:35:16,970 - ADV_Generation_eps_4.0_steps_100 - INFO - Batch:[39] Adversarial images for this batch already exist
2025-08-04 19:35:17,601 - ADV_Generation_eps_4.0_steps_100 - INFO - Batch 40/155: Clean accuracy 0.9906 | Adv accuracy: 0.0000 
2025-08-04 19:35:17,609 - ADV_Generation_eps_4.0_steps_100 - INFO - Batch:[40] Adversarial images for this batch already exist
2025-08-04 19:35:18,407 - ADV_Generation_eps_4.0_steps_100 - INFO - Batch 41/155: Clean accuracy 0.9909 | Adv accuracy: 0.0000 
2025-08-04 19:35:18,415 - ADV_Generation_eps_4.0_steps_100 - INFO - Batch:[41] Adversarial images for this batch already exist
2025-08-04 19:35:19,144 - ADV_Generation_eps_4.0_steps_100 - INFO - Batch 42/155: Clean accuracy 0.9911 | Adv accuracy: 0.0000 
2025-08-04 19:35:19,152 - ADV_Generation_eps_4.0_steps_100 - INFO - Batch:[42] Adversarial images for this batch already exist
2025-08-04 19:35:19,875 - ADV_Generation_eps_4.0_steps_100 - INFO - Batch 43/155: Clean accuracy 0.9913 | Adv accuracy: 0.0000 
2025-08-04 19:35:19,883 - ADV_Generation_eps_4.0_steps_100 - INFO - Batch:[43] Adversarial images for this batch already exist
2025-08-04 19:35:20,635 - ADV_Generation_eps_4.0_steps_100 - INFO - Batch 44/155: Clean accuracy 0.9915 | Adv accuracy: 0.0000 
2025-08-04 19:35:20,643 - ADV_Generation_eps_4.0_steps_100 - INFO - Batch:[44] Adversarial images for this batch already exist
2025-08-04 19:35:21,263 - ADV_Generation_eps_4.0_steps_100 - INFO - Batch 45/155: Clean accuracy 0.9903 | Adv accuracy: 0.0000 
2025-08-04 19:35:21,271 - ADV_Generation_eps_4.0_steps_100 - INFO - Batch:[45] Adversarial images for this batch already exist
2025-08-04 19:35:21,960 - ADV_Generation_eps_4.0_steps_100 - INFO - Batch 46/155: Clean accuracy 0.9905 | Adv accuracy: 0.0000 
2025-08-04 19:35:21,968 - ADV_Generation_eps_4.0_steps_100 - INFO - Batch:[46] Adversarial images for this batch already exist
2025-08-04 19:35:22,628 - ADV_Generation_eps_4.0_steps_100 - INFO - Batch 47/155: Clean accuracy 0.9907 | Adv accuracy: 0.0000 
2025-08-04 19:35:22,636 - ADV_Generation_eps_4.0_steps_100 - INFO - Batch:[47] Adversarial images for this batch already exist
2025-08-04 19:35:23,417 - ADV_Generation_eps_4.0_steps_100 - INFO - Batch 48/155: Clean accuracy 0.9896 | Adv accuracy: 0.0000 
2025-08-04 19:35:23,424 - ADV_Generation_eps_4.0_steps_100 - INFO - Batch:[48] Adversarial images for this batch already exist
2025-08-04 19:35:24,131 - ADV_Generation_eps_4.0_steps_100 - INFO - Batch 49/155: Clean accuracy 0.9898 | Adv accuracy: 0.0000 
2025-08-04 19:35:24,139 - ADV_Generation_eps_4.0_steps_100 - INFO - Batch:[49] Adversarial images for this batch already exist
2025-08-04 19:35:24,877 - ADV_Generation_eps_4.0_steps_100 - INFO - Batch 50/155: Clean accuracy 0.9900 | Adv accuracy: 0.0000 
2025-08-04 19:35:24,885 - ADV_Generation_eps_4.0_steps_100 - INFO - Batch:[50] Adversarial images for this batch already exist
2025-08-04 19:35:25,613 - ADV_Generation_eps_4.0_steps_100 - INFO - Batch 51/155: Clean accuracy 0.9902 | Adv accuracy: 0.0000 
2025-08-04 19:35:25,621 - ADV_Generation_eps_4.0_steps_100 - INFO - Batch:[51] Adversarial images for this batch already exist
2025-08-04 19:35:26,362 - ADV_Generation_eps_4.0_steps_100 - INFO - Batch 52/155: Clean accuracy 0.9904 | Adv accuracy: 0.0000 
2025-08-04 19:35:26,370 - ADV_Generation_eps_4.0_steps_100 - INFO - Batch:[52] Adversarial images for this batch already exist
2025-08-04 19:35:27,203 - ADV_Generation_eps_4.0_steps_100 - INFO - Batch 53/155: Clean accuracy 0.9894 | Adv accuracy: 0.0000 
2025-08-04 19:35:27,211 - ADV_Generation_eps_4.0_steps_100 - INFO - Batch:[53] Adversarial images for this batch already exist
2025-08-04 19:35:27,947 - ADV_Generation_eps_4.0_steps_100 - INFO - Batch 54/155: Clean accuracy 0.9896 | Adv accuracy: 0.0000 
2025-08-04 19:35:27,955 - ADV_Generation_eps_4.0_steps_100 - INFO - Batch:[54] Adversarial images for this batch already exist
2025-08-04 19:35:28,782 - ADV_Generation_eps_4.0_steps_100 - INFO - Batch 55/155: Clean accuracy 0.9898 | Adv accuracy: 0.0000 
2025-08-04 19:35:28,790 - ADV_Generation_eps_4.0_steps_100 - INFO - Batch:[55] Adversarial images for this batch already exist
2025-08-04 19:35:29,598 - ADV_Generation_eps_4.0_steps_100 - INFO - Batch 56/155: Clean accuracy 0.9900 | Adv accuracy: 0.0000 
2025-08-04 19:35:29,606 - ADV_Generation_eps_4.0_steps_100 - INFO - Batch:[56] Adversarial images for this batch already exist
2025-08-04 19:35:30,288 - ADV_Generation_eps_4.0_steps_100 - INFO - Batch 57/155: Clean accuracy 0.9890 | Adv accuracy: 0.0000 
2025-08-04 19:35:30,296 - ADV_Generation_eps_4.0_steps_100 - INFO - Batch:[57] Adversarial images for this batch already exist
2025-08-04 19:35:30,948 - ADV_Generation_eps_4.0_steps_100 - INFO - Batch 58/155: Clean accuracy 0.9892 | Adv accuracy: 0.0000 
2025-08-04 19:35:30,956 - ADV_Generation_eps_4.0_steps_100 - INFO - Batch:[58] Adversarial images for this batch already exist
2025-08-04 19:35:31,799 - ADV_Generation_eps_4.0_steps_100 - INFO - Batch 59/155: Clean accuracy 0.9894 | Adv accuracy: 0.0000 
2025-08-04 19:35:31,806 - ADV_Generation_eps_4.0_steps_100 - INFO - Batch:[59] Adversarial images for this batch already exist
2025-08-04 19:35:32,498 - ADV_Generation_eps_4.0_steps_100 - INFO - Batch 60/155: Clean accuracy 0.9896 | Adv accuracy: 0.0000 
2025-08-04 19:35:32,506 - ADV_Generation_eps_4.0_steps_100 - INFO - Batch:[60] Adversarial images for this batch already exist
2025-08-04 19:35:33,237 - ADV_Generation_eps_4.0_steps_100 - INFO - Batch 61/155: Clean accuracy 0.9898 | Adv accuracy: 0.0000 
2025-08-04 19:35:33,246 - ADV_Generation_eps_4.0_steps_100 - INFO - Batch:[61] Adversarial images for this batch already exist
2025-08-04 19:35:34,066 - ADV_Generation_eps_4.0_steps_100 - INFO - Batch 62/155: Clean accuracy 0.9899 | Adv accuracy: 0.0000 
2025-08-04 19:35:34,074 - ADV_Generation_eps_4.0_steps_100 - INFO - Batch:[62] Adversarial images for this batch already exist
2025-08-04 19:35:34,773 - ADV_Generation_eps_4.0_steps_100 - INFO - Batch 63/155: Clean accuracy 0.9901 | Adv accuracy: 0.0000 
2025-08-04 19:35:34,794 - ADV_Generation_eps_4.0_steps_100 - INFO - Batch:[63] Adversarial images for this batch already exist
2025-08-04 19:35:35,465 - ADV_Generation_eps_4.0_steps_100 - INFO - Batch 64/155: Clean accuracy 0.9902 | Adv accuracy: 0.0000 
2025-08-04 19:35:35,492 - ADV_Generation_eps_4.0_steps_100 - INFO - Batch:[64] Adversarial images for this batch already exist
2025-08-04 19:35:36,172 - ADV_Generation_eps_4.0_steps_100 - INFO - Batch 65/155: Clean accuracy 0.9904 | Adv accuracy: 0.0000 
2025-08-04 19:35:36,179 - ADV_Generation_eps_4.0_steps_100 - INFO - Batch:[65] Adversarial images for this batch already exist
2025-08-04 19:35:36,942 - ADV_Generation_eps_4.0_steps_100 - INFO - Batch 66/155: Clean accuracy 0.9905 | Adv accuracy: 0.0000 
2025-08-04 19:35:36,950 - ADV_Generation_eps_4.0_steps_100 - INFO - Batch:[66] Adversarial images for this batch already exist
2025-08-04 19:35:37,608 - ADV_Generation_eps_4.0_steps_100 - INFO - Batch 67/155: Clean accuracy 0.9907 | Adv accuracy: 0.0000 
2025-08-04 19:35:37,620 - ADV_Generation_eps_4.0_steps_100 - INFO - Batch:[67] Adversarial images for this batch already exist
2025-08-04 19:35:38,473 - ADV_Generation_eps_4.0_steps_100 - INFO - Batch 68/155: Clean accuracy 0.9899 | Adv accuracy: 0.0000 
2025-08-04 19:35:38,481 - ADV_Generation_eps_4.0_steps_100 - INFO - Batch:[68] Adversarial images for this batch already exist
2025-08-04 19:35:39,237 - ADV_Generation_eps_4.0_steps_100 - INFO - Batch 69/155: Clean accuracy 0.9882 | Adv accuracy: 0.0000 
2025-08-04 19:35:39,247 - ADV_Generation_eps_4.0_steps_100 - INFO - Batch:[69] Adversarial images for this batch already exist
2025-08-04 19:35:40,075 - ADV_Generation_eps_4.0_steps_100 - INFO - Batch 70/155: Clean accuracy 0.9866 | Adv accuracy: 0.0000 
2025-08-04 19:35:40,083 - ADV_Generation_eps_4.0_steps_100 - INFO - Batch:[70] Adversarial images for this batch already exist
2025-08-04 19:35:40,712 - ADV_Generation_eps_4.0_steps_100 - INFO - Batch 71/155: Clean accuracy 0.9868 | Adv accuracy: 0.0000 
2025-08-04 19:35:40,720 - ADV_Generation_eps_4.0_steps_100 - INFO - Batch:[71] Adversarial images for this batch already exist
2025-08-04 19:35:41,344 - ADV_Generation_eps_4.0_steps_100 - INFO - Batch 72/155: Clean accuracy 0.9826 | Adv accuracy: 0.0000 
2025-08-04 19:35:41,353 - ADV_Generation_eps_4.0_steps_100 - INFO - Batch:[72] Adversarial images for this batch already exist
2025-08-04 19:35:42,151 - ADV_Generation_eps_4.0_steps_100 - INFO - Batch 73/155: Clean accuracy 0.9829 | Adv accuracy: 0.0000 
2025-08-04 19:35:42,159 - ADV_Generation_eps_4.0_steps_100 - INFO - Batch:[73] Adversarial images for this batch already exist
2025-08-04 19:35:42,816 - ADV_Generation_eps_4.0_steps_100 - INFO - Batch 74/155: Clean accuracy 0.9831 | Adv accuracy: 0.0000 
2025-08-04 19:35:42,826 - ADV_Generation_eps_4.0_steps_100 - INFO - Batch:[74] Adversarial images for this batch already exist
2025-08-04 19:35:43,568 - ADV_Generation_eps_4.0_steps_100 - INFO - Batch 75/155: Clean accuracy 0.9833 | Adv accuracy: 0.0000 
2025-08-04 19:35:43,576 - ADV_Generation_eps_4.0_steps_100 - INFO - Batch:[75] Adversarial images for this batch already exist
2025-08-04 19:35:44,255 - ADV_Generation_eps_4.0_steps_100 - INFO - Batch 76/155: Clean accuracy 0.9836 | Adv accuracy: 0.0000 
2025-08-04 19:35:44,262 - ADV_Generation_eps_4.0_steps_100 - INFO - Batch:[76] Adversarial images for this batch already exist
2025-08-04 19:35:44,938 - ADV_Generation_eps_4.0_steps_100 - INFO - Batch 77/155: Clean accuracy 0.9838 | Adv accuracy: 0.0000 
2025-08-04 19:35:44,946 - ADV_Generation_eps_4.0_steps_100 - INFO - Batch:[77] Adversarial images for this batch already exist
2025-08-04 19:35:45,624 - ADV_Generation_eps_4.0_steps_100 - INFO - Batch 78/155: Clean accuracy 0.9832 | Adv accuracy: 0.0000 
2025-08-04 19:35:45,632 - ADV_Generation_eps_4.0_steps_100 - INFO - Batch:[78] Adversarial images for this batch already exist
2025-08-04 19:35:46,437 - ADV_Generation_eps_4.0_steps_100 - INFO - Batch 79/155: Clean accuracy 0.9834 | Adv accuracy: 0.0000 
2025-08-04 19:35:46,445 - ADV_Generation_eps_4.0_steps_100 - INFO - Batch:[79] Adversarial images for this batch already exist
2025-08-04 19:35:47,098 - ADV_Generation_eps_4.0_steps_100 - INFO - Batch 80/155: Clean accuracy 0.9836 | Adv accuracy: 0.0000 
2025-08-04 19:35:47,106 - ADV_Generation_eps_4.0_steps_100 - INFO - Batch:[80] Adversarial images for this batch already exist
2025-08-04 19:35:47,809 - ADV_Generation_eps_4.0_steps_100 - INFO - Batch 81/155: Clean accuracy 0.9838 | Adv accuracy: 0.0000 
2025-08-04 19:35:47,819 - ADV_Generation_eps_4.0_steps_100 - INFO - Batch:[81] Adversarial images for this batch already exist
2025-08-04 19:35:48,543 - ADV_Generation_eps_4.0_steps_100 - INFO - Batch 82/155: Clean accuracy 0.9840 | Adv accuracy: 0.0000 
2025-08-04 19:35:48,550 - ADV_Generation_eps_4.0_steps_100 - INFO - Batch:[82] Adversarial images for this batch already exist
2025-08-04 19:35:49,199 - ADV_Generation_eps_4.0_steps_100 - INFO - Batch 83/155: Clean accuracy 0.9842 | Adv accuracy: 0.0000 
2025-08-04 19:35:49,207 - ADV_Generation_eps_4.0_steps_100 - INFO - Batch:[83] Adversarial images for this batch already exist
2025-08-04 19:35:49,880 - ADV_Generation_eps_4.0_steps_100 - INFO - Batch 84/155: Clean accuracy 0.9844 | Adv accuracy: 0.0000 
2025-08-04 19:35:49,890 - ADV_Generation_eps_4.0_steps_100 - INFO - Batch:[84] Adversarial images for this batch already exist
2025-08-04 19:35:50,716 - ADV_Generation_eps_4.0_steps_100 - INFO - Batch 85/155: Clean accuracy 0.9846 | Adv accuracy: 0.0000 
2025-08-04 19:35:50,743 - ADV_Generation_eps_4.0_steps_100 - INFO - Batch:[85] Adversarial images for this batch already exist
2025-08-04 19:35:51,533 - ADV_Generation_eps_4.0_steps_100 - INFO - Batch 86/155: Clean accuracy 0.9847 | Adv accuracy: 0.0000 
2025-08-04 19:35:51,552 - ADV_Generation_eps_4.0_steps_100 - INFO - Batch:[86] Adversarial images for this batch already exist
2025-08-04 19:35:52,300 - ADV_Generation_eps_4.0_steps_100 - INFO - Batch 87/155: Clean accuracy 0.9820 | Adv accuracy: 0.0000 
2025-08-04 19:35:52,308 - ADV_Generation_eps_4.0_steps_100 - INFO - Batch:[87] Adversarial images for this batch already exist
2025-08-04 19:35:52,998 - ADV_Generation_eps_4.0_steps_100 - INFO - Batch 88/155: Clean accuracy 0.9787 | Adv accuracy: 0.0000 
2025-08-04 19:35:53,006 - ADV_Generation_eps_4.0_steps_100 - INFO - Batch:[88] Adversarial images for this batch already exist
2025-08-04 19:35:53,681 - ADV_Generation_eps_4.0_steps_100 - INFO - Batch 89/155: Clean accuracy 0.9775 | Adv accuracy: 0.0000 
2025-08-04 19:35:53,689 - ADV_Generation_eps_4.0_steps_100 - INFO - Batch:[89] Adversarial images for this batch already exist
2025-08-04 19:35:54,354 - ADV_Generation_eps_4.0_steps_100 - INFO - Batch 90/155: Clean accuracy 0.9778 | Adv accuracy: 0.0000 
2025-08-04 19:35:54,361 - ADV_Generation_eps_4.0_steps_100 - INFO - Batch:[90] Adversarial images for this batch already exist
2025-08-04 19:35:55,022 - ADV_Generation_eps_4.0_steps_100 - INFO - Batch 91/155: Clean accuracy 0.9780 | Adv accuracy: 0.0000 
2025-08-04 19:35:55,031 - ADV_Generation_eps_4.0_steps_100 - INFO - Batch:[91] Adversarial images for this batch already exist
2025-08-04 19:35:55,827 - ADV_Generation_eps_4.0_steps_100 - INFO - Batch 92/155: Clean accuracy 0.9783 | Adv accuracy: 0.0000 
2025-08-04 19:35:55,835 - ADV_Generation_eps_4.0_steps_100 - INFO - Batch:[92] Adversarial images for this batch already exist
2025-08-04 19:35:56,500 - ADV_Generation_eps_4.0_steps_100 - INFO - Batch 93/155: Clean accuracy 0.9785 | Adv accuracy: 0.0000 
2025-08-04 19:35:56,509 - ADV_Generation_eps_4.0_steps_100 - INFO - Batch:[93] Adversarial images for this batch already exist
2025-08-04 19:35:57,285 - ADV_Generation_eps_4.0_steps_100 - INFO - Batch 94/155: Clean accuracy 0.9787 | Adv accuracy: 0.0000 
2025-08-04 19:35:57,298 - ADV_Generation_eps_4.0_steps_100 - INFO - Batch:[94] Adversarial images for this batch already exist
2025-08-04 19:35:57,944 - ADV_Generation_eps_4.0_steps_100 - INFO - Batch 95/155: Clean accuracy 0.9789 | Adv accuracy: 0.0000 
2025-08-04 19:35:57,951 - ADV_Generation_eps_4.0_steps_100 - INFO - Batch:[95] Adversarial images for this batch already exist
2025-08-04 19:35:58,675 - ADV_Generation_eps_4.0_steps_100 - INFO - Batch 96/155: Clean accuracy 0.9792 | Adv accuracy: 0.0000 
2025-08-04 19:35:58,692 - ADV_Generation_eps_4.0_steps_100 - INFO - Batch:[96] Adversarial images for this batch already exist
2025-08-04 19:35:59,388 - ADV_Generation_eps_4.0_steps_100 - INFO - Batch 97/155: Clean accuracy 0.9794 | Adv accuracy: 0.0000 
2025-08-04 19:35:59,396 - ADV_Generation_eps_4.0_steps_100 - INFO - Batch:[97] Adversarial images for this batch already exist
2025-08-04 19:36:00,120 - ADV_Generation_eps_4.0_steps_100 - INFO - Batch 98/155: Clean accuracy 0.9796 | Adv accuracy: 0.0000 
2025-08-04 19:36:00,128 - ADV_Generation_eps_4.0_steps_100 - INFO - Batch:[98] Adversarial images for this batch already exist
2025-08-04 19:36:00,891 - ADV_Generation_eps_4.0_steps_100 - INFO - Batch 99/155: Clean accuracy 0.9798 | Adv accuracy: 0.0000 
2025-08-04 19:36:03,066 - ADV_Generation_eps_4.0_steps_100 - INFO - Batch:[99] Adversarial images for this batch already exist
2025-08-04 19:36:03,786 - ADV_Generation_eps_4.0_steps_100 - INFO - Batch 100/155: Clean accuracy 0.9800 | Adv accuracy: 0.0000 
2025-08-04 19:36:03,794 - ADV_Generation_eps_4.0_steps_100 - INFO - Batch:[100] Adversarial images for this batch already exist
2025-08-04 19:36:04,540 - ADV_Generation_eps_4.0_steps_100 - INFO - Batch 101/155: Clean accuracy 0.9802 | Adv accuracy: 0.0000 
2025-08-04 19:36:04,549 - ADV_Generation_eps_4.0_steps_100 - INFO - Batch:[101] Adversarial images for this batch already exist
2025-08-04 19:36:05,334 - ADV_Generation_eps_4.0_steps_100 - INFO - Batch 102/155: Clean accuracy 0.9792 | Adv accuracy: 0.0000 
2025-08-04 19:36:05,342 - ADV_Generation_eps_4.0_steps_100 - INFO - Batch:[102] Adversarial images for this batch already exist
2025-08-04 19:36:06,036 - ADV_Generation_eps_4.0_steps_100 - INFO - Batch 103/155: Clean accuracy 0.9794 | Adv accuracy: 0.0000 
2025-08-04 19:36:06,167 - ADV_Generation_eps_4.0_steps_100 - INFO - Batch:[103] Adversarial images for this batch already exist
2025-08-04 19:36:06,898 - ADV_Generation_eps_4.0_steps_100 - INFO - Batch 104/155: Clean accuracy 0.9778 | Adv accuracy: 0.0000 
2025-08-04 19:36:06,906 - ADV_Generation_eps_4.0_steps_100 - INFO - Batch:[104] Adversarial images for this batch already exist
2025-08-04 19:36:07,610 - ADV_Generation_eps_4.0_steps_100 - INFO - Batch 105/155: Clean accuracy 0.9780 | Adv accuracy: 0.0000 
2025-08-04 19:36:07,618 - ADV_Generation_eps_4.0_steps_100 - INFO - Batch:[105] Adversarial images for this batch already exist
2025-08-04 19:36:08,302 - ADV_Generation_eps_4.0_steps_100 - INFO - Batch 106/155: Clean accuracy 0.9782 | Adv accuracy: 0.0000 
2025-08-04 19:36:08,313 - ADV_Generation_eps_4.0_steps_100 - INFO - Batch:[106] Adversarial images for this batch already exist
2025-08-04 19:36:09,055 - ADV_Generation_eps_4.0_steps_100 - INFO - Batch 107/155: Clean accuracy 0.9778 | Adv accuracy: 0.0000 
2025-08-04 19:36:09,063 - ADV_Generation_eps_4.0_steps_100 - INFO - Batch:[107] Adversarial images for this batch already exist
2025-08-04 19:36:09,867 - ADV_Generation_eps_4.0_steps_100 - INFO - Batch 108/155: Clean accuracy 0.9780 | Adv accuracy: 0.0000 
2025-08-04 19:36:09,875 - ADV_Generation_eps_4.0_steps_100 - INFO - Batch:[108] Adversarial images for this batch already exist
2025-08-04 19:36:10,571 - ADV_Generation_eps_4.0_steps_100 - INFO - Batch 109/155: Clean accuracy 0.9753 | Adv accuracy: 0.0000 
2025-08-04 19:36:10,582 - ADV_Generation_eps_4.0_steps_100 - INFO - Batch:[109] Adversarial images for this batch already exist
2025-08-04 19:36:11,310 - ADV_Generation_eps_4.0_steps_100 - INFO - Batch 110/155: Clean accuracy 0.9733 | Adv accuracy: 0.0000 
2025-08-04 19:36:11,329 - ADV_Generation_eps_4.0_steps_100 - INFO - Batch:[110] Adversarial images for this batch already exist
2025-08-04 19:36:12,072 - ADV_Generation_eps_4.0_steps_100 - INFO - Batch 111/155: Clean accuracy 0.9730 | Adv accuracy: 0.0000 
2025-08-04 19:36:12,080 - ADV_Generation_eps_4.0_steps_100 - INFO - Batch:[111] Adversarial images for this batch already exist
2025-08-04 19:36:12,816 - ADV_Generation_eps_4.0_steps_100 - INFO - Batch 112/155: Clean accuracy 0.9727 | Adv accuracy: 0.0000 
2025-08-04 19:36:12,828 - ADV_Generation_eps_4.0_steps_100 - INFO - Batch:[112] Adversarial images for this batch already exist
2025-08-04 19:36:13,613 - ADV_Generation_eps_4.0_steps_100 - INFO - Batch 113/155: Clean accuracy 0.9729 | Adv accuracy: 0.0000 
2025-08-04 19:36:13,621 - ADV_Generation_eps_4.0_steps_100 - INFO - Batch:[113] Adversarial images for this batch already exist
2025-08-04 19:36:14,331 - ADV_Generation_eps_4.0_steps_100 - INFO - Batch 114/155: Clean accuracy 0.9731 | Adv accuracy: 0.0000 
2025-08-04 19:36:14,339 - ADV_Generation_eps_4.0_steps_100 - INFO - Batch:[114] Adversarial images for this batch already exist
2025-08-04 19:36:15,174 - ADV_Generation_eps_4.0_steps_100 - INFO - Batch 115/155: Clean accuracy 0.9728 | Adv accuracy: 0.0000 
2025-08-04 19:36:15,183 - ADV_Generation_eps_4.0_steps_100 - INFO - Batch:[115] Adversarial images for this batch already exist
2025-08-04 19:36:15,933 - ADV_Generation_eps_4.0_steps_100 - INFO - Batch 116/155: Clean accuracy 0.9731 | Adv accuracy: 0.0000 
2025-08-04 19:36:15,942 - ADV_Generation_eps_4.0_steps_100 - INFO - Batch:[116] Adversarial images for this batch already exist
2025-08-04 19:36:16,727 - ADV_Generation_eps_4.0_steps_100 - INFO - Batch 117/155: Clean accuracy 0.9733 | Adv accuracy: 0.0000 
2025-08-04 19:36:16,749 - ADV_Generation_eps_4.0_steps_100 - INFO - Batch:[117] Adversarial images for this batch already exist
2025-08-04 19:36:17,453 - ADV_Generation_eps_4.0_steps_100 - INFO - Batch 118/155: Clean accuracy 0.9735 | Adv accuracy: 0.0000 
2025-08-04 19:36:17,461 - ADV_Generation_eps_4.0_steps_100 - INFO - Batch:[118] Adversarial images for this batch already exist
2025-08-04 19:36:18,133 - ADV_Generation_eps_4.0_steps_100 - INFO - Batch 119/155: Clean accuracy 0.9737 | Adv accuracy: 0.0000 
2025-08-04 19:36:18,141 - ADV_Generation_eps_4.0_steps_100 - INFO - Batch:[119] Adversarial images for this batch already exist
2025-08-04 19:36:18,856 - ADV_Generation_eps_4.0_steps_100 - INFO - Batch 120/155: Clean accuracy 0.9740 | Adv accuracy: 0.0000 
2025-08-04 19:36:18,873 - ADV_Generation_eps_4.0_steps_100 - INFO - Batch:[120] Adversarial images for this batch already exist
2025-08-04 19:36:19,520 - ADV_Generation_eps_4.0_steps_100 - INFO - Batch 121/155: Clean accuracy 0.9742 | Adv accuracy: 0.0000 
2025-08-04 19:36:19,528 - ADV_Generation_eps_4.0_steps_100 - INFO - Batch:[121] Adversarial images for this batch already exist
2025-08-04 19:36:20,157 - ADV_Generation_eps_4.0_steps_100 - INFO - Batch 122/155: Clean accuracy 0.9744 | Adv accuracy: 0.0000 
2025-08-04 19:36:20,165 - ADV_Generation_eps_4.0_steps_100 - INFO - Batch:[122] Adversarial images for this batch already exist
2025-08-04 19:36:20,955 - ADV_Generation_eps_4.0_steps_100 - INFO - Batch 123/155: Clean accuracy 0.9746 | Adv accuracy: 0.0000 
2025-08-04 19:36:20,963 - ADV_Generation_eps_4.0_steps_100 - INFO - Batch:[123] Adversarial images for this batch already exist
2025-08-04 19:36:21,593 - ADV_Generation_eps_4.0_steps_100 - INFO - Batch 124/155: Clean accuracy 0.9748 | Adv accuracy: 0.0000 
2025-08-04 19:36:21,600 - ADV_Generation_eps_4.0_steps_100 - INFO - Batch:[124] Adversarial images for this batch already exist
2025-08-04 19:36:22,379 - ADV_Generation_eps_4.0_steps_100 - INFO - Batch 125/155: Clean accuracy 0.9750 | Adv accuracy: 0.0000 
2025-08-04 19:36:22,388 - ADV_Generation_eps_4.0_steps_100 - INFO - Batch:[125] Adversarial images for this batch already exist
2025-08-04 19:36:23,038 - ADV_Generation_eps_4.0_steps_100 - INFO - Batch 126/155: Clean accuracy 0.9752 | Adv accuracy: 0.0000 
2025-08-04 19:36:23,050 - ADV_Generation_eps_4.0_steps_100 - INFO - Batch:[126] Adversarial images for this batch already exist
2025-08-04 19:36:23,857 - ADV_Generation_eps_4.0_steps_100 - INFO - Batch 127/155: Clean accuracy 0.9754 | Adv accuracy: 0.0000 
2025-08-04 19:36:23,866 - ADV_Generation_eps_4.0_steps_100 - INFO - Batch:[127] Adversarial images for this batch already exist
2025-08-04 19:36:24,620 - ADV_Generation_eps_4.0_steps_100 - INFO - Batch 128/155: Clean accuracy 0.9746 | Adv accuracy: 0.0000 
2025-08-04 19:36:24,637 - ADV_Generation_eps_4.0_steps_100 - INFO - Batch:[128] Adversarial images for this batch already exist
2025-08-04 19:36:25,383 - ADV_Generation_eps_4.0_steps_100 - INFO - Batch 129/155: Clean accuracy 0.9738 | Adv accuracy: 0.0000 
2025-08-04 19:36:25,390 - ADV_Generation_eps_4.0_steps_100 - INFO - Batch:[129] Adversarial images for this batch already exist
2025-08-04 19:36:26,125 - ADV_Generation_eps_4.0_steps_100 - INFO - Batch 130/155: Clean accuracy 0.9740 | Adv accuracy: 0.0000 
2025-08-04 19:36:26,133 - ADV_Generation_eps_4.0_steps_100 - INFO - Batch:[130] Adversarial images for this batch already exist
2025-08-04 19:36:26,837 - ADV_Generation_eps_4.0_steps_100 - INFO - Batch 131/155: Clean accuracy 0.9742 | Adv accuracy: 0.0000 
2025-08-04 19:36:26,845 - ADV_Generation_eps_4.0_steps_100 - INFO - Batch:[131] Adversarial images for this batch already exist
2025-08-04 19:36:27,557 - ADV_Generation_eps_4.0_steps_100 - INFO - Batch 132/155: Clean accuracy 0.9744 | Adv accuracy: 0.0000 
2025-08-04 19:36:27,565 - ADV_Generation_eps_4.0_steps_100 - INFO - Batch:[132] Adversarial images for this batch already exist
2025-08-04 19:36:28,232 - ADV_Generation_eps_4.0_steps_100 - INFO - Batch 133/155: Clean accuracy 0.9746 | Adv accuracy: 0.0000 
2025-08-04 19:36:28,241 - ADV_Generation_eps_4.0_steps_100 - INFO - Batch:[133] Adversarial images for this batch already exist
2025-08-04 19:36:29,059 - ADV_Generation_eps_4.0_steps_100 - INFO - Batch 134/155: Clean accuracy 0.9748 | Adv accuracy: 0.0000 
2025-08-04 19:36:29,067 - ADV_Generation_eps_4.0_steps_100 - INFO - Batch:[134] Adversarial images for this batch already exist
2025-08-04 19:36:29,849 - ADV_Generation_eps_4.0_steps_100 - INFO - Batch 135/155: Clean accuracy 0.9750 | Adv accuracy: 0.0000 
2025-08-04 19:36:29,864 - ADV_Generation_eps_4.0_steps_100 - INFO - Batch:[135] Adversarial images for this batch already exist
2025-08-04 19:36:30,547 - ADV_Generation_eps_4.0_steps_100 - INFO - Batch 136/155: Clean accuracy 0.9752 | Adv accuracy: 0.0000 
2025-08-04 19:36:30,564 - ADV_Generation_eps_4.0_steps_100 - INFO - Batch:[136] Adversarial images for this batch already exist
2025-08-04 19:36:31,273 - ADV_Generation_eps_4.0_steps_100 - INFO - Batch 137/155: Clean accuracy 0.9754 | Adv accuracy: 0.0000 
2025-08-04 19:36:31,282 - ADV_Generation_eps_4.0_steps_100 - INFO - Batch:[137] Adversarial images for this batch already exist
2025-08-04 19:36:31,930 - ADV_Generation_eps_4.0_steps_100 - INFO - Batch 138/155: Clean accuracy 0.9755 | Adv accuracy: 0.0000 
2025-08-04 19:36:31,938 - ADV_Generation_eps_4.0_steps_100 - INFO - Batch:[138] Adversarial images for this batch already exist
2025-08-04 19:36:32,692 - ADV_Generation_eps_4.0_steps_100 - INFO - Batch 139/155: Clean accuracy 0.9757 | Adv accuracy: 0.0000 
2025-08-04 19:36:32,701 - ADV_Generation_eps_4.0_steps_100 - INFO - Batch:[139] Adversarial images for this batch already exist
2025-08-04 19:36:33,710 - ADV_Generation_eps_4.0_steps_100 - INFO - Batch 140/155: Clean accuracy 0.9759 | Adv accuracy: 0.0000 
2025-08-04 19:36:33,717 - ADV_Generation_eps_4.0_steps_100 - INFO - Batch:[140] Adversarial images for this batch already exist
2025-08-04 19:36:34,492 - ADV_Generation_eps_4.0_steps_100 - INFO - Batch 141/155: Clean accuracy 0.9761 | Adv accuracy: 0.0000 
2025-08-04 19:36:34,499 - ADV_Generation_eps_4.0_steps_100 - INFO - Batch:[141] Adversarial images for this batch already exist
2025-08-04 19:36:35,192 - ADV_Generation_eps_4.0_steps_100 - INFO - Batch 142/155: Clean accuracy 0.9762 | Adv accuracy: 0.0000 
2025-08-04 19:36:35,200 - ADV_Generation_eps_4.0_steps_100 - INFO - Batch:[142] Adversarial images for this batch already exist
2025-08-04 19:36:36,083 - ADV_Generation_eps_4.0_steps_100 - INFO - Batch 143/155: Clean accuracy 0.9764 | Adv accuracy: 0.0000 
2025-08-04 19:36:36,091 - ADV_Generation_eps_4.0_steps_100 - INFO - Batch:[143] Adversarial images for this batch already exist
2025-08-04 19:36:36,840 - ADV_Generation_eps_4.0_steps_100 - INFO - Batch 144/155: Clean accuracy 0.9761 | Adv accuracy: 0.0000 
2025-08-04 19:36:36,848 - ADV_Generation_eps_4.0_steps_100 - INFO - Batch:[144] Adversarial images for this batch already exist
2025-08-04 19:36:37,678 - ADV_Generation_eps_4.0_steps_100 - INFO - Batch 145/155: Clean accuracy 0.9763 | Adv accuracy: 0.0000 
2025-08-04 19:36:37,687 - ADV_Generation_eps_4.0_steps_100 - INFO - Batch:[145] Adversarial images for this batch already exist
2025-08-04 19:36:38,403 - ADV_Generation_eps_4.0_steps_100 - INFO - Batch 146/155: Clean accuracy 0.9765 | Adv accuracy: 0.0004 
2025-08-04 19:36:38,417 - ADV_Generation_eps_4.0_steps_100 - INFO - Batch:[146] Adversarial images for this batch already exist
2025-08-04 19:36:39,107 - ADV_Generation_eps_4.0_steps_100 - INFO - Batch 147/155: Clean accuracy 0.9766 | Adv accuracy: 0.0004 
2025-08-04 19:36:39,123 - ADV_Generation_eps_4.0_steps_100 - INFO - Batch:[147] Adversarial images for this batch already exist
2025-08-04 19:36:39,764 - ADV_Generation_eps_4.0_steps_100 - INFO - Batch 148/155: Clean accuracy 0.9768 | Adv accuracy: 0.0004 
2025-08-04 19:36:39,772 - ADV_Generation_eps_4.0_steps_100 - INFO - Batch:[148] Adversarial images for this batch already exist
2025-08-04 19:36:40,418 - ADV_Generation_eps_4.0_steps_100 - INFO - Batch 149/155: Clean accuracy 0.9761 | Adv accuracy: 0.0004 
2025-08-04 19:36:40,426 - ADV_Generation_eps_4.0_steps_100 - INFO - Batch:[149] Adversarial images for this batch already exist
2025-08-04 19:36:41,132 - ADV_Generation_eps_4.0_steps_100 - INFO - Batch 150/155: Clean accuracy 0.9758 | Adv accuracy: 0.0004 
2025-08-04 19:36:41,142 - ADV_Generation_eps_4.0_steps_100 - INFO - Batch:[150] Adversarial images for this batch already exist
2025-08-04 19:36:41,906 - ADV_Generation_eps_4.0_steps_100 - INFO - Batch 151/155: Clean accuracy 0.9760 | Adv accuracy: 0.0004 
2025-08-04 19:36:41,915 - ADV_Generation_eps_4.0_steps_100 - INFO - Batch:[151] Adversarial images for this batch already exist
2025-08-04 19:36:42,740 - ADV_Generation_eps_4.0_steps_100 - INFO - Batch 152/155: Clean accuracy 0.9757 | Adv accuracy: 0.0004 
2025-08-04 19:36:42,747 - ADV_Generation_eps_4.0_steps_100 - INFO - Batch:[152] Adversarial images for this batch already exist
2025-08-04 19:36:43,446 - ADV_Generation_eps_4.0_steps_100 - INFO - Batch 153/155: Clean accuracy 0.9759 | Adv accuracy: 0.0004 
2025-08-04 19:36:43,454 - ADV_Generation_eps_4.0_steps_100 - INFO - Batch:[153] Adversarial images for this batch already exist
2025-08-04 19:36:44,266 - ADV_Generation_eps_4.0_steps_100 - INFO - Batch 154/155: Clean accuracy 0.9761 | Adv accuracy: 0.0008 
2025-08-04 19:36:44,269 - ADV_Generation_eps_4.0_steps_100 - INFO - Batch:[154] Adversarial images for this batch already exist
2025-08-04 19:36:44,893 - ADV_Generation_eps_4.0_steps_100 - INFO - Batch 155/155: Clean accuracy 0.9761 | Adv accuracy: 0.0008 
2025-08-04 19:36:44,943 - ADV_Generation_eps_4.0_steps_100 - INFO - Original accuracy: 0.9761
2025-08-04 19:36:44,943 - ADV_Generation_eps_4.0_steps_100 - INFO - Adversarial accuracy: 0.0008
2025-08-04 19:36:44,952 - ADV_Generation_eps_4.0_steps_100 - INFO - Adversarial image generation completed. Results
