2026-02-05 18:53:03,868 - ADV_Generation_eps_1.0_steps_10_Added_Noise_gaussian_Sigma_0.06_Tau_Type_noisy - INFO - ==========================================
data:/leonardo_work/EUHPC_R04_192/fmohamma/Adversarial_Robust_Clip/atpt_data/downstream_datasets
test_sets:Aircraft
dataset_mode:test
arch:ViT-L/14
resolution:224
transferability:False
source_model:fare4
workers:4
no_pin_memory:False
batch_size:1
adv_bs:1
print_freq:20
gpu:0
no_cudnn_benchmark:False
n_ctx:4
ctx_init:a_photo_of_a
seed:0
output_dir:/leonardo_work/EUHPC_R04_192/fmohamma/Adversarial_Robust_Clip/atpt_data/ViT-L/14/Aircraft
log_output_dir:/leonardo_work/EUHPC_R04_192/fmohamma/Adversarial_Robust_Clip/ATPT/Diffratio_Adv_gen_Results/ViT-L/14/Aircraft/ADV_Generation_eps_1.0_steps_10_Added_Noise_gaussian_Sigma_0.06_Tau_Type_noisy
image_only_attack:False
image_only_attack_type:prm
image_predicted_label_attack:False
eps:1.0
alpha:0.25
alpha_eps_ratio:4.0
steps:10
counter_attack:True
counter_attack_type:pgd
counter_attack_steps:0
counter_attack_eps:1.0
counter_attack_alpha:1.0
counter_attack_tau_thres:0.2
counter_attack_beta:2.0
counter_attack_weighted_perturbations:True
counter_attack_init_noise:gaussian
counter_attack_gaussian_sigma:0.06
counter_attack_noisy_tau_num_anchors:10
counter_attack_tau:noisy
pgd_clip_pure_i_text_embeddings:null
pgd_counter_and_clipure_i_lamda:1.0
image_feature_purify:False
image_feature_purify_type:noisy_anchor
image_feature_purify_noisy_anchors:10
image_feature_purify_anchors_alpha:1.2
image_feature_purify_noisy_sigma:0.18
image_feature_purify_diff_threshold:0.0
image_feature_clipure_steps:10
image_feature_clipure_step_size:10.0
save_plots:False
lr:0.005
selection_p:0.1
tta_steps:1
top_k:20
softmax_temp:0.01
load_tecoa:

2026-02-05 18:53:03,869 - ADV_Generation_eps_1.0_steps_10_Added_Noise_gaussian_Sigma_0.06_Tau_Type_noisy - INFO - Use GPU: 0 for training
2026-02-05 18:53:35,151 - ADV_Generation_eps_1.0_steps_10_Added_Noise_gaussian_Sigma_0.06_Tau_Type_noisy - INFO - => Model created: visual backbone ViT-L/14
2026-02-05 18:53:35,355 - ADV_Generation_eps_1.0_steps_10_Added_Noise_gaussian_Sigma_0.06_Tau_Type_noisy - INFO - Number of test samples: 3333
2026-02-05 18:53:35,356 - ADV_Generation_eps_1.0_steps_10_Added_Noise_gaussian_Sigma_0.06_Tau_Type_noisy - INFO - Evaluating dataset: Aircraft
2026-02-05 18:53:35,357 - ADV_Generation_eps_1.0_steps_10_Added_Noise_gaussian_Sigma_0.06_Tau_Type_noisy - INFO - Starting evaluation with batch size: 1, selection percentage: 0.1
2026-02-05 18:53:35,357 - ADV_Generation_eps_1.0_steps_10_Added_Noise_gaussian_Sigma_0.06_Tau_Type_noisy - INFO - Using counter-attack with epsilon: 1.000000, alpha: 1.000000, steps: 0
2026-02-05 18:53:35,357 - ADV_Generation_eps_1.0_steps_10_Added_Noise_gaussian_Sigma_0.06_Tau_Type_noisy - INFO - Adversarial examples will be loaded from /leonardo_work/EUHPC_R04_192/fmohamma/Adversarial_Robust_Clip/atpt_data/ViT-L/14/Aircraft/adv_images_eps_1.0_alpha_0.25_steps_10 and evaluated on ViT-L/14
2026-02-05 18:53:35,359 - ADV_Generation_eps_1.0_steps_10_Added_Noise_gaussian_Sigma_0.06_Tau_Type_noisy - INFO - Using directory for adversarial images: /leonardo_work/EUHPC_R04_192/fmohamma/Adversarial_Robust_Clip/atpt_data/ViT-L/14/Aircraft/adv_images_eps_1.0_alpha_0.25_steps_10
2026-02-05 18:53:36,879 - ADV_Generation_eps_1.0_steps_10_Added_Noise_gaussian_Sigma_0.06_Tau_Type_noisy - INFO - Batch:[0] Adversarial images for this batch already exist
2026-02-05 18:53:49,346 - ADV_Generation_eps_1.0_steps_10_Added_Noise_gaussian_Sigma_0.06_Tau_Type_noisy - INFO - Batch 1/3333: Clean accuracy 1.0000 | Adv accuracy: 0.0000 | Counter-attack accuracy: 0.0000
2026-02-05 18:53:49,348 - ADV_Generation_eps_1.0_steps_10_Added_Noise_gaussian_Sigma_0.06_Tau_Type_noisy - INFO - Batch:[1] Adversarial images for this batch already exist
2026-02-05 18:53:49,688 - ADV_Generation_eps_1.0_steps_10_Added_Noise_gaussian_Sigma_0.06_Tau_Type_noisy - INFO - Batch 2/3333: Clean accuracy 0.5000 | Adv accuracy: 0.0000 | Counter-attack accuracy: 0.0000
2026-02-05 18:53:49,690 - ADV_Generation_eps_1.0_steps_10_Added_Noise_gaussian_Sigma_0.06_Tau_Type_noisy - INFO - Batch:[2] Adversarial images for this batch already exist
2026-02-05 18:53:50,044 - ADV_Generation_eps_1.0_steps_10_Added_Noise_gaussian_Sigma_0.06_Tau_Type_noisy - INFO - Batch 3/3333: Clean accuracy 0.3333 | Adv accuracy: 0.0000 | Counter-attack accuracy: 0.0000
2026-02-05 18:53:50,045 - ADV_Generation_eps_1.0_steps_10_Added_Noise_gaussian_Sigma_0.06_Tau_Type_noisy - INFO - Batch:[3] Adversarial images for this batch already exist
2026-02-05 18:53:50,377 - ADV_Generation_eps_1.0_steps_10_Added_Noise_gaussian_Sigma_0.06_Tau_Type_noisy - INFO - Batch 4/3333: Clean accuracy 0.2500 | Adv accuracy: 0.0000 | Counter-attack accuracy: 0.0000
2026-02-05 18:53:50,378 - ADV_Generation_eps_1.0_steps_10_Added_Noise_gaussian_Sigma_0.06_Tau_Type_noisy - INFO - Batch:[4] Adversarial images for this batch already exist
2026-02-05 18:53:50,723 - ADV_Generation_eps_1.0_steps_10_Added_Noise_gaussian_Sigma_0.06_Tau_Type_noisy - INFO - Batch 5/3333: Clean accuracy 0.2000 | Adv accuracy: 0.0000 | Counter-attack accuracy: 0.0000
2026-02-05 18:53:50,724 - ADV_Generation_eps_1.0_steps_10_Added_Noise_gaussian_Sigma_0.06_Tau_Type_noisy - INFO - Batch:[5] Adversarial images for this batch already exist
2026-02-05 18:53:51,064 - ADV_Generation_eps_1.0_steps_10_Added_Noise_gaussian_Sigma_0.06_Tau_Type_noisy - INFO - Batch 6/3333: Clean accuracy 0.1667 | Adv accuracy: 0.0000 | Counter-attack accuracy: 0.0000
2026-02-05 18:53:51,065 - ADV_Generation_eps_1.0_steps_10_Added_Noise_gaussian_Sigma_0.06_Tau_Type_noisy - INFO - Batch:[6] Adversarial images for this batch already exist
2026-02-05 18:53:51,400 - ADV_Generation_eps_1.0_steps_10_Added_Noise_gaussian_Sigma_0.06_Tau_Type_noisy - INFO - Batch 7/3333: Clean accuracy 0.2857 | Adv accuracy: 0.0000 | Counter-attack accuracy: 0.0000
2026-02-05 18:53:51,402 - ADV_Generation_eps_1.0_steps_10_Added_Noise_gaussian_Sigma_0.06_Tau_Type_noisy - INFO - Batch:[7] Adversarial images for this batch already exist
2026-02-05 18:53:51,782 - ADV_Generation_eps_1.0_steps_10_Added_Noise_gaussian_Sigma_0.06_Tau_Type_noisy - INFO - Batch 8/3333: Clean accuracy 0.3750 | Adv accuracy: 0.0000 | Counter-attack accuracy: 0.0000
2026-02-05 18:53:51,783 - ADV_Generation_eps_1.0_steps_10_Added_Noise_gaussian_Sigma_0.06_Tau_Type_noisy - INFO - Batch:[8] Adversarial images for this batch already exist
2026-02-05 18:53:52,118 - ADV_Generation_eps_1.0_steps_10_Added_Noise_gaussian_Sigma_0.06_Tau_Type_noisy - INFO - Batch 9/3333: Clean accuracy 0.3333 | Adv accuracy: 0.0000 | Counter-attack accuracy: 0.0000
2026-02-05 18:53:52,121 - ADV_Generation_eps_1.0_steps_10_Added_Noise_gaussian_Sigma_0.06_Tau_Type_noisy - INFO - Batch:[9] Adversarial images for this batch already exist
2026-02-05 18:53:52,468 - ADV_Generation_eps_1.0_steps_10_Added_Noise_gaussian_Sigma_0.06_Tau_Type_noisy - INFO - Batch 10/3333: Clean accuracy 0.3000 | Adv accuracy: 0.0000 | Counter-attack accuracy: 0.0000
2026-02-05 18:53:52,469 - ADV_Generation_eps_1.0_steps_10_Added_Noise_gaussian_Sigma_0.06_Tau_Type_noisy - INFO - Batch:[10] Adversarial images for this batch already exist
2026-02-05 18:53:52,811 - ADV_Generation_eps_1.0_steps_10_Added_Noise_gaussian_Sigma_0.06_Tau_Type_noisy - INFO - Batch 11/3333: Clean accuracy 0.2727 | Adv accuracy: 0.0000 | Counter-attack accuracy: 0.0000
2026-02-05 18:53:52,812 - ADV_Generation_eps_1.0_steps_10_Added_Noise_gaussian_Sigma_0.06_Tau_Type_noisy - INFO - Batch:[11] Adversarial images for this batch already exist
2026-02-05 18:53:53,151 - ADV_Generation_eps_1.0_steps_10_Added_Noise_gaussian_Sigma_0.06_Tau_Type_noisy - INFO - Batch 12/3333: Clean accuracy 0.3333 | Adv accuracy: 0.0000 | Counter-attack accuracy: 0.0000
2026-02-05 18:53:53,152 - ADV_Generation_eps_1.0_steps_10_Added_Noise_gaussian_Sigma_0.06_Tau_Type_noisy - INFO - Batch:[12] Adversarial images for this batch already exist
2026-02-05 18:53:53,486 - ADV_Generation_eps_1.0_steps_10_Added_Noise_gaussian_Sigma_0.06_Tau_Type_noisy - INFO - Batch 13/3333: Clean accuracy 0.3077 | Adv accuracy: 0.0000 | Counter-attack accuracy: 0.0000
2026-02-05 18:53:53,488 - ADV_Generation_eps_1.0_steps_10_Added_Noise_gaussian_Sigma_0.06_Tau_Type_noisy - INFO - Batch:[13] Adversarial images for this batch already exist
2026-02-05 18:53:53,830 - ADV_Generation_eps_1.0_steps_10_Added_Noise_gaussian_Sigma_0.06_Tau_Type_noisy - INFO - Batch 14/3333: Clean accuracy 0.2857 | Adv accuracy: 0.0000 | Counter-attack accuracy: 0.0000
2026-02-05 18:53:53,832 - ADV_Generation_eps_1.0_steps_10_Added_Noise_gaussian_Sigma_0.06_Tau_Type_noisy - INFO - Batch:[14] Adversarial images for this batch already exist
2026-02-05 18:53:54,176 - ADV_Generation_eps_1.0_steps_10_Added_Noise_gaussian_Sigma_0.06_Tau_Type_noisy - INFO - Batch 15/3333: Clean accuracy 0.3333 | Adv accuracy: 0.0000 | Counter-attack accuracy: 0.0000
2026-02-05 18:53:54,177 - ADV_Generation_eps_1.0_steps_10_Added_Noise_gaussian_Sigma_0.06_Tau_Type_noisy - INFO - Batch:[15] Adversarial images for this batch already exist
2026-02-05 18:53:54,515 - ADV_Generation_eps_1.0_steps_10_Added_Noise_gaussian_Sigma_0.06_Tau_Type_noisy - INFO - Batch 16/3333: Clean accuracy 0.3750 | Adv accuracy: 0.0000 | Counter-attack accuracy: 0.0000
2026-02-05 18:53:54,516 - ADV_Generation_eps_1.0_steps_10_Added_Noise_gaussian_Sigma_0.06_Tau_Type_noisy - INFO - Batch:[16] Adversarial images for this batch already exist
2026-02-05 18:53:54,854 - ADV_Generation_eps_1.0_steps_10_Added_Noise_gaussian_Sigma_0.06_Tau_Type_noisy - INFO - Batch 17/3333: Clean accuracy 0.3529 | Adv accuracy: 0.0000 | Counter-attack accuracy: 0.0000
2026-02-05 18:53:54,856 - ADV_Generation_eps_1.0_steps_10_Added_Noise_gaussian_Sigma_0.06_Tau_Type_noisy - INFO - Batch:[17] Adversarial images for this batch already exist
2026-02-05 18:53:55,193 - ADV_Generation_eps_1.0_steps_10_Added_Noise_gaussian_Sigma_0.06_Tau_Type_noisy - INFO - Batch 18/3333: Clean accuracy 0.3333 | Adv accuracy: 0.0000 | Counter-attack accuracy: 0.0000
2026-02-05 18:53:55,194 - ADV_Generation_eps_1.0_steps_10_Added_Noise_gaussian_Sigma_0.06_Tau_Type_noisy - INFO - Batch:[18] Adversarial images for this batch already exist
2026-02-05 18:53:55,538 - ADV_Generation_eps_1.0_steps_10_Added_Noise_gaussian_Sigma_0.06_Tau_Type_noisy - INFO - Batch 19/3333: Clean accuracy 0.3684 | Adv accuracy: 0.0000 | Counter-attack accuracy: 0.0000
2026-02-05 18:53:55,539 - ADV_Generation_eps_1.0_steps_10_Added_Noise_gaussian_Sigma_0.06_Tau_Type_noisy - INFO - Batch:[19] Adversarial images for this batch already exist
2026-02-05 18:53:55,879 - ADV_Generation_eps_1.0_steps_10_Added_Noise_gaussian_Sigma_0.06_Tau_Type_noisy - INFO - Batch 20/3333: Clean accuracy 0.3500 | Adv accuracy: 0.0000 | Counter-attack accuracy: 0.0000
2026-02-05 18:53:55,880 - ADV_Generation_eps_1.0_steps_10_Added_Noise_gaussian_Sigma_0.06_Tau_Type_noisy - INFO - Batch:[20] Adversarial images for this batch already exist
2026-02-05 18:53:56,229 - ADV_Generation_eps_1.0_steps_10_Added_Noise_gaussian_Sigma_0.06_Tau_Type_noisy - INFO - Batch 21/3333: Clean accuracy 0.3333 | Adv accuracy: 0.0000 | Counter-attack accuracy: 0.0000
2026-02-05 18:53:56,230 - ADV_Generation_eps_1.0_steps_10_Added_Noise_gaussian_Sigma_0.06_Tau_Type_noisy - INFO - Batch:[21] Adversarial images for this batch already exist
2026-02-05 18:53:56,594 - ADV_Generation_eps_1.0_steps_10_Added_Noise_gaussian_Sigma_0.06_Tau_Type_noisy - INFO - Batch 22/3333: Clean accuracy 0.3182 | Adv accuracy: 0.0000 | Counter-attack accuracy: 0.0000
2026-02-05 18:53:56,596 - ADV_Generation_eps_1.0_steps_10_Added_Noise_gaussian_Sigma_0.06_Tau_Type_noisy - INFO - Batch:[22] Adversarial images for this batch already exist
2026-02-05 18:53:56,929 - ADV_Generation_eps_1.0_steps_10_Added_Noise_gaussian_Sigma_0.06_Tau_Type_noisy - INFO - Batch 23/3333: Clean accuracy 0.3478 | Adv accuracy: 0.0000 | Counter-attack accuracy: 0.0000
2026-02-05 18:53:56,930 - ADV_Generation_eps_1.0_steps_10_Added_Noise_gaussian_Sigma_0.06_Tau_Type_noisy - INFO - Batch:[23] Adversarial images for this batch already exist
2026-02-05 18:53:57,308 - ADV_Generation_eps_1.0_steps_10_Added_Noise_gaussian_Sigma_0.06_Tau_Type_noisy - INFO - Batch 24/3333: Clean accuracy 0.3333 | Adv accuracy: 0.0000 | Counter-attack accuracy: 0.0000
2026-02-05 18:53:57,310 - ADV_Generation_eps_1.0_steps_10_Added_Noise_gaussian_Sigma_0.06_Tau_Type_noisy - INFO - Batch:[24] Adversarial images for this batch already exist
2026-02-05 18:53:57,652 - ADV_Generation_eps_1.0_steps_10_Added_Noise_gaussian_Sigma_0.06_Tau_Type_noisy - INFO - Batch 25/3333: Clean accuracy 0.3200 | Adv accuracy: 0.0000 | Counter-attack accuracy: 0.0000
2026-02-05 18:53:57,653 - ADV_Generation_eps_1.0_steps_10_Added_Noise_gaussian_Sigma_0.06_Tau_Type_noisy - INFO - Batch:[25] Adversarial images for this batch already exist
2026-02-05 18:53:58,000 - ADV_Generation_eps_1.0_steps_10_Added_Noise_gaussian_Sigma_0.06_Tau_Type_noisy - INFO - Batch 26/3333: Clean accuracy 0.3077 | Adv accuracy: 0.0000 | Counter-attack accuracy: 0.0000
2026-02-05 18:53:58,002 - ADV_Generation_eps_1.0_steps_10_Added_Noise_gaussian_Sigma_0.06_Tau_Type_noisy - INFO - Batch:[26] Adversarial images for this batch already exist
2026-02-05 18:53:58,381 - ADV_Generation_eps_1.0_steps_10_Added_Noise_gaussian_Sigma_0.06_Tau_Type_noisy - INFO - Batch 27/3333: Clean accuracy 0.3333 | Adv accuracy: 0.0000 | Counter-attack accuracy: 0.0000
2026-02-05 18:53:58,384 - ADV_Generation_eps_1.0_steps_10_Added_Noise_gaussian_Sigma_0.06_Tau_Type_noisy - INFO - Batch:[27] Adversarial images for this batch already exist
2026-02-05 18:53:58,721 - ADV_Generation_eps_1.0_steps_10_Added_Noise_gaussian_Sigma_0.06_Tau_Type_noisy - INFO - Batch 28/3333: Clean accuracy 0.3571 | Adv accuracy: 0.0000 | Counter-attack accuracy: 0.0000
2026-02-05 18:53:58,723 - ADV_Generation_eps_1.0_steps_10_Added_Noise_gaussian_Sigma_0.06_Tau_Type_noisy - INFO - Batch:[28] Adversarial images for this batch already exist
2026-02-05 18:53:59,067 - ADV_Generation_eps_1.0_steps_10_Added_Noise_gaussian_Sigma_0.06_Tau_Type_noisy - INFO - Batch 29/3333: Clean accuracy 0.3448 | Adv accuracy: 0.0000 | Counter-attack accuracy: 0.0000
2026-02-05 18:53:59,069 - ADV_Generation_eps_1.0_steps_10_Added_Noise_gaussian_Sigma_0.06_Tau_Type_noisy - INFO - Batch:[29] Adversarial images for this batch already exist
2026-02-05 18:53:59,413 - ADV_Generation_eps_1.0_steps_10_Added_Noise_gaussian_Sigma_0.06_Tau_Type_noisy - INFO - Batch 30/3333: Clean accuracy 0.3333 | Adv accuracy: 0.0000 | Counter-attack accuracy: 0.0000
2026-02-05 18:53:59,415 - ADV_Generation_eps_1.0_steps_10_Added_Noise_gaussian_Sigma_0.06_Tau_Type_noisy - INFO - Batch:[30] Adversarial images for this batch already exist
2026-02-05 18:53:59,761 - ADV_Generation_eps_1.0_steps_10_Added_Noise_gaussian_Sigma_0.06_Tau_Type_noisy - INFO - Batch 31/3333: Clean accuracy 0.3226 | Adv accuracy: 0.0000 | Counter-attack accuracy: 0.0000
2026-02-05 18:53:59,768 - ADV_Generation_eps_1.0_steps_10_Added_Noise_gaussian_Sigma_0.06_Tau_Type_noisy - INFO - Batch:[31] Adversarial images for this batch already exist
2026-02-05 18:54:00,105 - ADV_Generation_eps_1.0_steps_10_Added_Noise_gaussian_Sigma_0.06_Tau_Type_noisy - INFO - Batch 32/3333: Clean accuracy 0.3438 | Adv accuracy: 0.0000 | Counter-attack accuracy: 0.0000
2026-02-05 18:54:00,106 - ADV_Generation_eps_1.0_steps_10_Added_Noise_gaussian_Sigma_0.06_Tau_Type_noisy - INFO - Batch:[32] Adversarial images for this batch already exist
2026-02-05 18:54:00,445 - ADV_Generation_eps_1.0_steps_10_Added_Noise_gaussian_Sigma_0.06_Tau_Type_noisy - INFO - Batch 33/3333: Clean accuracy 0.3636 | Adv accuracy: 0.0000 | Counter-attack accuracy: 0.0000
2026-02-05 18:54:00,446 - ADV_Generation_eps_1.0_steps_10_Added_Noise_gaussian_Sigma_0.06_Tau_Type_noisy - INFO - Batch:[33] Adversarial images for this batch already exist
2026-02-05 18:54:00,783 - ADV_Generation_eps_1.0_steps_10_Added_Noise_gaussian_Sigma_0.06_Tau_Type_noisy - INFO - Batch 34/3333: Clean accuracy 0.3824 | Adv accuracy: 0.0000 | Counter-attack accuracy: 0.0294
2026-02-05 18:54:00,785 - ADV_Generation_eps_1.0_steps_10_Added_Noise_gaussian_Sigma_0.06_Tau_Type_noisy - INFO - Batch:[34] Adversarial images for this batch already exist
2026-02-05 18:54:01,129 - ADV_Generation_eps_1.0_steps_10_Added_Noise_gaussian_Sigma_0.06_Tau_Type_noisy - INFO - Batch 35/3333: Clean accuracy 0.3714 | Adv accuracy: 0.0000 | Counter-attack accuracy: 0.0286
2026-02-05 18:54:01,130 - ADV_Generation_eps_1.0_steps_10_Added_Noise_gaussian_Sigma_0.06_Tau_Type_noisy - INFO - Batch:[35] Adversarial images for this batch already exist
2026-02-05 18:54:01,469 - ADV_Generation_eps_1.0_steps_10_Added_Noise_gaussian_Sigma_0.06_Tau_Type_noisy - INFO - Batch 36/3333: Clean accuracy 0.3611 | Adv accuracy: 0.0000 | Counter-attack accuracy: 0.0278
2026-02-05 18:54:01,471 - ADV_Generation_eps_1.0_steps_10_Added_Noise_gaussian_Sigma_0.06_Tau_Type_noisy - INFO - Batch:[36] Adversarial images for this batch already exist
2026-02-05 18:54:01,810 - ADV_Generation_eps_1.0_steps_10_Added_Noise_gaussian_Sigma_0.06_Tau_Type_noisy - INFO - Batch 37/3333: Clean accuracy 0.3514 | Adv accuracy: 0.0000 | Counter-attack accuracy: 0.0270
2026-02-05 18:54:01,812 - ADV_Generation_eps_1.0_steps_10_Added_Noise_gaussian_Sigma_0.06_Tau_Type_noisy - INFO - Batch:[37] Adversarial images for this batch already exist
2026-02-05 18:54:02,158 - ADV_Generation_eps_1.0_steps_10_Added_Noise_gaussian_Sigma_0.06_Tau_Type_noisy - INFO - Batch 38/3333: Clean accuracy 0.3421 | Adv accuracy: 0.0000 | Counter-attack accuracy: 0.0263
2026-02-05 18:54:02,160 - ADV_Generation_eps_1.0_steps_10_Added_Noise_gaussian_Sigma_0.06_Tau_Type_noisy - INFO - Batch:[38] Adversarial images for this batch already exist
2026-02-05 18:54:02,496 - ADV_Generation_eps_1.0_steps_10_Added_Noise_gaussian_Sigma_0.06_Tau_Type_noisy - INFO - Batch 39/3333: Clean accuracy 0.3590 | Adv accuracy: 0.0000 | Counter-attack accuracy: 0.0256
2026-02-05 18:54:02,498 - ADV_Generation_eps_1.0_steps_10_Added_Noise_gaussian_Sigma_0.06_Tau_Type_noisy - INFO - Batch:[39] Adversarial images for this batch already exist
2026-02-05 18:54:02,840 - ADV_Generation_eps_1.0_steps_10_Added_Noise_gaussian_Sigma_0.06_Tau_Type_noisy - INFO - Batch 40/3333: Clean accuracy 0.3500 | Adv accuracy: 0.0000 | Counter-attack accuracy: 0.0250
2026-02-05 18:54:02,842 - ADV_Generation_eps_1.0_steps_10_Added_Noise_gaussian_Sigma_0.06_Tau_Type_noisy - INFO - Batch:[40] Adversarial images for this batch already exist
2026-02-05 18:54:03,199 - ADV_Generation_eps_1.0_steps_10_Added_Noise_gaussian_Sigma_0.06_Tau_Type_noisy - INFO - Batch 41/3333: Clean accuracy 0.3415 | Adv accuracy: 0.0000 | Counter-attack accuracy: 0.0244
2026-02-05 18:54:03,201 - ADV_Generation_eps_1.0_steps_10_Added_Noise_gaussian_Sigma_0.06_Tau_Type_noisy - INFO - Batch:[41] Adversarial images for this batch already exist
2026-02-05 18:54:03,539 - ADV_Generation_eps_1.0_steps_10_Added_Noise_gaussian_Sigma_0.06_Tau_Type_noisy - INFO - Batch 42/3333: Clean accuracy 0.3571 | Adv accuracy: 0.0000 | Counter-attack accuracy: 0.0238
2026-02-05 18:54:03,541 - ADV_Generation_eps_1.0_steps_10_Added_Noise_gaussian_Sigma_0.06_Tau_Type_noisy - INFO - Batch:[42] Adversarial images for this batch already exist
2026-02-05 18:54:03,875 - ADV_Generation_eps_1.0_steps_10_Added_Noise_gaussian_Sigma_0.06_Tau_Type_noisy - INFO - Batch 43/3333: Clean accuracy 0.3721 | Adv accuracy: 0.0000 | Counter-attack accuracy: 0.0233
2026-02-05 18:54:03,877 - ADV_Generation_eps_1.0_steps_10_Added_Noise_gaussian_Sigma_0.06_Tau_Type_noisy - INFO - Batch:[43] Adversarial images for this batch already exist
2026-02-05 18:54:04,214 - ADV_Generation_eps_1.0_steps_10_Added_Noise_gaussian_Sigma_0.06_Tau_Type_noisy - INFO - Batch 44/3333: Clean accuracy 0.3864 | Adv accuracy: 0.0000 | Counter-attack accuracy: 0.0227
2026-02-05 18:54:04,215 - ADV_Generation_eps_1.0_steps_10_Added_Noise_gaussian_Sigma_0.06_Tau_Type_noisy - INFO - Batch:[44] Adversarial images for this batch already exist
2026-02-05 18:54:04,602 - ADV_Generation_eps_1.0_steps_10_Added_Noise_gaussian_Sigma_0.06_Tau_Type_noisy - INFO - Batch 45/3333: Clean accuracy 0.3778 | Adv accuracy: 0.0000 | Counter-attack accuracy: 0.0222
2026-02-05 18:54:04,604 - ADV_Generation_eps_1.0_steps_10_Added_Noise_gaussian_Sigma_0.06_Tau_Type_noisy - INFO - Batch:[45] Adversarial images for this batch already exist
2026-02-05 18:54:04,940 - ADV_Generation_eps_1.0_steps_10_Added_Noise_gaussian_Sigma_0.06_Tau_Type_noisy - INFO - Batch 46/3333: Clean accuracy 0.3696 | Adv accuracy: 0.0000 | Counter-attack accuracy: 0.0217
2026-02-05 18:54:04,942 - ADV_Generation_eps_1.0_steps_10_Added_Noise_gaussian_Sigma_0.06_Tau_Type_noisy - INFO - Batch:[46] Adversarial images for this batch already exist
2026-02-05 18:54:05,282 - ADV_Generation_eps_1.0_steps_10_Added_Noise_gaussian_Sigma_0.06_Tau_Type_noisy - INFO - Batch 47/3333: Clean accuracy 0.3830 | Adv accuracy: 0.0000 | Counter-attack accuracy: 0.0426
2026-02-05 18:54:05,285 - ADV_Generation_eps_1.0_steps_10_Added_Noise_gaussian_Sigma_0.06_Tau_Type_noisy - INFO - Batch:[47] Adversarial images for this batch already exist
2026-02-05 18:54:05,628 - ADV_Generation_eps_1.0_steps_10_Added_Noise_gaussian_Sigma_0.06_Tau_Type_noisy - INFO - Batch 48/3333: Clean accuracy 0.3958 | Adv accuracy: 0.0000 | Counter-attack accuracy: 0.0625
2026-02-05 18:54:05,630 - ADV_Generation_eps_1.0_steps_10_Added_Noise_gaussian_Sigma_0.06_Tau_Type_noisy - INFO - Batch:[48] Adversarial images for this batch already exist
2026-02-05 18:54:05,989 - ADV_Generation_eps_1.0_steps_10_Added_Noise_gaussian_Sigma_0.06_Tau_Type_noisy - INFO - Batch 49/3333: Clean accuracy 0.4082 | Adv accuracy: 0.0000 | Counter-attack accuracy: 0.0816
2026-02-05 18:54:05,990 - ADV_Generation_eps_1.0_steps_10_Added_Noise_gaussian_Sigma_0.06_Tau_Type_noisy - INFO - Batch:[49] Adversarial images for this batch already exist
2026-02-05 18:54:06,337 - ADV_Generation_eps_1.0_steps_10_Added_Noise_gaussian_Sigma_0.06_Tau_Type_noisy - INFO - Batch 50/3333: Clean accuracy 0.4000 | Adv accuracy: 0.0000 | Counter-attack accuracy: 0.0800
2026-02-05 18:54:06,338 - ADV_Generation_eps_1.0_steps_10_Added_Noise_gaussian_Sigma_0.06_Tau_Type_noisy - INFO - Batch:[50] Adversarial images for this batch already exist
2026-02-05 18:54:06,687 - ADV_Generation_eps_1.0_steps_10_Added_Noise_gaussian_Sigma_0.06_Tau_Type_noisy - INFO - Batch 51/3333: Clean accuracy 0.3922 | Adv accuracy: 0.0000 | Counter-attack accuracy: 0.0784
2026-02-05 18:54:06,689 - ADV_Generation_eps_1.0_steps_10_Added_Noise_gaussian_Sigma_0.06_Tau_Type_noisy - INFO - Batch:[51] Adversarial images for this batch already exist
2026-02-05 18:54:07,023 - ADV_Generation_eps_1.0_steps_10_Added_Noise_gaussian_Sigma_0.06_Tau_Type_noisy - INFO - Batch 52/3333: Clean accuracy 0.4038 | Adv accuracy: 0.0000 | Counter-attack accuracy: 0.0769
2026-02-05 18:54:07,024 - ADV_Generation_eps_1.0_steps_10_Added_Noise_gaussian_Sigma_0.06_Tau_Type_noisy - INFO - Batch:[52] Adversarial images for this batch already exist
2026-02-05 18:54:07,358 - ADV_Generation_eps_1.0_steps_10_Added_Noise_gaussian_Sigma_0.06_Tau_Type_noisy - INFO - Batch 53/3333: Clean accuracy 0.4151 | Adv accuracy: 0.0000 | Counter-attack accuracy: 0.0755
2026-02-05 18:54:07,359 - ADV_Generation_eps_1.0_steps_10_Added_Noise_gaussian_Sigma_0.06_Tau_Type_noisy - INFO - Batch:[53] Adversarial images for this batch already exist
2026-02-05 18:54:07,704 - ADV_Generation_eps_1.0_steps_10_Added_Noise_gaussian_Sigma_0.06_Tau_Type_noisy - INFO - Batch 54/3333: Clean accuracy 0.4259 | Adv accuracy: 0.0000 | Counter-attack accuracy: 0.0741
2026-02-05 18:54:07,705 - ADV_Generation_eps_1.0_steps_10_Added_Noise_gaussian_Sigma_0.06_Tau_Type_noisy - INFO - Batch:[54] Adversarial images for this batch already exist
2026-02-05 18:54:08,042 - ADV_Generation_eps_1.0_steps_10_Added_Noise_gaussian_Sigma_0.06_Tau_Type_noisy - INFO - Batch 55/3333: Clean accuracy 0.4182 | Adv accuracy: 0.0000 | Counter-attack accuracy: 0.0727
2026-02-05 18:54:08,043 - ADV_Generation_eps_1.0_steps_10_Added_Noise_gaussian_Sigma_0.06_Tau_Type_noisy - INFO - Batch:[55] Adversarial images for this batch already exist
2026-02-05 18:54:08,380 - ADV_Generation_eps_1.0_steps_10_Added_Noise_gaussian_Sigma_0.06_Tau_Type_noisy - INFO - Batch 56/3333: Clean accuracy 0.4286 | Adv accuracy: 0.0000 | Counter-attack accuracy: 0.0714
2026-02-05 18:54:08,381 - ADV_Generation_eps_1.0_steps_10_Added_Noise_gaussian_Sigma_0.06_Tau_Type_noisy - INFO - Batch:[56] Adversarial images for this batch already exist
2026-02-05 18:54:08,714 - ADV_Generation_eps_1.0_steps_10_Added_Noise_gaussian_Sigma_0.06_Tau_Type_noisy - INFO - Batch 57/3333: Clean accuracy 0.4211 | Adv accuracy: 0.0000 | Counter-attack accuracy: 0.0702
2026-02-05 18:54:08,715 - ADV_Generation_eps_1.0_steps_10_Added_Noise_gaussian_Sigma_0.06_Tau_Type_noisy - INFO - Batch:[57] Adversarial images for this batch already exist
2026-02-05 18:54:09,050 - ADV_Generation_eps_1.0_steps_10_Added_Noise_gaussian_Sigma_0.06_Tau_Type_noisy - INFO - Batch 58/3333: Clean accuracy 0.4310 | Adv accuracy: 0.0000 | Counter-attack accuracy: 0.0690
2026-02-05 18:54:09,051 - ADV_Generation_eps_1.0_steps_10_Added_Noise_gaussian_Sigma_0.06_Tau_Type_noisy - INFO - Batch:[58] Adversarial images for this batch already exist
2026-02-05 18:54:09,451 - ADV_Generation_eps_1.0_steps_10_Added_Noise_gaussian_Sigma_0.06_Tau_Type_noisy - INFO - Batch 59/3333: Clean accuracy 0.4237 | Adv accuracy: 0.0000 | Counter-attack accuracy: 0.0678
2026-02-05 18:54:09,453 - ADV_Generation_eps_1.0_steps_10_Added_Noise_gaussian_Sigma_0.06_Tau_Type_noisy - INFO - Batch:[59] Adversarial images for this batch already exist
2026-02-05 18:54:09,788 - ADV_Generation_eps_1.0_steps_10_Added_Noise_gaussian_Sigma_0.06_Tau_Type_noisy - INFO - Batch 60/3333: Clean accuracy 0.4167 | Adv accuracy: 0.0000 | Counter-attack accuracy: 0.0667
2026-02-05 18:54:09,789 - ADV_Generation_eps_1.0_steps_10_Added_Noise_gaussian_Sigma_0.06_Tau_Type_noisy - INFO - Batch:[60] Adversarial images for this batch already exist
2026-02-05 18:54:10,128 - ADV_Generation_eps_1.0_steps_10_Added_Noise_gaussian_Sigma_0.06_Tau_Type_noisy - INFO - Batch 61/3333: Clean accuracy 0.4098 | Adv accuracy: 0.0000 | Counter-attack accuracy: 0.0656
2026-02-05 18:54:10,130 - ADV_Generation_eps_1.0_steps_10_Added_Noise_gaussian_Sigma_0.06_Tau_Type_noisy - INFO - Batch:[61] Adversarial images for this batch already exist
2026-02-05 18:54:10,481 - ADV_Generation_eps_1.0_steps_10_Added_Noise_gaussian_Sigma_0.06_Tau_Type_noisy - INFO - Batch 62/3333: Clean accuracy 0.4194 | Adv accuracy: 0.0000 | Counter-attack accuracy: 0.0806
2026-02-05 18:54:10,483 - ADV_Generation_eps_1.0_steps_10_Added_Noise_gaussian_Sigma_0.06_Tau_Type_noisy - INFO - Batch:[62] Adversarial images for this batch already exist
2026-02-05 18:54:10,825 - ADV_Generation_eps_1.0_steps_10_Added_Noise_gaussian_Sigma_0.06_Tau_Type_noisy - INFO - Batch 63/3333: Clean accuracy 0.4286 | Adv accuracy: 0.0000 | Counter-attack accuracy: 0.0794
2026-02-05 18:54:10,827 - ADV_Generation_eps_1.0_steps_10_Added_Noise_gaussian_Sigma_0.06_Tau_Type_noisy - INFO - Batch:[63] Adversarial images for this batch already exist
2026-02-05 18:54:11,171 - ADV_Generation_eps_1.0_steps_10_Added_Noise_gaussian_Sigma_0.06_Tau_Type_noisy - INFO - Batch 64/3333: Clean accuracy 0.4375 | Adv accuracy: 0.0000 | Counter-attack accuracy: 0.0781
2026-02-05 18:54:11,172 - ADV_Generation_eps_1.0_steps_10_Added_Noise_gaussian_Sigma_0.06_Tau_Type_noisy - INFO - Batch:[64] Adversarial images for this batch already exist
2026-02-05 18:54:11,507 - ADV_Generation_eps_1.0_steps_10_Added_Noise_gaussian_Sigma_0.06_Tau_Type_noisy - INFO - Batch 65/3333: Clean accuracy 0.4308 | Adv accuracy: 0.0000 | Counter-attack accuracy: 0.0769
2026-02-05 18:54:11,508 - ADV_Generation_eps_1.0_steps_10_Added_Noise_gaussian_Sigma_0.06_Tau_Type_noisy - INFO - Batch:[65] Adversarial images for this batch already exist
