2026-02-05 16:38:15,839 - ADV_Generation_eps_1.0_steps_100_Added_Noise_uniform_Eps_24.0_Tau_Type_normal_anchors - INFO - ==========================================
data:/leonardo_work/EUHPC_R04_192/fmohamma/Adversarial_Robust_Clip/atpt_data/downstream_datasets
test_sets:UCF101
dataset_mode:test
arch:fare4
resolution:224
transferability:False
source_model:fare4
workers:4
no_pin_memory:False
batch_size:1
adv_bs:1
print_freq:20
gpu:0
no_cudnn_benchmark:False
n_ctx:4
ctx_init:a_photo_of_a
seed:0
output_dir:/leonardo_work/EUHPC_R04_192/fmohamma/Adversarial_Robust_Clip/atpt_data/fare4/UCF101
log_output_dir:/leonardo_work/EUHPC_R04_192/fmohamma/Adversarial_Robust_Clip/ATPT/Diffratio_Adv_gen_Results/fare4/UCF101/ADV_Generation_eps_1.0_steps_100_Added_Noise_uniform_Eps_24.0_Tau_Type_normal_anchors
image_only_attack:False
image_only_attack_type:prm
image_predicted_label_attack:False
eps:1.0
alpha:0.25
alpha_eps_ratio:4.0
steps:100
counter_attack:True
counter_attack_type:pgd
counter_attack_steps:0
counter_attack_eps:24.0
counter_attack_alpha:1.0
counter_attack_tau_thres:0.2
counter_attack_beta:2.0
counter_attack_weighted_perturbations:True
counter_attack_init_noise:uniform
counter_attack_gaussian_sigma:0.03
counter_attack_noisy_tau_num_anchors:10
counter_attack_tau:normal_anchors
pgd_clip_pure_i_text_embeddings:null
pgd_counter_and_clipure_i_lamda:1.0
image_feature_purify:False
image_feature_purify_type:noisy_anchor
image_feature_purify_noisy_anchors:10
image_feature_purify_anchors_alpha:1.2
image_feature_purify_noisy_sigma:0.18
image_feature_purify_diff_threshold:0.0
image_feature_clipure_steps:10
image_feature_clipure_step_size:10.0
save_plots:False
lr:0.005
selection_p:0.1
tta_steps:1
top_k:20
softmax_temp:0.01
load_tecoa:

2026-02-05 16:38:15,840 - ADV_Generation_eps_1.0_steps_100_Added_Noise_uniform_Eps_24.0_Tau_Type_normal_anchors - INFO - Use GPU: 0 for training
2026-02-05 16:40:51,446 - ADV_Generation_eps_1.0_steps_100_Added_Noise_uniform_Eps_24.0_Tau_Type_normal_anchors - INFO - => Model created: visual backbone fare4
2026-02-05 16:40:51,482 - ADV_Generation_eps_1.0_steps_100_Added_Noise_uniform_Eps_24.0_Tau_Type_normal_anchors - INFO - Number of test samples: 3783
2026-02-05 16:40:51,483 - ADV_Generation_eps_1.0_steps_100_Added_Noise_uniform_Eps_24.0_Tau_Type_normal_anchors - INFO - Evaluating dataset: UCF101
2026-02-05 16:40:51,484 - ADV_Generation_eps_1.0_steps_100_Added_Noise_uniform_Eps_24.0_Tau_Type_normal_anchors - INFO - Starting evaluation with batch size: 1, selection percentage: 0.1
2026-02-05 16:40:51,484 - ADV_Generation_eps_1.0_steps_100_Added_Noise_uniform_Eps_24.0_Tau_Type_normal_anchors - INFO - Using counter-attack with epsilon: 24.000000, alpha: 1.000000, steps: 0
2026-02-05 16:40:51,484 - ADV_Generation_eps_1.0_steps_100_Added_Noise_uniform_Eps_24.0_Tau_Type_normal_anchors - INFO - Adversarial examples will be loaded from /leonardo_work/EUHPC_R04_192/fmohamma/Adversarial_Robust_Clip/atpt_data/fare4/UCF101/adv_images_eps_1.0_alpha_0.25_steps_100 and evaluated on fare4
2026-02-05 16:40:51,486 - ADV_Generation_eps_1.0_steps_100_Added_Noise_uniform_Eps_24.0_Tau_Type_normal_anchors - INFO - Using directory for adversarial images: /leonardo_work/EUHPC_R04_192/fmohamma/Adversarial_Robust_Clip/atpt_data/fare4/UCF101/adv_images_eps_1.0_alpha_0.25_steps_100
2026-02-05 16:40:51,823 - ADV_Generation_eps_1.0_steps_100_Added_Noise_uniform_Eps_24.0_Tau_Type_normal_anchors - INFO - Batch:[0] Adversarial images for this batch already exist
2026-02-05 16:40:53,990 - ADV_Generation_eps_1.0_steps_100_Added_Noise_uniform_Eps_24.0_Tau_Type_normal_anchors - INFO - Batch 1/3783: Clean accuracy 0.0000 | Adv accuracy: 0.0000 | Counter-attack accuracy: 0.0000
2026-02-05 16:40:53,993 - ADV_Generation_eps_1.0_steps_100_Added_Noise_uniform_Eps_24.0_Tau_Type_normal_anchors - INFO - Batch:[1] Adversarial images for this batch already exist
2026-02-05 16:40:54,330 - ADV_Generation_eps_1.0_steps_100_Added_Noise_uniform_Eps_24.0_Tau_Type_normal_anchors - INFO - Batch 2/3783: Clean accuracy 0.5000 | Adv accuracy: 0.5000 | Counter-attack accuracy: 0.5000
2026-02-05 16:40:54,332 - ADV_Generation_eps_1.0_steps_100_Added_Noise_uniform_Eps_24.0_Tau_Type_normal_anchors - INFO - Batch:[2] Adversarial images for this batch already exist
2026-02-05 16:40:54,698 - ADV_Generation_eps_1.0_steps_100_Added_Noise_uniform_Eps_24.0_Tau_Type_normal_anchors - INFO - Batch 3/3783: Clean accuracy 0.6667 | Adv accuracy: 0.6667 | Counter-attack accuracy: 0.6667
2026-02-05 16:40:54,702 - ADV_Generation_eps_1.0_steps_100_Added_Noise_uniform_Eps_24.0_Tau_Type_normal_anchors - INFO - Batch:[3] Adversarial images for this batch already exist
2026-02-05 16:40:55,049 - ADV_Generation_eps_1.0_steps_100_Added_Noise_uniform_Eps_24.0_Tau_Type_normal_anchors - INFO - Batch 4/3783: Clean accuracy 0.7500 | Adv accuracy: 0.7500 | Counter-attack accuracy: 0.7500
2026-02-05 16:40:55,050 - ADV_Generation_eps_1.0_steps_100_Added_Noise_uniform_Eps_24.0_Tau_Type_normal_anchors - INFO - Batch:[4] Adversarial images for this batch already exist
2026-02-05 16:40:55,388 - ADV_Generation_eps_1.0_steps_100_Added_Noise_uniform_Eps_24.0_Tau_Type_normal_anchors - INFO - Batch 5/3783: Clean accuracy 0.8000 | Adv accuracy: 0.8000 | Counter-attack accuracy: 0.8000
2026-02-05 16:40:55,390 - ADV_Generation_eps_1.0_steps_100_Added_Noise_uniform_Eps_24.0_Tau_Type_normal_anchors - INFO - Batch:[5] Adversarial images for this batch already exist
2026-02-05 16:40:55,728 - ADV_Generation_eps_1.0_steps_100_Added_Noise_uniform_Eps_24.0_Tau_Type_normal_anchors - INFO - Batch 6/3783: Clean accuracy 0.8333 | Adv accuracy: 0.8333 | Counter-attack accuracy: 0.8333
2026-02-05 16:40:55,730 - ADV_Generation_eps_1.0_steps_100_Added_Noise_uniform_Eps_24.0_Tau_Type_normal_anchors - INFO - Batch:[6] Adversarial images for this batch already exist
2026-02-05 16:40:56,069 - ADV_Generation_eps_1.0_steps_100_Added_Noise_uniform_Eps_24.0_Tau_Type_normal_anchors - INFO - Batch 7/3783: Clean accuracy 0.8571 | Adv accuracy: 0.8571 | Counter-attack accuracy: 0.8571
2026-02-05 16:40:56,071 - ADV_Generation_eps_1.0_steps_100_Added_Noise_uniform_Eps_24.0_Tau_Type_normal_anchors - INFO - Batch:[7] Adversarial images for this batch already exist
2026-02-05 16:40:56,408 - ADV_Generation_eps_1.0_steps_100_Added_Noise_uniform_Eps_24.0_Tau_Type_normal_anchors - INFO - Batch 8/3783: Clean accuracy 0.8750 | Adv accuracy: 0.8750 | Counter-attack accuracy: 0.8750
2026-02-05 16:40:56,410 - ADV_Generation_eps_1.0_steps_100_Added_Noise_uniform_Eps_24.0_Tau_Type_normal_anchors - INFO - Batch:[8] Adversarial images for this batch already exist
2026-02-05 16:40:56,747 - ADV_Generation_eps_1.0_steps_100_Added_Noise_uniform_Eps_24.0_Tau_Type_normal_anchors - INFO - Batch 9/3783: Clean accuracy 0.8889 | Adv accuracy: 0.8889 | Counter-attack accuracy: 0.8889
2026-02-05 16:40:56,749 - ADV_Generation_eps_1.0_steps_100_Added_Noise_uniform_Eps_24.0_Tau_Type_normal_anchors - INFO - Batch:[9] Adversarial images for this batch already exist
2026-02-05 16:40:57,103 - ADV_Generation_eps_1.0_steps_100_Added_Noise_uniform_Eps_24.0_Tau_Type_normal_anchors - INFO - Batch 10/3783: Clean accuracy 0.9000 | Adv accuracy: 0.9000 | Counter-attack accuracy: 0.8000
2026-02-05 16:40:57,105 - ADV_Generation_eps_1.0_steps_100_Added_Noise_uniform_Eps_24.0_Tau_Type_normal_anchors - INFO - Batch:[10] Adversarial images for this batch already exist
2026-02-05 16:40:57,449 - ADV_Generation_eps_1.0_steps_100_Added_Noise_uniform_Eps_24.0_Tau_Type_normal_anchors - INFO - Batch 11/3783: Clean accuracy 0.9091 | Adv accuracy: 0.9091 | Counter-attack accuracy: 0.8182
2026-02-05 16:40:57,452 - ADV_Generation_eps_1.0_steps_100_Added_Noise_uniform_Eps_24.0_Tau_Type_normal_anchors - INFO - Batch:[11] Adversarial images for this batch already exist
2026-02-05 16:40:57,791 - ADV_Generation_eps_1.0_steps_100_Added_Noise_uniform_Eps_24.0_Tau_Type_normal_anchors - INFO - Batch 12/3783: Clean accuracy 0.9167 | Adv accuracy: 0.9167 | Counter-attack accuracy: 0.8333
2026-02-05 16:40:57,795 - ADV_Generation_eps_1.0_steps_100_Added_Noise_uniform_Eps_24.0_Tau_Type_normal_anchors - INFO - Batch:[12] Adversarial images for this batch already exist
2026-02-05 16:40:58,135 - ADV_Generation_eps_1.0_steps_100_Added_Noise_uniform_Eps_24.0_Tau_Type_normal_anchors - INFO - Batch 13/3783: Clean accuracy 0.9231 | Adv accuracy: 0.9231 | Counter-attack accuracy: 0.8462
2026-02-05 16:40:58,136 - ADV_Generation_eps_1.0_steps_100_Added_Noise_uniform_Eps_24.0_Tau_Type_normal_anchors - INFO - Batch:[13] Adversarial images for this batch already exist
2026-02-05 16:40:58,469 - ADV_Generation_eps_1.0_steps_100_Added_Noise_uniform_Eps_24.0_Tau_Type_normal_anchors - INFO - Batch 14/3783: Clean accuracy 0.9286 | Adv accuracy: 0.9286 | Counter-attack accuracy: 0.8571
2026-02-05 16:40:58,471 - ADV_Generation_eps_1.0_steps_100_Added_Noise_uniform_Eps_24.0_Tau_Type_normal_anchors - INFO - Batch:[14] Adversarial images for this batch already exist
2026-02-05 16:40:58,822 - ADV_Generation_eps_1.0_steps_100_Added_Noise_uniform_Eps_24.0_Tau_Type_normal_anchors - INFO - Batch 15/3783: Clean accuracy 0.9333 | Adv accuracy: 0.9333 | Counter-attack accuracy: 0.8667
2026-02-05 16:40:58,823 - ADV_Generation_eps_1.0_steps_100_Added_Noise_uniform_Eps_24.0_Tau_Type_normal_anchors - INFO - Batch:[15] Adversarial images for this batch already exist
2026-02-05 16:40:59,169 - ADV_Generation_eps_1.0_steps_100_Added_Noise_uniform_Eps_24.0_Tau_Type_normal_anchors - INFO - Batch 16/3783: Clean accuracy 0.9375 | Adv accuracy: 0.9375 | Counter-attack accuracy: 0.8750
2026-02-05 16:40:59,170 - ADV_Generation_eps_1.0_steps_100_Added_Noise_uniform_Eps_24.0_Tau_Type_normal_anchors - INFO - Batch:[16] Adversarial images for this batch already exist
2026-02-05 16:40:59,511 - ADV_Generation_eps_1.0_steps_100_Added_Noise_uniform_Eps_24.0_Tau_Type_normal_anchors - INFO - Batch 17/3783: Clean accuracy 0.9412 | Adv accuracy: 0.9412 | Counter-attack accuracy: 0.8824
2026-02-05 16:40:59,513 - ADV_Generation_eps_1.0_steps_100_Added_Noise_uniform_Eps_24.0_Tau_Type_normal_anchors - INFO - Batch:[17] Adversarial images for this batch already exist
2026-02-05 16:41:00,324 - ADV_Generation_eps_1.0_steps_100_Added_Noise_uniform_Eps_24.0_Tau_Type_normal_anchors - INFO - Batch 18/3783: Clean accuracy 0.9444 | Adv accuracy: 0.9444 | Counter-attack accuracy: 0.8889
2026-02-05 16:41:00,325 - ADV_Generation_eps_1.0_steps_100_Added_Noise_uniform_Eps_24.0_Tau_Type_normal_anchors - INFO - Batch:[18] Adversarial images for this batch already exist
2026-02-05 16:41:00,667 - ADV_Generation_eps_1.0_steps_100_Added_Noise_uniform_Eps_24.0_Tau_Type_normal_anchors - INFO - Batch 19/3783: Clean accuracy 0.9474 | Adv accuracy: 0.9474 | Counter-attack accuracy: 0.8421
2026-02-05 16:41:00,668 - ADV_Generation_eps_1.0_steps_100_Added_Noise_uniform_Eps_24.0_Tau_Type_normal_anchors - INFO - Batch:[19] Adversarial images for this batch already exist
2026-02-05 16:41:01,015 - ADV_Generation_eps_1.0_steps_100_Added_Noise_uniform_Eps_24.0_Tau_Type_normal_anchors - INFO - Batch 20/3783: Clean accuracy 0.9500 | Adv accuracy: 0.9500 | Counter-attack accuracy: 0.8500
2026-02-05 16:41:01,017 - ADV_Generation_eps_1.0_steps_100_Added_Noise_uniform_Eps_24.0_Tau_Type_normal_anchors - INFO - Batch:[20] Adversarial images for this batch already exist
2026-02-05 16:41:01,352 - ADV_Generation_eps_1.0_steps_100_Added_Noise_uniform_Eps_24.0_Tau_Type_normal_anchors - INFO - Batch 21/3783: Clean accuracy 0.9524 | Adv accuracy: 0.9524 | Counter-attack accuracy: 0.8571
2026-02-05 16:41:01,353 - ADV_Generation_eps_1.0_steps_100_Added_Noise_uniform_Eps_24.0_Tau_Type_normal_anchors - INFO - Batch:[21] Adversarial images for this batch already exist
2026-02-05 16:41:01,708 - ADV_Generation_eps_1.0_steps_100_Added_Noise_uniform_Eps_24.0_Tau_Type_normal_anchors - INFO - Batch 22/3783: Clean accuracy 0.9545 | Adv accuracy: 0.9545 | Counter-attack accuracy: 0.8636
2026-02-05 16:41:01,710 - ADV_Generation_eps_1.0_steps_100_Added_Noise_uniform_Eps_24.0_Tau_Type_normal_anchors - INFO - Batch:[22] Adversarial images for this batch already exist
2026-02-05 16:41:02,045 - ADV_Generation_eps_1.0_steps_100_Added_Noise_uniform_Eps_24.0_Tau_Type_normal_anchors - INFO - Batch 23/3783: Clean accuracy 0.9565 | Adv accuracy: 0.9565 | Counter-attack accuracy: 0.8696
2026-02-05 16:41:02,047 - ADV_Generation_eps_1.0_steps_100_Added_Noise_uniform_Eps_24.0_Tau_Type_normal_anchors - INFO - Batch:[23] Adversarial images for this batch already exist
2026-02-05 16:41:02,397 - ADV_Generation_eps_1.0_steps_100_Added_Noise_uniform_Eps_24.0_Tau_Type_normal_anchors - INFO - Batch 24/3783: Clean accuracy 0.9583 | Adv accuracy: 0.9583 | Counter-attack accuracy: 0.8750
2026-02-05 16:41:02,398 - ADV_Generation_eps_1.0_steps_100_Added_Noise_uniform_Eps_24.0_Tau_Type_normal_anchors - INFO - Batch:[24] Adversarial images for this batch already exist
2026-02-05 16:41:02,734 - ADV_Generation_eps_1.0_steps_100_Added_Noise_uniform_Eps_24.0_Tau_Type_normal_anchors - INFO - Batch 25/3783: Clean accuracy 0.9200 | Adv accuracy: 0.9200 | Counter-attack accuracy: 0.8400
2026-02-05 16:41:02,735 - ADV_Generation_eps_1.0_steps_100_Added_Noise_uniform_Eps_24.0_Tau_Type_normal_anchors - INFO - Batch:[25] Adversarial images for this batch already exist
2026-02-05 16:41:03,076 - ADV_Generation_eps_1.0_steps_100_Added_Noise_uniform_Eps_24.0_Tau_Type_normal_anchors - INFO - Batch 26/3783: Clean accuracy 0.9231 | Adv accuracy: 0.9231 | Counter-attack accuracy: 0.8462
2026-02-05 16:41:03,078 - ADV_Generation_eps_1.0_steps_100_Added_Noise_uniform_Eps_24.0_Tau_Type_normal_anchors - INFO - Batch:[26] Adversarial images for this batch already exist
2026-02-05 16:41:03,413 - ADV_Generation_eps_1.0_steps_100_Added_Noise_uniform_Eps_24.0_Tau_Type_normal_anchors - INFO - Batch 27/3783: Clean accuracy 0.9259 | Adv accuracy: 0.9259 | Counter-attack accuracy: 0.8519
2026-02-05 16:41:03,415 - ADV_Generation_eps_1.0_steps_100_Added_Noise_uniform_Eps_24.0_Tau_Type_normal_anchors - INFO - Batch:[27] Adversarial images for this batch already exist
2026-02-05 16:41:03,760 - ADV_Generation_eps_1.0_steps_100_Added_Noise_uniform_Eps_24.0_Tau_Type_normal_anchors - INFO - Batch 28/3783: Clean accuracy 0.9286 | Adv accuracy: 0.9286 | Counter-attack accuracy: 0.8571
2026-02-05 16:41:03,763 - ADV_Generation_eps_1.0_steps_100_Added_Noise_uniform_Eps_24.0_Tau_Type_normal_anchors - INFO - Batch:[28] Adversarial images for this batch already exist
2026-02-05 16:41:04,098 - ADV_Generation_eps_1.0_steps_100_Added_Noise_uniform_Eps_24.0_Tau_Type_normal_anchors - INFO - Batch 29/3783: Clean accuracy 0.9310 | Adv accuracy: 0.9310 | Counter-attack accuracy: 0.8621
2026-02-05 16:41:04,100 - ADV_Generation_eps_1.0_steps_100_Added_Noise_uniform_Eps_24.0_Tau_Type_normal_anchors - INFO - Batch:[29] Adversarial images for this batch already exist
2026-02-05 16:41:04,443 - ADV_Generation_eps_1.0_steps_100_Added_Noise_uniform_Eps_24.0_Tau_Type_normal_anchors - INFO - Batch 30/3783: Clean accuracy 0.9333 | Adv accuracy: 0.9333 | Counter-attack accuracy: 0.8667
2026-02-05 16:41:04,445 - ADV_Generation_eps_1.0_steps_100_Added_Noise_uniform_Eps_24.0_Tau_Type_normal_anchors - INFO - Batch:[30] Adversarial images for this batch already exist
2026-02-05 16:41:04,782 - ADV_Generation_eps_1.0_steps_100_Added_Noise_uniform_Eps_24.0_Tau_Type_normal_anchors - INFO - Batch 31/3783: Clean accuracy 0.9355 | Adv accuracy: 0.9355 | Counter-attack accuracy: 0.8710
2026-02-05 16:41:04,784 - ADV_Generation_eps_1.0_steps_100_Added_Noise_uniform_Eps_24.0_Tau_Type_normal_anchors - INFO - Batch:[31] Adversarial images for this batch already exist
2026-02-05 16:41:05,128 - ADV_Generation_eps_1.0_steps_100_Added_Noise_uniform_Eps_24.0_Tau_Type_normal_anchors - INFO - Batch 32/3783: Clean accuracy 0.9375 | Adv accuracy: 0.9375 | Counter-attack accuracy: 0.8750
2026-02-05 16:41:05,131 - ADV_Generation_eps_1.0_steps_100_Added_Noise_uniform_Eps_24.0_Tau_Type_normal_anchors - INFO - Batch:[32] Adversarial images for this batch already exist
2026-02-05 16:41:05,468 - ADV_Generation_eps_1.0_steps_100_Added_Noise_uniform_Eps_24.0_Tau_Type_normal_anchors - INFO - Batch 33/3783: Clean accuracy 0.9394 | Adv accuracy: 0.9091 | Counter-attack accuracy: 0.8485
2026-02-05 16:41:05,470 - ADV_Generation_eps_1.0_steps_100_Added_Noise_uniform_Eps_24.0_Tau_Type_normal_anchors - INFO - Batch:[33] Adversarial images for this batch already exist
2026-02-05 16:41:05,809 - ADV_Generation_eps_1.0_steps_100_Added_Noise_uniform_Eps_24.0_Tau_Type_normal_anchors - INFO - Batch 34/3783: Clean accuracy 0.9412 | Adv accuracy: 0.9118 | Counter-attack accuracy: 0.8529
2026-02-05 16:41:05,811 - ADV_Generation_eps_1.0_steps_100_Added_Noise_uniform_Eps_24.0_Tau_Type_normal_anchors - INFO - Batch:[34] Adversarial images for this batch already exist
2026-02-05 16:41:06,148 - ADV_Generation_eps_1.0_steps_100_Added_Noise_uniform_Eps_24.0_Tau_Type_normal_anchors - INFO - Batch 35/3783: Clean accuracy 0.9429 | Adv accuracy: 0.9143 | Counter-attack accuracy: 0.8571
2026-02-05 16:41:06,150 - ADV_Generation_eps_1.0_steps_100_Added_Noise_uniform_Eps_24.0_Tau_Type_normal_anchors - INFO - Batch:[35] Adversarial images for this batch already exist
2026-02-05 16:41:06,526 - ADV_Generation_eps_1.0_steps_100_Added_Noise_uniform_Eps_24.0_Tau_Type_normal_anchors - INFO - Batch 36/3783: Clean accuracy 0.9444 | Adv accuracy: 0.9167 | Counter-attack accuracy: 0.8611
2026-02-05 16:41:06,530 - ADV_Generation_eps_1.0_steps_100_Added_Noise_uniform_Eps_24.0_Tau_Type_normal_anchors - INFO - Batch:[36] Adversarial images for this batch already exist
2026-02-05 16:41:06,876 - ADV_Generation_eps_1.0_steps_100_Added_Noise_uniform_Eps_24.0_Tau_Type_normal_anchors - INFO - Batch 37/3783: Clean accuracy 0.9459 | Adv accuracy: 0.9189 | Counter-attack accuracy: 0.8649
2026-02-05 16:41:06,878 - ADV_Generation_eps_1.0_steps_100_Added_Noise_uniform_Eps_24.0_Tau_Type_normal_anchors - INFO - Batch:[37] Adversarial images for this batch already exist
2026-02-05 16:41:07,216 - ADV_Generation_eps_1.0_steps_100_Added_Noise_uniform_Eps_24.0_Tau_Type_normal_anchors - INFO - Batch 38/3783: Clean accuracy 0.9474 | Adv accuracy: 0.8947 | Counter-attack accuracy: 0.8421
2026-02-05 16:41:07,218 - ADV_Generation_eps_1.0_steps_100_Added_Noise_uniform_Eps_24.0_Tau_Type_normal_anchors - INFO - Batch:[38] Adversarial images for this batch already exist
2026-02-05 16:41:07,559 - ADV_Generation_eps_1.0_steps_100_Added_Noise_uniform_Eps_24.0_Tau_Type_normal_anchors - INFO - Batch 39/3783: Clean accuracy 0.9487 | Adv accuracy: 0.8974 | Counter-attack accuracy: 0.8205
2026-02-05 16:41:07,563 - ADV_Generation_eps_1.0_steps_100_Added_Noise_uniform_Eps_24.0_Tau_Type_normal_anchors - INFO - Batch:[39] Adversarial images for this batch already exist
2026-02-05 16:41:07,907 - ADV_Generation_eps_1.0_steps_100_Added_Noise_uniform_Eps_24.0_Tau_Type_normal_anchors - INFO - Batch 40/3783: Clean accuracy 0.9500 | Adv accuracy: 0.9000 | Counter-attack accuracy: 0.8250
2026-02-05 16:41:07,908 - ADV_Generation_eps_1.0_steps_100_Added_Noise_uniform_Eps_24.0_Tau_Type_normal_anchors - INFO - Batch:[40] Adversarial images for this batch already exist
2026-02-05 16:41:08,248 - ADV_Generation_eps_1.0_steps_100_Added_Noise_uniform_Eps_24.0_Tau_Type_normal_anchors - INFO - Batch 41/3783: Clean accuracy 0.9512 | Adv accuracy: 0.9024 | Counter-attack accuracy: 0.8293
2026-02-05 16:41:08,253 - ADV_Generation_eps_1.0_steps_100_Added_Noise_uniform_Eps_24.0_Tau_Type_normal_anchors - INFO - Batch:[41] Adversarial images for this batch already exist
2026-02-05 16:41:08,590 - ADV_Generation_eps_1.0_steps_100_Added_Noise_uniform_Eps_24.0_Tau_Type_normal_anchors - INFO - Batch 42/3783: Clean accuracy 0.9524 | Adv accuracy: 0.9048 | Counter-attack accuracy: 0.8333
2026-02-05 16:41:08,591 - ADV_Generation_eps_1.0_steps_100_Added_Noise_uniform_Eps_24.0_Tau_Type_normal_anchors - INFO - Batch:[42] Adversarial images for this batch already exist
2026-02-05 16:41:08,941 - ADV_Generation_eps_1.0_steps_100_Added_Noise_uniform_Eps_24.0_Tau_Type_normal_anchors - INFO - Batch 43/3783: Clean accuracy 0.9535 | Adv accuracy: 0.8837 | Counter-attack accuracy: 0.8140
2026-02-05 16:41:08,943 - ADV_Generation_eps_1.0_steps_100_Added_Noise_uniform_Eps_24.0_Tau_Type_normal_anchors - INFO - Batch:[43] Adversarial images for this batch already exist
2026-02-05 16:41:09,276 - ADV_Generation_eps_1.0_steps_100_Added_Noise_uniform_Eps_24.0_Tau_Type_normal_anchors - INFO - Batch 44/3783: Clean accuracy 0.9545 | Adv accuracy: 0.8864 | Counter-attack accuracy: 0.8182
2026-02-05 16:41:09,280 - ADV_Generation_eps_1.0_steps_100_Added_Noise_uniform_Eps_24.0_Tau_Type_normal_anchors - INFO - Batch:[44] Adversarial images for this batch already exist
2026-02-05 16:41:09,619 - ADV_Generation_eps_1.0_steps_100_Added_Noise_uniform_Eps_24.0_Tau_Type_normal_anchors - INFO - Batch 45/3783: Clean accuracy 0.9333 | Adv accuracy: 0.8667 | Counter-attack accuracy: 0.8000
2026-02-05 16:41:09,622 - ADV_Generation_eps_1.0_steps_100_Added_Noise_uniform_Eps_24.0_Tau_Type_normal_anchors - INFO - Batch:[45] Adversarial images for this batch already exist
2026-02-05 16:41:09,965 - ADV_Generation_eps_1.0_steps_100_Added_Noise_uniform_Eps_24.0_Tau_Type_normal_anchors - INFO - Batch 46/3783: Clean accuracy 0.9348 | Adv accuracy: 0.8696 | Counter-attack accuracy: 0.7826
2026-02-05 16:41:09,969 - ADV_Generation_eps_1.0_steps_100_Added_Noise_uniform_Eps_24.0_Tau_Type_normal_anchors - INFO - Batch:[46] Adversarial images for this batch already exist
2026-02-05 16:41:10,331 - ADV_Generation_eps_1.0_steps_100_Added_Noise_uniform_Eps_24.0_Tau_Type_normal_anchors - INFO - Batch 47/3783: Clean accuracy 0.9149 | Adv accuracy: 0.8511 | Counter-attack accuracy: 0.7660
2026-02-05 16:41:10,332 - ADV_Generation_eps_1.0_steps_100_Added_Noise_uniform_Eps_24.0_Tau_Type_normal_anchors - INFO - Batch:[47] Adversarial images for this batch already exist
2026-02-05 16:41:10,668 - ADV_Generation_eps_1.0_steps_100_Added_Noise_uniform_Eps_24.0_Tau_Type_normal_anchors - INFO - Batch 48/3783: Clean accuracy 0.9167 | Adv accuracy: 0.8333 | Counter-attack accuracy: 0.7500
2026-02-05 16:41:10,670 - ADV_Generation_eps_1.0_steps_100_Added_Noise_uniform_Eps_24.0_Tau_Type_normal_anchors - INFO - Batch:[48] Adversarial images for this batch already exist
2026-02-05 16:41:11,033 - ADV_Generation_eps_1.0_steps_100_Added_Noise_uniform_Eps_24.0_Tau_Type_normal_anchors - INFO - Batch 49/3783: Clean accuracy 0.9184 | Adv accuracy: 0.8367 | Counter-attack accuracy: 0.7551
2026-02-05 16:41:11,034 - ADV_Generation_eps_1.0_steps_100_Added_Noise_uniform_Eps_24.0_Tau_Type_normal_anchors - INFO - Batch:[49] Adversarial images for this batch already exist
2026-02-05 16:41:11,370 - ADV_Generation_eps_1.0_steps_100_Added_Noise_uniform_Eps_24.0_Tau_Type_normal_anchors - INFO - Batch 50/3783: Clean accuracy 0.9000 | Adv accuracy: 0.8200 | Counter-attack accuracy: 0.7400
2026-02-05 16:41:11,371 - ADV_Generation_eps_1.0_steps_100_Added_Noise_uniform_Eps_24.0_Tau_Type_normal_anchors - INFO - Batch:[50] Adversarial images for this batch already exist
2026-02-05 16:41:11,714 - ADV_Generation_eps_1.0_steps_100_Added_Noise_uniform_Eps_24.0_Tau_Type_normal_anchors - INFO - Batch 51/3783: Clean accuracy 0.8824 | Adv accuracy: 0.8039 | Counter-attack accuracy: 0.7255
2026-02-05 16:41:11,715 - ADV_Generation_eps_1.0_steps_100_Added_Noise_uniform_Eps_24.0_Tau_Type_normal_anchors - INFO - Batch:[51] Adversarial images for this batch already exist
2026-02-05 16:41:12,055 - ADV_Generation_eps_1.0_steps_100_Added_Noise_uniform_Eps_24.0_Tau_Type_normal_anchors - INFO - Batch 52/3783: Clean accuracy 0.8654 | Adv accuracy: 0.7885 | Counter-attack accuracy: 0.7115
2026-02-05 16:41:12,056 - ADV_Generation_eps_1.0_steps_100_Added_Noise_uniform_Eps_24.0_Tau_Type_normal_anchors - INFO - Batch:[52] Adversarial images for this batch already exist
2026-02-05 16:41:12,399 - ADV_Generation_eps_1.0_steps_100_Added_Noise_uniform_Eps_24.0_Tau_Type_normal_anchors - INFO - Batch 53/3783: Clean accuracy 0.8491 | Adv accuracy: 0.7736 | Counter-attack accuracy: 0.6981
2026-02-05 16:41:12,401 - ADV_Generation_eps_1.0_steps_100_Added_Noise_uniform_Eps_24.0_Tau_Type_normal_anchors - INFO - Batch:[53] Adversarial images for this batch already exist
2026-02-05 16:41:12,742 - ADV_Generation_eps_1.0_steps_100_Added_Noise_uniform_Eps_24.0_Tau_Type_normal_anchors - INFO - Batch 54/3783: Clean accuracy 0.8519 | Adv accuracy: 0.7593 | Counter-attack accuracy: 0.6852
2026-02-05 16:41:12,745 - ADV_Generation_eps_1.0_steps_100_Added_Noise_uniform_Eps_24.0_Tau_Type_normal_anchors - INFO - Batch:[54] Adversarial images for this batch already exist
2026-02-05 16:41:13,076 - ADV_Generation_eps_1.0_steps_100_Added_Noise_uniform_Eps_24.0_Tau_Type_normal_anchors - INFO - Batch 55/3783: Clean accuracy 0.8545 | Adv accuracy: 0.7455 | Counter-attack accuracy: 0.6727
2026-02-05 16:41:13,078 - ADV_Generation_eps_1.0_steps_100_Added_Noise_uniform_Eps_24.0_Tau_Type_normal_anchors - INFO - Batch:[55] Adversarial images for this batch already exist
2026-02-05 16:41:13,453 - ADV_Generation_eps_1.0_steps_100_Added_Noise_uniform_Eps_24.0_Tau_Type_normal_anchors - INFO - Batch 56/3783: Clean accuracy 0.8571 | Adv accuracy: 0.7500 | Counter-attack accuracy: 0.6786
2026-02-05 16:41:13,454 - ADV_Generation_eps_1.0_steps_100_Added_Noise_uniform_Eps_24.0_Tau_Type_normal_anchors - INFO - Batch:[56] Adversarial images for this batch already exist
2026-02-05 16:41:13,898 - ADV_Generation_eps_1.0_steps_100_Added_Noise_uniform_Eps_24.0_Tau_Type_normal_anchors - INFO - Batch 57/3783: Clean accuracy 0.8421 | Adv accuracy: 0.7368 | Counter-attack accuracy: 0.6667
2026-02-05 16:41:13,900 - ADV_Generation_eps_1.0_steps_100_Added_Noise_uniform_Eps_24.0_Tau_Type_normal_anchors - INFO - Batch:[57] Adversarial images for this batch already exist
2026-02-05 16:41:14,240 - ADV_Generation_eps_1.0_steps_100_Added_Noise_uniform_Eps_24.0_Tau_Type_normal_anchors - INFO - Batch 58/3783: Clean accuracy 0.8276 | Adv accuracy: 0.7241 | Counter-attack accuracy: 0.6552
2026-02-05 16:41:14,241 - ADV_Generation_eps_1.0_steps_100_Added_Noise_uniform_Eps_24.0_Tau_Type_normal_anchors - INFO - Batch:[58] Adversarial images for this batch already exist
2026-02-05 16:41:14,582 - ADV_Generation_eps_1.0_steps_100_Added_Noise_uniform_Eps_24.0_Tau_Type_normal_anchors - INFO - Batch 59/3783: Clean accuracy 0.8305 | Adv accuracy: 0.7288 | Counter-attack accuracy: 0.6610
2026-02-05 16:41:14,584 - ADV_Generation_eps_1.0_steps_100_Added_Noise_uniform_Eps_24.0_Tau_Type_normal_anchors - INFO - Batch:[59] Adversarial images for this batch already exist
2026-02-05 16:41:14,923 - ADV_Generation_eps_1.0_steps_100_Added_Noise_uniform_Eps_24.0_Tau_Type_normal_anchors - INFO - Batch 60/3783: Clean accuracy 0.8333 | Adv accuracy: 0.7333 | Counter-attack accuracy: 0.6667
2026-02-05 16:41:14,924 - ADV_Generation_eps_1.0_steps_100_Added_Noise_uniform_Eps_24.0_Tau_Type_normal_anchors - INFO - Batch:[60] Adversarial images for this batch already exist
2026-02-05 16:41:15,261 - ADV_Generation_eps_1.0_steps_100_Added_Noise_uniform_Eps_24.0_Tau_Type_normal_anchors - INFO - Batch 61/3783: Clean accuracy 0.8361 | Adv accuracy: 0.7377 | Counter-attack accuracy: 0.6721
2026-02-05 16:41:15,262 - ADV_Generation_eps_1.0_steps_100_Added_Noise_uniform_Eps_24.0_Tau_Type_normal_anchors - INFO - Batch:[61] Adversarial images for this batch already exist
2026-02-05 16:41:15,602 - ADV_Generation_eps_1.0_steps_100_Added_Noise_uniform_Eps_24.0_Tau_Type_normal_anchors - INFO - Batch 62/3783: Clean accuracy 0.8387 | Adv accuracy: 0.7258 | Counter-attack accuracy: 0.6613
2026-02-05 16:41:15,605 - ADV_Generation_eps_1.0_steps_100_Added_Noise_uniform_Eps_24.0_Tau_Type_normal_anchors - INFO - Batch:[62] Adversarial images for this batch already exist
2026-02-05 16:41:15,945 - ADV_Generation_eps_1.0_steps_100_Added_Noise_uniform_Eps_24.0_Tau_Type_normal_anchors - INFO - Batch 63/3783: Clean accuracy 0.8413 | Adv accuracy: 0.7302 | Counter-attack accuracy: 0.6667
2026-02-05 16:41:15,947 - ADV_Generation_eps_1.0_steps_100_Added_Noise_uniform_Eps_24.0_Tau_Type_normal_anchors - INFO - Batch:[63] Adversarial images for this batch already exist
2026-02-05 16:41:16,285 - ADV_Generation_eps_1.0_steps_100_Added_Noise_uniform_Eps_24.0_Tau_Type_normal_anchors - INFO - Batch 64/3783: Clean accuracy 0.8438 | Adv accuracy: 0.7344 | Counter-attack accuracy: 0.6719
2026-02-05 16:41:16,286 - ADV_Generation_eps_1.0_steps_100_Added_Noise_uniform_Eps_24.0_Tau_Type_normal_anchors - INFO - Batch:[64] Adversarial images for this batch already exist
2026-02-05 16:41:16,625 - ADV_Generation_eps_1.0_steps_100_Added_Noise_uniform_Eps_24.0_Tau_Type_normal_anchors - INFO - Batch 65/3783: Clean accuracy 0.8462 | Adv accuracy: 0.7385 | Counter-attack accuracy: 0.6769
2026-02-05 16:41:16,626 - ADV_Generation_eps_1.0_steps_100_Added_Noise_uniform_Eps_24.0_Tau_Type_normal_anchors - INFO - Batch:[65] Adversarial images for this batch already exist
2026-02-05 16:41:16,965 - ADV_Generation_eps_1.0_steps_100_Added_Noise_uniform_Eps_24.0_Tau_Type_normal_anchors - INFO - Batch 66/3783: Clean accuracy 0.8485 | Adv accuracy: 0.7273 | Counter-attack accuracy: 0.6667
2026-02-05 16:41:16,967 - ADV_Generation_eps_1.0_steps_100_Added_Noise_uniform_Eps_24.0_Tau_Type_normal_anchors - INFO - Batch:[66] Adversarial images for this batch already exist
2026-02-05 16:41:17,315 - ADV_Generation_eps_1.0_steps_100_Added_Noise_uniform_Eps_24.0_Tau_Type_normal_anchors - INFO - Batch 67/3783: Clean accuracy 0.8358 | Adv accuracy: 0.7164 | Counter-attack accuracy: 0.6567
2026-02-05 16:41:17,316 - ADV_Generation_eps_1.0_steps_100_Added_Noise_uniform_Eps_24.0_Tau_Type_normal_anchors - INFO - Batch:[67] Adversarial images for this batch already exist
2026-02-05 16:41:17,669 - ADV_Generation_eps_1.0_steps_100_Added_Noise_uniform_Eps_24.0_Tau_Type_normal_anchors - INFO - Batch 68/3783: Clean accuracy 0.8235 | Adv accuracy: 0.7059 | Counter-attack accuracy: 0.6471
2026-02-05 16:41:17,670 - ADV_Generation_eps_1.0_steps_100_Added_Noise_uniform_Eps_24.0_Tau_Type_normal_anchors - INFO - Batch:[68] Adversarial images for this batch already exist
2026-02-05 16:41:18,011 - ADV_Generation_eps_1.0_steps_100_Added_Noise_uniform_Eps_24.0_Tau_Type_normal_anchors - INFO - Batch 69/3783: Clean accuracy 0.8261 | Adv accuracy: 0.7101 | Counter-attack accuracy: 0.6377
2026-02-05 16:41:18,012 - ADV_Generation_eps_1.0_steps_100_Added_Noise_uniform_Eps_24.0_Tau_Type_normal_anchors - INFO - Batch:[69] Adversarial images for this batch already exist
2026-02-05 16:41:18,358 - ADV_Generation_eps_1.0_steps_100_Added_Noise_uniform_Eps_24.0_Tau_Type_normal_anchors - INFO - Batch 70/3783: Clean accuracy 0.8286 | Adv accuracy: 0.7143 | Counter-attack accuracy: 0.6286
2026-02-05 16:41:18,361 - ADV_Generation_eps_1.0_steps_100_Added_Noise_uniform_Eps_24.0_Tau_Type_normal_anchors - INFO - Batch:[70] Adversarial images for this batch already exist
2026-02-05 16:41:18,722 - ADV_Generation_eps_1.0_steps_100_Added_Noise_uniform_Eps_24.0_Tau_Type_normal_anchors - INFO - Batch 71/3783: Clean accuracy 0.8310 | Adv accuracy: 0.7183 | Counter-attack accuracy: 0.6338
2026-02-05 16:41:18,723 - ADV_Generation_eps_1.0_steps_100_Added_Noise_uniform_Eps_24.0_Tau_Type_normal_anchors - INFO - Batch:[71] Adversarial images for this batch already exist
2026-02-05 16:41:19,065 - ADV_Generation_eps_1.0_steps_100_Added_Noise_uniform_Eps_24.0_Tau_Type_normal_anchors - INFO - Batch 72/3783: Clean accuracy 0.8333 | Adv accuracy: 0.7222 | Counter-attack accuracy: 0.6389
2026-02-05 16:41:19,067 - ADV_Generation_eps_1.0_steps_100_Added_Noise_uniform_Eps_24.0_Tau_Type_normal_anchors - INFO - Batch:[72] Adversarial images for this batch already exist
2026-02-05 16:41:19,408 - ADV_Generation_eps_1.0_steps_100_Added_Noise_uniform_Eps_24.0_Tau_Type_normal_anchors - INFO - Batch 73/3783: Clean accuracy 0.8356 | Adv accuracy: 0.7123 | Counter-attack accuracy: 0.6301
2026-02-05 16:41:19,409 - ADV_Generation_eps_1.0_steps_100_Added_Noise_uniform_Eps_24.0_Tau_Type_normal_anchors - INFO - Batch:[73] Adversarial images for this batch already exist
2026-02-05 16:41:19,754 - ADV_Generation_eps_1.0_steps_100_Added_Noise_uniform_Eps_24.0_Tau_Type_normal_anchors - INFO - Batch 74/3783: Clean accuracy 0.8243 | Adv accuracy: 0.7027 | Counter-attack accuracy: 0.6216
2026-02-05 16:41:19,756 - ADV_Generation_eps_1.0_steps_100_Added_Noise_uniform_Eps_24.0_Tau_Type_normal_anchors - INFO - Batch:[74] Adversarial images for this batch already exist
2026-02-05 16:41:20,093 - ADV_Generation_eps_1.0_steps_100_Added_Noise_uniform_Eps_24.0_Tau_Type_normal_anchors - INFO - Batch 75/3783: Clean accuracy 0.8267 | Adv accuracy: 0.6933 | Counter-attack accuracy: 0.6133
2026-02-05 16:41:20,094 - ADV_Generation_eps_1.0_steps_100_Added_Noise_uniform_Eps_24.0_Tau_Type_normal_anchors - INFO - Batch:[75] Adversarial images for this batch already exist
2026-02-05 16:41:20,430 - ADV_Generation_eps_1.0_steps_100_Added_Noise_uniform_Eps_24.0_Tau_Type_normal_anchors - INFO - Batch 76/3783: Clean accuracy 0.8289 | Adv accuracy: 0.6842 | Counter-attack accuracy: 0.6053
2026-02-05 16:41:20,432 - ADV_Generation_eps_1.0_steps_100_Added_Noise_uniform_Eps_24.0_Tau_Type_normal_anchors - INFO - Batch:[76] Adversarial images for this batch already exist
2026-02-05 16:41:20,778 - ADV_Generation_eps_1.0_steps_100_Added_Noise_uniform_Eps_24.0_Tau_Type_normal_anchors - INFO - Batch 77/3783: Clean accuracy 0.8312 | Adv accuracy: 0.6883 | Counter-attack accuracy: 0.6104
2026-02-05 16:41:20,779 - ADV_Generation_eps_1.0_steps_100_Added_Noise_uniform_Eps_24.0_Tau_Type_normal_anchors - INFO - Batch:[77] Adversarial images for this batch already exist
2026-02-05 16:41:21,109 - ADV_Generation_eps_1.0_steps_100_Added_Noise_uniform_Eps_24.0_Tau_Type_normal_anchors - INFO - Batch 78/3783: Clean accuracy 0.8333 | Adv accuracy: 0.6923 | Counter-attack accuracy: 0.6154
2026-02-05 16:41:21,110 - ADV_Generation_eps_1.0_steps_100_Added_Noise_uniform_Eps_24.0_Tau_Type_normal_anchors - INFO - Batch:[78] Adversarial images for this batch already exist
2026-02-05 16:41:21,454 - ADV_Generation_eps_1.0_steps_100_Added_Noise_uniform_Eps_24.0_Tau_Type_normal_anchors - INFO - Batch 79/3783: Clean accuracy 0.8354 | Adv accuracy: 0.6962 | Counter-attack accuracy: 0.6203
2026-02-05 16:41:21,455 - ADV_Generation_eps_1.0_steps_100_Added_Noise_uniform_Eps_24.0_Tau_Type_normal_anchors - INFO - Batch:[79] Adversarial images for this batch already exist
2026-02-05 16:41:21,794 - ADV_Generation_eps_1.0_steps_100_Added_Noise_uniform_Eps_24.0_Tau_Type_normal_anchors - INFO - Batch 80/3783: Clean accuracy 0.8375 | Adv accuracy: 0.7000 | Counter-attack accuracy: 0.6250
2026-02-05 16:41:21,797 - ADV_Generation_eps_1.0_steps_100_Added_Noise_uniform_Eps_24.0_Tau_Type_normal_anchors - INFO - Batch:[80] Adversarial images for this batch already exist
2026-02-05 16:41:22,138 - ADV_Generation_eps_1.0_steps_100_Added_Noise_uniform_Eps_24.0_Tau_Type_normal_anchors - INFO - Batch 81/3783: Clean accuracy 0.8272 | Adv accuracy: 0.6914 | Counter-attack accuracy: 0.6173
2026-02-05 16:41:22,142 - ADV_Generation_eps_1.0_steps_100_Added_Noise_uniform_Eps_24.0_Tau_Type_normal_anchors - INFO - Batch:[81] Adversarial images for this batch already exist
2026-02-05 16:41:22,477 - ADV_Generation_eps_1.0_steps_100_Added_Noise_uniform_Eps_24.0_Tau_Type_normal_anchors - INFO - Batch 82/3783: Clean accuracy 0.8293 | Adv accuracy: 0.6951 | Counter-attack accuracy: 0.6098
2026-02-05 16:41:22,477 - ADV_Generation_eps_1.0_steps_100_Added_Noise_uniform_Eps_24.0_Tau_Type_normal_anchors - INFO - Batch:[82] Adversarial images for this batch already exist
2026-02-05 16:41:22,818 - ADV_Generation_eps_1.0_steps_100_Added_Noise_uniform_Eps_24.0_Tau_Type_normal_anchors - INFO - Batch 83/3783: Clean accuracy 0.8313 | Adv accuracy: 0.6988 | Counter-attack accuracy: 0.6145
2026-02-05 16:41:22,820 - ADV_Generation_eps_1.0_steps_100_Added_Noise_uniform_Eps_24.0_Tau_Type_normal_anchors - INFO - Batch:[83] Adversarial images for this batch already exist
2026-02-05 16:41:23,157 - ADV_Generation_eps_1.0_steps_100_Added_Noise_uniform_Eps_24.0_Tau_Type_normal_anchors - INFO - Batch 84/3783: Clean accuracy 0.8333 | Adv accuracy: 0.6905 | Counter-attack accuracy: 0.6071
2026-02-05 16:41:23,158 - ADV_Generation_eps_1.0_steps_100_Added_Noise_uniform_Eps_24.0_Tau_Type_normal_anchors - INFO - Batch:[84] Adversarial images for this batch already exist
2026-02-05 16:41:23,494 - ADV_Generation_eps_1.0_steps_100_Added_Noise_uniform_Eps_24.0_Tau_Type_normal_anchors - INFO - Batch 85/3783: Clean accuracy 0.8235 | Adv accuracy: 0.6824 | Counter-attack accuracy: 0.6000
2026-02-05 16:41:23,495 - ADV_Generation_eps_1.0_steps_100_Added_Noise_uniform_Eps_24.0_Tau_Type_normal_anchors - INFO - Batch:[85] Adversarial images for this batch already exist
2026-02-05 16:41:23,833 - ADV_Generation_eps_1.0_steps_100_Added_Noise_uniform_Eps_24.0_Tau_Type_normal_anchors - INFO - Batch 86/3783: Clean accuracy 0.8256 | Adv accuracy: 0.6860 | Counter-attack accuracy: 0.6047
2026-02-05 16:41:23,834 - ADV_Generation_eps_1.0_steps_100_Added_Noise_uniform_Eps_24.0_Tau_Type_normal_anchors - INFO - Batch:[86] Adversarial images for this batch already exist
2026-02-05 16:41:24,214 - ADV_Generation_eps_1.0_steps_100_Added_Noise_uniform_Eps_24.0_Tau_Type_normal_anchors - INFO - Batch 87/3783: Clean accuracy 0.8276 | Adv accuracy: 0.6897 | Counter-attack accuracy: 0.6092
2026-02-05 16:41:24,215 - ADV_Generation_eps_1.0_steps_100_Added_Noise_uniform_Eps_24.0_Tau_Type_normal_anchors - INFO - Batch:[87] Adversarial images for this batch already exist
2026-02-05 16:41:24,559 - ADV_Generation_eps_1.0_steps_100_Added_Noise_uniform_Eps_24.0_Tau_Type_normal_anchors - INFO - Batch 88/3783: Clean accuracy 0.8295 | Adv accuracy: 0.6932 | Counter-attack accuracy: 0.6136
2026-02-05 16:41:24,561 - ADV_Generation_eps_1.0_steps_100_Added_Noise_uniform_Eps_24.0_Tau_Type_normal_anchors - INFO - Batch:[88] Adversarial images for this batch already exist
2026-02-05 16:41:24,919 - ADV_Generation_eps_1.0_steps_100_Added_Noise_uniform_Eps_24.0_Tau_Type_normal_anchors - INFO - Batch 89/3783: Clean accuracy 0.8315 | Adv accuracy: 0.6966 | Counter-attack accuracy: 0.6180
2026-02-05 16:41:24,920 - ADV_Generation_eps_1.0_steps_100_Added_Noise_uniform_Eps_24.0_Tau_Type_normal_anchors - INFO - Batch:[89] Adversarial images for this batch already exist
2026-02-05 16:41:25,256 - ADV_Generation_eps_1.0_steps_100_Added_Noise_uniform_Eps_24.0_Tau_Type_normal_anchors - INFO - Batch 90/3783: Clean accuracy 0.8333 | Adv accuracy: 0.7000 | Counter-attack accuracy: 0.6222
2026-02-05 16:41:25,257 - ADV_Generation_eps_1.0_steps_100_Added_Noise_uniform_Eps_24.0_Tau_Type_normal_anchors - INFO - Batch:[90] Adversarial images for this batch already exist
2026-02-05 16:41:25,629 - ADV_Generation_eps_1.0_steps_100_Added_Noise_uniform_Eps_24.0_Tau_Type_normal_anchors - INFO - Batch 91/3783: Clean accuracy 0.8352 | Adv accuracy: 0.7033 | Counter-attack accuracy: 0.6264
2026-02-05 16:41:25,630 - ADV_Generation_eps_1.0_steps_100_Added_Noise_uniform_Eps_24.0_Tau_Type_normal_anchors - INFO - Batch:[91] Adversarial images for this batch already exist
2026-02-05 16:41:26,009 - ADV_Generation_eps_1.0_steps_100_Added_Noise_uniform_Eps_24.0_Tau_Type_normal_anchors - INFO - Batch 92/3783: Clean accuracy 0.8370 | Adv accuracy: 0.7065 | Counter-attack accuracy: 0.6304
2026-02-05 16:41:26,010 - ADV_Generation_eps_1.0_steps_100_Added_Noise_uniform_Eps_24.0_Tau_Type_normal_anchors - INFO - Batch:[92] Adversarial images for this batch already exist
2026-02-05 16:41:26,347 - ADV_Generation_eps_1.0_steps_100_Added_Noise_uniform_Eps_24.0_Tau_Type_normal_anchors - INFO - Batch 93/3783: Clean accuracy 0.8387 | Adv accuracy: 0.7097 | Counter-attack accuracy: 0.6344
2026-02-05 16:41:26,347 - ADV_Generation_eps_1.0_steps_100_Added_Noise_uniform_Eps_24.0_Tau_Type_normal_anchors - INFO - Batch:[93] Adversarial images for this batch already exist
2026-02-05 16:41:26,906 - ADV_Generation_eps_1.0_steps_100_Added_Noise_uniform_Eps_24.0_Tau_Type_normal_anchors - INFO - Batch 94/3783: Clean accuracy 0.8404 | Adv accuracy: 0.7128 | Counter-attack accuracy: 0.6383
2026-02-05 16:41:26,907 - ADV_Generation_eps_1.0_steps_100_Added_Noise_uniform_Eps_24.0_Tau_Type_normal_anchors - INFO - Batch:[94] Adversarial images for this batch already exist
2026-02-05 16:41:27,251 - ADV_Generation_eps_1.0_steps_100_Added_Noise_uniform_Eps_24.0_Tau_Type_normal_anchors - INFO - Batch 95/3783: Clean accuracy 0.8421 | Adv accuracy: 0.7158 | Counter-attack accuracy: 0.6421
2026-02-05 16:41:27,252 - ADV_Generation_eps_1.0_steps_100_Added_Noise_uniform_Eps_24.0_Tau_Type_normal_anchors - INFO - Batch:[95] Adversarial images for this batch already exist
2026-02-05 16:41:27,590 - ADV_Generation_eps_1.0_steps_100_Added_Noise_uniform_Eps_24.0_Tau_Type_normal_anchors - INFO - Batch 96/3783: Clean accuracy 0.8438 | Adv accuracy: 0.7188 | Counter-attack accuracy: 0.6458
2026-02-05 16:41:27,591 - ADV_Generation_eps_1.0_steps_100_Added_Noise_uniform_Eps_24.0_Tau_Type_normal_anchors - INFO - Batch:[96] Adversarial images for this batch already exist
2026-02-05 16:41:27,938 - ADV_Generation_eps_1.0_steps_100_Added_Noise_uniform_Eps_24.0_Tau_Type_normal_anchors - INFO - Batch 97/3783: Clean accuracy 0.8454 | Adv accuracy: 0.7216 | Counter-attack accuracy: 0.6495
2026-02-05 16:41:27,939 - ADV_Generation_eps_1.0_steps_100_Added_Noise_uniform_Eps_24.0_Tau_Type_normal_anchors - INFO - Batch:[97] Adversarial images for this batch already exist
2026-02-05 16:41:28,280 - ADV_Generation_eps_1.0_steps_100_Added_Noise_uniform_Eps_24.0_Tau_Type_normal_anchors - INFO - Batch 98/3783: Clean accuracy 0.8469 | Adv accuracy: 0.7143 | Counter-attack accuracy: 0.6429
2026-02-05 16:41:28,281 - ADV_Generation_eps_1.0_steps_100_Added_Noise_uniform_Eps_24.0_Tau_Type_normal_anchors - INFO - Batch:[98] Adversarial images for this batch already exist
2026-02-05 16:41:28,626 - ADV_Generation_eps_1.0_steps_100_Added_Noise_uniform_Eps_24.0_Tau_Type_normal_anchors - INFO - Batch 99/3783: Clean accuracy 0.8485 | Adv accuracy: 0.7172 | Counter-attack accuracy: 0.6465
2026-02-05 16:41:28,627 - ADV_Generation_eps_1.0_steps_100_Added_Noise_uniform_Eps_24.0_Tau_Type_normal_anchors - INFO - Batch:[99] Adversarial images for this batch already exist
2026-02-05 16:41:28,975 - ADV_Generation_eps_1.0_steps_100_Added_Noise_uniform_Eps_24.0_Tau_Type_normal_anchors - INFO - Batch 100/3783: Clean accuracy 0.8400 | Adv accuracy: 0.7100 | Counter-attack accuracy: 0.6400
2026-02-05 16:41:28,978 - ADV_Generation_eps_1.0_steps_100_Added_Noise_uniform_Eps_24.0_Tau_Type_normal_anchors - INFO - Batch:[100] Adversarial images for this batch already exist
2026-02-05 16:41:29,315 - ADV_Generation_eps_1.0_steps_100_Added_Noise_uniform_Eps_24.0_Tau_Type_normal_anchors - INFO - Batch 101/3783: Clean accuracy 0.8416 | Adv accuracy: 0.7129 | Counter-attack accuracy: 0.6436
2026-02-05 16:41:29,316 - ADV_Generation_eps_1.0_steps_100_Added_Noise_uniform_Eps_24.0_Tau_Type_normal_anchors - INFO - Batch:[101] Adversarial images for this batch already exist
2026-02-05 16:41:29,700 - ADV_Generation_eps_1.0_steps_100_Added_Noise_uniform_Eps_24.0_Tau_Type_normal_anchors - INFO - Batch 102/3783: Clean accuracy 0.8333 | Adv accuracy: 0.7059 | Counter-attack accuracy: 0.6373
2026-02-05 16:41:29,701 - ADV_Generation_eps_1.0_steps_100_Added_Noise_uniform_Eps_24.0_Tau_Type_normal_anchors - INFO - Batch:[102] Adversarial images for this batch already exist
2026-02-05 16:41:30,045 - ADV_Generation_eps_1.0_steps_100_Added_Noise_uniform_Eps_24.0_Tau_Type_normal_anchors - INFO - Batch 103/3783: Clean accuracy 0.8252 | Adv accuracy: 0.6990 | Counter-attack accuracy: 0.6311
2026-02-05 16:41:30,046 - ADV_Generation_eps_1.0_steps_100_Added_Noise_uniform_Eps_24.0_Tau_Type_normal_anchors - INFO - Batch:[103] Adversarial images for this batch already exist
2026-02-05 16:41:30,384 - ADV_Generation_eps_1.0_steps_100_Added_Noise_uniform_Eps_24.0_Tau_Type_normal_anchors - INFO - Batch 104/3783: Clean accuracy 0.8173 | Adv accuracy: 0.6923 | Counter-attack accuracy: 0.6250
2026-02-05 16:41:30,385 - ADV_Generation_eps_1.0_steps_100_Added_Noise_uniform_Eps_24.0_Tau_Type_normal_anchors - INFO - Batch:[104] Adversarial images for this batch already exist
2026-02-05 16:41:30,733 - ADV_Generation_eps_1.0_steps_100_Added_Noise_uniform_Eps_24.0_Tau_Type_normal_anchors - INFO - Batch 105/3783: Clean accuracy 0.8095 | Adv accuracy: 0.6857 | Counter-attack accuracy: 0.6190
2026-02-05 16:41:30,734 - ADV_Generation_eps_1.0_steps_100_Added_Noise_uniform_Eps_24.0_Tau_Type_normal_anchors - INFO - Batch:[105] Adversarial images for this batch already exist
2026-02-05 16:41:31,077 - ADV_Generation_eps_1.0_steps_100_Added_Noise_uniform_Eps_24.0_Tau_Type_normal_anchors - INFO - Batch 106/3783: Clean accuracy 0.8019 | Adv accuracy: 0.6792 | Counter-attack accuracy: 0.6132
2026-02-05 16:41:31,080 - ADV_Generation_eps_1.0_steps_100_Added_Noise_uniform_Eps_24.0_Tau_Type_normal_anchors - INFO - Batch:[106] Adversarial images for this batch already exist
2026-02-05 16:41:31,433 - ADV_Generation_eps_1.0_steps_100_Added_Noise_uniform_Eps_24.0_Tau_Type_normal_anchors - INFO - Batch 107/3783: Clean accuracy 0.8037 | Adv accuracy: 0.6822 | Counter-attack accuracy: 0.6168
2026-02-05 16:41:31,434 - ADV_Generation_eps_1.0_steps_100_Added_Noise_uniform_Eps_24.0_Tau_Type_normal_anchors - INFO - Batch:[107] Adversarial images for this batch already exist
2026-02-05 16:41:31,778 - ADV_Generation_eps_1.0_steps_100_Added_Noise_uniform_Eps_24.0_Tau_Type_normal_anchors - INFO - Batch 108/3783: Clean accuracy 0.8056 | Adv accuracy: 0.6852 | Counter-attack accuracy: 0.6204
2026-02-05 16:41:31,780 - ADV_Generation_eps_1.0_steps_100_Added_Noise_uniform_Eps_24.0_Tau_Type_normal_anchors - INFO - Batch:[108] Adversarial images for this batch already exist
2026-02-05 16:41:32,184 - ADV_Generation_eps_1.0_steps_100_Added_Noise_uniform_Eps_24.0_Tau_Type_normal_anchors - INFO - Batch 109/3783: Clean accuracy 0.8073 | Adv accuracy: 0.6881 | Counter-attack accuracy: 0.6239
2026-02-05 16:41:32,186 - ADV_Generation_eps_1.0_steps_100_Added_Noise_uniform_Eps_24.0_Tau_Type_normal_anchors - INFO - Batch:[109] Adversarial images for this batch already exist
2026-02-05 16:41:32,526 - ADV_Generation_eps_1.0_steps_100_Added_Noise_uniform_Eps_24.0_Tau_Type_normal_anchors - INFO - Batch 110/3783: Clean accuracy 0.8091 | Adv accuracy: 0.6818 | Counter-attack accuracy: 0.6182
2026-02-05 16:41:32,527 - ADV_Generation_eps_1.0_steps_100_Added_Noise_uniform_Eps_24.0_Tau_Type_normal_anchors - INFO - Batch:[110] Adversarial images for this batch already exist
2026-02-05 16:41:32,863 - ADV_Generation_eps_1.0_steps_100_Added_Noise_uniform_Eps_24.0_Tau_Type_normal_anchors - INFO - Batch 111/3783: Clean accuracy 0.8108 | Adv accuracy: 0.6847 | Counter-attack accuracy: 0.6216
2026-02-05 16:41:32,867 - ADV_Generation_eps_1.0_steps_100_Added_Noise_uniform_Eps_24.0_Tau_Type_normal_anchors - INFO - Batch:[111] Adversarial images for this batch already exist
2026-02-05 16:41:33,202 - ADV_Generation_eps_1.0_steps_100_Added_Noise_uniform_Eps_24.0_Tau_Type_normal_anchors - INFO - Batch 112/3783: Clean accuracy 0.8125 | Adv accuracy: 0.6786 | Counter-attack accuracy: 0.6161
2026-02-05 16:41:33,203 - ADV_Generation_eps_1.0_steps_100_Added_Noise_uniform_Eps_24.0_Tau_Type_normal_anchors - INFO - Batch:[112] Adversarial images for this batch already exist
2026-02-05 16:41:33,573 - ADV_Generation_eps_1.0_steps_100_Added_Noise_uniform_Eps_24.0_Tau_Type_normal_anchors - INFO - Batch 113/3783: Clean accuracy 0.8142 | Adv accuracy: 0.6814 | Counter-attack accuracy: 0.6195
2026-02-05 16:41:33,578 - ADV_Generation_eps_1.0_steps_100_Added_Noise_uniform_Eps_24.0_Tau_Type_normal_anchors - INFO - Batch:[113] Adversarial images for this batch already exist
2026-02-05 16:41:33,923 - ADV_Generation_eps_1.0_steps_100_Added_Noise_uniform_Eps_24.0_Tau_Type_normal_anchors - INFO - Batch 114/3783: Clean accuracy 0.8158 | Adv accuracy: 0.6842 | Counter-attack accuracy: 0.6228
2026-02-05 16:41:33,923 - ADV_Generation_eps_1.0_steps_100_Added_Noise_uniform_Eps_24.0_Tau_Type_normal_anchors - INFO - Batch:[114] Adversarial images for this batch already exist
2026-02-05 16:41:34,261 - ADV_Generation_eps_1.0_steps_100_Added_Noise_uniform_Eps_24.0_Tau_Type_normal_anchors - INFO - Batch 115/3783: Clean accuracy 0.8174 | Adv accuracy: 0.6870 | Counter-attack accuracy: 0.6261
2026-02-05 16:41:34,262 - ADV_Generation_eps_1.0_steps_100_Added_Noise_uniform_Eps_24.0_Tau_Type_normal_anchors - INFO - Batch:[115] Adversarial images for this batch already exist
2026-02-05 16:41:34,610 - ADV_Generation_eps_1.0_steps_100_Added_Noise_uniform_Eps_24.0_Tau_Type_normal_anchors - INFO - Batch 116/3783: Clean accuracy 0.8190 | Adv accuracy: 0.6810 | Counter-attack accuracy: 0.6207
2026-02-05 16:41:34,611 - ADV_Generation_eps_1.0_steps_100_Added_Noise_uniform_Eps_24.0_Tau_Type_normal_anchors - INFO - Batch:[116] Adversarial images for this batch already exist
2026-02-05 16:41:34,945 - ADV_Generation_eps_1.0_steps_100_Added_Noise_uniform_Eps_24.0_Tau_Type_normal_anchors - INFO - Batch 117/3783: Clean accuracy 0.8205 | Adv accuracy: 0.6838 | Counter-attack accuracy: 0.6239
2026-02-05 16:41:34,947 - ADV_Generation_eps_1.0_steps_100_Added_Noise_uniform_Eps_24.0_Tau_Type_normal_anchors - INFO - Batch:[117] Adversarial images for this batch already exist
2026-02-05 16:41:35,286 - ADV_Generation_eps_1.0_steps_100_Added_Noise_uniform_Eps_24.0_Tau_Type_normal_anchors - INFO - Batch 118/3783: Clean accuracy 0.8220 | Adv accuracy: 0.6864 | Counter-attack accuracy: 0.6271
2026-02-05 16:41:35,287 - ADV_Generation_eps_1.0_steps_100_Added_Noise_uniform_Eps_24.0_Tau_Type_normal_anchors - INFO - Batch:[118] Adversarial images for this batch already exist
2026-02-05 16:41:35,634 - ADV_Generation_eps_1.0_steps_100_Added_Noise_uniform_Eps_24.0_Tau_Type_normal_anchors - INFO - Batch 119/3783: Clean accuracy 0.8235 | Adv accuracy: 0.6891 | Counter-attack accuracy: 0.6303
2026-02-05 16:41:35,636 - ADV_Generation_eps_1.0_steps_100_Added_Noise_uniform_Eps_24.0_Tau_Type_normal_anchors - INFO - Batch:[119] Adversarial images for this batch already exist
2026-02-05 16:41:35,972 - ADV_Generation_eps_1.0_steps_100_Added_Noise_uniform_Eps_24.0_Tau_Type_normal_anchors - INFO - Batch 120/3783: Clean accuracy 0.8167 | Adv accuracy: 0.6833 | Counter-attack accuracy: 0.6250
2026-02-05 16:41:35,972 - ADV_Generation_eps_1.0_steps_100_Added_Noise_uniform_Eps_24.0_Tau_Type_normal_anchors - INFO - Batch:[120] Adversarial images for this batch already exist
2026-02-05 16:41:36,320 - ADV_Generation_eps_1.0_steps_100_Added_Noise_uniform_Eps_24.0_Tau_Type_normal_anchors - INFO - Batch 121/3783: Clean accuracy 0.8182 | Adv accuracy: 0.6777 | Counter-attack accuracy: 0.6198
2026-02-05 16:41:36,323 - ADV_Generation_eps_1.0_steps_100_Added_Noise_uniform_Eps_24.0_Tau_Type_normal_anchors - INFO - Batch:[121] Adversarial images for this batch already exist
2026-02-05 16:41:36,704 - ADV_Generation_eps_1.0_steps_100_Added_Noise_uniform_Eps_24.0_Tau_Type_normal_anchors - INFO - Batch 122/3783: Clean accuracy 0.8115 | Adv accuracy: 0.6721 | Counter-attack accuracy: 0.6148
2026-02-05 16:41:36,707 - ADV_Generation_eps_1.0_steps_100_Added_Noise_uniform_Eps_24.0_Tau_Type_normal_anchors - INFO - Batch:[122] Adversarial images for this batch already exist
2026-02-05 16:41:37,042 - ADV_Generation_eps_1.0_steps_100_Added_Noise_uniform_Eps_24.0_Tau_Type_normal_anchors - INFO - Batch 123/3783: Clean accuracy 0.8130 | Adv accuracy: 0.6748 | Counter-attack accuracy: 0.6098
2026-02-05 16:41:37,043 - ADV_Generation_eps_1.0_steps_100_Added_Noise_uniform_Eps_24.0_Tau_Type_normal_anchors - INFO - Batch:[123] Adversarial images for this batch already exist
2026-02-05 16:41:37,379 - ADV_Generation_eps_1.0_steps_100_Added_Noise_uniform_Eps_24.0_Tau_Type_normal_anchors - INFO - Batch 124/3783: Clean accuracy 0.8145 | Adv accuracy: 0.6774 | Counter-attack accuracy: 0.6129
2026-02-05 16:41:37,382 - ADV_Generation_eps_1.0_steps_100_Added_Noise_uniform_Eps_24.0_Tau_Type_normal_anchors - INFO - Batch:[124] Adversarial images for this batch already exist
2026-02-05 16:41:37,719 - ADV_Generation_eps_1.0_steps_100_Added_Noise_uniform_Eps_24.0_Tau_Type_normal_anchors - INFO - Batch 125/3783: Clean accuracy 0.8160 | Adv accuracy: 0.6800 | Counter-attack accuracy: 0.6160
2026-02-05 16:41:37,720 - ADV_Generation_eps_1.0_steps_100_Added_Noise_uniform_Eps_24.0_Tau_Type_normal_anchors - INFO - Batch:[125] Adversarial images for this batch already exist
2026-02-05 16:41:38,065 - ADV_Generation_eps_1.0_steps_100_Added_Noise_uniform_Eps_24.0_Tau_Type_normal_anchors - INFO - Batch 126/3783: Clean accuracy 0.8175 | Adv accuracy: 0.6825 | Counter-attack accuracy: 0.6190
2026-02-05 16:41:38,066 - ADV_Generation_eps_1.0_steps_100_Added_Noise_uniform_Eps_24.0_Tau_Type_normal_anchors - INFO - Batch:[126] Adversarial images for this batch already exist
2026-02-05 16:41:38,413 - ADV_Generation_eps_1.0_steps_100_Added_Noise_uniform_Eps_24.0_Tau_Type_normal_anchors - INFO - Batch 127/3783: Clean accuracy 0.8189 | Adv accuracy: 0.6850 | Counter-attack accuracy: 0.6220
2026-02-05 16:41:38,415 - ADV_Generation_eps_1.0_steps_100_Added_Noise_uniform_Eps_24.0_Tau_Type_normal_anchors - INFO - Batch:[127] Adversarial images for this batch already exist
2026-02-05 16:41:38,753 - ADV_Generation_eps_1.0_steps_100_Added_Noise_uniform_Eps_24.0_Tau_Type_normal_anchors - INFO - Batch 128/3783: Clean accuracy 0.8203 | Adv accuracy: 0.6875 | Counter-attack accuracy: 0.6250
2026-02-05 16:41:38,754 - ADV_Generation_eps_1.0_steps_100_Added_Noise_uniform_Eps_24.0_Tau_Type_normal_anchors - INFO - Batch:[128] Adversarial images for this batch already exist
2026-02-05 16:41:39,093 - ADV_Generation_eps_1.0_steps_100_Added_Noise_uniform_Eps_24.0_Tau_Type_normal_anchors - INFO - Batch 129/3783: Clean accuracy 0.8217 | Adv accuracy: 0.6899 | Counter-attack accuracy: 0.6202
2026-02-05 16:41:39,093 - ADV_Generation_eps_1.0_steps_100_Added_Noise_uniform_Eps_24.0_Tau_Type_normal_anchors - INFO - Batch:[129] Adversarial images for this batch already exist
2026-02-05 16:41:39,437 - ADV_Generation_eps_1.0_steps_100_Added_Noise_uniform_Eps_24.0_Tau_Type_normal_anchors - INFO - Batch 130/3783: Clean accuracy 0.8231 | Adv accuracy: 0.6846 | Counter-attack accuracy: 0.6154
2026-02-05 16:41:39,438 - ADV_Generation_eps_1.0_steps_100_Added_Noise_uniform_Eps_24.0_Tau_Type_normal_anchors - INFO - Batch:[130] Adversarial images for this batch already exist
2026-02-05 16:41:39,772 - ADV_Generation_eps_1.0_steps_100_Added_Noise_uniform_Eps_24.0_Tau_Type_normal_anchors - INFO - Batch 131/3783: Clean accuracy 0.8244 | Adv accuracy: 0.6870 | Counter-attack accuracy: 0.6183
2026-02-05 16:41:39,775 - ADV_Generation_eps_1.0_steps_100_Added_Noise_uniform_Eps_24.0_Tau_Type_normal_anchors - INFO - Batch:[131] Adversarial images for this batch already exist
2026-02-05 16:41:40,119 - ADV_Generation_eps_1.0_steps_100_Added_Noise_uniform_Eps_24.0_Tau_Type_normal_anchors - INFO - Batch 132/3783: Clean accuracy 0.8258 | Adv accuracy: 0.6894 | Counter-attack accuracy: 0.6212
2026-02-05 16:41:40,120 - ADV_Generation_eps_1.0_steps_100_Added_Noise_uniform_Eps_24.0_Tau_Type_normal_anchors - INFO - Batch:[132] Adversarial images for this batch already exist
2026-02-05 16:41:40,465 - ADV_Generation_eps_1.0_steps_100_Added_Noise_uniform_Eps_24.0_Tau_Type_normal_anchors - INFO - Batch 133/3783: Clean accuracy 0.8271 | Adv accuracy: 0.6917 | Counter-attack accuracy: 0.6241
2026-02-05 16:41:40,466 - ADV_Generation_eps_1.0_steps_100_Added_Noise_uniform_Eps_24.0_Tau_Type_normal_anchors - INFO - Batch:[133] Adversarial images for this batch already exist
2026-02-05 16:41:40,815 - ADV_Generation_eps_1.0_steps_100_Added_Noise_uniform_Eps_24.0_Tau_Type_normal_anchors - INFO - Batch 134/3783: Clean accuracy 0.8284 | Adv accuracy: 0.6940 | Counter-attack accuracy: 0.6269
2026-02-05 16:41:40,817 - ADV_Generation_eps_1.0_steps_100_Added_Noise_uniform_Eps_24.0_Tau_Type_normal_anchors - INFO - Batch:[134] Adversarial images for this batch already exist
2026-02-05 16:41:41,151 - ADV_Generation_eps_1.0_steps_100_Added_Noise_uniform_Eps_24.0_Tau_Type_normal_anchors - INFO - Batch 135/3783: Clean accuracy 0.8296 | Adv accuracy: 0.6963 | Counter-attack accuracy: 0.6296
2026-02-05 16:41:41,152 - ADV_Generation_eps_1.0_steps_100_Added_Noise_uniform_Eps_24.0_Tau_Type_normal_anchors - INFO - Batch:[135] Adversarial images for this batch already exist
2026-02-05 16:41:41,491 - ADV_Generation_eps_1.0_steps_100_Added_Noise_uniform_Eps_24.0_Tau_Type_normal_anchors - INFO - Batch 136/3783: Clean accuracy 0.8309 | Adv accuracy: 0.6985 | Counter-attack accuracy: 0.6324
2026-02-05 16:41:41,492 - ADV_Generation_eps_1.0_steps_100_Added_Noise_uniform_Eps_24.0_Tau_Type_normal_anchors - INFO - Batch:[136] Adversarial images for this batch already exist
2026-02-05 16:41:41,827 - ADV_Generation_eps_1.0_steps_100_Added_Noise_uniform_Eps_24.0_Tau_Type_normal_anchors - INFO - Batch 137/3783: Clean accuracy 0.8321 | Adv accuracy: 0.7007 | Counter-attack accuracy: 0.6350
2026-02-05 16:41:41,828 - ADV_Generation_eps_1.0_steps_100_Added_Noise_uniform_Eps_24.0_Tau_Type_normal_anchors - INFO - Batch:[137] Adversarial images for this batch already exist
2026-02-05 16:41:42,165 - ADV_Generation_eps_1.0_steps_100_Added_Noise_uniform_Eps_24.0_Tau_Type_normal_anchors - INFO - Batch 138/3783: Clean accuracy 0.8333 | Adv accuracy: 0.7029 | Counter-attack accuracy: 0.6377
2026-02-05 16:41:42,166 - ADV_Generation_eps_1.0_steps_100_Added_Noise_uniform_Eps_24.0_Tau_Type_normal_anchors - INFO - Batch:[138] Adversarial images for this batch already exist
2026-02-05 16:41:42,503 - ADV_Generation_eps_1.0_steps_100_Added_Noise_uniform_Eps_24.0_Tau_Type_normal_anchors - INFO - Batch 139/3783: Clean accuracy 0.8345 | Adv accuracy: 0.7050 | Counter-attack accuracy: 0.6403
2026-02-05 16:41:42,505 - ADV_Generation_eps_1.0_steps_100_Added_Noise_uniform_Eps_24.0_Tau_Type_normal_anchors - INFO - Batch:[139] Adversarial images for this batch already exist
2026-02-05 16:41:42,837 - ADV_Generation_eps_1.0_steps_100_Added_Noise_uniform_Eps_24.0_Tau_Type_normal_anchors - INFO - Batch 140/3783: Clean accuracy 0.8357 | Adv accuracy: 0.7071 | Counter-attack accuracy: 0.6429
2026-02-05 16:41:42,838 - ADV_Generation_eps_1.0_steps_100_Added_Noise_uniform_Eps_24.0_Tau_Type_normal_anchors - INFO - Batch:[140] Adversarial images for this batch already exist
2026-02-05 16:41:43,174 - ADV_Generation_eps_1.0_steps_100_Added_Noise_uniform_Eps_24.0_Tau_Type_normal_anchors - INFO - Batch 141/3783: Clean accuracy 0.8369 | Adv accuracy: 0.7092 | Counter-attack accuracy: 0.6454
2026-02-05 16:41:43,175 - ADV_Generation_eps_1.0_steps_100_Added_Noise_uniform_Eps_24.0_Tau_Type_normal_anchors - INFO - Batch:[141] Adversarial images for this batch already exist
2026-02-05 16:41:43,510 - ADV_Generation_eps_1.0_steps_100_Added_Noise_uniform_Eps_24.0_Tau_Type_normal_anchors - INFO - Batch 142/3783: Clean accuracy 0.8380 | Adv accuracy: 0.7113 | Counter-attack accuracy: 0.6479
2026-02-05 16:41:43,512 - ADV_Generation_eps_1.0_steps_100_Added_Noise_uniform_Eps_24.0_Tau_Type_normal_anchors - INFO - Batch:[142] Adversarial images for this batch already exist
2026-02-05 16:41:43,897 - ADV_Generation_eps_1.0_steps_100_Added_Noise_uniform_Eps_24.0_Tau_Type_normal_anchors - INFO - Batch 143/3783: Clean accuracy 0.8392 | Adv accuracy: 0.7133 | Counter-attack accuracy: 0.6503
2026-02-05 16:41:43,898 - ADV_Generation_eps_1.0_steps_100_Added_Noise_uniform_Eps_24.0_Tau_Type_normal_anchors - INFO - Batch:[143] Adversarial images for this batch already exist
2026-02-05 16:41:44,234 - ADV_Generation_eps_1.0_steps_100_Added_Noise_uniform_Eps_24.0_Tau_Type_normal_anchors - INFO - Batch 144/3783: Clean accuracy 0.8403 | Adv accuracy: 0.7153 | Counter-attack accuracy: 0.6528
2026-02-05 16:41:44,236 - ADV_Generation_eps_1.0_steps_100_Added_Noise_uniform_Eps_24.0_Tau_Type_normal_anchors - INFO - Batch:[144] Adversarial images for this batch already exist
2026-02-05 16:41:44,600 - ADV_Generation_eps_1.0_steps_100_Added_Noise_uniform_Eps_24.0_Tau_Type_normal_anchors - INFO - Batch 145/3783: Clean accuracy 0.8414 | Adv accuracy: 0.7172 | Counter-attack accuracy: 0.6552
2026-02-05 16:41:44,601 - ADV_Generation_eps_1.0_steps_100_Added_Noise_uniform_Eps_24.0_Tau_Type_normal_anchors - INFO - Batch:[145] Adversarial images for this batch already exist
2026-02-05 16:41:44,955 - ADV_Generation_eps_1.0_steps_100_Added_Noise_uniform_Eps_24.0_Tau_Type_normal_anchors - INFO - Batch 146/3783: Clean accuracy 0.8425 | Adv accuracy: 0.7192 | Counter-attack accuracy: 0.6575
2026-02-05 16:41:44,958 - ADV_Generation_eps_1.0_steps_100_Added_Noise_uniform_Eps_24.0_Tau_Type_normal_anchors - INFO - Batch:[146] Adversarial images for this batch already exist
2026-02-05 16:41:45,313 - ADV_Generation_eps_1.0_steps_100_Added_Noise_uniform_Eps_24.0_Tau_Type_normal_anchors - INFO - Batch 147/3783: Clean accuracy 0.8435 | Adv accuracy: 0.7211 | Counter-attack accuracy: 0.6599
2026-02-05 16:41:45,314 - ADV_Generation_eps_1.0_steps_100_Added_Noise_uniform_Eps_24.0_Tau_Type_normal_anchors - INFO - Batch:[147] Adversarial images for this batch already exist
2026-02-05 16:41:45,650 - ADV_Generation_eps_1.0_steps_100_Added_Noise_uniform_Eps_24.0_Tau_Type_normal_anchors - INFO - Batch 148/3783: Clean accuracy 0.8378 | Adv accuracy: 0.7162 | Counter-attack accuracy: 0.6554
2026-02-05 16:41:45,652 - ADV_Generation_eps_1.0_steps_100_Added_Noise_uniform_Eps_24.0_Tau_Type_normal_anchors - INFO - Batch:[148] Adversarial images for this batch already exist
2026-02-05 16:41:45,985 - ADV_Generation_eps_1.0_steps_100_Added_Noise_uniform_Eps_24.0_Tau_Type_normal_anchors - INFO - Batch 149/3783: Clean accuracy 0.8389 | Adv accuracy: 0.7181 | Counter-attack accuracy: 0.6577
2026-02-05 16:41:45,986 - ADV_Generation_eps_1.0_steps_100_Added_Noise_uniform_Eps_24.0_Tau_Type_normal_anchors - INFO - Batch:[149] Adversarial images for this batch already exist
2026-02-05 16:41:46,324 - ADV_Generation_eps_1.0_steps_100_Added_Noise_uniform_Eps_24.0_Tau_Type_normal_anchors - INFO - Batch 150/3783: Clean accuracy 0.8400 | Adv accuracy: 0.7200 | Counter-attack accuracy: 0.6600
2026-02-05 16:41:46,325 - ADV_Generation_eps_1.0_steps_100_Added_Noise_uniform_Eps_24.0_Tau_Type_normal_anchors - INFO - Batch:[150] Adversarial images for this batch already exist
2026-02-05 16:41:46,676 - ADV_Generation_eps_1.0_steps_100_Added_Noise_uniform_Eps_24.0_Tau_Type_normal_anchors - INFO - Batch 151/3783: Clean accuracy 0.8411 | Adv accuracy: 0.7219 | Counter-attack accuracy: 0.6556
2026-02-05 16:41:46,680 - ADV_Generation_eps_1.0_steps_100_Added_Noise_uniform_Eps_24.0_Tau_Type_normal_anchors - INFO - Batch:[151] Adversarial images for this batch already exist
2026-02-05 16:41:47,015 - ADV_Generation_eps_1.0_steps_100_Added_Noise_uniform_Eps_24.0_Tau_Type_normal_anchors - INFO - Batch 152/3783: Clean accuracy 0.8421 | Adv accuracy: 0.7237 | Counter-attack accuracy: 0.6579
2026-02-05 16:41:47,017 - ADV_Generation_eps_1.0_steps_100_Added_Noise_uniform_Eps_24.0_Tau_Type_normal_anchors - INFO - Batch:[152] Adversarial images for this batch already exist
2026-02-05 16:41:47,359 - ADV_Generation_eps_1.0_steps_100_Added_Noise_uniform_Eps_24.0_Tau_Type_normal_anchors - INFO - Batch 153/3783: Clean accuracy 0.8366 | Adv accuracy: 0.7190 | Counter-attack accuracy: 0.6536
2026-02-05 16:41:47,360 - ADV_Generation_eps_1.0_steps_100_Added_Noise_uniform_Eps_24.0_Tau_Type_normal_anchors - INFO - Batch:[153] Adversarial images for this batch already exist
2026-02-05 16:41:47,696 - ADV_Generation_eps_1.0_steps_100_Added_Noise_uniform_Eps_24.0_Tau_Type_normal_anchors - INFO - Batch 154/3783: Clean accuracy 0.8312 | Adv accuracy: 0.7143 | Counter-attack accuracy: 0.6494
2026-02-05 16:41:47,698 - ADV_Generation_eps_1.0_steps_100_Added_Noise_uniform_Eps_24.0_Tau_Type_normal_anchors - INFO - Batch:[154] Adversarial images for this batch already exist
2026-02-05 16:41:48,038 - ADV_Generation_eps_1.0_steps_100_Added_Noise_uniform_Eps_24.0_Tau_Type_normal_anchors - INFO - Batch 155/3783: Clean accuracy 0.8258 | Adv accuracy: 0.7097 | Counter-attack accuracy: 0.6452
2026-02-05 16:41:48,040 - ADV_Generation_eps_1.0_steps_100_Added_Noise_uniform_Eps_24.0_Tau_Type_normal_anchors - INFO - Batch:[155] Adversarial images for this batch already exist
2026-02-05 16:41:48,375 - ADV_Generation_eps_1.0_steps_100_Added_Noise_uniform_Eps_24.0_Tau_Type_normal_anchors - INFO - Batch 156/3783: Clean accuracy 0.8205 | Adv accuracy: 0.7051 | Counter-attack accuracy: 0.6410
2026-02-05 16:41:48,376 - ADV_Generation_eps_1.0_steps_100_Added_Noise_uniform_Eps_24.0_Tau_Type_normal_anchors - INFO - Batch:[156] Adversarial images for this batch already exist
2026-02-05 16:41:48,711 - ADV_Generation_eps_1.0_steps_100_Added_Noise_uniform_Eps_24.0_Tau_Type_normal_anchors - INFO - Batch 157/3783: Clean accuracy 0.8153 | Adv accuracy: 0.7006 | Counter-attack accuracy: 0.6369
2026-02-05 16:41:48,712 - ADV_Generation_eps_1.0_steps_100_Added_Noise_uniform_Eps_24.0_Tau_Type_normal_anchors - INFO - Batch:[157] Adversarial images for this batch already exist
2026-02-05 16:41:49,057 - ADV_Generation_eps_1.0_steps_100_Added_Noise_uniform_Eps_24.0_Tau_Type_normal_anchors - INFO - Batch 158/3783: Clean accuracy 0.8101 | Adv accuracy: 0.6962 | Counter-attack accuracy: 0.6329
2026-02-05 16:41:49,059 - ADV_Generation_eps_1.0_steps_100_Added_Noise_uniform_Eps_24.0_Tau_Type_normal_anchors - INFO - Batch:[158] Adversarial images for this batch already exist
2026-02-05 16:41:49,416 - ADV_Generation_eps_1.0_steps_100_Added_Noise_uniform_Eps_24.0_Tau_Type_normal_anchors - INFO - Batch 159/3783: Clean accuracy 0.8113 | Adv accuracy: 0.6981 | Counter-attack accuracy: 0.6352
2026-02-05 16:41:49,417 - ADV_Generation_eps_1.0_steps_100_Added_Noise_uniform_Eps_24.0_Tau_Type_normal_anchors - INFO - Batch:[159] Adversarial images for this batch already exist
2026-02-05 16:41:49,757 - ADV_Generation_eps_1.0_steps_100_Added_Noise_uniform_Eps_24.0_Tau_Type_normal_anchors - INFO - Batch 160/3783: Clean accuracy 0.8063 | Adv accuracy: 0.6937 | Counter-attack accuracy: 0.6312
2026-02-05 16:41:49,758 - ADV_Generation_eps_1.0_steps_100_Added_Noise_uniform_Eps_24.0_Tau_Type_normal_anchors - INFO - Batch:[160] Adversarial images for this batch already exist
2026-02-05 16:41:50,105 - ADV_Generation_eps_1.0_steps_100_Added_Noise_uniform_Eps_24.0_Tau_Type_normal_anchors - INFO - Batch 161/3783: Clean accuracy 0.8012 | Adv accuracy: 0.6894 | Counter-attack accuracy: 0.6273
2026-02-05 16:41:50,106 - ADV_Generation_eps_1.0_steps_100_Added_Noise_uniform_Eps_24.0_Tau_Type_normal_anchors - INFO - Batch:[161] Adversarial images for this batch already exist
2026-02-05 16:41:50,440 - ADV_Generation_eps_1.0_steps_100_Added_Noise_uniform_Eps_24.0_Tau_Type_normal_anchors - INFO - Batch 162/3783: Clean accuracy 0.7963 | Adv accuracy: 0.6852 | Counter-attack accuracy: 0.6235
2026-02-05 16:41:50,441 - ADV_Generation_eps_1.0_steps_100_Added_Noise_uniform_Eps_24.0_Tau_Type_normal_anchors - INFO - Batch:[162] Adversarial images for this batch already exist
2026-02-05 16:41:50,800 - ADV_Generation_eps_1.0_steps_100_Added_Noise_uniform_Eps_24.0_Tau_Type_normal_anchors - INFO - Batch 163/3783: Clean accuracy 0.7914 | Adv accuracy: 0.6810 | Counter-attack accuracy: 0.6196
2026-02-05 16:41:50,800 - ADV_Generation_eps_1.0_steps_100_Added_Noise_uniform_Eps_24.0_Tau_Type_normal_anchors - INFO - Batch:[163] Adversarial images for this batch already exist
2026-02-05 16:41:51,141 - ADV_Generation_eps_1.0_steps_100_Added_Noise_uniform_Eps_24.0_Tau_Type_normal_anchors - INFO - Batch 164/3783: Clean accuracy 0.7866 | Adv accuracy: 0.6768 | Counter-attack accuracy: 0.6159
2026-02-05 16:41:51,142 - ADV_Generation_eps_1.0_steps_100_Added_Noise_uniform_Eps_24.0_Tau_Type_normal_anchors - INFO - Batch:[164] Adversarial images for this batch already exist
2026-02-05 16:41:51,483 - ADV_Generation_eps_1.0_steps_100_Added_Noise_uniform_Eps_24.0_Tau_Type_normal_anchors - INFO - Batch 165/3783: Clean accuracy 0.7818 | Adv accuracy: 0.6727 | Counter-attack accuracy: 0.6121
2026-02-05 16:41:51,484 - ADV_Generation_eps_1.0_steps_100_Added_Noise_uniform_Eps_24.0_Tau_Type_normal_anchors - INFO - Batch:[165] Adversarial images for this batch already exist
2026-02-05 16:41:51,820 - ADV_Generation_eps_1.0_steps_100_Added_Noise_uniform_Eps_24.0_Tau_Type_normal_anchors - INFO - Batch 166/3783: Clean accuracy 0.7771 | Adv accuracy: 0.6687 | Counter-attack accuracy: 0.6084
2026-02-05 16:41:51,822 - ADV_Generation_eps_1.0_steps_100_Added_Noise_uniform_Eps_24.0_Tau_Type_normal_anchors - INFO - Batch:[166] Adversarial images for this batch already exist
2026-02-05 16:41:52,204 - ADV_Generation_eps_1.0_steps_100_Added_Noise_uniform_Eps_24.0_Tau_Type_normal_anchors - INFO - Batch 167/3783: Clean accuracy 0.7725 | Adv accuracy: 0.6647 | Counter-attack accuracy: 0.6048
2026-02-05 16:41:52,206 - ADV_Generation_eps_1.0_steps_100_Added_Noise_uniform_Eps_24.0_Tau_Type_normal_anchors - INFO - Batch:[167] Adversarial images for this batch already exist
2026-02-05 16:41:52,541 - ADV_Generation_eps_1.0_steps_100_Added_Noise_uniform_Eps_24.0_Tau_Type_normal_anchors - INFO - Batch 168/3783: Clean accuracy 0.7679 | Adv accuracy: 0.6607 | Counter-attack accuracy: 0.6012
2026-02-05 16:41:52,542 - ADV_Generation_eps_1.0_steps_100_Added_Noise_uniform_Eps_24.0_Tau_Type_normal_anchors - INFO - Batch:[168] Adversarial images for this batch already exist
2026-02-05 16:41:52,876 - ADV_Generation_eps_1.0_steps_100_Added_Noise_uniform_Eps_24.0_Tau_Type_normal_anchors - INFO - Batch 169/3783: Clean accuracy 0.7633 | Adv accuracy: 0.6568 | Counter-attack accuracy: 0.5976
2026-02-05 16:41:52,878 - ADV_Generation_eps_1.0_steps_100_Added_Noise_uniform_Eps_24.0_Tau_Type_normal_anchors - INFO - Batch:[169] Adversarial images for this batch already exist
