2025-07-10 20:06:02,610 - ADV_Generation_eps_4.0_steps_100_Purification_type_noisy_anchor_anchors_10_alpha_1.2_sigma_0.06_threshold_0.0 - INFO - ==========================================
data:/leonardo_work/EUHPC_R04_192/fmohamma/Adversarial_Robust_Clip/atpt_data/downstream_datasets
test_sets:Flower102
dataset_mode:test
arch:vit_l_14_datacomp_1b
resolution:224
workers:4
no_pin_memory:False
batch_size:64
adv_bs:16
print_freq:20
gpu:0
no_cudnn_benchmark:False
n_ctx:4
ctx_init:a_photo_of_a
seed:0
output_dir:/leonardo_work/EUHPC_R04_192/fmohamma/Adversarial_Robust_Clip/atpt_data/vit_l_14_datacomp_1b/Flower102
log_output_dir:/leonardo_work/EUHPC_R04_192/fmohamma/Adversarial_Robust_Clip/ATPT/Purify_Results/vit_l_14_datacomp_1b/Flower102
eps:4.0
alpha:1.0
alpha_eps_ratio:4.0
steps:100
counter_attack:False
counter_attack_type:pgd
counter_attack_steps:2
counter_attack_eps:4.0
counter_attack_alpha:1.0
counter_attack_tau_thres:0.2
counter_attack_beta:2.0
counter_attack_weighted_perturbations:True
pgd_clip_pure_i_text_embeddings:null
pgd_counter_and_clipure_i_lamda:1.0
image_feature_purify:True
image_feature_purify_type:noisy_anchor
image_feature_purify_noisy_anchors:10
image_feature_purify_anchors_alpha:1.2
image_feature_purify_noisy_sigma:0.06
image_feature_purify_diff_threshold:0.0
lr:0.005
selection_p:0.1
tta_steps:1
top_k:20
softmax_temp:0.01
load_tecoa:

2025-07-10 20:06:02,611 - ADV_Generation_eps_4.0_steps_100_Purification_type_noisy_anchor_anchors_10_alpha_1.2_sigma_0.06_threshold_0.0 - INFO - Use GPU: 0 for training
2025-07-10 20:07:50,494 - ADV_Generation_eps_4.0_steps_100_Purification_type_noisy_anchor_anchors_10_alpha_1.2_sigma_0.06_threshold_0.0 - INFO - => Model created: visual backbone vit_l_14_datacomp_1b
2025-07-10 20:07:50,501 - ADV_Generation_eps_4.0_steps_100_Purification_type_noisy_anchor_anchors_10_alpha_1.2_sigma_0.06_threshold_0.0 - INFO - Number of test samples: 2463
2025-07-10 20:07:50,501 - ADV_Generation_eps_4.0_steps_100_Purification_type_noisy_anchor_anchors_10_alpha_1.2_sigma_0.06_threshold_0.0 - INFO - Evaluating dataset: Flower102
2025-07-10 20:07:50,502 - ADV_Generation_eps_4.0_steps_100_Purification_type_noisy_anchor_anchors_10_alpha_1.2_sigma_0.06_threshold_0.0 - INFO - Starting evaluation with batch size: 64, selection percentage: 0.1
2025-07-10 20:07:50,502 - ADV_Generation_eps_4.0_steps_100_Purification_type_noisy_anchor_anchors_10_alpha_1.2_sigma_0.06_threshold_0.0 - INFO - Using PGD attack with epsilon: 0.015686, alpha: 0.003922, steps: 100
2025-07-10 20:07:50,503 - ADV_Generation_eps_4.0_steps_100_Purification_type_noisy_anchor_anchors_10_alpha_1.2_sigma_0.06_threshold_0.0 - INFO - Using directory for adversarial images: /leonardo_work/EUHPC_R04_192/fmohamma/Adversarial_Robust_Clip/atpt_data/vit_l_14_datacomp_1b/Flower102/adv_images_eps_4.0_alpha_1.0_steps_100
2025-07-10 20:07:51,001 - ADV_Generation_eps_4.0_steps_100_Purification_type_noisy_anchor_anchors_10_alpha_1.2_sigma_0.06_threshold_0.0 - INFO - Batch:[0] Adversarial images for this batch already exist
2025-07-10 20:07:55,755 - ADV_Generation_eps_4.0_steps_100_Purification_type_noisy_anchor_anchors_10_alpha_1.2_sigma_0.06_threshold_0.0 - INFO - Batch 1/154: Clean orig accuracy 1.0000 | Clean purify accuracy 1.0000 | Adv orig accuracy: 0.0000 | Adv purify accuracy: 1.0000
2025-07-10 20:07:55,764 - ADV_Generation_eps_4.0_steps_100_Purification_type_noisy_anchor_anchors_10_alpha_1.2_sigma_0.06_threshold_0.0 - INFO - Batch:[1] Adversarial images for this batch already exist
2025-07-10 20:07:59,403 - ADV_Generation_eps_4.0_steps_100_Purification_type_noisy_anchor_anchors_10_alpha_1.2_sigma_0.06_threshold_0.0 - INFO - Batch 2/154: Clean orig accuracy 1.0000 | Clean purify accuracy 1.0000 | Adv orig accuracy: 0.0000 | Adv purify accuracy: 1.0000
2025-07-10 20:07:59,413 - ADV_Generation_eps_4.0_steps_100_Purification_type_noisy_anchor_anchors_10_alpha_1.2_sigma_0.06_threshold_0.0 - INFO - Batch:[2] Adversarial images for this batch already exist
2025-07-10 20:08:03,043 - ADV_Generation_eps_4.0_steps_100_Purification_type_noisy_anchor_anchors_10_alpha_1.2_sigma_0.06_threshold_0.0 - INFO - Batch 3/154: Clean orig accuracy 1.0000 | Clean purify accuracy 1.0000 | Adv orig accuracy: 0.0000 | Adv purify accuracy: 1.0000
2025-07-10 20:08:03,053 - ADV_Generation_eps_4.0_steps_100_Purification_type_noisy_anchor_anchors_10_alpha_1.2_sigma_0.06_threshold_0.0 - INFO - Batch:[3] Adversarial images for this batch already exist
2025-07-10 20:08:06,665 - ADV_Generation_eps_4.0_steps_100_Purification_type_noisy_anchor_anchors_10_alpha_1.2_sigma_0.06_threshold_0.0 - INFO - Batch 4/154: Clean orig accuracy 1.0000 | Clean purify accuracy 1.0000 | Adv orig accuracy: 0.0000 | Adv purify accuracy: 1.0000
2025-07-10 20:08:06,675 - ADV_Generation_eps_4.0_steps_100_Purification_type_noisy_anchor_anchors_10_alpha_1.2_sigma_0.06_threshold_0.0 - INFO - Batch:[4] Adversarial images for this batch already exist
2025-07-10 20:08:10,457 - ADV_Generation_eps_4.0_steps_100_Purification_type_noisy_anchor_anchors_10_alpha_1.2_sigma_0.06_threshold_0.0 - INFO - Batch 5/154: Clean orig accuracy 1.0000 | Clean purify accuracy 1.0000 | Adv orig accuracy: 0.0000 | Adv purify accuracy: 1.0000
2025-07-10 20:08:10,466 - ADV_Generation_eps_4.0_steps_100_Purification_type_noisy_anchor_anchors_10_alpha_1.2_sigma_0.06_threshold_0.0 - INFO - Batch:[5] Adversarial images for this batch already exist
2025-07-10 20:08:14,236 - ADV_Generation_eps_4.0_steps_100_Purification_type_noisy_anchor_anchors_10_alpha_1.2_sigma_0.06_threshold_0.0 - INFO - Batch 6/154: Clean orig accuracy 1.0000 | Clean purify accuracy 0.9896 | Adv orig accuracy: 0.0000 | Adv purify accuracy: 1.0000
2025-07-10 20:08:14,245 - ADV_Generation_eps_4.0_steps_100_Purification_type_noisy_anchor_anchors_10_alpha_1.2_sigma_0.06_threshold_0.0 - INFO - Batch:[6] Adversarial images for this batch already exist
2025-07-10 20:08:17,911 - ADV_Generation_eps_4.0_steps_100_Purification_type_noisy_anchor_anchors_10_alpha_1.2_sigma_0.06_threshold_0.0 - INFO - Batch 7/154: Clean orig accuracy 1.0000 | Clean purify accuracy 0.9911 | Adv orig accuracy: 0.0000 | Adv purify accuracy: 1.0000
2025-07-10 20:08:17,921 - ADV_Generation_eps_4.0_steps_100_Purification_type_noisy_anchor_anchors_10_alpha_1.2_sigma_0.06_threshold_0.0 - INFO - Batch:[7] Adversarial images for this batch already exist
2025-07-10 20:08:21,546 - ADV_Generation_eps_4.0_steps_100_Purification_type_noisy_anchor_anchors_10_alpha_1.2_sigma_0.06_threshold_0.0 - INFO - Batch 8/154: Clean orig accuracy 1.0000 | Clean purify accuracy 0.9922 | Adv orig accuracy: 0.0000 | Adv purify accuracy: 1.0000
2025-07-10 20:08:21,555 - ADV_Generation_eps_4.0_steps_100_Purification_type_noisy_anchor_anchors_10_alpha_1.2_sigma_0.06_threshold_0.0 - INFO - Batch:[8] Adversarial images for this batch already exist
2025-07-10 20:08:25,293 - ADV_Generation_eps_4.0_steps_100_Purification_type_noisy_anchor_anchors_10_alpha_1.2_sigma_0.06_threshold_0.0 - INFO - Batch 9/154: Clean orig accuracy 1.0000 | Clean purify accuracy 0.9861 | Adv orig accuracy: 0.0000 | Adv purify accuracy: 1.0000
2025-07-10 20:08:25,302 - ADV_Generation_eps_4.0_steps_100_Purification_type_noisy_anchor_anchors_10_alpha_1.2_sigma_0.06_threshold_0.0 - INFO - Batch:[9] Adversarial images for this batch already exist
2025-07-10 20:08:28,947 - ADV_Generation_eps_4.0_steps_100_Purification_type_noisy_anchor_anchors_10_alpha_1.2_sigma_0.06_threshold_0.0 - INFO - Batch 10/154: Clean orig accuracy 1.0000 | Clean purify accuracy 0.9875 | Adv orig accuracy: 0.0000 | Adv purify accuracy: 1.0000
2025-07-10 20:08:28,956 - ADV_Generation_eps_4.0_steps_100_Purification_type_noisy_anchor_anchors_10_alpha_1.2_sigma_0.06_threshold_0.0 - INFO - Batch:[10] Adversarial images for this batch already exist
2025-07-10 20:08:32,576 - ADV_Generation_eps_4.0_steps_100_Purification_type_noisy_anchor_anchors_10_alpha_1.2_sigma_0.06_threshold_0.0 - INFO - Batch 11/154: Clean orig accuracy 1.0000 | Clean purify accuracy 0.9886 | Adv orig accuracy: 0.0000 | Adv purify accuracy: 1.0000
2025-07-10 20:08:32,585 - ADV_Generation_eps_4.0_steps_100_Purification_type_noisy_anchor_anchors_10_alpha_1.2_sigma_0.06_threshold_0.0 - INFO - Batch:[11] Adversarial images for this batch already exist
2025-07-10 20:08:36,233 - ADV_Generation_eps_4.0_steps_100_Purification_type_noisy_anchor_anchors_10_alpha_1.2_sigma_0.06_threshold_0.0 - INFO - Batch 12/154: Clean orig accuracy 0.9323 | Clean purify accuracy 0.9219 | Adv orig accuracy: 0.0000 | Adv purify accuracy: 0.9323
2025-07-10 20:08:36,243 - ADV_Generation_eps_4.0_steps_100_Purification_type_noisy_anchor_anchors_10_alpha_1.2_sigma_0.06_threshold_0.0 - INFO - Batch:[12] Adversarial images for this batch already exist
2025-07-10 20:08:39,864 - ADV_Generation_eps_4.0_steps_100_Purification_type_noisy_anchor_anchors_10_alpha_1.2_sigma_0.06_threshold_0.0 - INFO - Batch 13/154: Clean orig accuracy 0.8606 | Clean purify accuracy 0.8510 | Adv orig accuracy: 0.0000 | Adv purify accuracy: 0.8606
2025-07-10 20:08:39,873 - ADV_Generation_eps_4.0_steps_100_Purification_type_noisy_anchor_anchors_10_alpha_1.2_sigma_0.06_threshold_0.0 - INFO - Batch:[13] Adversarial images for this batch already exist
2025-07-10 20:08:43,502 - ADV_Generation_eps_4.0_steps_100_Purification_type_noisy_anchor_anchors_10_alpha_1.2_sigma_0.06_threshold_0.0 - INFO - Batch 14/154: Clean orig accuracy 0.7991 | Clean purify accuracy 0.7902 | Adv orig accuracy: 0.0000 | Adv purify accuracy: 0.7991
2025-07-10 20:08:43,512 - ADV_Generation_eps_4.0_steps_100_Purification_type_noisy_anchor_anchors_10_alpha_1.2_sigma_0.06_threshold_0.0 - INFO - Batch:[14] Adversarial images for this batch already exist
2025-07-10 20:08:47,135 - ADV_Generation_eps_4.0_steps_100_Purification_type_noisy_anchor_anchors_10_alpha_1.2_sigma_0.06_threshold_0.0 - INFO - Batch 15/154: Clean orig accuracy 0.7708 | Clean purify accuracy 0.7625 | Adv orig accuracy: 0.0000 | Adv purify accuracy: 0.7708
2025-07-10 20:08:47,144 - ADV_Generation_eps_4.0_steps_100_Purification_type_noisy_anchor_anchors_10_alpha_1.2_sigma_0.06_threshold_0.0 - INFO - Batch:[15] Adversarial images for this batch already exist
2025-07-10 20:08:50,766 - ADV_Generation_eps_4.0_steps_100_Purification_type_noisy_anchor_anchors_10_alpha_1.2_sigma_0.06_threshold_0.0 - INFO - Batch 16/154: Clean orig accuracy 0.7852 | Clean purify accuracy 0.7773 | Adv orig accuracy: 0.0000 | Adv purify accuracy: 0.7852
2025-07-10 20:08:50,776 - ADV_Generation_eps_4.0_steps_100_Purification_type_noisy_anchor_anchors_10_alpha_1.2_sigma_0.06_threshold_0.0 - INFO - Batch:[16] Adversarial images for this batch already exist
2025-07-10 20:08:54,449 - ADV_Generation_eps_4.0_steps_100_Purification_type_noisy_anchor_anchors_10_alpha_1.2_sigma_0.06_threshold_0.0 - INFO - Batch 17/154: Clean orig accuracy 0.7978 | Clean purify accuracy 0.7904 | Adv orig accuracy: 0.0000 | Adv purify accuracy: 0.7978
2025-07-10 20:08:54,459 - ADV_Generation_eps_4.0_steps_100_Purification_type_noisy_anchor_anchors_10_alpha_1.2_sigma_0.06_threshold_0.0 - INFO - Batch:[17] Adversarial images for this batch already exist
2025-07-10 20:08:58,119 - ADV_Generation_eps_4.0_steps_100_Purification_type_noisy_anchor_anchors_10_alpha_1.2_sigma_0.06_threshold_0.0 - INFO - Batch 18/154: Clean orig accuracy 0.8090 | Clean purify accuracy 0.8021 | Adv orig accuracy: 0.0000 | Adv purify accuracy: 0.8090
2025-07-10 20:08:58,129 - ADV_Generation_eps_4.0_steps_100_Purification_type_noisy_anchor_anchors_10_alpha_1.2_sigma_0.06_threshold_0.0 - INFO - Batch:[18] Adversarial images for this batch already exist
2025-07-10 20:09:01,859 - ADV_Generation_eps_4.0_steps_100_Purification_type_noisy_anchor_anchors_10_alpha_1.2_sigma_0.06_threshold_0.0 - INFO - Batch 19/154: Clean orig accuracy 0.8191 | Clean purify accuracy 0.8125 | Adv orig accuracy: 0.0000 | Adv purify accuracy: 0.8191
2025-07-10 20:09:01,869 - ADV_Generation_eps_4.0_steps_100_Purification_type_noisy_anchor_anchors_10_alpha_1.2_sigma_0.06_threshold_0.0 - INFO - Batch:[19] Adversarial images for this batch already exist
2025-07-10 20:09:05,551 - ADV_Generation_eps_4.0_steps_100_Purification_type_noisy_anchor_anchors_10_alpha_1.2_sigma_0.06_threshold_0.0 - INFO - Batch 20/154: Clean orig accuracy 0.8281 | Clean purify accuracy 0.8219 | Adv orig accuracy: 0.0000 | Adv purify accuracy: 0.8281
2025-07-10 20:09:05,560 - ADV_Generation_eps_4.0_steps_100_Purification_type_noisy_anchor_anchors_10_alpha_1.2_sigma_0.06_threshold_0.0 - INFO - Batch:[20] Adversarial images for this batch already exist
2025-07-10 20:09:09,249 - ADV_Generation_eps_4.0_steps_100_Purification_type_noisy_anchor_anchors_10_alpha_1.2_sigma_0.06_threshold_0.0 - INFO - Batch 21/154: Clean orig accuracy 0.8363 | Clean purify accuracy 0.8304 | Adv orig accuracy: 0.0000 | Adv purify accuracy: 0.8363
2025-07-10 20:09:09,258 - ADV_Generation_eps_4.0_steps_100_Purification_type_noisy_anchor_anchors_10_alpha_1.2_sigma_0.06_threshold_0.0 - INFO - Batch:[21] Adversarial images for this batch already exist
2025-07-10 20:09:12,897 - ADV_Generation_eps_4.0_steps_100_Purification_type_noisy_anchor_anchors_10_alpha_1.2_sigma_0.06_threshold_0.0 - INFO - Batch 22/154: Clean orig accuracy 0.8438 | Clean purify accuracy 0.8381 | Adv orig accuracy: 0.0000 | Adv purify accuracy: 0.8438
2025-07-10 20:09:12,907 - ADV_Generation_eps_4.0_steps_100_Purification_type_noisy_anchor_anchors_10_alpha_1.2_sigma_0.06_threshold_0.0 - INFO - Batch:[22] Adversarial images for this batch already exist
2025-07-10 20:09:16,523 - ADV_Generation_eps_4.0_steps_100_Purification_type_noisy_anchor_anchors_10_alpha_1.2_sigma_0.06_threshold_0.0 - INFO - Batch 23/154: Clean orig accuracy 0.8505 | Clean purify accuracy 0.8451 | Adv orig accuracy: 0.0000 | Adv purify accuracy: 0.8505
2025-07-10 20:09:16,533 - ADV_Generation_eps_4.0_steps_100_Purification_type_noisy_anchor_anchors_10_alpha_1.2_sigma_0.06_threshold_0.0 - INFO - Batch:[23] Adversarial images for this batch already exist
2025-07-10 20:09:20,168 - ADV_Generation_eps_4.0_steps_100_Purification_type_noisy_anchor_anchors_10_alpha_1.2_sigma_0.06_threshold_0.0 - INFO - Batch 24/154: Clean orig accuracy 0.8568 | Clean purify accuracy 0.8516 | Adv orig accuracy: 0.0000 | Adv purify accuracy: 0.8568
2025-07-10 20:09:20,178 - ADV_Generation_eps_4.0_steps_100_Purification_type_noisy_anchor_anchors_10_alpha_1.2_sigma_0.06_threshold_0.0 - INFO - Batch:[24] Adversarial images for this batch already exist
2025-07-10 20:09:23,815 - ADV_Generation_eps_4.0_steps_100_Purification_type_noisy_anchor_anchors_10_alpha_1.2_sigma_0.06_threshold_0.0 - INFO - Batch 25/154: Clean orig accuracy 0.8600 | Clean purify accuracy 0.8550 | Adv orig accuracy: 0.0000 | Adv purify accuracy: 0.8600
2025-07-10 20:09:23,825 - ADV_Generation_eps_4.0_steps_100_Purification_type_noisy_anchor_anchors_10_alpha_1.2_sigma_0.06_threshold_0.0 - INFO - Batch:[25] Adversarial images for this batch already exist
2025-07-10 20:09:27,515 - ADV_Generation_eps_4.0_steps_100_Purification_type_noisy_anchor_anchors_10_alpha_1.2_sigma_0.06_threshold_0.0 - INFO - Batch 26/154: Clean orig accuracy 0.8389 | Clean purify accuracy 0.8413 | Adv orig accuracy: 0.0000 | Adv purify accuracy: 0.8438
2025-07-10 20:09:27,525 - ADV_Generation_eps_4.0_steps_100_Purification_type_noisy_anchor_anchors_10_alpha_1.2_sigma_0.06_threshold_0.0 - INFO - Batch:[26] Adversarial images for this batch already exist
2025-07-10 20:09:31,223 - ADV_Generation_eps_4.0_steps_100_Purification_type_noisy_anchor_anchors_10_alpha_1.2_sigma_0.06_threshold_0.0 - INFO - Batch 27/154: Clean orig accuracy 0.8194 | Clean purify accuracy 0.8218 | Adv orig accuracy: 0.0000 | Adv purify accuracy: 0.8333
2025-07-10 20:09:31,241 - ADV_Generation_eps_4.0_steps_100_Purification_type_noisy_anchor_anchors_10_alpha_1.2_sigma_0.06_threshold_0.0 - INFO - Batch:[27] Adversarial images for this batch already exist
2025-07-10 20:09:34,859 - ADV_Generation_eps_4.0_steps_100_Purification_type_noisy_anchor_anchors_10_alpha_1.2_sigma_0.06_threshold_0.0 - INFO - Batch 28/154: Clean orig accuracy 0.8013 | Clean purify accuracy 0.8103 | Adv orig accuracy: 0.0000 | Adv purify accuracy: 0.8214
2025-07-10 20:09:34,869 - ADV_Generation_eps_4.0_steps_100_Purification_type_noisy_anchor_anchors_10_alpha_1.2_sigma_0.06_threshold_0.0 - INFO - Batch:[28] Adversarial images for this batch already exist
2025-07-10 20:09:38,515 - ADV_Generation_eps_4.0_steps_100_Purification_type_noisy_anchor_anchors_10_alpha_1.2_sigma_0.06_threshold_0.0 - INFO - Batch 29/154: Clean orig accuracy 0.7909 | Clean purify accuracy 0.8060 | Adv orig accuracy: 0.0000 | Adv purify accuracy: 0.8168
2025-07-10 20:09:38,525 - ADV_Generation_eps_4.0_steps_100_Purification_type_noisy_anchor_anchors_10_alpha_1.2_sigma_0.06_threshold_0.0 - INFO - Batch:[29] Adversarial images for this batch already exist
2025-07-10 20:09:42,251 - ADV_Generation_eps_4.0_steps_100_Purification_type_noisy_anchor_anchors_10_alpha_1.2_sigma_0.06_threshold_0.0 - INFO - Batch 30/154: Clean orig accuracy 0.7875 | Clean purify accuracy 0.8063 | Adv orig accuracy: 0.0000 | Adv purify accuracy: 0.8167
2025-07-10 20:09:42,261 - ADV_Generation_eps_4.0_steps_100_Purification_type_noisy_anchor_anchors_10_alpha_1.2_sigma_0.06_threshold_0.0 - INFO - Batch:[30] Adversarial images for this batch already exist
2025-07-10 20:09:45,975 - ADV_Generation_eps_4.0_steps_100_Purification_type_noisy_anchor_anchors_10_alpha_1.2_sigma_0.06_threshold_0.0 - INFO - Batch 31/154: Clean orig accuracy 0.7944 | Clean purify accuracy 0.8125 | Adv orig accuracy: 0.0000 | Adv purify accuracy: 0.8226
2025-07-10 20:09:45,985 - ADV_Generation_eps_4.0_steps_100_Purification_type_noisy_anchor_anchors_10_alpha_1.2_sigma_0.06_threshold_0.0 - INFO - Batch:[31] Adversarial images for this batch already exist
2025-07-10 20:09:49,621 - ADV_Generation_eps_4.0_steps_100_Purification_type_noisy_anchor_anchors_10_alpha_1.2_sigma_0.06_threshold_0.0 - INFO - Batch 32/154: Clean orig accuracy 0.8008 | Clean purify accuracy 0.8184 | Adv orig accuracy: 0.0000 | Adv purify accuracy: 0.8281
2025-07-10 20:09:49,631 - ADV_Generation_eps_4.0_steps_100_Purification_type_noisy_anchor_anchors_10_alpha_1.2_sigma_0.06_threshold_0.0 - INFO - Batch:[32] Adversarial images for this batch already exist
2025-07-10 20:09:53,270 - ADV_Generation_eps_4.0_steps_100_Purification_type_noisy_anchor_anchors_10_alpha_1.2_sigma_0.06_threshold_0.0 - INFO - Batch 33/154: Clean orig accuracy 0.8068 | Clean purify accuracy 0.8239 | Adv orig accuracy: 0.0000 | Adv purify accuracy: 0.8333
2025-07-10 20:09:53,279 - ADV_Generation_eps_4.0_steps_100_Purification_type_noisy_anchor_anchors_10_alpha_1.2_sigma_0.06_threshold_0.0 - INFO - Batch:[33] Adversarial images for this batch already exist
2025-07-10 20:09:56,981 - ADV_Generation_eps_4.0_steps_100_Purification_type_noisy_anchor_anchors_10_alpha_1.2_sigma_0.06_threshold_0.0 - INFO - Batch 34/154: Clean orig accuracy 0.8125 | Clean purify accuracy 0.8290 | Adv orig accuracy: 0.0000 | Adv purify accuracy: 0.8382
2025-07-10 20:09:56,990 - ADV_Generation_eps_4.0_steps_100_Purification_type_noisy_anchor_anchors_10_alpha_1.2_sigma_0.06_threshold_0.0 - INFO - Batch:[34] Adversarial images for this batch already exist
2025-07-10 20:10:00,621 - ADV_Generation_eps_4.0_steps_100_Purification_type_noisy_anchor_anchors_10_alpha_1.2_sigma_0.06_threshold_0.0 - INFO - Batch 35/154: Clean orig accuracy 0.8179 | Clean purify accuracy 0.8339 | Adv orig accuracy: 0.0000 | Adv purify accuracy: 0.8429
2025-07-10 20:10:00,631 - ADV_Generation_eps_4.0_steps_100_Purification_type_noisy_anchor_anchors_10_alpha_1.2_sigma_0.06_threshold_0.0 - INFO - Batch:[35] Adversarial images for this batch already exist
2025-07-10 20:10:04,288 - ADV_Generation_eps_4.0_steps_100_Purification_type_noisy_anchor_anchors_10_alpha_1.2_sigma_0.06_threshold_0.0 - INFO - Batch 36/154: Clean orig accuracy 0.8229 | Clean purify accuracy 0.8385 | Adv orig accuracy: 0.0000 | Adv purify accuracy: 0.8472
2025-07-10 20:10:04,298 - ADV_Generation_eps_4.0_steps_100_Purification_type_noisy_anchor_anchors_10_alpha_1.2_sigma_0.06_threshold_0.0 - INFO - Batch:[36] Adversarial images for this batch already exist
2025-07-10 20:10:07,960 - ADV_Generation_eps_4.0_steps_100_Purification_type_noisy_anchor_anchors_10_alpha_1.2_sigma_0.06_threshold_0.0 - INFO - Batch 37/154: Clean orig accuracy 0.8277 | Clean purify accuracy 0.8412 | Adv orig accuracy: 0.0000 | Adv purify accuracy: 0.8514
2025-07-10 20:10:07,970 - ADV_Generation_eps_4.0_steps_100_Purification_type_noisy_anchor_anchors_10_alpha_1.2_sigma_0.06_threshold_0.0 - INFO - Batch:[37] Adversarial images for this batch already exist
2025-07-10 20:10:11,593 - ADV_Generation_eps_4.0_steps_100_Purification_type_noisy_anchor_anchors_10_alpha_1.2_sigma_0.06_threshold_0.0 - INFO - Batch 38/154: Clean orig accuracy 0.8322 | Clean purify accuracy 0.8454 | Adv orig accuracy: 0.0000 | Adv purify accuracy: 0.8553
2025-07-10 20:10:11,603 - ADV_Generation_eps_4.0_steps_100_Purification_type_noisy_anchor_anchors_10_alpha_1.2_sigma_0.06_threshold_0.0 - INFO - Batch:[38] Adversarial images for this batch already exist
2025-07-10 20:10:15,261 - ADV_Generation_eps_4.0_steps_100_Purification_type_noisy_anchor_anchors_10_alpha_1.2_sigma_0.06_threshold_0.0 - INFO - Batch 39/154: Clean orig accuracy 0.8365 | Clean purify accuracy 0.8494 | Adv orig accuracy: 0.0000 | Adv purify accuracy: 0.8590
2025-07-10 20:10:15,271 - ADV_Generation_eps_4.0_steps_100_Purification_type_noisy_anchor_anchors_10_alpha_1.2_sigma_0.06_threshold_0.0 - INFO - Batch:[39] Adversarial images for this batch already exist
2025-07-10 20:10:18,932 - ADV_Generation_eps_4.0_steps_100_Purification_type_noisy_anchor_anchors_10_alpha_1.2_sigma_0.06_threshold_0.0 - INFO - Batch 40/154: Clean orig accuracy 0.8406 | Clean purify accuracy 0.8531 | Adv orig accuracy: 0.0000 | Adv purify accuracy: 0.8625
2025-07-10 20:10:18,941 - ADV_Generation_eps_4.0_steps_100_Purification_type_noisy_anchor_anchors_10_alpha_1.2_sigma_0.06_threshold_0.0 - INFO - Batch:[40] Adversarial images for this batch already exist
2025-07-10 20:10:22,571 - ADV_Generation_eps_4.0_steps_100_Purification_type_noisy_anchor_anchors_10_alpha_1.2_sigma_0.06_threshold_0.0 - INFO - Batch 41/154: Clean orig accuracy 0.8293 | Clean purify accuracy 0.8415 | Adv orig accuracy: 0.0000 | Adv purify accuracy: 0.8582
2025-07-10 20:10:22,581 - ADV_Generation_eps_4.0_steps_100_Purification_type_noisy_anchor_anchors_10_alpha_1.2_sigma_0.06_threshold_0.0 - INFO - Batch:[41] Adversarial images for this batch already exist
2025-07-10 20:10:26,262 - ADV_Generation_eps_4.0_steps_100_Purification_type_noisy_anchor_anchors_10_alpha_1.2_sigma_0.06_threshold_0.0 - INFO - Batch 42/154: Clean orig accuracy 0.8095 | Clean purify accuracy 0.8214 | Adv orig accuracy: 0.0000 | Adv purify accuracy: 0.8512
2025-07-10 20:10:26,272 - ADV_Generation_eps_4.0_steps_100_Purification_type_noisy_anchor_anchors_10_alpha_1.2_sigma_0.06_threshold_0.0 - INFO - Batch:[42] Adversarial images for this batch already exist
2025-07-10 20:10:29,862 - ADV_Generation_eps_4.0_steps_100_Purification_type_noisy_anchor_anchors_10_alpha_1.2_sigma_0.06_threshold_0.0 - INFO - Batch 43/154: Clean orig accuracy 0.7994 | Clean purify accuracy 0.8110 | Adv orig accuracy: 0.0000 | Adv purify accuracy: 0.8445
2025-07-10 20:10:29,872 - ADV_Generation_eps_4.0_steps_100_Purification_type_noisy_anchor_anchors_10_alpha_1.2_sigma_0.06_threshold_0.0 - INFO - Batch:[43] Adversarial images for this batch already exist
2025-07-10 20:10:33,526 - ADV_Generation_eps_4.0_steps_100_Purification_type_noisy_anchor_anchors_10_alpha_1.2_sigma_0.06_threshold_0.0 - INFO - Batch 44/154: Clean orig accuracy 0.8040 | Clean purify accuracy 0.8153 | Adv orig accuracy: 0.0000 | Adv purify accuracy: 0.8480
2025-07-10 20:10:33,536 - ADV_Generation_eps_4.0_steps_100_Purification_type_noisy_anchor_anchors_10_alpha_1.2_sigma_0.06_threshold_0.0 - INFO - Batch:[44] Adversarial images for this batch already exist
2025-07-10 20:10:37,153 - ADV_Generation_eps_4.0_steps_100_Purification_type_noisy_anchor_anchors_10_alpha_1.2_sigma_0.06_threshold_0.0 - INFO - Batch 45/154: Clean orig accuracy 0.8083 | Clean purify accuracy 0.8194 | Adv orig accuracy: 0.0000 | Adv purify accuracy: 0.8514
2025-07-10 20:10:37,163 - ADV_Generation_eps_4.0_steps_100_Purification_type_noisy_anchor_anchors_10_alpha_1.2_sigma_0.06_threshold_0.0 - INFO - Batch:[45] Adversarial images for this batch already exist
2025-07-10 20:10:40,777 - ADV_Generation_eps_4.0_steps_100_Purification_type_noisy_anchor_anchors_10_alpha_1.2_sigma_0.06_threshold_0.0 - INFO - Batch 46/154: Clean orig accuracy 0.7921 | Clean purify accuracy 0.8057 | Adv orig accuracy: 0.0000 | Adv purify accuracy: 0.8424
2025-07-10 20:10:40,787 - ADV_Generation_eps_4.0_steps_100_Purification_type_noisy_anchor_anchors_10_alpha_1.2_sigma_0.06_threshold_0.0 - INFO - Batch:[46] Adversarial images for this batch already exist
2025-07-10 20:10:44,488 - ADV_Generation_eps_4.0_steps_100_Purification_type_noisy_anchor_anchors_10_alpha_1.2_sigma_0.06_threshold_0.0 - INFO - Batch 47/154: Clean orig accuracy 0.7793 | Clean purify accuracy 0.7926 | Adv orig accuracy: 0.0000 | Adv purify accuracy: 0.8351
2025-07-10 20:10:44,497 - ADV_Generation_eps_4.0_steps_100_Purification_type_noisy_anchor_anchors_10_alpha_1.2_sigma_0.06_threshold_0.0 - INFO - Batch:[47] Adversarial images for this batch already exist
2025-07-10 20:10:48,211 - ADV_Generation_eps_4.0_steps_100_Purification_type_noisy_anchor_anchors_10_alpha_1.2_sigma_0.06_threshold_0.0 - INFO - Batch 48/154: Clean orig accuracy 0.7760 | Clean purify accuracy 0.7878 | Adv orig accuracy: 0.0000 | Adv purify accuracy: 0.8333
2025-07-10 20:10:48,221 - ADV_Generation_eps_4.0_steps_100_Purification_type_noisy_anchor_anchors_10_alpha_1.2_sigma_0.06_threshold_0.0 - INFO - Batch:[48] Adversarial images for this batch already exist
2025-07-10 20:10:51,883 - ADV_Generation_eps_4.0_steps_100_Purification_type_noisy_anchor_anchors_10_alpha_1.2_sigma_0.06_threshold_0.0 - INFO - Batch 49/154: Clean orig accuracy 0.7806 | Clean purify accuracy 0.7921 | Adv orig accuracy: 0.0000 | Adv purify accuracy: 0.8367
2025-07-10 20:10:51,892 - ADV_Generation_eps_4.0_steps_100_Purification_type_noisy_anchor_anchors_10_alpha_1.2_sigma_0.06_threshold_0.0 - INFO - Batch:[49] Adversarial images for this batch already exist
2025-07-10 20:10:55,526 - ADV_Generation_eps_4.0_steps_100_Purification_type_noisy_anchor_anchors_10_alpha_1.2_sigma_0.06_threshold_0.0 - INFO - Batch 50/154: Clean orig accuracy 0.7850 | Clean purify accuracy 0.7963 | Adv orig accuracy: 0.0000 | Adv purify accuracy: 0.8400
2025-07-10 20:10:55,536 - ADV_Generation_eps_4.0_steps_100_Purification_type_noisy_anchor_anchors_10_alpha_1.2_sigma_0.06_threshold_0.0 - INFO - Batch:[50] Adversarial images for this batch already exist
2025-07-10 20:10:59,198 - ADV_Generation_eps_4.0_steps_100_Purification_type_noisy_anchor_anchors_10_alpha_1.2_sigma_0.06_threshold_0.0 - INFO - Batch 51/154: Clean orig accuracy 0.7892 | Clean purify accuracy 0.8002 | Adv orig accuracy: 0.0000 | Adv purify accuracy: 0.8431
2025-07-10 20:10:59,208 - ADV_Generation_eps_4.0_steps_100_Purification_type_noisy_anchor_anchors_10_alpha_1.2_sigma_0.06_threshold_0.0 - INFO - Batch:[51] Adversarial images for this batch already exist
2025-07-10 20:11:02,860 - ADV_Generation_eps_4.0_steps_100_Purification_type_noisy_anchor_anchors_10_alpha_1.2_sigma_0.06_threshold_0.0 - INFO - Batch 52/154: Clean orig accuracy 0.7885 | Clean purify accuracy 0.7993 | Adv orig accuracy: 0.0000 | Adv purify accuracy: 0.8438
2025-07-10 20:11:02,870 - ADV_Generation_eps_4.0_steps_100_Purification_type_noisy_anchor_anchors_10_alpha_1.2_sigma_0.06_threshold_0.0 - INFO - Batch:[52] Adversarial images for this batch already exist
2025-07-10 20:11:06,502 - ADV_Generation_eps_4.0_steps_100_Purification_type_noisy_anchor_anchors_10_alpha_1.2_sigma_0.06_threshold_0.0 - INFO - Batch 53/154: Clean orig accuracy 0.7866 | Clean purify accuracy 0.8019 | Adv orig accuracy: 0.0000 | Adv purify accuracy: 0.8467
2025-07-10 20:11:06,512 - ADV_Generation_eps_4.0_steps_100_Purification_type_noisy_anchor_anchors_10_alpha_1.2_sigma_0.06_threshold_0.0 - INFO - Batch:[53] Adversarial images for this batch already exist
2025-07-10 20:11:10,226 - ADV_Generation_eps_4.0_steps_100_Purification_type_noisy_anchor_anchors_10_alpha_1.2_sigma_0.06_threshold_0.0 - INFO - Batch 54/154: Clean orig accuracy 0.7743 | Clean purify accuracy 0.7905 | Adv orig accuracy: 0.0000 | Adv purify accuracy: 0.8345
2025-07-10 20:11:10,236 - ADV_Generation_eps_4.0_steps_100_Purification_type_noisy_anchor_anchors_10_alpha_1.2_sigma_0.06_threshold_0.0 - INFO - Batch:[54] Adversarial images for this batch already exist
2025-07-10 20:11:13,869 - ADV_Generation_eps_4.0_steps_100_Purification_type_noisy_anchor_anchors_10_alpha_1.2_sigma_0.06_threshold_0.0 - INFO - Batch 55/154: Clean orig accuracy 0.7602 | Clean purify accuracy 0.7761 | Adv orig accuracy: 0.0000 | Adv purify accuracy: 0.8193
2025-07-10 20:11:13,879 - ADV_Generation_eps_4.0_steps_100_Purification_type_noisy_anchor_anchors_10_alpha_1.2_sigma_0.06_threshold_0.0 - INFO - Batch:[55] Adversarial images for this batch already exist
2025-07-10 20:11:17,533 - ADV_Generation_eps_4.0_steps_100_Purification_type_noisy_anchor_anchors_10_alpha_1.2_sigma_0.06_threshold_0.0 - INFO - Batch 56/154: Clean orig accuracy 0.7533 | Clean purify accuracy 0.7634 | Adv orig accuracy: 0.0000 | Adv purify accuracy: 0.8092
2025-07-10 20:11:17,543 - ADV_Generation_eps_4.0_steps_100_Purification_type_noisy_anchor_anchors_10_alpha_1.2_sigma_0.06_threshold_0.0 - INFO - Batch:[56] Adversarial images for this batch already exist
2025-07-10 20:11:21,188 - ADV_Generation_eps_4.0_steps_100_Purification_type_noisy_anchor_anchors_10_alpha_1.2_sigma_0.06_threshold_0.0 - INFO - Batch 57/154: Clean orig accuracy 0.7456 | Clean purify accuracy 0.7588 | Adv orig accuracy: 0.0000 | Adv purify accuracy: 0.8070
2025-07-10 20:11:21,197 - ADV_Generation_eps_4.0_steps_100_Purification_type_noisy_anchor_anchors_10_alpha_1.2_sigma_0.06_threshold_0.0 - INFO - Batch:[57] Adversarial images for this batch already exist
2025-07-10 20:11:24,842 - ADV_Generation_eps_4.0_steps_100_Purification_type_noisy_anchor_anchors_10_alpha_1.2_sigma_0.06_threshold_0.0 - INFO - Batch 58/154: Clean orig accuracy 0.7435 | Clean purify accuracy 0.7575 | Adv orig accuracy: 0.0000 | Adv purify accuracy: 0.8082
2025-07-10 20:11:24,852 - ADV_Generation_eps_4.0_steps_100_Purification_type_noisy_anchor_anchors_10_alpha_1.2_sigma_0.06_threshold_0.0 - INFO - Batch:[58] Adversarial images for this batch already exist
2025-07-10 20:11:28,495 - ADV_Generation_eps_4.0_steps_100_Purification_type_noisy_anchor_anchors_10_alpha_1.2_sigma_0.06_threshold_0.0 - INFO - Batch 59/154: Clean orig accuracy 0.7436 | Clean purify accuracy 0.7617 | Adv orig accuracy: 0.0000 | Adv purify accuracy: 0.8114
2025-07-10 20:11:28,504 - ADV_Generation_eps_4.0_steps_100_Purification_type_noisy_anchor_anchors_10_alpha_1.2_sigma_0.06_threshold_0.0 - INFO - Batch:[59] Adversarial images for this batch already exist
2025-07-10 20:11:32,177 - ADV_Generation_eps_4.0_steps_100_Purification_type_noisy_anchor_anchors_10_alpha_1.2_sigma_0.06_threshold_0.0 - INFO - Batch 60/154: Clean orig accuracy 0.7479 | Clean purify accuracy 0.7656 | Adv orig accuracy: 0.0000 | Adv purify accuracy: 0.8146
2025-07-10 20:11:32,194 - ADV_Generation_eps_4.0_steps_100_Purification_type_noisy_anchor_anchors_10_alpha_1.2_sigma_0.06_threshold_0.0 - INFO - Batch:[60] Adversarial images for this batch already exist
2025-07-10 20:11:35,822 - ADV_Generation_eps_4.0_steps_100_Purification_type_noisy_anchor_anchors_10_alpha_1.2_sigma_0.06_threshold_0.0 - INFO - Batch 61/154: Clean orig accuracy 0.7520 | Clean purify accuracy 0.7695 | Adv orig accuracy: 0.0000 | Adv purify accuracy: 0.8176
2025-07-10 20:11:35,832 - ADV_Generation_eps_4.0_steps_100_Purification_type_noisy_anchor_anchors_10_alpha_1.2_sigma_0.06_threshold_0.0 - INFO - Batch:[61] Adversarial images for this batch already exist
2025-07-10 20:11:39,492 - ADV_Generation_eps_4.0_steps_100_Purification_type_noisy_anchor_anchors_10_alpha_1.2_sigma_0.06_threshold_0.0 - INFO - Batch 62/154: Clean orig accuracy 0.7550 | Clean purify accuracy 0.7681 | Adv orig accuracy: 0.0000 | Adv purify accuracy: 0.8196
2025-07-10 20:11:39,502 - ADV_Generation_eps_4.0_steps_100_Purification_type_noisy_anchor_anchors_10_alpha_1.2_sigma_0.06_threshold_0.0 - INFO - Batch:[62] Adversarial images for this batch already exist
2025-07-10 20:11:43,083 - ADV_Generation_eps_4.0_steps_100_Purification_type_noisy_anchor_anchors_10_alpha_1.2_sigma_0.06_threshold_0.0 - INFO - Batch 63/154: Clean orig accuracy 0.7589 | Clean purify accuracy 0.7669 | Adv orig accuracy: 0.0000 | Adv purify accuracy: 0.8224
2025-07-10 20:11:43,092 - ADV_Generation_eps_4.0_steps_100_Purification_type_noisy_anchor_anchors_10_alpha_1.2_sigma_0.06_threshold_0.0 - INFO - Batch:[63] Adversarial images for this batch already exist
2025-07-10 20:11:46,698 - ADV_Generation_eps_4.0_steps_100_Purification_type_noisy_anchor_anchors_10_alpha_1.2_sigma_0.06_threshold_0.0 - INFO - Batch 64/154: Clean orig accuracy 0.7627 | Clean purify accuracy 0.7695 | Adv orig accuracy: 0.0000 | Adv purify accuracy: 0.8242
2025-07-10 20:11:46,710 - ADV_Generation_eps_4.0_steps_100_Purification_type_noisy_anchor_anchors_10_alpha_1.2_sigma_0.06_threshold_0.0 - INFO - Batch:[64] Adversarial images for this batch already exist
2025-07-10 20:11:50,356 - ADV_Generation_eps_4.0_steps_100_Purification_type_noisy_anchor_anchors_10_alpha_1.2_sigma_0.06_threshold_0.0 - INFO - Batch 65/154: Clean orig accuracy 0.7654 | Clean purify accuracy 0.7731 | Adv orig accuracy: 0.0000 | Adv purify accuracy: 0.8269
2025-07-10 20:11:50,374 - ADV_Generation_eps_4.0_steps_100_Purification_type_noisy_anchor_anchors_10_alpha_1.2_sigma_0.06_threshold_0.0 - INFO - Batch:[65] Adversarial images for this batch already exist
2025-07-10 20:11:54,000 - ADV_Generation_eps_4.0_steps_100_Purification_type_noisy_anchor_anchors_10_alpha_1.2_sigma_0.06_threshold_0.0 - INFO - Batch 66/154: Clean orig accuracy 0.7661 | Clean purify accuracy 0.7746 | Adv orig accuracy: 0.0000 | Adv purify accuracy: 0.8295
2025-07-10 20:11:54,018 - ADV_Generation_eps_4.0_steps_100_Purification_type_noisy_anchor_anchors_10_alpha_1.2_sigma_0.06_threshold_0.0 - INFO - Batch:[66] Adversarial images for this batch already exist
2025-07-10 20:11:57,677 - ADV_Generation_eps_4.0_steps_100_Purification_type_noisy_anchor_anchors_10_alpha_1.2_sigma_0.06_threshold_0.0 - INFO - Batch 67/154: Clean orig accuracy 0.7677 | Clean purify accuracy 0.7771 | Adv orig accuracy: 0.0000 | Adv purify accuracy: 0.8312
2025-07-10 20:11:57,688 - ADV_Generation_eps_4.0_steps_100_Purification_type_noisy_anchor_anchors_10_alpha_1.2_sigma_0.06_threshold_0.0 - INFO - Batch:[67] Adversarial images for this batch already exist
2025-07-10 20:12:01,359 - ADV_Generation_eps_4.0_steps_100_Purification_type_noisy_anchor_anchors_10_alpha_1.2_sigma_0.06_threshold_0.0 - INFO - Batch 68/154: Clean orig accuracy 0.7711 | Clean purify accuracy 0.7794 | Adv orig accuracy: 0.0000 | Adv purify accuracy: 0.8336
2025-07-10 20:12:01,369 - ADV_Generation_eps_4.0_steps_100_Purification_type_noisy_anchor_anchors_10_alpha_1.2_sigma_0.06_threshold_0.0 - INFO - Batch:[68] Adversarial images for this batch already exist
2025-07-10 20:12:05,013 - ADV_Generation_eps_4.0_steps_100_Purification_type_noisy_anchor_anchors_10_alpha_1.2_sigma_0.06_threshold_0.0 - INFO - Batch 69/154: Clean orig accuracy 0.7745 | Clean purify accuracy 0.7826 | Adv orig accuracy: 0.0000 | Adv purify accuracy: 0.8361
2025-07-10 20:12:05,023 - ADV_Generation_eps_4.0_steps_100_Purification_type_noisy_anchor_anchors_10_alpha_1.2_sigma_0.06_threshold_0.0 - INFO - Batch:[69] Adversarial images for this batch already exist
2025-07-10 20:12:08,641 - ADV_Generation_eps_4.0_steps_100_Purification_type_noisy_anchor_anchors_10_alpha_1.2_sigma_0.06_threshold_0.0 - INFO - Batch 70/154: Clean orig accuracy 0.7777 | Clean purify accuracy 0.7857 | Adv orig accuracy: 0.0000 | Adv purify accuracy: 0.8384
2025-07-10 20:12:08,651 - ADV_Generation_eps_4.0_steps_100_Purification_type_noisy_anchor_anchors_10_alpha_1.2_sigma_0.06_threshold_0.0 - INFO - Batch:[70] Adversarial images for this batch already exist
2025-07-10 20:12:12,310 - ADV_Generation_eps_4.0_steps_100_Purification_type_noisy_anchor_anchors_10_alpha_1.2_sigma_0.06_threshold_0.0 - INFO - Batch 71/154: Clean orig accuracy 0.7790 | Clean purify accuracy 0.7870 | Adv orig accuracy: 0.0000 | Adv purify accuracy: 0.8398
2025-07-10 20:12:12,320 - ADV_Generation_eps_4.0_steps_100_Purification_type_noisy_anchor_anchors_10_alpha_1.2_sigma_0.06_threshold_0.0 - INFO - Batch:[71] Adversarial images for this batch already exist
2025-07-10 20:12:15,943 - ADV_Generation_eps_4.0_steps_100_Purification_type_noisy_anchor_anchors_10_alpha_1.2_sigma_0.06_threshold_0.0 - INFO - Batch 72/154: Clean orig accuracy 0.7769 | Clean purify accuracy 0.7847 | Adv orig accuracy: 0.0000 | Adv purify accuracy: 0.8385
2025-07-10 20:12:15,953 - ADV_Generation_eps_4.0_steps_100_Purification_type_noisy_anchor_anchors_10_alpha_1.2_sigma_0.06_threshold_0.0 - INFO - Batch:[72] Adversarial images for this batch already exist
2025-07-10 20:12:19,602 - ADV_Generation_eps_4.0_steps_100_Purification_type_noisy_anchor_anchors_10_alpha_1.2_sigma_0.06_threshold_0.0 - INFO - Batch 73/154: Clean orig accuracy 0.7663 | Clean purify accuracy 0.7740 | Adv orig accuracy: 0.0000 | Adv purify accuracy: 0.8305
2025-07-10 20:12:19,612 - ADV_Generation_eps_4.0_steps_100_Purification_type_noisy_anchor_anchors_10_alpha_1.2_sigma_0.06_threshold_0.0 - INFO - Batch:[73] Adversarial images for this batch already exist
2025-07-10 20:12:23,215 - ADV_Generation_eps_4.0_steps_100_Purification_type_noisy_anchor_anchors_10_alpha_1.2_sigma_0.06_threshold_0.0 - INFO - Batch 74/154: Clean orig accuracy 0.7601 | Clean purify accuracy 0.7677 | Adv orig accuracy: 0.0000 | Adv purify accuracy: 0.8243
2025-07-10 20:12:23,281 - ADV_Generation_eps_4.0_steps_100_Purification_type_noisy_anchor_anchors_10_alpha_1.2_sigma_0.06_threshold_0.0 - INFO - Batch:[74] Adversarial images for this batch already exist
2025-07-10 20:12:26,893 - ADV_Generation_eps_4.0_steps_100_Purification_type_noisy_anchor_anchors_10_alpha_1.2_sigma_0.06_threshold_0.0 - INFO - Batch 75/154: Clean orig accuracy 0.7633 | Clean purify accuracy 0.7708 | Adv orig accuracy: 0.0000 | Adv purify accuracy: 0.8267
2025-07-10 20:12:26,902 - ADV_Generation_eps_4.0_steps_100_Purification_type_noisy_anchor_anchors_10_alpha_1.2_sigma_0.06_threshold_0.0 - INFO - Batch:[75] Adversarial images for this batch already exist
2025-07-10 20:12:30,660 - ADV_Generation_eps_4.0_steps_100_Purification_type_noisy_anchor_anchors_10_alpha_1.2_sigma_0.06_threshold_0.0 - INFO - Batch 76/154: Clean orig accuracy 0.7656 | Clean purify accuracy 0.7722 | Adv orig accuracy: 0.0000 | Adv purify accuracy: 0.8289
2025-07-10 20:12:30,670 - ADV_Generation_eps_4.0_steps_100_Purification_type_noisy_anchor_anchors_10_alpha_1.2_sigma_0.06_threshold_0.0 - INFO - Batch:[76] Adversarial images for this batch already exist
2025-07-10 20:12:34,354 - ADV_Generation_eps_4.0_steps_100_Purification_type_noisy_anchor_anchors_10_alpha_1.2_sigma_0.06_threshold_0.0 - INFO - Batch 77/154: Clean orig accuracy 0.7654 | Clean purify accuracy 0.7719 | Adv orig accuracy: 0.0000 | Adv purify accuracy: 0.8312
2025-07-10 20:12:34,363 - ADV_Generation_eps_4.0_steps_100_Purification_type_noisy_anchor_anchors_10_alpha_1.2_sigma_0.06_threshold_0.0 - INFO - Batch:[77] Adversarial images for this batch already exist
2025-07-10 20:12:38,055 - ADV_Generation_eps_4.0_steps_100_Purification_type_noisy_anchor_anchors_10_alpha_1.2_sigma_0.06_threshold_0.0 - INFO - Batch 78/154: Clean orig accuracy 0.7676 | Clean purify accuracy 0.7716 | Adv orig accuracy: 0.0000 | Adv purify accuracy: 0.8301
2025-07-10 20:12:38,074 - ADV_Generation_eps_4.0_steps_100_Purification_type_noisy_anchor_anchors_10_alpha_1.2_sigma_0.06_threshold_0.0 - INFO - Batch:[78] Adversarial images for this batch already exist
2025-07-10 20:12:41,766 - ADV_Generation_eps_4.0_steps_100_Purification_type_noisy_anchor_anchors_10_alpha_1.2_sigma_0.06_threshold_0.0 - INFO - Batch 79/154: Clean orig accuracy 0.7706 | Clean purify accuracy 0.7737 | Adv orig accuracy: 0.0000 | Adv purify accuracy: 0.8315
2025-07-10 20:12:41,776 - ADV_Generation_eps_4.0_steps_100_Purification_type_noisy_anchor_anchors_10_alpha_1.2_sigma_0.06_threshold_0.0 - INFO - Batch:[79] Adversarial images for this batch already exist
2025-07-10 20:12:45,413 - ADV_Generation_eps_4.0_steps_100_Purification_type_noisy_anchor_anchors_10_alpha_1.2_sigma_0.06_threshold_0.0 - INFO - Batch 80/154: Clean orig accuracy 0.7734 | Clean purify accuracy 0.7766 | Adv orig accuracy: 0.0000 | Adv purify accuracy: 0.8336
2025-07-10 20:12:45,429 - ADV_Generation_eps_4.0_steps_100_Purification_type_noisy_anchor_anchors_10_alpha_1.2_sigma_0.06_threshold_0.0 - INFO - Batch:[80] Adversarial images for this batch already exist
2025-07-10 20:12:49,083 - ADV_Generation_eps_4.0_steps_100_Purification_type_noisy_anchor_anchors_10_alpha_1.2_sigma_0.06_threshold_0.0 - INFO - Batch 81/154: Clean orig accuracy 0.7762 | Clean purify accuracy 0.7793 | Adv orig accuracy: 0.0000 | Adv purify accuracy: 0.8356
2025-07-10 20:12:49,093 - ADV_Generation_eps_4.0_steps_100_Purification_type_noisy_anchor_anchors_10_alpha_1.2_sigma_0.06_threshold_0.0 - INFO - Batch:[81] Adversarial images for this batch already exist
2025-07-10 20:12:52,719 - ADV_Generation_eps_4.0_steps_100_Purification_type_noisy_anchor_anchors_10_alpha_1.2_sigma_0.06_threshold_0.0 - INFO - Batch 82/154: Clean orig accuracy 0.7790 | Clean purify accuracy 0.7812 | Adv orig accuracy: 0.0000 | Adv purify accuracy: 0.8377
2025-07-10 20:12:52,729 - ADV_Generation_eps_4.0_steps_100_Purification_type_noisy_anchor_anchors_10_alpha_1.2_sigma_0.06_threshold_0.0 - INFO - Batch:[82] Adversarial images for this batch already exist
2025-07-10 20:12:56,332 - ADV_Generation_eps_4.0_steps_100_Purification_type_noisy_anchor_anchors_10_alpha_1.2_sigma_0.06_threshold_0.0 - INFO - Batch 83/154: Clean orig accuracy 0.7809 | Clean purify accuracy 0.7831 | Adv orig accuracy: 0.0000 | Adv purify accuracy: 0.8396
2025-07-10 20:12:56,341 - ADV_Generation_eps_4.0_steps_100_Purification_type_noisy_anchor_anchors_10_alpha_1.2_sigma_0.06_threshold_0.0 - INFO - Batch:[83] Adversarial images for this batch already exist
2025-07-10 20:13:00,023 - ADV_Generation_eps_4.0_steps_100_Purification_type_noisy_anchor_anchors_10_alpha_1.2_sigma_0.06_threshold_0.0 - INFO - Batch 84/154: Clean orig accuracy 0.7827 | Clean purify accuracy 0.7842 | Adv orig accuracy: 0.0000 | Adv purify accuracy: 0.8415
2025-07-10 20:13:00,040 - ADV_Generation_eps_4.0_steps_100_Purification_type_noisy_anchor_anchors_10_alpha_1.2_sigma_0.06_threshold_0.0 - INFO - Batch:[84] Adversarial images for this batch already exist
2025-07-10 20:13:03,719 - ADV_Generation_eps_4.0_steps_100_Purification_type_noisy_anchor_anchors_10_alpha_1.2_sigma_0.06_threshold_0.0 - INFO - Batch 85/154: Clean orig accuracy 0.7853 | Clean purify accuracy 0.7860 | Adv orig accuracy: 0.0000 | Adv purify accuracy: 0.8434
2025-07-10 20:13:03,729 - ADV_Generation_eps_4.0_steps_100_Purification_type_noisy_anchor_anchors_10_alpha_1.2_sigma_0.06_threshold_0.0 - INFO - Batch:[85] Adversarial images for this batch already exist
2025-07-10 20:13:07,461 - ADV_Generation_eps_4.0_steps_100_Purification_type_noisy_anchor_anchors_10_alpha_1.2_sigma_0.06_threshold_0.0 - INFO - Batch 86/154: Clean orig accuracy 0.7878 | Clean purify accuracy 0.7878 | Adv orig accuracy: 0.0000 | Adv purify accuracy: 0.8452
2025-07-10 20:13:07,471 - ADV_Generation_eps_4.0_steps_100_Purification_type_noisy_anchor_anchors_10_alpha_1.2_sigma_0.06_threshold_0.0 - INFO - Batch:[86] Adversarial images for this batch already exist
2025-07-10 20:13:11,122 - ADV_Generation_eps_4.0_steps_100_Purification_type_noisy_anchor_anchors_10_alpha_1.2_sigma_0.06_threshold_0.0 - INFO - Batch 87/154: Clean orig accuracy 0.7902 | Clean purify accuracy 0.7902 | Adv orig accuracy: 0.0000 | Adv purify accuracy: 0.8470
2025-07-10 20:13:11,131 - ADV_Generation_eps_4.0_steps_100_Purification_type_noisy_anchor_anchors_10_alpha_1.2_sigma_0.06_threshold_0.0 - INFO - Batch:[87] Adversarial images for this batch already exist
2025-07-10 20:13:14,774 - ADV_Generation_eps_4.0_steps_100_Purification_type_noisy_anchor_anchors_10_alpha_1.2_sigma_0.06_threshold_0.0 - INFO - Batch 88/154: Clean orig accuracy 0.7926 | Clean purify accuracy 0.7926 | Adv orig accuracy: 0.0000 | Adv purify accuracy: 0.8487
2025-07-10 20:13:14,784 - ADV_Generation_eps_4.0_steps_100_Purification_type_noisy_anchor_anchors_10_alpha_1.2_sigma_0.06_threshold_0.0 - INFO - Batch:[88] Adversarial images for this batch already exist
2025-07-10 20:13:18,401 - ADV_Generation_eps_4.0_steps_100_Purification_type_noisy_anchor_anchors_10_alpha_1.2_sigma_0.06_threshold_0.0 - INFO - Batch 89/154: Clean orig accuracy 0.7893 | Clean purify accuracy 0.7893 | Adv orig accuracy: 0.0000 | Adv purify accuracy: 0.8448
2025-07-10 20:13:18,459 - ADV_Generation_eps_4.0_steps_100_Purification_type_noisy_anchor_anchors_10_alpha_1.2_sigma_0.06_threshold_0.0 - INFO - Batch:[89] Adversarial images for this batch already exist
2025-07-10 20:13:22,089 - ADV_Generation_eps_4.0_steps_100_Purification_type_noisy_anchor_anchors_10_alpha_1.2_sigma_0.06_threshold_0.0 - INFO - Batch 90/154: Clean orig accuracy 0.7826 | Clean purify accuracy 0.7826 | Adv orig accuracy: 0.0000 | Adv purify accuracy: 0.8375
2025-07-10 20:13:22,099 - ADV_Generation_eps_4.0_steps_100_Purification_type_noisy_anchor_anchors_10_alpha_1.2_sigma_0.06_threshold_0.0 - INFO - Batch:[90] Adversarial images for this batch already exist
2025-07-10 20:13:25,786 - ADV_Generation_eps_4.0_steps_100_Purification_type_noisy_anchor_anchors_10_alpha_1.2_sigma_0.06_threshold_0.0 - INFO - Batch 91/154: Clean orig accuracy 0.7850 | Clean purify accuracy 0.7843 | Adv orig accuracy: 0.0000 | Adv purify accuracy: 0.8393
2025-07-10 20:13:25,796 - ADV_Generation_eps_4.0_steps_100_Purification_type_noisy_anchor_anchors_10_alpha_1.2_sigma_0.06_threshold_0.0 - INFO - Batch:[91] Adversarial images for this batch already exist
2025-07-10 20:13:29,415 - ADV_Generation_eps_4.0_steps_100_Purification_type_noisy_anchor_anchors_10_alpha_1.2_sigma_0.06_threshold_0.0 - INFO - Batch 92/154: Clean orig accuracy 0.7874 | Clean purify accuracy 0.7860 | Adv orig accuracy: 0.0000 | Adv purify accuracy: 0.8410
2025-07-10 20:13:29,434 - ADV_Generation_eps_4.0_steps_100_Purification_type_noisy_anchor_anchors_10_alpha_1.2_sigma_0.06_threshold_0.0 - INFO - Batch:[92] Adversarial images for this batch already exist
2025-07-10 20:13:33,091 - ADV_Generation_eps_4.0_steps_100_Purification_type_noisy_anchor_anchors_10_alpha_1.2_sigma_0.06_threshold_0.0 - INFO - Batch 93/154: Clean orig accuracy 0.7890 | Clean purify accuracy 0.7883 | Adv orig accuracy: 0.0000 | Adv purify accuracy: 0.8427
2025-07-10 20:13:33,101 - ADV_Generation_eps_4.0_steps_100_Purification_type_noisy_anchor_anchors_10_alpha_1.2_sigma_0.06_threshold_0.0 - INFO - Batch:[93] Adversarial images for this batch already exist
2025-07-10 20:13:36,733 - ADV_Generation_eps_4.0_steps_100_Purification_type_noisy_anchor_anchors_10_alpha_1.2_sigma_0.06_threshold_0.0 - INFO - Batch 94/154: Clean orig accuracy 0.7859 | Clean purify accuracy 0.7859 | Adv orig accuracy: 0.0000 | Adv purify accuracy: 0.8398
2025-07-10 20:13:36,743 - ADV_Generation_eps_4.0_steps_100_Purification_type_noisy_anchor_anchors_10_alpha_1.2_sigma_0.06_threshold_0.0 - INFO - Batch:[94] Adversarial images for this batch already exist
2025-07-10 20:13:40,379 - ADV_Generation_eps_4.0_steps_100_Purification_type_noisy_anchor_anchors_10_alpha_1.2_sigma_0.06_threshold_0.0 - INFO - Batch 95/154: Clean orig accuracy 0.7849 | Clean purify accuracy 0.7829 | Adv orig accuracy: 0.0000 | Adv purify accuracy: 0.8368
2025-07-10 20:13:40,388 - ADV_Generation_eps_4.0_steps_100_Purification_type_noisy_anchor_anchors_10_alpha_1.2_sigma_0.06_threshold_0.0 - INFO - Batch:[95] Adversarial images for this batch already exist
2025-07-10 20:13:43,995 - ADV_Generation_eps_4.0_steps_100_Purification_type_noisy_anchor_anchors_10_alpha_1.2_sigma_0.06_threshold_0.0 - INFO - Batch 96/154: Clean orig accuracy 0.7865 | Clean purify accuracy 0.7793 | Adv orig accuracy: 0.0000 | Adv purify accuracy: 0.8372
2025-07-10 20:13:44,005 - ADV_Generation_eps_4.0_steps_100_Purification_type_noisy_anchor_anchors_10_alpha_1.2_sigma_0.06_threshold_0.0 - INFO - Batch:[96] Adversarial images for this batch already exist
2025-07-10 20:13:47,770 - ADV_Generation_eps_4.0_steps_100_Purification_type_noisy_anchor_anchors_10_alpha_1.2_sigma_0.06_threshold_0.0 - INFO - Batch 97/154: Clean orig accuracy 0.7880 | Clean purify accuracy 0.7796 | Adv orig accuracy: 0.0000 | Adv purify accuracy: 0.8383
2025-07-10 20:13:47,780 - ADV_Generation_eps_4.0_steps_100_Purification_type_noisy_anchor_anchors_10_alpha_1.2_sigma_0.06_threshold_0.0 - INFO - Batch:[97] Adversarial images for this batch already exist
2025-07-10 20:13:51,430 - ADV_Generation_eps_4.0_steps_100_Purification_type_noisy_anchor_anchors_10_alpha_1.2_sigma_0.06_threshold_0.0 - INFO - Batch 98/154: Clean orig accuracy 0.7889 | Clean purify accuracy 0.7755 | Adv orig accuracy: 0.0000 | Adv purify accuracy: 0.8374
2025-07-10 20:13:51,440 - ADV_Generation_eps_4.0_steps_100_Purification_type_noisy_anchor_anchors_10_alpha_1.2_sigma_0.06_threshold_0.0 - INFO - Batch:[98] Adversarial images for this batch already exist
2025-07-10 20:13:55,132 - ADV_Generation_eps_4.0_steps_100_Purification_type_noisy_anchor_anchors_10_alpha_1.2_sigma_0.06_threshold_0.0 - INFO - Batch 99/154: Clean orig accuracy 0.7898 | Clean purify accuracy 0.7759 | Adv orig accuracy: 0.0000 | Adv purify accuracy: 0.8384
2025-07-10 20:13:55,142 - ADV_Generation_eps_4.0_steps_100_Purification_type_noisy_anchor_anchors_10_alpha_1.2_sigma_0.06_threshold_0.0 - INFO - Batch:[99] Adversarial images for this batch already exist
2025-07-10 20:13:58,776 - ADV_Generation_eps_4.0_steps_100_Purification_type_noisy_anchor_anchors_10_alpha_1.2_sigma_0.06_threshold_0.0 - INFO - Batch 100/154: Clean orig accuracy 0.7919 | Clean purify accuracy 0.7781 | Adv orig accuracy: 0.0000 | Adv purify accuracy: 0.8400
2025-07-10 20:13:58,786 - ADV_Generation_eps_4.0_steps_100_Purification_type_noisy_anchor_anchors_10_alpha_1.2_sigma_0.06_threshold_0.0 - INFO - Batch:[100] Adversarial images for this batch already exist
2025-07-10 20:14:02,444 - ADV_Generation_eps_4.0_steps_100_Purification_type_noisy_anchor_anchors_10_alpha_1.2_sigma_0.06_threshold_0.0 - INFO - Batch 101/154: Clean orig accuracy 0.7933 | Clean purify accuracy 0.7797 | Adv orig accuracy: 0.0000 | Adv purify accuracy: 0.8410
2025-07-10 20:14:02,453 - ADV_Generation_eps_4.0_steps_100_Purification_type_noisy_anchor_anchors_10_alpha_1.2_sigma_0.06_threshold_0.0 - INFO - Batch:[101] Adversarial images for this batch already exist
2025-07-10 20:14:06,148 - ADV_Generation_eps_4.0_steps_100_Purification_type_noisy_anchor_anchors_10_alpha_1.2_sigma_0.06_threshold_0.0 - INFO - Batch 102/154: Clean orig accuracy 0.7953 | Clean purify accuracy 0.7819 | Adv orig accuracy: 0.0000 | Adv purify accuracy: 0.8425
2025-07-10 20:14:06,157 - ADV_Generation_eps_4.0_steps_100_Purification_type_noisy_anchor_anchors_10_alpha_1.2_sigma_0.06_threshold_0.0 - INFO - Batch:[102] Adversarial images for this batch already exist
2025-07-10 20:14:09,817 - ADV_Generation_eps_4.0_steps_100_Purification_type_noisy_anchor_anchors_10_alpha_1.2_sigma_0.06_threshold_0.0 - INFO - Batch 103/154: Clean orig accuracy 0.7973 | Clean purify accuracy 0.7840 | Adv orig accuracy: 0.0000 | Adv purify accuracy: 0.8441
2025-07-10 20:14:09,826 - ADV_Generation_eps_4.0_steps_100_Purification_type_noisy_anchor_anchors_10_alpha_1.2_sigma_0.06_threshold_0.0 - INFO - Batch:[103] Adversarial images for this batch already exist
2025-07-10 20:14:13,513 - ADV_Generation_eps_4.0_steps_100_Purification_type_noisy_anchor_anchors_10_alpha_1.2_sigma_0.06_threshold_0.0 - INFO - Batch 104/154: Clean orig accuracy 0.7993 | Clean purify accuracy 0.7855 | Adv orig accuracy: 0.0000 | Adv purify accuracy: 0.8456
2025-07-10 20:14:13,522 - ADV_Generation_eps_4.0_steps_100_Purification_type_noisy_anchor_anchors_10_alpha_1.2_sigma_0.06_threshold_0.0 - INFO - Batch:[104] Adversarial images for this batch already exist
2025-07-10 20:14:17,211 - ADV_Generation_eps_4.0_steps_100_Purification_type_noisy_anchor_anchors_10_alpha_1.2_sigma_0.06_threshold_0.0 - INFO - Batch 105/154: Clean orig accuracy 0.8012 | Clean purify accuracy 0.7845 | Adv orig accuracy: 0.0000 | Adv purify accuracy: 0.8470
2025-07-10 20:14:17,220 - ADV_Generation_eps_4.0_steps_100_Purification_type_noisy_anchor_anchors_10_alpha_1.2_sigma_0.06_threshold_0.0 - INFO - Batch:[105] Adversarial images for this batch already exist
2025-07-10 20:14:20,846 - ADV_Generation_eps_4.0_steps_100_Purification_type_noisy_anchor_anchors_10_alpha_1.2_sigma_0.06_threshold_0.0 - INFO - Batch 106/154: Clean orig accuracy 0.8031 | Clean purify accuracy 0.7854 | Adv orig accuracy: 0.0000 | Adv purify accuracy: 0.8485
2025-07-10 20:14:20,856 - ADV_Generation_eps_4.0_steps_100_Purification_type_noisy_anchor_anchors_10_alpha_1.2_sigma_0.06_threshold_0.0 - INFO - Batch:[106] Adversarial images for this batch already exist
2025-07-10 20:14:24,479 - ADV_Generation_eps_4.0_steps_100_Purification_type_noisy_anchor_anchors_10_alpha_1.2_sigma_0.06_threshold_0.0 - INFO - Batch 107/154: Clean orig accuracy 0.8049 | Clean purify accuracy 0.7874 | Adv orig accuracy: 0.0000 | Adv purify accuracy: 0.8499
2025-07-10 20:14:24,489 - ADV_Generation_eps_4.0_steps_100_Purification_type_noisy_anchor_anchors_10_alpha_1.2_sigma_0.06_threshold_0.0 - INFO - Batch:[107] Adversarial images for this batch already exist
2025-07-10 20:14:28,139 - ADV_Generation_eps_4.0_steps_100_Purification_type_noisy_anchor_anchors_10_alpha_1.2_sigma_0.06_threshold_0.0 - INFO - Batch 108/154: Clean orig accuracy 0.8061 | Clean purify accuracy 0.7888 | Adv orig accuracy: 0.0000 | Adv purify accuracy: 0.8507
2025-07-10 20:14:28,149 - ADV_Generation_eps_4.0_steps_100_Purification_type_noisy_anchor_anchors_10_alpha_1.2_sigma_0.06_threshold_0.0 - INFO - Batch:[108] Adversarial images for this batch already exist
2025-07-10 20:14:31,752 - ADV_Generation_eps_4.0_steps_100_Purification_type_noisy_anchor_anchors_10_alpha_1.2_sigma_0.06_threshold_0.0 - INFO - Batch 109/154: Clean orig accuracy 0.8073 | Clean purify accuracy 0.7896 | Adv orig accuracy: 0.0000 | Adv purify accuracy: 0.8521
2025-07-10 20:14:31,761 - ADV_Generation_eps_4.0_steps_100_Purification_type_noisy_anchor_anchors_10_alpha_1.2_sigma_0.06_threshold_0.0 - INFO - Batch:[109] Adversarial images for this batch already exist
2025-07-10 20:14:35,361 - ADV_Generation_eps_4.0_steps_100_Purification_type_noisy_anchor_anchors_10_alpha_1.2_sigma_0.06_threshold_0.0 - INFO - Batch 110/154: Clean orig accuracy 0.8091 | Clean purify accuracy 0.7915 | Adv orig accuracy: 0.0000 | Adv purify accuracy: 0.8534
2025-07-10 20:14:35,371 - ADV_Generation_eps_4.0_steps_100_Purification_type_noisy_anchor_anchors_10_alpha_1.2_sigma_0.06_threshold_0.0 - INFO - Batch:[110] Adversarial images for this batch already exist
2025-07-10 20:14:38,967 - ADV_Generation_eps_4.0_steps_100_Purification_type_noisy_anchor_anchors_10_alpha_1.2_sigma_0.06_threshold_0.0 - INFO - Batch 111/154: Clean orig accuracy 0.8108 | Clean purify accuracy 0.7934 | Adv orig accuracy: 0.0000 | Adv purify accuracy: 0.8547
2025-07-10 20:14:38,977 - ADV_Generation_eps_4.0_steps_100_Purification_type_noisy_anchor_anchors_10_alpha_1.2_sigma_0.06_threshold_0.0 - INFO - Batch:[111] Adversarial images for this batch already exist
2025-07-10 20:14:42,694 - ADV_Generation_eps_4.0_steps_100_Purification_type_noisy_anchor_anchors_10_alpha_1.2_sigma_0.06_threshold_0.0 - INFO - Batch 112/154: Clean orig accuracy 0.8114 | Clean purify accuracy 0.7941 | Adv orig accuracy: 0.0000 | Adv purify accuracy: 0.8544
2025-07-10 20:14:42,704 - ADV_Generation_eps_4.0_steps_100_Purification_type_noisy_anchor_anchors_10_alpha_1.2_sigma_0.06_threshold_0.0 - INFO - Batch:[112] Adversarial images for this batch already exist
2025-07-10 20:14:46,326 - ADV_Generation_eps_4.0_steps_100_Purification_type_noisy_anchor_anchors_10_alpha_1.2_sigma_0.06_threshold_0.0 - INFO - Batch 113/154: Clean orig accuracy 0.8119 | Clean purify accuracy 0.7954 | Adv orig accuracy: 0.0000 | Adv purify accuracy: 0.8556
2025-07-10 20:14:46,336 - ADV_Generation_eps_4.0_steps_100_Purification_type_noisy_anchor_anchors_10_alpha_1.2_sigma_0.06_threshold_0.0 - INFO - Batch:[113] Adversarial images for this batch already exist
2025-07-10 20:14:50,025 - ADV_Generation_eps_4.0_steps_100_Purification_type_noisy_anchor_anchors_10_alpha_1.2_sigma_0.06_threshold_0.0 - INFO - Batch 114/154: Clean orig accuracy 0.8076 | Clean purify accuracy 0.7911 | Adv orig accuracy: 0.0000 | Adv purify accuracy: 0.8509
2025-07-10 20:14:50,035 - ADV_Generation_eps_4.0_steps_100_Purification_type_noisy_anchor_anchors_10_alpha_1.2_sigma_0.06_threshold_0.0 - INFO - Batch:[114] Adversarial images for this batch already exist
2025-07-10 20:14:53,673 - ADV_Generation_eps_4.0_steps_100_Purification_type_noisy_anchor_anchors_10_alpha_1.2_sigma_0.06_threshold_0.0 - INFO - Batch 115/154: Clean orig accuracy 0.8071 | Clean purify accuracy 0.7913 | Adv orig accuracy: 0.0000 | Adv purify accuracy: 0.8505
2025-07-10 20:14:53,683 - ADV_Generation_eps_4.0_steps_100_Purification_type_noisy_anchor_anchors_10_alpha_1.2_sigma_0.06_threshold_0.0 - INFO - Batch:[115] Adversarial images for this batch already exist
2025-07-10 20:14:57,388 - ADV_Generation_eps_4.0_steps_100_Purification_type_noisy_anchor_anchors_10_alpha_1.2_sigma_0.06_threshold_0.0 - INFO - Batch 116/154: Clean orig accuracy 0.8006 | Clean purify accuracy 0.7850 | Adv orig accuracy: 0.0000 | Adv purify accuracy: 0.8443
2025-07-10 20:14:57,399 - ADV_Generation_eps_4.0_steps_100_Purification_type_noisy_anchor_anchors_10_alpha_1.2_sigma_0.06_threshold_0.0 - INFO - Batch:[116] Adversarial images for this batch already exist
2025-07-10 20:15:01,039 - ADV_Generation_eps_4.0_steps_100_Purification_type_noisy_anchor_anchors_10_alpha_1.2_sigma_0.06_threshold_0.0 - INFO - Batch 117/154: Clean orig accuracy 0.8018 | Clean purify accuracy 0.7863 | Adv orig accuracy: 0.0000 | Adv purify accuracy: 0.8451
2025-07-10 20:15:01,049 - ADV_Generation_eps_4.0_steps_100_Purification_type_noisy_anchor_anchors_10_alpha_1.2_sigma_0.06_threshold_0.0 - INFO - Batch:[117] Adversarial images for this batch already exist
2025-07-10 20:15:04,746 - ADV_Generation_eps_4.0_steps_100_Purification_type_noisy_anchor_anchors_10_alpha_1.2_sigma_0.06_threshold_0.0 - INFO - Batch 118/154: Clean orig accuracy 0.8030 | Clean purify accuracy 0.7881 | Adv orig accuracy: 0.0000 | Adv purify accuracy: 0.8464
2025-07-10 20:15:04,756 - ADV_Generation_eps_4.0_steps_100_Purification_type_noisy_anchor_anchors_10_alpha_1.2_sigma_0.06_threshold_0.0 - INFO - Batch:[118] Adversarial images for this batch already exist
2025-07-10 20:15:08,404 - ADV_Generation_eps_4.0_steps_100_Purification_type_noisy_anchor_anchors_10_alpha_1.2_sigma_0.06_threshold_0.0 - INFO - Batch 119/154: Clean orig accuracy 0.8030 | Clean purify accuracy 0.7894 | Adv orig accuracy: 0.0000 | Adv purify accuracy: 0.8477
2025-07-10 20:15:08,414 - ADV_Generation_eps_4.0_steps_100_Purification_type_noisy_anchor_anchors_10_alpha_1.2_sigma_0.06_threshold_0.0 - INFO - Batch:[119] Adversarial images for this batch already exist
2025-07-10 20:15:12,044 - ADV_Generation_eps_4.0_steps_100_Purification_type_noisy_anchor_anchors_10_alpha_1.2_sigma_0.06_threshold_0.0 - INFO - Batch 120/154: Clean orig accuracy 0.8047 | Clean purify accuracy 0.7911 | Adv orig accuracy: 0.0000 | Adv purify accuracy: 0.8490
2025-07-10 20:15:12,055 - ADV_Generation_eps_4.0_steps_100_Purification_type_noisy_anchor_anchors_10_alpha_1.2_sigma_0.06_threshold_0.0 - INFO - Batch:[120] Adversarial images for this batch already exist
2025-07-10 20:15:15,690 - ADV_Generation_eps_4.0_steps_100_Purification_type_noisy_anchor_anchors_10_alpha_1.2_sigma_0.06_threshold_0.0 - INFO - Batch 121/154: Clean orig accuracy 0.8063 | Clean purify accuracy 0.7929 | Adv orig accuracy: 0.0000 | Adv purify accuracy: 0.8502
2025-07-10 20:15:15,701 - ADV_Generation_eps_4.0_steps_100_Purification_type_noisy_anchor_anchors_10_alpha_1.2_sigma_0.06_threshold_0.0 - INFO - Batch:[121] Adversarial images for this batch already exist
2025-07-10 20:15:19,390 - ADV_Generation_eps_4.0_steps_100_Purification_type_noisy_anchor_anchors_10_alpha_1.2_sigma_0.06_threshold_0.0 - INFO - Batch 122/154: Clean orig accuracy 0.8079 | Clean purify accuracy 0.7946 | Adv orig accuracy: 0.0000 | Adv purify accuracy: 0.8514
2025-07-10 20:15:19,400 - ADV_Generation_eps_4.0_steps_100_Purification_type_noisy_anchor_anchors_10_alpha_1.2_sigma_0.06_threshold_0.0 - INFO - Batch:[122] Adversarial images for this batch already exist
2025-07-10 20:15:23,075 - ADV_Generation_eps_4.0_steps_100_Purification_type_noisy_anchor_anchors_10_alpha_1.2_sigma_0.06_threshold_0.0 - INFO - Batch 123/154: Clean orig accuracy 0.8095 | Clean purify accuracy 0.7962 | Adv orig accuracy: 0.0000 | Adv purify accuracy: 0.8526
2025-07-10 20:15:23,085 - ADV_Generation_eps_4.0_steps_100_Purification_type_noisy_anchor_anchors_10_alpha_1.2_sigma_0.06_threshold_0.0 - INFO - Batch:[123] Adversarial images for this batch already exist
2025-07-10 20:15:26,720 - ADV_Generation_eps_4.0_steps_100_Purification_type_noisy_anchor_anchors_10_alpha_1.2_sigma_0.06_threshold_0.0 - INFO - Batch 124/154: Clean orig accuracy 0.8110 | Clean purify accuracy 0.7974 | Adv orig accuracy: 0.0000 | Adv purify accuracy: 0.8538
2025-07-10 20:15:26,730 - ADV_Generation_eps_4.0_steps_100_Purification_type_noisy_anchor_anchors_10_alpha_1.2_sigma_0.06_threshold_0.0 - INFO - Batch:[124] Adversarial images for this batch already exist
2025-07-10 20:15:30,375 - ADV_Generation_eps_4.0_steps_100_Purification_type_noisy_anchor_anchors_10_alpha_1.2_sigma_0.06_threshold_0.0 - INFO - Batch 125/154: Clean orig accuracy 0.8125 | Clean purify accuracy 0.7985 | Adv orig accuracy: 0.0000 | Adv purify accuracy: 0.8550
2025-07-10 20:15:30,384 - ADV_Generation_eps_4.0_steps_100_Purification_type_noisy_anchor_anchors_10_alpha_1.2_sigma_0.06_threshold_0.0 - INFO - Batch:[125] Adversarial images for this batch already exist
2025-07-10 20:15:34,205 - ADV_Generation_eps_4.0_steps_100_Purification_type_noisy_anchor_anchors_10_alpha_1.2_sigma_0.06_threshold_0.0 - INFO - Batch 126/154: Clean orig accuracy 0.8120 | Clean purify accuracy 0.7986 | Adv orig accuracy: 0.0000 | Adv purify accuracy: 0.8557
2025-07-10 20:15:34,215 - ADV_Generation_eps_4.0_steps_100_Purification_type_noisy_anchor_anchors_10_alpha_1.2_sigma_0.06_threshold_0.0 - INFO - Batch:[126] Adversarial images for this batch already exist
2025-07-10 20:15:37,886 - ADV_Generation_eps_4.0_steps_100_Purification_type_noisy_anchor_anchors_10_alpha_1.2_sigma_0.06_threshold_0.0 - INFO - Batch 127/154: Clean orig accuracy 0.8105 | Clean purify accuracy 0.7972 | Adv orig accuracy: 0.0000 | Adv purify accuracy: 0.8563
2025-07-10 20:15:37,904 - ADV_Generation_eps_4.0_steps_100_Purification_type_noisy_anchor_anchors_10_alpha_1.2_sigma_0.06_threshold_0.0 - INFO - Batch:[127] Adversarial images for this batch already exist
2025-07-10 20:15:41,561 - ADV_Generation_eps_4.0_steps_100_Purification_type_noisy_anchor_anchors_10_alpha_1.2_sigma_0.06_threshold_0.0 - INFO - Batch 128/154: Clean orig accuracy 0.8096 | Clean purify accuracy 0.7964 | Adv orig accuracy: 0.0000 | Adv purify accuracy: 0.8569
2025-07-10 20:15:41,571 - ADV_Generation_eps_4.0_steps_100_Purification_type_noisy_anchor_anchors_10_alpha_1.2_sigma_0.06_threshold_0.0 - INFO - Batch:[128] Adversarial images for this batch already exist
2025-07-10 20:15:45,339 - ADV_Generation_eps_4.0_steps_100_Purification_type_noisy_anchor_anchors_10_alpha_1.2_sigma_0.06_threshold_0.0 - INFO - Batch 129/154: Clean orig accuracy 0.8106 | Clean purify accuracy 0.7970 | Adv orig accuracy: 0.0000 | Adv purify accuracy: 0.8576
2025-07-10 20:15:45,348 - ADV_Generation_eps_4.0_steps_100_Purification_type_noisy_anchor_anchors_10_alpha_1.2_sigma_0.06_threshold_0.0 - INFO - Batch:[129] Adversarial images for this batch already exist
2025-07-10 20:15:48,966 - ADV_Generation_eps_4.0_steps_100_Purification_type_noisy_anchor_anchors_10_alpha_1.2_sigma_0.06_threshold_0.0 - INFO - Batch 130/154: Clean orig accuracy 0.8091 | Clean purify accuracy 0.7957 | Adv orig accuracy: 0.0000 | Adv purify accuracy: 0.8567
2025-07-10 20:15:48,976 - ADV_Generation_eps_4.0_steps_100_Purification_type_noisy_anchor_anchors_10_alpha_1.2_sigma_0.06_threshold_0.0 - INFO - Batch:[130] Adversarial images for this batch already exist
2025-07-10 20:15:52,632 - ADV_Generation_eps_4.0_steps_100_Purification_type_noisy_anchor_anchors_10_alpha_1.2_sigma_0.06_threshold_0.0 - INFO - Batch 131/154: Clean orig accuracy 0.8077 | Clean purify accuracy 0.7944 | Adv orig accuracy: 0.0000 | Adv purify accuracy: 0.8550
2025-07-10 20:15:52,641 - ADV_Generation_eps_4.0_steps_100_Purification_type_noisy_anchor_anchors_10_alpha_1.2_sigma_0.06_threshold_0.0 - INFO - Batch:[131] Adversarial images for this batch already exist
2025-07-10 20:15:56,274 - ADV_Generation_eps_4.0_steps_100_Purification_type_noisy_anchor_anchors_10_alpha_1.2_sigma_0.06_threshold_0.0 - INFO - Batch 132/154: Clean orig accuracy 0.8078 | Clean purify accuracy 0.7940 | Adv orig accuracy: 0.0000 | Adv purify accuracy: 0.8561
2025-07-10 20:15:56,284 - ADV_Generation_eps_4.0_steps_100_Purification_type_noisy_anchor_anchors_10_alpha_1.2_sigma_0.06_threshold_0.0 - INFO - Batch:[132] Adversarial images for this batch already exist
2025-07-10 20:15:59,996 - ADV_Generation_eps_4.0_steps_100_Purification_type_noisy_anchor_anchors_10_alpha_1.2_sigma_0.06_threshold_0.0 - INFO - Batch 133/154: Clean orig accuracy 0.8092 | Clean purify accuracy 0.7946 | Adv orig accuracy: 0.0000 | Adv purify accuracy: 0.8571
2025-07-10 20:16:00,006 - ADV_Generation_eps_4.0_steps_100_Purification_type_noisy_anchor_anchors_10_alpha_1.2_sigma_0.06_threshold_0.0 - INFO - Batch:[133] Adversarial images for this batch already exist
2025-07-10 20:16:03,615 - ADV_Generation_eps_4.0_steps_100_Purification_type_noisy_anchor_anchors_10_alpha_1.2_sigma_0.06_threshold_0.0 - INFO - Batch 134/154: Clean orig accuracy 0.8106 | Clean purify accuracy 0.7957 | Adv orig accuracy: 0.0000 | Adv purify accuracy: 0.8577
2025-07-10 20:16:03,625 - ADV_Generation_eps_4.0_steps_100_Purification_type_noisy_anchor_anchors_10_alpha_1.2_sigma_0.06_threshold_0.0 - INFO - Batch:[134] Adversarial images for this batch already exist
2025-07-10 20:16:07,216 - ADV_Generation_eps_4.0_steps_100_Purification_type_noisy_anchor_anchors_10_alpha_1.2_sigma_0.06_threshold_0.0 - INFO - Batch 135/154: Clean orig accuracy 0.8120 | Clean purify accuracy 0.7972 | Adv orig accuracy: 0.0000 | Adv purify accuracy: 0.8588
2025-07-10 20:16:07,297 - ADV_Generation_eps_4.0_steps_100_Purification_type_noisy_anchor_anchors_10_alpha_1.2_sigma_0.06_threshold_0.0 - INFO - Batch:[135] Adversarial images for this batch already exist
2025-07-10 20:16:10,931 - ADV_Generation_eps_4.0_steps_100_Purification_type_noisy_anchor_anchors_10_alpha_1.2_sigma_0.06_threshold_0.0 - INFO - Batch 136/154: Clean orig accuracy 0.8088 | Clean purify accuracy 0.7937 | Adv orig accuracy: 0.0000 | Adv purify accuracy: 0.8566
2025-07-10 20:16:10,941 - ADV_Generation_eps_4.0_steps_100_Purification_type_noisy_anchor_anchors_10_alpha_1.2_sigma_0.06_threshold_0.0 - INFO - Batch:[136] Adversarial images for this batch already exist
2025-07-10 20:16:14,538 - ADV_Generation_eps_4.0_steps_100_Purification_type_noisy_anchor_anchors_10_alpha_1.2_sigma_0.06_threshold_0.0 - INFO - Batch 137/154: Clean orig accuracy 0.8089 | Clean purify accuracy 0.7938 | Adv orig accuracy: 0.0000 | Adv purify accuracy: 0.8572
2025-07-10 20:16:14,548 - ADV_Generation_eps_4.0_steps_100_Purification_type_noisy_anchor_anchors_10_alpha_1.2_sigma_0.06_threshold_0.0 - INFO - Batch:[137] Adversarial images for this batch already exist
2025-07-10 20:16:18,186 - ADV_Generation_eps_4.0_steps_100_Purification_type_noisy_anchor_anchors_10_alpha_1.2_sigma_0.06_threshold_0.0 - INFO - Batch 138/154: Clean orig accuracy 0.8102 | Clean purify accuracy 0.7953 | Adv orig accuracy: 0.0000 | Adv purify accuracy: 0.8582
2025-07-10 20:16:18,195 - ADV_Generation_eps_4.0_steps_100_Purification_type_noisy_anchor_anchors_10_alpha_1.2_sigma_0.06_threshold_0.0 - INFO - Batch:[138] Adversarial images for this batch already exist
2025-07-10 20:16:21,851 - ADV_Generation_eps_4.0_steps_100_Purification_type_noisy_anchor_anchors_10_alpha_1.2_sigma_0.06_threshold_0.0 - INFO - Batch 139/154: Clean orig accuracy 0.8116 | Clean purify accuracy 0.7968 | Adv orig accuracy: 0.0000 | Adv purify accuracy: 0.8593
2025-07-10 20:16:21,861 - ADV_Generation_eps_4.0_steps_100_Purification_type_noisy_anchor_anchors_10_alpha_1.2_sigma_0.06_threshold_0.0 - INFO - Batch:[139] Adversarial images for this batch already exist
2025-07-10 20:16:25,538 - ADV_Generation_eps_4.0_steps_100_Purification_type_noisy_anchor_anchors_10_alpha_1.2_sigma_0.06_threshold_0.0 - INFO - Batch 140/154: Clean orig accuracy 0.8129 | Clean purify accuracy 0.7946 | Adv orig accuracy: 0.0000 | Adv purify accuracy: 0.8603
2025-07-10 20:16:25,549 - ADV_Generation_eps_4.0_steps_100_Purification_type_noisy_anchor_anchors_10_alpha_1.2_sigma_0.06_threshold_0.0 - INFO - Batch:[140] Adversarial images for this batch already exist
2025-07-10 20:16:29,161 - ADV_Generation_eps_4.0_steps_100_Purification_type_noisy_anchor_anchors_10_alpha_1.2_sigma_0.06_threshold_0.0 - INFO - Batch 141/154: Clean orig accuracy 0.8143 | Clean purify accuracy 0.7961 | Adv orig accuracy: 0.0000 | Adv purify accuracy: 0.8613
2025-07-10 20:16:29,171 - ADV_Generation_eps_4.0_steps_100_Purification_type_noisy_anchor_anchors_10_alpha_1.2_sigma_0.06_threshold_0.0 - INFO - Batch:[141] Adversarial images for this batch already exist
2025-07-10 20:16:32,827 - ADV_Generation_eps_4.0_steps_100_Purification_type_noisy_anchor_anchors_10_alpha_1.2_sigma_0.06_threshold_0.0 - INFO - Batch 142/154: Clean orig accuracy 0.8147 | Clean purify accuracy 0.7962 | Adv orig accuracy: 0.0000 | Adv purify accuracy: 0.8618
2025-07-10 20:16:32,837 - ADV_Generation_eps_4.0_steps_100_Purification_type_noisy_anchor_anchors_10_alpha_1.2_sigma_0.06_threshold_0.0 - INFO - Batch:[142] Adversarial images for this batch already exist
2025-07-10 20:16:36,485 - ADV_Generation_eps_4.0_steps_100_Purification_type_noisy_anchor_anchors_10_alpha_1.2_sigma_0.06_threshold_0.0 - INFO - Batch 143/154: Clean orig accuracy 0.8160 | Clean purify accuracy 0.7976 | Adv orig accuracy: 0.0000 | Adv purify accuracy: 0.8623
2025-07-10 20:16:36,495 - ADV_Generation_eps_4.0_steps_100_Purification_type_noisy_anchor_anchors_10_alpha_1.2_sigma_0.06_threshold_0.0 - INFO - Batch:[143] Adversarial images for this batch already exist
2025-07-10 20:16:40,126 - ADV_Generation_eps_4.0_steps_100_Purification_type_noisy_anchor_anchors_10_alpha_1.2_sigma_0.06_threshold_0.0 - INFO - Batch 144/154: Clean orig accuracy 0.8173 | Clean purify accuracy 0.7982 | Adv orig accuracy: 0.0000 | Adv purify accuracy: 0.8628
2025-07-10 20:16:40,136 - ADV_Generation_eps_4.0_steps_100_Purification_type_noisy_anchor_anchors_10_alpha_1.2_sigma_0.06_threshold_0.0 - INFO - Batch:[144] Adversarial images for this batch already exist
2025-07-10 20:16:43,818 - ADV_Generation_eps_4.0_steps_100_Purification_type_noisy_anchor_anchors_10_alpha_1.2_sigma_0.06_threshold_0.0 - INFO - Batch 145/154: Clean orig accuracy 0.8181 | Clean purify accuracy 0.7991 | Adv orig accuracy: 0.0000 | Adv purify accuracy: 0.8634
2025-07-10 20:16:43,828 - ADV_Generation_eps_4.0_steps_100_Purification_type_noisy_anchor_anchors_10_alpha_1.2_sigma_0.06_threshold_0.0 - INFO - Batch:[145] Adversarial images for this batch already exist
2025-07-10 20:16:47,538 - ADV_Generation_eps_4.0_steps_100_Purification_type_noisy_anchor_anchors_10_alpha_1.2_sigma_0.06_threshold_0.0 - INFO - Batch 146/154: Clean orig accuracy 0.8189 | Clean purify accuracy 0.8001 | Adv orig accuracy: 0.0000 | Adv purify accuracy: 0.8639
2025-07-10 20:16:47,548 - ADV_Generation_eps_4.0_steps_100_Purification_type_noisy_anchor_anchors_10_alpha_1.2_sigma_0.06_threshold_0.0 - INFO - Batch:[146] Adversarial images for this batch already exist
2025-07-10 20:16:51,184 - ADV_Generation_eps_4.0_steps_100_Purification_type_noisy_anchor_anchors_10_alpha_1.2_sigma_0.06_threshold_0.0 - INFO - Batch 147/154: Clean orig accuracy 0.8197 | Clean purify accuracy 0.8010 | Adv orig accuracy: 0.0000 | Adv purify accuracy: 0.8644
2025-07-10 20:16:51,194 - ADV_Generation_eps_4.0_steps_100_Purification_type_noisy_anchor_anchors_10_alpha_1.2_sigma_0.06_threshold_0.0 - INFO - Batch:[147] Adversarial images for this batch already exist
2025-07-10 20:16:54,826 - ADV_Generation_eps_4.0_steps_100_Purification_type_noisy_anchor_anchors_10_alpha_1.2_sigma_0.06_threshold_0.0 - INFO - Batch 148/154: Clean orig accuracy 0.8150 | Clean purify accuracy 0.7973 | Adv orig accuracy: 0.0000 | Adv purify accuracy: 0.8615
2025-07-10 20:16:54,836 - ADV_Generation_eps_4.0_steps_100_Purification_type_noisy_anchor_anchors_10_alpha_1.2_sigma_0.06_threshold_0.0 - INFO - Batch:[148] Adversarial images for this batch already exist
2025-07-10 20:16:58,523 - ADV_Generation_eps_4.0_steps_100_Purification_type_noisy_anchor_anchors_10_alpha_1.2_sigma_0.06_threshold_0.0 - INFO - Batch 149/154: Clean orig accuracy 0.8133 | Clean purify accuracy 0.7957 | Adv orig accuracy: 0.0000 | Adv purify accuracy: 0.8603
2025-07-10 20:16:58,533 - ADV_Generation_eps_4.0_steps_100_Purification_type_noisy_anchor_anchors_10_alpha_1.2_sigma_0.06_threshold_0.0 - INFO - Batch:[149] Adversarial images for this batch already exist
2025-07-10 20:17:02,230 - ADV_Generation_eps_4.0_steps_100_Purification_type_noisy_anchor_anchors_10_alpha_1.2_sigma_0.06_threshold_0.0 - INFO - Batch 150/154: Clean orig accuracy 0.8137 | Clean purify accuracy 0.7950 | Adv orig accuracy: 0.0000 | Adv purify accuracy: 0.8608
2025-07-10 20:17:02,240 - ADV_Generation_eps_4.0_steps_100_Purification_type_noisy_anchor_anchors_10_alpha_1.2_sigma_0.06_threshold_0.0 - INFO - Batch:[150] Adversarial images for this batch already exist
2025-07-10 20:17:05,985 - ADV_Generation_eps_4.0_steps_100_Purification_type_noisy_anchor_anchors_10_alpha_1.2_sigma_0.06_threshold_0.0 - INFO - Batch 151/154: Clean orig accuracy 0.8150 | Clean purify accuracy 0.7964 | Adv orig accuracy: 0.0000 | Adv purify accuracy: 0.8618
2025-07-10 20:17:05,994 - ADV_Generation_eps_4.0_steps_100_Purification_type_noisy_anchor_anchors_10_alpha_1.2_sigma_0.06_threshold_0.0 - INFO - Batch:[151] Adversarial images for this batch already exist
2025-07-10 20:17:09,612 - ADV_Generation_eps_4.0_steps_100_Purification_type_noisy_anchor_anchors_10_alpha_1.2_sigma_0.06_threshold_0.0 - INFO - Batch 152/154: Clean orig accuracy 0.8158 | Clean purify accuracy 0.7973 | Adv orig accuracy: 0.0000 | Adv purify accuracy: 0.8623
2025-07-10 20:17:09,622 - ADV_Generation_eps_4.0_steps_100_Purification_type_noisy_anchor_anchors_10_alpha_1.2_sigma_0.06_threshold_0.0 - INFO - Batch:[152] Adversarial images for this batch already exist
2025-07-10 20:17:13,273 - ADV_Generation_eps_4.0_steps_100_Purification_type_noisy_anchor_anchors_10_alpha_1.2_sigma_0.06_threshold_0.0 - INFO - Batch 153/154: Clean orig accuracy 0.8170 | Clean purify accuracy 0.7986 | Adv orig accuracy: 0.0000 | Adv purify accuracy: 0.8632
2025-07-10 20:17:13,282 - ADV_Generation_eps_4.0_steps_100_Purification_type_noisy_anchor_anchors_10_alpha_1.2_sigma_0.06_threshold_0.0 - INFO - Batch:[153] Adversarial images for this batch already exist
2025-07-10 20:17:16,774 - ADV_Generation_eps_4.0_steps_100_Purification_type_noisy_anchor_anchors_10_alpha_1.2_sigma_0.06_threshold_0.0 - INFO - Batch 154/154: Clean orig accuracy 0.8177 | Clean purify accuracy 0.7994 | Adv orig accuracy: 0.0000 | Adv purify accuracy: 0.8640
2025-07-10 20:17:16,884 - ADV_Generation_eps_4.0_steps_100_Purification_type_noisy_anchor_anchors_10_alpha_1.2_sigma_0.06_threshold_0.0 - INFO - Final Clean orig accuracy: 0.8177 | Clean purify accuracy: 0.7994
2025-07-10 20:17:16,885 - ADV_Generation_eps_4.0_steps_100_Purification_type_noisy_anchor_anchors_10_alpha_1.2_sigma_0.06_threshold_0.0 - INFO - Final Adv orig accuracy: 0.0000 | Adv purify accuracy: 0.8640
2025-07-10 20:17:16,885 - ADV_Generation_eps_4.0_steps_100_Purification_type_noisy_anchor_anchors_10_alpha_1.2_sigma_0.06_threshold_0.0 - INFO - Diff_ratio_clean: 0.5147 | Diff_ratio_adv: 1.0782
2025-07-10 20:17:16,885 - ADV_Generation_eps_4.0_steps_100_Purification_type_noisy_anchor_anchors_10_alpha_1.2_sigma_0.06_threshold_0.0 - INFO - Adversarial image generation completed. Results
