2025-07-10 20:06:02,417 - ADV_Generation_eps_4.0_steps_100_Purification_type_noisy_anchor_anchors_10_alpha_1.2_sigma_0.18_threshold_0.0 - INFO - ==========================================
data:/leonardo_work/EUHPC_R04_192/fmohamma/Adversarial_Robust_Clip/atpt_data/downstream_datasets
test_sets:Flower102
dataset_mode:test
arch:vit_l_14_datacomp_1b
resolution:224
workers:4
no_pin_memory:False
batch_size:64
adv_bs:16
print_freq:20
gpu:0
no_cudnn_benchmark:False
n_ctx:4
ctx_init:a_photo_of_a
seed:0
output_dir:/leonardo_work/EUHPC_R04_192/fmohamma/Adversarial_Robust_Clip/atpt_data/vit_l_14_datacomp_1b/Flower102
log_output_dir:/leonardo_work/EUHPC_R04_192/fmohamma/Adversarial_Robust_Clip/ATPT/Purify_Results/vit_l_14_datacomp_1b/Flower102
eps:4.0
alpha:1.0
alpha_eps_ratio:4.0
steps:100
counter_attack:False
counter_attack_type:pgd
counter_attack_steps:2
counter_attack_eps:4.0
counter_attack_alpha:1.0
counter_attack_tau_thres:0.2
counter_attack_beta:2.0
counter_attack_weighted_perturbations:True
pgd_clip_pure_i_text_embeddings:null
pgd_counter_and_clipure_i_lamda:1.0
image_feature_purify:True
image_feature_purify_type:noisy_anchor
image_feature_purify_noisy_anchors:10
image_feature_purify_anchors_alpha:1.2
image_feature_purify_noisy_sigma:0.18
image_feature_purify_diff_threshold:0.0
lr:0.005
selection_p:0.1
tta_steps:1
top_k:20
softmax_temp:0.01
load_tecoa:

2025-07-10 20:06:02,418 - ADV_Generation_eps_4.0_steps_100_Purification_type_noisy_anchor_anchors_10_alpha_1.2_sigma_0.18_threshold_0.0 - INFO - Use GPU: 0 for training
2025-07-10 20:06:55,057 - ADV_Generation_eps_4.0_steps_100_Purification_type_noisy_anchor_anchors_10_alpha_1.2_sigma_0.18_threshold_0.0 - INFO - => Model created: visual backbone vit_l_14_datacomp_1b
2025-07-10 20:06:55,081 - ADV_Generation_eps_4.0_steps_100_Purification_type_noisy_anchor_anchors_10_alpha_1.2_sigma_0.18_threshold_0.0 - INFO - Number of test samples: 2463
2025-07-10 20:06:55,082 - ADV_Generation_eps_4.0_steps_100_Purification_type_noisy_anchor_anchors_10_alpha_1.2_sigma_0.18_threshold_0.0 - INFO - Evaluating dataset: Flower102
2025-07-10 20:06:55,083 - ADV_Generation_eps_4.0_steps_100_Purification_type_noisy_anchor_anchors_10_alpha_1.2_sigma_0.18_threshold_0.0 - INFO - Starting evaluation with batch size: 64, selection percentage: 0.1
2025-07-10 20:06:55,083 - ADV_Generation_eps_4.0_steps_100_Purification_type_noisy_anchor_anchors_10_alpha_1.2_sigma_0.18_threshold_0.0 - INFO - Using PGD attack with epsilon: 0.015686, alpha: 0.003922, steps: 100
2025-07-10 20:06:55,085 - ADV_Generation_eps_4.0_steps_100_Purification_type_noisy_anchor_anchors_10_alpha_1.2_sigma_0.18_threshold_0.0 - INFO - Using directory for adversarial images: /leonardo_work/EUHPC_R04_192/fmohamma/Adversarial_Robust_Clip/atpt_data/vit_l_14_datacomp_1b/Flower102/adv_images_eps_4.0_alpha_1.0_steps_100
2025-07-10 20:06:55,739 - ADV_Generation_eps_4.0_steps_100_Purification_type_noisy_anchor_anchors_10_alpha_1.2_sigma_0.18_threshold_0.0 - INFO - Batch:[0] Adversarial images for this batch already exist
2025-07-10 20:07:00,482 - ADV_Generation_eps_4.0_steps_100_Purification_type_noisy_anchor_anchors_10_alpha_1.2_sigma_0.18_threshold_0.0 - INFO - Batch 1/154: Clean orig accuracy 1.0000 | Clean purify accuracy 1.0000 | Adv orig accuracy: 0.0000 | Adv purify accuracy: 1.0000
2025-07-10 20:07:00,508 - ADV_Generation_eps_4.0_steps_100_Purification_type_noisy_anchor_anchors_10_alpha_1.2_sigma_0.18_threshold_0.0 - INFO - Batch:[1] Adversarial images for this batch already exist
2025-07-10 20:07:04,183 - ADV_Generation_eps_4.0_steps_100_Purification_type_noisy_anchor_anchors_10_alpha_1.2_sigma_0.18_threshold_0.0 - INFO - Batch 2/154: Clean orig accuracy 1.0000 | Clean purify accuracy 0.9375 | Adv orig accuracy: 0.0000 | Adv purify accuracy: 1.0000
2025-07-10 20:07:04,194 - ADV_Generation_eps_4.0_steps_100_Purification_type_noisy_anchor_anchors_10_alpha_1.2_sigma_0.18_threshold_0.0 - INFO - Batch:[2] Adversarial images for this batch already exist
2025-07-10 20:07:07,858 - ADV_Generation_eps_4.0_steps_100_Purification_type_noisy_anchor_anchors_10_alpha_1.2_sigma_0.18_threshold_0.0 - INFO - Batch 3/154: Clean orig accuracy 1.0000 | Clean purify accuracy 0.9375 | Adv orig accuracy: 0.0000 | Adv purify accuracy: 1.0000
2025-07-10 20:07:07,868 - ADV_Generation_eps_4.0_steps_100_Purification_type_noisy_anchor_anchors_10_alpha_1.2_sigma_0.18_threshold_0.0 - INFO - Batch:[3] Adversarial images for this batch already exist
2025-07-10 20:07:11,543 - ADV_Generation_eps_4.0_steps_100_Purification_type_noisy_anchor_anchors_10_alpha_1.2_sigma_0.18_threshold_0.0 - INFO - Batch 4/154: Clean orig accuracy 1.0000 | Clean purify accuracy 0.9531 | Adv orig accuracy: 0.0000 | Adv purify accuracy: 1.0000
2025-07-10 20:07:11,578 - ADV_Generation_eps_4.0_steps_100_Purification_type_noisy_anchor_anchors_10_alpha_1.2_sigma_0.18_threshold_0.0 - INFO - Batch:[4] Adversarial images for this batch already exist
2025-07-10 20:07:15,193 - ADV_Generation_eps_4.0_steps_100_Purification_type_noisy_anchor_anchors_10_alpha_1.2_sigma_0.18_threshold_0.0 - INFO - Batch 5/154: Clean orig accuracy 1.0000 | Clean purify accuracy 0.9625 | Adv orig accuracy: 0.0000 | Adv purify accuracy: 1.0000
2025-07-10 20:07:15,202 - ADV_Generation_eps_4.0_steps_100_Purification_type_noisy_anchor_anchors_10_alpha_1.2_sigma_0.18_threshold_0.0 - INFO - Batch:[5] Adversarial images for this batch already exist
2025-07-10 20:07:18,809 - ADV_Generation_eps_4.0_steps_100_Purification_type_noisy_anchor_anchors_10_alpha_1.2_sigma_0.18_threshold_0.0 - INFO - Batch 6/154: Clean orig accuracy 1.0000 | Clean purify accuracy 0.9583 | Adv orig accuracy: 0.0000 | Adv purify accuracy: 1.0000
2025-07-10 20:07:18,819 - ADV_Generation_eps_4.0_steps_100_Purification_type_noisy_anchor_anchors_10_alpha_1.2_sigma_0.18_threshold_0.0 - INFO - Batch:[6] Adversarial images for this batch already exist
2025-07-10 20:07:22,440 - ADV_Generation_eps_4.0_steps_100_Purification_type_noisy_anchor_anchors_10_alpha_1.2_sigma_0.18_threshold_0.0 - INFO - Batch 7/154: Clean orig accuracy 1.0000 | Clean purify accuracy 0.9643 | Adv orig accuracy: 0.0000 | Adv purify accuracy: 1.0000
2025-07-10 20:07:22,450 - ADV_Generation_eps_4.0_steps_100_Purification_type_noisy_anchor_anchors_10_alpha_1.2_sigma_0.18_threshold_0.0 - INFO - Batch:[7] Adversarial images for this batch already exist
2025-07-10 20:07:26,106 - ADV_Generation_eps_4.0_steps_100_Purification_type_noisy_anchor_anchors_10_alpha_1.2_sigma_0.18_threshold_0.0 - INFO - Batch 8/154: Clean orig accuracy 1.0000 | Clean purify accuracy 0.9688 | Adv orig accuracy: 0.0000 | Adv purify accuracy: 1.0000
2025-07-10 20:07:26,116 - ADV_Generation_eps_4.0_steps_100_Purification_type_noisy_anchor_anchors_10_alpha_1.2_sigma_0.18_threshold_0.0 - INFO - Batch:[8] Adversarial images for this batch already exist
2025-07-10 20:07:29,858 - ADV_Generation_eps_4.0_steps_100_Purification_type_noisy_anchor_anchors_10_alpha_1.2_sigma_0.18_threshold_0.0 - INFO - Batch 9/154: Clean orig accuracy 1.0000 | Clean purify accuracy 0.9583 | Adv orig accuracy: 0.0000 | Adv purify accuracy: 0.9931
2025-07-10 20:07:29,868 - ADV_Generation_eps_4.0_steps_100_Purification_type_noisy_anchor_anchors_10_alpha_1.2_sigma_0.18_threshold_0.0 - INFO - Batch:[9] Adversarial images for this batch already exist
2025-07-10 20:07:33,527 - ADV_Generation_eps_4.0_steps_100_Purification_type_noisy_anchor_anchors_10_alpha_1.2_sigma_0.18_threshold_0.0 - INFO - Batch 10/154: Clean orig accuracy 1.0000 | Clean purify accuracy 0.9313 | Adv orig accuracy: 0.0000 | Adv purify accuracy: 0.9938
2025-07-10 20:07:33,560 - ADV_Generation_eps_4.0_steps_100_Purification_type_noisy_anchor_anchors_10_alpha_1.2_sigma_0.18_threshold_0.0 - INFO - Batch:[10] Adversarial images for this batch already exist
2025-07-10 20:07:37,195 - ADV_Generation_eps_4.0_steps_100_Purification_type_noisy_anchor_anchors_10_alpha_1.2_sigma_0.18_threshold_0.0 - INFO - Batch 11/154: Clean orig accuracy 1.0000 | Clean purify accuracy 0.9091 | Adv orig accuracy: 0.0000 | Adv purify accuracy: 0.9943
2025-07-10 20:07:37,204 - ADV_Generation_eps_4.0_steps_100_Purification_type_noisy_anchor_anchors_10_alpha_1.2_sigma_0.18_threshold_0.0 - INFO - Batch:[11] Adversarial images for this batch already exist
2025-07-10 20:07:40,852 - ADV_Generation_eps_4.0_steps_100_Purification_type_noisy_anchor_anchors_10_alpha_1.2_sigma_0.18_threshold_0.0 - INFO - Batch 12/154: Clean orig accuracy 0.9323 | Clean purify accuracy 0.8438 | Adv orig accuracy: 0.0000 | Adv purify accuracy: 0.9271
2025-07-10 20:07:40,862 - ADV_Generation_eps_4.0_steps_100_Purification_type_noisy_anchor_anchors_10_alpha_1.2_sigma_0.18_threshold_0.0 - INFO - Batch:[12] Adversarial images for this batch already exist
2025-07-10 20:07:44,548 - ADV_Generation_eps_4.0_steps_100_Purification_type_noisy_anchor_anchors_10_alpha_1.2_sigma_0.18_threshold_0.0 - INFO - Batch 13/154: Clean orig accuracy 0.8606 | Clean purify accuracy 0.7788 | Adv orig accuracy: 0.0000 | Adv purify accuracy: 0.8558
2025-07-10 20:07:44,558 - ADV_Generation_eps_4.0_steps_100_Purification_type_noisy_anchor_anchors_10_alpha_1.2_sigma_0.18_threshold_0.0 - INFO - Batch:[13] Adversarial images for this batch already exist
2025-07-10 20:07:48,178 - ADV_Generation_eps_4.0_steps_100_Purification_type_noisy_anchor_anchors_10_alpha_1.2_sigma_0.18_threshold_0.0 - INFO - Batch 14/154: Clean orig accuracy 0.7991 | Clean purify accuracy 0.7232 | Adv orig accuracy: 0.0000 | Adv purify accuracy: 0.7946
2025-07-10 20:07:48,189 - ADV_Generation_eps_4.0_steps_100_Purification_type_noisy_anchor_anchors_10_alpha_1.2_sigma_0.18_threshold_0.0 - INFO - Batch:[14] Adversarial images for this batch already exist
2025-07-10 20:07:51,833 - ADV_Generation_eps_4.0_steps_100_Purification_type_noisy_anchor_anchors_10_alpha_1.2_sigma_0.18_threshold_0.0 - INFO - Batch 15/154: Clean orig accuracy 0.7708 | Clean purify accuracy 0.7000 | Adv orig accuracy: 0.0000 | Adv purify accuracy: 0.7667
2025-07-10 20:07:51,843 - ADV_Generation_eps_4.0_steps_100_Purification_type_noisy_anchor_anchors_10_alpha_1.2_sigma_0.18_threshold_0.0 - INFO - Batch:[15] Adversarial images for this batch already exist
2025-07-10 20:07:55,513 - ADV_Generation_eps_4.0_steps_100_Purification_type_noisy_anchor_anchors_10_alpha_1.2_sigma_0.18_threshold_0.0 - INFO - Batch 16/154: Clean orig accuracy 0.7852 | Clean purify accuracy 0.7109 | Adv orig accuracy: 0.0000 | Adv purify accuracy: 0.7773
2025-07-10 20:07:55,541 - ADV_Generation_eps_4.0_steps_100_Purification_type_noisy_anchor_anchors_10_alpha_1.2_sigma_0.18_threshold_0.0 - INFO - Batch:[16] Adversarial images for this batch already exist
2025-07-10 20:07:59,273 - ADV_Generation_eps_4.0_steps_100_Purification_type_noisy_anchor_anchors_10_alpha_1.2_sigma_0.18_threshold_0.0 - INFO - Batch 17/154: Clean orig accuracy 0.7978 | Clean purify accuracy 0.7206 | Adv orig accuracy: 0.0000 | Adv purify accuracy: 0.7868
2025-07-10 20:07:59,284 - ADV_Generation_eps_4.0_steps_100_Purification_type_noisy_anchor_anchors_10_alpha_1.2_sigma_0.18_threshold_0.0 - INFO - Batch:[17] Adversarial images for this batch already exist
2025-07-10 20:08:02,966 - ADV_Generation_eps_4.0_steps_100_Purification_type_noisy_anchor_anchors_10_alpha_1.2_sigma_0.18_threshold_0.0 - INFO - Batch 18/154: Clean orig accuracy 0.8090 | Clean purify accuracy 0.7326 | Adv orig accuracy: 0.0000 | Adv purify accuracy: 0.7986
2025-07-10 20:08:02,976 - ADV_Generation_eps_4.0_steps_100_Purification_type_noisy_anchor_anchors_10_alpha_1.2_sigma_0.18_threshold_0.0 - INFO - Batch:[18] Adversarial images for this batch already exist
2025-07-10 20:08:06,772 - ADV_Generation_eps_4.0_steps_100_Purification_type_noisy_anchor_anchors_10_alpha_1.2_sigma_0.18_threshold_0.0 - INFO - Batch 19/154: Clean orig accuracy 0.8191 | Clean purify accuracy 0.7434 | Adv orig accuracy: 0.0000 | Adv purify accuracy: 0.8092
2025-07-10 20:08:06,783 - ADV_Generation_eps_4.0_steps_100_Purification_type_noisy_anchor_anchors_10_alpha_1.2_sigma_0.18_threshold_0.0 - INFO - Batch:[19] Adversarial images for this batch already exist
2025-07-10 20:08:10,422 - ADV_Generation_eps_4.0_steps_100_Purification_type_noisy_anchor_anchors_10_alpha_1.2_sigma_0.18_threshold_0.0 - INFO - Batch 20/154: Clean orig accuracy 0.8281 | Clean purify accuracy 0.7531 | Adv orig accuracy: 0.0000 | Adv purify accuracy: 0.8187
2025-07-10 20:08:10,432 - ADV_Generation_eps_4.0_steps_100_Purification_type_noisy_anchor_anchors_10_alpha_1.2_sigma_0.18_threshold_0.0 - INFO - Batch:[20] Adversarial images for this batch already exist
2025-07-10 20:08:14,093 - ADV_Generation_eps_4.0_steps_100_Purification_type_noisy_anchor_anchors_10_alpha_1.2_sigma_0.18_threshold_0.0 - INFO - Batch 21/154: Clean orig accuracy 0.8363 | Clean purify accuracy 0.7649 | Adv orig accuracy: 0.0000 | Adv purify accuracy: 0.8274
2025-07-10 20:08:14,103 - ADV_Generation_eps_4.0_steps_100_Purification_type_noisy_anchor_anchors_10_alpha_1.2_sigma_0.18_threshold_0.0 - INFO - Batch:[21] Adversarial images for this batch already exist
2025-07-10 20:08:17,707 - ADV_Generation_eps_4.0_steps_100_Purification_type_noisy_anchor_anchors_10_alpha_1.2_sigma_0.18_threshold_0.0 - INFO - Batch 22/154: Clean orig accuracy 0.8438 | Clean purify accuracy 0.7699 | Adv orig accuracy: 0.0000 | Adv purify accuracy: 0.8352
2025-07-10 20:08:17,718 - ADV_Generation_eps_4.0_steps_100_Purification_type_noisy_anchor_anchors_10_alpha_1.2_sigma_0.18_threshold_0.0 - INFO - Batch:[22] Adversarial images for this batch already exist
2025-07-10 20:08:21,403 - ADV_Generation_eps_4.0_steps_100_Purification_type_noisy_anchor_anchors_10_alpha_1.2_sigma_0.18_threshold_0.0 - INFO - Batch 23/154: Clean orig accuracy 0.8505 | Clean purify accuracy 0.7745 | Adv orig accuracy: 0.0000 | Adv purify accuracy: 0.8424
2025-07-10 20:08:21,413 - ADV_Generation_eps_4.0_steps_100_Purification_type_noisy_anchor_anchors_10_alpha_1.2_sigma_0.18_threshold_0.0 - INFO - Batch:[23] Adversarial images for this batch already exist
2025-07-10 20:08:25,105 - ADV_Generation_eps_4.0_steps_100_Purification_type_noisy_anchor_anchors_10_alpha_1.2_sigma_0.18_threshold_0.0 - INFO - Batch 24/154: Clean orig accuracy 0.8568 | Clean purify accuracy 0.7839 | Adv orig accuracy: 0.0000 | Adv purify accuracy: 0.8490
2025-07-10 20:08:25,131 - ADV_Generation_eps_4.0_steps_100_Purification_type_noisy_anchor_anchors_10_alpha_1.2_sigma_0.18_threshold_0.0 - INFO - Batch:[24] Adversarial images for this batch already exist
2025-07-10 20:08:28,825 - ADV_Generation_eps_4.0_steps_100_Purification_type_noisy_anchor_anchors_10_alpha_1.2_sigma_0.18_threshold_0.0 - INFO - Batch 25/154: Clean orig accuracy 0.8600 | Clean purify accuracy 0.7875 | Adv orig accuracy: 0.0000 | Adv purify accuracy: 0.8550
2025-07-10 20:08:28,835 - ADV_Generation_eps_4.0_steps_100_Purification_type_noisy_anchor_anchors_10_alpha_1.2_sigma_0.18_threshold_0.0 - INFO - Batch:[25] Adversarial images for this batch already exist
2025-07-10 20:08:32,473 - ADV_Generation_eps_4.0_steps_100_Purification_type_noisy_anchor_anchors_10_alpha_1.2_sigma_0.18_threshold_0.0 - INFO - Batch 26/154: Clean orig accuracy 0.8389 | Clean purify accuracy 0.7764 | Adv orig accuracy: 0.0000 | Adv purify accuracy: 0.8606
2025-07-10 20:08:32,483 - ADV_Generation_eps_4.0_steps_100_Purification_type_noisy_anchor_anchors_10_alpha_1.2_sigma_0.18_threshold_0.0 - INFO - Batch:[26] Adversarial images for this batch already exist
2025-07-10 20:08:36,142 - ADV_Generation_eps_4.0_steps_100_Purification_type_noisy_anchor_anchors_10_alpha_1.2_sigma_0.18_threshold_0.0 - INFO - Batch 27/154: Clean orig accuracy 0.8194 | Clean purify accuracy 0.7685 | Adv orig accuracy: 0.0000 | Adv purify accuracy: 0.8634
2025-07-10 20:08:36,151 - ADV_Generation_eps_4.0_steps_100_Purification_type_noisy_anchor_anchors_10_alpha_1.2_sigma_0.18_threshold_0.0 - INFO - Batch:[27] Adversarial images for this batch already exist
2025-07-10 20:08:39,789 - ADV_Generation_eps_4.0_steps_100_Purification_type_noisy_anchor_anchors_10_alpha_1.2_sigma_0.18_threshold_0.0 - INFO - Batch 28/154: Clean orig accuracy 0.8013 | Clean purify accuracy 0.7545 | Adv orig accuracy: 0.0000 | Adv purify accuracy: 0.8638
2025-07-10 20:08:39,798 - ADV_Generation_eps_4.0_steps_100_Purification_type_noisy_anchor_anchors_10_alpha_1.2_sigma_0.18_threshold_0.0 - INFO - Batch:[28] Adversarial images for this batch already exist
2025-07-10 20:08:43,492 - ADV_Generation_eps_4.0_steps_100_Purification_type_noisy_anchor_anchors_10_alpha_1.2_sigma_0.18_threshold_0.0 - INFO - Batch 29/154: Clean orig accuracy 0.7909 | Clean purify accuracy 0.7522 | Adv orig accuracy: 0.0000 | Adv purify accuracy: 0.8685
2025-07-10 20:08:43,502 - ADV_Generation_eps_4.0_steps_100_Purification_type_noisy_anchor_anchors_10_alpha_1.2_sigma_0.18_threshold_0.0 - INFO - Batch:[29] Adversarial images for this batch already exist
2025-07-10 20:08:47,228 - ADV_Generation_eps_4.0_steps_100_Purification_type_noisy_anchor_anchors_10_alpha_1.2_sigma_0.18_threshold_0.0 - INFO - Batch 30/154: Clean orig accuracy 0.7875 | Clean purify accuracy 0.7562 | Adv orig accuracy: 0.0000 | Adv purify accuracy: 0.8688
2025-07-10 20:08:47,238 - ADV_Generation_eps_4.0_steps_100_Purification_type_noisy_anchor_anchors_10_alpha_1.2_sigma_0.18_threshold_0.0 - INFO - Batch:[30] Adversarial images for this batch already exist
2025-07-10 20:08:50,956 - ADV_Generation_eps_4.0_steps_100_Purification_type_noisy_anchor_anchors_10_alpha_1.2_sigma_0.18_threshold_0.0 - INFO - Batch 31/154: Clean orig accuracy 0.7944 | Clean purify accuracy 0.7641 | Adv orig accuracy: 0.0000 | Adv purify accuracy: 0.8730
2025-07-10 20:08:50,965 - ADV_Generation_eps_4.0_steps_100_Purification_type_noisy_anchor_anchors_10_alpha_1.2_sigma_0.18_threshold_0.0 - INFO - Batch:[31] Adversarial images for this batch already exist
2025-07-10 20:08:54,632 - ADV_Generation_eps_4.0_steps_100_Purification_type_noisy_anchor_anchors_10_alpha_1.2_sigma_0.18_threshold_0.0 - INFO - Batch 32/154: Clean orig accuracy 0.8008 | Clean purify accuracy 0.7676 | Adv orig accuracy: 0.0000 | Adv purify accuracy: 0.8770
2025-07-10 20:08:54,643 - ADV_Generation_eps_4.0_steps_100_Purification_type_noisy_anchor_anchors_10_alpha_1.2_sigma_0.18_threshold_0.0 - INFO - Batch:[32] Adversarial images for this batch already exist
2025-07-10 20:08:58,287 - ADV_Generation_eps_4.0_steps_100_Purification_type_noisy_anchor_anchors_10_alpha_1.2_sigma_0.18_threshold_0.0 - INFO - Batch 33/154: Clean orig accuracy 0.8068 | Clean purify accuracy 0.7727 | Adv orig accuracy: 0.0000 | Adv purify accuracy: 0.8807
2025-07-10 20:08:58,297 - ADV_Generation_eps_4.0_steps_100_Purification_type_noisy_anchor_anchors_10_alpha_1.2_sigma_0.18_threshold_0.0 - INFO - Batch:[33] Adversarial images for this batch already exist
2025-07-10 20:09:01,984 - ADV_Generation_eps_4.0_steps_100_Purification_type_noisy_anchor_anchors_10_alpha_1.2_sigma_0.18_threshold_0.0 - INFO - Batch 34/154: Clean orig accuracy 0.8125 | Clean purify accuracy 0.7757 | Adv orig accuracy: 0.0000 | Adv purify accuracy: 0.8842
2025-07-10 20:09:01,994 - ADV_Generation_eps_4.0_steps_100_Purification_type_noisy_anchor_anchors_10_alpha_1.2_sigma_0.18_threshold_0.0 - INFO - Batch:[34] Adversarial images for this batch already exist
2025-07-10 20:09:05,673 - ADV_Generation_eps_4.0_steps_100_Purification_type_noisy_anchor_anchors_10_alpha_1.2_sigma_0.18_threshold_0.0 - INFO - Batch 35/154: Clean orig accuracy 0.8179 | Clean purify accuracy 0.7750 | Adv orig accuracy: 0.0000 | Adv purify accuracy: 0.8839
2025-07-10 20:09:05,682 - ADV_Generation_eps_4.0_steps_100_Purification_type_noisy_anchor_anchors_10_alpha_1.2_sigma_0.18_threshold_0.0 - INFO - Batch:[35] Adversarial images for this batch already exist
2025-07-10 20:09:09,483 - ADV_Generation_eps_4.0_steps_100_Purification_type_noisy_anchor_anchors_10_alpha_1.2_sigma_0.18_threshold_0.0 - INFO - Batch 36/154: Clean orig accuracy 0.8229 | Clean purify accuracy 0.7743 | Adv orig accuracy: 0.0000 | Adv purify accuracy: 0.8854
2025-07-10 20:09:09,492 - ADV_Generation_eps_4.0_steps_100_Purification_type_noisy_anchor_anchors_10_alpha_1.2_sigma_0.18_threshold_0.0 - INFO - Batch:[36] Adversarial images for this batch already exist
2025-07-10 20:09:13,180 - ADV_Generation_eps_4.0_steps_100_Purification_type_noisy_anchor_anchors_10_alpha_1.2_sigma_0.18_threshold_0.0 - INFO - Batch 37/154: Clean orig accuracy 0.8277 | Clean purify accuracy 0.7686 | Adv orig accuracy: 0.0000 | Adv purify accuracy: 0.8851
2025-07-10 20:09:13,190 - ADV_Generation_eps_4.0_steps_100_Purification_type_noisy_anchor_anchors_10_alpha_1.2_sigma_0.18_threshold_0.0 - INFO - Batch:[37] Adversarial images for this batch already exist
2025-07-10 20:09:16,860 - ADV_Generation_eps_4.0_steps_100_Purification_type_noisy_anchor_anchors_10_alpha_1.2_sigma_0.18_threshold_0.0 - INFO - Batch 38/154: Clean orig accuracy 0.8322 | Clean purify accuracy 0.7615 | Adv orig accuracy: 0.0000 | Adv purify accuracy: 0.8849
2025-07-10 20:09:16,869 - ADV_Generation_eps_4.0_steps_100_Purification_type_noisy_anchor_anchors_10_alpha_1.2_sigma_0.18_threshold_0.0 - INFO - Batch:[38] Adversarial images for this batch already exist
2025-07-10 20:09:20,523 - ADV_Generation_eps_4.0_steps_100_Purification_type_noisy_anchor_anchors_10_alpha_1.2_sigma_0.18_threshold_0.0 - INFO - Batch 39/154: Clean orig accuracy 0.8365 | Clean purify accuracy 0.7596 | Adv orig accuracy: 0.0000 | Adv purify accuracy: 0.8862
2025-07-10 20:09:20,534 - ADV_Generation_eps_4.0_steps_100_Purification_type_noisy_anchor_anchors_10_alpha_1.2_sigma_0.18_threshold_0.0 - INFO - Batch:[39] Adversarial images for this batch already exist
2025-07-10 20:09:24,208 - ADV_Generation_eps_4.0_steps_100_Purification_type_noisy_anchor_anchors_10_alpha_1.2_sigma_0.18_threshold_0.0 - INFO - Batch 40/154: Clean orig accuracy 0.8406 | Clean purify accuracy 0.7641 | Adv orig accuracy: 0.0000 | Adv purify accuracy: 0.8891
2025-07-10 20:09:24,220 - ADV_Generation_eps_4.0_steps_100_Purification_type_noisy_anchor_anchors_10_alpha_1.2_sigma_0.18_threshold_0.0 - INFO - Batch:[40] Adversarial images for this batch already exist
2025-07-10 20:09:27,946 - ADV_Generation_eps_4.0_steps_100_Purification_type_noisy_anchor_anchors_10_alpha_1.2_sigma_0.18_threshold_0.0 - INFO - Batch 41/154: Clean orig accuracy 0.8293 | Clean purify accuracy 0.7546 | Adv orig accuracy: 0.0000 | Adv purify accuracy: 0.8826
2025-07-10 20:09:27,955 - ADV_Generation_eps_4.0_steps_100_Purification_type_noisy_anchor_anchors_10_alpha_1.2_sigma_0.18_threshold_0.0 - INFO - Batch:[41] Adversarial images for this batch already exist
2025-07-10 20:09:31,610 - ADV_Generation_eps_4.0_steps_100_Purification_type_noisy_anchor_anchors_10_alpha_1.2_sigma_0.18_threshold_0.0 - INFO - Batch 42/154: Clean orig accuracy 0.8095 | Clean purify accuracy 0.7381 | Adv orig accuracy: 0.0000 | Adv purify accuracy: 0.8780
2025-07-10 20:09:31,621 - ADV_Generation_eps_4.0_steps_100_Purification_type_noisy_anchor_anchors_10_alpha_1.2_sigma_0.18_threshold_0.0 - INFO - Batch:[42] Adversarial images for this batch already exist
2025-07-10 20:09:35,258 - ADV_Generation_eps_4.0_steps_100_Purification_type_noisy_anchor_anchors_10_alpha_1.2_sigma_0.18_threshold_0.0 - INFO - Batch 43/154: Clean orig accuracy 0.7994 | Clean purify accuracy 0.7297 | Adv orig accuracy: 0.0000 | Adv purify accuracy: 0.8750
2025-07-10 20:09:35,269 - ADV_Generation_eps_4.0_steps_100_Purification_type_noisy_anchor_anchors_10_alpha_1.2_sigma_0.18_threshold_0.0 - INFO - Batch:[43] Adversarial images for this batch already exist
2025-07-10 20:09:38,923 - ADV_Generation_eps_4.0_steps_100_Purification_type_noisy_anchor_anchors_10_alpha_1.2_sigma_0.18_threshold_0.0 - INFO - Batch 44/154: Clean orig accuracy 0.8040 | Clean purify accuracy 0.7358 | Adv orig accuracy: 0.0000 | Adv purify accuracy: 0.8778
2025-07-10 20:09:38,934 - ADV_Generation_eps_4.0_steps_100_Purification_type_noisy_anchor_anchors_10_alpha_1.2_sigma_0.18_threshold_0.0 - INFO - Batch:[44] Adversarial images for this batch already exist
2025-07-10 20:09:42,623 - ADV_Generation_eps_4.0_steps_100_Purification_type_noisy_anchor_anchors_10_alpha_1.2_sigma_0.18_threshold_0.0 - INFO - Batch 45/154: Clean orig accuracy 0.8083 | Clean purify accuracy 0.7403 | Adv orig accuracy: 0.0000 | Adv purify accuracy: 0.8806
2025-07-10 20:09:42,633 - ADV_Generation_eps_4.0_steps_100_Purification_type_noisy_anchor_anchors_10_alpha_1.2_sigma_0.18_threshold_0.0 - INFO - Batch:[45] Adversarial images for this batch already exist
2025-07-10 20:09:46,269 - ADV_Generation_eps_4.0_steps_100_Purification_type_noisy_anchor_anchors_10_alpha_1.2_sigma_0.18_threshold_0.0 - INFO - Batch 46/154: Clean orig accuracy 0.7921 | Clean purify accuracy 0.7255 | Adv orig accuracy: 0.0000 | Adv purify accuracy: 0.8655
2025-07-10 20:09:46,285 - ADV_Generation_eps_4.0_steps_100_Purification_type_noisy_anchor_anchors_10_alpha_1.2_sigma_0.18_threshold_0.0 - INFO - Batch:[46] Adversarial images for this batch already exist
2025-07-10 20:09:50,034 - ADV_Generation_eps_4.0_steps_100_Purification_type_noisy_anchor_anchors_10_alpha_1.2_sigma_0.18_threshold_0.0 - INFO - Batch 47/154: Clean orig accuracy 0.7793 | Clean purify accuracy 0.7101 | Adv orig accuracy: 0.0000 | Adv purify accuracy: 0.8551
2025-07-10 20:09:50,045 - ADV_Generation_eps_4.0_steps_100_Purification_type_noisy_anchor_anchors_10_alpha_1.2_sigma_0.18_threshold_0.0 - INFO - Batch:[47] Adversarial images for this batch already exist
2025-07-10 20:09:53,704 - ADV_Generation_eps_4.0_steps_100_Purification_type_noisy_anchor_anchors_10_alpha_1.2_sigma_0.18_threshold_0.0 - INFO - Batch 48/154: Clean orig accuracy 0.7760 | Clean purify accuracy 0.7031 | Adv orig accuracy: 0.0000 | Adv purify accuracy: 0.8529
2025-07-10 20:09:53,728 - ADV_Generation_eps_4.0_steps_100_Purification_type_noisy_anchor_anchors_10_alpha_1.2_sigma_0.18_threshold_0.0 - INFO - Batch:[48] Adversarial images for this batch already exist
2025-07-10 20:09:57,344 - ADV_Generation_eps_4.0_steps_100_Purification_type_noisy_anchor_anchors_10_alpha_1.2_sigma_0.18_threshold_0.0 - INFO - Batch 49/154: Clean orig accuracy 0.7806 | Clean purify accuracy 0.7054 | Adv orig accuracy: 0.0000 | Adv purify accuracy: 0.8559
2025-07-10 20:09:57,355 - ADV_Generation_eps_4.0_steps_100_Purification_type_noisy_anchor_anchors_10_alpha_1.2_sigma_0.18_threshold_0.0 - INFO - Batch:[49] Adversarial images for this batch already exist
2025-07-10 20:10:01,071 - ADV_Generation_eps_4.0_steps_100_Purification_type_noisy_anchor_anchors_10_alpha_1.2_sigma_0.18_threshold_0.0 - INFO - Batch 50/154: Clean orig accuracy 0.7850 | Clean purify accuracy 0.7063 | Adv orig accuracy: 0.0000 | Adv purify accuracy: 0.8588
2025-07-10 20:10:01,082 - ADV_Generation_eps_4.0_steps_100_Purification_type_noisy_anchor_anchors_10_alpha_1.2_sigma_0.18_threshold_0.0 - INFO - Batch:[50] Adversarial images for this batch already exist
2025-07-10 20:10:04,800 - ADV_Generation_eps_4.0_steps_100_Purification_type_noisy_anchor_anchors_10_alpha_1.2_sigma_0.18_threshold_0.0 - INFO - Batch 51/154: Clean orig accuracy 0.7892 | Clean purify accuracy 0.7096 | Adv orig accuracy: 0.0000 | Adv purify accuracy: 0.8603
2025-07-10 20:10:04,811 - ADV_Generation_eps_4.0_steps_100_Purification_type_noisy_anchor_anchors_10_alpha_1.2_sigma_0.18_threshold_0.0 - INFO - Batch:[51] Adversarial images for this batch already exist
2025-07-10 20:10:08,521 - ADV_Generation_eps_4.0_steps_100_Purification_type_noisy_anchor_anchors_10_alpha_1.2_sigma_0.18_threshold_0.0 - INFO - Batch 52/154: Clean orig accuracy 0.7885 | Clean purify accuracy 0.7007 | Adv orig accuracy: 0.0000 | Adv purify accuracy: 0.8630
2025-07-10 20:10:08,533 - ADV_Generation_eps_4.0_steps_100_Purification_type_noisy_anchor_anchors_10_alpha_1.2_sigma_0.18_threshold_0.0 - INFO - Batch:[52] Adversarial images for this batch already exist
2025-07-10 20:10:12,261 - ADV_Generation_eps_4.0_steps_100_Purification_type_noisy_anchor_anchors_10_alpha_1.2_sigma_0.18_threshold_0.0 - INFO - Batch 53/154: Clean orig accuracy 0.7866 | Clean purify accuracy 0.6958 | Adv orig accuracy: 0.0000 | Adv purify accuracy: 0.8656
2025-07-10 20:10:12,272 - ADV_Generation_eps_4.0_steps_100_Purification_type_noisy_anchor_anchors_10_alpha_1.2_sigma_0.18_threshold_0.0 - INFO - Batch:[53] Adversarial images for this batch already exist
2025-07-10 20:10:16,057 - ADV_Generation_eps_4.0_steps_100_Purification_type_noisy_anchor_anchors_10_alpha_1.2_sigma_0.18_threshold_0.0 - INFO - Batch 54/154: Clean orig accuracy 0.7743 | Clean purify accuracy 0.6840 | Adv orig accuracy: 0.0000 | Adv purify accuracy: 0.8530
2025-07-10 20:10:16,069 - ADV_Generation_eps_4.0_steps_100_Purification_type_noisy_anchor_anchors_10_alpha_1.2_sigma_0.18_threshold_0.0 - INFO - Batch:[54] Adversarial images for this batch already exist
2025-07-10 20:10:19,722 - ADV_Generation_eps_4.0_steps_100_Purification_type_noisy_anchor_anchors_10_alpha_1.2_sigma_0.18_threshold_0.0 - INFO - Batch 55/154: Clean orig accuracy 0.7602 | Clean purify accuracy 0.6716 | Adv orig accuracy: 0.0000 | Adv purify accuracy: 0.8375
2025-07-10 20:10:19,732 - ADV_Generation_eps_4.0_steps_100_Purification_type_noisy_anchor_anchors_10_alpha_1.2_sigma_0.18_threshold_0.0 - INFO - Batch:[55] Adversarial images for this batch already exist
2025-07-10 20:10:23,424 - ADV_Generation_eps_4.0_steps_100_Purification_type_noisy_anchor_anchors_10_alpha_1.2_sigma_0.18_threshold_0.0 - INFO - Batch 56/154: Clean orig accuracy 0.7533 | Clean purify accuracy 0.6596 | Adv orig accuracy: 0.0000 | Adv purify accuracy: 0.8225
2025-07-10 20:10:23,435 - ADV_Generation_eps_4.0_steps_100_Purification_type_noisy_anchor_anchors_10_alpha_1.2_sigma_0.18_threshold_0.0 - INFO - Batch:[56] Adversarial images for this batch already exist
2025-07-10 20:10:27,093 - ADV_Generation_eps_4.0_steps_100_Purification_type_noisy_anchor_anchors_10_alpha_1.2_sigma_0.18_threshold_0.0 - INFO - Batch 57/154: Clean orig accuracy 0.7456 | Clean purify accuracy 0.6546 | Adv orig accuracy: 0.0000 | Adv purify accuracy: 0.8202
2025-07-10 20:10:27,103 - ADV_Generation_eps_4.0_steps_100_Purification_type_noisy_anchor_anchors_10_alpha_1.2_sigma_0.18_threshold_0.0 - INFO - Batch:[57] Adversarial images for this batch already exist
2025-07-10 20:10:30,762 - ADV_Generation_eps_4.0_steps_100_Purification_type_noisy_anchor_anchors_10_alpha_1.2_sigma_0.18_threshold_0.0 - INFO - Batch 58/154: Clean orig accuracy 0.7435 | Clean purify accuracy 0.6552 | Adv orig accuracy: 0.0000 | Adv purify accuracy: 0.8233
2025-07-10 20:10:30,772 - ADV_Generation_eps_4.0_steps_100_Purification_type_noisy_anchor_anchors_10_alpha_1.2_sigma_0.18_threshold_0.0 - INFO - Batch:[58] Adversarial images for this batch already exist
2025-07-10 20:10:34,412 - ADV_Generation_eps_4.0_steps_100_Purification_type_noisy_anchor_anchors_10_alpha_1.2_sigma_0.18_threshold_0.0 - INFO - Batch 59/154: Clean orig accuracy 0.7436 | Clean purify accuracy 0.6568 | Adv orig accuracy: 0.0000 | Adv purify accuracy: 0.8263
2025-07-10 20:10:34,422 - ADV_Generation_eps_4.0_steps_100_Purification_type_noisy_anchor_anchors_10_alpha_1.2_sigma_0.18_threshold_0.0 - INFO - Batch:[59] Adversarial images for this batch already exist
2025-07-10 20:10:38,090 - ADV_Generation_eps_4.0_steps_100_Purification_type_noisy_anchor_anchors_10_alpha_1.2_sigma_0.18_threshold_0.0 - INFO - Batch 60/154: Clean orig accuracy 0.7479 | Clean purify accuracy 0.6604 | Adv orig accuracy: 0.0000 | Adv purify accuracy: 0.8292
2025-07-10 20:10:38,100 - ADV_Generation_eps_4.0_steps_100_Purification_type_noisy_anchor_anchors_10_alpha_1.2_sigma_0.18_threshold_0.0 - INFO - Batch:[60] Adversarial images for this batch already exist
2025-07-10 20:10:41,755 - ADV_Generation_eps_4.0_steps_100_Purification_type_noisy_anchor_anchors_10_alpha_1.2_sigma_0.18_threshold_0.0 - INFO - Batch 61/154: Clean orig accuracy 0.7520 | Clean purify accuracy 0.6609 | Adv orig accuracy: 0.0000 | Adv purify accuracy: 0.8320
2025-07-10 20:10:41,797 - ADV_Generation_eps_4.0_steps_100_Purification_type_noisy_anchor_anchors_10_alpha_1.2_sigma_0.18_threshold_0.0 - INFO - Batch:[61] Adversarial images for this batch already exist
2025-07-10 20:10:45,506 - ADV_Generation_eps_4.0_steps_100_Purification_type_noisy_anchor_anchors_10_alpha_1.2_sigma_0.18_threshold_0.0 - INFO - Batch 62/154: Clean orig accuracy 0.7550 | Clean purify accuracy 0.6552 | Adv orig accuracy: 0.0000 | Adv purify accuracy: 0.8337
2025-07-10 20:10:45,517 - ADV_Generation_eps_4.0_steps_100_Purification_type_noisy_anchor_anchors_10_alpha_1.2_sigma_0.18_threshold_0.0 - INFO - Batch:[62] Adversarial images for this batch already exist
2025-07-10 20:10:49,143 - ADV_Generation_eps_4.0_steps_100_Purification_type_noisy_anchor_anchors_10_alpha_1.2_sigma_0.18_threshold_0.0 - INFO - Batch 63/154: Clean orig accuracy 0.7589 | Clean purify accuracy 0.6478 | Adv orig accuracy: 0.0000 | Adv purify accuracy: 0.8363
2025-07-10 20:10:49,154 - ADV_Generation_eps_4.0_steps_100_Purification_type_noisy_anchor_anchors_10_alpha_1.2_sigma_0.18_threshold_0.0 - INFO - Batch:[63] Adversarial images for this batch already exist
2025-07-10 20:10:52,858 - ADV_Generation_eps_4.0_steps_100_Purification_type_noisy_anchor_anchors_10_alpha_1.2_sigma_0.18_threshold_0.0 - INFO - Batch 64/154: Clean orig accuracy 0.7627 | Clean purify accuracy 0.6504 | Adv orig accuracy: 0.0000 | Adv purify accuracy: 0.8379
2025-07-10 20:10:52,871 - ADV_Generation_eps_4.0_steps_100_Purification_type_noisy_anchor_anchors_10_alpha_1.2_sigma_0.18_threshold_0.0 - INFO - Batch:[64] Adversarial images for this batch already exist
2025-07-10 20:10:56,508 - ADV_Generation_eps_4.0_steps_100_Purification_type_noisy_anchor_anchors_10_alpha_1.2_sigma_0.18_threshold_0.0 - INFO - Batch 65/154: Clean orig accuracy 0.7654 | Clean purify accuracy 0.6548 | Adv orig accuracy: 0.0000 | Adv purify accuracy: 0.8404
2025-07-10 20:10:56,519 - ADV_Generation_eps_4.0_steps_100_Purification_type_noisy_anchor_anchors_10_alpha_1.2_sigma_0.18_threshold_0.0 - INFO - Batch:[65] Adversarial images for this batch already exist
2025-07-10 20:11:00,271 - ADV_Generation_eps_4.0_steps_100_Purification_type_noisy_anchor_anchors_10_alpha_1.2_sigma_0.18_threshold_0.0 - INFO - Batch 66/154: Clean orig accuracy 0.7661 | Clean purify accuracy 0.6591 | Adv orig accuracy: 0.0000 | Adv purify accuracy: 0.8428
2025-07-10 20:11:00,281 - ADV_Generation_eps_4.0_steps_100_Purification_type_noisy_anchor_anchors_10_alpha_1.2_sigma_0.18_threshold_0.0 - INFO - Batch:[66] Adversarial images for this batch already exist
2025-07-10 20:11:03,990 - ADV_Generation_eps_4.0_steps_100_Purification_type_noisy_anchor_anchors_10_alpha_1.2_sigma_0.18_threshold_0.0 - INFO - Batch 67/154: Clean orig accuracy 0.7677 | Clean purify accuracy 0.6558 | Adv orig accuracy: 0.0000 | Adv purify accuracy: 0.8433
2025-07-10 20:11:04,001 - ADV_Generation_eps_4.0_steps_100_Purification_type_noisy_anchor_anchors_10_alpha_1.2_sigma_0.18_threshold_0.0 - INFO - Batch:[67] Adversarial images for this batch already exist
2025-07-10 20:11:07,684 - ADV_Generation_eps_4.0_steps_100_Purification_type_noisy_anchor_anchors_10_alpha_1.2_sigma_0.18_threshold_0.0 - INFO - Batch 68/154: Clean orig accuracy 0.7711 | Clean purify accuracy 0.6553 | Adv orig accuracy: 0.0000 | Adv purify accuracy: 0.8456
2025-07-10 20:11:07,695 - ADV_Generation_eps_4.0_steps_100_Purification_type_noisy_anchor_anchors_10_alpha_1.2_sigma_0.18_threshold_0.0 - INFO - Batch:[68] Adversarial images for this batch already exist
2025-07-10 20:11:11,373 - ADV_Generation_eps_4.0_steps_100_Purification_type_noisy_anchor_anchors_10_alpha_1.2_sigma_0.18_threshold_0.0 - INFO - Batch 69/154: Clean orig accuracy 0.7745 | Clean purify accuracy 0.6576 | Adv orig accuracy: 0.0000 | Adv purify accuracy: 0.8478
2025-07-10 20:11:11,384 - ADV_Generation_eps_4.0_steps_100_Purification_type_noisy_anchor_anchors_10_alpha_1.2_sigma_0.18_threshold_0.0 - INFO - Batch:[69] Adversarial images for this batch already exist
2025-07-10 20:11:14,998 - ADV_Generation_eps_4.0_steps_100_Purification_type_noisy_anchor_anchors_10_alpha_1.2_sigma_0.18_threshold_0.0 - INFO - Batch 70/154: Clean orig accuracy 0.7777 | Clean purify accuracy 0.6598 | Adv orig accuracy: 0.0000 | Adv purify accuracy: 0.8500
2025-07-10 20:11:15,008 - ADV_Generation_eps_4.0_steps_100_Purification_type_noisy_anchor_anchors_10_alpha_1.2_sigma_0.18_threshold_0.0 - INFO - Batch:[70] Adversarial images for this batch already exist
2025-07-10 20:11:18,688 - ADV_Generation_eps_4.0_steps_100_Purification_type_noisy_anchor_anchors_10_alpha_1.2_sigma_0.18_threshold_0.0 - INFO - Batch 71/154: Clean orig accuracy 0.7790 | Clean purify accuracy 0.6576 | Adv orig accuracy: 0.0000 | Adv purify accuracy: 0.8512
2025-07-10 20:11:18,699 - ADV_Generation_eps_4.0_steps_100_Purification_type_noisy_anchor_anchors_10_alpha_1.2_sigma_0.18_threshold_0.0 - INFO - Batch:[71] Adversarial images for this batch already exist
2025-07-10 20:11:22,413 - ADV_Generation_eps_4.0_steps_100_Purification_type_noisy_anchor_anchors_10_alpha_1.2_sigma_0.18_threshold_0.0 - INFO - Batch 72/154: Clean orig accuracy 0.7769 | Clean purify accuracy 0.6545 | Adv orig accuracy: 0.0000 | Adv purify accuracy: 0.8490
2025-07-10 20:11:22,425 - ADV_Generation_eps_4.0_steps_100_Purification_type_noisy_anchor_anchors_10_alpha_1.2_sigma_0.18_threshold_0.0 - INFO - Batch:[72] Adversarial images for this batch already exist
2025-07-10 20:11:26,056 - ADV_Generation_eps_4.0_steps_100_Purification_type_noisy_anchor_anchors_10_alpha_1.2_sigma_0.18_threshold_0.0 - INFO - Batch 73/154: Clean orig accuracy 0.7663 | Clean purify accuracy 0.6455 | Adv orig accuracy: 0.0000 | Adv purify accuracy: 0.8390
2025-07-10 20:11:26,067 - ADV_Generation_eps_4.0_steps_100_Purification_type_noisy_anchor_anchors_10_alpha_1.2_sigma_0.18_threshold_0.0 - INFO - Batch:[73] Adversarial images for this batch already exist
2025-07-10 20:11:29,685 - ADV_Generation_eps_4.0_steps_100_Purification_type_noisy_anchor_anchors_10_alpha_1.2_sigma_0.18_threshold_0.0 - INFO - Batch 74/154: Clean orig accuracy 0.7601 | Clean purify accuracy 0.6410 | Adv orig accuracy: 0.0000 | Adv purify accuracy: 0.8319
2025-07-10 20:11:29,697 - ADV_Generation_eps_4.0_steps_100_Purification_type_noisy_anchor_anchors_10_alpha_1.2_sigma_0.18_threshold_0.0 - INFO - Batch:[74] Adversarial images for this batch already exist
2025-07-10 20:11:33,324 - ADV_Generation_eps_4.0_steps_100_Purification_type_noisy_anchor_anchors_10_alpha_1.2_sigma_0.18_threshold_0.0 - INFO - Batch 75/154: Clean orig accuracy 0.7633 | Clean purify accuracy 0.6458 | Adv orig accuracy: 0.0000 | Adv purify accuracy: 0.8342
2025-07-10 20:11:33,334 - ADV_Generation_eps_4.0_steps_100_Purification_type_noisy_anchor_anchors_10_alpha_1.2_sigma_0.18_threshold_0.0 - INFO - Batch:[75] Adversarial images for this batch already exist
2025-07-10 20:11:37,025 - ADV_Generation_eps_4.0_steps_100_Purification_type_noisy_anchor_anchors_10_alpha_1.2_sigma_0.18_threshold_0.0 - INFO - Batch 76/154: Clean orig accuracy 0.7656 | Clean purify accuracy 0.6439 | Adv orig accuracy: 0.0000 | Adv purify accuracy: 0.8355
2025-07-10 20:11:37,036 - ADV_Generation_eps_4.0_steps_100_Purification_type_noisy_anchor_anchors_10_alpha_1.2_sigma_0.18_threshold_0.0 - INFO - Batch:[76] Adversarial images for this batch already exist
2025-07-10 20:11:40,761 - ADV_Generation_eps_4.0_steps_100_Purification_type_noisy_anchor_anchors_10_alpha_1.2_sigma_0.18_threshold_0.0 - INFO - Batch 77/154: Clean orig accuracy 0.7654 | Clean purify accuracy 0.6380 | Adv orig accuracy: 0.0000 | Adv purify accuracy: 0.8377
2025-07-10 20:11:40,772 - ADV_Generation_eps_4.0_steps_100_Purification_type_noisy_anchor_anchors_10_alpha_1.2_sigma_0.18_threshold_0.0 - INFO - Batch:[77] Adversarial images for this batch already exist
2025-07-10 20:11:44,418 - ADV_Generation_eps_4.0_steps_100_Purification_type_noisy_anchor_anchors_10_alpha_1.2_sigma_0.18_threshold_0.0 - INFO - Batch 78/154: Clean orig accuracy 0.7676 | Clean purify accuracy 0.6354 | Adv orig accuracy: 0.0000 | Adv purify accuracy: 0.8357
2025-07-10 20:11:44,435 - ADV_Generation_eps_4.0_steps_100_Purification_type_noisy_anchor_anchors_10_alpha_1.2_sigma_0.18_threshold_0.0 - INFO - Batch:[78] Adversarial images for this batch already exist
2025-07-10 20:11:48,124 - ADV_Generation_eps_4.0_steps_100_Purification_type_noisy_anchor_anchors_10_alpha_1.2_sigma_0.18_threshold_0.0 - INFO - Batch 79/154: Clean orig accuracy 0.7706 | Clean purify accuracy 0.6377 | Adv orig accuracy: 0.0000 | Adv purify accuracy: 0.8362
2025-07-10 20:11:48,136 - ADV_Generation_eps_4.0_steps_100_Purification_type_noisy_anchor_anchors_10_alpha_1.2_sigma_0.18_threshold_0.0 - INFO - Batch:[79] Adversarial images for this batch already exist
2025-07-10 20:11:51,791 - ADV_Generation_eps_4.0_steps_100_Purification_type_noisy_anchor_anchors_10_alpha_1.2_sigma_0.18_threshold_0.0 - INFO - Batch 80/154: Clean orig accuracy 0.7734 | Clean purify accuracy 0.6422 | Adv orig accuracy: 0.0000 | Adv purify accuracy: 0.8383
2025-07-10 20:11:51,803 - ADV_Generation_eps_4.0_steps_100_Purification_type_noisy_anchor_anchors_10_alpha_1.2_sigma_0.18_threshold_0.0 - INFO - Batch:[80] Adversarial images for this batch already exist
2025-07-10 20:11:55,452 - ADV_Generation_eps_4.0_steps_100_Purification_type_noisy_anchor_anchors_10_alpha_1.2_sigma_0.18_threshold_0.0 - INFO - Batch 81/154: Clean orig accuracy 0.7762 | Clean purify accuracy 0.6420 | Adv orig accuracy: 0.0000 | Adv purify accuracy: 0.8403
2025-07-10 20:11:55,461 - ADV_Generation_eps_4.0_steps_100_Purification_type_noisy_anchor_anchors_10_alpha_1.2_sigma_0.18_threshold_0.0 - INFO - Batch:[81] Adversarial images for this batch already exist
2025-07-10 20:11:59,096 - ADV_Generation_eps_4.0_steps_100_Purification_type_noisy_anchor_anchors_10_alpha_1.2_sigma_0.18_threshold_0.0 - INFO - Batch 82/154: Clean orig accuracy 0.7790 | Clean purify accuracy 0.6433 | Adv orig accuracy: 0.0000 | Adv purify accuracy: 0.8422
2025-07-10 20:11:59,106 - ADV_Generation_eps_4.0_steps_100_Purification_type_noisy_anchor_anchors_10_alpha_1.2_sigma_0.18_threshold_0.0 - INFO - Batch:[82] Adversarial images for this batch already exist
2025-07-10 20:12:02,758 - ADV_Generation_eps_4.0_steps_100_Purification_type_noisy_anchor_anchors_10_alpha_1.2_sigma_0.18_threshold_0.0 - INFO - Batch 83/154: Clean orig accuracy 0.7809 | Clean purify accuracy 0.6446 | Adv orig accuracy: 0.0000 | Adv purify accuracy: 0.8441
2025-07-10 20:12:02,769 - ADV_Generation_eps_4.0_steps_100_Purification_type_noisy_anchor_anchors_10_alpha_1.2_sigma_0.18_threshold_0.0 - INFO - Batch:[83] Adversarial images for this batch already exist
2025-07-10 20:12:06,403 - ADV_Generation_eps_4.0_steps_100_Purification_type_noisy_anchor_anchors_10_alpha_1.2_sigma_0.18_threshold_0.0 - INFO - Batch 84/154: Clean orig accuracy 0.7827 | Clean purify accuracy 0.6414 | Adv orig accuracy: 0.0000 | Adv purify accuracy: 0.8460
2025-07-10 20:12:06,414 - ADV_Generation_eps_4.0_steps_100_Purification_type_noisy_anchor_anchors_10_alpha_1.2_sigma_0.18_threshold_0.0 - INFO - Batch:[84] Adversarial images for this batch already exist
2025-07-10 20:12:10,076 - ADV_Generation_eps_4.0_steps_100_Purification_type_noisy_anchor_anchors_10_alpha_1.2_sigma_0.18_threshold_0.0 - INFO - Batch 85/154: Clean orig accuracy 0.7853 | Clean purify accuracy 0.6382 | Adv orig accuracy: 0.0000 | Adv purify accuracy: 0.8478
2025-07-10 20:12:10,086 - ADV_Generation_eps_4.0_steps_100_Purification_type_noisy_anchor_anchors_10_alpha_1.2_sigma_0.18_threshold_0.0 - INFO - Batch:[85] Adversarial images for this batch already exist
2025-07-10 20:12:13,720 - ADV_Generation_eps_4.0_steps_100_Purification_type_noisy_anchor_anchors_10_alpha_1.2_sigma_0.18_threshold_0.0 - INFO - Batch 86/154: Clean orig accuracy 0.7878 | Clean purify accuracy 0.6403 | Adv orig accuracy: 0.0000 | Adv purify accuracy: 0.8496
2025-07-10 20:12:13,731 - ADV_Generation_eps_4.0_steps_100_Purification_type_noisy_anchor_anchors_10_alpha_1.2_sigma_0.18_threshold_0.0 - INFO - Batch:[86] Adversarial images for this batch already exist
2025-07-10 20:12:17,332 - ADV_Generation_eps_4.0_steps_100_Purification_type_noisy_anchor_anchors_10_alpha_1.2_sigma_0.18_threshold_0.0 - INFO - Batch 87/154: Clean orig accuracy 0.7902 | Clean purify accuracy 0.6430 | Adv orig accuracy: 0.0000 | Adv purify accuracy: 0.8513
2025-07-10 20:12:17,342 - ADV_Generation_eps_4.0_steps_100_Purification_type_noisy_anchor_anchors_10_alpha_1.2_sigma_0.18_threshold_0.0 - INFO - Batch:[87] Adversarial images for this batch already exist
2025-07-10 20:12:21,026 - ADV_Generation_eps_4.0_steps_100_Purification_type_noisy_anchor_anchors_10_alpha_1.2_sigma_0.18_threshold_0.0 - INFO - Batch 88/154: Clean orig accuracy 0.7926 | Clean purify accuracy 0.6456 | Adv orig accuracy: 0.0000 | Adv purify accuracy: 0.8530
2025-07-10 20:12:21,037 - ADV_Generation_eps_4.0_steps_100_Purification_type_noisy_anchor_anchors_10_alpha_1.2_sigma_0.18_threshold_0.0 - INFO - Batch:[88] Adversarial images for this batch already exist
2025-07-10 20:12:24,676 - ADV_Generation_eps_4.0_steps_100_Purification_type_noisy_anchor_anchors_10_alpha_1.2_sigma_0.18_threshold_0.0 - INFO - Batch 89/154: Clean orig accuracy 0.7893 | Clean purify accuracy 0.6419 | Adv orig accuracy: 0.0000 | Adv purify accuracy: 0.8490
2025-07-10 20:12:24,687 - ADV_Generation_eps_4.0_steps_100_Purification_type_noisy_anchor_anchors_10_alpha_1.2_sigma_0.18_threshold_0.0 - INFO - Batch:[89] Adversarial images for this batch already exist
2025-07-10 20:12:28,405 - ADV_Generation_eps_4.0_steps_100_Purification_type_noisy_anchor_anchors_10_alpha_1.2_sigma_0.18_threshold_0.0 - INFO - Batch 90/154: Clean orig accuracy 0.7826 | Clean purify accuracy 0.6354 | Adv orig accuracy: 0.0000 | Adv purify accuracy: 0.8410
2025-07-10 20:12:28,416 - ADV_Generation_eps_4.0_steps_100_Purification_type_noisy_anchor_anchors_10_alpha_1.2_sigma_0.18_threshold_0.0 - INFO - Batch:[90] Adversarial images for this batch already exist
2025-07-10 20:12:32,033 - ADV_Generation_eps_4.0_steps_100_Purification_type_noisy_anchor_anchors_10_alpha_1.2_sigma_0.18_threshold_0.0 - INFO - Batch 91/154: Clean orig accuracy 0.7850 | Clean purify accuracy 0.6326 | Adv orig accuracy: 0.0000 | Adv purify accuracy: 0.8420
2025-07-10 20:12:32,043 - ADV_Generation_eps_4.0_steps_100_Purification_type_noisy_anchor_anchors_10_alpha_1.2_sigma_0.18_threshold_0.0 - INFO - Batch:[91] Adversarial images for this batch already exist
2025-07-10 20:12:35,750 - ADV_Generation_eps_4.0_steps_100_Purification_type_noisy_anchor_anchors_10_alpha_1.2_sigma_0.18_threshold_0.0 - INFO - Batch 92/154: Clean orig accuracy 0.7874 | Clean purify accuracy 0.6325 | Adv orig accuracy: 0.0000 | Adv purify accuracy: 0.8438
2025-07-10 20:12:35,760 - ADV_Generation_eps_4.0_steps_100_Purification_type_noisy_anchor_anchors_10_alpha_1.2_sigma_0.18_threshold_0.0 - INFO - Batch:[92] Adversarial images for this batch already exist
2025-07-10 20:12:39,407 - ADV_Generation_eps_4.0_steps_100_Purification_type_noisy_anchor_anchors_10_alpha_1.2_sigma_0.18_threshold_0.0 - INFO - Batch 93/154: Clean orig accuracy 0.7890 | Clean purify accuracy 0.6351 | Adv orig accuracy: 0.0000 | Adv purify accuracy: 0.8454
2025-07-10 20:12:39,433 - ADV_Generation_eps_4.0_steps_100_Purification_type_noisy_anchor_anchors_10_alpha_1.2_sigma_0.18_threshold_0.0 - INFO - Batch:[93] Adversarial images for this batch already exist
2025-07-10 20:12:43,061 - ADV_Generation_eps_4.0_steps_100_Purification_type_noisy_anchor_anchors_10_alpha_1.2_sigma_0.18_threshold_0.0 - INFO - Batch 94/154: Clean orig accuracy 0.7859 | Clean purify accuracy 0.6343 | Adv orig accuracy: 0.0000 | Adv purify accuracy: 0.8464
2025-07-10 20:12:43,076 - ADV_Generation_eps_4.0_steps_100_Purification_type_noisy_anchor_anchors_10_alpha_1.2_sigma_0.18_threshold_0.0 - INFO - Batch:[94] Adversarial images for this batch already exist
2025-07-10 20:12:46,681 - ADV_Generation_eps_4.0_steps_100_Purification_type_noisy_anchor_anchors_10_alpha_1.2_sigma_0.18_threshold_0.0 - INFO - Batch 95/154: Clean orig accuracy 0.7849 | Clean purify accuracy 0.6349 | Adv orig accuracy: 0.0000 | Adv purify accuracy: 0.8480
2025-07-10 20:12:46,692 - ADV_Generation_eps_4.0_steps_100_Purification_type_noisy_anchor_anchors_10_alpha_1.2_sigma_0.18_threshold_0.0 - INFO - Batch:[95] Adversarial images for this batch already exist
2025-07-10 20:12:50,319 - ADV_Generation_eps_4.0_steps_100_Purification_type_noisy_anchor_anchors_10_alpha_1.2_sigma_0.18_threshold_0.0 - INFO - Batch 96/154: Clean orig accuracy 0.7865 | Clean purify accuracy 0.6322 | Adv orig accuracy: 0.0000 | Adv purify accuracy: 0.8496
2025-07-10 20:12:50,329 - ADV_Generation_eps_4.0_steps_100_Purification_type_noisy_anchor_anchors_10_alpha_1.2_sigma_0.18_threshold_0.0 - INFO - Batch:[96] Adversarial images for this batch already exist
2025-07-10 20:12:53,928 - ADV_Generation_eps_4.0_steps_100_Purification_type_noisy_anchor_anchors_10_alpha_1.2_sigma_0.18_threshold_0.0 - INFO - Batch 97/154: Clean orig accuracy 0.7880 | Clean purify accuracy 0.6308 | Adv orig accuracy: 0.0000 | Adv purify accuracy: 0.8505
2025-07-10 20:12:53,938 - ADV_Generation_eps_4.0_steps_100_Purification_type_noisy_anchor_anchors_10_alpha_1.2_sigma_0.18_threshold_0.0 - INFO - Batch:[97] Adversarial images for this batch already exist
2025-07-10 20:12:57,579 - ADV_Generation_eps_4.0_steps_100_Purification_type_noisy_anchor_anchors_10_alpha_1.2_sigma_0.18_threshold_0.0 - INFO - Batch 98/154: Clean orig accuracy 0.7889 | Clean purify accuracy 0.6244 | Adv orig accuracy: 0.0000 | Adv purify accuracy: 0.8425
2025-07-10 20:12:57,589 - ADV_Generation_eps_4.0_steps_100_Purification_type_noisy_anchor_anchors_10_alpha_1.2_sigma_0.18_threshold_0.0 - INFO - Batch:[98] Adversarial images for this batch already exist
2025-07-10 20:13:01,249 - ADV_Generation_eps_4.0_steps_100_Purification_type_noisy_anchor_anchors_10_alpha_1.2_sigma_0.18_threshold_0.0 - INFO - Batch 99/154: Clean orig accuracy 0.7898 | Clean purify accuracy 0.6244 | Adv orig accuracy: 0.0000 | Adv purify accuracy: 0.8409
2025-07-10 20:13:01,259 - ADV_Generation_eps_4.0_steps_100_Purification_type_noisy_anchor_anchors_10_alpha_1.2_sigma_0.18_threshold_0.0 - INFO - Batch:[99] Adversarial images for this batch already exist
2025-07-10 20:13:04,857 - ADV_Generation_eps_4.0_steps_100_Purification_type_noisy_anchor_anchors_10_alpha_1.2_sigma_0.18_threshold_0.0 - INFO - Batch 100/154: Clean orig accuracy 0.7919 | Clean purify accuracy 0.6262 | Adv orig accuracy: 0.0000 | Adv purify accuracy: 0.8425
2025-07-10 20:13:04,867 - ADV_Generation_eps_4.0_steps_100_Purification_type_noisy_anchor_anchors_10_alpha_1.2_sigma_0.18_threshold_0.0 - INFO - Batch:[100] Adversarial images for this batch already exist
2025-07-10 20:13:08,548 - ADV_Generation_eps_4.0_steps_100_Purification_type_noisy_anchor_anchors_10_alpha_1.2_sigma_0.18_threshold_0.0 - INFO - Batch 101/154: Clean orig accuracy 0.7933 | Clean purify accuracy 0.6244 | Adv orig accuracy: 0.0000 | Adv purify accuracy: 0.8434
2025-07-10 20:13:08,558 - ADV_Generation_eps_4.0_steps_100_Purification_type_noisy_anchor_anchors_10_alpha_1.2_sigma_0.18_threshold_0.0 - INFO - Batch:[101] Adversarial images for this batch already exist
2025-07-10 20:13:12,275 - ADV_Generation_eps_4.0_steps_100_Purification_type_noisy_anchor_anchors_10_alpha_1.2_sigma_0.18_threshold_0.0 - INFO - Batch 102/154: Clean orig accuracy 0.7953 | Clean purify accuracy 0.6275 | Adv orig accuracy: 0.0000 | Adv purify accuracy: 0.8450
2025-07-10 20:13:12,285 - ADV_Generation_eps_4.0_steps_100_Purification_type_noisy_anchor_anchors_10_alpha_1.2_sigma_0.18_threshold_0.0 - INFO - Batch:[102] Adversarial images for this batch already exist
2025-07-10 20:13:15,930 - ADV_Generation_eps_4.0_steps_100_Purification_type_noisy_anchor_anchors_10_alpha_1.2_sigma_0.18_threshold_0.0 - INFO - Batch 103/154: Clean orig accuracy 0.7973 | Clean purify accuracy 0.6305 | Adv orig accuracy: 0.0000 | Adv purify accuracy: 0.8465
2025-07-10 20:13:15,940 - ADV_Generation_eps_4.0_steps_100_Purification_type_noisy_anchor_anchors_10_alpha_1.2_sigma_0.18_threshold_0.0 - INFO - Batch:[103] Adversarial images for this batch already exist
2025-07-10 20:13:19,531 - ADV_Generation_eps_4.0_steps_100_Purification_type_noisy_anchor_anchors_10_alpha_1.2_sigma_0.18_threshold_0.0 - INFO - Batch 104/154: Clean orig accuracy 0.7993 | Clean purify accuracy 0.6322 | Adv orig accuracy: 0.0000 | Adv purify accuracy: 0.8480
2025-07-10 20:13:19,541 - ADV_Generation_eps_4.0_steps_100_Purification_type_noisy_anchor_anchors_10_alpha_1.2_sigma_0.18_threshold_0.0 - INFO - Batch:[104] Adversarial images for this batch already exist
2025-07-10 20:13:23,159 - ADV_Generation_eps_4.0_steps_100_Purification_type_noisy_anchor_anchors_10_alpha_1.2_sigma_0.18_threshold_0.0 - INFO - Batch 105/154: Clean orig accuracy 0.8012 | Clean purify accuracy 0.6333 | Adv orig accuracy: 0.0000 | Adv purify accuracy: 0.8494
2025-07-10 20:13:23,169 - ADV_Generation_eps_4.0_steps_100_Purification_type_noisy_anchor_anchors_10_alpha_1.2_sigma_0.18_threshold_0.0 - INFO - Batch:[105] Adversarial images for this batch already exist
2025-07-10 20:13:26,808 - ADV_Generation_eps_4.0_steps_100_Purification_type_noisy_anchor_anchors_10_alpha_1.2_sigma_0.18_threshold_0.0 - INFO - Batch 106/154: Clean orig accuracy 0.8031 | Clean purify accuracy 0.6350 | Adv orig accuracy: 0.0000 | Adv purify accuracy: 0.8508
2025-07-10 20:13:26,818 - ADV_Generation_eps_4.0_steps_100_Purification_type_noisy_anchor_anchors_10_alpha_1.2_sigma_0.18_threshold_0.0 - INFO - Batch:[106] Adversarial images for this batch already exist
2025-07-10 20:13:30,586 - ADV_Generation_eps_4.0_steps_100_Purification_type_noisy_anchor_anchors_10_alpha_1.2_sigma_0.18_threshold_0.0 - INFO - Batch 107/154: Clean orig accuracy 0.8049 | Clean purify accuracy 0.6343 | Adv orig accuracy: 0.0000 | Adv purify accuracy: 0.8522
2025-07-10 20:13:30,596 - ADV_Generation_eps_4.0_steps_100_Purification_type_noisy_anchor_anchors_10_alpha_1.2_sigma_0.18_threshold_0.0 - INFO - Batch:[107] Adversarial images for this batch already exist
2025-07-10 20:13:34,248 - ADV_Generation_eps_4.0_steps_100_Purification_type_noisy_anchor_anchors_10_alpha_1.2_sigma_0.18_threshold_0.0 - INFO - Batch 108/154: Clean orig accuracy 0.8061 | Clean purify accuracy 0.6366 | Adv orig accuracy: 0.0000 | Adv purify accuracy: 0.8530
2025-07-10 20:13:34,258 - ADV_Generation_eps_4.0_steps_100_Purification_type_noisy_anchor_anchors_10_alpha_1.2_sigma_0.18_threshold_0.0 - INFO - Batch:[108] Adversarial images for this batch already exist
2025-07-10 20:13:37,935 - ADV_Generation_eps_4.0_steps_100_Purification_type_noisy_anchor_anchors_10_alpha_1.2_sigma_0.18_threshold_0.0 - INFO - Batch 109/154: Clean orig accuracy 0.8073 | Clean purify accuracy 0.6382 | Adv orig accuracy: 0.0000 | Adv purify accuracy: 0.8544
2025-07-10 20:13:37,945 - ADV_Generation_eps_4.0_steps_100_Purification_type_noisy_anchor_anchors_10_alpha_1.2_sigma_0.18_threshold_0.0 - INFO - Batch:[109] Adversarial images for this batch already exist
2025-07-10 20:13:41,677 - ADV_Generation_eps_4.0_steps_100_Purification_type_noisy_anchor_anchors_10_alpha_1.2_sigma_0.18_threshold_0.0 - INFO - Batch 110/154: Clean orig accuracy 0.8091 | Clean purify accuracy 0.6375 | Adv orig accuracy: 0.0000 | Adv purify accuracy: 0.8557
2025-07-10 20:13:41,687 - ADV_Generation_eps_4.0_steps_100_Purification_type_noisy_anchor_anchors_10_alpha_1.2_sigma_0.18_threshold_0.0 - INFO - Batch:[110] Adversarial images for this batch already exist
2025-07-10 20:13:45,308 - ADV_Generation_eps_4.0_steps_100_Purification_type_noisy_anchor_anchors_10_alpha_1.2_sigma_0.18_threshold_0.0 - INFO - Batch 111/154: Clean orig accuracy 0.8108 | Clean purify accuracy 0.6391 | Adv orig accuracy: 0.0000 | Adv purify accuracy: 0.8570
2025-07-10 20:13:45,318 - ADV_Generation_eps_4.0_steps_100_Purification_type_noisy_anchor_anchors_10_alpha_1.2_sigma_0.18_threshold_0.0 - INFO - Batch:[111] Adversarial images for this batch already exist
2025-07-10 20:13:49,019 - ADV_Generation_eps_4.0_steps_100_Purification_type_noisy_anchor_anchors_10_alpha_1.2_sigma_0.18_threshold_0.0 - INFO - Batch 112/154: Clean orig accuracy 0.8114 | Clean purify accuracy 0.6406 | Adv orig accuracy: 0.0000 | Adv purify accuracy: 0.8571
2025-07-10 20:13:49,029 - ADV_Generation_eps_4.0_steps_100_Purification_type_noisy_anchor_anchors_10_alpha_1.2_sigma_0.18_threshold_0.0 - INFO - Batch:[112] Adversarial images for this batch already exist
2025-07-10 20:13:52,651 - ADV_Generation_eps_4.0_steps_100_Purification_type_noisy_anchor_anchors_10_alpha_1.2_sigma_0.18_threshold_0.0 - INFO - Batch 113/154: Clean orig accuracy 0.8119 | Clean purify accuracy 0.6427 | Adv orig accuracy: 0.0000 | Adv purify accuracy: 0.8584
2025-07-10 20:13:52,661 - ADV_Generation_eps_4.0_steps_100_Purification_type_noisy_anchor_anchors_10_alpha_1.2_sigma_0.18_threshold_0.0 - INFO - Batch:[113] Adversarial images for this batch already exist
2025-07-10 20:13:56,299 - ADV_Generation_eps_4.0_steps_100_Purification_type_noisy_anchor_anchors_10_alpha_1.2_sigma_0.18_threshold_0.0 - INFO - Batch 114/154: Clean orig accuracy 0.8076 | Clean purify accuracy 0.6398 | Adv orig accuracy: 0.0000 | Adv purify accuracy: 0.8536
2025-07-10 20:13:56,310 - ADV_Generation_eps_4.0_steps_100_Purification_type_noisy_anchor_anchors_10_alpha_1.2_sigma_0.18_threshold_0.0 - INFO - Batch:[114] Adversarial images for this batch already exist
2025-07-10 20:13:59,941 - ADV_Generation_eps_4.0_steps_100_Purification_type_noisy_anchor_anchors_10_alpha_1.2_sigma_0.18_threshold_0.0 - INFO - Batch 115/154: Clean orig accuracy 0.8071 | Clean purify accuracy 0.6413 | Adv orig accuracy: 0.0000 | Adv purify accuracy: 0.8533
2025-07-10 20:13:59,964 - ADV_Generation_eps_4.0_steps_100_Purification_type_noisy_anchor_anchors_10_alpha_1.2_sigma_0.18_threshold_0.0 - INFO - Batch:[115] Adversarial images for this batch already exist
2025-07-10 20:14:03,570 - ADV_Generation_eps_4.0_steps_100_Purification_type_noisy_anchor_anchors_10_alpha_1.2_sigma_0.18_threshold_0.0 - INFO - Batch 116/154: Clean orig accuracy 0.8006 | Clean purify accuracy 0.6363 | Adv orig accuracy: 0.0000 | Adv purify accuracy: 0.8524
2025-07-10 20:14:03,581 - ADV_Generation_eps_4.0_steps_100_Purification_type_noisy_anchor_anchors_10_alpha_1.2_sigma_0.18_threshold_0.0 - INFO - Batch:[116] Adversarial images for this batch already exist
2025-07-10 20:14:07,223 - ADV_Generation_eps_4.0_steps_100_Purification_type_noisy_anchor_anchors_10_alpha_1.2_sigma_0.18_threshold_0.0 - INFO - Batch 117/154: Clean orig accuracy 0.8018 | Clean purify accuracy 0.6373 | Adv orig accuracy: 0.0000 | Adv purify accuracy: 0.8531
2025-07-10 20:14:07,233 - ADV_Generation_eps_4.0_steps_100_Purification_type_noisy_anchor_anchors_10_alpha_1.2_sigma_0.18_threshold_0.0 - INFO - Batch:[117] Adversarial images for this batch already exist
2025-07-10 20:14:10,913 - ADV_Generation_eps_4.0_steps_100_Purification_type_noisy_anchor_anchors_10_alpha_1.2_sigma_0.18_threshold_0.0 - INFO - Batch 118/154: Clean orig accuracy 0.8030 | Clean purify accuracy 0.6388 | Adv orig accuracy: 0.0000 | Adv purify accuracy: 0.8543
2025-07-10 20:14:10,923 - ADV_Generation_eps_4.0_steps_100_Purification_type_noisy_anchor_anchors_10_alpha_1.2_sigma_0.18_threshold_0.0 - INFO - Batch:[118] Adversarial images for this batch already exist
2025-07-10 20:14:14,621 - ADV_Generation_eps_4.0_steps_100_Purification_type_noisy_anchor_anchors_10_alpha_1.2_sigma_0.18_threshold_0.0 - INFO - Batch 119/154: Clean orig accuracy 0.8030 | Clean purify accuracy 0.6387 | Adv orig accuracy: 0.0000 | Adv purify accuracy: 0.8556
2025-07-10 20:14:14,631 - ADV_Generation_eps_4.0_steps_100_Purification_type_noisy_anchor_anchors_10_alpha_1.2_sigma_0.18_threshold_0.0 - INFO - Batch:[119] Adversarial images for this batch already exist
2025-07-10 20:14:18,312 - ADV_Generation_eps_4.0_steps_100_Purification_type_noisy_anchor_anchors_10_alpha_1.2_sigma_0.18_threshold_0.0 - INFO - Batch 120/154: Clean orig accuracy 0.8047 | Clean purify accuracy 0.6417 | Adv orig accuracy: 0.0000 | Adv purify accuracy: 0.8568
2025-07-10 20:14:18,322 - ADV_Generation_eps_4.0_steps_100_Purification_type_noisy_anchor_anchors_10_alpha_1.2_sigma_0.18_threshold_0.0 - INFO - Batch:[120] Adversarial images for this batch already exist
2025-07-10 20:14:21,932 - ADV_Generation_eps_4.0_steps_100_Purification_type_noisy_anchor_anchors_10_alpha_1.2_sigma_0.18_threshold_0.0 - INFO - Batch 121/154: Clean orig accuracy 0.8063 | Clean purify accuracy 0.6441 | Adv orig accuracy: 0.0000 | Adv purify accuracy: 0.8580
2025-07-10 20:14:21,942 - ADV_Generation_eps_4.0_steps_100_Purification_type_noisy_anchor_anchors_10_alpha_1.2_sigma_0.18_threshold_0.0 - INFO - Batch:[121] Adversarial images for this batch already exist
2025-07-10 20:14:25,547 - ADV_Generation_eps_4.0_steps_100_Purification_type_noisy_anchor_anchors_10_alpha_1.2_sigma_0.18_threshold_0.0 - INFO - Batch 122/154: Clean orig accuracy 0.8079 | Clean purify accuracy 0.6470 | Adv orig accuracy: 0.0000 | Adv purify accuracy: 0.8591
2025-07-10 20:14:25,556 - ADV_Generation_eps_4.0_steps_100_Purification_type_noisy_anchor_anchors_10_alpha_1.2_sigma_0.18_threshold_0.0 - INFO - Batch:[122] Adversarial images for this batch already exist
2025-07-10 20:14:29,214 - ADV_Generation_eps_4.0_steps_100_Purification_type_noisy_anchor_anchors_10_alpha_1.2_sigma_0.18_threshold_0.0 - INFO - Batch 123/154: Clean orig accuracy 0.8095 | Clean purify accuracy 0.6494 | Adv orig accuracy: 0.0000 | Adv purify accuracy: 0.8603
2025-07-10 20:14:29,224 - ADV_Generation_eps_4.0_steps_100_Purification_type_noisy_anchor_anchors_10_alpha_1.2_sigma_0.18_threshold_0.0 - INFO - Batch:[123] Adversarial images for this batch already exist
2025-07-10 20:14:32,871 - ADV_Generation_eps_4.0_steps_100_Purification_type_noisy_anchor_anchors_10_alpha_1.2_sigma_0.18_threshold_0.0 - INFO - Batch 124/154: Clean orig accuracy 0.8110 | Clean purify accuracy 0.6517 | Adv orig accuracy: 0.0000 | Adv purify accuracy: 0.8614
2025-07-10 20:14:32,881 - ADV_Generation_eps_4.0_steps_100_Purification_type_noisy_anchor_anchors_10_alpha_1.2_sigma_0.18_threshold_0.0 - INFO - Batch:[124] Adversarial images for this batch already exist
2025-07-10 20:14:36,578 - ADV_Generation_eps_4.0_steps_100_Purification_type_noisy_anchor_anchors_10_alpha_1.2_sigma_0.18_threshold_0.0 - INFO - Batch 125/154: Clean orig accuracy 0.8125 | Clean purify accuracy 0.6545 | Adv orig accuracy: 0.0000 | Adv purify accuracy: 0.8625
2025-07-10 20:14:36,588 - ADV_Generation_eps_4.0_steps_100_Purification_type_noisy_anchor_anchors_10_alpha_1.2_sigma_0.18_threshold_0.0 - INFO - Batch:[125] Adversarial images for this batch already exist
2025-07-10 20:14:40,208 - ADV_Generation_eps_4.0_steps_100_Purification_type_noisy_anchor_anchors_10_alpha_1.2_sigma_0.18_threshold_0.0 - INFO - Batch 126/154: Clean orig accuracy 0.8120 | Clean purify accuracy 0.6553 | Adv orig accuracy: 0.0000 | Adv purify accuracy: 0.8636
2025-07-10 20:14:40,219 - ADV_Generation_eps_4.0_steps_100_Purification_type_noisy_anchor_anchors_10_alpha_1.2_sigma_0.18_threshold_0.0 - INFO - Batch:[126] Adversarial images for this batch already exist
2025-07-10 20:14:43,842 - ADV_Generation_eps_4.0_steps_100_Purification_type_noisy_anchor_anchors_10_alpha_1.2_sigma_0.18_threshold_0.0 - INFO - Batch 127/154: Clean orig accuracy 0.8105 | Clean purify accuracy 0.6550 | Adv orig accuracy: 0.0000 | Adv purify accuracy: 0.8647
2025-07-10 20:14:43,852 - ADV_Generation_eps_4.0_steps_100_Purification_type_noisy_anchor_anchors_10_alpha_1.2_sigma_0.18_threshold_0.0 - INFO - Batch:[127] Adversarial images for this batch already exist
2025-07-10 20:14:47,623 - ADV_Generation_eps_4.0_steps_100_Purification_type_noisy_anchor_anchors_10_alpha_1.2_sigma_0.18_threshold_0.0 - INFO - Batch 128/154: Clean orig accuracy 0.8096 | Clean purify accuracy 0.6558 | Adv orig accuracy: 0.0000 | Adv purify accuracy: 0.8657
2025-07-10 20:14:47,633 - ADV_Generation_eps_4.0_steps_100_Purification_type_noisy_anchor_anchors_10_alpha_1.2_sigma_0.18_threshold_0.0 - INFO - Batch:[128] Adversarial images for this batch already exist
2025-07-10 20:14:51,300 - ADV_Generation_eps_4.0_steps_100_Purification_type_noisy_anchor_anchors_10_alpha_1.2_sigma_0.18_threshold_0.0 - INFO - Batch 129/154: Clean orig accuracy 0.8106 | Clean purify accuracy 0.6560 | Adv orig accuracy: 0.0000 | Adv purify accuracy: 0.8663
2025-07-10 20:14:51,310 - ADV_Generation_eps_4.0_steps_100_Purification_type_noisy_anchor_anchors_10_alpha_1.2_sigma_0.18_threshold_0.0 - INFO - Batch:[129] Adversarial images for this batch already exist
2025-07-10 20:14:54,966 - ADV_Generation_eps_4.0_steps_100_Purification_type_noisy_anchor_anchors_10_alpha_1.2_sigma_0.18_threshold_0.0 - INFO - Batch 130/154: Clean orig accuracy 0.8091 | Clean purify accuracy 0.6558 | Adv orig accuracy: 0.0000 | Adv purify accuracy: 0.8654
2025-07-10 20:14:54,976 - ADV_Generation_eps_4.0_steps_100_Purification_type_noisy_anchor_anchors_10_alpha_1.2_sigma_0.18_threshold_0.0 - INFO - Batch:[130] Adversarial images for this batch already exist
2025-07-10 20:14:58,627 - ADV_Generation_eps_4.0_steps_100_Purification_type_noisy_anchor_anchors_10_alpha_1.2_sigma_0.18_threshold_0.0 - INFO - Batch 131/154: Clean orig accuracy 0.8077 | Clean purify accuracy 0.6546 | Adv orig accuracy: 0.0000 | Adv purify accuracy: 0.8640
2025-07-10 20:14:58,637 - ADV_Generation_eps_4.0_steps_100_Purification_type_noisy_anchor_anchors_10_alpha_1.2_sigma_0.18_threshold_0.0 - INFO - Batch:[131] Adversarial images for this batch already exist
2025-07-10 20:15:02,479 - ADV_Generation_eps_4.0_steps_100_Purification_type_noisy_anchor_anchors_10_alpha_1.2_sigma_0.18_threshold_0.0 - INFO - Batch 132/154: Clean orig accuracy 0.8078 | Clean purify accuracy 0.6544 | Adv orig accuracy: 0.0000 | Adv purify accuracy: 0.8651
2025-07-10 20:15:02,490 - ADV_Generation_eps_4.0_steps_100_Purification_type_noisy_anchor_anchors_10_alpha_1.2_sigma_0.18_threshold_0.0 - INFO - Batch:[132] Adversarial images for this batch already exist
2025-07-10 20:15:06,135 - ADV_Generation_eps_4.0_steps_100_Purification_type_noisy_anchor_anchors_10_alpha_1.2_sigma_0.18_threshold_0.0 - INFO - Batch 133/154: Clean orig accuracy 0.8092 | Clean purify accuracy 0.6537 | Adv orig accuracy: 0.0000 | Adv purify accuracy: 0.8656
2025-07-10 20:15:06,144 - ADV_Generation_eps_4.0_steps_100_Purification_type_noisy_anchor_anchors_10_alpha_1.2_sigma_0.18_threshold_0.0 - INFO - Batch:[133] Adversarial images for this batch already exist
2025-07-10 20:15:09,802 - ADV_Generation_eps_4.0_steps_100_Purification_type_noisy_anchor_anchors_10_alpha_1.2_sigma_0.18_threshold_0.0 - INFO - Batch 134/154: Clean orig accuracy 0.8106 | Clean purify accuracy 0.6530 | Adv orig accuracy: 0.0000 | Adv purify accuracy: 0.8652
2025-07-10 20:15:09,812 - ADV_Generation_eps_4.0_steps_100_Purification_type_noisy_anchor_anchors_10_alpha_1.2_sigma_0.18_threshold_0.0 - INFO - Batch:[134] Adversarial images for this batch already exist
2025-07-10 20:15:13,442 - ADV_Generation_eps_4.0_steps_100_Purification_type_noisy_anchor_anchors_10_alpha_1.2_sigma_0.18_threshold_0.0 - INFO - Batch 135/154: Clean orig accuracy 0.8120 | Clean purify accuracy 0.6556 | Adv orig accuracy: 0.0000 | Adv purify accuracy: 0.8662
2025-07-10 20:15:13,452 - ADV_Generation_eps_4.0_steps_100_Purification_type_noisy_anchor_anchors_10_alpha_1.2_sigma_0.18_threshold_0.0 - INFO - Batch:[135] Adversarial images for this batch already exist
2025-07-10 20:15:17,113 - ADV_Generation_eps_4.0_steps_100_Purification_type_noisy_anchor_anchors_10_alpha_1.2_sigma_0.18_threshold_0.0 - INFO - Batch 136/154: Clean orig accuracy 0.8088 | Clean purify accuracy 0.6535 | Adv orig accuracy: 0.0000 | Adv purify accuracy: 0.8649
2025-07-10 20:15:17,124 - ADV_Generation_eps_4.0_steps_100_Purification_type_noisy_anchor_anchors_10_alpha_1.2_sigma_0.18_threshold_0.0 - INFO - Batch:[136] Adversarial images for this batch already exist
2025-07-10 20:15:20,730 - ADV_Generation_eps_4.0_steps_100_Purification_type_noisy_anchor_anchors_10_alpha_1.2_sigma_0.18_threshold_0.0 - INFO - Batch 137/154: Clean orig accuracy 0.8089 | Clean purify accuracy 0.6524 | Adv orig accuracy: 0.0000 | Adv purify accuracy: 0.8650
2025-07-10 20:15:20,740 - ADV_Generation_eps_4.0_steps_100_Purification_type_noisy_anchor_anchors_10_alpha_1.2_sigma_0.18_threshold_0.0 - INFO - Batch:[137] Adversarial images for this batch already exist
2025-07-10 20:15:24,355 - ADV_Generation_eps_4.0_steps_100_Purification_type_noisy_anchor_anchors_10_alpha_1.2_sigma_0.18_threshold_0.0 - INFO - Batch 138/154: Clean orig accuracy 0.8102 | Clean purify accuracy 0.6544 | Adv orig accuracy: 0.0000 | Adv purify accuracy: 0.8659
2025-07-10 20:15:24,365 - ADV_Generation_eps_4.0_steps_100_Purification_type_noisy_anchor_anchors_10_alpha_1.2_sigma_0.18_threshold_0.0 - INFO - Batch:[138] Adversarial images for this batch already exist
2025-07-10 20:15:27,969 - ADV_Generation_eps_4.0_steps_100_Purification_type_noisy_anchor_anchors_10_alpha_1.2_sigma_0.18_threshold_0.0 - INFO - Batch 139/154: Clean orig accuracy 0.8116 | Clean purify accuracy 0.6569 | Adv orig accuracy: 0.0000 | Adv purify accuracy: 0.8669
2025-07-10 20:15:27,979 - ADV_Generation_eps_4.0_steps_100_Purification_type_noisy_anchor_anchors_10_alpha_1.2_sigma_0.18_threshold_0.0 - INFO - Batch:[139] Adversarial images for this batch already exist
2025-07-10 20:15:31,681 - ADV_Generation_eps_4.0_steps_100_Purification_type_noisy_anchor_anchors_10_alpha_1.2_sigma_0.18_threshold_0.0 - INFO - Batch 140/154: Clean orig accuracy 0.8129 | Clean purify accuracy 0.6540 | Adv orig accuracy: 0.0000 | Adv purify accuracy: 0.8679
2025-07-10 20:15:31,691 - ADV_Generation_eps_4.0_steps_100_Purification_type_noisy_anchor_anchors_10_alpha_1.2_sigma_0.18_threshold_0.0 - INFO - Batch:[140] Adversarial images for this batch already exist
2025-07-10 20:15:35,313 - ADV_Generation_eps_4.0_steps_100_Purification_type_noisy_anchor_anchors_10_alpha_1.2_sigma_0.18_threshold_0.0 - INFO - Batch 141/154: Clean orig accuracy 0.8143 | Clean purify accuracy 0.6547 | Adv orig accuracy: 0.0000 | Adv purify accuracy: 0.8688
2025-07-10 20:15:35,322 - ADV_Generation_eps_4.0_steps_100_Purification_type_noisy_anchor_anchors_10_alpha_1.2_sigma_0.18_threshold_0.0 - INFO - Batch:[141] Adversarial images for this batch already exist
2025-07-10 20:15:39,007 - ADV_Generation_eps_4.0_steps_100_Purification_type_noisy_anchor_anchors_10_alpha_1.2_sigma_0.18_threshold_0.0 - INFO - Batch 142/154: Clean orig accuracy 0.8147 | Clean purify accuracy 0.6554 | Adv orig accuracy: 0.0000 | Adv purify accuracy: 0.8697
2025-07-10 20:15:39,017 - ADV_Generation_eps_4.0_steps_100_Purification_type_noisy_anchor_anchors_10_alpha_1.2_sigma_0.18_threshold_0.0 - INFO - Batch:[142] Adversarial images for this batch already exist
2025-07-10 20:15:42,626 - ADV_Generation_eps_4.0_steps_100_Purification_type_noisy_anchor_anchors_10_alpha_1.2_sigma_0.18_threshold_0.0 - INFO - Batch 143/154: Clean orig accuracy 0.8160 | Clean purify accuracy 0.6573 | Adv orig accuracy: 0.0000 | Adv purify accuracy: 0.8706
2025-07-10 20:15:42,636 - ADV_Generation_eps_4.0_steps_100_Purification_type_noisy_anchor_anchors_10_alpha_1.2_sigma_0.18_threshold_0.0 - INFO - Batch:[143] Adversarial images for this batch already exist
2025-07-10 20:15:46,268 - ADV_Generation_eps_4.0_steps_100_Purification_type_noisy_anchor_anchors_10_alpha_1.2_sigma_0.18_threshold_0.0 - INFO - Batch 144/154: Clean orig accuracy 0.8173 | Clean purify accuracy 0.6571 | Adv orig accuracy: 0.0000 | Adv purify accuracy: 0.8715
2025-07-10 20:15:46,277 - ADV_Generation_eps_4.0_steps_100_Purification_type_noisy_anchor_anchors_10_alpha_1.2_sigma_0.18_threshold_0.0 - INFO - Batch:[144] Adversarial images for this batch already exist
2025-07-10 20:15:49,926 - ADV_Generation_eps_4.0_steps_100_Purification_type_noisy_anchor_anchors_10_alpha_1.2_sigma_0.18_threshold_0.0 - INFO - Batch 145/154: Clean orig accuracy 0.8181 | Clean purify accuracy 0.6569 | Adv orig accuracy: 0.0000 | Adv purify accuracy: 0.8720
2025-07-10 20:15:49,955 - ADV_Generation_eps_4.0_steps_100_Purification_type_noisy_anchor_anchors_10_alpha_1.2_sigma_0.18_threshold_0.0 - INFO - Batch:[145] Adversarial images for this batch already exist
2025-07-10 20:15:53,608 - ADV_Generation_eps_4.0_steps_100_Purification_type_noisy_anchor_anchors_10_alpha_1.2_sigma_0.18_threshold_0.0 - INFO - Batch 146/154: Clean orig accuracy 0.8189 | Clean purify accuracy 0.6567 | Adv orig accuracy: 0.0000 | Adv purify accuracy: 0.8724
2025-07-10 20:15:53,619 - ADV_Generation_eps_4.0_steps_100_Purification_type_noisy_anchor_anchors_10_alpha_1.2_sigma_0.18_threshold_0.0 - INFO - Batch:[146] Adversarial images for this batch already exist
2025-07-10 20:15:57,298 - ADV_Generation_eps_4.0_steps_100_Purification_type_noisy_anchor_anchors_10_alpha_1.2_sigma_0.18_threshold_0.0 - INFO - Batch 147/154: Clean orig accuracy 0.8197 | Clean purify accuracy 0.6569 | Adv orig accuracy: 0.0000 | Adv purify accuracy: 0.8733
2025-07-10 20:15:57,308 - ADV_Generation_eps_4.0_steps_100_Purification_type_noisy_anchor_anchors_10_alpha_1.2_sigma_0.18_threshold_0.0 - INFO - Batch:[147] Adversarial images for this batch already exist
2025-07-10 20:16:00,954 - ADV_Generation_eps_4.0_steps_100_Purification_type_noisy_anchor_anchors_10_alpha_1.2_sigma_0.18_threshold_0.0 - INFO - Batch 148/154: Clean orig accuracy 0.8150 | Clean purify accuracy 0.6533 | Adv orig accuracy: 0.0000 | Adv purify accuracy: 0.8720
2025-07-10 20:16:00,964 - ADV_Generation_eps_4.0_steps_100_Purification_type_noisy_anchor_anchors_10_alpha_1.2_sigma_0.18_threshold_0.0 - INFO - Batch:[148] Adversarial images for this batch already exist
2025-07-10 20:16:04,625 - ADV_Generation_eps_4.0_steps_100_Purification_type_noisy_anchor_anchors_10_alpha_1.2_sigma_0.18_threshold_0.0 - INFO - Batch 149/154: Clean orig accuracy 0.8133 | Clean purify accuracy 0.6502 | Adv orig accuracy: 0.0000 | Adv purify accuracy: 0.8712
2025-07-10 20:16:04,649 - ADV_Generation_eps_4.0_steps_100_Purification_type_noisy_anchor_anchors_10_alpha_1.2_sigma_0.18_threshold_0.0 - INFO - Batch:[149] Adversarial images for this batch already exist
2025-07-10 20:16:08,289 - ADV_Generation_eps_4.0_steps_100_Purification_type_noisy_anchor_anchors_10_alpha_1.2_sigma_0.18_threshold_0.0 - INFO - Batch 150/154: Clean orig accuracy 0.8137 | Clean purify accuracy 0.6471 | Adv orig accuracy: 0.0000 | Adv purify accuracy: 0.8708
2025-07-10 20:16:08,300 - ADV_Generation_eps_4.0_steps_100_Purification_type_noisy_anchor_anchors_10_alpha_1.2_sigma_0.18_threshold_0.0 - INFO - Batch:[150] Adversarial images for this batch already exist
2025-07-10 20:16:11,957 - ADV_Generation_eps_4.0_steps_100_Purification_type_noisy_anchor_anchors_10_alpha_1.2_sigma_0.18_threshold_0.0 - INFO - Batch 151/154: Clean orig accuracy 0.8150 | Clean purify accuracy 0.6478 | Adv orig accuracy: 0.0000 | Adv purify accuracy: 0.8717
2025-07-10 20:16:11,967 - ADV_Generation_eps_4.0_steps_100_Purification_type_noisy_anchor_anchors_10_alpha_1.2_sigma_0.18_threshold_0.0 - INFO - Batch:[151] Adversarial images for this batch already exist
2025-07-10 20:16:15,624 - ADV_Generation_eps_4.0_steps_100_Purification_type_noisy_anchor_anchors_10_alpha_1.2_sigma_0.18_threshold_0.0 - INFO - Batch 152/154: Clean orig accuracy 0.8158 | Clean purify accuracy 0.6493 | Adv orig accuracy: 0.0000 | Adv purify accuracy: 0.8725
2025-07-10 20:16:15,635 - ADV_Generation_eps_4.0_steps_100_Purification_type_noisy_anchor_anchors_10_alpha_1.2_sigma_0.18_threshold_0.0 - INFO - Batch:[152] Adversarial images for this batch already exist
2025-07-10 20:16:19,327 - ADV_Generation_eps_4.0_steps_100_Purification_type_noisy_anchor_anchors_10_alpha_1.2_sigma_0.18_threshold_0.0 - INFO - Batch 153/154: Clean orig accuracy 0.8170 | Clean purify accuracy 0.6495 | Adv orig accuracy: 0.0000 | Adv purify accuracy: 0.8734
2025-07-10 20:16:19,337 - ADV_Generation_eps_4.0_steps_100_Purification_type_noisy_anchor_anchors_10_alpha_1.2_sigma_0.18_threshold_0.0 - INFO - Batch:[153] Adversarial images for this batch already exist
2025-07-10 20:16:22,835 - ADV_Generation_eps_4.0_steps_100_Purification_type_noisy_anchor_anchors_10_alpha_1.2_sigma_0.18_threshold_0.0 - INFO - Batch 154/154: Clean orig accuracy 0.8177 | Clean purify accuracy 0.6492 | Adv orig accuracy: 0.0000 | Adv purify accuracy: 0.8737
2025-07-10 20:16:22,937 - ADV_Generation_eps_4.0_steps_100_Purification_type_noisy_anchor_anchors_10_alpha_1.2_sigma_0.18_threshold_0.0 - INFO - Final Clean orig accuracy: 0.8177 | Clean purify accuracy: 0.6492
2025-07-10 20:16:22,937 - ADV_Generation_eps_4.0_steps_100_Purification_type_noisy_anchor_anchors_10_alpha_1.2_sigma_0.18_threshold_0.0 - INFO - Final Adv orig accuracy: 0.0000 | Adv purify accuracy: 0.8737
2025-07-10 20:16:22,937 - ADV_Generation_eps_4.0_steps_100_Purification_type_noisy_anchor_anchors_10_alpha_1.2_sigma_0.18_threshold_0.0 - INFO - Diff_ratio_clean: 0.7378 | Diff_ratio_adv: 1.1202
2025-07-10 20:16:22,937 - ADV_Generation_eps_4.0_steps_100_Purification_type_noisy_anchor_anchors_10_alpha_1.2_sigma_0.18_threshold_0.0 - INFO - Adversarial image generation completed. Results
