2026-02-05 16:40:40,259 - ADV_Generation_eps_1.0_steps_100_Added_Noise_uniform_Eps_2.0_Tau_Type_normal_anchors - INFO - ==========================================
data:/leonardo_work/EUHPC_R04_192/fmohamma/Adversarial_Robust_Clip/atpt_data/downstream_datasets
test_sets:eurosat
dataset_mode:test
arch:ViT-L/14
resolution:224
transferability:False
source_model:fare4
workers:4
no_pin_memory:False
batch_size:1
adv_bs:1
print_freq:20
gpu:0
no_cudnn_benchmark:False
n_ctx:4
ctx_init:a_photo_of_a
seed:0
output_dir:/leonardo_work/EUHPC_R04_192/fmohamma/Adversarial_Robust_Clip/atpt_data/ViT-L/14/eurosat
log_output_dir:/leonardo_work/EUHPC_R04_192/fmohamma/Adversarial_Robust_Clip/ATPT/Diffratio_Adv_gen_Results/ViT-L/14/eurosat/ADV_Generation_eps_1.0_steps_100_Added_Noise_uniform_Eps_2.0_Tau_Type_normal_anchors
image_only_attack:False
image_only_attack_type:prm
image_predicted_label_attack:False
eps:1.0
alpha:0.25
alpha_eps_ratio:4.0
steps:100
counter_attack:True
counter_attack_type:pgd
counter_attack_steps:0
counter_attack_eps:2.0
counter_attack_alpha:1.0
counter_attack_tau_thres:0.2
counter_attack_beta:2.0
counter_attack_weighted_perturbations:True
counter_attack_init_noise:uniform
counter_attack_gaussian_sigma:0.03
counter_attack_noisy_tau_num_anchors:10
counter_attack_tau:normal_anchors
pgd_clip_pure_i_text_embeddings:null
pgd_counter_and_clipure_i_lamda:1.0
image_feature_purify:False
image_feature_purify_type:noisy_anchor
image_feature_purify_noisy_anchors:10
image_feature_purify_anchors_alpha:1.2
image_feature_purify_noisy_sigma:0.18
image_feature_purify_diff_threshold:0.0
image_feature_clipure_steps:10
image_feature_clipure_step_size:10.0
save_plots:False
lr:0.005
selection_p:0.1
tta_steps:1
top_k:20
softmax_temp:0.01
load_tecoa:

2026-02-05 16:40:40,260 - ADV_Generation_eps_1.0_steps_100_Added_Noise_uniform_Eps_2.0_Tau_Type_normal_anchors - INFO - Use GPU: 0 for training
2026-02-05 16:40:51,135 - ADV_Generation_eps_1.0_steps_100_Added_Noise_uniform_Eps_2.0_Tau_Type_normal_anchors - INFO - => Model created: visual backbone ViT-L/14
2026-02-05 16:40:51,239 - ADV_Generation_eps_1.0_steps_100_Added_Noise_uniform_Eps_2.0_Tau_Type_normal_anchors - INFO - Number of test samples: 8100
2026-02-05 16:40:51,239 - ADV_Generation_eps_1.0_steps_100_Added_Noise_uniform_Eps_2.0_Tau_Type_normal_anchors - INFO - Evaluating dataset: eurosat
2026-02-05 16:40:51,240 - ADV_Generation_eps_1.0_steps_100_Added_Noise_uniform_Eps_2.0_Tau_Type_normal_anchors - INFO - Starting evaluation with batch size: 1, selection percentage: 0.1
2026-02-05 16:40:51,240 - ADV_Generation_eps_1.0_steps_100_Added_Noise_uniform_Eps_2.0_Tau_Type_normal_anchors - INFO - Using counter-attack with epsilon: 2.000000, alpha: 1.000000, steps: 0
2026-02-05 16:40:51,240 - ADV_Generation_eps_1.0_steps_100_Added_Noise_uniform_Eps_2.0_Tau_Type_normal_anchors - INFO - Adversarial examples will be loaded from /leonardo_work/EUHPC_R04_192/fmohamma/Adversarial_Robust_Clip/atpt_data/ViT-L/14/eurosat/adv_images_eps_1.0_alpha_0.25_steps_100 and evaluated on ViT-L/14
2026-02-05 16:40:51,242 - ADV_Generation_eps_1.0_steps_100_Added_Noise_uniform_Eps_2.0_Tau_Type_normal_anchors - INFO - Using directory for adversarial images: /leonardo_work/EUHPC_R04_192/fmohamma/Adversarial_Robust_Clip/atpt_data/ViT-L/14/eurosat/adv_images_eps_1.0_alpha_0.25_steps_100
2026-02-05 16:40:51,567 - ADV_Generation_eps_1.0_steps_100_Added_Noise_uniform_Eps_2.0_Tau_Type_normal_anchors - INFO - Batch:[0] Adversarial images for this batch already exist
2026-02-05 16:40:52,039 - ADV_Generation_eps_1.0_steps_100_Added_Noise_uniform_Eps_2.0_Tau_Type_normal_anchors - INFO - Batch 1/8100: Clean accuracy 0.0000 | Adv accuracy: 0.0000 | Counter-attack accuracy: 0.0000
2026-02-05 16:40:52,039 - ADV_Generation_eps_1.0_steps_100_Added_Noise_uniform_Eps_2.0_Tau_Type_normal_anchors - INFO - Batch:[1] Adversarial images for this batch already exist
2026-02-05 16:40:52,256 - ADV_Generation_eps_1.0_steps_100_Added_Noise_uniform_Eps_2.0_Tau_Type_normal_anchors - INFO - Batch 2/8100: Clean accuracy 0.0000 | Adv accuracy: 0.0000 | Counter-attack accuracy: 0.0000
2026-02-05 16:40:52,257 - ADV_Generation_eps_1.0_steps_100_Added_Noise_uniform_Eps_2.0_Tau_Type_normal_anchors - INFO - Batch:[2] Adversarial images for this batch already exist
2026-02-05 16:40:52,478 - ADV_Generation_eps_1.0_steps_100_Added_Noise_uniform_Eps_2.0_Tau_Type_normal_anchors - INFO - Batch 3/8100: Clean accuracy 0.0000 | Adv accuracy: 0.0000 | Counter-attack accuracy: 0.0000
2026-02-05 16:40:52,480 - ADV_Generation_eps_1.0_steps_100_Added_Noise_uniform_Eps_2.0_Tau_Type_normal_anchors - INFO - Batch:[3] Adversarial images for this batch already exist
2026-02-05 16:40:52,695 - ADV_Generation_eps_1.0_steps_100_Added_Noise_uniform_Eps_2.0_Tau_Type_normal_anchors - INFO - Batch 4/8100: Clean accuracy 0.0000 | Adv accuracy: 0.0000 | Counter-attack accuracy: 0.0000
2026-02-05 16:40:52,698 - ADV_Generation_eps_1.0_steps_100_Added_Noise_uniform_Eps_2.0_Tau_Type_normal_anchors - INFO - Batch:[4] Adversarial images for this batch already exist
2026-02-05 16:40:52,908 - ADV_Generation_eps_1.0_steps_100_Added_Noise_uniform_Eps_2.0_Tau_Type_normal_anchors - INFO - Batch 5/8100: Clean accuracy 0.0000 | Adv accuracy: 0.0000 | Counter-attack accuracy: 0.0000
2026-02-05 16:40:52,911 - ADV_Generation_eps_1.0_steps_100_Added_Noise_uniform_Eps_2.0_Tau_Type_normal_anchors - INFO - Batch:[5] Adversarial images for this batch already exist
2026-02-05 16:40:53,122 - ADV_Generation_eps_1.0_steps_100_Added_Noise_uniform_Eps_2.0_Tau_Type_normal_anchors - INFO - Batch 6/8100: Clean accuracy 0.0000 | Adv accuracy: 0.0000 | Counter-attack accuracy: 0.0000
2026-02-05 16:40:53,125 - ADV_Generation_eps_1.0_steps_100_Added_Noise_uniform_Eps_2.0_Tau_Type_normal_anchors - INFO - Batch:[6] Adversarial images for this batch already exist
2026-02-05 16:40:53,355 - ADV_Generation_eps_1.0_steps_100_Added_Noise_uniform_Eps_2.0_Tau_Type_normal_anchors - INFO - Batch 7/8100: Clean accuracy 0.0000 | Adv accuracy: 0.0000 | Counter-attack accuracy: 0.0000
2026-02-05 16:40:53,356 - ADV_Generation_eps_1.0_steps_100_Added_Noise_uniform_Eps_2.0_Tau_Type_normal_anchors - INFO - Batch:[7] Adversarial images for this batch already exist
2026-02-05 16:40:53,571 - ADV_Generation_eps_1.0_steps_100_Added_Noise_uniform_Eps_2.0_Tau_Type_normal_anchors - INFO - Batch 8/8100: Clean accuracy 0.0000 | Adv accuracy: 0.0000 | Counter-attack accuracy: 0.0000
2026-02-05 16:40:53,572 - ADV_Generation_eps_1.0_steps_100_Added_Noise_uniform_Eps_2.0_Tau_Type_normal_anchors - INFO - Batch:[8] Adversarial images for this batch already exist
2026-02-05 16:40:53,859 - ADV_Generation_eps_1.0_steps_100_Added_Noise_uniform_Eps_2.0_Tau_Type_normal_anchors - INFO - Batch 9/8100: Clean accuracy 0.0000 | Adv accuracy: 0.0000 | Counter-attack accuracy: 0.0000
2026-02-05 16:40:53,862 - ADV_Generation_eps_1.0_steps_100_Added_Noise_uniform_Eps_2.0_Tau_Type_normal_anchors - INFO - Batch:[9] Adversarial images for this batch already exist
2026-02-05 16:40:54,125 - ADV_Generation_eps_1.0_steps_100_Added_Noise_uniform_Eps_2.0_Tau_Type_normal_anchors - INFO - Batch 10/8100: Clean accuracy 0.0000 | Adv accuracy: 0.0000 | Counter-attack accuracy: 0.0000
2026-02-05 16:40:54,129 - ADV_Generation_eps_1.0_steps_100_Added_Noise_uniform_Eps_2.0_Tau_Type_normal_anchors - INFO - Batch:[10] Adversarial images for this batch already exist
2026-02-05 16:40:54,353 - ADV_Generation_eps_1.0_steps_100_Added_Noise_uniform_Eps_2.0_Tau_Type_normal_anchors - INFO - Batch 11/8100: Clean accuracy 0.0000 | Adv accuracy: 0.0000 | Counter-attack accuracy: 0.0000
2026-02-05 16:40:54,355 - ADV_Generation_eps_1.0_steps_100_Added_Noise_uniform_Eps_2.0_Tau_Type_normal_anchors - INFO - Batch:[11] Adversarial images for this batch already exist
2026-02-05 16:40:54,575 - ADV_Generation_eps_1.0_steps_100_Added_Noise_uniform_Eps_2.0_Tau_Type_normal_anchors - INFO - Batch 12/8100: Clean accuracy 0.0000 | Adv accuracy: 0.0000 | Counter-attack accuracy: 0.0000
2026-02-05 16:40:54,577 - ADV_Generation_eps_1.0_steps_100_Added_Noise_uniform_Eps_2.0_Tau_Type_normal_anchors - INFO - Batch:[12] Adversarial images for this batch already exist
2026-02-05 16:40:54,793 - ADV_Generation_eps_1.0_steps_100_Added_Noise_uniform_Eps_2.0_Tau_Type_normal_anchors - INFO - Batch 13/8100: Clean accuracy 0.0000 | Adv accuracy: 0.0000 | Counter-attack accuracy: 0.0000
2026-02-05 16:40:54,795 - ADV_Generation_eps_1.0_steps_100_Added_Noise_uniform_Eps_2.0_Tau_Type_normal_anchors - INFO - Batch:[13] Adversarial images for this batch already exist
2026-02-05 16:40:55,021 - ADV_Generation_eps_1.0_steps_100_Added_Noise_uniform_Eps_2.0_Tau_Type_normal_anchors - INFO - Batch 14/8100: Clean accuracy 0.0000 | Adv accuracy: 0.0000 | Counter-attack accuracy: 0.0000
2026-02-05 16:40:55,023 - ADV_Generation_eps_1.0_steps_100_Added_Noise_uniform_Eps_2.0_Tau_Type_normal_anchors - INFO - Batch:[14] Adversarial images for this batch already exist
2026-02-05 16:40:55,241 - ADV_Generation_eps_1.0_steps_100_Added_Noise_uniform_Eps_2.0_Tau_Type_normal_anchors - INFO - Batch 15/8100: Clean accuracy 0.0000 | Adv accuracy: 0.0000 | Counter-attack accuracy: 0.0000
2026-02-05 16:40:55,243 - ADV_Generation_eps_1.0_steps_100_Added_Noise_uniform_Eps_2.0_Tau_Type_normal_anchors - INFO - Batch:[15] Adversarial images for this batch already exist
2026-02-05 16:40:55,459 - ADV_Generation_eps_1.0_steps_100_Added_Noise_uniform_Eps_2.0_Tau_Type_normal_anchors - INFO - Batch 16/8100: Clean accuracy 0.0000 | Adv accuracy: 0.0000 | Counter-attack accuracy: 0.0000
2026-02-05 16:40:55,461 - ADV_Generation_eps_1.0_steps_100_Added_Noise_uniform_Eps_2.0_Tau_Type_normal_anchors - INFO - Batch:[16] Adversarial images for this batch already exist
2026-02-05 16:40:55,693 - ADV_Generation_eps_1.0_steps_100_Added_Noise_uniform_Eps_2.0_Tau_Type_normal_anchors - INFO - Batch 17/8100: Clean accuracy 0.0000 | Adv accuracy: 0.0000 | Counter-attack accuracy: 0.0000
2026-02-05 16:40:55,696 - ADV_Generation_eps_1.0_steps_100_Added_Noise_uniform_Eps_2.0_Tau_Type_normal_anchors - INFO - Batch:[17] Adversarial images for this batch already exist
2026-02-05 16:40:55,916 - ADV_Generation_eps_1.0_steps_100_Added_Noise_uniform_Eps_2.0_Tau_Type_normal_anchors - INFO - Batch 18/8100: Clean accuracy 0.0000 | Adv accuracy: 0.0000 | Counter-attack accuracy: 0.0000
2026-02-05 16:40:55,920 - ADV_Generation_eps_1.0_steps_100_Added_Noise_uniform_Eps_2.0_Tau_Type_normal_anchors - INFO - Batch:[18] Adversarial images for this batch already exist
2026-02-05 16:40:56,137 - ADV_Generation_eps_1.0_steps_100_Added_Noise_uniform_Eps_2.0_Tau_Type_normal_anchors - INFO - Batch 19/8100: Clean accuracy 0.0000 | Adv accuracy: 0.0000 | Counter-attack accuracy: 0.0000
2026-02-05 16:40:56,138 - ADV_Generation_eps_1.0_steps_100_Added_Noise_uniform_Eps_2.0_Tau_Type_normal_anchors - INFO - Batch:[19] Adversarial images for this batch already exist
2026-02-05 16:40:56,353 - ADV_Generation_eps_1.0_steps_100_Added_Noise_uniform_Eps_2.0_Tau_Type_normal_anchors - INFO - Batch 20/8100: Clean accuracy 0.0000 | Adv accuracy: 0.0000 | Counter-attack accuracy: 0.0000
2026-02-05 16:40:56,355 - ADV_Generation_eps_1.0_steps_100_Added_Noise_uniform_Eps_2.0_Tau_Type_normal_anchors - INFO - Batch:[20] Adversarial images for this batch already exist
2026-02-05 16:40:56,575 - ADV_Generation_eps_1.0_steps_100_Added_Noise_uniform_Eps_2.0_Tau_Type_normal_anchors - INFO - Batch 21/8100: Clean accuracy 0.0000 | Adv accuracy: 0.0000 | Counter-attack accuracy: 0.0000
2026-02-05 16:40:56,576 - ADV_Generation_eps_1.0_steps_100_Added_Noise_uniform_Eps_2.0_Tau_Type_normal_anchors - INFO - Batch:[21] Adversarial images for this batch already exist
2026-02-05 16:40:56,793 - ADV_Generation_eps_1.0_steps_100_Added_Noise_uniform_Eps_2.0_Tau_Type_normal_anchors - INFO - Batch 22/8100: Clean accuracy 0.0000 | Adv accuracy: 0.0000 | Counter-attack accuracy: 0.0000
2026-02-05 16:40:56,795 - ADV_Generation_eps_1.0_steps_100_Added_Noise_uniform_Eps_2.0_Tau_Type_normal_anchors - INFO - Batch:[22] Adversarial images for this batch already exist
2026-02-05 16:40:57,011 - ADV_Generation_eps_1.0_steps_100_Added_Noise_uniform_Eps_2.0_Tau_Type_normal_anchors - INFO - Batch 23/8100: Clean accuracy 0.0000 | Adv accuracy: 0.0000 | Counter-attack accuracy: 0.0000
2026-02-05 16:40:57,014 - ADV_Generation_eps_1.0_steps_100_Added_Noise_uniform_Eps_2.0_Tau_Type_normal_anchors - INFO - Batch:[23] Adversarial images for this batch already exist
2026-02-05 16:40:57,232 - ADV_Generation_eps_1.0_steps_100_Added_Noise_uniform_Eps_2.0_Tau_Type_normal_anchors - INFO - Batch 24/8100: Clean accuracy 0.0000 | Adv accuracy: 0.0000 | Counter-attack accuracy: 0.0000
2026-02-05 16:40:57,234 - ADV_Generation_eps_1.0_steps_100_Added_Noise_uniform_Eps_2.0_Tau_Type_normal_anchors - INFO - Batch:[24] Adversarial images for this batch already exist
2026-02-05 16:40:57,447 - ADV_Generation_eps_1.0_steps_100_Added_Noise_uniform_Eps_2.0_Tau_Type_normal_anchors - INFO - Batch 25/8100: Clean accuracy 0.0000 | Adv accuracy: 0.0000 | Counter-attack accuracy: 0.0000
2026-02-05 16:40:57,449 - ADV_Generation_eps_1.0_steps_100_Added_Noise_uniform_Eps_2.0_Tau_Type_normal_anchors - INFO - Batch:[25] Adversarial images for this batch already exist
2026-02-05 16:40:57,670 - ADV_Generation_eps_1.0_steps_100_Added_Noise_uniform_Eps_2.0_Tau_Type_normal_anchors - INFO - Batch 26/8100: Clean accuracy 0.0000 | Adv accuracy: 0.0000 | Counter-attack accuracy: 0.0000
2026-02-05 16:40:57,672 - ADV_Generation_eps_1.0_steps_100_Added_Noise_uniform_Eps_2.0_Tau_Type_normal_anchors - INFO - Batch:[26] Adversarial images for this batch already exist
2026-02-05 16:40:57,891 - ADV_Generation_eps_1.0_steps_100_Added_Noise_uniform_Eps_2.0_Tau_Type_normal_anchors - INFO - Batch 27/8100: Clean accuracy 0.0000 | Adv accuracy: 0.0000 | Counter-attack accuracy: 0.0000
2026-02-05 16:40:57,892 - ADV_Generation_eps_1.0_steps_100_Added_Noise_uniform_Eps_2.0_Tau_Type_normal_anchors - INFO - Batch:[27] Adversarial images for this batch already exist
2026-02-05 16:40:58,137 - ADV_Generation_eps_1.0_steps_100_Added_Noise_uniform_Eps_2.0_Tau_Type_normal_anchors - INFO - Batch 28/8100: Clean accuracy 0.0000 | Adv accuracy: 0.0000 | Counter-attack accuracy: 0.0000
2026-02-05 16:40:58,138 - ADV_Generation_eps_1.0_steps_100_Added_Noise_uniform_Eps_2.0_Tau_Type_normal_anchors - INFO - Batch:[28] Adversarial images for this batch already exist
2026-02-05 16:40:58,363 - ADV_Generation_eps_1.0_steps_100_Added_Noise_uniform_Eps_2.0_Tau_Type_normal_anchors - INFO - Batch 29/8100: Clean accuracy 0.0000 | Adv accuracy: 0.0000 | Counter-attack accuracy: 0.0000
2026-02-05 16:40:58,365 - ADV_Generation_eps_1.0_steps_100_Added_Noise_uniform_Eps_2.0_Tau_Type_normal_anchors - INFO - Batch:[29] Adversarial images for this batch already exist
2026-02-05 16:40:58,579 - ADV_Generation_eps_1.0_steps_100_Added_Noise_uniform_Eps_2.0_Tau_Type_normal_anchors - INFO - Batch 30/8100: Clean accuracy 0.0000 | Adv accuracy: 0.0000 | Counter-attack accuracy: 0.0000
2026-02-05 16:40:58,582 - ADV_Generation_eps_1.0_steps_100_Added_Noise_uniform_Eps_2.0_Tau_Type_normal_anchors - INFO - Batch:[30] Adversarial images for this batch already exist
2026-02-05 16:40:58,799 - ADV_Generation_eps_1.0_steps_100_Added_Noise_uniform_Eps_2.0_Tau_Type_normal_anchors - INFO - Batch 31/8100: Clean accuracy 0.0000 | Adv accuracy: 0.0000 | Counter-attack accuracy: 0.0000
2026-02-05 16:40:58,804 - ADV_Generation_eps_1.0_steps_100_Added_Noise_uniform_Eps_2.0_Tau_Type_normal_anchors - INFO - Batch:[31] Adversarial images for this batch already exist
2026-02-05 16:40:59,017 - ADV_Generation_eps_1.0_steps_100_Added_Noise_uniform_Eps_2.0_Tau_Type_normal_anchors - INFO - Batch 32/8100: Clean accuracy 0.0000 | Adv accuracy: 0.0000 | Counter-attack accuracy: 0.0000
2026-02-05 16:40:59,017 - ADV_Generation_eps_1.0_steps_100_Added_Noise_uniform_Eps_2.0_Tau_Type_normal_anchors - INFO - Batch:[32] Adversarial images for this batch already exist
2026-02-05 16:40:59,245 - ADV_Generation_eps_1.0_steps_100_Added_Noise_uniform_Eps_2.0_Tau_Type_normal_anchors - INFO - Batch 33/8100: Clean accuracy 0.0000 | Adv accuracy: 0.0000 | Counter-attack accuracy: 0.0000
2026-02-05 16:40:59,248 - ADV_Generation_eps_1.0_steps_100_Added_Noise_uniform_Eps_2.0_Tau_Type_normal_anchors - INFO - Batch:[33] Adversarial images for this batch already exist
2026-02-05 16:40:59,468 - ADV_Generation_eps_1.0_steps_100_Added_Noise_uniform_Eps_2.0_Tau_Type_normal_anchors - INFO - Batch 34/8100: Clean accuracy 0.0000 | Adv accuracy: 0.0000 | Counter-attack accuracy: 0.0000
2026-02-05 16:40:59,472 - ADV_Generation_eps_1.0_steps_100_Added_Noise_uniform_Eps_2.0_Tau_Type_normal_anchors - INFO - Batch:[34] Adversarial images for this batch already exist
2026-02-05 16:40:59,693 - ADV_Generation_eps_1.0_steps_100_Added_Noise_uniform_Eps_2.0_Tau_Type_normal_anchors - INFO - Batch 35/8100: Clean accuracy 0.0000 | Adv accuracy: 0.0000 | Counter-attack accuracy: 0.0000
2026-02-05 16:40:59,696 - ADV_Generation_eps_1.0_steps_100_Added_Noise_uniform_Eps_2.0_Tau_Type_normal_anchors - INFO - Batch:[35] Adversarial images for this batch already exist
2026-02-05 16:40:59,944 - ADV_Generation_eps_1.0_steps_100_Added_Noise_uniform_Eps_2.0_Tau_Type_normal_anchors - INFO - Batch 36/8100: Clean accuracy 0.0000 | Adv accuracy: 0.0000 | Counter-attack accuracy: 0.0000
2026-02-05 16:40:59,946 - ADV_Generation_eps_1.0_steps_100_Added_Noise_uniform_Eps_2.0_Tau_Type_normal_anchors - INFO - Batch:[36] Adversarial images for this batch already exist
2026-02-05 16:41:00,160 - ADV_Generation_eps_1.0_steps_100_Added_Noise_uniform_Eps_2.0_Tau_Type_normal_anchors - INFO - Batch 37/8100: Clean accuracy 0.0000 | Adv accuracy: 0.0000 | Counter-attack accuracy: 0.0000
2026-02-05 16:41:00,161 - ADV_Generation_eps_1.0_steps_100_Added_Noise_uniform_Eps_2.0_Tau_Type_normal_anchors - INFO - Batch:[37] Adversarial images for this batch already exist
2026-02-05 16:41:00,376 - ADV_Generation_eps_1.0_steps_100_Added_Noise_uniform_Eps_2.0_Tau_Type_normal_anchors - INFO - Batch 38/8100: Clean accuracy 0.0000 | Adv accuracy: 0.0000 | Counter-attack accuracy: 0.0000
2026-02-05 16:41:00,379 - ADV_Generation_eps_1.0_steps_100_Added_Noise_uniform_Eps_2.0_Tau_Type_normal_anchors - INFO - Batch:[38] Adversarial images for this batch already exist
2026-02-05 16:41:00,600 - ADV_Generation_eps_1.0_steps_100_Added_Noise_uniform_Eps_2.0_Tau_Type_normal_anchors - INFO - Batch 39/8100: Clean accuracy 0.0000 | Adv accuracy: 0.0000 | Counter-attack accuracy: 0.0000
2026-02-05 16:41:00,600 - ADV_Generation_eps_1.0_steps_100_Added_Noise_uniform_Eps_2.0_Tau_Type_normal_anchors - INFO - Batch:[39] Adversarial images for this batch already exist
2026-02-05 16:41:00,815 - ADV_Generation_eps_1.0_steps_100_Added_Noise_uniform_Eps_2.0_Tau_Type_normal_anchors - INFO - Batch 40/8100: Clean accuracy 0.0000 | Adv accuracy: 0.0000 | Counter-attack accuracy: 0.0000
2026-02-05 16:41:00,817 - ADV_Generation_eps_1.0_steps_100_Added_Noise_uniform_Eps_2.0_Tau_Type_normal_anchors - INFO - Batch:[40] Adversarial images for this batch already exist
2026-02-05 16:41:01,049 - ADV_Generation_eps_1.0_steps_100_Added_Noise_uniform_Eps_2.0_Tau_Type_normal_anchors - INFO - Batch 41/8100: Clean accuracy 0.0000 | Adv accuracy: 0.0000 | Counter-attack accuracy: 0.0000
2026-02-05 16:41:01,050 - ADV_Generation_eps_1.0_steps_100_Added_Noise_uniform_Eps_2.0_Tau_Type_normal_anchors - INFO - Batch:[41] Adversarial images for this batch already exist
2026-02-05 16:41:01,265 - ADV_Generation_eps_1.0_steps_100_Added_Noise_uniform_Eps_2.0_Tau_Type_normal_anchors - INFO - Batch 42/8100: Clean accuracy 0.0000 | Adv accuracy: 0.0000 | Counter-attack accuracy: 0.0000
2026-02-05 16:41:01,265 - ADV_Generation_eps_1.0_steps_100_Added_Noise_uniform_Eps_2.0_Tau_Type_normal_anchors - INFO - Batch:[42] Adversarial images for this batch already exist
2026-02-05 16:41:01,485 - ADV_Generation_eps_1.0_steps_100_Added_Noise_uniform_Eps_2.0_Tau_Type_normal_anchors - INFO - Batch 43/8100: Clean accuracy 0.0000 | Adv accuracy: 0.0000 | Counter-attack accuracy: 0.0000
2026-02-05 16:41:01,488 - ADV_Generation_eps_1.0_steps_100_Added_Noise_uniform_Eps_2.0_Tau_Type_normal_anchors - INFO - Batch:[43] Adversarial images for this batch already exist
2026-02-05 16:41:01,704 - ADV_Generation_eps_1.0_steps_100_Added_Noise_uniform_Eps_2.0_Tau_Type_normal_anchors - INFO - Batch 44/8100: Clean accuracy 0.0000 | Adv accuracy: 0.0000 | Counter-attack accuracy: 0.0000
2026-02-05 16:41:01,708 - ADV_Generation_eps_1.0_steps_100_Added_Noise_uniform_Eps_2.0_Tau_Type_normal_anchors - INFO - Batch:[44] Adversarial images for this batch already exist
2026-02-05 16:41:01,919 - ADV_Generation_eps_1.0_steps_100_Added_Noise_uniform_Eps_2.0_Tau_Type_normal_anchors - INFO - Batch 45/8100: Clean accuracy 0.0000 | Adv accuracy: 0.0000 | Counter-attack accuracy: 0.0000
2026-02-05 16:41:01,921 - ADV_Generation_eps_1.0_steps_100_Added_Noise_uniform_Eps_2.0_Tau_Type_normal_anchors - INFO - Batch:[45] Adversarial images for this batch already exist
2026-02-05 16:41:02,142 - ADV_Generation_eps_1.0_steps_100_Added_Noise_uniform_Eps_2.0_Tau_Type_normal_anchors - INFO - Batch 46/8100: Clean accuracy 0.0000 | Adv accuracy: 0.0000 | Counter-attack accuracy: 0.0000
2026-02-05 16:41:02,143 - ADV_Generation_eps_1.0_steps_100_Added_Noise_uniform_Eps_2.0_Tau_Type_normal_anchors - INFO - Batch:[46] Adversarial images for this batch already exist
2026-02-05 16:41:02,371 - ADV_Generation_eps_1.0_steps_100_Added_Noise_uniform_Eps_2.0_Tau_Type_normal_anchors - INFO - Batch 47/8100: Clean accuracy 0.0000 | Adv accuracy: 0.0000 | Counter-attack accuracy: 0.0000
2026-02-05 16:41:02,373 - ADV_Generation_eps_1.0_steps_100_Added_Noise_uniform_Eps_2.0_Tau_Type_normal_anchors - INFO - Batch:[47] Adversarial images for this batch already exist
2026-02-05 16:41:02,589 - ADV_Generation_eps_1.0_steps_100_Added_Noise_uniform_Eps_2.0_Tau_Type_normal_anchors - INFO - Batch 48/8100: Clean accuracy 0.0000 | Adv accuracy: 0.0000 | Counter-attack accuracy: 0.0000
2026-02-05 16:41:02,589 - ADV_Generation_eps_1.0_steps_100_Added_Noise_uniform_Eps_2.0_Tau_Type_normal_anchors - INFO - Batch:[48] Adversarial images for this batch already exist
2026-02-05 16:41:02,804 - ADV_Generation_eps_1.0_steps_100_Added_Noise_uniform_Eps_2.0_Tau_Type_normal_anchors - INFO - Batch 49/8100: Clean accuracy 0.0000 | Adv accuracy: 0.0000 | Counter-attack accuracy: 0.0000
2026-02-05 16:41:02,804 - ADV_Generation_eps_1.0_steps_100_Added_Noise_uniform_Eps_2.0_Tau_Type_normal_anchors - INFO - Batch:[49] Adversarial images for this batch already exist
2026-02-05 16:41:03,030 - ADV_Generation_eps_1.0_steps_100_Added_Noise_uniform_Eps_2.0_Tau_Type_normal_anchors - INFO - Batch 50/8100: Clean accuracy 0.0000 | Adv accuracy: 0.0000 | Counter-attack accuracy: 0.0000
2026-02-05 16:41:03,034 - ADV_Generation_eps_1.0_steps_100_Added_Noise_uniform_Eps_2.0_Tau_Type_normal_anchors - INFO - Batch:[50] Adversarial images for this batch already exist
2026-02-05 16:41:03,248 - ADV_Generation_eps_1.0_steps_100_Added_Noise_uniform_Eps_2.0_Tau_Type_normal_anchors - INFO - Batch 51/8100: Clean accuracy 0.0000 | Adv accuracy: 0.0000 | Counter-attack accuracy: 0.0000
2026-02-05 16:41:03,249 - ADV_Generation_eps_1.0_steps_100_Added_Noise_uniform_Eps_2.0_Tau_Type_normal_anchors - INFO - Batch:[51] Adversarial images for this batch already exist
2026-02-05 16:41:03,466 - ADV_Generation_eps_1.0_steps_100_Added_Noise_uniform_Eps_2.0_Tau_Type_normal_anchors - INFO - Batch 52/8100: Clean accuracy 0.0000 | Adv accuracy: 0.0000 | Counter-attack accuracy: 0.0000
2026-02-05 16:41:03,469 - ADV_Generation_eps_1.0_steps_100_Added_Noise_uniform_Eps_2.0_Tau_Type_normal_anchors - INFO - Batch:[52] Adversarial images for this batch already exist
2026-02-05 16:41:03,686 - ADV_Generation_eps_1.0_steps_100_Added_Noise_uniform_Eps_2.0_Tau_Type_normal_anchors - INFO - Batch 53/8100: Clean accuracy 0.0000 | Adv accuracy: 0.0000 | Counter-attack accuracy: 0.0000
2026-02-05 16:41:03,688 - ADV_Generation_eps_1.0_steps_100_Added_Noise_uniform_Eps_2.0_Tau_Type_normal_anchors - INFO - Batch:[53] Adversarial images for this batch already exist
2026-02-05 16:41:03,911 - ADV_Generation_eps_1.0_steps_100_Added_Noise_uniform_Eps_2.0_Tau_Type_normal_anchors - INFO - Batch 54/8100: Clean accuracy 0.0000 | Adv accuracy: 0.0000 | Counter-attack accuracy: 0.0000
2026-02-05 16:41:03,911 - ADV_Generation_eps_1.0_steps_100_Added_Noise_uniform_Eps_2.0_Tau_Type_normal_anchors - INFO - Batch:[54] Adversarial images for this batch already exist
2026-02-05 16:41:04,129 - ADV_Generation_eps_1.0_steps_100_Added_Noise_uniform_Eps_2.0_Tau_Type_normal_anchors - INFO - Batch 55/8100: Clean accuracy 0.0000 | Adv accuracy: 0.0000 | Counter-attack accuracy: 0.0000
2026-02-05 16:41:04,131 - ADV_Generation_eps_1.0_steps_100_Added_Noise_uniform_Eps_2.0_Tau_Type_normal_anchors - INFO - Batch:[55] Adversarial images for this batch already exist
2026-02-05 16:41:04,348 - ADV_Generation_eps_1.0_steps_100_Added_Noise_uniform_Eps_2.0_Tau_Type_normal_anchors - INFO - Batch 56/8100: Clean accuracy 0.0000 | Adv accuracy: 0.0000 | Counter-attack accuracy: 0.0000
2026-02-05 16:41:04,350 - ADV_Generation_eps_1.0_steps_100_Added_Noise_uniform_Eps_2.0_Tau_Type_normal_anchors - INFO - Batch:[56] Adversarial images for this batch already exist
2026-02-05 16:41:04,572 - ADV_Generation_eps_1.0_steps_100_Added_Noise_uniform_Eps_2.0_Tau_Type_normal_anchors - INFO - Batch 57/8100: Clean accuracy 0.0000 | Adv accuracy: 0.0000 | Counter-attack accuracy: 0.0000
2026-02-05 16:41:04,573 - ADV_Generation_eps_1.0_steps_100_Added_Noise_uniform_Eps_2.0_Tau_Type_normal_anchors - INFO - Batch:[57] Adversarial images for this batch already exist
2026-02-05 16:41:04,789 - ADV_Generation_eps_1.0_steps_100_Added_Noise_uniform_Eps_2.0_Tau_Type_normal_anchors - INFO - Batch 58/8100: Clean accuracy 0.0000 | Adv accuracy: 0.0000 | Counter-attack accuracy: 0.0000
2026-02-05 16:41:04,793 - ADV_Generation_eps_1.0_steps_100_Added_Noise_uniform_Eps_2.0_Tau_Type_normal_anchors - INFO - Batch:[58] Adversarial images for this batch already exist
2026-02-05 16:41:05,015 - ADV_Generation_eps_1.0_steps_100_Added_Noise_uniform_Eps_2.0_Tau_Type_normal_anchors - INFO - Batch 59/8100: Clean accuracy 0.0000 | Adv accuracy: 0.0000 | Counter-attack accuracy: 0.0000
2026-02-05 16:41:05,017 - ADV_Generation_eps_1.0_steps_100_Added_Noise_uniform_Eps_2.0_Tau_Type_normal_anchors - INFO - Batch:[59] Adversarial images for this batch already exist
2026-02-05 16:41:05,231 - ADV_Generation_eps_1.0_steps_100_Added_Noise_uniform_Eps_2.0_Tau_Type_normal_anchors - INFO - Batch 60/8100: Clean accuracy 0.0000 | Adv accuracy: 0.0000 | Counter-attack accuracy: 0.0000
2026-02-05 16:41:05,233 - ADV_Generation_eps_1.0_steps_100_Added_Noise_uniform_Eps_2.0_Tau_Type_normal_anchors - INFO - Batch:[60] Adversarial images for this batch already exist
2026-02-05 16:41:05,451 - ADV_Generation_eps_1.0_steps_100_Added_Noise_uniform_Eps_2.0_Tau_Type_normal_anchors - INFO - Batch 61/8100: Clean accuracy 0.0000 | Adv accuracy: 0.0000 | Counter-attack accuracy: 0.0000
2026-02-05 16:41:05,453 - ADV_Generation_eps_1.0_steps_100_Added_Noise_uniform_Eps_2.0_Tau_Type_normal_anchors - INFO - Batch:[61] Adversarial images for this batch already exist
2026-02-05 16:41:05,673 - ADV_Generation_eps_1.0_steps_100_Added_Noise_uniform_Eps_2.0_Tau_Type_normal_anchors - INFO - Batch 62/8100: Clean accuracy 0.0000 | Adv accuracy: 0.0000 | Counter-attack accuracy: 0.0000
2026-02-05 16:41:05,675 - ADV_Generation_eps_1.0_steps_100_Added_Noise_uniform_Eps_2.0_Tau_Type_normal_anchors - INFO - Batch:[62] Adversarial images for this batch already exist
2026-02-05 16:41:05,895 - ADV_Generation_eps_1.0_steps_100_Added_Noise_uniform_Eps_2.0_Tau_Type_normal_anchors - INFO - Batch 63/8100: Clean accuracy 0.0000 | Adv accuracy: 0.0000 | Counter-attack accuracy: 0.0000
2026-02-05 16:41:05,898 - ADV_Generation_eps_1.0_steps_100_Added_Noise_uniform_Eps_2.0_Tau_Type_normal_anchors - INFO - Batch:[63] Adversarial images for this batch already exist
2026-02-05 16:41:06,133 - ADV_Generation_eps_1.0_steps_100_Added_Noise_uniform_Eps_2.0_Tau_Type_normal_anchors - INFO - Batch 64/8100: Clean accuracy 0.0000 | Adv accuracy: 0.0000 | Counter-attack accuracy: 0.0000
2026-02-05 16:41:06,135 - ADV_Generation_eps_1.0_steps_100_Added_Noise_uniform_Eps_2.0_Tau_Type_normal_anchors - INFO - Batch:[64] Adversarial images for this batch already exist
2026-02-05 16:41:06,356 - ADV_Generation_eps_1.0_steps_100_Added_Noise_uniform_Eps_2.0_Tau_Type_normal_anchors - INFO - Batch 65/8100: Clean accuracy 0.0000 | Adv accuracy: 0.0000 | Counter-attack accuracy: 0.0000
2026-02-05 16:41:06,358 - ADV_Generation_eps_1.0_steps_100_Added_Noise_uniform_Eps_2.0_Tau_Type_normal_anchors - INFO - Batch:[65] Adversarial images for this batch already exist
2026-02-05 16:41:06,580 - ADV_Generation_eps_1.0_steps_100_Added_Noise_uniform_Eps_2.0_Tau_Type_normal_anchors - INFO - Batch 66/8100: Clean accuracy 0.0000 | Adv accuracy: 0.0000 | Counter-attack accuracy: 0.0000
2026-02-05 16:41:06,583 - ADV_Generation_eps_1.0_steps_100_Added_Noise_uniform_Eps_2.0_Tau_Type_normal_anchors - INFO - Batch:[66] Adversarial images for this batch already exist
2026-02-05 16:41:06,813 - ADV_Generation_eps_1.0_steps_100_Added_Noise_uniform_Eps_2.0_Tau_Type_normal_anchors - INFO - Batch 67/8100: Clean accuracy 0.0000 | Adv accuracy: 0.0000 | Counter-attack accuracy: 0.0000
2026-02-05 16:41:06,815 - ADV_Generation_eps_1.0_steps_100_Added_Noise_uniform_Eps_2.0_Tau_Type_normal_anchors - INFO - Batch:[67] Adversarial images for this batch already exist
2026-02-05 16:41:07,040 - ADV_Generation_eps_1.0_steps_100_Added_Noise_uniform_Eps_2.0_Tau_Type_normal_anchors - INFO - Batch 68/8100: Clean accuracy 0.0000 | Adv accuracy: 0.0000 | Counter-attack accuracy: 0.0000
2026-02-05 16:41:07,040 - ADV_Generation_eps_1.0_steps_100_Added_Noise_uniform_Eps_2.0_Tau_Type_normal_anchors - INFO - Batch:[68] Adversarial images for this batch already exist
2026-02-05 16:41:07,270 - ADV_Generation_eps_1.0_steps_100_Added_Noise_uniform_Eps_2.0_Tau_Type_normal_anchors - INFO - Batch 69/8100: Clean accuracy 0.0000 | Adv accuracy: 0.0000 | Counter-attack accuracy: 0.0000
2026-02-05 16:41:07,272 - ADV_Generation_eps_1.0_steps_100_Added_Noise_uniform_Eps_2.0_Tau_Type_normal_anchors - INFO - Batch:[69] Adversarial images for this batch already exist
2026-02-05 16:41:07,495 - ADV_Generation_eps_1.0_steps_100_Added_Noise_uniform_Eps_2.0_Tau_Type_normal_anchors - INFO - Batch 70/8100: Clean accuracy 0.0000 | Adv accuracy: 0.0000 | Counter-attack accuracy: 0.0000
2026-02-05 16:41:07,497 - ADV_Generation_eps_1.0_steps_100_Added_Noise_uniform_Eps_2.0_Tau_Type_normal_anchors - INFO - Batch:[70] Adversarial images for this batch already exist
2026-02-05 16:41:07,722 - ADV_Generation_eps_1.0_steps_100_Added_Noise_uniform_Eps_2.0_Tau_Type_normal_anchors - INFO - Batch 71/8100: Clean accuracy 0.0000 | Adv accuracy: 0.0000 | Counter-attack accuracy: 0.0000
2026-02-05 16:41:07,723 - ADV_Generation_eps_1.0_steps_100_Added_Noise_uniform_Eps_2.0_Tau_Type_normal_anchors - INFO - Batch:[71] Adversarial images for this batch already exist
2026-02-05 16:41:07,943 - ADV_Generation_eps_1.0_steps_100_Added_Noise_uniform_Eps_2.0_Tau_Type_normal_anchors - INFO - Batch 72/8100: Clean accuracy 0.0000 | Adv accuracy: 0.0000 | Counter-attack accuracy: 0.0000
2026-02-05 16:41:07,944 - ADV_Generation_eps_1.0_steps_100_Added_Noise_uniform_Eps_2.0_Tau_Type_normal_anchors - INFO - Batch:[72] Adversarial images for this batch already exist
2026-02-05 16:41:08,169 - ADV_Generation_eps_1.0_steps_100_Added_Noise_uniform_Eps_2.0_Tau_Type_normal_anchors - INFO - Batch 73/8100: Clean accuracy 0.0000 | Adv accuracy: 0.0000 | Counter-attack accuracy: 0.0000
2026-02-05 16:41:08,172 - ADV_Generation_eps_1.0_steps_100_Added_Noise_uniform_Eps_2.0_Tau_Type_normal_anchors - INFO - Batch:[73] Adversarial images for this batch already exist
2026-02-05 16:41:08,401 - ADV_Generation_eps_1.0_steps_100_Added_Noise_uniform_Eps_2.0_Tau_Type_normal_anchors - INFO - Batch 74/8100: Clean accuracy 0.0000 | Adv accuracy: 0.0000 | Counter-attack accuracy: 0.0000
2026-02-05 16:41:08,402 - ADV_Generation_eps_1.0_steps_100_Added_Noise_uniform_Eps_2.0_Tau_Type_normal_anchors - INFO - Batch:[74] Adversarial images for this batch already exist
2026-02-05 16:41:08,626 - ADV_Generation_eps_1.0_steps_100_Added_Noise_uniform_Eps_2.0_Tau_Type_normal_anchors - INFO - Batch 75/8100: Clean accuracy 0.0000 | Adv accuracy: 0.0000 | Counter-attack accuracy: 0.0000
2026-02-05 16:41:08,629 - ADV_Generation_eps_1.0_steps_100_Added_Noise_uniform_Eps_2.0_Tau_Type_normal_anchors - INFO - Batch:[75] Adversarial images for this batch already exist
2026-02-05 16:41:08,849 - ADV_Generation_eps_1.0_steps_100_Added_Noise_uniform_Eps_2.0_Tau_Type_normal_anchors - INFO - Batch 76/8100: Clean accuracy 0.0000 | Adv accuracy: 0.0000 | Counter-attack accuracy: 0.0000
2026-02-05 16:41:08,849 - ADV_Generation_eps_1.0_steps_100_Added_Noise_uniform_Eps_2.0_Tau_Type_normal_anchors - INFO - Batch:[76] Adversarial images for this batch already exist
2026-02-05 16:41:09,063 - ADV_Generation_eps_1.0_steps_100_Added_Noise_uniform_Eps_2.0_Tau_Type_normal_anchors - INFO - Batch 77/8100: Clean accuracy 0.0000 | Adv accuracy: 0.0000 | Counter-attack accuracy: 0.0000
2026-02-05 16:41:09,064 - ADV_Generation_eps_1.0_steps_100_Added_Noise_uniform_Eps_2.0_Tau_Type_normal_anchors - INFO - Batch:[77] Adversarial images for this batch already exist
2026-02-05 16:41:09,285 - ADV_Generation_eps_1.0_steps_100_Added_Noise_uniform_Eps_2.0_Tau_Type_normal_anchors - INFO - Batch 78/8100: Clean accuracy 0.0000 | Adv accuracy: 0.0000 | Counter-attack accuracy: 0.0000
2026-02-05 16:41:09,286 - ADV_Generation_eps_1.0_steps_100_Added_Noise_uniform_Eps_2.0_Tau_Type_normal_anchors - INFO - Batch:[78] Adversarial images for this batch already exist
2026-02-05 16:41:09,501 - ADV_Generation_eps_1.0_steps_100_Added_Noise_uniform_Eps_2.0_Tau_Type_normal_anchors - INFO - Batch 79/8100: Clean accuracy 0.0000 | Adv accuracy: 0.0000 | Counter-attack accuracy: 0.0000
2026-02-05 16:41:09,505 - ADV_Generation_eps_1.0_steps_100_Added_Noise_uniform_Eps_2.0_Tau_Type_normal_anchors - INFO - Batch:[79] Adversarial images for this batch already exist
2026-02-05 16:41:09,725 - ADV_Generation_eps_1.0_steps_100_Added_Noise_uniform_Eps_2.0_Tau_Type_normal_anchors - INFO - Batch 80/8100: Clean accuracy 0.0000 | Adv accuracy: 0.0000 | Counter-attack accuracy: 0.0000
2026-02-05 16:41:09,727 - ADV_Generation_eps_1.0_steps_100_Added_Noise_uniform_Eps_2.0_Tau_Type_normal_anchors - INFO - Batch:[80] Adversarial images for this batch already exist
2026-02-05 16:41:09,949 - ADV_Generation_eps_1.0_steps_100_Added_Noise_uniform_Eps_2.0_Tau_Type_normal_anchors - INFO - Batch 81/8100: Clean accuracy 0.0000 | Adv accuracy: 0.0000 | Counter-attack accuracy: 0.0000
2026-02-05 16:41:09,949 - ADV_Generation_eps_1.0_steps_100_Added_Noise_uniform_Eps_2.0_Tau_Type_normal_anchors - INFO - Batch:[81] Adversarial images for this batch already exist
2026-02-05 16:41:10,178 - ADV_Generation_eps_1.0_steps_100_Added_Noise_uniform_Eps_2.0_Tau_Type_normal_anchors - INFO - Batch 82/8100: Clean accuracy 0.0000 | Adv accuracy: 0.0000 | Counter-attack accuracy: 0.0000
2026-02-05 16:41:10,179 - ADV_Generation_eps_1.0_steps_100_Added_Noise_uniform_Eps_2.0_Tau_Type_normal_anchors - INFO - Batch:[82] Adversarial images for this batch already exist
2026-02-05 16:41:10,402 - ADV_Generation_eps_1.0_steps_100_Added_Noise_uniform_Eps_2.0_Tau_Type_normal_anchors - INFO - Batch 83/8100: Clean accuracy 0.0000 | Adv accuracy: 0.0000 | Counter-attack accuracy: 0.0000
2026-02-05 16:41:10,404 - ADV_Generation_eps_1.0_steps_100_Added_Noise_uniform_Eps_2.0_Tau_Type_normal_anchors - INFO - Batch:[83] Adversarial images for this batch already exist
2026-02-05 16:41:10,624 - ADV_Generation_eps_1.0_steps_100_Added_Noise_uniform_Eps_2.0_Tau_Type_normal_anchors - INFO - Batch 84/8100: Clean accuracy 0.0000 | Adv accuracy: 0.0000 | Counter-attack accuracy: 0.0000
2026-02-05 16:41:10,626 - ADV_Generation_eps_1.0_steps_100_Added_Noise_uniform_Eps_2.0_Tau_Type_normal_anchors - INFO - Batch:[84] Adversarial images for this batch already exist
2026-02-05 16:41:10,846 - ADV_Generation_eps_1.0_steps_100_Added_Noise_uniform_Eps_2.0_Tau_Type_normal_anchors - INFO - Batch 85/8100: Clean accuracy 0.0000 | Adv accuracy: 0.0000 | Counter-attack accuracy: 0.0000
2026-02-05 16:41:10,850 - ADV_Generation_eps_1.0_steps_100_Added_Noise_uniform_Eps_2.0_Tau_Type_normal_anchors - INFO - Batch:[85] Adversarial images for this batch already exist
2026-02-05 16:41:11,071 - ADV_Generation_eps_1.0_steps_100_Added_Noise_uniform_Eps_2.0_Tau_Type_normal_anchors - INFO - Batch 86/8100: Clean accuracy 0.0000 | Adv accuracy: 0.0000 | Counter-attack accuracy: 0.0000
2026-02-05 16:41:11,072 - ADV_Generation_eps_1.0_steps_100_Added_Noise_uniform_Eps_2.0_Tau_Type_normal_anchors - INFO - Batch:[86] Adversarial images for this batch already exist
2026-02-05 16:41:11,290 - ADV_Generation_eps_1.0_steps_100_Added_Noise_uniform_Eps_2.0_Tau_Type_normal_anchors - INFO - Batch 87/8100: Clean accuracy 0.0000 | Adv accuracy: 0.0000 | Counter-attack accuracy: 0.0000
2026-02-05 16:41:11,291 - ADV_Generation_eps_1.0_steps_100_Added_Noise_uniform_Eps_2.0_Tau_Type_normal_anchors - INFO - Batch:[87] Adversarial images for this batch already exist
2026-02-05 16:41:11,506 - ADV_Generation_eps_1.0_steps_100_Added_Noise_uniform_Eps_2.0_Tau_Type_normal_anchors - INFO - Batch 88/8100: Clean accuracy 0.0000 | Adv accuracy: 0.0000 | Counter-attack accuracy: 0.0000
2026-02-05 16:41:11,509 - ADV_Generation_eps_1.0_steps_100_Added_Noise_uniform_Eps_2.0_Tau_Type_normal_anchors - INFO - Batch:[88] Adversarial images for this batch already exist
2026-02-05 16:41:11,755 - ADV_Generation_eps_1.0_steps_100_Added_Noise_uniform_Eps_2.0_Tau_Type_normal_anchors - INFO - Batch 89/8100: Clean accuracy 0.0000 | Adv accuracy: 0.0000 | Counter-attack accuracy: 0.0000
2026-02-05 16:41:11,756 - ADV_Generation_eps_1.0_steps_100_Added_Noise_uniform_Eps_2.0_Tau_Type_normal_anchors - INFO - Batch:[89] Adversarial images for this batch already exist
2026-02-05 16:41:11,975 - ADV_Generation_eps_1.0_steps_100_Added_Noise_uniform_Eps_2.0_Tau_Type_normal_anchors - INFO - Batch 90/8100: Clean accuracy 0.0000 | Adv accuracy: 0.0000 | Counter-attack accuracy: 0.0000
2026-02-05 16:41:11,979 - ADV_Generation_eps_1.0_steps_100_Added_Noise_uniform_Eps_2.0_Tau_Type_normal_anchors - INFO - Batch:[90] Adversarial images for this batch already exist
2026-02-05 16:41:12,199 - ADV_Generation_eps_1.0_steps_100_Added_Noise_uniform_Eps_2.0_Tau_Type_normal_anchors - INFO - Batch 91/8100: Clean accuracy 0.0000 | Adv accuracy: 0.0000 | Counter-attack accuracy: 0.0000
2026-02-05 16:41:12,201 - ADV_Generation_eps_1.0_steps_100_Added_Noise_uniform_Eps_2.0_Tau_Type_normal_anchors - INFO - Batch:[91] Adversarial images for this batch already exist
2026-02-05 16:41:12,417 - ADV_Generation_eps_1.0_steps_100_Added_Noise_uniform_Eps_2.0_Tau_Type_normal_anchors - INFO - Batch 92/8100: Clean accuracy 0.0000 | Adv accuracy: 0.0000 | Counter-attack accuracy: 0.0000
2026-02-05 16:41:12,418 - ADV_Generation_eps_1.0_steps_100_Added_Noise_uniform_Eps_2.0_Tau_Type_normal_anchors - INFO - Batch:[92] Adversarial images for this batch already exist
2026-02-05 16:41:12,639 - ADV_Generation_eps_1.0_steps_100_Added_Noise_uniform_Eps_2.0_Tau_Type_normal_anchors - INFO - Batch 93/8100: Clean accuracy 0.0000 | Adv accuracy: 0.0000 | Counter-attack accuracy: 0.0000
2026-02-05 16:41:12,640 - ADV_Generation_eps_1.0_steps_100_Added_Noise_uniform_Eps_2.0_Tau_Type_normal_anchors - INFO - Batch:[93] Adversarial images for this batch already exist
2026-02-05 16:41:12,864 - ADV_Generation_eps_1.0_steps_100_Added_Noise_uniform_Eps_2.0_Tau_Type_normal_anchors - INFO - Batch 94/8100: Clean accuracy 0.0000 | Adv accuracy: 0.0000 | Counter-attack accuracy: 0.0000
2026-02-05 16:41:12,865 - ADV_Generation_eps_1.0_steps_100_Added_Noise_uniform_Eps_2.0_Tau_Type_normal_anchors - INFO - Batch:[94] Adversarial images for this batch already exist
2026-02-05 16:41:13,097 - ADV_Generation_eps_1.0_steps_100_Added_Noise_uniform_Eps_2.0_Tau_Type_normal_anchors - INFO - Batch 95/8100: Clean accuracy 0.0000 | Adv accuracy: 0.0000 | Counter-attack accuracy: 0.0000
2026-02-05 16:41:13,098 - ADV_Generation_eps_1.0_steps_100_Added_Noise_uniform_Eps_2.0_Tau_Type_normal_anchors - INFO - Batch:[95] Adversarial images for this batch already exist
2026-02-05 16:41:13,332 - ADV_Generation_eps_1.0_steps_100_Added_Noise_uniform_Eps_2.0_Tau_Type_normal_anchors - INFO - Batch 96/8100: Clean accuracy 0.0000 | Adv accuracy: 0.0000 | Counter-attack accuracy: 0.0000
2026-02-05 16:41:13,334 - ADV_Generation_eps_1.0_steps_100_Added_Noise_uniform_Eps_2.0_Tau_Type_normal_anchors - INFO - Batch:[96] Adversarial images for this batch already exist
2026-02-05 16:41:13,558 - ADV_Generation_eps_1.0_steps_100_Added_Noise_uniform_Eps_2.0_Tau_Type_normal_anchors - INFO - Batch 97/8100: Clean accuracy 0.0000 | Adv accuracy: 0.0000 | Counter-attack accuracy: 0.0000
2026-02-05 16:41:13,560 - ADV_Generation_eps_1.0_steps_100_Added_Noise_uniform_Eps_2.0_Tau_Type_normal_anchors - INFO - Batch:[97] Adversarial images for this batch already exist
2026-02-05 16:41:13,779 - ADV_Generation_eps_1.0_steps_100_Added_Noise_uniform_Eps_2.0_Tau_Type_normal_anchors - INFO - Batch 98/8100: Clean accuracy 0.0000 | Adv accuracy: 0.0000 | Counter-attack accuracy: 0.0000
2026-02-05 16:41:13,783 - ADV_Generation_eps_1.0_steps_100_Added_Noise_uniform_Eps_2.0_Tau_Type_normal_anchors - INFO - Batch:[98] Adversarial images for this batch already exist
2026-02-05 16:41:13,999 - ADV_Generation_eps_1.0_steps_100_Added_Noise_uniform_Eps_2.0_Tau_Type_normal_anchors - INFO - Batch 99/8100: Clean accuracy 0.0000 | Adv accuracy: 0.0000 | Counter-attack accuracy: 0.0000
2026-02-05 16:41:14,002 - ADV_Generation_eps_1.0_steps_100_Added_Noise_uniform_Eps_2.0_Tau_Type_normal_anchors - INFO - Batch:[99] Adversarial images for this batch already exist
2026-02-05 16:41:14,242 - ADV_Generation_eps_1.0_steps_100_Added_Noise_uniform_Eps_2.0_Tau_Type_normal_anchors - INFO - Batch 100/8100: Clean accuracy 0.0000 | Adv accuracy: 0.0000 | Counter-attack accuracy: 0.0000
2026-02-05 16:41:14,242 - ADV_Generation_eps_1.0_steps_100_Added_Noise_uniform_Eps_2.0_Tau_Type_normal_anchors - INFO - Batch:[100] Adversarial images for this batch already exist
2026-02-05 16:41:14,460 - ADV_Generation_eps_1.0_steps_100_Added_Noise_uniform_Eps_2.0_Tau_Type_normal_anchors - INFO - Batch 101/8100: Clean accuracy 0.0000 | Adv accuracy: 0.0000 | Counter-attack accuracy: 0.0000
2026-02-05 16:41:14,461 - ADV_Generation_eps_1.0_steps_100_Added_Noise_uniform_Eps_2.0_Tau_Type_normal_anchors - INFO - Batch:[101] Adversarial images for this batch already exist
2026-02-05 16:41:14,700 - ADV_Generation_eps_1.0_steps_100_Added_Noise_uniform_Eps_2.0_Tau_Type_normal_anchors - INFO - Batch 102/8100: Clean accuracy 0.0000 | Adv accuracy: 0.0000 | Counter-attack accuracy: 0.0000
2026-02-05 16:41:14,703 - ADV_Generation_eps_1.0_steps_100_Added_Noise_uniform_Eps_2.0_Tau_Type_normal_anchors - INFO - Batch:[102] Adversarial images for this batch already exist
2026-02-05 16:41:14,923 - ADV_Generation_eps_1.0_steps_100_Added_Noise_uniform_Eps_2.0_Tau_Type_normal_anchors - INFO - Batch 103/8100: Clean accuracy 0.0000 | Adv accuracy: 0.0000 | Counter-attack accuracy: 0.0000
2026-02-05 16:41:14,925 - ADV_Generation_eps_1.0_steps_100_Added_Noise_uniform_Eps_2.0_Tau_Type_normal_anchors - INFO - Batch:[103] Adversarial images for this batch already exist
2026-02-05 16:41:15,149 - ADV_Generation_eps_1.0_steps_100_Added_Noise_uniform_Eps_2.0_Tau_Type_normal_anchors - INFO - Batch 104/8100: Clean accuracy 0.0000 | Adv accuracy: 0.0000 | Counter-attack accuracy: 0.0000
2026-02-05 16:41:15,149 - ADV_Generation_eps_1.0_steps_100_Added_Noise_uniform_Eps_2.0_Tau_Type_normal_anchors - INFO - Batch:[104] Adversarial images for this batch already exist
2026-02-05 16:41:15,365 - ADV_Generation_eps_1.0_steps_100_Added_Noise_uniform_Eps_2.0_Tau_Type_normal_anchors - INFO - Batch 105/8100: Clean accuracy 0.0000 | Adv accuracy: 0.0000 | Counter-attack accuracy: 0.0000
2026-02-05 16:41:15,367 - ADV_Generation_eps_1.0_steps_100_Added_Noise_uniform_Eps_2.0_Tau_Type_normal_anchors - INFO - Batch:[105] Adversarial images for this batch already exist
2026-02-05 16:41:15,592 - ADV_Generation_eps_1.0_steps_100_Added_Noise_uniform_Eps_2.0_Tau_Type_normal_anchors - INFO - Batch 106/8100: Clean accuracy 0.0000 | Adv accuracy: 0.0000 | Counter-attack accuracy: 0.0000
2026-02-05 16:41:15,592 - ADV_Generation_eps_1.0_steps_100_Added_Noise_uniform_Eps_2.0_Tau_Type_normal_anchors - INFO - Batch:[106] Adversarial images for this batch already exist
2026-02-05 16:41:15,816 - ADV_Generation_eps_1.0_steps_100_Added_Noise_uniform_Eps_2.0_Tau_Type_normal_anchors - INFO - Batch 107/8100: Clean accuracy 0.0000 | Adv accuracy: 0.0000 | Counter-attack accuracy: 0.0000
2026-02-05 16:41:15,816 - ADV_Generation_eps_1.0_steps_100_Added_Noise_uniform_Eps_2.0_Tau_Type_normal_anchors - INFO - Batch:[107] Adversarial images for this batch already exist
2026-02-05 16:41:16,036 - ADV_Generation_eps_1.0_steps_100_Added_Noise_uniform_Eps_2.0_Tau_Type_normal_anchors - INFO - Batch 108/8100: Clean accuracy 0.0000 | Adv accuracy: 0.0000 | Counter-attack accuracy: 0.0000
2026-02-05 16:41:16,037 - ADV_Generation_eps_1.0_steps_100_Added_Noise_uniform_Eps_2.0_Tau_Type_normal_anchors - INFO - Batch:[108] Adversarial images for this batch already exist
2026-02-05 16:41:16,261 - ADV_Generation_eps_1.0_steps_100_Added_Noise_uniform_Eps_2.0_Tau_Type_normal_anchors - INFO - Batch 109/8100: Clean accuracy 0.0000 | Adv accuracy: 0.0000 | Counter-attack accuracy: 0.0000
2026-02-05 16:41:16,261 - ADV_Generation_eps_1.0_steps_100_Added_Noise_uniform_Eps_2.0_Tau_Type_normal_anchors - INFO - Batch:[109] Adversarial images for this batch already exist
2026-02-05 16:41:16,478 - ADV_Generation_eps_1.0_steps_100_Added_Noise_uniform_Eps_2.0_Tau_Type_normal_anchors - INFO - Batch 110/8100: Clean accuracy 0.0000 | Adv accuracy: 0.0000 | Counter-attack accuracy: 0.0000
2026-02-05 16:41:16,479 - ADV_Generation_eps_1.0_steps_100_Added_Noise_uniform_Eps_2.0_Tau_Type_normal_anchors - INFO - Batch:[110] Adversarial images for this batch already exist
2026-02-05 16:41:16,696 - ADV_Generation_eps_1.0_steps_100_Added_Noise_uniform_Eps_2.0_Tau_Type_normal_anchors - INFO - Batch 111/8100: Clean accuracy 0.0000 | Adv accuracy: 0.0000 | Counter-attack accuracy: 0.0000
2026-02-05 16:41:16,696 - ADV_Generation_eps_1.0_steps_100_Added_Noise_uniform_Eps_2.0_Tau_Type_normal_anchors - INFO - Batch:[111] Adversarial images for this batch already exist
2026-02-05 16:41:16,906 - ADV_Generation_eps_1.0_steps_100_Added_Noise_uniform_Eps_2.0_Tau_Type_normal_anchors - INFO - Batch 112/8100: Clean accuracy 0.0000 | Adv accuracy: 0.0000 | Counter-attack accuracy: 0.0000
2026-02-05 16:41:16,908 - ADV_Generation_eps_1.0_steps_100_Added_Noise_uniform_Eps_2.0_Tau_Type_normal_anchors - INFO - Batch:[112] Adversarial images for this batch already exist
2026-02-05 16:41:17,123 - ADV_Generation_eps_1.0_steps_100_Added_Noise_uniform_Eps_2.0_Tau_Type_normal_anchors - INFO - Batch 113/8100: Clean accuracy 0.0000 | Adv accuracy: 0.0000 | Counter-attack accuracy: 0.0000
2026-02-05 16:41:17,127 - ADV_Generation_eps_1.0_steps_100_Added_Noise_uniform_Eps_2.0_Tau_Type_normal_anchors - INFO - Batch:[113] Adversarial images for this batch already exist
2026-02-05 16:41:17,376 - ADV_Generation_eps_1.0_steps_100_Added_Noise_uniform_Eps_2.0_Tau_Type_normal_anchors - INFO - Batch 114/8100: Clean accuracy 0.0000 | Adv accuracy: 0.0000 | Counter-attack accuracy: 0.0000
2026-02-05 16:41:17,378 - ADV_Generation_eps_1.0_steps_100_Added_Noise_uniform_Eps_2.0_Tau_Type_normal_anchors - INFO - Batch:[114] Adversarial images for this batch already exist
2026-02-05 16:41:17,615 - ADV_Generation_eps_1.0_steps_100_Added_Noise_uniform_Eps_2.0_Tau_Type_normal_anchors - INFO - Batch 115/8100: Clean accuracy 0.0000 | Adv accuracy: 0.0000 | Counter-attack accuracy: 0.0000
2026-02-05 16:41:17,618 - ADV_Generation_eps_1.0_steps_100_Added_Noise_uniform_Eps_2.0_Tau_Type_normal_anchors - INFO - Batch:[115] Adversarial images for this batch already exist
2026-02-05 16:41:17,868 - ADV_Generation_eps_1.0_steps_100_Added_Noise_uniform_Eps_2.0_Tau_Type_normal_anchors - INFO - Batch 116/8100: Clean accuracy 0.0000 | Adv accuracy: 0.0000 | Counter-attack accuracy: 0.0000
2026-02-05 16:41:17,871 - ADV_Generation_eps_1.0_steps_100_Added_Noise_uniform_Eps_2.0_Tau_Type_normal_anchors - INFO - Batch:[116] Adversarial images for this batch already exist
2026-02-05 16:41:18,103 - ADV_Generation_eps_1.0_steps_100_Added_Noise_uniform_Eps_2.0_Tau_Type_normal_anchors - INFO - Batch 117/8100: Clean accuracy 0.0000 | Adv accuracy: 0.0000 | Counter-attack accuracy: 0.0000
2026-02-05 16:41:18,105 - ADV_Generation_eps_1.0_steps_100_Added_Noise_uniform_Eps_2.0_Tau_Type_normal_anchors - INFO - Batch:[117] Adversarial images for this batch already exist
2026-02-05 16:41:18,334 - ADV_Generation_eps_1.0_steps_100_Added_Noise_uniform_Eps_2.0_Tau_Type_normal_anchors - INFO - Batch 118/8100: Clean accuracy 0.0000 | Adv accuracy: 0.0000 | Counter-attack accuracy: 0.0000
2026-02-05 16:41:18,335 - ADV_Generation_eps_1.0_steps_100_Added_Noise_uniform_Eps_2.0_Tau_Type_normal_anchors - INFO - Batch:[118] Adversarial images for this batch already exist
2026-02-05 16:41:18,557 - ADV_Generation_eps_1.0_steps_100_Added_Noise_uniform_Eps_2.0_Tau_Type_normal_anchors - INFO - Batch 119/8100: Clean accuracy 0.0000 | Adv accuracy: 0.0000 | Counter-attack accuracy: 0.0000
2026-02-05 16:41:18,560 - ADV_Generation_eps_1.0_steps_100_Added_Noise_uniform_Eps_2.0_Tau_Type_normal_anchors - INFO - Batch:[119] Adversarial images for this batch already exist
2026-02-05 16:41:18,863 - ADV_Generation_eps_1.0_steps_100_Added_Noise_uniform_Eps_2.0_Tau_Type_normal_anchors - INFO - Batch 120/8100: Clean accuracy 0.0000 | Adv accuracy: 0.0000 | Counter-attack accuracy: 0.0000
2026-02-05 16:41:18,865 - ADV_Generation_eps_1.0_steps_100_Added_Noise_uniform_Eps_2.0_Tau_Type_normal_anchors - INFO - Batch:[120] Adversarial images for this batch already exist
2026-02-05 16:41:19,092 - ADV_Generation_eps_1.0_steps_100_Added_Noise_uniform_Eps_2.0_Tau_Type_normal_anchors - INFO - Batch 121/8100: Clean accuracy 0.0000 | Adv accuracy: 0.0000 | Counter-attack accuracy: 0.0000
2026-02-05 16:41:19,093 - ADV_Generation_eps_1.0_steps_100_Added_Noise_uniform_Eps_2.0_Tau_Type_normal_anchors - INFO - Batch:[121] Adversarial images for this batch already exist
2026-02-05 16:41:19,324 - ADV_Generation_eps_1.0_steps_100_Added_Noise_uniform_Eps_2.0_Tau_Type_normal_anchors - INFO - Batch 122/8100: Clean accuracy 0.0000 | Adv accuracy: 0.0000 | Counter-attack accuracy: 0.0000
2026-02-05 16:41:19,324 - ADV_Generation_eps_1.0_steps_100_Added_Noise_uniform_Eps_2.0_Tau_Type_normal_anchors - INFO - Batch:[122] Adversarial images for this batch already exist
2026-02-05 16:41:19,545 - ADV_Generation_eps_1.0_steps_100_Added_Noise_uniform_Eps_2.0_Tau_Type_normal_anchors - INFO - Batch 123/8100: Clean accuracy 0.0000 | Adv accuracy: 0.0000 | Counter-attack accuracy: 0.0000
2026-02-05 16:41:19,546 - ADV_Generation_eps_1.0_steps_100_Added_Noise_uniform_Eps_2.0_Tau_Type_normal_anchors - INFO - Batch:[123] Adversarial images for this batch already exist
2026-02-05 16:41:19,768 - ADV_Generation_eps_1.0_steps_100_Added_Noise_uniform_Eps_2.0_Tau_Type_normal_anchors - INFO - Batch 124/8100: Clean accuracy 0.0000 | Adv accuracy: 0.0000 | Counter-attack accuracy: 0.0000
2026-02-05 16:41:19,770 - ADV_Generation_eps_1.0_steps_100_Added_Noise_uniform_Eps_2.0_Tau_Type_normal_anchors - INFO - Batch:[124] Adversarial images for this batch already exist
2026-02-05 16:41:19,987 - ADV_Generation_eps_1.0_steps_100_Added_Noise_uniform_Eps_2.0_Tau_Type_normal_anchors - INFO - Batch 125/8100: Clean accuracy 0.0000 | Adv accuracy: 0.0000 | Counter-attack accuracy: 0.0000
2026-02-05 16:41:19,989 - ADV_Generation_eps_1.0_steps_100_Added_Noise_uniform_Eps_2.0_Tau_Type_normal_anchors - INFO - Batch:[125] Adversarial images for this batch already exist
2026-02-05 16:41:20,212 - ADV_Generation_eps_1.0_steps_100_Added_Noise_uniform_Eps_2.0_Tau_Type_normal_anchors - INFO - Batch 126/8100: Clean accuracy 0.0000 | Adv accuracy: 0.0000 | Counter-attack accuracy: 0.0000
2026-02-05 16:41:20,214 - ADV_Generation_eps_1.0_steps_100_Added_Noise_uniform_Eps_2.0_Tau_Type_normal_anchors - INFO - Batch:[126] Adversarial images for this batch already exist
2026-02-05 16:41:20,428 - ADV_Generation_eps_1.0_steps_100_Added_Noise_uniform_Eps_2.0_Tau_Type_normal_anchors - INFO - Batch 127/8100: Clean accuracy 0.0000 | Adv accuracy: 0.0000 | Counter-attack accuracy: 0.0000
2026-02-05 16:41:20,431 - ADV_Generation_eps_1.0_steps_100_Added_Noise_uniform_Eps_2.0_Tau_Type_normal_anchors - INFO - Batch:[127] Adversarial images for this batch already exist
2026-02-05 16:41:20,649 - ADV_Generation_eps_1.0_steps_100_Added_Noise_uniform_Eps_2.0_Tau_Type_normal_anchors - INFO - Batch 128/8100: Clean accuracy 0.0000 | Adv accuracy: 0.0000 | Counter-attack accuracy: 0.0000
2026-02-05 16:41:20,651 - ADV_Generation_eps_1.0_steps_100_Added_Noise_uniform_Eps_2.0_Tau_Type_normal_anchors - INFO - Batch:[128] Adversarial images for this batch already exist
2026-02-05 16:41:20,885 - ADV_Generation_eps_1.0_steps_100_Added_Noise_uniform_Eps_2.0_Tau_Type_normal_anchors - INFO - Batch 129/8100: Clean accuracy 0.0000 | Adv accuracy: 0.0000 | Counter-attack accuracy: 0.0000
2026-02-05 16:41:20,886 - ADV_Generation_eps_1.0_steps_100_Added_Noise_uniform_Eps_2.0_Tau_Type_normal_anchors - INFO - Batch:[129] Adversarial images for this batch already exist
2026-02-05 16:41:21,110 - ADV_Generation_eps_1.0_steps_100_Added_Noise_uniform_Eps_2.0_Tau_Type_normal_anchors - INFO - Batch 130/8100: Clean accuracy 0.0000 | Adv accuracy: 0.0000 | Counter-attack accuracy: 0.0000
2026-02-05 16:41:21,111 - ADV_Generation_eps_1.0_steps_100_Added_Noise_uniform_Eps_2.0_Tau_Type_normal_anchors - INFO - Batch:[130] Adversarial images for this batch already exist
2026-02-05 16:41:21,329 - ADV_Generation_eps_1.0_steps_100_Added_Noise_uniform_Eps_2.0_Tau_Type_normal_anchors - INFO - Batch 131/8100: Clean accuracy 0.0000 | Adv accuracy: 0.0000 | Counter-attack accuracy: 0.0000
2026-02-05 16:41:21,332 - ADV_Generation_eps_1.0_steps_100_Added_Noise_uniform_Eps_2.0_Tau_Type_normal_anchors - INFO - Batch:[131] Adversarial images for this batch already exist
2026-02-05 16:41:21,547 - ADV_Generation_eps_1.0_steps_100_Added_Noise_uniform_Eps_2.0_Tau_Type_normal_anchors - INFO - Batch 132/8100: Clean accuracy 0.0000 | Adv accuracy: 0.0000 | Counter-attack accuracy: 0.0000
2026-02-05 16:41:21,548 - ADV_Generation_eps_1.0_steps_100_Added_Noise_uniform_Eps_2.0_Tau_Type_normal_anchors - INFO - Batch:[132] Adversarial images for this batch already exist
2026-02-05 16:41:21,767 - ADV_Generation_eps_1.0_steps_100_Added_Noise_uniform_Eps_2.0_Tau_Type_normal_anchors - INFO - Batch 133/8100: Clean accuracy 0.0000 | Adv accuracy: 0.0000 | Counter-attack accuracy: 0.0000
2026-02-05 16:41:21,768 - ADV_Generation_eps_1.0_steps_100_Added_Noise_uniform_Eps_2.0_Tau_Type_normal_anchors - INFO - Batch:[133] Adversarial images for this batch already exist
2026-02-05 16:41:21,983 - ADV_Generation_eps_1.0_steps_100_Added_Noise_uniform_Eps_2.0_Tau_Type_normal_anchors - INFO - Batch 134/8100: Clean accuracy 0.0000 | Adv accuracy: 0.0000 | Counter-attack accuracy: 0.0000
2026-02-05 16:41:21,984 - ADV_Generation_eps_1.0_steps_100_Added_Noise_uniform_Eps_2.0_Tau_Type_normal_anchors - INFO - Batch:[134] Adversarial images for this batch already exist
2026-02-05 16:41:22,196 - ADV_Generation_eps_1.0_steps_100_Added_Noise_uniform_Eps_2.0_Tau_Type_normal_anchors - INFO - Batch 135/8100: Clean accuracy 0.0000 | Adv accuracy: 0.0000 | Counter-attack accuracy: 0.0000
2026-02-05 16:41:22,197 - ADV_Generation_eps_1.0_steps_100_Added_Noise_uniform_Eps_2.0_Tau_Type_normal_anchors - INFO - Batch:[135] Adversarial images for this batch already exist
2026-02-05 16:41:22,419 - ADV_Generation_eps_1.0_steps_100_Added_Noise_uniform_Eps_2.0_Tau_Type_normal_anchors - INFO - Batch 136/8100: Clean accuracy 0.0000 | Adv accuracy: 0.0000 | Counter-attack accuracy: 0.0000
2026-02-05 16:41:22,421 - ADV_Generation_eps_1.0_steps_100_Added_Noise_uniform_Eps_2.0_Tau_Type_normal_anchors - INFO - Batch:[136] Adversarial images for this batch already exist
2026-02-05 16:41:22,638 - ADV_Generation_eps_1.0_steps_100_Added_Noise_uniform_Eps_2.0_Tau_Type_normal_anchors - INFO - Batch 137/8100: Clean accuracy 0.0000 | Adv accuracy: 0.0000 | Counter-attack accuracy: 0.0000
2026-02-05 16:41:22,639 - ADV_Generation_eps_1.0_steps_100_Added_Noise_uniform_Eps_2.0_Tau_Type_normal_anchors - INFO - Batch:[137] Adversarial images for this batch already exist
2026-02-05 16:41:22,860 - ADV_Generation_eps_1.0_steps_100_Added_Noise_uniform_Eps_2.0_Tau_Type_normal_anchors - INFO - Batch 138/8100: Clean accuracy 0.0000 | Adv accuracy: 0.0000 | Counter-attack accuracy: 0.0000
2026-02-05 16:41:22,861 - ADV_Generation_eps_1.0_steps_100_Added_Noise_uniform_Eps_2.0_Tau_Type_normal_anchors - INFO - Batch:[138] Adversarial images for this batch already exist
2026-02-05 16:41:23,082 - ADV_Generation_eps_1.0_steps_100_Added_Noise_uniform_Eps_2.0_Tau_Type_normal_anchors - INFO - Batch 139/8100: Clean accuracy 0.0000 | Adv accuracy: 0.0000 | Counter-attack accuracy: 0.0000
2026-02-05 16:41:23,083 - ADV_Generation_eps_1.0_steps_100_Added_Noise_uniform_Eps_2.0_Tau_Type_normal_anchors - INFO - Batch:[139] Adversarial images for this batch already exist
2026-02-05 16:41:23,303 - ADV_Generation_eps_1.0_steps_100_Added_Noise_uniform_Eps_2.0_Tau_Type_normal_anchors - INFO - Batch 140/8100: Clean accuracy 0.0000 | Adv accuracy: 0.0000 | Counter-attack accuracy: 0.0000
2026-02-05 16:41:23,304 - ADV_Generation_eps_1.0_steps_100_Added_Noise_uniform_Eps_2.0_Tau_Type_normal_anchors - INFO - Batch:[140] Adversarial images for this batch already exist
2026-02-05 16:41:23,518 - ADV_Generation_eps_1.0_steps_100_Added_Noise_uniform_Eps_2.0_Tau_Type_normal_anchors - INFO - Batch 141/8100: Clean accuracy 0.0000 | Adv accuracy: 0.0000 | Counter-attack accuracy: 0.0000
2026-02-05 16:41:23,519 - ADV_Generation_eps_1.0_steps_100_Added_Noise_uniform_Eps_2.0_Tau_Type_normal_anchors - INFO - Batch:[141] Adversarial images for this batch already exist
2026-02-05 16:41:23,730 - ADV_Generation_eps_1.0_steps_100_Added_Noise_uniform_Eps_2.0_Tau_Type_normal_anchors - INFO - Batch 142/8100: Clean accuracy 0.0000 | Adv accuracy: 0.0000 | Counter-attack accuracy: 0.0000
2026-02-05 16:41:23,732 - ADV_Generation_eps_1.0_steps_100_Added_Noise_uniform_Eps_2.0_Tau_Type_normal_anchors - INFO - Batch:[142] Adversarial images for this batch already exist
2026-02-05 16:41:23,948 - ADV_Generation_eps_1.0_steps_100_Added_Noise_uniform_Eps_2.0_Tau_Type_normal_anchors - INFO - Batch 143/8100: Clean accuracy 0.0000 | Adv accuracy: 0.0000 | Counter-attack accuracy: 0.0000
2026-02-05 16:41:23,948 - ADV_Generation_eps_1.0_steps_100_Added_Noise_uniform_Eps_2.0_Tau_Type_normal_anchors - INFO - Batch:[143] Adversarial images for this batch already exist
2026-02-05 16:41:24,160 - ADV_Generation_eps_1.0_steps_100_Added_Noise_uniform_Eps_2.0_Tau_Type_normal_anchors - INFO - Batch 144/8100: Clean accuracy 0.0000 | Adv accuracy: 0.0000 | Counter-attack accuracy: 0.0000
2026-02-05 16:41:24,162 - ADV_Generation_eps_1.0_steps_100_Added_Noise_uniform_Eps_2.0_Tau_Type_normal_anchors - INFO - Batch:[144] Adversarial images for this batch already exist
2026-02-05 16:41:24,382 - ADV_Generation_eps_1.0_steps_100_Added_Noise_uniform_Eps_2.0_Tau_Type_normal_anchors - INFO - Batch 145/8100: Clean accuracy 0.0000 | Adv accuracy: 0.0000 | Counter-attack accuracy: 0.0000
2026-02-05 16:41:24,383 - ADV_Generation_eps_1.0_steps_100_Added_Noise_uniform_Eps_2.0_Tau_Type_normal_anchors - INFO - Batch:[145] Adversarial images for this batch already exist
2026-02-05 16:41:24,619 - ADV_Generation_eps_1.0_steps_100_Added_Noise_uniform_Eps_2.0_Tau_Type_normal_anchors - INFO - Batch 146/8100: Clean accuracy 0.0000 | Adv accuracy: 0.0000 | Counter-attack accuracy: 0.0000
2026-02-05 16:41:24,621 - ADV_Generation_eps_1.0_steps_100_Added_Noise_uniform_Eps_2.0_Tau_Type_normal_anchors - INFO - Batch:[146] Adversarial images for this batch already exist
2026-02-05 16:41:24,838 - ADV_Generation_eps_1.0_steps_100_Added_Noise_uniform_Eps_2.0_Tau_Type_normal_anchors - INFO - Batch 147/8100: Clean accuracy 0.0000 | Adv accuracy: 0.0000 | Counter-attack accuracy: 0.0000
2026-02-05 16:41:24,844 - ADV_Generation_eps_1.0_steps_100_Added_Noise_uniform_Eps_2.0_Tau_Type_normal_anchors - INFO - Batch:[147] Adversarial images for this batch already exist
2026-02-05 16:41:25,056 - ADV_Generation_eps_1.0_steps_100_Added_Noise_uniform_Eps_2.0_Tau_Type_normal_anchors - INFO - Batch 148/8100: Clean accuracy 0.0000 | Adv accuracy: 0.0000 | Counter-attack accuracy: 0.0000
2026-02-05 16:41:25,059 - ADV_Generation_eps_1.0_steps_100_Added_Noise_uniform_Eps_2.0_Tau_Type_normal_anchors - INFO - Batch:[148] Adversarial images for this batch already exist
2026-02-05 16:41:25,278 - ADV_Generation_eps_1.0_steps_100_Added_Noise_uniform_Eps_2.0_Tau_Type_normal_anchors - INFO - Batch 149/8100: Clean accuracy 0.0000 | Adv accuracy: 0.0000 | Counter-attack accuracy: 0.0000
2026-02-05 16:41:25,279 - ADV_Generation_eps_1.0_steps_100_Added_Noise_uniform_Eps_2.0_Tau_Type_normal_anchors - INFO - Batch:[149] Adversarial images for this batch already exist
2026-02-05 16:41:25,495 - ADV_Generation_eps_1.0_steps_100_Added_Noise_uniform_Eps_2.0_Tau_Type_normal_anchors - INFO - Batch 150/8100: Clean accuracy 0.0000 | Adv accuracy: 0.0000 | Counter-attack accuracy: 0.0000
2026-02-05 16:41:25,496 - ADV_Generation_eps_1.0_steps_100_Added_Noise_uniform_Eps_2.0_Tau_Type_normal_anchors - INFO - Batch:[150] Adversarial images for this batch already exist
2026-02-05 16:41:25,729 - ADV_Generation_eps_1.0_steps_100_Added_Noise_uniform_Eps_2.0_Tau_Type_normal_anchors - INFO - Batch 151/8100: Clean accuracy 0.0000 | Adv accuracy: 0.0000 | Counter-attack accuracy: 0.0000
2026-02-05 16:41:25,731 - ADV_Generation_eps_1.0_steps_100_Added_Noise_uniform_Eps_2.0_Tau_Type_normal_anchors - INFO - Batch:[151] Adversarial images for this batch already exist
2026-02-05 16:41:25,961 - ADV_Generation_eps_1.0_steps_100_Added_Noise_uniform_Eps_2.0_Tau_Type_normal_anchors - INFO - Batch 152/8100: Clean accuracy 0.0000 | Adv accuracy: 0.0000 | Counter-attack accuracy: 0.0000
2026-02-05 16:41:25,962 - ADV_Generation_eps_1.0_steps_100_Added_Noise_uniform_Eps_2.0_Tau_Type_normal_anchors - INFO - Batch:[152] Adversarial images for this batch already exist
2026-02-05 16:41:26,181 - ADV_Generation_eps_1.0_steps_100_Added_Noise_uniform_Eps_2.0_Tau_Type_normal_anchors - INFO - Batch 153/8100: Clean accuracy 0.0000 | Adv accuracy: 0.0000 | Counter-attack accuracy: 0.0000
2026-02-05 16:41:26,183 - ADV_Generation_eps_1.0_steps_100_Added_Noise_uniform_Eps_2.0_Tau_Type_normal_anchors - INFO - Batch:[153] Adversarial images for this batch already exist
2026-02-05 16:41:26,409 - ADV_Generation_eps_1.0_steps_100_Added_Noise_uniform_Eps_2.0_Tau_Type_normal_anchors - INFO - Batch 154/8100: Clean accuracy 0.0000 | Adv accuracy: 0.0000 | Counter-attack accuracy: 0.0000
2026-02-05 16:41:26,412 - ADV_Generation_eps_1.0_steps_100_Added_Noise_uniform_Eps_2.0_Tau_Type_normal_anchors - INFO - Batch:[154] Adversarial images for this batch already exist
2026-02-05 16:41:26,624 - ADV_Generation_eps_1.0_steps_100_Added_Noise_uniform_Eps_2.0_Tau_Type_normal_anchors - INFO - Batch 155/8100: Clean accuracy 0.0000 | Adv accuracy: 0.0000 | Counter-attack accuracy: 0.0000
2026-02-05 16:41:26,627 - ADV_Generation_eps_1.0_steps_100_Added_Noise_uniform_Eps_2.0_Tau_Type_normal_anchors - INFO - Batch:[155] Adversarial images for this batch already exist
2026-02-05 16:41:26,846 - ADV_Generation_eps_1.0_steps_100_Added_Noise_uniform_Eps_2.0_Tau_Type_normal_anchors - INFO - Batch 156/8100: Clean accuracy 0.0000 | Adv accuracy: 0.0000 | Counter-attack accuracy: 0.0000
2026-02-05 16:41:26,847 - ADV_Generation_eps_1.0_steps_100_Added_Noise_uniform_Eps_2.0_Tau_Type_normal_anchors - INFO - Batch:[156] Adversarial images for this batch already exist
2026-02-05 16:41:27,063 - ADV_Generation_eps_1.0_steps_100_Added_Noise_uniform_Eps_2.0_Tau_Type_normal_anchors - INFO - Batch 157/8100: Clean accuracy 0.0000 | Adv accuracy: 0.0000 | Counter-attack accuracy: 0.0000
2026-02-05 16:41:27,066 - ADV_Generation_eps_1.0_steps_100_Added_Noise_uniform_Eps_2.0_Tau_Type_normal_anchors - INFO - Batch:[157] Adversarial images for this batch already exist
2026-02-05 16:41:27,288 - ADV_Generation_eps_1.0_steps_100_Added_Noise_uniform_Eps_2.0_Tau_Type_normal_anchors - INFO - Batch 158/8100: Clean accuracy 0.0000 | Adv accuracy: 0.0000 | Counter-attack accuracy: 0.0000
2026-02-05 16:41:27,289 - ADV_Generation_eps_1.0_steps_100_Added_Noise_uniform_Eps_2.0_Tau_Type_normal_anchors - INFO - Batch:[158] Adversarial images for this batch already exist
2026-02-05 16:41:27,507 - ADV_Generation_eps_1.0_steps_100_Added_Noise_uniform_Eps_2.0_Tau_Type_normal_anchors - INFO - Batch 159/8100: Clean accuracy 0.0000 | Adv accuracy: 0.0000 | Counter-attack accuracy: 0.0000
2026-02-05 16:41:27,509 - ADV_Generation_eps_1.0_steps_100_Added_Noise_uniform_Eps_2.0_Tau_Type_normal_anchors - INFO - Batch:[159] Adversarial images for this batch already exist
2026-02-05 16:41:27,734 - ADV_Generation_eps_1.0_steps_100_Added_Noise_uniform_Eps_2.0_Tau_Type_normal_anchors - INFO - Batch 160/8100: Clean accuracy 0.0000 | Adv accuracy: 0.0000 | Counter-attack accuracy: 0.0000
2026-02-05 16:41:27,735 - ADV_Generation_eps_1.0_steps_100_Added_Noise_uniform_Eps_2.0_Tau_Type_normal_anchors - INFO - Batch:[160] Adversarial images for this batch already exist
2026-02-05 16:41:27,952 - ADV_Generation_eps_1.0_steps_100_Added_Noise_uniform_Eps_2.0_Tau_Type_normal_anchors - INFO - Batch 161/8100: Clean accuracy 0.0000 | Adv accuracy: 0.0000 | Counter-attack accuracy: 0.0000
2026-02-05 16:41:27,953 - ADV_Generation_eps_1.0_steps_100_Added_Noise_uniform_Eps_2.0_Tau_Type_normal_anchors - INFO - Batch:[161] Adversarial images for this batch already exist
2026-02-05 16:41:28,181 - ADV_Generation_eps_1.0_steps_100_Added_Noise_uniform_Eps_2.0_Tau_Type_normal_anchors - INFO - Batch 162/8100: Clean accuracy 0.0000 | Adv accuracy: 0.0000 | Counter-attack accuracy: 0.0000
2026-02-05 16:41:28,184 - ADV_Generation_eps_1.0_steps_100_Added_Noise_uniform_Eps_2.0_Tau_Type_normal_anchors - INFO - Batch:[162] Adversarial images for this batch already exist
2026-02-05 16:41:28,445 - ADV_Generation_eps_1.0_steps_100_Added_Noise_uniform_Eps_2.0_Tau_Type_normal_anchors - INFO - Batch 163/8100: Clean accuracy 0.0000 | Adv accuracy: 0.0000 | Counter-attack accuracy: 0.0000
2026-02-05 16:41:28,446 - ADV_Generation_eps_1.0_steps_100_Added_Noise_uniform_Eps_2.0_Tau_Type_normal_anchors - INFO - Batch:[163] Adversarial images for this batch already exist
2026-02-05 16:41:28,679 - ADV_Generation_eps_1.0_steps_100_Added_Noise_uniform_Eps_2.0_Tau_Type_normal_anchors - INFO - Batch 164/8100: Clean accuracy 0.0000 | Adv accuracy: 0.0000 | Counter-attack accuracy: 0.0000
2026-02-05 16:41:28,680 - ADV_Generation_eps_1.0_steps_100_Added_Noise_uniform_Eps_2.0_Tau_Type_normal_anchors - INFO - Batch:[164] Adversarial images for this batch already exist
2026-02-05 16:41:28,902 - ADV_Generation_eps_1.0_steps_100_Added_Noise_uniform_Eps_2.0_Tau_Type_normal_anchors - INFO - Batch 165/8100: Clean accuracy 0.0000 | Adv accuracy: 0.0000 | Counter-attack accuracy: 0.0000
2026-02-05 16:41:28,902 - ADV_Generation_eps_1.0_steps_100_Added_Noise_uniform_Eps_2.0_Tau_Type_normal_anchors - INFO - Batch:[165] Adversarial images for this batch already exist
2026-02-05 16:41:29,114 - ADV_Generation_eps_1.0_steps_100_Added_Noise_uniform_Eps_2.0_Tau_Type_normal_anchors - INFO - Batch 166/8100: Clean accuracy 0.0000 | Adv accuracy: 0.0000 | Counter-attack accuracy: 0.0000
2026-02-05 16:41:29,115 - ADV_Generation_eps_1.0_steps_100_Added_Noise_uniform_Eps_2.0_Tau_Type_normal_anchors - INFO - Batch:[166] Adversarial images for this batch already exist
2026-02-05 16:41:29,331 - ADV_Generation_eps_1.0_steps_100_Added_Noise_uniform_Eps_2.0_Tau_Type_normal_anchors - INFO - Batch 167/8100: Clean accuracy 0.0000 | Adv accuracy: 0.0000 | Counter-attack accuracy: 0.0000
2026-02-05 16:41:29,332 - ADV_Generation_eps_1.0_steps_100_Added_Noise_uniform_Eps_2.0_Tau_Type_normal_anchors - INFO - Batch:[167] Adversarial images for this batch already exist
2026-02-05 16:41:29,551 - ADV_Generation_eps_1.0_steps_100_Added_Noise_uniform_Eps_2.0_Tau_Type_normal_anchors - INFO - Batch 168/8100: Clean accuracy 0.0000 | Adv accuracy: 0.0000 | Counter-attack accuracy: 0.0000
2026-02-05 16:41:29,551 - ADV_Generation_eps_1.0_steps_100_Added_Noise_uniform_Eps_2.0_Tau_Type_normal_anchors - INFO - Batch:[168] Adversarial images for this batch already exist
2026-02-05 16:41:29,789 - ADV_Generation_eps_1.0_steps_100_Added_Noise_uniform_Eps_2.0_Tau_Type_normal_anchors - INFO - Batch 169/8100: Clean accuracy 0.0000 | Adv accuracy: 0.0000 | Counter-attack accuracy: 0.0000
2026-02-05 16:41:29,790 - ADV_Generation_eps_1.0_steps_100_Added_Noise_uniform_Eps_2.0_Tau_Type_normal_anchors - INFO - Batch:[169] Adversarial images for this batch already exist
2026-02-05 16:41:30,008 - ADV_Generation_eps_1.0_steps_100_Added_Noise_uniform_Eps_2.0_Tau_Type_normal_anchors - INFO - Batch 170/8100: Clean accuracy 0.0000 | Adv accuracy: 0.0000 | Counter-attack accuracy: 0.0000
2026-02-05 16:41:30,009 - ADV_Generation_eps_1.0_steps_100_Added_Noise_uniform_Eps_2.0_Tau_Type_normal_anchors - INFO - Batch:[170] Adversarial images for this batch already exist
2026-02-05 16:41:30,226 - ADV_Generation_eps_1.0_steps_100_Added_Noise_uniform_Eps_2.0_Tau_Type_normal_anchors - INFO - Batch 171/8100: Clean accuracy 0.0000 | Adv accuracy: 0.0000 | Counter-attack accuracy: 0.0000
2026-02-05 16:41:30,227 - ADV_Generation_eps_1.0_steps_100_Added_Noise_uniform_Eps_2.0_Tau_Type_normal_anchors - INFO - Batch:[171] Adversarial images for this batch already exist
2026-02-05 16:41:30,442 - ADV_Generation_eps_1.0_steps_100_Added_Noise_uniform_Eps_2.0_Tau_Type_normal_anchors - INFO - Batch 172/8100: Clean accuracy 0.0000 | Adv accuracy: 0.0000 | Counter-attack accuracy: 0.0000
2026-02-05 16:41:30,443 - ADV_Generation_eps_1.0_steps_100_Added_Noise_uniform_Eps_2.0_Tau_Type_normal_anchors - INFO - Batch:[172] Adversarial images for this batch already exist
2026-02-05 16:41:30,660 - ADV_Generation_eps_1.0_steps_100_Added_Noise_uniform_Eps_2.0_Tau_Type_normal_anchors - INFO - Batch 173/8100: Clean accuracy 0.0000 | Adv accuracy: 0.0000 | Counter-attack accuracy: 0.0000
2026-02-05 16:41:30,662 - ADV_Generation_eps_1.0_steps_100_Added_Noise_uniform_Eps_2.0_Tau_Type_normal_anchors - INFO - Batch:[173] Adversarial images for this batch already exist
2026-02-05 16:41:30,881 - ADV_Generation_eps_1.0_steps_100_Added_Noise_uniform_Eps_2.0_Tau_Type_normal_anchors - INFO - Batch 174/8100: Clean accuracy 0.0000 | Adv accuracy: 0.0000 | Counter-attack accuracy: 0.0000
2026-02-05 16:41:30,883 - ADV_Generation_eps_1.0_steps_100_Added_Noise_uniform_Eps_2.0_Tau_Type_normal_anchors - INFO - Batch:[174] Adversarial images for this batch already exist
2026-02-05 16:41:31,118 - ADV_Generation_eps_1.0_steps_100_Added_Noise_uniform_Eps_2.0_Tau_Type_normal_anchors - INFO - Batch 175/8100: Clean accuracy 0.0000 | Adv accuracy: 0.0000 | Counter-attack accuracy: 0.0000
2026-02-05 16:41:31,121 - ADV_Generation_eps_1.0_steps_100_Added_Noise_uniform_Eps_2.0_Tau_Type_normal_anchors - INFO - Batch:[175] Adversarial images for this batch already exist
2026-02-05 16:41:31,363 - ADV_Generation_eps_1.0_steps_100_Added_Noise_uniform_Eps_2.0_Tau_Type_normal_anchors - INFO - Batch 176/8100: Clean accuracy 0.0000 | Adv accuracy: 0.0000 | Counter-attack accuracy: 0.0000
2026-02-05 16:41:31,364 - ADV_Generation_eps_1.0_steps_100_Added_Noise_uniform_Eps_2.0_Tau_Type_normal_anchors - INFO - Batch:[176] Adversarial images for this batch already exist
2026-02-05 16:41:31,583 - ADV_Generation_eps_1.0_steps_100_Added_Noise_uniform_Eps_2.0_Tau_Type_normal_anchors - INFO - Batch 177/8100: Clean accuracy 0.0000 | Adv accuracy: 0.0000 | Counter-attack accuracy: 0.0000
2026-02-05 16:41:31,585 - ADV_Generation_eps_1.0_steps_100_Added_Noise_uniform_Eps_2.0_Tau_Type_normal_anchors - INFO - Batch:[177] Adversarial images for this batch already exist
2026-02-05 16:41:31,812 - ADV_Generation_eps_1.0_steps_100_Added_Noise_uniform_Eps_2.0_Tau_Type_normal_anchors - INFO - Batch 178/8100: Clean accuracy 0.0000 | Adv accuracy: 0.0000 | Counter-attack accuracy: 0.0000
2026-02-05 16:41:31,813 - ADV_Generation_eps_1.0_steps_100_Added_Noise_uniform_Eps_2.0_Tau_Type_normal_anchors - INFO - Batch:[178] Adversarial images for this batch already exist
2026-02-05 16:41:32,056 - ADV_Generation_eps_1.0_steps_100_Added_Noise_uniform_Eps_2.0_Tau_Type_normal_anchors - INFO - Batch 179/8100: Clean accuracy 0.0000 | Adv accuracy: 0.0000 | Counter-attack accuracy: 0.0000
2026-02-05 16:41:32,058 - ADV_Generation_eps_1.0_steps_100_Added_Noise_uniform_Eps_2.0_Tau_Type_normal_anchors - INFO - Batch:[179] Adversarial images for this batch already exist
2026-02-05 16:41:32,284 - ADV_Generation_eps_1.0_steps_100_Added_Noise_uniform_Eps_2.0_Tau_Type_normal_anchors - INFO - Batch 180/8100: Clean accuracy 0.0000 | Adv accuracy: 0.0000 | Counter-attack accuracy: 0.0000
2026-02-05 16:41:32,293 - ADV_Generation_eps_1.0_steps_100_Added_Noise_uniform_Eps_2.0_Tau_Type_normal_anchors - INFO - Batch:[180] Adversarial images for this batch already exist
2026-02-05 16:41:32,516 - ADV_Generation_eps_1.0_steps_100_Added_Noise_uniform_Eps_2.0_Tau_Type_normal_anchors - INFO - Batch 181/8100: Clean accuracy 0.0000 | Adv accuracy: 0.0000 | Counter-attack accuracy: 0.0000
2026-02-05 16:41:32,517 - ADV_Generation_eps_1.0_steps_100_Added_Noise_uniform_Eps_2.0_Tau_Type_normal_anchors - INFO - Batch:[181] Adversarial images for this batch already exist
2026-02-05 16:41:32,740 - ADV_Generation_eps_1.0_steps_100_Added_Noise_uniform_Eps_2.0_Tau_Type_normal_anchors - INFO - Batch 182/8100: Clean accuracy 0.0000 | Adv accuracy: 0.0000 | Counter-attack accuracy: 0.0000
2026-02-05 16:41:32,741 - ADV_Generation_eps_1.0_steps_100_Added_Noise_uniform_Eps_2.0_Tau_Type_normal_anchors - INFO - Batch:[182] Adversarial images for this batch already exist
2026-02-05 16:41:32,965 - ADV_Generation_eps_1.0_steps_100_Added_Noise_uniform_Eps_2.0_Tau_Type_normal_anchors - INFO - Batch 183/8100: Clean accuracy 0.0000 | Adv accuracy: 0.0000 | Counter-attack accuracy: 0.0000
2026-02-05 16:41:32,965 - ADV_Generation_eps_1.0_steps_100_Added_Noise_uniform_Eps_2.0_Tau_Type_normal_anchors - INFO - Batch:[183] Adversarial images for this batch already exist
2026-02-05 16:41:33,185 - ADV_Generation_eps_1.0_steps_100_Added_Noise_uniform_Eps_2.0_Tau_Type_normal_anchors - INFO - Batch 184/8100: Clean accuracy 0.0000 | Adv accuracy: 0.0000 | Counter-attack accuracy: 0.0000
2026-02-05 16:41:33,188 - ADV_Generation_eps_1.0_steps_100_Added_Noise_uniform_Eps_2.0_Tau_Type_normal_anchors - INFO - Batch:[184] Adversarial images for this batch already exist
2026-02-05 16:41:33,402 - ADV_Generation_eps_1.0_steps_100_Added_Noise_uniform_Eps_2.0_Tau_Type_normal_anchors - INFO - Batch 185/8100: Clean accuracy 0.0000 | Adv accuracy: 0.0000 | Counter-attack accuracy: 0.0000
2026-02-05 16:41:33,404 - ADV_Generation_eps_1.0_steps_100_Added_Noise_uniform_Eps_2.0_Tau_Type_normal_anchors - INFO - Batch:[185] Adversarial images for this batch already exist
2026-02-05 16:41:33,627 - ADV_Generation_eps_1.0_steps_100_Added_Noise_uniform_Eps_2.0_Tau_Type_normal_anchors - INFO - Batch 186/8100: Clean accuracy 0.0000 | Adv accuracy: 0.0000 | Counter-attack accuracy: 0.0000
2026-02-05 16:41:33,627 - ADV_Generation_eps_1.0_steps_100_Added_Noise_uniform_Eps_2.0_Tau_Type_normal_anchors - INFO - Batch:[186] Adversarial images for this batch already exist
2026-02-05 16:41:33,850 - ADV_Generation_eps_1.0_steps_100_Added_Noise_uniform_Eps_2.0_Tau_Type_normal_anchors - INFO - Batch 187/8100: Clean accuracy 0.0000 | Adv accuracy: 0.0000 | Counter-attack accuracy: 0.0000
2026-02-05 16:41:33,851 - ADV_Generation_eps_1.0_steps_100_Added_Noise_uniform_Eps_2.0_Tau_Type_normal_anchors - INFO - Batch:[187] Adversarial images for this batch already exist
2026-02-05 16:41:34,066 - ADV_Generation_eps_1.0_steps_100_Added_Noise_uniform_Eps_2.0_Tau_Type_normal_anchors - INFO - Batch 188/8100: Clean accuracy 0.0000 | Adv accuracy: 0.0000 | Counter-attack accuracy: 0.0000
2026-02-05 16:41:34,067 - ADV_Generation_eps_1.0_steps_100_Added_Noise_uniform_Eps_2.0_Tau_Type_normal_anchors - INFO - Batch:[188] Adversarial images for this batch already exist
2026-02-05 16:41:34,284 - ADV_Generation_eps_1.0_steps_100_Added_Noise_uniform_Eps_2.0_Tau_Type_normal_anchors - INFO - Batch 189/8100: Clean accuracy 0.0000 | Adv accuracy: 0.0000 | Counter-attack accuracy: 0.0000
2026-02-05 16:41:34,286 - ADV_Generation_eps_1.0_steps_100_Added_Noise_uniform_Eps_2.0_Tau_Type_normal_anchors - INFO - Batch:[189] Adversarial images for this batch already exist
2026-02-05 16:41:34,559 - ADV_Generation_eps_1.0_steps_100_Added_Noise_uniform_Eps_2.0_Tau_Type_normal_anchors - INFO - Batch 190/8100: Clean accuracy 0.0000 | Adv accuracy: 0.0000 | Counter-attack accuracy: 0.0000
2026-02-05 16:41:34,562 - ADV_Generation_eps_1.0_steps_100_Added_Noise_uniform_Eps_2.0_Tau_Type_normal_anchors - INFO - Batch:[190] Adversarial images for this batch already exist
2026-02-05 16:41:34,781 - ADV_Generation_eps_1.0_steps_100_Added_Noise_uniform_Eps_2.0_Tau_Type_normal_anchors - INFO - Batch 191/8100: Clean accuracy 0.0000 | Adv accuracy: 0.0000 | Counter-attack accuracy: 0.0000
2026-02-05 16:41:34,782 - ADV_Generation_eps_1.0_steps_100_Added_Noise_uniform_Eps_2.0_Tau_Type_normal_anchors - INFO - Batch:[191] Adversarial images for this batch already exist
2026-02-05 16:41:35,008 - ADV_Generation_eps_1.0_steps_100_Added_Noise_uniform_Eps_2.0_Tau_Type_normal_anchors - INFO - Batch 192/8100: Clean accuracy 0.0000 | Adv accuracy: 0.0000 | Counter-attack accuracy: 0.0000
2026-02-05 16:41:35,011 - ADV_Generation_eps_1.0_steps_100_Added_Noise_uniform_Eps_2.0_Tau_Type_normal_anchors - INFO - Batch:[192] Adversarial images for this batch already exist
2026-02-05 16:41:35,241 - ADV_Generation_eps_1.0_steps_100_Added_Noise_uniform_Eps_2.0_Tau_Type_normal_anchors - INFO - Batch 193/8100: Clean accuracy 0.0000 | Adv accuracy: 0.0000 | Counter-attack accuracy: 0.0000
2026-02-05 16:41:35,245 - ADV_Generation_eps_1.0_steps_100_Added_Noise_uniform_Eps_2.0_Tau_Type_normal_anchors - INFO - Batch:[193] Adversarial images for this batch already exist
2026-02-05 16:41:35,462 - ADV_Generation_eps_1.0_steps_100_Added_Noise_uniform_Eps_2.0_Tau_Type_normal_anchors - INFO - Batch 194/8100: Clean accuracy 0.0000 | Adv accuracy: 0.0000 | Counter-attack accuracy: 0.0000
2026-02-05 16:41:35,464 - ADV_Generation_eps_1.0_steps_100_Added_Noise_uniform_Eps_2.0_Tau_Type_normal_anchors - INFO - Batch:[194] Adversarial images for this batch already exist
2026-02-05 16:41:35,682 - ADV_Generation_eps_1.0_steps_100_Added_Noise_uniform_Eps_2.0_Tau_Type_normal_anchors - INFO - Batch 195/8100: Clean accuracy 0.0000 | Adv accuracy: 0.0000 | Counter-attack accuracy: 0.0000
2026-02-05 16:41:35,684 - ADV_Generation_eps_1.0_steps_100_Added_Noise_uniform_Eps_2.0_Tau_Type_normal_anchors - INFO - Batch:[195] Adversarial images for this batch already exist
2026-02-05 16:41:35,910 - ADV_Generation_eps_1.0_steps_100_Added_Noise_uniform_Eps_2.0_Tau_Type_normal_anchors - INFO - Batch 196/8100: Clean accuracy 0.0000 | Adv accuracy: 0.0000 | Counter-attack accuracy: 0.0000
2026-02-05 16:41:35,912 - ADV_Generation_eps_1.0_steps_100_Added_Noise_uniform_Eps_2.0_Tau_Type_normal_anchors - INFO - Batch:[196] Adversarial images for this batch already exist
2026-02-05 16:41:36,128 - ADV_Generation_eps_1.0_steps_100_Added_Noise_uniform_Eps_2.0_Tau_Type_normal_anchors - INFO - Batch 197/8100: Clean accuracy 0.0000 | Adv accuracy: 0.0000 | Counter-attack accuracy: 0.0000
2026-02-05 16:41:36,133 - ADV_Generation_eps_1.0_steps_100_Added_Noise_uniform_Eps_2.0_Tau_Type_normal_anchors - INFO - Batch:[197] Adversarial images for this batch already exist
2026-02-05 16:41:36,349 - ADV_Generation_eps_1.0_steps_100_Added_Noise_uniform_Eps_2.0_Tau_Type_normal_anchors - INFO - Batch 198/8100: Clean accuracy 0.0000 | Adv accuracy: 0.0000 | Counter-attack accuracy: 0.0000
2026-02-05 16:41:36,351 - ADV_Generation_eps_1.0_steps_100_Added_Noise_uniform_Eps_2.0_Tau_Type_normal_anchors - INFO - Batch:[198] Adversarial images for this batch already exist
2026-02-05 16:41:36,578 - ADV_Generation_eps_1.0_steps_100_Added_Noise_uniform_Eps_2.0_Tau_Type_normal_anchors - INFO - Batch 199/8100: Clean accuracy 0.0000 | Adv accuracy: 0.0000 | Counter-attack accuracy: 0.0000
2026-02-05 16:41:36,581 - ADV_Generation_eps_1.0_steps_100_Added_Noise_uniform_Eps_2.0_Tau_Type_normal_anchors - INFO - Batch:[199] Adversarial images for this batch already exist
2026-02-05 16:41:36,798 - ADV_Generation_eps_1.0_steps_100_Added_Noise_uniform_Eps_2.0_Tau_Type_normal_anchors - INFO - Batch 200/8100: Clean accuracy 0.0000 | Adv accuracy: 0.0000 | Counter-attack accuracy: 0.0000
2026-02-05 16:41:36,799 - ADV_Generation_eps_1.0_steps_100_Added_Noise_uniform_Eps_2.0_Tau_Type_normal_anchors - INFO - Batch:[200] Adversarial images for this batch already exist
2026-02-05 16:41:37,016 - ADV_Generation_eps_1.0_steps_100_Added_Noise_uniform_Eps_2.0_Tau_Type_normal_anchors - INFO - Batch 201/8100: Clean accuracy 0.0000 | Adv accuracy: 0.0000 | Counter-attack accuracy: 0.0000
2026-02-05 16:41:37,019 - ADV_Generation_eps_1.0_steps_100_Added_Noise_uniform_Eps_2.0_Tau_Type_normal_anchors - INFO - Batch:[201] Adversarial images for this batch already exist
2026-02-05 16:41:37,238 - ADV_Generation_eps_1.0_steps_100_Added_Noise_uniform_Eps_2.0_Tau_Type_normal_anchors - INFO - Batch 202/8100: Clean accuracy 0.0000 | Adv accuracy: 0.0000 | Counter-attack accuracy: 0.0000
2026-02-05 16:41:37,239 - ADV_Generation_eps_1.0_steps_100_Added_Noise_uniform_Eps_2.0_Tau_Type_normal_anchors - INFO - Batch:[202] Adversarial images for this batch already exist
2026-02-05 16:41:37,459 - ADV_Generation_eps_1.0_steps_100_Added_Noise_uniform_Eps_2.0_Tau_Type_normal_anchors - INFO - Batch 203/8100: Clean accuracy 0.0000 | Adv accuracy: 0.0000 | Counter-attack accuracy: 0.0000
2026-02-05 16:41:37,460 - ADV_Generation_eps_1.0_steps_100_Added_Noise_uniform_Eps_2.0_Tau_Type_normal_anchors - INFO - Batch:[203] Adversarial images for this batch already exist
2026-02-05 16:41:37,684 - ADV_Generation_eps_1.0_steps_100_Added_Noise_uniform_Eps_2.0_Tau_Type_normal_anchors - INFO - Batch 204/8100: Clean accuracy 0.0000 | Adv accuracy: 0.0000 | Counter-attack accuracy: 0.0000
2026-02-05 16:41:37,686 - ADV_Generation_eps_1.0_steps_100_Added_Noise_uniform_Eps_2.0_Tau_Type_normal_anchors - INFO - Batch:[204] Adversarial images for this batch already exist
2026-02-05 16:41:37,914 - ADV_Generation_eps_1.0_steps_100_Added_Noise_uniform_Eps_2.0_Tau_Type_normal_anchors - INFO - Batch 205/8100: Clean accuracy 0.0000 | Adv accuracy: 0.0000 | Counter-attack accuracy: 0.0000
2026-02-05 16:41:37,915 - ADV_Generation_eps_1.0_steps_100_Added_Noise_uniform_Eps_2.0_Tau_Type_normal_anchors - INFO - Batch:[205] Adversarial images for this batch already exist
2026-02-05 16:41:38,131 - ADV_Generation_eps_1.0_steps_100_Added_Noise_uniform_Eps_2.0_Tau_Type_normal_anchors - INFO - Batch 206/8100: Clean accuracy 0.0000 | Adv accuracy: 0.0000 | Counter-attack accuracy: 0.0000
2026-02-05 16:41:38,134 - ADV_Generation_eps_1.0_steps_100_Added_Noise_uniform_Eps_2.0_Tau_Type_normal_anchors - INFO - Batch:[206] Adversarial images for this batch already exist
2026-02-05 16:41:38,365 - ADV_Generation_eps_1.0_steps_100_Added_Noise_uniform_Eps_2.0_Tau_Type_normal_anchors - INFO - Batch 207/8100: Clean accuracy 0.0000 | Adv accuracy: 0.0000 | Counter-attack accuracy: 0.0000
2026-02-05 16:41:38,366 - ADV_Generation_eps_1.0_steps_100_Added_Noise_uniform_Eps_2.0_Tau_Type_normal_anchors - INFO - Batch:[207] Adversarial images for this batch already exist
2026-02-05 16:41:38,583 - ADV_Generation_eps_1.0_steps_100_Added_Noise_uniform_Eps_2.0_Tau_Type_normal_anchors - INFO - Batch 208/8100: Clean accuracy 0.0000 | Adv accuracy: 0.0000 | Counter-attack accuracy: 0.0000
2026-02-05 16:41:38,584 - ADV_Generation_eps_1.0_steps_100_Added_Noise_uniform_Eps_2.0_Tau_Type_normal_anchors - INFO - Batch:[208] Adversarial images for this batch already exist
2026-02-05 16:41:38,801 - ADV_Generation_eps_1.0_steps_100_Added_Noise_uniform_Eps_2.0_Tau_Type_normal_anchors - INFO - Batch 209/8100: Clean accuracy 0.0000 | Adv accuracy: 0.0000 | Counter-attack accuracy: 0.0000
2026-02-05 16:41:38,802 - ADV_Generation_eps_1.0_steps_100_Added_Noise_uniform_Eps_2.0_Tau_Type_normal_anchors - INFO - Batch:[209] Adversarial images for this batch already exist
2026-02-05 16:41:39,016 - ADV_Generation_eps_1.0_steps_100_Added_Noise_uniform_Eps_2.0_Tau_Type_normal_anchors - INFO - Batch 210/8100: Clean accuracy 0.0000 | Adv accuracy: 0.0000 | Counter-attack accuracy: 0.0000
2026-02-05 16:41:39,017 - ADV_Generation_eps_1.0_steps_100_Added_Noise_uniform_Eps_2.0_Tau_Type_normal_anchors - INFO - Batch:[210] Adversarial images for this batch already exist
2026-02-05 16:41:39,286 - ADV_Generation_eps_1.0_steps_100_Added_Noise_uniform_Eps_2.0_Tau_Type_normal_anchors - INFO - Batch 211/8100: Clean accuracy 0.0000 | Adv accuracy: 0.0000 | Counter-attack accuracy: 0.0000
2026-02-05 16:41:39,287 - ADV_Generation_eps_1.0_steps_100_Added_Noise_uniform_Eps_2.0_Tau_Type_normal_anchors - INFO - Batch:[211] Adversarial images for this batch already exist
2026-02-05 16:41:39,505 - ADV_Generation_eps_1.0_steps_100_Added_Noise_uniform_Eps_2.0_Tau_Type_normal_anchors - INFO - Batch 212/8100: Clean accuracy 0.0000 | Adv accuracy: 0.0000 | Counter-attack accuracy: 0.0000
2026-02-05 16:41:39,506 - ADV_Generation_eps_1.0_steps_100_Added_Noise_uniform_Eps_2.0_Tau_Type_normal_anchors - INFO - Batch:[212] Adversarial images for this batch already exist
2026-02-05 16:41:39,723 - ADV_Generation_eps_1.0_steps_100_Added_Noise_uniform_Eps_2.0_Tau_Type_normal_anchors - INFO - Batch 213/8100: Clean accuracy 0.0000 | Adv accuracy: 0.0000 | Counter-attack accuracy: 0.0000
2026-02-05 16:41:39,725 - ADV_Generation_eps_1.0_steps_100_Added_Noise_uniform_Eps_2.0_Tau_Type_normal_anchors - INFO - Batch:[213] Adversarial images for this batch already exist
2026-02-05 16:41:39,970 - ADV_Generation_eps_1.0_steps_100_Added_Noise_uniform_Eps_2.0_Tau_Type_normal_anchors - INFO - Batch 214/8100: Clean accuracy 0.0000 | Adv accuracy: 0.0000 | Counter-attack accuracy: 0.0000
2026-02-05 16:41:39,974 - ADV_Generation_eps_1.0_steps_100_Added_Noise_uniform_Eps_2.0_Tau_Type_normal_anchors - INFO - Batch:[214] Adversarial images for this batch already exist
2026-02-05 16:41:40,191 - ADV_Generation_eps_1.0_steps_100_Added_Noise_uniform_Eps_2.0_Tau_Type_normal_anchors - INFO - Batch 215/8100: Clean accuracy 0.0000 | Adv accuracy: 0.0000 | Counter-attack accuracy: 0.0000
2026-02-05 16:41:40,192 - ADV_Generation_eps_1.0_steps_100_Added_Noise_uniform_Eps_2.0_Tau_Type_normal_anchors - INFO - Batch:[215] Adversarial images for this batch already exist
2026-02-05 16:41:40,419 - ADV_Generation_eps_1.0_steps_100_Added_Noise_uniform_Eps_2.0_Tau_Type_normal_anchors - INFO - Batch 216/8100: Clean accuracy 0.0000 | Adv accuracy: 0.0000 | Counter-attack accuracy: 0.0000
2026-02-05 16:41:40,420 - ADV_Generation_eps_1.0_steps_100_Added_Noise_uniform_Eps_2.0_Tau_Type_normal_anchors - INFO - Batch:[216] Adversarial images for this batch already exist
2026-02-05 16:41:40,639 - ADV_Generation_eps_1.0_steps_100_Added_Noise_uniform_Eps_2.0_Tau_Type_normal_anchors - INFO - Batch 217/8100: Clean accuracy 0.0000 | Adv accuracy: 0.0000 | Counter-attack accuracy: 0.0000
2026-02-05 16:41:40,641 - ADV_Generation_eps_1.0_steps_100_Added_Noise_uniform_Eps_2.0_Tau_Type_normal_anchors - INFO - Batch:[217] Adversarial images for this batch already exist
2026-02-05 16:41:40,856 - ADV_Generation_eps_1.0_steps_100_Added_Noise_uniform_Eps_2.0_Tau_Type_normal_anchors - INFO - Batch 218/8100: Clean accuracy 0.0000 | Adv accuracy: 0.0000 | Counter-attack accuracy: 0.0000
2026-02-05 16:41:40,857 - ADV_Generation_eps_1.0_steps_100_Added_Noise_uniform_Eps_2.0_Tau_Type_normal_anchors - INFO - Batch:[218] Adversarial images for this batch already exist
2026-02-05 16:41:41,074 - ADV_Generation_eps_1.0_steps_100_Added_Noise_uniform_Eps_2.0_Tau_Type_normal_anchors - INFO - Batch 219/8100: Clean accuracy 0.0000 | Adv accuracy: 0.0000 | Counter-attack accuracy: 0.0000
2026-02-05 16:41:41,075 - ADV_Generation_eps_1.0_steps_100_Added_Noise_uniform_Eps_2.0_Tau_Type_normal_anchors - INFO - Batch:[219] Adversarial images for this batch already exist
2026-02-05 16:41:41,317 - ADV_Generation_eps_1.0_steps_100_Added_Noise_uniform_Eps_2.0_Tau_Type_normal_anchors - INFO - Batch 220/8100: Clean accuracy 0.0000 | Adv accuracy: 0.0000 | Counter-attack accuracy: 0.0000
2026-02-05 16:41:41,319 - ADV_Generation_eps_1.0_steps_100_Added_Noise_uniform_Eps_2.0_Tau_Type_normal_anchors - INFO - Batch:[220] Adversarial images for this batch already exist
