2026-02-12 14:12:37,550 - ADV_Generation_eps_0.0_steps_100_Added_Noise_uniform_Eps_1.0_Tau_Type_normal_anchors_num_anchors_10 - INFO - ==========================================
data:/leonardo_work/EUHPC_R04_192/fmohamma/Adversarial_Robust_Clip/atpt_data/downstream_datasets
test_sets:UCF101
dataset_mode:test
arch:delta_clip_l14_224
resolution:224
transferability:False
source_model:fare4
workers:4
no_pin_memory:False
batch_size:1
adv_bs:1
print_freq:20
gpu:0
no_cudnn_benchmark:False
n_ctx:4
ctx_init:a_photo_of_a
seed:0
output_dir:/leonardo_work/EUHPC_R04_192/fmohamma/Adversarial_Robust_Clip/atpt_data/delta_clip_l14_224/UCF101
log_output_dir:/leonardo_work/EUHPC_R04_192/fmohamma/Adversarial_Robust_Clip/ATPT/Diffratio_v3/delta_clip_l14_224/UCF101/ADV_Generation_eps_0.0_steps_100_Added_Noise_uniform_Eps_1.0_Tau_Type_normal_anchors_num_anchors_10
image_only_attack:False
image_only_attack_type:prm
image_predicted_label_attack:False
eps:0.0
alpha:0.0
alpha_eps_ratio:4.0
steps:100
counter_attack:True
counter_attack_type:pgd
counter_attack_steps:0
counter_attack_eps:1.0
counter_attack_alpha:1.0
counter_attack_tau_thres:0.2
counter_attack_beta:2.0
counter_attack_weighted_perturbations:True
counter_attack_init_noise:uniform
counter_attack_gaussian_sigma:0.03
counter_attack_noisy_tau_num_anchors:10
counter_attack_tau:normal_anchors
pgd_clip_pure_i_text_embeddings:null
pgd_counter_and_clipure_i_lamda:1.0
image_feature_purify:False
image_feature_purify_type:noisy_anchor
image_feature_purify_noisy_anchors:10
image_feature_purify_anchors_alpha:1.2
image_feature_purify_noisy_sigma:0.18
image_feature_purify_diff_threshold:0.0
image_feature_clipure_steps:10
image_feature_clipure_step_size:10.0
save_plots:False
lr:0.005
selection_p:0.1
tta_steps:1
top_k:20
softmax_temp:0.01
load_tecoa:

2026-02-12 14:12:37,551 - ADV_Generation_eps_0.0_steps_100_Added_Noise_uniform_Eps_1.0_Tau_Type_normal_anchors_num_anchors_10 - INFO - Use GPU: 0 for training
2026-02-12 14:13:35,898 - ADV_Generation_eps_0.0_steps_100_Added_Noise_uniform_Eps_1.0_Tau_Type_normal_anchors_num_anchors_10 - INFO - => Model created: visual backbone delta_clip_l14_224
2026-02-12 14:13:35,925 - ADV_Generation_eps_0.0_steps_100_Added_Noise_uniform_Eps_1.0_Tau_Type_normal_anchors_num_anchors_10 - INFO - Number of test samples: 3783
2026-02-12 14:13:35,926 - ADV_Generation_eps_0.0_steps_100_Added_Noise_uniform_Eps_1.0_Tau_Type_normal_anchors_num_anchors_10 - INFO - Evaluating dataset: UCF101
2026-02-12 14:13:35,927 - ADV_Generation_eps_0.0_steps_100_Added_Noise_uniform_Eps_1.0_Tau_Type_normal_anchors_num_anchors_10 - INFO - Starting evaluation with batch size: 1, selection percentage: 0.1
2026-02-12 14:13:35,927 - ADV_Generation_eps_0.0_steps_100_Added_Noise_uniform_Eps_1.0_Tau_Type_normal_anchors_num_anchors_10 - INFO - Using PGD attack with epsilon: 0.000000, alpha: 0.000000, steps: 100 image only attack False image only attack type  prm image predicted label attack False
2026-02-12 14:13:35,927 - ADV_Generation_eps_0.0_steps_100_Added_Noise_uniform_Eps_1.0_Tau_Type_normal_anchors_num_anchors_10 - INFO - Using counter-attack with epsilon: 1.000000, alpha: 1.000000, steps: 0
2026-02-12 14:13:35,927 - ADV_Generation_eps_0.0_steps_100_Added_Noise_uniform_Eps_1.0_Tau_Type_normal_anchors_num_anchors_10 - INFO - Adversarial examples will be loaded from /leonardo_work/EUHPC_R04_192/fmohamma/Adversarial_Robust_Clip/atpt_data/delta_clip_l14_224/UCF101/adv_images_eps_0.0_alpha_0.0_steps_100 and evaluated on delta_clip_l14_224
2026-02-12 14:13:35,928 - ADV_Generation_eps_0.0_steps_100_Added_Noise_uniform_Eps_1.0_Tau_Type_normal_anchors_num_anchors_10 - INFO - Using directory for adversarial images: /leonardo_work/EUHPC_R04_192/fmohamma/Adversarial_Robust_Clip/atpt_data/delta_clip_l14_224/UCF101/adv_images_eps_0.0_alpha_0.0_steps_100
2026-02-12 14:13:36,755 - ADV_Generation_eps_0.0_steps_100_Added_Noise_uniform_Eps_1.0_Tau_Type_normal_anchors_num_anchors_10 - INFO - Batch 1/3783: Clean accuracy 1.0000 | Adv accuracy: 1.0000 | Counter-attack accuracy: 1.0000
2026-02-12 14:13:37,063 - ADV_Generation_eps_0.0_steps_100_Added_Noise_uniform_Eps_1.0_Tau_Type_normal_anchors_num_anchors_10 - INFO - Batch 2/3783: Clean accuracy 1.0000 | Adv accuracy: 1.0000 | Counter-attack accuracy: 1.0000
2026-02-12 14:13:37,372 - ADV_Generation_eps_0.0_steps_100_Added_Noise_uniform_Eps_1.0_Tau_Type_normal_anchors_num_anchors_10 - INFO - Batch 3/3783: Clean accuracy 1.0000 | Adv accuracy: 1.0000 | Counter-attack accuracy: 1.0000
2026-02-12 14:13:37,681 - ADV_Generation_eps_0.0_steps_100_Added_Noise_uniform_Eps_1.0_Tau_Type_normal_anchors_num_anchors_10 - INFO - Batch 4/3783: Clean accuracy 1.0000 | Adv accuracy: 1.0000 | Counter-attack accuracy: 1.0000
2026-02-12 14:13:37,989 - ADV_Generation_eps_0.0_steps_100_Added_Noise_uniform_Eps_1.0_Tau_Type_normal_anchors_num_anchors_10 - INFO - Batch 5/3783: Clean accuracy 1.0000 | Adv accuracy: 1.0000 | Counter-attack accuracy: 1.0000
2026-02-12 14:13:38,298 - ADV_Generation_eps_0.0_steps_100_Added_Noise_uniform_Eps_1.0_Tau_Type_normal_anchors_num_anchors_10 - INFO - Batch 6/3783: Clean accuracy 1.0000 | Adv accuracy: 1.0000 | Counter-attack accuracy: 1.0000
2026-02-12 14:13:38,607 - ADV_Generation_eps_0.0_steps_100_Added_Noise_uniform_Eps_1.0_Tau_Type_normal_anchors_num_anchors_10 - INFO - Batch 7/3783: Clean accuracy 1.0000 | Adv accuracy: 1.0000 | Counter-attack accuracy: 1.0000
2026-02-12 14:13:38,916 - ADV_Generation_eps_0.0_steps_100_Added_Noise_uniform_Eps_1.0_Tau_Type_normal_anchors_num_anchors_10 - INFO - Batch 8/3783: Clean accuracy 1.0000 | Adv accuracy: 1.0000 | Counter-attack accuracy: 1.0000
2026-02-12 14:13:39,224 - ADV_Generation_eps_0.0_steps_100_Added_Noise_uniform_Eps_1.0_Tau_Type_normal_anchors_num_anchors_10 - INFO - Batch 9/3783: Clean accuracy 1.0000 | Adv accuracy: 1.0000 | Counter-attack accuracy: 1.0000
2026-02-12 14:13:39,532 - ADV_Generation_eps_0.0_steps_100_Added_Noise_uniform_Eps_1.0_Tau_Type_normal_anchors_num_anchors_10 - INFO - Batch 10/3783: Clean accuracy 1.0000 | Adv accuracy: 1.0000 | Counter-attack accuracy: 1.0000
2026-02-12 14:13:39,841 - ADV_Generation_eps_0.0_steps_100_Added_Noise_uniform_Eps_1.0_Tau_Type_normal_anchors_num_anchors_10 - INFO - Batch 11/3783: Clean accuracy 1.0000 | Adv accuracy: 1.0000 | Counter-attack accuracy: 1.0000
2026-02-12 14:13:40,149 - ADV_Generation_eps_0.0_steps_100_Added_Noise_uniform_Eps_1.0_Tau_Type_normal_anchors_num_anchors_10 - INFO - Batch 12/3783: Clean accuracy 1.0000 | Adv accuracy: 1.0000 | Counter-attack accuracy: 1.0000
2026-02-12 14:13:40,458 - ADV_Generation_eps_0.0_steps_100_Added_Noise_uniform_Eps_1.0_Tau_Type_normal_anchors_num_anchors_10 - INFO - Batch 13/3783: Clean accuracy 1.0000 | Adv accuracy: 1.0000 | Counter-attack accuracy: 1.0000
2026-02-12 14:13:40,766 - ADV_Generation_eps_0.0_steps_100_Added_Noise_uniform_Eps_1.0_Tau_Type_normal_anchors_num_anchors_10 - INFO - Batch 14/3783: Clean accuracy 1.0000 | Adv accuracy: 1.0000 | Counter-attack accuracy: 1.0000
2026-02-12 14:13:41,075 - ADV_Generation_eps_0.0_steps_100_Added_Noise_uniform_Eps_1.0_Tau_Type_normal_anchors_num_anchors_10 - INFO - Batch 15/3783: Clean accuracy 1.0000 | Adv accuracy: 1.0000 | Counter-attack accuracy: 1.0000
2026-02-12 14:13:41,383 - ADV_Generation_eps_0.0_steps_100_Added_Noise_uniform_Eps_1.0_Tau_Type_normal_anchors_num_anchors_10 - INFO - Batch 16/3783: Clean accuracy 1.0000 | Adv accuracy: 1.0000 | Counter-attack accuracy: 1.0000
2026-02-12 14:13:41,692 - ADV_Generation_eps_0.0_steps_100_Added_Noise_uniform_Eps_1.0_Tau_Type_normal_anchors_num_anchors_10 - INFO - Batch 17/3783: Clean accuracy 1.0000 | Adv accuracy: 1.0000 | Counter-attack accuracy: 1.0000
2026-02-12 14:13:42,000 - ADV_Generation_eps_0.0_steps_100_Added_Noise_uniform_Eps_1.0_Tau_Type_normal_anchors_num_anchors_10 - INFO - Batch 18/3783: Clean accuracy 1.0000 | Adv accuracy: 1.0000 | Counter-attack accuracy: 1.0000
2026-02-12 14:13:42,309 - ADV_Generation_eps_0.0_steps_100_Added_Noise_uniform_Eps_1.0_Tau_Type_normal_anchors_num_anchors_10 - INFO - Batch 19/3783: Clean accuracy 1.0000 | Adv accuracy: 1.0000 | Counter-attack accuracy: 1.0000
2026-02-12 14:13:42,618 - ADV_Generation_eps_0.0_steps_100_Added_Noise_uniform_Eps_1.0_Tau_Type_normal_anchors_num_anchors_10 - INFO - Batch 20/3783: Clean accuracy 1.0000 | Adv accuracy: 1.0000 | Counter-attack accuracy: 1.0000
2026-02-12 14:13:42,927 - ADV_Generation_eps_0.0_steps_100_Added_Noise_uniform_Eps_1.0_Tau_Type_normal_anchors_num_anchors_10 - INFO - Batch 21/3783: Clean accuracy 1.0000 | Adv accuracy: 1.0000 | Counter-attack accuracy: 1.0000
2026-02-12 14:13:43,236 - ADV_Generation_eps_0.0_steps_100_Added_Noise_uniform_Eps_1.0_Tau_Type_normal_anchors_num_anchors_10 - INFO - Batch 22/3783: Clean accuracy 1.0000 | Adv accuracy: 1.0000 | Counter-attack accuracy: 1.0000
2026-02-12 14:13:43,544 - ADV_Generation_eps_0.0_steps_100_Added_Noise_uniform_Eps_1.0_Tau_Type_normal_anchors_num_anchors_10 - INFO - Batch 23/3783: Clean accuracy 1.0000 | Adv accuracy: 1.0000 | Counter-attack accuracy: 1.0000
2026-02-12 14:13:43,853 - ADV_Generation_eps_0.0_steps_100_Added_Noise_uniform_Eps_1.0_Tau_Type_normal_anchors_num_anchors_10 - INFO - Batch 24/3783: Clean accuracy 1.0000 | Adv accuracy: 1.0000 | Counter-attack accuracy: 1.0000
2026-02-12 14:13:44,162 - ADV_Generation_eps_0.0_steps_100_Added_Noise_uniform_Eps_1.0_Tau_Type_normal_anchors_num_anchors_10 - INFO - Batch 25/3783: Clean accuracy 1.0000 | Adv accuracy: 1.0000 | Counter-attack accuracy: 1.0000
2026-02-12 14:13:44,470 - ADV_Generation_eps_0.0_steps_100_Added_Noise_uniform_Eps_1.0_Tau_Type_normal_anchors_num_anchors_10 - INFO - Batch 26/3783: Clean accuracy 1.0000 | Adv accuracy: 1.0000 | Counter-attack accuracy: 1.0000
2026-02-12 14:13:44,779 - ADV_Generation_eps_0.0_steps_100_Added_Noise_uniform_Eps_1.0_Tau_Type_normal_anchors_num_anchors_10 - INFO - Batch 27/3783: Clean accuracy 1.0000 | Adv accuracy: 1.0000 | Counter-attack accuracy: 1.0000
2026-02-12 14:13:45,088 - ADV_Generation_eps_0.0_steps_100_Added_Noise_uniform_Eps_1.0_Tau_Type_normal_anchors_num_anchors_10 - INFO - Batch 28/3783: Clean accuracy 1.0000 | Adv accuracy: 1.0000 | Counter-attack accuracy: 1.0000
2026-02-12 14:13:45,397 - ADV_Generation_eps_0.0_steps_100_Added_Noise_uniform_Eps_1.0_Tau_Type_normal_anchors_num_anchors_10 - INFO - Batch 29/3783: Clean accuracy 1.0000 | Adv accuracy: 1.0000 | Counter-attack accuracy: 1.0000
2026-02-12 14:13:45,705 - ADV_Generation_eps_0.0_steps_100_Added_Noise_uniform_Eps_1.0_Tau_Type_normal_anchors_num_anchors_10 - INFO - Batch 30/3783: Clean accuracy 1.0000 | Adv accuracy: 1.0000 | Counter-attack accuracy: 1.0000
2026-02-12 14:13:46,014 - ADV_Generation_eps_0.0_steps_100_Added_Noise_uniform_Eps_1.0_Tau_Type_normal_anchors_num_anchors_10 - INFO - Batch 31/3783: Clean accuracy 1.0000 | Adv accuracy: 1.0000 | Counter-attack accuracy: 1.0000
2026-02-12 14:13:46,323 - ADV_Generation_eps_0.0_steps_100_Added_Noise_uniform_Eps_1.0_Tau_Type_normal_anchors_num_anchors_10 - INFO - Batch 32/3783: Clean accuracy 1.0000 | Adv accuracy: 1.0000 | Counter-attack accuracy: 1.0000
2026-02-12 14:13:46,632 - ADV_Generation_eps_0.0_steps_100_Added_Noise_uniform_Eps_1.0_Tau_Type_normal_anchors_num_anchors_10 - INFO - Batch 33/3783: Clean accuracy 1.0000 | Adv accuracy: 1.0000 | Counter-attack accuracy: 1.0000
2026-02-12 14:13:46,940 - ADV_Generation_eps_0.0_steps_100_Added_Noise_uniform_Eps_1.0_Tau_Type_normal_anchors_num_anchors_10 - INFO - Batch 34/3783: Clean accuracy 1.0000 | Adv accuracy: 1.0000 | Counter-attack accuracy: 1.0000
2026-02-12 14:13:47,249 - ADV_Generation_eps_0.0_steps_100_Added_Noise_uniform_Eps_1.0_Tau_Type_normal_anchors_num_anchors_10 - INFO - Batch 35/3783: Clean accuracy 1.0000 | Adv accuracy: 1.0000 | Counter-attack accuracy: 1.0000
2026-02-12 14:13:47,558 - ADV_Generation_eps_0.0_steps_100_Added_Noise_uniform_Eps_1.0_Tau_Type_normal_anchors_num_anchors_10 - INFO - Batch 36/3783: Clean accuracy 1.0000 | Adv accuracy: 1.0000 | Counter-attack accuracy: 1.0000
2026-02-12 14:13:47,866 - ADV_Generation_eps_0.0_steps_100_Added_Noise_uniform_Eps_1.0_Tau_Type_normal_anchors_num_anchors_10 - INFO - Batch 37/3783: Clean accuracy 1.0000 | Adv accuracy: 1.0000 | Counter-attack accuracy: 1.0000
2026-02-12 14:13:48,175 - ADV_Generation_eps_0.0_steps_100_Added_Noise_uniform_Eps_1.0_Tau_Type_normal_anchors_num_anchors_10 - INFO - Batch 38/3783: Clean accuracy 1.0000 | Adv accuracy: 1.0000 | Counter-attack accuracy: 1.0000
2026-02-12 14:13:48,484 - ADV_Generation_eps_0.0_steps_100_Added_Noise_uniform_Eps_1.0_Tau_Type_normal_anchors_num_anchors_10 - INFO - Batch 39/3783: Clean accuracy 1.0000 | Adv accuracy: 1.0000 | Counter-attack accuracy: 1.0000
2026-02-12 14:13:48,792 - ADV_Generation_eps_0.0_steps_100_Added_Noise_uniform_Eps_1.0_Tau_Type_normal_anchors_num_anchors_10 - INFO - Batch 40/3783: Clean accuracy 1.0000 | Adv accuracy: 1.0000 | Counter-attack accuracy: 1.0000
2026-02-12 14:13:49,101 - ADV_Generation_eps_0.0_steps_100_Added_Noise_uniform_Eps_1.0_Tau_Type_normal_anchors_num_anchors_10 - INFO - Batch 41/3783: Clean accuracy 1.0000 | Adv accuracy: 1.0000 | Counter-attack accuracy: 1.0000
2026-02-12 14:13:49,410 - ADV_Generation_eps_0.0_steps_100_Added_Noise_uniform_Eps_1.0_Tau_Type_normal_anchors_num_anchors_10 - INFO - Batch 42/3783: Clean accuracy 1.0000 | Adv accuracy: 1.0000 | Counter-attack accuracy: 1.0000
2026-02-12 14:13:49,718 - ADV_Generation_eps_0.0_steps_100_Added_Noise_uniform_Eps_1.0_Tau_Type_normal_anchors_num_anchors_10 - INFO - Batch 43/3783: Clean accuracy 1.0000 | Adv accuracy: 1.0000 | Counter-attack accuracy: 1.0000
2026-02-12 14:13:50,027 - ADV_Generation_eps_0.0_steps_100_Added_Noise_uniform_Eps_1.0_Tau_Type_normal_anchors_num_anchors_10 - INFO - Batch 44/3783: Clean accuracy 1.0000 | Adv accuracy: 1.0000 | Counter-attack accuracy: 1.0000
2026-02-12 14:13:50,336 - ADV_Generation_eps_0.0_steps_100_Added_Noise_uniform_Eps_1.0_Tau_Type_normal_anchors_num_anchors_10 - INFO - Batch 45/3783: Clean accuracy 0.9778 | Adv accuracy: 0.9778 | Counter-attack accuracy: 0.9778
2026-02-12 14:13:50,644 - ADV_Generation_eps_0.0_steps_100_Added_Noise_uniform_Eps_1.0_Tau_Type_normal_anchors_num_anchors_10 - INFO - Batch 46/3783: Clean accuracy 0.9565 | Adv accuracy: 0.9565 | Counter-attack accuracy: 0.9565
2026-02-12 14:13:50,953 - ADV_Generation_eps_0.0_steps_100_Added_Noise_uniform_Eps_1.0_Tau_Type_normal_anchors_num_anchors_10 - INFO - Batch 47/3783: Clean accuracy 0.9362 | Adv accuracy: 0.9362 | Counter-attack accuracy: 0.9362
2026-02-12 14:13:51,262 - ADV_Generation_eps_0.0_steps_100_Added_Noise_uniform_Eps_1.0_Tau_Type_normal_anchors_num_anchors_10 - INFO - Batch 48/3783: Clean accuracy 0.9167 | Adv accuracy: 0.9167 | Counter-attack accuracy: 0.9167
2026-02-12 14:13:51,570 - ADV_Generation_eps_0.0_steps_100_Added_Noise_uniform_Eps_1.0_Tau_Type_normal_anchors_num_anchors_10 - INFO - Batch 49/3783: Clean accuracy 0.9184 | Adv accuracy: 0.9184 | Counter-attack accuracy: 0.9184
2026-02-12 14:13:51,879 - ADV_Generation_eps_0.0_steps_100_Added_Noise_uniform_Eps_1.0_Tau_Type_normal_anchors_num_anchors_10 - INFO - Batch 50/3783: Clean accuracy 0.9000 | Adv accuracy: 0.9000 | Counter-attack accuracy: 0.9000
2026-02-12 14:13:52,188 - ADV_Generation_eps_0.0_steps_100_Added_Noise_uniform_Eps_1.0_Tau_Type_normal_anchors_num_anchors_10 - INFO - Batch 51/3783: Clean accuracy 0.8824 | Adv accuracy: 0.8824 | Counter-attack accuracy: 0.8824
2026-02-12 14:13:52,496 - ADV_Generation_eps_0.0_steps_100_Added_Noise_uniform_Eps_1.0_Tau_Type_normal_anchors_num_anchors_10 - INFO - Batch 52/3783: Clean accuracy 0.8654 | Adv accuracy: 0.8654 | Counter-attack accuracy: 0.8654
2026-02-12 14:13:52,805 - ADV_Generation_eps_0.0_steps_100_Added_Noise_uniform_Eps_1.0_Tau_Type_normal_anchors_num_anchors_10 - INFO - Batch 53/3783: Clean accuracy 0.8491 | Adv accuracy: 0.8491 | Counter-attack accuracy: 0.8491
2026-02-12 14:13:53,114 - ADV_Generation_eps_0.0_steps_100_Added_Noise_uniform_Eps_1.0_Tau_Type_normal_anchors_num_anchors_10 - INFO - Batch 54/3783: Clean accuracy 0.8333 | Adv accuracy: 0.8333 | Counter-attack accuracy: 0.8333
2026-02-12 14:13:53,422 - ADV_Generation_eps_0.0_steps_100_Added_Noise_uniform_Eps_1.0_Tau_Type_normal_anchors_num_anchors_10 - INFO - Batch 55/3783: Clean accuracy 0.8182 | Adv accuracy: 0.8182 | Counter-attack accuracy: 0.8182
2026-02-12 14:13:53,731 - ADV_Generation_eps_0.0_steps_100_Added_Noise_uniform_Eps_1.0_Tau_Type_normal_anchors_num_anchors_10 - INFO - Batch 56/3783: Clean accuracy 0.8036 | Adv accuracy: 0.8036 | Counter-attack accuracy: 0.8036
2026-02-12 14:13:54,039 - ADV_Generation_eps_0.0_steps_100_Added_Noise_uniform_Eps_1.0_Tau_Type_normal_anchors_num_anchors_10 - INFO - Batch 57/3783: Clean accuracy 0.7895 | Adv accuracy: 0.7895 | Counter-attack accuracy: 0.7895
2026-02-12 14:13:54,348 - ADV_Generation_eps_0.0_steps_100_Added_Noise_uniform_Eps_1.0_Tau_Type_normal_anchors_num_anchors_10 - INFO - Batch 58/3783: Clean accuracy 0.7759 | Adv accuracy: 0.7759 | Counter-attack accuracy: 0.7759
2026-02-12 14:13:54,657 - ADV_Generation_eps_0.0_steps_100_Added_Noise_uniform_Eps_1.0_Tau_Type_normal_anchors_num_anchors_10 - INFO - Batch 59/3783: Clean accuracy 0.7627 | Adv accuracy: 0.7627 | Counter-attack accuracy: 0.7627
2026-02-12 14:13:54,965 - ADV_Generation_eps_0.0_steps_100_Added_Noise_uniform_Eps_1.0_Tau_Type_normal_anchors_num_anchors_10 - INFO - Batch 60/3783: Clean accuracy 0.7667 | Adv accuracy: 0.7667 | Counter-attack accuracy: 0.7667
2026-02-12 14:13:55,274 - ADV_Generation_eps_0.0_steps_100_Added_Noise_uniform_Eps_1.0_Tau_Type_normal_anchors_num_anchors_10 - INFO - Batch 61/3783: Clean accuracy 0.7705 | Adv accuracy: 0.7705 | Counter-attack accuracy: 0.7705
2026-02-12 14:13:55,583 - ADV_Generation_eps_0.0_steps_100_Added_Noise_uniform_Eps_1.0_Tau_Type_normal_anchors_num_anchors_10 - INFO - Batch 62/3783: Clean accuracy 0.7742 | Adv accuracy: 0.7742 | Counter-attack accuracy: 0.7742
2026-02-12 14:13:55,892 - ADV_Generation_eps_0.0_steps_100_Added_Noise_uniform_Eps_1.0_Tau_Type_normal_anchors_num_anchors_10 - INFO - Batch 63/3783: Clean accuracy 0.7619 | Adv accuracy: 0.7619 | Counter-attack accuracy: 0.7619
2026-02-12 14:13:56,200 - ADV_Generation_eps_0.0_steps_100_Added_Noise_uniform_Eps_1.0_Tau_Type_normal_anchors_num_anchors_10 - INFO - Batch 64/3783: Clean accuracy 0.7500 | Adv accuracy: 0.7500 | Counter-attack accuracy: 0.7500
2026-02-12 14:13:56,509 - ADV_Generation_eps_0.0_steps_100_Added_Noise_uniform_Eps_1.0_Tau_Type_normal_anchors_num_anchors_10 - INFO - Batch 65/3783: Clean accuracy 0.7385 | Adv accuracy: 0.7385 | Counter-attack accuracy: 0.7385
2026-02-12 14:13:56,818 - ADV_Generation_eps_0.0_steps_100_Added_Noise_uniform_Eps_1.0_Tau_Type_normal_anchors_num_anchors_10 - INFO - Batch 66/3783: Clean accuracy 0.7273 | Adv accuracy: 0.7273 | Counter-attack accuracy: 0.7273
2026-02-12 14:13:57,126 - ADV_Generation_eps_0.0_steps_100_Added_Noise_uniform_Eps_1.0_Tau_Type_normal_anchors_num_anchors_10 - INFO - Batch 67/3783: Clean accuracy 0.7164 | Adv accuracy: 0.7164 | Counter-attack accuracy: 0.7164
2026-02-12 14:13:57,435 - ADV_Generation_eps_0.0_steps_100_Added_Noise_uniform_Eps_1.0_Tau_Type_normal_anchors_num_anchors_10 - INFO - Batch 68/3783: Clean accuracy 0.7059 | Adv accuracy: 0.7059 | Counter-attack accuracy: 0.7059
2026-02-12 14:13:57,744 - ADV_Generation_eps_0.0_steps_100_Added_Noise_uniform_Eps_1.0_Tau_Type_normal_anchors_num_anchors_10 - INFO - Batch 69/3783: Clean accuracy 0.6957 | Adv accuracy: 0.6957 | Counter-attack accuracy: 0.6957
2026-02-12 14:13:58,053 - ADV_Generation_eps_0.0_steps_100_Added_Noise_uniform_Eps_1.0_Tau_Type_normal_anchors_num_anchors_10 - INFO - Batch 70/3783: Clean accuracy 0.6857 | Adv accuracy: 0.6857 | Counter-attack accuracy: 0.6857
2026-02-12 14:13:58,361 - ADV_Generation_eps_0.0_steps_100_Added_Noise_uniform_Eps_1.0_Tau_Type_normal_anchors_num_anchors_10 - INFO - Batch 71/3783: Clean accuracy 0.6901 | Adv accuracy: 0.6901 | Counter-attack accuracy: 0.6901
2026-02-12 14:13:58,670 - ADV_Generation_eps_0.0_steps_100_Added_Noise_uniform_Eps_1.0_Tau_Type_normal_anchors_num_anchors_10 - INFO - Batch 72/3783: Clean accuracy 0.6944 | Adv accuracy: 0.6944 | Counter-attack accuracy: 0.6944
2026-02-12 14:13:58,979 - ADV_Generation_eps_0.0_steps_100_Added_Noise_uniform_Eps_1.0_Tau_Type_normal_anchors_num_anchors_10 - INFO - Batch 73/3783: Clean accuracy 0.6986 | Adv accuracy: 0.6986 | Counter-attack accuracy: 0.6986
2026-02-12 14:13:59,287 - ADV_Generation_eps_0.0_steps_100_Added_Noise_uniform_Eps_1.0_Tau_Type_normal_anchors_num_anchors_10 - INFO - Batch 74/3783: Clean accuracy 0.7027 | Adv accuracy: 0.7027 | Counter-attack accuracy: 0.7027
2026-02-12 14:13:59,596 - ADV_Generation_eps_0.0_steps_100_Added_Noise_uniform_Eps_1.0_Tau_Type_normal_anchors_num_anchors_10 - INFO - Batch 75/3783: Clean accuracy 0.7067 | Adv accuracy: 0.7067 | Counter-attack accuracy: 0.7067
2026-02-12 14:13:59,905 - ADV_Generation_eps_0.0_steps_100_Added_Noise_uniform_Eps_1.0_Tau_Type_normal_anchors_num_anchors_10 - INFO - Batch 76/3783: Clean accuracy 0.7105 | Adv accuracy: 0.7105 | Counter-attack accuracy: 0.7105
2026-02-12 14:14:00,213 - ADV_Generation_eps_0.0_steps_100_Added_Noise_uniform_Eps_1.0_Tau_Type_normal_anchors_num_anchors_10 - INFO - Batch 77/3783: Clean accuracy 0.7143 | Adv accuracy: 0.7143 | Counter-attack accuracy: 0.7143
