2025-08-22 18:20:33,779 - ADV_Generation_eps_4.0_steps_100_image_only_attack_prm_Purification_type_noisy_anchor_anchors_10_alpha_1.2_sigma_0.18_threshold_0.0 - INFO - ==========================================
data:/leonardo_work/EUHPC_R04_192/fmohamma/Adversarial_Robust_Clip/atpt_data/downstream_datasets
test_sets:V
dataset_mode:test
arch:vit_l_14_datacomp_1b
resolution:224
transferability:False
source_model:fare4
workers:4
no_pin_memory:False
batch_size:64
adv_bs:16
print_freq:20
gpu:0
no_cudnn_benchmark:False
n_ctx:4
ctx_init:a_photo_of_a
seed:0
output_dir:/leonardo_work/EUHPC_R04_192/fmohamma/Adversarial_Robust_Clip/atpt_data/vit_l_14_datacomp_1b/V
log_output_dir:/leonardo_work/EUHPC_R04_192/fmohamma/Adversarial_Robust_Clip/ATPT/Final_Results_anchor/vit_l_14_datacomp_1b/V
image_only_attack:True
image_only_attack_type:prm
image_predicted_label_attack:False
eps:4.0
alpha:1.0
alpha_eps_ratio:4.0
steps:100
counter_attack:False
counter_attack_type:pgd
counter_attack_steps:2
counter_attack_eps:4.0
counter_attack_alpha:1.0
counter_attack_tau_thres:0.2
counter_attack_beta:2.0
counter_attack_weighted_perturbations:True
pgd_clip_pure_i_text_embeddings:null
pgd_counter_and_clipure_i_lamda:1.0
image_feature_purify:True
image_feature_purify_type:noisy_anchor
image_feature_purify_noisy_anchors:10
image_feature_purify_anchors_alpha:1.2
image_feature_purify_noisy_sigma:0.18
image_feature_purify_diff_threshold:0.0
image_feature_clipure_steps:10
image_feature_clipure_step_size:10.0
save_plots:False
lr:0.005
selection_p:0.1
tta_steps:1
top_k:20
softmax_temp:0.01
load_tecoa:

2025-08-22 18:20:33,780 - ADV_Generation_eps_4.0_steps_100_image_only_attack_prm_Purification_type_noisy_anchor_anchors_10_alpha_1.2_sigma_0.18_threshold_0.0 - INFO - Use GPU: 0 for training
2025-08-22 18:22:17,418 - ADV_Generation_eps_4.0_steps_100_image_only_attack_prm_Purification_type_noisy_anchor_anchors_10_alpha_1.2_sigma_0.18_threshold_0.0 - INFO - => Model created: visual backbone vit_l_14_datacomp_1b
2025-08-22 18:22:18,222 - ADV_Generation_eps_4.0_steps_100_image_only_attack_prm_Purification_type_noisy_anchor_anchors_10_alpha_1.2_sigma_0.18_threshold_0.0 - INFO - Number of test samples: 5000
2025-08-22 18:22:18,223 - ADV_Generation_eps_4.0_steps_100_image_only_attack_prm_Purification_type_noisy_anchor_anchors_10_alpha_1.2_sigma_0.18_threshold_0.0 - INFO - Evaluating dataset: V
2025-08-22 18:22:18,224 - ADV_Generation_eps_4.0_steps_100_image_only_attack_prm_Purification_type_noisy_anchor_anchors_10_alpha_1.2_sigma_0.18_threshold_0.0 - INFO - Starting evaluation with batch size: 64, selection percentage: 0.1
2025-08-22 18:22:18,224 - ADV_Generation_eps_4.0_steps_100_image_only_attack_prm_Purification_type_noisy_anchor_anchors_10_alpha_1.2_sigma_0.18_threshold_0.0 - INFO - Using PGD attack with epsilon: 0.015686, alpha: 0.003922, steps: 100 image only attack True image only attack type  prm image predicted label attack False
2025-08-22 18:22:18,224 - ADV_Generation_eps_4.0_steps_100_image_only_attack_prm_Purification_type_noisy_anchor_anchors_10_alpha_1.2_sigma_0.18_threshold_0.0 - INFO - Adversarial examples will be loaded from /leonardo_work/EUHPC_R04_192/fmohamma/Adversarial_Robust_Clip/atpt_data/vit_l_14_datacomp_1b/V/adv_images_eps_4.0_alpha_1.0_steps_100_image_only_attack_prm and evaluated on vit_l_14_datacomp_1b
2025-08-22 18:22:18,226 - ADV_Generation_eps_4.0_steps_100_image_only_attack_prm_Purification_type_noisy_anchor_anchors_10_alpha_1.2_sigma_0.18_threshold_0.0 - INFO - Using directory for adversarial images: /leonardo_work/EUHPC_R04_192/fmohamma/Adversarial_Robust_Clip/atpt_data/vit_l_14_datacomp_1b/V/adv_images_eps_4.0_alpha_1.0_steps_100_image_only_attack_prm
2025-08-22 18:23:22,747 - ADV_Generation_eps_4.0_steps_100_image_only_attack_prm_Purification_type_noisy_anchor_anchors_10_alpha_1.2_sigma_0.18_threshold_0.0 - INFO - Generated adversarial images for the entire batch.
2025-08-22 18:23:22,788 - ADV_Generation_eps_4.0_steps_100_image_only_attack_prm_Purification_type_noisy_anchor_anchors_10_alpha_1.2_sigma_0.18_threshold_0.0 - INFO - Batch:[0] Image: [0] Saved adversarial tensor to /leonardo_work/EUHPC_R04_192/fmohamma/Adversarial_Robust_Clip/atpt_data/vit_l_14_datacomp_1b/V/adv_images_eps_4.0_alpha_1.0_steps_100_image_only_attack_prm/0_58fbc3e79ef15162b7726de04e98c90bb91a3055.pt
2025-08-22 18:23:23,340 - ADV_Generation_eps_4.0_steps_100_image_only_attack_prm_Purification_type_noisy_anchor_anchors_10_alpha_1.2_sigma_0.18_threshold_0.0 - INFO - Batch:[0] Image: [1] Saved adversarial tensor to /leonardo_work/EUHPC_R04_192/fmohamma/Adversarial_Robust_Clip/atpt_data/vit_l_14_datacomp_1b/V/adv_images_eps_4.0_alpha_1.0_steps_100_image_only_attack_prm/0_64f661b97cfd6db73bd6c30325597cf7c7b322d5.pt
2025-08-22 18:23:23,382 - ADV_Generation_eps_4.0_steps_100_image_only_attack_prm_Purification_type_noisy_anchor_anchors_10_alpha_1.2_sigma_0.18_threshold_0.0 - INFO - Batch:[0] Image: [2] Saved adversarial tensor to /leonardo_work/EUHPC_R04_192/fmohamma/Adversarial_Robust_Clip/atpt_data/vit_l_14_datacomp_1b/V/adv_images_eps_4.0_alpha_1.0_steps_100_image_only_attack_prm/0_66123ec1b806abff544bb89e11653ef5185af4be.pt
2025-08-22 18:23:23,441 - ADV_Generation_eps_4.0_steps_100_image_only_attack_prm_Purification_type_noisy_anchor_anchors_10_alpha_1.2_sigma_0.18_threshold_0.0 - INFO - Batch:[0] Image: [3] Saved adversarial tensor to /leonardo_work/EUHPC_R04_192/fmohamma/Adversarial_Robust_Clip/atpt_data/vit_l_14_datacomp_1b/V/adv_images_eps_4.0_alpha_1.0_steps_100_image_only_attack_prm/0_7e4a8987a9a330189cc38c4098b1c57ac301713f.pt
2025-08-22 18:23:23,471 - ADV_Generation_eps_4.0_steps_100_image_only_attack_prm_Purification_type_noisy_anchor_anchors_10_alpha_1.2_sigma_0.18_threshold_0.0 - INFO - Batch:[0] Image: [4] Saved adversarial tensor to /leonardo_work/EUHPC_R04_192/fmohamma/Adversarial_Robust_Clip/atpt_data/vit_l_14_datacomp_1b/V/adv_images_eps_4.0_alpha_1.0_steps_100_image_only_attack_prm/0_8e1374a4e20d7af22665b7749158b7eb9fa3826e.pt
2025-08-22 18:23:23,526 - ADV_Generation_eps_4.0_steps_100_image_only_attack_prm_Purification_type_noisy_anchor_anchors_10_alpha_1.2_sigma_0.18_threshold_0.0 - INFO - Batch:[0] Image: [5] Saved adversarial tensor to /leonardo_work/EUHPC_R04_192/fmohamma/Adversarial_Robust_Clip/atpt_data/vit_l_14_datacomp_1b/V/adv_images_eps_4.0_alpha_1.0_steps_100_image_only_attack_prm/1_2fb7561b81c4e57499123d88ca1b3dfb90c12b04.pt
2025-08-22 18:23:23,583 - ADV_Generation_eps_4.0_steps_100_image_only_attack_prm_Purification_type_noisy_anchor_anchors_10_alpha_1.2_sigma_0.18_threshold_0.0 - INFO - Batch:[0] Image: [6] Saved adversarial tensor to /leonardo_work/EUHPC_R04_192/fmohamma/Adversarial_Robust_Clip/atpt_data/vit_l_14_datacomp_1b/V/adv_images_eps_4.0_alpha_1.0_steps_100_image_only_attack_prm/1_410be3396e37d22abeeb2117140570a27ca059d7.pt
2025-08-22 18:23:23,615 - ADV_Generation_eps_4.0_steps_100_image_only_attack_prm_Purification_type_noisy_anchor_anchors_10_alpha_1.2_sigma_0.18_threshold_0.0 - INFO - Batch:[0] Image: [7] Saved adversarial tensor to /leonardo_work/EUHPC_R04_192/fmohamma/Adversarial_Robust_Clip/atpt_data/vit_l_14_datacomp_1b/V/adv_images_eps_4.0_alpha_1.0_steps_100_image_only_attack_prm/1_4bfc25951f1f2f8568aaed8be30920b187674d0a.pt
2025-08-22 18:23:23,654 - ADV_Generation_eps_4.0_steps_100_image_only_attack_prm_Purification_type_noisy_anchor_anchors_10_alpha_1.2_sigma_0.18_threshold_0.0 - INFO - Batch:[0] Image: [8] Saved adversarial tensor to /leonardo_work/EUHPC_R04_192/fmohamma/Adversarial_Robust_Clip/atpt_data/vit_l_14_datacomp_1b/V/adv_images_eps_4.0_alpha_1.0_steps_100_image_only_attack_prm/1_6c8a2fdab07e64c8ac68c1d6914469a517127710.pt
2025-08-22 18:23:23,691 - ADV_Generation_eps_4.0_steps_100_image_only_attack_prm_Purification_type_noisy_anchor_anchors_10_alpha_1.2_sigma_0.18_threshold_0.0 - INFO - Batch:[0] Image: [9] Saved adversarial tensor to /leonardo_work/EUHPC_R04_192/fmohamma/Adversarial_Robust_Clip/atpt_data/vit_l_14_datacomp_1b/V/adv_images_eps_4.0_alpha_1.0_steps_100_image_only_attack_prm/1_6c8b66e303801b018d86b8ed7ca897d5ed563b75.pt
2025-08-22 18:23:23,758 - ADV_Generation_eps_4.0_steps_100_image_only_attack_prm_Purification_type_noisy_anchor_anchors_10_alpha_1.2_sigma_0.18_threshold_0.0 - INFO - Batch:[0] Image: [10] Saved adversarial tensor to /leonardo_work/EUHPC_R04_192/fmohamma/Adversarial_Robust_Clip/atpt_data/vit_l_14_datacomp_1b/V/adv_images_eps_4.0_alpha_1.0_steps_100_image_only_attack_prm/10_0615b841d58ea66d72093e4d135a710fee1c0eb2.pt
2025-08-22 18:23:23,805 - ADV_Generation_eps_4.0_steps_100_image_only_attack_prm_Purification_type_noisy_anchor_anchors_10_alpha_1.2_sigma_0.18_threshold_0.0 - INFO - Batch:[0] Image: [11] Saved adversarial tensor to /leonardo_work/EUHPC_R04_192/fmohamma/Adversarial_Robust_Clip/atpt_data/vit_l_14_datacomp_1b/V/adv_images_eps_4.0_alpha_1.0_steps_100_image_only_attack_prm/10_2a91d912f82f9c8047fc9ab634c58e7499ad1d8d.pt
2025-08-22 18:23:23,820 - ADV_Generation_eps_4.0_steps_100_image_only_attack_prm_Purification_type_noisy_anchor_anchors_10_alpha_1.2_sigma_0.18_threshold_0.0 - INFO - Batch:[0] Image: [12] Saved adversarial tensor to /leonardo_work/EUHPC_R04_192/fmohamma/Adversarial_Robust_Clip/atpt_data/vit_l_14_datacomp_1b/V/adv_images_eps_4.0_alpha_1.0_steps_100_image_only_attack_prm/10_367d70ba1eef798b7b6cb32e6666675a3322cd1d.pt
2025-08-22 18:23:23,862 - ADV_Generation_eps_4.0_steps_100_image_only_attack_prm_Purification_type_noisy_anchor_anchors_10_alpha_1.2_sigma_0.18_threshold_0.0 - INFO - Batch:[0] Image: [13] Saved adversarial tensor to /leonardo_work/EUHPC_R04_192/fmohamma/Adversarial_Robust_Clip/atpt_data/vit_l_14_datacomp_1b/V/adv_images_eps_4.0_alpha_1.0_steps_100_image_only_attack_prm/10_3b12f8a9e0fca07246affdd805e7a8c13ef22136.pt
2025-08-22 18:23:23,901 - ADV_Generation_eps_4.0_steps_100_image_only_attack_prm_Purification_type_noisy_anchor_anchors_10_alpha_1.2_sigma_0.18_threshold_0.0 - INFO - Batch:[0] Image: [14] Saved adversarial tensor to /leonardo_work/EUHPC_R04_192/fmohamma/Adversarial_Robust_Clip/atpt_data/vit_l_14_datacomp_1b/V/adv_images_eps_4.0_alpha_1.0_steps_100_image_only_attack_prm/10_3fe41c41741768fbec3f765d165c8caf88f3b7dd.pt
2025-08-22 18:23:23,960 - ADV_Generation_eps_4.0_steps_100_image_only_attack_prm_Purification_type_noisy_anchor_anchors_10_alpha_1.2_sigma_0.18_threshold_0.0 - INFO - Batch:[0] Image: [15] Saved adversarial tensor to /leonardo_work/EUHPC_R04_192/fmohamma/Adversarial_Robust_Clip/atpt_data/vit_l_14_datacomp_1b/V/adv_images_eps_4.0_alpha_1.0_steps_100_image_only_attack_prm/100_0f3db9e0ae5b586c8ab726e73359494d4d2a5624.pt
2025-08-22 18:23:27,589 - ADV_Generation_eps_4.0_steps_100_image_only_attack_prm_Purification_type_noisy_anchor_anchors_10_alpha_1.2_sigma_0.18_threshold_0.0 - INFO - ======================== Adversarial Image Evaluation ==========================
2025-08-22 18:23:27,657 - ADV_Generation_eps_4.0_steps_100_image_only_attack_prm_Purification_type_noisy_anchor_anchors_10_alpha_1.2_sigma_0.18_threshold_0.0 - INFO - target: tensor([0, 0, 0, 0, 0, 1, 1, 1, 1, 1, 2, 2, 2, 2, 2, 3], device='cuda:0')
2025-08-22 18:23:27,658 - ADV_Generation_eps_4.0_steps_100_image_only_attack_prm_Purification_type_noisy_anchor_anchors_10_alpha_1.2_sigma_0.18_threshold_0.0 - INFO - adv_pred: tensor([572, 764, 746, 454, 908, 570, 909, 764, 809, 662, 788, 570, 396, 478,
        382, 788], device='cuda:0')
2025-08-22 18:23:27,658 - ADV_Generation_eps_4.0_steps_100_image_only_attack_prm_Purification_type_noisy_anchor_anchors_10_alpha_1.2_sigma_0.18_threshold_0.0 - INFO - adv_correct_orig: 0 = 0 + 0
2025-08-22 18:23:27,659 - ADV_Generation_eps_4.0_steps_100_image_only_attack_prm_Purification_type_noisy_anchor_anchors_10_alpha_1.2_sigma_0.18_threshold_0.0 - INFO - adv_pred_purify: tensor([  0, 492,   0,   0, 445,   1,   1, 699,   1, 286,   2,   2,   2, 901,
         35,   3], device='cuda:0')
2025-08-22 18:23:27,659 - ADV_Generation_eps_4.0_steps_100_image_only_attack_prm_Purification_type_noisy_anchor_anchors_10_alpha_1.2_sigma_0.18_threshold_0.0 - INFO - adv_correct_purify: 10 = 0 + 10
