2025-08-21 20:40:01,997 - ADV_Generation_eps_4.0_steps_100_Purification_type_noisy_anchor_anchors_10_alpha_1.2_sigma_0.18_threshold_0.0 - INFO - ==========================================
data:/leonardo_work/EUHPC_R04_192/fmohamma/Adversarial_Robust_Clip/atpt_data/downstream_datasets
test_sets:A
dataset_mode:test
arch:ViT-L/14
resolution:224
transferability:False
source_model:fare4
workers:4
no_pin_memory:False
batch_size:64
adv_bs:16
print_freq:20
gpu:0
no_cudnn_benchmark:False
n_ctx:4
ctx_init:a_photo_of_a
seed:0
output_dir:/leonardo_work/EUHPC_R04_192/fmohamma/Adversarial_Robust_Clip/atpt_data/ViT-L/14/A
log_output_dir:/leonardo_work/EUHPC_R04_192/fmohamma/Adversarial_Robust_Clip/ATPT/Final_Results_anchor/ViT-L/14/A
image_only_attack:False
image_only_attack_type:prm
image_predicted_label_attack:False
eps:4.0
alpha:1.0
alpha_eps_ratio:4.0
steps:100
counter_attack:False
counter_attack_type:pgd
counter_attack_steps:2
counter_attack_eps:4.0
counter_attack_alpha:1.0
counter_attack_tau_thres:0.2
counter_attack_beta:2.0
counter_attack_weighted_perturbations:True
pgd_clip_pure_i_text_embeddings:null
pgd_counter_and_clipure_i_lamda:1.0
image_feature_purify:True
image_feature_purify_type:noisy_anchor
image_feature_purify_noisy_anchors:10
image_feature_purify_anchors_alpha:1.2
image_feature_purify_noisy_sigma:0.18
image_feature_purify_diff_threshold:0.0
image_feature_clipure_steps:10
image_feature_clipure_step_size:10.0
save_plots:False
lr:0.005
selection_p:0.1
tta_steps:1
top_k:20
softmax_temp:0.01
load_tecoa:

2025-08-21 20:40:02,000 - ADV_Generation_eps_4.0_steps_100_Purification_type_noisy_anchor_anchors_10_alpha_1.2_sigma_0.18_threshold_0.0 - INFO - Use GPU: 0 for training
2025-08-21 20:40:47,231 - ADV_Generation_eps_4.0_steps_100_Purification_type_noisy_anchor_anchors_10_alpha_1.2_sigma_0.18_threshold_0.0 - INFO - => Model created: visual backbone ViT-L/14
2025-08-21 20:40:47,444 - ADV_Generation_eps_4.0_steps_100_Purification_type_noisy_anchor_anchors_10_alpha_1.2_sigma_0.18_threshold_0.0 - INFO - Number of test samples: 995
2025-08-21 20:40:47,444 - ADV_Generation_eps_4.0_steps_100_Purification_type_noisy_anchor_anchors_10_alpha_1.2_sigma_0.18_threshold_0.0 - INFO - Evaluating dataset: A
2025-08-21 20:40:47,445 - ADV_Generation_eps_4.0_steps_100_Purification_type_noisy_anchor_anchors_10_alpha_1.2_sigma_0.18_threshold_0.0 - INFO - Starting evaluation with batch size: 64, selection percentage: 0.1
2025-08-21 20:40:47,445 - ADV_Generation_eps_4.0_steps_100_Purification_type_noisy_anchor_anchors_10_alpha_1.2_sigma_0.18_threshold_0.0 - INFO - Using PGD attack with epsilon: 0.015686, alpha: 0.003922, steps: 100 image only attack False image only attack type  prm image predicted label attack False
2025-08-21 20:40:47,446 - ADV_Generation_eps_4.0_steps_100_Purification_type_noisy_anchor_anchors_10_alpha_1.2_sigma_0.18_threshold_0.0 - INFO - Adversarial examples will be loaded from /leonardo_work/EUHPC_R04_192/fmohamma/Adversarial_Robust_Clip/atpt_data/ViT-L/14/A/adv_images_eps_4.0_alpha_1.0_steps_100 and evaluated on ViT-L/14
2025-08-21 20:40:47,448 - ADV_Generation_eps_4.0_steps_100_Purification_type_noisy_anchor_anchors_10_alpha_1.2_sigma_0.18_threshold_0.0 - INFO - Using directory for adversarial images: /leonardo_work/EUHPC_R04_192/fmohamma/Adversarial_Robust_Clip/atpt_data/ViT-L/14/A/adv_images_eps_4.0_alpha_1.0_steps_100
2025-08-21 20:41:51,121 - ADV_Generation_eps_4.0_steps_100_Purification_type_noisy_anchor_anchors_10_alpha_1.2_sigma_0.18_threshold_0.0 - INFO - Generated adversarial images for the entire batch.
2025-08-21 20:41:51,127 - ADV_Generation_eps_4.0_steps_100_Purification_type_noisy_anchor_anchors_10_alpha_1.2_sigma_0.18_threshold_0.0 - INFO - Batch:[0] Image: [0] Saved adversarial tensor to /leonardo_work/EUHPC_R04_192/fmohamma/Adversarial_Robust_Clip/atpt_data/ViT-L/14/A/adv_images_eps_4.0_alpha_1.0_steps_100/n01498041_0.000116_digital clock _ digital clock_0.865662.pt
2025-08-21 20:41:51,129 - ADV_Generation_eps_4.0_steps_100_Purification_type_noisy_anchor_anchors_10_alpha_1.2_sigma_0.18_threshold_0.0 - INFO - Batch:[0] Image: [1] Saved adversarial tensor to /leonardo_work/EUHPC_R04_192/fmohamma/Adversarial_Robust_Clip/atpt_data/ViT-L/14/A/adv_images_eps_4.0_alpha_1.0_steps_100/n01498041_0.000348_chameleon _ box turtle_0.55540705.pt
2025-08-21 20:41:51,131 - ADV_Generation_eps_4.0_steps_100_Purification_type_noisy_anchor_anchors_10_alpha_1.2_sigma_0.18_threshold_0.0 - INFO - Batch:[0] Image: [2] Saved adversarial tensor to /leonardo_work/EUHPC_R04_192/fmohamma/Adversarial_Robust_Clip/atpt_data/ViT-L/14/A/adv_images_eps_4.0_alpha_1.0_steps_100/n01498041_0.000376_oystercatcher _ oystercatcher_0.7287027.pt
2025-08-21 20:41:51,134 - ADV_Generation_eps_4.0_steps_100_Purification_type_noisy_anchor_anchors_10_alpha_1.2_sigma_0.18_threshold_0.0 - INFO - Batch:[0] Image: [3] Saved adversarial tensor to /leonardo_work/EUHPC_R04_192/fmohamma/Adversarial_Robust_Clip/atpt_data/ViT-L/14/A/adv_images_eps_4.0_alpha_1.0_steps_100/n01498041_0.000539_American alligator _ American alligator_0.85773236.pt
2025-08-21 20:41:51,136 - ADV_Generation_eps_4.0_steps_100_Purification_type_noisy_anchor_anchors_10_alpha_1.2_sigma_0.18_threshold_0.0 - INFO - Batch:[0] Image: [4] Saved adversarial tensor to /leonardo_work/EUHPC_R04_192/fmohamma/Adversarial_Robust_Clip/atpt_data/ViT-L/14/A/adv_images_eps_4.0_alpha_1.0_steps_100/n01498041_0.000682_jellyfish _ jellyfish_0.99729806.pt
2025-08-21 20:41:51,137 - ADV_Generation_eps_4.0_steps_100_Purification_type_noisy_anchor_anchors_10_alpha_1.2_sigma_0.18_threshold_0.0 - INFO - Batch:[0] Image: [5] Saved adversarial tensor to /leonardo_work/EUHPC_R04_192/fmohamma/Adversarial_Robust_Clip/atpt_data/ViT-L/14/A/adv_images_eps_4.0_alpha_1.0_steps_100/n01531178_0.000013_wheelbarrow _ wheelbarrow_0.95062554.pt
2025-08-21 20:41:51,140 - ADV_Generation_eps_4.0_steps_100_Purification_type_noisy_anchor_anchors_10_alpha_1.2_sigma_0.18_threshold_0.0 - INFO - Batch:[0] Image: [6] Saved adversarial tensor to /leonardo_work/EUHPC_R04_192/fmohamma/Adversarial_Robust_Clip/atpt_data/ViT-L/14/A/adv_images_eps_4.0_alpha_1.0_steps_100/n01531178_0.000016_garbage truck _ doormat_0.8061608.pt
2025-08-21 20:41:51,142 - ADV_Generation_eps_4.0_steps_100_Purification_type_noisy_anchor_anchors_10_alpha_1.2_sigma_0.18_threshold_0.0 - INFO - Batch:[0] Image: [7] Saved adversarial tensor to /leonardo_work/EUHPC_R04_192/fmohamma/Adversarial_Robust_Clip/atpt_data/ViT-L/14/A/adv_images_eps_4.0_alpha_1.0_steps_100/n01531178_0.000019_fountain _ fountain_0.75396997.pt
2025-08-21 20:41:51,144 - ADV_Generation_eps_4.0_steps_100_Purification_type_noisy_anchor_anchors_10_alpha_1.2_sigma_0.18_threshold_0.0 - INFO - Batch:[0] Image: [8] Saved adversarial tensor to /leonardo_work/EUHPC_R04_192/fmohamma/Adversarial_Robust_Clip/atpt_data/ViT-L/14/A/adv_images_eps_4.0_alpha_1.0_steps_100/n01531178_0.000033_sundial _ sundial_0.99005336.pt
2025-08-21 20:41:51,146 - ADV_Generation_eps_4.0_steps_100_Purification_type_noisy_anchor_anchors_10_alpha_1.2_sigma_0.18_threshold_0.0 - INFO - Batch:[0] Image: [9] Saved adversarial tensor to /leonardo_work/EUHPC_R04_192/fmohamma/Adversarial_Robust_Clip/atpt_data/ViT-L/14/A/adv_images_eps_4.0_alpha_1.0_steps_100/n01531178_0.000036_lighthouse _ lighthouse_0.9377955.pt
2025-08-21 20:41:51,148 - ADV_Generation_eps_4.0_steps_100_Purification_type_noisy_anchor_anchors_10_alpha_1.2_sigma_0.18_threshold_0.0 - INFO - Batch:[0] Image: [10] Saved adversarial tensor to /leonardo_work/EUHPC_R04_192/fmohamma/Adversarial_Robust_Clip/atpt_data/ViT-L/14/A/adv_images_eps_4.0_alpha_1.0_steps_100/n01534433_0.000026_golf cart _ golf cart_0.8319353.pt
2025-08-21 20:41:51,154 - ADV_Generation_eps_4.0_steps_100_Purification_type_noisy_anchor_anchors_10_alpha_1.2_sigma_0.18_threshold_0.0 - INFO - Batch:[0] Image: [11] Saved adversarial tensor to /leonardo_work/EUHPC_R04_192/fmohamma/Adversarial_Robust_Clip/atpt_data/ViT-L/14/A/adv_images_eps_4.0_alpha_1.0_steps_100/n01534433_0.000030_doormat _ doormat_0.8502354.pt
2025-08-21 20:41:51,156 - ADV_Generation_eps_4.0_steps_100_Purification_type_noisy_anchor_anchors_10_alpha_1.2_sigma_0.18_threshold_0.0 - INFO - Batch:[0] Image: [12] Saved adversarial tensor to /leonardo_work/EUHPC_R04_192/fmohamma/Adversarial_Robust_Clip/atpt_data/ViT-L/14/A/adv_images_eps_4.0_alpha_1.0_steps_100/n01534433_0.000034_toaster _ toaster_0.9964882.pt
2025-08-21 20:41:51,158 - ADV_Generation_eps_4.0_steps_100_Purification_type_noisy_anchor_anchors_10_alpha_1.2_sigma_0.18_threshold_0.0 - INFO - Batch:[0] Image: [13] Saved adversarial tensor to /leonardo_work/EUHPC_R04_192/fmohamma/Adversarial_Robust_Clip/atpt_data/ViT-L/14/A/adv_images_eps_4.0_alpha_1.0_steps_100/n01534433_0.000039_basketball _ flagpole_0.5105829.pt
2025-08-21 20:41:51,160 - ADV_Generation_eps_4.0_steps_100_Purification_type_noisy_anchor_anchors_10_alpha_1.2_sigma_0.18_threshold_0.0 - INFO - Batch:[0] Image: [14] Saved adversarial tensor to /leonardo_work/EUHPC_R04_192/fmohamma/Adversarial_Robust_Clip/atpt_data/ViT-L/14/A/adv_images_eps_4.0_alpha_1.0_steps_100/n01534433_0.000049_suspension bridge _ suspension bridge_0.9602953.pt
2025-08-21 20:41:51,162 - ADV_Generation_eps_4.0_steps_100_Purification_type_noisy_anchor_anchors_10_alpha_1.2_sigma_0.18_threshold_0.0 - INFO - Batch:[0] Image: [15] Saved adversarial tensor to /leonardo_work/EUHPC_R04_192/fmohamma/Adversarial_Robust_Clip/atpt_data/ViT-L/14/A/adv_images_eps_4.0_alpha_1.0_steps_100/n01558993_0.000007_manhole cover _ manhole cover_0.9101931.pt
2025-08-21 20:41:54,424 - ADV_Generation_eps_4.0_steps_100_Purification_type_noisy_anchor_anchors_10_alpha_1.2_sigma_0.18_threshold_0.0 - INFO - ======================== Adversarial Image Evaluation ==========================
2025-08-21 20:41:54,489 - ADV_Generation_eps_4.0_steps_100_Purification_type_noisy_anchor_anchors_10_alpha_1.2_sigma_0.18_threshold_0.0 - INFO - target: tensor([0, 0, 0, 0, 0, 1, 1, 1, 1, 1, 2, 2, 2, 2, 2, 3], device='cuda:0')
2025-08-21 20:41:54,490 - ADV_Generation_eps_4.0_steps_100_Purification_type_noisy_anchor_anchors_10_alpha_1.2_sigma_0.18_threshold_0.0 - INFO - adv_pred: tensor([ 63,  56,  34, 125,  28,  46,  11,   4, 112, 164,  45,  99, 113,   6,
         23, 125], device='cuda:0')
2025-08-21 20:41:54,490 - ADV_Generation_eps_4.0_steps_100_Purification_type_noisy_anchor_anchors_10_alpha_1.2_sigma_0.18_threshold_0.0 - INFO - adv_correct_orig: 0 = 0 + 0
2025-08-21 20:41:54,490 - ADV_Generation_eps_4.0_steps_100_Purification_type_noisy_anchor_anchors_10_alpha_1.2_sigma_0.18_threshold_0.0 - INFO - adv_pred_purify: tensor([  0,   0, 193,  13,  93,   1,   1,   1,   1,   1,   2,   2,   2,   2,
          2, 136], device='cuda:0')
2025-08-21 20:41:54,490 - ADV_Generation_eps_4.0_steps_100_Purification_type_noisy_anchor_anchors_10_alpha_1.2_sigma_0.18_threshold_0.0 - INFO - adv_correct_purify: 12 = 0 + 12
2025-08-21 20:41:56,528 - ADV_Generation_eps_4.0_steps_100_Purification_type_noisy_anchor_anchors_10_alpha_1.2_sigma_0.18_threshold_0.0 - INFO - ======================== Clean Image Evaluation ==========================
2025-08-21 20:41:56,529 - ADV_Generation_eps_4.0_steps_100_Purification_type_noisy_anchor_anchors_10_alpha_1.2_sigma_0.18_threshold_0.0 - INFO - target: tensor([0, 0, 0, 0, 0, 1, 1, 1, 1, 1, 2, 2, 2, 2, 2, 3], device='cuda:0')
2025-08-21 20:41:56,530 - ADV_Generation_eps_4.0_steps_100_Purification_type_noisy_anchor_anchors_10_alpha_1.2_sigma_0.18_threshold_0.0 - INFO - clean_pred: tensor([  0,   0,  36,   0,   0,   1,   1,   1,   1,   1,   2, 144,   2,   2,
          3, 125], device='cuda:0')
2025-08-21 20:41:56,530 - ADV_Generation_eps_4.0_steps_100_Purification_type_noisy_anchor_anchors_10_alpha_1.2_sigma_0.18_threshold_0.0 - INFO - clean_correct_orig: 12
2025-08-21 20:41:56,530 - ADV_Generation_eps_4.0_steps_100_Purification_type_noisy_anchor_anchors_10_alpha_1.2_sigma_0.18_threshold_0.0 - INFO - clean_pred_purify: tensor([194,  16,  34,  23,  93,  66, 171, 112, 163,  87,  64, 144,  54, 110,
        164, 136], device='cuda:0')
2025-08-21 20:41:56,530 - ADV_Generation_eps_4.0_steps_100_Purification_type_noisy_anchor_anchors_10_alpha_1.2_sigma_0.18_threshold_0.0 - INFO - clean_correct_purify: 0
2025-08-21 20:41:56,530 - ADV_Generation_eps_4.0_steps_100_Purification_type_noisy_anchor_anchors_10_alpha_1.2_sigma_0.18_threshold_0.0 - INFO - adv_correct_purify_clean_correct: 10
2025-08-21 20:41:56,530 - ADV_Generation_eps_4.0_steps_100_Purification_type_noisy_anchor_anchors_10_alpha_1.2_sigma_0.18_threshold_0.0 - INFO - adv_correct_purify_clean_incorrect: 2
2025-08-21 20:41:56,530 - ADV_Generation_eps_4.0_steps_100_Purification_type_noisy_anchor_anchors_10_alpha_1.2_sigma_0.18_threshold_0.0 - INFO - clean_correct_purify_clean_correct: 0
2025-08-21 20:41:56,531 - ADV_Generation_eps_4.0_steps_100_Purification_type_noisy_anchor_anchors_10_alpha_1.2_sigma_0.18_threshold_0.0 - INFO - clean_correct_purify_clean_incorrect: 0
2025-08-21 20:41:56,532 - ADV_Generation_eps_4.0_steps_100_Purification_type_noisy_anchor_anchors_10_alpha_1.2_sigma_0.18_threshold_0.0 - INFO - Batch 1/63: Clean orig accuracy 0.7500 | Clean purify accuracy 0.0000 | Adv orig accuracy: 0.0000 | Adv purify accuracy: 0.7500 | Adv purify acc on clean correct: 0.8333 | Adv purify acc on clean incorrect: 0.5000 | Clean purify acc on clean correct: 0.0000 | Clean purify acc on clean incorrect: 0.0000
2025-08-21 20:42:40,508 - ADV_Generation_eps_4.0_steps_100_Purification_type_noisy_anchor_anchors_10_alpha_1.2_sigma_0.18_threshold_0.0 - INFO - Generated adversarial images for the entire batch.
2025-08-21 20:42:40,517 - ADV_Generation_eps_4.0_steps_100_Purification_type_noisy_anchor_anchors_10_alpha_1.2_sigma_0.18_threshold_0.0 - INFO - Batch:[1] Image: [0] Saved adversarial tensor to /leonardo_work/EUHPC_R04_192/fmohamma/Adversarial_Robust_Clip/atpt_data/ViT-L/14/A/adv_images_eps_4.0_alpha_1.0_steps_100/n01558993_0.000056_billiard table _ billiard table_0.98278195.pt
2025-08-21 20:42:40,520 - ADV_Generation_eps_4.0_steps_100_Purification_type_noisy_anchor_anchors_10_alpha_1.2_sigma_0.18_threshold_0.0 - INFO - Batch:[1] Image: [1] Saved adversarial tensor to /leonardo_work/EUHPC_R04_192/fmohamma/Adversarial_Robust_Clip/atpt_data/ViT-L/14/A/adv_images_eps_4.0_alpha_1.0_steps_100/n01558993_0.000062_reel _ flagpole_0.8450651.pt
2025-08-21 20:42:40,522 - ADV_Generation_eps_4.0_steps_100_Purification_type_noisy_anchor_anchors_10_alpha_1.2_sigma_0.18_threshold_0.0 - INFO - Batch:[1] Image: [2] Saved adversarial tensor to /leonardo_work/EUHPC_R04_192/fmohamma/Adversarial_Robust_Clip/atpt_data/ViT-L/14/A/adv_images_eps_4.0_alpha_1.0_steps_100/n01558993_0.000069_ambulance _ bison_0.36011547.pt
2025-08-21 20:42:40,527 - ADV_Generation_eps_4.0_steps_100_Purification_type_noisy_anchor_anchors_10_alpha_1.2_sigma_0.18_threshold_0.0 - INFO - Batch:[1] Image: [3] Saved adversarial tensor to /leonardo_work/EUHPC_R04_192/fmohamma/Adversarial_Robust_Clip/atpt_data/ViT-L/14/A/adv_images_eps_4.0_alpha_1.0_steps_100/n01558993_0.000078_rocking chair _ rocking chair_0.8643756.pt
2025-08-21 20:42:40,529 - ADV_Generation_eps_4.0_steps_100_Purification_type_noisy_anchor_anchors_10_alpha_1.2_sigma_0.18_threshold_0.0 - INFO - Batch:[1] Image: [4] Saved adversarial tensor to /leonardo_work/EUHPC_R04_192/fmohamma/Adversarial_Robust_Clip/atpt_data/ViT-L/14/A/adv_images_eps_4.0_alpha_1.0_steps_100/n01580077_0.000161_volcano _ volcano_0.6418999.pt
2025-08-21 20:42:40,531 - ADV_Generation_eps_4.0_steps_100_Purification_type_noisy_anchor_anchors_10_alpha_1.2_sigma_0.18_threshold_0.0 - INFO - Batch:[1] Image: [5] Saved adversarial tensor to /leonardo_work/EUHPC_R04_192/fmohamma/Adversarial_Robust_Clip/atpt_data/ViT-L/14/A/adv_images_eps_4.0_alpha_1.0_steps_100/n01580077_0.000177_American robin _ American robin_0.9999511.pt
2025-08-21 20:42:40,533 - ADV_Generation_eps_4.0_steps_100_Purification_type_noisy_anchor_anchors_10_alpha_1.2_sigma_0.18_threshold_0.0 - INFO - Batch:[1] Image: [6] Saved adversarial tensor to /leonardo_work/EUHPC_R04_192/fmohamma/Adversarial_Robust_Clip/atpt_data/ViT-L/14/A/adv_images_eps_4.0_alpha_1.0_steps_100/n01580077_0.000258_bow _ bow_0.79463935.pt
2025-08-21 20:42:40,536 - ADV_Generation_eps_4.0_steps_100_Purification_type_noisy_anchor_anchors_10_alpha_1.2_sigma_0.18_threshold_0.0 - INFO - Batch:[1] Image: [7] Saved adversarial tensor to /leonardo_work/EUHPC_R04_192/fmohamma/Adversarial_Robust_Clip/atpt_data/ViT-L/14/A/adv_images_eps_4.0_alpha_1.0_steps_100/n01580077_0.000285_shovel _ shovel_0.6385658.pt
2025-08-21 20:42:40,538 - ADV_Generation_eps_4.0_steps_100_Purification_type_noisy_anchor_anchors_10_alpha_1.2_sigma_0.18_threshold_0.0 - INFO - Batch:[1] Image: [8] Saved adversarial tensor to /leonardo_work/EUHPC_R04_192/fmohamma/Adversarial_Robust_Clip/atpt_data/ViT-L/14/A/adv_images_eps_4.0_alpha_1.0_steps_100/n01580077_0.000483_marmot _ marmot_0.8091637.pt
2025-08-21 20:42:40,541 - ADV_Generation_eps_4.0_steps_100_Purification_type_noisy_anchor_anchors_10_alpha_1.2_sigma_0.18_threshold_0.0 - INFO - Batch:[1] Image: [9] Saved adversarial tensor to /leonardo_work/EUHPC_R04_192/fmohamma/Adversarial_Robust_Clip/atpt_data/ViT-L/14/A/adv_images_eps_4.0_alpha_1.0_steps_100/n01614925_0.000004_snowmobile _ snowmobile_0.9998286.pt
2025-08-21 20:42:40,545 - ADV_Generation_eps_4.0_steps_100_Purification_type_noisy_anchor_anchors_10_alpha_1.2_sigma_0.18_threshold_0.0 - INFO - Batch:[1] Image: [10] Saved adversarial tensor to /leonardo_work/EUHPC_R04_192/fmohamma/Adversarial_Robust_Clip/atpt_data/ViT-L/14/A/adv_images_eps_4.0_alpha_1.0_steps_100/n01614925_0.000007_cliff _ cliff_0.99714214.pt
2025-08-21 20:42:40,548 - ADV_Generation_eps_4.0_steps_100_Purification_type_noisy_anchor_anchors_10_alpha_1.2_sigma_0.18_threshold_0.0 - INFO - Batch:[1] Image: [11] Saved adversarial tensor to /leonardo_work/EUHPC_R04_192/fmohamma/Adversarial_Robust_Clip/atpt_data/ViT-L/14/A/adv_images_eps_4.0_alpha_1.0_steps_100/n01614925_0.000013_armadillo _ armadillo_0.91367507.pt
2025-08-21 20:42:40,550 - ADV_Generation_eps_4.0_steps_100_Purification_type_noisy_anchor_anchors_10_alpha_1.2_sigma_0.18_threshold_0.0 - INFO - Batch:[1] Image: [12] Saved adversarial tensor to /leonardo_work/EUHPC_R04_192/fmohamma/Adversarial_Robust_Clip/atpt_data/ViT-L/14/A/adv_images_eps_4.0_alpha_1.0_steps_100/n01614925_0.000017_flagpole _ flagpole_0.99783224.pt
2025-08-21 20:42:40,552 - ADV_Generation_eps_4.0_steps_100_Purification_type_noisy_anchor_anchors_10_alpha_1.2_sigma_0.18_threshold_0.0 - INFO - Batch:[1] Image: [13] Saved adversarial tensor to /leonardo_work/EUHPC_R04_192/fmohamma/Adversarial_Robust_Clip/atpt_data/ViT-L/14/A/adv_images_eps_4.0_alpha_1.0_steps_100/n01614925_0.000057_bison _ bison_0.7242407.pt
2025-08-21 20:42:40,554 - ADV_Generation_eps_4.0_steps_100_Purification_type_noisy_anchor_anchors_10_alpha_1.2_sigma_0.18_threshold_0.0 - INFO - Batch:[1] Image: [14] Saved adversarial tensor to /leonardo_work/EUHPC_R04_192/fmohamma/Adversarial_Robust_Clip/atpt_data/ViT-L/14/A/adv_images_eps_4.0_alpha_1.0_steps_100/n01616318_0.000090_volcano _ volcano_0.9827927.pt
2025-08-21 20:42:40,556 - ADV_Generation_eps_4.0_steps_100_Purification_type_noisy_anchor_anchors_10_alpha_1.2_sigma_0.18_threshold_0.0 - INFO - Batch:[1] Image: [15] Saved adversarial tensor to /leonardo_work/EUHPC_R04_192/fmohamma/Adversarial_Robust_Clip/atpt_data/ViT-L/14/A/adv_images_eps_4.0_alpha_1.0_steps_100/n01616318_0.000114_umbrella _ umbrella_0.82435507.pt
2025-08-21 20:42:42,420 - ADV_Generation_eps_4.0_steps_100_Purification_type_noisy_anchor_anchors_10_alpha_1.2_sigma_0.18_threshold_0.0 - INFO - ======================== Adversarial Image Evaluation ==========================
2025-08-21 20:42:42,420 - ADV_Generation_eps_4.0_steps_100_Purification_type_noisy_anchor_anchors_10_alpha_1.2_sigma_0.18_threshold_0.0 - INFO - target: tensor([3, 3, 3, 3, 4, 4, 4, 4, 4, 5, 5, 5, 5, 5, 6, 6], device='cuda:0')
2025-08-21 20:42:42,421 - ADV_Generation_eps_4.0_steps_100_Purification_type_noisy_anchor_anchors_10_alpha_1.2_sigma_0.18_threshold_0.0 - INFO - adv_pred: tensor([ 24,   1, 105,  66,  28,   2,   3,  93,   2, 154, 193,  71, 110,  34,
        102,   3], device='cuda:0')
2025-08-21 20:42:42,421 - ADV_Generation_eps_4.0_steps_100_Purification_type_noisy_anchor_anchors_10_alpha_1.2_sigma_0.18_threshold_0.0 - INFO - adv_correct_orig: 0 = 0 + 0
2025-08-21 20:42:42,421 - ADV_Generation_eps_4.0_steps_100_Purification_type_noisy_anchor_anchors_10_alpha_1.2_sigma_0.18_threshold_0.0 - INFO - adv_pred_purify: tensor([64,  3, 66,  3,  4,  4,  4,  4,  4,  5,  5, 46,  5, 84, 68,  6],
       device='cuda:0')
2025-08-21 20:42:42,421 - ADV_Generation_eps_4.0_steps_100_Purification_type_noisy_anchor_anchors_10_alpha_1.2_sigma_0.18_threshold_0.0 - INFO - adv_correct_purify: 23 = 12 + 11
2025-08-21 20:42:44,284 - ADV_Generation_eps_4.0_steps_100_Purification_type_noisy_anchor_anchors_10_alpha_1.2_sigma_0.18_threshold_0.0 - INFO - ======================== Clean Image Evaluation ==========================
2025-08-21 20:42:44,284 - ADV_Generation_eps_4.0_steps_100_Purification_type_noisy_anchor_anchors_10_alpha_1.2_sigma_0.18_threshold_0.0 - INFO - target: tensor([3, 3, 3, 3, 4, 4, 4, 4, 4, 5, 5, 5, 5, 5, 6, 6], device='cuda:0')
2025-08-21 20:42:44,285 - ADV_Generation_eps_4.0_steps_100_Purification_type_noisy_anchor_anchors_10_alpha_1.2_sigma_0.18_threshold_0.0 - INFO - clean_pred: tensor([  3,   3,  18,   3,   2,   4,   3,   4,   4,   5,   5,   5, 110,  34,
         34,   6], device='cuda:0')
2025-08-21 20:42:44,285 - ADV_Generation_eps_4.0_steps_100_Purification_type_noisy_anchor_anchors_10_alpha_1.2_sigma_0.18_threshold_0.0 - INFO - clean_correct_orig: 22
2025-08-21 20:42:44,285 - ADV_Generation_eps_4.0_steps_100_Purification_type_noisy_anchor_anchors_10_alpha_1.2_sigma_0.18_threshold_0.0 - INFO - clean_pred_purify: tensor([ 82,   3,  16, 161,  95,   4,   2,   4,  34,   5, 193,  46, 110,  84,
        193,   6], device='cuda:0')
2025-08-21 20:42:44,285 - ADV_Generation_eps_4.0_steps_100_Purification_type_noisy_anchor_anchors_10_alpha_1.2_sigma_0.18_threshold_0.0 - INFO - clean_correct_purify: 5
2025-08-21 20:42:44,285 - ADV_Generation_eps_4.0_steps_100_Purification_type_noisy_anchor_anchors_10_alpha_1.2_sigma_0.18_threshold_0.0 - INFO - adv_correct_purify_clean_correct: 18
2025-08-21 20:42:44,285 - ADV_Generation_eps_4.0_steps_100_Purification_type_noisy_anchor_anchors_10_alpha_1.2_sigma_0.18_threshold_0.0 - INFO - adv_correct_purify_clean_incorrect: 5
2025-08-21 20:42:44,285 - ADV_Generation_eps_4.0_steps_100_Purification_type_noisy_anchor_anchors_10_alpha_1.2_sigma_0.18_threshold_0.0 - INFO - clean_correct_purify_clean_correct: 5
2025-08-21 20:42:44,285 - ADV_Generation_eps_4.0_steps_100_Purification_type_noisy_anchor_anchors_10_alpha_1.2_sigma_0.18_threshold_0.0 - INFO - clean_correct_purify_clean_incorrect: 0
2025-08-21 20:42:44,287 - ADV_Generation_eps_4.0_steps_100_Purification_type_noisy_anchor_anchors_10_alpha_1.2_sigma_0.18_threshold_0.0 - INFO - Batch 2/63: Clean orig accuracy 0.6875 | Clean purify accuracy 0.1562 | Adv orig accuracy: 0.0000 | Adv purify accuracy: 0.7188 | Adv purify acc on clean correct: 0.8182 | Adv purify acc on clean incorrect: 0.5000 | Clean purify acc on clean correct: 0.2273 | Clean purify acc on clean incorrect: 0.0000
2025-08-21 20:43:28,339 - ADV_Generation_eps_4.0_steps_100_Purification_type_noisy_anchor_anchors_10_alpha_1.2_sigma_0.18_threshold_0.0 - INFO - Generated adversarial images for the entire batch.
2025-08-21 20:43:28,342 - ADV_Generation_eps_4.0_steps_100_Purification_type_noisy_anchor_anchors_10_alpha_1.2_sigma_0.18_threshold_0.0 - INFO - Batch:[2] Image: [0] Saved adversarial tensor to /leonardo_work/EUHPC_R04_192/fmohamma/Adversarial_Robust_Clip/atpt_data/ViT-L/14/A/adv_images_eps_4.0_alpha_1.0_steps_100/n01616318_0.000118_white-headed capuchin _ white-headed capuchin_0.999678.pt
2025-08-21 20:43:28,344 - ADV_Generation_eps_4.0_steps_100_Purification_type_noisy_anchor_anchors_10_alpha_1.2_sigma_0.18_threshold_0.0 - INFO - Batch:[2] Image: [1] Saved adversarial tensor to /leonardo_work/EUHPC_R04_192/fmohamma/Adversarial_Robust_Clip/atpt_data/ViT-L/14/A/adv_images_eps_4.0_alpha_1.0_steps_100/n01616318_0.000122_airliner _ airliner_0.99468356.pt
2025-08-21 20:43:28,348 - ADV_Generation_eps_4.0_steps_100_Purification_type_noisy_anchor_anchors_10_alpha_1.2_sigma_0.18_threshold_0.0 - INFO - Batch:[2] Image: [2] Saved adversarial tensor to /leonardo_work/EUHPC_R04_192/fmohamma/Adversarial_Robust_Clip/atpt_data/ViT-L/14/A/adv_images_eps_4.0_alpha_1.0_steps_100/n01616318_0.000151_sea lion _ sea lion_0.70867217.pt
2025-08-21 20:43:28,350 - ADV_Generation_eps_4.0_steps_100_Purification_type_noisy_anchor_anchors_10_alpha_1.2_sigma_0.18_threshold_0.0 - INFO - Batch:[2] Image: [3] Saved adversarial tensor to /leonardo_work/EUHPC_R04_192/fmohamma/Adversarial_Robust_Clip/atpt_data/ViT-L/14/A/adv_images_eps_4.0_alpha_1.0_steps_100/n01631663_0.000006_washing machine _ washing machine_0.9915598.pt
2025-08-21 20:43:28,353 - ADV_Generation_eps_4.0_steps_100_Purification_type_noisy_anchor_anchors_10_alpha_1.2_sigma_0.18_threshold_0.0 - INFO - Batch:[2] Image: [4] Saved adversarial tensor to /leonardo_work/EUHPC_R04_192/fmohamma/Adversarial_Robust_Clip/atpt_data/ViT-L/14/A/adv_images_eps_4.0_alpha_1.0_steps_100/n01631663_0.000172_weevil _ weevil_0.62413996.pt
2025-08-21 20:43:28,356 - ADV_Generation_eps_4.0_steps_100_Purification_type_noisy_anchor_anchors_10_alpha_1.2_sigma_0.18_threshold_0.0 - INFO - Batch:[2] Image: [5] Saved adversarial tensor to /leonardo_work/EUHPC_R04_192/fmohamma/Adversarial_Robust_Clip/atpt_data/ViT-L/14/A/adv_images_eps_4.0_alpha_1.0_steps_100/n01631663_0.000202_green iguana _ agama_0.5907413.pt
2025-08-21 20:43:28,360 - ADV_Generation_eps_4.0_steps_100_Purification_type_noisy_anchor_anchors_10_alpha_1.2_sigma_0.18_threshold_0.0 - INFO - Batch:[2] Image: [6] Saved adversarial tensor to /leonardo_work/EUHPC_R04_192/fmohamma/Adversarial_Robust_Clip/atpt_data/ViT-L/14/A/adv_images_eps_4.0_alpha_1.0_steps_100/n01631663_0.000230_pufferfish _ bee_0.59980255.pt
2025-08-21 20:43:28,363 - ADV_Generation_eps_4.0_steps_100_Purification_type_noisy_anchor_anchors_10_alpha_1.2_sigma_0.18_threshold_0.0 - INFO - Batch:[2] Image: [7] Saved adversarial tensor to /leonardo_work/EUHPC_R04_192/fmohamma/Adversarial_Robust_Clip/atpt_data/ViT-L/14/A/adv_images_eps_4.0_alpha_1.0_steps_100/n01631663_0.000356_American alligator _ American alligator_0.99064213.pt
2025-08-21 20:43:28,365 - ADV_Generation_eps_4.0_steps_100_Purification_type_noisy_anchor_anchors_10_alpha_1.2_sigma_0.18_threshold_0.0 - INFO - Batch:[2] Image: [8] Saved adversarial tensor to /leonardo_work/EUHPC_R04_192/fmohamma/Adversarial_Robust_Clip/atpt_data/ViT-L/14/A/adv_images_eps_4.0_alpha_1.0_steps_100/n01641577_0.000007_scorpion _ scorpion_0.9986915.pt
2025-08-21 20:43:28,367 - ADV_Generation_eps_4.0_steps_100_Purification_type_noisy_anchor_anchors_10_alpha_1.2_sigma_0.18_threshold_0.0 - INFO - Batch:[2] Image: [9] Saved adversarial tensor to /leonardo_work/EUHPC_R04_192/fmohamma/Adversarial_Robust_Clip/atpt_data/ViT-L/14/A/adv_images_eps_4.0_alpha_1.0_steps_100/n01641577_0.000018_scorpion _ scorpion_0.9967765.pt
2025-08-21 20:43:28,369 - ADV_Generation_eps_4.0_steps_100_Purification_type_noisy_anchor_anchors_10_alpha_1.2_sigma_0.18_threshold_0.0 - INFO - Batch:[2] Image: [10] Saved adversarial tensor to /leonardo_work/EUHPC_R04_192/fmohamma/Adversarial_Robust_Clip/atpt_data/ViT-L/14/A/adv_images_eps_4.0_alpha_1.0_steps_100/n01641577_0.000024_cockroach _ cockroach_0.9952237.pt
2025-08-21 20:43:28,371 - ADV_Generation_eps_4.0_steps_100_Purification_type_noisy_anchor_anchors_10_alpha_1.2_sigma_0.18_threshold_0.0 - INFO - Batch:[2] Image: [11] Saved adversarial tensor to /leonardo_work/EUHPC_R04_192/fmohamma/Adversarial_Robust_Clip/atpt_data/ViT-L/14/A/adv_images_eps_4.0_alpha_1.0_steps_100/n01641577_0.000136_wheelbarrow _ wheelbarrow_0.5090818.pt
2025-08-21 20:43:28,375 - ADV_Generation_eps_4.0_steps_100_Purification_type_noisy_anchor_anchors_10_alpha_1.2_sigma_0.18_threshold_0.0 - INFO - Batch:[2] Image: [12] Saved adversarial tensor to /leonardo_work/EUHPC_R04_192/fmohamma/Adversarial_Robust_Clip/atpt_data/ViT-L/14/A/adv_images_eps_4.0_alpha_1.0_steps_100/n01641577_0.000160_green iguana _ green iguana_0.7588723.pt
2025-08-21 20:43:28,377 - ADV_Generation_eps_4.0_steps_100_Purification_type_noisy_anchor_anchors_10_alpha_1.2_sigma_0.18_threshold_0.0 - INFO - Batch:[2] Image: [13] Saved adversarial tensor to /leonardo_work/EUHPC_R04_192/fmohamma/Adversarial_Robust_Clip/atpt_data/ViT-L/14/A/adv_images_eps_4.0_alpha_1.0_steps_100/n01669191_0.000276_balance beam _ balance beam_0.96379316.pt
2025-08-21 20:43:28,380 - ADV_Generation_eps_4.0_steps_100_Purification_type_noisy_anchor_anchors_10_alpha_1.2_sigma_0.18_threshold_0.0 - INFO - Batch:[2] Image: [14] Saved adversarial tensor to /leonardo_work/EUHPC_R04_192/fmohamma/Adversarial_Robust_Clip/atpt_data/ViT-L/14/A/adv_images_eps_4.0_alpha_1.0_steps_100/n01669191_0.000376_submarine _ limousine_0.6723967.pt
2025-08-21 20:43:28,384 - ADV_Generation_eps_4.0_steps_100_Purification_type_noisy_anchor_anchors_10_alpha_1.2_sigma_0.18_threshold_0.0 - INFO - Batch:[2] Image: [15] Saved adversarial tensor to /leonardo_work/EUHPC_R04_192/fmohamma/Adversarial_Robust_Clip/atpt_data/ViT-L/14/A/adv_images_eps_4.0_alpha_1.0_steps_100/n01669191_0.000680_drumstick _ drumstick_0.35189122.pt
2025-08-21 20:43:30,250 - ADV_Generation_eps_4.0_steps_100_Purification_type_noisy_anchor_anchors_10_alpha_1.2_sigma_0.18_threshold_0.0 - INFO - ======================== Adversarial Image Evaluation ==========================
2025-08-21 20:43:30,251 - ADV_Generation_eps_4.0_steps_100_Purification_type_noisy_anchor_anchors_10_alpha_1.2_sigma_0.18_threshold_0.0 - INFO - target: tensor([6, 6, 6, 7, 7, 7, 7, 7, 8, 8, 8, 8, 8, 9, 9, 9], device='cuda:0')
2025-08-21 20:43:30,251 - ADV_Generation_eps_4.0_steps_100_Purification_type_noisy_anchor_anchors_10_alpha_1.2_sigma_0.18_threshold_0.0 - INFO - adv_pred: tensor([  2,  78,  34, 175, 186,  28, 102,  14,   7,   7,  56, 167,   3, 195,
         70,  29], device='cuda:0')
2025-08-21 20:43:30,251 - ADV_Generation_eps_4.0_steps_100_Purification_type_noisy_anchor_anchors_10_alpha_1.2_sigma_0.18_threshold_0.0 - INFO - adv_correct_orig: 0 = 0 + 0
2025-08-21 20:43:30,251 - ADV_Generation_eps_4.0_steps_100_Purification_type_noisy_anchor_anchors_10_alpha_1.2_sigma_0.18_threshold_0.0 - INFO - adv_pred_purify: tensor([ 72,   6,  10,  85,  65, 128,   7,   7,   8, 139,  51,   8,   9,   9,
          9,   9], device='cuda:0')
2025-08-21 20:43:30,252 - ADV_Generation_eps_4.0_steps_100_Purification_type_noisy_anchor_anchors_10_alpha_1.2_sigma_0.18_threshold_0.0 - INFO - adv_correct_purify: 31 = 23 + 8
2025-08-21 20:43:32,116 - ADV_Generation_eps_4.0_steps_100_Purification_type_noisy_anchor_anchors_10_alpha_1.2_sigma_0.18_threshold_0.0 - INFO - ======================== Clean Image Evaluation ==========================
2025-08-21 20:43:32,116 - ADV_Generation_eps_4.0_steps_100_Purification_type_noisy_anchor_anchors_10_alpha_1.2_sigma_0.18_threshold_0.0 - INFO - target: tensor([6, 6, 6, 7, 7, 7, 7, 7, 8, 8, 8, 8, 8, 9, 9, 9], device='cuda:0')
2025-08-21 20:43:32,117 - ADV_Generation_eps_4.0_steps_100_Purification_type_noisy_anchor_anchors_10_alpha_1.2_sigma_0.18_threshold_0.0 - INFO - clean_pred: tensor([ 6,  6,  6,  7,  7,  7,  7, 14,  7,  7,  8,  8,  8,  9,  9, 29],
       device='cuda:0')
2025-08-21 20:43:32,117 - ADV_Generation_eps_4.0_steps_100_Purification_type_noisy_anchor_anchors_10_alpha_1.2_sigma_0.18_threshold_0.0 - INFO - clean_correct_orig: 34
2025-08-21 20:43:32,117 - ADV_Generation_eps_4.0_steps_100_Purification_type_noisy_anchor_anchors_10_alpha_1.2_sigma_0.18_threshold_0.0 - INFO - clean_pred_purify: tensor([  3,   5,  35,  85,  90,  62,  11, 108,  39, 139,  51, 186, 129, 126,
         69,  81], device='cuda:0')
2025-08-21 20:43:32,117 - ADV_Generation_eps_4.0_steps_100_Purification_type_noisy_anchor_anchors_10_alpha_1.2_sigma_0.18_threshold_0.0 - INFO - clean_correct_purify: 5
2025-08-21 20:43:32,117 - ADV_Generation_eps_4.0_steps_100_Purification_type_noisy_anchor_anchors_10_alpha_1.2_sigma_0.18_threshold_0.0 - INFO - adv_correct_purify_clean_correct: 23
2025-08-21 20:43:32,117 - ADV_Generation_eps_4.0_steps_100_Purification_type_noisy_anchor_anchors_10_alpha_1.2_sigma_0.18_threshold_0.0 - INFO - adv_correct_purify_clean_incorrect: 8
2025-08-21 20:43:32,117 - ADV_Generation_eps_4.0_steps_100_Purification_type_noisy_anchor_anchors_10_alpha_1.2_sigma_0.18_threshold_0.0 - INFO - clean_correct_purify_clean_correct: 5
2025-08-21 20:43:32,117 - ADV_Generation_eps_4.0_steps_100_Purification_type_noisy_anchor_anchors_10_alpha_1.2_sigma_0.18_threshold_0.0 - INFO - clean_correct_purify_clean_incorrect: 0
2025-08-21 20:43:32,118 - ADV_Generation_eps_4.0_steps_100_Purification_type_noisy_anchor_anchors_10_alpha_1.2_sigma_0.18_threshold_0.0 - INFO - Batch 3/63: Clean orig accuracy 0.7083 | Clean purify accuracy 0.1042 | Adv orig accuracy: 0.0000 | Adv purify accuracy: 0.6458 | Adv purify acc on clean correct: 0.6765 | Adv purify acc on clean incorrect: 0.5714 | Clean purify acc on clean correct: 0.1471 | Clean purify acc on clean incorrect: 0.0000
2025-08-21 20:44:16,088 - ADV_Generation_eps_4.0_steps_100_Purification_type_noisy_anchor_anchors_10_alpha_1.2_sigma_0.18_threshold_0.0 - INFO - Generated adversarial images for the entire batch.
2025-08-21 20:44:16,091 - ADV_Generation_eps_4.0_steps_100_Purification_type_noisy_anchor_anchors_10_alpha_1.2_sigma_0.18_threshold_0.0 - INFO - Batch:[3] Image: [0] Saved adversarial tensor to /leonardo_work/EUHPC_R04_192/fmohamma/Adversarial_Robust_Clip/atpt_data/ViT-L/14/A/adv_images_eps_4.0_alpha_1.0_steps_100/n01669191_0.000691_cottontail rabbit _ cottontail rabbit_0.89495623.pt
2025-08-21 20:44:16,093 - ADV_Generation_eps_4.0_steps_100_Purification_type_noisy_anchor_anchors_10_alpha_1.2_sigma_0.18_threshold_0.0 - INFO - Batch:[3] Image: [1] Saved adversarial tensor to /leonardo_work/EUHPC_R04_192/fmohamma/Adversarial_Robust_Clip/atpt_data/ViT-L/14/A/adv_images_eps_4.0_alpha_1.0_steps_100/n01669191_0.000742_fox squirrel _ fox squirrel_0.27179155.pt
2025-08-21 20:44:16,094 - ADV_Generation_eps_4.0_steps_100_Purification_type_noisy_anchor_anchors_10_alpha_1.2_sigma_0.18_threshold_0.0 - INFO - Batch:[3] Image: [2] Saved adversarial tensor to /leonardo_work/EUHPC_R04_192/fmohamma/Adversarial_Robust_Clip/atpt_data/ViT-L/14/A/adv_images_eps_4.0_alpha_1.0_steps_100/n01677366_0.000234_corn _ corn_0.99951804.pt
2025-08-21 20:44:16,096 - ADV_Generation_eps_4.0_steps_100_Purification_type_noisy_anchor_anchors_10_alpha_1.2_sigma_0.18_threshold_0.0 - INFO - Batch:[3] Image: [3] Saved adversarial tensor to /leonardo_work/EUHPC_R04_192/fmohamma/Adversarial_Robust_Clip/atpt_data/ViT-L/14/A/adv_images_eps_4.0_alpha_1.0_steps_100/n01677366_0.000269_vulture _ vulture_0.6792026.pt
2025-08-21 20:44:16,098 - ADV_Generation_eps_4.0_steps_100_Purification_type_noisy_anchor_anchors_10_alpha_1.2_sigma_0.18_threshold_0.0 - INFO - Batch:[3] Image: [4] Saved adversarial tensor to /leonardo_work/EUHPC_R04_192/fmohamma/Adversarial_Robust_Clip/atpt_data/ViT-L/14/A/adv_images_eps_4.0_alpha_1.0_steps_100/n01677366_0.000323_goose _ goose_0.57691437.pt
2025-08-21 20:44:16,099 - ADV_Generation_eps_4.0_steps_100_Purification_type_noisy_anchor_anchors_10_alpha_1.2_sigma_0.18_threshold_0.0 - INFO - Batch:[3] Image: [5] Saved adversarial tensor to /leonardo_work/EUHPC_R04_192/fmohamma/Adversarial_Robust_Clip/atpt_data/ViT-L/14/A/adv_images_eps_4.0_alpha_1.0_steps_100/n01677366_0.000335_American robin _ American robin_0.79792374.pt
2025-08-21 20:44:16,101 - ADV_Generation_eps_4.0_steps_100_Purification_type_noisy_anchor_anchors_10_alpha_1.2_sigma_0.18_threshold_0.0 - INFO - Batch:[3] Image: [6] Saved adversarial tensor to /leonardo_work/EUHPC_R04_192/fmohamma/Adversarial_Robust_Clip/atpt_data/ViT-L/14/A/adv_images_eps_4.0_alpha_1.0_steps_100/n01677366_0.000336_white-headed capuchin _ white-headed capuchin_0.96344435.pt
2025-08-21 20:44:16,102 - ADV_Generation_eps_4.0_steps_100_Purification_type_noisy_anchor_anchors_10_alpha_1.2_sigma_0.18_threshold_0.0 - INFO - Batch:[3] Image: [7] Saved adversarial tensor to /leonardo_work/EUHPC_R04_192/fmohamma/Adversarial_Robust_Clip/atpt_data/ViT-L/14/A/adv_images_eps_4.0_alpha_1.0_steps_100/n01687978_0.000048_wheelbarrow _ dumbbell_0.9201197.pt
2025-08-21 20:44:16,104 - ADV_Generation_eps_4.0_steps_100_Purification_type_noisy_anchor_anchors_10_alpha_1.2_sigma_0.18_threshold_0.0 - INFO - Batch:[3] Image: [8] Saved adversarial tensor to /leonardo_work/EUHPC_R04_192/fmohamma/Adversarial_Robust_Clip/atpt_data/ViT-L/14/A/adv_images_eps_4.0_alpha_1.0_steps_100/n01687978_0.000067_golf cart _ golf cart_0.29339108.pt
2025-08-21 20:44:16,106 - ADV_Generation_eps_4.0_steps_100_Purification_type_noisy_anchor_anchors_10_alpha_1.2_sigma_0.18_threshold_0.0 - INFO - Batch:[3] Image: [9] Saved adversarial tensor to /leonardo_work/EUHPC_R04_192/fmohamma/Adversarial_Robust_Clip/atpt_data/ViT-L/14/A/adv_images_eps_4.0_alpha_1.0_steps_100/n01687978_0.000080_shovel _ wheelbarrow_0.65339464.pt
2025-08-21 20:44:16,107 - ADV_Generation_eps_4.0_steps_100_Purification_type_noisy_anchor_anchors_10_alpha_1.2_sigma_0.18_threshold_0.0 - INFO - Batch:[3] Image: [10] Saved adversarial tensor to /leonardo_work/EUHPC_R04_192/fmohamma/Adversarial_Robust_Clip/atpt_data/ViT-L/14/A/adv_images_eps_4.0_alpha_1.0_steps_100/n01687978_0.000121_chain _ chain_0.7671222.pt
2025-08-21 20:44:16,109 - ADV_Generation_eps_4.0_steps_100_Purification_type_noisy_anchor_anchors_10_alpha_1.2_sigma_0.18_threshold_0.0 - INFO - Batch:[3] Image: [11] Saved adversarial tensor to /leonardo_work/EUHPC_R04_192/fmohamma/Adversarial_Robust_Clip/atpt_data/ViT-L/14/A/adv_images_eps_4.0_alpha_1.0_steps_100/n01687978_0.000140_jeep _ jeep_0.7560116.pt
2025-08-21 20:44:16,110 - ADV_Generation_eps_4.0_steps_100_Purification_type_noisy_anchor_anchors_10_alpha_1.2_sigma_0.18_threshold_0.0 - INFO - Batch:[3] Image: [12] Saved adversarial tensor to /leonardo_work/EUHPC_R04_192/fmohamma/Adversarial_Robust_Clip/atpt_data/ViT-L/14/A/adv_images_eps_4.0_alpha_1.0_steps_100/n01694178_0.000180_newt _ newt_0.9995639.pt
2025-08-21 20:44:16,112 - ADV_Generation_eps_4.0_steps_100_Purification_type_noisy_anchor_anchors_10_alpha_1.2_sigma_0.18_threshold_0.0 - INFO - Batch:[3] Image: [13] Saved adversarial tensor to /leonardo_work/EUHPC_R04_192/fmohamma/Adversarial_Robust_Clip/atpt_data/ViT-L/14/A/adv_images_eps_4.0_alpha_1.0_steps_100/n01694178_0.000244_cliff _ cliff_0.9500484.pt
2025-08-21 20:44:16,114 - ADV_Generation_eps_4.0_steps_100_Purification_type_noisy_anchor_anchors_10_alpha_1.2_sigma_0.18_threshold_0.0 - INFO - Batch:[3] Image: [14] Saved adversarial tensor to /leonardo_work/EUHPC_R04_192/fmohamma/Adversarial_Robust_Clip/atpt_data/ViT-L/14/A/adv_images_eps_4.0_alpha_1.0_steps_100/n01694178_0.000284_newt _ newt_0.9999232.pt
2025-08-21 20:44:16,116 - ADV_Generation_eps_4.0_steps_100_Purification_type_noisy_anchor_anchors_10_alpha_1.2_sigma_0.18_threshold_0.0 - INFO - Batch:[3] Image: [15] Saved adversarial tensor to /leonardo_work/EUHPC_R04_192/fmohamma/Adversarial_Robust_Clip/atpt_data/ViT-L/14/A/adv_images_eps_4.0_alpha_1.0_steps_100/n01694178_0.000286_newt _ newt_0.45726153.pt
2025-08-21 20:44:17,981 - ADV_Generation_eps_4.0_steps_100_Purification_type_noisy_anchor_anchors_10_alpha_1.2_sigma_0.18_threshold_0.0 - INFO - ======================== Adversarial Image Evaluation ==========================
2025-08-21 20:44:17,982 - ADV_Generation_eps_4.0_steps_100_Purification_type_noisy_anchor_anchors_10_alpha_1.2_sigma_0.18_threshold_0.0 - INFO - target: tensor([ 9,  9, 10, 10, 10, 10, 10, 11, 11, 11, 11, 11, 12, 12, 12, 12],
       device='cuda:0')
2025-08-21 20:44:17,982 - ADV_Generation_eps_4.0_steps_100_Purification_type_noisy_anchor_anchors_10_alpha_1.2_sigma_0.18_threshold_0.0 - INFO - adv_pred: tensor([ 65,  22,  42,  11,  95,  11,  12,  85,   1,  81, 135,   7,   7,  10,
          7, 186], device='cuda:0')
2025-08-21 20:44:17,982 - ADV_Generation_eps_4.0_steps_100_Purification_type_noisy_anchor_anchors_10_alpha_1.2_sigma_0.18_threshold_0.0 - INFO - adv_correct_orig: 0 = 0 + 0
2025-08-21 20:44:17,983 - ADV_Generation_eps_4.0_steps_100_Purification_type_noisy_anchor_anchors_10_alpha_1.2_sigma_0.18_threshold_0.0 - INFO - adv_pred_purify: tensor([  9,   9,  10,  66,  10,  10,  10,  11,  11,  11, 104,  11,  11, 152,
         12,   9], device='cuda:0')
2025-08-21 20:44:17,983 - ADV_Generation_eps_4.0_steps_100_Purification_type_noisy_anchor_anchors_10_alpha_1.2_sigma_0.18_threshold_0.0 - INFO - adv_correct_purify: 42 = 31 + 11
2025-08-21 20:44:19,846 - ADV_Generation_eps_4.0_steps_100_Purification_type_noisy_anchor_anchors_10_alpha_1.2_sigma_0.18_threshold_0.0 - INFO - ======================== Clean Image Evaluation ==========================
2025-08-21 20:44:19,846 - ADV_Generation_eps_4.0_steps_100_Purification_type_noisy_anchor_anchors_10_alpha_1.2_sigma_0.18_threshold_0.0 - INFO - target: tensor([ 9,  9, 10, 10, 10, 10, 10, 11, 11, 11, 11, 11, 12, 12, 12, 12],
       device='cuda:0')
2025-08-21 20:44:19,847 - ADV_Generation_eps_4.0_steps_100_Purification_type_noisy_anchor_anchors_10_alpha_1.2_sigma_0.18_threshold_0.0 - INFO - clean_pred: tensor([ 9,  9, 10, 10, 13, 10, 10, 11, 21, 11, 11,  7,  7, 12, 12,  9],
       device='cuda:0')
2025-08-21 20:44:19,847 - ADV_Generation_eps_4.0_steps_100_Purification_type_noisy_anchor_anchors_10_alpha_1.2_sigma_0.18_threshold_0.0 - INFO - clean_correct_orig: 45
2025-08-21 20:44:19,847 - ADV_Generation_eps_4.0_steps_100_Purification_type_noisy_anchor_anchors_10_alpha_1.2_sigma_0.18_threshold_0.0 - INFO - clean_pred_purify: tensor([  9,   8,  54,  66,  23,  11,  72,  81, 144, 144, 104,   7,   7, 128,
         12,   9], device='cuda:0')
2025-08-21 20:44:19,847 - ADV_Generation_eps_4.0_steps_100_Purification_type_noisy_anchor_anchors_10_alpha_1.2_sigma_0.18_threshold_0.0 - INFO - clean_correct_purify: 7
2025-08-21 20:44:19,847 - ADV_Generation_eps_4.0_steps_100_Purification_type_noisy_anchor_anchors_10_alpha_1.2_sigma_0.18_threshold_0.0 - INFO - adv_correct_purify_clean_correct: 31
2025-08-21 20:44:19,847 - ADV_Generation_eps_4.0_steps_100_Purification_type_noisy_anchor_anchors_10_alpha_1.2_sigma_0.18_threshold_0.0 - INFO - adv_correct_purify_clean_incorrect: 11
2025-08-21 20:44:19,847 - ADV_Generation_eps_4.0_steps_100_Purification_type_noisy_anchor_anchors_10_alpha_1.2_sigma_0.18_threshold_0.0 - INFO - clean_correct_purify_clean_correct: 7
2025-08-21 20:44:19,847 - ADV_Generation_eps_4.0_steps_100_Purification_type_noisy_anchor_anchors_10_alpha_1.2_sigma_0.18_threshold_0.0 - INFO - clean_correct_purify_clean_incorrect: 0
2025-08-21 20:44:19,848 - ADV_Generation_eps_4.0_steps_100_Purification_type_noisy_anchor_anchors_10_alpha_1.2_sigma_0.18_threshold_0.0 - INFO - Batch 4/63: Clean orig accuracy 0.7031 | Clean purify accuracy 0.1094 | Adv orig accuracy: 0.0000 | Adv purify accuracy: 0.6562 | Adv purify acc on clean correct: 0.6889 | Adv purify acc on clean incorrect: 0.5789 | Clean purify acc on clean correct: 0.1556 | Clean purify acc on clean incorrect: 0.0000
