2025-08-06 09:30:53,936 - ADV_Generation_eps_4.0_steps_100_image_only_attack_prm - INFO - ==========================================
data:/leonardo_work/EUHPC_R04_192/fmohamma/Adversarial_Robust_Clip/atpt_data/downstream_datasets
test_sets:DTD
dataset_mode:test
arch:vit_l_14_datacomp_1b
resolution:224
transferability:False
source_model:fare4
workers:4
no_pin_memory:False
batch_size:64
adv_bs:16
print_freq:20
gpu:0
no_cudnn_benchmark:False
n_ctx:4
ctx_init:a_photo_of_a
seed:0
output_dir:/leonardo_work/EUHPC_R04_192/fmohamma/Adversarial_Robust_Clip/atpt_data/vit_l_14_datacomp_1b/DTD
log_output_dir:/leonardo_work/EUHPC_R04_192/fmohamma/Adversarial_Robust_Clip/ATPT/Final_Results/vit_l_14_datacomp_1b/DTD
image_only_attack:True
image_only_attack_type:prm
image_predicted_label_attack:False
eps:4.0
alpha:1.0
alpha_eps_ratio:4.0
steps:100
counter_attack:False
counter_attack_type:pgd
counter_attack_steps:2
counter_attack_eps:4.0
counter_attack_alpha:1.0
counter_attack_tau_thres:0.2
counter_attack_beta:2.0
counter_attack_weighted_perturbations:True
pgd_clip_pure_i_text_embeddings:null
pgd_counter_and_clipure_i_lamda:1.0
image_feature_purify:False
image_feature_purify_type:noisy_anchor
image_feature_purify_noisy_anchors:10
image_feature_purify_anchors_alpha:1.2
image_feature_purify_noisy_sigma:0.18
image_feature_purify_diff_threshold:0.0
image_feature_clipure_steps:10
image_feature_clipure_step_size:10.0
save_plots:False
lr:0.005
selection_p:0.1
tta_steps:1
top_k:20
softmax_temp:0.01
load_tecoa:

2025-08-06 09:30:53,937 - ADV_Generation_eps_4.0_steps_100_image_only_attack_prm - INFO - Use GPU: 0 for training
2025-08-06 09:31:57,633 - ADV_Generation_eps_4.0_steps_100_image_only_attack_prm - INFO - => Model created: visual backbone vit_l_14_datacomp_1b
2025-08-06 09:31:57,652 - ADV_Generation_eps_4.0_steps_100_image_only_attack_prm - INFO - Number of test samples: 1692
2025-08-06 09:31:57,653 - ADV_Generation_eps_4.0_steps_100_image_only_attack_prm - INFO - Evaluating dataset: DTD
2025-08-06 09:31:57,654 - ADV_Generation_eps_4.0_steps_100_image_only_attack_prm - INFO - Starting evaluation with batch size: 64, selection percentage: 0.1
2025-08-06 09:31:57,654 - ADV_Generation_eps_4.0_steps_100_image_only_attack_prm - INFO - Using PGD attack with epsilon: 0.015686, alpha: 0.003922, steps: 100 image only attack True image predicted label attack False
2025-08-06 09:31:57,658 - ADV_Generation_eps_4.0_steps_100_image_only_attack_prm - INFO - Using directory for adversarial images: /leonardo_work/EUHPC_R04_192/fmohamma/Adversarial_Robust_Clip/atpt_data/vit_l_14_datacomp_1b/DTD/adv_images_eps_4.0_alpha_1.0_steps_100_image_only_attack_prm
2025-08-06 09:31:58,767 - ADV_Generation_eps_4.0_steps_100_image_only_attack_prm - INFO - Batch:[0] Adversarial images for this batch already exist
2025-08-06 09:32:14,882 - ADV_Generation_eps_4.0_steps_100_image_only_attack_prm - INFO - Batch 1/106: Clean accuracy 0.0000 | Adv accuracy: 0.0000 
2025-08-06 09:32:14,892 - ADV_Generation_eps_4.0_steps_100_image_only_attack_prm - INFO - Batch:[1] Adversarial images for this batch already exist
2025-08-06 09:32:15,420 - ADV_Generation_eps_4.0_steps_100_image_only_attack_prm - INFO - Batch 2/106: Clean accuracy 0.0000 | Adv accuracy: 0.0000 
2025-08-06 09:32:15,430 - ADV_Generation_eps_4.0_steps_100_image_only_attack_prm - INFO - Batch:[2] Adversarial images for this batch already exist
2025-08-06 09:32:15,939 - ADV_Generation_eps_4.0_steps_100_image_only_attack_prm - INFO - Batch 3/106: Clean accuracy 0.0417 | Adv accuracy: 0.0000 
2025-08-06 09:32:15,950 - ADV_Generation_eps_4.0_steps_100_image_only_attack_prm - INFO - Batch:[3] Adversarial images for this batch already exist
2025-08-06 09:32:16,445 - ADV_Generation_eps_4.0_steps_100_image_only_attack_prm - INFO - Batch 4/106: Clean accuracy 0.0469 | Adv accuracy: 0.0000 
2025-08-06 09:32:16,458 - ADV_Generation_eps_4.0_steps_100_image_only_attack_prm - INFO - Batch:[4] Adversarial images for this batch already exist
2025-08-06 09:32:16,983 - ADV_Generation_eps_4.0_steps_100_image_only_attack_prm - INFO - Batch 5/106: Clean accuracy 0.0625 | Adv accuracy: 0.0000 
2025-08-06 09:32:16,994 - ADV_Generation_eps_4.0_steps_100_image_only_attack_prm - INFO - Batch:[5] Adversarial images for this batch already exist
2025-08-06 09:32:17,435 - ADV_Generation_eps_4.0_steps_100_image_only_attack_prm - INFO - Batch 6/106: Clean accuracy 0.0833 | Adv accuracy: 0.0000 
2025-08-06 09:32:17,445 - ADV_Generation_eps_4.0_steps_100_image_only_attack_prm - INFO - Batch:[6] Adversarial images for this batch already exist
2025-08-06 09:32:17,938 - ADV_Generation_eps_4.0_steps_100_image_only_attack_prm - INFO - Batch 7/106: Clean accuracy 0.1429 | Adv accuracy: 0.0000 
2025-08-06 09:32:17,948 - ADV_Generation_eps_4.0_steps_100_image_only_attack_prm - INFO - Batch:[7] Adversarial images for this batch already exist
2025-08-06 09:32:18,404 - ADV_Generation_eps_4.0_steps_100_image_only_attack_prm - INFO - Batch 8/106: Clean accuracy 0.2422 | Adv accuracy: 0.0000 
2025-08-06 09:32:18,414 - ADV_Generation_eps_4.0_steps_100_image_only_attack_prm - INFO - Batch:[8] Adversarial images for this batch already exist
2025-08-06 09:32:18,790 - ADV_Generation_eps_4.0_steps_100_image_only_attack_prm - INFO - Batch 9/106: Clean accuracy 0.3264 | Adv accuracy: 0.0000 
2025-08-06 09:32:18,800 - ADV_Generation_eps_4.0_steps_100_image_only_attack_prm - INFO - Batch:[9] Adversarial images for this batch already exist
2025-08-06 09:32:19,193 - ADV_Generation_eps_4.0_steps_100_image_only_attack_prm - INFO - Batch 10/106: Clean accuracy 0.3625 | Adv accuracy: 0.0000 
2025-08-06 09:32:19,203 - ADV_Generation_eps_4.0_steps_100_image_only_attack_prm - INFO - Batch:[10] Adversarial images for this batch already exist
2025-08-06 09:32:19,580 - ADV_Generation_eps_4.0_steps_100_image_only_attack_prm - INFO - Batch 11/106: Clean accuracy 0.3580 | Adv accuracy: 0.0114 
2025-08-06 09:33:14,233 - ADV_Generation_eps_4.0_steps_100_image_only_attack_prm - INFO - Generated adversarial images for the entire batch.
2025-08-06 09:33:14,237 - ADV_Generation_eps_4.0_steps_100_image_only_attack_prm - INFO - Batch:[11] Image: [0] Saved adversarial tensor to /leonardo_work/EUHPC_R04_192/fmohamma/Adversarial_Robust_Clip/atpt_data/vit_l_14_datacomp_1b/DTD/adv_images_eps_4.0_alpha_1.0_steps_100_image_only_attack_prm/bumpy_bumpy_0144.pt
2025-08-06 09:33:14,239 - ADV_Generation_eps_4.0_steps_100_image_only_attack_prm - INFO - Batch:[11] Image: [1] Saved adversarial tensor to /leonardo_work/EUHPC_R04_192/fmohamma/Adversarial_Robust_Clip/atpt_data/vit_l_14_datacomp_1b/DTD/adv_images_eps_4.0_alpha_1.0_steps_100_image_only_attack_prm/bumpy_bumpy_0121.pt
2025-08-06 09:33:14,242 - ADV_Generation_eps_4.0_steps_100_image_only_attack_prm - INFO - Batch:[11] Image: [2] Saved adversarial tensor to /leonardo_work/EUHPC_R04_192/fmohamma/Adversarial_Robust_Clip/atpt_data/vit_l_14_datacomp_1b/DTD/adv_images_eps_4.0_alpha_1.0_steps_100_image_only_attack_prm/bumpy_bumpy_0124.pt
2025-08-06 09:33:14,244 - ADV_Generation_eps_4.0_steps_100_image_only_attack_prm - INFO - Batch:[11] Image: [3] Saved adversarial tensor to /leonardo_work/EUHPC_R04_192/fmohamma/Adversarial_Robust_Clip/atpt_data/vit_l_14_datacomp_1b/DTD/adv_images_eps_4.0_alpha_1.0_steps_100_image_only_attack_prm/bumpy_bumpy_0163.pt
2025-08-06 09:33:14,247 - ADV_Generation_eps_4.0_steps_100_image_only_attack_prm - INFO - Batch:[11] Image: [4] Saved adversarial tensor to /leonardo_work/EUHPC_R04_192/fmohamma/Adversarial_Robust_Clip/atpt_data/vit_l_14_datacomp_1b/DTD/adv_images_eps_4.0_alpha_1.0_steps_100_image_only_attack_prm/chequered_chequered_0138.pt
2025-08-06 09:33:14,249 - ADV_Generation_eps_4.0_steps_100_image_only_attack_prm - INFO - Batch:[11] Image: [5] Saved adversarial tensor to /leonardo_work/EUHPC_R04_192/fmohamma/Adversarial_Robust_Clip/atpt_data/vit_l_14_datacomp_1b/DTD/adv_images_eps_4.0_alpha_1.0_steps_100_image_only_attack_prm/chequered_chequered_0203.pt
2025-08-06 09:33:14,251 - ADV_Generation_eps_4.0_steps_100_image_only_attack_prm - INFO - Batch:[11] Image: [6] Saved adversarial tensor to /leonardo_work/EUHPC_R04_192/fmohamma/Adversarial_Robust_Clip/atpt_data/vit_l_14_datacomp_1b/DTD/adv_images_eps_4.0_alpha_1.0_steps_100_image_only_attack_prm/chequered_chequered_0164.pt
2025-08-06 09:33:14,254 - ADV_Generation_eps_4.0_steps_100_image_only_attack_prm - INFO - Batch:[11] Image: [7] Saved adversarial tensor to /leonardo_work/EUHPC_R04_192/fmohamma/Adversarial_Robust_Clip/atpt_data/vit_l_14_datacomp_1b/DTD/adv_images_eps_4.0_alpha_1.0_steps_100_image_only_attack_prm/chequered_chequered_0088.pt
2025-08-06 09:33:14,256 - ADV_Generation_eps_4.0_steps_100_image_only_attack_prm - INFO - Batch:[11] Image: [8] Saved adversarial tensor to /leonardo_work/EUHPC_R04_192/fmohamma/Adversarial_Robust_Clip/atpt_data/vit_l_14_datacomp_1b/DTD/adv_images_eps_4.0_alpha_1.0_steps_100_image_only_attack_prm/chequered_chequered_0214.pt
2025-08-06 09:33:14,258 - ADV_Generation_eps_4.0_steps_100_image_only_attack_prm - INFO - Batch:[11] Image: [9] Saved adversarial tensor to /leonardo_work/EUHPC_R04_192/fmohamma/Adversarial_Robust_Clip/atpt_data/vit_l_14_datacomp_1b/DTD/adv_images_eps_4.0_alpha_1.0_steps_100_image_only_attack_prm/chequered_chequered_0205.pt
2025-08-06 09:33:14,260 - ADV_Generation_eps_4.0_steps_100_image_only_attack_prm - INFO - Batch:[11] Image: [10] Saved adversarial tensor to /leonardo_work/EUHPC_R04_192/fmohamma/Adversarial_Robust_Clip/atpt_data/vit_l_14_datacomp_1b/DTD/adv_images_eps_4.0_alpha_1.0_steps_100_image_only_attack_prm/chequered_chequered_0106.pt
2025-08-06 09:33:14,263 - ADV_Generation_eps_4.0_steps_100_image_only_attack_prm - INFO - Batch:[11] Image: [11] Saved adversarial tensor to /leonardo_work/EUHPC_R04_192/fmohamma/Adversarial_Robust_Clip/atpt_data/vit_l_14_datacomp_1b/DTD/adv_images_eps_4.0_alpha_1.0_steps_100_image_only_attack_prm/chequered_chequered_0173.pt
2025-08-06 09:33:14,265 - ADV_Generation_eps_4.0_steps_100_image_only_attack_prm - INFO - Batch:[11] Image: [12] Saved adversarial tensor to /leonardo_work/EUHPC_R04_192/fmohamma/Adversarial_Robust_Clip/atpt_data/vit_l_14_datacomp_1b/DTD/adv_images_eps_4.0_alpha_1.0_steps_100_image_only_attack_prm/chequered_chequered_0131.pt
2025-08-06 09:33:14,267 - ADV_Generation_eps_4.0_steps_100_image_only_attack_prm - INFO - Batch:[11] Image: [13] Saved adversarial tensor to /leonardo_work/EUHPC_R04_192/fmohamma/Adversarial_Robust_Clip/atpt_data/vit_l_14_datacomp_1b/DTD/adv_images_eps_4.0_alpha_1.0_steps_100_image_only_attack_prm/chequered_chequered_0170.pt
2025-08-06 09:33:14,270 - ADV_Generation_eps_4.0_steps_100_image_only_attack_prm - INFO - Batch:[11] Image: [14] Saved adversarial tensor to /leonardo_work/EUHPC_R04_192/fmohamma/Adversarial_Robust_Clip/atpt_data/vit_l_14_datacomp_1b/DTD/adv_images_eps_4.0_alpha_1.0_steps_100_image_only_attack_prm/chequered_chequered_0102.pt
2025-08-06 09:33:14,272 - ADV_Generation_eps_4.0_steps_100_image_only_attack_prm - INFO - Batch:[11] Image: [15] Saved adversarial tensor to /leonardo_work/EUHPC_R04_192/fmohamma/Adversarial_Robust_Clip/atpt_data/vit_l_14_datacomp_1b/DTD/adv_images_eps_4.0_alpha_1.0_steps_100_image_only_attack_prm/chequered_chequered_0095.pt
2025-08-06 09:33:14,620 - ADV_Generation_eps_4.0_steps_100_image_only_attack_prm - INFO - Batch 12/106: Clean accuracy 0.4062 | Adv accuracy: 0.0365 
2025-08-06 09:34:03,069 - ADV_Generation_eps_4.0_steps_100_image_only_attack_prm - INFO - Generated adversarial images for the entire batch.
2025-08-06 09:34:03,074 - ADV_Generation_eps_4.0_steps_100_image_only_attack_prm - INFO - Batch:[12] Image: [0] Saved adversarial tensor to /leonardo_work/EUHPC_R04_192/fmohamma/Adversarial_Robust_Clip/atpt_data/vit_l_14_datacomp_1b/DTD/adv_images_eps_4.0_alpha_1.0_steps_100_image_only_attack_prm/chequered_chequered_0153.pt
2025-08-06 09:34:03,076 - ADV_Generation_eps_4.0_steps_100_image_only_attack_prm - INFO - Batch:[12] Image: [1] Saved adversarial tensor to /leonardo_work/EUHPC_R04_192/fmohamma/Adversarial_Robust_Clip/atpt_data/vit_l_14_datacomp_1b/DTD/adv_images_eps_4.0_alpha_1.0_steps_100_image_only_attack_prm/chequered_chequered_0129.pt
2025-08-06 09:34:03,079 - ADV_Generation_eps_4.0_steps_100_image_only_attack_prm - INFO - Batch:[12] Image: [2] Saved adversarial tensor to /leonardo_work/EUHPC_R04_192/fmohamma/Adversarial_Robust_Clip/atpt_data/vit_l_14_datacomp_1b/DTD/adv_images_eps_4.0_alpha_1.0_steps_100_image_only_attack_prm/chequered_chequered_0017.pt
2025-08-06 09:34:03,081 - ADV_Generation_eps_4.0_steps_100_image_only_attack_prm - INFO - Batch:[12] Image: [3] Saved adversarial tensor to /leonardo_work/EUHPC_R04_192/fmohamma/Adversarial_Robust_Clip/atpt_data/vit_l_14_datacomp_1b/DTD/adv_images_eps_4.0_alpha_1.0_steps_100_image_only_attack_prm/chequered_chequered_0207.pt
2025-08-06 09:34:03,083 - ADV_Generation_eps_4.0_steps_100_image_only_attack_prm - INFO - Batch:[12] Image: [4] Saved adversarial tensor to /leonardo_work/EUHPC_R04_192/fmohamma/Adversarial_Robust_Clip/atpt_data/vit_l_14_datacomp_1b/DTD/adv_images_eps_4.0_alpha_1.0_steps_100_image_only_attack_prm/chequered_chequered_0210.pt
2025-08-06 09:34:03,086 - ADV_Generation_eps_4.0_steps_100_image_only_attack_prm - INFO - Batch:[12] Image: [5] Saved adversarial tensor to /leonardo_work/EUHPC_R04_192/fmohamma/Adversarial_Robust_Clip/atpt_data/vit_l_14_datacomp_1b/DTD/adv_images_eps_4.0_alpha_1.0_steps_100_image_only_attack_prm/chequered_chequered_0044.pt
2025-08-06 09:34:03,088 - ADV_Generation_eps_4.0_steps_100_image_only_attack_prm - INFO - Batch:[12] Image: [6] Saved adversarial tensor to /leonardo_work/EUHPC_R04_192/fmohamma/Adversarial_Robust_Clip/atpt_data/vit_l_14_datacomp_1b/DTD/adv_images_eps_4.0_alpha_1.0_steps_100_image_only_attack_prm/chequered_chequered_0145.pt
2025-08-06 09:34:03,090 - ADV_Generation_eps_4.0_steps_100_image_only_attack_prm - INFO - Batch:[12] Image: [7] Saved adversarial tensor to /leonardo_work/EUHPC_R04_192/fmohamma/Adversarial_Robust_Clip/atpt_data/vit_l_14_datacomp_1b/DTD/adv_images_eps_4.0_alpha_1.0_steps_100_image_only_attack_prm/chequered_chequered_0155.pt
2025-08-06 09:34:03,092 - ADV_Generation_eps_4.0_steps_100_image_only_attack_prm - INFO - Batch:[12] Image: [8] Saved adversarial tensor to /leonardo_work/EUHPC_R04_192/fmohamma/Adversarial_Robust_Clip/atpt_data/vit_l_14_datacomp_1b/DTD/adv_images_eps_4.0_alpha_1.0_steps_100_image_only_attack_prm/chequered_chequered_0084.pt
2025-08-06 09:34:03,095 - ADV_Generation_eps_4.0_steps_100_image_only_attack_prm - INFO - Batch:[12] Image: [9] Saved adversarial tensor to /leonardo_work/EUHPC_R04_192/fmohamma/Adversarial_Robust_Clip/atpt_data/vit_l_14_datacomp_1b/DTD/adv_images_eps_4.0_alpha_1.0_steps_100_image_only_attack_prm/chequered_chequered_0096.pt
2025-08-06 09:34:03,097 - ADV_Generation_eps_4.0_steps_100_image_only_attack_prm - INFO - Batch:[12] Image: [10] Saved adversarial tensor to /leonardo_work/EUHPC_R04_192/fmohamma/Adversarial_Robust_Clip/atpt_data/vit_l_14_datacomp_1b/DTD/adv_images_eps_4.0_alpha_1.0_steps_100_image_only_attack_prm/chequered_chequered_0114.pt
2025-08-06 09:34:03,099 - ADV_Generation_eps_4.0_steps_100_image_only_attack_prm - INFO - Batch:[12] Image: [11] Saved adversarial tensor to /leonardo_work/EUHPC_R04_192/fmohamma/Adversarial_Robust_Clip/atpt_data/vit_l_14_datacomp_1b/DTD/adv_images_eps_4.0_alpha_1.0_steps_100_image_only_attack_prm/chequered_chequered_0066.pt
2025-08-06 09:34:03,101 - ADV_Generation_eps_4.0_steps_100_image_only_attack_prm - INFO - Batch:[12] Image: [12] Saved adversarial tensor to /leonardo_work/EUHPC_R04_192/fmohamma/Adversarial_Robust_Clip/atpt_data/vit_l_14_datacomp_1b/DTD/adv_images_eps_4.0_alpha_1.0_steps_100_image_only_attack_prm/chequered_chequered_0100.pt
2025-08-06 09:34:03,103 - ADV_Generation_eps_4.0_steps_100_image_only_attack_prm - INFO - Batch:[12] Image: [13] Saved adversarial tensor to /leonardo_work/EUHPC_R04_192/fmohamma/Adversarial_Robust_Clip/atpt_data/vit_l_14_datacomp_1b/DTD/adv_images_eps_4.0_alpha_1.0_steps_100_image_only_attack_prm/chequered_chequered_0181.pt
2025-08-06 09:34:03,106 - ADV_Generation_eps_4.0_steps_100_image_only_attack_prm - INFO - Batch:[12] Image: [14] Saved adversarial tensor to /leonardo_work/EUHPC_R04_192/fmohamma/Adversarial_Robust_Clip/atpt_data/vit_l_14_datacomp_1b/DTD/adv_images_eps_4.0_alpha_1.0_steps_100_image_only_attack_prm/chequered_chequered_0121.pt
2025-08-06 09:34:03,108 - ADV_Generation_eps_4.0_steps_100_image_only_attack_prm - INFO - Batch:[12] Image: [15] Saved adversarial tensor to /leonardo_work/EUHPC_R04_192/fmohamma/Adversarial_Robust_Clip/atpt_data/vit_l_14_datacomp_1b/DTD/adv_images_eps_4.0_alpha_1.0_steps_100_image_only_attack_prm/chequered_chequered_0211.pt
2025-08-06 09:34:03,456 - ADV_Generation_eps_4.0_steps_100_image_only_attack_prm - INFO - Batch 13/106: Clean accuracy 0.4519 | Adv accuracy: 0.0817 
2025-08-06 09:34:51,863 - ADV_Generation_eps_4.0_steps_100_image_only_attack_prm - INFO - Generated adversarial images for the entire batch.
2025-08-06 09:34:51,867 - ADV_Generation_eps_4.0_steps_100_image_only_attack_prm - INFO - Batch:[13] Image: [0] Saved adversarial tensor to /leonardo_work/EUHPC_R04_192/fmohamma/Adversarial_Robust_Clip/atpt_data/vit_l_14_datacomp_1b/DTD/adv_images_eps_4.0_alpha_1.0_steps_100_image_only_attack_prm/chequered_chequered_0208.pt
2025-08-06 09:34:51,870 - ADV_Generation_eps_4.0_steps_100_image_only_attack_prm - INFO - Batch:[13] Image: [1] Saved adversarial tensor to /leonardo_work/EUHPC_R04_192/fmohamma/Adversarial_Robust_Clip/atpt_data/vit_l_14_datacomp_1b/DTD/adv_images_eps_4.0_alpha_1.0_steps_100_image_only_attack_prm/chequered_chequered_0198.pt
2025-08-06 09:34:51,872 - ADV_Generation_eps_4.0_steps_100_image_only_attack_prm - INFO - Batch:[13] Image: [2] Saved adversarial tensor to /leonardo_work/EUHPC_R04_192/fmohamma/Adversarial_Robust_Clip/atpt_data/vit_l_14_datacomp_1b/DTD/adv_images_eps_4.0_alpha_1.0_steps_100_image_only_attack_prm/chequered_chequered_0142.pt
2025-08-06 09:34:51,875 - ADV_Generation_eps_4.0_steps_100_image_only_attack_prm - INFO - Batch:[13] Image: [3] Saved adversarial tensor to /leonardo_work/EUHPC_R04_192/fmohamma/Adversarial_Robust_Clip/atpt_data/vit_l_14_datacomp_1b/DTD/adv_images_eps_4.0_alpha_1.0_steps_100_image_only_attack_prm/chequered_chequered_0111.pt
2025-08-06 09:34:51,877 - ADV_Generation_eps_4.0_steps_100_image_only_attack_prm - INFO - Batch:[13] Image: [4] Saved adversarial tensor to /leonardo_work/EUHPC_R04_192/fmohamma/Adversarial_Robust_Clip/atpt_data/vit_l_14_datacomp_1b/DTD/adv_images_eps_4.0_alpha_1.0_steps_100_image_only_attack_prm/chequered_chequered_0070.pt
2025-08-06 09:34:51,879 - ADV_Generation_eps_4.0_steps_100_image_only_attack_prm - INFO - Batch:[13] Image: [5] Saved adversarial tensor to /leonardo_work/EUHPC_R04_192/fmohamma/Adversarial_Robust_Clip/atpt_data/vit_l_14_datacomp_1b/DTD/adv_images_eps_4.0_alpha_1.0_steps_100_image_only_attack_prm/chequered_chequered_0158.pt
2025-08-06 09:34:51,882 - ADV_Generation_eps_4.0_steps_100_image_only_attack_prm - INFO - Batch:[13] Image: [6] Saved adversarial tensor to /leonardo_work/EUHPC_R04_192/fmohamma/Adversarial_Robust_Clip/atpt_data/vit_l_14_datacomp_1b/DTD/adv_images_eps_4.0_alpha_1.0_steps_100_image_only_attack_prm/chequered_chequered_0185.pt
2025-08-06 09:34:51,884 - ADV_Generation_eps_4.0_steps_100_image_only_attack_prm - INFO - Batch:[13] Image: [7] Saved adversarial tensor to /leonardo_work/EUHPC_R04_192/fmohamma/Adversarial_Robust_Clip/atpt_data/vit_l_14_datacomp_1b/DTD/adv_images_eps_4.0_alpha_1.0_steps_100_image_only_attack_prm/chequered_chequered_0055.pt
2025-08-06 09:34:51,886 - ADV_Generation_eps_4.0_steps_100_image_only_attack_prm - INFO - Batch:[13] Image: [8] Saved adversarial tensor to /leonardo_work/EUHPC_R04_192/fmohamma/Adversarial_Robust_Clip/atpt_data/vit_l_14_datacomp_1b/DTD/adv_images_eps_4.0_alpha_1.0_steps_100_image_only_attack_prm/cobwebbed_cobwebbed_0132.pt
2025-08-06 09:34:51,888 - ADV_Generation_eps_4.0_steps_100_image_only_attack_prm - INFO - Batch:[13] Image: [9] Saved adversarial tensor to /leonardo_work/EUHPC_R04_192/fmohamma/Adversarial_Robust_Clip/atpt_data/vit_l_14_datacomp_1b/DTD/adv_images_eps_4.0_alpha_1.0_steps_100_image_only_attack_prm/cobwebbed_cobwebbed_0095.pt
2025-08-06 09:34:51,890 - ADV_Generation_eps_4.0_steps_100_image_only_attack_prm - INFO - Batch:[13] Image: [10] Saved adversarial tensor to /leonardo_work/EUHPC_R04_192/fmohamma/Adversarial_Robust_Clip/atpt_data/vit_l_14_datacomp_1b/DTD/adv_images_eps_4.0_alpha_1.0_steps_100_image_only_attack_prm/cobwebbed_cobwebbed_0044.pt
2025-08-06 09:34:51,893 - ADV_Generation_eps_4.0_steps_100_image_only_attack_prm - INFO - Batch:[13] Image: [11] Saved adversarial tensor to /leonardo_work/EUHPC_R04_192/fmohamma/Adversarial_Robust_Clip/atpt_data/vit_l_14_datacomp_1b/DTD/adv_images_eps_4.0_alpha_1.0_steps_100_image_only_attack_prm/cobwebbed_cobwebbed_0121.pt
2025-08-06 09:34:51,895 - ADV_Generation_eps_4.0_steps_100_image_only_attack_prm - INFO - Batch:[13] Image: [12] Saved adversarial tensor to /leonardo_work/EUHPC_R04_192/fmohamma/Adversarial_Robust_Clip/atpt_data/vit_l_14_datacomp_1b/DTD/adv_images_eps_4.0_alpha_1.0_steps_100_image_only_attack_prm/cobwebbed_cobwebbed_0149.pt
2025-08-06 09:34:51,897 - ADV_Generation_eps_4.0_steps_100_image_only_attack_prm - INFO - Batch:[13] Image: [13] Saved adversarial tensor to /leonardo_work/EUHPC_R04_192/fmohamma/Adversarial_Robust_Clip/atpt_data/vit_l_14_datacomp_1b/DTD/adv_images_eps_4.0_alpha_1.0_steps_100_image_only_attack_prm/cobwebbed_cobwebbed_0063.pt
2025-08-06 09:34:51,899 - ADV_Generation_eps_4.0_steps_100_image_only_attack_prm - INFO - Batch:[13] Image: [14] Saved adversarial tensor to /leonardo_work/EUHPC_R04_192/fmohamma/Adversarial_Robust_Clip/atpt_data/vit_l_14_datacomp_1b/DTD/adv_images_eps_4.0_alpha_1.0_steps_100_image_only_attack_prm/cobwebbed_cobwebbed_0082.pt
2025-08-06 09:34:51,902 - ADV_Generation_eps_4.0_steps_100_image_only_attack_prm - INFO - Batch:[13] Image: [15] Saved adversarial tensor to /leonardo_work/EUHPC_R04_192/fmohamma/Adversarial_Robust_Clip/atpt_data/vit_l_14_datacomp_1b/DTD/adv_images_eps_4.0_alpha_1.0_steps_100_image_only_attack_prm/cobwebbed_cobwebbed_0090.pt
2025-08-06 09:34:52,250 - ADV_Generation_eps_4.0_steps_100_image_only_attack_prm - INFO - Batch 14/106: Clean accuracy 0.4866 | Adv accuracy: 0.1027 
2025-08-06 09:35:40,764 - ADV_Generation_eps_4.0_steps_100_image_only_attack_prm - INFO - Generated adversarial images for the entire batch.
2025-08-06 09:35:40,768 - ADV_Generation_eps_4.0_steps_100_image_only_attack_prm - INFO - Batch:[14] Image: [0] Saved adversarial tensor to /leonardo_work/EUHPC_R04_192/fmohamma/Adversarial_Robust_Clip/atpt_data/vit_l_14_datacomp_1b/DTD/adv_images_eps_4.0_alpha_1.0_steps_100_image_only_attack_prm/cobwebbed_cobwebbed_0108.pt
2025-08-06 09:35:40,771 - ADV_Generation_eps_4.0_steps_100_image_only_attack_prm - INFO - Batch:[14] Image: [1] Saved adversarial tensor to /leonardo_work/EUHPC_R04_192/fmohamma/Adversarial_Robust_Clip/atpt_data/vit_l_14_datacomp_1b/DTD/adv_images_eps_4.0_alpha_1.0_steps_100_image_only_attack_prm/cobwebbed_cobwebbed_0101.pt
2025-08-06 09:35:40,775 - ADV_Generation_eps_4.0_steps_100_image_only_attack_prm - INFO - Batch:[14] Image: [2] Saved adversarial tensor to /leonardo_work/EUHPC_R04_192/fmohamma/Adversarial_Robust_Clip/atpt_data/vit_l_14_datacomp_1b/DTD/adv_images_eps_4.0_alpha_1.0_steps_100_image_only_attack_prm/cobwebbed_cobwebbed_0136.pt
2025-08-06 09:35:40,777 - ADV_Generation_eps_4.0_steps_100_image_only_attack_prm - INFO - Batch:[14] Image: [3] Saved adversarial tensor to /leonardo_work/EUHPC_R04_192/fmohamma/Adversarial_Robust_Clip/atpt_data/vit_l_14_datacomp_1b/DTD/adv_images_eps_4.0_alpha_1.0_steps_100_image_only_attack_prm/cobwebbed_cobwebbed_0148.pt
2025-08-06 09:35:40,780 - ADV_Generation_eps_4.0_steps_100_image_only_attack_prm - INFO - Batch:[14] Image: [4] Saved adversarial tensor to /leonardo_work/EUHPC_R04_192/fmohamma/Adversarial_Robust_Clip/atpt_data/vit_l_14_datacomp_1b/DTD/adv_images_eps_4.0_alpha_1.0_steps_100_image_only_attack_prm/cobwebbed_cobwebbed_0110.pt
2025-08-06 09:35:40,782 - ADV_Generation_eps_4.0_steps_100_image_only_attack_prm - INFO - Batch:[14] Image: [5] Saved adversarial tensor to /leonardo_work/EUHPC_R04_192/fmohamma/Adversarial_Robust_Clip/atpt_data/vit_l_14_datacomp_1b/DTD/adv_images_eps_4.0_alpha_1.0_steps_100_image_only_attack_prm/cobwebbed_cobwebbed_0040.pt
2025-08-06 09:35:40,785 - ADV_Generation_eps_4.0_steps_100_image_only_attack_prm - INFO - Batch:[14] Image: [6] Saved adversarial tensor to /leonardo_work/EUHPC_R04_192/fmohamma/Adversarial_Robust_Clip/atpt_data/vit_l_14_datacomp_1b/DTD/adv_images_eps_4.0_alpha_1.0_steps_100_image_only_attack_prm/cobwebbed_cobwebbed_0120.pt
2025-08-06 09:35:40,787 - ADV_Generation_eps_4.0_steps_100_image_only_attack_prm - INFO - Batch:[14] Image: [7] Saved adversarial tensor to /leonardo_work/EUHPC_R04_192/fmohamma/Adversarial_Robust_Clip/atpt_data/vit_l_14_datacomp_1b/DTD/adv_images_eps_4.0_alpha_1.0_steps_100_image_only_attack_prm/cobwebbed_cobwebbed_0126.pt
2025-08-06 09:35:40,789 - ADV_Generation_eps_4.0_steps_100_image_only_attack_prm - INFO - Batch:[14] Image: [8] Saved adversarial tensor to /leonardo_work/EUHPC_R04_192/fmohamma/Adversarial_Robust_Clip/atpt_data/vit_l_14_datacomp_1b/DTD/adv_images_eps_4.0_alpha_1.0_steps_100_image_only_attack_prm/cobwebbed_cobwebbed_0051.pt
2025-08-06 09:35:40,792 - ADV_Generation_eps_4.0_steps_100_image_only_attack_prm - INFO - Batch:[14] Image: [9] Saved adversarial tensor to /leonardo_work/EUHPC_R04_192/fmohamma/Adversarial_Robust_Clip/atpt_data/vit_l_14_datacomp_1b/DTD/adv_images_eps_4.0_alpha_1.0_steps_100_image_only_attack_prm/cobwebbed_cobwebbed_0098.pt
2025-08-06 09:35:40,794 - ADV_Generation_eps_4.0_steps_100_image_only_attack_prm - INFO - Batch:[14] Image: [10] Saved adversarial tensor to /leonardo_work/EUHPC_R04_192/fmohamma/Adversarial_Robust_Clip/atpt_data/vit_l_14_datacomp_1b/DTD/adv_images_eps_4.0_alpha_1.0_steps_100_image_only_attack_prm/cobwebbed_cobwebbed_0076.pt
2025-08-06 09:35:40,796 - ADV_Generation_eps_4.0_steps_100_image_only_attack_prm - INFO - Batch:[14] Image: [11] Saved adversarial tensor to /leonardo_work/EUHPC_R04_192/fmohamma/Adversarial_Robust_Clip/atpt_data/vit_l_14_datacomp_1b/DTD/adv_images_eps_4.0_alpha_1.0_steps_100_image_only_attack_prm/cobwebbed_cobwebbed_0087.pt
2025-08-06 09:35:40,798 - ADV_Generation_eps_4.0_steps_100_image_only_attack_prm - INFO - Batch:[14] Image: [12] Saved adversarial tensor to /leonardo_work/EUHPC_R04_192/fmohamma/Adversarial_Robust_Clip/atpt_data/vit_l_14_datacomp_1b/DTD/adv_images_eps_4.0_alpha_1.0_steps_100_image_only_attack_prm/cobwebbed_cobwebbed_0146.pt
2025-08-06 09:35:40,800 - ADV_Generation_eps_4.0_steps_100_image_only_attack_prm - INFO - Batch:[14] Image: [13] Saved adversarial tensor to /leonardo_work/EUHPC_R04_192/fmohamma/Adversarial_Robust_Clip/atpt_data/vit_l_14_datacomp_1b/DTD/adv_images_eps_4.0_alpha_1.0_steps_100_image_only_attack_prm/cobwebbed_cobwebbed_0079.pt
2025-08-06 09:35:40,803 - ADV_Generation_eps_4.0_steps_100_image_only_attack_prm - INFO - Batch:[14] Image: [14] Saved adversarial tensor to /leonardo_work/EUHPC_R04_192/fmohamma/Adversarial_Robust_Clip/atpt_data/vit_l_14_datacomp_1b/DTD/adv_images_eps_4.0_alpha_1.0_steps_100_image_only_attack_prm/cobwebbed_cobwebbed_0091.pt
2025-08-06 09:35:40,805 - ADV_Generation_eps_4.0_steps_100_image_only_attack_prm - INFO - Batch:[14] Image: [15] Saved adversarial tensor to /leonardo_work/EUHPC_R04_192/fmohamma/Adversarial_Robust_Clip/atpt_data/vit_l_14_datacomp_1b/DTD/adv_images_eps_4.0_alpha_1.0_steps_100_image_only_attack_prm/cobwebbed_cobwebbed_0055.pt
2025-08-06 09:35:41,153 - ADV_Generation_eps_4.0_steps_100_image_only_attack_prm - INFO - Batch 15/106: Clean accuracy 0.5125 | Adv accuracy: 0.1000 
2025-08-06 09:36:29,574 - ADV_Generation_eps_4.0_steps_100_image_only_attack_prm - INFO - Generated adversarial images for the entire batch.
2025-08-06 09:36:29,579 - ADV_Generation_eps_4.0_steps_100_image_only_attack_prm - INFO - Batch:[15] Image: [0] Saved adversarial tensor to /leonardo_work/EUHPC_R04_192/fmohamma/Adversarial_Robust_Clip/atpt_data/vit_l_14_datacomp_1b/DTD/adv_images_eps_4.0_alpha_1.0_steps_100_image_only_attack_prm/cobwebbed_cobwebbed_0160.pt
2025-08-06 09:36:29,581 - ADV_Generation_eps_4.0_steps_100_image_only_attack_prm - INFO - Batch:[15] Image: [1] Saved adversarial tensor to /leonardo_work/EUHPC_R04_192/fmohamma/Adversarial_Robust_Clip/atpt_data/vit_l_14_datacomp_1b/DTD/adv_images_eps_4.0_alpha_1.0_steps_100_image_only_attack_prm/cobwebbed_cobwebbed_0117.pt
2025-08-06 09:36:29,584 - ADV_Generation_eps_4.0_steps_100_image_only_attack_prm - INFO - Batch:[15] Image: [2] Saved adversarial tensor to /leonardo_work/EUHPC_R04_192/fmohamma/Adversarial_Robust_Clip/atpt_data/vit_l_14_datacomp_1b/DTD/adv_images_eps_4.0_alpha_1.0_steps_100_image_only_attack_prm/cobwebbed_cobwebbed_0134.pt
2025-08-06 09:36:29,586 - ADV_Generation_eps_4.0_steps_100_image_only_attack_prm - INFO - Batch:[15] Image: [3] Saved adversarial tensor to /leonardo_work/EUHPC_R04_192/fmohamma/Adversarial_Robust_Clip/atpt_data/vit_l_14_datacomp_1b/DTD/adv_images_eps_4.0_alpha_1.0_steps_100_image_only_attack_prm/cobwebbed_cobwebbed_0062.pt
2025-08-06 09:36:29,589 - ADV_Generation_eps_4.0_steps_100_image_only_attack_prm - INFO - Batch:[15] Image: [4] Saved adversarial tensor to /leonardo_work/EUHPC_R04_192/fmohamma/Adversarial_Robust_Clip/atpt_data/vit_l_14_datacomp_1b/DTD/adv_images_eps_4.0_alpha_1.0_steps_100_image_only_attack_prm/cobwebbed_cobwebbed_0030.pt
2025-08-06 09:36:29,591 - ADV_Generation_eps_4.0_steps_100_image_only_attack_prm - INFO - Batch:[15] Image: [5] Saved adversarial tensor to /leonardo_work/EUHPC_R04_192/fmohamma/Adversarial_Robust_Clip/atpt_data/vit_l_14_datacomp_1b/DTD/adv_images_eps_4.0_alpha_1.0_steps_100_image_only_attack_prm/cobwebbed_cobwebbed_0046.pt
2025-08-06 09:36:29,593 - ADV_Generation_eps_4.0_steps_100_image_only_attack_prm - INFO - Batch:[15] Image: [6] Saved adversarial tensor to /leonardo_work/EUHPC_R04_192/fmohamma/Adversarial_Robust_Clip/atpt_data/vit_l_14_datacomp_1b/DTD/adv_images_eps_4.0_alpha_1.0_steps_100_image_only_attack_prm/cobwebbed_cobwebbed_0145.pt
2025-08-06 09:36:29,596 - ADV_Generation_eps_4.0_steps_100_image_only_attack_prm - INFO - Batch:[15] Image: [7] Saved adversarial tensor to /leonardo_work/EUHPC_R04_192/fmohamma/Adversarial_Robust_Clip/atpt_data/vit_l_14_datacomp_1b/DTD/adv_images_eps_4.0_alpha_1.0_steps_100_image_only_attack_prm/cobwebbed_cobwebbed_0072.pt
2025-08-06 09:36:29,598 - ADV_Generation_eps_4.0_steps_100_image_only_attack_prm - INFO - Batch:[15] Image: [8] Saved adversarial tensor to /leonardo_work/EUHPC_R04_192/fmohamma/Adversarial_Robust_Clip/atpt_data/vit_l_14_datacomp_1b/DTD/adv_images_eps_4.0_alpha_1.0_steps_100_image_only_attack_prm/cobwebbed_cobwebbed_0140.pt
2025-08-06 09:36:29,600 - ADV_Generation_eps_4.0_steps_100_image_only_attack_prm - INFO - Batch:[15] Image: [9] Saved adversarial tensor to /leonardo_work/EUHPC_R04_192/fmohamma/Adversarial_Robust_Clip/atpt_data/vit_l_14_datacomp_1b/DTD/adv_images_eps_4.0_alpha_1.0_steps_100_image_only_attack_prm/cobwebbed_cobwebbed_0060.pt
2025-08-06 09:36:29,602 - ADV_Generation_eps_4.0_steps_100_image_only_attack_prm - INFO - Batch:[15] Image: [10] Saved adversarial tensor to /leonardo_work/EUHPC_R04_192/fmohamma/Adversarial_Robust_Clip/atpt_data/vit_l_14_datacomp_1b/DTD/adv_images_eps_4.0_alpha_1.0_steps_100_image_only_attack_prm/cobwebbed_cobwebbed_0129.pt
2025-08-06 09:36:29,606 - ADV_Generation_eps_4.0_steps_100_image_only_attack_prm - INFO - Batch:[15] Image: [11] Saved adversarial tensor to /leonardo_work/EUHPC_R04_192/fmohamma/Adversarial_Robust_Clip/atpt_data/vit_l_14_datacomp_1b/DTD/adv_images_eps_4.0_alpha_1.0_steps_100_image_only_attack_prm/cobwebbed_cobwebbed_0074.pt
2025-08-06 09:36:29,608 - ADV_Generation_eps_4.0_steps_100_image_only_attack_prm - INFO - Batch:[15] Image: [12] Saved adversarial tensor to /leonardo_work/EUHPC_R04_192/fmohamma/Adversarial_Robust_Clip/atpt_data/vit_l_14_datacomp_1b/DTD/adv_images_eps_4.0_alpha_1.0_steps_100_image_only_attack_prm/cracked_cracked_0160.pt
2025-08-06 09:36:29,611 - ADV_Generation_eps_4.0_steps_100_image_only_attack_prm - INFO - Batch:[15] Image: [13] Saved adversarial tensor to /leonardo_work/EUHPC_R04_192/fmohamma/Adversarial_Robust_Clip/atpt_data/vit_l_14_datacomp_1b/DTD/adv_images_eps_4.0_alpha_1.0_steps_100_image_only_attack_prm/cracked_cracked_0156.pt
2025-08-06 09:36:29,613 - ADV_Generation_eps_4.0_steps_100_image_only_attack_prm - INFO - Batch:[15] Image: [14] Saved adversarial tensor to /leonardo_work/EUHPC_R04_192/fmohamma/Adversarial_Robust_Clip/atpt_data/vit_l_14_datacomp_1b/DTD/adv_images_eps_4.0_alpha_1.0_steps_100_image_only_attack_prm/cracked_cracked_0143.pt
2025-08-06 09:36:29,615 - ADV_Generation_eps_4.0_steps_100_image_only_attack_prm - INFO - Batch:[15] Image: [15] Saved adversarial tensor to /leonardo_work/EUHPC_R04_192/fmohamma/Adversarial_Robust_Clip/atpt_data/vit_l_14_datacomp_1b/DTD/adv_images_eps_4.0_alpha_1.0_steps_100_image_only_attack_prm/cracked_cracked_0127.pt
2025-08-06 09:36:29,964 - ADV_Generation_eps_4.0_steps_100_image_only_attack_prm - INFO - Batch 16/106: Clean accuracy 0.5273 | Adv accuracy: 0.0938 
2025-08-06 09:37:18,364 - ADV_Generation_eps_4.0_steps_100_image_only_attack_prm - INFO - Generated adversarial images for the entire batch.
2025-08-06 09:37:18,368 - ADV_Generation_eps_4.0_steps_100_image_only_attack_prm - INFO - Batch:[16] Image: [0] Saved adversarial tensor to /leonardo_work/EUHPC_R04_192/fmohamma/Adversarial_Robust_Clip/atpt_data/vit_l_14_datacomp_1b/DTD/adv_images_eps_4.0_alpha_1.0_steps_100_image_only_attack_prm/cracked_cracked_0081.pt
2025-08-06 09:37:18,371 - ADV_Generation_eps_4.0_steps_100_image_only_attack_prm - INFO - Batch:[16] Image: [1] Saved adversarial tensor to /leonardo_work/EUHPC_R04_192/fmohamma/Adversarial_Robust_Clip/atpt_data/vit_l_14_datacomp_1b/DTD/adv_images_eps_4.0_alpha_1.0_steps_100_image_only_attack_prm/cracked_cracked_0155.pt
2025-08-06 09:37:18,373 - ADV_Generation_eps_4.0_steps_100_image_only_attack_prm - INFO - Batch:[16] Image: [2] Saved adversarial tensor to /leonardo_work/EUHPC_R04_192/fmohamma/Adversarial_Robust_Clip/atpt_data/vit_l_14_datacomp_1b/DTD/adv_images_eps_4.0_alpha_1.0_steps_100_image_only_attack_prm/cracked_cracked_0122.pt
2025-08-06 09:37:18,376 - ADV_Generation_eps_4.0_steps_100_image_only_attack_prm - INFO - Batch:[16] Image: [3] Saved adversarial tensor to /leonardo_work/EUHPC_R04_192/fmohamma/Adversarial_Robust_Clip/atpt_data/vit_l_14_datacomp_1b/DTD/adv_images_eps_4.0_alpha_1.0_steps_100_image_only_attack_prm/cracked_cracked_0162.pt
2025-08-06 09:37:18,378 - ADV_Generation_eps_4.0_steps_100_image_only_attack_prm - INFO - Batch:[16] Image: [4] Saved adversarial tensor to /leonardo_work/EUHPC_R04_192/fmohamma/Adversarial_Robust_Clip/atpt_data/vit_l_14_datacomp_1b/DTD/adv_images_eps_4.0_alpha_1.0_steps_100_image_only_attack_prm/cracked_cracked_0079.pt
2025-08-06 09:37:18,381 - ADV_Generation_eps_4.0_steps_100_image_only_attack_prm - INFO - Batch:[16] Image: [5] Saved adversarial tensor to /leonardo_work/EUHPC_R04_192/fmohamma/Adversarial_Robust_Clip/atpt_data/vit_l_14_datacomp_1b/DTD/adv_images_eps_4.0_alpha_1.0_steps_100_image_only_attack_prm/cracked_cracked_0088.pt
2025-08-06 09:37:18,383 - ADV_Generation_eps_4.0_steps_100_image_only_attack_prm - INFO - Batch:[16] Image: [6] Saved adversarial tensor to /leonardo_work/EUHPC_R04_192/fmohamma/Adversarial_Robust_Clip/atpt_data/vit_l_14_datacomp_1b/DTD/adv_images_eps_4.0_alpha_1.0_steps_100_image_only_attack_prm/cracked_cracked_0158.pt
2025-08-06 09:37:18,385 - ADV_Generation_eps_4.0_steps_100_image_only_attack_prm - INFO - Batch:[16] Image: [7] Saved adversarial tensor to /leonardo_work/EUHPC_R04_192/fmohamma/Adversarial_Robust_Clip/atpt_data/vit_l_14_datacomp_1b/DTD/adv_images_eps_4.0_alpha_1.0_steps_100_image_only_attack_prm/cracked_cracked_0069.pt
2025-08-06 09:37:18,387 - ADV_Generation_eps_4.0_steps_100_image_only_attack_prm - INFO - Batch:[16] Image: [8] Saved adversarial tensor to /leonardo_work/EUHPC_R04_192/fmohamma/Adversarial_Robust_Clip/atpt_data/vit_l_14_datacomp_1b/DTD/adv_images_eps_4.0_alpha_1.0_steps_100_image_only_attack_prm/cracked_cracked_0064.pt
2025-08-06 09:37:18,390 - ADV_Generation_eps_4.0_steps_100_image_only_attack_prm - INFO - Batch:[16] Image: [9] Saved adversarial tensor to /leonardo_work/EUHPC_R04_192/fmohamma/Adversarial_Robust_Clip/atpt_data/vit_l_14_datacomp_1b/DTD/adv_images_eps_4.0_alpha_1.0_steps_100_image_only_attack_prm/cracked_cracked_0073.pt
2025-08-06 09:37:18,392 - ADV_Generation_eps_4.0_steps_100_image_only_attack_prm - INFO - Batch:[16] Image: [10] Saved adversarial tensor to /leonardo_work/EUHPC_R04_192/fmohamma/Adversarial_Robust_Clip/atpt_data/vit_l_14_datacomp_1b/DTD/adv_images_eps_4.0_alpha_1.0_steps_100_image_only_attack_prm/cracked_cracked_0099.pt
2025-08-06 09:37:18,394 - ADV_Generation_eps_4.0_steps_100_image_only_attack_prm - INFO - Batch:[16] Image: [11] Saved adversarial tensor to /leonardo_work/EUHPC_R04_192/fmohamma/Adversarial_Robust_Clip/atpt_data/vit_l_14_datacomp_1b/DTD/adv_images_eps_4.0_alpha_1.0_steps_100_image_only_attack_prm/cracked_cracked_0062.pt
2025-08-06 09:37:18,396 - ADV_Generation_eps_4.0_steps_100_image_only_attack_prm - INFO - Batch:[16] Image: [12] Saved adversarial tensor to /leonardo_work/EUHPC_R04_192/fmohamma/Adversarial_Robust_Clip/atpt_data/vit_l_14_datacomp_1b/DTD/adv_images_eps_4.0_alpha_1.0_steps_100_image_only_attack_prm/cracked_cracked_0145.pt
2025-08-06 09:37:18,399 - ADV_Generation_eps_4.0_steps_100_image_only_attack_prm - INFO - Batch:[16] Image: [13] Saved adversarial tensor to /leonardo_work/EUHPC_R04_192/fmohamma/Adversarial_Robust_Clip/atpt_data/vit_l_14_datacomp_1b/DTD/adv_images_eps_4.0_alpha_1.0_steps_100_image_only_attack_prm/cracked_cracked_0126.pt
2025-08-06 09:37:18,401 - ADV_Generation_eps_4.0_steps_100_image_only_attack_prm - INFO - Batch:[16] Image: [14] Saved adversarial tensor to /leonardo_work/EUHPC_R04_192/fmohamma/Adversarial_Robust_Clip/atpt_data/vit_l_14_datacomp_1b/DTD/adv_images_eps_4.0_alpha_1.0_steps_100_image_only_attack_prm/cracked_cracked_0105.pt
2025-08-06 09:37:18,403 - ADV_Generation_eps_4.0_steps_100_image_only_attack_prm - INFO - Batch:[16] Image: [15] Saved adversarial tensor to /leonardo_work/EUHPC_R04_192/fmohamma/Adversarial_Robust_Clip/atpt_data/vit_l_14_datacomp_1b/DTD/adv_images_eps_4.0_alpha_1.0_steps_100_image_only_attack_prm/cracked_cracked_0118.pt
2025-08-06 09:37:18,752 - ADV_Generation_eps_4.0_steps_100_image_only_attack_prm - INFO - Batch 17/106: Clean accuracy 0.5368 | Adv accuracy: 0.0882 
