2025-08-04 19:33:07,086 - ADV_Generation_eps_4.0_steps_100 - INFO - ==========================================
data:/leonardo_work/EUHPC_R04_192/fmohamma/Adversarial_Robust_Clip/atpt_data/downstream_datasets
test_sets:DTD
dataset_mode:test
arch:vit_l_14_datacomp_1b
resolution:224
transferability:False
source_model:fare4
workers:4
no_pin_memory:False
batch_size:64
adv_bs:16
print_freq:20
gpu:0
no_cudnn_benchmark:False
n_ctx:4
ctx_init:a_photo_of_a
seed:0
output_dir:/leonardo_work/EUHPC_R04_192/fmohamma/Adversarial_Robust_Clip/atpt_data/vit_l_14_datacomp_1b/DTD
log_output_dir:/leonardo_work/EUHPC_R04_192/fmohamma/Adversarial_Robust_Clip/ATPT/Final_Results/vit_l_14_datacomp_1b/DTD
image_only_attack:False
image_only_attack_type:prm
image_predicted_label_attack:False
eps:4.0
alpha:1.0
alpha_eps_ratio:4.0
steps:100
counter_attack:False
counter_attack_type:pgd
counter_attack_steps:2
counter_attack_eps:4.0
counter_attack_alpha:1.0
counter_attack_tau_thres:0.2
counter_attack_beta:2.0
counter_attack_weighted_perturbations:True
pgd_clip_pure_i_text_embeddings:null
pgd_counter_and_clipure_i_lamda:1.0
image_feature_purify:False
image_feature_purify_type:noisy_anchor
image_feature_purify_noisy_anchors:10
image_feature_purify_anchors_alpha:1.2
image_feature_purify_noisy_sigma:0.18
image_feature_purify_diff_threshold:0.0
image_feature_clipure_steps:10
image_feature_clipure_step_size:10.0
save_plots:False
lr:0.005
selection_p:0.1
tta_steps:1
top_k:20
softmax_temp:0.01
load_tecoa:

2025-08-04 19:33:07,087 - ADV_Generation_eps_4.0_steps_100 - INFO - Use GPU: 0 for training
2025-08-04 19:34:05,320 - ADV_Generation_eps_4.0_steps_100 - INFO - => Model created: visual backbone vit_l_14_datacomp_1b
2025-08-04 19:34:05,342 - ADV_Generation_eps_4.0_steps_100 - INFO - Number of test samples: 1692
2025-08-04 19:34:05,343 - ADV_Generation_eps_4.0_steps_100 - INFO - Evaluating dataset: DTD
2025-08-04 19:34:05,344 - ADV_Generation_eps_4.0_steps_100 - INFO - Starting evaluation with batch size: 64, selection percentage: 0.1
2025-08-04 19:34:05,344 - ADV_Generation_eps_4.0_steps_100 - INFO - Using PGD attack with epsilon: 0.015686, alpha: 0.003922, steps: 100 image only attack False image predicted label attack False
2025-08-04 19:34:05,345 - ADV_Generation_eps_4.0_steps_100 - INFO - Using directory for adversarial images: /leonardo_work/EUHPC_R04_192/fmohamma/Adversarial_Robust_Clip/atpt_data/vit_l_14_datacomp_1b/DTD/adv_images_eps_4.0_alpha_1.0_steps_100
2025-08-04 19:34:06,637 - ADV_Generation_eps_4.0_steps_100 - INFO - Batch:[0] Adversarial images for this batch already exist
2025-08-04 19:34:18,837 - ADV_Generation_eps_4.0_steps_100 - INFO - Batch 1/106: Clean accuracy 0.0000 | Adv accuracy: 0.0000 
2025-08-04 19:34:18,985 - ADV_Generation_eps_4.0_steps_100 - INFO - Batch:[1] Adversarial images for this batch already exist
2025-08-04 19:34:19,988 - ADV_Generation_eps_4.0_steps_100 - INFO - Batch 2/106: Clean accuracy 0.0000 | Adv accuracy: 0.0000 
2025-08-04 19:34:20,073 - ADV_Generation_eps_4.0_steps_100 - INFO - Batch:[2] Adversarial images for this batch already exist
2025-08-04 19:34:21,184 - ADV_Generation_eps_4.0_steps_100 - INFO - Batch 3/106: Clean accuracy 0.0417 | Adv accuracy: 0.0000 
2025-08-04 19:34:21,466 - ADV_Generation_eps_4.0_steps_100 - INFO - Batch:[3] Adversarial images for this batch already exist
2025-08-04 19:34:22,684 - ADV_Generation_eps_4.0_steps_100 - INFO - Batch 4/106: Clean accuracy 0.0469 | Adv accuracy: 0.0000 
2025-08-04 19:34:23,047 - ADV_Generation_eps_4.0_steps_100 - INFO - Batch:[4] Adversarial images for this batch already exist
2025-08-04 19:34:24,276 - ADV_Generation_eps_4.0_steps_100 - INFO - Batch 5/106: Clean accuracy 0.0625 | Adv accuracy: 0.0000 
2025-08-04 19:34:24,658 - ADV_Generation_eps_4.0_steps_100 - INFO - Batch:[5] Adversarial images for this batch already exist
2025-08-04 19:34:25,787 - ADV_Generation_eps_4.0_steps_100 - INFO - Batch 6/106: Clean accuracy 0.0833 | Adv accuracy: 0.0000 
2025-08-04 19:34:26,068 - ADV_Generation_eps_4.0_steps_100 - INFO - Batch:[6] Adversarial images for this batch already exist
2025-08-04 19:34:27,124 - ADV_Generation_eps_4.0_steps_100 - INFO - Batch 7/106: Clean accuracy 0.1429 | Adv accuracy: 0.0000 
2025-08-04 19:34:27,317 - ADV_Generation_eps_4.0_steps_100 - INFO - Batch:[7] Adversarial images for this batch already exist
2025-08-04 19:34:28,383 - ADV_Generation_eps_4.0_steps_100 - INFO - Batch 8/106: Clean accuracy 0.2422 | Adv accuracy: 0.0000 
2025-08-04 19:34:28,674 - ADV_Generation_eps_4.0_steps_100 - INFO - Batch:[8] Adversarial images for this batch already exist
2025-08-04 19:34:29,720 - ADV_Generation_eps_4.0_steps_100 - INFO - Batch 9/106: Clean accuracy 0.3264 | Adv accuracy: 0.0000 
2025-08-04 19:34:30,010 - ADV_Generation_eps_4.0_steps_100 - INFO - Batch:[9] Adversarial images for this batch already exist
2025-08-04 19:34:31,157 - ADV_Generation_eps_4.0_steps_100 - INFO - Batch 10/106: Clean accuracy 0.3625 | Adv accuracy: 0.0000 
2025-08-04 19:34:31,434 - ADV_Generation_eps_4.0_steps_100 - INFO - Batch:[10] Adversarial images for this batch already exist
2025-08-04 19:34:32,647 - ADV_Generation_eps_4.0_steps_100 - INFO - Batch 11/106: Clean accuracy 0.3580 | Adv accuracy: 0.0000 
2025-08-04 19:34:32,960 - ADV_Generation_eps_4.0_steps_100 - INFO - Batch:[11] Adversarial images for this batch already exist
2025-08-04 19:34:34,218 - ADV_Generation_eps_4.0_steps_100 - INFO - Batch 12/106: Clean accuracy 0.4062 | Adv accuracy: 0.0000 
2025-08-04 19:34:34,468 - ADV_Generation_eps_4.0_steps_100 - INFO - Batch:[12] Adversarial images for this batch already exist
2025-08-04 19:34:35,568 - ADV_Generation_eps_4.0_steps_100 - INFO - Batch 13/106: Clean accuracy 0.4519 | Adv accuracy: 0.0000 
2025-08-04 19:34:35,721 - ADV_Generation_eps_4.0_steps_100 - INFO - Batch:[13] Adversarial images for this batch already exist
2025-08-04 19:34:36,920 - ADV_Generation_eps_4.0_steps_100 - INFO - Batch 14/106: Clean accuracy 0.4866 | Adv accuracy: 0.0000 
2025-08-04 19:34:36,928 - ADV_Generation_eps_4.0_steps_100 - INFO - Batch:[14] Adversarial images for this batch already exist
2025-08-04 19:34:37,619 - ADV_Generation_eps_4.0_steps_100 - INFO - Batch 15/106: Clean accuracy 0.5125 | Adv accuracy: 0.0000 
2025-08-04 19:34:37,627 - ADV_Generation_eps_4.0_steps_100 - INFO - Batch:[15] Adversarial images for this batch already exist
2025-08-04 19:34:38,598 - ADV_Generation_eps_4.0_steps_100 - INFO - Batch 16/106: Clean accuracy 0.5273 | Adv accuracy: 0.0000 
2025-08-04 19:34:38,807 - ADV_Generation_eps_4.0_steps_100 - INFO - Batch:[16] Adversarial images for this batch already exist
2025-08-04 19:34:39,831 - ADV_Generation_eps_4.0_steps_100 - INFO - Batch 17/106: Clean accuracy 0.5368 | Adv accuracy: 0.0000 
2025-08-04 19:34:39,840 - ADV_Generation_eps_4.0_steps_100 - INFO - Batch:[17] Adversarial images for this batch already exist
2025-08-04 19:34:40,459 - ADV_Generation_eps_4.0_steps_100 - INFO - Batch 18/106: Clean accuracy 0.5590 | Adv accuracy: 0.0000 
2025-08-04 19:34:40,467 - ADV_Generation_eps_4.0_steps_100 - INFO - Batch:[18] Adversarial images for this batch already exist
2025-08-04 19:34:41,153 - ADV_Generation_eps_4.0_steps_100 - INFO - Batch 19/106: Clean accuracy 0.5592 | Adv accuracy: 0.0000 
2025-08-04 19:34:41,171 - ADV_Generation_eps_4.0_steps_100 - INFO - Batch:[19] Adversarial images for this batch already exist
2025-08-04 19:34:42,006 - ADV_Generation_eps_4.0_steps_100 - INFO - Batch 20/106: Clean accuracy 0.5687 | Adv accuracy: 0.0000 
2025-08-04 19:34:42,014 - ADV_Generation_eps_4.0_steps_100 - INFO - Batch:[20] Adversarial images for this batch already exist
2025-08-04 19:34:42,674 - ADV_Generation_eps_4.0_steps_100 - INFO - Batch 21/106: Clean accuracy 0.5804 | Adv accuracy: 0.0000 
2025-08-04 19:34:42,683 - ADV_Generation_eps_4.0_steps_100 - INFO - Batch:[21] Adversarial images for this batch already exist
2025-08-04 19:34:43,460 - ADV_Generation_eps_4.0_steps_100 - INFO - Batch 22/106: Clean accuracy 0.5966 | Adv accuracy: 0.0000 
2025-08-04 19:34:43,468 - ADV_Generation_eps_4.0_steps_100 - INFO - Batch:[22] Adversarial images for this batch already exist
2025-08-04 19:34:44,318 - ADV_Generation_eps_4.0_steps_100 - INFO - Batch 23/106: Clean accuracy 0.5924 | Adv accuracy: 0.0000 
2025-08-04 19:34:44,326 - ADV_Generation_eps_4.0_steps_100 - INFO - Batch:[23] Adversarial images for this batch already exist
2025-08-04 19:34:45,095 - ADV_Generation_eps_4.0_steps_100 - INFO - Batch 24/106: Clean accuracy 0.5729 | Adv accuracy: 0.0000 
2025-08-04 19:34:45,104 - ADV_Generation_eps_4.0_steps_100 - INFO - Batch:[24] Adversarial images for this batch already exist
2025-08-04 19:34:45,818 - ADV_Generation_eps_4.0_steps_100 - INFO - Batch 25/106: Clean accuracy 0.5625 | Adv accuracy: 0.0000 
2025-08-04 19:34:45,827 - ADV_Generation_eps_4.0_steps_100 - INFO - Batch:[25] Adversarial images for this batch already exist
2025-08-04 19:34:46,797 - ADV_Generation_eps_4.0_steps_100 - INFO - Batch 26/106: Clean accuracy 0.5721 | Adv accuracy: 0.0000 
2025-08-04 19:34:46,805 - ADV_Generation_eps_4.0_steps_100 - INFO - Batch:[26] Adversarial images for this batch already exist
2025-08-04 19:34:47,545 - ADV_Generation_eps_4.0_steps_100 - INFO - Batch 27/106: Clean accuracy 0.5856 | Adv accuracy: 0.0000 
2025-08-04 19:34:47,553 - ADV_Generation_eps_4.0_steps_100 - INFO - Batch:[27] Adversarial images for this batch already exist
2025-08-04 19:34:48,386 - ADV_Generation_eps_4.0_steps_100 - INFO - Batch 28/106: Clean accuracy 0.5759 | Adv accuracy: 0.0000 
2025-08-04 19:34:48,394 - ADV_Generation_eps_4.0_steps_100 - INFO - Batch:[28] Adversarial images for this batch already exist
2025-08-04 19:34:49,010 - ADV_Generation_eps_4.0_steps_100 - INFO - Batch 29/106: Clean accuracy 0.5711 | Adv accuracy: 0.0000 
2025-08-04 19:34:49,019 - ADV_Generation_eps_4.0_steps_100 - INFO - Batch:[29] Adversarial images for this batch already exist
2025-08-04 19:34:49,666 - ADV_Generation_eps_4.0_steps_100 - INFO - Batch 30/106: Clean accuracy 0.5750 | Adv accuracy: 0.0000 
2025-08-04 19:34:49,675 - ADV_Generation_eps_4.0_steps_100 - INFO - Batch:[30] Adversarial images for this batch already exist
2025-08-04 19:34:50,362 - ADV_Generation_eps_4.0_steps_100 - INFO - Batch 31/106: Clean accuracy 0.5766 | Adv accuracy: 0.0000 
2025-08-04 19:34:50,371 - ADV_Generation_eps_4.0_steps_100 - INFO - Batch:[31] Adversarial images for this batch already exist
2025-08-04 19:34:51,200 - ADV_Generation_eps_4.0_steps_100 - INFO - Batch 32/106: Clean accuracy 0.5645 | Adv accuracy: 0.0000 
2025-08-04 19:34:51,208 - ADV_Generation_eps_4.0_steps_100 - INFO - Batch:[32] Adversarial images for this batch already exist
2025-08-04 19:34:51,836 - ADV_Generation_eps_4.0_steps_100 - INFO - Batch 33/106: Clean accuracy 0.5568 | Adv accuracy: 0.0000 
2025-08-04 19:34:51,845 - ADV_Generation_eps_4.0_steps_100 - INFO - Batch:[33] Adversarial images for this batch already exist
2025-08-04 19:34:52,500 - ADV_Generation_eps_4.0_steps_100 - INFO - Batch 34/106: Clean accuracy 0.5588 | Adv accuracy: 0.0000 
2025-08-04 19:34:52,509 - ADV_Generation_eps_4.0_steps_100 - INFO - Batch:[34] Adversarial images for this batch already exist
2025-08-04 19:34:53,208 - ADV_Generation_eps_4.0_steps_100 - INFO - Batch 35/106: Clean accuracy 0.5625 | Adv accuracy: 0.0000 
2025-08-04 19:34:53,218 - ADV_Generation_eps_4.0_steps_100 - INFO - Batch:[35] Adversarial images for this batch already exist
2025-08-04 19:34:53,917 - ADV_Generation_eps_4.0_steps_100 - INFO - Batch 36/106: Clean accuracy 0.5642 | Adv accuracy: 0.0000 
2025-08-04 19:34:53,925 - ADV_Generation_eps_4.0_steps_100 - INFO - Batch:[36] Adversarial images for this batch already exist
2025-08-04 19:34:54,800 - ADV_Generation_eps_4.0_steps_100 - INFO - Batch 37/106: Clean accuracy 0.5625 | Adv accuracy: 0.0000 
2025-08-04 19:34:54,808 - ADV_Generation_eps_4.0_steps_100 - INFO - Batch:[37] Adversarial images for this batch already exist
2025-08-04 19:34:55,514 - ADV_Generation_eps_4.0_steps_100 - INFO - Batch 38/106: Clean accuracy 0.5609 | Adv accuracy: 0.0000 
2025-08-04 19:34:55,522 - ADV_Generation_eps_4.0_steps_100 - INFO - Batch:[38] Adversarial images for this batch already exist
2025-08-04 19:34:56,273 - ADV_Generation_eps_4.0_steps_100 - INFO - Batch 39/106: Clean accuracy 0.5593 | Adv accuracy: 0.0000 
2025-08-04 19:34:56,282 - ADV_Generation_eps_4.0_steps_100 - INFO - Batch:[39] Adversarial images for this batch already exist
2025-08-04 19:34:56,901 - ADV_Generation_eps_4.0_steps_100 - INFO - Batch 40/106: Clean accuracy 0.5625 | Adv accuracy: 0.0000 
2025-08-04 19:34:56,909 - ADV_Generation_eps_4.0_steps_100 - INFO - Batch:[40] Adversarial images for this batch already exist
2025-08-04 19:34:57,587 - ADV_Generation_eps_4.0_steps_100 - INFO - Batch 41/106: Clean accuracy 0.5610 | Adv accuracy: 0.0000 
2025-08-04 19:34:57,596 - ADV_Generation_eps_4.0_steps_100 - INFO - Batch:[41] Adversarial images for this batch already exist
2025-08-04 19:34:58,335 - ADV_Generation_eps_4.0_steps_100 - INFO - Batch 42/106: Clean accuracy 0.5580 | Adv accuracy: 0.0000 
2025-08-04 19:34:58,343 - ADV_Generation_eps_4.0_steps_100 - INFO - Batch:[42] Adversarial images for this batch already exist
2025-08-04 19:34:58,963 - ADV_Generation_eps_4.0_steps_100 - INFO - Batch 43/106: Clean accuracy 0.5567 | Adv accuracy: 0.0000 
2025-08-04 19:34:58,971 - ADV_Generation_eps_4.0_steps_100 - INFO - Batch:[43] Adversarial images for this batch already exist
2025-08-04 19:34:59,628 - ADV_Generation_eps_4.0_steps_100 - INFO - Batch 44/106: Clean accuracy 0.5625 | Adv accuracy: 0.0000 
2025-08-04 19:34:59,762 - ADV_Generation_eps_4.0_steps_100 - INFO - Batch:[44] Adversarial images for this batch already exist
2025-08-04 19:35:00,549 - ADV_Generation_eps_4.0_steps_100 - INFO - Batch 45/106: Clean accuracy 0.5667 | Adv accuracy: 0.0000 
2025-08-04 19:35:00,557 - ADV_Generation_eps_4.0_steps_100 - INFO - Batch:[45] Adversarial images for this batch already exist
2025-08-04 19:35:01,247 - ADV_Generation_eps_4.0_steps_100 - INFO - Batch 46/106: Clean accuracy 0.5747 | Adv accuracy: 0.0000 
2025-08-04 19:35:01,284 - ADV_Generation_eps_4.0_steps_100 - INFO - Batch:[46] Adversarial images for this batch already exist
2025-08-04 19:35:02,094 - ADV_Generation_eps_4.0_steps_100 - INFO - Batch 47/106: Clean accuracy 0.5838 | Adv accuracy: 0.0000 
2025-08-04 19:35:02,306 - ADV_Generation_eps_4.0_steps_100 - INFO - Batch:[47] Adversarial images for this batch already exist
2025-08-04 19:35:03,181 - ADV_Generation_eps_4.0_steps_100 - INFO - Batch 48/106: Clean accuracy 0.5898 | Adv accuracy: 0.0000 
2025-08-04 19:35:03,189 - ADV_Generation_eps_4.0_steps_100 - INFO - Batch:[48] Adversarial images for this batch already exist
2025-08-04 19:35:03,850 - ADV_Generation_eps_4.0_steps_100 - INFO - Batch 49/106: Clean accuracy 0.5957 | Adv accuracy: 0.0000 
2025-08-04 19:35:03,858 - ADV_Generation_eps_4.0_steps_100 - INFO - Batch:[49] Adversarial images for this batch already exist
2025-08-04 19:35:04,647 - ADV_Generation_eps_4.0_steps_100 - INFO - Batch 50/106: Clean accuracy 0.5887 | Adv accuracy: 0.0000 
2025-08-04 19:35:04,656 - ADV_Generation_eps_4.0_steps_100 - INFO - Batch:[50] Adversarial images for this batch already exist
2025-08-04 19:35:05,351 - ADV_Generation_eps_4.0_steps_100 - INFO - Batch 51/106: Clean accuracy 0.5858 | Adv accuracy: 0.0000 
2025-08-04 19:35:05,360 - ADV_Generation_eps_4.0_steps_100 - INFO - Batch:[51] Adversarial images for this batch already exist
2025-08-04 19:35:06,102 - ADV_Generation_eps_4.0_steps_100 - INFO - Batch 52/106: Clean accuracy 0.5817 | Adv accuracy: 0.0000 
2025-08-04 19:35:06,186 - ADV_Generation_eps_4.0_steps_100 - INFO - Batch:[52] Adversarial images for this batch already exist
2025-08-04 19:35:06,906 - ADV_Generation_eps_4.0_steps_100 - INFO - Batch 53/106: Clean accuracy 0.5861 | Adv accuracy: 0.0000 
2025-08-04 19:35:07,045 - ADV_Generation_eps_4.0_steps_100 - INFO - Batch:[53] Adversarial images for this batch already exist
2025-08-04 19:35:08,090 - ADV_Generation_eps_4.0_steps_100 - INFO - Batch 54/106: Clean accuracy 0.5914 | Adv accuracy: 0.0000 
2025-08-04 19:35:08,251 - ADV_Generation_eps_4.0_steps_100 - INFO - Batch:[54] Adversarial images for this batch already exist
2025-08-04 19:35:09,017 - ADV_Generation_eps_4.0_steps_100 - INFO - Batch 55/106: Clean accuracy 0.5818 | Adv accuracy: 0.0000 
2025-08-04 19:35:09,025 - ADV_Generation_eps_4.0_steps_100 - INFO - Batch:[55] Adversarial images for this batch already exist
2025-08-04 19:35:09,788 - ADV_Generation_eps_4.0_steps_100 - INFO - Batch 56/106: Clean accuracy 0.5714 | Adv accuracy: 0.0000 
2025-08-04 19:35:09,977 - ADV_Generation_eps_4.0_steps_100 - INFO - Batch:[56] Adversarial images for this batch already exist
2025-08-04 19:35:11,230 - ADV_Generation_eps_4.0_steps_100 - INFO - Batch 57/106: Clean accuracy 0.5647 | Adv accuracy: 0.0000 
2025-08-04 19:35:11,504 - ADV_Generation_eps_4.0_steps_100 - INFO - Batch:[57] Adversarial images for this batch already exist
2025-08-04 19:35:12,588 - ADV_Generation_eps_4.0_steps_100 - INFO - Batch 58/106: Clean accuracy 0.5593 | Adv accuracy: 0.0000 
2025-08-04 19:35:13,666 - ADV_Generation_eps_4.0_steps_100 - INFO - Batch:[58] Adversarial images for this batch already exist
2025-08-04 19:35:14,987 - ADV_Generation_eps_4.0_steps_100 - INFO - Batch 59/106: Clean accuracy 0.5593 | Adv accuracy: 0.0000 
2025-08-04 19:35:15,230 - ADV_Generation_eps_4.0_steps_100 - INFO - Batch:[59] Adversarial images for this batch already exist
2025-08-04 19:35:16,344 - ADV_Generation_eps_4.0_steps_100 - INFO - Batch 60/106: Clean accuracy 0.5667 | Adv accuracy: 0.0000 
2025-08-04 19:35:16,566 - ADV_Generation_eps_4.0_steps_100 - INFO - Batch:[60] Adversarial images for this batch already exist
2025-08-04 19:35:17,623 - ADV_Generation_eps_4.0_steps_100 - INFO - Batch 61/106: Clean accuracy 0.5738 | Adv accuracy: 0.0000 
2025-08-04 19:35:17,920 - ADV_Generation_eps_4.0_steps_100 - INFO - Batch:[61] Adversarial images for this batch already exist
2025-08-04 19:35:18,974 - ADV_Generation_eps_4.0_steps_100 - INFO - Batch 62/106: Clean accuracy 0.5806 | Adv accuracy: 0.0000 
2025-08-04 19:35:19,265 - ADV_Generation_eps_4.0_steps_100 - INFO - Batch:[62] Adversarial images for this batch already exist
2025-08-04 19:35:20,255 - ADV_Generation_eps_4.0_steps_100 - INFO - Batch 63/106: Clean accuracy 0.5873 | Adv accuracy: 0.0000 
2025-08-04 19:35:20,534 - ADV_Generation_eps_4.0_steps_100 - INFO - Batch:[63] Adversarial images for this batch already exist
2025-08-04 19:35:21,603 - ADV_Generation_eps_4.0_steps_100 - INFO - Batch 64/106: Clean accuracy 0.5811 | Adv accuracy: 0.0000 
2025-08-04 19:35:21,771 - ADV_Generation_eps_4.0_steps_100 - INFO - Batch:[64] Adversarial images for this batch already exist
2025-08-04 19:35:22,802 - ADV_Generation_eps_4.0_steps_100 - INFO - Batch 65/106: Clean accuracy 0.5760 | Adv accuracy: 0.0000 
2025-08-04 19:35:22,974 - ADV_Generation_eps_4.0_steps_100 - INFO - Batch:[65] Adversarial images for this batch already exist
2025-08-04 19:35:23,922 - ADV_Generation_eps_4.0_steps_100 - INFO - Batch 66/106: Clean accuracy 0.5786 | Adv accuracy: 0.0000 
2025-08-04 19:35:23,931 - ADV_Generation_eps_4.0_steps_100 - INFO - Batch:[66] Adversarial images for this batch already exist
2025-08-04 19:35:24,650 - ADV_Generation_eps_4.0_steps_100 - INFO - Batch 67/106: Clean accuracy 0.5840 | Adv accuracy: 0.0000 
2025-08-04 19:35:24,660 - ADV_Generation_eps_4.0_steps_100 - INFO - Batch:[67] Adversarial images for this batch already exist
2025-08-04 19:35:25,385 - ADV_Generation_eps_4.0_steps_100 - INFO - Batch 68/106: Clean accuracy 0.5882 | Adv accuracy: 0.0000 
2025-08-04 19:35:25,394 - ADV_Generation_eps_4.0_steps_100 - INFO - Batch:[68] Adversarial images for this batch already exist
2025-08-04 19:35:26,170 - ADV_Generation_eps_4.0_steps_100 - INFO - Batch 69/106: Clean accuracy 0.5924 | Adv accuracy: 0.0000 
2025-08-04 19:35:26,179 - ADV_Generation_eps_4.0_steps_100 - INFO - Batch:[69] Adversarial images for this batch already exist
2025-08-04 19:35:26,862 - ADV_Generation_eps_4.0_steps_100 - INFO - Batch 70/106: Clean accuracy 0.5964 | Adv accuracy: 0.0000 
2025-08-04 19:35:26,870 - ADV_Generation_eps_4.0_steps_100 - INFO - Batch:[70] Adversarial images for this batch already exist
2025-08-04 19:35:27,608 - ADV_Generation_eps_4.0_steps_100 - INFO - Batch 71/106: Clean accuracy 0.5977 | Adv accuracy: 0.0000 
2025-08-04 19:35:27,617 - ADV_Generation_eps_4.0_steps_100 - INFO - Batch:[71] Adversarial images for this batch already exist
2025-08-04 19:35:28,228 - ADV_Generation_eps_4.0_steps_100 - INFO - Batch 72/106: Clean accuracy 0.5981 | Adv accuracy: 0.0000 
2025-08-04 19:35:28,237 - ADV_Generation_eps_4.0_steps_100 - INFO - Batch:[72] Adversarial images for this batch already exist
2025-08-04 19:35:28,885 - ADV_Generation_eps_4.0_steps_100 - INFO - Batch 73/106: Clean accuracy 0.5959 | Adv accuracy: 0.0000 
2025-08-04 19:35:28,927 - ADV_Generation_eps_4.0_steps_100 - INFO - Batch:[73] Adversarial images for this batch already exist
2025-08-04 19:35:29,815 - ADV_Generation_eps_4.0_steps_100 - INFO - Batch 74/106: Clean accuracy 0.5946 | Adv accuracy: 0.0000 
2025-08-04 19:35:29,824 - ADV_Generation_eps_4.0_steps_100 - INFO - Batch:[74] Adversarial images for this batch already exist
2025-08-04 19:35:30,773 - ADV_Generation_eps_4.0_steps_100 - INFO - Batch 75/106: Clean accuracy 0.5967 | Adv accuracy: 0.0000 
2025-08-04 19:35:30,783 - ADV_Generation_eps_4.0_steps_100 - INFO - Batch:[75] Adversarial images for this batch already exist
2025-08-04 19:35:31,492 - ADV_Generation_eps_4.0_steps_100 - INFO - Batch 76/106: Clean accuracy 0.6003 | Adv accuracy: 0.0000 
2025-08-04 19:35:31,501 - ADV_Generation_eps_4.0_steps_100 - INFO - Batch:[76] Adversarial images for this batch already exist
2025-08-04 19:35:32,345 - ADV_Generation_eps_4.0_steps_100 - INFO - Batch 77/106: Clean accuracy 0.5998 | Adv accuracy: 0.0000 
2025-08-04 19:35:32,472 - ADV_Generation_eps_4.0_steps_100 - INFO - Batch:[77] Adversarial images for this batch already exist
2025-08-04 19:35:33,337 - ADV_Generation_eps_4.0_steps_100 - INFO - Batch 78/106: Clean accuracy 0.6026 | Adv accuracy: 0.0000 
2025-08-04 19:35:33,346 - ADV_Generation_eps_4.0_steps_100 - INFO - Batch:[78] Adversarial images for this batch already exist
2025-08-04 19:35:34,003 - ADV_Generation_eps_4.0_steps_100 - INFO - Batch 79/106: Clean accuracy 0.6044 | Adv accuracy: 0.0000 
2025-08-04 19:35:34,011 - ADV_Generation_eps_4.0_steps_100 - INFO - Batch:[79] Adversarial images for this batch already exist
2025-08-04 19:35:34,652 - ADV_Generation_eps_4.0_steps_100 - INFO - Batch 80/106: Clean accuracy 0.6047 | Adv accuracy: 0.0000 
2025-08-04 19:35:34,661 - ADV_Generation_eps_4.0_steps_100 - INFO - Batch:[80] Adversarial images for this batch already exist
2025-08-04 19:35:35,417 - ADV_Generation_eps_4.0_steps_100 - INFO - Batch 81/106: Clean accuracy 0.6049 | Adv accuracy: 0.0000 
2025-08-04 19:35:35,426 - ADV_Generation_eps_4.0_steps_100 - INFO - Batch:[81] Adversarial images for this batch already exist
2025-08-04 19:35:36,059 - ADV_Generation_eps_4.0_steps_100 - INFO - Batch 82/106: Clean accuracy 0.6037 | Adv accuracy: 0.0000 
2025-08-04 19:35:36,068 - ADV_Generation_eps_4.0_steps_100 - INFO - Batch:[82] Adversarial images for this batch already exist
2025-08-04 19:35:36,721 - ADV_Generation_eps_4.0_steps_100 - INFO - Batch 83/106: Clean accuracy 0.6009 | Adv accuracy: 0.0000 
2025-08-04 19:35:36,834 - ADV_Generation_eps_4.0_steps_100 - INFO - Batch:[83] Adversarial images for this batch already exist
2025-08-04 19:35:37,623 - ADV_Generation_eps_4.0_steps_100 - INFO - Batch 84/106: Clean accuracy 0.6027 | Adv accuracy: 0.0000 
2025-08-04 19:35:37,632 - ADV_Generation_eps_4.0_steps_100 - INFO - Batch:[84] Adversarial images for this batch already exist
2025-08-04 19:35:38,401 - ADV_Generation_eps_4.0_steps_100 - INFO - Batch 85/106: Clean accuracy 0.5993 | Adv accuracy: 0.0000 
2025-08-04 19:35:38,410 - ADV_Generation_eps_4.0_steps_100 - INFO - Batch:[85] Adversarial images for this batch already exist
2025-08-04 19:35:39,108 - ADV_Generation_eps_4.0_steps_100 - INFO - Batch 86/106: Clean accuracy 0.5988 | Adv accuracy: 0.0000 
2025-08-04 19:35:39,117 - ADV_Generation_eps_4.0_steps_100 - INFO - Batch:[86] Adversarial images for this batch already exist
2025-08-04 19:35:39,815 - ADV_Generation_eps_4.0_steps_100 - INFO - Batch 87/106: Clean accuracy 0.6027 | Adv accuracy: 0.0000 
2025-08-04 19:35:39,823 - ADV_Generation_eps_4.0_steps_100 - INFO - Batch:[87] Adversarial images for this batch already exist
2025-08-04 19:35:40,483 - ADV_Generation_eps_4.0_steps_100 - INFO - Batch 88/106: Clean accuracy 0.6030 | Adv accuracy: 0.0000 
2025-08-04 19:35:40,492 - ADV_Generation_eps_4.0_steps_100 - INFO - Batch:[88] Adversarial images for this batch already exist
2025-08-04 19:35:41,152 - ADV_Generation_eps_4.0_steps_100 - INFO - Batch 89/106: Clean accuracy 0.6060 | Adv accuracy: 0.0000 
2025-08-04 19:35:41,160 - ADV_Generation_eps_4.0_steps_100 - INFO - Batch:[89] Adversarial images for this batch already exist
2025-08-04 19:35:42,005 - ADV_Generation_eps_4.0_steps_100 - INFO - Batch 90/106: Clean accuracy 0.6104 | Adv accuracy: 0.0000 
2025-08-04 19:35:42,014 - ADV_Generation_eps_4.0_steps_100 - INFO - Batch:[90] Adversarial images for this batch already exist
2025-08-04 19:35:42,875 - ADV_Generation_eps_4.0_steps_100 - INFO - Batch 91/106: Clean accuracy 0.6140 | Adv accuracy: 0.0000 
2025-08-04 19:35:42,884 - ADV_Generation_eps_4.0_steps_100 - INFO - Batch:[91] Adversarial images for this batch already exist
2025-08-04 19:35:43,570 - ADV_Generation_eps_4.0_steps_100 - INFO - Batch 92/106: Clean accuracy 0.6162 | Adv accuracy: 0.0000 
2025-08-04 19:35:43,579 - ADV_Generation_eps_4.0_steps_100 - INFO - Batch:[92] Adversarial images for this batch already exist
2025-08-04 19:35:44,360 - ADV_Generation_eps_4.0_steps_100 - INFO - Batch 93/106: Clean accuracy 0.6176 | Adv accuracy: 0.0000 
2025-08-04 19:35:44,368 - ADV_Generation_eps_4.0_steps_100 - INFO - Batch:[93] Adversarial images for this batch already exist
2025-08-04 19:35:45,010 - ADV_Generation_eps_4.0_steps_100 - INFO - Batch 94/106: Clean accuracy 0.6197 | Adv accuracy: 0.0000 
2025-08-04 19:35:45,020 - ADV_Generation_eps_4.0_steps_100 - INFO - Batch:[94] Adversarial images for this batch already exist
2025-08-04 19:35:45,664 - ADV_Generation_eps_4.0_steps_100 - INFO - Batch 95/106: Clean accuracy 0.6197 | Adv accuracy: 0.0000 
2025-08-04 19:35:45,673 - ADV_Generation_eps_4.0_steps_100 - INFO - Batch:[95] Adversarial images for this batch already exist
2025-08-04 19:35:46,386 - ADV_Generation_eps_4.0_steps_100 - INFO - Batch 96/106: Clean accuracy 0.6159 | Adv accuracy: 0.0000 
2025-08-04 19:35:46,395 - ADV_Generation_eps_4.0_steps_100 - INFO - Batch:[96] Adversarial images for this batch already exist
2025-08-04 19:35:47,068 - ADV_Generation_eps_4.0_steps_100 - INFO - Batch 97/106: Clean accuracy 0.6147 | Adv accuracy: 0.0000 
2025-08-04 19:35:47,077 - ADV_Generation_eps_4.0_steps_100 - INFO - Batch:[97] Adversarial images for this batch already exist
2025-08-04 19:35:47,741 - ADV_Generation_eps_4.0_steps_100 - INFO - Batch 98/106: Clean accuracy 0.6167 | Adv accuracy: 0.0000 
2025-08-04 19:35:47,750 - ADV_Generation_eps_4.0_steps_100 - INFO - Batch:[98] Adversarial images for this batch already exist
2025-08-04 19:35:48,545 - ADV_Generation_eps_4.0_steps_100 - INFO - Batch 99/106: Clean accuracy 0.6181 | Adv accuracy: 0.0000 
2025-08-04 19:35:48,553 - ADV_Generation_eps_4.0_steps_100 - INFO - Batch:[99] Adversarial images for this batch already exist
2025-08-04 19:35:49,225 - ADV_Generation_eps_4.0_steps_100 - INFO - Batch 100/106: Clean accuracy 0.6212 | Adv accuracy: 0.0000 
2025-08-04 19:35:49,234 - ADV_Generation_eps_4.0_steps_100 - INFO - Batch:[100] Adversarial images for this batch already exist
2025-08-04 19:35:50,012 - ADV_Generation_eps_4.0_steps_100 - INFO - Batch 101/106: Clean accuracy 0.6238 | Adv accuracy: 0.0000 
2025-08-04 19:35:50,147 - ADV_Generation_eps_4.0_steps_100 - INFO - Batch:[101] Adversarial images for this batch already exist
2025-08-04 19:35:50,971 - ADV_Generation_eps_4.0_steps_100 - INFO - Batch 102/106: Clean accuracy 0.6225 | Adv accuracy: 0.0000 
2025-08-04 19:35:50,980 - ADV_Generation_eps_4.0_steps_100 - INFO - Batch:[102] Adversarial images for this batch already exist
2025-08-04 19:35:51,619 - ADV_Generation_eps_4.0_steps_100 - INFO - Batch 103/106: Clean accuracy 0.6220 | Adv accuracy: 0.0000 
2025-08-04 19:35:51,628 - ADV_Generation_eps_4.0_steps_100 - INFO - Batch:[103] Adversarial images for this batch already exist
2025-08-04 19:35:52,242 - ADV_Generation_eps_4.0_steps_100 - INFO - Batch 104/106: Clean accuracy 0.6232 | Adv accuracy: 0.0000 
2025-08-04 19:35:52,250 - ADV_Generation_eps_4.0_steps_100 - INFO - Batch:[104] Adversarial images for this batch already exist
2025-08-04 19:35:53,397 - ADV_Generation_eps_4.0_steps_100 - INFO - Batch 105/106: Clean accuracy 0.6262 | Adv accuracy: 0.0000 
2025-08-04 19:35:53,524 - ADV_Generation_eps_4.0_steps_100 - INFO - Batch:[105] Adversarial images for this batch already exist
2025-08-04 19:35:54,169 - ADV_Generation_eps_4.0_steps_100 - INFO - Batch 106/106: Clean accuracy 0.6288 | Adv accuracy: 0.0000 
2025-08-04 19:35:54,220 - ADV_Generation_eps_4.0_steps_100 - INFO - Original accuracy: 0.6288
2025-08-04 19:35:54,220 - ADV_Generation_eps_4.0_steps_100 - INFO - Adversarial accuracy: 0.0000
2025-08-04 19:35:54,235 - ADV_Generation_eps_4.0_steps_100 - INFO - Adversarial image generation completed. Results
