2026-02-12 19:53:07,459 - ADV_Generation_eps_1.0_steps_100_Added_Noise_gaussian_Sigma_0.01_Tau_Type_noisy_num_anchors_10 - INFO - ==========================================
data:/leonardo_work/EUHPC_R04_192/fmohamma/Adversarial_Robust_Clip/atpt_data/downstream_datasets
test_sets:Aircraft
dataset_mode:test
arch:vit_l_14_datacomp_1b
resolution:224
transferability:False
source_model:fare4
workers:4
no_pin_memory:False
batch_size:1
adv_bs:1
print_freq:20
gpu:0
no_cudnn_benchmark:False
n_ctx:4
ctx_init:a_photo_of_a
seed:0
output_dir:/leonardo_work/EUHPC_R04_192/fmohamma/Adversarial_Robust_Clip/atpt_data/vit_l_14_datacomp_1b/Aircraft
log_output_dir:/leonardo_work/EUHPC_R04_192/fmohamma/Adversarial_Robust_Clip/ATPT/Diffratio_v3/vit_l_14_datacomp_1b/Aircraft/ADV_Generation_eps_1.0_steps_100_Added_Noise_gaussian_Sigma_0.01_Tau_Type_noisy_num_anchors_10
image_only_attack:False
image_only_attack_type:prm
image_predicted_label_attack:False
eps:1.0
alpha:0.25
alpha_eps_ratio:4.0
steps:100
counter_attack:True
counter_attack_type:pgd
counter_attack_steps:0
counter_attack_eps:1.0
counter_attack_alpha:1.0
counter_attack_tau_thres:0.2
counter_attack_beta:2.0
counter_attack_weighted_perturbations:True
counter_attack_init_noise:gaussian
counter_attack_gaussian_sigma:0.01
counter_attack_noisy_tau_num_anchors:10
counter_attack_tau:noisy
pgd_clip_pure_i_text_embeddings:null
pgd_counter_and_clipure_i_lamda:1.0
image_feature_purify:False
image_feature_purify_type:noisy_anchor
image_feature_purify_noisy_anchors:10
image_feature_purify_anchors_alpha:1.2
image_feature_purify_noisy_sigma:0.18
image_feature_purify_diff_threshold:0.0
image_feature_clipure_steps:10
image_feature_clipure_step_size:10.0
save_plots:False
lr:0.005
selection_p:0.1
tta_steps:1
top_k:20
softmax_temp:0.01
load_tecoa:

2026-02-12 19:53:07,459 - ADV_Generation_eps_1.0_steps_100_Added_Noise_gaussian_Sigma_0.01_Tau_Type_noisy_num_anchors_10 - INFO - Use GPU: 0 for training
2026-02-12 19:54:05,998 - ADV_Generation_eps_1.0_steps_100_Added_Noise_gaussian_Sigma_0.01_Tau_Type_noisy_num_anchors_10 - INFO - => Model created: visual backbone vit_l_14_datacomp_1b
2026-02-12 19:54:06,038 - ADV_Generation_eps_1.0_steps_100_Added_Noise_gaussian_Sigma_0.01_Tau_Type_noisy_num_anchors_10 - INFO - Number of test samples: 3333
2026-02-12 19:54:06,038 - ADV_Generation_eps_1.0_steps_100_Added_Noise_gaussian_Sigma_0.01_Tau_Type_noisy_num_anchors_10 - INFO - Evaluating dataset: Aircraft
2026-02-12 19:54:06,039 - ADV_Generation_eps_1.0_steps_100_Added_Noise_gaussian_Sigma_0.01_Tau_Type_noisy_num_anchors_10 - INFO - Starting evaluation with batch size: 1, selection percentage: 0.1
2026-02-12 19:54:06,040 - ADV_Generation_eps_1.0_steps_100_Added_Noise_gaussian_Sigma_0.01_Tau_Type_noisy_num_anchors_10 - INFO - Using counter-attack with epsilon: 1.000000, alpha: 1.000000, steps: 0
2026-02-12 19:54:06,040 - ADV_Generation_eps_1.0_steps_100_Added_Noise_gaussian_Sigma_0.01_Tau_Type_noisy_num_anchors_10 - INFO - Adversarial examples will be loaded from /leonardo_work/EUHPC_R04_192/fmohamma/Adversarial_Robust_Clip/atpt_data/vit_l_14_datacomp_1b/Aircraft/adv_images_eps_1.0_alpha_0.25_steps_100 and evaluated on vit_l_14_datacomp_1b
2026-02-12 19:54:06,041 - ADV_Generation_eps_1.0_steps_100_Added_Noise_gaussian_Sigma_0.01_Tau_Type_noisy_num_anchors_10 - INFO - Using directory for adversarial images: /leonardo_work/EUHPC_R04_192/fmohamma/Adversarial_Robust_Clip/atpt_data/vit_l_14_datacomp_1b/Aircraft/adv_images_eps_1.0_alpha_0.25_steps_100
2026-02-12 19:54:06,418 - ADV_Generation_eps_1.0_steps_100_Added_Noise_gaussian_Sigma_0.01_Tau_Type_noisy_num_anchors_10 - INFO - Batch:[0] Adversarial images for this batch already exist
2026-02-12 19:54:06,967 - ADV_Generation_eps_1.0_steps_100_Added_Noise_gaussian_Sigma_0.01_Tau_Type_noisy_num_anchors_10 - INFO - Batch 1/3333: Clean accuracy 1.0000 | Adv accuracy: 0.0000 | Counter-attack accuracy: 0.0000
2026-02-12 19:54:06,968 - ADV_Generation_eps_1.0_steps_100_Added_Noise_gaussian_Sigma_0.01_Tau_Type_noisy_num_anchors_10 - INFO - Batch:[1] Adversarial images for this batch already exist
2026-02-12 19:54:07,294 - ADV_Generation_eps_1.0_steps_100_Added_Noise_gaussian_Sigma_0.01_Tau_Type_noisy_num_anchors_10 - INFO - Batch 2/3333: Clean accuracy 1.0000 | Adv accuracy: 0.0000 | Counter-attack accuracy: 0.0000
2026-02-12 19:54:07,295 - ADV_Generation_eps_1.0_steps_100_Added_Noise_gaussian_Sigma_0.01_Tau_Type_noisy_num_anchors_10 - INFO - Batch:[2] Adversarial images for this batch already exist
2026-02-12 19:54:07,624 - ADV_Generation_eps_1.0_steps_100_Added_Noise_gaussian_Sigma_0.01_Tau_Type_noisy_num_anchors_10 - INFO - Batch 3/3333: Clean accuracy 1.0000 | Adv accuracy: 0.0000 | Counter-attack accuracy: 0.0000
2026-02-12 19:54:07,626 - ADV_Generation_eps_1.0_steps_100_Added_Noise_gaussian_Sigma_0.01_Tau_Type_noisy_num_anchors_10 - INFO - Batch:[3] Adversarial images for this batch already exist
2026-02-12 19:54:07,954 - ADV_Generation_eps_1.0_steps_100_Added_Noise_gaussian_Sigma_0.01_Tau_Type_noisy_num_anchors_10 - INFO - Batch 4/3333: Clean accuracy 1.0000 | Adv accuracy: 0.0000 | Counter-attack accuracy: 0.0000
2026-02-12 19:54:07,955 - ADV_Generation_eps_1.0_steps_100_Added_Noise_gaussian_Sigma_0.01_Tau_Type_noisy_num_anchors_10 - INFO - Batch:[4] Adversarial images for this batch already exist
2026-02-12 19:54:08,281 - ADV_Generation_eps_1.0_steps_100_Added_Noise_gaussian_Sigma_0.01_Tau_Type_noisy_num_anchors_10 - INFO - Batch 5/3333: Clean accuracy 0.8000 | Adv accuracy: 0.0000 | Counter-attack accuracy: 0.0000
2026-02-12 19:54:08,282 - ADV_Generation_eps_1.0_steps_100_Added_Noise_gaussian_Sigma_0.01_Tau_Type_noisy_num_anchors_10 - INFO - Batch:[5] Adversarial images for this batch already exist
2026-02-12 19:54:08,623 - ADV_Generation_eps_1.0_steps_100_Added_Noise_gaussian_Sigma_0.01_Tau_Type_noisy_num_anchors_10 - INFO - Batch 6/3333: Clean accuracy 0.8333 | Adv accuracy: 0.0000 | Counter-attack accuracy: 0.0000
2026-02-12 19:54:08,624 - ADV_Generation_eps_1.0_steps_100_Added_Noise_gaussian_Sigma_0.01_Tau_Type_noisy_num_anchors_10 - INFO - Batch:[6] Adversarial images for this batch already exist
2026-02-12 19:54:08,947 - ADV_Generation_eps_1.0_steps_100_Added_Noise_gaussian_Sigma_0.01_Tau_Type_noisy_num_anchors_10 - INFO - Batch 7/3333: Clean accuracy 0.7143 | Adv accuracy: 0.0000 | Counter-attack accuracy: 0.0000
2026-02-12 19:54:08,949 - ADV_Generation_eps_1.0_steps_100_Added_Noise_gaussian_Sigma_0.01_Tau_Type_noisy_num_anchors_10 - INFO - Batch:[7] Adversarial images for this batch already exist
2026-02-12 19:54:09,276 - ADV_Generation_eps_1.0_steps_100_Added_Noise_gaussian_Sigma_0.01_Tau_Type_noisy_num_anchors_10 - INFO - Batch 8/3333: Clean accuracy 0.7500 | Adv accuracy: 0.0000 | Counter-attack accuracy: 0.0000
2026-02-12 19:54:09,278 - ADV_Generation_eps_1.0_steps_100_Added_Noise_gaussian_Sigma_0.01_Tau_Type_noisy_num_anchors_10 - INFO - Batch:[8] Adversarial images for this batch already exist
2026-02-12 19:54:09,607 - ADV_Generation_eps_1.0_steps_100_Added_Noise_gaussian_Sigma_0.01_Tau_Type_noisy_num_anchors_10 - INFO - Batch 9/3333: Clean accuracy 0.7778 | Adv accuracy: 0.0000 | Counter-attack accuracy: 0.0000
2026-02-12 19:54:09,608 - ADV_Generation_eps_1.0_steps_100_Added_Noise_gaussian_Sigma_0.01_Tau_Type_noisy_num_anchors_10 - INFO - Batch:[9] Adversarial images for this batch already exist
2026-02-12 19:54:09,934 - ADV_Generation_eps_1.0_steps_100_Added_Noise_gaussian_Sigma_0.01_Tau_Type_noisy_num_anchors_10 - INFO - Batch 10/3333: Clean accuracy 0.7000 | Adv accuracy: 0.0000 | Counter-attack accuracy: 0.0000
2026-02-12 19:54:09,936 - ADV_Generation_eps_1.0_steps_100_Added_Noise_gaussian_Sigma_0.01_Tau_Type_noisy_num_anchors_10 - INFO - Batch:[10] Adversarial images for this batch already exist
2026-02-12 19:54:10,267 - ADV_Generation_eps_1.0_steps_100_Added_Noise_gaussian_Sigma_0.01_Tau_Type_noisy_num_anchors_10 - INFO - Batch 11/3333: Clean accuracy 0.7273 | Adv accuracy: 0.0000 | Counter-attack accuracy: 0.0000
2026-02-12 19:54:10,268 - ADV_Generation_eps_1.0_steps_100_Added_Noise_gaussian_Sigma_0.01_Tau_Type_noisy_num_anchors_10 - INFO - Batch:[11] Adversarial images for this batch already exist
2026-02-12 19:54:10,598 - ADV_Generation_eps_1.0_steps_100_Added_Noise_gaussian_Sigma_0.01_Tau_Type_noisy_num_anchors_10 - INFO - Batch 12/3333: Clean accuracy 0.7500 | Adv accuracy: 0.0000 | Counter-attack accuracy: 0.0000
2026-02-12 19:54:10,600 - ADV_Generation_eps_1.0_steps_100_Added_Noise_gaussian_Sigma_0.01_Tau_Type_noisy_num_anchors_10 - INFO - Batch:[12] Adversarial images for this batch already exist
2026-02-12 19:54:10,930 - ADV_Generation_eps_1.0_steps_100_Added_Noise_gaussian_Sigma_0.01_Tau_Type_noisy_num_anchors_10 - INFO - Batch 13/3333: Clean accuracy 0.6923 | Adv accuracy: 0.0000 | Counter-attack accuracy: 0.0000
2026-02-12 19:54:10,931 - ADV_Generation_eps_1.0_steps_100_Added_Noise_gaussian_Sigma_0.01_Tau_Type_noisy_num_anchors_10 - INFO - Batch:[13] Adversarial images for this batch already exist
2026-02-12 19:54:11,275 - ADV_Generation_eps_1.0_steps_100_Added_Noise_gaussian_Sigma_0.01_Tau_Type_noisy_num_anchors_10 - INFO - Batch 14/3333: Clean accuracy 0.6429 | Adv accuracy: 0.0000 | Counter-attack accuracy: 0.0000
2026-02-12 19:54:11,277 - ADV_Generation_eps_1.0_steps_100_Added_Noise_gaussian_Sigma_0.01_Tau_Type_noisy_num_anchors_10 - INFO - Batch:[14] Adversarial images for this batch already exist
2026-02-12 19:54:11,606 - ADV_Generation_eps_1.0_steps_100_Added_Noise_gaussian_Sigma_0.01_Tau_Type_noisy_num_anchors_10 - INFO - Batch 15/3333: Clean accuracy 0.6667 | Adv accuracy: 0.0000 | Counter-attack accuracy: 0.0000
2026-02-12 19:54:11,608 - ADV_Generation_eps_1.0_steps_100_Added_Noise_gaussian_Sigma_0.01_Tau_Type_noisy_num_anchors_10 - INFO - Batch:[15] Adversarial images for this batch already exist
2026-02-12 19:54:11,944 - ADV_Generation_eps_1.0_steps_100_Added_Noise_gaussian_Sigma_0.01_Tau_Type_noisy_num_anchors_10 - INFO - Batch 16/3333: Clean accuracy 0.6250 | Adv accuracy: 0.0000 | Counter-attack accuracy: 0.0000
2026-02-12 19:54:11,946 - ADV_Generation_eps_1.0_steps_100_Added_Noise_gaussian_Sigma_0.01_Tau_Type_noisy_num_anchors_10 - INFO - Batch:[16] Adversarial images for this batch already exist
2026-02-12 19:54:12,277 - ADV_Generation_eps_1.0_steps_100_Added_Noise_gaussian_Sigma_0.01_Tau_Type_noisy_num_anchors_10 - INFO - Batch 17/3333: Clean accuracy 0.6471 | Adv accuracy: 0.0000 | Counter-attack accuracy: 0.0000
2026-02-12 19:54:12,279 - ADV_Generation_eps_1.0_steps_100_Added_Noise_gaussian_Sigma_0.01_Tau_Type_noisy_num_anchors_10 - INFO - Batch:[17] Adversarial images for this batch already exist
2026-02-12 19:54:12,616 - ADV_Generation_eps_1.0_steps_100_Added_Noise_gaussian_Sigma_0.01_Tau_Type_noisy_num_anchors_10 - INFO - Batch 18/3333: Clean accuracy 0.6667 | Adv accuracy: 0.0000 | Counter-attack accuracy: 0.0000
2026-02-12 19:54:12,618 - ADV_Generation_eps_1.0_steps_100_Added_Noise_gaussian_Sigma_0.01_Tau_Type_noisy_num_anchors_10 - INFO - Batch:[18] Adversarial images for this batch already exist
2026-02-12 19:54:12,942 - ADV_Generation_eps_1.0_steps_100_Added_Noise_gaussian_Sigma_0.01_Tau_Type_noisy_num_anchors_10 - INFO - Batch 19/3333: Clean accuracy 0.6842 | Adv accuracy: 0.0000 | Counter-attack accuracy: 0.0000
2026-02-12 19:54:12,943 - ADV_Generation_eps_1.0_steps_100_Added_Noise_gaussian_Sigma_0.01_Tau_Type_noisy_num_anchors_10 - INFO - Batch:[19] Adversarial images for this batch already exist
2026-02-12 19:54:13,270 - ADV_Generation_eps_1.0_steps_100_Added_Noise_gaussian_Sigma_0.01_Tau_Type_noisy_num_anchors_10 - INFO - Batch 20/3333: Clean accuracy 0.7000 | Adv accuracy: 0.0000 | Counter-attack accuracy: 0.0000
2026-02-12 19:54:13,271 - ADV_Generation_eps_1.0_steps_100_Added_Noise_gaussian_Sigma_0.01_Tau_Type_noisy_num_anchors_10 - INFO - Batch:[20] Adversarial images for this batch already exist
2026-02-12 19:54:13,599 - ADV_Generation_eps_1.0_steps_100_Added_Noise_gaussian_Sigma_0.01_Tau_Type_noisy_num_anchors_10 - INFO - Batch 21/3333: Clean accuracy 0.7143 | Adv accuracy: 0.0000 | Counter-attack accuracy: 0.0000
2026-02-12 19:54:13,600 - ADV_Generation_eps_1.0_steps_100_Added_Noise_gaussian_Sigma_0.01_Tau_Type_noisy_num_anchors_10 - INFO - Batch:[21] Adversarial images for this batch already exist
2026-02-12 19:54:13,928 - ADV_Generation_eps_1.0_steps_100_Added_Noise_gaussian_Sigma_0.01_Tau_Type_noisy_num_anchors_10 - INFO - Batch 22/3333: Clean accuracy 0.7273 | Adv accuracy: 0.0000 | Counter-attack accuracy: 0.0000
2026-02-12 19:54:13,929 - ADV_Generation_eps_1.0_steps_100_Added_Noise_gaussian_Sigma_0.01_Tau_Type_noisy_num_anchors_10 - INFO - Batch:[22] Adversarial images for this batch already exist
2026-02-12 19:54:14,267 - ADV_Generation_eps_1.0_steps_100_Added_Noise_gaussian_Sigma_0.01_Tau_Type_noisy_num_anchors_10 - INFO - Batch 23/3333: Clean accuracy 0.7391 | Adv accuracy: 0.0000 | Counter-attack accuracy: 0.0000
2026-02-12 19:54:14,268 - ADV_Generation_eps_1.0_steps_100_Added_Noise_gaussian_Sigma_0.01_Tau_Type_noisy_num_anchors_10 - INFO - Batch:[23] Adversarial images for this batch already exist
2026-02-12 19:54:14,637 - ADV_Generation_eps_1.0_steps_100_Added_Noise_gaussian_Sigma_0.01_Tau_Type_noisy_num_anchors_10 - INFO - Batch 24/3333: Clean accuracy 0.7083 | Adv accuracy: 0.0000 | Counter-attack accuracy: 0.0000
2026-02-12 19:54:14,638 - ADV_Generation_eps_1.0_steps_100_Added_Noise_gaussian_Sigma_0.01_Tau_Type_noisy_num_anchors_10 - INFO - Batch:[24] Adversarial images for this batch already exist
2026-02-12 19:54:14,978 - ADV_Generation_eps_1.0_steps_100_Added_Noise_gaussian_Sigma_0.01_Tau_Type_noisy_num_anchors_10 - INFO - Batch 25/3333: Clean accuracy 0.7200 | Adv accuracy: 0.0000 | Counter-attack accuracy: 0.0000
2026-02-12 19:54:14,979 - ADV_Generation_eps_1.0_steps_100_Added_Noise_gaussian_Sigma_0.01_Tau_Type_noisy_num_anchors_10 - INFO - Batch:[25] Adversarial images for this batch already exist
2026-02-12 19:54:15,308 - ADV_Generation_eps_1.0_steps_100_Added_Noise_gaussian_Sigma_0.01_Tau_Type_noisy_num_anchors_10 - INFO - Batch 26/3333: Clean accuracy 0.7308 | Adv accuracy: 0.0000 | Counter-attack accuracy: 0.0000
2026-02-12 19:54:15,309 - ADV_Generation_eps_1.0_steps_100_Added_Noise_gaussian_Sigma_0.01_Tau_Type_noisy_num_anchors_10 - INFO - Batch:[26] Adversarial images for this batch already exist
2026-02-12 19:54:15,634 - ADV_Generation_eps_1.0_steps_100_Added_Noise_gaussian_Sigma_0.01_Tau_Type_noisy_num_anchors_10 - INFO - Batch 27/3333: Clean accuracy 0.7407 | Adv accuracy: 0.0000 | Counter-attack accuracy: 0.0000
2026-02-12 19:54:15,635 - ADV_Generation_eps_1.0_steps_100_Added_Noise_gaussian_Sigma_0.01_Tau_Type_noisy_num_anchors_10 - INFO - Batch:[27] Adversarial images for this batch already exist
2026-02-12 19:54:16,003 - ADV_Generation_eps_1.0_steps_100_Added_Noise_gaussian_Sigma_0.01_Tau_Type_noisy_num_anchors_10 - INFO - Batch 28/3333: Clean accuracy 0.7500 | Adv accuracy: 0.0000 | Counter-attack accuracy: 0.0000
2026-02-12 19:54:16,004 - ADV_Generation_eps_1.0_steps_100_Added_Noise_gaussian_Sigma_0.01_Tau_Type_noisy_num_anchors_10 - INFO - Batch:[28] Adversarial images for this batch already exist
2026-02-12 19:54:16,351 - ADV_Generation_eps_1.0_steps_100_Added_Noise_gaussian_Sigma_0.01_Tau_Type_noisy_num_anchors_10 - INFO - Batch 29/3333: Clean accuracy 0.7586 | Adv accuracy: 0.0000 | Counter-attack accuracy: 0.0000
2026-02-12 19:54:16,352 - ADV_Generation_eps_1.0_steps_100_Added_Noise_gaussian_Sigma_0.01_Tau_Type_noisy_num_anchors_10 - INFO - Batch:[29] Adversarial images for this batch already exist
2026-02-12 19:54:16,680 - ADV_Generation_eps_1.0_steps_100_Added_Noise_gaussian_Sigma_0.01_Tau_Type_noisy_num_anchors_10 - INFO - Batch 30/3333: Clean accuracy 0.7333 | Adv accuracy: 0.0000 | Counter-attack accuracy: 0.0000
2026-02-12 19:54:16,681 - ADV_Generation_eps_1.0_steps_100_Added_Noise_gaussian_Sigma_0.01_Tau_Type_noisy_num_anchors_10 - INFO - Batch:[30] Adversarial images for this batch already exist
2026-02-12 19:54:17,007 - ADV_Generation_eps_1.0_steps_100_Added_Noise_gaussian_Sigma_0.01_Tau_Type_noisy_num_anchors_10 - INFO - Batch 31/3333: Clean accuracy 0.7419 | Adv accuracy: 0.0000 | Counter-attack accuracy: 0.0000
2026-02-12 19:54:17,009 - ADV_Generation_eps_1.0_steps_100_Added_Noise_gaussian_Sigma_0.01_Tau_Type_noisy_num_anchors_10 - INFO - Batch:[31] Adversarial images for this batch already exist
2026-02-12 19:54:17,339 - ADV_Generation_eps_1.0_steps_100_Added_Noise_gaussian_Sigma_0.01_Tau_Type_noisy_num_anchors_10 - INFO - Batch 32/3333: Clean accuracy 0.7500 | Adv accuracy: 0.0000 | Counter-attack accuracy: 0.0000
2026-02-12 19:54:17,341 - ADV_Generation_eps_1.0_steps_100_Added_Noise_gaussian_Sigma_0.01_Tau_Type_noisy_num_anchors_10 - INFO - Batch:[32] Adversarial images for this batch already exist
2026-02-12 19:54:17,671 - ADV_Generation_eps_1.0_steps_100_Added_Noise_gaussian_Sigma_0.01_Tau_Type_noisy_num_anchors_10 - INFO - Batch 33/3333: Clean accuracy 0.7576 | Adv accuracy: 0.0000 | Counter-attack accuracy: 0.0000
2026-02-12 19:54:17,672 - ADV_Generation_eps_1.0_steps_100_Added_Noise_gaussian_Sigma_0.01_Tau_Type_noisy_num_anchors_10 - INFO - Batch:[33] Adversarial images for this batch already exist
2026-02-12 19:54:18,019 - ADV_Generation_eps_1.0_steps_100_Added_Noise_gaussian_Sigma_0.01_Tau_Type_noisy_num_anchors_10 - INFO - Batch 34/3333: Clean accuracy 0.7647 | Adv accuracy: 0.0000 | Counter-attack accuracy: 0.0000
2026-02-12 19:54:18,021 - ADV_Generation_eps_1.0_steps_100_Added_Noise_gaussian_Sigma_0.01_Tau_Type_noisy_num_anchors_10 - INFO - Batch:[34] Adversarial images for this batch already exist
2026-02-12 19:54:18,352 - ADV_Generation_eps_1.0_steps_100_Added_Noise_gaussian_Sigma_0.01_Tau_Type_noisy_num_anchors_10 - INFO - Batch 35/3333: Clean accuracy 0.7429 | Adv accuracy: 0.0000 | Counter-attack accuracy: 0.0000
2026-02-12 19:54:18,353 - ADV_Generation_eps_1.0_steps_100_Added_Noise_gaussian_Sigma_0.01_Tau_Type_noisy_num_anchors_10 - INFO - Batch:[35] Adversarial images for this batch already exist
2026-02-12 19:54:18,686 - ADV_Generation_eps_1.0_steps_100_Added_Noise_gaussian_Sigma_0.01_Tau_Type_noisy_num_anchors_10 - INFO - Batch 36/3333: Clean accuracy 0.7500 | Adv accuracy: 0.0000 | Counter-attack accuracy: 0.0000
2026-02-12 19:54:18,687 - ADV_Generation_eps_1.0_steps_100_Added_Noise_gaussian_Sigma_0.01_Tau_Type_noisy_num_anchors_10 - INFO - Batch:[36] Adversarial images for this batch already exist
2026-02-12 19:54:19,013 - ADV_Generation_eps_1.0_steps_100_Added_Noise_gaussian_Sigma_0.01_Tau_Type_noisy_num_anchors_10 - INFO - Batch 37/3333: Clean accuracy 0.7297 | Adv accuracy: 0.0000 | Counter-attack accuracy: 0.0000
2026-02-12 19:54:19,015 - ADV_Generation_eps_1.0_steps_100_Added_Noise_gaussian_Sigma_0.01_Tau_Type_noisy_num_anchors_10 - INFO - Batch:[37] Adversarial images for this batch already exist
2026-02-12 19:54:19,343 - ADV_Generation_eps_1.0_steps_100_Added_Noise_gaussian_Sigma_0.01_Tau_Type_noisy_num_anchors_10 - INFO - Batch 38/3333: Clean accuracy 0.7368 | Adv accuracy: 0.0000 | Counter-attack accuracy: 0.0000
2026-02-12 19:54:19,344 - ADV_Generation_eps_1.0_steps_100_Added_Noise_gaussian_Sigma_0.01_Tau_Type_noisy_num_anchors_10 - INFO - Batch:[38] Adversarial images for this batch already exist
2026-02-12 19:54:19,675 - ADV_Generation_eps_1.0_steps_100_Added_Noise_gaussian_Sigma_0.01_Tau_Type_noisy_num_anchors_10 - INFO - Batch 39/3333: Clean accuracy 0.7436 | Adv accuracy: 0.0000 | Counter-attack accuracy: 0.0000
2026-02-12 19:54:19,676 - ADV_Generation_eps_1.0_steps_100_Added_Noise_gaussian_Sigma_0.01_Tau_Type_noisy_num_anchors_10 - INFO - Batch:[39] Adversarial images for this batch already exist
2026-02-12 19:54:20,006 - ADV_Generation_eps_1.0_steps_100_Added_Noise_gaussian_Sigma_0.01_Tau_Type_noisy_num_anchors_10 - INFO - Batch 40/3333: Clean accuracy 0.7250 | Adv accuracy: 0.0000 | Counter-attack accuracy: 0.0000
2026-02-12 19:54:20,007 - ADV_Generation_eps_1.0_steps_100_Added_Noise_gaussian_Sigma_0.01_Tau_Type_noisy_num_anchors_10 - INFO - Batch:[40] Adversarial images for this batch already exist
2026-02-12 19:54:20,340 - ADV_Generation_eps_1.0_steps_100_Added_Noise_gaussian_Sigma_0.01_Tau_Type_noisy_num_anchors_10 - INFO - Batch 41/3333: Clean accuracy 0.7073 | Adv accuracy: 0.0000 | Counter-attack accuracy: 0.0000
2026-02-12 19:54:20,341 - ADV_Generation_eps_1.0_steps_100_Added_Noise_gaussian_Sigma_0.01_Tau_Type_noisy_num_anchors_10 - INFO - Batch:[41] Adversarial images for this batch already exist
2026-02-12 19:54:20,676 - ADV_Generation_eps_1.0_steps_100_Added_Noise_gaussian_Sigma_0.01_Tau_Type_noisy_num_anchors_10 - INFO - Batch 42/3333: Clean accuracy 0.7143 | Adv accuracy: 0.0000 | Counter-attack accuracy: 0.0000
2026-02-12 19:54:20,677 - ADV_Generation_eps_1.0_steps_100_Added_Noise_gaussian_Sigma_0.01_Tau_Type_noisy_num_anchors_10 - INFO - Batch:[42] Adversarial images for this batch already exist
2026-02-12 19:54:21,005 - ADV_Generation_eps_1.0_steps_100_Added_Noise_gaussian_Sigma_0.01_Tau_Type_noisy_num_anchors_10 - INFO - Batch 43/3333: Clean accuracy 0.7209 | Adv accuracy: 0.0000 | Counter-attack accuracy: 0.0000
2026-02-12 19:54:21,006 - ADV_Generation_eps_1.0_steps_100_Added_Noise_gaussian_Sigma_0.01_Tau_Type_noisy_num_anchors_10 - INFO - Batch:[43] Adversarial images for this batch already exist
2026-02-12 19:54:21,342 - ADV_Generation_eps_1.0_steps_100_Added_Noise_gaussian_Sigma_0.01_Tau_Type_noisy_num_anchors_10 - INFO - Batch 44/3333: Clean accuracy 0.7273 | Adv accuracy: 0.0000 | Counter-attack accuracy: 0.0000
2026-02-12 19:54:21,344 - ADV_Generation_eps_1.0_steps_100_Added_Noise_gaussian_Sigma_0.01_Tau_Type_noisy_num_anchors_10 - INFO - Batch:[44] Adversarial images for this batch already exist
2026-02-12 19:54:21,690 - ADV_Generation_eps_1.0_steps_100_Added_Noise_gaussian_Sigma_0.01_Tau_Type_noisy_num_anchors_10 - INFO - Batch 45/3333: Clean accuracy 0.7111 | Adv accuracy: 0.0000 | Counter-attack accuracy: 0.0000
2026-02-12 19:54:21,691 - ADV_Generation_eps_1.0_steps_100_Added_Noise_gaussian_Sigma_0.01_Tau_Type_noisy_num_anchors_10 - INFO - Batch:[45] Adversarial images for this batch already exist
2026-02-12 19:54:22,020 - ADV_Generation_eps_1.0_steps_100_Added_Noise_gaussian_Sigma_0.01_Tau_Type_noisy_num_anchors_10 - INFO - Batch 46/3333: Clean accuracy 0.7174 | Adv accuracy: 0.0000 | Counter-attack accuracy: 0.0000
2026-02-12 19:54:22,021 - ADV_Generation_eps_1.0_steps_100_Added_Noise_gaussian_Sigma_0.01_Tau_Type_noisy_num_anchors_10 - INFO - Batch:[46] Adversarial images for this batch already exist
2026-02-12 19:54:22,350 - ADV_Generation_eps_1.0_steps_100_Added_Noise_gaussian_Sigma_0.01_Tau_Type_noisy_num_anchors_10 - INFO - Batch 47/3333: Clean accuracy 0.7234 | Adv accuracy: 0.0000 | Counter-attack accuracy: 0.0000
2026-02-12 19:54:22,352 - ADV_Generation_eps_1.0_steps_100_Added_Noise_gaussian_Sigma_0.01_Tau_Type_noisy_num_anchors_10 - INFO - Batch:[47] Adversarial images for this batch already exist
2026-02-12 19:54:22,685 - ADV_Generation_eps_1.0_steps_100_Added_Noise_gaussian_Sigma_0.01_Tau_Type_noisy_num_anchors_10 - INFO - Batch 48/3333: Clean accuracy 0.7083 | Adv accuracy: 0.0000 | Counter-attack accuracy: 0.0000
2026-02-12 19:54:22,686 - ADV_Generation_eps_1.0_steps_100_Added_Noise_gaussian_Sigma_0.01_Tau_Type_noisy_num_anchors_10 - INFO - Batch:[48] Adversarial images for this batch already exist
2026-02-12 19:54:23,023 - ADV_Generation_eps_1.0_steps_100_Added_Noise_gaussian_Sigma_0.01_Tau_Type_noisy_num_anchors_10 - INFO - Batch 49/3333: Clean accuracy 0.6939 | Adv accuracy: 0.0000 | Counter-attack accuracy: 0.0000
2026-02-12 19:54:23,024 - ADV_Generation_eps_1.0_steps_100_Added_Noise_gaussian_Sigma_0.01_Tau_Type_noisy_num_anchors_10 - INFO - Batch:[49] Adversarial images for this batch already exist
2026-02-12 19:54:23,367 - ADV_Generation_eps_1.0_steps_100_Added_Noise_gaussian_Sigma_0.01_Tau_Type_noisy_num_anchors_10 - INFO - Batch 50/3333: Clean accuracy 0.6800 | Adv accuracy: 0.0000 | Counter-attack accuracy: 0.0000
2026-02-12 19:54:23,368 - ADV_Generation_eps_1.0_steps_100_Added_Noise_gaussian_Sigma_0.01_Tau_Type_noisy_num_anchors_10 - INFO - Batch:[50] Adversarial images for this batch already exist
2026-02-12 19:54:23,696 - ADV_Generation_eps_1.0_steps_100_Added_Noise_gaussian_Sigma_0.01_Tau_Type_noisy_num_anchors_10 - INFO - Batch 51/3333: Clean accuracy 0.6667 | Adv accuracy: 0.0000 | Counter-attack accuracy: 0.0000
2026-02-12 19:54:23,698 - ADV_Generation_eps_1.0_steps_100_Added_Noise_gaussian_Sigma_0.01_Tau_Type_noisy_num_anchors_10 - INFO - Batch:[51] Adversarial images for this batch already exist
2026-02-12 19:54:24,024 - ADV_Generation_eps_1.0_steps_100_Added_Noise_gaussian_Sigma_0.01_Tau_Type_noisy_num_anchors_10 - INFO - Batch 52/3333: Clean accuracy 0.6731 | Adv accuracy: 0.0000 | Counter-attack accuracy: 0.0000
2026-02-12 19:54:24,025 - ADV_Generation_eps_1.0_steps_100_Added_Noise_gaussian_Sigma_0.01_Tau_Type_noisy_num_anchors_10 - INFO - Batch:[52] Adversarial images for this batch already exist
2026-02-12 19:54:24,351 - ADV_Generation_eps_1.0_steps_100_Added_Noise_gaussian_Sigma_0.01_Tau_Type_noisy_num_anchors_10 - INFO - Batch 53/3333: Clean accuracy 0.6792 | Adv accuracy: 0.0000 | Counter-attack accuracy: 0.0000
2026-02-12 19:54:24,352 - ADV_Generation_eps_1.0_steps_100_Added_Noise_gaussian_Sigma_0.01_Tau_Type_noisy_num_anchors_10 - INFO - Batch:[53] Adversarial images for this batch already exist
2026-02-12 19:54:24,677 - ADV_Generation_eps_1.0_steps_100_Added_Noise_gaussian_Sigma_0.01_Tau_Type_noisy_num_anchors_10 - INFO - Batch 54/3333: Clean accuracy 0.6667 | Adv accuracy: 0.0000 | Counter-attack accuracy: 0.0000
2026-02-12 19:54:24,678 - ADV_Generation_eps_1.0_steps_100_Added_Noise_gaussian_Sigma_0.01_Tau_Type_noisy_num_anchors_10 - INFO - Batch:[54] Adversarial images for this batch already exist
2026-02-12 19:54:25,006 - ADV_Generation_eps_1.0_steps_100_Added_Noise_gaussian_Sigma_0.01_Tau_Type_noisy_num_anchors_10 - INFO - Batch 55/3333: Clean accuracy 0.6545 | Adv accuracy: 0.0000 | Counter-attack accuracy: 0.0000
2026-02-12 19:54:25,008 - ADV_Generation_eps_1.0_steps_100_Added_Noise_gaussian_Sigma_0.01_Tau_Type_noisy_num_anchors_10 - INFO - Batch:[55] Adversarial images for this batch already exist
2026-02-12 19:54:25,329 - ADV_Generation_eps_1.0_steps_100_Added_Noise_gaussian_Sigma_0.01_Tau_Type_noisy_num_anchors_10 - INFO - Batch 56/3333: Clean accuracy 0.6607 | Adv accuracy: 0.0000 | Counter-attack accuracy: 0.0000
2026-02-12 19:54:25,330 - ADV_Generation_eps_1.0_steps_100_Added_Noise_gaussian_Sigma_0.01_Tau_Type_noisy_num_anchors_10 - INFO - Batch:[56] Adversarial images for this batch already exist
2026-02-12 19:54:25,659 - ADV_Generation_eps_1.0_steps_100_Added_Noise_gaussian_Sigma_0.01_Tau_Type_noisy_num_anchors_10 - INFO - Batch 57/3333: Clean accuracy 0.6667 | Adv accuracy: 0.0000 | Counter-attack accuracy: 0.0000
2026-02-12 19:54:25,660 - ADV_Generation_eps_1.0_steps_100_Added_Noise_gaussian_Sigma_0.01_Tau_Type_noisy_num_anchors_10 - INFO - Batch:[57] Adversarial images for this batch already exist
2026-02-12 19:54:26,005 - ADV_Generation_eps_1.0_steps_100_Added_Noise_gaussian_Sigma_0.01_Tau_Type_noisy_num_anchors_10 - INFO - Batch 58/3333: Clean accuracy 0.6724 | Adv accuracy: 0.0000 | Counter-attack accuracy: 0.0000
2026-02-12 19:54:26,007 - ADV_Generation_eps_1.0_steps_100_Added_Noise_gaussian_Sigma_0.01_Tau_Type_noisy_num_anchors_10 - INFO - Batch:[58] Adversarial images for this batch already exist
2026-02-12 19:54:26,334 - ADV_Generation_eps_1.0_steps_100_Added_Noise_gaussian_Sigma_0.01_Tau_Type_noisy_num_anchors_10 - INFO - Batch 59/3333: Clean accuracy 0.6780 | Adv accuracy: 0.0000 | Counter-attack accuracy: 0.0000
2026-02-12 19:54:26,335 - ADV_Generation_eps_1.0_steps_100_Added_Noise_gaussian_Sigma_0.01_Tau_Type_noisy_num_anchors_10 - INFO - Batch:[59] Adversarial images for this batch already exist
2026-02-12 19:54:26,668 - ADV_Generation_eps_1.0_steps_100_Added_Noise_gaussian_Sigma_0.01_Tau_Type_noisy_num_anchors_10 - INFO - Batch 60/3333: Clean accuracy 0.6833 | Adv accuracy: 0.0000 | Counter-attack accuracy: 0.0000
2026-02-12 19:54:26,669 - ADV_Generation_eps_1.0_steps_100_Added_Noise_gaussian_Sigma_0.01_Tau_Type_noisy_num_anchors_10 - INFO - Batch:[60] Adversarial images for this batch already exist
2026-02-12 19:54:26,991 - ADV_Generation_eps_1.0_steps_100_Added_Noise_gaussian_Sigma_0.01_Tau_Type_noisy_num_anchors_10 - INFO - Batch 61/3333: Clean accuracy 0.6721 | Adv accuracy: 0.0000 | Counter-attack accuracy: 0.0000
2026-02-12 19:54:26,992 - ADV_Generation_eps_1.0_steps_100_Added_Noise_gaussian_Sigma_0.01_Tau_Type_noisy_num_anchors_10 - INFO - Batch:[61] Adversarial images for this batch already exist
2026-02-12 19:54:27,324 - ADV_Generation_eps_1.0_steps_100_Added_Noise_gaussian_Sigma_0.01_Tau_Type_noisy_num_anchors_10 - INFO - Batch 62/3333: Clean accuracy 0.6774 | Adv accuracy: 0.0000 | Counter-attack accuracy: 0.0000
2026-02-12 19:54:27,325 - ADV_Generation_eps_1.0_steps_100_Added_Noise_gaussian_Sigma_0.01_Tau_Type_noisy_num_anchors_10 - INFO - Batch:[62] Adversarial images for this batch already exist
2026-02-12 19:54:27,653 - ADV_Generation_eps_1.0_steps_100_Added_Noise_gaussian_Sigma_0.01_Tau_Type_noisy_num_anchors_10 - INFO - Batch 63/3333: Clean accuracy 0.6825 | Adv accuracy: 0.0000 | Counter-attack accuracy: 0.0000
2026-02-12 19:54:27,653 - ADV_Generation_eps_1.0_steps_100_Added_Noise_gaussian_Sigma_0.01_Tau_Type_noisy_num_anchors_10 - INFO - Batch:[63] Adversarial images for this batch already exist
2026-02-12 19:54:27,992 - ADV_Generation_eps_1.0_steps_100_Added_Noise_gaussian_Sigma_0.01_Tau_Type_noisy_num_anchors_10 - INFO - Batch 64/3333: Clean accuracy 0.6875 | Adv accuracy: 0.0000 | Counter-attack accuracy: 0.0000
2026-02-12 19:54:27,994 - ADV_Generation_eps_1.0_steps_100_Added_Noise_gaussian_Sigma_0.01_Tau_Type_noisy_num_anchors_10 - INFO - Batch:[64] Adversarial images for this batch already exist
2026-02-12 19:54:28,338 - ADV_Generation_eps_1.0_steps_100_Added_Noise_gaussian_Sigma_0.01_Tau_Type_noisy_num_anchors_10 - INFO - Batch 65/3333: Clean accuracy 0.6923 | Adv accuracy: 0.0000 | Counter-attack accuracy: 0.0000
2026-02-12 19:54:28,339 - ADV_Generation_eps_1.0_steps_100_Added_Noise_gaussian_Sigma_0.01_Tau_Type_noisy_num_anchors_10 - INFO - Batch:[65] Adversarial images for this batch already exist
2026-02-12 19:54:28,662 - ADV_Generation_eps_1.0_steps_100_Added_Noise_gaussian_Sigma_0.01_Tau_Type_noisy_num_anchors_10 - INFO - Batch 66/3333: Clean accuracy 0.6818 | Adv accuracy: 0.0000 | Counter-attack accuracy: 0.0000
2026-02-12 19:54:28,663 - ADV_Generation_eps_1.0_steps_100_Added_Noise_gaussian_Sigma_0.01_Tau_Type_noisy_num_anchors_10 - INFO - Batch:[66] Adversarial images for this batch already exist
2026-02-12 19:54:28,993 - ADV_Generation_eps_1.0_steps_100_Added_Noise_gaussian_Sigma_0.01_Tau_Type_noisy_num_anchors_10 - INFO - Batch 67/3333: Clean accuracy 0.6866 | Adv accuracy: 0.0000 | Counter-attack accuracy: 0.0000
2026-02-12 19:54:28,994 - ADV_Generation_eps_1.0_steps_100_Added_Noise_gaussian_Sigma_0.01_Tau_Type_noisy_num_anchors_10 - INFO - Batch:[67] Adversarial images for this batch already exist
2026-02-12 19:54:29,322 - ADV_Generation_eps_1.0_steps_100_Added_Noise_gaussian_Sigma_0.01_Tau_Type_noisy_num_anchors_10 - INFO - Batch 68/3333: Clean accuracy 0.6912 | Adv accuracy: 0.0000 | Counter-attack accuracy: 0.0000
2026-02-12 19:54:29,324 - ADV_Generation_eps_1.0_steps_100_Added_Noise_gaussian_Sigma_0.01_Tau_Type_noisy_num_anchors_10 - INFO - Batch:[68] Adversarial images for this batch already exist
2026-02-12 19:54:29,662 - ADV_Generation_eps_1.0_steps_100_Added_Noise_gaussian_Sigma_0.01_Tau_Type_noisy_num_anchors_10 - INFO - Batch 69/3333: Clean accuracy 0.6957 | Adv accuracy: 0.0000 | Counter-attack accuracy: 0.0000
2026-02-12 19:54:29,663 - ADV_Generation_eps_1.0_steps_100_Added_Noise_gaussian_Sigma_0.01_Tau_Type_noisy_num_anchors_10 - INFO - Batch:[69] Adversarial images for this batch already exist
2026-02-12 19:54:29,990 - ADV_Generation_eps_1.0_steps_100_Added_Noise_gaussian_Sigma_0.01_Tau_Type_noisy_num_anchors_10 - INFO - Batch 70/3333: Clean accuracy 0.6857 | Adv accuracy: 0.0000 | Counter-attack accuracy: 0.0000
2026-02-12 19:54:29,991 - ADV_Generation_eps_1.0_steps_100_Added_Noise_gaussian_Sigma_0.01_Tau_Type_noisy_num_anchors_10 - INFO - Batch:[70] Adversarial images for this batch already exist
2026-02-12 19:54:30,333 - ADV_Generation_eps_1.0_steps_100_Added_Noise_gaussian_Sigma_0.01_Tau_Type_noisy_num_anchors_10 - INFO - Batch 71/3333: Clean accuracy 0.6761 | Adv accuracy: 0.0000 | Counter-attack accuracy: 0.0000
2026-02-12 19:54:30,334 - ADV_Generation_eps_1.0_steps_100_Added_Noise_gaussian_Sigma_0.01_Tau_Type_noisy_num_anchors_10 - INFO - Batch:[71] Adversarial images for this batch already exist
2026-02-12 19:54:30,661 - ADV_Generation_eps_1.0_steps_100_Added_Noise_gaussian_Sigma_0.01_Tau_Type_noisy_num_anchors_10 - INFO - Batch 72/3333: Clean accuracy 0.6806 | Adv accuracy: 0.0000 | Counter-attack accuracy: 0.0000
2026-02-12 19:54:30,662 - ADV_Generation_eps_1.0_steps_100_Added_Noise_gaussian_Sigma_0.01_Tau_Type_noisy_num_anchors_10 - INFO - Batch:[72] Adversarial images for this batch already exist
2026-02-12 19:54:31,006 - ADV_Generation_eps_1.0_steps_100_Added_Noise_gaussian_Sigma_0.01_Tau_Type_noisy_num_anchors_10 - INFO - Batch 73/3333: Clean accuracy 0.6849 | Adv accuracy: 0.0000 | Counter-attack accuracy: 0.0000
2026-02-12 19:54:31,007 - ADV_Generation_eps_1.0_steps_100_Added_Noise_gaussian_Sigma_0.01_Tau_Type_noisy_num_anchors_10 - INFO - Batch:[73] Adversarial images for this batch already exist
2026-02-12 19:54:31,344 - ADV_Generation_eps_1.0_steps_100_Added_Noise_gaussian_Sigma_0.01_Tau_Type_noisy_num_anchors_10 - INFO - Batch 74/3333: Clean accuracy 0.6892 | Adv accuracy: 0.0000 | Counter-attack accuracy: 0.0000
2026-02-12 19:54:31,345 - ADV_Generation_eps_1.0_steps_100_Added_Noise_gaussian_Sigma_0.01_Tau_Type_noisy_num_anchors_10 - INFO - Batch:[74] Adversarial images for this batch already exist
2026-02-12 19:54:31,671 - ADV_Generation_eps_1.0_steps_100_Added_Noise_gaussian_Sigma_0.01_Tau_Type_noisy_num_anchors_10 - INFO - Batch 75/3333: Clean accuracy 0.6800 | Adv accuracy: 0.0000 | Counter-attack accuracy: 0.0000
2026-02-12 19:54:31,673 - ADV_Generation_eps_1.0_steps_100_Added_Noise_gaussian_Sigma_0.01_Tau_Type_noisy_num_anchors_10 - INFO - Batch:[75] Adversarial images for this batch already exist
2026-02-12 19:54:32,001 - ADV_Generation_eps_1.0_steps_100_Added_Noise_gaussian_Sigma_0.01_Tau_Type_noisy_num_anchors_10 - INFO - Batch 76/3333: Clean accuracy 0.6711 | Adv accuracy: 0.0000 | Counter-attack accuracy: 0.0000
2026-02-12 19:54:32,002 - ADV_Generation_eps_1.0_steps_100_Added_Noise_gaussian_Sigma_0.01_Tau_Type_noisy_num_anchors_10 - INFO - Batch:[76] Adversarial images for this batch already exist
2026-02-12 19:54:32,330 - ADV_Generation_eps_1.0_steps_100_Added_Noise_gaussian_Sigma_0.01_Tau_Type_noisy_num_anchors_10 - INFO - Batch 77/3333: Clean accuracy 0.6753 | Adv accuracy: 0.0000 | Counter-attack accuracy: 0.0000
2026-02-12 19:54:32,332 - ADV_Generation_eps_1.0_steps_100_Added_Noise_gaussian_Sigma_0.01_Tau_Type_noisy_num_anchors_10 - INFO - Batch:[77] Adversarial images for this batch already exist
2026-02-12 19:54:32,656 - ADV_Generation_eps_1.0_steps_100_Added_Noise_gaussian_Sigma_0.01_Tau_Type_noisy_num_anchors_10 - INFO - Batch 78/3333: Clean accuracy 0.6795 | Adv accuracy: 0.0000 | Counter-attack accuracy: 0.0000
2026-02-12 19:54:32,657 - ADV_Generation_eps_1.0_steps_100_Added_Noise_gaussian_Sigma_0.01_Tau_Type_noisy_num_anchors_10 - INFO - Batch:[78] Adversarial images for this batch already exist
2026-02-12 19:54:32,984 - ADV_Generation_eps_1.0_steps_100_Added_Noise_gaussian_Sigma_0.01_Tau_Type_noisy_num_anchors_10 - INFO - Batch 79/3333: Clean accuracy 0.6835 | Adv accuracy: 0.0000 | Counter-attack accuracy: 0.0000
2026-02-12 19:54:32,985 - ADV_Generation_eps_1.0_steps_100_Added_Noise_gaussian_Sigma_0.01_Tau_Type_noisy_num_anchors_10 - INFO - Batch:[79] Adversarial images for this batch already exist
2026-02-12 19:54:33,312 - ADV_Generation_eps_1.0_steps_100_Added_Noise_gaussian_Sigma_0.01_Tau_Type_noisy_num_anchors_10 - INFO - Batch 80/3333: Clean accuracy 0.6875 | Adv accuracy: 0.0000 | Counter-attack accuracy: 0.0000
2026-02-12 19:54:33,313 - ADV_Generation_eps_1.0_steps_100_Added_Noise_gaussian_Sigma_0.01_Tau_Type_noisy_num_anchors_10 - INFO - Batch:[80] Adversarial images for this batch already exist
2026-02-12 19:54:33,638 - ADV_Generation_eps_1.0_steps_100_Added_Noise_gaussian_Sigma_0.01_Tau_Type_noisy_num_anchors_10 - INFO - Batch 81/3333: Clean accuracy 0.6914 | Adv accuracy: 0.0000 | Counter-attack accuracy: 0.0000
2026-02-12 19:54:33,639 - ADV_Generation_eps_1.0_steps_100_Added_Noise_gaussian_Sigma_0.01_Tau_Type_noisy_num_anchors_10 - INFO - Batch:[81] Adversarial images for this batch already exist
2026-02-12 19:54:33,969 - ADV_Generation_eps_1.0_steps_100_Added_Noise_gaussian_Sigma_0.01_Tau_Type_noisy_num_anchors_10 - INFO - Batch 82/3333: Clean accuracy 0.6829 | Adv accuracy: 0.0000 | Counter-attack accuracy: 0.0000
2026-02-12 19:54:33,970 - ADV_Generation_eps_1.0_steps_100_Added_Noise_gaussian_Sigma_0.01_Tau_Type_noisy_num_anchors_10 - INFO - Batch:[82] Adversarial images for this batch already exist
2026-02-12 19:54:34,300 - ADV_Generation_eps_1.0_steps_100_Added_Noise_gaussian_Sigma_0.01_Tau_Type_noisy_num_anchors_10 - INFO - Batch 83/3333: Clean accuracy 0.6747 | Adv accuracy: 0.0000 | Counter-attack accuracy: 0.0000
2026-02-12 19:54:34,301 - ADV_Generation_eps_1.0_steps_100_Added_Noise_gaussian_Sigma_0.01_Tau_Type_noisy_num_anchors_10 - INFO - Batch:[83] Adversarial images for this batch already exist
2026-02-12 19:54:34,619 - ADV_Generation_eps_1.0_steps_100_Added_Noise_gaussian_Sigma_0.01_Tau_Type_noisy_num_anchors_10 - INFO - Batch 84/3333: Clean accuracy 0.6667 | Adv accuracy: 0.0000 | Counter-attack accuracy: 0.0000
2026-02-12 19:54:34,620 - ADV_Generation_eps_1.0_steps_100_Added_Noise_gaussian_Sigma_0.01_Tau_Type_noisy_num_anchors_10 - INFO - Batch:[84] Adversarial images for this batch already exist
2026-02-12 19:54:34,950 - ADV_Generation_eps_1.0_steps_100_Added_Noise_gaussian_Sigma_0.01_Tau_Type_noisy_num_anchors_10 - INFO - Batch 85/3333: Clean accuracy 0.6706 | Adv accuracy: 0.0000 | Counter-attack accuracy: 0.0000
2026-02-12 19:54:34,951 - ADV_Generation_eps_1.0_steps_100_Added_Noise_gaussian_Sigma_0.01_Tau_Type_noisy_num_anchors_10 - INFO - Batch:[85] Adversarial images for this batch already exist
2026-02-12 19:54:35,274 - ADV_Generation_eps_1.0_steps_100_Added_Noise_gaussian_Sigma_0.01_Tau_Type_noisy_num_anchors_10 - INFO - Batch 86/3333: Clean accuracy 0.6744 | Adv accuracy: 0.0000 | Counter-attack accuracy: 0.0000
2026-02-12 19:54:35,275 - ADV_Generation_eps_1.0_steps_100_Added_Noise_gaussian_Sigma_0.01_Tau_Type_noisy_num_anchors_10 - INFO - Batch:[86] Adversarial images for this batch already exist
2026-02-12 19:54:35,611 - ADV_Generation_eps_1.0_steps_100_Added_Noise_gaussian_Sigma_0.01_Tau_Type_noisy_num_anchors_10 - INFO - Batch 87/3333: Clean accuracy 0.6782 | Adv accuracy: 0.0000 | Counter-attack accuracy: 0.0000
2026-02-12 19:54:35,612 - ADV_Generation_eps_1.0_steps_100_Added_Noise_gaussian_Sigma_0.01_Tau_Type_noisy_num_anchors_10 - INFO - Batch:[87] Adversarial images for this batch already exist
2026-02-12 19:54:35,945 - ADV_Generation_eps_1.0_steps_100_Added_Noise_gaussian_Sigma_0.01_Tau_Type_noisy_num_anchors_10 - INFO - Batch 88/3333: Clean accuracy 0.6705 | Adv accuracy: 0.0000 | Counter-attack accuracy: 0.0000
2026-02-12 19:54:35,946 - ADV_Generation_eps_1.0_steps_100_Added_Noise_gaussian_Sigma_0.01_Tau_Type_noisy_num_anchors_10 - INFO - Batch:[88] Adversarial images for this batch already exist
2026-02-12 19:54:36,277 - ADV_Generation_eps_1.0_steps_100_Added_Noise_gaussian_Sigma_0.01_Tau_Type_noisy_num_anchors_10 - INFO - Batch 89/3333: Clean accuracy 0.6742 | Adv accuracy: 0.0000 | Counter-attack accuracy: 0.0000
2026-02-12 19:54:36,278 - ADV_Generation_eps_1.0_steps_100_Added_Noise_gaussian_Sigma_0.01_Tau_Type_noisy_num_anchors_10 - INFO - Batch:[89] Adversarial images for this batch already exist
2026-02-12 19:54:36,605 - ADV_Generation_eps_1.0_steps_100_Added_Noise_gaussian_Sigma_0.01_Tau_Type_noisy_num_anchors_10 - INFO - Batch 90/3333: Clean accuracy 0.6778 | Adv accuracy: 0.0000 | Counter-attack accuracy: 0.0000
2026-02-12 19:54:36,606 - ADV_Generation_eps_1.0_steps_100_Added_Noise_gaussian_Sigma_0.01_Tau_Type_noisy_num_anchors_10 - INFO - Batch:[90] Adversarial images for this batch already exist
2026-02-12 19:54:36,941 - ADV_Generation_eps_1.0_steps_100_Added_Noise_gaussian_Sigma_0.01_Tau_Type_noisy_num_anchors_10 - INFO - Batch 91/3333: Clean accuracy 0.6813 | Adv accuracy: 0.0000 | Counter-attack accuracy: 0.0000
2026-02-12 19:54:36,942 - ADV_Generation_eps_1.0_steps_100_Added_Noise_gaussian_Sigma_0.01_Tau_Type_noisy_num_anchors_10 - INFO - Batch:[91] Adversarial images for this batch already exist
2026-02-12 19:54:37,270 - ADV_Generation_eps_1.0_steps_100_Added_Noise_gaussian_Sigma_0.01_Tau_Type_noisy_num_anchors_10 - INFO - Batch 92/3333: Clean accuracy 0.6848 | Adv accuracy: 0.0000 | Counter-attack accuracy: 0.0000
2026-02-12 19:54:37,271 - ADV_Generation_eps_1.0_steps_100_Added_Noise_gaussian_Sigma_0.01_Tau_Type_noisy_num_anchors_10 - INFO - Batch:[92] Adversarial images for this batch already exist
2026-02-12 19:54:37,611 - ADV_Generation_eps_1.0_steps_100_Added_Noise_gaussian_Sigma_0.01_Tau_Type_noisy_num_anchors_10 - INFO - Batch 93/3333: Clean accuracy 0.6882 | Adv accuracy: 0.0000 | Counter-attack accuracy: 0.0000
2026-02-12 19:54:37,612 - ADV_Generation_eps_1.0_steps_100_Added_Noise_gaussian_Sigma_0.01_Tau_Type_noisy_num_anchors_10 - INFO - Batch:[93] Adversarial images for this batch already exist
2026-02-12 19:54:37,940 - ADV_Generation_eps_1.0_steps_100_Added_Noise_gaussian_Sigma_0.01_Tau_Type_noisy_num_anchors_10 - INFO - Batch 94/3333: Clean accuracy 0.6809 | Adv accuracy: 0.0000 | Counter-attack accuracy: 0.0000
2026-02-12 19:54:37,941 - ADV_Generation_eps_1.0_steps_100_Added_Noise_gaussian_Sigma_0.01_Tau_Type_noisy_num_anchors_10 - INFO - Batch:[94] Adversarial images for this batch already exist
2026-02-12 19:54:38,268 - ADV_Generation_eps_1.0_steps_100_Added_Noise_gaussian_Sigma_0.01_Tau_Type_noisy_num_anchors_10 - INFO - Batch 95/3333: Clean accuracy 0.6737 | Adv accuracy: 0.0000 | Counter-attack accuracy: 0.0000
2026-02-12 19:54:38,269 - ADV_Generation_eps_1.0_steps_100_Added_Noise_gaussian_Sigma_0.01_Tau_Type_noisy_num_anchors_10 - INFO - Batch:[95] Adversarial images for this batch already exist
2026-02-12 19:54:38,596 - ADV_Generation_eps_1.0_steps_100_Added_Noise_gaussian_Sigma_0.01_Tau_Type_noisy_num_anchors_10 - INFO - Batch 96/3333: Clean accuracy 0.6771 | Adv accuracy: 0.0000 | Counter-attack accuracy: 0.0000
2026-02-12 19:54:38,597 - ADV_Generation_eps_1.0_steps_100_Added_Noise_gaussian_Sigma_0.01_Tau_Type_noisy_num_anchors_10 - INFO - Batch:[96] Adversarial images for this batch already exist
2026-02-12 19:54:38,930 - ADV_Generation_eps_1.0_steps_100_Added_Noise_gaussian_Sigma_0.01_Tau_Type_noisy_num_anchors_10 - INFO - Batch 97/3333: Clean accuracy 0.6804 | Adv accuracy: 0.0000 | Counter-attack accuracy: 0.0000
2026-02-12 19:54:38,931 - ADV_Generation_eps_1.0_steps_100_Added_Noise_gaussian_Sigma_0.01_Tau_Type_noisy_num_anchors_10 - INFO - Batch:[97] Adversarial images for this batch already exist
2026-02-12 19:54:39,277 - ADV_Generation_eps_1.0_steps_100_Added_Noise_gaussian_Sigma_0.01_Tau_Type_noisy_num_anchors_10 - INFO - Batch 98/3333: Clean accuracy 0.6837 | Adv accuracy: 0.0000 | Counter-attack accuracy: 0.0000
2026-02-12 19:54:39,278 - ADV_Generation_eps_1.0_steps_100_Added_Noise_gaussian_Sigma_0.01_Tau_Type_noisy_num_anchors_10 - INFO - Batch:[98] Adversarial images for this batch already exist
2026-02-12 19:54:39,638 - ADV_Generation_eps_1.0_steps_100_Added_Noise_gaussian_Sigma_0.01_Tau_Type_noisy_num_anchors_10 - INFO - Batch 99/3333: Clean accuracy 0.6768 | Adv accuracy: 0.0000 | Counter-attack accuracy: 0.0000
2026-02-12 19:54:39,639 - ADV_Generation_eps_1.0_steps_100_Added_Noise_gaussian_Sigma_0.01_Tau_Type_noisy_num_anchors_10 - INFO - Batch:[99] Adversarial images for this batch already exist
2026-02-12 19:54:39,972 - ADV_Generation_eps_1.0_steps_100_Added_Noise_gaussian_Sigma_0.01_Tau_Type_noisy_num_anchors_10 - INFO - Batch 100/3333: Clean accuracy 0.6800 | Adv accuracy: 0.0000 | Counter-attack accuracy: 0.0000
2026-02-12 19:54:39,974 - ADV_Generation_eps_1.0_steps_100_Added_Noise_gaussian_Sigma_0.01_Tau_Type_noisy_num_anchors_10 - INFO - Batch:[100] Adversarial images for this batch already exist
2026-02-12 19:54:40,315 - ADV_Generation_eps_1.0_steps_100_Added_Noise_gaussian_Sigma_0.01_Tau_Type_noisy_num_anchors_10 - INFO - Batch 101/3333: Clean accuracy 0.6733 | Adv accuracy: 0.0000 | Counter-attack accuracy: 0.0000
2026-02-12 19:54:40,316 - ADV_Generation_eps_1.0_steps_100_Added_Noise_gaussian_Sigma_0.01_Tau_Type_noisy_num_anchors_10 - INFO - Batch:[101] Adversarial images for this batch already exist
2026-02-12 19:54:40,644 - ADV_Generation_eps_1.0_steps_100_Added_Noise_gaussian_Sigma_0.01_Tau_Type_noisy_num_anchors_10 - INFO - Batch 102/3333: Clean accuracy 0.6667 | Adv accuracy: 0.0000 | Counter-attack accuracy: 0.0000
2026-02-12 19:54:40,645 - ADV_Generation_eps_1.0_steps_100_Added_Noise_gaussian_Sigma_0.01_Tau_Type_noisy_num_anchors_10 - INFO - Batch:[102] Adversarial images for this batch already exist
2026-02-12 19:54:40,969 - ADV_Generation_eps_1.0_steps_100_Added_Noise_gaussian_Sigma_0.01_Tau_Type_noisy_num_anchors_10 - INFO - Batch 103/3333: Clean accuracy 0.6602 | Adv accuracy: 0.0000 | Counter-attack accuracy: 0.0000
2026-02-12 19:54:40,970 - ADV_Generation_eps_1.0_steps_100_Added_Noise_gaussian_Sigma_0.01_Tau_Type_noisy_num_anchors_10 - INFO - Batch:[103] Adversarial images for this batch already exist
2026-02-12 19:54:41,298 - ADV_Generation_eps_1.0_steps_100_Added_Noise_gaussian_Sigma_0.01_Tau_Type_noisy_num_anchors_10 - INFO - Batch 104/3333: Clean accuracy 0.6538 | Adv accuracy: 0.0000 | Counter-attack accuracy: 0.0000
2026-02-12 19:54:41,299 - ADV_Generation_eps_1.0_steps_100_Added_Noise_gaussian_Sigma_0.01_Tau_Type_noisy_num_anchors_10 - INFO - Batch:[104] Adversarial images for this batch already exist
2026-02-12 19:54:41,633 - ADV_Generation_eps_1.0_steps_100_Added_Noise_gaussian_Sigma_0.01_Tau_Type_noisy_num_anchors_10 - INFO - Batch 105/3333: Clean accuracy 0.6476 | Adv accuracy: 0.0000 | Counter-attack accuracy: 0.0000
2026-02-12 19:54:41,634 - ADV_Generation_eps_1.0_steps_100_Added_Noise_gaussian_Sigma_0.01_Tau_Type_noisy_num_anchors_10 - INFO - Batch:[105] Adversarial images for this batch already exist
2026-02-12 19:54:41,964 - ADV_Generation_eps_1.0_steps_100_Added_Noise_gaussian_Sigma_0.01_Tau_Type_noisy_num_anchors_10 - INFO - Batch 106/3333: Clean accuracy 0.6415 | Adv accuracy: 0.0000 | Counter-attack accuracy: 0.0000
2026-02-12 19:54:41,965 - ADV_Generation_eps_1.0_steps_100_Added_Noise_gaussian_Sigma_0.01_Tau_Type_noisy_num_anchors_10 - INFO - Batch:[106] Adversarial images for this batch already exist
2026-02-12 19:54:42,292 - ADV_Generation_eps_1.0_steps_100_Added_Noise_gaussian_Sigma_0.01_Tau_Type_noisy_num_anchors_10 - INFO - Batch 107/3333: Clean accuracy 0.6355 | Adv accuracy: 0.0000 | Counter-attack accuracy: 0.0000
2026-02-12 19:54:42,293 - ADV_Generation_eps_1.0_steps_100_Added_Noise_gaussian_Sigma_0.01_Tau_Type_noisy_num_anchors_10 - INFO - Batch:[107] Adversarial images for this batch already exist
2026-02-12 19:54:42,623 - ADV_Generation_eps_1.0_steps_100_Added_Noise_gaussian_Sigma_0.01_Tau_Type_noisy_num_anchors_10 - INFO - Batch 108/3333: Clean accuracy 0.6296 | Adv accuracy: 0.0000 | Counter-attack accuracy: 0.0000
2026-02-12 19:54:42,624 - ADV_Generation_eps_1.0_steps_100_Added_Noise_gaussian_Sigma_0.01_Tau_Type_noisy_num_anchors_10 - INFO - Batch:[108] Adversarial images for this batch already exist
2026-02-12 19:54:42,967 - ADV_Generation_eps_1.0_steps_100_Added_Noise_gaussian_Sigma_0.01_Tau_Type_noisy_num_anchors_10 - INFO - Batch 109/3333: Clean accuracy 0.6239 | Adv accuracy: 0.0000 | Counter-attack accuracy: 0.0000
2026-02-12 19:54:42,968 - ADV_Generation_eps_1.0_steps_100_Added_Noise_gaussian_Sigma_0.01_Tau_Type_noisy_num_anchors_10 - INFO - Batch:[109] Adversarial images for this batch already exist
2026-02-12 19:54:43,368 - ADV_Generation_eps_1.0_steps_100_Added_Noise_gaussian_Sigma_0.01_Tau_Type_noisy_num_anchors_10 - INFO - Batch 110/3333: Clean accuracy 0.6182 | Adv accuracy: 0.0000 | Counter-attack accuracy: 0.0000
2026-02-12 19:54:43,369 - ADV_Generation_eps_1.0_steps_100_Added_Noise_gaussian_Sigma_0.01_Tau_Type_noisy_num_anchors_10 - INFO - Batch:[110] Adversarial images for this batch already exist
2026-02-12 19:54:43,701 - ADV_Generation_eps_1.0_steps_100_Added_Noise_gaussian_Sigma_0.01_Tau_Type_noisy_num_anchors_10 - INFO - Batch 111/3333: Clean accuracy 0.6126 | Adv accuracy: 0.0000 | Counter-attack accuracy: 0.0000
2026-02-12 19:54:43,702 - ADV_Generation_eps_1.0_steps_100_Added_Noise_gaussian_Sigma_0.01_Tau_Type_noisy_num_anchors_10 - INFO - Batch:[111] Adversarial images for this batch already exist
