2026-02-12 11:14:15,375 - ADV_Generation_eps_8.0_steps_100_Added_Noise_uniform_Eps_16.0_Tau_Type_normal_anchors_num_anchors_10 - INFO - ==========================================
data:/leonardo_work/EUHPC_R04_192/fmohamma/Adversarial_Robust_Clip/atpt_data/downstream_datasets
test_sets:eurosat
dataset_mode:test
arch:vit_l_14_datacomp_1b
resolution:224
transferability:False
source_model:fare4
workers:4
no_pin_memory:False
batch_size:1
adv_bs:1
print_freq:20
gpu:0
no_cudnn_benchmark:False
n_ctx:4
ctx_init:a_photo_of_a
seed:0
output_dir:/leonardo_work/EUHPC_R04_192/fmohamma/Adversarial_Robust_Clip/atpt_data/vit_l_14_datacomp_1b/eurosat
log_output_dir:/leonardo_work/EUHPC_R04_192/fmohamma/Adversarial_Robust_Clip/ATPT/Diffratio_v3/vit_l_14_datacomp_1b/eurosat/ADV_Generation_eps_8.0_steps_100_Added_Noise_uniform_Eps_16.0_Tau_Type_normal_anchors_num_anchors_10
image_only_attack:False
image_only_attack_type:prm
image_predicted_label_attack:False
eps:8.0
alpha:2.0
alpha_eps_ratio:4.0
steps:100
counter_attack:True
counter_attack_type:pgd
counter_attack_steps:0
counter_attack_eps:16.0
counter_attack_alpha:1.0
counter_attack_tau_thres:0.2
counter_attack_beta:2.0
counter_attack_weighted_perturbations:True
counter_attack_init_noise:uniform
counter_attack_gaussian_sigma:0.03
counter_attack_noisy_tau_num_anchors:10
counter_attack_tau:normal_anchors
pgd_clip_pure_i_text_embeddings:null
pgd_counter_and_clipure_i_lamda:1.0
image_feature_purify:False
image_feature_purify_type:noisy_anchor
image_feature_purify_noisy_anchors:10
image_feature_purify_anchors_alpha:1.2
image_feature_purify_noisy_sigma:0.18
image_feature_purify_diff_threshold:0.0
image_feature_clipure_steps:10
image_feature_clipure_step_size:10.0
save_plots:False
lr:0.005
selection_p:0.1
tta_steps:1
top_k:20
softmax_temp:0.01
load_tecoa:

2026-02-12 11:14:15,376 - ADV_Generation_eps_8.0_steps_100_Added_Noise_uniform_Eps_16.0_Tau_Type_normal_anchors_num_anchors_10 - INFO - Use GPU: 0 for training
2026-02-12 11:15:16,356 - ADV_Generation_eps_8.0_steps_100_Added_Noise_uniform_Eps_16.0_Tau_Type_normal_anchors_num_anchors_10 - INFO - => Model created: visual backbone vit_l_14_datacomp_1b
2026-02-12 11:15:16,398 - ADV_Generation_eps_8.0_steps_100_Added_Noise_uniform_Eps_16.0_Tau_Type_normal_anchors_num_anchors_10 - INFO - Number of test samples: 8100
2026-02-12 11:15:16,398 - ADV_Generation_eps_8.0_steps_100_Added_Noise_uniform_Eps_16.0_Tau_Type_normal_anchors_num_anchors_10 - INFO - Evaluating dataset: eurosat
2026-02-12 11:15:16,399 - ADV_Generation_eps_8.0_steps_100_Added_Noise_uniform_Eps_16.0_Tau_Type_normal_anchors_num_anchors_10 - INFO - Starting evaluation with batch size: 1, selection percentage: 0.1
2026-02-12 11:15:16,399 - ADV_Generation_eps_8.0_steps_100_Added_Noise_uniform_Eps_16.0_Tau_Type_normal_anchors_num_anchors_10 - INFO - Using counter-attack with epsilon: 16.000000, alpha: 1.000000, steps: 0
2026-02-12 11:15:16,399 - ADV_Generation_eps_8.0_steps_100_Added_Noise_uniform_Eps_16.0_Tau_Type_normal_anchors_num_anchors_10 - INFO - Adversarial examples will be loaded from /leonardo_work/EUHPC_R04_192/fmohamma/Adversarial_Robust_Clip/atpt_data/vit_l_14_datacomp_1b/eurosat/adv_images_eps_8.0_alpha_2.0_steps_100 and evaluated on vit_l_14_datacomp_1b
2026-02-12 11:15:16,400 - ADV_Generation_eps_8.0_steps_100_Added_Noise_uniform_Eps_16.0_Tau_Type_normal_anchors_num_anchors_10 - INFO - Using directory for adversarial images: /leonardo_work/EUHPC_R04_192/fmohamma/Adversarial_Robust_Clip/atpt_data/vit_l_14_datacomp_1b/eurosat/adv_images_eps_8.0_alpha_2.0_steps_100
2026-02-12 11:15:16,647 - ADV_Generation_eps_8.0_steps_100_Added_Noise_uniform_Eps_16.0_Tau_Type_normal_anchors_num_anchors_10 - INFO - Batch:[0] Adversarial images for this batch already exist
2026-02-12 11:15:17,338 - ADV_Generation_eps_8.0_steps_100_Added_Noise_uniform_Eps_16.0_Tau_Type_normal_anchors_num_anchors_10 - INFO - Batch 1/8100: Clean accuracy 1.0000 | Adv accuracy: 0.0000 | Counter-attack accuracy: 0.0000
2026-02-12 11:15:17,339 - ADV_Generation_eps_8.0_steps_100_Added_Noise_uniform_Eps_16.0_Tau_Type_normal_anchors_num_anchors_10 - INFO - Batch:[1] Adversarial images for this batch already exist
2026-02-12 11:15:17,557 - ADV_Generation_eps_8.0_steps_100_Added_Noise_uniform_Eps_16.0_Tau_Type_normal_anchors_num_anchors_10 - INFO - Batch 2/8100: Clean accuracy 0.5000 | Adv accuracy: 0.0000 | Counter-attack accuracy: 0.0000
2026-02-12 11:15:17,559 - ADV_Generation_eps_8.0_steps_100_Added_Noise_uniform_Eps_16.0_Tau_Type_normal_anchors_num_anchors_10 - INFO - Batch:[2] Adversarial images for this batch already exist
2026-02-12 11:15:17,769 - ADV_Generation_eps_8.0_steps_100_Added_Noise_uniform_Eps_16.0_Tau_Type_normal_anchors_num_anchors_10 - INFO - Batch 3/8100: Clean accuracy 0.3333 | Adv accuracy: 0.0000 | Counter-attack accuracy: 0.0000
2026-02-12 11:15:17,770 - ADV_Generation_eps_8.0_steps_100_Added_Noise_uniform_Eps_16.0_Tau_Type_normal_anchors_num_anchors_10 - INFO - Batch:[3] Adversarial images for this batch already exist
2026-02-12 11:15:17,979 - ADV_Generation_eps_8.0_steps_100_Added_Noise_uniform_Eps_16.0_Tau_Type_normal_anchors_num_anchors_10 - INFO - Batch 4/8100: Clean accuracy 0.2500 | Adv accuracy: 0.0000 | Counter-attack accuracy: 0.0000
2026-02-12 11:15:17,980 - ADV_Generation_eps_8.0_steps_100_Added_Noise_uniform_Eps_16.0_Tau_Type_normal_anchors_num_anchors_10 - INFO - Batch:[4] Adversarial images for this batch already exist
2026-02-12 11:15:18,196 - ADV_Generation_eps_8.0_steps_100_Added_Noise_uniform_Eps_16.0_Tau_Type_normal_anchors_num_anchors_10 - INFO - Batch 5/8100: Clean accuracy 0.2000 | Adv accuracy: 0.0000 | Counter-attack accuracy: 0.0000
2026-02-12 11:15:18,197 - ADV_Generation_eps_8.0_steps_100_Added_Noise_uniform_Eps_16.0_Tau_Type_normal_anchors_num_anchors_10 - INFO - Batch:[5] Adversarial images for this batch already exist
2026-02-12 11:15:18,409 - ADV_Generation_eps_8.0_steps_100_Added_Noise_uniform_Eps_16.0_Tau_Type_normal_anchors_num_anchors_10 - INFO - Batch 6/8100: Clean accuracy 0.1667 | Adv accuracy: 0.0000 | Counter-attack accuracy: 0.0000
2026-02-12 11:15:18,410 - ADV_Generation_eps_8.0_steps_100_Added_Noise_uniform_Eps_16.0_Tau_Type_normal_anchors_num_anchors_10 - INFO - Batch:[6] Adversarial images for this batch already exist
2026-02-12 11:15:18,633 - ADV_Generation_eps_8.0_steps_100_Added_Noise_uniform_Eps_16.0_Tau_Type_normal_anchors_num_anchors_10 - INFO - Batch 7/8100: Clean accuracy 0.2857 | Adv accuracy: 0.0000 | Counter-attack accuracy: 0.0000
2026-02-12 11:15:18,634 - ADV_Generation_eps_8.0_steps_100_Added_Noise_uniform_Eps_16.0_Tau_Type_normal_anchors_num_anchors_10 - INFO - Batch:[7] Adversarial images for this batch already exist
2026-02-12 11:15:18,866 - ADV_Generation_eps_8.0_steps_100_Added_Noise_uniform_Eps_16.0_Tau_Type_normal_anchors_num_anchors_10 - INFO - Batch 8/8100: Clean accuracy 0.2500 | Adv accuracy: 0.0000 | Counter-attack accuracy: 0.0000
2026-02-12 11:15:18,867 - ADV_Generation_eps_8.0_steps_100_Added_Noise_uniform_Eps_16.0_Tau_Type_normal_anchors_num_anchors_10 - INFO - Batch:[8] Adversarial images for this batch already exist
2026-02-12 11:15:19,083 - ADV_Generation_eps_8.0_steps_100_Added_Noise_uniform_Eps_16.0_Tau_Type_normal_anchors_num_anchors_10 - INFO - Batch 9/8100: Clean accuracy 0.3333 | Adv accuracy: 0.0000 | Counter-attack accuracy: 0.0000
2026-02-12 11:15:19,083 - ADV_Generation_eps_8.0_steps_100_Added_Noise_uniform_Eps_16.0_Tau_Type_normal_anchors_num_anchors_10 - INFO - Batch:[9] Adversarial images for this batch already exist
2026-02-12 11:15:19,298 - ADV_Generation_eps_8.0_steps_100_Added_Noise_uniform_Eps_16.0_Tau_Type_normal_anchors_num_anchors_10 - INFO - Batch 10/8100: Clean accuracy 0.3000 | Adv accuracy: 0.0000 | Counter-attack accuracy: 0.0000
2026-02-12 11:15:19,299 - ADV_Generation_eps_8.0_steps_100_Added_Noise_uniform_Eps_16.0_Tau_Type_normal_anchors_num_anchors_10 - INFO - Batch:[10] Adversarial images for this batch already exist
2026-02-12 11:15:19,504 - ADV_Generation_eps_8.0_steps_100_Added_Noise_uniform_Eps_16.0_Tau_Type_normal_anchors_num_anchors_10 - INFO - Batch 11/8100: Clean accuracy 0.2727 | Adv accuracy: 0.0000 | Counter-attack accuracy: 0.0000
2026-02-12 11:15:19,505 - ADV_Generation_eps_8.0_steps_100_Added_Noise_uniform_Eps_16.0_Tau_Type_normal_anchors_num_anchors_10 - INFO - Batch:[11] Adversarial images for this batch already exist
2026-02-12 11:15:19,721 - ADV_Generation_eps_8.0_steps_100_Added_Noise_uniform_Eps_16.0_Tau_Type_normal_anchors_num_anchors_10 - INFO - Batch 12/8100: Clean accuracy 0.2500 | Adv accuracy: 0.0000 | Counter-attack accuracy: 0.0000
2026-02-12 11:15:19,723 - ADV_Generation_eps_8.0_steps_100_Added_Noise_uniform_Eps_16.0_Tau_Type_normal_anchors_num_anchors_10 - INFO - Batch:[12] Adversarial images for this batch already exist
2026-02-12 11:15:19,935 - ADV_Generation_eps_8.0_steps_100_Added_Noise_uniform_Eps_16.0_Tau_Type_normal_anchors_num_anchors_10 - INFO - Batch 13/8100: Clean accuracy 0.3077 | Adv accuracy: 0.0000 | Counter-attack accuracy: 0.0769
2026-02-12 11:15:19,936 - ADV_Generation_eps_8.0_steps_100_Added_Noise_uniform_Eps_16.0_Tau_Type_normal_anchors_num_anchors_10 - INFO - Batch:[13] Adversarial images for this batch already exist
2026-02-12 11:15:20,150 - ADV_Generation_eps_8.0_steps_100_Added_Noise_uniform_Eps_16.0_Tau_Type_normal_anchors_num_anchors_10 - INFO - Batch 14/8100: Clean accuracy 0.2857 | Adv accuracy: 0.0000 | Counter-attack accuracy: 0.0714
2026-02-12 11:15:20,150 - ADV_Generation_eps_8.0_steps_100_Added_Noise_uniform_Eps_16.0_Tau_Type_normal_anchors_num_anchors_10 - INFO - Batch:[14] Adversarial images for this batch already exist
2026-02-12 11:15:20,358 - ADV_Generation_eps_8.0_steps_100_Added_Noise_uniform_Eps_16.0_Tau_Type_normal_anchors_num_anchors_10 - INFO - Batch 15/8100: Clean accuracy 0.2667 | Adv accuracy: 0.0000 | Counter-attack accuracy: 0.0667
2026-02-12 11:15:20,358 - ADV_Generation_eps_8.0_steps_100_Added_Noise_uniform_Eps_16.0_Tau_Type_normal_anchors_num_anchors_10 - INFO - Batch:[15] Adversarial images for this batch already exist
2026-02-12 11:15:20,571 - ADV_Generation_eps_8.0_steps_100_Added_Noise_uniform_Eps_16.0_Tau_Type_normal_anchors_num_anchors_10 - INFO - Batch 16/8100: Clean accuracy 0.2500 | Adv accuracy: 0.0000 | Counter-attack accuracy: 0.0625
2026-02-12 11:15:20,572 - ADV_Generation_eps_8.0_steps_100_Added_Noise_uniform_Eps_16.0_Tau_Type_normal_anchors_num_anchors_10 - INFO - Batch:[16] Adversarial images for this batch already exist
2026-02-12 11:15:20,783 - ADV_Generation_eps_8.0_steps_100_Added_Noise_uniform_Eps_16.0_Tau_Type_normal_anchors_num_anchors_10 - INFO - Batch 17/8100: Clean accuracy 0.2353 | Adv accuracy: 0.0000 | Counter-attack accuracy: 0.0588
2026-02-12 11:15:20,784 - ADV_Generation_eps_8.0_steps_100_Added_Noise_uniform_Eps_16.0_Tau_Type_normal_anchors_num_anchors_10 - INFO - Batch:[17] Adversarial images for this batch already exist
2026-02-12 11:15:20,996 - ADV_Generation_eps_8.0_steps_100_Added_Noise_uniform_Eps_16.0_Tau_Type_normal_anchors_num_anchors_10 - INFO - Batch 18/8100: Clean accuracy 0.2222 | Adv accuracy: 0.0000 | Counter-attack accuracy: 0.0556
2026-02-12 11:15:20,998 - ADV_Generation_eps_8.0_steps_100_Added_Noise_uniform_Eps_16.0_Tau_Type_normal_anchors_num_anchors_10 - INFO - Batch:[18] Adversarial images for this batch already exist
2026-02-12 11:15:21,221 - ADV_Generation_eps_8.0_steps_100_Added_Noise_uniform_Eps_16.0_Tau_Type_normal_anchors_num_anchors_10 - INFO - Batch 19/8100: Clean accuracy 0.2105 | Adv accuracy: 0.0000 | Counter-attack accuracy: 0.0526
2026-02-12 11:15:21,222 - ADV_Generation_eps_8.0_steps_100_Added_Noise_uniform_Eps_16.0_Tau_Type_normal_anchors_num_anchors_10 - INFO - Batch:[19] Adversarial images for this batch already exist
2026-02-12 11:15:21,442 - ADV_Generation_eps_8.0_steps_100_Added_Noise_uniform_Eps_16.0_Tau_Type_normal_anchors_num_anchors_10 - INFO - Batch 20/8100: Clean accuracy 0.2500 | Adv accuracy: 0.0000 | Counter-attack accuracy: 0.0500
2026-02-12 11:15:21,442 - ADV_Generation_eps_8.0_steps_100_Added_Noise_uniform_Eps_16.0_Tau_Type_normal_anchors_num_anchors_10 - INFO - Batch:[20] Adversarial images for this batch already exist
2026-02-12 11:15:21,669 - ADV_Generation_eps_8.0_steps_100_Added_Noise_uniform_Eps_16.0_Tau_Type_normal_anchors_num_anchors_10 - INFO - Batch 21/8100: Clean accuracy 0.2381 | Adv accuracy: 0.0000 | Counter-attack accuracy: 0.0476
2026-02-12 11:15:21,670 - ADV_Generation_eps_8.0_steps_100_Added_Noise_uniform_Eps_16.0_Tau_Type_normal_anchors_num_anchors_10 - INFO - Batch:[21] Adversarial images for this batch already exist
2026-02-12 11:15:21,885 - ADV_Generation_eps_8.0_steps_100_Added_Noise_uniform_Eps_16.0_Tau_Type_normal_anchors_num_anchors_10 - INFO - Batch 22/8100: Clean accuracy 0.2273 | Adv accuracy: 0.0000 | Counter-attack accuracy: 0.0455
2026-02-12 11:15:21,886 - ADV_Generation_eps_8.0_steps_100_Added_Noise_uniform_Eps_16.0_Tau_Type_normal_anchors_num_anchors_10 - INFO - Batch:[22] Adversarial images for this batch already exist
2026-02-12 11:15:22,114 - ADV_Generation_eps_8.0_steps_100_Added_Noise_uniform_Eps_16.0_Tau_Type_normal_anchors_num_anchors_10 - INFO - Batch 23/8100: Clean accuracy 0.2174 | Adv accuracy: 0.0000 | Counter-attack accuracy: 0.0435
2026-02-12 11:15:22,115 - ADV_Generation_eps_8.0_steps_100_Added_Noise_uniform_Eps_16.0_Tau_Type_normal_anchors_num_anchors_10 - INFO - Batch:[23] Adversarial images for this batch already exist
2026-02-12 11:15:22,330 - ADV_Generation_eps_8.0_steps_100_Added_Noise_uniform_Eps_16.0_Tau_Type_normal_anchors_num_anchors_10 - INFO - Batch 24/8100: Clean accuracy 0.2083 | Adv accuracy: 0.0000 | Counter-attack accuracy: 0.0417
2026-02-12 11:15:22,331 - ADV_Generation_eps_8.0_steps_100_Added_Noise_uniform_Eps_16.0_Tau_Type_normal_anchors_num_anchors_10 - INFO - Batch:[24] Adversarial images for this batch already exist
2026-02-12 11:15:22,545 - ADV_Generation_eps_8.0_steps_100_Added_Noise_uniform_Eps_16.0_Tau_Type_normal_anchors_num_anchors_10 - INFO - Batch 25/8100: Clean accuracy 0.2000 | Adv accuracy: 0.0000 | Counter-attack accuracy: 0.0400
2026-02-12 11:15:22,546 - ADV_Generation_eps_8.0_steps_100_Added_Noise_uniform_Eps_16.0_Tau_Type_normal_anchors_num_anchors_10 - INFO - Batch:[25] Adversarial images for this batch already exist
2026-02-12 11:15:22,766 - ADV_Generation_eps_8.0_steps_100_Added_Noise_uniform_Eps_16.0_Tau_Type_normal_anchors_num_anchors_10 - INFO - Batch 26/8100: Clean accuracy 0.1923 | Adv accuracy: 0.0000 | Counter-attack accuracy: 0.0385
2026-02-12 11:15:22,767 - ADV_Generation_eps_8.0_steps_100_Added_Noise_uniform_Eps_16.0_Tau_Type_normal_anchors_num_anchors_10 - INFO - Batch:[26] Adversarial images for this batch already exist
2026-02-12 11:15:22,979 - ADV_Generation_eps_8.0_steps_100_Added_Noise_uniform_Eps_16.0_Tau_Type_normal_anchors_num_anchors_10 - INFO - Batch 27/8100: Clean accuracy 0.1852 | Adv accuracy: 0.0000 | Counter-attack accuracy: 0.0370
2026-02-12 11:15:22,980 - ADV_Generation_eps_8.0_steps_100_Added_Noise_uniform_Eps_16.0_Tau_Type_normal_anchors_num_anchors_10 - INFO - Batch:[27] Adversarial images for this batch already exist
2026-02-12 11:15:23,193 - ADV_Generation_eps_8.0_steps_100_Added_Noise_uniform_Eps_16.0_Tau_Type_normal_anchors_num_anchors_10 - INFO - Batch 28/8100: Clean accuracy 0.2143 | Adv accuracy: 0.0000 | Counter-attack accuracy: 0.0357
2026-02-12 11:15:23,194 - ADV_Generation_eps_8.0_steps_100_Added_Noise_uniform_Eps_16.0_Tau_Type_normal_anchors_num_anchors_10 - INFO - Batch:[28] Adversarial images for this batch already exist
2026-02-12 11:15:23,407 - ADV_Generation_eps_8.0_steps_100_Added_Noise_uniform_Eps_16.0_Tau_Type_normal_anchors_num_anchors_10 - INFO - Batch 29/8100: Clean accuracy 0.2069 | Adv accuracy: 0.0000 | Counter-attack accuracy: 0.0345
2026-02-12 11:15:23,408 - ADV_Generation_eps_8.0_steps_100_Added_Noise_uniform_Eps_16.0_Tau_Type_normal_anchors_num_anchors_10 - INFO - Batch:[29] Adversarial images for this batch already exist
2026-02-12 11:15:23,631 - ADV_Generation_eps_8.0_steps_100_Added_Noise_uniform_Eps_16.0_Tau_Type_normal_anchors_num_anchors_10 - INFO - Batch 30/8100: Clean accuracy 0.2333 | Adv accuracy: 0.0000 | Counter-attack accuracy: 0.0333
2026-02-12 11:15:23,632 - ADV_Generation_eps_8.0_steps_100_Added_Noise_uniform_Eps_16.0_Tau_Type_normal_anchors_num_anchors_10 - INFO - Batch:[30] Adversarial images for this batch already exist
2026-02-12 11:15:23,849 - ADV_Generation_eps_8.0_steps_100_Added_Noise_uniform_Eps_16.0_Tau_Type_normal_anchors_num_anchors_10 - INFO - Batch 31/8100: Clean accuracy 0.2581 | Adv accuracy: 0.0000 | Counter-attack accuracy: 0.0323
2026-02-12 11:15:23,850 - ADV_Generation_eps_8.0_steps_100_Added_Noise_uniform_Eps_16.0_Tau_Type_normal_anchors_num_anchors_10 - INFO - Batch:[31] Adversarial images for this batch already exist
2026-02-12 11:15:24,052 - ADV_Generation_eps_8.0_steps_100_Added_Noise_uniform_Eps_16.0_Tau_Type_normal_anchors_num_anchors_10 - INFO - Batch 32/8100: Clean accuracy 0.2812 | Adv accuracy: 0.0000 | Counter-attack accuracy: 0.0312
2026-02-12 11:15:24,053 - ADV_Generation_eps_8.0_steps_100_Added_Noise_uniform_Eps_16.0_Tau_Type_normal_anchors_num_anchors_10 - INFO - Batch:[32] Adversarial images for this batch already exist
2026-02-12 11:15:24,265 - ADV_Generation_eps_8.0_steps_100_Added_Noise_uniform_Eps_16.0_Tau_Type_normal_anchors_num_anchors_10 - INFO - Batch 33/8100: Clean accuracy 0.3030 | Adv accuracy: 0.0000 | Counter-attack accuracy: 0.0303
2026-02-12 11:15:24,265 - ADV_Generation_eps_8.0_steps_100_Added_Noise_uniform_Eps_16.0_Tau_Type_normal_anchors_num_anchors_10 - INFO - Batch:[33] Adversarial images for this batch already exist
2026-02-12 11:15:24,485 - ADV_Generation_eps_8.0_steps_100_Added_Noise_uniform_Eps_16.0_Tau_Type_normal_anchors_num_anchors_10 - INFO - Batch 34/8100: Clean accuracy 0.3235 | Adv accuracy: 0.0000 | Counter-attack accuracy: 0.0294
2026-02-12 11:15:24,485 - ADV_Generation_eps_8.0_steps_100_Added_Noise_uniform_Eps_16.0_Tau_Type_normal_anchors_num_anchors_10 - INFO - Batch:[34] Adversarial images for this batch already exist
2026-02-12 11:15:24,698 - ADV_Generation_eps_8.0_steps_100_Added_Noise_uniform_Eps_16.0_Tau_Type_normal_anchors_num_anchors_10 - INFO - Batch 35/8100: Clean accuracy 0.3429 | Adv accuracy: 0.0000 | Counter-attack accuracy: 0.0286
2026-02-12 11:15:24,699 - ADV_Generation_eps_8.0_steps_100_Added_Noise_uniform_Eps_16.0_Tau_Type_normal_anchors_num_anchors_10 - INFO - Batch:[35] Adversarial images for this batch already exist
2026-02-12 11:15:24,910 - ADV_Generation_eps_8.0_steps_100_Added_Noise_uniform_Eps_16.0_Tau_Type_normal_anchors_num_anchors_10 - INFO - Batch 36/8100: Clean accuracy 0.3333 | Adv accuracy: 0.0000 | Counter-attack accuracy: 0.0278
2026-02-12 11:15:24,911 - ADV_Generation_eps_8.0_steps_100_Added_Noise_uniform_Eps_16.0_Tau_Type_normal_anchors_num_anchors_10 - INFO - Batch:[36] Adversarial images for this batch already exist
2026-02-12 11:15:25,124 - ADV_Generation_eps_8.0_steps_100_Added_Noise_uniform_Eps_16.0_Tau_Type_normal_anchors_num_anchors_10 - INFO - Batch 37/8100: Clean accuracy 0.3243 | Adv accuracy: 0.0000 | Counter-attack accuracy: 0.0270
2026-02-12 11:15:25,124 - ADV_Generation_eps_8.0_steps_100_Added_Noise_uniform_Eps_16.0_Tau_Type_normal_anchors_num_anchors_10 - INFO - Batch:[37] Adversarial images for this batch already exist
2026-02-12 11:15:25,338 - ADV_Generation_eps_8.0_steps_100_Added_Noise_uniform_Eps_16.0_Tau_Type_normal_anchors_num_anchors_10 - INFO - Batch 38/8100: Clean accuracy 0.3158 | Adv accuracy: 0.0000 | Counter-attack accuracy: 0.0263
2026-02-12 11:15:25,339 - ADV_Generation_eps_8.0_steps_100_Added_Noise_uniform_Eps_16.0_Tau_Type_normal_anchors_num_anchors_10 - INFO - Batch:[38] Adversarial images for this batch already exist
2026-02-12 11:15:25,556 - ADV_Generation_eps_8.0_steps_100_Added_Noise_uniform_Eps_16.0_Tau_Type_normal_anchors_num_anchors_10 - INFO - Batch 39/8100: Clean accuracy 0.3077 | Adv accuracy: 0.0000 | Counter-attack accuracy: 0.0256
2026-02-12 11:15:25,557 - ADV_Generation_eps_8.0_steps_100_Added_Noise_uniform_Eps_16.0_Tau_Type_normal_anchors_num_anchors_10 - INFO - Batch:[39] Adversarial images for this batch already exist
2026-02-12 11:15:25,772 - ADV_Generation_eps_8.0_steps_100_Added_Noise_uniform_Eps_16.0_Tau_Type_normal_anchors_num_anchors_10 - INFO - Batch 40/8100: Clean accuracy 0.3000 | Adv accuracy: 0.0000 | Counter-attack accuracy: 0.0250
2026-02-12 11:15:25,773 - ADV_Generation_eps_8.0_steps_100_Added_Noise_uniform_Eps_16.0_Tau_Type_normal_anchors_num_anchors_10 - INFO - Batch:[40] Adversarial images for this batch already exist
2026-02-12 11:15:26,013 - ADV_Generation_eps_8.0_steps_100_Added_Noise_uniform_Eps_16.0_Tau_Type_normal_anchors_num_anchors_10 - INFO - Batch 41/8100: Clean accuracy 0.3171 | Adv accuracy: 0.0000 | Counter-attack accuracy: 0.0244
2026-02-12 11:15:26,014 - ADV_Generation_eps_8.0_steps_100_Added_Noise_uniform_Eps_16.0_Tau_Type_normal_anchors_num_anchors_10 - INFO - Batch:[41] Adversarial images for this batch already exist
2026-02-12 11:15:26,222 - ADV_Generation_eps_8.0_steps_100_Added_Noise_uniform_Eps_16.0_Tau_Type_normal_anchors_num_anchors_10 - INFO - Batch 42/8100: Clean accuracy 0.3095 | Adv accuracy: 0.0000 | Counter-attack accuracy: 0.0238
2026-02-12 11:15:26,224 - ADV_Generation_eps_8.0_steps_100_Added_Noise_uniform_Eps_16.0_Tau_Type_normal_anchors_num_anchors_10 - INFO - Batch:[42] Adversarial images for this batch already exist
2026-02-12 11:15:26,476 - ADV_Generation_eps_8.0_steps_100_Added_Noise_uniform_Eps_16.0_Tau_Type_normal_anchors_num_anchors_10 - INFO - Batch 43/8100: Clean accuracy 0.3023 | Adv accuracy: 0.0000 | Counter-attack accuracy: 0.0233
2026-02-12 11:15:26,478 - ADV_Generation_eps_8.0_steps_100_Added_Noise_uniform_Eps_16.0_Tau_Type_normal_anchors_num_anchors_10 - INFO - Batch:[43] Adversarial images for this batch already exist
2026-02-12 11:15:26,708 - ADV_Generation_eps_8.0_steps_100_Added_Noise_uniform_Eps_16.0_Tau_Type_normal_anchors_num_anchors_10 - INFO - Batch 44/8100: Clean accuracy 0.3182 | Adv accuracy: 0.0000 | Counter-attack accuracy: 0.0227
2026-02-12 11:15:26,709 - ADV_Generation_eps_8.0_steps_100_Added_Noise_uniform_Eps_16.0_Tau_Type_normal_anchors_num_anchors_10 - INFO - Batch:[44] Adversarial images for this batch already exist
2026-02-12 11:15:26,927 - ADV_Generation_eps_8.0_steps_100_Added_Noise_uniform_Eps_16.0_Tau_Type_normal_anchors_num_anchors_10 - INFO - Batch 45/8100: Clean accuracy 0.3111 | Adv accuracy: 0.0000 | Counter-attack accuracy: 0.0222
2026-02-12 11:15:26,928 - ADV_Generation_eps_8.0_steps_100_Added_Noise_uniform_Eps_16.0_Tau_Type_normal_anchors_num_anchors_10 - INFO - Batch:[45] Adversarial images for this batch already exist
2026-02-12 11:15:27,150 - ADV_Generation_eps_8.0_steps_100_Added_Noise_uniform_Eps_16.0_Tau_Type_normal_anchors_num_anchors_10 - INFO - Batch 46/8100: Clean accuracy 0.3043 | Adv accuracy: 0.0000 | Counter-attack accuracy: 0.0217
2026-02-12 11:15:27,151 - ADV_Generation_eps_8.0_steps_100_Added_Noise_uniform_Eps_16.0_Tau_Type_normal_anchors_num_anchors_10 - INFO - Batch:[46] Adversarial images for this batch already exist
2026-02-12 11:15:27,365 - ADV_Generation_eps_8.0_steps_100_Added_Noise_uniform_Eps_16.0_Tau_Type_normal_anchors_num_anchors_10 - INFO - Batch 47/8100: Clean accuracy 0.2979 | Adv accuracy: 0.0000 | Counter-attack accuracy: 0.0213
2026-02-12 11:15:27,366 - ADV_Generation_eps_8.0_steps_100_Added_Noise_uniform_Eps_16.0_Tau_Type_normal_anchors_num_anchors_10 - INFO - Batch:[47] Adversarial images for this batch already exist
2026-02-12 11:15:27,606 - ADV_Generation_eps_8.0_steps_100_Added_Noise_uniform_Eps_16.0_Tau_Type_normal_anchors_num_anchors_10 - INFO - Batch 48/8100: Clean accuracy 0.3125 | Adv accuracy: 0.0000 | Counter-attack accuracy: 0.0208
2026-02-12 11:15:27,607 - ADV_Generation_eps_8.0_steps_100_Added_Noise_uniform_Eps_16.0_Tau_Type_normal_anchors_num_anchors_10 - INFO - Batch:[48] Adversarial images for this batch already exist
2026-02-12 11:15:27,820 - ADV_Generation_eps_8.0_steps_100_Added_Noise_uniform_Eps_16.0_Tau_Type_normal_anchors_num_anchors_10 - INFO - Batch 49/8100: Clean accuracy 0.3061 | Adv accuracy: 0.0000 | Counter-attack accuracy: 0.0204
2026-02-12 11:15:27,821 - ADV_Generation_eps_8.0_steps_100_Added_Noise_uniform_Eps_16.0_Tau_Type_normal_anchors_num_anchors_10 - INFO - Batch:[49] Adversarial images for this batch already exist
2026-02-12 11:15:28,036 - ADV_Generation_eps_8.0_steps_100_Added_Noise_uniform_Eps_16.0_Tau_Type_normal_anchors_num_anchors_10 - INFO - Batch 50/8100: Clean accuracy 0.3200 | Adv accuracy: 0.0000 | Counter-attack accuracy: 0.0200
2026-02-12 11:15:28,037 - ADV_Generation_eps_8.0_steps_100_Added_Noise_uniform_Eps_16.0_Tau_Type_normal_anchors_num_anchors_10 - INFO - Batch:[50] Adversarial images for this batch already exist
2026-02-12 11:15:28,252 - ADV_Generation_eps_8.0_steps_100_Added_Noise_uniform_Eps_16.0_Tau_Type_normal_anchors_num_anchors_10 - INFO - Batch 51/8100: Clean accuracy 0.3137 | Adv accuracy: 0.0000 | Counter-attack accuracy: 0.0196
2026-02-12 11:15:28,253 - ADV_Generation_eps_8.0_steps_100_Added_Noise_uniform_Eps_16.0_Tau_Type_normal_anchors_num_anchors_10 - INFO - Batch:[51] Adversarial images for this batch already exist
2026-02-12 11:15:28,465 - ADV_Generation_eps_8.0_steps_100_Added_Noise_uniform_Eps_16.0_Tau_Type_normal_anchors_num_anchors_10 - INFO - Batch 52/8100: Clean accuracy 0.3269 | Adv accuracy: 0.0000 | Counter-attack accuracy: 0.0192
2026-02-12 11:15:28,466 - ADV_Generation_eps_8.0_steps_100_Added_Noise_uniform_Eps_16.0_Tau_Type_normal_anchors_num_anchors_10 - INFO - Batch:[52] Adversarial images for this batch already exist
2026-02-12 11:15:28,684 - ADV_Generation_eps_8.0_steps_100_Added_Noise_uniform_Eps_16.0_Tau_Type_normal_anchors_num_anchors_10 - INFO - Batch 53/8100: Clean accuracy 0.3208 | Adv accuracy: 0.0000 | Counter-attack accuracy: 0.0189
2026-02-12 11:15:28,685 - ADV_Generation_eps_8.0_steps_100_Added_Noise_uniform_Eps_16.0_Tau_Type_normal_anchors_num_anchors_10 - INFO - Batch:[53] Adversarial images for this batch already exist
2026-02-12 11:15:28,898 - ADV_Generation_eps_8.0_steps_100_Added_Noise_uniform_Eps_16.0_Tau_Type_normal_anchors_num_anchors_10 - INFO - Batch 54/8100: Clean accuracy 0.3148 | Adv accuracy: 0.0000 | Counter-attack accuracy: 0.0185
2026-02-12 11:15:28,899 - ADV_Generation_eps_8.0_steps_100_Added_Noise_uniform_Eps_16.0_Tau_Type_normal_anchors_num_anchors_10 - INFO - Batch:[54] Adversarial images for this batch already exist
2026-02-12 11:15:29,117 - ADV_Generation_eps_8.0_steps_100_Added_Noise_uniform_Eps_16.0_Tau_Type_normal_anchors_num_anchors_10 - INFO - Batch 55/8100: Clean accuracy 0.3091 | Adv accuracy: 0.0000 | Counter-attack accuracy: 0.0182
2026-02-12 11:15:29,118 - ADV_Generation_eps_8.0_steps_100_Added_Noise_uniform_Eps_16.0_Tau_Type_normal_anchors_num_anchors_10 - INFO - Batch:[55] Adversarial images for this batch already exist
2026-02-12 11:15:29,340 - ADV_Generation_eps_8.0_steps_100_Added_Noise_uniform_Eps_16.0_Tau_Type_normal_anchors_num_anchors_10 - INFO - Batch 56/8100: Clean accuracy 0.3214 | Adv accuracy: 0.0000 | Counter-attack accuracy: 0.0179
2026-02-12 11:15:29,341 - ADV_Generation_eps_8.0_steps_100_Added_Noise_uniform_Eps_16.0_Tau_Type_normal_anchors_num_anchors_10 - INFO - Batch:[56] Adversarial images for this batch already exist
2026-02-12 11:15:29,554 - ADV_Generation_eps_8.0_steps_100_Added_Noise_uniform_Eps_16.0_Tau_Type_normal_anchors_num_anchors_10 - INFO - Batch 57/8100: Clean accuracy 0.3158 | Adv accuracy: 0.0000 | Counter-attack accuracy: 0.0175
2026-02-12 11:15:29,555 - ADV_Generation_eps_8.0_steps_100_Added_Noise_uniform_Eps_16.0_Tau_Type_normal_anchors_num_anchors_10 - INFO - Batch:[57] Adversarial images for this batch already exist
2026-02-12 11:15:29,774 - ADV_Generation_eps_8.0_steps_100_Added_Noise_uniform_Eps_16.0_Tau_Type_normal_anchors_num_anchors_10 - INFO - Batch 58/8100: Clean accuracy 0.3103 | Adv accuracy: 0.0000 | Counter-attack accuracy: 0.0172
2026-02-12 11:15:29,775 - ADV_Generation_eps_8.0_steps_100_Added_Noise_uniform_Eps_16.0_Tau_Type_normal_anchors_num_anchors_10 - INFO - Batch:[58] Adversarial images for this batch already exist
2026-02-12 11:15:29,995 - ADV_Generation_eps_8.0_steps_100_Added_Noise_uniform_Eps_16.0_Tau_Type_normal_anchors_num_anchors_10 - INFO - Batch 59/8100: Clean accuracy 0.3051 | Adv accuracy: 0.0000 | Counter-attack accuracy: 0.0169
2026-02-12 11:15:29,996 - ADV_Generation_eps_8.0_steps_100_Added_Noise_uniform_Eps_16.0_Tau_Type_normal_anchors_num_anchors_10 - INFO - Batch:[59] Adversarial images for this batch already exist
2026-02-12 11:15:30,287 - ADV_Generation_eps_8.0_steps_100_Added_Noise_uniform_Eps_16.0_Tau_Type_normal_anchors_num_anchors_10 - INFO - Batch 60/8100: Clean accuracy 0.3167 | Adv accuracy: 0.0000 | Counter-attack accuracy: 0.0167
2026-02-12 11:15:30,288 - ADV_Generation_eps_8.0_steps_100_Added_Noise_uniform_Eps_16.0_Tau_Type_normal_anchors_num_anchors_10 - INFO - Batch:[60] Adversarial images for this batch already exist
2026-02-12 11:15:30,501 - ADV_Generation_eps_8.0_steps_100_Added_Noise_uniform_Eps_16.0_Tau_Type_normal_anchors_num_anchors_10 - INFO - Batch 61/8100: Clean accuracy 0.3115 | Adv accuracy: 0.0000 | Counter-attack accuracy: 0.0164
2026-02-12 11:15:30,503 - ADV_Generation_eps_8.0_steps_100_Added_Noise_uniform_Eps_16.0_Tau_Type_normal_anchors_num_anchors_10 - INFO - Batch:[61] Adversarial images for this batch already exist
2026-02-12 11:15:30,715 - ADV_Generation_eps_8.0_steps_100_Added_Noise_uniform_Eps_16.0_Tau_Type_normal_anchors_num_anchors_10 - INFO - Batch 62/8100: Clean accuracy 0.3065 | Adv accuracy: 0.0000 | Counter-attack accuracy: 0.0161
2026-02-12 11:15:30,716 - ADV_Generation_eps_8.0_steps_100_Added_Noise_uniform_Eps_16.0_Tau_Type_normal_anchors_num_anchors_10 - INFO - Batch:[62] Adversarial images for this batch already exist
2026-02-12 11:15:30,928 - ADV_Generation_eps_8.0_steps_100_Added_Noise_uniform_Eps_16.0_Tau_Type_normal_anchors_num_anchors_10 - INFO - Batch 63/8100: Clean accuracy 0.3016 | Adv accuracy: 0.0000 | Counter-attack accuracy: 0.0159
2026-02-12 11:15:30,929 - ADV_Generation_eps_8.0_steps_100_Added_Noise_uniform_Eps_16.0_Tau_Type_normal_anchors_num_anchors_10 - INFO - Batch:[63] Adversarial images for this batch already exist
2026-02-12 11:15:31,134 - ADV_Generation_eps_8.0_steps_100_Added_Noise_uniform_Eps_16.0_Tau_Type_normal_anchors_num_anchors_10 - INFO - Batch 64/8100: Clean accuracy 0.3125 | Adv accuracy: 0.0000 | Counter-attack accuracy: 0.0156
2026-02-12 11:15:31,135 - ADV_Generation_eps_8.0_steps_100_Added_Noise_uniform_Eps_16.0_Tau_Type_normal_anchors_num_anchors_10 - INFO - Batch:[64] Adversarial images for this batch already exist
2026-02-12 11:15:31,354 - ADV_Generation_eps_8.0_steps_100_Added_Noise_uniform_Eps_16.0_Tau_Type_normal_anchors_num_anchors_10 - INFO - Batch 65/8100: Clean accuracy 0.3231 | Adv accuracy: 0.0000 | Counter-attack accuracy: 0.0154
2026-02-12 11:15:31,355 - ADV_Generation_eps_8.0_steps_100_Added_Noise_uniform_Eps_16.0_Tau_Type_normal_anchors_num_anchors_10 - INFO - Batch:[65] Adversarial images for this batch already exist
2026-02-12 11:15:31,573 - ADV_Generation_eps_8.0_steps_100_Added_Noise_uniform_Eps_16.0_Tau_Type_normal_anchors_num_anchors_10 - INFO - Batch 66/8100: Clean accuracy 0.3182 | Adv accuracy: 0.0000 | Counter-attack accuracy: 0.0152
2026-02-12 11:15:31,574 - ADV_Generation_eps_8.0_steps_100_Added_Noise_uniform_Eps_16.0_Tau_Type_normal_anchors_num_anchors_10 - INFO - Batch:[66] Adversarial images for this batch already exist
2026-02-12 11:15:31,791 - ADV_Generation_eps_8.0_steps_100_Added_Noise_uniform_Eps_16.0_Tau_Type_normal_anchors_num_anchors_10 - INFO - Batch 67/8100: Clean accuracy 0.3284 | Adv accuracy: 0.0000 | Counter-attack accuracy: 0.0149
2026-02-12 11:15:31,792 - ADV_Generation_eps_8.0_steps_100_Added_Noise_uniform_Eps_16.0_Tau_Type_normal_anchors_num_anchors_10 - INFO - Batch:[67] Adversarial images for this batch already exist
2026-02-12 11:15:32,008 - ADV_Generation_eps_8.0_steps_100_Added_Noise_uniform_Eps_16.0_Tau_Type_normal_anchors_num_anchors_10 - INFO - Batch 68/8100: Clean accuracy 0.3235 | Adv accuracy: 0.0000 | Counter-attack accuracy: 0.0147
2026-02-12 11:15:32,009 - ADV_Generation_eps_8.0_steps_100_Added_Noise_uniform_Eps_16.0_Tau_Type_normal_anchors_num_anchors_10 - INFO - Batch:[68] Adversarial images for this batch already exist
2026-02-12 11:15:32,220 - ADV_Generation_eps_8.0_steps_100_Added_Noise_uniform_Eps_16.0_Tau_Type_normal_anchors_num_anchors_10 - INFO - Batch 69/8100: Clean accuracy 0.3188 | Adv accuracy: 0.0000 | Counter-attack accuracy: 0.0145
2026-02-12 11:15:32,221 - ADV_Generation_eps_8.0_steps_100_Added_Noise_uniform_Eps_16.0_Tau_Type_normal_anchors_num_anchors_10 - INFO - Batch:[69] Adversarial images for this batch already exist
2026-02-12 11:15:32,435 - ADV_Generation_eps_8.0_steps_100_Added_Noise_uniform_Eps_16.0_Tau_Type_normal_anchors_num_anchors_10 - INFO - Batch 70/8100: Clean accuracy 0.3143 | Adv accuracy: 0.0000 | Counter-attack accuracy: 0.0143
2026-02-12 11:15:32,436 - ADV_Generation_eps_8.0_steps_100_Added_Noise_uniform_Eps_16.0_Tau_Type_normal_anchors_num_anchors_10 - INFO - Batch:[70] Adversarial images for this batch already exist
2026-02-12 11:15:32,652 - ADV_Generation_eps_8.0_steps_100_Added_Noise_uniform_Eps_16.0_Tau_Type_normal_anchors_num_anchors_10 - INFO - Batch 71/8100: Clean accuracy 0.3099 | Adv accuracy: 0.0000 | Counter-attack accuracy: 0.0141
2026-02-12 11:15:32,653 - ADV_Generation_eps_8.0_steps_100_Added_Noise_uniform_Eps_16.0_Tau_Type_normal_anchors_num_anchors_10 - INFO - Batch:[71] Adversarial images for this batch already exist
2026-02-12 11:15:32,866 - ADV_Generation_eps_8.0_steps_100_Added_Noise_uniform_Eps_16.0_Tau_Type_normal_anchors_num_anchors_10 - INFO - Batch 72/8100: Clean accuracy 0.3056 | Adv accuracy: 0.0000 | Counter-attack accuracy: 0.0139
2026-02-12 11:15:32,867 - ADV_Generation_eps_8.0_steps_100_Added_Noise_uniform_Eps_16.0_Tau_Type_normal_anchors_num_anchors_10 - INFO - Batch:[72] Adversarial images for this batch already exist
2026-02-12 11:15:33,069 - ADV_Generation_eps_8.0_steps_100_Added_Noise_uniform_Eps_16.0_Tau_Type_normal_anchors_num_anchors_10 - INFO - Batch 73/8100: Clean accuracy 0.3151 | Adv accuracy: 0.0000 | Counter-attack accuracy: 0.0137
2026-02-12 11:15:33,069 - ADV_Generation_eps_8.0_steps_100_Added_Noise_uniform_Eps_16.0_Tau_Type_normal_anchors_num_anchors_10 - INFO - Batch:[73] Adversarial images for this batch already exist
2026-02-12 11:15:33,287 - ADV_Generation_eps_8.0_steps_100_Added_Noise_uniform_Eps_16.0_Tau_Type_normal_anchors_num_anchors_10 - INFO - Batch 74/8100: Clean accuracy 0.3108 | Adv accuracy: 0.0000 | Counter-attack accuracy: 0.0135
2026-02-12 11:15:33,288 - ADV_Generation_eps_8.0_steps_100_Added_Noise_uniform_Eps_16.0_Tau_Type_normal_anchors_num_anchors_10 - INFO - Batch:[74] Adversarial images for this batch already exist
2026-02-12 11:15:33,500 - ADV_Generation_eps_8.0_steps_100_Added_Noise_uniform_Eps_16.0_Tau_Type_normal_anchors_num_anchors_10 - INFO - Batch 75/8100: Clean accuracy 0.3067 | Adv accuracy: 0.0000 | Counter-attack accuracy: 0.0133
2026-02-12 11:15:33,501 - ADV_Generation_eps_8.0_steps_100_Added_Noise_uniform_Eps_16.0_Tau_Type_normal_anchors_num_anchors_10 - INFO - Batch:[75] Adversarial images for this batch already exist
2026-02-12 11:15:33,703 - ADV_Generation_eps_8.0_steps_100_Added_Noise_uniform_Eps_16.0_Tau_Type_normal_anchors_num_anchors_10 - INFO - Batch 76/8100: Clean accuracy 0.3158 | Adv accuracy: 0.0000 | Counter-attack accuracy: 0.0132
2026-02-12 11:15:33,705 - ADV_Generation_eps_8.0_steps_100_Added_Noise_uniform_Eps_16.0_Tau_Type_normal_anchors_num_anchors_10 - INFO - Batch:[76] Adversarial images for this batch already exist
2026-02-12 11:15:33,907 - ADV_Generation_eps_8.0_steps_100_Added_Noise_uniform_Eps_16.0_Tau_Type_normal_anchors_num_anchors_10 - INFO - Batch 77/8100: Clean accuracy 0.3247 | Adv accuracy: 0.0000 | Counter-attack accuracy: 0.0130
2026-02-12 11:15:33,908 - ADV_Generation_eps_8.0_steps_100_Added_Noise_uniform_Eps_16.0_Tau_Type_normal_anchors_num_anchors_10 - INFO - Batch:[77] Adversarial images for this batch already exist
2026-02-12 11:15:34,115 - ADV_Generation_eps_8.0_steps_100_Added_Noise_uniform_Eps_16.0_Tau_Type_normal_anchors_num_anchors_10 - INFO - Batch 78/8100: Clean accuracy 0.3333 | Adv accuracy: 0.0000 | Counter-attack accuracy: 0.0128
2026-02-12 11:15:34,117 - ADV_Generation_eps_8.0_steps_100_Added_Noise_uniform_Eps_16.0_Tau_Type_normal_anchors_num_anchors_10 - INFO - Batch:[78] Adversarial images for this batch already exist
2026-02-12 11:15:34,336 - ADV_Generation_eps_8.0_steps_100_Added_Noise_uniform_Eps_16.0_Tau_Type_normal_anchors_num_anchors_10 - INFO - Batch 79/8100: Clean accuracy 0.3418 | Adv accuracy: 0.0000 | Counter-attack accuracy: 0.0253
2026-02-12 11:15:34,338 - ADV_Generation_eps_8.0_steps_100_Added_Noise_uniform_Eps_16.0_Tau_Type_normal_anchors_num_anchors_10 - INFO - Batch:[79] Adversarial images for this batch already exist
2026-02-12 11:15:34,545 - ADV_Generation_eps_8.0_steps_100_Added_Noise_uniform_Eps_16.0_Tau_Type_normal_anchors_num_anchors_10 - INFO - Batch 80/8100: Clean accuracy 0.3375 | Adv accuracy: 0.0000 | Counter-attack accuracy: 0.0250
2026-02-12 11:15:34,546 - ADV_Generation_eps_8.0_steps_100_Added_Noise_uniform_Eps_16.0_Tau_Type_normal_anchors_num_anchors_10 - INFO - Batch:[80] Adversarial images for this batch already exist
2026-02-12 11:15:34,760 - ADV_Generation_eps_8.0_steps_100_Added_Noise_uniform_Eps_16.0_Tau_Type_normal_anchors_num_anchors_10 - INFO - Batch 81/8100: Clean accuracy 0.3333 | Adv accuracy: 0.0000 | Counter-attack accuracy: 0.0247
2026-02-12 11:15:34,761 - ADV_Generation_eps_8.0_steps_100_Added_Noise_uniform_Eps_16.0_Tau_Type_normal_anchors_num_anchors_10 - INFO - Batch:[81] Adversarial images for this batch already exist
2026-02-12 11:15:34,973 - ADV_Generation_eps_8.0_steps_100_Added_Noise_uniform_Eps_16.0_Tau_Type_normal_anchors_num_anchors_10 - INFO - Batch 82/8100: Clean accuracy 0.3293 | Adv accuracy: 0.0000 | Counter-attack accuracy: 0.0244
2026-02-12 11:15:34,974 - ADV_Generation_eps_8.0_steps_100_Added_Noise_uniform_Eps_16.0_Tau_Type_normal_anchors_num_anchors_10 - INFO - Batch:[82] Adversarial images for this batch already exist
2026-02-12 11:15:35,205 - ADV_Generation_eps_8.0_steps_100_Added_Noise_uniform_Eps_16.0_Tau_Type_normal_anchors_num_anchors_10 - INFO - Batch 83/8100: Clean accuracy 0.3253 | Adv accuracy: 0.0000 | Counter-attack accuracy: 0.0241
2026-02-12 11:15:35,206 - ADV_Generation_eps_8.0_steps_100_Added_Noise_uniform_Eps_16.0_Tau_Type_normal_anchors_num_anchors_10 - INFO - Batch:[83] Adversarial images for this batch already exist
2026-02-12 11:15:35,425 - ADV_Generation_eps_8.0_steps_100_Added_Noise_uniform_Eps_16.0_Tau_Type_normal_anchors_num_anchors_10 - INFO - Batch 84/8100: Clean accuracy 0.3214 | Adv accuracy: 0.0000 | Counter-attack accuracy: 0.0238
2026-02-12 11:15:35,426 - ADV_Generation_eps_8.0_steps_100_Added_Noise_uniform_Eps_16.0_Tau_Type_normal_anchors_num_anchors_10 - INFO - Batch:[84] Adversarial images for this batch already exist
2026-02-12 11:15:35,640 - ADV_Generation_eps_8.0_steps_100_Added_Noise_uniform_Eps_16.0_Tau_Type_normal_anchors_num_anchors_10 - INFO - Batch 85/8100: Clean accuracy 0.3176 | Adv accuracy: 0.0000 | Counter-attack accuracy: 0.0235
2026-02-12 11:15:35,641 - ADV_Generation_eps_8.0_steps_100_Added_Noise_uniform_Eps_16.0_Tau_Type_normal_anchors_num_anchors_10 - INFO - Batch:[85] Adversarial images for this batch already exist
2026-02-12 11:15:35,855 - ADV_Generation_eps_8.0_steps_100_Added_Noise_uniform_Eps_16.0_Tau_Type_normal_anchors_num_anchors_10 - INFO - Batch 86/8100: Clean accuracy 0.3140 | Adv accuracy: 0.0000 | Counter-attack accuracy: 0.0233
2026-02-12 11:15:35,856 - ADV_Generation_eps_8.0_steps_100_Added_Noise_uniform_Eps_16.0_Tau_Type_normal_anchors_num_anchors_10 - INFO - Batch:[86] Adversarial images for this batch already exist
2026-02-12 11:15:36,071 - ADV_Generation_eps_8.0_steps_100_Added_Noise_uniform_Eps_16.0_Tau_Type_normal_anchors_num_anchors_10 - INFO - Batch 87/8100: Clean accuracy 0.3218 | Adv accuracy: 0.0000 | Counter-attack accuracy: 0.0230
2026-02-12 11:15:36,073 - ADV_Generation_eps_8.0_steps_100_Added_Noise_uniform_Eps_16.0_Tau_Type_normal_anchors_num_anchors_10 - INFO - Batch:[87] Adversarial images for this batch already exist
2026-02-12 11:15:36,287 - ADV_Generation_eps_8.0_steps_100_Added_Noise_uniform_Eps_16.0_Tau_Type_normal_anchors_num_anchors_10 - INFO - Batch 88/8100: Clean accuracy 0.3182 | Adv accuracy: 0.0000 | Counter-attack accuracy: 0.0227
2026-02-12 11:15:36,288 - ADV_Generation_eps_8.0_steps_100_Added_Noise_uniform_Eps_16.0_Tau_Type_normal_anchors_num_anchors_10 - INFO - Batch:[88] Adversarial images for this batch already exist
2026-02-12 11:15:36,501 - ADV_Generation_eps_8.0_steps_100_Added_Noise_uniform_Eps_16.0_Tau_Type_normal_anchors_num_anchors_10 - INFO - Batch 89/8100: Clean accuracy 0.3146 | Adv accuracy: 0.0000 | Counter-attack accuracy: 0.0225
2026-02-12 11:15:36,502 - ADV_Generation_eps_8.0_steps_100_Added_Noise_uniform_Eps_16.0_Tau_Type_normal_anchors_num_anchors_10 - INFO - Batch:[89] Adversarial images for this batch already exist
2026-02-12 11:15:36,712 - ADV_Generation_eps_8.0_steps_100_Added_Noise_uniform_Eps_16.0_Tau_Type_normal_anchors_num_anchors_10 - INFO - Batch 90/8100: Clean accuracy 0.3111 | Adv accuracy: 0.0000 | Counter-attack accuracy: 0.0222
2026-02-12 11:15:36,713 - ADV_Generation_eps_8.0_steps_100_Added_Noise_uniform_Eps_16.0_Tau_Type_normal_anchors_num_anchors_10 - INFO - Batch:[90] Adversarial images for this batch already exist
2026-02-12 11:15:36,923 - ADV_Generation_eps_8.0_steps_100_Added_Noise_uniform_Eps_16.0_Tau_Type_normal_anchors_num_anchors_10 - INFO - Batch 91/8100: Clean accuracy 0.3077 | Adv accuracy: 0.0000 | Counter-attack accuracy: 0.0220
2026-02-12 11:15:36,924 - ADV_Generation_eps_8.0_steps_100_Added_Noise_uniform_Eps_16.0_Tau_Type_normal_anchors_num_anchors_10 - INFO - Batch:[91] Adversarial images for this batch already exist
2026-02-12 11:15:37,136 - ADV_Generation_eps_8.0_steps_100_Added_Noise_uniform_Eps_16.0_Tau_Type_normal_anchors_num_anchors_10 - INFO - Batch 92/8100: Clean accuracy 0.3043 | Adv accuracy: 0.0000 | Counter-attack accuracy: 0.0217
2026-02-12 11:15:37,137 - ADV_Generation_eps_8.0_steps_100_Added_Noise_uniform_Eps_16.0_Tau_Type_normal_anchors_num_anchors_10 - INFO - Batch:[92] Adversarial images for this batch already exist
2026-02-12 11:15:37,339 - ADV_Generation_eps_8.0_steps_100_Added_Noise_uniform_Eps_16.0_Tau_Type_normal_anchors_num_anchors_10 - INFO - Batch 93/8100: Clean accuracy 0.3011 | Adv accuracy: 0.0000 | Counter-attack accuracy: 0.0215
2026-02-12 11:15:37,340 - ADV_Generation_eps_8.0_steps_100_Added_Noise_uniform_Eps_16.0_Tau_Type_normal_anchors_num_anchors_10 - INFO - Batch:[93] Adversarial images for this batch already exist
2026-02-12 11:15:37,551 - ADV_Generation_eps_8.0_steps_100_Added_Noise_uniform_Eps_16.0_Tau_Type_normal_anchors_num_anchors_10 - INFO - Batch 94/8100: Clean accuracy 0.2979 | Adv accuracy: 0.0000 | Counter-attack accuracy: 0.0213
2026-02-12 11:15:37,552 - ADV_Generation_eps_8.0_steps_100_Added_Noise_uniform_Eps_16.0_Tau_Type_normal_anchors_num_anchors_10 - INFO - Batch:[94] Adversarial images for this batch already exist
2026-02-12 11:15:37,770 - ADV_Generation_eps_8.0_steps_100_Added_Noise_uniform_Eps_16.0_Tau_Type_normal_anchors_num_anchors_10 - INFO - Batch 95/8100: Clean accuracy 0.2947 | Adv accuracy: 0.0000 | Counter-attack accuracy: 0.0211
2026-02-12 11:15:37,771 - ADV_Generation_eps_8.0_steps_100_Added_Noise_uniform_Eps_16.0_Tau_Type_normal_anchors_num_anchors_10 - INFO - Batch:[95] Adversarial images for this batch already exist
2026-02-12 11:15:37,983 - ADV_Generation_eps_8.0_steps_100_Added_Noise_uniform_Eps_16.0_Tau_Type_normal_anchors_num_anchors_10 - INFO - Batch 96/8100: Clean accuracy 0.2917 | Adv accuracy: 0.0000 | Counter-attack accuracy: 0.0208
2026-02-12 11:15:37,984 - ADV_Generation_eps_8.0_steps_100_Added_Noise_uniform_Eps_16.0_Tau_Type_normal_anchors_num_anchors_10 - INFO - Batch:[96] Adversarial images for this batch already exist
2026-02-12 11:15:38,199 - ADV_Generation_eps_8.0_steps_100_Added_Noise_uniform_Eps_16.0_Tau_Type_normal_anchors_num_anchors_10 - INFO - Batch 97/8100: Clean accuracy 0.2887 | Adv accuracy: 0.0000 | Counter-attack accuracy: 0.0206
2026-02-12 11:15:38,200 - ADV_Generation_eps_8.0_steps_100_Added_Noise_uniform_Eps_16.0_Tau_Type_normal_anchors_num_anchors_10 - INFO - Batch:[97] Adversarial images for this batch already exist
2026-02-12 11:15:38,413 - ADV_Generation_eps_8.0_steps_100_Added_Noise_uniform_Eps_16.0_Tau_Type_normal_anchors_num_anchors_10 - INFO - Batch 98/8100: Clean accuracy 0.2857 | Adv accuracy: 0.0000 | Counter-attack accuracy: 0.0204
2026-02-12 11:15:38,414 - ADV_Generation_eps_8.0_steps_100_Added_Noise_uniform_Eps_16.0_Tau_Type_normal_anchors_num_anchors_10 - INFO - Batch:[98] Adversarial images for this batch already exist
2026-02-12 11:15:38,649 - ADV_Generation_eps_8.0_steps_100_Added_Noise_uniform_Eps_16.0_Tau_Type_normal_anchors_num_anchors_10 - INFO - Batch 99/8100: Clean accuracy 0.2828 | Adv accuracy: 0.0000 | Counter-attack accuracy: 0.0202
2026-02-12 11:15:38,651 - ADV_Generation_eps_8.0_steps_100_Added_Noise_uniform_Eps_16.0_Tau_Type_normal_anchors_num_anchors_10 - INFO - Batch:[99] Adversarial images for this batch already exist
2026-02-12 11:15:38,866 - ADV_Generation_eps_8.0_steps_100_Added_Noise_uniform_Eps_16.0_Tau_Type_normal_anchors_num_anchors_10 - INFO - Batch 100/8100: Clean accuracy 0.2800 | Adv accuracy: 0.0000 | Counter-attack accuracy: 0.0200
2026-02-12 11:15:38,867 - ADV_Generation_eps_8.0_steps_100_Added_Noise_uniform_Eps_16.0_Tau_Type_normal_anchors_num_anchors_10 - INFO - Batch:[100] Adversarial images for this batch already exist
2026-02-12 11:15:39,079 - ADV_Generation_eps_8.0_steps_100_Added_Noise_uniform_Eps_16.0_Tau_Type_normal_anchors_num_anchors_10 - INFO - Batch 101/8100: Clean accuracy 0.2772 | Adv accuracy: 0.0000 | Counter-attack accuracy: 0.0198
2026-02-12 11:15:39,080 - ADV_Generation_eps_8.0_steps_100_Added_Noise_uniform_Eps_16.0_Tau_Type_normal_anchors_num_anchors_10 - INFO - Batch:[101] Adversarial images for this batch already exist
2026-02-12 11:15:39,297 - ADV_Generation_eps_8.0_steps_100_Added_Noise_uniform_Eps_16.0_Tau_Type_normal_anchors_num_anchors_10 - INFO - Batch 102/8100: Clean accuracy 0.2745 | Adv accuracy: 0.0000 | Counter-attack accuracy: 0.0196
2026-02-12 11:15:39,298 - ADV_Generation_eps_8.0_steps_100_Added_Noise_uniform_Eps_16.0_Tau_Type_normal_anchors_num_anchors_10 - INFO - Batch:[102] Adversarial images for this batch already exist
