2026-02-05 16:38:15,832 - ADV_Generation_eps_1.0_steps_100_Added_Noise_uniform_Eps_40.0_Tau_Type_normal_anchors - INFO - ==========================================
data:/leonardo_work/EUHPC_R04_192/fmohamma/Adversarial_Robust_Clip/atpt_data/downstream_datasets
test_sets:UCF101
dataset_mode:test
arch:fare4
resolution:224
transferability:False
source_model:fare4
workers:4
no_pin_memory:False
batch_size:1
adv_bs:1
print_freq:20
gpu:0
no_cudnn_benchmark:False
n_ctx:4
ctx_init:a_photo_of_a
seed:0
output_dir:/leonardo_work/EUHPC_R04_192/fmohamma/Adversarial_Robust_Clip/atpt_data/fare4/UCF101
log_output_dir:/leonardo_work/EUHPC_R04_192/fmohamma/Adversarial_Robust_Clip/ATPT/Diffratio_Adv_gen_Results/fare4/UCF101/ADV_Generation_eps_1.0_steps_100_Added_Noise_uniform_Eps_40.0_Tau_Type_normal_anchors
image_only_attack:False
image_only_attack_type:prm
image_predicted_label_attack:False
eps:1.0
alpha:0.25
alpha_eps_ratio:4.0
steps:100
counter_attack:True
counter_attack_type:pgd
counter_attack_steps:0
counter_attack_eps:40.0
counter_attack_alpha:1.0
counter_attack_tau_thres:0.2
counter_attack_beta:2.0
counter_attack_weighted_perturbations:True
counter_attack_init_noise:uniform
counter_attack_gaussian_sigma:0.03
counter_attack_noisy_tau_num_anchors:10
counter_attack_tau:normal_anchors
pgd_clip_pure_i_text_embeddings:null
pgd_counter_and_clipure_i_lamda:1.0
image_feature_purify:False
image_feature_purify_type:noisy_anchor
image_feature_purify_noisy_anchors:10
image_feature_purify_anchors_alpha:1.2
image_feature_purify_noisy_sigma:0.18
image_feature_purify_diff_threshold:0.0
image_feature_clipure_steps:10
image_feature_clipure_step_size:10.0
save_plots:False
lr:0.005
selection_p:0.1
tta_steps:1
top_k:20
softmax_temp:0.01
load_tecoa:

2026-02-05 16:38:15,834 - ADV_Generation_eps_1.0_steps_100_Added_Noise_uniform_Eps_40.0_Tau_Type_normal_anchors - INFO - Use GPU: 0 for training
2026-02-05 16:41:19,913 - ADV_Generation_eps_1.0_steps_100_Added_Noise_uniform_Eps_40.0_Tau_Type_normal_anchors - INFO - => Model created: visual backbone fare4
2026-02-05 16:41:19,922 - ADV_Generation_eps_1.0_steps_100_Added_Noise_uniform_Eps_40.0_Tau_Type_normal_anchors - INFO - Number of test samples: 3783
2026-02-05 16:41:19,922 - ADV_Generation_eps_1.0_steps_100_Added_Noise_uniform_Eps_40.0_Tau_Type_normal_anchors - INFO - Evaluating dataset: UCF101
2026-02-05 16:41:19,923 - ADV_Generation_eps_1.0_steps_100_Added_Noise_uniform_Eps_40.0_Tau_Type_normal_anchors - INFO - Starting evaluation with batch size: 1, selection percentage: 0.1
2026-02-05 16:41:19,923 - ADV_Generation_eps_1.0_steps_100_Added_Noise_uniform_Eps_40.0_Tau_Type_normal_anchors - INFO - Using counter-attack with epsilon: 40.000000, alpha: 1.000000, steps: 0
2026-02-05 16:41:19,923 - ADV_Generation_eps_1.0_steps_100_Added_Noise_uniform_Eps_40.0_Tau_Type_normal_anchors - INFO - Adversarial examples will be loaded from /leonardo_work/EUHPC_R04_192/fmohamma/Adversarial_Robust_Clip/atpt_data/fare4/UCF101/adv_images_eps_1.0_alpha_0.25_steps_100 and evaluated on fare4
2026-02-05 16:41:19,923 - ADV_Generation_eps_1.0_steps_100_Added_Noise_uniform_Eps_40.0_Tau_Type_normal_anchors - INFO - Using directory for adversarial images: /leonardo_work/EUHPC_R04_192/fmohamma/Adversarial_Robust_Clip/atpt_data/fare4/UCF101/adv_images_eps_1.0_alpha_0.25_steps_100
2026-02-05 16:41:20,254 - ADV_Generation_eps_1.0_steps_100_Added_Noise_uniform_Eps_40.0_Tau_Type_normal_anchors - INFO - Batch:[0] Adversarial images for this batch already exist
2026-02-05 16:41:20,795 - ADV_Generation_eps_1.0_steps_100_Added_Noise_uniform_Eps_40.0_Tau_Type_normal_anchors - INFO - Batch 1/3783: Clean accuracy 0.0000 | Adv accuracy: 0.0000 | Counter-attack accuracy: 0.0000
2026-02-05 16:41:20,795 - ADV_Generation_eps_1.0_steps_100_Added_Noise_uniform_Eps_40.0_Tau_Type_normal_anchors - INFO - Batch:[1] Adversarial images for this batch already exist
2026-02-05 16:41:21,123 - ADV_Generation_eps_1.0_steps_100_Added_Noise_uniform_Eps_40.0_Tau_Type_normal_anchors - INFO - Batch 2/3783: Clean accuracy 0.5000 | Adv accuracy: 0.5000 | Counter-attack accuracy: 0.5000
2026-02-05 16:41:21,123 - ADV_Generation_eps_1.0_steps_100_Added_Noise_uniform_Eps_40.0_Tau_Type_normal_anchors - INFO - Batch:[2] Adversarial images for this batch already exist
2026-02-05 16:41:21,449 - ADV_Generation_eps_1.0_steps_100_Added_Noise_uniform_Eps_40.0_Tau_Type_normal_anchors - INFO - Batch 3/3783: Clean accuracy 0.6667 | Adv accuracy: 0.6667 | Counter-attack accuracy: 0.6667
2026-02-05 16:41:21,449 - ADV_Generation_eps_1.0_steps_100_Added_Noise_uniform_Eps_40.0_Tau_Type_normal_anchors - INFO - Batch:[3] Adversarial images for this batch already exist
2026-02-05 16:41:21,778 - ADV_Generation_eps_1.0_steps_100_Added_Noise_uniform_Eps_40.0_Tau_Type_normal_anchors - INFO - Batch 4/3783: Clean accuracy 0.7500 | Adv accuracy: 0.7500 | Counter-attack accuracy: 0.7500
2026-02-05 16:41:21,778 - ADV_Generation_eps_1.0_steps_100_Added_Noise_uniform_Eps_40.0_Tau_Type_normal_anchors - INFO - Batch:[4] Adversarial images for this batch already exist
2026-02-05 16:41:22,101 - ADV_Generation_eps_1.0_steps_100_Added_Noise_uniform_Eps_40.0_Tau_Type_normal_anchors - INFO - Batch 5/3783: Clean accuracy 0.8000 | Adv accuracy: 0.8000 | Counter-attack accuracy: 0.8000
2026-02-05 16:41:22,101 - ADV_Generation_eps_1.0_steps_100_Added_Noise_uniform_Eps_40.0_Tau_Type_normal_anchors - INFO - Batch:[5] Adversarial images for this batch already exist
2026-02-05 16:41:22,428 - ADV_Generation_eps_1.0_steps_100_Added_Noise_uniform_Eps_40.0_Tau_Type_normal_anchors - INFO - Batch 6/3783: Clean accuracy 0.8333 | Adv accuracy: 0.8333 | Counter-attack accuracy: 0.8333
2026-02-05 16:41:22,428 - ADV_Generation_eps_1.0_steps_100_Added_Noise_uniform_Eps_40.0_Tau_Type_normal_anchors - INFO - Batch:[6] Adversarial images for this batch already exist
2026-02-05 16:41:22,754 - ADV_Generation_eps_1.0_steps_100_Added_Noise_uniform_Eps_40.0_Tau_Type_normal_anchors - INFO - Batch 7/3783: Clean accuracy 0.8571 | Adv accuracy: 0.8571 | Counter-attack accuracy: 0.8571
2026-02-05 16:41:22,754 - ADV_Generation_eps_1.0_steps_100_Added_Noise_uniform_Eps_40.0_Tau_Type_normal_anchors - INFO - Batch:[7] Adversarial images for this batch already exist
2026-02-05 16:41:23,081 - ADV_Generation_eps_1.0_steps_100_Added_Noise_uniform_Eps_40.0_Tau_Type_normal_anchors - INFO - Batch 8/3783: Clean accuracy 0.8750 | Adv accuracy: 0.8750 | Counter-attack accuracy: 0.8750
2026-02-05 16:41:23,081 - ADV_Generation_eps_1.0_steps_100_Added_Noise_uniform_Eps_40.0_Tau_Type_normal_anchors - INFO - Batch:[8] Adversarial images for this batch already exist
2026-02-05 16:41:23,407 - ADV_Generation_eps_1.0_steps_100_Added_Noise_uniform_Eps_40.0_Tau_Type_normal_anchors - INFO - Batch 9/3783: Clean accuracy 0.8889 | Adv accuracy: 0.8889 | Counter-attack accuracy: 0.7778
2026-02-05 16:41:23,407 - ADV_Generation_eps_1.0_steps_100_Added_Noise_uniform_Eps_40.0_Tau_Type_normal_anchors - INFO - Batch:[9] Adversarial images for this batch already exist
2026-02-05 16:41:23,729 - ADV_Generation_eps_1.0_steps_100_Added_Noise_uniform_Eps_40.0_Tau_Type_normal_anchors - INFO - Batch 10/3783: Clean accuracy 0.9000 | Adv accuracy: 0.9000 | Counter-attack accuracy: 0.7000
2026-02-05 16:41:23,730 - ADV_Generation_eps_1.0_steps_100_Added_Noise_uniform_Eps_40.0_Tau_Type_normal_anchors - INFO - Batch:[10] Adversarial images for this batch already exist
2026-02-05 16:41:24,055 - ADV_Generation_eps_1.0_steps_100_Added_Noise_uniform_Eps_40.0_Tau_Type_normal_anchors - INFO - Batch 11/3783: Clean accuracy 0.9091 | Adv accuracy: 0.9091 | Counter-attack accuracy: 0.7273
2026-02-05 16:41:24,055 - ADV_Generation_eps_1.0_steps_100_Added_Noise_uniform_Eps_40.0_Tau_Type_normal_anchors - INFO - Batch:[11] Adversarial images for this batch already exist
2026-02-05 16:41:24,383 - ADV_Generation_eps_1.0_steps_100_Added_Noise_uniform_Eps_40.0_Tau_Type_normal_anchors - INFO - Batch 12/3783: Clean accuracy 0.9167 | Adv accuracy: 0.9167 | Counter-attack accuracy: 0.7500
2026-02-05 16:41:24,383 - ADV_Generation_eps_1.0_steps_100_Added_Noise_uniform_Eps_40.0_Tau_Type_normal_anchors - INFO - Batch:[12] Adversarial images for this batch already exist
2026-02-05 16:41:24,712 - ADV_Generation_eps_1.0_steps_100_Added_Noise_uniform_Eps_40.0_Tau_Type_normal_anchors - INFO - Batch 13/3783: Clean accuracy 0.9231 | Adv accuracy: 0.9231 | Counter-attack accuracy: 0.7692
2026-02-05 16:41:24,713 - ADV_Generation_eps_1.0_steps_100_Added_Noise_uniform_Eps_40.0_Tau_Type_normal_anchors - INFO - Batch:[13] Adversarial images for this batch already exist
2026-02-05 16:41:25,035 - ADV_Generation_eps_1.0_steps_100_Added_Noise_uniform_Eps_40.0_Tau_Type_normal_anchors - INFO - Batch 14/3783: Clean accuracy 0.9286 | Adv accuracy: 0.9286 | Counter-attack accuracy: 0.7857
2026-02-05 16:41:25,035 - ADV_Generation_eps_1.0_steps_100_Added_Noise_uniform_Eps_40.0_Tau_Type_normal_anchors - INFO - Batch:[14] Adversarial images for this batch already exist
2026-02-05 16:41:25,361 - ADV_Generation_eps_1.0_steps_100_Added_Noise_uniform_Eps_40.0_Tau_Type_normal_anchors - INFO - Batch 15/3783: Clean accuracy 0.9333 | Adv accuracy: 0.9333 | Counter-attack accuracy: 0.8000
2026-02-05 16:41:25,362 - ADV_Generation_eps_1.0_steps_100_Added_Noise_uniform_Eps_40.0_Tau_Type_normal_anchors - INFO - Batch:[15] Adversarial images for this batch already exist
2026-02-05 16:41:25,688 - ADV_Generation_eps_1.0_steps_100_Added_Noise_uniform_Eps_40.0_Tau_Type_normal_anchors - INFO - Batch 16/3783: Clean accuracy 0.9375 | Adv accuracy: 0.9375 | Counter-attack accuracy: 0.8125
2026-02-05 16:41:25,688 - ADV_Generation_eps_1.0_steps_100_Added_Noise_uniform_Eps_40.0_Tau_Type_normal_anchors - INFO - Batch:[16] Adversarial images for this batch already exist
2026-02-05 16:41:26,013 - ADV_Generation_eps_1.0_steps_100_Added_Noise_uniform_Eps_40.0_Tau_Type_normal_anchors - INFO - Batch 17/3783: Clean accuracy 0.9412 | Adv accuracy: 0.9412 | Counter-attack accuracy: 0.8235
2026-02-05 16:41:26,013 - ADV_Generation_eps_1.0_steps_100_Added_Noise_uniform_Eps_40.0_Tau_Type_normal_anchors - INFO - Batch:[17] Adversarial images for this batch already exist
2026-02-05 16:41:26,335 - ADV_Generation_eps_1.0_steps_100_Added_Noise_uniform_Eps_40.0_Tau_Type_normal_anchors - INFO - Batch 18/3783: Clean accuracy 0.9444 | Adv accuracy: 0.9444 | Counter-attack accuracy: 0.8333
2026-02-05 16:41:26,335 - ADV_Generation_eps_1.0_steps_100_Added_Noise_uniform_Eps_40.0_Tau_Type_normal_anchors - INFO - Batch:[18] Adversarial images for this batch already exist
2026-02-05 16:41:26,891 - ADV_Generation_eps_1.0_steps_100_Added_Noise_uniform_Eps_40.0_Tau_Type_normal_anchors - INFO - Batch 19/3783: Clean accuracy 0.9474 | Adv accuracy: 0.9474 | Counter-attack accuracy: 0.7895
2026-02-05 16:41:26,891 - ADV_Generation_eps_1.0_steps_100_Added_Noise_uniform_Eps_40.0_Tau_Type_normal_anchors - INFO - Batch:[19] Adversarial images for this batch already exist
2026-02-05 16:41:27,213 - ADV_Generation_eps_1.0_steps_100_Added_Noise_uniform_Eps_40.0_Tau_Type_normal_anchors - INFO - Batch 20/3783: Clean accuracy 0.9500 | Adv accuracy: 0.9500 | Counter-attack accuracy: 0.8000
2026-02-05 16:41:27,213 - ADV_Generation_eps_1.0_steps_100_Added_Noise_uniform_Eps_40.0_Tau_Type_normal_anchors - INFO - Batch:[20] Adversarial images for this batch already exist
2026-02-05 16:41:27,539 - ADV_Generation_eps_1.0_steps_100_Added_Noise_uniform_Eps_40.0_Tau_Type_normal_anchors - INFO - Batch 21/3783: Clean accuracy 0.9524 | Adv accuracy: 0.9524 | Counter-attack accuracy: 0.8095
2026-02-05 16:41:27,540 - ADV_Generation_eps_1.0_steps_100_Added_Noise_uniform_Eps_40.0_Tau_Type_normal_anchors - INFO - Batch:[21] Adversarial images for this batch already exist
2026-02-05 16:41:27,862 - ADV_Generation_eps_1.0_steps_100_Added_Noise_uniform_Eps_40.0_Tau_Type_normal_anchors - INFO - Batch 22/3783: Clean accuracy 0.9545 | Adv accuracy: 0.9545 | Counter-attack accuracy: 0.8182
2026-02-05 16:41:27,862 - ADV_Generation_eps_1.0_steps_100_Added_Noise_uniform_Eps_40.0_Tau_Type_normal_anchors - INFO - Batch:[22] Adversarial images for this batch already exist
2026-02-05 16:41:28,189 - ADV_Generation_eps_1.0_steps_100_Added_Noise_uniform_Eps_40.0_Tau_Type_normal_anchors - INFO - Batch 23/3783: Clean accuracy 0.9565 | Adv accuracy: 0.9565 | Counter-attack accuracy: 0.8261
2026-02-05 16:41:28,189 - ADV_Generation_eps_1.0_steps_100_Added_Noise_uniform_Eps_40.0_Tau_Type_normal_anchors - INFO - Batch:[23] Adversarial images for this batch already exist
2026-02-05 16:41:28,515 - ADV_Generation_eps_1.0_steps_100_Added_Noise_uniform_Eps_40.0_Tau_Type_normal_anchors - INFO - Batch 24/3783: Clean accuracy 0.9583 | Adv accuracy: 0.9583 | Counter-attack accuracy: 0.8333
2026-02-05 16:41:28,516 - ADV_Generation_eps_1.0_steps_100_Added_Noise_uniform_Eps_40.0_Tau_Type_normal_anchors - INFO - Batch:[24] Adversarial images for this batch already exist
2026-02-05 16:41:28,838 - ADV_Generation_eps_1.0_steps_100_Added_Noise_uniform_Eps_40.0_Tau_Type_normal_anchors - INFO - Batch 25/3783: Clean accuracy 0.9200 | Adv accuracy: 0.9200 | Counter-attack accuracy: 0.8000
2026-02-05 16:41:28,838 - ADV_Generation_eps_1.0_steps_100_Added_Noise_uniform_Eps_40.0_Tau_Type_normal_anchors - INFO - Batch:[25] Adversarial images for this batch already exist
2026-02-05 16:41:29,165 - ADV_Generation_eps_1.0_steps_100_Added_Noise_uniform_Eps_40.0_Tau_Type_normal_anchors - INFO - Batch 26/3783: Clean accuracy 0.9231 | Adv accuracy: 0.9231 | Counter-attack accuracy: 0.8077
2026-02-05 16:41:29,165 - ADV_Generation_eps_1.0_steps_100_Added_Noise_uniform_Eps_40.0_Tau_Type_normal_anchors - INFO - Batch:[26] Adversarial images for this batch already exist
2026-02-05 16:41:29,487 - ADV_Generation_eps_1.0_steps_100_Added_Noise_uniform_Eps_40.0_Tau_Type_normal_anchors - INFO - Batch 27/3783: Clean accuracy 0.9259 | Adv accuracy: 0.9259 | Counter-attack accuracy: 0.8148
2026-02-05 16:41:29,488 - ADV_Generation_eps_1.0_steps_100_Added_Noise_uniform_Eps_40.0_Tau_Type_normal_anchors - INFO - Batch:[27] Adversarial images for this batch already exist
2026-02-05 16:41:29,814 - ADV_Generation_eps_1.0_steps_100_Added_Noise_uniform_Eps_40.0_Tau_Type_normal_anchors - INFO - Batch 28/3783: Clean accuracy 0.9286 | Adv accuracy: 0.9286 | Counter-attack accuracy: 0.8214
2026-02-05 16:41:29,814 - ADV_Generation_eps_1.0_steps_100_Added_Noise_uniform_Eps_40.0_Tau_Type_normal_anchors - INFO - Batch:[28] Adversarial images for this batch already exist
2026-02-05 16:41:30,136 - ADV_Generation_eps_1.0_steps_100_Added_Noise_uniform_Eps_40.0_Tau_Type_normal_anchors - INFO - Batch 29/3783: Clean accuracy 0.9310 | Adv accuracy: 0.9310 | Counter-attack accuracy: 0.8276
2026-02-05 16:41:30,136 - ADV_Generation_eps_1.0_steps_100_Added_Noise_uniform_Eps_40.0_Tau_Type_normal_anchors - INFO - Batch:[29] Adversarial images for this batch already exist
2026-02-05 16:41:30,458 - ADV_Generation_eps_1.0_steps_100_Added_Noise_uniform_Eps_40.0_Tau_Type_normal_anchors - INFO - Batch 30/3783: Clean accuracy 0.9333 | Adv accuracy: 0.9333 | Counter-attack accuracy: 0.8333
2026-02-05 16:41:30,458 - ADV_Generation_eps_1.0_steps_100_Added_Noise_uniform_Eps_40.0_Tau_Type_normal_anchors - INFO - Batch:[30] Adversarial images for this batch already exist
2026-02-05 16:41:30,785 - ADV_Generation_eps_1.0_steps_100_Added_Noise_uniform_Eps_40.0_Tau_Type_normal_anchors - INFO - Batch 31/3783: Clean accuracy 0.9355 | Adv accuracy: 0.9355 | Counter-attack accuracy: 0.8387
2026-02-05 16:41:30,785 - ADV_Generation_eps_1.0_steps_100_Added_Noise_uniform_Eps_40.0_Tau_Type_normal_anchors - INFO - Batch:[31] Adversarial images for this batch already exist
2026-02-05 16:41:31,111 - ADV_Generation_eps_1.0_steps_100_Added_Noise_uniform_Eps_40.0_Tau_Type_normal_anchors - INFO - Batch 32/3783: Clean accuracy 0.9375 | Adv accuracy: 0.9375 | Counter-attack accuracy: 0.8438
2026-02-05 16:41:31,112 - ADV_Generation_eps_1.0_steps_100_Added_Noise_uniform_Eps_40.0_Tau_Type_normal_anchors - INFO - Batch:[32] Adversarial images for this batch already exist
2026-02-05 16:41:31,438 - ADV_Generation_eps_1.0_steps_100_Added_Noise_uniform_Eps_40.0_Tau_Type_normal_anchors - INFO - Batch 33/3783: Clean accuracy 0.9394 | Adv accuracy: 0.9091 | Counter-attack accuracy: 0.8182
2026-02-05 16:41:31,438 - ADV_Generation_eps_1.0_steps_100_Added_Noise_uniform_Eps_40.0_Tau_Type_normal_anchors - INFO - Batch:[33] Adversarial images for this batch already exist
2026-02-05 16:41:31,764 - ADV_Generation_eps_1.0_steps_100_Added_Noise_uniform_Eps_40.0_Tau_Type_normal_anchors - INFO - Batch 34/3783: Clean accuracy 0.9412 | Adv accuracy: 0.9118 | Counter-attack accuracy: 0.8235
2026-02-05 16:41:31,764 - ADV_Generation_eps_1.0_steps_100_Added_Noise_uniform_Eps_40.0_Tau_Type_normal_anchors - INFO - Batch:[34] Adversarial images for this batch already exist
2026-02-05 16:41:32,090 - ADV_Generation_eps_1.0_steps_100_Added_Noise_uniform_Eps_40.0_Tau_Type_normal_anchors - INFO - Batch 35/3783: Clean accuracy 0.9429 | Adv accuracy: 0.9143 | Counter-attack accuracy: 0.8286
2026-02-05 16:41:32,091 - ADV_Generation_eps_1.0_steps_100_Added_Noise_uniform_Eps_40.0_Tau_Type_normal_anchors - INFO - Batch:[35] Adversarial images for this batch already exist
2026-02-05 16:41:32,417 - ADV_Generation_eps_1.0_steps_100_Added_Noise_uniform_Eps_40.0_Tau_Type_normal_anchors - INFO - Batch 36/3783: Clean accuracy 0.9444 | Adv accuracy: 0.9167 | Counter-attack accuracy: 0.8333
2026-02-05 16:41:32,417 - ADV_Generation_eps_1.0_steps_100_Added_Noise_uniform_Eps_40.0_Tau_Type_normal_anchors - INFO - Batch:[36] Adversarial images for this batch already exist
2026-02-05 16:41:32,743 - ADV_Generation_eps_1.0_steps_100_Added_Noise_uniform_Eps_40.0_Tau_Type_normal_anchors - INFO - Batch 37/3783: Clean accuracy 0.9459 | Adv accuracy: 0.9189 | Counter-attack accuracy: 0.8378
2026-02-05 16:41:32,743 - ADV_Generation_eps_1.0_steps_100_Added_Noise_uniform_Eps_40.0_Tau_Type_normal_anchors - INFO - Batch:[37] Adversarial images for this batch already exist
2026-02-05 16:41:33,070 - ADV_Generation_eps_1.0_steps_100_Added_Noise_uniform_Eps_40.0_Tau_Type_normal_anchors - INFO - Batch 38/3783: Clean accuracy 0.9474 | Adv accuracy: 0.8947 | Counter-attack accuracy: 0.8158
2026-02-05 16:41:33,071 - ADV_Generation_eps_1.0_steps_100_Added_Noise_uniform_Eps_40.0_Tau_Type_normal_anchors - INFO - Batch:[38] Adversarial images for this batch already exist
2026-02-05 16:41:33,397 - ADV_Generation_eps_1.0_steps_100_Added_Noise_uniform_Eps_40.0_Tau_Type_normal_anchors - INFO - Batch 39/3783: Clean accuracy 0.9487 | Adv accuracy: 0.8974 | Counter-attack accuracy: 0.7949
2026-02-05 16:41:33,397 - ADV_Generation_eps_1.0_steps_100_Added_Noise_uniform_Eps_40.0_Tau_Type_normal_anchors - INFO - Batch:[39] Adversarial images for this batch already exist
2026-02-05 16:41:33,723 - ADV_Generation_eps_1.0_steps_100_Added_Noise_uniform_Eps_40.0_Tau_Type_normal_anchors - INFO - Batch 40/3783: Clean accuracy 0.9500 | Adv accuracy: 0.9000 | Counter-attack accuracy: 0.8000
2026-02-05 16:41:33,723 - ADV_Generation_eps_1.0_steps_100_Added_Noise_uniform_Eps_40.0_Tau_Type_normal_anchors - INFO - Batch:[40] Adversarial images for this batch already exist
2026-02-05 16:41:34,050 - ADV_Generation_eps_1.0_steps_100_Added_Noise_uniform_Eps_40.0_Tau_Type_normal_anchors - INFO - Batch 41/3783: Clean accuracy 0.9512 | Adv accuracy: 0.9024 | Counter-attack accuracy: 0.8049
2026-02-05 16:41:34,051 - ADV_Generation_eps_1.0_steps_100_Added_Noise_uniform_Eps_40.0_Tau_Type_normal_anchors - INFO - Batch:[41] Adversarial images for this batch already exist
2026-02-05 16:41:34,378 - ADV_Generation_eps_1.0_steps_100_Added_Noise_uniform_Eps_40.0_Tau_Type_normal_anchors - INFO - Batch 42/3783: Clean accuracy 0.9524 | Adv accuracy: 0.9048 | Counter-attack accuracy: 0.8095
2026-02-05 16:41:34,378 - ADV_Generation_eps_1.0_steps_100_Added_Noise_uniform_Eps_40.0_Tau_Type_normal_anchors - INFO - Batch:[42] Adversarial images for this batch already exist
2026-02-05 16:41:34,706 - ADV_Generation_eps_1.0_steps_100_Added_Noise_uniform_Eps_40.0_Tau_Type_normal_anchors - INFO - Batch 43/3783: Clean accuracy 0.9535 | Adv accuracy: 0.8837 | Counter-attack accuracy: 0.7907
2026-02-05 16:41:34,707 - ADV_Generation_eps_1.0_steps_100_Added_Noise_uniform_Eps_40.0_Tau_Type_normal_anchors - INFO - Batch:[43] Adversarial images for this batch already exist
2026-02-05 16:41:35,033 - ADV_Generation_eps_1.0_steps_100_Added_Noise_uniform_Eps_40.0_Tau_Type_normal_anchors - INFO - Batch 44/3783: Clean accuracy 0.9545 | Adv accuracy: 0.8864 | Counter-attack accuracy: 0.7955
2026-02-05 16:41:35,033 - ADV_Generation_eps_1.0_steps_100_Added_Noise_uniform_Eps_40.0_Tau_Type_normal_anchors - INFO - Batch:[44] Adversarial images for this batch already exist
2026-02-05 16:41:35,359 - ADV_Generation_eps_1.0_steps_100_Added_Noise_uniform_Eps_40.0_Tau_Type_normal_anchors - INFO - Batch 45/3783: Clean accuracy 0.9333 | Adv accuracy: 0.8667 | Counter-attack accuracy: 0.7778
2026-02-05 16:41:35,360 - ADV_Generation_eps_1.0_steps_100_Added_Noise_uniform_Eps_40.0_Tau_Type_normal_anchors - INFO - Batch:[45] Adversarial images for this batch already exist
2026-02-05 16:41:35,686 - ADV_Generation_eps_1.0_steps_100_Added_Noise_uniform_Eps_40.0_Tau_Type_normal_anchors - INFO - Batch 46/3783: Clean accuracy 0.9348 | Adv accuracy: 0.8696 | Counter-attack accuracy: 0.7609
2026-02-05 16:41:35,687 - ADV_Generation_eps_1.0_steps_100_Added_Noise_uniform_Eps_40.0_Tau_Type_normal_anchors - INFO - Batch:[46] Adversarial images for this batch already exist
2026-02-05 16:41:36,014 - ADV_Generation_eps_1.0_steps_100_Added_Noise_uniform_Eps_40.0_Tau_Type_normal_anchors - INFO - Batch 47/3783: Clean accuracy 0.9149 | Adv accuracy: 0.8511 | Counter-attack accuracy: 0.7447
2026-02-05 16:41:36,014 - ADV_Generation_eps_1.0_steps_100_Added_Noise_uniform_Eps_40.0_Tau_Type_normal_anchors - INFO - Batch:[47] Adversarial images for this batch already exist
2026-02-05 16:41:36,339 - ADV_Generation_eps_1.0_steps_100_Added_Noise_uniform_Eps_40.0_Tau_Type_normal_anchors - INFO - Batch 48/3783: Clean accuracy 0.9167 | Adv accuracy: 0.8333 | Counter-attack accuracy: 0.7292
2026-02-05 16:41:36,339 - ADV_Generation_eps_1.0_steps_100_Added_Noise_uniform_Eps_40.0_Tau_Type_normal_anchors - INFO - Batch:[48] Adversarial images for this batch already exist
2026-02-05 16:41:36,661 - ADV_Generation_eps_1.0_steps_100_Added_Noise_uniform_Eps_40.0_Tau_Type_normal_anchors - INFO - Batch 49/3783: Clean accuracy 0.9184 | Adv accuracy: 0.8367 | Counter-attack accuracy: 0.7347
2026-02-05 16:41:36,661 - ADV_Generation_eps_1.0_steps_100_Added_Noise_uniform_Eps_40.0_Tau_Type_normal_anchors - INFO - Batch:[49] Adversarial images for this batch already exist
2026-02-05 16:41:36,988 - ADV_Generation_eps_1.0_steps_100_Added_Noise_uniform_Eps_40.0_Tau_Type_normal_anchors - INFO - Batch 50/3783: Clean accuracy 0.9000 | Adv accuracy: 0.8200 | Counter-attack accuracy: 0.7200
2026-02-05 16:41:36,988 - ADV_Generation_eps_1.0_steps_100_Added_Noise_uniform_Eps_40.0_Tau_Type_normal_anchors - INFO - Batch:[50] Adversarial images for this batch already exist
2026-02-05 16:41:37,315 - ADV_Generation_eps_1.0_steps_100_Added_Noise_uniform_Eps_40.0_Tau_Type_normal_anchors - INFO - Batch 51/3783: Clean accuracy 0.8824 | Adv accuracy: 0.8039 | Counter-attack accuracy: 0.7059
2026-02-05 16:41:37,315 - ADV_Generation_eps_1.0_steps_100_Added_Noise_uniform_Eps_40.0_Tau_Type_normal_anchors - INFO - Batch:[51] Adversarial images for this batch already exist
2026-02-05 16:41:37,643 - ADV_Generation_eps_1.0_steps_100_Added_Noise_uniform_Eps_40.0_Tau_Type_normal_anchors - INFO - Batch 52/3783: Clean accuracy 0.8654 | Adv accuracy: 0.7885 | Counter-attack accuracy: 0.6923
2026-02-05 16:41:37,643 - ADV_Generation_eps_1.0_steps_100_Added_Noise_uniform_Eps_40.0_Tau_Type_normal_anchors - INFO - Batch:[52] Adversarial images for this batch already exist
2026-02-05 16:41:37,969 - ADV_Generation_eps_1.0_steps_100_Added_Noise_uniform_Eps_40.0_Tau_Type_normal_anchors - INFO - Batch 53/3783: Clean accuracy 0.8491 | Adv accuracy: 0.7736 | Counter-attack accuracy: 0.6792
2026-02-05 16:41:37,970 - ADV_Generation_eps_1.0_steps_100_Added_Noise_uniform_Eps_40.0_Tau_Type_normal_anchors - INFO - Batch:[53] Adversarial images for this batch already exist
2026-02-05 16:41:38,297 - ADV_Generation_eps_1.0_steps_100_Added_Noise_uniform_Eps_40.0_Tau_Type_normal_anchors - INFO - Batch 54/3783: Clean accuracy 0.8519 | Adv accuracy: 0.7593 | Counter-attack accuracy: 0.6667
2026-02-05 16:41:38,298 - ADV_Generation_eps_1.0_steps_100_Added_Noise_uniform_Eps_40.0_Tau_Type_normal_anchors - INFO - Batch:[54] Adversarial images for this batch already exist
2026-02-05 16:41:38,625 - ADV_Generation_eps_1.0_steps_100_Added_Noise_uniform_Eps_40.0_Tau_Type_normal_anchors - INFO - Batch 55/3783: Clean accuracy 0.8545 | Adv accuracy: 0.7455 | Counter-attack accuracy: 0.6545
2026-02-05 16:41:38,626 - ADV_Generation_eps_1.0_steps_100_Added_Noise_uniform_Eps_40.0_Tau_Type_normal_anchors - INFO - Batch:[55] Adversarial images for this batch already exist
2026-02-05 16:41:38,952 - ADV_Generation_eps_1.0_steps_100_Added_Noise_uniform_Eps_40.0_Tau_Type_normal_anchors - INFO - Batch 56/3783: Clean accuracy 0.8571 | Adv accuracy: 0.7500 | Counter-attack accuracy: 0.6607
2026-02-05 16:41:38,952 - ADV_Generation_eps_1.0_steps_100_Added_Noise_uniform_Eps_40.0_Tau_Type_normal_anchors - INFO - Batch:[56] Adversarial images for this batch already exist
2026-02-05 16:41:39,275 - ADV_Generation_eps_1.0_steps_100_Added_Noise_uniform_Eps_40.0_Tau_Type_normal_anchors - INFO - Batch 57/3783: Clean accuracy 0.8421 | Adv accuracy: 0.7368 | Counter-attack accuracy: 0.6491
2026-02-05 16:41:39,275 - ADV_Generation_eps_1.0_steps_100_Added_Noise_uniform_Eps_40.0_Tau_Type_normal_anchors - INFO - Batch:[57] Adversarial images for this batch already exist
2026-02-05 16:41:39,601 - ADV_Generation_eps_1.0_steps_100_Added_Noise_uniform_Eps_40.0_Tau_Type_normal_anchors - INFO - Batch 58/3783: Clean accuracy 0.8276 | Adv accuracy: 0.7241 | Counter-attack accuracy: 0.6379
2026-02-05 16:41:39,602 - ADV_Generation_eps_1.0_steps_100_Added_Noise_uniform_Eps_40.0_Tau_Type_normal_anchors - INFO - Batch:[58] Adversarial images for this batch already exist
2026-02-05 16:41:39,928 - ADV_Generation_eps_1.0_steps_100_Added_Noise_uniform_Eps_40.0_Tau_Type_normal_anchors - INFO - Batch 59/3783: Clean accuracy 0.8305 | Adv accuracy: 0.7288 | Counter-attack accuracy: 0.6271
2026-02-05 16:41:39,928 - ADV_Generation_eps_1.0_steps_100_Added_Noise_uniform_Eps_40.0_Tau_Type_normal_anchors - INFO - Batch:[59] Adversarial images for this batch already exist
2026-02-05 16:41:40,255 - ADV_Generation_eps_1.0_steps_100_Added_Noise_uniform_Eps_40.0_Tau_Type_normal_anchors - INFO - Batch 60/3783: Clean accuracy 0.8333 | Adv accuracy: 0.7333 | Counter-attack accuracy: 0.6333
2026-02-05 16:41:40,255 - ADV_Generation_eps_1.0_steps_100_Added_Noise_uniform_Eps_40.0_Tau_Type_normal_anchors - INFO - Batch:[60] Adversarial images for this batch already exist
2026-02-05 16:41:40,582 - ADV_Generation_eps_1.0_steps_100_Added_Noise_uniform_Eps_40.0_Tau_Type_normal_anchors - INFO - Batch 61/3783: Clean accuracy 0.8361 | Adv accuracy: 0.7377 | Counter-attack accuracy: 0.6393
2026-02-05 16:41:40,582 - ADV_Generation_eps_1.0_steps_100_Added_Noise_uniform_Eps_40.0_Tau_Type_normal_anchors - INFO - Batch:[61] Adversarial images for this batch already exist
2026-02-05 16:41:40,911 - ADV_Generation_eps_1.0_steps_100_Added_Noise_uniform_Eps_40.0_Tau_Type_normal_anchors - INFO - Batch 62/3783: Clean accuracy 0.8387 | Adv accuracy: 0.7258 | Counter-attack accuracy: 0.6290
2026-02-05 16:41:40,911 - ADV_Generation_eps_1.0_steps_100_Added_Noise_uniform_Eps_40.0_Tau_Type_normal_anchors - INFO - Batch:[62] Adversarial images for this batch already exist
2026-02-05 16:41:41,233 - ADV_Generation_eps_1.0_steps_100_Added_Noise_uniform_Eps_40.0_Tau_Type_normal_anchors - INFO - Batch 63/3783: Clean accuracy 0.8413 | Adv accuracy: 0.7302 | Counter-attack accuracy: 0.6349
2026-02-05 16:41:41,233 - ADV_Generation_eps_1.0_steps_100_Added_Noise_uniform_Eps_40.0_Tau_Type_normal_anchors - INFO - Batch:[63] Adversarial images for this batch already exist
2026-02-05 16:41:41,555 - ADV_Generation_eps_1.0_steps_100_Added_Noise_uniform_Eps_40.0_Tau_Type_normal_anchors - INFO - Batch 64/3783: Clean accuracy 0.8438 | Adv accuracy: 0.7344 | Counter-attack accuracy: 0.6406
2026-02-05 16:41:41,555 - ADV_Generation_eps_1.0_steps_100_Added_Noise_uniform_Eps_40.0_Tau_Type_normal_anchors - INFO - Batch:[64] Adversarial images for this batch already exist
2026-02-05 16:41:41,881 - ADV_Generation_eps_1.0_steps_100_Added_Noise_uniform_Eps_40.0_Tau_Type_normal_anchors - INFO - Batch 65/3783: Clean accuracy 0.8462 | Adv accuracy: 0.7385 | Counter-attack accuracy: 0.6462
2026-02-05 16:41:41,882 - ADV_Generation_eps_1.0_steps_100_Added_Noise_uniform_Eps_40.0_Tau_Type_normal_anchors - INFO - Batch:[65] Adversarial images for this batch already exist
2026-02-05 16:41:42,208 - ADV_Generation_eps_1.0_steps_100_Added_Noise_uniform_Eps_40.0_Tau_Type_normal_anchors - INFO - Batch 66/3783: Clean accuracy 0.8485 | Adv accuracy: 0.7273 | Counter-attack accuracy: 0.6364
2026-02-05 16:41:42,208 - ADV_Generation_eps_1.0_steps_100_Added_Noise_uniform_Eps_40.0_Tau_Type_normal_anchors - INFO - Batch:[66] Adversarial images for this batch already exist
2026-02-05 16:41:42,530 - ADV_Generation_eps_1.0_steps_100_Added_Noise_uniform_Eps_40.0_Tau_Type_normal_anchors - INFO - Batch 67/3783: Clean accuracy 0.8358 | Adv accuracy: 0.7164 | Counter-attack accuracy: 0.6269
2026-02-05 16:41:42,531 - ADV_Generation_eps_1.0_steps_100_Added_Noise_uniform_Eps_40.0_Tau_Type_normal_anchors - INFO - Batch:[67] Adversarial images for this batch already exist
2026-02-05 16:41:42,857 - ADV_Generation_eps_1.0_steps_100_Added_Noise_uniform_Eps_40.0_Tau_Type_normal_anchors - INFO - Batch 68/3783: Clean accuracy 0.8235 | Adv accuracy: 0.7059 | Counter-attack accuracy: 0.6176
2026-02-05 16:41:42,857 - ADV_Generation_eps_1.0_steps_100_Added_Noise_uniform_Eps_40.0_Tau_Type_normal_anchors - INFO - Batch:[68] Adversarial images for this batch already exist
2026-02-05 16:41:43,180 - ADV_Generation_eps_1.0_steps_100_Added_Noise_uniform_Eps_40.0_Tau_Type_normal_anchors - INFO - Batch 69/3783: Clean accuracy 0.8261 | Adv accuracy: 0.7101 | Counter-attack accuracy: 0.6232
2026-02-05 16:41:43,180 - ADV_Generation_eps_1.0_steps_100_Added_Noise_uniform_Eps_40.0_Tau_Type_normal_anchors - INFO - Batch:[69] Adversarial images for this batch already exist
2026-02-05 16:41:43,505 - ADV_Generation_eps_1.0_steps_100_Added_Noise_uniform_Eps_40.0_Tau_Type_normal_anchors - INFO - Batch 70/3783: Clean accuracy 0.8286 | Adv accuracy: 0.7143 | Counter-attack accuracy: 0.6286
2026-02-05 16:41:43,505 - ADV_Generation_eps_1.0_steps_100_Added_Noise_uniform_Eps_40.0_Tau_Type_normal_anchors - INFO - Batch:[70] Adversarial images for this batch already exist
2026-02-05 16:41:43,832 - ADV_Generation_eps_1.0_steps_100_Added_Noise_uniform_Eps_40.0_Tau_Type_normal_anchors - INFO - Batch 71/3783: Clean accuracy 0.8310 | Adv accuracy: 0.7183 | Counter-attack accuracy: 0.6338
2026-02-05 16:41:43,832 - ADV_Generation_eps_1.0_steps_100_Added_Noise_uniform_Eps_40.0_Tau_Type_normal_anchors - INFO - Batch:[71] Adversarial images for this batch already exist
2026-02-05 16:41:44,158 - ADV_Generation_eps_1.0_steps_100_Added_Noise_uniform_Eps_40.0_Tau_Type_normal_anchors - INFO - Batch 72/3783: Clean accuracy 0.8333 | Adv accuracy: 0.7222 | Counter-attack accuracy: 0.6389
2026-02-05 16:41:44,159 - ADV_Generation_eps_1.0_steps_100_Added_Noise_uniform_Eps_40.0_Tau_Type_normal_anchors - INFO - Batch:[72] Adversarial images for this batch already exist
2026-02-05 16:41:44,485 - ADV_Generation_eps_1.0_steps_100_Added_Noise_uniform_Eps_40.0_Tau_Type_normal_anchors - INFO - Batch 73/3783: Clean accuracy 0.8356 | Adv accuracy: 0.7123 | Counter-attack accuracy: 0.6301
2026-02-05 16:41:44,485 - ADV_Generation_eps_1.0_steps_100_Added_Noise_uniform_Eps_40.0_Tau_Type_normal_anchors - INFO - Batch:[73] Adversarial images for this batch already exist
2026-02-05 16:41:44,807 - ADV_Generation_eps_1.0_steps_100_Added_Noise_uniform_Eps_40.0_Tau_Type_normal_anchors - INFO - Batch 74/3783: Clean accuracy 0.8243 | Adv accuracy: 0.7027 | Counter-attack accuracy: 0.6216
2026-02-05 16:41:44,808 - ADV_Generation_eps_1.0_steps_100_Added_Noise_uniform_Eps_40.0_Tau_Type_normal_anchors - INFO - Batch:[74] Adversarial images for this batch already exist
2026-02-05 16:41:45,130 - ADV_Generation_eps_1.0_steps_100_Added_Noise_uniform_Eps_40.0_Tau_Type_normal_anchors - INFO - Batch 75/3783: Clean accuracy 0.8267 | Adv accuracy: 0.6933 | Counter-attack accuracy: 0.6133
2026-02-05 16:41:45,130 - ADV_Generation_eps_1.0_steps_100_Added_Noise_uniform_Eps_40.0_Tau_Type_normal_anchors - INFO - Batch:[75] Adversarial images for this batch already exist
2026-02-05 16:41:45,456 - ADV_Generation_eps_1.0_steps_100_Added_Noise_uniform_Eps_40.0_Tau_Type_normal_anchors - INFO - Batch 76/3783: Clean accuracy 0.8289 | Adv accuracy: 0.6842 | Counter-attack accuracy: 0.6053
2026-02-05 16:41:45,456 - ADV_Generation_eps_1.0_steps_100_Added_Noise_uniform_Eps_40.0_Tau_Type_normal_anchors - INFO - Batch:[76] Adversarial images for this batch already exist
2026-02-05 16:41:45,783 - ADV_Generation_eps_1.0_steps_100_Added_Noise_uniform_Eps_40.0_Tau_Type_normal_anchors - INFO - Batch 77/3783: Clean accuracy 0.8312 | Adv accuracy: 0.6883 | Counter-attack accuracy: 0.6104
2026-02-05 16:41:45,783 - ADV_Generation_eps_1.0_steps_100_Added_Noise_uniform_Eps_40.0_Tau_Type_normal_anchors - INFO - Batch:[77] Adversarial images for this batch already exist
2026-02-05 16:41:46,110 - ADV_Generation_eps_1.0_steps_100_Added_Noise_uniform_Eps_40.0_Tau_Type_normal_anchors - INFO - Batch 78/3783: Clean accuracy 0.8333 | Adv accuracy: 0.6923 | Counter-attack accuracy: 0.6154
2026-02-05 16:41:46,111 - ADV_Generation_eps_1.0_steps_100_Added_Noise_uniform_Eps_40.0_Tau_Type_normal_anchors - INFO - Batch:[78] Adversarial images for this batch already exist
2026-02-05 16:41:46,440 - ADV_Generation_eps_1.0_steps_100_Added_Noise_uniform_Eps_40.0_Tau_Type_normal_anchors - INFO - Batch 79/3783: Clean accuracy 0.8354 | Adv accuracy: 0.6962 | Counter-attack accuracy: 0.6203
2026-02-05 16:41:46,440 - ADV_Generation_eps_1.0_steps_100_Added_Noise_uniform_Eps_40.0_Tau_Type_normal_anchors - INFO - Batch:[79] Adversarial images for this batch already exist
2026-02-05 16:41:46,768 - ADV_Generation_eps_1.0_steps_100_Added_Noise_uniform_Eps_40.0_Tau_Type_normal_anchors - INFO - Batch 80/3783: Clean accuracy 0.8375 | Adv accuracy: 0.7000 | Counter-attack accuracy: 0.6250
2026-02-05 16:41:46,768 - ADV_Generation_eps_1.0_steps_100_Added_Noise_uniform_Eps_40.0_Tau_Type_normal_anchors - INFO - Batch:[80] Adversarial images for this batch already exist
2026-02-05 16:41:47,095 - ADV_Generation_eps_1.0_steps_100_Added_Noise_uniform_Eps_40.0_Tau_Type_normal_anchors - INFO - Batch 81/3783: Clean accuracy 0.8272 | Adv accuracy: 0.6914 | Counter-attack accuracy: 0.6173
2026-02-05 16:41:47,095 - ADV_Generation_eps_1.0_steps_100_Added_Noise_uniform_Eps_40.0_Tau_Type_normal_anchors - INFO - Batch:[81] Adversarial images for this batch already exist
2026-02-05 16:41:47,417 - ADV_Generation_eps_1.0_steps_100_Added_Noise_uniform_Eps_40.0_Tau_Type_normal_anchors - INFO - Batch 82/3783: Clean accuracy 0.8293 | Adv accuracy: 0.6951 | Counter-attack accuracy: 0.6098
2026-02-05 16:41:47,417 - ADV_Generation_eps_1.0_steps_100_Added_Noise_uniform_Eps_40.0_Tau_Type_normal_anchors - INFO - Batch:[82] Adversarial images for this batch already exist
2026-02-05 16:41:47,740 - ADV_Generation_eps_1.0_steps_100_Added_Noise_uniform_Eps_40.0_Tau_Type_normal_anchors - INFO - Batch 83/3783: Clean accuracy 0.8313 | Adv accuracy: 0.6988 | Counter-attack accuracy: 0.6145
2026-02-05 16:41:47,740 - ADV_Generation_eps_1.0_steps_100_Added_Noise_uniform_Eps_40.0_Tau_Type_normal_anchors - INFO - Batch:[83] Adversarial images for this batch already exist
2026-02-05 16:41:48,067 - ADV_Generation_eps_1.0_steps_100_Added_Noise_uniform_Eps_40.0_Tau_Type_normal_anchors - INFO - Batch 84/3783: Clean accuracy 0.8333 | Adv accuracy: 0.6905 | Counter-attack accuracy: 0.6190
2026-02-05 16:41:48,067 - ADV_Generation_eps_1.0_steps_100_Added_Noise_uniform_Eps_40.0_Tau_Type_normal_anchors - INFO - Batch:[84] Adversarial images for this batch already exist
2026-02-05 16:41:48,393 - ADV_Generation_eps_1.0_steps_100_Added_Noise_uniform_Eps_40.0_Tau_Type_normal_anchors - INFO - Batch 85/3783: Clean accuracy 0.8235 | Adv accuracy: 0.6824 | Counter-attack accuracy: 0.6118
2026-02-05 16:41:48,394 - ADV_Generation_eps_1.0_steps_100_Added_Noise_uniform_Eps_40.0_Tau_Type_normal_anchors - INFO - Batch:[85] Adversarial images for this batch already exist
2026-02-05 16:41:48,720 - ADV_Generation_eps_1.0_steps_100_Added_Noise_uniform_Eps_40.0_Tau_Type_normal_anchors - INFO - Batch 86/3783: Clean accuracy 0.8256 | Adv accuracy: 0.6860 | Counter-attack accuracy: 0.6163
2026-02-05 16:41:48,720 - ADV_Generation_eps_1.0_steps_100_Added_Noise_uniform_Eps_40.0_Tau_Type_normal_anchors - INFO - Batch:[86] Adversarial images for this batch already exist
2026-02-05 16:41:49,047 - ADV_Generation_eps_1.0_steps_100_Added_Noise_uniform_Eps_40.0_Tau_Type_normal_anchors - INFO - Batch 87/3783: Clean accuracy 0.8276 | Adv accuracy: 0.6897 | Counter-attack accuracy: 0.6207
2026-02-05 16:41:49,047 - ADV_Generation_eps_1.0_steps_100_Added_Noise_uniform_Eps_40.0_Tau_Type_normal_anchors - INFO - Batch:[87] Adversarial images for this batch already exist
2026-02-05 16:41:49,374 - ADV_Generation_eps_1.0_steps_100_Added_Noise_uniform_Eps_40.0_Tau_Type_normal_anchors - INFO - Batch 88/3783: Clean accuracy 0.8295 | Adv accuracy: 0.6932 | Counter-attack accuracy: 0.6250
2026-02-05 16:41:49,374 - ADV_Generation_eps_1.0_steps_100_Added_Noise_uniform_Eps_40.0_Tau_Type_normal_anchors - INFO - Batch:[88] Adversarial images for this batch already exist
2026-02-05 16:41:49,701 - ADV_Generation_eps_1.0_steps_100_Added_Noise_uniform_Eps_40.0_Tau_Type_normal_anchors - INFO - Batch 89/3783: Clean accuracy 0.8315 | Adv accuracy: 0.6966 | Counter-attack accuracy: 0.6292
2026-02-05 16:41:49,701 - ADV_Generation_eps_1.0_steps_100_Added_Noise_uniform_Eps_40.0_Tau_Type_normal_anchors - INFO - Batch:[89] Adversarial images for this batch already exist
2026-02-05 16:41:50,029 - ADV_Generation_eps_1.0_steps_100_Added_Noise_uniform_Eps_40.0_Tau_Type_normal_anchors - INFO - Batch 90/3783: Clean accuracy 0.8333 | Adv accuracy: 0.7000 | Counter-attack accuracy: 0.6333
2026-02-05 16:41:50,030 - ADV_Generation_eps_1.0_steps_100_Added_Noise_uniform_Eps_40.0_Tau_Type_normal_anchors - INFO - Batch:[90] Adversarial images for this batch already exist
2026-02-05 16:41:50,352 - ADV_Generation_eps_1.0_steps_100_Added_Noise_uniform_Eps_40.0_Tau_Type_normal_anchors - INFO - Batch 91/3783: Clean accuracy 0.8352 | Adv accuracy: 0.7033 | Counter-attack accuracy: 0.6264
2026-02-05 16:41:50,352 - ADV_Generation_eps_1.0_steps_100_Added_Noise_uniform_Eps_40.0_Tau_Type_normal_anchors - INFO - Batch:[91] Adversarial images for this batch already exist
2026-02-05 16:41:50,679 - ADV_Generation_eps_1.0_steps_100_Added_Noise_uniform_Eps_40.0_Tau_Type_normal_anchors - INFO - Batch 92/3783: Clean accuracy 0.8370 | Adv accuracy: 0.7065 | Counter-attack accuracy: 0.6304
2026-02-05 16:41:50,679 - ADV_Generation_eps_1.0_steps_100_Added_Noise_uniform_Eps_40.0_Tau_Type_normal_anchors - INFO - Batch:[92] Adversarial images for this batch already exist
2026-02-05 16:41:51,001 - ADV_Generation_eps_1.0_steps_100_Added_Noise_uniform_Eps_40.0_Tau_Type_normal_anchors - INFO - Batch 93/3783: Clean accuracy 0.8387 | Adv accuracy: 0.7097 | Counter-attack accuracy: 0.6344
2026-02-05 16:41:51,001 - ADV_Generation_eps_1.0_steps_100_Added_Noise_uniform_Eps_40.0_Tau_Type_normal_anchors - INFO - Batch:[93] Adversarial images for this batch already exist
2026-02-05 16:41:51,328 - ADV_Generation_eps_1.0_steps_100_Added_Noise_uniform_Eps_40.0_Tau_Type_normal_anchors - INFO - Batch 94/3783: Clean accuracy 0.8404 | Adv accuracy: 0.7128 | Counter-attack accuracy: 0.6383
2026-02-05 16:41:51,328 - ADV_Generation_eps_1.0_steps_100_Added_Noise_uniform_Eps_40.0_Tau_Type_normal_anchors - INFO - Batch:[94] Adversarial images for this batch already exist
2026-02-05 16:41:51,655 - ADV_Generation_eps_1.0_steps_100_Added_Noise_uniform_Eps_40.0_Tau_Type_normal_anchors - INFO - Batch 95/3783: Clean accuracy 0.8421 | Adv accuracy: 0.7158 | Counter-attack accuracy: 0.6421
2026-02-05 16:41:51,655 - ADV_Generation_eps_1.0_steps_100_Added_Noise_uniform_Eps_40.0_Tau_Type_normal_anchors - INFO - Batch:[95] Adversarial images for this batch already exist
2026-02-05 16:41:51,981 - ADV_Generation_eps_1.0_steps_100_Added_Noise_uniform_Eps_40.0_Tau_Type_normal_anchors - INFO - Batch 96/3783: Clean accuracy 0.8438 | Adv accuracy: 0.7188 | Counter-attack accuracy: 0.6458
2026-02-05 16:41:51,981 - ADV_Generation_eps_1.0_steps_100_Added_Noise_uniform_Eps_40.0_Tau_Type_normal_anchors - INFO - Batch:[96] Adversarial images for this batch already exist
2026-02-05 16:41:52,304 - ADV_Generation_eps_1.0_steps_100_Added_Noise_uniform_Eps_40.0_Tau_Type_normal_anchors - INFO - Batch 97/3783: Clean accuracy 0.8454 | Adv accuracy: 0.7216 | Counter-attack accuracy: 0.6495
2026-02-05 16:41:52,304 - ADV_Generation_eps_1.0_steps_100_Added_Noise_uniform_Eps_40.0_Tau_Type_normal_anchors - INFO - Batch:[97] Adversarial images for this batch already exist
2026-02-05 16:41:52,630 - ADV_Generation_eps_1.0_steps_100_Added_Noise_uniform_Eps_40.0_Tau_Type_normal_anchors - INFO - Batch 98/3783: Clean accuracy 0.8469 | Adv accuracy: 0.7143 | Counter-attack accuracy: 0.6429
2026-02-05 16:41:52,631 - ADV_Generation_eps_1.0_steps_100_Added_Noise_uniform_Eps_40.0_Tau_Type_normal_anchors - INFO - Batch:[98] Adversarial images for this batch already exist
2026-02-05 16:41:52,957 - ADV_Generation_eps_1.0_steps_100_Added_Noise_uniform_Eps_40.0_Tau_Type_normal_anchors - INFO - Batch 99/3783: Clean accuracy 0.8485 | Adv accuracy: 0.7172 | Counter-attack accuracy: 0.6465
2026-02-05 16:41:52,957 - ADV_Generation_eps_1.0_steps_100_Added_Noise_uniform_Eps_40.0_Tau_Type_normal_anchors - INFO - Batch:[99] Adversarial images for this batch already exist
