2026-02-05 15:08:11,757 - ADV_Generation_eps_8.0_steps_100_Added_Noise_uniform_Eps_32.0_Tau_Type_normal_anchors - INFO - ==========================================
data:/leonardo_work/EUHPC_R04_192/fmohamma/Adversarial_Robust_Clip/atpt_data/downstream_datasets
test_sets:UCF101
dataset_mode:test
arch:ViT-L/14
resolution:224
transferability:False
source_model:fare4
workers:4
no_pin_memory:False
batch_size:1
adv_bs:1
print_freq:20
gpu:0
no_cudnn_benchmark:False
n_ctx:4
ctx_init:a_photo_of_a
seed:0
output_dir:/leonardo_work/EUHPC_R04_192/fmohamma/Adversarial_Robust_Clip/atpt_data/ViT-L/14/UCF101
log_output_dir:/leonardo_work/EUHPC_R04_192/fmohamma/Adversarial_Robust_Clip/ATPT/Diffratio_Adv_gen_Results/ViT-L/14/UCF101/ADV_Generation_eps_8.0_steps_100_Added_Noise_uniform_Eps_32.0_Tau_Type_normal_anchors
image_only_attack:False
image_only_attack_type:prm
image_predicted_label_attack:False
eps:8.0
alpha:2.0
alpha_eps_ratio:4.0
steps:100
counter_attack:True
counter_attack_type:pgd
counter_attack_steps:0
counter_attack_eps:32.0
counter_attack_alpha:1.0
counter_attack_tau_thres:0.2
counter_attack_beta:2.0
counter_attack_weighted_perturbations:True
counter_attack_init_noise:uniform
counter_attack_gaussian_sigma:0.03
counter_attack_noisy_tau_num_anchors:10
counter_attack_tau:normal_anchors
pgd_clip_pure_i_text_embeddings:null
pgd_counter_and_clipure_i_lamda:1.0
image_feature_purify:False
image_feature_purify_type:noisy_anchor
image_feature_purify_noisy_anchors:10
image_feature_purify_anchors_alpha:1.2
image_feature_purify_noisy_sigma:0.18
image_feature_purify_diff_threshold:0.0
image_feature_clipure_steps:10
image_feature_clipure_step_size:10.0
save_plots:False
lr:0.005
selection_p:0.1
tta_steps:1
top_k:20
softmax_temp:0.01
load_tecoa:

2026-02-05 15:08:11,758 - ADV_Generation_eps_8.0_steps_100_Added_Noise_uniform_Eps_32.0_Tau_Type_normal_anchors - INFO - Use GPU: 0 for training
2026-02-05 15:08:22,795 - ADV_Generation_eps_8.0_steps_100_Added_Noise_uniform_Eps_32.0_Tau_Type_normal_anchors - INFO - => Model created: visual backbone ViT-L/14
2026-02-05 15:08:22,804 - ADV_Generation_eps_8.0_steps_100_Added_Noise_uniform_Eps_32.0_Tau_Type_normal_anchors - INFO - Number of test samples: 3783
2026-02-05 15:08:22,805 - ADV_Generation_eps_8.0_steps_100_Added_Noise_uniform_Eps_32.0_Tau_Type_normal_anchors - INFO - Evaluating dataset: UCF101
2026-02-05 15:08:22,806 - ADV_Generation_eps_8.0_steps_100_Added_Noise_uniform_Eps_32.0_Tau_Type_normal_anchors - INFO - Starting evaluation with batch size: 1, selection percentage: 0.1
2026-02-05 15:08:22,806 - ADV_Generation_eps_8.0_steps_100_Added_Noise_uniform_Eps_32.0_Tau_Type_normal_anchors - INFO - Using counter-attack with epsilon: 32.000000, alpha: 1.000000, steps: 0
2026-02-05 15:08:22,806 - ADV_Generation_eps_8.0_steps_100_Added_Noise_uniform_Eps_32.0_Tau_Type_normal_anchors - INFO - Adversarial examples will be loaded from /leonardo_work/EUHPC_R04_192/fmohamma/Adversarial_Robust_Clip/atpt_data/ViT-L/14/UCF101/adv_images_eps_8.0_alpha_2.0_steps_100 and evaluated on ViT-L/14
2026-02-05 15:08:22,806 - ADV_Generation_eps_8.0_steps_100_Added_Noise_uniform_Eps_32.0_Tau_Type_normal_anchors - INFO - Using directory for adversarial images: /leonardo_work/EUHPC_R04_192/fmohamma/Adversarial_Robust_Clip/atpt_data/ViT-L/14/UCF101/adv_images_eps_8.0_alpha_2.0_steps_100
2026-02-05 15:08:23,145 - ADV_Generation_eps_8.0_steps_100_Added_Noise_uniform_Eps_32.0_Tau_Type_normal_anchors - INFO - Batch:[0] Adversarial images for this batch already exist
2026-02-05 15:08:23,690 - ADV_Generation_eps_8.0_steps_100_Added_Noise_uniform_Eps_32.0_Tau_Type_normal_anchors - INFO - Batch 1/3783: Clean accuracy 1.0000 | Adv accuracy: 0.0000 | Counter-attack accuracy: 0.0000
2026-02-05 15:08:23,691 - ADV_Generation_eps_8.0_steps_100_Added_Noise_uniform_Eps_32.0_Tau_Type_normal_anchors - INFO - Batch:[1] Adversarial images for this batch already exist
2026-02-05 15:08:24,022 - ADV_Generation_eps_8.0_steps_100_Added_Noise_uniform_Eps_32.0_Tau_Type_normal_anchors - INFO - Batch 2/3783: Clean accuracy 1.0000 | Adv accuracy: 0.0000 | Counter-attack accuracy: 0.5000
2026-02-05 15:08:24,023 - ADV_Generation_eps_8.0_steps_100_Added_Noise_uniform_Eps_32.0_Tau_Type_normal_anchors - INFO - Batch:[2] Adversarial images for this batch already exist
2026-02-05 15:08:24,347 - ADV_Generation_eps_8.0_steps_100_Added_Noise_uniform_Eps_32.0_Tau_Type_normal_anchors - INFO - Batch 3/3783: Clean accuracy 1.0000 | Adv accuracy: 0.0000 | Counter-attack accuracy: 0.6667
2026-02-05 15:08:24,348 - ADV_Generation_eps_8.0_steps_100_Added_Noise_uniform_Eps_32.0_Tau_Type_normal_anchors - INFO - Batch:[3] Adversarial images for this batch already exist
2026-02-05 15:08:24,671 - ADV_Generation_eps_8.0_steps_100_Added_Noise_uniform_Eps_32.0_Tau_Type_normal_anchors - INFO - Batch 4/3783: Clean accuracy 1.0000 | Adv accuracy: 0.0000 | Counter-attack accuracy: 0.7500
2026-02-05 15:08:24,672 - ADV_Generation_eps_8.0_steps_100_Added_Noise_uniform_Eps_32.0_Tau_Type_normal_anchors - INFO - Batch:[4] Adversarial images for this batch already exist
2026-02-05 15:08:24,996 - ADV_Generation_eps_8.0_steps_100_Added_Noise_uniform_Eps_32.0_Tau_Type_normal_anchors - INFO - Batch 5/3783: Clean accuracy 1.0000 | Adv accuracy: 0.0000 | Counter-attack accuracy: 0.8000
2026-02-05 15:08:24,996 - ADV_Generation_eps_8.0_steps_100_Added_Noise_uniform_Eps_32.0_Tau_Type_normal_anchors - INFO - Batch:[5] Adversarial images for this batch already exist
2026-02-05 15:08:25,342 - ADV_Generation_eps_8.0_steps_100_Added_Noise_uniform_Eps_32.0_Tau_Type_normal_anchors - INFO - Batch 6/3783: Clean accuracy 1.0000 | Adv accuracy: 0.0000 | Counter-attack accuracy: 0.8333
2026-02-05 15:08:25,342 - ADV_Generation_eps_8.0_steps_100_Added_Noise_uniform_Eps_32.0_Tau_Type_normal_anchors - INFO - Batch:[6] Adversarial images for this batch already exist
2026-02-05 15:08:25,687 - ADV_Generation_eps_8.0_steps_100_Added_Noise_uniform_Eps_32.0_Tau_Type_normal_anchors - INFO - Batch 7/3783: Clean accuracy 1.0000 | Adv accuracy: 0.0000 | Counter-attack accuracy: 0.8571
2026-02-05 15:08:25,689 - ADV_Generation_eps_8.0_steps_100_Added_Noise_uniform_Eps_32.0_Tau_Type_normal_anchors - INFO - Batch:[7] Adversarial images for this batch already exist
2026-02-05 15:08:26,033 - ADV_Generation_eps_8.0_steps_100_Added_Noise_uniform_Eps_32.0_Tau_Type_normal_anchors - INFO - Batch 8/3783: Clean accuracy 1.0000 | Adv accuracy: 0.0000 | Counter-attack accuracy: 0.8750
2026-02-05 15:08:26,035 - ADV_Generation_eps_8.0_steps_100_Added_Noise_uniform_Eps_32.0_Tau_Type_normal_anchors - INFO - Batch:[8] Adversarial images for this batch already exist
2026-02-05 15:08:26,375 - ADV_Generation_eps_8.0_steps_100_Added_Noise_uniform_Eps_32.0_Tau_Type_normal_anchors - INFO - Batch 9/3783: Clean accuracy 1.0000 | Adv accuracy: 0.0000 | Counter-attack accuracy: 0.7778
2026-02-05 15:08:26,376 - ADV_Generation_eps_8.0_steps_100_Added_Noise_uniform_Eps_32.0_Tau_Type_normal_anchors - INFO - Batch:[9] Adversarial images for this batch already exist
2026-02-05 15:08:26,720 - ADV_Generation_eps_8.0_steps_100_Added_Noise_uniform_Eps_32.0_Tau_Type_normal_anchors - INFO - Batch 10/3783: Clean accuracy 1.0000 | Adv accuracy: 0.0000 | Counter-attack accuracy: 0.7000
2026-02-05 15:08:26,721 - ADV_Generation_eps_8.0_steps_100_Added_Noise_uniform_Eps_32.0_Tau_Type_normal_anchors - INFO - Batch:[10] Adversarial images for this batch already exist
2026-02-05 15:08:27,064 - ADV_Generation_eps_8.0_steps_100_Added_Noise_uniform_Eps_32.0_Tau_Type_normal_anchors - INFO - Batch 11/3783: Clean accuracy 1.0000 | Adv accuracy: 0.0000 | Counter-attack accuracy: 0.7273
2026-02-05 15:08:27,064 - ADV_Generation_eps_8.0_steps_100_Added_Noise_uniform_Eps_32.0_Tau_Type_normal_anchors - INFO - Batch:[11] Adversarial images for this batch already exist
2026-02-05 15:08:27,438 - ADV_Generation_eps_8.0_steps_100_Added_Noise_uniform_Eps_32.0_Tau_Type_normal_anchors - INFO - Batch 12/3783: Clean accuracy 1.0000 | Adv accuracy: 0.0000 | Counter-attack accuracy: 0.7500
2026-02-05 15:08:27,439 - ADV_Generation_eps_8.0_steps_100_Added_Noise_uniform_Eps_32.0_Tau_Type_normal_anchors - INFO - Batch:[12] Adversarial images for this batch already exist
2026-02-05 15:08:27,796 - ADV_Generation_eps_8.0_steps_100_Added_Noise_uniform_Eps_32.0_Tau_Type_normal_anchors - INFO - Batch 13/3783: Clean accuracy 1.0000 | Adv accuracy: 0.0000 | Counter-attack accuracy: 0.7692
2026-02-05 15:08:27,797 - ADV_Generation_eps_8.0_steps_100_Added_Noise_uniform_Eps_32.0_Tau_Type_normal_anchors - INFO - Batch:[13] Adversarial images for this batch already exist
2026-02-05 15:08:28,133 - ADV_Generation_eps_8.0_steps_100_Added_Noise_uniform_Eps_32.0_Tau_Type_normal_anchors - INFO - Batch 14/3783: Clean accuracy 1.0000 | Adv accuracy: 0.0000 | Counter-attack accuracy: 0.7857
2026-02-05 15:08:28,134 - ADV_Generation_eps_8.0_steps_100_Added_Noise_uniform_Eps_32.0_Tau_Type_normal_anchors - INFO - Batch:[14] Adversarial images for this batch already exist
2026-02-05 15:08:28,474 - ADV_Generation_eps_8.0_steps_100_Added_Noise_uniform_Eps_32.0_Tau_Type_normal_anchors - INFO - Batch 15/3783: Clean accuracy 1.0000 | Adv accuracy: 0.0000 | Counter-attack accuracy: 0.8000
2026-02-05 15:08:28,476 - ADV_Generation_eps_8.0_steps_100_Added_Noise_uniform_Eps_32.0_Tau_Type_normal_anchors - INFO - Batch:[15] Adversarial images for this batch already exist
2026-02-05 15:08:28,815 - ADV_Generation_eps_8.0_steps_100_Added_Noise_uniform_Eps_32.0_Tau_Type_normal_anchors - INFO - Batch 16/3783: Clean accuracy 1.0000 | Adv accuracy: 0.0000 | Counter-attack accuracy: 0.8125
2026-02-05 15:08:28,818 - ADV_Generation_eps_8.0_steps_100_Added_Noise_uniform_Eps_32.0_Tau_Type_normal_anchors - INFO - Batch:[16] Adversarial images for this batch already exist
2026-02-05 15:08:29,152 - ADV_Generation_eps_8.0_steps_100_Added_Noise_uniform_Eps_32.0_Tau_Type_normal_anchors - INFO - Batch 17/3783: Clean accuracy 1.0000 | Adv accuracy: 0.0000 | Counter-attack accuracy: 0.8235
2026-02-05 15:08:29,157 - ADV_Generation_eps_8.0_steps_100_Added_Noise_uniform_Eps_32.0_Tau_Type_normal_anchors - INFO - Batch:[17] Adversarial images for this batch already exist
2026-02-05 15:08:29,492 - ADV_Generation_eps_8.0_steps_100_Added_Noise_uniform_Eps_32.0_Tau_Type_normal_anchors - INFO - Batch 18/3783: Clean accuracy 1.0000 | Adv accuracy: 0.0000 | Counter-attack accuracy: 0.8333
2026-02-05 15:08:29,495 - ADV_Generation_eps_8.0_steps_100_Added_Noise_uniform_Eps_32.0_Tau_Type_normal_anchors - INFO - Batch:[18] Adversarial images for this batch already exist
2026-02-05 15:08:29,833 - ADV_Generation_eps_8.0_steps_100_Added_Noise_uniform_Eps_32.0_Tau_Type_normal_anchors - INFO - Batch 19/3783: Clean accuracy 1.0000 | Adv accuracy: 0.0000 | Counter-attack accuracy: 0.7895
2026-02-05 15:08:29,833 - ADV_Generation_eps_8.0_steps_100_Added_Noise_uniform_Eps_32.0_Tau_Type_normal_anchors - INFO - Batch:[19] Adversarial images for this batch already exist
2026-02-05 15:08:30,343 - ADV_Generation_eps_8.0_steps_100_Added_Noise_uniform_Eps_32.0_Tau_Type_normal_anchors - INFO - Batch 20/3783: Clean accuracy 1.0000 | Adv accuracy: 0.0000 | Counter-attack accuracy: 0.8000
2026-02-05 15:08:30,343 - ADV_Generation_eps_8.0_steps_100_Added_Noise_uniform_Eps_32.0_Tau_Type_normal_anchors - INFO - Batch:[20] Adversarial images for this batch already exist
2026-02-05 15:08:30,674 - ADV_Generation_eps_8.0_steps_100_Added_Noise_uniform_Eps_32.0_Tau_Type_normal_anchors - INFO - Batch 21/3783: Clean accuracy 1.0000 | Adv accuracy: 0.0000 | Counter-attack accuracy: 0.8095
2026-02-05 15:08:30,675 - ADV_Generation_eps_8.0_steps_100_Added_Noise_uniform_Eps_32.0_Tau_Type_normal_anchors - INFO - Batch:[21] Adversarial images for this batch already exist
2026-02-05 15:08:31,025 - ADV_Generation_eps_8.0_steps_100_Added_Noise_uniform_Eps_32.0_Tau_Type_normal_anchors - INFO - Batch 22/3783: Clean accuracy 1.0000 | Adv accuracy: 0.0000 | Counter-attack accuracy: 0.8182
2026-02-05 15:08:31,027 - ADV_Generation_eps_8.0_steps_100_Added_Noise_uniform_Eps_32.0_Tau_Type_normal_anchors - INFO - Batch:[22] Adversarial images for this batch already exist
2026-02-05 15:08:31,363 - ADV_Generation_eps_8.0_steps_100_Added_Noise_uniform_Eps_32.0_Tau_Type_normal_anchors - INFO - Batch 23/3783: Clean accuracy 1.0000 | Adv accuracy: 0.0000 | Counter-attack accuracy: 0.8261
2026-02-05 15:08:31,364 - ADV_Generation_eps_8.0_steps_100_Added_Noise_uniform_Eps_32.0_Tau_Type_normal_anchors - INFO - Batch:[23] Adversarial images for this batch already exist
2026-02-05 15:08:31,745 - ADV_Generation_eps_8.0_steps_100_Added_Noise_uniform_Eps_32.0_Tau_Type_normal_anchors - INFO - Batch 24/3783: Clean accuracy 1.0000 | Adv accuracy: 0.0000 | Counter-attack accuracy: 0.8333
2026-02-05 15:08:31,746 - ADV_Generation_eps_8.0_steps_100_Added_Noise_uniform_Eps_32.0_Tau_Type_normal_anchors - INFO - Batch:[24] Adversarial images for this batch already exist
2026-02-05 15:08:32,111 - ADV_Generation_eps_8.0_steps_100_Added_Noise_uniform_Eps_32.0_Tau_Type_normal_anchors - INFO - Batch 25/3783: Clean accuracy 1.0000 | Adv accuracy: 0.0000 | Counter-attack accuracy: 0.8000
2026-02-05 15:08:32,112 - ADV_Generation_eps_8.0_steps_100_Added_Noise_uniform_Eps_32.0_Tau_Type_normal_anchors - INFO - Batch:[25] Adversarial images for this batch already exist
2026-02-05 15:08:32,480 - ADV_Generation_eps_8.0_steps_100_Added_Noise_uniform_Eps_32.0_Tau_Type_normal_anchors - INFO - Batch 26/3783: Clean accuracy 1.0000 | Adv accuracy: 0.0000 | Counter-attack accuracy: 0.8077
2026-02-05 15:08:32,482 - ADV_Generation_eps_8.0_steps_100_Added_Noise_uniform_Eps_32.0_Tau_Type_normal_anchors - INFO - Batch:[26] Adversarial images for this batch already exist
2026-02-05 15:08:32,819 - ADV_Generation_eps_8.0_steps_100_Added_Noise_uniform_Eps_32.0_Tau_Type_normal_anchors - INFO - Batch 27/3783: Clean accuracy 1.0000 | Adv accuracy: 0.0000 | Counter-attack accuracy: 0.8148
2026-02-05 15:08:32,820 - ADV_Generation_eps_8.0_steps_100_Added_Noise_uniform_Eps_32.0_Tau_Type_normal_anchors - INFO - Batch:[27] Adversarial images for this batch already exist
2026-02-05 15:08:33,188 - ADV_Generation_eps_8.0_steps_100_Added_Noise_uniform_Eps_32.0_Tau_Type_normal_anchors - INFO - Batch 28/3783: Clean accuracy 1.0000 | Adv accuracy: 0.0000 | Counter-attack accuracy: 0.7857
2026-02-05 15:08:33,192 - ADV_Generation_eps_8.0_steps_100_Added_Noise_uniform_Eps_32.0_Tau_Type_normal_anchors - INFO - Batch:[28] Adversarial images for this batch already exist
2026-02-05 15:08:33,540 - ADV_Generation_eps_8.0_steps_100_Added_Noise_uniform_Eps_32.0_Tau_Type_normal_anchors - INFO - Batch 29/3783: Clean accuracy 1.0000 | Adv accuracy: 0.0000 | Counter-attack accuracy: 0.7931
2026-02-05 15:08:33,540 - ADV_Generation_eps_8.0_steps_100_Added_Noise_uniform_Eps_32.0_Tau_Type_normal_anchors - INFO - Batch:[29] Adversarial images for this batch already exist
2026-02-05 15:08:33,935 - ADV_Generation_eps_8.0_steps_100_Added_Noise_uniform_Eps_32.0_Tau_Type_normal_anchors - INFO - Batch 30/3783: Clean accuracy 1.0000 | Adv accuracy: 0.0000 | Counter-attack accuracy: 0.8000
2026-02-05 15:08:33,936 - ADV_Generation_eps_8.0_steps_100_Added_Noise_uniform_Eps_32.0_Tau_Type_normal_anchors - INFO - Batch:[30] Adversarial images for this batch already exist
2026-02-05 15:08:34,295 - ADV_Generation_eps_8.0_steps_100_Added_Noise_uniform_Eps_32.0_Tau_Type_normal_anchors - INFO - Batch 31/3783: Clean accuracy 1.0000 | Adv accuracy: 0.0000 | Counter-attack accuracy: 0.8065
2026-02-05 15:08:34,297 - ADV_Generation_eps_8.0_steps_100_Added_Noise_uniform_Eps_32.0_Tau_Type_normal_anchors - INFO - Batch:[31] Adversarial images for this batch already exist
2026-02-05 15:08:34,648 - ADV_Generation_eps_8.0_steps_100_Added_Noise_uniform_Eps_32.0_Tau_Type_normal_anchors - INFO - Batch 32/3783: Clean accuracy 1.0000 | Adv accuracy: 0.0000 | Counter-attack accuracy: 0.8125
2026-02-05 15:08:34,650 - ADV_Generation_eps_8.0_steps_100_Added_Noise_uniform_Eps_32.0_Tau_Type_normal_anchors - INFO - Batch:[32] Adversarial images for this batch already exist
2026-02-05 15:08:34,988 - ADV_Generation_eps_8.0_steps_100_Added_Noise_uniform_Eps_32.0_Tau_Type_normal_anchors - INFO - Batch 33/3783: Clean accuracy 1.0000 | Adv accuracy: 0.0000 | Counter-attack accuracy: 0.7879
2026-02-05 15:08:34,989 - ADV_Generation_eps_8.0_steps_100_Added_Noise_uniform_Eps_32.0_Tau_Type_normal_anchors - INFO - Batch:[33] Adversarial images for this batch already exist
2026-02-05 15:08:35,338 - ADV_Generation_eps_8.0_steps_100_Added_Noise_uniform_Eps_32.0_Tau_Type_normal_anchors - INFO - Batch 34/3783: Clean accuracy 1.0000 | Adv accuracy: 0.0000 | Counter-attack accuracy: 0.7941
2026-02-05 15:08:35,339 - ADV_Generation_eps_8.0_steps_100_Added_Noise_uniform_Eps_32.0_Tau_Type_normal_anchors - INFO - Batch:[34] Adversarial images for this batch already exist
2026-02-05 15:08:35,674 - ADV_Generation_eps_8.0_steps_100_Added_Noise_uniform_Eps_32.0_Tau_Type_normal_anchors - INFO - Batch 35/3783: Clean accuracy 1.0000 | Adv accuracy: 0.0000 | Counter-attack accuracy: 0.8000
2026-02-05 15:08:35,676 - ADV_Generation_eps_8.0_steps_100_Added_Noise_uniform_Eps_32.0_Tau_Type_normal_anchors - INFO - Batch:[35] Adversarial images for this batch already exist
2026-02-05 15:08:36,012 - ADV_Generation_eps_8.0_steps_100_Added_Noise_uniform_Eps_32.0_Tau_Type_normal_anchors - INFO - Batch 36/3783: Clean accuracy 1.0000 | Adv accuracy: 0.0000 | Counter-attack accuracy: 0.8056
2026-02-05 15:08:36,012 - ADV_Generation_eps_8.0_steps_100_Added_Noise_uniform_Eps_32.0_Tau_Type_normal_anchors - INFO - Batch:[36] Adversarial images for this batch already exist
2026-02-05 15:08:36,341 - ADV_Generation_eps_8.0_steps_100_Added_Noise_uniform_Eps_32.0_Tau_Type_normal_anchors - INFO - Batch 37/3783: Clean accuracy 1.0000 | Adv accuracy: 0.0000 | Counter-attack accuracy: 0.8108
2026-02-05 15:08:36,342 - ADV_Generation_eps_8.0_steps_100_Added_Noise_uniform_Eps_32.0_Tau_Type_normal_anchors - INFO - Batch:[37] Adversarial images for this batch already exist
2026-02-05 15:08:36,685 - ADV_Generation_eps_8.0_steps_100_Added_Noise_uniform_Eps_32.0_Tau_Type_normal_anchors - INFO - Batch 38/3783: Clean accuracy 1.0000 | Adv accuracy: 0.0000 | Counter-attack accuracy: 0.7895
2026-02-05 15:08:36,686 - ADV_Generation_eps_8.0_steps_100_Added_Noise_uniform_Eps_32.0_Tau_Type_normal_anchors - INFO - Batch:[38] Adversarial images for this batch already exist
2026-02-05 15:08:37,024 - ADV_Generation_eps_8.0_steps_100_Added_Noise_uniform_Eps_32.0_Tau_Type_normal_anchors - INFO - Batch 39/3783: Clean accuracy 1.0000 | Adv accuracy: 0.0000 | Counter-attack accuracy: 0.7692
2026-02-05 15:08:37,025 - ADV_Generation_eps_8.0_steps_100_Added_Noise_uniform_Eps_32.0_Tau_Type_normal_anchors - INFO - Batch:[39] Adversarial images for this batch already exist
2026-02-05 15:08:37,369 - ADV_Generation_eps_8.0_steps_100_Added_Noise_uniform_Eps_32.0_Tau_Type_normal_anchors - INFO - Batch 40/3783: Clean accuracy 1.0000 | Adv accuracy: 0.0000 | Counter-attack accuracy: 0.7500
2026-02-05 15:08:37,370 - ADV_Generation_eps_8.0_steps_100_Added_Noise_uniform_Eps_32.0_Tau_Type_normal_anchors - INFO - Batch:[40] Adversarial images for this batch already exist
2026-02-05 15:08:37,717 - ADV_Generation_eps_8.0_steps_100_Added_Noise_uniform_Eps_32.0_Tau_Type_normal_anchors - INFO - Batch 41/3783: Clean accuracy 1.0000 | Adv accuracy: 0.0000 | Counter-attack accuracy: 0.7561
2026-02-05 15:08:37,718 - ADV_Generation_eps_8.0_steps_100_Added_Noise_uniform_Eps_32.0_Tau_Type_normal_anchors - INFO - Batch:[41] Adversarial images for this batch already exist
2026-02-05 15:08:38,060 - ADV_Generation_eps_8.0_steps_100_Added_Noise_uniform_Eps_32.0_Tau_Type_normal_anchors - INFO - Batch 42/3783: Clean accuracy 1.0000 | Adv accuracy: 0.0000 | Counter-attack accuracy: 0.7381
2026-02-05 15:08:38,061 - ADV_Generation_eps_8.0_steps_100_Added_Noise_uniform_Eps_32.0_Tau_Type_normal_anchors - INFO - Batch:[42] Adversarial images for this batch already exist
2026-02-05 15:08:38,402 - ADV_Generation_eps_8.0_steps_100_Added_Noise_uniform_Eps_32.0_Tau_Type_normal_anchors - INFO - Batch 43/3783: Clean accuracy 1.0000 | Adv accuracy: 0.0000 | Counter-attack accuracy: 0.7209
2026-02-05 15:08:38,403 - ADV_Generation_eps_8.0_steps_100_Added_Noise_uniform_Eps_32.0_Tau_Type_normal_anchors - INFO - Batch:[43] Adversarial images for this batch already exist
2026-02-05 15:08:38,736 - ADV_Generation_eps_8.0_steps_100_Added_Noise_uniform_Eps_32.0_Tau_Type_normal_anchors - INFO - Batch 44/3783: Clean accuracy 1.0000 | Adv accuracy: 0.0000 | Counter-attack accuracy: 0.7045
2026-02-05 15:08:38,736 - ADV_Generation_eps_8.0_steps_100_Added_Noise_uniform_Eps_32.0_Tau_Type_normal_anchors - INFO - Batch:[44] Adversarial images for this batch already exist
2026-02-05 15:08:39,081 - ADV_Generation_eps_8.0_steps_100_Added_Noise_uniform_Eps_32.0_Tau_Type_normal_anchors - INFO - Batch 45/3783: Clean accuracy 0.9778 | Adv accuracy: 0.0000 | Counter-attack accuracy: 0.6889
2026-02-05 15:08:39,082 - ADV_Generation_eps_8.0_steps_100_Added_Noise_uniform_Eps_32.0_Tau_Type_normal_anchors - INFO - Batch:[45] Adversarial images for this batch already exist
2026-02-05 15:08:39,421 - ADV_Generation_eps_8.0_steps_100_Added_Noise_uniform_Eps_32.0_Tau_Type_normal_anchors - INFO - Batch 46/3783: Clean accuracy 0.9783 | Adv accuracy: 0.0000 | Counter-attack accuracy: 0.6739
2026-02-05 15:08:39,421 - ADV_Generation_eps_8.0_steps_100_Added_Noise_uniform_Eps_32.0_Tau_Type_normal_anchors - INFO - Batch:[46] Adversarial images for this batch already exist
2026-02-05 15:08:39,758 - ADV_Generation_eps_8.0_steps_100_Added_Noise_uniform_Eps_32.0_Tau_Type_normal_anchors - INFO - Batch 47/3783: Clean accuracy 0.9574 | Adv accuracy: 0.0000 | Counter-attack accuracy: 0.6596
2026-02-05 15:08:39,761 - ADV_Generation_eps_8.0_steps_100_Added_Noise_uniform_Eps_32.0_Tau_Type_normal_anchors - INFO - Batch:[47] Adversarial images for this batch already exist
2026-02-05 15:08:40,102 - ADV_Generation_eps_8.0_steps_100_Added_Noise_uniform_Eps_32.0_Tau_Type_normal_anchors - INFO - Batch 48/3783: Clean accuracy 0.9375 | Adv accuracy: 0.0000 | Counter-attack accuracy: 0.6458
2026-02-05 15:08:40,102 - ADV_Generation_eps_8.0_steps_100_Added_Noise_uniform_Eps_32.0_Tau_Type_normal_anchors - INFO - Batch:[48] Adversarial images for this batch already exist
2026-02-05 15:08:40,432 - ADV_Generation_eps_8.0_steps_100_Added_Noise_uniform_Eps_32.0_Tau_Type_normal_anchors - INFO - Batch 49/3783: Clean accuracy 0.9388 | Adv accuracy: 0.0000 | Counter-attack accuracy: 0.6327
2026-02-05 15:08:40,435 - ADV_Generation_eps_8.0_steps_100_Added_Noise_uniform_Eps_32.0_Tau_Type_normal_anchors - INFO - Batch:[49] Adversarial images for this batch already exist
2026-02-05 15:08:40,773 - ADV_Generation_eps_8.0_steps_100_Added_Noise_uniform_Eps_32.0_Tau_Type_normal_anchors - INFO - Batch 50/3783: Clean accuracy 0.9400 | Adv accuracy: 0.0000 | Counter-attack accuracy: 0.6200
2026-02-05 15:08:40,774 - ADV_Generation_eps_8.0_steps_100_Added_Noise_uniform_Eps_32.0_Tau_Type_normal_anchors - INFO - Batch:[50] Adversarial images for this batch already exist
2026-02-05 15:08:41,112 - ADV_Generation_eps_8.0_steps_100_Added_Noise_uniform_Eps_32.0_Tau_Type_normal_anchors - INFO - Batch 51/3783: Clean accuracy 0.9412 | Adv accuracy: 0.0000 | Counter-attack accuracy: 0.6078
2026-02-05 15:08:41,113 - ADV_Generation_eps_8.0_steps_100_Added_Noise_uniform_Eps_32.0_Tau_Type_normal_anchors - INFO - Batch:[51] Adversarial images for this batch already exist
2026-02-05 15:08:41,452 - ADV_Generation_eps_8.0_steps_100_Added_Noise_uniform_Eps_32.0_Tau_Type_normal_anchors - INFO - Batch 52/3783: Clean accuracy 0.9423 | Adv accuracy: 0.0000 | Counter-attack accuracy: 0.5962
2026-02-05 15:08:41,453 - ADV_Generation_eps_8.0_steps_100_Added_Noise_uniform_Eps_32.0_Tau_Type_normal_anchors - INFO - Batch:[52] Adversarial images for this batch already exist
2026-02-05 15:08:41,805 - ADV_Generation_eps_8.0_steps_100_Added_Noise_uniform_Eps_32.0_Tau_Type_normal_anchors - INFO - Batch 53/3783: Clean accuracy 0.9434 | Adv accuracy: 0.0000 | Counter-attack accuracy: 0.5849
2026-02-05 15:08:41,805 - ADV_Generation_eps_8.0_steps_100_Added_Noise_uniform_Eps_32.0_Tau_Type_normal_anchors - INFO - Batch:[53] Adversarial images for this batch already exist
2026-02-05 15:08:42,140 - ADV_Generation_eps_8.0_steps_100_Added_Noise_uniform_Eps_32.0_Tau_Type_normal_anchors - INFO - Batch 54/3783: Clean accuracy 0.9259 | Adv accuracy: 0.0000 | Counter-attack accuracy: 0.5741
2026-02-05 15:08:42,140 - ADV_Generation_eps_8.0_steps_100_Added_Noise_uniform_Eps_32.0_Tau_Type_normal_anchors - INFO - Batch:[54] Adversarial images for this batch already exist
2026-02-05 15:08:42,483 - ADV_Generation_eps_8.0_steps_100_Added_Noise_uniform_Eps_32.0_Tau_Type_normal_anchors - INFO - Batch 55/3783: Clean accuracy 0.9091 | Adv accuracy: 0.0000 | Counter-attack accuracy: 0.5636
2026-02-05 15:08:42,484 - ADV_Generation_eps_8.0_steps_100_Added_Noise_uniform_Eps_32.0_Tau_Type_normal_anchors - INFO - Batch:[55] Adversarial images for this batch already exist
2026-02-05 15:08:42,821 - ADV_Generation_eps_8.0_steps_100_Added_Noise_uniform_Eps_32.0_Tau_Type_normal_anchors - INFO - Batch 56/3783: Clean accuracy 0.9107 | Adv accuracy: 0.0000 | Counter-attack accuracy: 0.5536
2026-02-05 15:08:42,821 - ADV_Generation_eps_8.0_steps_100_Added_Noise_uniform_Eps_32.0_Tau_Type_normal_anchors - INFO - Batch:[56] Adversarial images for this batch already exist
2026-02-05 15:08:43,159 - ADV_Generation_eps_8.0_steps_100_Added_Noise_uniform_Eps_32.0_Tau_Type_normal_anchors - INFO - Batch 57/3783: Clean accuracy 0.8947 | Adv accuracy: 0.0000 | Counter-attack accuracy: 0.5439
2026-02-05 15:08:43,159 - ADV_Generation_eps_8.0_steps_100_Added_Noise_uniform_Eps_32.0_Tau_Type_normal_anchors - INFO - Batch:[57] Adversarial images for this batch already exist
2026-02-05 15:08:43,500 - ADV_Generation_eps_8.0_steps_100_Added_Noise_uniform_Eps_32.0_Tau_Type_normal_anchors - INFO - Batch 58/3783: Clean accuracy 0.8793 | Adv accuracy: 0.0000 | Counter-attack accuracy: 0.5345
2026-02-05 15:08:43,501 - ADV_Generation_eps_8.0_steps_100_Added_Noise_uniform_Eps_32.0_Tau_Type_normal_anchors - INFO - Batch:[58] Adversarial images for this batch already exist
2026-02-05 15:08:43,839 - ADV_Generation_eps_8.0_steps_100_Added_Noise_uniform_Eps_32.0_Tau_Type_normal_anchors - INFO - Batch 59/3783: Clean accuracy 0.8814 | Adv accuracy: 0.0000 | Counter-attack accuracy: 0.5254
2026-02-05 15:08:43,840 - ADV_Generation_eps_8.0_steps_100_Added_Noise_uniform_Eps_32.0_Tau_Type_normal_anchors - INFO - Batch:[59] Adversarial images for this batch already exist
2026-02-05 15:08:44,176 - ADV_Generation_eps_8.0_steps_100_Added_Noise_uniform_Eps_32.0_Tau_Type_normal_anchors - INFO - Batch 60/3783: Clean accuracy 0.8667 | Adv accuracy: 0.0000 | Counter-attack accuracy: 0.5167
2026-02-05 15:08:44,177 - ADV_Generation_eps_8.0_steps_100_Added_Noise_uniform_Eps_32.0_Tau_Type_normal_anchors - INFO - Batch:[60] Adversarial images for this batch already exist
2026-02-05 15:08:44,508 - ADV_Generation_eps_8.0_steps_100_Added_Noise_uniform_Eps_32.0_Tau_Type_normal_anchors - INFO - Batch 61/3783: Clean accuracy 0.8525 | Adv accuracy: 0.0000 | Counter-attack accuracy: 0.5082
2026-02-05 15:08:44,509 - ADV_Generation_eps_8.0_steps_100_Added_Noise_uniform_Eps_32.0_Tau_Type_normal_anchors - INFO - Batch:[61] Adversarial images for this batch already exist
2026-02-05 15:08:44,851 - ADV_Generation_eps_8.0_steps_100_Added_Noise_uniform_Eps_32.0_Tau_Type_normal_anchors - INFO - Batch 62/3783: Clean accuracy 0.8387 | Adv accuracy: 0.0000 | Counter-attack accuracy: 0.5000
2026-02-05 15:08:44,852 - ADV_Generation_eps_8.0_steps_100_Added_Noise_uniform_Eps_32.0_Tau_Type_normal_anchors - INFO - Batch:[62] Adversarial images for this batch already exist
2026-02-05 15:08:45,187 - ADV_Generation_eps_8.0_steps_100_Added_Noise_uniform_Eps_32.0_Tau_Type_normal_anchors - INFO - Batch 63/3783: Clean accuracy 0.8413 | Adv accuracy: 0.0000 | Counter-attack accuracy: 0.4921
2026-02-05 15:08:45,188 - ADV_Generation_eps_8.0_steps_100_Added_Noise_uniform_Eps_32.0_Tau_Type_normal_anchors - INFO - Batch:[63] Adversarial images for this batch already exist
2026-02-05 15:08:45,524 - ADV_Generation_eps_8.0_steps_100_Added_Noise_uniform_Eps_32.0_Tau_Type_normal_anchors - INFO - Batch 64/3783: Clean accuracy 0.8281 | Adv accuracy: 0.0000 | Counter-attack accuracy: 0.4844
2026-02-05 15:08:45,525 - ADV_Generation_eps_8.0_steps_100_Added_Noise_uniform_Eps_32.0_Tau_Type_normal_anchors - INFO - Batch:[64] Adversarial images for this batch already exist
2026-02-05 15:08:45,857 - ADV_Generation_eps_8.0_steps_100_Added_Noise_uniform_Eps_32.0_Tau_Type_normal_anchors - INFO - Batch 65/3783: Clean accuracy 0.8308 | Adv accuracy: 0.0000 | Counter-attack accuracy: 0.4769
2026-02-05 15:08:45,858 - ADV_Generation_eps_8.0_steps_100_Added_Noise_uniform_Eps_32.0_Tau_Type_normal_anchors - INFO - Batch:[65] Adversarial images for this batch already exist
2026-02-05 15:08:46,197 - ADV_Generation_eps_8.0_steps_100_Added_Noise_uniform_Eps_32.0_Tau_Type_normal_anchors - INFO - Batch 66/3783: Clean accuracy 0.8182 | Adv accuracy: 0.0000 | Counter-attack accuracy: 0.4697
2026-02-05 15:08:46,198 - ADV_Generation_eps_8.0_steps_100_Added_Noise_uniform_Eps_32.0_Tau_Type_normal_anchors - INFO - Batch:[66] Adversarial images for this batch already exist
2026-02-05 15:08:46,547 - ADV_Generation_eps_8.0_steps_100_Added_Noise_uniform_Eps_32.0_Tau_Type_normal_anchors - INFO - Batch 67/3783: Clean accuracy 0.8060 | Adv accuracy: 0.0000 | Counter-attack accuracy: 0.4627
2026-02-05 15:08:46,548 - ADV_Generation_eps_8.0_steps_100_Added_Noise_uniform_Eps_32.0_Tau_Type_normal_anchors - INFO - Batch:[67] Adversarial images for this batch already exist
2026-02-05 15:08:46,882 - ADV_Generation_eps_8.0_steps_100_Added_Noise_uniform_Eps_32.0_Tau_Type_normal_anchors - INFO - Batch 68/3783: Clean accuracy 0.7941 | Adv accuracy: 0.0000 | Counter-attack accuracy: 0.4559
2026-02-05 15:08:46,882 - ADV_Generation_eps_8.0_steps_100_Added_Noise_uniform_Eps_32.0_Tau_Type_normal_anchors - INFO - Batch:[68] Adversarial images for this batch already exist
2026-02-05 15:08:47,232 - ADV_Generation_eps_8.0_steps_100_Added_Noise_uniform_Eps_32.0_Tau_Type_normal_anchors - INFO - Batch 69/3783: Clean accuracy 0.7971 | Adv accuracy: 0.0000 | Counter-attack accuracy: 0.4493
2026-02-05 15:08:47,232 - ADV_Generation_eps_8.0_steps_100_Added_Noise_uniform_Eps_32.0_Tau_Type_normal_anchors - INFO - Batch:[69] Adversarial images for this batch already exist
2026-02-05 15:08:47,574 - ADV_Generation_eps_8.0_steps_100_Added_Noise_uniform_Eps_32.0_Tau_Type_normal_anchors - INFO - Batch 70/3783: Clean accuracy 0.8000 | Adv accuracy: 0.0000 | Counter-attack accuracy: 0.4429
2026-02-05 15:08:47,574 - ADV_Generation_eps_8.0_steps_100_Added_Noise_uniform_Eps_32.0_Tau_Type_normal_anchors - INFO - Batch:[70] Adversarial images for this batch already exist
2026-02-05 15:08:47,927 - ADV_Generation_eps_8.0_steps_100_Added_Noise_uniform_Eps_32.0_Tau_Type_normal_anchors - INFO - Batch 71/3783: Clean accuracy 0.8028 | Adv accuracy: 0.0000 | Counter-attack accuracy: 0.4507
2026-02-05 15:08:47,927 - ADV_Generation_eps_8.0_steps_100_Added_Noise_uniform_Eps_32.0_Tau_Type_normal_anchors - INFO - Batch:[71] Adversarial images for this batch already exist
2026-02-05 15:08:48,279 - ADV_Generation_eps_8.0_steps_100_Added_Noise_uniform_Eps_32.0_Tau_Type_normal_anchors - INFO - Batch 72/3783: Clean accuracy 0.8056 | Adv accuracy: 0.0000 | Counter-attack accuracy: 0.4444
2026-02-05 15:08:48,280 - ADV_Generation_eps_8.0_steps_100_Added_Noise_uniform_Eps_32.0_Tau_Type_normal_anchors - INFO - Batch:[72] Adversarial images for this batch already exist
2026-02-05 15:08:48,645 - ADV_Generation_eps_8.0_steps_100_Added_Noise_uniform_Eps_32.0_Tau_Type_normal_anchors - INFO - Batch 73/3783: Clean accuracy 0.7945 | Adv accuracy: 0.0000 | Counter-attack accuracy: 0.4384
2026-02-05 15:08:48,646 - ADV_Generation_eps_8.0_steps_100_Added_Noise_uniform_Eps_32.0_Tau_Type_normal_anchors - INFO - Batch:[73] Adversarial images for this batch already exist
2026-02-05 15:08:48,989 - ADV_Generation_eps_8.0_steps_100_Added_Noise_uniform_Eps_32.0_Tau_Type_normal_anchors - INFO - Batch 74/3783: Clean accuracy 0.7838 | Adv accuracy: 0.0000 | Counter-attack accuracy: 0.4324
2026-02-05 15:08:48,992 - ADV_Generation_eps_8.0_steps_100_Added_Noise_uniform_Eps_32.0_Tau_Type_normal_anchors - INFO - Batch:[74] Adversarial images for this batch already exist
2026-02-05 15:08:49,326 - ADV_Generation_eps_8.0_steps_100_Added_Noise_uniform_Eps_32.0_Tau_Type_normal_anchors - INFO - Batch 75/3783: Clean accuracy 0.7733 | Adv accuracy: 0.0000 | Counter-attack accuracy: 0.4267
2026-02-05 15:08:49,329 - ADV_Generation_eps_8.0_steps_100_Added_Noise_uniform_Eps_32.0_Tau_Type_normal_anchors - INFO - Batch:[75] Adversarial images for this batch already exist
2026-02-05 15:08:49,672 - ADV_Generation_eps_8.0_steps_100_Added_Noise_uniform_Eps_32.0_Tau_Type_normal_anchors - INFO - Batch 76/3783: Clean accuracy 0.7632 | Adv accuracy: 0.0000 | Counter-attack accuracy: 0.4211
2026-02-05 15:08:49,674 - ADV_Generation_eps_8.0_steps_100_Added_Noise_uniform_Eps_32.0_Tau_Type_normal_anchors - INFO - Batch:[76] Adversarial images for this batch already exist
2026-02-05 15:08:50,008 - ADV_Generation_eps_8.0_steps_100_Added_Noise_uniform_Eps_32.0_Tau_Type_normal_anchors - INFO - Batch 77/3783: Clean accuracy 0.7662 | Adv accuracy: 0.0000 | Counter-attack accuracy: 0.4156
2026-02-05 15:08:50,010 - ADV_Generation_eps_8.0_steps_100_Added_Noise_uniform_Eps_32.0_Tau_Type_normal_anchors - INFO - Batch:[77] Adversarial images for this batch already exist
2026-02-05 15:08:50,383 - ADV_Generation_eps_8.0_steps_100_Added_Noise_uniform_Eps_32.0_Tau_Type_normal_anchors - INFO - Batch 78/3783: Clean accuracy 0.7692 | Adv accuracy: 0.0000 | Counter-attack accuracy: 0.4231
2026-02-05 15:08:50,385 - ADV_Generation_eps_8.0_steps_100_Added_Noise_uniform_Eps_32.0_Tau_Type_normal_anchors - INFO - Batch:[78] Adversarial images for this batch already exist
2026-02-05 15:08:50,748 - ADV_Generation_eps_8.0_steps_100_Added_Noise_uniform_Eps_32.0_Tau_Type_normal_anchors - INFO - Batch 79/3783: Clean accuracy 0.7722 | Adv accuracy: 0.0000 | Counter-attack accuracy: 0.4304
2026-02-05 15:08:50,749 - ADV_Generation_eps_8.0_steps_100_Added_Noise_uniform_Eps_32.0_Tau_Type_normal_anchors - INFO - Batch:[79] Adversarial images for this batch already exist
2026-02-05 15:08:51,085 - ADV_Generation_eps_8.0_steps_100_Added_Noise_uniform_Eps_32.0_Tau_Type_normal_anchors - INFO - Batch 80/3783: Clean accuracy 0.7750 | Adv accuracy: 0.0000 | Counter-attack accuracy: 0.4375
2026-02-05 15:08:51,085 - ADV_Generation_eps_8.0_steps_100_Added_Noise_uniform_Eps_32.0_Tau_Type_normal_anchors - INFO - Batch:[80] Adversarial images for this batch already exist
2026-02-05 15:08:51,441 - ADV_Generation_eps_8.0_steps_100_Added_Noise_uniform_Eps_32.0_Tau_Type_normal_anchors - INFO - Batch 81/3783: Clean accuracy 0.7778 | Adv accuracy: 0.0000 | Counter-attack accuracy: 0.4321
2026-02-05 15:08:51,442 - ADV_Generation_eps_8.0_steps_100_Added_Noise_uniform_Eps_32.0_Tau_Type_normal_anchors - INFO - Batch:[81] Adversarial images for this batch already exist
2026-02-05 15:08:51,775 - ADV_Generation_eps_8.0_steps_100_Added_Noise_uniform_Eps_32.0_Tau_Type_normal_anchors - INFO - Batch 82/3783: Clean accuracy 0.7805 | Adv accuracy: 0.0000 | Counter-attack accuracy: 0.4390
2026-02-05 15:08:51,775 - ADV_Generation_eps_8.0_steps_100_Added_Noise_uniform_Eps_32.0_Tau_Type_normal_anchors - INFO - Batch:[82] Adversarial images for this batch already exist
2026-02-05 15:08:52,121 - ADV_Generation_eps_8.0_steps_100_Added_Noise_uniform_Eps_32.0_Tau_Type_normal_anchors - INFO - Batch 83/3783: Clean accuracy 0.7831 | Adv accuracy: 0.0000 | Counter-attack accuracy: 0.4458
2026-02-05 15:08:52,122 - ADV_Generation_eps_8.0_steps_100_Added_Noise_uniform_Eps_32.0_Tau_Type_normal_anchors - INFO - Batch:[83] Adversarial images for this batch already exist
2026-02-05 15:08:52,452 - ADV_Generation_eps_8.0_steps_100_Added_Noise_uniform_Eps_32.0_Tau_Type_normal_anchors - INFO - Batch 84/3783: Clean accuracy 0.7857 | Adv accuracy: 0.0000 | Counter-attack accuracy: 0.4405
2026-02-05 15:08:52,453 - ADV_Generation_eps_8.0_steps_100_Added_Noise_uniform_Eps_32.0_Tau_Type_normal_anchors - INFO - Batch:[84] Adversarial images for this batch already exist
2026-02-05 15:08:52,792 - ADV_Generation_eps_8.0_steps_100_Added_Noise_uniform_Eps_32.0_Tau_Type_normal_anchors - INFO - Batch 85/3783: Clean accuracy 0.7882 | Adv accuracy: 0.0000 | Counter-attack accuracy: 0.4353
2026-02-05 15:08:52,796 - ADV_Generation_eps_8.0_steps_100_Added_Noise_uniform_Eps_32.0_Tau_Type_normal_anchors - INFO - Batch:[85] Adversarial images for this batch already exist
2026-02-05 15:08:53,157 - ADV_Generation_eps_8.0_steps_100_Added_Noise_uniform_Eps_32.0_Tau_Type_normal_anchors - INFO - Batch 86/3783: Clean accuracy 0.7907 | Adv accuracy: 0.0000 | Counter-attack accuracy: 0.4419
2026-02-05 15:08:53,158 - ADV_Generation_eps_8.0_steps_100_Added_Noise_uniform_Eps_32.0_Tau_Type_normal_anchors - INFO - Batch:[86] Adversarial images for this batch already exist
2026-02-05 15:08:53,491 - ADV_Generation_eps_8.0_steps_100_Added_Noise_uniform_Eps_32.0_Tau_Type_normal_anchors - INFO - Batch 87/3783: Clean accuracy 0.7931 | Adv accuracy: 0.0000 | Counter-attack accuracy: 0.4368
2026-02-05 15:08:53,492 - ADV_Generation_eps_8.0_steps_100_Added_Noise_uniform_Eps_32.0_Tau_Type_normal_anchors - INFO - Batch:[87] Adversarial images for this batch already exist
2026-02-05 15:08:53,833 - ADV_Generation_eps_8.0_steps_100_Added_Noise_uniform_Eps_32.0_Tau_Type_normal_anchors - INFO - Batch 88/3783: Clean accuracy 0.7955 | Adv accuracy: 0.0000 | Counter-attack accuracy: 0.4432
2026-02-05 15:08:53,834 - ADV_Generation_eps_8.0_steps_100_Added_Noise_uniform_Eps_32.0_Tau_Type_normal_anchors - INFO - Batch:[88] Adversarial images for this batch already exist
2026-02-05 15:08:54,199 - ADV_Generation_eps_8.0_steps_100_Added_Noise_uniform_Eps_32.0_Tau_Type_normal_anchors - INFO - Batch 89/3783: Clean accuracy 0.7978 | Adv accuracy: 0.0000 | Counter-attack accuracy: 0.4494
2026-02-05 15:08:54,199 - ADV_Generation_eps_8.0_steps_100_Added_Noise_uniform_Eps_32.0_Tau_Type_normal_anchors - INFO - Batch:[89] Adversarial images for this batch already exist
2026-02-05 15:08:54,531 - ADV_Generation_eps_8.0_steps_100_Added_Noise_uniform_Eps_32.0_Tau_Type_normal_anchors - INFO - Batch 90/3783: Clean accuracy 0.8000 | Adv accuracy: 0.0000 | Counter-attack accuracy: 0.4556
2026-02-05 15:08:54,532 - ADV_Generation_eps_8.0_steps_100_Added_Noise_uniform_Eps_32.0_Tau_Type_normal_anchors - INFO - Batch:[90] Adversarial images for this batch already exist
2026-02-05 15:08:54,879 - ADV_Generation_eps_8.0_steps_100_Added_Noise_uniform_Eps_32.0_Tau_Type_normal_anchors - INFO - Batch 91/3783: Clean accuracy 0.8022 | Adv accuracy: 0.0000 | Counter-attack accuracy: 0.4505
2026-02-05 15:08:54,881 - ADV_Generation_eps_8.0_steps_100_Added_Noise_uniform_Eps_32.0_Tau_Type_normal_anchors - INFO - Batch:[91] Adversarial images for this batch already exist
2026-02-05 15:08:55,217 - ADV_Generation_eps_8.0_steps_100_Added_Noise_uniform_Eps_32.0_Tau_Type_normal_anchors - INFO - Batch 92/3783: Clean accuracy 0.8043 | Adv accuracy: 0.0000 | Counter-attack accuracy: 0.4565
2026-02-05 15:08:55,219 - ADV_Generation_eps_8.0_steps_100_Added_Noise_uniform_Eps_32.0_Tau_Type_normal_anchors - INFO - Batch:[92] Adversarial images for this batch already exist
2026-02-05 15:08:55,555 - ADV_Generation_eps_8.0_steps_100_Added_Noise_uniform_Eps_32.0_Tau_Type_normal_anchors - INFO - Batch 93/3783: Clean accuracy 0.8065 | Adv accuracy: 0.0000 | Counter-attack accuracy: 0.4624
2026-02-05 15:08:55,557 - ADV_Generation_eps_8.0_steps_100_Added_Noise_uniform_Eps_32.0_Tau_Type_normal_anchors - INFO - Batch:[93] Adversarial images for this batch already exist
2026-02-05 15:08:55,896 - ADV_Generation_eps_8.0_steps_100_Added_Noise_uniform_Eps_32.0_Tau_Type_normal_anchors - INFO - Batch 94/3783: Clean accuracy 0.8085 | Adv accuracy: 0.0000 | Counter-attack accuracy: 0.4681
2026-02-05 15:08:55,898 - ADV_Generation_eps_8.0_steps_100_Added_Noise_uniform_Eps_32.0_Tau_Type_normal_anchors - INFO - Batch:[94] Adversarial images for this batch already exist
2026-02-05 15:08:56,250 - ADV_Generation_eps_8.0_steps_100_Added_Noise_uniform_Eps_32.0_Tau_Type_normal_anchors - INFO - Batch 95/3783: Clean accuracy 0.8105 | Adv accuracy: 0.0000 | Counter-attack accuracy: 0.4737
2026-02-05 15:08:56,252 - ADV_Generation_eps_8.0_steps_100_Added_Noise_uniform_Eps_32.0_Tau_Type_normal_anchors - INFO - Batch:[95] Adversarial images for this batch already exist
2026-02-05 15:08:56,615 - ADV_Generation_eps_8.0_steps_100_Added_Noise_uniform_Eps_32.0_Tau_Type_normal_anchors - INFO - Batch 96/3783: Clean accuracy 0.8125 | Adv accuracy: 0.0000 | Counter-attack accuracy: 0.4688
2026-02-05 15:08:56,617 - ADV_Generation_eps_8.0_steps_100_Added_Noise_uniform_Eps_32.0_Tau_Type_normal_anchors - INFO - Batch:[96] Adversarial images for this batch already exist
2026-02-05 15:08:56,955 - ADV_Generation_eps_8.0_steps_100_Added_Noise_uniform_Eps_32.0_Tau_Type_normal_anchors - INFO - Batch 97/3783: Clean accuracy 0.8144 | Adv accuracy: 0.0000 | Counter-attack accuracy: 0.4639
2026-02-05 15:08:56,957 - ADV_Generation_eps_8.0_steps_100_Added_Noise_uniform_Eps_32.0_Tau_Type_normal_anchors - INFO - Batch:[97] Adversarial images for this batch already exist
2026-02-05 15:08:57,320 - ADV_Generation_eps_8.0_steps_100_Added_Noise_uniform_Eps_32.0_Tau_Type_normal_anchors - INFO - Batch 98/3783: Clean accuracy 0.8163 | Adv accuracy: 0.0000 | Counter-attack accuracy: 0.4592
2026-02-05 15:08:57,321 - ADV_Generation_eps_8.0_steps_100_Added_Noise_uniform_Eps_32.0_Tau_Type_normal_anchors - INFO - Batch:[98] Adversarial images for this batch already exist
2026-02-05 15:08:57,659 - ADV_Generation_eps_8.0_steps_100_Added_Noise_uniform_Eps_32.0_Tau_Type_normal_anchors - INFO - Batch 99/3783: Clean accuracy 0.8182 | Adv accuracy: 0.0000 | Counter-attack accuracy: 0.4545
2026-02-05 15:08:57,660 - ADV_Generation_eps_8.0_steps_100_Added_Noise_uniform_Eps_32.0_Tau_Type_normal_anchors - INFO - Batch:[99] Adversarial images for this batch already exist
2026-02-05 15:08:58,029 - ADV_Generation_eps_8.0_steps_100_Added_Noise_uniform_Eps_32.0_Tau_Type_normal_anchors - INFO - Batch 100/3783: Clean accuracy 0.8200 | Adv accuracy: 0.0000 | Counter-attack accuracy: 0.4500
2026-02-05 15:08:58,030 - ADV_Generation_eps_8.0_steps_100_Added_Noise_uniform_Eps_32.0_Tau_Type_normal_anchors - INFO - Batch:[100] Adversarial images for this batch already exist
2026-02-05 15:08:58,360 - ADV_Generation_eps_8.0_steps_100_Added_Noise_uniform_Eps_32.0_Tau_Type_normal_anchors - INFO - Batch 101/3783: Clean accuracy 0.8218 | Adv accuracy: 0.0000 | Counter-attack accuracy: 0.4554
2026-02-05 15:08:58,361 - ADV_Generation_eps_8.0_steps_100_Added_Noise_uniform_Eps_32.0_Tau_Type_normal_anchors - INFO - Batch:[101] Adversarial images for this batch already exist
2026-02-05 15:08:58,707 - ADV_Generation_eps_8.0_steps_100_Added_Noise_uniform_Eps_32.0_Tau_Type_normal_anchors - INFO - Batch 102/3783: Clean accuracy 0.8235 | Adv accuracy: 0.0000 | Counter-attack accuracy: 0.4510
2026-02-05 15:08:58,708 - ADV_Generation_eps_8.0_steps_100_Added_Noise_uniform_Eps_32.0_Tau_Type_normal_anchors - INFO - Batch:[102] Adversarial images for this batch already exist
2026-02-05 15:08:59,043 - ADV_Generation_eps_8.0_steps_100_Added_Noise_uniform_Eps_32.0_Tau_Type_normal_anchors - INFO - Batch 103/3783: Clean accuracy 0.8252 | Adv accuracy: 0.0000 | Counter-attack accuracy: 0.4466
2026-02-05 15:08:59,045 - ADV_Generation_eps_8.0_steps_100_Added_Noise_uniform_Eps_32.0_Tau_Type_normal_anchors - INFO - Batch:[103] Adversarial images for this batch already exist
2026-02-05 15:08:59,379 - ADV_Generation_eps_8.0_steps_100_Added_Noise_uniform_Eps_32.0_Tau_Type_normal_anchors - INFO - Batch 104/3783: Clean accuracy 0.8269 | Adv accuracy: 0.0000 | Counter-attack accuracy: 0.4423
2026-02-05 15:08:59,380 - ADV_Generation_eps_8.0_steps_100_Added_Noise_uniform_Eps_32.0_Tau_Type_normal_anchors - INFO - Batch:[104] Adversarial images for this batch already exist
2026-02-05 15:08:59,720 - ADV_Generation_eps_8.0_steps_100_Added_Noise_uniform_Eps_32.0_Tau_Type_normal_anchors - INFO - Batch 105/3783: Clean accuracy 0.8286 | Adv accuracy: 0.0000 | Counter-attack accuracy: 0.4381
2026-02-05 15:08:59,722 - ADV_Generation_eps_8.0_steps_100_Added_Noise_uniform_Eps_32.0_Tau_Type_normal_anchors - INFO - Batch:[105] Adversarial images for this batch already exist
2026-02-05 15:09:00,068 - ADV_Generation_eps_8.0_steps_100_Added_Noise_uniform_Eps_32.0_Tau_Type_normal_anchors - INFO - Batch 106/3783: Clean accuracy 0.8208 | Adv accuracy: 0.0000 | Counter-attack accuracy: 0.4340
2026-02-05 15:09:00,069 - ADV_Generation_eps_8.0_steps_100_Added_Noise_uniform_Eps_32.0_Tau_Type_normal_anchors - INFO - Batch:[106] Adversarial images for this batch already exist
2026-02-05 15:09:00,420 - ADV_Generation_eps_8.0_steps_100_Added_Noise_uniform_Eps_32.0_Tau_Type_normal_anchors - INFO - Batch 107/3783: Clean accuracy 0.8224 | Adv accuracy: 0.0000 | Counter-attack accuracy: 0.4393
2026-02-05 15:09:00,421 - ADV_Generation_eps_8.0_steps_100_Added_Noise_uniform_Eps_32.0_Tau_Type_normal_anchors - INFO - Batch:[107] Adversarial images for this batch already exist
2026-02-05 15:09:00,760 - ADV_Generation_eps_8.0_steps_100_Added_Noise_uniform_Eps_32.0_Tau_Type_normal_anchors - INFO - Batch 108/3783: Clean accuracy 0.8241 | Adv accuracy: 0.0000 | Counter-attack accuracy: 0.4444
2026-02-05 15:09:00,761 - ADV_Generation_eps_8.0_steps_100_Added_Noise_uniform_Eps_32.0_Tau_Type_normal_anchors - INFO - Batch:[108] Adversarial images for this batch already exist
2026-02-05 15:09:01,104 - ADV_Generation_eps_8.0_steps_100_Added_Noise_uniform_Eps_32.0_Tau_Type_normal_anchors - INFO - Batch 109/3783: Clean accuracy 0.8257 | Adv accuracy: 0.0000 | Counter-attack accuracy: 0.4495
2026-02-05 15:09:01,106 - ADV_Generation_eps_8.0_steps_100_Added_Noise_uniform_Eps_32.0_Tau_Type_normal_anchors - INFO - Batch:[109] Adversarial images for this batch already exist
2026-02-05 15:09:01,448 - ADV_Generation_eps_8.0_steps_100_Added_Noise_uniform_Eps_32.0_Tau_Type_normal_anchors - INFO - Batch 110/3783: Clean accuracy 0.8273 | Adv accuracy: 0.0000 | Counter-attack accuracy: 0.4455
2026-02-05 15:09:01,449 - ADV_Generation_eps_8.0_steps_100_Added_Noise_uniform_Eps_32.0_Tau_Type_normal_anchors - INFO - Batch:[110] Adversarial images for this batch already exist
2026-02-05 15:09:01,806 - ADV_Generation_eps_8.0_steps_100_Added_Noise_uniform_Eps_32.0_Tau_Type_normal_anchors - INFO - Batch 111/3783: Clean accuracy 0.8288 | Adv accuracy: 0.0000 | Counter-attack accuracy: 0.4505
2026-02-05 15:09:01,807 - ADV_Generation_eps_8.0_steps_100_Added_Noise_uniform_Eps_32.0_Tau_Type_normal_anchors - INFO - Batch:[111] Adversarial images for this batch already exist
2026-02-05 15:09:02,142 - ADV_Generation_eps_8.0_steps_100_Added_Noise_uniform_Eps_32.0_Tau_Type_normal_anchors - INFO - Batch 112/3783: Clean accuracy 0.8304 | Adv accuracy: 0.0000 | Counter-attack accuracy: 0.4464
2026-02-05 15:09:02,143 - ADV_Generation_eps_8.0_steps_100_Added_Noise_uniform_Eps_32.0_Tau_Type_normal_anchors - INFO - Batch:[112] Adversarial images for this batch already exist
2026-02-05 15:09:02,478 - ADV_Generation_eps_8.0_steps_100_Added_Noise_uniform_Eps_32.0_Tau_Type_normal_anchors - INFO - Batch 113/3783: Clean accuracy 0.8319 | Adv accuracy: 0.0000 | Counter-attack accuracy: 0.4425
2026-02-05 15:09:02,480 - ADV_Generation_eps_8.0_steps_100_Added_Noise_uniform_Eps_32.0_Tau_Type_normal_anchors - INFO - Batch:[113] Adversarial images for this batch already exist
2026-02-05 15:09:02,830 - ADV_Generation_eps_8.0_steps_100_Added_Noise_uniform_Eps_32.0_Tau_Type_normal_anchors - INFO - Batch 114/3783: Clean accuracy 0.8333 | Adv accuracy: 0.0000 | Counter-attack accuracy: 0.4386
2026-02-05 15:09:02,831 - ADV_Generation_eps_8.0_steps_100_Added_Noise_uniform_Eps_32.0_Tau_Type_normal_anchors - INFO - Batch:[114] Adversarial images for this batch already exist
2026-02-05 15:09:03,167 - ADV_Generation_eps_8.0_steps_100_Added_Noise_uniform_Eps_32.0_Tau_Type_normal_anchors - INFO - Batch 115/3783: Clean accuracy 0.8348 | Adv accuracy: 0.0000 | Counter-attack accuracy: 0.4435
2026-02-05 15:09:03,168 - ADV_Generation_eps_8.0_steps_100_Added_Noise_uniform_Eps_32.0_Tau_Type_normal_anchors - INFO - Batch:[115] Adversarial images for this batch already exist
2026-02-05 15:09:03,504 - ADV_Generation_eps_8.0_steps_100_Added_Noise_uniform_Eps_32.0_Tau_Type_normal_anchors - INFO - Batch 116/3783: Clean accuracy 0.8362 | Adv accuracy: 0.0000 | Counter-attack accuracy: 0.4397
2026-02-05 15:09:03,505 - ADV_Generation_eps_8.0_steps_100_Added_Noise_uniform_Eps_32.0_Tau_Type_normal_anchors - INFO - Batch:[116] Adversarial images for this batch already exist
2026-02-05 15:09:03,833 - ADV_Generation_eps_8.0_steps_100_Added_Noise_uniform_Eps_32.0_Tau_Type_normal_anchors - INFO - Batch 117/3783: Clean accuracy 0.8291 | Adv accuracy: 0.0000 | Counter-attack accuracy: 0.4359
2026-02-05 15:09:03,834 - ADV_Generation_eps_8.0_steps_100_Added_Noise_uniform_Eps_32.0_Tau_Type_normal_anchors - INFO - Batch:[117] Adversarial images for this batch already exist
2026-02-05 15:09:04,167 - ADV_Generation_eps_8.0_steps_100_Added_Noise_uniform_Eps_32.0_Tau_Type_normal_anchors - INFO - Batch 118/3783: Clean accuracy 0.8305 | Adv accuracy: 0.0000 | Counter-attack accuracy: 0.4407
2026-02-05 15:09:04,168 - ADV_Generation_eps_8.0_steps_100_Added_Noise_uniform_Eps_32.0_Tau_Type_normal_anchors - INFO - Batch:[118] Adversarial images for this batch already exist
2026-02-05 15:09:04,518 - ADV_Generation_eps_8.0_steps_100_Added_Noise_uniform_Eps_32.0_Tau_Type_normal_anchors - INFO - Batch 119/3783: Clean accuracy 0.8319 | Adv accuracy: 0.0000 | Counter-attack accuracy: 0.4454
2026-02-05 15:09:04,519 - ADV_Generation_eps_8.0_steps_100_Added_Noise_uniform_Eps_32.0_Tau_Type_normal_anchors - INFO - Batch:[119] Adversarial images for this batch already exist
2026-02-05 15:09:04,858 - ADV_Generation_eps_8.0_steps_100_Added_Noise_uniform_Eps_32.0_Tau_Type_normal_anchors - INFO - Batch 120/3783: Clean accuracy 0.8333 | Adv accuracy: 0.0000 | Counter-attack accuracy: 0.4500
2026-02-05 15:09:04,859 - ADV_Generation_eps_8.0_steps_100_Added_Noise_uniform_Eps_32.0_Tau_Type_normal_anchors - INFO - Batch:[120] Adversarial images for this batch already exist
2026-02-05 15:09:05,243 - ADV_Generation_eps_8.0_steps_100_Added_Noise_uniform_Eps_32.0_Tau_Type_normal_anchors - INFO - Batch 121/3783: Clean accuracy 0.8347 | Adv accuracy: 0.0000 | Counter-attack accuracy: 0.4545
2026-02-05 15:09:05,244 - ADV_Generation_eps_8.0_steps_100_Added_Noise_uniform_Eps_32.0_Tau_Type_normal_anchors - INFO - Batch:[121] Adversarial images for this batch already exist
2026-02-05 15:09:05,607 - ADV_Generation_eps_8.0_steps_100_Added_Noise_uniform_Eps_32.0_Tau_Type_normal_anchors - INFO - Batch 122/3783: Clean accuracy 0.8361 | Adv accuracy: 0.0000 | Counter-attack accuracy: 0.4590
2026-02-05 15:09:05,609 - ADV_Generation_eps_8.0_steps_100_Added_Noise_uniform_Eps_32.0_Tau_Type_normal_anchors - INFO - Batch:[122] Adversarial images for this batch already exist
2026-02-05 15:09:05,938 - ADV_Generation_eps_8.0_steps_100_Added_Noise_uniform_Eps_32.0_Tau_Type_normal_anchors - INFO - Batch 123/3783: Clean accuracy 0.8374 | Adv accuracy: 0.0000 | Counter-attack accuracy: 0.4634
2026-02-05 15:09:05,939 - ADV_Generation_eps_8.0_steps_100_Added_Noise_uniform_Eps_32.0_Tau_Type_normal_anchors - INFO - Batch:[123] Adversarial images for this batch already exist
2026-02-05 15:09:06,274 - ADV_Generation_eps_8.0_steps_100_Added_Noise_uniform_Eps_32.0_Tau_Type_normal_anchors - INFO - Batch 124/3783: Clean accuracy 0.8387 | Adv accuracy: 0.0000 | Counter-attack accuracy: 0.4677
2026-02-05 15:09:06,276 - ADV_Generation_eps_8.0_steps_100_Added_Noise_uniform_Eps_32.0_Tau_Type_normal_anchors - INFO - Batch:[124] Adversarial images for this batch already exist
2026-02-05 15:09:06,611 - ADV_Generation_eps_8.0_steps_100_Added_Noise_uniform_Eps_32.0_Tau_Type_normal_anchors - INFO - Batch 125/3783: Clean accuracy 0.8400 | Adv accuracy: 0.0000 | Counter-attack accuracy: 0.4720
2026-02-05 15:09:06,611 - ADV_Generation_eps_8.0_steps_100_Added_Noise_uniform_Eps_32.0_Tau_Type_normal_anchors - INFO - Batch:[125] Adversarial images for this batch already exist
2026-02-05 15:09:06,967 - ADV_Generation_eps_8.0_steps_100_Added_Noise_uniform_Eps_32.0_Tau_Type_normal_anchors - INFO - Batch 126/3783: Clean accuracy 0.8413 | Adv accuracy: 0.0000 | Counter-attack accuracy: 0.4762
2026-02-05 15:09:06,967 - ADV_Generation_eps_8.0_steps_100_Added_Noise_uniform_Eps_32.0_Tau_Type_normal_anchors - INFO - Batch:[126] Adversarial images for this batch already exist
2026-02-05 15:09:07,328 - ADV_Generation_eps_8.0_steps_100_Added_Noise_uniform_Eps_32.0_Tau_Type_normal_anchors - INFO - Batch 127/3783: Clean accuracy 0.8425 | Adv accuracy: 0.0000 | Counter-attack accuracy: 0.4803
2026-02-05 15:09:07,329 - ADV_Generation_eps_8.0_steps_100_Added_Noise_uniform_Eps_32.0_Tau_Type_normal_anchors - INFO - Batch:[127] Adversarial images for this batch already exist
2026-02-05 15:09:07,669 - ADV_Generation_eps_8.0_steps_100_Added_Noise_uniform_Eps_32.0_Tau_Type_normal_anchors - INFO - Batch 128/3783: Clean accuracy 0.8438 | Adv accuracy: 0.0000 | Counter-attack accuracy: 0.4844
2026-02-05 15:09:07,670 - ADV_Generation_eps_8.0_steps_100_Added_Noise_uniform_Eps_32.0_Tau_Type_normal_anchors - INFO - Batch:[128] Adversarial images for this batch already exist
2026-02-05 15:09:08,006 - ADV_Generation_eps_8.0_steps_100_Added_Noise_uniform_Eps_32.0_Tau_Type_normal_anchors - INFO - Batch 129/3783: Clean accuracy 0.8450 | Adv accuracy: 0.0000 | Counter-attack accuracy: 0.4884
2026-02-05 15:09:08,006 - ADV_Generation_eps_8.0_steps_100_Added_Noise_uniform_Eps_32.0_Tau_Type_normal_anchors - INFO - Batch:[129] Adversarial images for this batch already exist
2026-02-05 15:09:08,344 - ADV_Generation_eps_8.0_steps_100_Added_Noise_uniform_Eps_32.0_Tau_Type_normal_anchors - INFO - Batch 130/3783: Clean accuracy 0.8462 | Adv accuracy: 0.0000 | Counter-attack accuracy: 0.4923
2026-02-05 15:09:08,345 - ADV_Generation_eps_8.0_steps_100_Added_Noise_uniform_Eps_32.0_Tau_Type_normal_anchors - INFO - Batch:[130] Adversarial images for this batch already exist
2026-02-05 15:09:08,681 - ADV_Generation_eps_8.0_steps_100_Added_Noise_uniform_Eps_32.0_Tau_Type_normal_anchors - INFO - Batch 131/3783: Clean accuracy 0.8473 | Adv accuracy: 0.0000 | Counter-attack accuracy: 0.4885
2026-02-05 15:09:08,682 - ADV_Generation_eps_8.0_steps_100_Added_Noise_uniform_Eps_32.0_Tau_Type_normal_anchors - INFO - Batch:[131] Adversarial images for this batch already exist
