2025-07-10 21:18:38,261 - ADV_Generation_eps_4.0_steps_100_Purification_type_noisy_anchor_anchors_10_alpha_1.2_sigma_0.18_threshold_0.0 - INFO - ==========================================
data:/leonardo_work/EUHPC_R04_192/fmohamma/Adversarial_Robust_Clip/atpt_data/downstream_datasets
test_sets:Caltech101
dataset_mode:test
arch:vit_l_14_datacomp_1b
resolution:224
workers:4
no_pin_memory:False
batch_size:64
adv_bs:16
print_freq:20
gpu:0
no_cudnn_benchmark:False
n_ctx:4
ctx_init:a_photo_of_a
seed:0
output_dir:/leonardo_work/EUHPC_R04_192/fmohamma/Adversarial_Robust_Clip/atpt_data/vit_l_14_datacomp_1b/Caltech101
log_output_dir:/leonardo_work/EUHPC_R04_192/fmohamma/Adversarial_Robust_Clip/ATPT/Purify_Results/vit_l_14_datacomp_1b/Caltech101
eps:4.0
alpha:1.0
alpha_eps_ratio:4.0
steps:100
counter_attack:False
counter_attack_type:pgd
counter_attack_steps:2
counter_attack_eps:4.0
counter_attack_alpha:1.0
counter_attack_tau_thres:0.2
counter_attack_beta:2.0
counter_attack_weighted_perturbations:True
pgd_clip_pure_i_text_embeddings:null
pgd_counter_and_clipure_i_lamda:1.0
image_feature_purify:True
image_feature_purify_type:noisy_anchor
image_feature_purify_noisy_anchors:10
image_feature_purify_anchors_alpha:1.2
image_feature_purify_noisy_sigma:0.18
image_feature_purify_diff_threshold:0.0
lr:0.005
selection_p:0.1
tta_steps:1
top_k:20
softmax_temp:0.01
load_tecoa:

2025-07-10 21:18:38,262 - ADV_Generation_eps_4.0_steps_100_Purification_type_noisy_anchor_anchors_10_alpha_1.2_sigma_0.18_threshold_0.0 - INFO - Use GPU: 0 for training
2025-07-10 21:19:48,821 - ADV_Generation_eps_4.0_steps_100_Purification_type_noisy_anchor_anchors_10_alpha_1.2_sigma_0.18_threshold_0.0 - INFO - => Model created: visual backbone vit_l_14_datacomp_1b
2025-07-10 21:19:48,848 - ADV_Generation_eps_4.0_steps_100_Purification_type_noisy_anchor_anchors_10_alpha_1.2_sigma_0.18_threshold_0.0 - INFO - Number of test samples: 2465
2025-07-10 21:19:48,849 - ADV_Generation_eps_4.0_steps_100_Purification_type_noisy_anchor_anchors_10_alpha_1.2_sigma_0.18_threshold_0.0 - INFO - Evaluating dataset: Caltech101
2025-07-10 21:19:48,850 - ADV_Generation_eps_4.0_steps_100_Purification_type_noisy_anchor_anchors_10_alpha_1.2_sigma_0.18_threshold_0.0 - INFO - Starting evaluation with batch size: 64, selection percentage: 0.1
2025-07-10 21:19:48,850 - ADV_Generation_eps_4.0_steps_100_Purification_type_noisy_anchor_anchors_10_alpha_1.2_sigma_0.18_threshold_0.0 - INFO - Using PGD attack with epsilon: 0.015686, alpha: 0.003922, steps: 100
2025-07-10 21:19:48,852 - ADV_Generation_eps_4.0_steps_100_Purification_type_noisy_anchor_anchors_10_alpha_1.2_sigma_0.18_threshold_0.0 - INFO - Using directory for adversarial images: /leonardo_work/EUHPC_R04_192/fmohamma/Adversarial_Robust_Clip/atpt_data/vit_l_14_datacomp_1b/Caltech101/adv_images_eps_4.0_alpha_1.0_steps_100
2025-07-10 21:19:49,601 - ADV_Generation_eps_4.0_steps_100_Purification_type_noisy_anchor_anchors_10_alpha_1.2_sigma_0.18_threshold_0.0 - INFO - Batch:[0] Adversarial images for this batch already exist
2025-07-10 21:20:10,414 - ADV_Generation_eps_4.0_steps_100_Purification_type_noisy_anchor_anchors_10_alpha_1.2_sigma_0.18_threshold_0.0 - INFO - Batch 1/155: Clean orig accuracy 1.0000 | Clean purify accuracy 1.0000 | Adv orig accuracy: 0.0000 | Adv purify accuracy: 1.0000
2025-07-10 21:20:10,432 - ADV_Generation_eps_4.0_steps_100_Purification_type_noisy_anchor_anchors_10_alpha_1.2_sigma_0.18_threshold_0.0 - INFO - Batch:[1] Adversarial images for this batch already exist
2025-07-10 21:20:14,109 - ADV_Generation_eps_4.0_steps_100_Purification_type_noisy_anchor_anchors_10_alpha_1.2_sigma_0.18_threshold_0.0 - INFO - Batch 2/155: Clean orig accuracy 1.0000 | Clean purify accuracy 1.0000 | Adv orig accuracy: 0.0000 | Adv purify accuracy: 1.0000
2025-07-10 21:20:14,123 - ADV_Generation_eps_4.0_steps_100_Purification_type_noisy_anchor_anchors_10_alpha_1.2_sigma_0.18_threshold_0.0 - INFO - Batch:[2] Adversarial images for this batch already exist
2025-07-10 21:20:17,756 - ADV_Generation_eps_4.0_steps_100_Purification_type_noisy_anchor_anchors_10_alpha_1.2_sigma_0.18_threshold_0.0 - INFO - Batch 3/155: Clean orig accuracy 1.0000 | Clean purify accuracy 1.0000 | Adv orig accuracy: 0.0000 | Adv purify accuracy: 1.0000
2025-07-10 21:20:17,770 - ADV_Generation_eps_4.0_steps_100_Purification_type_noisy_anchor_anchors_10_alpha_1.2_sigma_0.18_threshold_0.0 - INFO - Batch:[3] Adversarial images for this batch already exist
2025-07-10 21:20:21,741 - ADV_Generation_eps_4.0_steps_100_Purification_type_noisy_anchor_anchors_10_alpha_1.2_sigma_0.18_threshold_0.0 - INFO - Batch 4/155: Clean orig accuracy 1.0000 | Clean purify accuracy 1.0000 | Adv orig accuracy: 0.0000 | Adv purify accuracy: 1.0000
2025-07-10 21:20:21,752 - ADV_Generation_eps_4.0_steps_100_Purification_type_noisy_anchor_anchors_10_alpha_1.2_sigma_0.18_threshold_0.0 - INFO - Batch:[4] Adversarial images for this batch already exist
2025-07-10 21:20:25,409 - ADV_Generation_eps_4.0_steps_100_Purification_type_noisy_anchor_anchors_10_alpha_1.2_sigma_0.18_threshold_0.0 - INFO - Batch 5/155: Clean orig accuracy 1.0000 | Clean purify accuracy 1.0000 | Adv orig accuracy: 0.0000 | Adv purify accuracy: 1.0000
2025-07-10 21:20:25,421 - ADV_Generation_eps_4.0_steps_100_Purification_type_noisy_anchor_anchors_10_alpha_1.2_sigma_0.18_threshold_0.0 - INFO - Batch:[5] Adversarial images for this batch already exist
2025-07-10 21:20:29,088 - ADV_Generation_eps_4.0_steps_100_Purification_type_noisy_anchor_anchors_10_alpha_1.2_sigma_0.18_threshold_0.0 - INFO - Batch 6/155: Clean orig accuracy 1.0000 | Clean purify accuracy 1.0000 | Adv orig accuracy: 0.0000 | Adv purify accuracy: 1.0000
2025-07-10 21:20:29,100 - ADV_Generation_eps_4.0_steps_100_Purification_type_noisy_anchor_anchors_10_alpha_1.2_sigma_0.18_threshold_0.0 - INFO - Batch:[6] Adversarial images for this batch already exist
2025-07-10 21:20:32,723 - ADV_Generation_eps_4.0_steps_100_Purification_type_noisy_anchor_anchors_10_alpha_1.2_sigma_0.18_threshold_0.0 - INFO - Batch 7/155: Clean orig accuracy 1.0000 | Clean purify accuracy 1.0000 | Adv orig accuracy: 0.0000 | Adv purify accuracy: 1.0000
2025-07-10 21:20:32,736 - ADV_Generation_eps_4.0_steps_100_Purification_type_noisy_anchor_anchors_10_alpha_1.2_sigma_0.18_threshold_0.0 - INFO - Batch:[7] Adversarial images for this batch already exist
2025-07-10 21:20:36,378 - ADV_Generation_eps_4.0_steps_100_Purification_type_noisy_anchor_anchors_10_alpha_1.2_sigma_0.18_threshold_0.0 - INFO - Batch 8/155: Clean orig accuracy 1.0000 | Clean purify accuracy 1.0000 | Adv orig accuracy: 0.0000 | Adv purify accuracy: 1.0000
2025-07-10 21:20:36,390 - ADV_Generation_eps_4.0_steps_100_Purification_type_noisy_anchor_anchors_10_alpha_1.2_sigma_0.18_threshold_0.0 - INFO - Batch:[8] Adversarial images for this batch already exist
2025-07-10 21:20:40,110 - ADV_Generation_eps_4.0_steps_100_Purification_type_noisy_anchor_anchors_10_alpha_1.2_sigma_0.18_threshold_0.0 - INFO - Batch 9/155: Clean orig accuracy 0.9931 | Clean purify accuracy 1.0000 | Adv orig accuracy: 0.0000 | Adv purify accuracy: 1.0000
2025-07-10 21:20:40,121 - ADV_Generation_eps_4.0_steps_100_Purification_type_noisy_anchor_anchors_10_alpha_1.2_sigma_0.18_threshold_0.0 - INFO - Batch:[9] Adversarial images for this batch already exist
2025-07-10 21:20:43,785 - ADV_Generation_eps_4.0_steps_100_Purification_type_noisy_anchor_anchors_10_alpha_1.2_sigma_0.18_threshold_0.0 - INFO - Batch 10/155: Clean orig accuracy 0.9875 | Clean purify accuracy 0.9875 | Adv orig accuracy: 0.0000 | Adv purify accuracy: 0.9938
2025-07-10 21:20:43,796 - ADV_Generation_eps_4.0_steps_100_Purification_type_noisy_anchor_anchors_10_alpha_1.2_sigma_0.18_threshold_0.0 - INFO - Batch:[10] Adversarial images for this batch already exist
2025-07-10 21:20:47,549 - ADV_Generation_eps_4.0_steps_100_Purification_type_noisy_anchor_anchors_10_alpha_1.2_sigma_0.18_threshold_0.0 - INFO - Batch 11/155: Clean orig accuracy 0.9773 | Clean purify accuracy 0.9830 | Adv orig accuracy: 0.0000 | Adv purify accuracy: 0.9943
2025-07-10 21:20:47,561 - ADV_Generation_eps_4.0_steps_100_Purification_type_noisy_anchor_anchors_10_alpha_1.2_sigma_0.18_threshold_0.0 - INFO - Batch:[11] Adversarial images for this batch already exist
2025-07-10 21:20:51,223 - ADV_Generation_eps_4.0_steps_100_Purification_type_noisy_anchor_anchors_10_alpha_1.2_sigma_0.18_threshold_0.0 - INFO - Batch 12/155: Clean orig accuracy 0.9688 | Clean purify accuracy 0.9740 | Adv orig accuracy: 0.0000 | Adv purify accuracy: 0.9948
2025-07-10 21:20:51,235 - ADV_Generation_eps_4.0_steps_100_Purification_type_noisy_anchor_anchors_10_alpha_1.2_sigma_0.18_threshold_0.0 - INFO - Batch:[12] Adversarial images for this batch already exist
2025-07-10 21:20:54,882 - ADV_Generation_eps_4.0_steps_100_Purification_type_noisy_anchor_anchors_10_alpha_1.2_sigma_0.18_threshold_0.0 - INFO - Batch 13/155: Clean orig accuracy 0.9712 | Clean purify accuracy 0.9760 | Adv orig accuracy: 0.0000 | Adv purify accuracy: 0.9952
2025-07-10 21:20:54,893 - ADV_Generation_eps_4.0_steps_100_Purification_type_noisy_anchor_anchors_10_alpha_1.2_sigma_0.18_threshold_0.0 - INFO - Batch:[13] Adversarial images for this batch already exist
2025-07-10 21:20:58,645 - ADV_Generation_eps_4.0_steps_100_Purification_type_noisy_anchor_anchors_10_alpha_1.2_sigma_0.18_threshold_0.0 - INFO - Batch 14/155: Clean orig accuracy 0.9732 | Clean purify accuracy 0.9777 | Adv orig accuracy: 0.0000 | Adv purify accuracy: 0.9955
2025-07-10 21:20:58,655 - ADV_Generation_eps_4.0_steps_100_Purification_type_noisy_anchor_anchors_10_alpha_1.2_sigma_0.18_threshold_0.0 - INFO - Batch:[14] Adversarial images for this batch already exist
2025-07-10 21:21:02,304 - ADV_Generation_eps_4.0_steps_100_Purification_type_noisy_anchor_anchors_10_alpha_1.2_sigma_0.18_threshold_0.0 - INFO - Batch 15/155: Clean orig accuracy 0.9750 | Clean purify accuracy 0.9792 | Adv orig accuracy: 0.0000 | Adv purify accuracy: 0.9958
2025-07-10 21:21:02,314 - ADV_Generation_eps_4.0_steps_100_Purification_type_noisy_anchor_anchors_10_alpha_1.2_sigma_0.18_threshold_0.0 - INFO - Batch:[15] Adversarial images for this batch already exist
2025-07-10 21:21:05,925 - ADV_Generation_eps_4.0_steps_100_Purification_type_noisy_anchor_anchors_10_alpha_1.2_sigma_0.18_threshold_0.0 - INFO - Batch 16/155: Clean orig accuracy 0.9766 | Clean purify accuracy 0.9805 | Adv orig accuracy: 0.0000 | Adv purify accuracy: 0.9961
2025-07-10 21:21:05,937 - ADV_Generation_eps_4.0_steps_100_Purification_type_noisy_anchor_anchors_10_alpha_1.2_sigma_0.18_threshold_0.0 - INFO - Batch:[16] Adversarial images for this batch already exist
2025-07-10 21:21:09,598 - ADV_Generation_eps_4.0_steps_100_Purification_type_noisy_anchor_anchors_10_alpha_1.2_sigma_0.18_threshold_0.0 - INFO - Batch 17/155: Clean orig accuracy 0.9779 | Clean purify accuracy 0.9816 | Adv orig accuracy: 0.0000 | Adv purify accuracy: 0.9963
2025-07-10 21:21:09,609 - ADV_Generation_eps_4.0_steps_100_Purification_type_noisy_anchor_anchors_10_alpha_1.2_sigma_0.18_threshold_0.0 - INFO - Batch:[17] Adversarial images for this batch already exist
2025-07-10 21:21:13,364 - ADV_Generation_eps_4.0_steps_100_Purification_type_noisy_anchor_anchors_10_alpha_1.2_sigma_0.18_threshold_0.0 - INFO - Batch 18/155: Clean orig accuracy 0.9792 | Clean purify accuracy 0.9826 | Adv orig accuracy: 0.0000 | Adv purify accuracy: 0.9965
2025-07-10 21:21:13,375 - ADV_Generation_eps_4.0_steps_100_Purification_type_noisy_anchor_anchors_10_alpha_1.2_sigma_0.18_threshold_0.0 - INFO - Batch:[18] Adversarial images for this batch already exist
2025-07-10 21:21:17,115 - ADV_Generation_eps_4.0_steps_100_Purification_type_noisy_anchor_anchors_10_alpha_1.2_sigma_0.18_threshold_0.0 - INFO - Batch 19/155: Clean orig accuracy 0.9803 | Clean purify accuracy 0.9836 | Adv orig accuracy: 0.0000 | Adv purify accuracy: 0.9967
2025-07-10 21:21:17,126 - ADV_Generation_eps_4.0_steps_100_Purification_type_noisy_anchor_anchors_10_alpha_1.2_sigma_0.18_threshold_0.0 - INFO - Batch:[19] Adversarial images for this batch already exist
2025-07-10 21:21:20,782 - ADV_Generation_eps_4.0_steps_100_Purification_type_noisy_anchor_anchors_10_alpha_1.2_sigma_0.18_threshold_0.0 - INFO - Batch 20/155: Clean orig accuracy 0.9812 | Clean purify accuracy 0.9844 | Adv orig accuracy: 0.0000 | Adv purify accuracy: 0.9969
2025-07-10 21:21:20,807 - ADV_Generation_eps_4.0_steps_100_Purification_type_noisy_anchor_anchors_10_alpha_1.2_sigma_0.18_threshold_0.0 - INFO - Batch:[20] Adversarial images for this batch already exist
2025-07-10 21:21:24,556 - ADV_Generation_eps_4.0_steps_100_Purification_type_noisy_anchor_anchors_10_alpha_1.2_sigma_0.18_threshold_0.0 - INFO - Batch 21/155: Clean orig accuracy 0.9821 | Clean purify accuracy 0.9851 | Adv orig accuracy: 0.0000 | Adv purify accuracy: 0.9970
2025-07-10 21:21:24,576 - ADV_Generation_eps_4.0_steps_100_Purification_type_noisy_anchor_anchors_10_alpha_1.2_sigma_0.18_threshold_0.0 - INFO - Batch:[21] Adversarial images for this batch already exist
2025-07-10 21:21:28,167 - ADV_Generation_eps_4.0_steps_100_Purification_type_noisy_anchor_anchors_10_alpha_1.2_sigma_0.18_threshold_0.0 - INFO - Batch 22/155: Clean orig accuracy 0.9830 | Clean purify accuracy 0.9858 | Adv orig accuracy: 0.0000 | Adv purify accuracy: 0.9972
2025-07-10 21:21:28,178 - ADV_Generation_eps_4.0_steps_100_Purification_type_noisy_anchor_anchors_10_alpha_1.2_sigma_0.18_threshold_0.0 - INFO - Batch:[22] Adversarial images for this batch already exist
2025-07-10 21:21:31,811 - ADV_Generation_eps_4.0_steps_100_Purification_type_noisy_anchor_anchors_10_alpha_1.2_sigma_0.18_threshold_0.0 - INFO - Batch 23/155: Clean orig accuracy 0.9837 | Clean purify accuracy 0.9864 | Adv orig accuracy: 0.0000 | Adv purify accuracy: 0.9973
2025-07-10 21:21:31,822 - ADV_Generation_eps_4.0_steps_100_Purification_type_noisy_anchor_anchors_10_alpha_1.2_sigma_0.18_threshold_0.0 - INFO - Batch:[23] Adversarial images for this batch already exist
2025-07-10 21:21:35,476 - ADV_Generation_eps_4.0_steps_100_Purification_type_noisy_anchor_anchors_10_alpha_1.2_sigma_0.18_threshold_0.0 - INFO - Batch 24/155: Clean orig accuracy 0.9844 | Clean purify accuracy 0.9870 | Adv orig accuracy: 0.0000 | Adv purify accuracy: 0.9974
2025-07-10 21:21:35,498 - ADV_Generation_eps_4.0_steps_100_Purification_type_noisy_anchor_anchors_10_alpha_1.2_sigma_0.18_threshold_0.0 - INFO - Batch:[24] Adversarial images for this batch already exist
2025-07-10 21:21:39,147 - ADV_Generation_eps_4.0_steps_100_Purification_type_noisy_anchor_anchors_10_alpha_1.2_sigma_0.18_threshold_0.0 - INFO - Batch 25/155: Clean orig accuracy 0.9850 | Clean purify accuracy 0.9875 | Adv orig accuracy: 0.0000 | Adv purify accuracy: 0.9975
2025-07-10 21:21:39,157 - ADV_Generation_eps_4.0_steps_100_Purification_type_noisy_anchor_anchors_10_alpha_1.2_sigma_0.18_threshold_0.0 - INFO - Batch:[25] Adversarial images for this batch already exist
2025-07-10 21:21:42,884 - ADV_Generation_eps_4.0_steps_100_Purification_type_noisy_anchor_anchors_10_alpha_1.2_sigma_0.18_threshold_0.0 - INFO - Batch 26/155: Clean orig accuracy 0.9856 | Clean purify accuracy 0.9880 | Adv orig accuracy: 0.0000 | Adv purify accuracy: 0.9976
2025-07-10 21:21:42,894 - ADV_Generation_eps_4.0_steps_100_Purification_type_noisy_anchor_anchors_10_alpha_1.2_sigma_0.18_threshold_0.0 - INFO - Batch:[26] Adversarial images for this batch already exist
2025-07-10 21:21:46,528 - ADV_Generation_eps_4.0_steps_100_Purification_type_noisy_anchor_anchors_10_alpha_1.2_sigma_0.18_threshold_0.0 - INFO - Batch 27/155: Clean orig accuracy 0.9861 | Clean purify accuracy 0.9884 | Adv orig accuracy: 0.0000 | Adv purify accuracy: 0.9977
2025-07-10 21:21:46,539 - ADV_Generation_eps_4.0_steps_100_Purification_type_noisy_anchor_anchors_10_alpha_1.2_sigma_0.18_threshold_0.0 - INFO - Batch:[27] Adversarial images for this batch already exist
2025-07-10 21:21:50,281 - ADV_Generation_eps_4.0_steps_100_Purification_type_noisy_anchor_anchors_10_alpha_1.2_sigma_0.18_threshold_0.0 - INFO - Batch 28/155: Clean orig accuracy 0.9866 | Clean purify accuracy 0.9888 | Adv orig accuracy: 0.0000 | Adv purify accuracy: 0.9978
2025-07-10 21:21:50,295 - ADV_Generation_eps_4.0_steps_100_Purification_type_noisy_anchor_anchors_10_alpha_1.2_sigma_0.18_threshold_0.0 - INFO - Batch:[28] Adversarial images for this batch already exist
2025-07-10 21:21:53,909 - ADV_Generation_eps_4.0_steps_100_Purification_type_noisy_anchor_anchors_10_alpha_1.2_sigma_0.18_threshold_0.0 - INFO - Batch 29/155: Clean orig accuracy 0.9871 | Clean purify accuracy 0.9892 | Adv orig accuracy: 0.0000 | Adv purify accuracy: 0.9978
2025-07-10 21:21:53,919 - ADV_Generation_eps_4.0_steps_100_Purification_type_noisy_anchor_anchors_10_alpha_1.2_sigma_0.18_threshold_0.0 - INFO - Batch:[29] Adversarial images for this batch already exist
2025-07-10 21:21:57,536 - ADV_Generation_eps_4.0_steps_100_Purification_type_noisy_anchor_anchors_10_alpha_1.2_sigma_0.18_threshold_0.0 - INFO - Batch 30/155: Clean orig accuracy 0.9875 | Clean purify accuracy 0.9875 | Adv orig accuracy: 0.0000 | Adv purify accuracy: 0.9979
2025-07-10 21:21:57,547 - ADV_Generation_eps_4.0_steps_100_Purification_type_noisy_anchor_anchors_10_alpha_1.2_sigma_0.18_threshold_0.0 - INFO - Batch:[30] Adversarial images for this batch already exist
2025-07-10 21:22:01,156 - ADV_Generation_eps_4.0_steps_100_Purification_type_noisy_anchor_anchors_10_alpha_1.2_sigma_0.18_threshold_0.0 - INFO - Batch 31/155: Clean orig accuracy 0.9879 | Clean purify accuracy 0.9879 | Adv orig accuracy: 0.0000 | Adv purify accuracy: 0.9980
2025-07-10 21:22:01,166 - ADV_Generation_eps_4.0_steps_100_Purification_type_noisy_anchor_anchors_10_alpha_1.2_sigma_0.18_threshold_0.0 - INFO - Batch:[31] Adversarial images for this batch already exist
2025-07-10 21:22:04,863 - ADV_Generation_eps_4.0_steps_100_Purification_type_noisy_anchor_anchors_10_alpha_1.2_sigma_0.18_threshold_0.0 - INFO - Batch 32/155: Clean orig accuracy 0.9883 | Clean purify accuracy 0.9883 | Adv orig accuracy: 0.0000 | Adv purify accuracy: 0.9980
2025-07-10 21:22:04,873 - ADV_Generation_eps_4.0_steps_100_Purification_type_noisy_anchor_anchors_10_alpha_1.2_sigma_0.18_threshold_0.0 - INFO - Batch:[32] Adversarial images for this batch already exist
2025-07-10 21:22:08,518 - ADV_Generation_eps_4.0_steps_100_Purification_type_noisy_anchor_anchors_10_alpha_1.2_sigma_0.18_threshold_0.0 - INFO - Batch 33/155: Clean orig accuracy 0.9886 | Clean purify accuracy 0.9886 | Adv orig accuracy: 0.0000 | Adv purify accuracy: 0.9981
2025-07-10 21:22:08,530 - ADV_Generation_eps_4.0_steps_100_Purification_type_noisy_anchor_anchors_10_alpha_1.2_sigma_0.18_threshold_0.0 - INFO - Batch:[33] Adversarial images for this batch already exist
2025-07-10 21:22:12,164 - ADV_Generation_eps_4.0_steps_100_Purification_type_noisy_anchor_anchors_10_alpha_1.2_sigma_0.18_threshold_0.0 - INFO - Batch 34/155: Clean orig accuracy 0.9890 | Clean purify accuracy 0.9871 | Adv orig accuracy: 0.0000 | Adv purify accuracy: 0.9982
2025-07-10 21:22:12,174 - ADV_Generation_eps_4.0_steps_100_Purification_type_noisy_anchor_anchors_10_alpha_1.2_sigma_0.18_threshold_0.0 - INFO - Batch:[34] Adversarial images for this batch already exist
2025-07-10 21:22:15,801 - ADV_Generation_eps_4.0_steps_100_Purification_type_noisy_anchor_anchors_10_alpha_1.2_sigma_0.18_threshold_0.0 - INFO - Batch 35/155: Clean orig accuracy 0.9893 | Clean purify accuracy 0.9875 | Adv orig accuracy: 0.0000 | Adv purify accuracy: 0.9982
2025-07-10 21:22:15,811 - ADV_Generation_eps_4.0_steps_100_Purification_type_noisy_anchor_anchors_10_alpha_1.2_sigma_0.18_threshold_0.0 - INFO - Batch:[35] Adversarial images for this batch already exist
2025-07-10 21:22:19,480 - ADV_Generation_eps_4.0_steps_100_Purification_type_noisy_anchor_anchors_10_alpha_1.2_sigma_0.18_threshold_0.0 - INFO - Batch 36/155: Clean orig accuracy 0.9896 | Clean purify accuracy 0.9861 | Adv orig accuracy: 0.0000 | Adv purify accuracy: 0.9983
2025-07-10 21:22:19,505 - ADV_Generation_eps_4.0_steps_100_Purification_type_noisy_anchor_anchors_10_alpha_1.2_sigma_0.18_threshold_0.0 - INFO - Batch:[36] Adversarial images for this batch already exist
2025-07-10 21:22:23,134 - ADV_Generation_eps_4.0_steps_100_Purification_type_noisy_anchor_anchors_10_alpha_1.2_sigma_0.18_threshold_0.0 - INFO - Batch 37/155: Clean orig accuracy 0.9899 | Clean purify accuracy 0.9865 | Adv orig accuracy: 0.0000 | Adv purify accuracy: 0.9983
2025-07-10 21:22:23,145 - ADV_Generation_eps_4.0_steps_100_Purification_type_noisy_anchor_anchors_10_alpha_1.2_sigma_0.18_threshold_0.0 - INFO - Batch:[37] Adversarial images for this batch already exist
2025-07-10 21:22:26,840 - ADV_Generation_eps_4.0_steps_100_Purification_type_noisy_anchor_anchors_10_alpha_1.2_sigma_0.18_threshold_0.0 - INFO - Batch 38/155: Clean orig accuracy 0.9901 | Clean purify accuracy 0.9868 | Adv orig accuracy: 0.0000 | Adv purify accuracy: 0.9984
2025-07-10 21:22:26,850 - ADV_Generation_eps_4.0_steps_100_Purification_type_noisy_anchor_anchors_10_alpha_1.2_sigma_0.18_threshold_0.0 - INFO - Batch:[38] Adversarial images for this batch already exist
2025-07-10 21:22:30,499 - ADV_Generation_eps_4.0_steps_100_Purification_type_noisy_anchor_anchors_10_alpha_1.2_sigma_0.18_threshold_0.0 - INFO - Batch 39/155: Clean orig accuracy 0.9904 | Clean purify accuracy 0.9856 | Adv orig accuracy: 0.0000 | Adv purify accuracy: 0.9984
2025-07-10 21:22:30,508 - ADV_Generation_eps_4.0_steps_100_Purification_type_noisy_anchor_anchors_10_alpha_1.2_sigma_0.18_threshold_0.0 - INFO - Batch:[39] Adversarial images for this batch already exist
2025-07-10 21:22:34,135 - ADV_Generation_eps_4.0_steps_100_Purification_type_noisy_anchor_anchors_10_alpha_1.2_sigma_0.18_threshold_0.0 - INFO - Batch 40/155: Clean orig accuracy 0.9906 | Clean purify accuracy 0.9859 | Adv orig accuracy: 0.0000 | Adv purify accuracy: 0.9984
2025-07-10 21:22:34,145 - ADV_Generation_eps_4.0_steps_100_Purification_type_noisy_anchor_anchors_10_alpha_1.2_sigma_0.18_threshold_0.0 - INFO - Batch:[40] Adversarial images for this batch already exist
2025-07-10 21:22:37,783 - ADV_Generation_eps_4.0_steps_100_Purification_type_noisy_anchor_anchors_10_alpha_1.2_sigma_0.18_threshold_0.0 - INFO - Batch 41/155: Clean orig accuracy 0.9909 | Clean purify accuracy 0.9863 | Adv orig accuracy: 0.0000 | Adv purify accuracy: 0.9985
2025-07-10 21:22:37,792 - ADV_Generation_eps_4.0_steps_100_Purification_type_noisy_anchor_anchors_10_alpha_1.2_sigma_0.18_threshold_0.0 - INFO - Batch:[41] Adversarial images for this batch already exist
2025-07-10 21:22:41,531 - ADV_Generation_eps_4.0_steps_100_Purification_type_noisy_anchor_anchors_10_alpha_1.2_sigma_0.18_threshold_0.0 - INFO - Batch 42/155: Clean orig accuracy 0.9911 | Clean purify accuracy 0.9866 | Adv orig accuracy: 0.0000 | Adv purify accuracy: 0.9985
2025-07-10 21:22:41,542 - ADV_Generation_eps_4.0_steps_100_Purification_type_noisy_anchor_anchors_10_alpha_1.2_sigma_0.18_threshold_0.0 - INFO - Batch:[42] Adversarial images for this batch already exist
2025-07-10 21:22:45,181 - ADV_Generation_eps_4.0_steps_100_Purification_type_noisy_anchor_anchors_10_alpha_1.2_sigma_0.18_threshold_0.0 - INFO - Batch 43/155: Clean orig accuracy 0.9913 | Clean purify accuracy 0.9840 | Adv orig accuracy: 0.0000 | Adv purify accuracy: 0.9985
2025-07-10 21:22:45,192 - ADV_Generation_eps_4.0_steps_100_Purification_type_noisy_anchor_anchors_10_alpha_1.2_sigma_0.18_threshold_0.0 - INFO - Batch:[43] Adversarial images for this batch already exist
2025-07-10 21:22:48,808 - ADV_Generation_eps_4.0_steps_100_Purification_type_noisy_anchor_anchors_10_alpha_1.2_sigma_0.18_threshold_0.0 - INFO - Batch 44/155: Clean orig accuracy 0.9915 | Clean purify accuracy 0.9801 | Adv orig accuracy: 0.0000 | Adv purify accuracy: 0.9986
2025-07-10 21:22:48,819 - ADV_Generation_eps_4.0_steps_100_Purification_type_noisy_anchor_anchors_10_alpha_1.2_sigma_0.18_threshold_0.0 - INFO - Batch:[44] Adversarial images for this batch already exist
2025-07-10 21:22:52,417 - ADV_Generation_eps_4.0_steps_100_Purification_type_noisy_anchor_anchors_10_alpha_1.2_sigma_0.18_threshold_0.0 - INFO - Batch 45/155: Clean orig accuracy 0.9903 | Clean purify accuracy 0.9778 | Adv orig accuracy: 0.0000 | Adv purify accuracy: 0.9986
2025-07-10 21:22:52,427 - ADV_Generation_eps_4.0_steps_100_Purification_type_noisy_anchor_anchors_10_alpha_1.2_sigma_0.18_threshold_0.0 - INFO - Batch:[45] Adversarial images for this batch already exist
2025-07-10 21:22:56,071 - ADV_Generation_eps_4.0_steps_100_Purification_type_noisy_anchor_anchors_10_alpha_1.2_sigma_0.18_threshold_0.0 - INFO - Batch 46/155: Clean orig accuracy 0.9905 | Clean purify accuracy 0.9783 | Adv orig accuracy: 0.0000 | Adv purify accuracy: 0.9986
2025-07-10 21:22:56,081 - ADV_Generation_eps_4.0_steps_100_Purification_type_noisy_anchor_anchors_10_alpha_1.2_sigma_0.18_threshold_0.0 - INFO - Batch:[46] Adversarial images for this batch already exist
2025-07-10 21:22:59,685 - ADV_Generation_eps_4.0_steps_100_Purification_type_noisy_anchor_anchors_10_alpha_1.2_sigma_0.18_threshold_0.0 - INFO - Batch 47/155: Clean orig accuracy 0.9907 | Clean purify accuracy 0.9707 | Adv orig accuracy: 0.0000 | Adv purify accuracy: 0.9973
2025-07-10 21:22:59,697 - ADV_Generation_eps_4.0_steps_100_Purification_type_noisy_anchor_anchors_10_alpha_1.2_sigma_0.18_threshold_0.0 - INFO - Batch:[47] Adversarial images for this batch already exist
2025-07-10 21:23:03,359 - ADV_Generation_eps_4.0_steps_100_Purification_type_noisy_anchor_anchors_10_alpha_1.2_sigma_0.18_threshold_0.0 - INFO - Batch 48/155: Clean orig accuracy 0.9896 | Clean purify accuracy 0.9674 | Adv orig accuracy: 0.0000 | Adv purify accuracy: 0.9961
2025-07-10 21:23:03,371 - ADV_Generation_eps_4.0_steps_100_Purification_type_noisy_anchor_anchors_10_alpha_1.2_sigma_0.18_threshold_0.0 - INFO - Batch:[48] Adversarial images for this batch already exist
2025-07-10 21:23:07,004 - ADV_Generation_eps_4.0_steps_100_Purification_type_noisy_anchor_anchors_10_alpha_1.2_sigma_0.18_threshold_0.0 - INFO - Batch 49/155: Clean orig accuracy 0.9898 | Clean purify accuracy 0.9681 | Adv orig accuracy: 0.0000 | Adv purify accuracy: 0.9962
2025-07-10 21:23:07,018 - ADV_Generation_eps_4.0_steps_100_Purification_type_noisy_anchor_anchors_10_alpha_1.2_sigma_0.18_threshold_0.0 - INFO - Batch:[49] Adversarial images for this batch already exist
2025-07-10 21:23:10,693 - ADV_Generation_eps_4.0_steps_100_Purification_type_noisy_anchor_anchors_10_alpha_1.2_sigma_0.18_threshold_0.0 - INFO - Batch 50/155: Clean orig accuracy 0.9900 | Clean purify accuracy 0.9688 | Adv orig accuracy: 0.0000 | Adv purify accuracy: 0.9962
2025-07-10 21:23:10,707 - ADV_Generation_eps_4.0_steps_100_Purification_type_noisy_anchor_anchors_10_alpha_1.2_sigma_0.18_threshold_0.0 - INFO - Batch:[50] Adversarial images for this batch already exist
2025-07-10 21:23:14,368 - ADV_Generation_eps_4.0_steps_100_Purification_type_noisy_anchor_anchors_10_alpha_1.2_sigma_0.18_threshold_0.0 - INFO - Batch 51/155: Clean orig accuracy 0.9902 | Clean purify accuracy 0.9681 | Adv orig accuracy: 0.0000 | Adv purify accuracy: 0.9963
2025-07-10 21:23:14,380 - ADV_Generation_eps_4.0_steps_100_Purification_type_noisy_anchor_anchors_10_alpha_1.2_sigma_0.18_threshold_0.0 - INFO - Batch:[51] Adversarial images for this batch already exist
2025-07-10 21:23:18,003 - ADV_Generation_eps_4.0_steps_100_Purification_type_noisy_anchor_anchors_10_alpha_1.2_sigma_0.18_threshold_0.0 - INFO - Batch 52/155: Clean orig accuracy 0.9904 | Clean purify accuracy 0.9688 | Adv orig accuracy: 0.0000 | Adv purify accuracy: 0.9964
2025-07-10 21:23:18,016 - ADV_Generation_eps_4.0_steps_100_Purification_type_noisy_anchor_anchors_10_alpha_1.2_sigma_0.18_threshold_0.0 - INFO - Batch:[52] Adversarial images for this batch already exist
2025-07-10 21:23:21,672 - ADV_Generation_eps_4.0_steps_100_Purification_type_noisy_anchor_anchors_10_alpha_1.2_sigma_0.18_threshold_0.0 - INFO - Batch 53/155: Clean orig accuracy 0.9894 | Clean purify accuracy 0.9682 | Adv orig accuracy: 0.0000 | Adv purify accuracy: 0.9965
2025-07-10 21:23:21,684 - ADV_Generation_eps_4.0_steps_100_Purification_type_noisy_anchor_anchors_10_alpha_1.2_sigma_0.18_threshold_0.0 - INFO - Batch:[53] Adversarial images for this batch already exist
2025-07-10 21:23:25,386 - ADV_Generation_eps_4.0_steps_100_Purification_type_noisy_anchor_anchors_10_alpha_1.2_sigma_0.18_threshold_0.0 - INFO - Batch 54/155: Clean orig accuracy 0.9896 | Clean purify accuracy 0.9688 | Adv orig accuracy: 0.0000 | Adv purify accuracy: 0.9965
2025-07-10 21:23:25,397 - ADV_Generation_eps_4.0_steps_100_Purification_type_noisy_anchor_anchors_10_alpha_1.2_sigma_0.18_threshold_0.0 - INFO - Batch:[54] Adversarial images for this batch already exist
2025-07-10 21:23:29,020 - ADV_Generation_eps_4.0_steps_100_Purification_type_noisy_anchor_anchors_10_alpha_1.2_sigma_0.18_threshold_0.0 - INFO - Batch 55/155: Clean orig accuracy 0.9898 | Clean purify accuracy 0.9693 | Adv orig accuracy: 0.0000 | Adv purify accuracy: 0.9966
2025-07-10 21:23:29,048 - ADV_Generation_eps_4.0_steps_100_Purification_type_noisy_anchor_anchors_10_alpha_1.2_sigma_0.18_threshold_0.0 - INFO - Batch:[55] Adversarial images for this batch already exist
2025-07-10 21:23:32,698 - ADV_Generation_eps_4.0_steps_100_Purification_type_noisy_anchor_anchors_10_alpha_1.2_sigma_0.18_threshold_0.0 - INFO - Batch 56/155: Clean orig accuracy 0.9900 | Clean purify accuracy 0.9688 | Adv orig accuracy: 0.0000 | Adv purify accuracy: 0.9955
2025-07-10 21:23:32,710 - ADV_Generation_eps_4.0_steps_100_Purification_type_noisy_anchor_anchors_10_alpha_1.2_sigma_0.18_threshold_0.0 - INFO - Batch:[56] Adversarial images for this batch already exist
2025-07-10 21:23:36,398 - ADV_Generation_eps_4.0_steps_100_Purification_type_noisy_anchor_anchors_10_alpha_1.2_sigma_0.18_threshold_0.0 - INFO - Batch 57/155: Clean orig accuracy 0.9890 | Clean purify accuracy 0.9693 | Adv orig accuracy: 0.0000 | Adv purify accuracy: 0.9956
2025-07-10 21:23:36,411 - ADV_Generation_eps_4.0_steps_100_Purification_type_noisy_anchor_anchors_10_alpha_1.2_sigma_0.18_threshold_0.0 - INFO - Batch:[57] Adversarial images for this batch already exist
2025-07-10 21:23:40,116 - ADV_Generation_eps_4.0_steps_100_Purification_type_noisy_anchor_anchors_10_alpha_1.2_sigma_0.18_threshold_0.0 - INFO - Batch 58/155: Clean orig accuracy 0.9892 | Clean purify accuracy 0.9666 | Adv orig accuracy: 0.0000 | Adv purify accuracy: 0.9946
2025-07-10 21:23:40,128 - ADV_Generation_eps_4.0_steps_100_Purification_type_noisy_anchor_anchors_10_alpha_1.2_sigma_0.18_threshold_0.0 - INFO - Batch:[58] Adversarial images for this batch already exist
2025-07-10 21:23:43,808 - ADV_Generation_eps_4.0_steps_100_Purification_type_noisy_anchor_anchors_10_alpha_1.2_sigma_0.18_threshold_0.0 - INFO - Batch 59/155: Clean orig accuracy 0.9894 | Clean purify accuracy 0.9672 | Adv orig accuracy: 0.0000 | Adv purify accuracy: 0.9947
2025-07-10 21:23:43,819 - ADV_Generation_eps_4.0_steps_100_Purification_type_noisy_anchor_anchors_10_alpha_1.2_sigma_0.18_threshold_0.0 - INFO - Batch:[59] Adversarial images for this batch already exist
2025-07-10 21:23:47,433 - ADV_Generation_eps_4.0_steps_100_Purification_type_noisy_anchor_anchors_10_alpha_1.2_sigma_0.18_threshold_0.0 - INFO - Batch 60/155: Clean orig accuracy 0.9896 | Clean purify accuracy 0.9677 | Adv orig accuracy: 0.0000 | Adv purify accuracy: 0.9948
2025-07-10 21:23:47,444 - ADV_Generation_eps_4.0_steps_100_Purification_type_noisy_anchor_anchors_10_alpha_1.2_sigma_0.18_threshold_0.0 - INFO - Batch:[60] Adversarial images for this batch already exist
2025-07-10 21:23:51,112 - ADV_Generation_eps_4.0_steps_100_Purification_type_noisy_anchor_anchors_10_alpha_1.2_sigma_0.18_threshold_0.0 - INFO - Batch 61/155: Clean orig accuracy 0.9898 | Clean purify accuracy 0.9672 | Adv orig accuracy: 0.0000 | Adv purify accuracy: 0.9939
2025-07-10 21:23:51,124 - ADV_Generation_eps_4.0_steps_100_Purification_type_noisy_anchor_anchors_10_alpha_1.2_sigma_0.18_threshold_0.0 - INFO - Batch:[61] Adversarial images for this batch already exist
2025-07-10 21:23:54,780 - ADV_Generation_eps_4.0_steps_100_Purification_type_noisy_anchor_anchors_10_alpha_1.2_sigma_0.18_threshold_0.0 - INFO - Batch 62/155: Clean orig accuracy 0.9899 | Clean purify accuracy 0.9677 | Adv orig accuracy: 0.0000 | Adv purify accuracy: 0.9940
2025-07-10 21:23:54,791 - ADV_Generation_eps_4.0_steps_100_Purification_type_noisy_anchor_anchors_10_alpha_1.2_sigma_0.18_threshold_0.0 - INFO - Batch:[62] Adversarial images for this batch already exist
2025-07-10 21:23:58,474 - ADV_Generation_eps_4.0_steps_100_Purification_type_noisy_anchor_anchors_10_alpha_1.2_sigma_0.18_threshold_0.0 - INFO - Batch 63/155: Clean orig accuracy 0.9901 | Clean purify accuracy 0.9673 | Adv orig accuracy: 0.0000 | Adv purify accuracy: 0.9940
2025-07-10 21:23:58,486 - ADV_Generation_eps_4.0_steps_100_Purification_type_noisy_anchor_anchors_10_alpha_1.2_sigma_0.18_threshold_0.0 - INFO - Batch:[63] Adversarial images for this batch already exist
2025-07-10 21:24:02,137 - ADV_Generation_eps_4.0_steps_100_Purification_type_noisy_anchor_anchors_10_alpha_1.2_sigma_0.18_threshold_0.0 - INFO - Batch 64/155: Clean orig accuracy 0.9902 | Clean purify accuracy 0.9678 | Adv orig accuracy: 0.0000 | Adv purify accuracy: 0.9941
2025-07-10 21:24:02,149 - ADV_Generation_eps_4.0_steps_100_Purification_type_noisy_anchor_anchors_10_alpha_1.2_sigma_0.18_threshold_0.0 - INFO - Batch:[64] Adversarial images for this batch already exist
2025-07-10 21:24:05,773 - ADV_Generation_eps_4.0_steps_100_Purification_type_noisy_anchor_anchors_10_alpha_1.2_sigma_0.18_threshold_0.0 - INFO - Batch 65/155: Clean orig accuracy 0.9904 | Clean purify accuracy 0.9673 | Adv orig accuracy: 0.0000 | Adv purify accuracy: 0.9942
2025-07-10 21:24:05,784 - ADV_Generation_eps_4.0_steps_100_Purification_type_noisy_anchor_anchors_10_alpha_1.2_sigma_0.18_threshold_0.0 - INFO - Batch:[65] Adversarial images for this batch already exist
2025-07-10 21:24:09,382 - ADV_Generation_eps_4.0_steps_100_Purification_type_noisy_anchor_anchors_10_alpha_1.2_sigma_0.18_threshold_0.0 - INFO - Batch 66/155: Clean orig accuracy 0.9905 | Clean purify accuracy 0.9659 | Adv orig accuracy: 0.0000 | Adv purify accuracy: 0.9943
2025-07-10 21:24:09,393 - ADV_Generation_eps_4.0_steps_100_Purification_type_noisy_anchor_anchors_10_alpha_1.2_sigma_0.18_threshold_0.0 - INFO - Batch:[66] Adversarial images for this batch already exist
2025-07-10 21:24:13,059 - ADV_Generation_eps_4.0_steps_100_Purification_type_noisy_anchor_anchors_10_alpha_1.2_sigma_0.18_threshold_0.0 - INFO - Batch 67/155: Clean orig accuracy 0.9907 | Clean purify accuracy 0.9664 | Adv orig accuracy: 0.0000 | Adv purify accuracy: 0.9944
2025-07-10 21:24:13,071 - ADV_Generation_eps_4.0_steps_100_Purification_type_noisy_anchor_anchors_10_alpha_1.2_sigma_0.18_threshold_0.0 - INFO - Batch:[67] Adversarial images for this batch already exist
2025-07-10 21:24:16,730 - ADV_Generation_eps_4.0_steps_100_Purification_type_noisy_anchor_anchors_10_alpha_1.2_sigma_0.18_threshold_0.0 - INFO - Batch 68/155: Clean orig accuracy 0.9899 | Clean purify accuracy 0.9623 | Adv orig accuracy: 0.0000 | Adv purify accuracy: 0.9926
2025-07-10 21:24:16,743 - ADV_Generation_eps_4.0_steps_100_Purification_type_noisy_anchor_anchors_10_alpha_1.2_sigma_0.18_threshold_0.0 - INFO - Batch:[68] Adversarial images for this batch already exist
2025-07-10 21:24:20,384 - ADV_Generation_eps_4.0_steps_100_Purification_type_noisy_anchor_anchors_10_alpha_1.2_sigma_0.18_threshold_0.0 - INFO - Batch 69/155: Clean orig accuracy 0.9882 | Clean purify accuracy 0.9601 | Adv orig accuracy: 0.0000 | Adv purify accuracy: 0.9918
2025-07-10 21:24:20,396 - ADV_Generation_eps_4.0_steps_100_Purification_type_noisy_anchor_anchors_10_alpha_1.2_sigma_0.18_threshold_0.0 - INFO - Batch:[69] Adversarial images for this batch already exist
2025-07-10 21:24:24,053 - ADV_Generation_eps_4.0_steps_100_Purification_type_noisy_anchor_anchors_10_alpha_1.2_sigma_0.18_threshold_0.0 - INFO - Batch 70/155: Clean orig accuracy 0.9866 | Clean purify accuracy 0.9563 | Adv orig accuracy: 0.0000 | Adv purify accuracy: 0.9911
2025-07-10 21:24:24,065 - ADV_Generation_eps_4.0_steps_100_Purification_type_noisy_anchor_anchors_10_alpha_1.2_sigma_0.18_threshold_0.0 - INFO - Batch:[70] Adversarial images for this batch already exist
2025-07-10 21:24:27,718 - ADV_Generation_eps_4.0_steps_100_Purification_type_noisy_anchor_anchors_10_alpha_1.2_sigma_0.18_threshold_0.0 - INFO - Batch 71/155: Clean orig accuracy 0.9868 | Clean purify accuracy 0.9498 | Adv orig accuracy: 0.0000 | Adv purify accuracy: 0.9877
2025-07-10 21:24:27,730 - ADV_Generation_eps_4.0_steps_100_Purification_type_noisy_anchor_anchors_10_alpha_1.2_sigma_0.18_threshold_0.0 - INFO - Batch:[71] Adversarial images for this batch already exist
2025-07-10 21:24:31,379 - ADV_Generation_eps_4.0_steps_100_Purification_type_noisy_anchor_anchors_10_alpha_1.2_sigma_0.18_threshold_0.0 - INFO - Batch 72/155: Clean orig accuracy 0.9826 | Clean purify accuracy 0.9488 | Adv orig accuracy: 0.0000 | Adv purify accuracy: 0.9870
2025-07-10 21:24:31,390 - ADV_Generation_eps_4.0_steps_100_Purification_type_noisy_anchor_anchors_10_alpha_1.2_sigma_0.18_threshold_0.0 - INFO - Batch:[72] Adversarial images for this batch already exist
2025-07-10 21:24:35,007 - ADV_Generation_eps_4.0_steps_100_Purification_type_noisy_anchor_anchors_10_alpha_1.2_sigma_0.18_threshold_0.0 - INFO - Batch 73/155: Clean orig accuracy 0.9829 | Clean purify accuracy 0.9469 | Adv orig accuracy: 0.0000 | Adv purify accuracy: 0.9872
2025-07-10 21:24:35,019 - ADV_Generation_eps_4.0_steps_100_Purification_type_noisy_anchor_anchors_10_alpha_1.2_sigma_0.18_threshold_0.0 - INFO - Batch:[73] Adversarial images for this batch already exist
2025-07-10 21:24:38,725 - ADV_Generation_eps_4.0_steps_100_Purification_type_noisy_anchor_anchors_10_alpha_1.2_sigma_0.18_threshold_0.0 - INFO - Batch 74/155: Clean orig accuracy 0.9831 | Clean purify accuracy 0.9476 | Adv orig accuracy: 0.0000 | Adv purify accuracy: 0.9873
2025-07-10 21:24:38,743 - ADV_Generation_eps_4.0_steps_100_Purification_type_noisy_anchor_anchors_10_alpha_1.2_sigma_0.18_threshold_0.0 - INFO - Batch:[74] Adversarial images for this batch already exist
2025-07-10 21:24:42,474 - ADV_Generation_eps_4.0_steps_100_Purification_type_noisy_anchor_anchors_10_alpha_1.2_sigma_0.18_threshold_0.0 - INFO - Batch 75/155: Clean orig accuracy 0.9833 | Clean purify accuracy 0.9483 | Adv orig accuracy: 0.0000 | Adv purify accuracy: 0.9875
2025-07-10 21:24:42,485 - ADV_Generation_eps_4.0_steps_100_Purification_type_noisy_anchor_anchors_10_alpha_1.2_sigma_0.18_threshold_0.0 - INFO - Batch:[75] Adversarial images for this batch already exist
2025-07-10 21:24:46,247 - ADV_Generation_eps_4.0_steps_100_Purification_type_noisy_anchor_anchors_10_alpha_1.2_sigma_0.18_threshold_0.0 - INFO - Batch 76/155: Clean orig accuracy 0.9836 | Clean purify accuracy 0.9482 | Adv orig accuracy: 0.0000 | Adv purify accuracy: 0.9877
2025-07-10 21:24:46,258 - ADV_Generation_eps_4.0_steps_100_Purification_type_noisy_anchor_anchors_10_alpha_1.2_sigma_0.18_threshold_0.0 - INFO - Batch:[76] Adversarial images for this batch already exist
2025-07-10 21:24:49,957 - ADV_Generation_eps_4.0_steps_100_Purification_type_noisy_anchor_anchors_10_alpha_1.2_sigma_0.18_threshold_0.0 - INFO - Batch 77/155: Clean orig accuracy 0.9838 | Clean purify accuracy 0.9481 | Adv orig accuracy: 0.0000 | Adv purify accuracy: 0.9870
2025-07-10 21:24:49,969 - ADV_Generation_eps_4.0_steps_100_Purification_type_noisy_anchor_anchors_10_alpha_1.2_sigma_0.18_threshold_0.0 - INFO - Batch:[77] Adversarial images for this batch already exist
2025-07-10 21:24:53,668 - ADV_Generation_eps_4.0_steps_100_Purification_type_noisy_anchor_anchors_10_alpha_1.2_sigma_0.18_threshold_0.0 - INFO - Batch 78/155: Clean orig accuracy 0.9832 | Clean purify accuracy 0.9463 | Adv orig accuracy: 0.0000 | Adv purify accuracy: 0.9864
2025-07-10 21:24:53,679 - ADV_Generation_eps_4.0_steps_100_Purification_type_noisy_anchor_anchors_10_alpha_1.2_sigma_0.18_threshold_0.0 - INFO - Batch:[78] Adversarial images for this batch already exist
2025-07-10 21:24:57,296 - ADV_Generation_eps_4.0_steps_100_Purification_type_noisy_anchor_anchors_10_alpha_1.2_sigma_0.18_threshold_0.0 - INFO - Batch 79/155: Clean orig accuracy 0.9834 | Clean purify accuracy 0.9446 | Adv orig accuracy: 0.0000 | Adv purify accuracy: 0.9858
2025-07-10 21:24:57,307 - ADV_Generation_eps_4.0_steps_100_Purification_type_noisy_anchor_anchors_10_alpha_1.2_sigma_0.18_threshold_0.0 - INFO - Batch:[79] Adversarial images for this batch already exist
2025-07-10 21:25:01,024 - ADV_Generation_eps_4.0_steps_100_Purification_type_noisy_anchor_anchors_10_alpha_1.2_sigma_0.18_threshold_0.0 - INFO - Batch 80/155: Clean orig accuracy 0.9836 | Clean purify accuracy 0.9445 | Adv orig accuracy: 0.0000 | Adv purify accuracy: 0.9859
2025-07-10 21:25:01,036 - ADV_Generation_eps_4.0_steps_100_Purification_type_noisy_anchor_anchors_10_alpha_1.2_sigma_0.18_threshold_0.0 - INFO - Batch:[80] Adversarial images for this batch already exist
2025-07-10 21:25:04,665 - ADV_Generation_eps_4.0_steps_100_Purification_type_noisy_anchor_anchors_10_alpha_1.2_sigma_0.18_threshold_0.0 - INFO - Batch 81/155: Clean orig accuracy 0.9838 | Clean purify accuracy 0.9437 | Adv orig accuracy: 0.0000 | Adv purify accuracy: 0.9853
2025-07-10 21:25:04,677 - ADV_Generation_eps_4.0_steps_100_Purification_type_noisy_anchor_anchors_10_alpha_1.2_sigma_0.18_threshold_0.0 - INFO - Batch:[81] Adversarial images for this batch already exist
2025-07-10 21:25:08,261 - ADV_Generation_eps_4.0_steps_100_Purification_type_noisy_anchor_anchors_10_alpha_1.2_sigma_0.18_threshold_0.0 - INFO - Batch 82/155: Clean orig accuracy 0.9840 | Clean purify accuracy 0.9436 | Adv orig accuracy: 0.0000 | Adv purify accuracy: 0.9855
2025-07-10 21:25:08,273 - ADV_Generation_eps_4.0_steps_100_Purification_type_noisy_anchor_anchors_10_alpha_1.2_sigma_0.18_threshold_0.0 - INFO - Batch:[82] Adversarial images for this batch already exist
2025-07-10 21:25:11,960 - ADV_Generation_eps_4.0_steps_100_Purification_type_noisy_anchor_anchors_10_alpha_1.2_sigma_0.18_threshold_0.0 - INFO - Batch 83/155: Clean orig accuracy 0.9842 | Clean purify accuracy 0.9443 | Adv orig accuracy: 0.0000 | Adv purify accuracy: 0.9857
2025-07-10 21:25:11,971 - ADV_Generation_eps_4.0_steps_100_Purification_type_noisy_anchor_anchors_10_alpha_1.2_sigma_0.18_threshold_0.0 - INFO - Batch:[83] Adversarial images for this batch already exist
2025-07-10 21:25:15,592 - ADV_Generation_eps_4.0_steps_100_Purification_type_noisy_anchor_anchors_10_alpha_1.2_sigma_0.18_threshold_0.0 - INFO - Batch 84/155: Clean orig accuracy 0.9844 | Clean purify accuracy 0.9449 | Adv orig accuracy: 0.0000 | Adv purify accuracy: 0.9859
2025-07-10 21:25:15,602 - ADV_Generation_eps_4.0_steps_100_Purification_type_noisy_anchor_anchors_10_alpha_1.2_sigma_0.18_threshold_0.0 - INFO - Batch:[84] Adversarial images for this batch already exist
2025-07-10 21:25:19,240 - ADV_Generation_eps_4.0_steps_100_Purification_type_noisy_anchor_anchors_10_alpha_1.2_sigma_0.18_threshold_0.0 - INFO - Batch 85/155: Clean orig accuracy 0.9846 | Clean purify accuracy 0.9441 | Adv orig accuracy: 0.0000 | Adv purify accuracy: 0.9860
2025-07-10 21:25:19,250 - ADV_Generation_eps_4.0_steps_100_Purification_type_noisy_anchor_anchors_10_alpha_1.2_sigma_0.18_threshold_0.0 - INFO - Batch:[85] Adversarial images for this batch already exist
2025-07-10 21:25:22,866 - ADV_Generation_eps_4.0_steps_100_Purification_type_noisy_anchor_anchors_10_alpha_1.2_sigma_0.18_threshold_0.0 - INFO - Batch 86/155: Clean orig accuracy 0.9847 | Clean purify accuracy 0.9440 | Adv orig accuracy: 0.0000 | Adv purify accuracy: 0.9855
2025-07-10 21:25:22,877 - ADV_Generation_eps_4.0_steps_100_Purification_type_noisy_anchor_anchors_10_alpha_1.2_sigma_0.18_threshold_0.0 - INFO - Batch:[86] Adversarial images for this batch already exist
2025-07-10 21:25:26,505 - ADV_Generation_eps_4.0_steps_100_Purification_type_noisy_anchor_anchors_10_alpha_1.2_sigma_0.18_threshold_0.0 - INFO - Batch 87/155: Clean orig accuracy 0.9820 | Clean purify accuracy 0.9432 | Adv orig accuracy: 0.0000 | Adv purify accuracy: 0.9856
2025-07-10 21:25:26,516 - ADV_Generation_eps_4.0_steps_100_Purification_type_noisy_anchor_anchors_10_alpha_1.2_sigma_0.18_threshold_0.0 - INFO - Batch:[87] Adversarial images for this batch already exist
2025-07-10 21:25:30,211 - ADV_Generation_eps_4.0_steps_100_Purification_type_noisy_anchor_anchors_10_alpha_1.2_sigma_0.18_threshold_0.0 - INFO - Batch 88/155: Clean orig accuracy 0.9787 | Clean purify accuracy 0.9432 | Adv orig accuracy: 0.0000 | Adv purify accuracy: 0.9858
2025-07-10 21:25:30,240 - ADV_Generation_eps_4.0_steps_100_Purification_type_noisy_anchor_anchors_10_alpha_1.2_sigma_0.18_threshold_0.0 - INFO - Batch:[88] Adversarial images for this batch already exist
2025-07-10 21:25:33,879 - ADV_Generation_eps_4.0_steps_100_Purification_type_noisy_anchor_anchors_10_alpha_1.2_sigma_0.18_threshold_0.0 - INFO - Batch 89/155: Clean orig accuracy 0.9775 | Clean purify accuracy 0.9424 | Adv orig accuracy: 0.0000 | Adv purify accuracy: 0.9860
2025-07-10 21:25:33,891 - ADV_Generation_eps_4.0_steps_100_Purification_type_noisy_anchor_anchors_10_alpha_1.2_sigma_0.18_threshold_0.0 - INFO - Batch:[89] Adversarial images for this batch already exist
2025-07-10 21:25:37,488 - ADV_Generation_eps_4.0_steps_100_Purification_type_noisy_anchor_anchors_10_alpha_1.2_sigma_0.18_threshold_0.0 - INFO - Batch 90/155: Clean orig accuracy 0.9778 | Clean purify accuracy 0.9417 | Adv orig accuracy: 0.0000 | Adv purify accuracy: 0.9854
2025-07-10 21:25:37,499 - ADV_Generation_eps_4.0_steps_100_Purification_type_noisy_anchor_anchors_10_alpha_1.2_sigma_0.18_threshold_0.0 - INFO - Batch:[90] Adversarial images for this batch already exist
2025-07-10 21:25:41,171 - ADV_Generation_eps_4.0_steps_100_Purification_type_noisy_anchor_anchors_10_alpha_1.2_sigma_0.18_threshold_0.0 - INFO - Batch 91/155: Clean orig accuracy 0.9780 | Clean purify accuracy 0.9423 | Adv orig accuracy: 0.0000 | Adv purify accuracy: 0.9856
2025-07-10 21:25:41,182 - ADV_Generation_eps_4.0_steps_100_Purification_type_noisy_anchor_anchors_10_alpha_1.2_sigma_0.18_threshold_0.0 - INFO - Batch:[91] Adversarial images for this batch already exist
2025-07-10 21:25:44,858 - ADV_Generation_eps_4.0_steps_100_Purification_type_noisy_anchor_anchors_10_alpha_1.2_sigma_0.18_threshold_0.0 - INFO - Batch 92/155: Clean orig accuracy 0.9783 | Clean purify accuracy 0.9429 | Adv orig accuracy: 0.0000 | Adv purify accuracy: 0.9857
2025-07-10 21:25:44,870 - ADV_Generation_eps_4.0_steps_100_Purification_type_noisy_anchor_anchors_10_alpha_1.2_sigma_0.18_threshold_0.0 - INFO - Batch:[92] Adversarial images for this batch already exist
2025-07-10 21:25:48,521 - ADV_Generation_eps_4.0_steps_100_Purification_type_noisy_anchor_anchors_10_alpha_1.2_sigma_0.18_threshold_0.0 - INFO - Batch 93/155: Clean orig accuracy 0.9785 | Clean purify accuracy 0.9415 | Adv orig accuracy: 0.0000 | Adv purify accuracy: 0.9852
2025-07-10 21:25:48,545 - ADV_Generation_eps_4.0_steps_100_Purification_type_noisy_anchor_anchors_10_alpha_1.2_sigma_0.18_threshold_0.0 - INFO - Batch:[93] Adversarial images for this batch already exist
2025-07-10 21:25:52,213 - ADV_Generation_eps_4.0_steps_100_Purification_type_noisy_anchor_anchors_10_alpha_1.2_sigma_0.18_threshold_0.0 - INFO - Batch 94/155: Clean orig accuracy 0.9787 | Clean purify accuracy 0.9422 | Adv orig accuracy: 0.0000 | Adv purify accuracy: 0.9854
2025-07-10 21:25:52,224 - ADV_Generation_eps_4.0_steps_100_Purification_type_noisy_anchor_anchors_10_alpha_1.2_sigma_0.18_threshold_0.0 - INFO - Batch:[94] Adversarial images for this batch already exist
2025-07-10 21:25:55,882 - ADV_Generation_eps_4.0_steps_100_Purification_type_noisy_anchor_anchors_10_alpha_1.2_sigma_0.18_threshold_0.0 - INFO - Batch 95/155: Clean orig accuracy 0.9789 | Clean purify accuracy 0.9428 | Adv orig accuracy: 0.0000 | Adv purify accuracy: 0.9855
2025-07-10 21:25:55,893 - ADV_Generation_eps_4.0_steps_100_Purification_type_noisy_anchor_anchors_10_alpha_1.2_sigma_0.18_threshold_0.0 - INFO - Batch:[95] Adversarial images for this batch already exist
2025-07-10 21:25:59,556 - ADV_Generation_eps_4.0_steps_100_Purification_type_noisy_anchor_anchors_10_alpha_1.2_sigma_0.18_threshold_0.0 - INFO - Batch 96/155: Clean orig accuracy 0.9792 | Clean purify accuracy 0.9421 | Adv orig accuracy: 0.0000 | Adv purify accuracy: 0.9857
2025-07-10 21:25:59,579 - ADV_Generation_eps_4.0_steps_100_Purification_type_noisy_anchor_anchors_10_alpha_1.2_sigma_0.18_threshold_0.0 - INFO - Batch:[96] Adversarial images for this batch already exist
2025-07-10 21:26:03,262 - ADV_Generation_eps_4.0_steps_100_Purification_type_noisy_anchor_anchors_10_alpha_1.2_sigma_0.18_threshold_0.0 - INFO - Batch 97/155: Clean orig accuracy 0.9794 | Clean purify accuracy 0.9427 | Adv orig accuracy: 0.0000 | Adv purify accuracy: 0.9858
2025-07-10 21:26:03,274 - ADV_Generation_eps_4.0_steps_100_Purification_type_noisy_anchor_anchors_10_alpha_1.2_sigma_0.18_threshold_0.0 - INFO - Batch:[97] Adversarial images for this batch already exist
2025-07-10 21:26:06,888 - ADV_Generation_eps_4.0_steps_100_Purification_type_noisy_anchor_anchors_10_alpha_1.2_sigma_0.18_threshold_0.0 - INFO - Batch 98/155: Clean orig accuracy 0.9796 | Clean purify accuracy 0.9426 | Adv orig accuracy: 0.0000 | Adv purify accuracy: 0.9860
2025-07-10 21:26:06,899 - ADV_Generation_eps_4.0_steps_100_Purification_type_noisy_anchor_anchors_10_alpha_1.2_sigma_0.18_threshold_0.0 - INFO - Batch:[98] Adversarial images for this batch already exist
2025-07-10 21:26:10,557 - ADV_Generation_eps_4.0_steps_100_Purification_type_noisy_anchor_anchors_10_alpha_1.2_sigma_0.18_threshold_0.0 - INFO - Batch 99/155: Clean orig accuracy 0.9798 | Clean purify accuracy 0.9432 | Adv orig accuracy: 0.0000 | Adv purify accuracy: 0.9861
2025-07-10 21:26:10,569 - ADV_Generation_eps_4.0_steps_100_Purification_type_noisy_anchor_anchors_10_alpha_1.2_sigma_0.18_threshold_0.0 - INFO - Batch:[99] Adversarial images for this batch already exist
2025-07-10 21:26:14,247 - ADV_Generation_eps_4.0_steps_100_Purification_type_noisy_anchor_anchors_10_alpha_1.2_sigma_0.18_threshold_0.0 - INFO - Batch 100/155: Clean orig accuracy 0.9800 | Clean purify accuracy 0.9437 | Adv orig accuracy: 0.0000 | Adv purify accuracy: 0.9862
2025-07-10 21:26:14,260 - ADV_Generation_eps_4.0_steps_100_Purification_type_noisy_anchor_anchors_10_alpha_1.2_sigma_0.18_threshold_0.0 - INFO - Batch:[100] Adversarial images for this batch already exist
2025-07-10 21:26:17,865 - ADV_Generation_eps_4.0_steps_100_Purification_type_noisy_anchor_anchors_10_alpha_1.2_sigma_0.18_threshold_0.0 - INFO - Batch 101/155: Clean orig accuracy 0.9802 | Clean purify accuracy 0.9431 | Adv orig accuracy: 0.0000 | Adv purify accuracy: 0.9864
2025-07-10 21:26:17,876 - ADV_Generation_eps_4.0_steps_100_Purification_type_noisy_anchor_anchors_10_alpha_1.2_sigma_0.18_threshold_0.0 - INFO - Batch:[101] Adversarial images for this batch already exist
2025-07-10 21:26:21,485 - ADV_Generation_eps_4.0_steps_100_Purification_type_noisy_anchor_anchors_10_alpha_1.2_sigma_0.18_threshold_0.0 - INFO - Batch 102/155: Clean orig accuracy 0.9792 | Clean purify accuracy 0.9424 | Adv orig accuracy: 0.0000 | Adv purify accuracy: 0.9865
2025-07-10 21:26:21,496 - ADV_Generation_eps_4.0_steps_100_Purification_type_noisy_anchor_anchors_10_alpha_1.2_sigma_0.18_threshold_0.0 - INFO - Batch:[102] Adversarial images for this batch already exist
2025-07-10 21:26:25,127 - ADV_Generation_eps_4.0_steps_100_Purification_type_noisy_anchor_anchors_10_alpha_1.2_sigma_0.18_threshold_0.0 - INFO - Batch 103/155: Clean orig accuracy 0.9794 | Clean purify accuracy 0.9430 | Adv orig accuracy: 0.0000 | Adv purify accuracy: 0.9867
2025-07-10 21:26:25,139 - ADV_Generation_eps_4.0_steps_100_Purification_type_noisy_anchor_anchors_10_alpha_1.2_sigma_0.18_threshold_0.0 - INFO - Batch:[103] Adversarial images for this batch already exist
2025-07-10 21:26:28,761 - ADV_Generation_eps_4.0_steps_100_Purification_type_noisy_anchor_anchors_10_alpha_1.2_sigma_0.18_threshold_0.0 - INFO - Batch 104/155: Clean orig accuracy 0.9778 | Clean purify accuracy 0.9411 | Adv orig accuracy: 0.0000 | Adv purify accuracy: 0.9868
2025-07-10 21:26:28,771 - ADV_Generation_eps_4.0_steps_100_Purification_type_noisy_anchor_anchors_10_alpha_1.2_sigma_0.18_threshold_0.0 - INFO - Batch:[104] Adversarial images for this batch already exist
2025-07-10 21:26:32,407 - ADV_Generation_eps_4.0_steps_100_Purification_type_noisy_anchor_anchors_10_alpha_1.2_sigma_0.18_threshold_0.0 - INFO - Batch 105/155: Clean orig accuracy 0.9780 | Clean purify accuracy 0.9411 | Adv orig accuracy: 0.0000 | Adv purify accuracy: 0.9863
2025-07-10 21:26:32,418 - ADV_Generation_eps_4.0_steps_100_Purification_type_noisy_anchor_anchors_10_alpha_1.2_sigma_0.18_threshold_0.0 - INFO - Batch:[105] Adversarial images for this batch already exist
2025-07-10 21:26:36,042 - ADV_Generation_eps_4.0_steps_100_Purification_type_noisy_anchor_anchors_10_alpha_1.2_sigma_0.18_threshold_0.0 - INFO - Batch 106/155: Clean orig accuracy 0.9782 | Clean purify accuracy 0.9416 | Adv orig accuracy: 0.0000 | Adv purify accuracy: 0.9864
2025-07-10 21:26:36,052 - ADV_Generation_eps_4.0_steps_100_Purification_type_noisy_anchor_anchors_10_alpha_1.2_sigma_0.18_threshold_0.0 - INFO - Batch:[106] Adversarial images for this batch already exist
2025-07-10 21:26:39,706 - ADV_Generation_eps_4.0_steps_100_Purification_type_noisy_anchor_anchors_10_alpha_1.2_sigma_0.18_threshold_0.0 - INFO - Batch 107/155: Clean orig accuracy 0.9778 | Clean purify accuracy 0.9410 | Adv orig accuracy: 0.0000 | Adv purify accuracy: 0.9854
2025-07-10 21:26:39,717 - ADV_Generation_eps_4.0_steps_100_Purification_type_noisy_anchor_anchors_10_alpha_1.2_sigma_0.18_threshold_0.0 - INFO - Batch:[107] Adversarial images for this batch already exist
2025-07-10 21:26:43,444 - ADV_Generation_eps_4.0_steps_100_Purification_type_noisy_anchor_anchors_10_alpha_1.2_sigma_0.18_threshold_0.0 - INFO - Batch 108/155: Clean orig accuracy 0.9780 | Clean purify accuracy 0.9404 | Adv orig accuracy: 0.0000 | Adv purify accuracy: 0.9855
2025-07-10 21:26:43,454 - ADV_Generation_eps_4.0_steps_100_Purification_type_noisy_anchor_anchors_10_alpha_1.2_sigma_0.18_threshold_0.0 - INFO - Batch:[108] Adversarial images for this batch already exist
2025-07-10 21:26:47,092 - ADV_Generation_eps_4.0_steps_100_Purification_type_noisy_anchor_anchors_10_alpha_1.2_sigma_0.18_threshold_0.0 - INFO - Batch 109/155: Clean orig accuracy 0.9753 | Clean purify accuracy 0.9369 | Adv orig accuracy: 0.0000 | Adv purify accuracy: 0.9851
2025-07-10 21:26:47,103 - ADV_Generation_eps_4.0_steps_100_Purification_type_noisy_anchor_anchors_10_alpha_1.2_sigma_0.18_threshold_0.0 - INFO - Batch:[109] Adversarial images for this batch already exist
2025-07-10 21:26:50,799 - ADV_Generation_eps_4.0_steps_100_Purification_type_noisy_anchor_anchors_10_alpha_1.2_sigma_0.18_threshold_0.0 - INFO - Batch 110/155: Clean orig accuracy 0.9733 | Clean purify accuracy 0.9341 | Adv orig accuracy: 0.0000 | Adv purify accuracy: 0.9852
2025-07-10 21:26:50,811 - ADV_Generation_eps_4.0_steps_100_Purification_type_noisy_anchor_anchors_10_alpha_1.2_sigma_0.18_threshold_0.0 - INFO - Batch:[110] Adversarial images for this batch already exist
2025-07-10 21:26:54,523 - ADV_Generation_eps_4.0_steps_100_Purification_type_noisy_anchor_anchors_10_alpha_1.2_sigma_0.18_threshold_0.0 - INFO - Batch 111/155: Clean orig accuracy 0.9730 | Clean purify accuracy 0.9336 | Adv orig accuracy: 0.0000 | Adv purify accuracy: 0.9854
2025-07-10 21:26:54,534 - ADV_Generation_eps_4.0_steps_100_Purification_type_noisy_anchor_anchors_10_alpha_1.2_sigma_0.18_threshold_0.0 - INFO - Batch:[111] Adversarial images for this batch already exist
2025-07-10 21:26:58,239 - ADV_Generation_eps_4.0_steps_100_Purification_type_noisy_anchor_anchors_10_alpha_1.2_sigma_0.18_threshold_0.0 - INFO - Batch 112/155: Clean orig accuracy 0.9727 | Clean purify accuracy 0.9330 | Adv orig accuracy: 0.0000 | Adv purify accuracy: 0.9849
2025-07-10 21:26:58,250 - ADV_Generation_eps_4.0_steps_100_Purification_type_noisy_anchor_anchors_10_alpha_1.2_sigma_0.18_threshold_0.0 - INFO - Batch:[112] Adversarial images for this batch already exist
2025-07-10 21:27:01,996 - ADV_Generation_eps_4.0_steps_100_Purification_type_noisy_anchor_anchors_10_alpha_1.2_sigma_0.18_threshold_0.0 - INFO - Batch 113/155: Clean orig accuracy 0.9729 | Clean purify accuracy 0.9336 | Adv orig accuracy: 0.0000 | Adv purify accuracy: 0.9851
2025-07-10 21:27:02,008 - ADV_Generation_eps_4.0_steps_100_Purification_type_noisy_anchor_anchors_10_alpha_1.2_sigma_0.18_threshold_0.0 - INFO - Batch:[113] Adversarial images for this batch already exist
2025-07-10 21:27:05,668 - ADV_Generation_eps_4.0_steps_100_Purification_type_noisy_anchor_anchors_10_alpha_1.2_sigma_0.18_threshold_0.0 - INFO - Batch 114/155: Clean orig accuracy 0.9731 | Clean purify accuracy 0.9331 | Adv orig accuracy: 0.0000 | Adv purify accuracy: 0.9852
2025-07-10 21:27:05,678 - ADV_Generation_eps_4.0_steps_100_Purification_type_noisy_anchor_anchors_10_alpha_1.2_sigma_0.18_threshold_0.0 - INFO - Batch:[114] Adversarial images for this batch already exist
2025-07-10 21:27:09,333 - ADV_Generation_eps_4.0_steps_100_Purification_type_noisy_anchor_anchors_10_alpha_1.2_sigma_0.18_threshold_0.0 - INFO - Batch 115/155: Clean orig accuracy 0.9728 | Clean purify accuracy 0.9310 | Adv orig accuracy: 0.0000 | Adv purify accuracy: 0.9848
2025-07-10 21:27:09,344 - ADV_Generation_eps_4.0_steps_100_Purification_type_noisy_anchor_anchors_10_alpha_1.2_sigma_0.18_threshold_0.0 - INFO - Batch:[115] Adversarial images for this batch already exist
2025-07-10 21:27:13,055 - ADV_Generation_eps_4.0_steps_100_Purification_type_noisy_anchor_anchors_10_alpha_1.2_sigma_0.18_threshold_0.0 - INFO - Batch 116/155: Clean orig accuracy 0.9731 | Clean purify accuracy 0.9305 | Adv orig accuracy: 0.0000 | Adv purify accuracy: 0.9849
2025-07-10 21:27:13,095 - ADV_Generation_eps_4.0_steps_100_Purification_type_noisy_anchor_anchors_10_alpha_1.2_sigma_0.18_threshold_0.0 - INFO - Batch:[116] Adversarial images for this batch already exist
2025-07-10 21:27:16,740 - ADV_Generation_eps_4.0_steps_100_Purification_type_noisy_anchor_anchors_10_alpha_1.2_sigma_0.18_threshold_0.0 - INFO - Batch 117/155: Clean orig accuracy 0.9733 | Clean purify accuracy 0.9311 | Adv orig accuracy: 0.0000 | Adv purify accuracy: 0.9850
2025-07-10 21:27:16,751 - ADV_Generation_eps_4.0_steps_100_Purification_type_noisy_anchor_anchors_10_alpha_1.2_sigma_0.18_threshold_0.0 - INFO - Batch:[117] Adversarial images for this batch already exist
2025-07-10 21:27:20,383 - ADV_Generation_eps_4.0_steps_100_Purification_type_noisy_anchor_anchors_10_alpha_1.2_sigma_0.18_threshold_0.0 - INFO - Batch 118/155: Clean orig accuracy 0.9735 | Clean purify accuracy 0.9311 | Adv orig accuracy: 0.0000 | Adv purify accuracy: 0.9852
2025-07-10 21:27:20,413 - ADV_Generation_eps_4.0_steps_100_Purification_type_noisy_anchor_anchors_10_alpha_1.2_sigma_0.18_threshold_0.0 - INFO - Batch:[118] Adversarial images for this batch already exist
2025-07-10 21:27:24,066 - ADV_Generation_eps_4.0_steps_100_Purification_type_noisy_anchor_anchors_10_alpha_1.2_sigma_0.18_threshold_0.0 - INFO - Batch 119/155: Clean orig accuracy 0.9737 | Clean purify accuracy 0.9307 | Adv orig accuracy: 0.0000 | Adv purify accuracy: 0.9848
2025-07-10 21:27:24,077 - ADV_Generation_eps_4.0_steps_100_Purification_type_noisy_anchor_anchors_10_alpha_1.2_sigma_0.18_threshold_0.0 - INFO - Batch:[119] Adversarial images for this batch already exist
2025-07-10 21:27:27,731 - ADV_Generation_eps_4.0_steps_100_Purification_type_noisy_anchor_anchors_10_alpha_1.2_sigma_0.18_threshold_0.0 - INFO - Batch 120/155: Clean orig accuracy 0.9740 | Clean purify accuracy 0.9307 | Adv orig accuracy: 0.0000 | Adv purify accuracy: 0.9849
2025-07-10 21:27:27,743 - ADV_Generation_eps_4.0_steps_100_Purification_type_noisy_anchor_anchors_10_alpha_1.2_sigma_0.18_threshold_0.0 - INFO - Batch:[120] Adversarial images for this batch already exist
2025-07-10 21:27:31,360 - ADV_Generation_eps_4.0_steps_100_Purification_type_noisy_anchor_anchors_10_alpha_1.2_sigma_0.18_threshold_0.0 - INFO - Batch 121/155: Clean orig accuracy 0.9742 | Clean purify accuracy 0.9313 | Adv orig accuracy: 0.0000 | Adv purify accuracy: 0.9850
2025-07-10 21:27:31,372 - ADV_Generation_eps_4.0_steps_100_Purification_type_noisy_anchor_anchors_10_alpha_1.2_sigma_0.18_threshold_0.0 - INFO - Batch:[121] Adversarial images for this batch already exist
2025-07-10 21:27:35,105 - ADV_Generation_eps_4.0_steps_100_Purification_type_noisy_anchor_anchors_10_alpha_1.2_sigma_0.18_threshold_0.0 - INFO - Batch 122/155: Clean orig accuracy 0.9744 | Clean purify accuracy 0.9314 | Adv orig accuracy: 0.0000 | Adv purify accuracy: 0.9851
2025-07-10 21:27:35,116 - ADV_Generation_eps_4.0_steps_100_Purification_type_noisy_anchor_anchors_10_alpha_1.2_sigma_0.18_threshold_0.0 - INFO - Batch:[122] Adversarial images for this batch already exist
2025-07-10 21:27:38,769 - ADV_Generation_eps_4.0_steps_100_Purification_type_noisy_anchor_anchors_10_alpha_1.2_sigma_0.18_threshold_0.0 - INFO - Batch 123/155: Clean orig accuracy 0.9746 | Clean purify accuracy 0.9319 | Adv orig accuracy: 0.0000 | Adv purify accuracy: 0.9853
2025-07-10 21:27:38,780 - ADV_Generation_eps_4.0_steps_100_Purification_type_noisy_anchor_anchors_10_alpha_1.2_sigma_0.18_threshold_0.0 - INFO - Batch:[123] Adversarial images for this batch already exist
2025-07-10 21:27:42,450 - ADV_Generation_eps_4.0_steps_100_Purification_type_noisy_anchor_anchors_10_alpha_1.2_sigma_0.18_threshold_0.0 - INFO - Batch 124/155: Clean orig accuracy 0.9748 | Clean purify accuracy 0.9325 | Adv orig accuracy: 0.0000 | Adv purify accuracy: 0.9854
2025-07-10 21:27:42,461 - ADV_Generation_eps_4.0_steps_100_Purification_type_noisy_anchor_anchors_10_alpha_1.2_sigma_0.18_threshold_0.0 - INFO - Batch:[124] Adversarial images for this batch already exist
2025-07-10 21:27:46,103 - ADV_Generation_eps_4.0_steps_100_Purification_type_noisy_anchor_anchors_10_alpha_1.2_sigma_0.18_threshold_0.0 - INFO - Batch 125/155: Clean orig accuracy 0.9750 | Clean purify accuracy 0.9325 | Adv orig accuracy: 0.0000 | Adv purify accuracy: 0.9855
2025-07-10 21:27:46,115 - ADV_Generation_eps_4.0_steps_100_Purification_type_noisy_anchor_anchors_10_alpha_1.2_sigma_0.18_threshold_0.0 - INFO - Batch:[125] Adversarial images for this batch already exist
2025-07-10 21:27:49,741 - ADV_Generation_eps_4.0_steps_100_Purification_type_noisy_anchor_anchors_10_alpha_1.2_sigma_0.18_threshold_0.0 - INFO - Batch 126/155: Clean orig accuracy 0.9752 | Clean purify accuracy 0.9320 | Adv orig accuracy: 0.0000 | Adv purify accuracy: 0.9856
2025-07-10 21:27:49,753 - ADV_Generation_eps_4.0_steps_100_Purification_type_noisy_anchor_anchors_10_alpha_1.2_sigma_0.18_threshold_0.0 - INFO - Batch:[126] Adversarial images for this batch already exist
2025-07-10 21:27:53,464 - ADV_Generation_eps_4.0_steps_100_Purification_type_noisy_anchor_anchors_10_alpha_1.2_sigma_0.18_threshold_0.0 - INFO - Batch 127/155: Clean orig accuracy 0.9754 | Clean purify accuracy 0.9326 | Adv orig accuracy: 0.0000 | Adv purify accuracy: 0.9857
2025-07-10 21:27:53,476 - ADV_Generation_eps_4.0_steps_100_Purification_type_noisy_anchor_anchors_10_alpha_1.2_sigma_0.18_threshold_0.0 - INFO - Batch:[127] Adversarial images for this batch already exist
2025-07-10 21:27:57,129 - ADV_Generation_eps_4.0_steps_100_Purification_type_noisy_anchor_anchors_10_alpha_1.2_sigma_0.18_threshold_0.0 - INFO - Batch 128/155: Clean orig accuracy 0.9746 | Clean purify accuracy 0.9326 | Adv orig accuracy: 0.0000 | Adv purify accuracy: 0.9858
2025-07-10 21:27:57,140 - ADV_Generation_eps_4.0_steps_100_Purification_type_noisy_anchor_anchors_10_alpha_1.2_sigma_0.18_threshold_0.0 - INFO - Batch:[128] Adversarial images for this batch already exist
2025-07-10 21:28:00,763 - ADV_Generation_eps_4.0_steps_100_Purification_type_noisy_anchor_anchors_10_alpha_1.2_sigma_0.18_threshold_0.0 - INFO - Batch 129/155: Clean orig accuracy 0.9738 | Clean purify accuracy 0.9317 | Adv orig accuracy: 0.0000 | Adv purify accuracy: 0.9855
2025-07-10 21:28:00,777 - ADV_Generation_eps_4.0_steps_100_Purification_type_noisy_anchor_anchors_10_alpha_1.2_sigma_0.18_threshold_0.0 - INFO - Batch:[129] Adversarial images for this batch already exist
2025-07-10 21:28:04,412 - ADV_Generation_eps_4.0_steps_100_Purification_type_noisy_anchor_anchors_10_alpha_1.2_sigma_0.18_threshold_0.0 - INFO - Batch 130/155: Clean orig accuracy 0.9740 | Clean purify accuracy 0.9313 | Adv orig accuracy: 0.0000 | Adv purify accuracy: 0.9856
2025-07-10 21:28:04,423 - ADV_Generation_eps_4.0_steps_100_Purification_type_noisy_anchor_anchors_10_alpha_1.2_sigma_0.18_threshold_0.0 - INFO - Batch:[130] Adversarial images for this batch already exist
2025-07-10 21:28:08,086 - ADV_Generation_eps_4.0_steps_100_Purification_type_noisy_anchor_anchors_10_alpha_1.2_sigma_0.18_threshold_0.0 - INFO - Batch 131/155: Clean orig accuracy 0.9742 | Clean purify accuracy 0.9299 | Adv orig accuracy: 0.0000 | Adv purify accuracy: 0.9857
2025-07-10 21:28:08,097 - ADV_Generation_eps_4.0_steps_100_Purification_type_noisy_anchor_anchors_10_alpha_1.2_sigma_0.18_threshold_0.0 - INFO - Batch:[131] Adversarial images for this batch already exist
2025-07-10 21:28:11,783 - ADV_Generation_eps_4.0_steps_100_Purification_type_noisy_anchor_anchors_10_alpha_1.2_sigma_0.18_threshold_0.0 - INFO - Batch 132/155: Clean orig accuracy 0.9744 | Clean purify accuracy 0.9299 | Adv orig accuracy: 0.0000 | Adv purify accuracy: 0.9858
2025-07-10 21:28:11,794 - ADV_Generation_eps_4.0_steps_100_Purification_type_noisy_anchor_anchors_10_alpha_1.2_sigma_0.18_threshold_0.0 - INFO - Batch:[132] Adversarial images for this batch already exist
2025-07-10 21:28:15,506 - ADV_Generation_eps_4.0_steps_100_Purification_type_noisy_anchor_anchors_10_alpha_1.2_sigma_0.18_threshold_0.0 - INFO - Batch 133/155: Clean orig accuracy 0.9746 | Clean purify accuracy 0.9305 | Adv orig accuracy: 0.0000 | Adv purify accuracy: 0.9859
2025-07-10 21:28:15,517 - ADV_Generation_eps_4.0_steps_100_Purification_type_noisy_anchor_anchors_10_alpha_1.2_sigma_0.18_threshold_0.0 - INFO - Batch:[133] Adversarial images for this batch already exist
2025-07-10 21:28:19,282 - ADV_Generation_eps_4.0_steps_100_Purification_type_noisy_anchor_anchors_10_alpha_1.2_sigma_0.18_threshold_0.0 - INFO - Batch 134/155: Clean orig accuracy 0.9748 | Clean purify accuracy 0.9310 | Adv orig accuracy: 0.0000 | Adv purify accuracy: 0.9860
2025-07-10 21:28:19,293 - ADV_Generation_eps_4.0_steps_100_Purification_type_noisy_anchor_anchors_10_alpha_1.2_sigma_0.18_threshold_0.0 - INFO - Batch:[134] Adversarial images for this batch already exist
2025-07-10 21:28:22,909 - ADV_Generation_eps_4.0_steps_100_Purification_type_noisy_anchor_anchors_10_alpha_1.2_sigma_0.18_threshold_0.0 - INFO - Batch 135/155: Clean orig accuracy 0.9750 | Clean purify accuracy 0.9315 | Adv orig accuracy: 0.0000 | Adv purify accuracy: 0.9861
2025-07-10 21:28:22,933 - ADV_Generation_eps_4.0_steps_100_Purification_type_noisy_anchor_anchors_10_alpha_1.2_sigma_0.18_threshold_0.0 - INFO - Batch:[135] Adversarial images for this batch already exist
2025-07-10 21:28:26,649 - ADV_Generation_eps_4.0_steps_100_Purification_type_noisy_anchor_anchors_10_alpha_1.2_sigma_0.18_threshold_0.0 - INFO - Batch 136/155: Clean orig accuracy 0.9752 | Clean purify accuracy 0.9320 | Adv orig accuracy: 0.0000 | Adv purify accuracy: 0.9862
2025-07-10 21:28:26,660 - ADV_Generation_eps_4.0_steps_100_Purification_type_noisy_anchor_anchors_10_alpha_1.2_sigma_0.18_threshold_0.0 - INFO - Batch:[136] Adversarial images for this batch already exist
2025-07-10 21:28:30,309 - ADV_Generation_eps_4.0_steps_100_Purification_type_noisy_anchor_anchors_10_alpha_1.2_sigma_0.18_threshold_0.0 - INFO - Batch 137/155: Clean orig accuracy 0.9754 | Clean purify accuracy 0.9320 | Adv orig accuracy: 0.0000 | Adv purify accuracy: 0.9863
2025-07-10 21:28:30,320 - ADV_Generation_eps_4.0_steps_100_Purification_type_noisy_anchor_anchors_10_alpha_1.2_sigma_0.18_threshold_0.0 - INFO - Batch:[137] Adversarial images for this batch already exist
2025-07-10 21:28:33,968 - ADV_Generation_eps_4.0_steps_100_Purification_type_noisy_anchor_anchors_10_alpha_1.2_sigma_0.18_threshold_0.0 - INFO - Batch 138/155: Clean orig accuracy 0.9755 | Clean purify accuracy 0.9325 | Adv orig accuracy: 0.0000 | Adv purify accuracy: 0.9864
2025-07-10 21:28:33,979 - ADV_Generation_eps_4.0_steps_100_Purification_type_noisy_anchor_anchors_10_alpha_1.2_sigma_0.18_threshold_0.0 - INFO - Batch:[138] Adversarial images for this batch already exist
2025-07-10 21:28:37,572 - ADV_Generation_eps_4.0_steps_100_Purification_type_noisy_anchor_anchors_10_alpha_1.2_sigma_0.18_threshold_0.0 - INFO - Batch 139/155: Clean orig accuracy 0.9757 | Clean purify accuracy 0.9330 | Adv orig accuracy: 0.0000 | Adv purify accuracy: 0.9865
2025-07-10 21:28:37,584 - ADV_Generation_eps_4.0_steps_100_Purification_type_noisy_anchor_anchors_10_alpha_1.2_sigma_0.18_threshold_0.0 - INFO - Batch:[139] Adversarial images for this batch already exist
2025-07-10 21:28:41,286 - ADV_Generation_eps_4.0_steps_100_Purification_type_noisy_anchor_anchors_10_alpha_1.2_sigma_0.18_threshold_0.0 - INFO - Batch 140/155: Clean orig accuracy 0.9759 | Clean purify accuracy 0.9335 | Adv orig accuracy: 0.0000 | Adv purify accuracy: 0.9866
2025-07-10 21:28:41,297 - ADV_Generation_eps_4.0_steps_100_Purification_type_noisy_anchor_anchors_10_alpha_1.2_sigma_0.18_threshold_0.0 - INFO - Batch:[140] Adversarial images for this batch already exist
2025-07-10 21:28:44,969 - ADV_Generation_eps_4.0_steps_100_Purification_type_noisy_anchor_anchors_10_alpha_1.2_sigma_0.18_threshold_0.0 - INFO - Batch 141/155: Clean orig accuracy 0.9761 | Clean purify accuracy 0.9340 | Adv orig accuracy: 0.0000 | Adv purify accuracy: 0.9867
2025-07-10 21:28:44,980 - ADV_Generation_eps_4.0_steps_100_Purification_type_noisy_anchor_anchors_10_alpha_1.2_sigma_0.18_threshold_0.0 - INFO - Batch:[141] Adversarial images for this batch already exist
2025-07-10 21:28:48,625 - ADV_Generation_eps_4.0_steps_100_Purification_type_noisy_anchor_anchors_10_alpha_1.2_sigma_0.18_threshold_0.0 - INFO - Batch 142/155: Clean orig accuracy 0.9762 | Clean purify accuracy 0.9331 | Adv orig accuracy: 0.0000 | Adv purify accuracy: 0.9868
2025-07-10 21:28:48,636 - ADV_Generation_eps_4.0_steps_100_Purification_type_noisy_anchor_anchors_10_alpha_1.2_sigma_0.18_threshold_0.0 - INFO - Batch:[142] Adversarial images for this batch already exist
2025-07-10 21:28:52,299 - ADV_Generation_eps_4.0_steps_100_Purification_type_noisy_anchor_anchors_10_alpha_1.2_sigma_0.18_threshold_0.0 - INFO - Batch 143/155: Clean orig accuracy 0.9764 | Clean purify accuracy 0.9318 | Adv orig accuracy: 0.0000 | Adv purify accuracy: 0.9869
2025-07-10 21:28:52,314 - ADV_Generation_eps_4.0_steps_100_Purification_type_noisy_anchor_anchors_10_alpha_1.2_sigma_0.18_threshold_0.0 - INFO - Batch:[143] Adversarial images for this batch already exist
2025-07-10 21:28:55,994 - ADV_Generation_eps_4.0_steps_100_Purification_type_noisy_anchor_anchors_10_alpha_1.2_sigma_0.18_threshold_0.0 - INFO - Batch 144/155: Clean orig accuracy 0.9761 | Clean purify accuracy 0.9323 | Adv orig accuracy: 0.0000 | Adv purify accuracy: 0.9870
2025-07-10 21:28:56,006 - ADV_Generation_eps_4.0_steps_100_Purification_type_noisy_anchor_anchors_10_alpha_1.2_sigma_0.18_threshold_0.0 - INFO - Batch:[144] Adversarial images for this batch already exist
2025-07-10 21:28:59,756 - ADV_Generation_eps_4.0_steps_100_Purification_type_noisy_anchor_anchors_10_alpha_1.2_sigma_0.18_threshold_0.0 - INFO - Batch 145/155: Clean orig accuracy 0.9763 | Clean purify accuracy 0.9328 | Adv orig accuracy: 0.0000 | Adv purify accuracy: 0.9871
2025-07-10 21:28:59,767 - ADV_Generation_eps_4.0_steps_100_Purification_type_noisy_anchor_anchors_10_alpha_1.2_sigma_0.18_threshold_0.0 - INFO - Batch:[145] Adversarial images for this batch already exist
2025-07-10 21:29:03,386 - ADV_Generation_eps_4.0_steps_100_Purification_type_noisy_anchor_anchors_10_alpha_1.2_sigma_0.18_threshold_0.0 - INFO - Batch 146/155: Clean orig accuracy 0.9765 | Clean purify accuracy 0.9332 | Adv orig accuracy: 0.0004 | Adv purify accuracy: 0.9872
2025-07-10 21:29:03,397 - ADV_Generation_eps_4.0_steps_100_Purification_type_noisy_anchor_anchors_10_alpha_1.2_sigma_0.18_threshold_0.0 - INFO - Batch:[146] Adversarial images for this batch already exist
2025-07-10 21:29:07,114 - ADV_Generation_eps_4.0_steps_100_Purification_type_noisy_anchor_anchors_10_alpha_1.2_sigma_0.18_threshold_0.0 - INFO - Batch 147/155: Clean orig accuracy 0.9766 | Clean purify accuracy 0.9337 | Adv orig accuracy: 0.0004 | Adv purify accuracy: 0.9872
2025-07-10 21:29:07,125 - ADV_Generation_eps_4.0_steps_100_Purification_type_noisy_anchor_anchors_10_alpha_1.2_sigma_0.18_threshold_0.0 - INFO - Batch:[147] Adversarial images for this batch already exist
2025-07-10 21:29:10,728 - ADV_Generation_eps_4.0_steps_100_Purification_type_noisy_anchor_anchors_10_alpha_1.2_sigma_0.18_threshold_0.0 - INFO - Batch 148/155: Clean orig accuracy 0.9768 | Clean purify accuracy 0.9341 | Adv orig accuracy: 0.0004 | Adv purify accuracy: 0.9873
2025-07-10 21:29:10,740 - ADV_Generation_eps_4.0_steps_100_Purification_type_noisy_anchor_anchors_10_alpha_1.2_sigma_0.18_threshold_0.0 - INFO - Batch:[148] Adversarial images for this batch already exist
2025-07-10 21:29:14,368 - ADV_Generation_eps_4.0_steps_100_Purification_type_noisy_anchor_anchors_10_alpha_1.2_sigma_0.18_threshold_0.0 - INFO - Batch 149/155: Clean orig accuracy 0.9761 | Clean purify accuracy 0.9346 | Adv orig accuracy: 0.0004 | Adv purify accuracy: 0.9874
2025-07-10 21:29:14,380 - ADV_Generation_eps_4.0_steps_100_Purification_type_noisy_anchor_anchors_10_alpha_1.2_sigma_0.18_threshold_0.0 - INFO - Batch:[149] Adversarial images for this batch already exist
2025-07-10 21:29:18,066 - ADV_Generation_eps_4.0_steps_100_Purification_type_noisy_anchor_anchors_10_alpha_1.2_sigma_0.18_threshold_0.0 - INFO - Batch 150/155: Clean orig accuracy 0.9758 | Clean purify accuracy 0.9346 | Adv orig accuracy: 0.0004 | Adv purify accuracy: 0.9875
2025-07-10 21:29:18,078 - ADV_Generation_eps_4.0_steps_100_Purification_type_noisy_anchor_anchors_10_alpha_1.2_sigma_0.18_threshold_0.0 - INFO - Batch:[150] Adversarial images for this batch already exist
2025-07-10 21:29:21,696 - ADV_Generation_eps_4.0_steps_100_Purification_type_noisy_anchor_anchors_10_alpha_1.2_sigma_0.18_threshold_0.0 - INFO - Batch 151/155: Clean orig accuracy 0.9760 | Clean purify accuracy 0.9346 | Adv orig accuracy: 0.0004 | Adv purify accuracy: 0.9876
2025-07-10 21:29:21,715 - ADV_Generation_eps_4.0_steps_100_Purification_type_noisy_anchor_anchors_10_alpha_1.2_sigma_0.18_threshold_0.0 - INFO - Batch:[151] Adversarial images for this batch already exist
2025-07-10 21:29:25,365 - ADV_Generation_eps_4.0_steps_100_Purification_type_noisy_anchor_anchors_10_alpha_1.2_sigma_0.18_threshold_0.0 - INFO - Batch 152/155: Clean orig accuracy 0.9757 | Clean purify accuracy 0.9326 | Adv orig accuracy: 0.0004 | Adv purify accuracy: 0.9877
2025-07-10 21:29:25,377 - ADV_Generation_eps_4.0_steps_100_Purification_type_noisy_anchor_anchors_10_alpha_1.2_sigma_0.18_threshold_0.0 - INFO - Batch:[152] Adversarial images for this batch already exist
2025-07-10 21:29:29,052 - ADV_Generation_eps_4.0_steps_100_Purification_type_noisy_anchor_anchors_10_alpha_1.2_sigma_0.18_threshold_0.0 - INFO - Batch 153/155: Clean orig accuracy 0.9759 | Clean purify accuracy 0.9326 | Adv orig accuracy: 0.0004 | Adv purify accuracy: 0.9877
2025-07-10 21:29:29,064 - ADV_Generation_eps_4.0_steps_100_Purification_type_noisy_anchor_anchors_10_alpha_1.2_sigma_0.18_threshold_0.0 - INFO - Batch:[153] Adversarial images for this batch already exist
2025-07-10 21:29:32,710 - ADV_Generation_eps_4.0_steps_100_Purification_type_noisy_anchor_anchors_10_alpha_1.2_sigma_0.18_threshold_0.0 - INFO - Batch 154/155: Clean orig accuracy 0.9761 | Clean purify accuracy 0.9330 | Adv orig accuracy: 0.0008 | Adv purify accuracy: 0.9878
2025-07-10 21:29:32,714 - ADV_Generation_eps_4.0_steps_100_Purification_type_noisy_anchor_anchors_10_alpha_1.2_sigma_0.18_threshold_0.0 - INFO - Batch:[154] Adversarial images for this batch already exist
2025-07-10 21:29:33,185 - ADV_Generation_eps_4.0_steps_100_Purification_type_noisy_anchor_anchors_10_alpha_1.2_sigma_0.18_threshold_0.0 - INFO - Batch 155/155: Clean orig accuracy 0.9761 | Clean purify accuracy 0.9331 | Adv orig accuracy: 0.0008 | Adv purify accuracy: 0.9878
2025-07-10 21:29:33,289 - ADV_Generation_eps_4.0_steps_100_Purification_type_noisy_anchor_anchors_10_alpha_1.2_sigma_0.18_threshold_0.0 - INFO - Final Clean orig accuracy: 0.9761 | Clean purify accuracy: 0.9331
2025-07-10 21:29:33,290 - ADV_Generation_eps_4.0_steps_100_Purification_type_noisy_anchor_anchors_10_alpha_1.2_sigma_0.18_threshold_0.0 - INFO - Final Adv orig accuracy: 0.0008 | Adv purify accuracy: 0.9878
2025-07-10 21:29:33,290 - ADV_Generation_eps_4.0_steps_100_Purification_type_noisy_anchor_anchors_10_alpha_1.2_sigma_0.18_threshold_0.0 - INFO - Diff_ratio_clean: 0.6428 | Diff_ratio_adv: 1.1666
2025-07-10 21:29:33,290 - ADV_Generation_eps_4.0_steps_100_Purification_type_noisy_anchor_anchors_10_alpha_1.2_sigma_0.18_threshold_0.0 - INFO - Adversarial image generation completed. Results
